[0.006s][info][gc,init] CardTable entry size: 512
[0.006s][info][gc     ] Using Parallel
[0.009s][info][gc,init] Version: 21.0.6+7-LTS (release)
[0.009s][info][gc,init] CPUs: 4 total, 4 available
[0.009s][info][gc,init] Memory: 15991M
[0.009s][info][gc,init] Large Page Support: Disabled
[0.009s][info][gc,init] NUMA Support: Disabled
[0.009s][info][gc,init] Compressed Oops: Enabled (Zero based)
[0.009s][info][gc,init] Alignments: Space 512K, Generation 512K, Heap 2M
[0.009s][info][gc,init] Heap Min Capacity: 2054M
[0.009s][info][gc,init] Heap Initial Capacity: 2054M
[0.009s][info][gc,init] Heap Max Capacity: 5G
[0.009s][info][gc,init] Pre-touch: Disabled
[0.009s][info][gc,init] Parallel Workers: 4
[0.019s][info][gc,metaspace] CDS archive(s) mapped at: [0x00007f3859000000-0x00007f3859c97000-0x00007f3859c97000), size 13201408, SharedBaseAddress: 0x00007f3859000000, ArchiveRelocationMode: 1.
[0.019s][info][gc,metaspace] Compressed class space mapped at: 0x00007f385a000000-0x00007f389a000000, reserved size: 1073741824
[0.019s][info][gc,metaspace] Narrow klass base: 0x00007f3859000000, Narrow klass shift: 0, Narrow klass range: 0x100000000
[0.709s][info][safepoint   ] Safepoint "ICBufferFull", Time since last: 677890149 ns, Reaching safepoint: 6300 ns, Cleanup: 158205 ns, At safepoint: 5800 ns, Total: 170305 ns
[1.009s][info][safepoint   ] Safepoint "RedefineClasses", Time since last: 290735014 ns, Reaching safepoint: 77802 ns, Cleanup: 82703 ns, At safepoint: 8568787 ns, Total: 8729292 ns
[1.216s][info][safepoint   ] Safepoint "JFRCheckpoint", Time since last: 206957814 ns, Reaching safepoint: 93503 ns, Cleanup: 41902 ns, At safepoint: 12300 ns, Total: 147705 ns
[2.218s][info][safepoint   ] Safepoint "Cleanup", Time since last: 1002244985 ns, Reaching safepoint: 3001 ns, Cleanup: 83202 ns, At safepoint: 7601 ns, Total: 93804 ns
[2.898s][info][safepoint   ] Safepoint "ICBufferFull", Time since last: 679057987 ns, Reaching safepoint: 99904 ns, Cleanup: 125204 ns, At safepoint: 10200 ns, Total: 235308 ns
[3.597s][info][gc,start    ] GC(0) Pause Young (Metadata GC Threshold)
[3.629s][debug][gc,phases   ] GC(0) Scavenge 31.881ms
[3.630s][debug][gc,ref      ] GC(0) ReferenceProcessor::execute queues: 2, RefProcThreadModel::Multi, marks_oops_alive: false
[3.630s][debug][gc,ref      ] GC(0) ReferenceProcessor::execute queues: 4, RefProcThreadModel::Multi, marks_oops_alive: true
[3.631s][debug][gc,ref      ] GC(0) ReferenceProcessor::execute queues: 1, RefProcThreadModel::Single, marks_oops_alive: false
[3.632s][debug][gc,phases   ] GC(0) Reference Processing 2.028ms
[3.632s][debug][gc,phases   ] GC(0)   VM Weak                        Min:  0.0, Avg:  0.0, Max:  0.0, Diff:  0.0, Sum:  0.0, Workers: 4
[3.632s][debug][gc,phases   ] GC(0)     Dead                           Min: 0, Avg:  0.0, Max: 0, Diff: 0, Sum: 0, Workers: 4
[3.632s][debug][gc,phases   ] GC(0)     Total                          Min: 0, Avg: 60.0, Max: 176, Diff: 176, Sum: 240, Workers: 4
[3.632s][debug][gc,phases   ] GC(0)   ObjectSynchronizer Weak        Min:  0.0, Avg:  0.0, Max:  0.0, Diff:  0.0, Sum:  0.0, Workers: 4
[3.632s][debug][gc,phases   ] GC(0)     Dead                           Min: 0, Avg:  0.5, Max: 2, Diff: 2, Sum: 2, Workers: 4
[3.632s][debug][gc,phases   ] GC(0)     Total                          Min: 0, Avg:  2.2, Max: 9, Diff: 9, Sum: 9, Workers: 4
[3.632s][debug][gc,phases   ] GC(0)   JVMTI Tag Weak OopStorage      Min:  0.0, Avg:  0.0, Max:  0.0, Diff:  0.0, Sum:  0.0, Workers: 4
[3.632s][debug][gc,phases   ] GC(0)     Dead                           Min: 0, Avg:  0.0, Max: 0, Diff: 0, Sum: 0, Workers: 4
[3.632s][debug][gc,phases   ] GC(0)     Total                          Min: 0, Avg:  0.0, Max: 0, Diff: 0, Sum: 0, Workers: 4
[3.632s][debug][gc,phases   ] GC(0)   StringTable Weak               Min:  0.0, Avg:  0.1, Max:  0.2, Diff:  0.2, Sum:  0.3, Workers: 4
[3.632s][debug][gc,phases   ] GC(0)     Dead                           Min: 0, Avg:  7.8, Max: 20, Diff: 20, Sum: 31, Workers: 4
[3.632s][debug][gc,phases   ] GC(0)     Total                          Min: 0, Avg: 1998.2, Max: 4153, Diff: 4153, Sum: 7993, Workers: 4
[3.632s][debug][gc,phases   ] GC(0)   ResolvedMethodTable Weak       Min:  0.0, Avg:  0.0, Max:  0.0, Diff:  0.0, Sum:  0.1, Workers: 4
[3.632s][debug][gc,phases   ] GC(0)     Dead                           Min: 0, Avg: 97.0, Max: 211, Diff: 211, Sum: 388, Workers: 4
[3.632s][debug][gc,phases   ] GC(0)     Total                          Min: 0, Avg: 471.2, Max: 1117, Diff: 1117, Sum: 1885, Workers: 4
[3.632s][debug][gc,phases   ] GC(0)   JNI Weak                       Min:  0.0, Avg:  0.0, Max:  0.0, Diff:  0.0, Sum:  0.0, Workers: 4
[3.632s][debug][gc,phases   ] GC(0)     Dead                           Min: 0, Avg:  0.0, Max: 0, Diff: 0, Sum: 0, Workers: 4
[3.632s][debug][gc,phases   ] GC(0)     Total                          Min: 0, Avg: 12.2, Max: 49, Diff: 49, Sum: 49, Workers: 4
[3.632s][debug][gc,phases   ] GC(0)   StringDedup Table Weak         Min:  0.0, Avg:  0.0, Max:  0.0, Diff:  0.0, Sum:  0.0, Workers: 4
[3.632s][debug][gc,phases   ] GC(0)     Dead                           Min: 0, Avg:  0.0, Max: 0, Diff: 0, Sum: 0, Workers: 4
[3.632s][debug][gc,phases   ] GC(0)     Total                          Min: 0, Avg:  0.0, Max: 0, Diff: 0, Sum: 0, Workers: 4
[3.632s][debug][gc,phases   ] GC(0)   StringDedup Requests0 Weak     Min:  0.0, Avg:  0.0, Max:  0.0, Diff:  0.0, Sum:  0.0, Workers: 4
[3.632s][debug][gc,phases   ] GC(0)     Dead                           Min: 0, Avg:  0.0, Max: 0, Diff: 0, Sum: 0, Workers: 4
[3.632s][debug][gc,phases   ] GC(0)     Total                          Min: 0, Avg:  0.0, Max: 0, Diff: 0, Sum: 0, Workers: 4
[3.632s][debug][gc,phases   ] GC(0)   StringDedup Requests1 Weak     Min:  0.0, Avg:  0.0, Max:  0.0, Diff:  0.0, Sum:  0.0, Workers: 4
[3.632s][debug][gc,phases   ] GC(0)     Dead                           Min: 0, Avg:  0.0, Max: 0, Diff: 0, Sum: 0, Workers: 4
[3.632s][debug][gc,phases   ] GC(0)     Total                          Min: 0, Avg:  0.0, Max: 0, Diff: 0, Sum: 0, Workers: 4
[3.632s][debug][gc,phases   ] GC(0)   Weak JFR Old Object Samples    Min:  0.0, Avg:  0.0, Max:  0.0, Diff:  0.0, Sum:  0.0, Workers: 4
[3.632s][debug][gc,phases   ] GC(0)     Dead                           Min: 0, Avg:  0.0, Max: 0, Diff: 0, Sum: 0, Workers: 4
[3.632s][debug][gc,phases   ] GC(0)     Total                          Min: 0, Avg:  0.0, Max: 0, Diff: 0, Sum: 0, Workers: 4
[3.632s][debug][gc,phases   ] GC(0) Weak Processing 0.500ms
[3.632s][debug][gc,age      ] GC(0) Desired survivor size 536870912 bytes, new threshold 7 (max threshold 15)
[3.632s][info ][gc,heap     ] GC(0) PSYoungGen: 372093K(1572864K)->37792K(1572864K) Eden: 372093K(1048576K)->0K(1048576K) From: 0K(524288K)->37792K(524288K)
[3.632s][info ][gc,heap     ] GC(0) ParOldGen: 1073K(6144K)->1145K(6144K)
[3.632s][info ][gc,metaspace] GC(0) Metaspace: 21067K(21504K)->21067K(21504K) NonClass: 18741K(18944K)->18741K(18944K) Class: 2325K(2560K)->2325K(2560K)
[3.632s][info ][gc          ] GC(0) Pause Young (Metadata GC Threshold) 364M->38M(1542M) 34.961ms
[3.632s][info ][gc,cpu      ] GC(0) User=0.08s Sys=0.00s Real=0.04s
[3.632s][debug][gc,phases   ] GC(1) Pre Compact 0.013ms
[3.632s][info ][gc,start    ] GC(1) Pause Full (Metadata GC Threshold)
[3.632s][info ][gc,phases,start] GC(1) Marking Phase
[3.655s][debug][gc,phases      ] GC(1) Par Mark 22.880ms
[3.655s][debug][gc,ref         ] GC(1) ReferenceProcessor::execute queues: 1, RefProcThreadModel::Single, marks_oops_alive: false
[3.655s][debug][gc,ref         ] GC(1) ReferenceProcessor::execute queues: 4, RefProcThreadModel::Multi, marks_oops_alive: true
[3.655s][debug][gc,ref         ] GC(1) ReferenceProcessor::execute queues: 1, RefProcThreadModel::Single, marks_oops_alive: false
[3.656s][debug][gc,phases      ] GC(1) Reference Processing 0.423ms
[3.656s][debug][gc,phases      ] GC(1)   VM Weak                        Min:  0.0, Avg:  0.0, Max:  0.0, Diff:  0.0, Sum:  0.0, Workers: 4
[3.656s][debug][gc,phases      ] GC(1)     Dead                           Min: 0, Avg:  0.0, Max: 0, Diff: 0, Sum: 0, Workers: 4
[3.656s][debug][gc,phases      ] GC(1)     Total                          Min: 0, Avg: 60.0, Max: 128, Diff: 128, Sum: 240, Workers: 4
[3.656s][debug][gc,phases      ] GC(1)   ObjectSynchronizer Weak        Min:  0.0, Avg:  0.0, Max:  0.0, Diff:  0.0, Sum:  0.0, Workers: 4
[3.656s][debug][gc,phases      ] GC(1)     Dead                           Min: 0, Avg:  0.0, Max: 0, Diff: 0, Sum: 0, Workers: 4
[3.656s][debug][gc,phases      ] GC(1)     Total                          Min: 0, Avg:  2.2, Max: 9, Diff: 9, Sum: 9, Workers: 4
[3.656s][debug][gc,phases      ] GC(1)   JVMTI Tag Weak OopStorage      Min:  0.0, Avg:  0.0, Max:  0.0, Diff:  0.0, Sum:  0.0, Workers: 4
[3.656s][debug][gc,phases      ] GC(1)     Dead                           Min: 0, Avg:  0.0, Max: 0, Diff: 0, Sum: 0, Workers: 4
[3.656s][debug][gc,phases      ] GC(1)     Total                          Min: 0, Avg:  0.0, Max: 0, Diff: 0, Sum: 0, Workers: 4
[3.656s][debug][gc,phases      ] GC(1)   StringTable Weak               Min:  0.0, Avg:  0.0, Max:  0.1, Diff:  0.1, Sum:  0.1, Workers: 4
[3.656s][debug][gc,phases      ] GC(1)     Dead                           Min: 0, Avg:  0.0, Max: 0, Diff: 0, Sum: 0, Workers: 4
[3.656s][debug][gc,phases      ] GC(1)     Total                          Min: 0, Avg: 1998.2, Max: 4601, Diff: 4601, Sum: 7993, Workers: 4
[3.656s][debug][gc,phases      ] GC(1)   ResolvedMethodTable Weak       Min:  0.0, Avg:  0.0, Max:  0.0, Diff:  0.0, Sum:  0.0, Workers: 4
[3.656s][debug][gc,phases      ] GC(1)     Dead                           Min: 0, Avg:  0.0, Max: 0, Diff: 0, Sum: 0, Workers: 4
[3.656s][debug][gc,phases      ] GC(1)     Total                          Min: 0, Avg: 471.2, Max: 1088, Diff: 1088, Sum: 1885, Workers: 4
[3.656s][debug][gc,phases      ] GC(1)   JNI Weak                       Min:  0.0, Avg:  0.0, Max:  0.0, Diff:  0.0, Sum:  0.0, Workers: 4
[3.656s][debug][gc,phases      ] GC(1)     Dead                           Min: 0, Avg:  0.0, Max: 0, Diff: 0, Sum: 0, Workers: 4
[3.656s][debug][gc,phases      ] GC(1)     Total                          Min: 0, Avg: 12.2, Max: 49, Diff: 49, Sum: 49, Workers: 4
[3.656s][debug][gc,phases      ] GC(1)   StringDedup Table Weak         Min:  0.0, Avg:  0.0, Max:  0.0, Diff:  0.0, Sum:  0.0, Workers: 4
[3.656s][debug][gc,phases      ] GC(1)     Dead                           Min: 0, Avg:  0.0, Max: 0, Diff: 0, Sum: 0, Workers: 4
[3.656s][debug][gc,phases      ] GC(1)     Total                          Min: 0, Avg:  0.0, Max: 0, Diff: 0, Sum: 0, Workers: 4
[3.656s][debug][gc,phases      ] GC(1)   StringDedup Requests0 Weak     Min:  0.0, Avg:  0.0, Max:  0.0, Diff:  0.0, Sum:  0.0, Workers: 4
[3.656s][debug][gc,phases      ] GC(1)     Dead                           Min: 0, Avg:  0.0, Max: 0, Diff: 0, Sum: 0, Workers: 4
[3.656s][debug][gc,phases      ] GC(1)     Total                          Min: 0, Avg:  0.0, Max: 0, Diff: 0, Sum: 0, Workers: 4
[3.656s][debug][gc,phases      ] GC(1)   StringDedup Requests1 Weak     Min:  0.0, Avg:  0.0, Max:  0.0, Diff:  0.0, Sum:  0.0, Workers: 4
[3.656s][debug][gc,phases      ] GC(1)     Dead                           Min: 0, Avg:  0.0, Max: 0, Diff: 0, Sum: 0, Workers: 4
[3.656s][debug][gc,phases      ] GC(1)     Total                          Min: 0, Avg:  0.0, Max: 0, Diff: 0, Sum: 0, Workers: 4
[3.656s][debug][gc,phases      ] GC(1)   Weak JFR Old Object Samples    Min:  0.0, Avg:  0.0, Max:  0.0, Diff:  0.0, Sum:  0.0, Workers: 4
[3.656s][debug][gc,phases      ] GC(1)     Dead                           Min: 0, Avg:  0.0, Max: 0, Diff: 0, Sum: 0, Workers: 4
[3.656s][debug][gc,phases      ] GC(1)     Total                          Min: 0, Avg:  0.0, Max: 0, Diff: 0, Sum: 0, Workers: 4
[3.656s][debug][gc,phases      ] GC(1) Weak Processing 0.418ms
[3.656s][debug][gc,phases      ] GC(1) ClassLoaderData 0.035ms
[3.656s][debug][gc,phases      ] GC(1) Trigger cleanups 0.000ms
[3.664s][debug][gc,phases      ] GC(1) Purge Unlinked NMethods 0.004ms
[3.664s][debug][gc,phases      ] GC(1) Unregister NMethods 0.043ms
[3.664s][debug][gc,phases      ] GC(1) Free Code Blobs 0.001ms
[3.664s][debug][gc,phases      ] GC(1) Class Unloading 7.681ms
[3.664s][debug][gc,phases      ] GC(1) Report Object Count 0.005ms
[3.664s][info ][gc,phases      ] GC(1) Marking Phase 31.482ms
[3.664s][info ][gc,phases,start] GC(1) Summary Phase
[3.664s][info ][gc,phases      ] GC(1) Summary Phase 0.009ms
[3.664s][info ][gc,phases,start] GC(1) Adjust Roots
[3.669s][info ][gc,phases      ] GC(1) Adjust Roots 5.066ms
[3.669s][info ][gc,phases,start] GC(1) Compaction Phase
[3.694s][info ][gc,phases      ] GC(1) Compaction Phase 24.819ms
[3.694s][info ][gc,phases,start] GC(1) Post Compact
[3.695s][debug][gc,phases      ] GC(1) Purge Class Loader Data 0.970ms
[3.696s][info ][gc,phases      ] GC(1) Post Compact 1.890ms
[3.696s][info ][gc,heap        ] GC(1) PSYoungGen: 37792K(1572864K)->32545K(1572864K) Eden: 0K(1048576K)->0K(1048576K) From: 37792K(524288K)->32545K(524288K)
[3.696s][info ][gc,heap        ] GC(1) ParOldGen: 1145K(6144K)->6085K(6144K)
[3.696s][info ][gc,metaspace   ] GC(1) Metaspace: 21067K(21504K)->21067K(21504K) NonClass: 18741K(18944K)->18741K(18944K) Class: 2325K(2560K)->2325K(2560K)
[3.696s][info ][gc             ] GC(1) Pause Full (Metadata GC Threshold) 38M->37M(1542M) 63.395ms
[3.696s][info ][gc,cpu         ] GC(1) User=0.15s Sys=0.00s Real=0.06s
[3.696s][info ][safepoint      ] Safepoint "CollectForMetadataAllocation", Time since last: 699302364 ns, Reaching safepoint: 3800 ns, Cleanup: 110204 ns, At safepoint: 98654196 ns, Total: 98768200 ns
[4.268s][info ][safepoint      ] Safepoint "ICBufferFull", Time since last: 572151216 ns, Reaching safepoint: 6300 ns, Cleanup: 140405 ns, At safepoint: 10700 ns, Total: 157405 ns
[4.729s][info ][safepoint      ] Safepoint "ICBufferFull", Time since last: 461129407 ns, Reaching safepoint: 4100 ns, Cleanup: 122304 ns, At safepoint: 3000 ns, Total: 129404 ns
[4.901s][info ][safepoint      ] Safepoint "ICBufferFull", Time since last: 170556998 ns, Reaching safepoint: 768626 ns, Cleanup: 128304 ns, At safepoint: 13001 ns, Total: 909931 ns
[5.413s][info ][safepoint      ] Safepoint "ICBufferFull", Time since last: 512515823 ns, Reaching safepoint: 5600 ns, Cleanup: 130705 ns, At safepoint: 2800 ns, Total: 139105 ns
[5.687s][info ][gc,start       ] GC(2) Pause Young (Metadata GC Threshold)
[5.726s][debug][gc,phases      ] GC(2) Scavenge 38.954ms
[5.726s][debug][gc,ref         ] GC(2) ReferenceProcessor::execute queues: 4, RefProcThreadModel::Multi, marks_oops_alive: false
[5.727s][debug][gc,ref         ] GC(2) Skipped KeepAliveFinalRefsPhase of Reference Processing: no references
[5.727s][debug][gc,ref         ] GC(2) ReferenceProcessor::execute queues: 2, RefProcThreadModel::Multi, marks_oops_alive: false
[5.727s][debug][gc,phases      ] GC(2) Reference Processing 0.960ms
[5.727s][debug][gc,phases      ] GC(2)   VM Weak                        Min:  0.0, Avg:  0.0, Max:  0.0, Diff:  0.0, Sum:  0.0, Workers: 4
[5.727s][debug][gc,phases      ] GC(2)     Dead                           Min: 0, Avg:  0.0, Max: 0, Diff: 0, Sum: 0, Workers: 4
[5.727s][debug][gc,phases      ] GC(2)     Total                          Min: 0, Avg: 72.8, Max: 291, Diff: 291, Sum: 291, Workers: 4
[5.727s][debug][gc,phases      ] GC(2)   ObjectSynchronizer Weak        Min:  0.0, Avg:  0.0, Max:  0.0, Diff:  0.0, Sum:  0.0, Workers: 4
[5.727s][debug][gc,phases      ] GC(2)     Dead                           Min: 0, Avg:  0.0, Max: 0, Diff: 0, Sum: 0, Workers: 4
[5.727s][debug][gc,phases      ] GC(2)     Total                          Min: 0, Avg:  2.2, Max: 9, Diff: 9, Sum: 9, Workers: 4
[5.727s][debug][gc,phases      ] GC(2)   JVMTI Tag Weak OopStorage      Min:  0.0, Avg:  0.0, Max:  0.0, Diff:  0.0, Sum:  0.0, Workers: 4
[5.727s][debug][gc,phases      ] GC(2)     Dead                           Min: 0, Avg:  0.0, Max: 0, Diff: 0, Sum: 0, Workers: 4
[5.727s][debug][gc,phases      ] GC(2)     Total                          Min: 0, Avg:  0.0, Max: 0, Diff: 0, Sum: 0, Workers: 4
[5.727s][debug][gc,phases      ] GC(2)   StringTable Weak               Min:  0.0, Avg:  0.1, Max:  0.3, Diff:  0.3, Sum:  0.5, Workers: 4
[5.727s][debug][gc,phases      ] GC(2)     Dead                           Min: 0, Avg:  2.8, Max: 9, Diff: 9, Sum: 11, Workers: 4
[5.727s][debug][gc,phases      ] GC(2)     Total                          Min: 0, Avg: 3674.5, Max: 7402, Diff: 7402, Sum: 14698, Workers: 4
[5.727s][debug][gc,phases      ] GC(2)   ResolvedMethodTable Weak       Min:  0.0, Avg:  0.0, Max:  0.1, Diff:  0.1, Sum:  0.2, Workers: 4
[5.727s][debug][gc,phases      ] GC(2)     Dead                           Min: 0, Avg: 437.2, Max: 992, Diff: 992, Sum: 1749, Workers: 4
[5.727s][debug][gc,phases      ] GC(2)     Total                          Min: 0, Avg: 1197.0, Max: 2431, Diff: 2431, Sum: 4788, Workers: 4
[5.728s][debug][gc,phases      ] GC(2)   JNI Weak                       Min:  0.0, Avg:  0.0, Max:  0.0, Diff:  0.0, Sum:  0.0, Workers: 4
[5.728s][debug][gc,phases      ] GC(2)     Dead                           Min: 0, Avg:  0.0, Max: 0, Diff: 0, Sum: 0, Workers: 4
[5.728s][debug][gc,phases      ] GC(2)     Total                          Min: 0, Avg: 12.5, Max: 50, Diff: 50, Sum: 50, Workers: 4
[5.728s][debug][gc,phases      ] GC(2)   StringDedup Table Weak         Min:  0.0, Avg:  0.0, Max:  0.0, Diff:  0.0, Sum:  0.0, Workers: 4
[5.728s][debug][gc,phases      ] GC(2)     Dead                           Min: 0, Avg:  0.0, Max: 0, Diff: 0, Sum: 0, Workers: 4
[5.728s][debug][gc,phases      ] GC(2)     Total                          Min: 0, Avg:  0.0, Max: 0, Diff: 0, Sum: 0, Workers: 4
[5.728s][debug][gc,phases      ] GC(2)   StringDedup Requests0 Weak     Min:  0.0, Avg:  0.0, Max:  0.0, Diff:  0.0, Sum:  0.0, Workers: 4
[5.728s][debug][gc,phases      ] GC(2)     Dead                           Min: 0, Avg:  0.0, Max: 0, Diff: 0, Sum: 0, Workers: 4
[5.728s][debug][gc,phases      ] GC(2)     Total                          Min: 0, Avg:  0.0, Max: 0, Diff: 0, Sum: 0, Workers: 4
[5.728s][debug][gc,phases      ] GC(2)   StringDedup Requests1 Weak     Min:  0.0, Avg:  0.0, Max:  0.0, Diff:  0.0, Sum:  0.0, Workers: 4
[5.728s][debug][gc,phases      ] GC(2)     Dead                           Min: 0, Avg:  0.0, Max: 0, Diff: 0, Sum: 0, Workers: 4
[5.728s][debug][gc,phases      ] GC(2)     Total                          Min: 0, Avg:  0.0, Max: 0, Diff: 0, Sum: 0, Workers: 4
[5.728s][debug][gc,phases      ] GC(2)   Weak JFR Old Object Samples    Min:  0.0, Avg:  0.0, Max:  0.0, Diff:  0.0, Sum:  0.0, Workers: 4
[5.728s][debug][gc,phases      ] GC(2)     Dead                           Min: 0, Avg:  0.0, Max: 0, Diff: 0, Sum: 0, Workers: 4
[5.728s][debug][gc,phases      ] GC(2)     Total                          Min: 0, Avg:  0.0, Max: 0, Diff: 0, Sum: 0, Workers: 4
[5.728s][debug][gc,phases      ] GC(2) Weak Processing 0.660ms
[5.728s][debug][gc,age         ] GC(2) Desired survivor size 536870912 bytes, new threshold 7 (max threshold 15)
[5.728s][info ][gc,heap        ] GC(2) PSYoungGen: 556961K(1572864K)->55383K(1572864K) Eden: 524415K(1048576K)->0K(1048576K) From: 32545K(524288K)->55383K(524288K)
[5.728s][info ][gc,heap        ] GC(2) ParOldGen: 6085K(6144K)->6093K(6144K)
[5.728s][info ][gc,metaspace   ] GC(2) Metaspace: 35403K(35840K)->35403K(35840K) NonClass: 30866K(31104K)->30866K(31104K) Class: 4536K(4736K)->4536K(4736K)
[5.728s][info ][gc             ] GC(2) Pause Young (Metadata GC Threshold) 549M->60M(1542M) 40.744ms
[5.728s][info ][gc,cpu         ] GC(2) User=0.12s Sys=0.00s Real=0.04s
[5.728s][debug][gc,phases      ] GC(3) Pre Compact 0.013ms
[5.728s][info ][gc,start       ] GC(3) Pause Full (Metadata GC Threshold)
[5.728s][info ][gc,phases,start] GC(3) Marking Phase
[5.761s][debug][gc,phases      ] GC(3) Par Mark 33.320ms
[5.761s][debug][gc,ref         ] GC(3) ReferenceProcessor::execute queues: 2, RefProcThreadModel::Multi, marks_oops_alive: false
[5.762s][debug][gc,ref         ] GC(3) ReferenceProcessor::execute queues: 4, RefProcThreadModel::Multi, marks_oops_alive: true
[5.762s][debug][gc,ref         ] GC(3) ReferenceProcessor::execute queues: 1, RefProcThreadModel::Single, marks_oops_alive: false
[5.762s][debug][gc,phases      ] GC(3) Reference Processing 0.671ms
[5.762s][debug][gc,phases      ] GC(3)   VM Weak                        Min:  0.0, Avg:  0.0, Max:  0.0, Diff:  0.0, Sum:  0.0, Workers: 4
[5.762s][debug][gc,phases      ] GC(3)     Dead                           Min: 0, Avg:  0.0, Max: 0, Diff: 0, Sum: 0, Workers: 4
[5.762s][debug][gc,phases      ] GC(3)     Total                          Min: 0, Avg: 72.8, Max: 163, Diff: 163, Sum: 291, Workers: 4
[5.762s][debug][gc,phases      ] GC(3)   ObjectSynchronizer Weak        Min:  0.0, Avg:  0.0, Max:  0.0, Diff:  0.0, Sum:  0.0, Workers: 4
[5.762s][debug][gc,phases      ] GC(3)     Dead                           Min: 0, Avg:  0.0, Max: 0, Diff: 0, Sum: 0, Workers: 4
[5.762s][debug][gc,phases      ] GC(3)     Total                          Min: 0, Avg:  2.2, Max: 9, Diff: 9, Sum: 9, Workers: 4
[5.762s][debug][gc,phases      ] GC(3)   JVMTI Tag Weak OopStorage      Min:  0.0, Avg:  0.0, Max:  0.0, Diff:  0.0, Sum:  0.0, Workers: 4
[5.762s][debug][gc,phases      ] GC(3)     Dead                           Min: 0, Avg:  0.0, Max: 0, Diff: 0, Sum: 0, Workers: 4
[5.762s][debug][gc,phases      ] GC(3)     Total                          Min: 0, Avg:  0.0, Max: 0, Diff: 0, Sum: 0, Workers: 4
[5.762s][debug][gc,phases      ] GC(3)   StringTable Weak               Min:  0.0, Avg:  0.1, Max:  0.1, Diff:  0.1, Sum:  0.2, Workers: 4
[5.762s][debug][gc,phases      ] GC(3)     Dead                           Min: 0, Avg:  0.0, Max: 0, Diff: 0, Sum: 0, Workers: 4
[5.762s][debug][gc,phases      ] GC(3)     Total                          Min: 0, Avg: 3674.5, Max: 8042, Diff: 8042, Sum: 14698, Workers: 4
[5.762s][debug][gc,phases      ] GC(3)   ResolvedMethodTable Weak       Min:  0.0, Avg:  0.0, Max:  0.0, Diff:  0.0, Sum:  0.1, Workers: 4
[5.762s][debug][gc,phases      ] GC(3)     Dead                           Min: 0, Avg:  0.0, Max: 0, Diff: 0, Sum: 0, Workers: 4
[5.762s][debug][gc,phases      ] GC(3)     Total                          Min: 0, Avg: 1197.0, Max: 2431, Diff: 2431, Sum: 4788, Workers: 4
[5.762s][debug][gc,phases      ] GC(3)   JNI Weak                       Min:  0.0, Avg:  0.0, Max:  0.0, Diff:  0.0, Sum:  0.0, Workers: 4
[5.762s][debug][gc,phases      ] GC(3)     Dead                           Min: 0, Avg:  0.0, Max: 0, Diff: 0, Sum: 0, Workers: 4
[5.762s][debug][gc,phases      ] GC(3)     Total                          Min: 0, Avg: 12.5, Max: 50, Diff: 50, Sum: 50, Workers: 4
[5.762s][debug][gc,phases      ] GC(3)   StringDedup Table Weak         Min:  0.0, Avg:  0.0, Max:  0.0, Diff:  0.0, Sum:  0.0, Workers: 4
[5.762s][debug][gc,phases      ] GC(3)     Dead                           Min: 0, Avg:  0.0, Max: 0, Diff: 0, Sum: 0, Workers: 4
[5.762s][debug][gc,phases      ] GC(3)     Total                          Min: 0, Avg:  0.0, Max: 0, Diff: 0, Sum: 0, Workers: 4
[5.762s][debug][gc,phases      ] GC(3)   StringDedup Requests0 Weak     Min:  0.0, Avg:  0.0, Max:  0.0, Diff:  0.0, Sum:  0.0, Workers: 4
[5.762s][debug][gc,phases      ] GC(3)     Dead                           Min: 0, Avg:  0.0, Max: 0, Diff: 0, Sum: 0, Workers: 4
[5.762s][debug][gc,phases      ] GC(3)     Total                          Min: 0, Avg:  0.0, Max: 0, Diff: 0, Sum: 0, Workers: 4
[5.762s][debug][gc,phases      ] GC(3)   StringDedup Requests1 Weak     Min:  0.0, Avg:  0.0, Max:  0.0, Diff:  0.0, Sum:  0.0, Workers: 4
[5.762s][debug][gc,phases      ] GC(3)     Dead                           Min: 0, Avg:  0.0, Max: 0, Diff: 0, Sum: 0, Workers: 4
[5.762s][debug][gc,phases      ] GC(3)     Total                          Min: 0, Avg:  0.0, Max: 0, Diff: 0, Sum: 0, Workers: 4
[5.762s][debug][gc,phases      ] GC(3)   Weak JFR Old Object Samples    Min:  0.0, Avg:  0.0, Max:  0.0, Diff:  0.0, Sum:  0.0, Workers: 4
[5.762s][debug][gc,phases      ] GC(3)     Dead                           Min: 0, Avg:  0.0, Max: 0, Diff: 0, Sum: 0, Workers: 4
[5.762s][debug][gc,phases      ] GC(3)     Total                          Min: 0, Avg:  0.0, Max: 0, Diff: 0, Sum: 0, Workers: 4
[5.762s][debug][gc,phases      ] GC(3) Weak Processing 0.347ms
[5.762s][debug][gc,phases      ] GC(3) ClassLoaderData 0.039ms
[5.762s][debug][gc,phases      ] GC(3) Trigger cleanups 0.000ms
[5.772s][debug][gc,phases      ] GC(3) Purge Unlinked NMethods 1.005ms
[5.772s][debug][gc,phases      ] GC(3) Unregister NMethods 0.083ms
[5.773s][debug][gc,phases      ] GC(3) Free Code Blobs 0.147ms
[5.773s][debug][gc,phases      ] GC(3) Class Unloading 10.402ms
[5.773s][debug][gc,phases      ] GC(3) Report Object Count 0.001ms
[5.773s][info ][gc,phases      ] GC(3) Marking Phase 44.831ms
[5.773s][info ][gc,phases,start] GC(3) Summary Phase
[5.773s][info ][gc,phases      ] GC(3) Summary Phase 0.011ms
[5.773s][info ][gc,phases,start] GC(3) Adjust Roots
[5.779s][info ][gc,phases      ] GC(3) Adjust Roots 5.960ms
[5.779s][info ][gc,phases,start] GC(3) Compaction Phase
[6.011s][info ][gc,phases      ] GC(3) Compaction Phase 232.792ms
[6.011s][info ][gc,phases,start] GC(3) Post Compact
[6.013s][debug][gc,phases      ] GC(3) Purge Class Loader Data 1.475ms
[6.014s][info ][gc,phases      ] GC(3) Post Compact 2.698ms
[6.014s][info ][gc,heap        ] GC(3) PSYoungGen: 55383K(1572864K)->55215K(1572864K) Eden: 0K(1048576K)->0K(1048576K) From: 55383K(524288K)->55215K(524288K)
[6.014s][info ][gc,heap        ] GC(3) ParOldGen: 6093K(6144K)->6051K(6144K)
[6.014s][info ][gc,metaspace   ] GC(3) Metaspace: 35403K(35840K)->35403K(35840K) NonClass: 30866K(31104K)->30866K(31104K) Class: 4536K(4736K)->4536K(4736K)
[6.014s][info ][gc             ] GC(3) Pause Full (Metadata GC Threshold) 60M->59M(1542M) 286.446ms
[6.014s][info ][gc,cpu         ] GC(3) User=0.51s Sys=0.01s Real=0.29s
[6.014s][info ][safepoint      ] Safepoint "CollectForMetadataAllocation", Time since last: 273487937 ns, Reaching safepoint: 4500 ns, Cleanup: 122304 ns, At safepoint: 327374338 ns, Total: 327501142 ns
[6.329s][info ][safepoint      ] Safepoint "ICBufferFull", Time since last: 314137795 ns, Reaching safepoint: 5501 ns, Cleanup: 164705 ns, At safepoint: 2900 ns, Total: 173106 ns
[6.719s][info ][safepoint      ] Safepoint "ICBufferFull", Time since last: 390364942 ns, Reaching safepoint: 4801 ns, Cleanup: 168505 ns, At safepoint: 2900 ns, Total: 176206 ns
[7.204s][info ][safepoint      ] Safepoint "ICBufferFull", Time since last: 484243261 ns, Reaching safepoint: 4700 ns, Cleanup: 154005 ns, At safepoint: 11201 ns, Total: 169906 ns
[7.707s][info ][safepoint      ] Safepoint "ICBufferFull", Time since last: 503769276 ns, Reaching safepoint: 4200 ns, Cleanup: 161806 ns, At safepoint: 5900 ns, Total: 171906 ns
[7.992s][info ][safepoint      ] Safepoint "ICBufferFull", Time since last: 284238935 ns, Reaching safepoint: 5300 ns, Cleanup: 133805 ns, At safepoint: 8500 ns, Total: 147605 ns
[8.276s][info ][safepoint      ] Safepoint "ICBufferFull", Time since last: 283841321 ns, Reaching safepoint: 4801 ns, Cleanup: 142504 ns, At safepoint: 2900 ns, Total: 150205 ns
[8.832s][info ][safepoint      ] Safepoint "ICBufferFull", Time since last: 555874543 ns, Reaching safepoint: 5300 ns, Cleanup: 170506 ns, At safepoint: 3300 ns, Total: 179106 ns
[9.676s][info ][safepoint      ] Safepoint "ICBufferFull", Time since last: 843804803 ns, Reaching safepoint: 4500 ns, Cleanup: 178006 ns, At safepoint: 7700 ns, Total: 190206 ns
[9.893s][info ][gc,start       ] GC(4) Pause Young (Metadata GC Threshold)
[9.976s][debug][gc,phases      ] GC(4) Scavenge 83.127ms
[9.977s][debug][gc,ref         ] GC(4) ReferenceProcessor::execute queues: 4, RefProcThreadModel::Multi, marks_oops_alive: false
[9.978s][debug][gc,ref         ] GC(4) Skipped KeepAliveFinalRefsPhase of Reference Processing: no references
[9.978s][debug][gc,ref         ] GC(4) ReferenceProcessor::execute queues: 4, RefProcThreadModel::Multi, marks_oops_alive: false
[9.978s][debug][gc,phases      ] GC(4) Reference Processing 1.705ms
[9.980s][debug][gc,phases      ] GC(4)   VM Weak                        Min:  0.0, Avg:  0.0, Max:  0.0, Diff:  0.0, Sum:  0.0, Workers: 4
[9.980s][debug][gc,phases      ] GC(4)     Dead                           Min: 0, Avg:  0.0, Max: 0, Diff: 0, Sum: 0, Workers: 4
[9.980s][debug][gc,phases      ] GC(4)     Total                          Min: 0, Avg: 115.8, Max: 463, Diff: 463, Sum: 463, Workers: 4
[9.980s][debug][gc,phases      ] GC(4)   ObjectSynchronizer Weak        Min:  0.0, Avg:  0.0, Max:  0.0, Diff:  0.0, Sum:  0.0, Workers: 4
[9.980s][debug][gc,phases      ] GC(4)     Dead                           Min: 0, Avg:  0.0, Max: 0, Diff: 0, Sum: 0, Workers: 4
[9.980s][debug][gc,phases      ] GC(4)     Total                          Min: 0, Avg:  2.2, Max: 9, Diff: 9, Sum: 9, Workers: 4
[9.980s][debug][gc,phases      ] GC(4)   JVMTI Tag Weak OopStorage      Min:  0.0, Avg:  0.0, Max:  0.0, Diff:  0.0, Sum:  0.0, Workers: 4
[9.980s][debug][gc,phases      ] GC(4)     Dead                           Min: 0, Avg:  0.0, Max: 0, Diff: 0, Sum: 0, Workers: 4
[9.980s][debug][gc,phases      ] GC(4)     Total                          Min: 0, Avg:  0.0, Max: 0, Diff: 0, Sum: 0, Workers: 4
[9.980s][debug][gc,phases      ] GC(4)   StringTable Weak               Min:  0.0, Avg:  0.2, Max:  0.9, Diff:  0.9, Sum:  0.9, Workers: 4
[9.980s][debug][gc,phases      ] GC(4)     Dead                           Min: 0, Avg:  3.8, Max: 15, Diff: 15, Sum: 15, Workers: 4
[9.980s][debug][gc,phases      ] GC(4)     Total                          Min: 0, Avg: 6942.2, Max: 27769, Diff: 27769, Sum: 27769, Workers: 4
[9.980s][debug][gc,phases      ] GC(4)   ResolvedMethodTable Weak       Min:  0.0, Avg:  0.1, Max:  0.4, Diff:  0.4, Sum:  0.4, Workers: 4
[9.980s][debug][gc,phases      ] GC(4)     Dead                           Min: 0, Avg: 977.8, Max: 3911, Diff: 3911, Sum: 3911, Workers: 4
[9.980s][debug][gc,phases      ] GC(4)     Total                          Min: 0, Avg: 2858.2, Max: 11433, Diff: 11433, Sum: 11433, Workers: 4
[9.980s][debug][gc,phases      ] GC(4)   JNI Weak                       Min:  0.0, Avg:  0.0, Max:  0.0, Diff:  0.0, Sum:  0.0, Workers: 4
[9.980s][debug][gc,phases      ] GC(4)     Dead                           Min: 0, Avg:  0.0, Max: 0, Diff: 0, Sum: 0, Workers: 4
[9.980s][debug][gc,phases      ] GC(4)     Total                          Min: 0, Avg: 12.0, Max: 48, Diff: 48, Sum: 48, Workers: 4
[9.980s][debug][gc,phases      ] GC(4)   StringDedup Table Weak         Min:  0.0, Avg:  0.0, Max:  0.0, Diff:  0.0, Sum:  0.0, Workers: 4
[9.980s][debug][gc,phases      ] GC(4)     Dead                           Min: 0, Avg:  0.0, Max: 0, Diff: 0, Sum: 0, Workers: 4
[9.980s][debug][gc,phases      ] GC(4)     Total                          Min: 0, Avg:  0.0, Max: 0, Diff: 0, Sum: 0, Workers: 4
[9.980s][debug][gc,phases      ] GC(4)   StringDedup Requests0 Weak     Min:  0.0, Avg:  0.0, Max:  0.0, Diff:  0.0, Sum:  0.0, Workers: 4
[9.980s][debug][gc,phases      ] GC(4)     Dead                           Min: 0, Avg:  0.0, Max: 0, Diff: 0, Sum: 0, Workers: 4
[9.980s][debug][gc,phases      ] GC(4)     Total                          Min: 0, Avg:  0.0, Max: 0, Diff: 0, Sum: 0, Workers: 4
[9.980s][debug][gc,phases      ] GC(4)   StringDedup Requests1 Weak     Min:  0.0, Avg:  0.0, Max:  0.0, Diff:  0.0, Sum:  0.0, Workers: 4
[9.980s][debug][gc,phases      ] GC(4)     Dead                           Min: 0, Avg:  0.0, Max: 0, Diff: 0, Sum: 0, Workers: 4
[9.980s][debug][gc,phases      ] GC(4)     Total                          Min: 0, Avg:  0.0, Max: 0, Diff: 0, Sum: 0, Workers: 4
[9.980s][debug][gc,phases      ] GC(4)   Weak JFR Old Object Samples    Min:  0.0, Avg:  0.0, Max:  0.0, Diff:  0.0, Sum:  0.0, Workers: 4
[9.980s][debug][gc,phases      ] GC(4)     Dead                           Min: 0, Avg:  0.0, Max: 0, Diff: 0, Sum: 0, Workers: 4
[9.980s][debug][gc,phases      ] GC(4)     Total                          Min: 0, Avg:  0.0, Max: 0, Diff: 0, Sum: 0, Workers: 4
[9.980s][debug][gc,phases      ] GC(4) Weak Processing 1.668ms
[9.980s][debug][gc,age         ] GC(4) Desired survivor size 536870912 bytes, new threshold 7 (max threshold 15)
[9.980s][info ][gc,heap        ] GC(4) PSYoungGen: 439858K(1572864K)->77167K(1572864K) Eden: 384643K(1048576K)->0K(1048576K) From: 55215K(524288K)->77167K(524288K)
[9.980s][info ][gc,heap        ] GC(4) ParOldGen: 6051K(6144K)->6075K(6144K)
[9.980s][info ][gc,metaspace   ] GC(4) Metaspace: 59082K(59776K)->59082K(59776K) NonClass: 49653K(50048K)->49653K(50048K) Class: 9428K(9728K)->9428K(9728K)
[9.980s][info ][gc             ] GC(4) Pause Young (Metadata GC Threshold) 435M->81M(1542M) 86.689ms
[9.980s][info ][gc,cpu         ] GC(4) User=0.16s Sys=0.02s Real=0.08s
[9.980s][debug][gc,phases      ] GC(5) Pre Compact 0.018ms
[9.980s][info ][gc,start       ] GC(5) Pause Full (Metadata GC Threshold)
[9.980s][info ][gc,phases,start] GC(5) Marking Phase
[10.056s][debug][gc,phases      ] GC(5) Par Mark 75.687ms
[10.056s][debug][gc,ref         ] GC(5) ReferenceProcessor::execute queues: 4, RefProcThreadModel::Multi, marks_oops_alive: false
[10.062s][debug][gc,ref         ] GC(5) ReferenceProcessor::execute queues: 4, RefProcThreadModel::Multi, marks_oops_alive: true
[10.068s][debug][gc,ref         ] GC(5) ReferenceProcessor::execute queues: 1, RefProcThreadModel::Single, marks_oops_alive: false
[10.068s][debug][gc,phases      ] GC(5) Reference Processing 11.976ms
[10.068s][debug][gc,phases      ] GC(5)   VM Weak                        Min:  0.0, Avg:  0.0, Max:  0.0, Diff:  0.0, Sum:  0.0, Workers: 4
[10.068s][debug][gc,phases      ] GC(5)     Dead                           Min: 0, Avg:  0.0, Max: 0, Diff: 0, Sum: 0, Workers: 4
[10.068s][debug][gc,phases      ] GC(5)     Total                          Min: 0, Avg: 115.8, Max: 463, Diff: 463, Sum: 463, Workers: 4
[10.068s][debug][gc,phases      ] GC(5)   ObjectSynchronizer Weak        Min:  0.0, Avg:  0.0, Max:  0.0, Diff:  0.0, Sum:  0.0, Workers: 4
[10.068s][debug][gc,phases      ] GC(5)     Dead                           Min: 0, Avg:  0.0, Max: 0, Diff: 0, Sum: 0, Workers: 4
[10.068s][debug][gc,phases      ] GC(5)     Total                          Min: 0, Avg:  2.2, Max: 9, Diff: 9, Sum: 9, Workers: 4
[10.068s][debug][gc,phases      ] GC(5)   JVMTI Tag Weak OopStorage      Min:  0.0, Avg:  0.0, Max:  0.0, Diff:  0.0, Sum:  0.0, Workers: 4
[10.068s][debug][gc,phases      ] GC(5)     Dead                           Min: 0, Avg:  0.0, Max: 0, Diff: 0, Sum: 0, Workers: 4
[10.068s][debug][gc,phases      ] GC(5)     Total                          Min: 0, Avg:  0.0, Max: 0, Diff: 0, Sum: 0, Workers: 4
[10.068s][debug][gc,phases      ] GC(5)   StringTable Weak               Min:  0.0, Avg:  0.1, Max:  0.4, Diff:  0.4, Sum:  0.4, Workers: 4
[10.068s][debug][gc,phases      ] GC(5)     Dead                           Min: 0, Avg:  0.0, Max: 0, Diff: 0, Sum: 0, Workers: 4
[10.068s][debug][gc,phases      ] GC(5)     Total                          Min: 0, Avg: 6942.2, Max: 27769, Diff: 27769, Sum: 27769, Workers: 4
[10.069s][debug][gc,phases      ] GC(5)   ResolvedMethodTable Weak       Min:  0.0, Avg:  0.0, Max:  0.2, Diff:  0.2, Sum:  0.2, Workers: 4
[10.069s][debug][gc,phases      ] GC(5)     Dead                           Min: 0, Avg:  0.0, Max: 0, Diff: 0, Sum: 0, Workers: 4
[10.069s][debug][gc,phases      ] GC(5)     Total                          Min: 0, Avg: 2858.2, Max: 11433, Diff: 11433, Sum: 11433, Workers: 4
[10.069s][debug][gc,phases      ] GC(5)   JNI Weak                       Min:  0.0, Avg:  0.0, Max:  0.0, Diff:  0.0, Sum:  0.0, Workers: 4
[10.069s][debug][gc,phases      ] GC(5)     Dead                           Min: 0, Avg:  0.0, Max: 0, Diff: 0, Sum: 0, Workers: 4
[10.069s][debug][gc,phases      ] GC(5)     Total                          Min: 0, Avg: 12.0, Max: 48, Diff: 48, Sum: 48, Workers: 4
[10.069s][debug][gc,phases      ] GC(5)   StringDedup Table Weak         Min:  0.0, Avg:  0.0, Max:  0.0, Diff:  0.0, Sum:  0.0, Workers: 4
[10.069s][debug][gc,phases      ] GC(5)     Dead                           Min: 0, Avg:  0.0, Max: 0, Diff: 0, Sum: 0, Workers: 4
[10.069s][debug][gc,phases      ] GC(5)     Total                          Min: 0, Avg:  0.0, Max: 0, Diff: 0, Sum: 0, Workers: 4
[10.069s][debug][gc,phases      ] GC(5)   StringDedup Requests0 Weak     Min:  0.0, Avg:  0.0, Max:  0.0, Diff:  0.0, Sum:  0.0, Workers: 4
[10.069s][debug][gc,phases      ] GC(5)     Dead                           Min: 0, Avg:  0.0, Max: 0, Diff: 0, Sum: 0, Workers: 4
[10.069s][debug][gc,phases      ] GC(5)     Total                          Min: 0, Avg:  0.0, Max: 0, Diff: 0, Sum: 0, Workers: 4
[10.069s][debug][gc,phases      ] GC(5)   StringDedup Requests1 Weak     Min:  0.0, Avg:  0.0, Max:  0.0, Diff:  0.0, Sum:  0.0, Workers: 4
[10.069s][debug][gc,phases      ] GC(5)     Dead                           Min: 0, Avg:  0.0, Max: 0, Diff: 0, Sum: 0, Workers: 4
[10.069s][debug][gc,phases      ] GC(5)     Total                          Min: 0, Avg:  0.0, Max: 0, Diff: 0, Sum: 0, Workers: 4
[10.069s][debug][gc,phases      ] GC(5)   Weak JFR Old Object Samples    Min:  0.0, Avg:  0.0, Max:  0.0, Diff:  0.0, Sum:  0.0, Workers: 4
[10.069s][debug][gc,phases      ] GC(5)     Dead                           Min: 0, Avg:  0.0, Max: 0, Diff: 0, Sum: 0, Workers: 4
[10.069s][debug][gc,phases      ] GC(5)     Total                          Min: 0, Avg:  0.0, Max: 0, Diff: 0, Sum: 0, Workers: 4
[10.069s][debug][gc,phases      ] GC(5) Weak Processing 0.885ms
[10.069s][debug][gc,phases      ] GC(5) ClassLoaderData 0.068ms
[10.069s][debug][gc,phases      ] GC(5) Trigger cleanups 0.000ms
[10.093s][debug][gc,phases      ] GC(5) Purge Unlinked NMethods 0.341ms
[10.093s][debug][gc,phases      ] GC(5) Unregister NMethods 0.218ms
[10.093s][debug][gc,phases      ] GC(5) Free Code Blobs 0.070ms
[10.093s][debug][gc,phases      ] GC(5) Class Unloading 24.784ms
[10.093s][debug][gc,phases      ] GC(5) Report Object Count 0.001ms
[10.093s][info ][gc,phases      ] GC(5) Marking Phase 113.423ms
[10.093s][info ][gc,phases,start] GC(5) Summary Phase
[10.093s][info ][gc,phases      ] GC(5) Summary Phase 0.010ms
[10.093s][info ][gc,phases,start] GC(5) Adjust Roots
[10.124s][info ][gc,phases      ] GC(5) Adjust Roots 30.149ms
[10.124s][info ][gc,phases,start] GC(5) Compaction Phase
[10.581s][info ][gc,phases      ] GC(5) Compaction Phase 457.088ms
[10.581s][info ][gc,phases,start] GC(5) Post Compact
[10.582s][debug][gc,phases      ] GC(5) Purge Class Loader Data 0.442ms
[10.583s][info ][gc,phases      ] GC(5) Post Compact 2.380ms
[10.583s][info ][gc,heap        ] GC(5) PSYoungGen: 77167K(1572864K)->77006K(1572864K) Eden: 0K(1048576K)->0K(1048576K) From: 77167K(524288K)->77006K(524288K)
[10.583s][info ][gc,heap        ] GC(5) ParOldGen: 6075K(6144K)->6039K(6144K)
[10.583s][info ][gc,metaspace   ] GC(5) Metaspace: 59082K(59776K)->59082K(59776K) NonClass: 49653K(50048K)->49653K(50048K) Class: 9428K(9728K)->9428K(9728K)
[10.583s][info ][gc             ] GC(5) Pause Full (Metadata GC Threshold) 81M->81M(1542M) 603.262ms
[10.583s][info ][gc,cpu         ] GC(5) User=0.89s Sys=0.01s Real=0.60s
[10.583s][info ][safepoint      ] Safepoint "CollectForMetadataAllocation", Time since last: 217283465 ns, Reaching safepoint: 4301 ns, Cleanup: 33001 ns, At safepoint: 690175795 ns, Total: 690213097 ns
[11.197s][info ][safepoint      ] Safepoint "ICBufferFull", Time since last: 613688502 ns, Reaching safepoint: 88203 ns, Cleanup: 167106 ns, At safepoint: 5600 ns, Total: 260909 ns
[11.512s][info ][safepoint      ] Safepoint "ICBufferFull", Time since last: 314457059 ns, Reaching safepoint: 130605 ns, Cleanup: 146305 ns, At safepoint: 15000 ns, Total: 291910 ns
[11.638s][info ][safepoint      ] Safepoint "ICBufferFull", Time since last: 125952669 ns, Reaching safepoint: 83903 ns, Cleanup: 130105 ns, At safepoint: 5100 ns, Total: 219108 ns
[11.765s][info ][safepoint      ] Safepoint "ICBufferFull", Time since last: 126085374 ns, Reaching safepoint: 86603 ns, Cleanup: 123104 ns, At safepoint: 5600 ns, Total: 215307 ns
[11.932s][info ][safepoint      ] Safepoint "ICBufferFull", Time since last: 167325372 ns, Reaching safepoint: 86103 ns, Cleanup: 115604 ns, At safepoint: 8600 ns, Total: 210307 ns
[12.308s][info ][safepoint      ] Safepoint "ICBufferFull", Time since last: 375890742 ns, Reaching safepoint: 5600 ns, Cleanup: 131004 ns, At safepoint: 4401 ns, Total: 141005 ns
[12.625s][info ][safepoint      ] Safepoint "ICBufferFull", Time since last: 317166951 ns, Reaching safepoint: 5700 ns, Cleanup: 146205 ns, At safepoint: 2300 ns, Total: 154205 ns
[12.964s][info ][safepoint      ] Safepoint "ICBufferFull", Time since last: 338251166 ns, Reaching safepoint: 5100 ns, Cleanup: 138304 ns, At safepoint: 4601 ns, Total: 148005 ns
[13.519s][info ][safepoint      ] Safepoint "ICBufferFull", Time since last: 554970012 ns, Reaching safepoint: 6100 ns, Cleanup: 138404 ns, At safepoint: 5701 ns, Total: 150205 ns
[13.522s][info ][safepoint      ] Safepoint "ICBufferFull", Time since last: 2534286 ns, Reaching safepoint: 712124 ns, Cleanup: 10200 ns, At safepoint: 13000 ns, Total: 735324 ns
[13.905s][info ][safepoint      ] Safepoint "ICBufferFull", Time since last: 382571969 ns, Reaching safepoint: 5200 ns, Cleanup: 143605 ns, At safepoint: 5300 ns, Total: 154105 ns
[14.914s][info ][safepoint      ] Safepoint "ICBufferFull", Time since last: 1006472216 ns, Reaching safepoint: 2189775 ns, Cleanup: 153105 ns, At safepoint: 64102 ns, Total: 2406982 ns
[15.259s][info ][safepoint      ] Safepoint "ICBufferFull", Time since last: 344975192 ns, Reaching safepoint: 77803 ns, Cleanup: 144405 ns, At safepoint: 10500 ns, Total: 232708 ns
[16.265s][info ][safepoint      ] Safepoint "Cleanup", Time since last: 1000124895 ns, Reaching safepoint: 5596689 ns, Cleanup: 88103 ns, At safepoint: 18001 ns, Total: 5702793 ns
[17.265s][info ][safepoint      ] Safepoint "Cleanup", Time since last: 1000140595 ns, Reaching safepoint: 89403 ns, Cleanup: 22401 ns, At safepoint: 18400 ns, Total: 130204 ns
[18.267s][info ][safepoint      ] Safepoint "Cleanup", Time since last: 1000146695 ns, Reaching safepoint: 1721359 ns, Cleanup: 15200 ns, At safepoint: 16201 ns, Total: 1752760 ns
[19.267s][info ][safepoint      ] Safepoint "Cleanup", Time since last: 1000119594 ns, Reaching safepoint: 90603 ns, Cleanup: 13701 ns, At safepoint: 9200 ns, Total: 113504 ns
[19.977s][info ][safepoint      ] Safepoint "ICBufferFull", Time since last: 708460810 ns, Reaching safepoint: 1436649 ns, Cleanup: 133004 ns, At safepoint: 10500 ns, Total: 1580153 ns
[20.376s][info ][safepoint      ] Safepoint "ICBufferFull", Time since last: 398376401 ns, Reaching safepoint: 7101 ns, Cleanup: 166305 ns, At safepoint: 2200 ns, Total: 175606 ns
[20.668s][info ][safepoint      ] Safepoint "ICBufferFull", Time since last: 291772089 ns, Reaching safepoint: 7400 ns, Cleanup: 152805 ns, At safepoint: 6600 ns, Total: 166805 ns
[21.668s][info ][safepoint      ] Safepoint "Cleanup", Time since last: 1000123395 ns, Reaching safepoint: 8400 ns, Cleanup: 49702 ns, At safepoint: 2900 ns, Total: 61002 ns
[22.668s][info ][safepoint      ] Safepoint "Cleanup", Time since last: 1000115094 ns, Reaching safepoint: 8100 ns, Cleanup: 38001 ns, At safepoint: 11101 ns, Total: 57202 ns
[24.144s][info ][safepoint      ] Safepoint "Cleanup", Time since last: 1475797087 ns, Reaching safepoint: 10000 ns, Cleanup: 107204 ns, At safepoint: 3000 ns, Total: 120204 ns
[25.148s][info ][safepoint      ] Safepoint "Cleanup", Time since last: 1003633988 ns, Reaching safepoint: 11500 ns, Cleanup: 104504 ns, At safepoint: 2700 ns, Total: 118704 ns
[25.321s][info ][safepoint      ] Safepoint "ICBufferFull", Time since last: 171867320 ns, Reaching safepoint: 653522 ns, Cleanup: 144205 ns, At safepoint: 11201 ns, Total: 808928 ns
[25.516s][info ][safepoint      ] Safepoint "ICBufferFull", Time since last: 195192610 ns, Reaching safepoint: 8800 ns, Cleanup: 149105 ns, At safepoint: 15201 ns, Total: 173106 ns
[25.790s][info ][safepoint      ] Safepoint "ICBufferFull", Time since last: 274386092 ns, Reaching safepoint: 8700 ns, Cleanup: 139105 ns, At safepoint: 10400 ns, Total: 158205 ns
[26.032s][info ][safepoint      ] Safepoint "ICBufferFull", Time since last: 237267635 ns, Reaching safepoint: 4001635 ns, Cleanup: 159806 ns, At safepoint: 10400 ns, Total: 4171841 ns
[26.440s][info ][safepoint      ] Safepoint "ICBufferFull", Time since last: 408068419 ns, Reaching safepoint: 9201 ns, Cleanup: 153305 ns, At safepoint: 3800 ns, Total: 166306 ns
[26.774s][info ][safepoint      ] Safepoint "ICBufferFull", Time since last: 333319888 ns, Reaching safepoint: 8300 ns, Cleanup: 150405 ns, At safepoint: 3100 ns, Total: 161805 ns
[26.867s][info ][gc,start       ] GC(6) Pause Young (Metadata GC Threshold)
[27.008s][debug][gc,phases      ] GC(6) Scavenge 141.092ms
[27.008s][debug][gc,ref         ] GC(6) ReferenceProcessor::execute queues: 4, RefProcThreadModel::Multi, marks_oops_alive: false
[27.011s][debug][gc,ref         ] GC(6) Skipped KeepAliveFinalRefsPhase of Reference Processing: no references
[27.011s][debug][gc,ref         ] GC(6) ReferenceProcessor::execute queues: 4, RefProcThreadModel::Multi, marks_oops_alive: false
[27.012s][debug][gc,phases      ] GC(6) Reference Processing 4.119ms
[27.013s][debug][gc,phases      ] GC(6)   VM Weak                        Min:  0.0, Avg:  0.0, Max:  0.0, Diff:  0.0, Sum:  0.0, Workers: 4
[27.013s][debug][gc,phases      ] GC(6)     Dead                           Min: 0, Avg:  0.0, Max: 0, Diff: 0, Sum: 0, Workers: 4
[27.013s][debug][gc,phases      ] GC(6)     Total                          Min: 0, Avg: 221.5, Max: 502, Diff: 502, Sum: 886, Workers: 4
[27.013s][debug][gc,phases      ] GC(6)   ObjectSynchronizer Weak        Min:  0.0, Avg:  0.0, Max:  0.0, Diff:  0.0, Sum:  0.0, Workers: 4
[27.013s][debug][gc,phases      ] GC(6)     Dead                           Min: 0, Avg:  4.5, Max: 18, Diff: 18, Sum: 18, Workers: 4
[27.013s][debug][gc,phases      ] GC(6)     Total                          Min: 0, Avg: 12.5, Max: 50, Diff: 50, Sum: 50, Workers: 4
[27.013s][debug][gc,phases      ] GC(6)   JVMTI Tag Weak OopStorage      Min:  0.0, Avg:  0.0, Max:  0.0, Diff:  0.0, Sum:  0.0, Workers: 4
[27.013s][debug][gc,phases      ] GC(6)     Dead                           Min: 0, Avg:  0.0, Max: 0, Diff: 0, Sum: 0, Workers: 4
[27.013s][debug][gc,phases      ] GC(6)     Total                          Min: 0, Avg:  0.0, Max: 0, Diff: 0, Sum: 0, Workers: 4
[27.013s][debug][gc,phases      ] GC(6)   StringTable Weak               Min:  0.0, Avg:  0.4, Max:  0.9, Diff:  0.9, Sum:  1.7, Workers: 4
[27.013s][debug][gc,phases      ] GC(6)     Dead                           Min: 0, Avg:  9.2, Max: 19, Diff: 19, Sum: 37, Workers: 4
[27.013s][debug][gc,phases      ] GC(6)     Total                          Min: 0, Avg: 10958.2, Max: 22521, Diff: 22521, Sum: 43833, Workers: 4
[27.013s][debug][gc,phases      ] GC(6)   ResolvedMethodTable Weak       Min:  0.0, Avg:  0.2, Max:  0.4, Diff:  0.4, Sum:  0.7, Workers: 4
[27.013s][debug][gc,phases      ] GC(6)     Dead                           Min: 0, Avg: 1039.8, Max: 2084, Diff: 2084, Sum: 4159, Workers: 4
[27.014s][debug][gc,phases      ] GC(6)     Total                          Min: 0, Avg: 4489.0, Max: 9060, Diff: 9060, Sum: 17956, Workers: 4
[27.014s][debug][gc,phases      ] GC(6)   JNI Weak                       Min:  0.0, Avg:  0.0, Max:  0.0, Diff:  0.0, Sum:  0.0, Workers: 4
[27.014s][debug][gc,phases      ] GC(6)     Dead                           Min: 0, Avg:  0.0, Max: 0, Diff: 0, Sum: 0, Workers: 4
[27.014s][debug][gc,phases      ] GC(6)     Total                          Min: 0, Avg: 23.5, Max: 49, Diff: 49, Sum: 94, Workers: 4
[27.014s][debug][gc,phases      ] GC(6)   StringDedup Table Weak         Min:  0.0, Avg:  0.0, Max:  0.0, Diff:  0.0, Sum:  0.0, Workers: 4
[27.014s][debug][gc,phases      ] GC(6)     Dead                           Min: 0, Avg:  0.0, Max: 0, Diff: 0, Sum: 0, Workers: 4
[27.014s][debug][gc,phases      ] GC(6)     Total                          Min: 0, Avg:  0.0, Max: 0, Diff: 0, Sum: 0, Workers: 4
[27.014s][debug][gc,phases      ] GC(6)   StringDedup Requests0 Weak     Min:  0.0, Avg:  0.0, Max:  0.0, Diff:  0.0, Sum:  0.0, Workers: 4
[27.014s][debug][gc,phases      ] GC(6)     Dead                           Min: 0, Avg:  0.0, Max: 0, Diff: 0, Sum: 0, Workers: 4
[27.014s][debug][gc,phases      ] GC(6)     Total                          Min: 0, Avg:  0.0, Max: 0, Diff: 0, Sum: 0, Workers: 4
[27.014s][debug][gc,phases      ] GC(6)   StringDedup Requests1 Weak     Min:  0.0, Avg:  0.0, Max:  0.0, Diff:  0.0, Sum:  0.0, Workers: 4
[27.014s][debug][gc,phases      ] GC(6)     Dead                           Min: 0, Avg:  0.0, Max: 0, Diff: 0, Sum: 0, Workers: 4
[27.014s][debug][gc,phases      ] GC(6)     Total                          Min: 0, Avg:  0.0, Max: 0, Diff: 0, Sum: 0, Workers: 4
[27.014s][debug][gc,phases      ] GC(6)   Weak JFR Old Object Samples    Min:  0.0, Avg:  0.0, Max:  0.0, Diff:  0.0, Sum:  0.0, Workers: 4
[27.014s][debug][gc,phases      ] GC(6)     Dead                           Min: 0, Avg:  0.0, Max: 0, Diff: 0, Sum: 0, Workers: 4
[27.014s][debug][gc,phases      ] GC(6)     Total                          Min: 0, Avg:  0.0, Max: 0, Diff: 0, Sum: 0, Workers: 4
[27.014s][debug][gc,phases      ] GC(6) Weak Processing 1.579ms
[27.014s][debug][gc,age         ] GC(6) Desired survivor size 536870912 bytes, new threshold 7 (max threshold 15)
[27.014s][info ][gc,heap        ] GC(6) PSYoungGen: 973261K(1572864K)->131758K(1572864K) Eden: 896255K(1048576K)->0K(1048576K) From: 77006K(524288K)->131758K(524288K)
[27.014s][info ][gc,heap        ] GC(6) ParOldGen: 6039K(6144K)->6380K(6656K)
[27.014s][info ][gc,metaspace   ] GC(6) Metaspace: 98435K(99648K)->98435K(99648K) NonClass: 83022K(83712K)->83022K(83712K) Class: 15413K(15936K)->15413K(15936K)
[27.014s][info ][gc             ] GC(6) Pause Young (Metadata GC Threshold) 956M->134M(1542M) 146.980ms
[27.014s][info ][gc,cpu         ] GC(6) User=0.24s Sys=0.02s Real=0.15s
[27.014s][debug][gc,phases      ] GC(7) Pre Compact 0.016ms
[27.014s][info ][gc,start       ] GC(7) Pause Full (Metadata GC Threshold)
[27.014s][info ][gc,phases,start] GC(7) Marking Phase
[27.147s][debug][gc,phases      ] GC(7) Par Mark 132.748ms
[27.147s][debug][gc,ref         ] GC(7) ReferenceProcessor::execute queues: 4, RefProcThreadModel::Multi, marks_oops_alive: false
[27.152s][debug][gc,ref         ] GC(7) Skipped KeepAliveFinalRefsPhase of Reference Processing: no references
[27.152s][debug][gc,ref         ] GC(7) ReferenceProcessor::execute queues: 1, RefProcThreadModel::Single, marks_oops_alive: false
[27.152s][debug][gc,phases      ] GC(7) Reference Processing 5.322ms
[27.153s][debug][gc,phases      ] GC(7)   VM Weak                        Min:  0.0, Avg:  0.0, Max:  0.0, Diff:  0.0, Sum:  0.0, Workers: 4
[27.153s][debug][gc,phases      ] GC(7)     Dead                           Min: 0, Avg:  0.0, Max: 0, Diff: 0, Sum: 0, Workers: 4
[27.153s][debug][gc,phases      ] GC(7)     Total                          Min: 0, Avg: 221.5, Max: 448, Diff: 448, Sum: 886, Workers: 4
[27.153s][debug][gc,phases      ] GC(7)   ObjectSynchronizer Weak        Min:  0.0, Avg:  0.0, Max:  0.0, Diff:  0.0, Sum:  0.0, Workers: 4
[27.153s][debug][gc,phases      ] GC(7)     Dead                           Min: 0, Avg:  0.0, Max: 0, Diff: 0, Sum: 0, Workers: 4
[27.153s][debug][gc,phases      ] GC(7)     Total                          Min: 0, Avg: 12.5, Max: 50, Diff: 50, Sum: 50, Workers: 4
[27.153s][debug][gc,phases      ] GC(7)   JVMTI Tag Weak OopStorage      Min:  0.0, Avg:  0.0, Max:  0.0, Diff:  0.0, Sum:  0.0, Workers: 4
[27.153s][debug][gc,phases      ] GC(7)     Dead                           Min: 0, Avg:  0.0, Max: 0, Diff: 0, Sum: 0, Workers: 4
[27.153s][debug][gc,phases      ] GC(7)     Total                          Min: 0, Avg:  0.0, Max: 0, Diff: 0, Sum: 0, Workers: 4
[27.153s][debug][gc,phases      ] GC(7)   StringTable Weak               Min:  0.0, Avg:  0.2, Max:  0.4, Diff:  0.4, Sum:  0.8, Workers: 4
[27.153s][debug][gc,phases      ] GC(7)     Dead                           Min: 0, Avg:  0.0, Max: 0, Diff: 0, Sum: 0, Workers: 4
[27.153s][debug][gc,phases      ] GC(7)     Total                          Min: 0, Avg: 10958.2, Max: 23033, Diff: 23033, Sum: 43833, Workers: 4
[27.153s][debug][gc,phases      ] GC(7)   ResolvedMethodTable Weak       Min:  0.0, Avg:  0.1, Max:  0.1, Diff:  0.1, Sum:  0.3, Workers: 4
[27.153s][debug][gc,phases      ] GC(7)     Dead                           Min: 0, Avg:  0.0, Max: 0, Diff: 0, Sum: 0, Workers: 4
[27.153s][debug][gc,phases      ] GC(7)     Total                          Min: 0, Avg: 4489.0, Max: 9600, Diff: 9600, Sum: 17956, Workers: 4
[27.153s][debug][gc,phases      ] GC(7)   JNI Weak                       Min:  0.0, Avg:  0.0, Max:  0.0, Diff:  0.0, Sum:  0.0, Workers: 4
[27.153s][debug][gc,phases      ] GC(7)     Dead                           Min: 0, Avg:  0.0, Max: 0, Diff: 0, Sum: 0, Workers: 4
[27.153s][debug][gc,phases      ] GC(7)     Total                          Min: 0, Avg: 23.5, Max: 49, Diff: 49, Sum: 94, Workers: 4
[27.153s][debug][gc,phases      ] GC(7)   StringDedup Table Weak         Min:  0.0, Avg:  0.0, Max:  0.0, Diff:  0.0, Sum:  0.0, Workers: 4
[27.153s][debug][gc,phases      ] GC(7)     Dead                           Min: 0, Avg:  0.0, Max: 0, Diff: 0, Sum: 0, Workers: 4
[27.153s][debug][gc,phases      ] GC(7)     Total                          Min: 0, Avg:  0.0, Max: 0, Diff: 0, Sum: 0, Workers: 4
[27.153s][debug][gc,phases      ] GC(7)   StringDedup Requests0 Weak     Min:  0.0, Avg:  0.0, Max:  0.0, Diff:  0.0, Sum:  0.0, Workers: 4
[27.153s][debug][gc,phases      ] GC(7)     Dead                           Min: 0, Avg:  0.0, Max: 0, Diff: 0, Sum: 0, Workers: 4
[27.153s][debug][gc,phases      ] GC(7)     Total                          Min: 0, Avg:  0.0, Max: 0, Diff: 0, Sum: 0, Workers: 4
[27.153s][debug][gc,phases      ] GC(7)   StringDedup Requests1 Weak     Min:  0.0, Avg:  0.0, Max:  0.0, Diff:  0.0, Sum:  0.0, Workers: 4
[27.153s][debug][gc,phases      ] GC(7)     Dead                           Min: 0, Avg:  0.0, Max: 0, Diff: 0, Sum: 0, Workers: 4
[27.153s][debug][gc,phases      ] GC(7)     Total                          Min: 0, Avg:  0.0, Max: 0, Diff: 0, Sum: 0, Workers: 4
[27.153s][debug][gc,phases      ] GC(7)   Weak JFR Old Object Samples    Min:  0.0, Avg:  0.0, Max:  0.0, Diff:  0.0, Sum:  0.0, Workers: 4
[27.153s][debug][gc,phases      ] GC(7)     Dead                           Min: 0, Avg:  0.0, Max: 0, Diff: 0, Sum: 0, Workers: 4
[27.153s][debug][gc,phases      ] GC(7)     Total                          Min: 0, Avg:  0.0, Max: 0, Diff: 0, Sum: 0, Workers: 4
[27.153s][debug][gc,phases      ] GC(7) Weak Processing 0.901ms
[27.153s][debug][gc,phases      ] GC(7) ClassLoaderData 0.130ms
[27.153s][debug][gc,phases      ] GC(7) Trigger cleanups 0.000ms
[27.187s][debug][gc,phases      ] GC(7) Purge Unlinked NMethods 0.572ms
[27.189s][debug][gc,phases      ] GC(7) Unregister NMethods 1.107ms
[27.189s][debug][gc,phases      ] GC(7) Free Code Blobs 0.128ms
[27.189s][debug][gc,phases      ] GC(7) Class Unloading 35.901ms
[27.189s][debug][gc,phases      ] GC(7) Report Object Count 0.001ms
[27.189s][info ][gc,phases      ] GC(7) Marking Phase 174.946ms
[27.189s][info ][gc,phases,start] GC(7) Summary Phase
[27.189s][info ][gc,phases      ] GC(7) Summary Phase 0.012ms
[27.189s][info ][gc,phases,start] GC(7) Adjust Roots
[27.220s][info ][gc,phases      ] GC(7) Adjust Roots 31.128ms
[27.220s][info ][gc,phases,start] GC(7) Compaction Phase
[27.773s][info ][gc,phases      ] GC(7) Compaction Phase 552.577ms
[27.773s][info ][gc,phases,start] GC(7) Post Compact
[27.775s][debug][gc,phases      ] GC(7) Purge Class Loader Data 1.605ms
[27.780s][info ][gc,phases      ] GC(7) Post Compact 7.019ms
[27.780s][info ][gc,heap        ] GC(7) PSYoungGen: 131758K(1572864K)->131196K(1572864K) Eden: 0K(1048576K)->0K(1048576K) From: 131758K(524288K)->131196K(524288K)
[27.780s][info ][gc,heap        ] GC(7) ParOldGen: 6380K(6656K)->6363K(6656K)
[27.780s][info ][gc,metaspace   ] GC(7) Metaspace: 98435K(99648K)->98435K(99648K) NonClass: 83022K(83712K)->83022K(83712K) Class: 15413K(15936K)->15413K(15936K)
[27.780s][info ][gc             ] GC(7) Pause Full (Metadata GC Threshold) 134M->134M(1542M) 765.959ms
[27.780s][info ][gc,cpu         ] GC(7) User=1.32s Sys=0.02s Real=0.76s
[27.793s][info ][safepoint      ] Safepoint "CollectForMetadataAllocation", Time since last: 93028151 ns, Reaching safepoint: 7000 ns, Cleanup: 67002 ns, At safepoint: 926635980 ns, Total: 926709982 ns
[27.802s][info ][safepoint      ] Safepoint "CollectForMetadataAllocation", Time since last: 3384915 ns, Reaching safepoint: 5218977 ns, Cleanup: 52401 ns, At safepoint: 36402 ns, Total: 5307780 ns
[28.160s][info ][safepoint      ] Safepoint "ICBufferFull", Time since last: 357797616 ns, Reaching safepoint: 93104 ns, Cleanup: 164205 ns, At safepoint: 20201 ns, Total: 277510 ns
[28.433s][info ][safepoint      ] Safepoint "ICBufferFull", Time since last: 272722435 ns, Reaching safepoint: 8001 ns, Cleanup: 145505 ns, At safepoint: 2800 ns, Total: 156306 ns
[28.712s][info ][safepoint      ] Safepoint "ICBufferFull", Time since last: 278762340 ns, Reaching safepoint: 10300 ns, Cleanup: 185807 ns, At safepoint: 9400 ns, Total: 205507 ns
[28.926s][info ][safepoint      ] Safepoint "ICBufferFull", Time since last: 213728838 ns, Reaching safepoint: 8100 ns, Cleanup: 150105 ns, At safepoint: 3200 ns, Total: 161405 ns
[29.107s][info ][safepoint      ] Safepoint "ICBufferFull", Time since last: 181339441 ns, Reaching safepoint: 8701 ns, Cleanup: 155005 ns, At safepoint: 6000 ns, Total: 169706 ns
[29.315s][info ][safepoint      ] Safepoint "ICBufferFull", Time since last: 207257919 ns, Reaching safepoint: 85203 ns, Cleanup: 153705 ns, At safepoint: 10200 ns, Total: 249108 ns
[29.536s][info ][safepoint      ] Safepoint "ICBufferFull", Time since last: 220898481 ns, Reaching safepoint: 11800 ns, Cleanup: 202707 ns, At safepoint: 3500 ns, Total: 218007 ns
[29.901s][info ][safepoint      ] Safepoint "ICBufferFull", Time since last: 364544245 ns, Reaching safepoint: 92604 ns, Cleanup: 170705 ns, At safepoint: 10701 ns, Total: 274010 ns
[30.137s][info ][safepoint      ] Safepoint "ICBufferFull", Time since last: 235889388 ns, Reaching safepoint: 8100 ns, Cleanup: 164806 ns, At safepoint: 12500 ns, Total: 185406 ns
[30.309s][info ][safepoint      ] Safepoint "ICBufferFull", Time since last: 172155130 ns, Reaching safepoint: 9401 ns, Cleanup: 166105 ns, At safepoint: 3700 ns, Total: 179206 ns
[30.901s][info ][safepoint      ] Safepoint "ICBufferFull", Time since last: 591503531 ns, Reaching safepoint: 8001 ns, Cleanup: 187006 ns, At safepoint: 3000 ns, Total: 198007 ns
[31.162s][info ][safepoint      ] Safepoint "ICBufferFull", Time since last: 261229260 ns, Reaching safepoint: 8500 ns, Cleanup: 177206 ns, At safepoint: 16501 ns, Total: 202207 ns
[31.534s][info ][safepoint      ] Safepoint "ICBufferFull", Time since last: 371243621 ns, Reaching safepoint: 8600 ns, Cleanup: 239208 ns, At safepoint: 9401 ns, Total: 257209 ns
[32.260s][info ][safepoint      ] Safepoint "ICBufferFull", Time since last: 725772374 ns, Reaching safepoint: 8601 ns, Cleanup: 206907 ns, At safepoint: 2900 ns, Total: 218408 ns
[32.541s][info ][safepoint      ] Safepoint "ICBufferFull", Time since last: 281426568 ns, Reaching safepoint: 7600 ns, Cleanup: 113804 ns, At safepoint: 2900 ns, Total: 124304 ns
[33.454s][info ][safepoint      ] Safepoint "ICBufferFull", Time since last: 912495923 ns, Reaching safepoint: 7600 ns, Cleanup: 170306 ns, At safepoint: 2900 ns, Total: 180806 ns
[34.234s][info ][safepoint      ] Safepoint "ICBufferFull", Time since last: 774875744 ns, Reaching safepoint: 4889466 ns, Cleanup: 169606 ns, At safepoint: 13300 ns, Total: 5072372 ns
[34.520s][info ][gc,start       ] GC(8) Pause Young (Allocation Failure)
[34.653s][debug][gc,phases      ] GC(8) Scavenge 133.235ms
[34.653s][debug][gc,ref         ] GC(8) ReferenceProcessor::execute queues: 4, RefProcThreadModel::Multi, marks_oops_alive: false
[34.654s][debug][gc,ref         ] GC(8) Skipped KeepAliveFinalRefsPhase of Reference Processing: no references
[34.654s][debug][gc,ref         ] GC(8) ReferenceProcessor::execute queues: 1, RefProcThreadModel::Single, marks_oops_alive: false
[34.654s][debug][gc,phases      ] GC(8) Reference Processing 1.185ms
[34.655s][debug][gc,phases      ] GC(8)   VM Weak                        Min:  0.0, Avg:  0.0, Max:  0.0, Diff:  0.0, Sum:  0.0, Workers: 4
[34.655s][debug][gc,phases      ] GC(8)     Dead                           Min: 0, Avg:  0.0, Max: 0, Diff: 0, Sum: 0, Workers: 4
[34.655s][debug][gc,phases      ] GC(8)     Total                          Min: 0, Avg: 237.8, Max: 503, Diff: 503, Sum: 951, Workers: 4
[34.655s][debug][gc,phases      ] GC(8)   ObjectSynchronizer Weak        Min:  0.0, Avg:  0.0, Max:  0.0, Diff:  0.0, Sum:  0.0, Workers: 4
[34.655s][debug][gc,phases      ] GC(8)     Dead                           Min: 0, Avg:  0.0, Max: 0, Diff: 0, Sum: 0, Workers: 4
[34.655s][debug][gc,phases      ] GC(8)     Total                          Min: 0, Avg: 12.5, Max: 50, Diff: 50, Sum: 50, Workers: 4
[34.655s][debug][gc,phases      ] GC(8)   JVMTI Tag Weak OopStorage      Min:  0.0, Avg:  0.0, Max:  0.0, Diff:  0.0, Sum:  0.0, Workers: 4
[34.655s][debug][gc,phases      ] GC(8)     Dead                           Min: 0, Avg:  0.0, Max: 0, Diff: 0, Sum: 0, Workers: 4
[34.655s][debug][gc,phases      ] GC(8)     Total                          Min: 0, Avg:  0.0, Max: 0, Diff: 0, Sum: 0, Workers: 4
[34.655s][debug][gc,phases      ] GC(8)   StringTable Weak               Min:  0.0, Avg:  0.4, Max:  0.5, Diff:  0.5, Sum:  1.6, Workers: 4
[34.655s][debug][gc,phases      ] GC(8)     Dead                           Min: 0, Avg:  1.8, Max: 5, Diff: 5, Sum: 7, Workers: 4
[34.655s][debug][gc,phases      ] GC(8)     Total                          Min: 0, Avg: 11157.0, Max: 15488, Diff: 15488, Sum: 44628, Workers: 4
[34.655s][debug][gc,phases      ] GC(8)   ResolvedMethodTable Weak       Min:  0.0, Avg:  0.2, Max:  0.2, Diff:  0.2, Sum:  0.6, Workers: 4
[34.655s][debug][gc,phases      ] GC(8)     Dead                           Min: 0, Avg: 34.5, Max: 63, Diff: 63, Sum: 138, Workers: 4
[34.655s][debug][gc,phases      ] GC(8)     Total                          Min: 0, Avg: 3610.2, Max: 5269, Diff: 5269, Sum: 14441, Workers: 4
[34.655s][debug][gc,phases      ] GC(8)   JNI Weak                       Min:  0.0, Avg:  0.0, Max:  0.0, Diff:  0.0, Sum:  0.0, Workers: 4
[34.655s][debug][gc,phases      ] GC(8)     Dead                           Min: 0, Avg:  0.0, Max: 0, Diff: 0, Sum: 0, Workers: 4
[34.655s][debug][gc,phases      ] GC(8)     Total                          Min: 0, Avg: 17.0, Max: 52, Diff: 52, Sum: 68, Workers: 4
[34.655s][debug][gc,phases      ] GC(8)   StringDedup Table Weak         Min:  0.0, Avg:  0.0, Max:  0.0, Diff:  0.0, Sum:  0.0, Workers: 4
[34.655s][debug][gc,phases      ] GC(8)     Dead                           Min: 0, Avg:  0.0, Max: 0, Diff: 0, Sum: 0, Workers: 4
[34.655s][debug][gc,phases      ] GC(8)     Total                          Min: 0, Avg:  0.0, Max: 0, Diff: 0, Sum: 0, Workers: 4
[34.655s][debug][gc,phases      ] GC(8)   StringDedup Requests0 Weak     Min:  0.0, Avg:  0.0, Max:  0.0, Diff:  0.0, Sum:  0.0, Workers: 4
[34.655s][debug][gc,phases      ] GC(8)     Dead                           Min: 0, Avg:  0.0, Max: 0, Diff: 0, Sum: 0, Workers: 4
[34.655s][debug][gc,phases      ] GC(8)     Total                          Min: 0, Avg:  0.0, Max: 0, Diff: 0, Sum: 0, Workers: 4
[34.655s][debug][gc,phases      ] GC(8)   StringDedup Requests1 Weak     Min:  0.0, Avg:  0.0, Max:  0.0, Diff:  0.0, Sum:  0.0, Workers: 4
[34.655s][debug][gc,phases      ] GC(8)     Dead                           Min: 0, Avg:  0.0, Max: 0, Diff: 0, Sum: 0, Workers: 4
[34.655s][debug][gc,phases      ] GC(8)     Total                          Min: 0, Avg:  0.0, Max: 0, Diff: 0, Sum: 0, Workers: 4
[34.655s][debug][gc,phases      ] GC(8)   Weak JFR Old Object Samples    Min:  0.0, Avg:  0.0, Max:  0.0, Diff:  0.0, Sum:  0.0, Workers: 4
[34.655s][debug][gc,phases      ] GC(8)     Dead                           Min: 0, Avg:  0.0, Max: 0, Diff: 0, Sum: 0, Workers: 4
[34.655s][debug][gc,phases      ] GC(8)     Total                          Min: 0, Avg:  0.0, Max: 0, Diff: 0, Sum: 0, Workers: 4
[34.655s][debug][gc,phases      ] GC(8) Weak Processing 1.023ms
[34.655s][debug][gc,age         ] GC(8) Desired survivor size 214958080 bytes, new threshold 6 (max threshold 15)
[34.655s][info ][gc,heap        ] GC(8) PSYoungGen: 1179772K(1572864K)->197466K(1572864K) Eden: 1048576K(1048576K)->0K(1048576K) From: 131196K(524288K)->197466K(524288K)
[34.655s][info ][gc,heap        ] GC(8) ParOldGen: 6363K(6656K)->6387K(6656K)
[34.655s][info ][gc,metaspace   ] GC(8) Metaspace: 101432K(102784K)->101432K(102784K) NonClass: 85762K(86528K)->85762K(86528K) Class: 15669K(16256K)->15669K(16256K)
[34.655s][info ][gc             ] GC(8) Pause Young (Allocation Failure) 1158M->199M(1542M) 135.624ms
[34.655s][info ][gc,cpu         ] GC(8) User=0.30s Sys=0.06s Real=0.14s
[34.655s][info ][safepoint      ] Safepoint "ParallelGCFailedAllocation", Time since last: 285469405 ns, Reaching safepoint: 8401 ns, Cleanup: 75302 ns, At safepoint: 135724215 ns, Total: 135807918 ns
[35.596s][info ][safepoint      ] Safepoint "ICBufferFull", Time since last: 936873151 ns, Reaching safepoint: 3568621 ns, Cleanup: 206107 ns, At safepoint: 21701 ns, Total: 3796429 ns
[36.597s][info ][safepoint      ] Safepoint "Cleanup", Time since last: 1000491215 ns, Reaching safepoint: 10800 ns, Cleanup: 181806 ns, At safepoint: 9100 ns, Total: 201706 ns
[36.884s][info ][safepoint      ] Safepoint "ICBufferFull", Time since last: 287096561 ns, Reaching safepoint: 14301 ns, Cleanup: 155805 ns, At safepoint: 3000 ns, Total: 173106 ns
[37.433s][info ][safepoint      ] Safepoint "ICBufferFull", Time since last: 548596451 ns, Reaching safepoint: 9000 ns, Cleanup: 157306 ns, At safepoint: 3600 ns, Total: 169906 ns
[38.112s][info ][safepoint      ] Safepoint "ICBufferFull", Time since last: 679185590 ns, Reaching safepoint: 7401 ns, Cleanup: 173206 ns, At safepoint: 10100 ns, Total: 190707 ns
[39.116s][info ][safepoint      ] Safepoint "Cleanup", Time since last: 1000136995 ns, Reaching safepoint: 3521119 ns, Cleanup: 168005 ns, At safepoint: 9601 ns, Total: 3698725 ns
[40.116s][info ][safepoint      ] Safepoint "Cleanup", Time since last: 1000134811 ns, Reaching safepoint: 83702 ns, Cleanup: 167806 ns, At safepoint: 11700 ns, Total: 263208 ns
[41.117s][info ][safepoint      ] Safepoint "Cleanup", Time since last: 1000122911 ns, Reaching safepoint: 90603 ns, Cleanup: 160305 ns, At safepoint: 13301 ns, Total: 264209 ns
[41.815s][info ][safepoint      ] Safepoint "ICBufferFull", Time since last: 698600217 ns, Reaching safepoint: 7300 ns, Cleanup: 176306 ns, At safepoint: 3900 ns, Total: 187506 ns
[42.260s][info ][gc,start       ] GC(9) Pause Young (Allocation Failure)
[42.455s][debug][gc,phases      ] GC(9) Scavenge 194.927ms
[42.455s][debug][gc,ref         ] GC(9) ReferenceProcessor::execute queues: 4, RefProcThreadModel::Multi, marks_oops_alive: false
[42.456s][debug][gc,ref         ] GC(9) Skipped KeepAliveFinalRefsPhase of Reference Processing: no references
[42.456s][debug][gc,ref         ] GC(9) ReferenceProcessor::execute queues: 1, RefProcThreadModel::Single, marks_oops_alive: false
[42.456s][debug][gc,phases      ] GC(9) Reference Processing 1.397ms
[42.457s][debug][gc,phases      ] GC(9)   VM Weak                        Min:  0.0, Avg:  0.0, Max:  0.0, Diff:  0.0, Sum:  0.0, Workers: 4
[42.457s][debug][gc,phases      ] GC(9)     Dead                           Min: 0, Avg:  0.0, Max: 0, Diff: 0, Sum: 0, Workers: 4
[42.457s][debug][gc,phases      ] GC(9)     Total                          Min: 0, Avg: 238.8, Max: 571, Diff: 571, Sum: 955, Workers: 4
[42.457s][debug][gc,phases      ] GC(9)   ObjectSynchronizer Weak        Min:  0.0, Avg:  0.0, Max:  0.0, Diff:  0.0, Sum:  0.0, Workers: 4
[42.457s][debug][gc,phases      ] GC(9)     Dead                           Min: 0, Avg:  0.0, Max: 0, Diff: 0, Sum: 0, Workers: 4
[42.457s][debug][gc,phases      ] GC(9)     Total                          Min: 0, Avg: 12.5, Max: 50, Diff: 50, Sum: 50, Workers: 4
[42.457s][debug][gc,phases      ] GC(9)   JVMTI Tag Weak OopStorage      Min:  0.0, Avg:  0.0, Max:  0.0, Diff:  0.0, Sum:  0.0, Workers: 4
[42.457s][debug][gc,phases      ] GC(9)     Dead                           Min: 0, Avg:  0.0, Max: 0, Diff: 0, Sum: 0, Workers: 4
[42.457s][debug][gc,phases      ] GC(9)     Total                          Min: 0, Avg:  0.0, Max: 0, Diff: 0, Sum: 0, Workers: 4
[42.458s][debug][gc,phases      ] GC(9)   StringTable Weak               Min:  0.0, Avg:  0.4, Max:  0.8, Diff:  0.8, Sum:  1.5, Workers: 4
[42.458s][debug][gc,phases      ] GC(9)     Dead                           Min: 0, Avg:  0.5, Max: 2, Diff: 2, Sum: 2, Workers: 4
[42.458s][debug][gc,phases      ] GC(9)     Total                          Min: 0, Avg: 11216.5, Max: 23424, Diff: 23424, Sum: 44866, Workers: 4
[42.458s][debug][gc,phases      ] GC(9)   ResolvedMethodTable Weak       Min:  0.0, Avg:  0.1, Max:  0.3, Diff:  0.3, Sum:  0.6, Workers: 4
[42.458s][debug][gc,phases      ] GC(9)     Dead                           Min: 0, Avg:  1.2, Max: 3, Diff: 3, Sum: 5, Workers: 4
[42.458s][debug][gc,phases      ] GC(9)     Total                          Min: 0, Avg: 3622.2, Max: 7374, Diff: 7374, Sum: 14489, Workers: 4
[42.458s][debug][gc,phases      ] GC(9)   JNI Weak                       Min:  0.0, Avg:  0.0, Max:  0.0, Diff:  0.0, Sum:  0.0, Workers: 4
[42.458s][debug][gc,phases      ] GC(9)     Dead                           Min: 0, Avg:  0.0, Max: 0, Diff: 0, Sum: 0, Workers: 4
[42.458s][debug][gc,phases      ] GC(9)     Total                          Min: 0, Avg: 17.5, Max: 49, Diff: 49, Sum: 70, Workers: 4
[42.458s][debug][gc,phases      ] GC(9)   StringDedup Table Weak         Min:  0.0, Avg:  0.0, Max:  0.0, Diff:  0.0, Sum:  0.0, Workers: 4
[42.458s][debug][gc,phases      ] GC(9)     Dead                           Min: 0, Avg:  0.0, Max: 0, Diff: 0, Sum: 0, Workers: 4
[42.458s][debug][gc,phases      ] GC(9)     Total                          Min: 0, Avg:  0.0, Max: 0, Diff: 0, Sum: 0, Workers: 4
[42.458s][debug][gc,phases      ] GC(9)   StringDedup Requests0 Weak     Min:  0.0, Avg:  0.0, Max:  0.0, Diff:  0.0, Sum:  0.0, Workers: 4
[42.458s][debug][gc,phases      ] GC(9)     Dead                           Min: 0, Avg:  0.0, Max: 0, Diff: 0, Sum: 0, Workers: 4
[42.458s][debug][gc,phases      ] GC(9)     Total                          Min: 0, Avg:  0.0, Max: 0, Diff: 0, Sum: 0, Workers: 4
[42.458s][debug][gc,phases      ] GC(9)   StringDedup Requests1 Weak     Min:  0.0, Avg:  0.0, Max:  0.0, Diff:  0.0, Sum:  0.0, Workers: 4
[42.458s][debug][gc,phases      ] GC(9)     Dead                           Min: 0, Avg:  0.0, Max: 0, Diff: 0, Sum: 0, Workers: 4
[42.458s][debug][gc,phases      ] GC(9)     Total                          Min: 0, Avg:  0.0, Max: 0, Diff: 0, Sum: 0, Workers: 4
[42.458s][debug][gc,phases      ] GC(9)   Weak JFR Old Object Samples    Min:  0.0, Avg:  0.0, Max:  0.0, Diff:  0.0, Sum:  0.0, Workers: 4
[42.458s][debug][gc,phases      ] GC(9)     Dead                           Min: 0, Avg:  0.0, Max: 0, Diff: 0, Sum: 0, Workers: 4
[42.458s][debug][gc,phases      ] GC(9)     Total                          Min: 0, Avg:  0.0, Max: 0, Diff: 0, Sum: 0, Workers: 4
[42.458s][debug][gc,phases      ] GC(9) Weak Processing 1.388ms
[42.458s][debug][gc,age         ] GC(9) Desired survivor size 263192576 bytes, new threshold 5 (max threshold 15)
[42.458s][info ][gc,heap        ] GC(9) PSYoungGen: 1246042K(1572864K)->209915K(1793024K) Eden: 1048576K(1048576K)->0K(1583104K) From: 197466K(524288K)->209915K(209920K)
[42.458s][info ][gc,heap        ] GC(9) ParOldGen: 6387K(6656K)->11035K(11264K)
[42.458s][info ][gc,metaspace   ] GC(9) Metaspace: 102308K(103552K)->102308K(103552K) NonClass: 86616K(87296K)->86616K(87296K) Class: 15692K(16256K)->15692K(16256K)
[42.458s][info ][gc             ] GC(9) Pause Young (Allocation Failure) 1223M->215M(1762M) 197.915ms
[42.458s][info ][gc,cpu         ] GC(9) User=0.30s Sys=0.08s Real=0.20s
[42.458s][info ][safepoint      ] Safepoint "ParallelGCFailedAllocation", Time since last: 436318450 ns, Reaching safepoint: 7929468 ns, Cleanup: 68503 ns, At safepoint: 198041795 ns, Total: 206039766 ns
[43.460s][info ][safepoint      ] Safepoint "Cleanup", Time since last: 1002112677 ns, Reaching safepoint: 270710 ns, Cleanup: 122604 ns, At safepoint: 14300 ns, Total: 407614 ns
[44.461s][info ][safepoint      ] Safepoint "Cleanup", Time since last: 1000116110 ns, Reaching safepoint: 82503 ns, Cleanup: 121804 ns, At safepoint: 6600 ns, Total: 210907 ns
[45.461s][info ][safepoint      ] Safepoint "Cleanup", Time since last: 1000121911 ns, Reaching safepoint: 84303 ns, Cleanup: 106803 ns, At safepoint: 7901 ns, Total: 199007 ns
[46.461s][info ][safepoint      ] Safepoint "Cleanup", Time since last: 1000158311 ns, Reaching safepoint: 9600 ns, Cleanup: 138605 ns, At safepoint: 3300 ns, Total: 151505 ns
[47.461s][info ][safepoint      ] Safepoint "Cleanup", Time since last: 1000122963 ns, Reaching safepoint: 7200 ns, Cleanup: 66802 ns, At safepoint: 8501 ns, Total: 82503 ns
[48.462s][info ][safepoint      ] Safepoint "Cleanup", Time since last: 1000112684 ns, Reaching safepoint: 7201 ns, Cleanup: 122404 ns, At safepoint: 2800 ns, Total: 132405 ns
[49.462s][info ][safepoint      ] Safepoint "Cleanup", Time since last: 1000126085 ns, Reaching safepoint: 8700 ns, Cleanup: 59202 ns, At safepoint: 3500 ns, Total: 71402 ns
[50.462s][info ][safepoint      ] Safepoint "Cleanup", Time since last: 1000176087 ns, Reaching safepoint: 87003 ns, Cleanup: 92503 ns, At safepoint: 8100 ns, Total: 187606 ns
[51.468s][info ][safepoint      ] Safepoint "Cleanup", Time since last: 1005456865 ns, Reaching safepoint: 83802 ns, Cleanup: 66203 ns, At safepoint: 7100 ns, Total: 157105 ns
[52.468s][info ][safepoint      ] Safepoint "Cleanup", Time since last: 1000129485 ns, Reaching safepoint: 88003 ns, Cleanup: 69702 ns, At safepoint: 9501 ns, Total: 167206 ns
[53.468s][info ][safepoint      ] Safepoint "Cleanup", Time since last: 1000126785 ns, Reaching safepoint: 8100 ns, Cleanup: 49202 ns, At safepoint: 3300 ns, Total: 60602 ns
[54.469s][info ][safepoint      ] Safepoint "Cleanup", Time since last: 1000412894 ns, Reaching safepoint: 9001 ns, Cleanup: 53002 ns, At safepoint: 3200 ns, Total: 65203 ns
[55.469s][info ][safepoint      ] Safepoint "Cleanup", Time since last: 1000161203 ns, Reaching safepoint: 10400 ns, Cleanup: 58702 ns, At safepoint: 3100 ns, Total: 72202 ns
[56.469s][info ][safepoint      ] Safepoint "Cleanup", Time since last: 1000160431 ns, Reaching safepoint: 11800 ns, Cleanup: 71802 ns, At safepoint: 3200 ns, Total: 86802 ns
[57.470s][info ][safepoint      ] Safepoint "Cleanup", Time since last: 1000157731 ns, Reaching safepoint: 11400 ns, Cleanup: 88703 ns, At safepoint: 3400 ns, Total: 103503 ns
[58.470s][info ][safepoint      ] Safepoint "Cleanup", Time since last: 1000142730 ns, Reaching safepoint: 12201 ns, Cleanup: 45001 ns, At safepoint: 3200 ns, Total: 60402 ns
[59.470s][info ][safepoint      ] Safepoint "Cleanup", Time since last: 1000144030 ns, Reaching safepoint: 9401 ns, Cleanup: 52101 ns, At safepoint: 2901 ns, Total: 64403 ns
[61.028s][info ][safepoint      ] Safepoint "Cleanup", Time since last: 1557861139 ns, Reaching safepoint: 9400 ns, Cleanup: 40601 ns, At safepoint: 3000 ns, Total: 53001 ns
[62.028s][info ][safepoint      ] Safepoint "Cleanup", Time since last: 1000130430 ns, Reaching safepoint: 9300 ns, Cleanup: 45902 ns, At safepoint: 2900 ns, Total: 58102 ns
[62.713s][info ][gc,start       ] GC(10) Pause Young (Allocation Failure)
[62.922s][debug][gc,phases      ] GC(10) Scavenge 208.801ms
[62.922s][debug][gc,ref         ] GC(10) ReferenceProcessor::execute queues: 4, RefProcThreadModel::Multi, marks_oops_alive: false
[62.924s][debug][gc,ref         ] GC(10) Skipped KeepAliveFinalRefsPhase of Reference Processing: no references
[62.924s][debug][gc,ref         ] GC(10) ReferenceProcessor::execute queues: 1, RefProcThreadModel::Single, marks_oops_alive: false
[62.924s][debug][gc,phases      ] GC(10) Reference Processing 1.982ms
[62.926s][debug][gc,phases      ] GC(10)   VM Weak                        Min:  0.0, Avg:  0.0, Max:  0.0, Diff:  0.0, Sum:  0.0, Workers: 4
[62.926s][debug][gc,phases      ] GC(10)     Dead                           Min: 0, Avg:  0.0, Max: 0, Diff: 0, Sum: 0, Workers: 4
[62.926s][debug][gc,phases      ] GC(10)     Total                          Min: 0, Avg: 239.8, Max: 959, Diff: 959, Sum: 959, Workers: 4
[62.926s][debug][gc,phases      ] GC(10)   ObjectSynchronizer Weak        Min:  0.0, Avg:  0.0, Max:  0.0, Diff:  0.0, Sum:  0.0, Workers: 4
[62.926s][debug][gc,phases      ] GC(10)     Dead                           Min: 0, Avg:  0.0, Max: 0, Diff: 0, Sum: 0, Workers: 4
[62.926s][debug][gc,phases      ] GC(10)     Total                          Min: 0, Avg:  0.8, Max: 3, Diff: 3, Sum: 3, Workers: 4
[62.926s][debug][gc,phases      ] GC(10)   JVMTI Tag Weak OopStorage      Min:  0.0, Avg:  0.0, Max:  0.0, Diff:  0.0, Sum:  0.0, Workers: 4
[62.926s][debug][gc,phases      ] GC(10)     Dead                           Min: 0, Avg:  0.0, Max: 0, Diff: 0, Sum: 0, Workers: 4
[62.926s][debug][gc,phases      ] GC(10)     Total                          Min: 0, Avg:  0.0, Max: 0, Diff: 0, Sum: 0, Workers: 4
[62.926s][debug][gc,phases      ] GC(10)   StringTable Weak               Min:  0.0, Avg:  0.4, Max:  1.6, Diff:  1.6, Sum:  1.6, Workers: 4
[62.926s][debug][gc,phases      ] GC(10)     Dead                           Min: 0, Avg:  1.0, Max: 4, Diff: 4, Sum: 4, Workers: 4
[62.926s][debug][gc,phases      ] GC(10)     Total                          Min: 0, Avg: 11299.2, Max: 45197, Diff: 45197, Sum: 45197, Workers: 4
[62.926s][debug][gc,phases      ] GC(10)   ResolvedMethodTable Weak       Min:  0.0, Avg:  0.1, Max:  0.6, Diff:  0.6, Sum:  0.6, Workers: 4
[62.926s][debug][gc,phases      ] GC(10)     Dead                           Min: 0, Avg: 10.0, Max: 40, Diff: 40, Sum: 40, Workers: 4
[62.926s][debug][gc,phases      ] GC(10)     Total                          Min: 0, Avg: 3639.5, Max: 14558, Diff: 14558, Sum: 14558, Workers: 4
[62.926s][debug][gc,phases      ] GC(10)   JNI Weak                       Min:  0.0, Avg:  0.0, Max:  0.0, Diff:  0.0, Sum:  0.0, Workers: 4
[62.926s][debug][gc,phases      ] GC(10)     Dead                           Min: 0, Avg:  0.0, Max: 0, Diff: 0, Sum: 0, Workers: 4
[62.926s][debug][gc,phases      ] GC(10)     Total                          Min: 0, Avg: 13.0, Max: 52, Diff: 52, Sum: 52, Workers: 4
[62.926s][debug][gc,phases      ] GC(10)   StringDedup Table Weak         Min:  0.0, Avg:  0.0, Max:  0.0, Diff:  0.0, Sum:  0.0, Workers: 4
[62.926s][debug][gc,phases      ] GC(10)     Dead                           Min: 0, Avg:  0.0, Max: 0, Diff: 0, Sum: 0, Workers: 4
[62.926s][debug][gc,phases      ] GC(10)     Total                          Min: 0, Avg:  0.0, Max: 0, Diff: 0, Sum: 0, Workers: 4
[62.926s][debug][gc,phases      ] GC(10)   StringDedup Requests0 Weak     Min:  0.0, Avg:  0.0, Max:  0.0, Diff:  0.0, Sum:  0.0, Workers: 4
[62.926s][debug][gc,phases      ] GC(10)     Dead                           Min: 0, Avg:  0.0, Max: 0, Diff: 0, Sum: 0, Workers: 4
[62.926s][debug][gc,phases      ] GC(10)     Total                          Min: 0, Avg:  0.0, Max: 0, Diff: 0, Sum: 0, Workers: 4
[62.926s][debug][gc,phases      ] GC(10)   StringDedup Requests1 Weak     Min:  0.0, Avg:  0.0, Max:  0.0, Diff:  0.0, Sum:  0.0, Workers: 4
[62.926s][debug][gc,phases      ] GC(10)     Dead                           Min: 0, Avg:  0.0, Max: 0, Diff: 0, Sum: 0, Workers: 4
[62.926s][debug][gc,phases      ] GC(10)     Total                          Min: 0, Avg:  0.0, Max: 0, Diff: 0, Sum: 0, Workers: 4
[62.926s][debug][gc,phases      ] GC(10)   Weak JFR Old Object Samples    Min:  0.0, Avg:  0.0, Max:  0.0, Diff:  0.0, Sum:  0.0, Workers: 4
[62.926s][debug][gc,phases      ] GC(10)     Dead                           Min: 0, Avg:  0.0, Max: 0, Diff: 0, Sum: 0, Workers: 4
[62.926s][debug][gc,phases      ] GC(10)     Total                          Min: 0, Avg:  0.0, Max: 0, Diff: 0, Sum: 0, Workers: 4
[62.926s][debug][gc,phases      ] GC(10) Weak Processing 2.480ms
[62.926s][debug][gc,age         ] GC(10) Desired survivor size 256901120 bytes, new threshold 4 (max threshold 15)
[62.926s][info ][gc,heap        ] GC(10) PSYoungGen: 1793019K(1793024K)->144998K(1840128K) Eden: 1583104K(1583104K)->0K(1583104K) From: 209915K(209920K)->144998K(257024K)
[62.926s][info ][gc,heap        ] GC(10) ParOldGen: 11035K(11264K)->65100K(65536K)
[62.926s][info ][gc,metaspace   ] GC(10) Metaspace: 102900K(104192K)->102900K(104192K) NonClass: 87172K(87872K)->87172K(87872K) Class: 15727K(16320K)->15727K(16320K)
[62.926s][info ][gc             ] GC(10) Pause Young (Allocation Failure) 1761M->205M(1861M) 213.450ms
[62.926s][info ][gc,cpu         ] GC(10) User=0.30s Sys=0.03s Real=0.21s
[62.926s][info ][safepoint      ] Safepoint "ParallelGCFailedAllocation", Time since last: 684601288 ns, Reaching safepoint: 8801 ns, Cleanup: 35801 ns, At safepoint: 213570802 ns, Total: 213615404 ns
[63.927s][info ][safepoint      ] Safepoint "Cleanup", Time since last: 1000102620 ns, Reaching safepoint: 8300 ns, Cleanup: 59602 ns, At safepoint: 3300 ns, Total: 71202 ns
[64.927s][info ][safepoint      ] Safepoint "Cleanup", Time since last: 1000121467 ns, Reaching safepoint: 10701 ns, Cleanup: 31801 ns, At safepoint: 2900 ns, Total: 45402 ns
[65.927s][info ][safepoint      ] Safepoint "Cleanup", Time since last: 1000287272 ns, Reaching safepoint: 11100 ns, Cleanup: 39201 ns, At safepoint: 3301 ns, Total: 53602 ns
[66.927s][info ][safepoint      ] Safepoint "Cleanup", Time since last: 1000130667 ns, Reaching safepoint: 9600 ns, Cleanup: 52802 ns, At safepoint: 3000 ns, Total: 65402 ns
[67.927s][info ][safepoint      ] Safepoint "Cleanup", Time since last: 1000118066 ns, Reaching safepoint: 8301 ns, Cleanup: 57402 ns, At safepoint: 3500 ns, Total: 69203 ns
[68.928s][info ][safepoint      ] Safepoint "Cleanup", Time since last: 1000143267 ns, Reaching safepoint: 8900 ns, Cleanup: 28601 ns, At safepoint: 2701 ns, Total: 40202 ns
[69.928s][info ][safepoint      ] Safepoint "Cleanup", Time since last: 1000117714 ns, Reaching safepoint: 10800 ns, Cleanup: 55402 ns, At safepoint: 2900 ns, Total: 69102 ns
[70.928s][info ][safepoint      ] Safepoint "Cleanup", Time since last: 1000120708 ns, Reaching safepoint: 9400 ns, Cleanup: 47802 ns, At safepoint: 3100 ns, Total: 60302 ns
[71.928s][info ][safepoint      ] Safepoint "Cleanup", Time since last: 1000125873 ns, Reaching safepoint: 10801 ns, Cleanup: 41701 ns, At safepoint: 3000 ns, Total: 55502 ns
[72.928s][info ][safepoint      ] Safepoint "Cleanup", Time since last: 1000102643 ns, Reaching safepoint: 9600 ns, Cleanup: 16201 ns, At safepoint: 2100 ns, Total: 27901 ns
[73.928s][info ][safepoint      ] Safepoint "Cleanup", Time since last: 1000097843 ns, Reaching safepoint: 7300 ns, Cleanup: 18501 ns, At safepoint: 2200 ns, Total: 28001 ns
[74.929s][info ][safepoint      ] Safepoint "Cleanup", Time since last: 1000103943 ns, Reaching safepoint: 9700 ns, Cleanup: 19601 ns, At safepoint: 2200 ns, Total: 31501 ns
[75.929s][info ][safepoint      ] Safepoint "Cleanup", Time since last: 1000116543 ns, Reaching safepoint: 9900 ns, Cleanup: 42002 ns, At safepoint: 4900 ns, Total: 56802 ns
[76.929s][info ][safepoint      ] Safepoint "Cleanup", Time since last: 1000135944 ns, Reaching safepoint: 13100 ns, Cleanup: 100604 ns, At safepoint: 4400 ns, Total: 118104 ns
[77.929s][info ][safepoint      ] Safepoint "Cleanup", Time since last: 1000153745 ns, Reaching safepoint: 12800 ns, Cleanup: 62102 ns, At safepoint: 3200 ns, Total: 78102 ns
[78.929s][info ][safepoint      ] Safepoint "Cleanup", Time since last: 1000137144 ns, Reaching safepoint: 9101 ns, Cleanup: 30401 ns, At safepoint: 2400 ns, Total: 41902 ns
[79.930s][info ][safepoint      ] Safepoint "Cleanup", Time since last: 1000134623 ns, Reaching safepoint: 9000 ns, Cleanup: 28401 ns, At safepoint: 3100 ns, Total: 40501 ns
[80.237s][info ][safepoint      ] Safepoint "ICBufferFull", Time since last: 295641947 ns, Reaching safepoint: 11206165 ns, Cleanup: 175306 ns, At safepoint: 31301 ns, Total: 11412772 ns
[80.376s][info ][safepoint      ] Safepoint "ICBufferFull", Time since last: 137368882 ns, Reaching safepoint: 2098068 ns, Cleanup: 202007 ns, At safepoint: 16201 ns, Total: 2316276 ns
[80.591s][info ][safepoint      ] Safepoint "ICBufferFull", Time since last: 214334993 ns, Reaching safepoint: 93303 ns, Cleanup: 178006 ns, At safepoint: 7500 ns, Total: 278809 ns
[80.869s][info ][safepoint      ] Safepoint "ICBufferFull", Time since last: 278147275 ns, Reaching safepoint: 9901 ns, Cleanup: 129504 ns, At safepoint: 3600 ns, Total: 143005 ns
[82.243s][info ][safepoint      ] Safepoint "ICBufferFull", Time since last: 1373693821 ns, Reaching safepoint: 9100 ns, Cleanup: 169906 ns, At safepoint: 3600 ns, Total: 182606 ns
[82.323s][info ][safepoint      ] Safepoint "ParallelGCFailedAllocation", Time since last: 80154415 ns, Reaching safepoint: 79203 ns, Cleanup: 26701 ns, At safepoint: 12000 ns, Total: 117904 ns
[82.325s][info ][gc,start       ] GC(11) Pause Young (GCLocker Initiated GC)
[82.451s][debug][gc,phases      ] GC(11) Scavenge 126.258ms
[82.451s][debug][gc,ref         ] GC(11) ReferenceProcessor::execute queues: 1, RefProcThreadModel::Single, marks_oops_alive: false
[82.451s][debug][gc,ref         ] GC(11) Skipped KeepAliveFinalRefsPhase of Reference Processing: no references
[82.451s][debug][gc,ref         ] GC(11) ReferenceProcessor::execute queues: 1, RefProcThreadModel::Single, marks_oops_alive: false
[82.451s][debug][gc,phases      ] GC(11) Reference Processing 0.204ms
[82.452s][debug][gc,phases      ] GC(11)   VM Weak                        Min:  0.0, Avg:  0.0, Max:  0.0, Diff:  0.0, Sum:  0.0, Workers: 4
[82.452s][debug][gc,phases      ] GC(11)     Dead                           Min: 0, Avg:  0.0, Max: 0, Diff: 0, Sum: 0, Workers: 4
[82.452s][debug][gc,phases      ] GC(11)     Total                          Min: 0, Avg: 239.8, Max: 639, Diff: 639, Sum: 959, Workers: 4
[82.452s][debug][gc,phases      ] GC(11)   ObjectSynchronizer Weak        Min:  0.0, Avg:  0.0, Max:  0.0, Diff:  0.0, Sum:  0.0, Workers: 4
[82.452s][debug][gc,phases      ] GC(11)     Dead                           Min: 0, Avg:  0.5, Max: 2, Diff: 2, Sum: 2, Workers: 4
[82.452s][debug][gc,phases      ] GC(11)     Total                          Min: 0, Avg:  1.2, Max: 5, Diff: 5, Sum: 5, Workers: 4
[82.452s][debug][gc,phases      ] GC(11)   JVMTI Tag Weak OopStorage      Min:  0.0, Avg:  0.0, Max:  0.0, Diff:  0.0, Sum:  0.0, Workers: 4
[82.452s][debug][gc,phases      ] GC(11)     Dead                           Min: 0, Avg:  0.0, Max: 0, Diff: 0, Sum: 0, Workers: 4
[82.452s][debug][gc,phases      ] GC(11)     Total                          Min: 0, Avg:  0.0, Max: 0, Diff: 0, Sum: 0, Workers: 4
[82.452s][debug][gc,phases      ] GC(11)   StringTable Weak               Min:  0.0, Avg:  0.3, Max:  0.6, Diff:  0.6, Sum:  1.3, Workers: 4
[82.452s][debug][gc,phases      ] GC(11)     Dead                           Min: 0, Avg:  0.5, Max: 1, Diff: 1, Sum: 2, Workers: 4
[82.452s][debug][gc,phases      ] GC(11)     Total                          Min: 0, Avg: 11339.5, Max: 23040, Diff: 23040, Sum: 45358, Workers: 4
[82.452s][debug][gc,phases      ] GC(11)   ResolvedMethodTable Weak       Min:  0.0, Avg:  0.1, Max:  0.3, Diff:  0.3, Sum:  0.5, Workers: 4
[82.452s][debug][gc,phases      ] GC(11)     Dead                           Min: 0, Avg: 14.0, Max: 45, Diff: 45, Sum: 56, Workers: 4
[82.452s][debug][gc,phases      ] GC(11)     Total                          Min: 0, Avg: 3657.0, Max: 7549, Diff: 7549, Sum: 14628, Workers: 4
[82.452s][debug][gc,phases      ] GC(11)   JNI Weak                       Min:  0.0, Avg:  0.0, Max:  0.0, Diff:  0.0, Sum:  0.0, Workers: 4
[82.452s][debug][gc,phases      ] GC(11)     Dead                           Min: 0, Avg:  0.0, Max: 0, Diff: 0, Sum: 0, Workers: 4
[82.452s][debug][gc,phases      ] GC(11)     Total                          Min: 0, Avg: 21.0, Max: 48, Diff: 48, Sum: 84, Workers: 4
[82.452s][debug][gc,phases      ] GC(11)   StringDedup Table Weak         Min:  0.0, Avg:  0.0, Max:  0.0, Diff:  0.0, Sum:  0.0, Workers: 4
[82.452s][debug][gc,phases      ] GC(11)     Dead                           Min: 0, Avg:  0.0, Max: 0, Diff: 0, Sum: 0, Workers: 4
[82.452s][debug][gc,phases      ] GC(11)     Total                          Min: 0, Avg:  0.0, Max: 0, Diff: 0, Sum: 0, Workers: 4
[82.452s][debug][gc,phases      ] GC(11)   StringDedup Requests0 Weak     Min:  0.0, Avg:  0.0, Max:  0.0, Diff:  0.0, Sum:  0.0, Workers: 4
[82.452s][debug][gc,phases      ] GC(11)     Dead                           Min: 0, Avg:  0.0, Max: 0, Diff: 0, Sum: 0, Workers: 4
[82.452s][debug][gc,phases      ] GC(11)     Total                          Min: 0, Avg:  0.0, Max: 0, Diff: 0, Sum: 0, Workers: 4
[82.452s][debug][gc,phases      ] GC(11)   StringDedup Requests1 Weak     Min:  0.0, Avg:  0.0, Max:  0.0, Diff:  0.0, Sum:  0.0, Workers: 4
[82.452s][debug][gc,phases      ] GC(11)     Dead                           Min: 0, Avg:  0.0, Max: 0, Diff: 0, Sum: 0, Workers: 4
[82.452s][debug][gc,phases      ] GC(11)     Total                          Min: 0, Avg:  0.0, Max: 0, Diff: 0, Sum: 0, Workers: 4
[82.452s][debug][gc,phases      ] GC(11)   Weak JFR Old Object Samples    Min:  0.0, Avg:  0.0, Max:  0.0, Diff:  0.0, Sum:  0.0, Workers: 4
[82.452s][debug][gc,phases      ] GC(11)     Dead                           Min: 0, Avg:  0.0, Max: 0, Diff: 0, Sum: 0, Workers: 4
[82.452s][debug][gc,phases      ] GC(11)     Total                          Min: 0, Avg:  0.0, Max: 0, Diff: 0, Sum: 0, Workers: 4
[82.452s][debug][gc,phases      ] GC(11) Weak Processing 1.200ms
[82.452s][debug][gc,age         ] GC(11) Desired survivor size 246415360 bytes, new threshold 3 (max threshold 15)
[82.452s][info ][gc,heap        ] GC(11) PSYoungGen: 1728074K(1840128K)->96329K(1856512K) Eden: 1583075K(1583104K)->0K(1605632K) From: 144998K(257024K)->96329K(250880K)
[82.452s][info ][gc,heap        ] GC(11) ParOldGen: 65612K(66048K)->141344K(141824K)
[82.452s][info ][gc,metaspace   ] GC(11) Metaspace: 103366K(104640K)->103366K(104640K) NonClass: 87605K(88320K)->87605K(88320K) Class: 15760K(16320K)->15760K(16320K)
[82.452s][info ][gc             ] GC(11) Pause Young (GCLocker Initiated GC) 1751M->232M(1951M) 127.800ms
[82.452s][info ][gc,cpu         ] GC(11) User=0.26s Sys=0.05s Real=0.13s
[82.453s][info ][safepoint      ] Safepoint "ParallelGCSystemGC", Time since last: 1175439 ns, Reaching safepoint: 110903 ns, Cleanup: 2900 ns, At safepoint: 127904274 ns, Total: 128018077 ns
[83.854s][info ][safepoint      ] Safepoint "ICBufferFull", Time since last: 1393522368 ns, Reaching safepoint: 7501244 ns, Cleanup: 206407 ns, At safepoint: 36001 ns, Total: 7743652 ns
[84.855s][info ][safepoint      ] Safepoint "Cleanup", Time since last: 1000835856 ns, Reaching safepoint: 180906 ns, Cleanup: 86402 ns, At safepoint: 17801 ns, Total: 285109 ns
[84.926s][info ][gc,start       ] GC(12) Pause Young (CodeCache GC Threshold)
[85.005s][debug][gc,phases      ] GC(12) Scavenge 78.551ms
[85.005s][debug][gc,ref         ] GC(12) ReferenceProcessor::execute queues: 1, RefProcThreadModel::Single, marks_oops_alive: false
[85.005s][debug][gc,ref         ] GC(12) Skipped KeepAliveFinalRefsPhase of Reference Processing: no references
[85.005s][debug][gc,ref         ] GC(12) ReferenceProcessor::execute queues: 1, RefProcThreadModel::Single, marks_oops_alive: false
[85.005s][debug][gc,phases      ] GC(12) Reference Processing 0.138ms
[85.005s][debug][gc,phases      ] GC(12)   VM Weak                        Min:  0.0, Avg:  0.0, Max:  0.0, Diff:  0.0, Sum:  0.0, Workers: 4
[85.005s][debug][gc,phases      ] GC(12)     Dead                           Min: 0, Avg:  0.0, Max: 0, Diff: 0, Sum: 0, Workers: 4
[85.005s][debug][gc,phases      ] GC(12)     Total                          Min: 0, Avg: 239.8, Max: 576, Diff: 576, Sum: 959, Workers: 4
[85.005s][debug][gc,phases      ] GC(12)   ObjectSynchronizer Weak        Min:  0.0, Avg:  0.0, Max:  0.0, Diff:  0.0, Sum:  0.0, Workers: 4
[85.005s][debug][gc,phases      ] GC(12)     Dead                           Min: 0, Avg:  0.0, Max: 0, Diff: 0, Sum: 0, Workers: 4
[85.005s][debug][gc,phases      ] GC(12)     Total                          Min: 0, Avg:  1.2, Max: 5, Diff: 5, Sum: 5, Workers: 4
[85.005s][debug][gc,phases      ] GC(12)   JVMTI Tag Weak OopStorage      Min:  0.0, Avg:  0.0, Max:  0.0, Diff:  0.0, Sum:  0.0, Workers: 4
[85.005s][debug][gc,phases      ] GC(12)     Dead                           Min: 0, Avg:  0.0, Max: 0, Diff: 0, Sum: 0, Workers: 4
[85.005s][debug][gc,phases      ] GC(12)     Total                          Min: 0, Avg:  0.0, Max: 0, Diff: 0, Sum: 0, Workers: 4
[85.005s][debug][gc,phases      ] GC(12)   StringTable Weak               Min:  0.0, Avg:  0.1, Max:  0.2, Diff:  0.2, Sum:  0.6, Workers: 4
[85.005s][debug][gc,phases      ] GC(12)     Dead                           Min: 0, Avg:  0.2, Max: 1, Diff: 1, Sum: 1, Workers: 4
[85.005s][debug][gc,phases      ] GC(12)     Total                          Min: 0, Avg: 11344.8, Max: 16256, Diff: 16256, Sum: 45379, Workers: 4
[85.005s][debug][gc,phases      ] GC(12)   ResolvedMethodTable Weak       Min:  0.0, Avg:  0.1, Max:  0.1, Diff:  0.1, Sum:  0.2, Workers: 4
[85.005s][debug][gc,phases      ] GC(12)     Dead                           Min: 0, Avg:  1.0, Max: 4, Diff: 4, Sum: 4, Workers: 4
[85.005s][debug][gc,phases      ] GC(12)     Total                          Min: 0, Avg: 3659.5, Max: 5381, Diff: 5381, Sum: 14638, Workers: 4
[85.005s][debug][gc,phases      ] GC(12)   JNI Weak                       Min:  0.0, Avg:  0.0, Max:  0.0, Diff:  0.0, Sum:  0.0, Workers: 4
[85.005s][debug][gc,phases      ] GC(12)     Dead                           Min: 0, Avg:  0.0, Max: 0, Diff: 0, Sum: 0, Workers: 4
[85.005s][debug][gc,phases      ] GC(12)     Total                          Min: 0, Avg: 13.2, Max: 48, Diff: 48, Sum: 53, Workers: 4
[85.005s][debug][gc,phases      ] GC(12)   StringDedup Table Weak         Min:  0.0, Avg:  0.0, Max:  0.0, Diff:  0.0, Sum:  0.0, Workers: 4
[85.005s][debug][gc,phases      ] GC(12)     Dead                           Min: 0, Avg:  0.0, Max: 0, Diff: 0, Sum: 0, Workers: 4
[85.005s][debug][gc,phases      ] GC(12)     Total                          Min: 0, Avg:  0.0, Max: 0, Diff: 0, Sum: 0, Workers: 4
[85.005s][debug][gc,phases      ] GC(12)   StringDedup Requests0 Weak     Min:  0.0, Avg:  0.0, Max:  0.0, Diff:  0.0, Sum:  0.0, Workers: 4
[85.005s][debug][gc,phases      ] GC(12)     Dead                           Min: 0, Avg:  0.0, Max: 0, Diff: 0, Sum: 0, Workers: 4
[85.005s][debug][gc,phases      ] GC(12)     Total                          Min: 0, Avg:  0.0, Max: 0, Diff: 0, Sum: 0, Workers: 4
[85.005s][debug][gc,phases      ] GC(12)   StringDedup Requests1 Weak     Min:  0.0, Avg:  0.0, Max:  0.0, Diff:  0.0, Sum:  0.0, Workers: 4
[85.005s][debug][gc,phases      ] GC(12)     Dead                           Min: 0, Avg:  0.0, Max: 0, Diff: 0, Sum: 0, Workers: 4
[85.005s][debug][gc,phases      ] GC(12)     Total                          Min: 0, Avg:  0.0, Max: 0, Diff: 0, Sum: 0, Workers: 4
[85.005s][debug][gc,phases      ] GC(12)   Weak JFR Old Object Samples    Min:  0.0, Avg:  0.0, Max:  0.0, Diff:  0.0, Sum:  0.0, Workers: 4
[85.005s][debug][gc,phases      ] GC(12)     Dead                           Min: 0, Avg:  0.0, Max: 0, Diff: 0, Sum: 0, Workers: 4
[85.005s][debug][gc,phases      ] GC(12)     Total                          Min: 0, Avg:  0.0, Max: 0, Diff: 0, Sum: 0, Workers: 4
[85.005s][debug][gc,phases      ] GC(12) Weak Processing 0.504ms
[85.005s][debug][gc,age         ] GC(12) Desired survivor size 246939648 bytes, new threshold 2 (max threshold 15)
[85.005s][info ][gc,heap        ] GC(12) PSYoungGen: 617078K(1856512K)->43403K(1846272K) Eden: 520749K(1605632K)->0K(1605632K) From: 96329K(250880K)->43403K(240640K)
[85.005s][info ][gc,heap        ] GC(12) ParOldGen: 141344K(141824K)->211709K(211968K)
[85.006s][info ][gc,metaspace   ] GC(12) Metaspace: 103456K(104704K)->103456K(104704K) NonClass: 87690K(88384K)->87690K(88384K) Class: 15765K(16320K)->15765K(16320K)
[85.006s][info ][gc             ] GC(12) Pause Young (CodeCache GC Threshold) 740M->249M(2010M) 79.367ms
[85.006s][info ][gc,cpu         ] GC(12) User=0.13s Sys=0.03s Real=0.08s
[85.006s][debug][gc,phases      ] GC(13) Pre Compact 0.011ms
[85.006s][info ][gc,start       ] GC(13) Pause Full (CodeCache GC Threshold)
[85.006s][info ][gc,phases,start] GC(13) Marking Phase
[85.126s][debug][gc,phases      ] GC(13) Par Mark 120.566ms
[85.126s][debug][gc,ref         ] GC(13) ReferenceProcessor::execute queues: 1, RefProcThreadModel::Single, marks_oops_alive: false
[85.126s][debug][gc,ref         ] GC(13) ReferenceProcessor::execute queues: 4, RefProcThreadModel::Multi, marks_oops_alive: true
[85.128s][debug][gc,ref         ] GC(13) ReferenceProcessor::execute queues: 1, RefProcThreadModel::Single, marks_oops_alive: false
[85.128s][debug][gc,phases      ] GC(13) Reference Processing 1.616ms
[85.128s][debug][gc,phases      ] GC(13)   VM Weak                        Min:  0.0, Avg:  0.0, Max:  0.0, Diff:  0.0, Sum:  0.0, Workers: 4
[85.128s][debug][gc,phases      ] GC(13)     Dead                           Min: 0, Avg:  0.0, Max: 0, Diff: 0, Sum: 0, Workers: 4
[85.128s][debug][gc,phases      ] GC(13)     Total                          Min: 0, Avg: 239.8, Max: 383, Diff: 383, Sum: 959, Workers: 4
[85.128s][debug][gc,phases      ] GC(13)   ObjectSynchronizer Weak        Min:  0.0, Avg:  0.0, Max:  0.0, Diff:  0.0, Sum:  0.0, Workers: 4
[85.128s][debug][gc,phases      ] GC(13)     Dead                           Min: 0, Avg:  0.0, Max: 0, Diff: 0, Sum: 0, Workers: 4
[85.128s][debug][gc,phases      ] GC(13)     Total                          Min: 0, Avg:  1.2, Max: 5, Diff: 5, Sum: 5, Workers: 4
[85.128s][debug][gc,phases      ] GC(13)   JVMTI Tag Weak OopStorage      Min:  0.0, Avg:  0.0, Max:  0.0, Diff:  0.0, Sum:  0.0, Workers: 4
[85.128s][debug][gc,phases      ] GC(13)     Dead                           Min: 0, Avg:  0.0, Max: 0, Diff: 0, Sum: 0, Workers: 4
[85.128s][debug][gc,phases      ] GC(13)     Total                          Min: 0, Avg:  0.0, Max: 0, Diff: 0, Sum: 0, Workers: 4
[85.128s][debug][gc,phases      ] GC(13)   StringTable Weak               Min:  0.0, Avg:  0.2, Max:  0.3, Diff:  0.3, Sum:  0.9, Workers: 4
[85.128s][debug][gc,phases      ] GC(13)     Dead                           Min: 0, Avg:  0.0, Max: 0, Diff: 0, Sum: 0, Workers: 4
[85.128s][debug][gc,phases      ] GC(13)     Total                          Min: 0, Avg: 11344.8, Max: 17088, Diff: 17088, Sum: 45379, Workers: 4
[85.128s][debug][gc,phases      ] GC(13)   ResolvedMethodTable Weak       Min:  0.0, Avg:  0.1, Max:  0.1, Diff:  0.1, Sum:  0.2, Workers: 4
[85.128s][debug][gc,phases      ] GC(13)     Dead                           Min: 0, Avg:  0.0, Max: 0, Diff: 0, Sum: 0, Workers: 4
[85.128s][debug][gc,phases      ] GC(13)     Total                          Min: 0, Avg: 3659.5, Max: 5354, Diff: 5354, Sum: 14638, Workers: 4
[85.128s][debug][gc,phases      ] GC(13)   JNI Weak                       Min:  0.0, Avg:  0.0, Max:  0.0, Diff:  0.0, Sum:  0.0, Workers: 4
[85.128s][debug][gc,phases      ] GC(13)     Dead                           Min: 0, Avg:  0.0, Max: 0, Diff: 0, Sum: 0, Workers: 4
[85.128s][debug][gc,phases      ] GC(13)     Total                          Min: 0, Avg: 13.2, Max: 48, Diff: 48, Sum: 53, Workers: 4
[85.128s][debug][gc,phases      ] GC(13)   StringDedup Table Weak         Min:  0.0, Avg:  0.0, Max:  0.0, Diff:  0.0, Sum:  0.0, Workers: 4
[85.128s][debug][gc,phases      ] GC(13)     Dead                           Min: 0, Avg:  0.0, Max: 0, Diff: 0, Sum: 0, Workers: 4
[85.128s][debug][gc,phases      ] GC(13)     Total                          Min: 0, Avg:  0.0, Max: 0, Diff: 0, Sum: 0, Workers: 4
[85.128s][debug][gc,phases      ] GC(13)   StringDedup Requests0 Weak     Min:  0.0, Avg:  0.0, Max:  0.0, Diff:  0.0, Sum:  0.0, Workers: 4
[85.128s][debug][gc,phases      ] GC(13)     Dead                           Min: 0, Avg:  0.0, Max: 0, Diff: 0, Sum: 0, Workers: 4
[85.128s][debug][gc,phases      ] GC(13)     Total                          Min: 0, Avg:  0.0, Max: 0, Diff: 0, Sum: 0, Workers: 4
[85.128s][debug][gc,phases      ] GC(13)   StringDedup Requests1 Weak     Min:  0.0, Avg:  0.0, Max:  0.0, Diff:  0.0, Sum:  0.0, Workers: 4
[85.128s][debug][gc,phases      ] GC(13)     Dead                           Min: 0, Avg:  0.0, Max: 0, Diff: 0, Sum: 0, Workers: 4
[85.128s][debug][gc,phases      ] GC(13)     Total                          Min: 0, Avg:  0.0, Max: 0, Diff: 0, Sum: 0, Workers: 4
[85.128s][debug][gc,phases      ] GC(13)   Weak JFR Old Object Samples    Min:  0.0, Avg:  0.0, Max:  0.0, Diff:  0.0, Sum:  0.0, Workers: 4
[85.128s][debug][gc,phases      ] GC(13)     Dead                           Min: 0, Avg:  0.0, Max: 0, Diff: 0, Sum: 0, Workers: 4
[85.128s][debug][gc,phases      ] GC(13)     Total                          Min: 0, Avg:  0.0, Max: 0, Diff: 0, Sum: 0, Workers: 4
[85.128s][debug][gc,phases      ] GC(13) Weak Processing 0.612ms
[85.129s][debug][gc,phases      ] GC(13) ClassLoaderData 0.138ms
[85.129s][debug][gc,phases      ] GC(13) Trigger cleanups 0.000ms
[85.184s][debug][gc,phases      ] GC(13) Purge Unlinked NMethods 1.437ms
[85.184s][debug][gc,phases      ] GC(13) Unregister NMethods 0.003ms
[85.184s][debug][gc,phases      ] GC(13) Free Code Blobs 0.232ms
[85.184s][debug][gc,phases      ] GC(13) Class Unloading 55.451ms
[85.184s][debug][gc,phases      ] GC(13) Report Object Count 0.001ms
[85.184s][info ][gc,phases      ] GC(13) Marking Phase 178.310ms
[85.184s][info ][gc,phases,start] GC(13) Summary Phase
[85.184s][info ][gc,phases      ] GC(13) Summary Phase 0.010ms
[85.184s][info ][gc,phases,start] GC(13) Adjust Roots
[85.210s][info ][gc,phases      ] GC(13) Adjust Roots 26.209ms
[85.210s][info ][gc,phases,start] GC(13) Compaction Phase
[85.514s][info ][gc,phases      ] GC(13) Compaction Phase 303.426ms
[85.514s][info ][gc,phases,start] GC(13) Post Compact
[85.515s][debug][gc,phases      ] GC(13) Purge Class Loader Data 0.463ms
[85.515s][info ][gc,phases      ] GC(13) Post Compact 1.623ms
[85.515s][info ][gc,heap        ] GC(13) PSYoungGen: 43403K(1846272K)->35212K(1846272K) Eden: 0K(1605632K)->0K(1605632K) From: 43403K(240640K)->35212K(240640K)
[85.515s][info ][gc,heap        ] GC(13) ParOldGen: 211709K(211968K)->211851K(211968K)
[85.515s][info ][gc,metaspace   ] GC(13) Metaspace: 103456K(104704K)->103456K(104704K) NonClass: 87690K(88384K)->87690K(88384K) Class: 15765K(16320K)->15765K(16320K)
[85.515s][info ][gc             ] GC(13) Pause Full (CodeCache GC Threshold) 249M->241M(2010M) 509.761ms
[85.515s][info ][gc,cpu         ] GC(13) User=1.33s Sys=0.01s Real=0.51s
[85.515s][info ][safepoint      ] Safepoint "ParallelGCSystemGC", Time since last: 70965915 ns, Reaching safepoint: 200207 ns, Cleanup: 14900 ns, At safepoint: 589342230 ns, Total: 589557337 ns
[86.516s][info ][safepoint      ] Safepoint "Cleanup", Time since last: 1000144632 ns, Reaching safepoint: 93604 ns, Cleanup: 148904 ns, At safepoint: 7501 ns, Total: 250009 ns
[87.521s][info ][safepoint      ] Safepoint "Cleanup", Time since last: 1000128041 ns, Reaching safepoint: 4797960 ns, Cleanup: 79602 ns, At safepoint: 17801 ns, Total: 4895363 ns
[88.528s][info ][safepoint      ] Safepoint "Cleanup", Time since last: 1002850070 ns, Reaching safepoint: 3986732 ns, Cleanup: 56002 ns, At safepoint: 27301 ns, Total: 4070035 ns
[89.528s][info ][safepoint      ] Safepoint "Cleanup", Time since last: 1000140980 ns, Reaching safepoint: 10200 ns, Cleanup: 83303 ns, At safepoint: 3000 ns, Total: 96503 ns
[90.528s][info ][safepoint      ] Safepoint "Cleanup", Time since last: 1000120679 ns, Reaching safepoint: 7600 ns, Cleanup: 33101 ns, At safepoint: 2700 ns, Total: 43401 ns
[91.528s][info ][safepoint      ] Safepoint "Cleanup", Time since last: 1000119079 ns, Reaching safepoint: 9500 ns, Cleanup: 39601 ns, At safepoint: 2400 ns, Total: 51501 ns
[92.529s][info ][safepoint      ] Safepoint "Cleanup", Time since last: 1000133280 ns, Reaching safepoint: 86003 ns, Cleanup: 32301 ns, At safepoint: 9000 ns, Total: 127304 ns
[94.348s][info ][safepoint      ] Safepoint "Cleanup", Time since last: 1818934225 ns, Reaching safepoint: 10400 ns, Cleanup: 148505 ns, At safepoint: 8100 ns, Total: 167005 ns
[95.348s][info ][safepoint      ] Safepoint "Cleanup", Time since last: 1000127737 ns, Reaching safepoint: 83003 ns, Cleanup: 51702 ns, At safepoint: 8600 ns, Total: 143305 ns
[96.348s][info ][safepoint      ] Safepoint "Cleanup", Time since last: 1000133556 ns, Reaching safepoint: 83403 ns, Cleanup: 34601 ns, At safepoint: 7600 ns, Total: 125604 ns
[97.349s][info ][safepoint      ] Safepoint "Cleanup", Time since last: 1000139956 ns, Reaching safepoint: 85703 ns, Cleanup: 53801 ns, At safepoint: 8301 ns, Total: 147805 ns
[98.353s][info ][safepoint      ] Safepoint "Cleanup", Time since last: 1003999785 ns, Reaching safepoint: 88003 ns, Cleanup: 54302 ns, At safepoint: 14300 ns, Total: 156605 ns
[98.555s][info ][gc,start       ] GC(14) Pause Young (Allocation Failure)
[98.617s][debug][gc,phases      ] GC(14) Scavenge 61.404ms
[98.617s][debug][gc,ref         ] GC(14) ReferenceProcessor::execute queues: 1, RefProcThreadModel::Single, marks_oops_alive: false
[98.617s][debug][gc,ref         ] GC(14) Skipped KeepAliveFinalRefsPhase of Reference Processing: no references
[98.617s][debug][gc,ref         ] GC(14) ReferenceProcessor::execute queues: 1, RefProcThreadModel::Single, marks_oops_alive: false
[98.617s][debug][gc,phases      ] GC(14) Reference Processing 0.148ms
[98.617s][debug][gc,phases      ] GC(14)   VM Weak                        Min:  0.0, Avg:  0.0, Max:  0.0, Diff:  0.0, Sum:  0.0, Workers: 4
[98.617s][debug][gc,phases      ] GC(14)     Dead                           Min: 0, Avg:  0.0, Max: 0, Diff: 0, Sum: 0, Workers: 4
[98.617s][debug][gc,phases      ] GC(14)     Total                          Min: 0, Avg: 241.0, Max: 576, Diff: 576, Sum: 964, Workers: 4
[98.617s][debug][gc,phases      ] GC(14)   ObjectSynchronizer Weak        Min:  0.0, Avg:  0.0, Max:  0.0, Diff:  0.0, Sum:  0.0, Workers: 4
[98.617s][debug][gc,phases      ] GC(14)     Dead                           Min: 0, Avg:  0.0, Max: 0, Diff: 0, Sum: 0, Workers: 4
[98.617s][debug][gc,phases      ] GC(14)     Total                          Min: 0, Avg:  1.2, Max: 5, Diff: 5, Sum: 5, Workers: 4
[98.617s][debug][gc,phases      ] GC(14)   JVMTI Tag Weak OopStorage      Min:  0.0, Avg:  0.0, Max:  0.0, Diff:  0.0, Sum:  0.0, Workers: 4
[98.617s][debug][gc,phases      ] GC(14)     Dead                           Min: 0, Avg:  0.0, Max: 0, Diff: 0, Sum: 0, Workers: 4
[98.617s][debug][gc,phases      ] GC(14)     Total                          Min: 0, Avg:  0.0, Max: 0, Diff: 0, Sum: 0, Workers: 4
[98.617s][debug][gc,phases      ] GC(14)   StringTable Weak               Min:  0.0, Avg:  0.1, Max:  0.1, Diff:  0.1, Sum:  0.4, Workers: 4
[98.617s][debug][gc,phases      ] GC(14)     Dead                           Min: 0, Avg:  0.2, Max: 1, Diff: 1, Sum: 1, Workers: 4
[98.617s][debug][gc,phases      ] GC(14)     Total                          Min: 0, Avg: 11364.2, Max: 16320, Diff: 16320, Sum: 45457, Workers: 4
[98.617s][debug][gc,phases      ] GC(14)   ResolvedMethodTable Weak       Min:  0.0, Avg:  0.0, Max:  0.1, Diff:  0.1, Sum:  0.2, Workers: 4
[98.617s][debug][gc,phases      ] GC(14)     Dead                           Min: 0, Avg:  5.8, Max: 15, Diff: 15, Sum: 23, Workers: 4
[98.617s][debug][gc,phases      ] GC(14)     Total                          Min: 0, Avg: 3672.0, Max: 5762, Diff: 5762, Sum: 14688, Workers: 4
[98.617s][debug][gc,phases      ] GC(14)   JNI Weak                       Min:  0.0, Avg:  0.0, Max:  0.0, Diff:  0.0, Sum:  0.0, Workers: 4
[98.617s][debug][gc,phases      ] GC(14)     Dead                           Min: 0, Avg:  0.0, Max: 0, Diff: 0, Sum: 0, Workers: 4
[98.617s][debug][gc,phases      ] GC(14)     Total                          Min: 0, Avg: 13.0, Max: 48, Diff: 48, Sum: 52, Workers: 4
[98.617s][debug][gc,phases      ] GC(14)   StringDedup Table Weak         Min:  0.0, Avg:  0.0, Max:  0.0, Diff:  0.0, Sum:  0.0, Workers: 4
[98.617s][debug][gc,phases      ] GC(14)     Dead                           Min: 0, Avg:  0.0, Max: 0, Diff: 0, Sum: 0, Workers: 4
[98.617s][debug][gc,phases      ] GC(14)     Total                          Min: 0, Avg:  0.0, Max: 0, Diff: 0, Sum: 0, Workers: 4
[98.617s][debug][gc,phases      ] GC(14)   StringDedup Requests0 Weak     Min:  0.0, Avg:  0.0, Max:  0.0, Diff:  0.0, Sum:  0.0, Workers: 4
[98.617s][debug][gc,phases      ] GC(14)     Dead                           Min: 0, Avg:  0.0, Max: 0, Diff: 0, Sum: 0, Workers: 4
[98.617s][debug][gc,phases      ] GC(14)     Total                          Min: 0, Avg:  0.0, Max: 0, Diff: 0, Sum: 0, Workers: 4
[98.617s][debug][gc,phases      ] GC(14)   StringDedup Requests1 Weak     Min:  0.0, Avg:  0.0, Max:  0.0, Diff:  0.0, Sum:  0.0, Workers: 4
[98.617s][debug][gc,phases      ] GC(14)     Dead                           Min: 0, Avg:  0.0, Max: 0, Diff: 0, Sum: 0, Workers: 4
[98.617s][debug][gc,phases      ] GC(14)     Total                          Min: 0, Avg:  0.0, Max: 0, Diff: 0, Sum: 0, Workers: 4
[98.617s][debug][gc,phases      ] GC(14)   Weak JFR Old Object Samples    Min:  0.0, Avg:  0.0, Max:  0.0, Diff:  0.0, Sum:  0.0, Workers: 4
[98.617s][debug][gc,phases      ] GC(14)     Dead                           Min: 0, Avg:  0.0, Max: 0, Diff: 0, Sum: 0, Workers: 4
[98.617s][debug][gc,phases      ] GC(14)     Total                          Min: 0, Avg:  0.0, Max: 0, Diff: 0, Sum: 0, Workers: 4
[98.617s][debug][gc,phases      ] GC(14) Weak Processing 0.516ms
[98.617s][debug][gc,age         ] GC(14) Desired survivor size 250085376 bytes, new threshold 1 (max threshold 15)
[98.617s][info ][gc,heap        ] GC(14) PSYoungGen: 1640844K(1846272K)->15856K(1849856K) Eden: 1605632K(1605632K)->0K(1608704K) From: 35212K(240640K)->15856K(241152K)
[98.617s][info ][gc,heap        ] GC(14) ParOldGen: 211853K(211968K)->232401K(232448K)
[98.617s][info ][gc,metaspace   ] GC(14) Metaspace: 103673K(105024K)->103673K(105024K) NonClass: 87887K(88640K)->87887K(88640K) Class: 15786K(16384K)->15786K(16384K)
[98.617s][info ][gc             ] GC(14) Pause Young (Allocation Failure) 1809M->242M(2033M) 62.227ms
[98.617s][info ][gc,cpu         ] GC(14) User=0.14s Sys=0.02s Real=0.06s
[98.618s][info ][safepoint      ] Safepoint "ParallelGCFailedAllocation", Time since last: 202366090 ns, Reaching safepoint: 94103 ns, Cleanup: 12800 ns, At safepoint: 62329692 ns, Total: 62436595 ns
[99.618s][info ][safepoint      ] Safepoint "Cleanup", Time since last: 1000102454 ns, Reaching safepoint: 82803 ns, Cleanup: 77202 ns, At safepoint: 5701 ns, Total: 165706 ns
[100.618s][info ][safepoint      ] Safepoint "Cleanup", Time since last: 1000131555 ns, Reaching safepoint: 11800 ns, Cleanup: 72303 ns, At safepoint: 3300 ns, Total: 87403 ns
[101.618s][info ][safepoint      ] Safepoint "Cleanup", Time since last: 1000142156 ns, Reaching safepoint: 85303 ns, Cleanup: 154605 ns, At safepoint: 11400 ns, Total: 251308 ns
[102.624s][info ][safepoint      ] Safepoint "Cleanup", Time since last: 1000139956 ns, Reaching safepoint: 5180774 ns, Cleanup: 162805 ns, At safepoint: 24801 ns, Total: 5368380 ns
[103.627s][info ][safepoint      ] Safepoint "Cleanup", Time since last: 1000182941 ns, Reaching safepoint: 2639283 ns, Cleanup: 105803 ns, At safepoint: 11900 ns, Total: 2756986 ns
[104.627s][info ][safepoint      ] Safepoint "Cleanup", Time since last: 1000144719 ns, Reaching safepoint: 10500 ns, Cleanup: 15101 ns, At safepoint: 2900 ns, Total: 28501 ns
[105.627s][info ][safepoint      ] Safepoint "Cleanup", Time since last: 1000129517 ns, Reaching safepoint: 11101 ns, Cleanup: 63302 ns, At safepoint: 3200 ns, Total: 77603 ns
[106.627s][info ][safepoint      ] Safepoint "Cleanup", Time since last: 1000132918 ns, Reaching safepoint: 12800 ns, Cleanup: 26701 ns, At safepoint: 3400 ns, Total: 42901 ns
[107.628s][info ][safepoint      ] Safepoint "Cleanup", Time since last: 1000140618 ns, Reaching safepoint: 9401 ns, Cleanup: 24800 ns, At safepoint: 2901 ns, Total: 37102 ns
[108.628s][info ][safepoint      ] Safepoint "Cleanup", Time since last: 1000160118 ns, Reaching safepoint: 10501 ns, Cleanup: 24100 ns, At safepoint: 3601 ns, Total: 38202 ns
[109.641s][info ][safepoint      ] Safepoint "Cleanup", Time since last: 1008785961 ns, Reaching safepoint: 4353746 ns, Cleanup: 173406 ns, At safepoint: 36301 ns, Total: 4563453 ns
[110.358s][info ][gc,start       ] GC(15) Pause Young (Allocation Failure)
[110.413s][debug][gc,phases      ] GC(15) Scavenge 54.599ms
[110.413s][debug][gc,ref         ] GC(15) ReferenceProcessor::execute queues: 1, RefProcThreadModel::Single, marks_oops_alive: false
[110.413s][debug][gc,ref         ] GC(15) Skipped KeepAliveFinalRefsPhase of Reference Processing: no references
[110.413s][debug][gc,ref         ] GC(15) ReferenceProcessor::execute queues: 1, RefProcThreadModel::Single, marks_oops_alive: false
[110.413s][debug][gc,phases      ] GC(15) Reference Processing 0.192ms
[110.414s][debug][gc,phases      ] GC(15)   VM Weak                        Min:  0.0, Avg:  0.0, Max:  0.0, Diff:  0.0, Sum:  0.0, Workers: 4
[110.414s][debug][gc,phases      ] GC(15)     Dead                           Min: 0, Avg:  0.0, Max: 0, Diff: 0, Sum: 0, Workers: 4
[110.414s][debug][gc,phases      ] GC(15)     Total                          Min: 0, Avg: 246.0, Max: 984, Diff: 984, Sum: 984, Workers: 4
[110.414s][debug][gc,phases      ] GC(15)   ObjectSynchronizer Weak        Min:  0.0, Avg:  0.0, Max:  0.0, Diff:  0.0, Sum:  0.0, Workers: 4
[110.414s][debug][gc,phases      ] GC(15)     Dead                           Min: 0, Avg:  0.0, Max: 0, Diff: 0, Sum: 0, Workers: 4
[110.414s][debug][gc,phases      ] GC(15)     Total                          Min: 0, Avg:  2.0, Max: 8, Diff: 8, Sum: 8, Workers: 4
[110.414s][debug][gc,phases      ] GC(15)   JVMTI Tag Weak OopStorage      Min:  0.0, Avg:  0.0, Max:  0.0, Diff:  0.0, Sum:  0.0, Workers: 4
[110.414s][debug][gc,phases      ] GC(15)     Dead                           Min: 0, Avg:  0.0, Max: 0, Diff: 0, Sum: 0, Workers: 4
[110.414s][debug][gc,phases      ] GC(15)     Total                          Min: 0, Avg:  0.0, Max: 0, Diff: 0, Sum: 0, Workers: 4
[110.414s][debug][gc,phases      ] GC(15)   StringTable Weak               Min:  0.0, Avg:  0.1, Max:  0.5, Diff:  0.5, Sum:  0.5, Workers: 4
[110.414s][debug][gc,phases      ] GC(15)     Dead                           Min: 0, Avg:  1.5, Max: 6, Diff: 6, Sum: 6, Workers: 4
[110.414s][debug][gc,phases      ] GC(15)     Total                          Min: 0, Avg: 11663.0, Max: 46652, Diff: 46652, Sum: 46652, Workers: 4
[110.414s][debug][gc,phases      ] GC(15)   ResolvedMethodTable Weak       Min:  0.0, Avg:  0.0, Max:  0.2, Diff:  0.2, Sum:  0.2, Workers: 4
[110.414s][debug][gc,phases      ] GC(15)     Dead                           Min: 0, Avg: 29.2, Max: 117, Diff: 117, Sum: 117, Workers: 4
[110.414s][debug][gc,phases      ] GC(15)     Total                          Min: 0, Avg: 3747.2, Max: 14989, Diff: 14989, Sum: 14989, Workers: 4
[110.414s][debug][gc,phases      ] GC(15)   JNI Weak                       Min:  0.0, Avg:  0.0, Max:  0.0, Diff:  0.0, Sum:  0.0, Workers: 4
[110.414s][debug][gc,phases      ] GC(15)     Dead                           Min: 0, Avg:  0.0, Max: 0, Diff: 0, Sum: 0, Workers: 4
[110.414s][debug][gc,phases      ] GC(15)     Total                          Min: 0, Avg: 13.5, Max: 54, Diff: 54, Sum: 54, Workers: 4
[110.414s][debug][gc,phases      ] GC(15)   StringDedup Table Weak         Min:  0.0, Avg:  0.0, Max:  0.0, Diff:  0.0, Sum:  0.0, Workers: 4
[110.414s][debug][gc,phases      ] GC(15)     Dead                           Min: 0, Avg:  0.0, Max: 0, Diff: 0, Sum: 0, Workers: 4
[110.414s][debug][gc,phases      ] GC(15)     Total                          Min: 0, Avg:  0.0, Max: 0, Diff: 0, Sum: 0, Workers: 4
[110.414s][debug][gc,phases      ] GC(15)   StringDedup Requests0 Weak     Min:  0.0, Avg:  0.0, Max:  0.0, Diff:  0.0, Sum:  0.0, Workers: 4
[110.414s][debug][gc,phases      ] GC(15)     Dead                           Min: 0, Avg:  0.0, Max: 0, Diff: 0, Sum: 0, Workers: 4
[110.414s][debug][gc,phases      ] GC(15)     Total                          Min: 0, Avg:  0.0, Max: 0, Diff: 0, Sum: 0, Workers: 4
[110.414s][debug][gc,phases      ] GC(15)   StringDedup Requests1 Weak     Min:  0.0, Avg:  0.0, Max:  0.0, Diff:  0.0, Sum:  0.0, Workers: 4
[110.414s][debug][gc,phases      ] GC(15)     Dead                           Min: 0, Avg:  0.0, Max: 0, Diff: 0, Sum: 0, Workers: 4
[110.414s][debug][gc,phases      ] GC(15)     Total                          Min: 0, Avg:  0.0, Max: 0, Diff: 0, Sum: 0, Workers: 4
[110.414s][debug][gc,phases      ] GC(15)   Weak JFR Old Object Samples    Min:  0.0, Avg:  0.0, Max:  0.0, Diff:  0.0, Sum:  0.0, Workers: 4
[110.414s][debug][gc,phases      ] GC(15)     Dead                           Min: 0, Avg:  0.0, Max: 0, Diff: 0, Sum: 0, Workers: 4
[110.414s][debug][gc,phases      ] GC(15)     Total                          Min: 0, Avg:  0.0, Max: 0, Diff: 0, Sum: 0, Workers: 4
[110.414s][debug][gc,phases      ] GC(15) Weak Processing 0.929ms
[110.414s][debug][gc,age         ] GC(15) Desired survivor size 247988224 bytes, new threshold 1 (max threshold 15)
[110.414s][info ][gc,heap        ] GC(15) PSYoungGen: 1624560K(1849856K)->29495K(1852928K) Eden: 1608704K(1608704K)->0K(1608704K) From: 15856K(241152K)->29495K(244224K)
[110.414s][info ][gc,heap        ] GC(15) ParOldGen: 232401K(232448K)->245695K(245760K)
[110.414s][info ][gc,metaspace   ] GC(15) Metaspace: 107450K(108800K)->107450K(108800K) NonClass: 91196K(91968K)->91196K(91968K) Class: 16253K(16832K)->16253K(16832K)
[110.414s][info ][gc             ] GC(15) Pause Young (Allocation Failure) 1813M->268M(2049M) 55.893ms
[110.414s][info ][gc,cpu         ] GC(15) User=0.08s Sys=0.01s Real=0.06s
[110.414s][info ][safepoint      ] Safepoint "ParallelGCFailedAllocation", Time since last: 716651200 ns, Reaching safepoint: 10001 ns, Cleanup: 110803 ns, At safepoint: 56001084 ns, Total: 56121888 ns
[111.414s][info ][safepoint      ] Safepoint "Cleanup", Time since last: 1000096462 ns, Reaching safepoint: 31701 ns, Cleanup: 99902 ns, At safepoint: 9000 ns, Total: 140603 ns
[112.414s][info ][safepoint      ] Safepoint "Cleanup", Time since last: 1000129886 ns, Reaching safepoint: 87001 ns, Cleanup: 95902 ns, At safepoint: 12200 ns, Total: 195103 ns
[113.415s][info ][safepoint      ] Safepoint "Cleanup", Time since last: 1000125998 ns, Reaching safepoint: 7800 ns, Cleanup: 30201 ns, At safepoint: 2400 ns, Total: 40401 ns
[114.415s][info ][safepoint      ] Safepoint "Cleanup", Time since last: 1000115887 ns, Reaching safepoint: 74903 ns, Cleanup: 53501 ns, At safepoint: 12801 ns, Total: 141205 ns
[115.415s][info ][safepoint      ] Safepoint "Cleanup", Time since last: 1000132287 ns, Reaching safepoint: 88903 ns, Cleanup: 45202 ns, At safepoint: 8600 ns, Total: 142705 ns
[116.415s][info ][safepoint      ] Safepoint "Cleanup", Time since last: 1000147188 ns, Reaching safepoint: 13300 ns, Cleanup: 27901 ns, At safepoint: 3000 ns, Total: 44201 ns
[117.416s][info ][safepoint      ] Safepoint "Cleanup", Time since last: 1000183189 ns, Reaching safepoint: 89503 ns, Cleanup: 18801 ns, At safepoint: 12400 ns, Total: 120704 ns
[118.416s][info ][safepoint      ] Safepoint "Cleanup", Time since last: 1000202190 ns, Reaching safepoint: 95603 ns, Cleanup: 38201 ns, At safepoint: 18301 ns, Total: 152105 ns
[119.416s][info ][safepoint      ] Safepoint "Cleanup", Time since last: 1000142269 ns, Reaching safepoint: 87303 ns, Cleanup: 65902 ns, At safepoint: 7900 ns, Total: 161105 ns
[121.112s][info ][safepoint      ] Safepoint "Cleanup", Time since last: 1695987619 ns, Reaching safepoint: 86903 ns, Cleanup: 49001 ns, At safepoint: 7900 ns, Total: 143804 ns
[122.113s][info ][safepoint      ] Safepoint "Cleanup", Time since last: 1000159026 ns, Reaching safepoint: 8400 ns, Cleanup: 24801 ns, At safepoint: 2800 ns, Total: 36001 ns
[123.113s][info ][safepoint      ] Safepoint "Cleanup", Time since last: 1000139624 ns, Reaching safepoint: 11700 ns, Cleanup: 30901 ns, At safepoint: 3301 ns, Total: 45902 ns
[123.258s][info ][gc,start       ] GC(16) Pause Young (Allocation Failure)
[123.281s][debug][gc,phases      ] GC(16) Scavenge 22.972ms
[123.281s][debug][gc,ref         ] GC(16) ReferenceProcessor::execute queues: 1, RefProcThreadModel::Single, marks_oops_alive: false
[123.281s][debug][gc,ref         ] GC(16) Skipped KeepAliveFinalRefsPhase of Reference Processing: no references
[123.281s][debug][gc,ref         ] GC(16) ReferenceProcessor::execute queues: 1, RefProcThreadModel::Single, marks_oops_alive: false
[123.281s][debug][gc,phases      ] GC(16) Reference Processing 0.125ms
[123.282s][debug][gc,phases      ] GC(16)   VM Weak                        Min:  0.0, Avg:  0.0, Max:  0.0, Diff:  0.0, Sum:  0.0, Workers: 4
[123.282s][debug][gc,phases      ] GC(16)     Dead                           Min: 0, Avg:  0.0, Max: 0, Diff: 0, Sum: 0, Workers: 4
[123.282s][debug][gc,phases      ] GC(16)     Total                          Min: 0, Avg: 246.0, Max: 704, Diff: 704, Sum: 984, Workers: 4
[123.282s][debug][gc,phases      ] GC(16)   ObjectSynchronizer Weak        Min:  0.0, Avg:  0.0, Max:  0.0, Diff:  0.0, Sum:  0.0, Workers: 4
[123.282s][debug][gc,phases      ] GC(16)     Dead                           Min: 0, Avg:  0.0, Max: 0, Diff: 0, Sum: 0, Workers: 4
[123.282s][debug][gc,phases      ] GC(16)     Total                          Min: 0, Avg:  0.8, Max: 3, Diff: 3, Sum: 3, Workers: 4
[123.282s][debug][gc,phases      ] GC(16)   JVMTI Tag Weak OopStorage      Min:  0.0, Avg:  0.0, Max:  0.0, Diff:  0.0, Sum:  0.0, Workers: 4
[123.282s][debug][gc,phases      ] GC(16)     Dead                           Min: 0, Avg:  0.0, Max: 0, Diff: 0, Sum: 0, Workers: 4
[123.282s][debug][gc,phases      ] GC(16)     Total                          Min: 0, Avg:  0.0, Max: 0, Diff: 0, Sum: 0, Workers: 4
[123.282s][debug][gc,phases      ] GC(16)   StringTable Weak               Min:  0.0, Avg:  0.1, Max:  0.2, Diff:  0.2, Sum:  0.6, Workers: 4
[123.282s][debug][gc,phases      ] GC(16)     Dead                           Min: 0, Avg:  0.2, Max: 1, Diff: 1, Sum: 1, Workers: 4
[123.282s][debug][gc,phases      ] GC(16)     Total                          Min: 0, Avg: 11683.8, Max: 17615, Diff: 17615, Sum: 46735, Workers: 4
[123.282s][debug][gc,phases      ] GC(16)   ResolvedMethodTable Weak       Min:  0.0, Avg:  0.0, Max:  0.1, Diff:  0.1, Sum:  0.2, Workers: 4
[123.282s][debug][gc,phases      ] GC(16)     Dead                           Min: 0, Avg:  7.5, Max: 16, Diff: 16, Sum: 30, Workers: 4
[123.282s][debug][gc,phases      ] GC(16)     Total                          Min: 0, Avg: 3749.8, Max: 5560, Diff: 5560, Sum: 14999, Workers: 4
[123.282s][debug][gc,phases      ] GC(16)   JNI Weak                       Min:  0.0, Avg:  0.0, Max:  0.0, Diff:  0.0, Sum:  0.0, Workers: 4
[123.282s][debug][gc,phases      ] GC(16)     Dead                           Min: 0, Avg:  0.0, Max: 0, Diff: 0, Sum: 0, Workers: 4
[123.282s][debug][gc,phases      ] GC(16)     Total                          Min: 0, Avg: 13.0, Max: 48, Diff: 48, Sum: 52, Workers: 4
[123.282s][debug][gc,phases      ] GC(16)   StringDedup Table Weak         Min:  0.0, Avg:  0.0, Max:  0.0, Diff:  0.0, Sum:  0.0, Workers: 4
[123.282s][debug][gc,phases      ] GC(16)     Dead                           Min: 0, Avg:  0.0, Max: 0, Diff: 0, Sum: 0, Workers: 4
[123.282s][debug][gc,phases      ] GC(16)     Total                          Min: 0, Avg:  0.0, Max: 0, Diff: 0, Sum: 0, Workers: 4
[123.282s][debug][gc,phases      ] GC(16)   StringDedup Requests0 Weak     Min:  0.0, Avg:  0.0, Max:  0.0, Diff:  0.0, Sum:  0.0, Workers: 4
[123.282s][debug][gc,phases      ] GC(16)     Dead                           Min: 0, Avg:  0.0, Max: 0, Diff: 0, Sum: 0, Workers: 4
[123.282s][debug][gc,phases      ] GC(16)     Total                          Min: 0, Avg:  0.0, Max: 0, Diff: 0, Sum: 0, Workers: 4
[123.282s][debug][gc,phases      ] GC(16)   StringDedup Requests1 Weak     Min:  0.0, Avg:  0.0, Max:  0.0, Diff:  0.0, Sum:  0.0, Workers: 4
[123.282s][debug][gc,phases      ] GC(16)     Dead                           Min: 0, Avg:  0.0, Max: 0, Diff: 0, Sum: 0, Workers: 4
[123.282s][debug][gc,phases      ] GC(16)     Total                          Min: 0, Avg:  0.0, Max: 0, Diff: 0, Sum: 0, Workers: 4
[123.282s][debug][gc,phases      ] GC(16)   Weak JFR Old Object Samples    Min:  0.0, Avg:  0.0, Max:  0.0, Diff:  0.0, Sum:  0.0, Workers: 4
[123.282s][debug][gc,phases      ] GC(16)     Dead                           Min: 0, Avg:  0.0, Max: 0, Diff: 0, Sum: 0, Workers: 4
[123.282s][debug][gc,phases      ] GC(16)     Total                          Min: 0, Avg:  0.0, Max: 0, Diff: 0, Sum: 0, Workers: 4
[123.282s][debug][gc,phases      ] GC(16) Weak Processing 0.490ms
[123.282s][debug][gc,age         ] GC(16) Desired survivor size 246939648 bytes, new threshold 1 (max threshold 15)
[123.282s][info ][gc,heap        ] GC(16) PSYoungGen: 1638199K(1852928K)->12568K(1856000K) Eden: 1608704K(1608704K)->0K(1613824K) From: 29495K(244224K)->12568K(242176K)
[123.282s][info ][gc,heap        ] GC(16) ParOldGen: 245695K(245760K)->272714K(272896K)
[123.282s][info ][gc,metaspace   ] GC(16) Metaspace: 107592K(108864K)->107592K(108864K) NonClass: 91335K(92032K)->91335K(92032K) Class: 16256K(16832K)->16256K(16832K)
[123.282s][info ][gc             ] GC(16) Pause Young (Allocation Failure) 1839M->278M(2079M) 23.749ms
[123.282s][info ][gc,cpu         ] GC(16) User=0.06s Sys=0.01s Real=0.02s
[123.282s][info ][safepoint      ] Safepoint "ParallelGCFailedAllocation", Time since last: 145140945 ns, Reaching safepoint: 8201 ns, Cleanup: 7700 ns, At safepoint: 23843047 ns, Total: 23858948 ns
[124.282s][info ][safepoint      ] Safepoint "Cleanup", Time since last: 1000102223 ns, Reaching safepoint: 13000 ns, Cleanup: 58602 ns, At safepoint: 3100 ns, Total: 74702 ns
[125.282s][info ][safepoint      ] Safepoint "Cleanup", Time since last: 1000144725 ns, Reaching safepoint: 13600 ns, Cleanup: 53502 ns, At safepoint: 3600 ns, Total: 70702 ns
[126.282s][info ][safepoint      ] Safepoint "Cleanup", Time since last: 1000134159 ns, Reaching safepoint: 11001 ns, Cleanup: 54601 ns, At safepoint: 3300 ns, Total: 68902 ns
[127.283s][info ][safepoint      ] Safepoint "Cleanup", Time since last: 1000175563 ns, Reaching safepoint: 11800 ns, Cleanup: 49002 ns, At safepoint: 2900 ns, Total: 63702 ns
[128.283s][info ][safepoint      ] Safepoint "Cleanup", Time since last: 1000137988 ns, Reaching safepoint: 8400 ns, Cleanup: 21701 ns, At safepoint: 2700 ns, Total: 32801 ns
[129.283s][info ][safepoint      ] Safepoint "Cleanup", Time since last: 1000140988 ns, Reaching safepoint: 12701 ns, Cleanup: 17900 ns, At safepoint: 2601 ns, Total: 33202 ns
[130.283s][info ][safepoint      ] Safepoint "Cleanup", Time since last: 1000139688 ns, Reaching safepoint: 10100 ns, Cleanup: 18201 ns, At safepoint: 3200 ns, Total: 31501 ns
[131.283s][info ][safepoint      ] Safepoint "Cleanup", Time since last: 1000131788 ns, Reaching safepoint: 13300 ns, Cleanup: 31301 ns, At safepoint: 3200 ns, Total: 47801 ns
[132.283s][info ][safepoint      ] Safepoint "Cleanup", Time since last: 1000110288 ns, Reaching safepoint: 7400 ns, Cleanup: 17600 ns, At safepoint: 2601 ns, Total: 27601 ns
[133.284s][info ][safepoint      ] Safepoint "Cleanup", Time since last: 1000128387 ns, Reaching safepoint: 13901 ns, Cleanup: 16900 ns, At safepoint: 3201 ns, Total: 34002 ns
[134.284s][info ][safepoint      ] Safepoint "Cleanup", Time since last: 1000153188 ns, Reaching safepoint: 12601 ns, Cleanup: 25301 ns, At safepoint: 2600 ns, Total: 40502 ns
[135.284s][info ][safepoint      ] Safepoint "Cleanup", Time since last: 1000140187 ns, Reaching safepoint: 11200 ns, Cleanup: 17801 ns, At safepoint: 3200 ns, Total: 32201 ns
[136.284s][info ][safepoint      ] Safepoint "Cleanup", Time since last: 1000134680 ns, Reaching safepoint: 12801 ns, Cleanup: 48501 ns, At safepoint: 3300 ns, Total: 64602 ns
[137.284s][info ][safepoint      ] Safepoint "Cleanup", Time since last: 1000116880 ns, Reaching safepoint: 12101 ns, Cleanup: 50701 ns, At safepoint: 2900 ns, Total: 65702 ns
[138.285s][info ][safepoint      ] Safepoint "Cleanup", Time since last: 1000130880 ns, Reaching safepoint: 9401 ns, Cleanup: 27301 ns, At safepoint: 2900 ns, Total: 39602 ns
[139.285s][info ][safepoint      ] Safepoint "Cleanup", Time since last: 1000128380 ns, Reaching safepoint: 13700 ns, Cleanup: 21101 ns, At safepoint: 3000 ns, Total: 37801 ns
[140.285s][info ][safepoint      ] Safepoint "Cleanup", Time since last: 1000127680 ns, Reaching safepoint: 10400 ns, Cleanup: 21801 ns, At safepoint: 2500 ns, Total: 34701 ns
[140.811s][info ][gc,start       ] GC(17) Pause Young (Allocation Failure)
[140.824s][debug][gc,phases      ] GC(17) Scavenge 12.282ms
[140.824s][debug][gc,ref         ] GC(17) ReferenceProcessor::execute queues: 1, RefProcThreadModel::Single, marks_oops_alive: false
[140.824s][debug][gc,ref         ] GC(17) Skipped KeepAliveFinalRefsPhase of Reference Processing: no references
[140.824s][debug][gc,ref         ] GC(17) ReferenceProcessor::execute queues: 1, RefProcThreadModel::Single, marks_oops_alive: false
[140.824s][debug][gc,phases      ] GC(17) Reference Processing 0.144ms
[140.824s][debug][gc,phases      ] GC(17)   VM Weak                        Min:  0.0, Avg:  0.0, Max:  0.0, Diff:  0.0, Sum:  0.0, Workers: 4
[140.824s][debug][gc,phases      ] GC(17)     Dead                           Min: 0, Avg:  0.0, Max: 0, Diff: 0, Sum: 0, Workers: 4
[140.824s][debug][gc,phases      ] GC(17)     Total                          Min: 0, Avg: 249.8, Max: 512, Diff: 512, Sum: 999, Workers: 4
[140.824s][debug][gc,phases      ] GC(17)   ObjectSynchronizer Weak        Min:  0.0, Avg:  0.0, Max:  0.0, Diff:  0.0, Sum:  0.0, Workers: 4
[140.824s][debug][gc,phases      ] GC(17)     Dead                           Min: 0, Avg:  0.0, Max: 0, Diff: 0, Sum: 0, Workers: 4
[140.824s][debug][gc,phases      ] GC(17)     Total                          Min: 0, Avg:  1.0, Max: 4, Diff: 4, Sum: 4, Workers: 4
[140.824s][debug][gc,phases      ] GC(17)   JVMTI Tag Weak OopStorage      Min:  0.0, Avg:  0.0, Max:  0.0, Diff:  0.0, Sum:  0.0, Workers: 4
[140.824s][debug][gc,phases      ] GC(17)     Dead                           Min: 0, Avg:  0.0, Max: 0, Diff: 0, Sum: 0, Workers: 4
[140.824s][debug][gc,phases      ] GC(17)     Total                          Min: 0, Avg:  0.0, Max: 0, Diff: 0, Sum: 0, Workers: 4
[140.824s][debug][gc,phases      ] GC(17)   StringTable Weak               Min:  0.1, Avg:  0.1, Max:  0.1, Diff:  0.0, Sum:  0.5, Workers: 4
[140.824s][debug][gc,phases      ] GC(17)     Dead                           Min: 0, Avg:  0.5, Max: 1, Diff: 1, Sum: 2, Workers: 4
[140.824s][debug][gc,phases      ] GC(17)     Total                          Min: 10880, Avg: 11697.5, Max: 12160, Diff: 1280, Sum: 46790, Workers: 4
[140.824s][debug][gc,phases      ] GC(17)   ResolvedMethodTable Weak       Min:  0.0, Avg:  0.0, Max:  0.0, Diff:  0.0, Sum:  0.2, Workers: 4
[140.824s][debug][gc,phases      ] GC(17)     Dead                           Min: 0, Avg:  4.2, Max: 16, Diff: 16, Sum: 17, Workers: 4
[140.824s][debug][gc,phases      ] GC(17)     Total                          Min: 3164, Avg: 3765.5, Max: 4152, Diff: 988, Sum: 15062, Workers: 4
[140.824s][debug][gc,phases      ] GC(17)   JNI Weak                       Min:  0.0, Avg:  0.0, Max:  0.0, Diff:  0.0, Sum:  0.0, Workers: 4
[140.824s][debug][gc,phases      ] GC(17)     Dead                           Min: 0, Avg:  0.0, Max: 0, Diff: 0, Sum: 0, Workers: 4
[140.824s][debug][gc,phases      ] GC(17)     Total                          Min: 0, Avg: 13.0, Max: 48, Diff: 48, Sum: 52, Workers: 4
[140.824s][debug][gc,phases      ] GC(17)   StringDedup Table Weak         Min:  0.0, Avg:  0.0, Max:  0.0, Diff:  0.0, Sum:  0.0, Workers: 4
[140.824s][debug][gc,phases      ] GC(17)     Dead                           Min: 0, Avg:  0.0, Max: 0, Diff: 0, Sum: 0, Workers: 4
[140.824s][debug][gc,phases      ] GC(17)     Total                          Min: 0, Avg:  0.0, Max: 0, Diff: 0, Sum: 0, Workers: 4
[140.824s][debug][gc,phases      ] GC(17)   StringDedup Requests0 Weak     Min:  0.0, Avg:  0.0, Max:  0.0, Diff:  0.0, Sum:  0.0, Workers: 4
[140.824s][debug][gc,phases      ] GC(17)     Dead                           Min: 0, Avg:  0.0, Max: 0, Diff: 0, Sum: 0, Workers: 4
[140.824s][debug][gc,phases      ] GC(17)     Total                          Min: 0, Avg:  0.0, Max: 0, Diff: 0, Sum: 0, Workers: 4
[140.824s][debug][gc,phases      ] GC(17)   StringDedup Requests1 Weak     Min:  0.0, Avg:  0.0, Max:  0.0, Diff:  0.0, Sum:  0.0, Workers: 4
[140.824s][debug][gc,phases      ] GC(17)     Dead                           Min: 0, Avg:  0.0, Max: 0, Diff: 0, Sum: 0, Workers: 4
[140.824s][debug][gc,phases      ] GC(17)     Total                          Min: 0, Avg:  0.0, Max: 0, Diff: 0, Sum: 0, Workers: 4
[140.824s][debug][gc,phases      ] GC(17)   Weak JFR Old Object Samples    Min:  0.0, Avg:  0.0, Max:  0.0, Diff:  0.0, Sum:  0.0, Workers: 4
[140.824s][debug][gc,phases      ] GC(17)     Dead                           Min: 0, Avg:  0.0, Max: 0, Diff: 0, Sum: 0, Workers: 4
[140.824s][debug][gc,phases      ] GC(17)     Total                          Min: 0, Avg:  0.0, Max: 0, Diff: 0, Sum: 0, Workers: 4
[140.824s][debug][gc,phases      ] GC(17) Weak Processing 0.413ms
[140.824s][debug][gc,age         ] GC(17) Desired survivor size 244842496 bytes, new threshold 1 (max threshold 15)
[140.824s][info ][gc,heap        ] GC(17) PSYoungGen: 1626392K(1856000K)->5040K(1854976K) Eden: 1613824K(1613824K)->0K(1613824K) From: 12568K(242176K)->5040K(241152K)
[140.824s][info ][gc,heap        ] GC(17) ParOldGen: 272714K(272896K)->282509K(282624K)
[140.824s][info ][gc,metaspace   ] GC(17) Metaspace: 107811K(109120K)->107811K(109120K) NonClass: 91535K(92288K)->91535K(92288K) Class: 16275K(16832K)->16275K(16832K)
[140.824s][info ][gc             ] GC(17) Pause Young (Allocation Failure) 1854M->280M(2087M) 13.000ms
[140.824s][info ][gc,cpu         ] GC(17) User=0.03s Sys=0.01s Real=0.02s
[140.825s][info ][safepoint      ] Safepoint "ParallelGCFailedAllocation", Time since last: 526448955 ns, Reaching safepoint: 12200 ns, Cleanup: 52002 ns, At safepoint: 13100229 ns, Total: 13164431 ns
[141.825s][info ][safepoint      ] Safepoint "Cleanup", Time since last: 1000088379 ns, Reaching safepoint: 8700 ns, Cleanup: 46902 ns, At safepoint: 3300 ns, Total: 58902 ns
[142.825s][info ][safepoint      ] Safepoint "Cleanup", Time since last: 1000116880 ns, Reaching safepoint: 13600 ns, Cleanup: 121004 ns, At safepoint: 4500 ns, Total: 139104 ns
[143.832s][info ][safepoint      ] Safepoint "Cleanup", Time since last: 1002805006 ns, Reaching safepoint: 4013626 ns, Cleanup: 72902 ns, At safepoint: 11801 ns, Total: 4098329 ns
[144.832s][info ][safepoint      ] Safepoint "Cleanup", Time since last: 1000133122 ns, Reaching safepoint: 13101 ns, Cleanup: 44101 ns, At safepoint: 3400 ns, Total: 60602 ns
[145.832s][info ][safepoint      ] Safepoint "Cleanup", Time since last: 1000146523 ns, Reaching safepoint: 7700 ns, Cleanup: 27801 ns, At safepoint: 7100 ns, Total: 42601 ns
[146.832s][info ][safepoint      ] Safepoint "Cleanup", Time since last: 1000126322 ns, Reaching safepoint: 10100 ns, Cleanup: 57002 ns, At safepoint: 3400 ns, Total: 70502 ns
[147.833s][info ][safepoint      ] Safepoint "Cleanup", Time since last: 1000119922 ns, Reaching safepoint: 11001 ns, Cleanup: 22100 ns, At safepoint: 8001 ns, Total: 41102 ns
[148.833s][info ][safepoint      ] Safepoint "Cleanup", Time since last: 1000110821 ns, Reaching safepoint: 11001 ns, Cleanup: 15900 ns, At safepoint: 3200 ns, Total: 30101 ns
[149.833s][info ][safepoint      ] Safepoint "Cleanup", Time since last: 1000130622 ns, Reaching safepoint: 11001 ns, Cleanup: 16700 ns, At safepoint: 2800 ns, Total: 30501 ns
[150.833s][info ][safepoint      ] Safepoint "Cleanup", Time since last: 1000136922 ns, Reaching safepoint: 8400 ns, Cleanup: 18801 ns, At safepoint: 3100 ns, Total: 30301 ns
[151.833s][info ][safepoint      ] Safepoint "Cleanup", Time since last: 1000146673 ns, Reaching safepoint: 14000 ns, Cleanup: 38301 ns, At safepoint: 3100 ns, Total: 55401 ns
[152.833s][info ][safepoint      ] Safepoint "Cleanup", Time since last: 1000127766 ns, Reaching safepoint: 9100 ns, Cleanup: 26101 ns, At safepoint: 2600 ns, Total: 37801 ns
[153.834s][info ][safepoint      ] Safepoint "Cleanup", Time since last: 1000132566 ns, Reaching safepoint: 14401 ns, Cleanup: 15800 ns, At safepoint: 3300 ns, Total: 33501 ns
[154.739s][info ][gc,start       ] GC(18) Pause Young (Allocation Failure)
[154.755s][debug][gc,phases      ] GC(18) Scavenge 15.846ms
[154.755s][debug][gc,ref         ] GC(18) ReferenceProcessor::execute queues: 1, RefProcThreadModel::Single, marks_oops_alive: false
[154.755s][debug][gc,ref         ] GC(18) Skipped KeepAliveFinalRefsPhase of Reference Processing: no references
[154.755s][debug][gc,ref         ] GC(18) ReferenceProcessor::execute queues: 1, RefProcThreadModel::Single, marks_oops_alive: false
[154.755s][debug][gc,phases      ] GC(18) Reference Processing 0.148ms
[154.755s][debug][gc,phases      ] GC(18)   VM Weak                        Min:  0.0, Avg:  0.0, Max:  0.0, Diff:  0.0, Sum:  0.0, Workers: 4
[154.755s][debug][gc,phases      ] GC(18)     Dead                           Min: 0, Avg:  0.0, Max: 0, Diff: 0, Sum: 0, Workers: 4
[154.755s][debug][gc,phases      ] GC(18)     Total                          Min: 0, Avg: 249.8, Max: 704, Diff: 704, Sum: 999, Workers: 4
[154.755s][debug][gc,phases      ] GC(18)   ObjectSynchronizer Weak        Min:  0.0, Avg:  0.0, Max:  0.0, Diff:  0.0, Sum:  0.0, Workers: 4
[154.755s][debug][gc,phases      ] GC(18)     Dead                           Min: 0, Avg:  0.0, Max: 0, Diff: 0, Sum: 0, Workers: 4
[154.755s][debug][gc,phases      ] GC(18)     Total                          Min: 0, Avg:  1.0, Max: 4, Diff: 4, Sum: 4, Workers: 4
[154.755s][debug][gc,phases      ] GC(18)   JVMTI Tag Weak OopStorage      Min:  0.0, Avg:  0.0, Max:  0.0, Diff:  0.0, Sum:  0.0, Workers: 4
[154.755s][debug][gc,phases      ] GC(18)     Dead                           Min: 0, Avg:  0.0, Max: 0, Diff: 0, Sum: 0, Workers: 4
[154.755s][debug][gc,phases      ] GC(18)     Total                          Min: 0, Avg:  0.0, Max: 0, Diff: 0, Sum: 0, Workers: 4
[154.756s][debug][gc,phases      ] GC(18)   StringTable Weak               Min:  0.1, Avg:  0.1, Max:  0.1, Diff:  0.0, Sum:  0.5, Workers: 4
[154.756s][debug][gc,phases      ] GC(18)     Dead                           Min: 0, Avg:  0.5, Max: 2, Diff: 2, Sum: 2, Workers: 4
[154.756s][debug][gc,phases      ] GC(18)     Total                          Min: 11437, Avg: 11706.8, Max: 11903, Diff: 466, Sum: 46827, Workers: 4
[154.756s][debug][gc,phases      ] GC(18)   ResolvedMethodTable Weak       Min:  0.0, Avg:  0.0, Max:  0.0, Diff:  0.0, Sum:  0.2, Workers: 4
[154.756s][debug][gc,phases      ] GC(18)     Dead                           Min: 3, Avg:  8.2, Max: 14, Diff: 11, Sum: 33, Workers: 4
[154.756s][debug][gc,phases      ] GC(18)     Total                          Min: 3584, Avg: 3769.8, Max: 3939, Diff: 355, Sum: 15079, Workers: 4
[154.756s][debug][gc,phases      ] GC(18)   JNI Weak                       Min:  0.0, Avg:  0.0, Max:  0.0, Diff:  0.0, Sum:  0.0, Workers: 4
[154.756s][debug][gc,phases      ] GC(18)     Dead                           Min: 0, Avg:  0.0, Max: 0, Diff: 0, Sum: 0, Workers: 4
[154.756s][debug][gc,phases      ] GC(18)     Total                          Min: 0, Avg: 13.0, Max: 48, Diff: 48, Sum: 52, Workers: 4
[154.756s][debug][gc,phases      ] GC(18)   StringDedup Table Weak         Min:  0.0, Avg:  0.0, Max:  0.0, Diff:  0.0, Sum:  0.0, Workers: 4
[154.756s][debug][gc,phases      ] GC(18)     Dead                           Min: 0, Avg:  0.0, Max: 0, Diff: 0, Sum: 0, Workers: 4
[154.756s][debug][gc,phases      ] GC(18)     Total                          Min: 0, Avg:  0.0, Max: 0, Diff: 0, Sum: 0, Workers: 4
[154.756s][debug][gc,phases      ] GC(18)   StringDedup Requests0 Weak     Min:  0.0, Avg:  0.0, Max:  0.0, Diff:  0.0, Sum:  0.0, Workers: 4
[154.756s][debug][gc,phases      ] GC(18)     Dead                           Min: 0, Avg:  0.0, Max: 0, Diff: 0, Sum: 0, Workers: 4
[154.756s][debug][gc,phases      ] GC(18)     Total                          Min: 0, Avg:  0.0, Max: 0, Diff: 0, Sum: 0, Workers: 4
[154.756s][debug][gc,phases      ] GC(18)   StringDedup Requests1 Weak     Min:  0.0, Avg:  0.0, Max:  0.0, Diff:  0.0, Sum:  0.0, Workers: 4
[154.756s][debug][gc,phases      ] GC(18)     Dead                           Min: 0, Avg:  0.0, Max: 0, Diff: 0, Sum: 0, Workers: 4
[154.756s][debug][gc,phases      ] GC(18)     Total                          Min: 0, Avg:  0.0, Max: 0, Diff: 0, Sum: 0, Workers: 4
[154.756s][debug][gc,phases      ] GC(18)   Weak JFR Old Object Samples    Min:  0.0, Avg:  0.0, Max:  0.0, Diff:  0.0, Sum:  0.0, Workers: 4
[154.756s][debug][gc,phases      ] GC(18)     Dead                           Min: 0, Avg:  0.0, Max: 0, Diff: 0, Sum: 0, Workers: 4
[154.756s][debug][gc,phases      ] GC(18)     Total                          Min: 0, Avg:  0.0, Max: 0, Diff: 0, Sum: 0, Workers: 4
[154.756s][debug][gc,phases      ] GC(18) Weak Processing 0.448ms
[154.756s][debug][gc,age         ] GC(18) Desired survivor size 240123904 bytes, new threshold 1 (max threshold 15)
[154.756s][info ][gc,heap        ] GC(18) PSYoungGen: 1618864K(1854976K)->12016K(1862656K) Eden: 1613824K(1613824K)->0K(1623552K) From: 5040K(241152K)->12016K(239104K)
[154.756s][info ][gc,heap        ] GC(18) ParOldGen: 282509K(282624K)->283485K(283648K)
[154.756s][info ][gc,metaspace   ] GC(18) Metaspace: 107956K(109248K)->107956K(109248K) NonClass: 91675K(92416K)->91675K(92416K) Class: 16281K(16832K)->16281K(16832K)
[154.756s][info ][gc             ] GC(18) Pause Young (Allocation Failure) 1856M->288M(2096M) 16.665ms
[154.756s][info ][gc,cpu         ] GC(18) User=0.04s Sys=0.00s Real=0.02s
[154.756s][info ][safepoint      ] Safepoint "ParallelGCFailedAllocation", Time since last: 905444573 ns, Reaching safepoint: 11901 ns, Cleanup: 22400 ns, At safepoint: 16769748 ns, Total: 16804049 ns
[155.760s][info ][safepoint      ] Safepoint "Cleanup", Time since last: 1000090765 ns, Reaching safepoint: 4320441 ns, Cleanup: 24500 ns, At safepoint: 21201 ns, Total: 4366142 ns
[156.760s][info ][safepoint      ] Safepoint "Cleanup", Time since last: 1000146666 ns, Reaching safepoint: 11801 ns, Cleanup: 17200 ns, At safepoint: 2800 ns, Total: 31801 ns
[157.761s][info ][safepoint      ] Safepoint "Cleanup", Time since last: 1000140667 ns, Reaching safepoint: 97803 ns, Cleanup: 31901 ns, At safepoint: 16600 ns, Total: 146304 ns
[158.761s][info ][safepoint      ] Safepoint "Cleanup", Time since last: 1000157067 ns, Reaching safepoint: 88503 ns, Cleanup: 16100 ns, At safepoint: 7301 ns, Total: 111904 ns
[160.761s][info ][safepoint      ] Safepoint "Cleanup", Time since last: 2000208946 ns, Reaching safepoint: 225107 ns, Cleanup: 16400 ns, At safepoint: 10801 ns, Total: 252308 ns
[161.762s][info ][safepoint      ] Safepoint "Cleanup", Time since last: 1000145118 ns, Reaching safepoint: 87503 ns, Cleanup: 15601 ns, At safepoint: 7000 ns, Total: 110104 ns
[163.762s][info ][safepoint      ] Safepoint "Cleanup", Time since last: 2000252935 ns, Reaching safepoint: 139005 ns, Cleanup: 15500 ns, At safepoint: 6801 ns, Total: 161306 ns
[164.762s][info ][safepoint      ] Safepoint "Cleanup", Time since last: 1000125117 ns, Reaching safepoint: 136005 ns, Cleanup: 36401 ns, At safepoint: 16200 ns, Total: 188606 ns
[165.763s][info ][safepoint      ] Safepoint "Cleanup", Time since last: 1000109618 ns, Reaching safepoint: 8300 ns, Cleanup: 70402 ns, At safepoint: 3000 ns, Total: 81702 ns
[166.763s][info ][safepoint      ] Safepoint "Cleanup", Time since last: 1000143119 ns, Reaching safepoint: 10300 ns, Cleanup: 30401 ns, At safepoint: 2900 ns, Total: 43601 ns
[167.763s][info ][safepoint      ] Safepoint "Cleanup", Time since last: 1000152737 ns, Reaching safepoint: 87503 ns, Cleanup: 12801 ns, At safepoint: 12100 ns, Total: 112404 ns
[168.763s][info ][safepoint      ] Safepoint "Cleanup", Time since last: 1000146883 ns, Reaching safepoint: 11601 ns, Cleanup: 19500 ns, At safepoint: 3000 ns, Total: 34101 ns
[169.763s][info ][safepoint      ] Safepoint "Cleanup", Time since last: 1000128783 ns, Reaching safepoint: 9200 ns, Cleanup: 29001 ns, At safepoint: 2600 ns, Total: 40801 ns
[170.764s][info ][safepoint      ] Safepoint "Cleanup", Time since last: 1000137683 ns, Reaching safepoint: 12801 ns, Cleanup: 21700 ns, At safepoint: 3500 ns, Total: 38001 ns
[171.764s][info ][safepoint      ] Safepoint "Cleanup", Time since last: 1000107782 ns, Reaching safepoint: 84303 ns, Cleanup: 43001 ns, At safepoint: 6501 ns, Total: 133805 ns
[171.807s][info ][gc,start       ] GC(19) Pause Young (Allocation Failure)
[171.829s][debug][gc,phases      ] GC(19) Scavenge 22.340ms
[171.829s][debug][gc,ref         ] GC(19) ReferenceProcessor::execute queues: 1, RefProcThreadModel::Single, marks_oops_alive: false
[171.829s][debug][gc,ref         ] GC(19) Skipped KeepAliveFinalRefsPhase of Reference Processing: no references
[171.829s][debug][gc,ref         ] GC(19) ReferenceProcessor::execute queues: 1, RefProcThreadModel::Single, marks_oops_alive: false
[171.829s][debug][gc,phases      ] GC(19) Reference Processing 0.144ms
[171.829s][debug][gc,phases      ] GC(19)   VM Weak                        Min:  0.0, Avg:  0.0, Max:  0.0, Diff:  0.0, Sum:  0.0, Workers: 4
[171.829s][debug][gc,phases      ] GC(19)     Dead                           Min: 0, Avg:  0.0, Max: 0, Diff: 0, Sum: 0, Workers: 4
[171.829s][debug][gc,phases      ] GC(19)     Total                          Min: 0, Avg: 250.0, Max: 448, Diff: 448, Sum: 1000, Workers: 4
[171.829s][debug][gc,phases      ] GC(19)   ObjectSynchronizer Weak        Min:  0.0, Avg:  0.0, Max:  0.0, Diff:  0.0, Sum:  0.0, Workers: 4
[171.829s][debug][gc,phases      ] GC(19)     Dead                           Min: 0, Avg:  0.0, Max: 0, Diff: 0, Sum: 0, Workers: 4
[171.829s][debug][gc,phases      ] GC(19)     Total                          Min: 0, Avg:  1.0, Max: 4, Diff: 4, Sum: 4, Workers: 4
[171.829s][debug][gc,phases      ] GC(19)   JVMTI Tag Weak OopStorage      Min:  0.0, Avg:  0.0, Max:  0.0, Diff:  0.0, Sum:  0.0, Workers: 4
[171.829s][debug][gc,phases      ] GC(19)     Dead                           Min: 0, Avg:  0.0, Max: 0, Diff: 0, Sum: 0, Workers: 4
[171.829s][debug][gc,phases      ] GC(19)     Total                          Min: 0, Avg:  0.0, Max: 0, Diff: 0, Sum: 0, Workers: 4
[171.829s][debug][gc,phases      ] GC(19)   StringTable Weak               Min:  0.0, Avg:  0.1, Max:  0.2, Diff:  0.2, Sum:  0.5, Workers: 4
[171.829s][debug][gc,phases      ] GC(19)     Dead                           Min: 0, Avg:  0.2, Max: 1, Diff: 1, Sum: 1, Workers: 4
[171.830s][debug][gc,phases      ] GC(19)     Total                          Min: 0, Avg: 11717.0, Max: 17792, Diff: 17792, Sum: 46868, Workers: 4
[171.830s][debug][gc,phases      ] GC(19)   ResolvedMethodTable Weak       Min:  0.0, Avg:  0.0, Max:  0.1, Diff:  0.1, Sum:  0.2, Workers: 4
[171.830s][debug][gc,phases      ] GC(19)     Dead                           Min: 0, Avg: 10.2, Max: 34, Diff: 34, Sum: 41, Workers: 4
[171.830s][debug][gc,phases      ] GC(19)     Total                          Min: 0, Avg: 3779.8, Max: 5302, Diff: 5302, Sum: 15119, Workers: 4
[171.830s][debug][gc,phases      ] GC(19)   JNI Weak                       Min:  0.0, Avg:  0.0, Max:  0.0, Diff:  0.0, Sum:  0.0, Workers: 4
[171.830s][debug][gc,phases      ] GC(19)     Dead                           Min: 0, Avg:  0.0, Max: 0, Diff: 0, Sum: 0, Workers: 4
[171.830s][debug][gc,phases      ] GC(19)     Total                          Min: 0, Avg: 13.0, Max: 48, Diff: 48, Sum: 52, Workers: 4
[171.830s][debug][gc,phases      ] GC(19)   StringDedup Table Weak         Min:  0.0, Avg:  0.0, Max:  0.0, Diff:  0.0, Sum:  0.0, Workers: 4
[171.830s][debug][gc,phases      ] GC(19)     Dead                           Min: 0, Avg:  0.0, Max: 0, Diff: 0, Sum: 0, Workers: 4
[171.830s][debug][gc,phases      ] GC(19)     Total                          Min: 0, Avg:  0.0, Max: 0, Diff: 0, Sum: 0, Workers: 4
[171.830s][debug][gc,phases      ] GC(19)   StringDedup Requests0 Weak     Min:  0.0, Avg:  0.0, Max:  0.0, Diff:  0.0, Sum:  0.0, Workers: 4
[171.830s][debug][gc,phases      ] GC(19)     Dead                           Min: 0, Avg:  0.0, Max: 0, Diff: 0, Sum: 0, Workers: 4
[171.830s][debug][gc,phases      ] GC(19)     Total                          Min: 0, Avg:  0.0, Max: 0, Diff: 0, Sum: 0, Workers: 4
[171.830s][debug][gc,phases      ] GC(19)   StringDedup Requests1 Weak     Min:  0.0, Avg:  0.0, Max:  0.0, Diff:  0.0, Sum:  0.0, Workers: 4
[171.830s][debug][gc,phases      ] GC(19)     Dead                           Min: 0, Avg:  0.0, Max: 0, Diff: 0, Sum: 0, Workers: 4
[171.830s][debug][gc,phases      ] GC(19)     Total                          Min: 0, Avg:  0.0, Max: 0, Diff: 0, Sum: 0, Workers: 4
[171.830s][debug][gc,phases      ] GC(19)   Weak JFR Old Object Samples    Min:  0.0, Avg:  0.0, Max:  0.0, Diff:  0.0, Sum:  0.0, Workers: 4
[171.830s][debug][gc,phases      ] GC(19)     Dead                           Min: 0, Avg:  0.0, Max: 0, Diff: 0, Sum: 0, Workers: 4
[171.830s][debug][gc,phases      ] GC(19)     Total                          Min: 0, Avg:  0.0, Max: 0, Diff: 0, Sum: 0, Workers: 4
[171.830s][debug][gc,phases      ] GC(19) Weak Processing 0.514ms
[171.830s][debug][gc,age         ] GC(19) Desired survivor size 234881024 bytes, new threshold 1 (max threshold 15)
[171.830s][info ][gc,heap        ] GC(19) PSYoungGen: 1635568K(1862656K)->4689K(1858048K) Eden: 1623552K(1623552K)->0K(1623552K) From: 12016K(239104K)->4689K(234496K)
[171.830s][info ][gc,heap        ] GC(19) ParOldGen: 283485K(283648K)->291534K(291840K)
[171.830s][info ][gc,metaspace   ] GC(19) Metaspace: 108127K(109440K)->108127K(109440K) NonClass: 91827K(92544K)->91827K(92544K) Class: 16299K(16896K)->16299K(16896K)
[171.830s][info ][gc             ] GC(19) Pause Young (Allocation Failure) 1874M->289M(2099M) 23.146ms
[171.830s][info ][gc,cpu         ] GC(19) User=0.04s Sys=0.00s Real=0.02s
[171.830s][info ][safepoint      ] Safepoint "ParallelGCFailedAllocation", Time since last: 42655768 ns, Reaching safepoint: 11500 ns, Cleanup: 10101 ns, At safepoint: 23251545 ns, Total: 23273146 ns
[172.830s][info ][safepoint      ] Safepoint "Cleanup", Time since last: 1000103682 ns, Reaching safepoint: 10301 ns, Cleanup: 59002 ns, At safepoint: 2600 ns, Total: 71903 ns
[173.830s][info ][safepoint      ] Safepoint "Cleanup", Time since last: 1000126082 ns, Reaching safepoint: 8700 ns, Cleanup: 12701 ns, At safepoint: 2600 ns, Total: 24001 ns
[174.830s][info ][safepoint      ] Safepoint "Cleanup", Time since last: 1000156683 ns, Reaching safepoint: 11701 ns, Cleanup: 24401 ns, At safepoint: 3500 ns, Total: 39602 ns
[175.830s][info ][safepoint      ] Safepoint "Cleanup", Time since last: 1000134720 ns, Reaching safepoint: 12500 ns, Cleanup: 25301 ns, At safepoint: 3900 ns, Total: 41701 ns
[176.831s][info ][safepoint      ] Safepoint "Cleanup", Time since last: 1000127812 ns, Reaching safepoint: 11500 ns, Cleanup: 24901 ns, At safepoint: 2800 ns, Total: 39201 ns
[177.831s][info ][safepoint      ] Safepoint "Cleanup", Time since last: 1000127011 ns, Reaching safepoint: 12801 ns, Cleanup: 37301 ns, At safepoint: 3200 ns, Total: 53302 ns
[178.831s][info ][safepoint      ] Safepoint "Cleanup", Time since last: 1000133312 ns, Reaching safepoint: 11900 ns, Cleanup: 17501 ns, At safepoint: 2600 ns, Total: 32001 ns
[179.831s][info ][safepoint      ] Safepoint "Cleanup", Time since last: 1000131411 ns, Reaching safepoint: 12401 ns, Cleanup: 18100 ns, At safepoint: 3100 ns, Total: 33601 ns
[181.139s][info ][safepoint      ] Safepoint "Cleanup", Time since last: 1307610846 ns, Reaching safepoint: 82402 ns, Cleanup: 19701 ns, At safepoint: 7900 ns, Total: 110003 ns
[182.139s][info ][safepoint      ] Safepoint "Cleanup", Time since last: 1000129212 ns, Reaching safepoint: 95703 ns, Cleanup: 22601 ns, At safepoint: 6700 ns, Total: 125004 ns
[183.139s][info ][safepoint      ] Safepoint "Cleanup", Time since last: 1000153312 ns, Reaching safepoint: 160605 ns, Cleanup: 45402 ns, At safepoint: 6500 ns, Total: 212507 ns
[184.140s][info ][safepoint      ] Safepoint "Cleanup", Time since last: 1000129747 ns, Reaching safepoint: 84302 ns, Cleanup: 25501 ns, At safepoint: 7500 ns, Total: 117303 ns
[185.144s][info ][safepoint      ] Safepoint "Cleanup", Time since last: 1003429241 ns, Reaching safepoint: 539915 ns, Cleanup: 25301 ns, At safepoint: 11000 ns, Total: 576216 ns
[186.144s][info ][safepoint      ] Safepoint "Cleanup", Time since last: 1000133547 ns, Reaching safepoint: 84202 ns, Cleanup: 26301 ns, At safepoint: 8000 ns, Total: 118503 ns
[187.144s][info ][safepoint      ] Safepoint "Cleanup", Time since last: 1000143148 ns, Reaching safepoint: 84302 ns, Cleanup: 16201 ns, At safepoint: 8000 ns, Total: 108503 ns
[188.144s][info ][safepoint      ] Safepoint "Cleanup", Time since last: 1000135932 ns, Reaching safepoint: 71003 ns, Cleanup: 24901 ns, At safepoint: 6800 ns, Total: 102704 ns
[189.145s][info ][safepoint      ] Safepoint "Cleanup", Time since last: 1000149812 ns, Reaching safepoint: 96303 ns, Cleanup: 9300 ns, At safepoint: 7600 ns, Total: 113203 ns
[189.828s][info ][gc,start       ] GC(20) Pause Young (Allocation Failure)
[189.856s][debug][gc,phases      ] GC(20) Scavenge 27.738ms
[189.856s][debug][gc,ref         ] GC(20) ReferenceProcessor::execute queues: 1, RefProcThreadModel::Single, marks_oops_alive: false
[189.856s][debug][gc,ref         ] GC(20) Skipped KeepAliveFinalRefsPhase of Reference Processing: no references
[189.856s][debug][gc,ref         ] GC(20) ReferenceProcessor::execute queues: 1, RefProcThreadModel::Single, marks_oops_alive: false
[189.856s][debug][gc,phases      ] GC(20) Reference Processing 0.168ms
[189.857s][debug][gc,phases      ] GC(20)   VM Weak                        Min:  0.0, Avg:  0.0, Max:  0.0, Diff:  0.0, Sum:  0.0, Workers: 4
[189.857s][debug][gc,phases      ] GC(20)     Dead                           Min: 0, Avg:  0.0, Max: 0, Diff: 0, Sum: 0, Workers: 4
[189.857s][debug][gc,phases      ] GC(20)     Total                          Min: 0, Avg: 250.0, Max: 1000, Diff: 1000, Sum: 1000, Workers: 4
[189.857s][debug][gc,phases      ] GC(20)   ObjectSynchronizer Weak        Min:  0.0, Avg:  0.0, Max:  0.0, Diff:  0.0, Sum:  0.0, Workers: 4
[189.857s][debug][gc,phases      ] GC(20)     Dead                           Min: 0, Avg:  0.0, Max: 0, Diff: 0, Sum: 0, Workers: 4
[189.857s][debug][gc,phases      ] GC(20)     Total                          Min: 0, Avg:  1.0, Max: 4, Diff: 4, Sum: 4, Workers: 4
[189.857s][debug][gc,phases      ] GC(20)   JVMTI Tag Weak OopStorage      Min:  0.0, Avg:  0.0, Max:  0.0, Diff:  0.0, Sum:  0.0, Workers: 4
[189.857s][debug][gc,phases      ] GC(20)     Dead                           Min: 0, Avg:  0.0, Max: 0, Diff: 0, Sum: 0, Workers: 4
[189.857s][debug][gc,phases      ] GC(20)     Total                          Min: 0, Avg:  0.0, Max: 0, Diff: 0, Sum: 0, Workers: 4
[189.857s][debug][gc,phases      ] GC(20)   StringTable Weak               Min:  0.0, Avg:  0.1, Max:  0.5, Diff:  0.5, Sum:  0.5, Workers: 4
[189.857s][debug][gc,phases      ] GC(20)     Dead                           Min: 0, Avg:  0.0, Max: 0, Diff: 0, Sum: 0, Workers: 4
[189.857s][debug][gc,phases      ] GC(20)     Total                          Min: 0, Avg: 11724.5, Max: 46898, Diff: 46898, Sum: 46898, Workers: 4
[189.857s][debug][gc,phases      ] GC(20)   ResolvedMethodTable Weak       Min:  0.0, Avg:  0.0, Max:  0.2, Diff:  0.2, Sum:  0.2, Workers: 4
[189.857s][debug][gc,phases      ] GC(20)     Dead                           Min: 0, Avg:  4.5, Max: 18, Diff: 18, Sum: 18, Workers: 4
[189.857s][debug][gc,phases      ] GC(20)     Total                          Min: 0, Avg: 3783.2, Max: 15133, Diff: 15133, Sum: 15133, Workers: 4
[189.857s][debug][gc,phases      ] GC(20)   JNI Weak                       Min:  0.0, Avg:  0.0, Max:  0.0, Diff:  0.0, Sum:  0.0, Workers: 4
[189.857s][debug][gc,phases      ] GC(20)     Dead                           Min: 0, Avg:  0.0, Max: 0, Diff: 0, Sum: 0, Workers: 4
[189.857s][debug][gc,phases      ] GC(20)     Total                          Min: 0, Avg: 13.0, Max: 52, Diff: 52, Sum: 52, Workers: 4
[189.857s][debug][gc,phases      ] GC(20)   StringDedup Table Weak         Min:  0.0, Avg:  0.0, Max:  0.0, Diff:  0.0, Sum:  0.0, Workers: 4
[189.857s][debug][gc,phases      ] GC(20)     Dead                           Min: 0, Avg:  0.0, Max: 0, Diff: 0, Sum: 0, Workers: 4
[189.857s][debug][gc,phases      ] GC(20)     Total                          Min: 0, Avg:  0.0, Max: 0, Diff: 0, Sum: 0, Workers: 4
[189.857s][debug][gc,phases      ] GC(20)   StringDedup Requests0 Weak     Min:  0.0, Avg:  0.0, Max:  0.0, Diff:  0.0, Sum:  0.0, Workers: 4
[189.857s][debug][gc,phases      ] GC(20)     Dead                           Min: 0, Avg:  0.0, Max: 0, Diff: 0, Sum: 0, Workers: 4
[189.857s][debug][gc,phases      ] GC(20)     Total                          Min: 0, Avg:  0.0, Max: 0, Diff: 0, Sum: 0, Workers: 4
[189.857s][debug][gc,phases      ] GC(20)   StringDedup Requests1 Weak     Min:  0.0, Avg:  0.0, Max:  0.0, Diff:  0.0, Sum:  0.0, Workers: 4
[189.857s][debug][gc,phases      ] GC(20)     Dead                           Min: 0, Avg:  0.0, Max: 0, Diff: 0, Sum: 0, Workers: 4
[189.857s][debug][gc,phases      ] GC(20)     Total                          Min: 0, Avg:  0.0, Max: 0, Diff: 0, Sum: 0, Workers: 4
[189.857s][debug][gc,phases      ] GC(20)   Weak JFR Old Object Samples    Min:  0.0, Avg:  0.0, Max:  0.0, Diff:  0.0, Sum:  0.0, Workers: 4
[189.857s][debug][gc,phases      ] GC(20)     Dead                           Min: 0, Avg:  0.0, Max: 0, Diff: 0, Sum: 0, Workers: 4
[189.857s][debug][gc,phases      ] GC(20)     Total                          Min: 0, Avg:  0.0, Max: 0, Diff: 0, Sum: 0, Workers: 4
[189.857s][debug][gc,phases      ] GC(20) Weak Processing 0.970ms
[189.857s][debug][gc,age         ] GC(20) Desired survivor size 227540992 bytes, new threshold 1 (max threshold 15)
[189.857s][info ][gc,heap        ] GC(20) PSYoungGen: 1628241K(1858048K)->10208K(1874944K) Eden: 1623552K(1623552K)->0K(1645568K) From: 4689K(234496K)->10208K(229376K)
[189.857s][info ][gc,heap        ] GC(20) ParOldGen: 291534K(291840K)->292659K(292864K)
[189.857s][info ][gc,metaspace   ] GC(20) Metaspace: 108265K(109568K)->108265K(109568K) NonClass: 91960K(92672K)->91960K(92672K) Class: 16305K(16896K)->16305K(16896K)
[189.857s][info ][gc             ] GC(20) Pause Young (Allocation Failure) 1874M->295M(2117M) 29.068ms
[189.857s][info ][gc,cpu         ] GC(20) User=0.05s Sys=0.00s Real=0.03s
[189.857s][info ][safepoint      ] Safepoint "ParallelGCFailedAllocation", Time since last: 682998035 ns, Reaching safepoint: 8800 ns, Cleanup: 19200 ns, At safepoint: 29181546 ns, Total: 29209546 ns
[190.857s][info ][safepoint      ] Safepoint "Cleanup", Time since last: 1000105611 ns, Reaching safepoint: 87003 ns, Cleanup: 9100 ns, At safepoint: 7200 ns, Total: 103303 ns
[191.857s][info ][safepoint      ] Safepoint "Cleanup", Time since last: 1000141471 ns, Reaching safepoint: 83803 ns, Cleanup: 8500 ns, At safepoint: 10400 ns, Total: 102703 ns
[193.858s][info ][safepoint      ] Safepoint "Cleanup", Time since last: 2000210958 ns, Reaching safepoint: 8101 ns, Cleanup: 35101 ns, At safepoint: 2900 ns, Total: 46102 ns
[194.858s][info ][safepoint      ] Safepoint "Cleanup", Time since last: 1000146880 ns, Reaching safepoint: 86003 ns, Cleanup: 33501 ns, At safepoint: 10300 ns, Total: 129804 ns
[195.859s][info ][safepoint      ] Safepoint "Cleanup", Time since last: 1000125880 ns, Reaching safepoint: 990432 ns, Cleanup: 24101 ns, At safepoint: 9900 ns, Total: 1024433 ns
[197.864s][info ][safepoint      ] Safepoint "Cleanup", Time since last: 2004715303 ns, Reaching safepoint: 10000 ns, Cleanup: 17501 ns, At safepoint: 3100 ns, Total: 30601 ns
[198.868s][info ][safepoint      ] Safepoint "Cleanup", Time since last: 1000601095 ns, Reaching safepoint: 3158002 ns, Cleanup: 37801 ns, At safepoint: 12400 ns, Total: 3208203 ns
[199.868s][info ][safepoint      ] Safepoint "Cleanup", Time since last: 1000143101 ns, Reaching safepoint: 9800 ns, Cleanup: 26701 ns, At safepoint: 3200 ns, Total: 39701 ns
[200.868s][info ][safepoint      ] Safepoint "Cleanup", Time since last: 1000121365 ns, Reaching safepoint: 7900 ns, Cleanup: 13300 ns, At safepoint: 3100 ns, Total: 24300 ns
[202.868s][info ][safepoint      ] Safepoint "Cleanup", Time since last: 2000197228 ns, Reaching safepoint: 10700 ns, Cleanup: 14300 ns, At safepoint: 2901 ns, Total: 27901 ns
[203.868s][info ][safepoint      ] Safepoint "Cleanup", Time since last: 1000125764 ns, Reaching safepoint: 11000 ns, Cleanup: 15601 ns, At safepoint: 3200 ns, Total: 29801 ns
[204.869s][info ][safepoint      ] Safepoint "Cleanup", Time since last: 1000324171 ns, Reaching safepoint: 12600 ns, Cleanup: 18701 ns, At safepoint: 2900 ns, Total: 34201 ns
[205.869s][info ][safepoint      ] Safepoint "Cleanup", Time since last: 1000117264 ns, Reaching safepoint: 11000 ns, Cleanup: 13401 ns, At safepoint: 2900 ns, Total: 27301 ns
[206.869s][info ][safepoint      ] Safepoint "Cleanup", Time since last: 1000124964 ns, Reaching safepoint: 79503 ns, Cleanup: 14800 ns, At safepoint: 6300 ns, Total: 100603 ns
[207.578s][info ][gc,start       ] GC(21) Pause Young (Allocation Failure)
[207.616s][debug][gc,phases      ] GC(21) Scavenge 37.830ms
[207.616s][debug][gc,ref         ] GC(21) ReferenceProcessor::execute queues: 1, RefProcThreadModel::Single, marks_oops_alive: false
[207.616s][debug][gc,ref         ] GC(21) Skipped KeepAliveFinalRefsPhase of Reference Processing: no references
[207.616s][debug][gc,ref         ] GC(21) ReferenceProcessor::execute queues: 1, RefProcThreadModel::Single, marks_oops_alive: false
[207.616s][debug][gc,phases      ] GC(21) Reference Processing 0.146ms
[207.617s][debug][gc,phases      ] GC(21)   VM Weak                        Min:  0.0, Avg:  0.0, Max:  0.0, Diff:  0.0, Sum:  0.0, Workers: 4
[207.617s][debug][gc,phases      ] GC(21)     Dead                           Min: 0, Avg:  0.0, Max: 0, Diff: 0, Sum: 0, Workers: 4
[207.617s][debug][gc,phases      ] GC(21)     Total                          Min: 0, Avg: 250.0, Max: 1000, Diff: 1000, Sum: 1000, Workers: 4
[207.617s][debug][gc,phases      ] GC(21)   ObjectSynchronizer Weak        Min:  0.0, Avg:  0.0, Max:  0.0, Diff:  0.0, Sum:  0.0, Workers: 4
[207.617s][debug][gc,phases      ] GC(21)     Dead                           Min: 0, Avg:  0.0, Max: 0, Diff: 0, Sum: 0, Workers: 4
[207.617s][debug][gc,phases      ] GC(21)     Total                          Min: 0, Avg:  1.0, Max: 4, Diff: 4, Sum: 4, Workers: 4
[207.617s][debug][gc,phases      ] GC(21)   JVMTI Tag Weak OopStorage      Min:  0.0, Avg:  0.0, Max:  0.0, Diff:  0.0, Sum:  0.0, Workers: 4
[207.617s][debug][gc,phases      ] GC(21)     Dead                           Min: 0, Avg:  0.0, Max: 0, Diff: 0, Sum: 0, Workers: 4
[207.617s][debug][gc,phases      ] GC(21)     Total                          Min: 0, Avg:  0.0, Max: 0, Diff: 0, Sum: 0, Workers: 4
[207.617s][debug][gc,phases      ] GC(21)   StringTable Weak               Min:  0.0, Avg:  0.1, Max:  0.5, Diff:  0.5, Sum:  0.5, Workers: 4
[207.617s][debug][gc,phases      ] GC(21)     Dead                           Min: 0, Avg:  0.2, Max: 1, Diff: 1, Sum: 1, Workers: 4
[207.617s][debug][gc,phases      ] GC(21)     Total                          Min: 0, Avg: 11731.8, Max: 46927, Diff: 46927, Sum: 46927, Workers: 4
[207.617s][debug][gc,phases      ] GC(21)   ResolvedMethodTable Weak       Min:  0.0, Avg:  0.0, Max:  0.2, Diff:  0.2, Sum:  0.2, Workers: 4
[207.617s][debug][gc,phases      ] GC(21)     Dead                           Min: 0, Avg:  7.0, Max: 28, Diff: 28, Sum: 28, Workers: 4
[207.617s][debug][gc,phases      ] GC(21)     Total                          Min: 0, Avg: 3784.8, Max: 15139, Diff: 15139, Sum: 15139, Workers: 4
[207.617s][debug][gc,phases      ] GC(21)   JNI Weak                       Min:  0.0, Avg:  0.0, Max:  0.0, Diff:  0.0, Sum:  0.0, Workers: 4
[207.617s][debug][gc,phases      ] GC(21)     Dead                           Min: 0, Avg:  0.0, Max: 0, Diff: 0, Sum: 0, Workers: 4
[207.617s][debug][gc,phases      ] GC(21)     Total                          Min: 0, Avg: 13.0, Max: 52, Diff: 52, Sum: 52, Workers: 4
[207.617s][debug][gc,phases      ] GC(21)   StringDedup Table Weak         Min:  0.0, Avg:  0.0, Max:  0.0, Diff:  0.0, Sum:  0.0, Workers: 4
[207.617s][debug][gc,phases      ] GC(21)     Dead                           Min: 0, Avg:  0.0, Max: 0, Diff: 0, Sum: 0, Workers: 4
[207.617s][debug][gc,phases      ] GC(21)     Total                          Min: 0, Avg:  0.0, Max: 0, Diff: 0, Sum: 0, Workers: 4
[207.617s][debug][gc,phases      ] GC(21)   StringDedup Requests0 Weak     Min:  0.0, Avg:  0.0, Max:  0.0, Diff:  0.0, Sum:  0.0, Workers: 4
[207.617s][debug][gc,phases      ] GC(21)     Dead                           Min: 0, Avg:  0.0, Max: 0, Diff: 0, Sum: 0, Workers: 4
[207.617s][debug][gc,phases      ] GC(21)     Total                          Min: 0, Avg:  0.0, Max: 0, Diff: 0, Sum: 0, Workers: 4
[207.617s][debug][gc,phases      ] GC(21)   StringDedup Requests1 Weak     Min:  0.0, Avg:  0.0, Max:  0.0, Diff:  0.0, Sum:  0.0, Workers: 4
[207.617s][debug][gc,phases      ] GC(21)     Dead                           Min: 0, Avg:  0.0, Max: 0, Diff: 0, Sum: 0, Workers: 4
[207.617s][debug][gc,phases      ] GC(21)     Total                          Min: 0, Avg:  0.0, Max: 0, Diff: 0, Sum: 0, Workers: 4
[207.617s][debug][gc,phases      ] GC(21)   Weak JFR Old Object Samples    Min:  0.0, Avg:  0.0, Max:  0.0, Diff:  0.0, Sum:  0.0, Workers: 4
[207.617s][debug][gc,phases      ] GC(21)     Dead                           Min: 0, Avg:  0.0, Max: 0, Diff: 0, Sum: 0, Workers: 4
[207.617s][debug][gc,phases      ] GC(21)     Total                          Min: 0, Avg:  0.0, Max: 0, Diff: 0, Sum: 0, Workers: 4
[207.617s][debug][gc,phases      ] GC(21) Weak Processing 0.978ms
[207.617s][debug][gc,age         ] GC(21) Desired survivor size 219676672 bytes, new threshold 1 (max threshold 15)
[207.617s][info ][gc,heap        ] GC(21) PSYoungGen: 1655776K(1874944K)->7280K(1867776K) Eden: 1645568K(1645568K)->0K(1645568K) From: 10208K(229376K)->7280K(222208K)
[207.617s][info ][gc,heap        ] GC(21) ParOldGen: 292659K(292864K)->299172K(299520K)
[207.617s][info ][gc,metaspace   ] GC(21) Metaspace: 108362K(109696K)->108362K(109696K) NonClass: 92054K(92800K)->92054K(92800K) Class: 16307K(16896K)->16307K(16896K)
[207.617s][info ][gc             ] GC(21) Pause Young (Allocation Failure) 1902M->299M(2116M) 39.147ms
[207.617s][info ][gc,cpu         ] GC(21) User=0.03s Sys=0.00s Real=0.04s
[207.617s][info ][safepoint      ] Safepoint "ParallelGCFailedAllocation", Time since last: 708958472 ns, Reaching safepoint: 10600 ns, Cleanup: 4100 ns, At safepoint: 39264539 ns, Total: 39279239 ns
[210.272s][info ][safepoint      ] Safepoint "Cleanup", Time since last: 2654465140 ns, Reaching safepoint: 4500 ns, Cleanup: 13600 ns, At safepoint: 1900 ns, Total: 20000 ns
[211.295s][info ][safepoint      ] Safepoint "Cleanup", Time since last: 1022969272 ns, Reaching safepoint: 85202 ns, Cleanup: 42402 ns, At safepoint: 13100 ns, Total: 140704 ns
[212.295s][info ][safepoint      ] Safepoint "Cleanup", Time since last: 1000138751 ns, Reaching safepoint: 96303 ns, Cleanup: 15801 ns, At safepoint: 7100 ns, Total: 119204 ns
[213.295s][info ][safepoint      ] Safepoint "Cleanup", Time since last: 1000144851 ns, Reaching safepoint: 84203 ns, Cleanup: 18000 ns, At safepoint: 7601 ns, Total: 109804 ns
[214.296s][info ][safepoint      ] Safepoint "Cleanup", Time since last: 1000140351 ns, Reaching safepoint: 81702 ns, Cleanup: 15901 ns, At safepoint: 19701 ns, Total: 117304 ns
[215.296s][info ][safepoint      ] Safepoint "Cleanup", Time since last: 1000133534 ns, Reaching safepoint: 89903 ns, Cleanup: 20400 ns, At safepoint: 5200 ns, Total: 115503 ns
[216.296s][info ][safepoint      ] Safepoint "Cleanup", Time since last: 1000136769 ns, Reaching safepoint: 83102 ns, Cleanup: 21401 ns, At safepoint: 7500 ns, Total: 112003 ns
[217.296s][info ][safepoint      ] Safepoint "Cleanup", Time since last: 1000128368 ns, Reaching safepoint: 122204 ns, Cleanup: 21300 ns, At safepoint: 6201 ns, Total: 149705 ns
[219.297s][info ][safepoint      ] Safepoint "Cleanup", Time since last: 2000198734 ns, Reaching safepoint: 85402 ns, Cleanup: 18701 ns, At safepoint: 6800 ns, Total: 110903 ns
[220.676s][info ][safepoint      ] Safepoint "Cleanup", Time since last: 1376761717 ns, Reaching safepoint: 2191867 ns, Cleanup: 14301 ns, At safepoint: 23501 ns, Total: 2229669 ns
[221.676s][info ][safepoint      ] Safepoint "Cleanup", Time since last: 1000119167 ns, Reaching safepoint: 11801 ns, Cleanup: 20000 ns, At safepoint: 2700 ns, Total: 34501 ns
[222.676s][info ][safepoint      ] Safepoint "Cleanup", Time since last: 1000128577 ns, Reaching safepoint: 9400 ns, Cleanup: 11400 ns, At safepoint: 3301 ns, Total: 24101 ns
[224.231s][info ][gc,start       ] GC(22) Pause Young (Allocation Failure)
[224.244s][debug][gc,phases      ] GC(22) Scavenge 13.017ms
[224.244s][debug][gc,ref         ] GC(22) ReferenceProcessor::execute queues: 1, RefProcThreadModel::Single, marks_oops_alive: false
[224.244s][debug][gc,ref         ] GC(22) Skipped KeepAliveFinalRefsPhase of Reference Processing: no references
[224.244s][debug][gc,ref         ] GC(22) ReferenceProcessor::execute queues: 1, RefProcThreadModel::Single, marks_oops_alive: false
[224.244s][debug][gc,phases      ] GC(22) Reference Processing 0.125ms
[224.245s][debug][gc,phases      ] GC(22)   VM Weak                        Min:  0.0, Avg:  0.0, Max:  0.0, Diff:  0.0, Sum:  0.0, Workers: 4
[224.245s][debug][gc,phases      ] GC(22)     Dead                           Min: 0, Avg:  0.0, Max: 0, Diff: 0, Sum: 0, Workers: 4
[224.245s][debug][gc,phases      ] GC(22)     Total                          Min: 0, Avg: 250.0, Max: 744, Diff: 744, Sum: 1000, Workers: 4
[224.245s][debug][gc,phases      ] GC(22)   ObjectSynchronizer Weak        Min:  0.0, Avg:  0.0, Max:  0.0, Diff:  0.0, Sum:  0.0, Workers: 4
[224.245s][debug][gc,phases      ] GC(22)     Dead                           Min: 0, Avg:  0.0, Max: 0, Diff: 0, Sum: 0, Workers: 4
[224.245s][debug][gc,phases      ] GC(22)     Total                          Min: 0, Avg:  1.0, Max: 4, Diff: 4, Sum: 4, Workers: 4
[224.245s][debug][gc,phases      ] GC(22)   JVMTI Tag Weak OopStorage      Min:  0.0, Avg:  0.0, Max:  0.0, Diff:  0.0, Sum:  0.0, Workers: 4
[224.245s][debug][gc,phases      ] GC(22)     Dead                           Min: 0, Avg:  0.0, Max: 0, Diff: 0, Sum: 0, Workers: 4
[224.245s][debug][gc,phases      ] GC(22)     Total                          Min: 0, Avg:  0.0, Max: 0, Diff: 0, Sum: 0, Workers: 4
[224.245s][debug][gc,phases      ] GC(22)   StringTable Weak               Min:  0.0, Avg:  0.1, Max:  0.2, Diff:  0.2, Sum:  0.5, Workers: 4
[224.245s][debug][gc,phases      ] GC(22)     Dead                           Min: 0, Avg:  0.2, Max: 1, Diff: 1, Sum: 1, Workers: 4
[224.245s][debug][gc,phases      ] GC(22)     Total                          Min: 0, Avg: 11742.8, Max: 25403, Diff: 25403, Sum: 46971, Workers: 4
[224.245s][debug][gc,phases      ] GC(22)   ResolvedMethodTable Weak       Min:  0.0, Avg:  0.0, Max:  0.1, Diff:  0.1, Sum:  0.2, Workers: 4
[224.245s][debug][gc,phases      ] GC(22)     Dead                           Min: 0, Avg:  4.0, Max: 16, Diff: 16, Sum: 16, Workers: 4
[224.245s][debug][gc,phases      ] GC(22)     Total                          Min: 0, Avg: 3787.8, Max: 7812, Diff: 7812, Sum: 15151, Workers: 4
[224.245s][debug][gc,phases      ] GC(22)   JNI Weak                       Min:  0.0, Avg:  0.0, Max:  0.0, Diff:  0.0, Sum:  0.0, Workers: 4
[224.245s][debug][gc,phases      ] GC(22)     Dead                           Min: 0, Avg:  0.0, Max: 0, Diff: 0, Sum: 0, Workers: 4
[224.245s][debug][gc,phases      ] GC(22)     Total                          Min: 0, Avg: 13.2, Max: 48, Diff: 48, Sum: 53, Workers: 4
[224.245s][debug][gc,phases      ] GC(22)   StringDedup Table Weak         Min:  0.0, Avg:  0.0, Max:  0.0, Diff:  0.0, Sum:  0.0, Workers: 4
[224.245s][debug][gc,phases      ] GC(22)     Dead                           Min: 0, Avg:  0.0, Max: 0, Diff: 0, Sum: 0, Workers: 4
[224.245s][debug][gc,phases      ] GC(22)     Total                          Min: 0, Avg:  0.0, Max: 0, Diff: 0, Sum: 0, Workers: 4
[224.245s][debug][gc,phases      ] GC(22)   StringDedup Requests0 Weak     Min:  0.0, Avg:  0.0, Max:  0.0, Diff:  0.0, Sum:  0.0, Workers: 4
[224.245s][debug][gc,phases      ] GC(22)     Dead                           Min: 0, Avg:  0.0, Max: 0, Diff: 0, Sum: 0, Workers: 4
[224.245s][debug][gc,phases      ] GC(22)     Total                          Min: 0, Avg:  0.0, Max: 0, Diff: 0, Sum: 0, Workers: 4
[224.245s][debug][gc,phases      ] GC(22)   StringDedup Requests1 Weak     Min:  0.0, Avg:  0.0, Max:  0.0, Diff:  0.0, Sum:  0.0, Workers: 4
[224.245s][debug][gc,phases      ] GC(22)     Dead                           Min: 0, Avg:  0.0, Max: 0, Diff: 0, Sum: 0, Workers: 4
[224.245s][debug][gc,phases      ] GC(22)     Total                          Min: 0, Avg:  0.0, Max: 0, Diff: 0, Sum: 0, Workers: 4
[224.245s][debug][gc,phases      ] GC(22)   Weak JFR Old Object Samples    Min:  0.0, Avg:  0.0, Max:  0.0, Diff:  0.0, Sum:  0.0, Workers: 4
[224.245s][debug][gc,phases      ] GC(22)     Dead                           Min: 0, Avg:  0.0, Max: 0, Diff: 0, Sum: 0, Workers: 4
[224.245s][debug][gc,phases      ] GC(22)     Total                          Min: 0, Avg:  0.0, Max: 0, Diff: 0, Sum: 0, Workers: 4
[224.245s][debug][gc,phases      ] GC(22) Weak Processing 0.590ms
[224.245s][debug][gc,age         ] GC(22) Desired survivor size 211812352 bytes, new threshold 1 (max threshold 15)
[224.245s][info ][gc,heap        ] GC(22) PSYoungGen: 1652848K(1867776K)->5888K(1890304K) Eden: 1645568K(1645568K)->0K(1675776K) From: 7280K(222208K)->5888K(214528K)
[224.245s][info ][gc,heap        ] GC(22) ParOldGen: 299172K(299520K)->303233K(303616K)
[224.245s][info ][gc,metaspace   ] GC(22) Metaspace: 108497K(109824K)->108497K(109824K) NonClass: 92171K(92928K)->92171K(92928K) Class: 16325K(16896K)->16325K(16896K)
[224.245s][info ][gc             ] GC(22) Pause Young (Allocation Failure) 1906M->301M(2142M) 13.872ms
[224.245s][info ][gc,cpu         ] GC(22) User=0.03s Sys=0.00s Real=0.02s
[224.245s][info ][safepoint      ] Safepoint "ParallelGCFailedAllocation", Time since last: 1554725579 ns, Reaching safepoint: 92903 ns, Cleanup: 13401 ns, At safepoint: 13987126 ns, Total: 14093430 ns
[225.245s][info ][safepoint      ] Safepoint "Cleanup", Time since last: 1000106575 ns, Reaching safepoint: 81702 ns, Cleanup: 24401 ns, At safepoint: 7200 ns, Total: 113303 ns
[226.245s][info ][safepoint      ] Safepoint "Cleanup", Time since last: 1000143376 ns, Reaching safepoint: 88803 ns, Cleanup: 13700 ns, At safepoint: 5000 ns, Total: 107503 ns
[227.246s][info ][safepoint      ] Safepoint "Cleanup", Time since last: 1000131376 ns, Reaching safepoint: 93803 ns, Cleanup: 22300 ns, At safepoint: 5300 ns, Total: 121403 ns
[228.246s][info ][safepoint      ] Safepoint "Cleanup", Time since last: 1000149577 ns, Reaching safepoint: 91902 ns, Cleanup: 20601 ns, At safepoint: 8500 ns, Total: 121003 ns
[229.247s][info ][safepoint      ] Safepoint "Cleanup", Time since last: 1000691093 ns, Reaching safepoint: 96403 ns, Cleanup: 21400 ns, At safepoint: 14101 ns, Total: 131904 ns
[230.247s][info ][safepoint      ] Safepoint "Cleanup", Time since last: 1000124075 ns, Reaching safepoint: 84903 ns, Cleanup: 18300 ns, At safepoint: 7100 ns, Total: 110303 ns
[231.247s][info ][safepoint      ] Safepoint "Cleanup", Time since last: 1000122895 ns, Reaching safepoint: 83303 ns, Cleanup: 20501 ns, At safepoint: 6900 ns, Total: 110704 ns
[232.247s][info ][safepoint      ] Safepoint "Cleanup", Time since last: 1000128303 ns, Reaching safepoint: 82802 ns, Cleanup: 15601 ns, At safepoint: 6800 ns, Total: 105203 ns
[233.251s][info ][safepoint      ] Safepoint "Cleanup", Time since last: 1000138402 ns, Reaching safepoint: 3286504 ns, Cleanup: 29201 ns, At safepoint: 16901 ns, Total: 3332606 ns
[234.251s][info ][safepoint      ] Safepoint "Cleanup", Time since last: 1000147902 ns, Reaching safepoint: 86502 ns, Cleanup: 22601 ns, At safepoint: 5700 ns, Total: 114803 ns
[235.254s][info ][safepoint      ] Safepoint "Cleanup", Time since last: 1000601417 ns, Reaching safepoint: 2088466 ns, Cleanup: 22501 ns, At safepoint: 14500 ns, Total: 2125467 ns
[237.254s][info ][safepoint      ] Safepoint "Cleanup", Time since last: 2000205201 ns, Reaching safepoint: 84303 ns, Cleanup: 23901 ns, At safepoint: 24800 ns, Total: 133004 ns
[238.153s][info ][gc,start       ] GC(23) Pause Young (Allocation Failure)
[238.173s][debug][gc,phases      ] GC(23) Scavenge 19.818ms
[238.173s][debug][gc,ref         ] GC(23) ReferenceProcessor::execute queues: 1, RefProcThreadModel::Single, marks_oops_alive: false
[238.173s][debug][gc,ref         ] GC(23) Skipped KeepAliveFinalRefsPhase of Reference Processing: no references
[238.173s][debug][gc,ref         ] GC(23) ReferenceProcessor::execute queues: 1, RefProcThreadModel::Single, marks_oops_alive: false
[238.173s][debug][gc,phases      ] GC(23) Reference Processing 0.143ms
[238.174s][debug][gc,phases      ] GC(23)   VM Weak                        Min:  0.0, Avg:  0.0, Max:  0.0, Diff:  0.0, Sum:  0.0, Workers: 4
[238.174s][debug][gc,phases      ] GC(23)     Dead                           Min: 0, Avg:  0.0, Max: 0, Diff: 0, Sum: 0, Workers: 4
[238.174s][debug][gc,phases      ] GC(23)     Total                          Min: 0, Avg: 250.0, Max: 1000, Diff: 1000, Sum: 1000, Workers: 4
[238.174s][debug][gc,phases      ] GC(23)   ObjectSynchronizer Weak        Min:  0.0, Avg:  0.0, Max:  0.0, Diff:  0.0, Sum:  0.0, Workers: 4
[238.174s][debug][gc,phases      ] GC(23)     Dead                           Min: 0, Avg:  0.0, Max: 0, Diff: 0, Sum: 0, Workers: 4
[238.174s][debug][gc,phases      ] GC(23)     Total                          Min: 0, Avg:  1.0, Max: 4, Diff: 4, Sum: 4, Workers: 4
[238.174s][debug][gc,phases      ] GC(23)   JVMTI Tag Weak OopStorage      Min:  0.0, Avg:  0.0, Max:  0.0, Diff:  0.0, Sum:  0.0, Workers: 4
[238.174s][debug][gc,phases      ] GC(23)     Dead                           Min: 0, Avg:  0.0, Max: 0, Diff: 0, Sum: 0, Workers: 4
[238.174s][debug][gc,phases      ] GC(23)     Total                          Min: 0, Avg:  0.0, Max: 0, Diff: 0, Sum: 0, Workers: 4
[238.174s][debug][gc,phases      ] GC(23)   StringTable Weak               Min:  0.0, Avg:  0.1, Max:  0.4, Diff:  0.4, Sum:  0.4, Workers: 4
[238.174s][debug][gc,phases      ] GC(23)     Dead                           Min: 0, Avg:  0.2, Max: 1, Diff: 1, Sum: 1, Workers: 4
[238.174s][debug][gc,phases      ] GC(23)     Total                          Min: 0, Avg: 11744.8, Max: 46979, Diff: 46979, Sum: 46979, Workers: 4
[238.174s][debug][gc,phases      ] GC(23)   ResolvedMethodTable Weak       Min:  0.0, Avg:  0.0, Max:  0.2, Diff:  0.2, Sum:  0.2, Workers: 4
[238.174s][debug][gc,phases      ] GC(23)     Dead                           Min: 0, Avg:  0.8, Max: 3, Diff: 3, Sum: 3, Workers: 4
[238.174s][debug][gc,phases      ] GC(23)     Total                          Min: 0, Avg: 3790.8, Max: 15163, Diff: 15163, Sum: 15163, Workers: 4
[238.174s][debug][gc,phases      ] GC(23)   JNI Weak                       Min:  0.0, Avg:  0.0, Max:  0.0, Diff:  0.0, Sum:  0.0, Workers: 4
[238.174s][debug][gc,phases      ] GC(23)     Dead                           Min: 0, Avg:  0.0, Max: 0, Diff: 0, Sum: 0, Workers: 4
[238.174s][debug][gc,phases      ] GC(23)     Total                          Min: 0, Avg: 13.0, Max: 52, Diff: 52, Sum: 52, Workers: 4
[238.174s][debug][gc,phases      ] GC(23)   StringDedup Table Weak         Min:  0.0, Avg:  0.0, Max:  0.0, Diff:  0.0, Sum:  0.0, Workers: 4
[238.174s][debug][gc,phases      ] GC(23)     Dead                           Min: 0, Avg:  0.0, Max: 0, Diff: 0, Sum: 0, Workers: 4
[238.174s][debug][gc,phases      ] GC(23)     Total                          Min: 0, Avg:  0.0, Max: 0, Diff: 0, Sum: 0, Workers: 4
[238.174s][debug][gc,phases      ] GC(23)   StringDedup Requests0 Weak     Min:  0.0, Avg:  0.0, Max:  0.0, Diff:  0.0, Sum:  0.0, Workers: 4
[238.174s][debug][gc,phases      ] GC(23)     Dead                           Min: 0, Avg:  0.0, Max: 0, Diff: 0, Sum: 0, Workers: 4
[238.174s][debug][gc,phases      ] GC(23)     Total                          Min: 0, Avg:  0.0, Max: 0, Diff: 0, Sum: 0, Workers: 4
[238.174s][debug][gc,phases      ] GC(23)   StringDedup Requests1 Weak     Min:  0.0, Avg:  0.0, Max:  0.0, Diff:  0.0, Sum:  0.0, Workers: 4
[238.174s][debug][gc,phases      ] GC(23)     Dead                           Min: 0, Avg:  0.0, Max: 0, Diff: 0, Sum: 0, Workers: 4
[238.174s][debug][gc,phases      ] GC(23)     Total                          Min: 0, Avg:  0.0, Max: 0, Diff: 0, Sum: 0, Workers: 4
[238.174s][debug][gc,phases      ] GC(23)   Weak JFR Old Object Samples    Min:  0.0, Avg:  0.0, Max:  0.0, Diff:  0.0, Sum:  0.0, Workers: 4
[238.174s][debug][gc,phases      ] GC(23)     Dead                           Min: 0, Avg:  0.0, Max: 0, Diff: 0, Sum: 0, Workers: 4
[238.174s][debug][gc,phases      ] GC(23)     Total                          Min: 0, Avg:  0.0, Max: 0, Diff: 0, Sum: 0, Workers: 4
[238.174s][debug][gc,phases      ] GC(23) Weak Processing 0.875ms
[238.174s][debug][gc,age         ] GC(23) Desired survivor size 201850880 bytes, new threshold 1 (max threshold 15)
[238.174s][info ][gc,heap        ] GC(23) PSYoungGen: 1681664K(1890304K)->14136K(1882624K) Eden: 1675776K(1675776K)->0K(1675776K) From: 5888K(214528K)->14136K(206848K)
[238.174s][info ][gc,heap        ] GC(23) ParOldGen: 303233K(303616K)->305262K(305664K)
[238.174s][info ][gc,metaspace   ] GC(23) Metaspace: 108531K(109824K)->108531K(109824K) NonClass: 92201K(92928K)->92201K(92928K) Class: 16329K(16896K)->16329K(16896K)
[238.174s][info ][gc             ] GC(23) Pause Young (Allocation Failure) 1938M->311M(2137M) 21.000ms
[238.174s][info ][gc,cpu         ] GC(23) User=0.03s Sys=0.01s Real=0.02s
[238.174s][info ][safepoint      ] Safepoint "ParallelGCFailedAllocation", Time since last: 898696577 ns, Reaching safepoint: 10500 ns, Cleanup: 14700 ns, At safepoint: 21111172 ns, Total: 21136372 ns
[239.174s][info ][safepoint      ] Safepoint "Cleanup", Time since last: 1000094800 ns, Reaching safepoint: 9900 ns, Cleanup: 36201 ns, At safepoint: 3400 ns, Total: 49501 ns
[240.174s][info ][safepoint      ] Safepoint "Cleanup", Time since last: 1000110770 ns, Reaching safepoint: 11801 ns, Cleanup: 29001 ns, At safepoint: 3000 ns, Total: 43802 ns
[241.187s][info ][safepoint      ] Safepoint "Cleanup", Time since last: 1013054747 ns, Reaching safepoint: 12701 ns, Cleanup: 16700 ns, At safepoint: 3400 ns, Total: 32801 ns
[242.188s][info ][safepoint      ] Safepoint "Cleanup", Time since last: 1000113866 ns, Reaching safepoint: 12601 ns, Cleanup: 18100 ns, At safepoint: 3200 ns, Total: 33901 ns
[243.188s][info ][safepoint      ] Safepoint "Cleanup", Time since last: 1000141067 ns, Reaching safepoint: 12501 ns, Cleanup: 18600 ns, At safepoint: 2800 ns, Total: 33901 ns
[244.188s][info ][safepoint      ] Safepoint "Cleanup", Time since last: 1000105966 ns, Reaching safepoint: 83903 ns, Cleanup: 27401 ns, At safepoint: 6500 ns, Total: 117804 ns
[245.188s][info ][safepoint      ] Safepoint "Cleanup", Time since last: 1000113778 ns, Reaching safepoint: 12000 ns, Cleanup: 56702 ns, At safepoint: 9701 ns, Total: 78403 ns
[246.188s][info ][safepoint      ] Safepoint "Cleanup", Time since last: 1000122965 ns, Reaching safepoint: 85003 ns, Cleanup: 24200 ns, At safepoint: 9701 ns, Total: 118904 ns
[247.191s][info ][safepoint      ] Safepoint "Cleanup", Time since last: 1000420474 ns, Reaching safepoint: 2271072 ns, Cleanup: 20701 ns, At safepoint: 17700 ns, Total: 2309473 ns
[248.191s][info ][safepoint      ] Safepoint "Cleanup", Time since last: 1000163775 ns, Reaching safepoint: 88902 ns, Cleanup: 36101 ns, At safepoint: 7601 ns, Total: 132604 ns
[251.192s][info ][safepoint      ] Safepoint "Cleanup", Time since last: 3000280176 ns, Reaching safepoint: 87903 ns, Cleanup: 19101 ns, At safepoint: 10000 ns, Total: 117004 ns
[252.192s][info ][safepoint      ] Safepoint "Cleanup", Time since last: 1000132560 ns, Reaching safepoint: 86703 ns, Cleanup: 14301 ns, At safepoint: 14600 ns, Total: 115604 ns
[253.057s][info ][gc,start       ] GC(24) Pause Young (Allocation Failure)
[253.096s][debug][gc,phases      ] GC(24) Scavenge 38.835ms
[253.096s][debug][gc,ref         ] GC(24) ReferenceProcessor::execute queues: 1, RefProcThreadModel::Single, marks_oops_alive: false
[253.096s][debug][gc,ref         ] GC(24) Skipped KeepAliveFinalRefsPhase of Reference Processing: no references
[253.096s][debug][gc,ref         ] GC(24) ReferenceProcessor::execute queues: 1, RefProcThreadModel::Single, marks_oops_alive: false
[253.096s][debug][gc,phases      ] GC(24) Reference Processing 0.139ms
[253.097s][debug][gc,phases      ] GC(24)   VM Weak                        Min:  0.0, Avg:  0.0, Max:  0.0, Diff:  0.0, Sum:  0.0, Workers: 4
[253.097s][debug][gc,phases      ] GC(24)     Dead                           Min: 0, Avg:  0.0, Max: 0, Diff: 0, Sum: 0, Workers: 4
[253.097s][debug][gc,phases      ] GC(24)     Total                          Min: 0, Avg: 250.0, Max: 1000, Diff: 1000, Sum: 1000, Workers: 4
[253.097s][debug][gc,phases      ] GC(24)   ObjectSynchronizer Weak        Min:  0.0, Avg:  0.0, Max:  0.0, Diff:  0.0, Sum:  0.0, Workers: 4
[253.097s][debug][gc,phases      ] GC(24)     Dead                           Min: 0, Avg:  0.0, Max: 0, Diff: 0, Sum: 0, Workers: 4
[253.097s][debug][gc,phases      ] GC(24)     Total                          Min: 0, Avg:  1.0, Max: 4, Diff: 4, Sum: 4, Workers: 4
[253.097s][debug][gc,phases      ] GC(24)   JVMTI Tag Weak OopStorage      Min:  0.0, Avg:  0.0, Max:  0.0, Diff:  0.0, Sum:  0.0, Workers: 4
[253.097s][debug][gc,phases      ] GC(24)     Dead                           Min: 0, Avg:  0.0, Max: 0, Diff: 0, Sum: 0, Workers: 4
[253.097s][debug][gc,phases      ] GC(24)     Total                          Min: 0, Avg:  0.0, Max: 0, Diff: 0, Sum: 0, Workers: 4
[253.097s][debug][gc,phases      ] GC(24)   StringTable Weak               Min:  0.0, Avg:  0.1, Max:  0.5, Diff:  0.5, Sum:  0.5, Workers: 4
[253.097s][debug][gc,phases      ] GC(24)     Dead                           Min: 0, Avg:  0.2, Max: 1, Diff: 1, Sum: 1, Workers: 4
[253.097s][debug][gc,phases      ] GC(24)     Total                          Min: 0, Avg: 11748.2, Max: 46993, Diff: 46993, Sum: 46993, Workers: 4
[253.097s][debug][gc,phases      ] GC(24)   ResolvedMethodTable Weak       Min:  0.0, Avg:  0.0, Max:  0.2, Diff:  0.2, Sum:  0.2, Workers: 4
[253.097s][debug][gc,phases      ] GC(24)     Dead                           Min: 0, Avg:  7.0, Max: 28, Diff: 28, Sum: 28, Workers: 4
[253.097s][debug][gc,phases      ] GC(24)     Total                          Min: 0, Avg: 3792.0, Max: 15168, Diff: 15168, Sum: 15168, Workers: 4
[253.097s][debug][gc,phases      ] GC(24)   JNI Weak                       Min:  0.0, Avg:  0.0, Max:  0.0, Diff:  0.0, Sum:  0.0, Workers: 4
[253.097s][debug][gc,phases      ] GC(24)     Dead                           Min: 0, Avg:  0.0, Max: 0, Diff: 0, Sum: 0, Workers: 4
[253.097s][debug][gc,phases      ] GC(24)     Total                          Min: 0, Avg: 13.0, Max: 52, Diff: 52, Sum: 52, Workers: 4
[253.097s][debug][gc,phases      ] GC(24)   StringDedup Table Weak         Min:  0.0, Avg:  0.0, Max:  0.0, Diff:  0.0, Sum:  0.0, Workers: 4
[253.097s][debug][gc,phases      ] GC(24)     Dead                           Min: 0, Avg:  0.0, Max: 0, Diff: 0, Sum: 0, Workers: 4
[253.097s][debug][gc,phases      ] GC(24)     Total                          Min: 0, Avg:  0.0, Max: 0, Diff: 0, Sum: 0, Workers: 4
[253.097s][debug][gc,phases      ] GC(24)   StringDedup Requests0 Weak     Min:  0.0, Avg:  0.0, Max:  0.0, Diff:  0.0, Sum:  0.0, Workers: 4
[253.097s][debug][gc,phases      ] GC(24)     Dead                           Min: 0, Avg:  0.0, Max: 0, Diff: 0, Sum: 0, Workers: 4
[253.097s][debug][gc,phases      ] GC(24)     Total                          Min: 0, Avg:  0.0, Max: 0, Diff: 0, Sum: 0, Workers: 4
[253.097s][debug][gc,phases      ] GC(24)   StringDedup Requests1 Weak     Min:  0.0, Avg:  0.0, Max:  0.0, Diff:  0.0, Sum:  0.0, Workers: 4
[253.097s][debug][gc,phases      ] GC(24)     Dead                           Min: 0, Avg:  0.0, Max: 0, Diff: 0, Sum: 0, Workers: 4
[253.097s][debug][gc,phases      ] GC(24)     Total                          Min: 0, Avg:  0.0, Max: 0, Diff: 0, Sum: 0, Workers: 4
[253.097s][debug][gc,phases      ] GC(24)   Weak JFR Old Object Samples    Min:  0.0, Avg:  0.0, Max:  0.0, Diff:  0.0, Sum:  0.0, Workers: 4
[253.097s][debug][gc,phases      ] GC(24)     Dead                           Min: 0, Avg:  0.0, Max: 0, Diff: 0, Sum: 0, Workers: 4
[253.097s][debug][gc,phases      ] GC(24)     Total                          Min: 0, Avg:  0.0, Max: 0, Diff: 0, Sum: 0, Workers: 4
[253.097s][debug][gc,phases      ] GC(24) Weak Processing 0.923ms
[253.097s][debug][gc,age         ] GC(24) Desired survivor size 192937984 bytes, new threshold 1 (max threshold 15)
[253.097s][info ][gc,heap        ] GC(24) PSYoungGen: 1689912K(1882624K)->8152K(1908736K) Eden: 1675776K(1675776K)->0K(1711616K) From: 14136K(206848K)->8152K(197120K)
[253.097s][info ][gc,heap        ] GC(24) ParOldGen: 305262K(305664K)->315802K(315904K)
[253.097s][info ][gc,metaspace   ] GC(24) Metaspace: 108602K(109888K)->108602K(109888K) NonClass: 92268K(92992K)->92268K(92992K) Class: 16334K(16896K)->16334K(16896K)
[253.097s][info ][gc             ] GC(24) Pause Young (Allocation Failure) 1948M->316M(2172M) 40.060ms
[253.097s][info ][gc,cpu         ] GC(24) User=0.03s Sys=0.01s Real=0.04s
[253.097s][info ][safepoint      ] Safepoint "ParallelGCFailedAllocation", Time since last: 864914793 ns, Reaching safepoint: 10701 ns, Cleanup: 5200 ns, At safepoint: 40177168 ns, Total: 40193069 ns
[254.097s][info ][safepoint      ] Safepoint "Cleanup", Time since last: 1000110359 ns, Reaching safepoint: 87603 ns, Cleanup: 13300 ns, At safepoint: 8300 ns, Total: 109203 ns
[255.098s][info ][safepoint      ] Safepoint "Cleanup", Time since last: 1000409169 ns, Reaching safepoint: 86103 ns, Cleanup: 15001 ns, At safepoint: 7300 ns, Total: 108404 ns
[256.100s][info ][safepoint      ] Safepoint "Cleanup", Time since last: 1001346104 ns, Reaching safepoint: 212406 ns, Cleanup: 23601 ns, At safepoint: 7100 ns, Total: 243107 ns
[257.100s][info ][safepoint      ] Safepoint "Cleanup", Time since last: 1000134051 ns, Reaching safepoint: 112404 ns, Cleanup: 12000 ns, At safepoint: 6300 ns, Total: 130704 ns
[258.100s][info ][safepoint      ] Safepoint "Cleanup", Time since last: 1000130052 ns, Reaching safepoint: 96003 ns, Cleanup: 19000 ns, At safepoint: 7500 ns, Total: 122503 ns
[259.100s][info ][safepoint      ] Safepoint "Cleanup", Time since last: 1000122651 ns, Reaching safepoint: 86403 ns, Cleanup: 17900 ns, At safepoint: 7901 ns, Total: 112204 ns
[261.101s][info ][safepoint      ] Safepoint "Cleanup", Time since last: 2000191400 ns, Reaching safepoint: 83002 ns, Cleanup: 15901 ns, At safepoint: 14100 ns, Total: 113003 ns
[262.101s][info ][safepoint      ] Safepoint "Cleanup", Time since last: 1000134052 ns, Reaching safepoint: 85102 ns, Cleanup: 17001 ns, At safepoint: 6200 ns, Total: 108303 ns
[263.101s][info ][safepoint      ] Safepoint "Cleanup", Time since last: 1000134451 ns, Reaching safepoint: 90303 ns, Cleanup: 13900 ns, At safepoint: 6001 ns, Total: 110204 ns
[265.101s][info ][safepoint      ] Safepoint "Cleanup", Time since last: 2000213212 ns, Reaching safepoint: 112804 ns, Cleanup: 27401 ns, At safepoint: 6800 ns, Total: 147005 ns
[266.108s][info ][safepoint      ] Safepoint "Cleanup", Time since last: 1006306366 ns, Reaching safepoint: 85703 ns, Cleanup: 13701 ns, At safepoint: 5700 ns, Total: 105104 ns
[267.109s][info ][safepoint      ] Safepoint "Cleanup", Time since last: 1000206081 ns, Reaching safepoint: 1127334 ns, Cleanup: 17501 ns, At safepoint: 7100 ns, Total: 1151935 ns
[268.109s][info ][safepoint      ] Safepoint "Cleanup", Time since last: 1000134379 ns, Reaching safepoint: 85203 ns, Cleanup: 18000 ns, At safepoint: 6601 ns, Total: 109804 ns
[269.110s][info ][safepoint      ] Safepoint "Cleanup", Time since last: 1000118578 ns, Reaching safepoint: 87003 ns, Cleanup: 18701 ns, At safepoint: 12400 ns, Total: 118104 ns
[270.110s][info ][safepoint      ] Safepoint "Cleanup", Time since last: 1000129179 ns, Reaching safepoint: 83703 ns, Cleanup: 18900 ns, At safepoint: 6000 ns, Total: 108603 ns
[270.417s][info ][gc,start       ] GC(25) Pause Young (Allocation Failure)
[270.428s][debug][gc,phases      ] GC(25) Scavenge 10.299ms
[270.428s][debug][gc,ref         ] GC(25) ReferenceProcessor::execute queues: 1, RefProcThreadModel::Single, marks_oops_alive: false
[270.428s][debug][gc,ref         ] GC(25) Skipped KeepAliveFinalRefsPhase of Reference Processing: no references
[270.428s][debug][gc,ref         ] GC(25) ReferenceProcessor::execute queues: 1, RefProcThreadModel::Single, marks_oops_alive: false
[270.428s][debug][gc,phases      ] GC(25) Reference Processing 0.167ms
[270.428s][debug][gc,phases      ] GC(25)   VM Weak                        Min:  0.0, Avg:  0.0, Max:  0.0, Diff:  0.0, Sum:  0.0, Workers: 4
[270.428s][debug][gc,phases      ] GC(25)     Dead                           Min: 0, Avg:  0.0, Max: 0, Diff: 0, Sum: 0, Workers: 4
[270.428s][debug][gc,phases      ] GC(25)     Total                          Min: 0, Avg: 250.2, Max: 553, Diff: 553, Sum: 1001, Workers: 4
[270.428s][debug][gc,phases      ] GC(25)   ObjectSynchronizer Weak        Min:  0.0, Avg:  0.0, Max:  0.0, Diff:  0.0, Sum:  0.0, Workers: 4
[270.428s][debug][gc,phases      ] GC(25)     Dead                           Min: 0, Avg:  0.0, Max: 0, Diff: 0, Sum: 0, Workers: 4
[270.428s][debug][gc,phases      ] GC(25)     Total                          Min: 0, Avg:  1.0, Max: 4, Diff: 4, Sum: 4, Workers: 4
[270.428s][debug][gc,phases      ] GC(25)   JVMTI Tag Weak OopStorage      Min:  0.0, Avg:  0.0, Max:  0.0, Diff:  0.0, Sum:  0.0, Workers: 4
[270.428s][debug][gc,phases      ] GC(25)     Dead                           Min: 0, Avg:  0.0, Max: 0, Diff: 0, Sum: 0, Workers: 4
[270.428s][debug][gc,phases      ] GC(25)     Total                          Min: 0, Avg:  0.0, Max: 0, Diff: 0, Sum: 0, Workers: 4
[270.428s][debug][gc,phases      ] GC(25)   StringTable Weak               Min:  0.0, Avg:  0.1, Max:  0.2, Diff:  0.2, Sum:  0.5, Workers: 4
[270.428s][debug][gc,phases      ] GC(25)     Dead                           Min: 0, Avg:  0.0, Max: 0, Diff: 0, Sum: 0, Workers: 4
[270.428s][debug][gc,phases      ] GC(25)     Total                          Min: 0, Avg: 11751.0, Max: 23644, Diff: 23644, Sum: 47004, Workers: 4
[270.428s][debug][gc,phases      ] GC(25)   ResolvedMethodTable Weak       Min:  0.0, Avg:  0.0, Max:  0.1, Diff:  0.1, Sum:  0.2, Workers: 4
[270.428s][debug][gc,phases      ] GC(25)     Dead                           Min: 0, Avg:  4.0, Max: 16, Diff: 16, Sum: 16, Workers: 4
[270.428s][debug][gc,phases      ] GC(25)     Total                          Min: 0, Avg: 3792.5, Max: 7863, Diff: 7863, Sum: 15170, Workers: 4
[270.428s][debug][gc,phases      ] GC(25)   JNI Weak                       Min:  0.0, Avg:  0.0, Max:  0.0, Diff:  0.0, Sum:  0.0, Workers: 4
[270.428s][debug][gc,phases      ] GC(25)     Dead                           Min: 0, Avg:  0.0, Max: 0, Diff: 0, Sum: 0, Workers: 4
[270.428s][debug][gc,phases      ] GC(25)     Total                          Min: 0, Avg: 13.0, Max: 48, Diff: 48, Sum: 52, Workers: 4
[270.428s][debug][gc,phases      ] GC(25)   StringDedup Table Weak         Min:  0.0, Avg:  0.0, Max:  0.0, Diff:  0.0, Sum:  0.0, Workers: 4
[270.428s][debug][gc,phases      ] GC(25)     Dead                           Min: 0, Avg:  0.0, Max: 0, Diff: 0, Sum: 0, Workers: 4
[270.428s][debug][gc,phases      ] GC(25)     Total                          Min: 0, Avg:  0.0, Max: 0, Diff: 0, Sum: 0, Workers: 4
[270.428s][debug][gc,phases      ] GC(25)   StringDedup Requests0 Weak     Min:  0.0, Avg:  0.0, Max:  0.0, Diff:  0.0, Sum:  0.0, Workers: 4
[270.428s][debug][gc,phases      ] GC(25)     Dead                           Min: 0, Avg:  0.0, Max: 0, Diff: 0, Sum: 0, Workers: 4
[270.428s][debug][gc,phases      ] GC(25)     Total                          Min: 0, Avg:  0.0, Max: 0, Diff: 0, Sum: 0, Workers: 4
[270.428s][debug][gc,phases      ] GC(25)   StringDedup Requests1 Weak     Min:  0.0, Avg:  0.0, Max:  0.0, Diff:  0.0, Sum:  0.0, Workers: 4
[270.428s][debug][gc,phases      ] GC(25)     Dead                           Min: 0, Avg:  0.0, Max: 0, Diff: 0, Sum: 0, Workers: 4
[270.428s][debug][gc,phases      ] GC(25)     Total                          Min: 0, Avg:  0.0, Max: 0, Diff: 0, Sum: 0, Workers: 4
[270.428s][debug][gc,phases      ] GC(25)   Weak JFR Old Object Samples    Min:  0.0, Avg:  0.0, Max:  0.0, Diff:  0.0, Sum:  0.0, Workers: 4
[270.428s][debug][gc,phases      ] GC(25)     Dead                           Min: 0, Avg:  0.0, Max: 0, Diff: 0, Sum: 0, Workers: 4
[270.428s][debug][gc,phases      ] GC(25)     Total                          Min: 0, Avg:  0.0, Max: 0, Diff: 0, Sum: 0, Workers: 4
[270.428s][debug][gc,phases      ] GC(25) Weak Processing 0.576ms
[270.428s][debug][gc,age         ] GC(25) Desired survivor size 184549376 bytes, new threshold 1 (max threshold 15)
[270.428s][info ][gc,heap        ] GC(25) PSYoungGen: 1719768K(1908736K)->4400K(1900032K) Eden: 1711616K(1711616K)->0K(1711616K) From: 8152K(197120K)->4400K(188416K)
[270.428s][info ][gc,heap        ] GC(25) ParOldGen: 315802K(315904K)->320688K(321024K)
[270.428s][info ][gc,metaspace   ] GC(25) Metaspace: 108659K(109952K)->108659K(109952K) NonClass: 92324K(93056K)->92324K(93056K) Class: 16335K(16896K)->16335K(16896K)
[270.428s][info ][gc             ] GC(25) Pause Young (Allocation Failure) 1987M->317M(2169M) 11.220ms
[270.428s][info ][gc,cpu         ] GC(25) User=0.02s Sys=0.01s Real=0.01s
[270.428s][info ][safepoint      ] Safepoint "ParallelGCFailedAllocation", Time since last: 307187531 ns, Reaching safepoint: 10201 ns, Cleanup: 5400 ns, At safepoint: 11327044 ns, Total: 11342645 ns
[272.429s][info ][safepoint      ] Safepoint "Cleanup", Time since last: 2000168452 ns, Reaching safepoint: 11300 ns, Cleanup: 13400 ns, At safepoint: 3200 ns, Total: 27900 ns
[273.429s][info ][safepoint      ] Safepoint "Cleanup", Time since last: 1000129105 ns, Reaching safepoint: 11400 ns, Cleanup: 22001 ns, At safepoint: 2300 ns, Total: 35701 ns
[274.429s][info ][safepoint      ] Safepoint "Cleanup", Time since last: 1000134304 ns, Reaching safepoint: 13800 ns, Cleanup: 22201 ns, At safepoint: 3400 ns, Total: 39401 ns
[275.429s][info ][safepoint      ] Safepoint "Cleanup", Time since last: 1000127604 ns, Reaching safepoint: 10901 ns, Cleanup: 20800 ns, At safepoint: 3000 ns, Total: 34701 ns
[277.429s][info ][safepoint      ] Safepoint "Cleanup", Time since last: 2000184207 ns, Reaching safepoint: 9100 ns, Cleanup: 14900 ns, At safepoint: 3100 ns, Total: 27100 ns
[278.430s][info ][safepoint      ] Safepoint "Cleanup", Time since last: 1000124004 ns, Reaching safepoint: 13601 ns, Cleanup: 20800 ns, At safepoint: 3301 ns, Total: 37702 ns
[279.430s][info ][safepoint      ] Safepoint "Cleanup", Time since last: 1000141143 ns, Reaching safepoint: 12800 ns, Cleanup: 20401 ns, At safepoint: 3200 ns, Total: 36401 ns
[280.430s][info ][safepoint      ] Safepoint "Cleanup", Time since last: 1000177718 ns, Reaching safepoint: 11501 ns, Cleanup: 41401 ns, At safepoint: 2900 ns, Total: 55802 ns
[281.430s][info ][safepoint      ] Safepoint "Cleanup", Time since last: 1000114416 ns, Reaching safepoint: 8401 ns, Cleanup: 25700 ns, At safepoint: 2701 ns, Total: 36802 ns
[282.430s][info ][safepoint      ] Safepoint "Cleanup", Time since last: 1000133417 ns, Reaching safepoint: 11300 ns, Cleanup: 14800 ns, At safepoint: 2901 ns, Total: 29001 ns
[283.430s][info ][safepoint      ] Safepoint "Cleanup", Time since last: 1000133017 ns, Reaching safepoint: 10000 ns, Cleanup: 14800 ns, At safepoint: 2600 ns, Total: 27400 ns
[284.431s][info ][safepoint      ] Safepoint "Cleanup", Time since last: 1000130217 ns, Reaching safepoint: 10101 ns, Cleanup: 13900 ns, At safepoint: 2800 ns, Total: 26801 ns
[285.431s][info ][safepoint      ] Safepoint "Cleanup", Time since last: 1000138218 ns, Reaching safepoint: 12400 ns, Cleanup: 19901 ns, At safepoint: 3000 ns, Total: 35301 ns
[286.431s][info ][safepoint      ] Safepoint "Cleanup", Time since last: 1000127017 ns, Reaching safepoint: 14700 ns, Cleanup: 15100 ns, At safepoint: 3101 ns, Total: 32901 ns
[287.431s][info ][safepoint      ] Safepoint "Cleanup", Time since last: 1000131071 ns, Reaching safepoint: 12901 ns, Cleanup: 21600 ns, At safepoint: 3001 ns, Total: 37502 ns
[287.577s][info ][gc,start       ] GC(26) Pause Young (Allocation Failure)
[287.599s][debug][gc,phases      ] GC(26) Scavenge 21.679ms
[287.599s][debug][gc,ref         ] GC(26) ReferenceProcessor::execute queues: 1, RefProcThreadModel::Single, marks_oops_alive: false
[287.599s][debug][gc,ref         ] GC(26) Skipped KeepAliveFinalRefsPhase of Reference Processing: no references
[287.599s][debug][gc,ref         ] GC(26) ReferenceProcessor::execute queues: 1, RefProcThreadModel::Single, marks_oops_alive: false
[287.599s][debug][gc,phases      ] GC(26) Reference Processing 0.135ms
[287.600s][debug][gc,phases      ] GC(26)   VM Weak                        Min:  0.0, Avg:  0.0, Max:  0.0, Diff:  0.0, Sum:  0.0, Workers: 4
[287.600s][debug][gc,phases      ] GC(26)     Dead                           Min: 0, Avg:  0.0, Max: 0, Diff: 0, Sum: 0, Workers: 4
[287.600s][debug][gc,phases      ] GC(26)     Total                          Min: 0, Avg: 250.2, Max: 1001, Diff: 1001, Sum: 1001, Workers: 4
[287.600s][debug][gc,phases      ] GC(26)   ObjectSynchronizer Weak        Min:  0.0, Avg:  0.0, Max:  0.0, Diff:  0.0, Sum:  0.0, Workers: 4
[287.600s][debug][gc,phases      ] GC(26)     Dead                           Min: 0, Avg:  0.0, Max: 0, Diff: 0, Sum: 0, Workers: 4
[287.600s][debug][gc,phases      ] GC(26)     Total                          Min: 0, Avg:  1.0, Max: 4, Diff: 4, Sum: 4, Workers: 4
[287.600s][debug][gc,phases      ] GC(26)   JVMTI Tag Weak OopStorage      Min:  0.0, Avg:  0.0, Max:  0.0, Diff:  0.0, Sum:  0.0, Workers: 4
[287.600s][debug][gc,phases      ] GC(26)     Dead                           Min: 0, Avg:  0.0, Max: 0, Diff: 0, Sum: 0, Workers: 4
[287.600s][debug][gc,phases      ] GC(26)     Total                          Min: 0, Avg:  0.0, Max: 0, Diff: 0, Sum: 0, Workers: 4
[287.600s][debug][gc,phases      ] GC(26)   StringTable Weak               Min:  0.0, Avg:  0.1, Max:  0.6, Diff:  0.6, Sum:  0.6, Workers: 4
[287.600s][debug][gc,phases      ] GC(26)     Dead                           Min: 0, Avg:  0.0, Max: 0, Diff: 0, Sum: 0, Workers: 4
[287.600s][debug][gc,phases      ] GC(26)     Total                          Min: 0, Avg: 11752.0, Max: 47008, Diff: 47008, Sum: 47008, Workers: 4
[287.600s][debug][gc,phases      ] GC(26)   ResolvedMethodTable Weak       Min:  0.0, Avg:  0.0, Max:  0.2, Diff:  0.2, Sum:  0.2, Workers: 4
[287.600s][debug][gc,phases      ] GC(26)     Dead                           Min: 0, Avg:  4.0, Max: 16, Diff: 16, Sum: 16, Workers: 4
[287.600s][debug][gc,phases      ] GC(26)     Total                          Min: 0, Avg: 3793.5, Max: 15174, Diff: 15174, Sum: 15174, Workers: 4
[287.600s][debug][gc,phases      ] GC(26)   JNI Weak                       Min:  0.0, Avg:  0.0, Max:  0.0, Diff:  0.0, Sum:  0.0, Workers: 4
[287.600s][debug][gc,phases      ] GC(26)     Dead                           Min: 0, Avg:  0.0, Max: 0, Diff: 0, Sum: 0, Workers: 4
[287.600s][debug][gc,phases      ] GC(26)     Total                          Min: 0, Avg: 13.0, Max: 52, Diff: 52, Sum: 52, Workers: 4
[287.600s][debug][gc,phases      ] GC(26)   StringDedup Table Weak         Min:  0.0, Avg:  0.0, Max:  0.0, Diff:  0.0, Sum:  0.0, Workers: 4
[287.600s][debug][gc,phases      ] GC(26)     Dead                           Min: 0, Avg:  0.0, Max: 0, Diff: 0, Sum: 0, Workers: 4
[287.600s][debug][gc,phases      ] GC(26)     Total                          Min: 0, Avg:  0.0, Max: 0, Diff: 0, Sum: 0, Workers: 4
[287.600s][debug][gc,phases      ] GC(26)   StringDedup Requests0 Weak     Min:  0.0, Avg:  0.0, Max:  0.0, Diff:  0.0, Sum:  0.0, Workers: 4
[287.600s][debug][gc,phases      ] GC(26)     Dead                           Min: 0, Avg:  0.0, Max: 0, Diff: 0, Sum: 0, Workers: 4
[287.600s][debug][gc,phases      ] GC(26)     Total                          Min: 0, Avg:  0.0, Max: 0, Diff: 0, Sum: 0, Workers: 4
[287.600s][debug][gc,phases      ] GC(26)   StringDedup Requests1 Weak     Min:  0.0, Avg:  0.0, Max:  0.0, Diff:  0.0, Sum:  0.0, Workers: 4
[287.600s][debug][gc,phases      ] GC(26)     Dead                           Min: 0, Avg:  0.0, Max: 0, Diff: 0, Sum: 0, Workers: 4
[287.600s][debug][gc,phases      ] GC(26)     Total                          Min: 0, Avg:  0.0, Max: 0, Diff: 0, Sum: 0, Workers: 4
[287.600s][debug][gc,phases      ] GC(26)   Weak JFR Old Object Samples    Min:  0.0, Avg:  0.0, Max:  0.0, Diff:  0.0, Sum:  0.0, Workers: 4
[287.600s][debug][gc,phases      ] GC(26)     Dead                           Min: 0, Avg:  0.0, Max: 0, Diff: 0, Sum: 0, Workers: 4
[287.600s][debug][gc,phases      ] GC(26)     Total                          Min: 0, Avg:  0.0, Max: 0, Diff: 0, Sum: 0, Workers: 4
[287.600s][debug][gc,phases      ] GC(26) Weak Processing 1.063ms
[287.600s][debug][gc,age         ] GC(26) Desired survivor size 175636480 bytes, new threshold 1 (max threshold 15)
[287.600s][info ][gc,heap        ] GC(26) PSYoungGen: 1716016K(1900032K)->4752K(1925632K) Eden: 1711616K(1711616K)->0K(1745408K) From: 4400K(188416K)->4752K(180224K)
[287.600s][info ][gc,heap        ] GC(26) ParOldGen: 320688K(321024K)->321584K(322048K)
[287.600s][info ][gc,metaspace   ] GC(26) Metaspace: 108692K(110016K)->108692K(110016K) NonClass: 92356K(93120K)->92356K(93120K) Class: 16336K(16896K)->16336K(16896K)
[287.600s][info ][gc             ] GC(26) Pause Young (Allocation Failure) 1988M->318M(2195M) 23.039ms
[287.600s][info ][gc,cpu         ] GC(26) User=0.01s Sys=0.00s Real=0.02s
[287.600s][info ][safepoint      ] Safepoint "ParallelGCFailedAllocation", Time since last: 145828049 ns, Reaching safepoint: 83303 ns, Cleanup: 8500 ns, At safepoint: 23151223 ns, Total: 23243026 ns
[288.600s][info ][safepoint      ] Safepoint "Cleanup", Time since last: 1000118404 ns, Reaching safepoint: 85803 ns, Cleanup: 17400 ns, At safepoint: 8600 ns, Total: 111803 ns
[289.601s][info ][safepoint      ] Safepoint "Cleanup", Time since last: 1000138105 ns, Reaching safepoint: 91703 ns, Cleanup: 19101 ns, At safepoint: 11500 ns, Total: 122304 ns
[290.601s][info ][safepoint      ] Safepoint "Cleanup", Time since last: 1000155906 ns, Reaching safepoint: 87502 ns, Cleanup: 16401 ns, At safepoint: 8000 ns, Total: 111903 ns
[291.604s][info ][safepoint      ] Safepoint "Cleanup", Time since last: 1000153406 ns, Reaching safepoint: 2684983 ns, Cleanup: 19101 ns, At safepoint: 13600 ns, Total: 2717684 ns
[292.604s][info ][safepoint      ] Safepoint "Cleanup", Time since last: 1000141105 ns, Reaching safepoint: 90403 ns, Cleanup: 13601 ns, At safepoint: 7100 ns, Total: 111104 ns
[293.604s][info ][safepoint      ] Safepoint "Cleanup", Time since last: 1000129204 ns, Reaching safepoint: 79703 ns, Cleanup: 28401 ns, At safepoint: 7200 ns, Total: 115304 ns
[294.604s][info ][safepoint      ] Safepoint "Cleanup", Time since last: 1000118804 ns, Reaching safepoint: 93103 ns, Cleanup: 20501 ns, At safepoint: 5900 ns, Total: 119504 ns
[297.605s][info ][safepoint      ] Safepoint "Cleanup", Time since last: 3000306609 ns, Reaching safepoint: 86903 ns, Cleanup: 20800 ns, At safepoint: 11601 ns, Total: 119304 ns
[298.608s][info ][safepoint      ] Safepoint "Cleanup", Time since last: 1000152004 ns, Reaching safepoint: 3185299 ns, Cleanup: 16901 ns, At safepoint: 16201 ns, Total: 3218401 ns
[299.608s][info ][safepoint      ] Safepoint "Cleanup", Time since last: 1000143604 ns, Reaching safepoint: 11500 ns, Cleanup: 24201 ns, At safepoint: 3400 ns, Total: 39101 ns
[301.222s][info ][safepoint      ] Safepoint "Cleanup", Time since last: 1613966355 ns, Reaching safepoint: 12600 ns, Cleanup: 22601 ns, At safepoint: 3000 ns, Total: 38201 ns
[302.223s][info ][safepoint      ] Safepoint "Cleanup", Time since last: 1000331910 ns, Reaching safepoint: 12000 ns, Cleanup: 24801 ns, At safepoint: 3600 ns, Total: 40401 ns
[303.223s][info ][safepoint      ] Safepoint "Cleanup", Time since last: 1000140404 ns, Reaching safepoint: 8900 ns, Cleanup: 15201 ns, At safepoint: 2600 ns, Total: 26701 ns
[304.223s][info ][safepoint      ] Safepoint "Cleanup", Time since last: 1000123952 ns, Reaching safepoint: 47801 ns, Cleanup: 14801 ns, At safepoint: 7300 ns, Total: 69902 ns
[305.223s][info ][safepoint      ] Safepoint "Cleanup", Time since last: 1000131749 ns, Reaching safepoint: 9700 ns, Cleanup: 15101 ns, At safepoint: 2800 ns, Total: 27601 ns
[306.224s][info ][safepoint      ] Safepoint "Cleanup", Time since last: 1000116948 ns, Reaching safepoint: 9501 ns, Cleanup: 14700 ns, At safepoint: 2600 ns, Total: 26801 ns
[306.625s][info ][gc,start       ] GC(27) Pause Young (Allocation Failure)
[306.644s][debug][gc,phases      ] GC(27) Scavenge 18.606ms
[306.644s][debug][gc,ref         ] GC(27) ReferenceProcessor::execute queues: 1, RefProcThreadModel::Single, marks_oops_alive: false
[306.644s][debug][gc,ref         ] GC(27) Skipped KeepAliveFinalRefsPhase of Reference Processing: no references
[306.644s][debug][gc,ref         ] GC(27) ReferenceProcessor::execute queues: 1, RefProcThreadModel::Single, marks_oops_alive: false
[306.644s][debug][gc,phases      ] GC(27) Reference Processing 0.121ms
[306.645s][debug][gc,phases      ] GC(27)   VM Weak                        Min:  0.0, Avg:  0.0, Max:  0.0, Diff:  0.0, Sum:  0.0, Workers: 4
[306.645s][debug][gc,phases      ] GC(27)     Dead                           Min: 0, Avg:  0.0, Max: 0, Diff: 0, Sum: 0, Workers: 4
[306.645s][debug][gc,phases      ] GC(27)     Total                          Min: 0, Avg: 250.2, Max: 1001, Diff: 1001, Sum: 1001, Workers: 4
[306.645s][debug][gc,phases      ] GC(27)   ObjectSynchronizer Weak        Min:  0.0, Avg:  0.0, Max:  0.0, Diff:  0.0, Sum:  0.0, Workers: 4
[306.645s][debug][gc,phases      ] GC(27)     Dead                           Min: 0, Avg:  0.0, Max: 0, Diff: 0, Sum: 0, Workers: 4
[306.645s][debug][gc,phases      ] GC(27)     Total                          Min: 0, Avg:  1.0, Max: 4, Diff: 4, Sum: 4, Workers: 4
[306.645s][debug][gc,phases      ] GC(27)   JVMTI Tag Weak OopStorage      Min:  0.0, Avg:  0.0, Max:  0.0, Diff:  0.0, Sum:  0.0, Workers: 4
[306.645s][debug][gc,phases      ] GC(27)     Dead                           Min: 0, Avg:  0.0, Max: 0, Diff: 0, Sum: 0, Workers: 4
[306.645s][debug][gc,phases      ] GC(27)     Total                          Min: 0, Avg:  0.0, Max: 0, Diff: 0, Sum: 0, Workers: 4
[306.645s][debug][gc,phases      ] GC(27)   StringTable Weak               Min:  0.0, Avg:  0.1, Max:  0.4, Diff:  0.4, Sum:  0.4, Workers: 4
[306.645s][debug][gc,phases      ] GC(27)     Dead                           Min: 0, Avg:  0.2, Max: 1, Diff: 1, Sum: 1, Workers: 4
[306.645s][debug][gc,phases      ] GC(27)     Total                          Min: 0, Avg: 11762.2, Max: 47049, Diff: 47049, Sum: 47049, Workers: 4
[306.645s][debug][gc,phases      ] GC(27)   ResolvedMethodTable Weak       Min:  0.0, Avg:  0.0, Max:  0.2, Diff:  0.2, Sum:  0.2, Workers: 4
[306.645s][debug][gc,phases      ] GC(27)     Dead                           Min: 0, Avg:  4.8, Max: 19, Diff: 19, Sum: 19, Workers: 4
[306.645s][debug][gc,phases      ] GC(27)     Total                          Min: 0, Avg: 3795.8, Max: 15183, Diff: 15183, Sum: 15183, Workers: 4
[306.645s][debug][gc,phases      ] GC(27)   JNI Weak                       Min:  0.0, Avg:  0.0, Max:  0.0, Diff:  0.0, Sum:  0.0, Workers: 4
[306.645s][debug][gc,phases      ] GC(27)     Dead                           Min: 0, Avg:  0.0, Max: 0, Diff: 0, Sum: 0, Workers: 4
[306.645s][debug][gc,phases      ] GC(27)     Total                          Min: 0, Avg: 13.0, Max: 52, Diff: 52, Sum: 52, Workers: 4
[306.645s][debug][gc,phases      ] GC(27)   StringDedup Table Weak         Min:  0.0, Avg:  0.0, Max:  0.0, Diff:  0.0, Sum:  0.0, Workers: 4
[306.645s][debug][gc,phases      ] GC(27)     Dead                           Min: 0, Avg:  0.0, Max: 0, Diff: 0, Sum: 0, Workers: 4
[306.645s][debug][gc,phases      ] GC(27)     Total                          Min: 0, Avg:  0.0, Max: 0, Diff: 0, Sum: 0, Workers: 4
[306.645s][debug][gc,phases      ] GC(27)   StringDedup Requests0 Weak     Min:  0.0, Avg:  0.0, Max:  0.0, Diff:  0.0, Sum:  0.0, Workers: 4
[306.645s][debug][gc,phases      ] GC(27)     Dead                           Min: 0, Avg:  0.0, Max: 0, Diff: 0, Sum: 0, Workers: 4
[306.645s][debug][gc,phases      ] GC(27)     Total                          Min: 0, Avg:  0.0, Max: 0, Diff: 0, Sum: 0, Workers: 4
[306.645s][debug][gc,phases      ] GC(27)   StringDedup Requests1 Weak     Min:  0.0, Avg:  0.0, Max:  0.0, Diff:  0.0, Sum:  0.0, Workers: 4
[306.645s][debug][gc,phases      ] GC(27)     Dead                           Min: 0, Avg:  0.0, Max: 0, Diff: 0, Sum: 0, Workers: 4
[306.645s][debug][gc,phases      ] GC(27)     Total                          Min: 0, Avg:  0.0, Max: 0, Diff: 0, Sum: 0, Workers: 4
[306.645s][debug][gc,phases      ] GC(27)   Weak JFR Old Object Samples    Min:  0.0, Avg:  0.0, Max:  0.0, Diff:  0.0, Sum:  0.0, Workers: 4
[306.645s][debug][gc,phases      ] GC(27)     Dead                           Min: 0, Avg:  0.0, Max: 0, Diff: 0, Sum: 0, Workers: 4
[306.645s][debug][gc,phases      ] GC(27)     Total                          Min: 0, Avg:  0.0, Max: 0, Diff: 0, Sum: 0, Workers: 4
[306.645s][debug][gc,phases      ] GC(27) Weak Processing 0.908ms
[306.645s][debug][gc,age         ] GC(27) Desired survivor size 166723584 bytes, new threshold 1 (max threshold 15)
[306.645s][info ][gc,heap        ] GC(27) PSYoungGen: 1750160K(1925632K)->4704K(1916928K) Eden: 1745408K(1745408K)->0K(1745408K) From: 4752K(180224K)->4704K(171520K)
[306.645s][info ][gc,heap        ] GC(27) ParOldGen: 321584K(322048K)->322724K(323072K)
[306.645s][info ][gc,metaspace   ] GC(27) Metaspace: 108762K(110080K)->108762K(110080K) NonClass: 92421K(93184K)->92421K(93184K) Class: 16341K(16896K)->16341K(16896K)
[306.645s][info ][gc             ] GC(27) Pause Young (Allocation Failure) 2023M->319M(2187M) 19.788ms
[306.645s][info ][gc,cpu         ] GC(27) User=0.03s Sys=0.01s Real=0.02s
[306.645s][info ][safepoint      ] Safepoint "ParallelGCFailedAllocation", Time since last: 401511764 ns, Reaching safepoint: 9601 ns, Cleanup: 4200 ns, At safepoint: 19902308 ns, Total: 19916109 ns
[307.645s][info ][safepoint      ] Safepoint "Cleanup", Time since last: 1000098148 ns, Reaching safepoint: 82802 ns, Cleanup: 26401 ns, At safepoint: 8600 ns, Total: 117803 ns
[308.645s][info ][safepoint      ] Safepoint "Cleanup", Time since last: 1000131249 ns, Reaching safepoint: 80403 ns, Cleanup: 11800 ns, At safepoint: 9300 ns, Total: 101503 ns
[309.646s][info ][safepoint      ] Safepoint "Cleanup", Time since last: 1000191751 ns, Reaching safepoint: 95303 ns, Cleanup: 18701 ns, At safepoint: 8700 ns, Total: 122704 ns
[312.646s][info ][safepoint      ] Safepoint "Cleanup", Time since last: 3000324279 ns, Reaching safepoint: 86403 ns, Cleanup: 14800 ns, At safepoint: 9100 ns, Total: 110303 ns
[318.647s][info ][safepoint      ] Safepoint "Cleanup", Time since last: 6000521716 ns, Reaching safepoint: 87002 ns, Cleanup: 18701 ns, At safepoint: 6900 ns, Total: 112603 ns
[319.647s][info ][safepoint      ] Safepoint "Cleanup", Time since last: 1000138175 ns, Reaching safepoint: 83903 ns, Cleanup: 16800 ns, At safepoint: 7101 ns, Total: 107804 ns
[320.647s][info ][safepoint      ] Safepoint "Cleanup", Time since last: 1000123029 ns, Reaching safepoint: 87803 ns, Cleanup: 14500 ns, At safepoint: 8601 ns, Total: 110904 ns
[321.648s][info ][safepoint      ] Safepoint "Cleanup", Time since last: 1000142830 ns, Reaching safepoint: 88403 ns, Cleanup: 11200 ns, At safepoint: 8400 ns, Total: 108003 ns
[323.510s][info ][safepoint      ] Safepoint "Cleanup", Time since last: 1862741190 ns, Reaching safepoint: 8400 ns, Cleanup: 144004 ns, At safepoint: 3201 ns, Total: 155605 ns
[324.511s][info ][safepoint      ] Safepoint "Cleanup", Time since last: 1000132330 ns, Reaching safepoint: 8200 ns, Cleanup: 19000 ns, At safepoint: 2700 ns, Total: 29900 ns
[325.511s][info ][safepoint      ] Safepoint "Cleanup", Time since last: 1000140331 ns, Reaching safepoint: 12600 ns, Cleanup: 20001 ns, At safepoint: 3000 ns, Total: 35601 ns
[326.511s][info ][safepoint      ] Safepoint "Cleanup", Time since last: 1000141330 ns, Reaching safepoint: 12800 ns, Cleanup: 20701 ns, At safepoint: 3000 ns, Total: 36501 ns
[327.511s][info ][safepoint      ] Safepoint "Cleanup", Time since last: 1000143695 ns, Reaching safepoint: 10301 ns, Cleanup: 20300 ns, At safepoint: 3200 ns, Total: 33801 ns
[328.391s][info ][gc,start       ] GC(28) Pause Young (Allocation Failure)
[328.397s][debug][gc,phases      ] GC(28) Scavenge 5.575ms
[328.397s][debug][gc,ref         ] GC(28) ReferenceProcessor::execute queues: 1, RefProcThreadModel::Single, marks_oops_alive: false
[328.397s][debug][gc,ref         ] GC(28) Skipped KeepAliveFinalRefsPhase of Reference Processing: no references
[328.397s][debug][gc,ref         ] GC(28) ReferenceProcessor::execute queues: 1, RefProcThreadModel::Single, marks_oops_alive: false
[328.397s][debug][gc,phases      ] GC(28) Reference Processing 0.130ms
[328.397s][debug][gc,phases      ] GC(28)   VM Weak                        Min:  0.0, Avg:  0.0, Max:  0.0, Diff:  0.0, Sum:  0.0, Workers: 4
[328.397s][debug][gc,phases      ] GC(28)     Dead                           Min: 0, Avg:  0.0, Max: 0, Diff: 0, Sum: 0, Workers: 4
[328.397s][debug][gc,phases      ] GC(28)     Total                          Min: 0, Avg: 251.8, Max: 623, Diff: 623, Sum: 1007, Workers: 4
[328.397s][debug][gc,phases      ] GC(28)   ObjectSynchronizer Weak        Min:  0.0, Avg:  0.0, Max:  0.0, Diff:  0.0, Sum:  0.0, Workers: 4
[328.397s][debug][gc,phases      ] GC(28)     Dead                           Min: 0, Avg:  0.0, Max: 0, Diff: 0, Sum: 0, Workers: 4
[328.397s][debug][gc,phases      ] GC(28)     Total                          Min: 0, Avg:  1.0, Max: 4, Diff: 4, Sum: 4, Workers: 4
[328.397s][debug][gc,phases      ] GC(28)   JVMTI Tag Weak OopStorage      Min:  0.0, Avg:  0.0, Max:  0.0, Diff:  0.0, Sum:  0.0, Workers: 4
[328.397s][debug][gc,phases      ] GC(28)     Dead                           Min: 0, Avg:  0.0, Max: 0, Diff: 0, Sum: 0, Workers: 4
[328.397s][debug][gc,phases      ] GC(28)     Total                          Min: 0, Avg:  0.0, Max: 0, Diff: 0, Sum: 0, Workers: 4
[328.397s][debug][gc,phases      ] GC(28)   StringTable Weak               Min:  0.0, Avg:  0.1, Max:  0.2, Diff:  0.2, Sum:  0.5, Workers: 4
[328.397s][debug][gc,phases      ] GC(28)     Dead                           Min: 0, Avg:  0.5, Max: 2, Diff: 2, Sum: 2, Workers: 4
[328.397s][debug][gc,phases      ] GC(28)     Total                          Min: 0, Avg: 11807.8, Max: 23744, Diff: 23744, Sum: 47231, Workers: 4
[328.397s][debug][gc,phases      ] GC(28)   ResolvedMethodTable Weak       Min:  0.0, Avg:  0.0, Max:  0.1, Diff:  0.1, Sum:  0.2, Workers: 4
[328.397s][debug][gc,phases      ] GC(28)     Dead                           Min: 0, Avg:  6.8, Max: 17, Diff: 17, Sum: 27, Workers: 4
[328.397s][debug][gc,phases      ] GC(28)     Total                          Min: 0, Avg: 3824.2, Max: 7771, Diff: 7771, Sum: 15297, Workers: 4
[328.397s][debug][gc,phases      ] GC(28)   JNI Weak                       Min:  0.0, Avg:  0.0, Max:  0.0, Diff:  0.0, Sum:  0.0, Workers: 4
[328.397s][debug][gc,phases      ] GC(28)     Dead                           Min: 0, Avg:  0.0, Max: 0, Diff: 0, Sum: 0, Workers: 4
[328.397s][debug][gc,phases      ] GC(28)     Total                          Min: 0, Avg: 13.0, Max: 48, Diff: 48, Sum: 52, Workers: 4
[328.397s][debug][gc,phases      ] GC(28)   StringDedup Table Weak         Min:  0.0, Avg:  0.0, Max:  0.0, Diff:  0.0, Sum:  0.0, Workers: 4
[328.397s][debug][gc,phases      ] GC(28)     Dead                           Min: 0, Avg:  0.0, Max: 0, Diff: 0, Sum: 0, Workers: 4
[328.397s][debug][gc,phases      ] GC(28)     Total                          Min: 0, Avg:  0.0, Max: 0, Diff: 0, Sum: 0, Workers: 4
[328.397s][debug][gc,phases      ] GC(28)   StringDedup Requests0 Weak     Min:  0.0, Avg:  0.0, Max:  0.0, Diff:  0.0, Sum:  0.0, Workers: 4
[328.397s][debug][gc,phases      ] GC(28)     Dead                           Min: 0, Avg:  0.0, Max: 0, Diff: 0, Sum: 0, Workers: 4
[328.397s][debug][gc,phases      ] GC(28)     Total                          Min: 0, Avg:  0.0, Max: 0, Diff: 0, Sum: 0, Workers: 4
[328.397s][debug][gc,phases      ] GC(28)   StringDedup Requests1 Weak     Min:  0.0, Avg:  0.0, Max:  0.0, Diff:  0.0, Sum:  0.0, Workers: 4
[328.397s][debug][gc,phases      ] GC(28)     Dead                           Min: 0, Avg:  0.0, Max: 0, Diff: 0, Sum: 0, Workers: 4
[328.397s][debug][gc,phases      ] GC(28)     Total                          Min: 0, Avg:  0.0, Max: 0, Diff: 0, Sum: 0, Workers: 4
[328.397s][debug][gc,phases      ] GC(28)   Weak JFR Old Object Samples    Min:  0.0, Avg:  0.0, Max:  0.0, Diff:  0.0, Sum:  0.0, Workers: 4
[328.397s][debug][gc,phases      ] GC(28)     Dead                           Min: 0, Avg:  0.0, Max: 0, Diff: 0, Sum: 0, Workers: 4
[328.397s][debug][gc,phases      ] GC(28)     Total                          Min: 0, Avg:  0.0, Max: 0, Diff: 0, Sum: 0, Workers: 4
[328.397s][debug][gc,phases      ] GC(28) Weak Processing 0.563ms
[328.397s][debug][gc,age         ] GC(28) Desired survivor size 158334976 bytes, new threshold 1 (max threshold 15)
[328.397s][info ][gc,heap        ] GC(28) PSYoungGen: 1750112K(1916928K)->4480K(1942528K) Eden: 1745408K(1745408K)->0K(1779712K) From: 4704K(171520K)->4480K(162816K)
[328.397s][info ][gc,heap        ] GC(28) ParOldGen: 322724K(323072K)->324032K(324096K)
[328.397s][info ][gc,metaspace   ] GC(28) Metaspace: 109281K(110592K)->109281K(110592K) NonClass: 92874K(93632K)->92874K(93632K) Class: 16407K(16960K)->16407K(16960K)
[328.397s][info ][gc             ] GC(28) Pause Young (Allocation Failure) 2024M->320M(2213M) 6.427ms
[328.397s][info ][gc,cpu         ] GC(28) User=0.02s Sys=0.00s Real=0.01s
[328.397s][info ][safepoint      ] Safepoint "ParallelGCFailedAllocation", Time since last: 879758839 ns, Reaching safepoint: 83603 ns, Cleanup: 28601 ns, At safepoint: 6518602 ns, Total: 6630806 ns
[329.398s][info ][safepoint      ] Safepoint "Cleanup", Time since last: 1000096365 ns, Reaching safepoint: 81002 ns, Cleanup: 18001 ns, At safepoint: 8800 ns, Total: 107803 ns
[330.398s][info ][safepoint      ] Safepoint "Cleanup", Time since last: 1000192368 ns, Reaching safepoint: 94003 ns, Cleanup: 17400 ns, At safepoint: 13401 ns, Total: 124804 ns
[332.398s][info ][safepoint      ] Safepoint "Cleanup", Time since last: 2000232531 ns, Reaching safepoint: 87603 ns, Cleanup: 13200 ns, At safepoint: 7400 ns, Total: 108203 ns
[333.399s][info ][safepoint      ] Safepoint "Cleanup", Time since last: 1000137066 ns, Reaching safepoint: 89103 ns, Cleanup: 14501 ns, At safepoint: 8900 ns, Total: 112504 ns
[339.402s][info ][safepoint      ] Safepoint "Cleanup", Time since last: 6000607437 ns, Reaching safepoint: 2506077 ns, Cleanup: 24201 ns, At safepoint: 137204 ns, Total: 2667482 ns
[342.402s][info ][safepoint      ] Safepoint "Cleanup", Time since last: 3000302106 ns, Reaching safepoint: 90803 ns, Cleanup: 16900 ns, At safepoint: 7701 ns, Total: 115404 ns
[343.403s][info ][safepoint      ] Safepoint "Cleanup", Time since last: 1000140403 ns, Reaching safepoint: 82602 ns, Cleanup: 23201 ns, At safepoint: 8400 ns, Total: 114203 ns
[344.403s][info ][safepoint      ] Safepoint "Cleanup", Time since last: 1000143575 ns, Reaching safepoint: 84702 ns, Cleanup: 19100 ns, At safepoint: 8200 ns, Total: 112002 ns
[345.403s][info ][safepoint      ] Safepoint "Cleanup", Time since last: 1000149307 ns, Reaching safepoint: 97803 ns, Cleanup: 17400 ns, At safepoint: 6600 ns, Total: 121803 ns
[347.403s][info ][safepoint      ] Safepoint "Cleanup", Time since last: 2000229205 ns, Reaching safepoint: 90302 ns, Cleanup: 11001 ns, At safepoint: 6900 ns, Total: 108203 ns
[348.404s][info ][safepoint      ] Safepoint "Cleanup", Time since last: 1000145044 ns, Reaching safepoint: 213806 ns, Cleanup: 13101 ns, At safepoint: 10200 ns, Total: 237107 ns
[348.440s][info ][safepoint      ] Safepoint "ParallelGCFailedAllocation", Time since last: 36471428 ns, Reaching safepoint: 84703 ns, Cleanup: 4700 ns, At safepoint: 47302 ns, Total: 136705 ns
[348.441s][info ][gc,start       ] GC(29) Pause Young (GCLocker Initiated GC)
[348.457s][debug][gc,phases      ] GC(29) Scavenge 15.674ms
[348.457s][debug][gc,ref         ] GC(29) ReferenceProcessor::execute queues: 1, RefProcThreadModel::Single, marks_oops_alive: false
[348.457s][debug][gc,ref         ] GC(29) Skipped KeepAliveFinalRefsPhase of Reference Processing: no references
[348.457s][debug][gc,ref         ] GC(29) ReferenceProcessor::execute queues: 1, RefProcThreadModel::Single, marks_oops_alive: false
[348.457s][debug][gc,phases      ] GC(29) Reference Processing 0.123ms
[348.458s][debug][gc,phases      ] GC(29)   VM Weak                        Min:  0.0, Avg:  0.0, Max:  0.0, Diff:  0.0, Sum:  0.0, Workers: 4
[348.458s][debug][gc,phases      ] GC(29)     Dead                           Min: 0, Avg:  0.0, Max: 0, Diff: 0, Sum: 0, Workers: 4
[348.458s][debug][gc,phases      ] GC(29)     Total                          Min: 0, Avg: 251.8, Max: 1007, Diff: 1007, Sum: 1007, Workers: 4
[348.458s][debug][gc,phases      ] GC(29)   ObjectSynchronizer Weak        Min:  0.0, Avg:  0.0, Max:  0.0, Diff:  0.0, Sum:  0.0, Workers: 4
[348.458s][debug][gc,phases      ] GC(29)     Dead                           Min: 0, Avg:  0.0, Max: 0, Diff: 0, Sum: 0, Workers: 4
[348.458s][debug][gc,phases      ] GC(29)     Total                          Min: 0, Avg:  1.0, Max: 4, Diff: 4, Sum: 4, Workers: 4
[348.458s][debug][gc,phases      ] GC(29)   JVMTI Tag Weak OopStorage      Min:  0.0, Avg:  0.0, Max:  0.0, Diff:  0.0, Sum:  0.0, Workers: 4
[348.458s][debug][gc,phases      ] GC(29)     Dead                           Min: 0, Avg:  0.0, Max: 0, Diff: 0, Sum: 0, Workers: 4
[348.458s][debug][gc,phases      ] GC(29)     Total                          Min: 0, Avg:  0.0, Max: 0, Diff: 0, Sum: 0, Workers: 4
[348.458s][debug][gc,phases      ] GC(29)   StringTable Weak               Min:  0.0, Avg:  0.1, Max:  0.5, Diff:  0.5, Sum:  0.5, Workers: 4
[348.458s][debug][gc,phases      ] GC(29)     Dead                           Min: 0, Avg:  0.0, Max: 0, Diff: 0, Sum: 0, Workers: 4
[348.458s][debug][gc,phases      ] GC(29)     Total                          Min: 0, Avg: 11810.8, Max: 47243, Diff: 47243, Sum: 47243, Workers: 4
[348.458s][debug][gc,phases      ] GC(29)   ResolvedMethodTable Weak       Min:  0.0, Avg:  0.0, Max:  0.2, Diff:  0.2, Sum:  0.2, Workers: 4
[348.458s][debug][gc,phases      ] GC(29)     Dead                           Min: 0, Avg:  4.0, Max: 16, Diff: 16, Sum: 16, Workers: 4
[348.458s][debug][gc,phases      ] GC(29)     Total                          Min: 0, Avg: 3824.5, Max: 15298, Diff: 15298, Sum: 15298, Workers: 4
[348.458s][debug][gc,phases      ] GC(29)   JNI Weak                       Min:  0.0, Avg:  0.0, Max:  0.0, Diff:  0.0, Sum:  0.0, Workers: 4
[348.458s][debug][gc,phases      ] GC(29)     Dead                           Min: 0, Avg:  0.0, Max: 0, Diff: 0, Sum: 0, Workers: 4
[348.458s][debug][gc,phases      ] GC(29)     Total                          Min: 0, Avg: 13.0, Max: 52, Diff: 52, Sum: 52, Workers: 4
[348.458s][debug][gc,phases      ] GC(29)   StringDedup Table Weak         Min:  0.0, Avg:  0.0, Max:  0.0, Diff:  0.0, Sum:  0.0, Workers: 4
[348.458s][debug][gc,phases      ] GC(29)     Dead                           Min: 0, Avg:  0.0, Max: 0, Diff: 0, Sum: 0, Workers: 4
[348.458s][debug][gc,phases      ] GC(29)     Total                          Min: 0, Avg:  0.0, Max: 0, Diff: 0, Sum: 0, Workers: 4
[348.458s][debug][gc,phases      ] GC(29)   StringDedup Requests0 Weak     Min:  0.0, Avg:  0.0, Max:  0.0, Diff:  0.0, Sum:  0.0, Workers: 4
[348.458s][debug][gc,phases      ] GC(29)     Dead                           Min: 0, Avg:  0.0, Max: 0, Diff: 0, Sum: 0, Workers: 4
[348.458s][debug][gc,phases      ] GC(29)     Total                          Min: 0, Avg:  0.0, Max: 0, Diff: 0, Sum: 0, Workers: 4
[348.458s][debug][gc,phases      ] GC(29)   StringDedup Requests1 Weak     Min:  0.0, Avg:  0.0, Max:  0.0, Diff:  0.0, Sum:  0.0, Workers: 4
[348.458s][debug][gc,phases      ] GC(29)     Dead                           Min: 0, Avg:  0.0, Max: 0, Diff: 0, Sum: 0, Workers: 4
[348.458s][debug][gc,phases      ] GC(29)     Total                          Min: 0, Avg:  0.0, Max: 0, Diff: 0, Sum: 0, Workers: 4
[348.458s][debug][gc,phases      ] GC(29)   Weak JFR Old Object Samples    Min:  0.0, Avg:  0.0, Max:  0.0, Diff:  0.0, Sum:  0.0, Workers: 4
[348.458s][debug][gc,phases      ] GC(29)     Dead                           Min: 0, Avg:  0.0, Max: 0, Diff: 0, Sum: 0, Workers: 4
[348.458s][debug][gc,phases      ] GC(29)     Total                          Min: 0, Avg:  0.0, Max: 0, Diff: 0, Sum: 0, Workers: 4
[348.458s][debug][gc,phases      ] GC(29) Weak Processing 0.927ms
[348.458s][debug][gc,age         ] GC(29) Desired survivor size 149422080 bytes, new threshold 1 (max threshold 15)
[348.458s][info ][gc,heap        ] GC(29) PSYoungGen: 1784192K(1942528K)->6235K(1934336K) Eden: 1779712K(1779712K)->0K(1779712K) From: 4480K(162816K)->6235K(154624K)
[348.458s][info ][gc,heap        ] GC(29) ParOldGen: 324579K(324608K)->325726K(326144K)
[348.458s][info ][gc,metaspace   ] GC(29) Metaspace: 109312K(110592K)->109312K(110592K) NonClass: 92903K(93632K)->92903K(93632K) Class: 16408K(16960K)->16408K(16960K)
[348.458s][info ][gc             ] GC(29) Pause Young (GCLocker Initiated GC) 2059M->324M(2207M) 16.855ms
[348.458s][info ][gc,cpu         ] GC(29) User=0.03s Sys=0.00s Real=0.02s
[348.458s][info ][safepoint      ] Safepoint "ParallelGCSystemGC", Time since last: 702921 ns, Reaching safepoint: 73503 ns, Cleanup: 1600 ns, At safepoint: 16951424 ns, Total: 17026527 ns
[349.458s][info ][safepoint      ] Safepoint "Cleanup", Time since last: 1000108443 ns, Reaching safepoint: 81402 ns, Cleanup: 18701 ns, At safepoint: 6800 ns, Total: 106903 ns
[350.459s][info ][safepoint      ] Safepoint "Cleanup", Time since last: 1000134743 ns, Reaching safepoint: 86503 ns, Cleanup: 17300 ns, At safepoint: 6801 ns, Total: 110604 ns
[351.459s][info ][safepoint      ] Safepoint "Cleanup", Time since last: 1000141142 ns, Reaching safepoint: 85603 ns, Cleanup: 15900 ns, At safepoint: 7701 ns, Total: 109204 ns
[352.459s][info ][safepoint      ] Safepoint "Cleanup", Time since last: 1000147803 ns, Reaching safepoint: 12101 ns, Cleanup: 43501 ns, At safepoint: 3200 ns, Total: 58802 ns
[354.459s][info ][safepoint      ] Safepoint "Cleanup", Time since last: 2000198605 ns, Reaching safepoint: 86503 ns, Cleanup: 16000 ns, At safepoint: 6100 ns, Total: 108603 ns
[355.460s][info ][safepoint      ] Safepoint "Cleanup", Time since last: 1000131803 ns, Reaching safepoint: 82403 ns, Cleanup: 26801 ns, At safepoint: 7500 ns, Total: 116704 ns
[356.460s][info ][safepoint      ] Safepoint "Cleanup", Time since last: 1000125203 ns, Reaching safepoint: 11501 ns, Cleanup: 19400 ns, At safepoint: 3000 ns, Total: 33901 ns
[357.460s][info ][safepoint      ] Safepoint "Cleanup", Time since last: 1000137204 ns, Reaching safepoint: 87902 ns, Cleanup: 14501 ns, At safepoint: 8900 ns, Total: 111303 ns
[359.460s][info ][safepoint      ] Safepoint "Cleanup", Time since last: 2000189601 ns, Reaching safepoint: 8800 ns, Cleanup: 16401 ns, At safepoint: 2800 ns, Total: 28001 ns
[361.242s][info ][safepoint      ] Safepoint "Cleanup", Time since last: 1781244019 ns, Reaching safepoint: 95002 ns, Cleanup: 16701 ns, At safepoint: 8000 ns, Total: 119703 ns
[362.242s][info ][safepoint      ] Safepoint "Cleanup", Time since last: 1000135967 ns, Reaching safepoint: 82003 ns, Cleanup: 14000 ns, At safepoint: 7001 ns, Total: 103004 ns
[363.242s][info ][safepoint      ] Safepoint "Cleanup", Time since last: 1000129767 ns, Reaching safepoint: 85002 ns, Cleanup: 34301 ns, At safepoint: 21501 ns, Total: 140804 ns
[364.242s][info ][safepoint      ] Safepoint "Cleanup", Time since last: 1000140067 ns, Reaching safepoint: 105704 ns, Cleanup: 18700 ns, At safepoint: 5800 ns, Total: 130204 ns
[364.331s][info ][gc,start       ] GC(30) Pause Young (Allocation Failure)
[364.348s][debug][gc,phases      ] GC(30) Scavenge 17.516ms
[364.349s][debug][gc,ref         ] GC(30) ReferenceProcessor::execute queues: 1, RefProcThreadModel::Single, marks_oops_alive: false
[364.349s][debug][gc,ref         ] GC(30) Skipped KeepAliveFinalRefsPhase of Reference Processing: no references
[364.349s][debug][gc,ref         ] GC(30) ReferenceProcessor::execute queues: 1, RefProcThreadModel::Single, marks_oops_alive: false
[364.349s][debug][gc,phases      ] GC(30) Reference Processing 0.130ms
[364.349s][debug][gc,phases      ] GC(30)   VM Weak                        Min:  0.0, Avg:  0.0, Max:  0.0, Diff:  0.0, Sum:  0.0, Workers: 4
[364.349s][debug][gc,phases      ] GC(30)     Dead                           Min: 0, Avg:  0.0, Max: 0, Diff: 0, Sum: 0, Workers: 4
[364.349s][debug][gc,phases      ] GC(30)     Total                          Min: 0, Avg: 251.8, Max: 623, Diff: 623, Sum: 1007, Workers: 4
[364.349s][debug][gc,phases      ] GC(30)   ObjectSynchronizer Weak        Min:  0.0, Avg:  0.0, Max:  0.0, Diff:  0.0, Sum:  0.0, Workers: 4
[364.349s][debug][gc,phases      ] GC(30)     Dead                           Min: 0, Avg:  0.0, Max: 0, Diff: 0, Sum: 0, Workers: 4
[364.349s][debug][gc,phases      ] GC(30)     Total                          Min: 0, Avg:  1.0, Max: 4, Diff: 4, Sum: 4, Workers: 4
[364.349s][debug][gc,phases      ] GC(30)   JVMTI Tag Weak OopStorage      Min:  0.0, Avg:  0.0, Max:  0.0, Diff:  0.0, Sum:  0.0, Workers: 4
[364.349s][debug][gc,phases      ] GC(30)     Dead                           Min: 0, Avg:  0.0, Max: 0, Diff: 0, Sum: 0, Workers: 4
[364.349s][debug][gc,phases      ] GC(30)     Total                          Min: 0, Avg:  0.0, Max: 0, Diff: 0, Sum: 0, Workers: 4
[364.349s][debug][gc,phases      ] GC(30)   StringTable Weak               Min:  0.0, Avg:  0.1, Max:  0.2, Diff:  0.2, Sum:  0.5, Workers: 4
[364.349s][debug][gc,phases      ] GC(30)     Dead                           Min: 0, Avg:  0.0, Max: 0, Diff: 0, Sum: 0, Workers: 4
[364.349s][debug][gc,phases      ] GC(30)     Total                          Min: 0, Avg: 11814.5, Max: 24768, Diff: 24768, Sum: 47258, Workers: 4
[364.349s][debug][gc,phases      ] GC(30)   ResolvedMethodTable Weak       Min:  0.0, Avg:  0.0, Max:  0.1, Diff:  0.1, Sum:  0.2, Workers: 4
[364.349s][debug][gc,phases      ] GC(30)     Dead                           Min: 0, Avg:  4.0, Max: 16, Diff: 16, Sum: 16, Workers: 4
[364.349s][debug][gc,phases      ] GC(30)     Total                          Min: 0, Avg: 3824.5, Max: 7822, Diff: 7822, Sum: 15298, Workers: 4
[364.349s][debug][gc,phases      ] GC(30)   JNI Weak                       Min:  0.0, Avg:  0.0, Max:  0.0, Diff:  0.0, Sum:  0.0, Workers: 4
[364.349s][debug][gc,phases      ] GC(30)     Dead                           Min: 0, Avg:  0.0, Max: 0, Diff: 0, Sum: 0, Workers: 4
[364.349s][debug][gc,phases      ] GC(30)     Total                          Min: 0, Avg: 13.0, Max: 48, Diff: 48, Sum: 52, Workers: 4
[364.349s][debug][gc,phases      ] GC(30)   StringDedup Table Weak         Min:  0.0, Avg:  0.0, Max:  0.0, Diff:  0.0, Sum:  0.0, Workers: 4
[364.349s][debug][gc,phases      ] GC(30)     Dead                           Min: 0, Avg:  0.0, Max: 0, Diff: 0, Sum: 0, Workers: 4
[364.349s][debug][gc,phases      ] GC(30)     Total                          Min: 0, Avg:  0.0, Max: 0, Diff: 0, Sum: 0, Workers: 4
[364.349s][debug][gc,phases      ] GC(30)   StringDedup Requests0 Weak     Min:  0.0, Avg:  0.0, Max:  0.0, Diff:  0.0, Sum:  0.0, Workers: 4
[364.349s][debug][gc,phases      ] GC(30)     Dead                           Min: 0, Avg:  0.0, Max: 0, Diff: 0, Sum: 0, Workers: 4
[364.349s][debug][gc,phases      ] GC(30)     Total                          Min: 0, Avg:  0.0, Max: 0, Diff: 0, Sum: 0, Workers: 4
[364.349s][debug][gc,phases      ] GC(30)   StringDedup Requests1 Weak     Min:  0.0, Avg:  0.0, Max:  0.0, Diff:  0.0, Sum:  0.0, Workers: 4
[364.349s][debug][gc,phases      ] GC(30)     Dead                           Min: 0, Avg:  0.0, Max: 0, Diff: 0, Sum: 0, Workers: 4
[364.349s][debug][gc,phases      ] GC(30)     Total                          Min: 0, Avg:  0.0, Max: 0, Diff: 0, Sum: 0, Workers: 4
[364.349s][debug][gc,phases      ] GC(30)   Weak JFR Old Object Samples    Min:  0.0, Avg:  0.0, Max:  0.0, Diff:  0.0, Sum:  0.0, Workers: 4
[364.349s][debug][gc,phases      ] GC(30)     Dead                           Min: 0, Avg:  0.0, Max: 0, Diff: 0, Sum: 0, Workers: 4
[364.349s][debug][gc,phases      ] GC(30)     Total                          Min: 0, Avg:  0.0, Max: 0, Diff: 0, Sum: 0, Workers: 4
[364.349s][debug][gc,phases      ] GC(30) Weak Processing 0.569ms
[364.349s][debug][gc,age         ] GC(30) Desired survivor size 139460608 bytes, new threshold 1 (max threshold 15)
[364.349s][info ][gc,heap        ] GC(30) PSYoungGen: 1785947K(1934336K)->14960K(1960960K) Eden: 1779712K(1779712K)->0K(1815040K) From: 6235K(154624K)->14960K(145920K)
[364.349s][info ][gc,heap        ] GC(30) ParOldGen: 325728K(326144K)->327858K(328192K)
[364.349s][info ][gc,metaspace   ] GC(30) Metaspace: 109365K(110656K)->109365K(110656K) NonClass: 92956K(93696K)->92956K(93696K) Class: 16408K(16960K)->16408K(16960K)
[364.349s][info ][gc             ] GC(30) Pause Young (Allocation Failure) 2062M->334M(2235M) 18.379ms
[364.349s][info ][gc,cpu         ] GC(30) User=0.05s Sys=0.01s Real=0.02s
[364.349s][info ][safepoint      ] Safepoint "ParallelGCFailedAllocation", Time since last: 88379410 ns, Reaching safepoint: 10701 ns, Cleanup: 4400 ns, At safepoint: 18485867 ns, Total: 18500968 ns
[365.350s][info ][safepoint      ] Safepoint "Cleanup", Time since last: 1000151967 ns, Reaching safepoint: 93903 ns, Cleanup: 21701 ns, At safepoint: 7200 ns, Total: 122804 ns
[368.350s][info ][safepoint      ] Safepoint "Cleanup", Time since last: 3000484472 ns, Reaching safepoint: 87502 ns, Cleanup: 12801 ns, At safepoint: 6400 ns, Total: 106703 ns
[374.351s][info ][safepoint      ] Safepoint "Cleanup", Time since last: 6000551747 ns, Reaching safepoint: 101903 ns, Cleanup: 12001 ns, At safepoint: 5300 ns, Total: 119204 ns
[375.351s][info ][safepoint      ] Safepoint "Cleanup", Time since last: 1000122642 ns, Reaching safepoint: 86803 ns, Cleanup: 13800 ns, At safepoint: 6200 ns, Total: 106803 ns
[377.351s][info ][safepoint      ] Safepoint "Cleanup", Time since last: 2000214909 ns, Reaching safepoint: 85902 ns, Cleanup: 16901 ns, At safepoint: 9300 ns, Total: 112103 ns
[380.352s][info ][safepoint      ] Safepoint "Cleanup", Time since last: 3000376466 ns, Reaching safepoint: 89503 ns, Cleanup: 17301 ns, At safepoint: 8500 ns, Total: 115304 ns
[381.352s][info ][safepoint      ] Safepoint "Cleanup", Time since last: 1000138056 ns, Reaching safepoint: 93403 ns, Cleanup: 13500 ns, At safepoint: 9800 ns, Total: 116703 ns
[384.352s][info ][safepoint      ] Safepoint "Cleanup", Time since last: 3000274877 ns, Reaching safepoint: 84902 ns, Cleanup: 21101 ns, At safepoint: 8300 ns, Total: 114303 ns
[385.356s][info ][safepoint      ] Safepoint "Cleanup", Time since last: 1000145271 ns, Reaching safepoint: 3164697 ns, Cleanup: 17801 ns, At safepoint: 15900 ns, Total: 3198398 ns
[385.663s][info ][gc,start       ] GC(31) Pause Young (Allocation Failure)
[385.678s][debug][gc,phases      ] GC(31) Scavenge 14.655ms
[385.678s][debug][gc,ref         ] GC(31) ReferenceProcessor::execute queues: 1, RefProcThreadModel::Single, marks_oops_alive: false
[385.678s][debug][gc,ref         ] GC(31) Skipped KeepAliveFinalRefsPhase of Reference Processing: no references
[385.678s][debug][gc,ref         ] GC(31) ReferenceProcessor::execute queues: 1, RefProcThreadModel::Single, marks_oops_alive: false
[385.678s][debug][gc,phases      ] GC(31) Reference Processing 0.120ms
[385.678s][debug][gc,phases      ] GC(31)   VM Weak                        Min:  0.0, Avg:  0.0, Max:  0.0, Diff:  0.0, Sum:  0.0, Workers: 4
[385.678s][debug][gc,phases      ] GC(31)     Dead                           Min: 0, Avg:  0.0, Max: 0, Diff: 0, Sum: 0, Workers: 4
[385.678s][debug][gc,phases      ] GC(31)     Total                          Min: 111, Avg: 251.8, Max: 512, Diff: 401, Sum: 1007, Workers: 4
[385.678s][debug][gc,phases      ] GC(31)   ObjectSynchronizer Weak        Min:  0.0, Avg:  0.0, Max:  0.0, Diff:  0.0, Sum:  0.0, Workers: 4
[385.678s][debug][gc,phases      ] GC(31)     Dead                           Min: 0, Avg:  0.0, Max: 0, Diff: 0, Sum: 0, Workers: 4
[385.678s][debug][gc,phases      ] GC(31)     Total                          Min: 0, Avg:  1.0, Max: 4, Diff: 4, Sum: 4, Workers: 4
[385.678s][debug][gc,phases      ] GC(31)   JVMTI Tag Weak OopStorage      Min:  0.0, Avg:  0.0, Max:  0.0, Diff:  0.0, Sum:  0.0, Workers: 4
[385.678s][debug][gc,phases      ] GC(31)     Dead                           Min: 0, Avg:  0.0, Max: 0, Diff: 0, Sum: 0, Workers: 4
[385.678s][debug][gc,phases      ] GC(31)     Total                          Min: 0, Avg:  0.0, Max: 0, Diff: 0, Sum: 0, Workers: 4
[385.678s][debug][gc,phases      ] GC(31)   StringTable Weak               Min:  0.1, Avg:  0.1, Max:  0.1, Diff:  0.0, Sum:  0.5, Workers: 4
[385.678s][debug][gc,phases      ] GC(31)     Dead                           Min: 0, Avg:  0.0, Max: 0, Diff: 0, Sum: 0, Workers: 4
[385.678s][debug][gc,phases      ] GC(31)     Total                          Min: 11168, Avg: 11816.0, Max: 12288, Diff: 1120, Sum: 47264, Workers: 4
[385.678s][debug][gc,phases      ] GC(31)   ResolvedMethodTable Weak       Min:  0.0, Avg:  0.0, Max:  0.0, Diff:  0.0, Sum:  0.2, Workers: 4
[385.679s][debug][gc,phases      ] GC(31)     Dead                           Min: 0, Avg:  4.2, Max: 17, Diff: 17, Sum: 17, Workers: 4
[385.679s][debug][gc,phases      ] GC(31)     Total                          Min: 3596, Avg: 3826.0, Max: 4070, Diff: 474, Sum: 15304, Workers: 4
[385.679s][debug][gc,phases      ] GC(31)   JNI Weak                       Min:  0.0, Avg:  0.0, Max:  0.0, Diff:  0.0, Sum:  0.0, Workers: 4
[385.679s][debug][gc,phases      ] GC(31)     Dead                           Min: 0, Avg:  0.0, Max: 0, Diff: 0, Sum: 0, Workers: 4
[385.679s][debug][gc,phases      ] GC(31)     Total                          Min: 0, Avg: 13.0, Max: 48, Diff: 48, Sum: 52, Workers: 4
[385.679s][debug][gc,phases      ] GC(31)   StringDedup Table Weak         Min:  0.0, Avg:  0.0, Max:  0.0, Diff:  0.0, Sum:  0.0, Workers: 4
[385.679s][debug][gc,phases      ] GC(31)     Dead                           Min: 0, Avg:  0.0, Max: 0, Diff: 0, Sum: 0, Workers: 4
[385.679s][debug][gc,phases      ] GC(31)     Total                          Min: 0, Avg:  0.0, Max: 0, Diff: 0, Sum: 0, Workers: 4
[385.679s][debug][gc,phases      ] GC(31)   StringDedup Requests0 Weak     Min:  0.0, Avg:  0.0, Max:  0.0, Diff:  0.0, Sum:  0.0, Workers: 4
[385.679s][debug][gc,phases      ] GC(31)     Dead                           Min: 0, Avg:  0.0, Max: 0, Diff: 0, Sum: 0, Workers: 4
[385.679s][debug][gc,phases      ] GC(31)     Total                          Min: 0, Avg:  0.0, Max: 0, Diff: 0, Sum: 0, Workers: 4
[385.679s][debug][gc,phases      ] GC(31)   StringDedup Requests1 Weak     Min:  0.0, Avg:  0.0, Max:  0.0, Diff:  0.0, Sum:  0.0, Workers: 4
[385.679s][debug][gc,phases      ] GC(31)     Dead                           Min: 0, Avg:  0.0, Max: 0, Diff: 0, Sum: 0, Workers: 4
[385.679s][debug][gc,phases      ] GC(31)     Total                          Min: 0, Avg:  0.0, Max: 0, Diff: 0, Sum: 0, Workers: 4
[385.679s][debug][gc,phases      ] GC(31)   Weak JFR Old Object Samples    Min:  0.0, Avg:  0.0, Max:  0.0, Diff:  0.0, Sum:  0.0, Workers: 4
[385.679s][debug][gc,phases      ] GC(31)     Dead                           Min: 0, Avg:  0.0, Max: 0, Diff: 0, Sum: 0, Workers: 4
[385.679s][debug][gc,phases      ] GC(31)     Total                          Min: 0, Avg:  0.0, Max: 0, Diff: 0, Sum: 0, Workers: 4
[385.679s][debug][gc,phases      ] GC(31) Weak Processing 0.407ms
[385.679s][debug][gc,age         ] GC(31) Desired survivor size 131596288 bytes, new threshold 1 (max threshold 15)
[385.679s][info ][gc,heap        ] GC(31) PSYoungGen: 1830000K(1960960K)->4288K(1951232K) Eden: 1815040K(1815040K)->0K(1815040K) From: 14960K(145920K)->4288K(136192K)
[385.679s][info ][gc,heap        ] GC(31) ParOldGen: 327858K(328192K)->339395K(339456K)
[385.679s][info ][gc,metaspace   ] GC(31) Metaspace: 109391K(110656K)->109391K(110656K) NonClass: 92980K(93696K)->92980K(93696K) Class: 16411K(16960K)->16411K(16960K)
[385.679s][info ][gc             ] GC(31) Pause Young (Allocation Failure) 2107M->335M(2237M) 15.330ms
[385.679s][info ][gc,cpu         ] GC(31) User=0.03s Sys=0.01s Real=0.02s
[385.679s][info ][safepoint      ] Safepoint "ParallelGCFailedAllocation", Time since last: 307445959 ns, Reaching safepoint: 9101 ns, Cleanup: 5300 ns, At safepoint: 15435575 ns, Total: 15449976 ns
[387.679s][info ][safepoint      ] Safepoint "Cleanup", Time since last: 2000182638 ns, Reaching safepoint: 12401 ns, Cleanup: 22500 ns, At safepoint: 3001 ns, Total: 37902 ns
[390.679s][info ][safepoint      ] Safepoint "Cleanup", Time since last: 3000319309 ns, Reaching safepoint: 13300 ns, Cleanup: 18701 ns, At safepoint: 3300 ns, Total: 35301 ns
[391.679s][info ][safepoint      ] Safepoint "Cleanup", Time since last: 1000123529 ns, Reaching safepoint: 10200 ns, Cleanup: 13901 ns, At safepoint: 3600 ns, Total: 27701 ns
[392.680s][info ][safepoint      ] Safepoint "Cleanup", Time since last: 1000124070 ns, Reaching safepoint: 9100 ns, Cleanup: 20201 ns, At safepoint: 2600 ns, Total: 31901 ns
[396.680s][info ][safepoint      ] Safepoint "Cleanup", Time since last: 4000365278 ns, Reaching safepoint: 11300 ns, Cleanup: 15201 ns, At safepoint: 2500 ns, Total: 29001 ns
[400.680s][info ][safepoint      ] Safepoint "Cleanup", Time since last: 4000346860 ns, Reaching safepoint: 9701 ns, Cleanup: 12200 ns, At safepoint: 2800 ns, Total: 24701 ns
[403.681s][info ][safepoint      ] Safepoint "Cleanup", Time since last: 3000264361 ns, Reaching safepoint: 10500 ns, Cleanup: 14601 ns, At safepoint: 2900 ns, Total: 28001 ns
[405.681s][info ][safepoint      ] Safepoint "Cleanup", Time since last: 2000220275 ns, Reaching safepoint: 7800 ns, Cleanup: 9801 ns, At safepoint: 2600 ns, Total: 20201 ns
[406.681s][info ][safepoint      ] Safepoint "Cleanup", Time since last: 1000116487 ns, Reaching safepoint: 10801 ns, Cleanup: 14900 ns, At safepoint: 3100 ns, Total: 28801 ns
[407.681s][info ][safepoint      ] Safepoint "Cleanup", Time since last: 1000129498 ns, Reaching safepoint: 11100 ns, Cleanup: 10300 ns, At safepoint: 2600 ns, Total: 24000 ns
[408.670s][info ][gc,start       ] GC(32) Pause Young (Allocation Failure)
[408.680s][debug][gc,phases      ] GC(32) Scavenge 9.678ms
[408.680s][debug][gc,ref         ] GC(32) ReferenceProcessor::execute queues: 1, RefProcThreadModel::Single, marks_oops_alive: false
[408.680s][debug][gc,ref         ] GC(32) Skipped KeepAliveFinalRefsPhase of Reference Processing: no references
[408.680s][debug][gc,ref         ] GC(32) Skipped PhantomRefsPhase of Reference Processing: no references
[408.680s][debug][gc,phases      ] GC(32) Reference Processing 0.139ms
[408.680s][debug][gc,phases      ] GC(32)   VM Weak                        Min:  0.0, Avg:  0.0, Max:  0.0, Diff:  0.0, Sum:  0.0, Workers: 4
[408.680s][debug][gc,phases      ] GC(32)     Dead                           Min: 0, Avg:  0.0, Max: 0, Diff: 0, Sum: 0, Workers: 4
[408.681s][debug][gc,phases      ] GC(32)     Total                          Min: 0, Avg: 251.8, Max: 832, Diff: 832, Sum: 1007, Workers: 4
[408.681s][debug][gc,phases      ] GC(32)   ObjectSynchronizer Weak        Min:  0.0, Avg:  0.0, Max:  0.0, Diff:  0.0, Sum:  0.0, Workers: 4
[408.681s][debug][gc,phases      ] GC(32)     Dead                           Min: 0, Avg:  0.0, Max: 0, Diff: 0, Sum: 0, Workers: 4
[408.681s][debug][gc,phases      ] GC(32)     Total                          Min: 0, Avg:  1.0, Max: 4, Diff: 4, Sum: 4, Workers: 4
[408.681s][debug][gc,phases      ] GC(32)   JVMTI Tag Weak OopStorage      Min:  0.0, Avg:  0.0, Max:  0.0, Diff:  0.0, Sum:  0.0, Workers: 4
[408.681s][debug][gc,phases      ] GC(32)     Dead                           Min: 0, Avg:  0.0, Max: 0, Diff: 0, Sum: 0, Workers: 4
[408.681s][debug][gc,phases      ] GC(32)     Total                          Min: 0, Avg:  0.0, Max: 0, Diff: 0, Sum: 0, Workers: 4
[408.681s][debug][gc,phases      ] GC(32)   StringTable Weak               Min:  0.0, Avg:  0.1, Max:  0.2, Diff:  0.2, Sum:  0.5, Workers: 4
[408.681s][debug][gc,phases      ] GC(32)     Dead                           Min: 0, Avg:  0.0, Max: 0, Diff: 0, Sum: 0, Workers: 4
[408.681s][debug][gc,phases      ] GC(32)     Total                          Min: 0, Avg: 11816.2, Max: 17441, Diff: 17441, Sum: 47265, Workers: 4
[408.681s][debug][gc,phases      ] GC(32)   ResolvedMethodTable Weak       Min:  0.0, Avg:  0.0, Max:  0.1, Diff:  0.1, Sum:  0.2, Workers: 4
[408.681s][debug][gc,phases      ] GC(32)     Dead                           Min: 0, Avg:  6.8, Max: 17, Diff: 17, Sum: 27, Workers: 4
[408.681s][debug][gc,phases      ] GC(32)     Total                          Min: 0, Avg: 3826.0, Max: 5474, Diff: 5474, Sum: 15304, Workers: 4
[408.681s][debug][gc,phases      ] GC(32)   JNI Weak                       Min:  0.0, Avg:  0.0, Max:  0.0, Diff:  0.0, Sum:  0.0, Workers: 4
[408.681s][debug][gc,phases      ] GC(32)     Dead                           Min: 0, Avg:  0.0, Max: 0, Diff: 0, Sum: 0, Workers: 4
[408.681s][debug][gc,phases      ] GC(32)     Total                          Min: 0, Avg: 13.0, Max: 48, Diff: 48, Sum: 52, Workers: 4
[408.681s][debug][gc,phases      ] GC(32)   StringDedup Table Weak         Min:  0.0, Avg:  0.0, Max:  0.0, Diff:  0.0, Sum:  0.0, Workers: 4
[408.681s][debug][gc,phases      ] GC(32)     Dead                           Min: 0, Avg:  0.0, Max: 0, Diff: 0, Sum: 0, Workers: 4
[408.681s][debug][gc,phases      ] GC(32)     Total                          Min: 0, Avg:  0.0, Max: 0, Diff: 0, Sum: 0, Workers: 4
[408.681s][debug][gc,phases      ] GC(32)   StringDedup Requests0 Weak     Min:  0.0, Avg:  0.0, Max:  0.0, Diff:  0.0, Sum:  0.0, Workers: 4
[408.681s][debug][gc,phases      ] GC(32)     Dead                           Min: 0, Avg:  0.0, Max: 0, Diff: 0, Sum: 0, Workers: 4
[408.681s][debug][gc,phases      ] GC(32)     Total                          Min: 0, Avg:  0.0, Max: 0, Diff: 0, Sum: 0, Workers: 4
[408.681s][debug][gc,phases      ] GC(32)   StringDedup Requests1 Weak     Min:  0.0, Avg:  0.0, Max:  0.0, Diff:  0.0, Sum:  0.0, Workers: 4
[408.681s][debug][gc,phases      ] GC(32)     Dead                           Min: 0, Avg:  0.0, Max: 0, Diff: 0, Sum: 0, Workers: 4
[408.681s][debug][gc,phases      ] GC(32)     Total                          Min: 0, Avg:  0.0, Max: 0, Diff: 0, Sum: 0, Workers: 4
[408.681s][debug][gc,phases      ] GC(32)   Weak JFR Old Object Samples    Min:  0.0, Avg:  0.0, Max:  0.0, Diff:  0.0, Sum:  0.0, Workers: 4
[408.681s][debug][gc,phases      ] GC(32)     Dead                           Min: 0, Avg:  0.0, Max: 0, Diff: 0, Sum: 0, Workers: 4
[408.681s][debug][gc,phases      ] GC(32)     Total                          Min: 0, Avg:  0.0, Max: 0, Diff: 0, Sum: 0, Workers: 4
[408.681s][debug][gc,phases      ] GC(32) Weak Processing 0.523ms
[408.681s][debug][gc,age         ] GC(32) Desired survivor size 124256256 bytes, new threshold 1 (max threshold 15)
[408.681s][info ][gc,heap        ] GC(32) PSYoungGen: 1819328K(1951232K)->4000K(1975808K) Eden: 1815040K(1815040K)->0K(1847296K) From: 4288K(136192K)->4000K(128512K)
[408.681s][info ][gc,heap        ] GC(32) ParOldGen: 339395K(339456K)->340564K(340992K)
[408.681s][info ][gc,metaspace   ] GC(32) Metaspace: 109447K(110720K)->109447K(110720K) NonClass: 93036K(93760K)->93036K(93760K) Class: 16411K(16960K)->16411K(16960K)
[408.681s][info ][gc             ] GC(32) Pause Young (Allocation Failure) 2108M->336M(2262M) 10.502ms
[408.681s][info ][gc,cpu         ] GC(32) User=0.02s Sys=0.00s Real=0.01s
[408.681s][info ][safepoint      ] Safepoint "ParallelGCFailedAllocation", Time since last: 989035008 ns, Reaching safepoint: 10200 ns, Cleanup: 4300 ns, At safepoint: 10604840 ns, Total: 10619340 ns
[411.681s][info ][safepoint      ] Safepoint "Cleanup", Time since last: 3000240885 ns, Reaching safepoint: 8100 ns, Cleanup: 10701 ns, At safepoint: 3000 ns, Total: 21801 ns
[415.682s][info ][safepoint      ] Safepoint "Cleanup", Time since last: 4000363612 ns, Reaching safepoint: 9700 ns, Cleanup: 13600 ns, At safepoint: 3100 ns, Total: 26400 ns
[417.682s][info ][safepoint      ] Safepoint "Cleanup", Time since last: 2000203970 ns, Reaching safepoint: 9600 ns, Cleanup: 12101 ns, At safepoint: 2900 ns, Total: 24601 ns
[420.270s][info ][safepoint      ] Safepoint "Cleanup", Time since last: 2588218429 ns, Reaching safepoint: 5500 ns, Cleanup: 16100 ns, At safepoint: 1800 ns, Total: 23400 ns
[425.270s][info ][safepoint      ] Safepoint "Cleanup", Time since last: 5000474873 ns, Reaching safepoint: 9100 ns, Cleanup: 11701 ns, At safepoint: 3100 ns, Total: 23901 ns
[426.271s][info ][safepoint      ] Safepoint "Cleanup", Time since last: 1000233832 ns, Reaching safepoint: 9900 ns, Cleanup: 14700 ns, At safepoint: 3001 ns, Total: 27601 ns
[428.271s][info ][safepoint      ] Safepoint "Cleanup", Time since last: 2000202055 ns, Reaching safepoint: 8900 ns, Cleanup: 13001 ns, At safepoint: 2200 ns, Total: 24101 ns
[429.271s][info ][safepoint      ] Safepoint "Cleanup", Time since last: 1000131228 ns, Reaching safepoint: 9200 ns, Cleanup: 14301 ns, At safepoint: 3100 ns, Total: 26601 ns
[431.271s][info ][safepoint      ] Safepoint "Cleanup", Time since last: 2000221456 ns, Reaching safepoint: 12800 ns, Cleanup: 15401 ns, At safepoint: 3500 ns, Total: 31701 ns
[433.121s][info ][gc,start       ] GC(33) Pause Young (Allocation Failure)
[433.125s][debug][gc,phases      ] GC(33) Scavenge 4.120ms
[433.126s][debug][gc,ref         ] GC(33) ReferenceProcessor::execute queues: 1, RefProcThreadModel::Single, marks_oops_alive: false
[433.126s][debug][gc,ref         ] GC(33) Skipped KeepAliveFinalRefsPhase of Reference Processing: no references
[433.126s][debug][gc,ref         ] GC(33) ReferenceProcessor::execute queues: 1, RefProcThreadModel::Single, marks_oops_alive: false
[433.126s][debug][gc,phases      ] GC(33) Reference Processing 0.123ms
[433.126s][debug][gc,phases      ] GC(33)   VM Weak                        Min:  0.0, Avg:  0.0, Max:  0.0, Diff:  0.0, Sum:  0.0, Workers: 4
[433.126s][debug][gc,phases      ] GC(33)     Dead                           Min: 0, Avg:  0.0, Max: 0, Diff: 0, Sum: 0, Workers: 4
[433.126s][debug][gc,phases      ] GC(33)     Total                          Min: 0, Avg: 251.8, Max: 512, Diff: 512, Sum: 1007, Workers: 4
[433.126s][debug][gc,phases      ] GC(33)   ObjectSynchronizer Weak        Min:  0.0, Avg:  0.0, Max:  0.0, Diff:  0.0, Sum:  0.0, Workers: 4
[433.126s][debug][gc,phases      ] GC(33)     Dead                           Min: 0, Avg:  0.0, Max: 0, Diff: 0, Sum: 0, Workers: 4
[433.126s][debug][gc,phases      ] GC(33)     Total                          Min: 0, Avg:  1.0, Max: 4, Diff: 4, Sum: 4, Workers: 4
[433.126s][debug][gc,phases      ] GC(33)   JVMTI Tag Weak OopStorage      Min:  0.0, Avg:  0.0, Max:  0.0, Diff:  0.0, Sum:  0.0, Workers: 4
[433.126s][debug][gc,phases      ] GC(33)     Dead                           Min: 0, Avg:  0.0, Max: 0, Diff: 0, Sum: 0, Workers: 4
[433.126s][debug][gc,phases      ] GC(33)     Total                          Min: 0, Avg:  0.0, Max: 0, Diff: 0, Sum: 0, Workers: 4
[433.126s][debug][gc,phases      ] GC(33)   StringTable Weak               Min:  0.0, Avg:  0.1, Max:  0.2, Diff:  0.2, Sum:  0.5, Workers: 4
[433.126s][debug][gc,phases      ] GC(33)     Dead                           Min: 0, Avg:  0.0, Max: 0, Diff: 0, Sum: 0, Workers: 4
[433.126s][debug][gc,phases      ] GC(33)     Total                          Min: 0, Avg: 11818.0, Max: 16232, Diff: 16232, Sum: 47272, Workers: 4
[433.126s][debug][gc,phases      ] GC(33)   ResolvedMethodTable Weak       Min:  0.0, Avg:  0.0, Max:  0.1, Diff:  0.1, Sum:  0.2, Workers: 4
[433.126s][debug][gc,phases      ] GC(33)     Dead                           Min: 0, Avg:  6.8, Max: 21, Diff: 21, Sum: 27, Workers: 4
[433.126s][debug][gc,phases      ] GC(33)     Total                          Min: 0, Avg: 3826.0, Max: 5495, Diff: 5495, Sum: 15304, Workers: 4
[433.126s][debug][gc,phases      ] GC(33)   JNI Weak                       Min:  0.0, Avg:  0.0, Max:  0.0, Diff:  0.0, Sum:  0.0, Workers: 4
[433.126s][debug][gc,phases      ] GC(33)     Dead                           Min: 0, Avg:  0.0, Max: 0, Diff: 0, Sum: 0, Workers: 4
[433.126s][debug][gc,phases      ] GC(33)     Total                          Min: 0, Avg: 13.0, Max: 48, Diff: 48, Sum: 52, Workers: 4
[433.126s][debug][gc,phases      ] GC(33)   StringDedup Table Weak         Min:  0.0, Avg:  0.0, Max:  0.0, Diff:  0.0, Sum:  0.0, Workers: 4
[433.126s][debug][gc,phases      ] GC(33)     Dead                           Min: 0, Avg:  0.0, Max: 0, Diff: 0, Sum: 0, Workers: 4
[433.126s][debug][gc,phases      ] GC(33)     Total                          Min: 0, Avg:  0.0, Max: 0, Diff: 0, Sum: 0, Workers: 4
[433.126s][debug][gc,phases      ] GC(33)   StringDedup Requests0 Weak     Min:  0.0, Avg:  0.0, Max:  0.0, Diff:  0.0, Sum:  0.0, Workers: 4
[433.126s][debug][gc,phases      ] GC(33)     Dead                           Min: 0, Avg:  0.0, Max: 0, Diff: 0, Sum: 0, Workers: 4
[433.126s][debug][gc,phases      ] GC(33)     Total                          Min: 0, Avg:  0.0, Max: 0, Diff: 0, Sum: 0, Workers: 4
[433.126s][debug][gc,phases      ] GC(33)   StringDedup Requests1 Weak     Min:  0.0, Avg:  0.0, Max:  0.0, Diff:  0.0, Sum:  0.0, Workers: 4
[433.126s][debug][gc,phases      ] GC(33)     Dead                           Min: 0, Avg:  0.0, Max: 0, Diff: 0, Sum: 0, Workers: 4
[433.126s][debug][gc,phases      ] GC(33)     Total                          Min: 0, Avg:  0.0, Max: 0, Diff: 0, Sum: 0, Workers: 4
[433.126s][debug][gc,phases      ] GC(33)   Weak JFR Old Object Samples    Min:  0.0, Avg:  0.0, Max:  0.0, Diff:  0.0, Sum:  0.0, Workers: 4
[433.126s][debug][gc,phases      ] GC(33)     Dead                           Min: 0, Avg:  0.0, Max: 0, Diff: 0, Sum: 0, Workers: 4
[433.126s][debug][gc,phases      ] GC(33)     Total                          Min: 0, Avg:  0.0, Max: 0, Diff: 0, Sum: 0, Workers: 4
[433.126s][debug][gc,phases      ] GC(33) Weak Processing 0.462ms
[433.126s][debug][gc,age         ] GC(33) Desired survivor size 116916224 bytes, new threshold 1 (max threshold 15)
[433.126s][info ][gc,heap        ] GC(33) PSYoungGen: 1851296K(1975808K)->4176K(1968640K) Eden: 1847296K(1847296K)->0K(1847296K) From: 4000K(128512K)->4176K(121344K)
[433.126s][info ][gc,heap        ] GC(33) ParOldGen: 340564K(340992K)->341392K(341504K)
[433.126s][info ][gc,metaspace   ] GC(33) Metaspace: 109473K(110720K)->109473K(110720K) NonClass: 93062K(93760K)->93062K(93760K) Class: 16411K(16960K)->16411K(16960K)
[433.126s][info ][gc             ] GC(33) Pause Young (Allocation Failure) 2140M->337M(2256M) 4.871ms
[433.126s][info ][gc,cpu         ] GC(33) User=0.02s Sys=0.00s Real=0.01s
[433.126s][info ][safepoint      ] Safepoint "ParallelGCFailedAllocation", Time since last: 1849682520 ns, Reaching safepoint: 155405 ns, Cleanup: 4100 ns, At safepoint: 4955056 ns, Total: 5114561 ns
[434.126s][info ][safepoint      ] Safepoint "Cleanup", Time since last: 1000095490 ns, Reaching safepoint: 10100 ns, Cleanup: 12400 ns, At safepoint: 2600 ns, Total: 25100 ns
[436.127s][info ][safepoint      ] Safepoint "Cleanup", Time since last: 2000219980 ns, Reaching safepoint: 12201 ns, Cleanup: 12500 ns, At safepoint: 3400 ns, Total: 28101 ns
[437.127s][info ][safepoint      ] Safepoint "Cleanup", Time since last: 1000138291 ns, Reaching safepoint: 12101 ns, Cleanup: 14700 ns, At safepoint: 2900 ns, Total: 29701 ns
[439.127s][info ][safepoint      ] Safepoint "Cleanup", Time since last: 2000216180 ns, Reaching safepoint: 12001 ns, Cleanup: 18200 ns, At safepoint: 3200 ns, Total: 33401 ns
[443.127s][info ][safepoint      ] Safepoint "Cleanup", Time since last: 4000414926 ns, Reaching safepoint: 11500 ns, Cleanup: 21501 ns, At safepoint: 3000 ns, Total: 36001 ns
[446.128s][info ][safepoint      ] Safepoint "Cleanup", Time since last: 3000327371 ns, Reaching safepoint: 11200 ns, Cleanup: 16100 ns, At safepoint: 2800 ns, Total: 30100 ns
[447.128s][info ][safepoint      ] Safepoint "Cleanup", Time since last: 1000132291 ns, Reaching safepoint: 10101 ns, Cleanup: 14100 ns, At safepoint: 3300 ns, Total: 27501 ns
[455.129s][info ][safepoint      ] Safepoint "Cleanup", Time since last: 8000668972 ns, Reaching safepoint: 11801 ns, Cleanup: 21400 ns, At safepoint: 3201 ns, Total: 36402 ns
[456.129s][info ][safepoint      ] Safepoint "Cleanup", Time since last: 1000134352 ns, Reaching safepoint: 7300 ns, Cleanup: 9800 ns, At safepoint: 2700 ns, Total: 19800 ns
[456.306s][info ][gc,start       ] GC(34) Pause Young (Allocation Failure)
[456.314s][debug][gc,phases      ] GC(34) Scavenge 8.642ms
[456.315s][debug][gc,ref         ] GC(34) ReferenceProcessor::execute queues: 1, RefProcThreadModel::Single, marks_oops_alive: false
[456.315s][debug][gc,ref         ] GC(34) Skipped KeepAliveFinalRefsPhase of Reference Processing: no references
[456.315s][debug][gc,ref         ] GC(34) ReferenceProcessor::execute queues: 1, RefProcThreadModel::Single, marks_oops_alive: false
[456.315s][debug][gc,phases      ] GC(34) Reference Processing 0.121ms
[456.315s][debug][gc,phases      ] GC(34)   VM Weak                        Min:  0.0, Avg:  0.0, Max:  0.0, Diff:  0.0, Sum:  0.0, Workers: 4
[456.315s][debug][gc,phases      ] GC(34)     Dead                           Min: 0, Avg:  0.0, Max: 0, Diff: 0, Sum: 0, Workers: 4
[456.315s][debug][gc,phases      ] GC(34)     Total                          Min: 0, Avg: 251.8, Max: 640, Diff: 640, Sum: 1007, Workers: 4
[456.315s][debug][gc,phases      ] GC(34)   ObjectSynchronizer Weak        Min:  0.0, Avg:  0.0, Max:  0.0, Diff:  0.0, Sum:  0.0, Workers: 4
[456.315s][debug][gc,phases      ] GC(34)     Dead                           Min: 0, Avg:  0.0, Max: 0, Diff: 0, Sum: 0, Workers: 4
[456.315s][debug][gc,phases      ] GC(34)     Total                          Min: 0, Avg:  1.0, Max: 4, Diff: 4, Sum: 4, Workers: 4
[456.315s][debug][gc,phases      ] GC(34)   JVMTI Tag Weak OopStorage      Min:  0.0, Avg:  0.0, Max:  0.0, Diff:  0.0, Sum:  0.0, Workers: 4
[456.315s][debug][gc,phases      ] GC(34)     Dead                           Min: 0, Avg:  0.0, Max: 0, Diff: 0, Sum: 0, Workers: 4
[456.315s][debug][gc,phases      ] GC(34)     Total                          Min: 0, Avg:  0.0, Max: 0, Diff: 0, Sum: 0, Workers: 4
[456.315s][debug][gc,phases      ] GC(34)   StringTable Weak               Min:  0.0, Avg:  0.1, Max:  0.2, Diff:  0.2, Sum:  0.5, Workers: 4
[456.315s][debug][gc,phases      ] GC(34)     Dead                           Min: 0, Avg:  0.0, Max: 0, Diff: 0, Sum: 0, Workers: 4
[456.315s][debug][gc,phases      ] GC(34)     Total                          Min: 0, Avg: 11818.2, Max: 24064, Diff: 24064, Sum: 47273, Workers: 4
[456.315s][debug][gc,phases      ] GC(34)   ResolvedMethodTable Weak       Min:  0.0, Avg:  0.0, Max:  0.1, Diff:  0.1, Sum:  0.2, Workers: 4
[456.315s][debug][gc,phases      ] GC(34)     Dead                           Min: 0, Avg:  6.8, Max: 19, Diff: 19, Sum: 27, Workers: 4
[456.315s][debug][gc,phases      ] GC(34)     Total                          Min: 0, Avg: 3826.0, Max: 8246, Diff: 8246, Sum: 15304, Workers: 4
[456.315s][debug][gc,phases      ] GC(34)   JNI Weak                       Min:  0.0, Avg:  0.0, Max:  0.0, Diff:  0.0, Sum:  0.0, Workers: 4
[456.315s][debug][gc,phases      ] GC(34)     Dead                           Min: 0, Avg:  0.0, Max: 0, Diff: 0, Sum: 0, Workers: 4
[456.315s][debug][gc,phases      ] GC(34)     Total                          Min: 0, Avg: 13.0, Max: 48, Diff: 48, Sum: 52, Workers: 4
[456.315s][debug][gc,phases      ] GC(34)   StringDedup Table Weak         Min:  0.0, Avg:  0.0, Max:  0.0, Diff:  0.0, Sum:  0.0, Workers: 4
[456.315s][debug][gc,phases      ] GC(34)     Dead                           Min: 0, Avg:  0.0, Max: 0, Diff: 0, Sum: 0, Workers: 4
[456.315s][debug][gc,phases      ] GC(34)     Total                          Min: 0, Avg:  0.0, Max: 0, Diff: 0, Sum: 0, Workers: 4
[456.315s][debug][gc,phases      ] GC(34)   StringDedup Requests0 Weak     Min:  0.0, Avg:  0.0, Max:  0.0, Diff:  0.0, Sum:  0.0, Workers: 4
[456.315s][debug][gc,phases      ] GC(34)     Dead                           Min: 0, Avg:  0.0, Max: 0, Diff: 0, Sum: 0, Workers: 4
[456.315s][debug][gc,phases      ] GC(34)     Total                          Min: 0, Avg:  0.0, Max: 0, Diff: 0, Sum: 0, Workers: 4
[456.315s][debug][gc,phases      ] GC(34)   StringDedup Requests1 Weak     Min:  0.0, Avg:  0.0, Max:  0.0, Diff:  0.0, Sum:  0.0, Workers: 4
[456.315s][debug][gc,phases      ] GC(34)     Dead                           Min: 0, Avg:  0.0, Max: 0, Diff: 0, Sum: 0, Workers: 4
[456.315s][debug][gc,phases      ] GC(34)     Total                          Min: 0, Avg:  0.0, Max: 0, Diff: 0, Sum: 0, Workers: 4
[456.315s][debug][gc,phases      ] GC(34)   Weak JFR Old Object Samples    Min:  0.0, Avg:  0.0, Max:  0.0, Diff:  0.0, Sum:  0.0, Workers: 4
[456.315s][debug][gc,phases      ] GC(34)     Dead                           Min: 0, Avg:  0.0, Max: 0, Diff: 0, Sum: 0, Workers: 4
[456.315s][debug][gc,phases      ] GC(34)     Total                          Min: 0, Avg:  0.0, Max: 0, Diff: 0, Sum: 0, Workers: 4
[456.315s][debug][gc,phases      ] GC(34) Weak Processing 0.574ms
[456.315s][debug][gc,age         ] GC(34) Desired survivor size 110100480 bytes, new threshold 1 (max threshold 15)
[456.315s][info ][gc,heap        ] GC(34) PSYoungGen: 1851472K(1968640K)->4256K(1989632K) Eden: 1847296K(1847296K)->0K(1875456K) From: 4176K(121344K)->4256K(114176K)
[456.315s][info ][gc,heap        ] GC(34) ParOldGen: 341392K(341504K)->342287K(342528K)
[456.315s][info ][gc,metaspace   ] GC(34) Metaspace: 109500K(110784K)->109500K(110784K) NonClass: 93089K(93824K)->93089K(93824K) Class: 16411K(16960K)->16411K(16960K)
[456.315s][info ][gc             ] GC(34) Pause Young (Allocation Failure) 2141M->338M(2277M) 9.492ms
[456.315s][info ][gc,cpu         ] GC(34) User=0.02s Sys=0.00s Real=0.01s
[456.315s][info ][safepoint      ] Safepoint "ParallelGCFailedAllocation", Time since last: 176947791 ns, Reaching safepoint: 8700 ns, Cleanup: 4500 ns, At safepoint: 9584898 ns, Total: 9598098 ns
[458.316s][info ][safepoint      ] Safepoint "Cleanup", Time since last: 2000180564 ns, Reaching safepoint: 12101 ns, Cleanup: 17200 ns, At safepoint: 3500 ns, Total: 32801 ns
[460.316s][info ][safepoint      ] Safepoint "Cleanup", Time since last: 2000185265 ns, Reaching safepoint: 87903 ns, Cleanup: 15200 ns, At safepoint: 6400 ns, Total: 109503 ns
[461.316s][info ][safepoint      ] Safepoint "Cleanup", Time since last: 1000123134 ns, Reaching safepoint: 9400 ns, Cleanup: 21201 ns, At safepoint: 2800 ns, Total: 33401 ns
[462.316s][info ][safepoint      ] Safepoint "Cleanup", Time since last: 1000129033 ns, Reaching safepoint: 9501 ns, Cleanup: 13400 ns, At safepoint: 32601 ns, Total: 55502 ns
[465.316s][info ][safepoint      ] Safepoint "Cleanup", Time since last: 3000265684 ns, Reaching safepoint: 11100 ns, Cleanup: 11801 ns, At safepoint: 3300 ns, Total: 26201 ns
[466.317s][info ][safepoint      ] Safepoint "Cleanup", Time since last: 1000121445 ns, Reaching safepoint: 10500 ns, Cleanup: 12900 ns, At safepoint: 3400 ns, Total: 26800 ns
[467.317s][info ][safepoint      ] Safepoint "Cleanup", Time since last: 1000144691 ns, Reaching safepoint: 13900 ns, Cleanup: 13601 ns, At safepoint: 3100 ns, Total: 30601 ns
[468.320s][info ][safepoint      ] Safepoint "Cleanup", Time since last: 1000117289 ns, Reaching safepoint: 2798587 ns, Cleanup: 16401 ns, At safepoint: 12800 ns, Total: 2827788 ns
[471.320s][info ][safepoint      ] Safepoint "Cleanup", Time since last: 3000270766 ns, Reaching safepoint: 13401 ns, Cleanup: 16800 ns, At safepoint: 2700 ns, Total: 32901 ns
[477.324s][info ][safepoint      ] Safepoint "Cleanup", Time since last: 6000525866 ns, Reaching safepoint: 3170899 ns, Cleanup: 20501 ns, At safepoint: 25101 ns, Total: 3216501 ns
[478.324s][info ][safepoint      ] Safepoint "Cleanup", Time since last: 1000158588 ns, Reaching safepoint: 11500 ns, Cleanup: 14301 ns, At safepoint: 2900 ns, Total: 28701 ns
[479.324s][info ][safepoint      ] Safepoint "Cleanup", Time since last: 1000133587 ns, Reaching safepoint: 14201 ns, Cleanup: 15000 ns, At safepoint: 3700 ns, Total: 32901 ns
[479.541s][info ][gc,start       ] GC(35) Pause Young (Allocation Failure)
[479.547s][debug][gc,phases      ] GC(35) Scavenge 6.086ms
[479.547s][debug][gc,ref         ] GC(35) ReferenceProcessor::execute queues: 1, RefProcThreadModel::Single, marks_oops_alive: false
[479.547s][debug][gc,ref         ] GC(35) Skipped KeepAliveFinalRefsPhase of Reference Processing: no references
[479.547s][debug][gc,ref         ] GC(35) ReferenceProcessor::execute queues: 1, RefProcThreadModel::Single, marks_oops_alive: false
[479.547s][debug][gc,phases      ] GC(35) Reference Processing 0.138ms
[479.547s][debug][gc,phases      ] GC(35)   VM Weak                        Min:  0.0, Avg:  0.0, Max:  0.0, Diff:  0.0, Sum:  0.0, Workers: 4
[479.547s][debug][gc,phases      ] GC(35)     Dead                           Min: 0, Avg:  0.0, Max: 0, Diff: 0, Sum: 0, Workers: 4
[479.547s][debug][gc,phases      ] GC(35)     Total                          Min: 0, Avg: 251.8, Max: 576, Diff: 576, Sum: 1007, Workers: 4
[479.547s][debug][gc,phases      ] GC(35)   ObjectSynchronizer Weak        Min:  0.0, Avg:  0.0, Max:  0.0, Diff:  0.0, Sum:  0.0, Workers: 4
[479.547s][debug][gc,phases      ] GC(35)     Dead                           Min: 0, Avg:  0.0, Max: 0, Diff: 0, Sum: 0, Workers: 4
[479.547s][debug][gc,phases      ] GC(35)     Total                          Min: 0, Avg:  1.0, Max: 4, Diff: 4, Sum: 4, Workers: 4
[479.547s][debug][gc,phases      ] GC(35)   JVMTI Tag Weak OopStorage      Min:  0.0, Avg:  0.0, Max:  0.0, Diff:  0.0, Sum:  0.0, Workers: 4
[479.547s][debug][gc,phases      ] GC(35)     Dead                           Min: 0, Avg:  0.0, Max: 0, Diff: 0, Sum: 0, Workers: 4
[479.548s][debug][gc,phases      ] GC(35)     Total                          Min: 0, Avg:  0.0, Max: 0, Diff: 0, Sum: 0, Workers: 4
[479.548s][debug][gc,phases      ] GC(35)   StringTable Weak               Min:  0.0, Avg:  0.1, Max:  0.2, Diff:  0.2, Sum:  0.5, Workers: 4
[479.548s][debug][gc,phases      ] GC(35)     Dead                           Min: 0, Avg:  0.0, Max: 0, Diff: 0, Sum: 0, Workers: 4
[479.548s][debug][gc,phases      ] GC(35)     Total                          Min: 0, Avg: 11819.8, Max: 16512, Diff: 16512, Sum: 47279, Workers: 4
[479.548s][debug][gc,phases      ] GC(35)   ResolvedMethodTable Weak       Min:  0.0, Avg:  0.0, Max:  0.1, Diff:  0.1, Sum:  0.2, Workers: 4
[479.548s][debug][gc,phases      ] GC(35)     Dead                           Min: 0, Avg:  6.8, Max: 18, Diff: 18, Sum: 27, Workers: 4
[479.548s][debug][gc,phases      ] GC(35)     Total                          Min: 0, Avg: 3826.2, Max: 5328, Diff: 5328, Sum: 15305, Workers: 4
[479.548s][debug][gc,phases      ] GC(35)   JNI Weak                       Min:  0.0, Avg:  0.0, Max:  0.0, Diff:  0.0, Sum:  0.0, Workers: 4
[479.548s][debug][gc,phases      ] GC(35)     Dead                           Min: 0, Avg:  0.0, Max: 0, Diff: 0, Sum: 0, Workers: 4
[479.548s][debug][gc,phases      ] GC(35)     Total                          Min: 0, Avg: 13.0, Max: 48, Diff: 48, Sum: 52, Workers: 4
[479.548s][debug][gc,phases      ] GC(35)   StringDedup Table Weak         Min:  0.0, Avg:  0.0, Max:  0.0, Diff:  0.0, Sum:  0.0, Workers: 4
[479.548s][debug][gc,phases      ] GC(35)     Dead                           Min: 0, Avg:  0.0, Max: 0, Diff: 0, Sum: 0, Workers: 4
[479.548s][debug][gc,phases      ] GC(35)     Total                          Min: 0, Avg:  0.0, Max: 0, Diff: 0, Sum: 0, Workers: 4
[479.548s][debug][gc,phases      ] GC(35)   StringDedup Requests0 Weak     Min:  0.0, Avg:  0.0, Max:  0.0, Diff:  0.0, Sum:  0.0, Workers: 4
[479.548s][debug][gc,phases      ] GC(35)     Dead                           Min: 0, Avg:  0.0, Max: 0, Diff: 0, Sum: 0, Workers: 4
[479.548s][debug][gc,phases      ] GC(35)     Total                          Min: 0, Avg:  0.0, Max: 0, Diff: 0, Sum: 0, Workers: 4
[479.548s][debug][gc,phases      ] GC(35)   StringDedup Requests1 Weak     Min:  0.0, Avg:  0.0, Max:  0.0, Diff:  0.0, Sum:  0.0, Workers: 4
[479.548s][debug][gc,phases      ] GC(35)     Dead                           Min: 0, Avg:  0.0, Max: 0, Diff: 0, Sum: 0, Workers: 4
[479.548s][debug][gc,phases      ] GC(35)     Total                          Min: 0, Avg:  0.0, Max: 0, Diff: 0, Sum: 0, Workers: 4
[479.548s][debug][gc,phases      ] GC(35)   Weak JFR Old Object Samples    Min:  0.0, Avg:  0.0, Max:  0.0, Diff:  0.0, Sum:  0.0, Workers: 4
[479.548s][debug][gc,phases      ] GC(35)     Dead                           Min: 0, Avg:  0.0, Max: 0, Diff: 0, Sum: 0, Workers: 4
[479.548s][debug][gc,phases      ] GC(35)     Total                          Min: 0, Avg:  0.0, Max: 0, Diff: 0, Sum: 0, Workers: 4
[479.548s][debug][gc,phases      ] GC(35) Weak Processing 0.497ms
[479.548s][debug][gc,age         ] GC(35) Desired survivor size 103284736 bytes, new threshold 1 (max threshold 15)
[479.548s][info ][gc,heap        ] GC(35) PSYoungGen: 1879712K(1989632K)->4416K(1982976K) Eden: 1875456K(1875456K)->0K(1875456K) From: 4256K(114176K)->4416K(107520K)
[479.548s][info ][gc,heap        ] GC(35) ParOldGen: 342287K(342528K)->343148K(343552K)
[479.548s][info ][gc,metaspace   ] GC(35) Metaspace: 109519K(110784K)->109519K(110784K) NonClass: 93108K(93824K)->93108K(93824K) Class: 16411K(16960K)->16411K(16960K)
[479.548s][info ][gc             ] GC(35) Pause Young (Allocation Failure) 2169M->339M(2272M) 6.933ms
[479.548s][info ][gc,cpu         ] GC(35) User=0.02s Sys=0.00s Real=0.01s
[479.548s][info ][safepoint      ] Safepoint "ParallelGCFailedAllocation", Time since last: 216537796 ns, Reaching safepoint: 93303 ns, Cleanup: 6200 ns, At safepoint: 7043921 ns, Total: 7143424 ns
[485.293s][info ][safepoint      ] Safepoint "Cleanup", Time since last: 5744530367 ns, Reaching safepoint: 159805 ns, Cleanup: 8601 ns, At safepoint: 11700 ns, Total: 180106 ns
[486.293s][info ][safepoint      ] Safepoint "Cleanup", Time since last: 1000114298 ns, Reaching safepoint: 84403 ns, Cleanup: 11700 ns, At safepoint: 11001 ns, Total: 107104 ns
[487.293s][info ][safepoint      ] Safepoint "Cleanup", Time since last: 1000138799 ns, Reaching safepoint: 83003 ns, Cleanup: 10700 ns, At safepoint: 7400 ns, Total: 101103 ns
[488.293s][info ][safepoint      ] Safepoint "Cleanup", Time since last: 1000122624 ns, Reaching safepoint: 95703 ns, Cleanup: 12700 ns, At safepoint: 9701 ns, Total: 118104 ns
[490.294s][info ][safepoint      ] Safepoint "Cleanup", Time since last: 2000221069 ns, Reaching safepoint: 85502 ns, Cleanup: 14001 ns, At safepoint: 8300 ns, Total: 107803 ns
[493.294s][info ][safepoint      ] Safepoint "Cleanup", Time since last: 3000338304 ns, Reaching safepoint: 84602 ns, Cleanup: 11901 ns, At safepoint: 36901 ns, Total: 133404 ns
[494.294s][info ][safepoint      ] Safepoint "Cleanup", Time since last: 1000128335 ns, Reaching safepoint: 82703 ns, Cleanup: 12200 ns, At safepoint: 7600 ns, Total: 102503 ns
[496.295s][info ][safepoint      ] Safepoint "Cleanup", Time since last: 2000193890 ns, Reaching safepoint: 79703 ns, Cleanup: 33301 ns, At safepoint: 6600 ns, Total: 119604 ns
[497.295s][info ][safepoint      ] Safepoint "Cleanup", Time since last: 1000120912 ns, Reaching safepoint: 84503 ns, Cleanup: 35001 ns, At safepoint: 6300 ns, Total: 125804 ns
[498.295s][info ][safepoint      ] Safepoint "Cleanup", Time since last: 1000152514 ns, Reaching safepoint: 88803 ns, Cleanup: 14600 ns, At safepoint: 8000 ns, Total: 111403 ns
[499.295s][info ][safepoint      ] Safepoint "Cleanup", Time since last: 1000131013 ns, Reaching safepoint: 81203 ns, Cleanup: 11700 ns, At safepoint: 6200 ns, Total: 99103 ns
[500.296s][info ][safepoint      ] Safepoint "Cleanup", Time since last: 1000132813 ns, Reaching safepoint: 82903 ns, Cleanup: 18800 ns, At safepoint: 7500 ns, Total: 109203 ns
[501.296s][info ][safepoint      ] Safepoint "Cleanup", Time since last: 1000165414 ns, Reaching safepoint: 92103 ns, Cleanup: 14100 ns, At safepoint: 8401 ns, Total: 114604 ns
[502.792s][info ][gc,start       ] GC(36) Pause Young (Allocation Failure)
[502.796s][debug][gc,phases      ] GC(36) Scavenge 4.434ms
[502.796s][debug][gc,ref         ] GC(36) ReferenceProcessor::execute queues: 1, RefProcThreadModel::Single, marks_oops_alive: false
[502.796s][debug][gc,ref         ] GC(36) Skipped KeepAliveFinalRefsPhase of Reference Processing: no references
[502.796s][debug][gc,ref         ] GC(36) ReferenceProcessor::execute queues: 1, RefProcThreadModel::Single, marks_oops_alive: false
[502.796s][debug][gc,phases      ] GC(36) Reference Processing 0.122ms
[502.796s][debug][gc,phases      ] GC(36)   VM Weak                        Min:  0.0, Avg:  0.0, Max:  0.0, Diff:  0.0, Sum:  0.0, Workers: 4
[502.796s][debug][gc,phases      ] GC(36)     Dead                           Min: 0, Avg:  0.0, Max: 0, Diff: 0, Sum: 0, Workers: 4
[502.796s][debug][gc,phases      ] GC(36)     Total                          Min: 0, Avg: 252.8, Max: 755, Diff: 755, Sum: 1011, Workers: 4
[502.796s][debug][gc,phases      ] GC(36)   ObjectSynchronizer Weak        Min:  0.0, Avg:  0.0, Max:  0.0, Diff:  0.0, Sum:  0.0, Workers: 4
[502.796s][debug][gc,phases      ] GC(36)     Dead                           Min: 0, Avg:  0.0, Max: 0, Diff: 0, Sum: 0, Workers: 4
[502.797s][debug][gc,phases      ] GC(36)     Total                          Min: 0, Avg:  1.0, Max: 4, Diff: 4, Sum: 4, Workers: 4
[502.797s][debug][gc,phases      ] GC(36)   JVMTI Tag Weak OopStorage      Min:  0.0, Avg:  0.0, Max:  0.0, Diff:  0.0, Sum:  0.0, Workers: 4
[502.797s][debug][gc,phases      ] GC(36)     Dead                           Min: 0, Avg:  0.0, Max: 0, Diff: 0, Sum: 0, Workers: 4
[502.797s][debug][gc,phases      ] GC(36)     Total                          Min: 0, Avg:  0.0, Max: 0, Diff: 0, Sum: 0, Workers: 4
[502.797s][debug][gc,phases      ] GC(36)   StringTable Weak               Min:  0.0, Avg:  0.1, Max:  0.2, Diff:  0.2, Sum:  0.6, Workers: 4
[502.797s][debug][gc,phases      ] GC(36)     Dead                           Min: 0, Avg:  0.0, Max: 0, Diff: 0, Sum: 0, Workers: 4
[502.797s][debug][gc,phases      ] GC(36)     Total                          Min: 0, Avg: 11822.0, Max: 19200, Diff: 19200, Sum: 47288, Workers: 4
[502.797s][debug][gc,phases      ] GC(36)   ResolvedMethodTable Weak       Min:  0.0, Avg:  0.0, Max:  0.1, Diff:  0.1, Sum:  0.2, Workers: 4
[502.797s][debug][gc,phases      ] GC(36)     Dead                           Min: 0, Avg:  4.5, Max: 16, Diff: 16, Sum: 18, Workers: 4
[502.797s][debug][gc,phases      ] GC(36)     Total                          Min: 0, Avg: 3831.2, Max: 5639, Diff: 5639, Sum: 15325, Workers: 4
[502.797s][debug][gc,phases      ] GC(36)   JNI Weak                       Min:  0.0, Avg:  0.0, Max:  0.0, Diff:  0.0, Sum:  0.0, Workers: 4
[502.797s][debug][gc,phases      ] GC(36)     Dead                           Min: 0, Avg:  0.0, Max: 0, Diff: 0, Sum: 0, Workers: 4
[502.797s][debug][gc,phases      ] GC(36)     Total                          Min: 0, Avg: 13.0, Max: 48, Diff: 48, Sum: 52, Workers: 4
[502.797s][debug][gc,phases      ] GC(36)   StringDedup Table Weak         Min:  0.0, Avg:  0.0, Max:  0.0, Diff:  0.0, Sum:  0.0, Workers: 4
[502.797s][debug][gc,phases      ] GC(36)     Dead                           Min: 0, Avg:  0.0, Max: 0, Diff: 0, Sum: 0, Workers: 4
[502.797s][debug][gc,phases      ] GC(36)     Total                          Min: 0, Avg:  0.0, Max: 0, Diff: 0, Sum: 0, Workers: 4
[502.797s][debug][gc,phases      ] GC(36)   StringDedup Requests0 Weak     Min:  0.0, Avg:  0.0, Max:  0.0, Diff:  0.0, Sum:  0.0, Workers: 4
[502.797s][debug][gc,phases      ] GC(36)     Dead                           Min: 0, Avg:  0.0, Max: 0, Diff: 0, Sum: 0, Workers: 4
[502.797s][debug][gc,phases      ] GC(36)     Total                          Min: 0, Avg:  0.0, Max: 0, Diff: 0, Sum: 0, Workers: 4
[502.797s][debug][gc,phases      ] GC(36)   StringDedup Requests1 Weak     Min:  0.0, Avg:  0.0, Max:  0.0, Diff:  0.0, Sum:  0.0, Workers: 4
[502.797s][debug][gc,phases      ] GC(36)     Dead                           Min: 0, Avg:  0.0, Max: 0, Diff: 0, Sum: 0, Workers: 4
[502.797s][debug][gc,phases      ] GC(36)     Total                          Min: 0, Avg:  0.0, Max: 0, Diff: 0, Sum: 0, Workers: 4
[502.797s][debug][gc,phases      ] GC(36)   Weak JFR Old Object Samples    Min:  0.0, Avg:  0.0, Max:  0.0, Diff:  0.0, Sum:  0.0, Workers: 4
[502.797s][debug][gc,phases      ] GC(36)     Dead                           Min: 0, Avg:  0.0, Max: 0, Diff: 0, Sum: 0, Workers: 4
[502.797s][debug][gc,phases      ] GC(36)     Total                          Min: 0, Avg:  0.0, Max: 0, Diff: 0, Sum: 0, Workers: 4
[502.797s][debug][gc,phases      ] GC(36) Weak Processing 0.497ms
[502.797s][debug][gc,age         ] GC(36) Desired survivor size 96993280 bytes, new threshold 1 (max threshold 15)
[502.797s][info ][gc,heap        ] GC(36) PSYoungGen: 1879872K(1982976K)->4492K(2002432K) Eden: 1875456K(1875456K)->0K(1901568K) From: 4416K(107520K)->4492K(100864K)
[502.797s][info ][gc,heap        ] GC(36) ParOldGen: 343148K(343552K)->344272K(344576K)
[502.797s][info ][gc,metaspace   ] GC(36) Metaspace: 109579K(110912K)->109579K(110912K) NonClass: 93161K(93888K)->93161K(93888K) Class: 16417K(17024K)->16417K(17024K)
[502.797s][info ][gc             ] GC(36) Pause Young (Allocation Failure) 2170M->340M(2292M) 5.204ms
[502.797s][info ][gc,cpu         ] GC(36) User=0.02s Sys=0.00s Real=0.01s
[502.797s][info ][safepoint      ] Safepoint "ParallelGCFailedAllocation", Time since last: 1495542174 ns, Reaching safepoint: 84202 ns, Cleanup: 4800 ns, At safepoint: 5299466 ns, Total: 5388468 ns
[504.797s][info ][safepoint      ] Safepoint "Cleanup", Time since last: 2000169551 ns, Reaching safepoint: 178605 ns, Cleanup: 12201 ns, At safepoint: 7500 ns, Total: 198306 ns
[505.797s][info ][safepoint      ] Safepoint "Cleanup", Time since last: 1000140428 ns, Reaching safepoint: 83003 ns, Cleanup: 9000 ns, At safepoint: 6700 ns, Total: 98703 ns
[508.798s][info ][safepoint      ] Safepoint "Cleanup", Time since last: 3000280081 ns, Reaching safepoint: 85103 ns, Cleanup: 11200 ns, At safepoint: 11700 ns, Total: 108003 ns
[510.798s][info ][safepoint      ] Safepoint "Cleanup", Time since last: 2000248056 ns, Reaching safepoint: 88303 ns, Cleanup: 11800 ns, At safepoint: 7400 ns, Total: 107503 ns
[513.799s][info ][safepoint      ] Safepoint "Cleanup", Time since last: 3000776175 ns, Reaching safepoint: 87602 ns, Cleanup: 14001 ns, At safepoint: 7400 ns, Total: 109003 ns
[517.800s][info ][safepoint      ] Safepoint "Cleanup", Time since last: 4000402342 ns, Reaching safepoint: 88503 ns, Cleanup: 11700 ns, At safepoint: 8401 ns, Total: 108604 ns
[520.800s][info ][safepoint      ] Safepoint "Cleanup", Time since last: 3000319869 ns, Reaching safepoint: 85302 ns, Cleanup: 12001 ns, At safepoint: 7300 ns, Total: 104603 ns
[521.800s][info ][safepoint      ] Safepoint "Cleanup", Time since last: 1000137609 ns, Reaching safepoint: 85503 ns, Cleanup: 12500 ns, At safepoint: 9500 ns, Total: 107503 ns
[526.607s][info ][gc,start       ] GC(37) Pause Young (Allocation Failure)
[526.617s][debug][gc,phases      ] GC(37) Scavenge 9.632ms
[526.617s][debug][gc,ref         ] GC(37) ReferenceProcessor::execute queues: 1, RefProcThreadModel::Single, marks_oops_alive: false
[526.617s][debug][gc,ref         ] GC(37) Skipped KeepAliveFinalRefsPhase of Reference Processing: no references
[526.617s][debug][gc,ref         ] GC(37) Skipped PhantomRefsPhase of Reference Processing: no references
[526.617s][debug][gc,phases      ] GC(37) Reference Processing 0.117ms
[526.617s][debug][gc,phases      ] GC(37)   VM Weak                        Min:  0.0, Avg:  0.0, Max:  0.0, Diff:  0.0, Sum:  0.0, Workers: 4
[526.617s][debug][gc,phases      ] GC(37)     Dead                           Min: 0, Avg:  0.0, Max: 0, Diff: 0, Sum: 0, Workers: 4
[526.617s][debug][gc,phases      ] GC(37)     Total                          Min: 0, Avg: 252.8, Max: 512, Diff: 512, Sum: 1011, Workers: 4
[526.617s][debug][gc,phases      ] GC(37)   ObjectSynchronizer Weak        Min:  0.0, Avg:  0.0, Max:  0.0, Diff:  0.0, Sum:  0.0, Workers: 4
[526.617s][debug][gc,phases      ] GC(37)     Dead                           Min: 0, Avg:  0.0, Max: 0, Diff: 0, Sum: 0, Workers: 4
[526.617s][debug][gc,phases      ] GC(37)     Total                          Min: 0, Avg:  1.0, Max: 4, Diff: 4, Sum: 4, Workers: 4
[526.617s][debug][gc,phases      ] GC(37)   JVMTI Tag Weak OopStorage      Min:  0.0, Avg:  0.0, Max:  0.0, Diff:  0.0, Sum:  0.0, Workers: 4
[526.617s][debug][gc,phases      ] GC(37)     Dead                           Min: 0, Avg:  0.0, Max: 0, Diff: 0, Sum: 0, Workers: 4
[526.617s][debug][gc,phases      ] GC(37)     Total                          Min: 0, Avg:  0.0, Max: 0, Diff: 0, Sum: 0, Workers: 4
[526.617s][debug][gc,phases      ] GC(37)   StringTable Weak               Min:  0.0, Avg:  0.1, Max:  0.2, Diff:  0.2, Sum:  0.5, Workers: 4
[526.617s][debug][gc,phases      ] GC(37)     Dead                           Min: 0, Avg:  0.0, Max: 0, Diff: 0, Sum: 0, Workers: 4
[526.617s][debug][gc,phases      ] GC(37)     Total                          Min: 0, Avg: 11824.0, Max: 16768, Diff: 16768, Sum: 47296, Workers: 4
[526.617s][debug][gc,phases      ] GC(37)   ResolvedMethodTable Weak       Min:  0.0, Avg:  0.0, Max:  0.1, Diff:  0.1, Sum:  0.2, Workers: 4
[526.617s][debug][gc,phases      ] GC(37)     Dead                           Min: 0, Avg:  4.0, Max: 16, Diff: 16, Sum: 16, Workers: 4
[526.617s][debug][gc,phases      ] GC(37)     Total                          Min: 0, Avg: 3831.2, Max: 5255, Diff: 5255, Sum: 15325, Workers: 4
[526.617s][debug][gc,phases      ] GC(37)   JNI Weak                       Min:  0.0, Avg:  0.0, Max:  0.0, Diff:  0.0, Sum:  0.0, Workers: 4
[526.617s][debug][gc,phases      ] GC(37)     Dead                           Min: 0, Avg:  0.0, Max: 0, Diff: 0, Sum: 0, Workers: 4
[526.617s][debug][gc,phases      ] GC(37)     Total                          Min: 0, Avg: 13.0, Max: 48, Diff: 48, Sum: 52, Workers: 4
[526.617s][debug][gc,phases      ] GC(37)   StringDedup Table Weak         Min:  0.0, Avg:  0.0, Max:  0.0, Diff:  0.0, Sum:  0.0, Workers: 4
[526.617s][debug][gc,phases      ] GC(37)     Dead                           Min: 0, Avg:  0.0, Max: 0, Diff: 0, Sum: 0, Workers: 4
[526.617s][debug][gc,phases      ] GC(37)     Total                          Min: 0, Avg:  0.0, Max: 0, Diff: 0, Sum: 0, Workers: 4
[526.617s][debug][gc,phases      ] GC(37)   StringDedup Requests0 Weak     Min:  0.0, Avg:  0.0, Max:  0.0, Diff:  0.0, Sum:  0.0, Workers: 4
[526.617s][debug][gc,phases      ] GC(37)     Dead                           Min: 0, Avg:  0.0, Max: 0, Diff: 0, Sum: 0, Workers: 4
[526.617s][debug][gc,phases      ] GC(37)     Total                          Min: 0, Avg:  0.0, Max: 0, Diff: 0, Sum: 0, Workers: 4
[526.617s][debug][gc,phases      ] GC(37)   StringDedup Requests1 Weak     Min:  0.0, Avg:  0.0, Max:  0.0, Diff:  0.0, Sum:  0.0, Workers: 4
[526.617s][debug][gc,phases      ] GC(37)     Dead                           Min: 0, Avg:  0.0, Max: 0, Diff: 0, Sum: 0, Workers: 4
[526.617s][debug][gc,phases      ] GC(37)     Total                          Min: 0, Avg:  0.0, Max: 0, Diff: 0, Sum: 0, Workers: 4
[526.617s][debug][gc,phases      ] GC(37)   Weak JFR Old Object Samples    Min:  0.0, Avg:  0.0, Max:  0.0, Diff:  0.0, Sum:  0.0, Workers: 4
[526.617s][debug][gc,phases      ] GC(37)     Dead                           Min: 0, Avg:  0.0, Max: 0, Diff: 0, Sum: 0, Workers: 4
[526.617s][debug][gc,phases      ] GC(37)     Total                          Min: 0, Avg:  0.0, Max: 0, Diff: 0, Sum: 0, Workers: 4
[526.617s][debug][gc,phases      ] GC(37) Weak Processing 0.502ms
[526.617s][debug][gc,age         ] GC(37) Desired survivor size 90701824 bytes, new threshold 1 (max threshold 15)
[526.617s][info ][gc,heap        ] GC(37) PSYoungGen: 1906060K(2002432K)->4208K(1996288K) Eden: 1901568K(1901568K)->0K(1901568K) From: 4492K(100864K)->4208K(94720K)
[526.617s][info ][gc,heap        ] GC(37) ParOldGen: 344272K(344576K)->345237K(345600K)
[526.617s][info ][gc,metaspace   ] GC(37) Metaspace: 109597K(110912K)->109597K(110912K) NonClass: 93179K(93888K)->93179K(93888K) Class: 16417K(17024K)->16417K(17024K)
[526.617s][info ][gc             ] GC(37) Pause Young (Allocation Failure) 2197M->341M(2287M) 10.407ms
[526.617s][info ][gc,cpu         ] GC(37) User=0.01s Sys=0.00s Real=0.01s
[526.617s][info ][safepoint      ] Safepoint "ParallelGCFailedAllocation", Time since last: 4806732949 ns, Reaching safepoint: 8200 ns, Cleanup: 5701 ns, At safepoint: 10494219 ns, Total: 10508120 ns
[527.618s][info ][safepoint      ] Safepoint "Cleanup", Time since last: 1000097308 ns, Reaching safepoint: 10100 ns, Cleanup: 13600 ns, At safepoint: 2700 ns, Total: 26400 ns
[528.618s][info ][safepoint      ] Safepoint "Cleanup", Time since last: 1000114470 ns, Reaching safepoint: 10101 ns, Cleanup: 18000 ns, At safepoint: 2500 ns, Total: 30601 ns
[531.618s][info ][safepoint      ] Safepoint "Cleanup", Time since last: 3000260264 ns, Reaching safepoint: 9701 ns, Cleanup: 19300 ns, At safepoint: 2100 ns, Total: 31101 ns
[534.618s][info ][safepoint      ] Safepoint "Cleanup", Time since last: 3000252464 ns, Reaching safepoint: 11601 ns, Cleanup: 16100 ns, At safepoint: 3200 ns, Total: 30901 ns
[537.619s][info ][safepoint      ] Safepoint "Cleanup", Time since last: 3000283008 ns, Reaching safepoint: 12601 ns, Cleanup: 11400 ns, At safepoint: 2500 ns, Total: 26501 ns
[538.619s][info ][safepoint      ] Safepoint "Cleanup", Time since last: 1000117811 ns, Reaching safepoint: 10200 ns, Cleanup: 17001 ns, At safepoint: 2700 ns, Total: 29901 ns
[539.619s][info ][safepoint      ] Safepoint "Cleanup", Time since last: 1000112011 ns, Reaching safepoint: 83402 ns, Cleanup: 26101 ns, At safepoint: 9801 ns, Total: 119304 ns
[541.317s][info ][safepoint      ] Safepoint "Cleanup", Time since last: 1698164725 ns, Reaching safepoint: 15100 ns, Cleanup: 22501 ns, At safepoint: 4000 ns, Total: 41601 ns
[542.317s][info ][safepoint      ] Safepoint "Cleanup", Time since last: 1000192214 ns, Reaching safepoint: 13600 ns, Cleanup: 21701 ns, At safepoint: 3300 ns, Total: 38601 ns
[543.318s][info ][safepoint      ] Safepoint "Cleanup", Time since last: 1000139611 ns, Reaching safepoint: 11201 ns, Cleanup: 19600 ns, At safepoint: 3101 ns, Total: 33902 ns
[544.318s][info ][safepoint      ] Safepoint "Cleanup", Time since last: 1000116963 ns, Reaching safepoint: 13600 ns, Cleanup: 19201 ns, At safepoint: 3500 ns, Total: 36301 ns
[545.318s][info ][safepoint      ] Safepoint "Cleanup", Time since last: 1000210115 ns, Reaching safepoint: 13401 ns, Cleanup: 26300 ns, At safepoint: 2701 ns, Total: 42402 ns
[546.318s][info ][safepoint      ] Safepoint "Cleanup", Time since last: 1000132213 ns, Reaching safepoint: 8900 ns, Cleanup: 15501 ns, At safepoint: 2900 ns, Total: 27301 ns
[547.318s][info ][safepoint      ] Safepoint "Cleanup", Time since last: 1000144813 ns, Reaching safepoint: 9001 ns, Cleanup: 13100 ns, At safepoint: 3000 ns, Total: 25101 ns
[548.318s][info ][safepoint      ] Safepoint "Cleanup", Time since last: 1000147514 ns, Reaching safepoint: 12200 ns, Cleanup: 16501 ns, At safepoint: 3200 ns, Total: 31901 ns
[550.242s][info ][gc,start       ] GC(38) Pause Young (Allocation Failure)
[550.256s][debug][gc,phases      ] GC(38) Scavenge 13.439ms
[550.256s][debug][gc,ref         ] GC(38) ReferenceProcessor::execute queues: 1, RefProcThreadModel::Single, marks_oops_alive: false
[550.256s][debug][gc,ref         ] GC(38) Skipped KeepAliveFinalRefsPhase of Reference Processing: no references
[550.256s][debug][gc,ref         ] GC(38) ReferenceProcessor::execute queues: 1, RefProcThreadModel::Single, marks_oops_alive: false
[550.256s][debug][gc,phases      ] GC(38) Reference Processing 0.158ms
[550.256s][debug][gc,phases      ] GC(38)   VM Weak                        Min:  0.0, Avg:  0.0, Max:  0.0, Diff:  0.0, Sum:  0.0, Workers: 4
[550.256s][debug][gc,phases      ] GC(38)     Dead                           Min: 0, Avg:  0.0, Max: 0, Diff: 0, Sum: 0, Workers: 4
[550.256s][debug][gc,phases      ] GC(38)     Total                          Min: 0, Avg: 252.8, Max: 1011, Diff: 1011, Sum: 1011, Workers: 4
[550.256s][debug][gc,phases      ] GC(38)   ObjectSynchronizer Weak        Min:  0.0, Avg:  0.0, Max:  0.0, Diff:  0.0, Sum:  0.0, Workers: 4
[550.256s][debug][gc,phases      ] GC(38)     Dead                           Min: 0, Avg:  0.0, Max: 0, Diff: 0, Sum: 0, Workers: 4
[550.257s][debug][gc,phases      ] GC(38)     Total                          Min: 0, Avg:  1.0, Max: 4, Diff: 4, Sum: 4, Workers: 4
[550.257s][debug][gc,phases      ] GC(38)   JVMTI Tag Weak OopStorage      Min:  0.0, Avg:  0.0, Max:  0.0, Diff:  0.0, Sum:  0.0, Workers: 4
[550.257s][debug][gc,phases      ] GC(38)     Dead                           Min: 0, Avg:  0.0, Max: 0, Diff: 0, Sum: 0, Workers: 4
[550.257s][debug][gc,phases      ] GC(38)     Total                          Min: 0, Avg:  0.0, Max: 0, Diff: 0, Sum: 0, Workers: 4
[550.257s][debug][gc,phases      ] GC(38)   StringTable Weak               Min:  0.0, Avg:  0.1, Max:  0.3, Diff:  0.3, Sum:  0.6, Workers: 4
[550.257s][debug][gc,phases      ] GC(38)     Dead                           Min: 0, Avg:  0.0, Max: 0, Diff: 0, Sum: 0, Workers: 4
[550.257s][debug][gc,phases      ] GC(38)     Total                          Min: 0, Avg: 11825.0, Max: 26368, Diff: 26368, Sum: 47300, Workers: 4
[550.257s][debug][gc,phases      ] GC(38)   ResolvedMethodTable Weak       Min:  0.0, Avg:  0.1, Max:  0.1, Diff:  0.1, Sum:  0.2, Workers: 4
[550.257s][debug][gc,phases      ] GC(38)     Dead                           Min: 0, Avg:  6.8, Max: 27, Diff: 27, Sum: 27, Workers: 4
[550.257s][debug][gc,phases      ] GC(38)     Total                          Min: 0, Avg: 3831.2, Max: 8302, Diff: 8302, Sum: 15325, Workers: 4
[550.257s][debug][gc,phases      ] GC(38)   JNI Weak                       Min:  0.0, Avg:  0.0, Max:  0.0, Diff:  0.0, Sum:  0.0, Workers: 4
[550.257s][debug][gc,phases      ] GC(38)     Dead                           Min: 0, Avg:  0.0, Max: 0, Diff: 0, Sum: 0, Workers: 4
[550.257s][debug][gc,phases      ] GC(38)     Total                          Min: 0, Avg: 13.0, Max: 48, Diff: 48, Sum: 52, Workers: 4
[550.257s][debug][gc,phases      ] GC(38)   StringDedup Table Weak         Min:  0.0, Avg:  0.0, Max:  0.0, Diff:  0.0, Sum:  0.0, Workers: 4
[550.257s][debug][gc,phases      ] GC(38)     Dead                           Min: 0, Avg:  0.0, Max: 0, Diff: 0, Sum: 0, Workers: 4
[550.257s][debug][gc,phases      ] GC(38)     Total                          Min: 0, Avg:  0.0, Max: 0, Diff: 0, Sum: 0, Workers: 4
[550.257s][debug][gc,phases      ] GC(38)   StringDedup Requests0 Weak     Min:  0.0, Avg:  0.0, Max:  0.0, Diff:  0.0, Sum:  0.0, Workers: 4
[550.257s][debug][gc,phases      ] GC(38)     Dead                           Min: 0, Avg:  0.0, Max: 0, Diff: 0, Sum: 0, Workers: 4
[550.257s][debug][gc,phases      ] GC(38)     Total                          Min: 0, Avg:  0.0, Max: 0, Diff: 0, Sum: 0, Workers: 4
[550.257s][debug][gc,phases      ] GC(38)   StringDedup Requests1 Weak     Min:  0.0, Avg:  0.0, Max:  0.0, Diff:  0.0, Sum:  0.0, Workers: 4
[550.257s][debug][gc,phases      ] GC(38)     Dead                           Min: 0, Avg:  0.0, Max: 0, Diff: 0, Sum: 0, Workers: 4
[550.257s][debug][gc,phases      ] GC(38)     Total                          Min: 0, Avg:  0.0, Max: 0, Diff: 0, Sum: 0, Workers: 4
[550.257s][debug][gc,phases      ] GC(38)   Weak JFR Old Object Samples    Min:  0.0, Avg:  0.0, Max:  0.0, Diff:  0.0, Sum:  0.0, Workers: 4
[550.257s][debug][gc,phases      ] GC(38)     Dead                           Min: 0, Avg:  0.0, Max: 0, Diff: 0, Sum: 0, Workers: 4
[550.257s][debug][gc,phases      ] GC(38)     Total                          Min: 0, Avg:  0.0, Max: 0, Diff: 0, Sum: 0, Workers: 4
[550.257s][debug][gc,phases      ] GC(38) Weak Processing 0.768ms
[550.257s][debug][gc,age         ] GC(38) Desired survivor size 84934656 bytes, new threshold 1 (max threshold 15)
[550.257s][info ][gc,heap        ] GC(38) PSYoungGen: 1905776K(1996288K)->4512K(2014208K) Eden: 1901568K(1901568K)->0K(1925632K) From: 4208K(94720K)->4512K(88576K)
[550.257s][info ][gc,heap        ] GC(38) ParOldGen: 345237K(345600K)->345957K(346112K)
[550.257s][info ][gc,metaspace   ] GC(38) Metaspace: 109625K(110976K)->109625K(110976K) NonClass: 93207K(93952K)->93207K(93952K) Class: 16417K(17024K)->16417K(17024K)
[550.257s][info ][gc             ] GC(38) Pause Young (Allocation Failure) 2198M->342M(2305M) 14.569ms
[550.257s][info ][gc,cpu         ] GC(38) User=0.02s Sys=0.00s Real=0.02s
[550.257s][info ][safepoint      ] Safepoint "ParallelGCFailedAllocation", Time since last: 1923580440 ns, Reaching safepoint: 90503 ns, Cleanup: 5700 ns, At safepoint: 14693538 ns, Total: 14789741 ns
[553.257s][info ][safepoint      ] Safepoint "Cleanup", Time since last: 3000355766 ns, Reaching safepoint: 9100 ns, Cleanup: 12301 ns, At safepoint: 2400 ns, Total: 23801 ns
[554.257s][info ][safepoint      ] Safepoint "Cleanup", Time since last: 1000129115 ns, Reaching safepoint: 84403 ns, Cleanup: 12500 ns, At safepoint: 8601 ns, Total: 105504 ns
[555.261s][info ][safepoint      ] Safepoint "Cleanup", Time since last: 1000120115 ns, Reaching safepoint: 3178699 ns, Cleanup: 16300 ns, At safepoint: 14701 ns, Total: 3209700 ns
[558.261s][info ][safepoint      ] Safepoint "Cleanup", Time since last: 3000288043 ns, Reaching safepoint: 85503 ns, Cleanup: 12600 ns, At safepoint: 6501 ns, Total: 104604 ns
[563.262s][info ][safepoint      ] Safepoint "Cleanup", Time since last: 5000473021 ns, Reaching safepoint: 87703 ns, Cleanup: 15301 ns, At safepoint: 6900 ns, Total: 109904 ns
[564.262s][info ][safepoint      ] Safepoint "Cleanup", Time since last: 1000124614 ns, Reaching safepoint: 10300 ns, Cleanup: 20601 ns, At safepoint: 3000 ns, Total: 33901 ns
[565.263s][info ][safepoint      ] Safepoint "Cleanup", Time since last: 1000155315 ns, Reaching safepoint: 85803 ns, Cleanup: 61002 ns, At safepoint: 7800 ns, Total: 154605 ns
[566.268s][info ][safepoint      ] Safepoint "Cleanup", Time since last: 1005982193 ns, Reaching safepoint: 12701 ns, Cleanup: 32701 ns, At safepoint: 2800 ns, Total: 48202 ns
[567.268s][info ][safepoint      ] Safepoint "Cleanup", Time since last: 1000105814 ns, Reaching safepoint: 7300 ns, Cleanup: 13000 ns, At safepoint: 2900 ns, Total: 23200 ns
[568.269s][info ][safepoint      ] Safepoint "Cleanup", Time since last: 1000122132 ns, Reaching safepoint: 9601 ns, Cleanup: 13500 ns, At safepoint: 2900 ns, Total: 26001 ns
[569.269s][info ][safepoint      ] Safepoint "Cleanup", Time since last: 1000128792 ns, Reaching safepoint: 84002 ns, Cleanup: 17901 ns, At safepoint: 5600 ns, Total: 107503 ns
[570.269s][info ][safepoint      ] Safepoint "Cleanup", Time since last: 1000129792 ns, Reaching safepoint: 10400 ns, Cleanup: 20601 ns, At safepoint: 2700 ns, Total: 33701 ns
[571.269s][info ][safepoint      ] Safepoint "Cleanup", Time since last: 1000130892 ns, Reaching safepoint: 12100 ns, Cleanup: 15701 ns, At safepoint: 3600 ns, Total: 31401 ns
[572.269s][info ][safepoint      ] Safepoint "Cleanup", Time since last: 1000149592 ns, Reaching safepoint: 14201 ns, Cleanup: 19800 ns, At safepoint: 3700 ns, Total: 37701 ns
[573.269s][info ][safepoint      ] Safepoint "Cleanup", Time since last: 1000145293 ns, Reaching safepoint: 11100 ns, Cleanup: 16301 ns, At safepoint: 2600 ns, Total: 30001 ns
[573.308s][info ][gc,start       ] GC(39) Pause Young (Allocation Failure)
[573.317s][debug][gc,phases      ] GC(39) Scavenge 9.251ms
[573.317s][debug][gc,ref         ] GC(39) ReferenceProcessor::execute queues: 1, RefProcThreadModel::Single, marks_oops_alive: false
[573.317s][debug][gc,ref         ] GC(39) Skipped KeepAliveFinalRefsPhase of Reference Processing: no references
[573.317s][debug][gc,ref         ] GC(39) ReferenceProcessor::execute queues: 1, RefProcThreadModel::Single, marks_oops_alive: false
[573.317s][debug][gc,phases      ] GC(39) Reference Processing 0.164ms
[573.318s][debug][gc,phases      ] GC(39)   VM Weak                        Min:  0.0, Avg:  0.0, Max:  0.0, Diff:  0.0, Sum:  0.0, Workers: 4
[573.318s][debug][gc,phases      ] GC(39)     Dead                           Min: 0, Avg:  0.0, Max: 0, Diff: 0, Sum: 0, Workers: 4
[573.318s][debug][gc,phases      ] GC(39)     Total                          Min: 0, Avg: 256.0, Max: 512, Diff: 512, Sum: 1024, Workers: 4
[573.318s][debug][gc,phases      ] GC(39)   ObjectSynchronizer Weak        Min:  0.0, Avg:  0.0, Max:  0.0, Diff:  0.0, Sum:  0.0, Workers: 4
[573.318s][debug][gc,phases      ] GC(39)     Dead                           Min: 0, Avg:  0.0, Max: 0, Diff: 0, Sum: 0, Workers: 4
[573.318s][debug][gc,phases      ] GC(39)     Total                          Min: 0, Avg:  1.0, Max: 4, Diff: 4, Sum: 4, Workers: 4
[573.318s][debug][gc,phases      ] GC(39)   JVMTI Tag Weak OopStorage      Min:  0.0, Avg:  0.0, Max:  0.0, Diff:  0.0, Sum:  0.0, Workers: 4
[573.318s][debug][gc,phases      ] GC(39)     Dead                           Min: 0, Avg:  0.0, Max: 0, Diff: 0, Sum: 0, Workers: 4
[573.318s][debug][gc,phases      ] GC(39)     Total                          Min: 0, Avg:  0.0, Max: 0, Diff: 0, Sum: 0, Workers: 4
[573.318s][debug][gc,phases      ] GC(39)   StringTable Weak               Min:  0.0, Avg:  0.1, Max:  0.3, Diff:  0.3, Sum:  0.5, Workers: 4
[573.318s][debug][gc,phases      ] GC(39)     Dead                           Min: 0, Avg:  0.2, Max: 1, Diff: 1, Sum: 1, Workers: 4
[573.318s][debug][gc,phases      ] GC(39)     Total                          Min: 0, Avg: 11829.8, Max: 24088, Diff: 24088, Sum: 47319, Workers: 4
[573.318s][debug][gc,phases      ] GC(39)   ResolvedMethodTable Weak       Min:  0.0, Avg:  0.0, Max:  0.1, Diff:  0.1, Sum:  0.2, Workers: 4
[573.318s][debug][gc,phases      ] GC(39)     Dead                           Min: 0, Avg:  0.2, Max: 1, Diff: 1, Sum: 1, Workers: 4
[573.318s][debug][gc,phases      ] GC(39)     Total                          Min: 0, Avg: 3843.5, Max: 7712, Diff: 7712, Sum: 15374, Workers: 4
[573.318s][debug][gc,phases      ] GC(39)   JNI Weak                       Min:  0.0, Avg:  0.0, Max:  0.0, Diff:  0.0, Sum:  0.0, Workers: 4
[573.318s][debug][gc,phases      ] GC(39)     Dead                           Min: 0, Avg:  0.0, Max: 0, Diff: 0, Sum: 0, Workers: 4
[573.318s][debug][gc,phases      ] GC(39)     Total                          Min: 0, Avg: 13.0, Max: 48, Diff: 48, Sum: 52, Workers: 4
[573.318s][debug][gc,phases      ] GC(39)   StringDedup Table Weak         Min:  0.0, Avg:  0.0, Max:  0.0, Diff:  0.0, Sum:  0.0, Workers: 4
[573.318s][debug][gc,phases      ] GC(39)     Dead                           Min: 0, Avg:  0.0, Max: 0, Diff: 0, Sum: 0, Workers: 4
[573.318s][debug][gc,phases      ] GC(39)     Total                          Min: 0, Avg:  0.0, Max: 0, Diff: 0, Sum: 0, Workers: 4
[573.318s][debug][gc,phases      ] GC(39)   StringDedup Requests0 Weak     Min:  0.0, Avg:  0.0, Max:  0.0, Diff:  0.0, Sum:  0.0, Workers: 4
[573.318s][debug][gc,phases      ] GC(39)     Dead                           Min: 0, Avg:  0.0, Max: 0, Diff: 0, Sum: 0, Workers: 4
[573.318s][debug][gc,phases      ] GC(39)     Total                          Min: 0, Avg:  0.0, Max: 0, Diff: 0, Sum: 0, Workers: 4
[573.318s][debug][gc,phases      ] GC(39)   StringDedup Requests1 Weak     Min:  0.0, Avg:  0.0, Max:  0.0, Diff:  0.0, Sum:  0.0, Workers: 4
[573.318s][debug][gc,phases      ] GC(39)     Dead                           Min: 0, Avg:  0.0, Max: 0, Diff: 0, Sum: 0, Workers: 4
[573.318s][debug][gc,phases      ] GC(39)     Total                          Min: 0, Avg:  0.0, Max: 0, Diff: 0, Sum: 0, Workers: 4
[573.318s][debug][gc,phases      ] GC(39)   Weak JFR Old Object Samples    Min:  0.0, Avg:  0.0, Max:  0.0, Diff:  0.0, Sum:  0.0, Workers: 4
[573.318s][debug][gc,phases      ] GC(39)     Dead                           Min: 0, Avg:  0.0, Max: 0, Diff: 0, Sum: 0, Workers: 4
[573.318s][debug][gc,phases      ] GC(39)     Total                          Min: 0, Avg:  0.0, Max: 0, Diff: 0, Sum: 0, Workers: 4
[573.318s][debug][gc,phases      ] GC(39) Weak Processing 0.789ms
[573.318s][debug][gc,age         ] GC(39) Desired survivor size 79691776 bytes, new threshold 1 (max threshold 15)
[573.318s][info ][gc,heap        ] GC(39) PSYoungGen: 1930144K(2014208K)->4665K(2008576K) Eden: 1925632K(1925632K)->0K(1925632K) From: 4512K(88576K)->4665K(82944K)
[573.318s][info ][gc,heap        ] GC(39) ParOldGen: 345957K(346112K)->346861K(347136K)
[573.318s][info ][gc,metaspace   ] GC(39) Metaspace: 109734K(111104K)->109734K(111104K) NonClass: 93303K(94080K)->93303K(94080K) Class: 16431K(17024K)->16431K(17024K)
[573.318s][info ][gc             ] GC(39) Pause Young (Allocation Failure) 2222M->343M(2300M) 10.363ms
[573.318s][info ][gc,cpu         ] GC(39) User=0.03s Sys=0.00s Real=0.01s
[573.318s][info ][safepoint      ] Safepoint "ParallelGCFailedAllocation", Time since last: 38059575 ns, Reaching safepoint: 7800 ns, Cleanup: 4801 ns, At safepoint: 10455623 ns, Total: 10468224 ns
[574.318s][info ][safepoint      ] Safepoint "Cleanup", Time since last: 1000091590 ns, Reaching safepoint: 9200 ns, Cleanup: 13301 ns, At safepoint: 2600 ns, Total: 25101 ns
[575.318s][info ][safepoint      ] Safepoint "Cleanup", Time since last: 1000141892 ns, Reaching safepoint: 13601 ns, Cleanup: 35201 ns, At safepoint: 2700 ns, Total: 51502 ns
[576.318s][info ][safepoint      ] Safepoint "Cleanup", Time since last: 1000131138 ns, Reaching safepoint: 8901 ns, Cleanup: 19200 ns, At safepoint: 2800 ns, Total: 30901 ns
[577.319s][info ][safepoint      ] Safepoint "Cleanup", Time since last: 1000114467 ns, Reaching safepoint: 9800 ns, Cleanup: 17401 ns, At safepoint: 2600 ns, Total: 29801 ns
[578.319s][info ][safepoint      ] Safepoint "Cleanup", Time since last: 1000134768 ns, Reaching safepoint: 10300 ns, Cleanup: 16300 ns, At safepoint: 3000 ns, Total: 29600 ns
[579.319s][info ][safepoint      ] Safepoint "Cleanup", Time since last: 1000127968 ns, Reaching safepoint: 11400 ns, Cleanup: 14501 ns, At safepoint: 2900 ns, Total: 28801 ns
[582.319s][info ][safepoint      ] Safepoint "Cleanup", Time since last: 3000339100 ns, Reaching safepoint: 10601 ns, Cleanup: 15500 ns, At safepoint: 3100 ns, Total: 29201 ns
[583.319s][info ][safepoint      ] Safepoint "Cleanup", Time since last: 1000132968 ns, Reaching safepoint: 10600 ns, Cleanup: 18700 ns, At safepoint: 2701 ns, Total: 32001 ns
[584.320s][info ][safepoint      ] Safepoint "Cleanup", Time since last: 1000143602 ns, Reaching safepoint: 11000 ns, Cleanup: 14801 ns, At safepoint: 2800 ns, Total: 28601 ns
[585.320s][info ][safepoint      ] Safepoint "Cleanup", Time since last: 1000147803 ns, Reaching safepoint: 8801 ns, Cleanup: 12100 ns, At safepoint: 29301 ns, Total: 50202 ns
[586.312s][info ][gc,start       ] GC(40) Pause Young (CodeCache GC Threshold)
[586.320s][debug][gc,phases      ] GC(40) Scavenge 7.721ms
[586.320s][debug][gc,ref         ] GC(40) ReferenceProcessor::execute queues: 1, RefProcThreadModel::Single, marks_oops_alive: false
[586.320s][debug][gc,ref         ] GC(40) Skipped KeepAliveFinalRefsPhase of Reference Processing: no references
[586.320s][debug][gc,ref         ] GC(40) ReferenceProcessor::execute queues: 1, RefProcThreadModel::Single, marks_oops_alive: false
[586.320s][debug][gc,phases      ] GC(40) Reference Processing 0.114ms
[586.320s][debug][gc,phases      ] GC(40)   VM Weak                        Min:  0.0, Avg:  0.0, Max:  0.0, Diff:  0.0, Sum:  0.0, Workers: 4
[586.320s][debug][gc,phases      ] GC(40)     Dead                           Min: 0, Avg:  0.0, Max: 0, Diff: 0, Sum: 0, Workers: 4
[586.320s][debug][gc,phases      ] GC(40)     Total                          Min: 0, Avg: 256.0, Max: 832, Diff: 832, Sum: 1024, Workers: 4
[586.320s][debug][gc,phases      ] GC(40)   ObjectSynchronizer Weak        Min:  0.0, Avg:  0.0, Max:  0.0, Diff:  0.0, Sum:  0.0, Workers: 4
[586.320s][debug][gc,phases      ] GC(40)     Dead                           Min: 0, Avg:  0.0, Max: 0, Diff: 0, Sum: 0, Workers: 4
[586.320s][debug][gc,phases      ] GC(40)     Total                          Min: 0, Avg:  1.5, Max: 6, Diff: 6, Sum: 6, Workers: 4
[586.320s][debug][gc,phases      ] GC(40)   JVMTI Tag Weak OopStorage      Min:  0.0, Avg:  0.0, Max:  0.0, Diff:  0.0, Sum:  0.0, Workers: 4
[586.320s][debug][gc,phases      ] GC(40)     Dead                           Min: 0, Avg:  0.0, Max: 0, Diff: 0, Sum: 0, Workers: 4
[586.320s][debug][gc,phases      ] GC(40)     Total                          Min: 0, Avg:  0.0, Max: 0, Diff: 0, Sum: 0, Workers: 4
[586.320s][debug][gc,phases      ] GC(40)   StringTable Weak               Min:  0.1, Avg:  0.1, Max:  0.1, Diff:  0.0, Sum:  0.5, Workers: 4
[586.320s][debug][gc,phases      ] GC(40)     Dead                           Min: 0, Avg:  0.0, Max: 0, Diff: 0, Sum: 0, Workers: 4
[586.320s][debug][gc,phases      ] GC(40)     Total                          Min: 10816, Avg: 11832.5, Max: 12515, Diff: 1699, Sum: 47330, Workers: 4
[586.320s][debug][gc,phases      ] GC(40)   ResolvedMethodTable Weak       Min:  0.0, Avg:  0.0, Max:  0.0, Diff:  0.0, Sum:  0.2, Workers: 4
[586.320s][debug][gc,phases      ] GC(40)     Dead                           Min: 0, Avg: 10.8, Max: 29, Diff: 29, Sum: 43, Workers: 4
[586.320s][debug][gc,phases      ] GC(40)     Total                          Min: 3592, Avg: 3845.5, Max: 4091, Diff: 499, Sum: 15382, Workers: 4
[586.320s][debug][gc,phases      ] GC(40)   JNI Weak                       Min:  0.0, Avg:  0.0, Max:  0.0, Diff:  0.0, Sum:  0.0, Workers: 4
[586.320s][debug][gc,phases      ] GC(40)     Dead                           Min: 0, Avg:  0.0, Max: 0, Diff: 0, Sum: 0, Workers: 4
[586.320s][debug][gc,phases      ] GC(40)     Total                          Min: 0, Avg: 13.5, Max: 48, Diff: 48, Sum: 54, Workers: 4
[586.320s][debug][gc,phases      ] GC(40)   StringDedup Table Weak         Min:  0.0, Avg:  0.0, Max:  0.0, Diff:  0.0, Sum:  0.0, Workers: 4
[586.320s][debug][gc,phases      ] GC(40)     Dead                           Min: 0, Avg:  0.0, Max: 0, Diff: 0, Sum: 0, Workers: 4
[586.320s][debug][gc,phases      ] GC(40)     Total                          Min: 0, Avg:  0.0, Max: 0, Diff: 0, Sum: 0, Workers: 4
[586.320s][debug][gc,phases      ] GC(40)   StringDedup Requests0 Weak     Min:  0.0, Avg:  0.0, Max:  0.0, Diff:  0.0, Sum:  0.0, Workers: 4
[586.320s][debug][gc,phases      ] GC(40)     Dead                           Min: 0, Avg:  0.0, Max: 0, Diff: 0, Sum: 0, Workers: 4
[586.320s][debug][gc,phases      ] GC(40)     Total                          Min: 0, Avg:  0.0, Max: 0, Diff: 0, Sum: 0, Workers: 4
[586.320s][debug][gc,phases      ] GC(40)   StringDedup Requests1 Weak     Min:  0.0, Avg:  0.0, Max:  0.0, Diff:  0.0, Sum:  0.0, Workers: 4
[586.320s][debug][gc,phases      ] GC(40)     Dead                           Min: 0, Avg:  0.0, Max: 0, Diff: 0, Sum: 0, Workers: 4
[586.320s][debug][gc,phases      ] GC(40)     Total                          Min: 0, Avg:  0.0, Max: 0, Diff: 0, Sum: 0, Workers: 4
[586.320s][debug][gc,phases      ] GC(40)   Weak JFR Old Object Samples    Min:  0.0, Avg:  0.0, Max:  0.0, Diff:  0.0, Sum:  0.0, Workers: 4
[586.320s][debug][gc,phases      ] GC(40)     Dead                           Min: 0, Avg:  0.0, Max: 0, Diff: 0, Sum: 0, Workers: 4
[586.320s][debug][gc,phases      ] GC(40)     Total                          Min: 0, Avg:  0.0, Max: 0, Diff: 0, Sum: 0, Workers: 4
[586.320s][debug][gc,phases      ] GC(40) Weak Processing 0.405ms
[586.320s][debug][gc,age         ] GC(40) Desired survivor size 74448896 bytes, new threshold 1 (max threshold 15)
[586.320s][info ][gc,heap        ] GC(40) PSYoungGen: 1073636K(2008576K)->4000K(2024448K) Eden: 1068970K(1925632K)->0K(1946624K) From: 4665K(82944K)->4000K(77824K)
[586.320s][info ][gc,heap        ] GC(40) ParOldGen: 346861K(347136K)->348099K(348160K)
[586.320s][info ][gc,metaspace   ] GC(40) Metaspace: 109794K(111104K)->109794K(111104K) NonClass: 93358K(94080K)->93358K(94080K) Class: 16436K(17024K)->16436K(17024K)
[586.320s][info ][gc             ] GC(40) Pause Young (CodeCache GC Threshold) 1387M->343M(2317M) 8.380ms
[586.320s][info ][gc,cpu         ] GC(40) User=0.02s Sys=0.00s Real=0.00s
[586.320s][debug][gc,phases      ] GC(41) Pre Compact 0.010ms
[586.320s][info ][gc,start       ] GC(41) Pause Full (CodeCache GC Threshold)
[586.320s][info ][gc,phases,start] GC(41) Marking Phase
[586.430s][debug][gc,phases      ] GC(41) Par Mark 109.698ms
[586.431s][debug][gc,ref         ] GC(41) ReferenceProcessor::execute queues: 4, RefProcThreadModel::Multi, marks_oops_alive: false
[586.431s][debug][gc,ref         ] GC(41) Skipped KeepAliveFinalRefsPhase of Reference Processing: no references
[586.431s][debug][gc,ref         ] GC(41) ReferenceProcessor::execute queues: 1, RefProcThreadModel::Single, marks_oops_alive: false
[586.431s][debug][gc,phases      ] GC(41) Reference Processing 0.636ms
[586.431s][debug][gc,phases      ] GC(41)   VM Weak                        Min:  0.0, Avg:  0.0, Max:  0.0, Diff:  0.0, Sum:  0.0, Workers: 4
[586.431s][debug][gc,phases      ] GC(41)     Dead                           Min: 0, Avg:  0.0, Max: 0, Diff: 0, Sum: 0, Workers: 4
[586.431s][debug][gc,phases      ] GC(41)     Total                          Min: 64, Avg: 256.0, Max: 384, Diff: 320, Sum: 1024, Workers: 4
[586.431s][debug][gc,phases      ] GC(41)   ObjectSynchronizer Weak        Min:  0.0, Avg:  0.0, Max:  0.0, Diff:  0.0, Sum:  0.0, Workers: 4
[586.431s][debug][gc,phases      ] GC(41)     Dead                           Min: 0, Avg:  0.0, Max: 0, Diff: 0, Sum: 0, Workers: 4
[586.431s][debug][gc,phases      ] GC(41)     Total                          Min: 0, Avg:  1.5, Max: 6, Diff: 6, Sum: 6, Workers: 4
[586.431s][debug][gc,phases      ] GC(41)   JVMTI Tag Weak OopStorage      Min:  0.0, Avg:  0.0, Max:  0.0, Diff:  0.0, Sum:  0.0, Workers: 4
[586.431s][debug][gc,phases      ] GC(41)     Dead                           Min: 0, Avg:  0.0, Max: 0, Diff: 0, Sum: 0, Workers: 4
[586.431s][debug][gc,phases      ] GC(41)     Total                          Min: 0, Avg:  0.0, Max: 0, Diff: 0, Sum: 0, Workers: 4
[586.431s][debug][gc,phases      ] GC(41)   StringTable Weak               Min:  0.2, Avg:  0.2, Max:  0.2, Diff:  0.0, Sum:  0.8, Workers: 4
[586.431s][debug][gc,phases      ] GC(41)     Dead                           Min: 0, Avg:  0.0, Max: 0, Diff: 0, Sum: 0, Workers: 4
[586.431s][debug][gc,phases      ] GC(41)     Total                          Min: 11392, Avg: 11832.5, Max: 12863, Diff: 1471, Sum: 47330, Workers: 4
[586.431s][debug][gc,phases      ] GC(41)   ResolvedMethodTable Weak       Min:  0.1, Avg:  0.1, Max:  0.1, Diff:  0.0, Sum:  0.2, Workers: 4
[586.431s][debug][gc,phases      ] GC(41)     Dead                           Min: 0, Avg:  0.0, Max: 0, Diff: 0, Sum: 0, Workers: 4
[586.431s][debug][gc,phases      ] GC(41)     Total                          Min: 3769, Avg: 3845.5, Max: 3883, Diff: 114, Sum: 15382, Workers: 4
[586.431s][debug][gc,phases      ] GC(41)   JNI Weak                       Min:  0.0, Avg:  0.0, Max:  0.0, Diff:  0.0, Sum:  0.0, Workers: 4
[586.431s][debug][gc,phases      ] GC(41)     Dead                           Min: 0, Avg:  0.0, Max: 0, Diff: 0, Sum: 0, Workers: 4
[586.431s][debug][gc,phases      ] GC(41)     Total                          Min: 0, Avg: 13.5, Max: 48, Diff: 48, Sum: 54, Workers: 4
[586.431s][debug][gc,phases      ] GC(41)   StringDedup Table Weak         Min:  0.0, Avg:  0.0, Max:  0.0, Diff:  0.0, Sum:  0.0, Workers: 4
[586.431s][debug][gc,phases      ] GC(41)     Dead                           Min: 0, Avg:  0.0, Max: 0, Diff: 0, Sum: 0, Workers: 4
[586.431s][debug][gc,phases      ] GC(41)     Total                          Min: 0, Avg:  0.0, Max: 0, Diff: 0, Sum: 0, Workers: 4
[586.431s][debug][gc,phases      ] GC(41)   StringDedup Requests0 Weak     Min:  0.0, Avg:  0.0, Max:  0.0, Diff:  0.0, Sum:  0.0, Workers: 4
[586.431s][debug][gc,phases      ] GC(41)     Dead                           Min: 0, Avg:  0.0, Max: 0, Diff: 0, Sum: 0, Workers: 4
[586.431s][debug][gc,phases      ] GC(41)     Total                          Min: 0, Avg:  0.0, Max: 0, Diff: 0, Sum: 0, Workers: 4
[586.431s][debug][gc,phases      ] GC(41)   StringDedup Requests1 Weak     Min:  0.0, Avg:  0.0, Max:  0.0, Diff:  0.0, Sum:  0.0, Workers: 4
[586.431s][debug][gc,phases      ] GC(41)     Dead                           Min: 0, Avg:  0.0, Max: 0, Diff: 0, Sum: 0, Workers: 4
[586.431s][debug][gc,phases      ] GC(41)     Total                          Min: 0, Avg:  0.0, Max: 0, Diff: 0, Sum: 0, Workers: 4
[586.431s][debug][gc,phases      ] GC(41)   Weak JFR Old Object Samples    Min:  0.0, Avg:  0.0, Max:  0.0, Diff:  0.0, Sum:  0.0, Workers: 4
[586.431s][debug][gc,phases      ] GC(41)     Dead                           Min: 0, Avg:  0.0, Max: 0, Diff: 0, Sum: 0, Workers: 4
[586.431s][debug][gc,phases      ] GC(41)     Total                          Min: 0, Avg:  0.0, Max: 0, Diff: 0, Sum: 0, Workers: 4
[586.431s][debug][gc,phases      ] GC(41) Weak Processing 0.513ms
[586.432s][debug][gc,phases      ] GC(41) ClassLoaderData 0.144ms
[586.432s][debug][gc,phases      ] GC(41) Trigger cleanups 0.000ms
[586.499s][debug][gc,phases      ] GC(41) Purge Unlinked NMethods 2.573ms
[586.499s][debug][gc,phases      ] GC(41) Unregister NMethods 0.002ms
[586.499s][debug][gc,phases      ] GC(41) Free Code Blobs 0.433ms
[586.499s][debug][gc,phases      ] GC(41) Class Unloading 67.609ms
[586.499s][debug][gc,phases      ] GC(41) Report Object Count 0.001ms
[586.499s][info ][gc,phases      ] GC(41) Marking Phase 178.536ms
[586.499s][info ][gc,phases,start] GC(41) Summary Phase
[586.499s][info ][gc,phases      ] GC(41) Summary Phase 0.017ms
[586.499s][info ][gc,phases,start] GC(41) Adjust Roots
[586.526s][info ][gc,phases      ] GC(41) Adjust Roots 27.133ms
[586.526s][info ][gc,phases,start] GC(41) Compaction Phase
[586.632s][info ][gc,phases      ] GC(41) Compaction Phase 106.072ms
[586.632s][info ][gc,phases,start] GC(41) Post Compact
[586.634s][debug][gc,phases      ] GC(41) Purge Class Loader Data 0.860ms
[586.635s][info ][gc,phases      ] GC(41) Post Compact 2.182ms
[586.635s][info ][gc,heap        ] GC(41) PSYoungGen: 4000K(2024448K)->0K(2024448K) Eden: 0K(1946624K)->0K(1946624K) From: 4000K(77824K)->0K(77824K)
[586.635s][info ][gc,heap        ] GC(41) ParOldGen: 348099K(348160K)->273727K(348160K)
[586.635s][info ][gc,metaspace   ] GC(41) Metaspace: 109794K(111104K)->109794K(111104K) NonClass: 93358K(94080K)->93358K(94080K) Class: 16436K(17024K)->16436K(17024K)
[586.635s][info ][gc             ] GC(41) Pause Full (CodeCache GC Threshold) 343M->267M(2317M) 314.109ms
[586.635s][info ][gc,cpu         ] GC(41) User=0.81s Sys=0.01s Real=0.32s
[586.635s][info ][safepoint      ] Safepoint "ParallelGCSystemGC", Time since last: 992107261 ns, Reaching safepoint: 11400 ns, Cleanup: 17501 ns, At safepoint: 322667744 ns, Total: 322696645 ns
[587.635s][info ][safepoint      ] Safepoint "Cleanup", Time since last: 1000101602 ns, Reaching safepoint: 10300 ns, Cleanup: 118204 ns, At safepoint: 3400 ns, Total: 131904 ns
[589.635s][info ][safepoint      ] Safepoint "Cleanup", Time since last: 2000213105 ns, Reaching safepoint: 12200 ns, Cleanup: 14701 ns, At safepoint: 3400 ns, Total: 30301 ns
[591.635s][info ][safepoint      ] Safepoint "Cleanup", Time since last: 2000193104 ns, Reaching safepoint: 8300 ns, Cleanup: 14501 ns, At safepoint: 3000 ns, Total: 25801 ns
[599.636s][info ][safepoint      ] Safepoint "Cleanup", Time since last: 8000715372 ns, Reaching safepoint: 12600 ns, Cleanup: 18301 ns, At safepoint: 3000 ns, Total: 33901 ns
[601.336s][info ][safepoint      ] Safepoint "Cleanup", Time since last: 1700343234 ns, Reaching safepoint: 13200 ns, Cleanup: 18000 ns, At safepoint: 3200 ns, Total: 34400 ns
[604.337s][info ][safepoint      ] Safepoint "Cleanup", Time since last: 3000291798 ns, Reaching safepoint: 11400 ns, Cleanup: 16200 ns, At safepoint: 2901 ns, Total: 30501 ns
[607.337s][info ][safepoint      ] Safepoint "Cleanup", Time since last: 3000286204 ns, Reaching safepoint: 13701 ns, Cleanup: 16100 ns, At safepoint: 2900 ns, Total: 32701 ns
[610.337s][info ][safepoint      ] Safepoint "Cleanup", Time since last: 3000305101 ns, Reaching safepoint: 10100 ns, Cleanup: 14101 ns, At safepoint: 2800 ns, Total: 27001 ns
[611.561s][info ][gc,start       ] GC(42) Pause Young (Allocation Failure)
[611.572s][debug][gc,phases      ] GC(42) Scavenge 10.319ms
[611.572s][debug][gc,ref         ] GC(42) ReferenceProcessor::execute queues: 1, RefProcThreadModel::Single, marks_oops_alive: false
[611.572s][debug][gc,ref         ] GC(42) Skipped KeepAliveFinalRefsPhase of Reference Processing: no references
[611.572s][debug][gc,ref         ] GC(42) Skipped PhantomRefsPhase of Reference Processing: no references
[611.572s][debug][gc,phases      ] GC(42) Reference Processing 0.151ms
[611.572s][debug][gc,phases      ] GC(42)   VM Weak                        Min:  0.0, Avg:  0.0, Max:  0.0, Diff:  0.0, Sum:  0.0, Workers: 4
[611.572s][debug][gc,phases      ] GC(42)     Dead                           Min: 0, Avg:  0.0, Max: 0, Diff: 0, Sum: 0, Workers: 4
[611.572s][debug][gc,phases      ] GC(42)     Total                          Min: 0, Avg: 256.0, Max: 1024, Diff: 1024, Sum: 1024, Workers: 4
[611.572s][debug][gc,phases      ] GC(42)   ObjectSynchronizer Weak        Min:  0.0, Avg:  0.0, Max:  0.0, Diff:  0.0, Sum:  0.0, Workers: 4
[611.572s][debug][gc,phases      ] GC(42)     Dead                           Min: 0, Avg:  0.0, Max: 0, Diff: 0, Sum: 0, Workers: 4
[611.572s][debug][gc,phases      ] GC(42)     Total                          Min: 0, Avg:  1.0, Max: 4, Diff: 4, Sum: 4, Workers: 4
[611.572s][debug][gc,phases      ] GC(42)   JVMTI Tag Weak OopStorage      Min:  0.0, Avg:  0.0, Max:  0.0, Diff:  0.0, Sum:  0.0, Workers: 4
[611.572s][debug][gc,phases      ] GC(42)     Dead                           Min: 0, Avg:  0.0, Max: 0, Diff: 0, Sum: 0, Workers: 4
[611.572s][debug][gc,phases      ] GC(42)     Total                          Min: 0, Avg:  0.0, Max: 0, Diff: 0, Sum: 0, Workers: 4
[611.572s][debug][gc,phases      ] GC(42)   StringTable Weak               Min:  0.0, Avg:  0.1, Max:  0.2, Diff:  0.2, Sum:  0.5, Workers: 4
[611.572s][debug][gc,phases      ] GC(42)     Dead                           Min: 0, Avg:  0.0, Max: 0, Diff: 0, Sum: 0, Workers: 4
[611.572s][debug][gc,phases      ] GC(42)     Total                          Min: 0, Avg: 11834.8, Max: 16576, Diff: 16576, Sum: 47339, Workers: 4
[611.572s][debug][gc,phases      ] GC(42)   ResolvedMethodTable Weak       Min:  0.0, Avg:  0.0, Max:  0.1, Diff:  0.1, Sum:  0.2, Workers: 4
[611.572s][debug][gc,phases      ] GC(42)     Dead                           Min: 0, Avg:  0.0, Max: 0, Diff: 0, Sum: 0, Workers: 4
[611.572s][debug][gc,phases      ] GC(42)     Total                          Min: 0, Avg: 3845.5, Max: 5242, Diff: 5242, Sum: 15382, Workers: 4
[611.572s][debug][gc,phases      ] GC(42)   JNI Weak                       Min:  0.0, Avg:  0.0, Max:  0.0, Diff:  0.0, Sum:  0.0, Workers: 4
[611.572s][debug][gc,phases      ] GC(42)     Dead                           Min: 0, Avg:  0.0, Max: 0, Diff: 0, Sum: 0, Workers: 4
[611.572s][debug][gc,phases      ] GC(42)     Total                          Min: 0, Avg: 13.0, Max: 48, Diff: 48, Sum: 52, Workers: 4
[611.572s][debug][gc,phases      ] GC(42)   StringDedup Table Weak         Min:  0.0, Avg:  0.0, Max:  0.0, Diff:  0.0, Sum:  0.0, Workers: 4
[611.572s][debug][gc,phases      ] GC(42)     Dead                           Min: 0, Avg:  0.0, Max: 0, Diff: 0, Sum: 0, Workers: 4
[611.572s][debug][gc,phases      ] GC(42)     Total                          Min: 0, Avg:  0.0, Max: 0, Diff: 0, Sum: 0, Workers: 4
[611.572s][debug][gc,phases      ] GC(42)   StringDedup Requests0 Weak     Min:  0.0, Avg:  0.0, Max:  0.0, Diff:  0.0, Sum:  0.0, Workers: 4
[611.572s][debug][gc,phases      ] GC(42)     Dead                           Min: 0, Avg:  0.0, Max: 0, Diff: 0, Sum: 0, Workers: 4
[611.572s][debug][gc,phases      ] GC(42)     Total                          Min: 0, Avg:  0.0, Max: 0, Diff: 0, Sum: 0, Workers: 4
[611.572s][debug][gc,phases      ] GC(42)   StringDedup Requests1 Weak     Min:  0.0, Avg:  0.0, Max:  0.0, Diff:  0.0, Sum:  0.0, Workers: 4
[611.572s][debug][gc,phases      ] GC(42)     Dead                           Min: 0, Avg:  0.0, Max: 0, Diff: 0, Sum: 0, Workers: 4
[611.572s][debug][gc,phases      ] GC(42)     Total                          Min: 0, Avg:  0.0, Max: 0, Diff: 0, Sum: 0, Workers: 4
[611.572s][debug][gc,phases      ] GC(42)   Weak JFR Old Object Samples    Min:  0.0, Avg:  0.0, Max:  0.0, Diff:  0.0, Sum:  0.0, Workers: 4
[611.572s][debug][gc,phases      ] GC(42)     Dead                           Min: 0, Avg:  0.0, Max: 0, Diff: 0, Sum: 0, Workers: 4
[611.572s][debug][gc,phases      ] GC(42)     Total                          Min: 0, Avg:  0.0, Max: 0, Diff: 0, Sum: 0, Workers: 4
[611.572s][debug][gc,phases      ] GC(42) Weak Processing 0.534ms
[611.573s][debug][gc,age         ] GC(42) Desired survivor size 69206016 bytes, new threshold 1 (max threshold 15)
[611.573s][info ][gc,heap        ] GC(42) PSYoungGen: 1946624K(2024448K)->4387K(2019328K) Eden: 1946624K(1946624K)->0K(1946624K) From: 0K(77824K)->4387K(72704K)
[611.573s][info ][gc,heap        ] GC(42) ParOldGen: 273727K(348160K)->273727K(348160K)
[611.573s][info ][gc,metaspace   ] GC(42) Metaspace: 109807K(111104K)->109807K(111104K) NonClass: 93371K(94080K)->93371K(94080K) Class: 16436K(17024K)->16436K(17024K)
[611.573s][info ][gc             ] GC(42) Pause Young (Allocation Failure) 2168M->271M(2312M) 11.187ms
[611.573s][info ][gc,cpu         ] GC(42) User=0.01s Sys=0.00s Real=0.02s
[611.573s][info ][safepoint      ] Safepoint "ParallelGCFailedAllocation", Time since last: 1223792606 ns, Reaching safepoint: 87303 ns, Cleanup: 5400 ns, At safepoint: 11295444 ns, Total: 11388147 ns
[615.573s][info ][safepoint      ] Safepoint "Cleanup", Time since last: 4000356447 ns, Reaching safepoint: 13300 ns, Cleanup: 14800 ns, At safepoint: 3001 ns, Total: 31101 ns
[616.573s][info ][safepoint      ] Safepoint "Cleanup", Time since last: 1000134992 ns, Reaching safepoint: 13201 ns, Cleanup: 16200 ns, At safepoint: 3100 ns, Total: 32501 ns
[617.573s][info ][safepoint      ] Safepoint "Cleanup", Time since last: 1000144494 ns, Reaching safepoint: 13400 ns, Cleanup: 17901 ns, At safepoint: 3500 ns, Total: 34801 ns
[618.574s][info ][safepoint      ] Safepoint "Cleanup", Time since last: 1000166095 ns, Reaching safepoint: 13800 ns, Cleanup: 17901 ns, At safepoint: 3300 ns, Total: 35001 ns
[620.574s][info ][safepoint      ] Safepoint "Cleanup", Time since last: 2000218985 ns, Reaching safepoint: 14001 ns, Cleanup: 20000 ns, At safepoint: 2800 ns, Total: 36801 ns
[621.574s][info ][safepoint      ] Safepoint "Cleanup", Time since last: 1000137994 ns, Reaching safepoint: 11200 ns, Cleanup: 19101 ns, At safepoint: 3300 ns, Total: 33601 ns
[622.574s][info ][safepoint      ] Safepoint "Cleanup", Time since last: 1000132594 ns, Reaching safepoint: 82402 ns, Cleanup: 52902 ns, At safepoint: 10200 ns, Total: 145504 ns
[623.574s][info ][safepoint      ] Safepoint "Cleanup", Time since last: 1000120393 ns, Reaching safepoint: 12501 ns, Cleanup: 19300 ns, At safepoint: 3000 ns, Total: 34801 ns
[624.575s][info ][safepoint      ] Safepoint "Cleanup", Time since last: 1000130512 ns, Reaching safepoint: 12801 ns, Cleanup: 18000 ns, At safepoint: 3300 ns, Total: 34101 ns
[626.575s][info ][safepoint      ] Safepoint "Cleanup", Time since last: 2000211573 ns, Reaching safepoint: 9300 ns, Cleanup: 18300 ns, At safepoint: 2301 ns, Total: 29901 ns
[627.575s][info ][safepoint      ] Safepoint "Cleanup", Time since last: 1000131136 ns, Reaching safepoint: 12501 ns, Cleanup: 25500 ns, At safepoint: 9101 ns, Total: 47102 ns
[628.575s][info ][safepoint      ] Safepoint "Cleanup", Time since last: 1000141737 ns, Reaching safepoint: 10400 ns, Cleanup: 14101 ns, At safepoint: 3000 ns, Total: 27501 ns
[629.575s][info ][safepoint      ] Safepoint "Cleanup", Time since last: 1000131737 ns, Reaching safepoint: 11900 ns, Cleanup: 24001 ns, At safepoint: 2700 ns, Total: 38601 ns
[631.576s][info ][safepoint      ] Safepoint "Cleanup", Time since last: 2000205090 ns, Reaching safepoint: 83402 ns, Cleanup: 10800 ns, At safepoint: 7101 ns, Total: 101303 ns
[632.576s][info ][safepoint      ] Safepoint "Cleanup", Time since last: 1000139923 ns, Reaching safepoint: 13301 ns, Cleanup: 15300 ns, At safepoint: 3300 ns, Total: 31901 ns
[634.576s][info ][safepoint      ] Safepoint "Cleanup", Time since last: 2000204526 ns, Reaching safepoint: 13100 ns, Cleanup: 16400 ns, At safepoint: 3501 ns, Total: 33001 ns
[635.711s][info ][gc,start       ] GC(43) Pause Young (Allocation Failure)
[635.720s][debug][gc,phases      ] GC(43) Scavenge 8.482ms
[635.720s][debug][gc,ref         ] GC(43) ReferenceProcessor::execute queues: 1, RefProcThreadModel::Single, marks_oops_alive: false
[635.720s][debug][gc,ref         ] GC(43) Skipped KeepAliveFinalRefsPhase of Reference Processing: no references
[635.720s][debug][gc,ref         ] GC(43) ReferenceProcessor::execute queues: 1, RefProcThreadModel::Single, marks_oops_alive: false
[635.720s][debug][gc,phases      ] GC(43) Reference Processing 0.153ms
[635.720s][debug][gc,phases      ] GC(43)   VM Weak                        Min:  0.0, Avg:  0.0, Max:  0.0, Diff:  0.0, Sum:  0.0, Workers: 4
[635.720s][debug][gc,phases      ] GC(43)     Dead                           Min: 0, Avg:  0.0, Max: 0, Diff: 0, Sum: 0, Workers: 4
[635.720s][debug][gc,phases      ] GC(43)     Total                          Min: 0, Avg: 256.2, Max: 513, Diff: 513, Sum: 1025, Workers: 4
[635.720s][debug][gc,phases      ] GC(43)   ObjectSynchronizer Weak        Min:  0.0, Avg:  0.0, Max:  0.0, Diff:  0.0, Sum:  0.0, Workers: 4
[635.720s][debug][gc,phases      ] GC(43)     Dead                           Min: 0, Avg:  0.0, Max: 0, Diff: 0, Sum: 0, Workers: 4
[635.720s][debug][gc,phases      ] GC(43)     Total                          Min: 0, Avg:  1.0, Max: 4, Diff: 4, Sum: 4, Workers: 4
[635.720s][debug][gc,phases      ] GC(43)   JVMTI Tag Weak OopStorage      Min:  0.0, Avg:  0.0, Max:  0.0, Diff:  0.0, Sum:  0.0, Workers: 4
[635.720s][debug][gc,phases      ] GC(43)     Dead                           Min: 0, Avg:  0.0, Max: 0, Diff: 0, Sum: 0, Workers: 4
[635.720s][debug][gc,phases      ] GC(43)     Total                          Min: 0, Avg:  0.0, Max: 0, Diff: 0, Sum: 0, Workers: 4
[635.720s][debug][gc,phases      ] GC(43)   StringTable Weak               Min:  0.0, Avg:  0.1, Max:  0.2, Diff:  0.2, Sum:  0.5, Workers: 4
[635.721s][debug][gc,phases      ] GC(43)     Dead                           Min: 0, Avg:  0.2, Max: 1, Diff: 1, Sum: 1, Workers: 4
[635.721s][debug][gc,phases      ] GC(43)     Total                          Min: 0, Avg: 11838.0, Max: 24312, Diff: 24312, Sum: 47352, Workers: 4
[635.721s][debug][gc,phases      ] GC(43)   ResolvedMethodTable Weak       Min:  0.0, Avg:  0.0, Max:  0.1, Diff:  0.1, Sum:  0.2, Workers: 4
[635.721s][debug][gc,phases      ] GC(43)     Dead                           Min: 0, Avg:  4.5, Max: 18, Diff: 18, Sum: 18, Workers: 4
[635.721s][debug][gc,phases      ] GC(43)     Total                          Min: 0, Avg: 3849.2, Max: 7780, Diff: 7780, Sum: 15397, Workers: 4
[635.721s][debug][gc,phases      ] GC(43)   JNI Weak                       Min:  0.0, Avg:  0.0, Max:  0.0, Diff:  0.0, Sum:  0.0, Workers: 4
[635.721s][debug][gc,phases      ] GC(43)     Dead                           Min: 0, Avg:  0.0, Max: 0, Diff: 0, Sum: 0, Workers: 4
[635.721s][debug][gc,phases      ] GC(43)     Total                          Min: 0, Avg: 13.0, Max: 48, Diff: 48, Sum: 52, Workers: 4
[635.721s][debug][gc,phases      ] GC(43)   StringDedup Table Weak         Min:  0.0, Avg:  0.0, Max:  0.0, Diff:  0.0, Sum:  0.0, Workers: 4
[635.721s][debug][gc,phases      ] GC(43)     Dead                           Min: 0, Avg:  0.0, Max: 0, Diff: 0, Sum: 0, Workers: 4
[635.721s][debug][gc,phases      ] GC(43)     Total                          Min: 0, Avg:  0.0, Max: 0, Diff: 0, Sum: 0, Workers: 4
[635.721s][debug][gc,phases      ] GC(43)   StringDedup Requests0 Weak     Min:  0.0, Avg:  0.0, Max:  0.0, Diff:  0.0, Sum:  0.0, Workers: 4
[635.721s][debug][gc,phases      ] GC(43)     Dead                           Min: 0, Avg:  0.0, Max: 0, Diff: 0, Sum: 0, Workers: 4
[635.721s][debug][gc,phases      ] GC(43)     Total                          Min: 0, Avg:  0.0, Max: 0, Diff: 0, Sum: 0, Workers: 4
[635.721s][debug][gc,phases      ] GC(43)   StringDedup Requests1 Weak     Min:  0.0, Avg:  0.0, Max:  0.0, Diff:  0.0, Sum:  0.0, Workers: 4
[635.721s][debug][gc,phases      ] GC(43)     Dead                           Min: 0, Avg:  0.0, Max: 0, Diff: 0, Sum: 0, Workers: 4
[635.721s][debug][gc,phases      ] GC(43)     Total                          Min: 0, Avg:  0.0, Max: 0, Diff: 0, Sum: 0, Workers: 4
[635.721s][debug][gc,phases      ] GC(43)   Weak JFR Old Object Samples    Min:  0.0, Avg:  0.0, Max:  0.0, Diff:  0.0, Sum:  0.0, Workers: 4
[635.721s][debug][gc,phases      ] GC(43)     Dead                           Min: 0, Avg:  0.0, Max: 0, Diff: 0, Sum: 0, Workers: 4
[635.721s][debug][gc,phases      ] GC(43)     Total                          Min: 0, Avg:  0.0, Max: 0, Diff: 0, Sum: 0, Workers: 4
[635.721s][debug][gc,phases      ] GC(43) Weak Processing 0.642ms
[635.721s][debug][gc,age         ] GC(43) Desired survivor size 65011712 bytes, new threshold 1 (max threshold 15)
[635.721s][info ][gc,heap        ] GC(43) PSYoungGen: 1951011K(2019328K)->4544K(2033664K) Eden: 1946624K(1946624K)->0K(1966080K) From: 4387K(72704K)->4544K(67584K)
[635.721s][info ][gc,heap        ] GC(43) ParOldGen: 273727K(348160K)->274619K(348160K)
[635.721s][info ][gc,metaspace   ] GC(43) Metaspace: 109844K(111168K)->109844K(111168K) NonClass: 93403K(94144K)->93403K(94144K) Class: 16440K(17024K)->16440K(17024K)
[635.721s][info ][gc             ] GC(43) Pause Young (Allocation Failure) 2172M->272M(2326M) 9.458ms
[635.721s][info ][gc,cpu         ] GC(43) User=0.02s Sys=0.00s Real=0.01s
[635.721s][info ][safepoint      ] Safepoint "ParallelGCFailedAllocation", Time since last: 1135140432 ns, Reaching safepoint: 11000 ns, Cleanup: 5201 ns, At safepoint: 9557391 ns, Total: 9573592 ns
[638.721s][info ][safepoint      ] Safepoint "Cleanup", Time since last: 3000270737 ns, Reaching safepoint: 11400 ns, Cleanup: 15601 ns, At safepoint: 3100 ns, Total: 30101 ns
[639.721s][info ][safepoint      ] Safepoint "Cleanup", Time since last: 1000142814 ns, Reaching safepoint: 13400 ns, Cleanup: 24201 ns, At safepoint: 3000 ns, Total: 40601 ns
[640.721s][info ][safepoint      ] Safepoint "Cleanup", Time since last: 1000157010 ns, Reaching safepoint: 11200 ns, Cleanup: 35501 ns, At safepoint: 3200 ns, Total: 49901 ns
[641.722s][info ][safepoint      ] Safepoint "Cleanup", Time since last: 1000130334 ns, Reaching safepoint: 11200 ns, Cleanup: 14401 ns, At safepoint: 3400 ns, Total: 29001 ns
[645.722s][info ][safepoint      ] Safepoint "Cleanup", Time since last: 4000388031 ns, Reaching safepoint: 28001 ns, Cleanup: 20500 ns, At safepoint: 3300 ns, Total: 51801 ns
[646.722s][info ][safepoint      ] Safepoint "Cleanup", Time since last: 1000115934 ns, Reaching safepoint: 10000 ns, Cleanup: 15600 ns, At safepoint: 3500 ns, Total: 29100 ns
[650.723s][info ][safepoint      ] Safepoint "Cleanup", Time since last: 4000327734 ns, Reaching safepoint: 82902 ns, Cleanup: 10501 ns, At safepoint: 8900 ns, Total: 102303 ns
[660.512s][info ][gc,start       ] GC(44) Pause Young (Allocation Failure)
[660.524s][debug][gc,phases      ] GC(44) Scavenge 12.134ms
[660.524s][debug][gc,ref         ] GC(44) ReferenceProcessor::execute queues: 1, RefProcThreadModel::Single, marks_oops_alive: false
[660.524s][debug][gc,ref         ] GC(44) Skipped KeepAliveFinalRefsPhase of Reference Processing: no references
[660.524s][debug][gc,ref         ] GC(44) ReferenceProcessor::execute queues: 1, RefProcThreadModel::Single, marks_oops_alive: false
[660.524s][debug][gc,phases      ] GC(44) Reference Processing 0.118ms
[660.525s][debug][gc,phases      ] GC(44)   VM Weak                        Min:  0.0, Avg:  0.0, Max:  0.0, Diff:  0.0, Sum:  0.0, Workers: 4
[660.525s][debug][gc,phases      ] GC(44)     Dead                           Min: 0, Avg:  0.0, Max: 0, Diff: 0, Sum: 0, Workers: 4
[660.525s][debug][gc,phases      ] GC(44)     Total                          Min: 0, Avg: 256.2, Max: 1025, Diff: 1025, Sum: 1025, Workers: 4
[660.525s][debug][gc,phases      ] GC(44)   ObjectSynchronizer Weak        Min:  0.0, Avg:  0.0, Max:  0.0, Diff:  0.0, Sum:  0.0, Workers: 4
[660.525s][debug][gc,phases      ] GC(44)     Dead                           Min: 0, Avg:  0.0, Max: 0, Diff: 0, Sum: 0, Workers: 4
[660.525s][debug][gc,phases      ] GC(44)     Total                          Min: 0, Avg:  1.0, Max: 4, Diff: 4, Sum: 4, Workers: 4
[660.525s][debug][gc,phases      ] GC(44)   JVMTI Tag Weak OopStorage      Min:  0.0, Avg:  0.0, Max:  0.0, Diff:  0.0, Sum:  0.0, Workers: 4
[660.525s][debug][gc,phases      ] GC(44)     Dead                           Min: 0, Avg:  0.0, Max: 0, Diff: 0, Sum: 0, Workers: 4
[660.525s][debug][gc,phases      ] GC(44)     Total                          Min: 0, Avg:  0.0, Max: 0, Diff: 0, Sum: 0, Workers: 4
[660.525s][debug][gc,phases      ] GC(44)   StringTable Weak               Min:  0.0, Avg:  0.1, Max:  0.5, Diff:  0.5, Sum:  0.5, Workers: 4
[660.525s][debug][gc,phases      ] GC(44)     Dead                           Min: 0, Avg:  0.0, Max: 0, Diff: 0, Sum: 0, Workers: 4
[660.525s][debug][gc,phases      ] GC(44)     Total                          Min: 0, Avg: 11841.0, Max: 47364, Diff: 47364, Sum: 47364, Workers: 4
[660.525s][debug][gc,phases      ] GC(44)   ResolvedMethodTable Weak       Min:  0.0, Avg:  0.0, Max:  0.2, Diff:  0.2, Sum:  0.2, Workers: 4
[660.525s][debug][gc,phases      ] GC(44)     Dead                           Min: 0, Avg:  4.0, Max: 16, Diff: 16, Sum: 16, Workers: 4
[660.525s][debug][gc,phases      ] GC(44)     Total                          Min: 0, Avg: 3849.2, Max: 15397, Diff: 15397, Sum: 15397, Workers: 4
[660.525s][debug][gc,phases      ] GC(44)   JNI Weak                       Min:  0.0, Avg:  0.0, Max:  0.0, Diff:  0.0, Sum:  0.0, Workers: 4
[660.525s][debug][gc,phases      ] GC(44)     Dead                           Min: 0, Avg:  0.0, Max: 0, Diff: 0, Sum: 0, Workers: 4
[660.525s][debug][gc,phases      ] GC(44)     Total                          Min: 0, Avg: 13.0, Max: 52, Diff: 52, Sum: 52, Workers: 4
[660.525s][debug][gc,phases      ] GC(44)   StringDedup Table Weak         Min:  0.0, Avg:  0.0, Max:  0.0, Diff:  0.0, Sum:  0.0, Workers: 4
[660.525s][debug][gc,phases      ] GC(44)     Dead                           Min: 0, Avg:  0.0, Max: 0, Diff: 0, Sum: 0, Workers: 4
[660.525s][debug][gc,phases      ] GC(44)     Total                          Min: 0, Avg:  0.0, Max: 0, Diff: 0, Sum: 0, Workers: 4
[660.525s][debug][gc,phases      ] GC(44)   StringDedup Requests0 Weak     Min:  0.0, Avg:  0.0, Max:  0.0, Diff:  0.0, Sum:  0.0, Workers: 4
[660.525s][debug][gc,phases      ] GC(44)     Dead                           Min: 0, Avg:  0.0, Max: 0, Diff: 0, Sum: 0, Workers: 4
[660.525s][debug][gc,phases      ] GC(44)     Total                          Min: 0, Avg:  0.0, Max: 0, Diff: 0, Sum: 0, Workers: 4
[660.525s][debug][gc,phases      ] GC(44)   StringDedup Requests1 Weak     Min:  0.0, Avg:  0.0, Max:  0.0, Diff:  0.0, Sum:  0.0, Workers: 4
[660.525s][debug][gc,phases      ] GC(44)     Dead                           Min: 0, Avg:  0.0, Max: 0, Diff: 0, Sum: 0, Workers: 4
[660.525s][debug][gc,phases      ] GC(44)     Total                          Min: 0, Avg:  0.0, Max: 0, Diff: 0, Sum: 0, Workers: 4
[660.525s][debug][gc,phases      ] GC(44)   Weak JFR Old Object Samples    Min:  0.0, Avg:  0.0, Max:  0.0, Diff:  0.0, Sum:  0.0, Workers: 4
[660.525s][debug][gc,phases      ] GC(44)     Dead                           Min: 0, Avg:  0.0, Max: 0, Diff: 0, Sum: 0, Workers: 4
[660.525s][debug][gc,phases      ] GC(44)     Total                          Min: 0, Avg:  0.0, Max: 0, Diff: 0, Sum: 0, Workers: 4
[660.525s][debug][gc,phases      ] GC(44) Weak Processing 0.978ms
[660.525s][debug][gc,age         ] GC(44) Desired survivor size 60293120 bytes, new threshold 1 (max threshold 15)
[660.525s][info ][gc,heap        ] GC(44) PSYoungGen: 1970624K(2033664K)->4449K(2029568K) Eden: 1966080K(1966080K)->0K(1966080K) From: 4544K(67584K)->4449K(63488K)
[660.525s][info ][gc,heap        ] GC(44) ParOldGen: 274619K(348160K)->275732K(348160K)
[660.525s][info ][gc,metaspace   ] GC(44) Metaspace: 109848K(111168K)->109848K(111168K) NonClass: 93407K(94144K)->93407K(94144K) Class: 16440K(17024K)->16440K(17024K)
[660.525s][info ][gc             ] GC(44) Pause Young (Allocation Failure) 2192M->273M(2322M) 13.392ms
[660.525s][info ][gc,cpu         ] GC(44) User=0.02s Sys=0.00s Real=0.01s
[660.525s][info ][safepoint      ] Safepoint "ParallelGCFailedAllocation", Time since last: 9788959770 ns, Reaching safepoint: 89902 ns, Cleanup: 5600 ns, At safepoint: 13519611 ns, Total: 13615113 ns
[663.525s][info ][safepoint      ] Safepoint "Cleanup", Time since last: 3000230300 ns, Reaching safepoint: 10800 ns, Cleanup: 18800 ns, At safepoint: 3201 ns, Total: 32801 ns
[665.526s][info ][safepoint      ] Safepoint "Cleanup", Time since last: 2000205416 ns, Reaching safepoint: 9400 ns, Cleanup: 37201 ns, At safepoint: 3100 ns, Total: 49701 ns
[666.526s][info ][safepoint      ] Safepoint "Cleanup", Time since last: 1000130993 ns, Reaching safepoint: 13401 ns, Cleanup: 23400 ns, At safepoint: 2900 ns, Total: 39701 ns
[667.526s][info ][safepoint      ] Safepoint "Cleanup", Time since last: 1000139293 ns, Reaching safepoint: 10201 ns, Cleanup: 15700 ns, At safepoint: 3100 ns, Total: 29001 ns
[668.526s][info ][safepoint      ] Safepoint "Cleanup", Time since last: 1000135993 ns, Reaching safepoint: 12001 ns, Cleanup: 15700 ns, At safepoint: 3300 ns, Total: 31001 ns
[669.526s][info ][safepoint      ] Safepoint "Cleanup", Time since last: 1000124493 ns, Reaching safepoint: 9700 ns, Cleanup: 13201 ns, At safepoint: 2900 ns, Total: 25801 ns
[670.527s][info ][safepoint      ] Safepoint "Cleanup", Time since last: 1000123692 ns, Reaching safepoint: 11401 ns, Cleanup: 17400 ns, At safepoint: 3600 ns, Total: 32401 ns
[671.527s][info ][safepoint      ] Safepoint "Cleanup", Time since last: 1000129393 ns, Reaching safepoint: 11600 ns, Cleanup: 31801 ns, At safepoint: 2600 ns, Total: 46001 ns
[672.527s][info ][safepoint      ] Safepoint "Cleanup", Time since last: 1000133147 ns, Reaching safepoint: 13601 ns, Cleanup: 20000 ns, At safepoint: 2900 ns, Total: 36501 ns
[673.527s][info ][safepoint      ] Safepoint "Cleanup", Time since last: 1000140350 ns, Reaching safepoint: 10900 ns, Cleanup: 13601 ns, At safepoint: 2400 ns, Total: 26901 ns
[674.527s][info ][safepoint      ] Safepoint "Cleanup", Time since last: 1000103948 ns, Reaching safepoint: 10000 ns, Cleanup: 15901 ns, At safepoint: 2800 ns, Total: 28701 ns
[677.528s][info ][safepoint      ] Safepoint "Cleanup", Time since last: 3000285144 ns, Reaching safepoint: 14000 ns, Cleanup: 21701 ns, At safepoint: 3600 ns, Total: 39301 ns
[678.528s][info ][safepoint      ] Safepoint "Cleanup", Time since last: 1000140849 ns, Reaching safepoint: 15101 ns, Cleanup: 34701 ns, At safepoint: 3800 ns, Total: 53602 ns
[679.528s][info ][safepoint      ] Safepoint "Cleanup", Time since last: 1000136949 ns, Reaching safepoint: 13601 ns, Cleanup: 14700 ns, At safepoint: 3500 ns, Total: 31801 ns
[683.528s][info ][safepoint      ] Safepoint "Cleanup", Time since last: 4000336290 ns, Reaching safepoint: 10900 ns, Cleanup: 12400 ns, At safepoint: 3000 ns, Total: 26300 ns
[685.528s][info ][safepoint      ] Safepoint "Cleanup", Time since last: 2000234357 ns, Reaching safepoint: 11000 ns, Cleanup: 14001 ns, At safepoint: 2900 ns, Total: 27901 ns
[685.748s][info ][gc,start       ] GC(45) Pause Young (Allocation Failure)
[685.772s][debug][gc,phases      ] GC(45) Scavenge 23.713ms
[685.772s][debug][gc,ref         ] GC(45) ReferenceProcessor::execute queues: 1, RefProcThreadModel::Single, marks_oops_alive: false
[685.772s][debug][gc,ref         ] GC(45) Skipped KeepAliveFinalRefsPhase of Reference Processing: no references
[685.772s][debug][gc,ref         ] GC(45) ReferenceProcessor::execute queues: 1, RefProcThreadModel::Single, marks_oops_alive: false
[685.772s][debug][gc,phases      ] GC(45) Reference Processing 0.166ms
[685.772s][debug][gc,phases      ] GC(45)   VM Weak                        Min:  0.0, Avg:  0.0, Max:  0.0, Diff:  0.0, Sum:  0.0, Workers: 4
[685.772s][debug][gc,phases      ] GC(45)     Dead                           Min: 0, Avg:  0.0, Max: 0, Diff: 0, Sum: 0, Workers: 4
[685.772s][debug][gc,phases      ] GC(45)     Total                          Min: 0, Avg: 259.2, Max: 589, Diff: 589, Sum: 1037, Workers: 4
[685.772s][debug][gc,phases      ] GC(45)   ObjectSynchronizer Weak        Min:  0.0, Avg:  0.0, Max:  0.0, Diff:  0.0, Sum:  0.0, Workers: 4
[685.772s][debug][gc,phases      ] GC(45)     Dead                           Min: 0, Avg:  0.0, Max: 0, Diff: 0, Sum: 0, Workers: 4
[685.772s][debug][gc,phases      ] GC(45)     Total                          Min: 0, Avg:  1.0, Max: 4, Diff: 4, Sum: 4, Workers: 4
[685.772s][debug][gc,phases      ] GC(45)   JVMTI Tag Weak OopStorage      Min:  0.0, Avg:  0.0, Max:  0.0, Diff:  0.0, Sum:  0.0, Workers: 4
[685.772s][debug][gc,phases      ] GC(45)     Dead                           Min: 0, Avg:  0.0, Max: 0, Diff: 0, Sum: 0, Workers: 4
[685.772s][debug][gc,phases      ] GC(45)     Total                          Min: 0, Avg:  0.0, Max: 0, Diff: 0, Sum: 0, Workers: 4
[685.772s][debug][gc,phases      ] GC(45)   StringTable Weak               Min:  0.0, Avg:  0.1, Max:  0.2, Diff:  0.2, Sum:  0.5, Workers: 4
[685.772s][debug][gc,phases      ] GC(45)     Dead                           Min: 0, Avg:  0.2, Max: 1, Diff: 1, Sum: 1, Workers: 4
[685.772s][debug][gc,phases      ] GC(45)     Total                          Min: 0, Avg: 11843.8, Max: 26495, Diff: 26495, Sum: 47375, Workers: 4
[685.772s][debug][gc,phases      ] GC(45)   ResolvedMethodTable Weak       Min:  0.0, Avg:  0.0, Max:  0.1, Diff:  0.1, Sum:  0.1, Workers: 4
[685.772s][debug][gc,phases      ] GC(45)     Dead                           Min: 0, Avg:  4.5, Max: 18, Diff: 18, Sum: 18, Workers: 4
[685.772s][debug][gc,phases      ] GC(45)     Total                          Min: 0, Avg: 3860.2, Max: 7750, Diff: 7750, Sum: 15441, Workers: 4
[685.773s][debug][gc,phases      ] GC(45)   JNI Weak                       Min:  0.0, Avg:  0.0, Max:  0.0, Diff:  0.0, Sum:  0.0, Workers: 4
[685.773s][debug][gc,phases      ] GC(45)     Dead                           Min: 0, Avg:  0.0, Max: 0, Diff: 0, Sum: 0, Workers: 4
[685.773s][debug][gc,phases      ] GC(45)     Total                          Min: 0, Avg: 13.0, Max: 48, Diff: 48, Sum: 52, Workers: 4
[685.773s][debug][gc,phases      ] GC(45)   StringDedup Table Weak         Min:  0.0, Avg:  0.0, Max:  0.0, Diff:  0.0, Sum:  0.0, Workers: 4
[685.773s][debug][gc,phases      ] GC(45)     Dead                           Min: 0, Avg:  0.0, Max: 0, Diff: 0, Sum: 0, Workers: 4
[685.773s][debug][gc,phases      ] GC(45)     Total                          Min: 0, Avg:  0.0, Max: 0, Diff: 0, Sum: 0, Workers: 4
[685.773s][debug][gc,phases      ] GC(45)   StringDedup Requests0 Weak     Min:  0.0, Avg:  0.0, Max:  0.0, Diff:  0.0, Sum:  0.0, Workers: 4
[685.773s][debug][gc,phases      ] GC(45)     Dead                           Min: 0, Avg:  0.0, Max: 0, Diff: 0, Sum: 0, Workers: 4
[685.773s][debug][gc,phases      ] GC(45)     Total                          Min: 0, Avg:  0.0, Max: 0, Diff: 0, Sum: 0, Workers: 4
[685.773s][debug][gc,phases      ] GC(45)   StringDedup Requests1 Weak     Min:  0.0, Avg:  0.0, Max:  0.0, Diff:  0.0, Sum:  0.0, Workers: 4
[685.773s][debug][gc,phases      ] GC(45)     Dead                           Min: 0, Avg:  0.0, Max: 0, Diff: 0, Sum: 0, Workers: 4
[685.773s][debug][gc,phases      ] GC(45)     Total                          Min: 0, Avg:  0.0, Max: 0, Diff: 0, Sum: 0, Workers: 4
[685.773s][debug][gc,phases      ] GC(45)   Weak JFR Old Object Samples    Min:  0.0, Avg:  0.0, Max:  0.0, Diff:  0.0, Sum:  0.0, Workers: 4
[685.773s][debug][gc,phases      ] GC(45)     Dead                           Min: 0, Avg:  0.0, Max: 0, Diff: 0, Sum: 0, Workers: 4
[685.773s][debug][gc,phases      ] GC(45)     Total                          Min: 0, Avg:  0.0, Max: 0, Diff: 0, Sum: 0, Workers: 4
[685.773s][debug][gc,phases      ] GC(45) Weak Processing 0.622ms
[685.773s][debug][gc,age         ] GC(45) Desired survivor size 56098816 bytes, new threshold 1 (max threshold 15)
[685.773s][info ][gc,heap        ] GC(45) PSYoungGen: 1970529K(2029568K)->4494K(2042368K) Eden: 1966080K(1966080K)->0K(1983488K) From: 4449K(63488K)->4494K(58880K)
[685.773s][info ][gc,heap        ] GC(45) ParOldGen: 275732K(348160K)->276772K(348160K)
[685.773s][info ][gc,metaspace   ] GC(45) Metaspace: 109955K(111232K)->109955K(111232K) NonClass: 93502K(94208K)->93502K(94208K) Class: 16452K(17024K)->16452K(17024K)
[685.773s][info ][gc             ] GC(45) Pause Young (Allocation Failure) 2193M->274M(2334M) 24.686ms
[685.773s][info ][gc,cpu         ] GC(45) User=0.02s Sys=0.00s Real=0.03s
[685.773s][info ][safepoint      ] Safepoint "ParallelGCFailedAllocation", Time since last: 219370676 ns, Reaching safepoint: 88802 ns, Cleanup: 7000 ns, At safepoint: 24805544 ns, Total: 24901346 ns
[686.773s][info ][safepoint      ] Safepoint "Cleanup", Time since last: 1000100978 ns, Reaching safepoint: 12400 ns, Cleanup: 18101 ns, At safepoint: 3500 ns, Total: 34001 ns
[699.774s][info ][safepoint      ] Safepoint "Cleanup", Time since last: 13001057164 ns, Reaching safepoint: 12601 ns, Cleanup: 22301 ns, At safepoint: 3300 ns, Total: 38202 ns
[702.774s][info ][safepoint      ] Safepoint "Cleanup", Time since last: 3000377203 ns, Reaching safepoint: 13500 ns, Cleanup: 16501 ns, At safepoint: 3400 ns, Total: 33401 ns
[707.775s][info ][safepoint      ] Safepoint "Cleanup", Time since last: 5000418307 ns, Reaching safepoint: 12400 ns, Cleanup: 61302 ns, At safepoint: 2600 ns, Total: 76302 ns
[708.775s][info ][safepoint      ] Safepoint "Cleanup", Time since last: 1000139365 ns, Reaching safepoint: 12500 ns, Cleanup: 124104 ns, At safepoint: 3600 ns, Total: 140204 ns
[709.775s][info ][safepoint      ] Safepoint "Cleanup", Time since last: 1000112164 ns, Reaching safepoint: 8400 ns, Cleanup: 18201 ns, At safepoint: 2600 ns, Total: 29201 ns
[710.624s][info ][gc,start       ] GC(46) Pause Young (Allocation Failure)
[710.648s][debug][gc,phases      ] GC(46) Scavenge 24.325ms
[710.648s][debug][gc,ref         ] GC(46) ReferenceProcessor::execute queues: 1, RefProcThreadModel::Single, marks_oops_alive: false
[710.648s][debug][gc,ref         ] GC(46) Skipped KeepAliveFinalRefsPhase of Reference Processing: no references
[710.648s][debug][gc,ref         ] GC(46) ReferenceProcessor::execute queues: 1, RefProcThreadModel::Single, marks_oops_alive: false
[710.648s][debug][gc,phases      ] GC(46) Reference Processing 0.147ms
[710.649s][debug][gc,phases      ] GC(46)   VM Weak                        Min:  0.0, Avg:  0.0, Max:  0.0, Diff:  0.0, Sum:  0.0, Workers: 4
[710.649s][debug][gc,phases      ] GC(46)     Dead                           Min: 0, Avg:  0.0, Max: 0, Diff: 0, Sum: 0, Workers: 4
[710.649s][debug][gc,phases      ] GC(46)     Total                          Min: 0, Avg: 259.2, Max: 1037, Diff: 1037, Sum: 1037, Workers: 4
[710.649s][debug][gc,phases      ] GC(46)   ObjectSynchronizer Weak        Min:  0.0, Avg:  0.0, Max:  0.0, Diff:  0.0, Sum:  0.0, Workers: 4
[710.649s][debug][gc,phases      ] GC(46)     Dead                           Min: 0, Avg:  0.5, Max: 2, Diff: 2, Sum: 2, Workers: 4
[710.649s][debug][gc,phases      ] GC(46)     Total                          Min: 0, Avg:  1.5, Max: 6, Diff: 6, Sum: 6, Workers: 4
[710.649s][debug][gc,phases      ] GC(46)   JVMTI Tag Weak OopStorage      Min:  0.0, Avg:  0.0, Max:  0.0, Diff:  0.0, Sum:  0.0, Workers: 4
[710.649s][debug][gc,phases      ] GC(46)     Dead                           Min: 0, Avg:  0.0, Max: 0, Diff: 0, Sum: 0, Workers: 4
[710.649s][debug][gc,phases      ] GC(46)     Total                          Min: 0, Avg:  0.0, Max: 0, Diff: 0, Sum: 0, Workers: 4
[710.649s][debug][gc,phases      ] GC(46)   StringTable Weak               Min:  0.0, Avg:  0.1, Max:  0.5, Diff:  0.5, Sum:  0.5, Workers: 4
[710.649s][debug][gc,phases      ] GC(46)     Dead                           Min: 0, Avg:  0.0, Max: 0, Diff: 0, Sum: 0, Workers: 4
[710.649s][debug][gc,phases      ] GC(46)     Total                          Min: 0, Avg: 11849.8, Max: 47399, Diff: 47399, Sum: 47399, Workers: 4
[710.649s][debug][gc,phases      ] GC(46)   ResolvedMethodTable Weak       Min:  0.0, Avg:  0.0, Max:  0.2, Diff:  0.2, Sum:  0.2, Workers: 4
[710.649s][debug][gc,phases      ] GC(46)     Dead                           Min: 0, Avg:  8.5, Max: 34, Diff: 34, Sum: 34, Workers: 4
[710.649s][debug][gc,phases      ] GC(46)     Total                          Min: 0, Avg: 3860.8, Max: 15443, Diff: 15443, Sum: 15443, Workers: 4
[710.649s][debug][gc,phases      ] GC(46)   JNI Weak                       Min:  0.0, Avg:  0.0, Max:  0.0, Diff:  0.0, Sum:  0.0, Workers: 4
[710.649s][debug][gc,phases      ] GC(46)     Dead                           Min: 0, Avg:  0.0, Max: 0, Diff: 0, Sum: 0, Workers: 4
[710.649s][debug][gc,phases      ] GC(46)     Total                          Min: 0, Avg: 13.0, Max: 52, Diff: 52, Sum: 52, Workers: 4
[710.649s][debug][gc,phases      ] GC(46)   StringDedup Table Weak         Min:  0.0, Avg:  0.0, Max:  0.0, Diff:  0.0, Sum:  0.0, Workers: 4
[710.649s][debug][gc,phases      ] GC(46)     Dead                           Min: 0, Avg:  0.0, Max: 0, Diff: 0, Sum: 0, Workers: 4
[710.649s][debug][gc,phases      ] GC(46)     Total                          Min: 0, Avg:  0.0, Max: 0, Diff: 0, Sum: 0, Workers: 4
[710.649s][debug][gc,phases      ] GC(46)   StringDedup Requests0 Weak     Min:  0.0, Avg:  0.0, Max:  0.0, Diff:  0.0, Sum:  0.0, Workers: 4
[710.649s][debug][gc,phases      ] GC(46)     Dead                           Min: 0, Avg:  0.0, Max: 0, Diff: 0, Sum: 0, Workers: 4
[710.649s][debug][gc,phases      ] GC(46)     Total                          Min: 0, Avg:  0.0, Max: 0, Diff: 0, Sum: 0, Workers: 4
[710.649s][debug][gc,phases      ] GC(46)   StringDedup Requests1 Weak     Min:  0.0, Avg:  0.0, Max:  0.0, Diff:  0.0, Sum:  0.0, Workers: 4
[710.649s][debug][gc,phases      ] GC(46)     Dead                           Min: 0, Avg:  0.0, Max: 0, Diff: 0, Sum: 0, Workers: 4
[710.649s][debug][gc,phases      ] GC(46)     Total                          Min: 0, Avg:  0.0, Max: 0, Diff: 0, Sum: 0, Workers: 4
[710.649s][debug][gc,phases      ] GC(46)   Weak JFR Old Object Samples    Min:  0.0, Avg:  0.0, Max:  0.0, Diff:  0.0, Sum:  0.0, Workers: 4
[710.649s][debug][gc,phases      ] GC(46)     Dead                           Min: 0, Avg:  0.0, Max: 0, Diff: 0, Sum: 0, Workers: 4
[710.649s][debug][gc,phases      ] GC(46)     Total                          Min: 0, Avg:  0.0, Max: 0, Diff: 0, Sum: 0, Workers: 4
[710.649s][debug][gc,phases      ] GC(46) Weak Processing 0.972ms
[710.649s][debug][gc,age         ] GC(46) Desired survivor size 51904512 bytes, new threshold 1 (max threshold 15)
[710.649s][info ][gc,heap        ] GC(46) PSYoungGen: 1987982K(2042368K)->9498K(2038272K) Eden: 1983488K(1983488K)->0K(1983488K) From: 4494K(58880K)->9498K(54784K)
[710.649s][info ][gc,heap        ] GC(46) ParOldGen: 276772K(348160K)->277922K(348160K)
[710.649s][info ][gc,metaspace   ] GC(46) Metaspace: 109989K(111296K)->109989K(111296K) NonClass: 93536K(94272K)->93536K(94272K) Class: 16452K(17024K)->16452K(17024K)
[710.649s][info ][gc             ] GC(46) Pause Young (Allocation Failure) 2211M->280M(2330M) 25.660ms
[710.650s][info ][gc,cpu         ] GC(46) User=0.02s Sys=0.00s Real=0.02s
[710.650s][info ][safepoint      ] Safepoint "ParallelGCFailedAllocation", Time since last: 848410219 ns, Reaching safepoint: 11200 ns, Cleanup: 32201 ns, At safepoint: 25767072 ns, Total: 25810473 ns
[711.650s][info ][safepoint      ] Safepoint "Cleanup", Time since last: 1000128765 ns, Reaching safepoint: 97203 ns, Cleanup: 12000 ns, At safepoint: 8801 ns, Total: 118004 ns
[712.650s][info ][safepoint      ] Safepoint "Cleanup", Time since last: 1000146360 ns, Reaching safepoint: 84003 ns, Cleanup: 13200 ns, At safepoint: 11700 ns, Total: 108903 ns
[715.651s][info ][safepoint      ] Safepoint "Cleanup", Time since last: 3000307834 ns, Reaching safepoint: 181706 ns, Cleanup: 25401 ns, At safepoint: 13600 ns, Total: 220707 ns
[716.651s][info ][safepoint      ] Safepoint "Cleanup", Time since last: 1000136112 ns, Reaching safepoint: 101203 ns, Cleanup: 14401 ns, At safepoint: 8000 ns, Total: 123604 ns
[717.652s][info ][safepoint      ] Safepoint "Cleanup", Time since last: 1000143513 ns, Reaching safepoint: 733322 ns, Cleanup: 12000 ns, At safepoint: 8800 ns, Total: 754122 ns
[726.384s][info ][safepoint      ] Safepoint "Cleanup", Time since last: 8732344844 ns, Reaching safepoint: 14100 ns, Cleanup: 21401 ns, At safepoint: 2900 ns, Total: 38401 ns
[727.384s][info ][safepoint      ] Safepoint "Cleanup", Time since last: 1000115698 ns, Reaching safepoint: 11600 ns, Cleanup: 12100 ns, At safepoint: 2701 ns, Total: 26401 ns
[728.384s][info ][safepoint      ] Safepoint "Cleanup", Time since last: 1000127517 ns, Reaching safepoint: 13300 ns, Cleanup: 18001 ns, At safepoint: 31901 ns, Total: 63202 ns
[729.385s][info ][safepoint      ] Safepoint "Cleanup", Time since last: 1000125333 ns, Reaching safepoint: 12201 ns, Cleanup: 15500 ns, At safepoint: 3500 ns, Total: 31201 ns
[731.385s][info ][safepoint      ] Safepoint "Cleanup", Time since last: 2000190766 ns, Reaching safepoint: 9501 ns, Cleanup: 13100 ns, At safepoint: 2900 ns, Total: 25501 ns
[734.385s][info ][safepoint      ] Safepoint "Cleanup", Time since last: 3000269699 ns, Reaching safepoint: 12100 ns, Cleanup: 12200 ns, At safepoint: 2600 ns, Total: 26900 ns
[734.391s][info ][gc,start       ] GC(47) Pause Young (Allocation Failure)
[734.403s][debug][gc,phases      ] GC(47) Scavenge 12.100ms
[734.403s][debug][gc,ref         ] GC(47) ReferenceProcessor::execute queues: 1, RefProcThreadModel::Single, marks_oops_alive: false
[734.403s][debug][gc,ref         ] GC(47) Skipped KeepAliveFinalRefsPhase of Reference Processing: no references
[734.403s][debug][gc,ref         ] GC(47) ReferenceProcessor::execute queues: 1, RefProcThreadModel::Single, marks_oops_alive: false
[734.403s][debug][gc,phases      ] GC(47) Reference Processing 0.143ms
[734.404s][debug][gc,phases      ] GC(47)   VM Weak                        Min:  0.0, Avg:  0.0, Max:  0.0, Diff:  0.0, Sum:  0.0, Workers: 4
[734.404s][debug][gc,phases      ] GC(47)     Dead                           Min: 0, Avg:  0.0, Max: 0, Diff: 0, Sum: 0, Workers: 4
[734.404s][debug][gc,phases      ] GC(47)     Total                          Min: 0, Avg: 259.5, Max: 896, Diff: 896, Sum: 1038, Workers: 4
[734.404s][debug][gc,phases      ] GC(47)   ObjectSynchronizer Weak        Min:  0.0, Avg:  0.0, Max:  0.0, Diff:  0.0, Sum:  0.0, Workers: 4
[734.404s][debug][gc,phases      ] GC(47)     Dead                           Min: 0, Avg:  0.0, Max: 0, Diff: 0, Sum: 0, Workers: 4
[734.404s][debug][gc,phases      ] GC(47)     Total                          Min: 0, Avg:  1.0, Max: 4, Diff: 4, Sum: 4, Workers: 4
[734.404s][debug][gc,phases      ] GC(47)   JVMTI Tag Weak OopStorage      Min:  0.0, Avg:  0.0, Max:  0.0, Diff:  0.0, Sum:  0.0, Workers: 4
[734.404s][debug][gc,phases      ] GC(47)     Dead                           Min: 0, Avg:  0.0, Max: 0, Diff: 0, Sum: 0, Workers: 4
[734.404s][debug][gc,phases      ] GC(47)     Total                          Min: 0, Avg:  0.0, Max: 0, Diff: 0, Sum: 0, Workers: 4
[734.404s][debug][gc,phases      ] GC(47)   StringTable Weak               Min:  0.0, Avg:  0.1, Max:  0.3, Diff:  0.3, Sum:  0.5, Workers: 4
[734.404s][debug][gc,phases      ] GC(47)     Dead                           Min: 0, Avg:  0.5, Max: 2, Diff: 2, Sum: 2, Workers: 4
[734.404s][debug][gc,phases      ] GC(47)     Total                          Min: 0, Avg: 11851.8, Max: 24829, Diff: 24829, Sum: 47407, Workers: 4
[734.404s][debug][gc,phases      ] GC(47)   ResolvedMethodTable Weak       Min:  0.0, Avg:  0.0, Max:  0.1, Diff:  0.1, Sum:  0.2, Workers: 4
[734.404s][debug][gc,phases      ] GC(47)     Dead                           Min: 0, Avg:  7.8, Max: 28, Diff: 28, Sum: 31, Workers: 4
[734.404s][debug][gc,phases      ] GC(47)     Total                          Min: 0, Avg: 3865.0, Max: 7987, Diff: 7987, Sum: 15460, Workers: 4
[734.404s][debug][gc,phases      ] GC(47)   JNI Weak                       Min:  0.0, Avg:  0.0, Max:  0.0, Diff:  0.0, Sum:  0.0, Workers: 4
[734.404s][debug][gc,phases      ] GC(47)     Dead                           Min: 0, Avg:  0.0, Max: 0, Diff: 0, Sum: 0, Workers: 4
[734.404s][debug][gc,phases      ] GC(47)     Total                          Min: 0, Avg: 13.0, Max: 48, Diff: 48, Sum: 52, Workers: 4
[734.404s][debug][gc,phases      ] GC(47)   StringDedup Table Weak         Min:  0.0, Avg:  0.0, Max:  0.0, Diff:  0.0, Sum:  0.0, Workers: 4
[734.404s][debug][gc,phases      ] GC(47)     Dead                           Min: 0, Avg:  0.0, Max: 0, Diff: 0, Sum: 0, Workers: 4
[734.404s][debug][gc,phases      ] GC(47)     Total                          Min: 0, Avg:  0.0, Max: 0, Diff: 0, Sum: 0, Workers: 4
[734.404s][debug][gc,phases      ] GC(47)   StringDedup Requests0 Weak     Min:  0.0, Avg:  0.0, Max:  0.0, Diff:  0.0, Sum:  0.0, Workers: 4
[734.404s][debug][gc,phases      ] GC(47)     Dead                           Min: 0, Avg:  0.0, Max: 0, Diff: 0, Sum: 0, Workers: 4
[734.404s][debug][gc,phases      ] GC(47)     Total                          Min: 0, Avg:  0.0, Max: 0, Diff: 0, Sum: 0, Workers: 4
[734.404s][debug][gc,phases      ] GC(47)   StringDedup Requests1 Weak     Min:  0.0, Avg:  0.0, Max:  0.0, Diff:  0.0, Sum:  0.0, Workers: 4
[734.404s][debug][gc,phases      ] GC(47)     Dead                           Min: 0, Avg:  0.0, Max: 0, Diff: 0, Sum: 0, Workers: 4
[734.404s][debug][gc,phases      ] GC(47)     Total                          Min: 0, Avg:  0.0, Max: 0, Diff: 0, Sum: 0, Workers: 4
[734.404s][debug][gc,phases      ] GC(47)   Weak JFR Old Object Samples    Min:  0.0, Avg:  0.0, Max:  0.0, Diff:  0.0, Sum:  0.0, Workers: 4
[734.404s][debug][gc,phases      ] GC(47)     Dead                           Min: 0, Avg:  0.0, Max: 0, Diff: 0, Sum: 0, Workers: 4
[734.404s][debug][gc,phases      ] GC(47)     Total                          Min: 0, Avg:  0.0, Max: 0, Diff: 0, Sum: 0, Workers: 4
[734.404s][debug][gc,phases      ] GC(47) Weak Processing 0.684ms
[734.404s][debug][gc,age         ] GC(47) Desired survivor size 48234496 bytes, new threshold 1 (max threshold 15)
[734.404s][info ][gc,heap        ] GC(47) PSYoungGen: 1992986K(2038272K)->4791K(2050048K) Eden: 1983488K(1983488K)->0K(1999360K) From: 9498K(54784K)->4791K(50688K)
[734.404s][info ][gc,heap        ] GC(47) ParOldGen: 277922K(348160K)->283921K(348160K)
[734.404s][info ][gc,metaspace   ] GC(47) Metaspace: 110017K(111296K)->110017K(111296K) NonClass: 93559K(94272K)->93559K(94272K) Class: 16457K(17024K)->16457K(17024K)
[734.404s][info ][gc             ] GC(47) Pause Young (Allocation Failure) 2217M->281M(2342M) 13.109ms
[734.404s][info ][gc,cpu         ] GC(47) User=0.02s Sys=0.00s Real=0.02s
[734.404s][info ][safepoint      ] Safepoint "ParallelGCFailedAllocation", Time since last: 5511466 ns, Reaching safepoint: 86203 ns, Cleanup: 4700 ns, At safepoint: 13203698 ns, Total: 13294601 ns
[737.404s][info ][safepoint      ] Safepoint "Cleanup", Time since last: 3000245751 ns, Reaching safepoint: 85402 ns, Cleanup: 12501 ns, At safepoint: 3100 ns, Total: 101003 ns
[738.405s][info ][safepoint      ] Safepoint "Cleanup", Time since last: 1000135969 ns, Reaching safepoint: 87403 ns, Cleanup: 12800 ns, At safepoint: 6800 ns, Total: 107003 ns
[744.405s][info ][safepoint      ] Safepoint "Cleanup", Time since last: 6000521039 ns, Reaching safepoint: 90203 ns, Cleanup: 16900 ns, At safepoint: 8601 ns, Total: 115704 ns
[745.406s][info ][safepoint      ] Safepoint "Cleanup", Time since last: 1000153742 ns, Reaching safepoint: 600018 ns, Cleanup: 13200 ns, At safepoint: 9201 ns, Total: 622419 ns
[747.408s][info ][safepoint      ] Safepoint "Cleanup", Time since last: 2001847031 ns, Reaching safepoint: 84002 ns, Cleanup: 12401 ns, At safepoint: 9800 ns, Total: 106203 ns
[752.408s][info ][safepoint      ] Safepoint "Cleanup", Time since last: 5000496860 ns, Reaching safepoint: 9600 ns, Cleanup: 16301 ns, At safepoint: 2800 ns, Total: 28701 ns
[754.409s][info ][safepoint      ] Safepoint "Cleanup", Time since last: 2000227000 ns, Reaching safepoint: 90703 ns, Cleanup: 21801 ns, At safepoint: 23600 ns, Total: 136104 ns
[757.409s][info ][safepoint      ] Safepoint "Cleanup", Time since last: 3000278149 ns, Reaching safepoint: 8000 ns, Cleanup: 21100 ns, At safepoint: 2601 ns, Total: 31701 ns
[758.871s][info ][gc,start       ] GC(48) Pause Young (Allocation Failure)
[758.891s][debug][gc,phases      ] GC(48) Scavenge 20.339ms
[758.891s][debug][gc,ref         ] GC(48) ReferenceProcessor::execute queues: 1, RefProcThreadModel::Single, marks_oops_alive: false
[758.891s][debug][gc,ref         ] GC(48) Skipped KeepAliveFinalRefsPhase of Reference Processing: no references
[758.891s][debug][gc,ref         ] GC(48) Skipped PhantomRefsPhase of Reference Processing: no references
[758.891s][debug][gc,phases      ] GC(48) Reference Processing 0.135ms
[758.892s][debug][gc,phases      ] GC(48)   VM Weak                        Min:  0.0, Avg:  0.0, Max:  0.0, Diff:  0.0, Sum:  0.0, Workers: 4
[758.892s][debug][gc,phases      ] GC(48)     Dead                           Min: 0, Avg:  0.0, Max: 0, Diff: 0, Sum: 0, Workers: 4
[758.892s][debug][gc,phases      ] GC(48)     Total                          Min: 0, Avg: 259.5, Max: 960, Diff: 960, Sum: 1038, Workers: 4
[758.892s][debug][gc,phases      ] GC(48)   ObjectSynchronizer Weak        Min:  0.0, Avg:  0.0, Max:  0.0, Diff:  0.0, Sum:  0.0, Workers: 4
[758.892s][debug][gc,phases      ] GC(48)     Dead                           Min: 0, Avg:  0.0, Max: 0, Diff: 0, Sum: 0, Workers: 4
[758.892s][debug][gc,phases      ] GC(48)     Total                          Min: 0, Avg:  1.0, Max: 4, Diff: 4, Sum: 4, Workers: 4
[758.892s][debug][gc,phases      ] GC(48)   JVMTI Tag Weak OopStorage      Min:  0.0, Avg:  0.0, Max:  0.0, Diff:  0.0, Sum:  0.0, Workers: 4
[758.892s][debug][gc,phases      ] GC(48)     Dead                           Min: 0, Avg:  0.0, Max: 0, Diff: 0, Sum: 0, Workers: 4
[758.892s][debug][gc,phases      ] GC(48)     Total                          Min: 0, Avg:  0.0, Max: 0, Diff: 0, Sum: 0, Workers: 4
[758.892s][debug][gc,phases      ] GC(48)   StringTable Weak               Min:  0.0, Avg:  0.1, Max:  0.3, Diff:  0.3, Sum:  0.5, Workers: 4
[758.892s][debug][gc,phases      ] GC(48)     Dead                           Min: 0, Avg:  0.0, Max: 0, Diff: 0, Sum: 0, Workers: 4
[758.892s][debug][gc,phases      ] GC(48)     Total                          Min: 0, Avg: 11854.2, Max: 24445, Diff: 24445, Sum: 47417, Workers: 4
[758.892s][debug][gc,phases      ] GC(48)   ResolvedMethodTable Weak       Min:  0.0, Avg:  0.0, Max:  0.1, Diff:  0.1, Sum:  0.2, Workers: 4
[758.892s][debug][gc,phases      ] GC(48)     Dead                           Min: 0, Avg:  6.8, Max: 21, Diff: 21, Sum: 27, Workers: 4
[758.892s][debug][gc,phases      ] GC(48)     Total                          Min: 0, Avg: 3865.0, Max: 7763, Diff: 7763, Sum: 15460, Workers: 4
[758.892s][debug][gc,phases      ] GC(48)   JNI Weak                       Min:  0.0, Avg:  0.0, Max:  0.0, Diff:  0.0, Sum:  0.0, Workers: 4
[758.892s][debug][gc,phases      ] GC(48)     Dead                           Min: 0, Avg:  0.0, Max: 0, Diff: 0, Sum: 0, Workers: 4
[758.892s][debug][gc,phases      ] GC(48)     Total                          Min: 0, Avg: 13.0, Max: 48, Diff: 48, Sum: 52, Workers: 4
[758.892s][debug][gc,phases      ] GC(48)   StringDedup Table Weak         Min:  0.0, Avg:  0.0, Max:  0.0, Diff:  0.0, Sum:  0.0, Workers: 4
[758.892s][debug][gc,phases      ] GC(48)     Dead                           Min: 0, Avg:  0.0, Max: 0, Diff: 0, Sum: 0, Workers: 4
[758.892s][debug][gc,phases      ] GC(48)     Total                          Min: 0, Avg:  0.0, Max: 0, Diff: 0, Sum: 0, Workers: 4
[758.892s][debug][gc,phases      ] GC(48)   StringDedup Requests0 Weak     Min:  0.0, Avg:  0.0, Max:  0.0, Diff:  0.0, Sum:  0.0, Workers: 4
[758.892s][debug][gc,phases      ] GC(48)     Dead                           Min: 0, Avg:  0.0, Max: 0, Diff: 0, Sum: 0, Workers: 4
[758.892s][debug][gc,phases      ] GC(48)     Total                          Min: 0, Avg:  0.0, Max: 0, Diff: 0, Sum: 0, Workers: 4
[758.892s][debug][gc,phases      ] GC(48)   StringDedup Requests1 Weak     Min:  0.0, Avg:  0.0, Max:  0.0, Diff:  0.0, Sum:  0.0, Workers: 4
[758.892s][debug][gc,phases      ] GC(48)     Dead                           Min: 0, Avg:  0.0, Max: 0, Diff: 0, Sum: 0, Workers: 4
[758.892s][debug][gc,phases      ] GC(48)     Total                          Min: 0, Avg:  0.0, Max: 0, Diff: 0, Sum: 0, Workers: 4
[758.892s][debug][gc,phases      ] GC(48)   Weak JFR Old Object Samples    Min:  0.0, Avg:  0.0, Max:  0.0, Diff:  0.0, Sum:  0.0, Workers: 4
[758.892s][debug][gc,phases      ] GC(48)     Dead                           Min: 0, Avg:  0.0, Max: 0, Diff: 0, Sum: 0, Workers: 4
[758.892s][debug][gc,phases      ] GC(48)     Total                          Min: 0, Avg:  0.0, Max: 0, Diff: 0, Sum: 0, Workers: 4
[758.892s][debug][gc,phases      ] GC(48) Weak Processing 0.653ms
[758.892s][debug][gc,age         ] GC(48) Desired survivor size 45088768 bytes, new threshold 1 (max threshold 15)
[758.892s][info ][gc,heap        ] GC(48) PSYoungGen: 2004151K(2050048K)->4930K(2046464K) Eden: 1999360K(1999360K)->0K(1999360K) From: 4791K(50688K)->4930K(47104K)
[758.892s][info ][gc,heap        ] GC(48) ParOldGen: 283921K(348160K)->285169K(348160K)
[758.892s][info ][gc,metaspace   ] GC(48) Metaspace: 110047K(111360K)->110047K(111360K) NonClass: 93589K(94336K)->93589K(94336K) Class: 16457K(17024K)->16457K(17024K)
[758.892s][info ][gc             ] GC(48) Pause Young (Allocation Failure) 2234M->283M(2338M) 21.300ms
[758.892s][info ][gc,cpu         ] GC(48) User=0.04s Sys=0.00s Real=0.03s
[758.892s][info ][safepoint      ] Safepoint "ParallelGCFailedAllocation", Time since last: 1461763067 ns, Reaching safepoint: 9600 ns, Cleanup: 11200 ns, At safepoint: 21403046 ns, Total: 21423846 ns
[761.893s][info ][safepoint      ] Safepoint "Cleanup", Time since last: 3000245403 ns, Reaching safepoint: 79002 ns, Cleanup: 10100 ns, At safepoint: 7001 ns, Total: 96103 ns
[762.893s][info ][safepoint      ] Safepoint "Cleanup", Time since last: 1000139524 ns, Reaching safepoint: 82403 ns, Cleanup: 10400 ns, At safepoint: 8000 ns, Total: 100803 ns
[764.893s][info ][safepoint      ] Safepoint "Cleanup", Time since last: 2000226249 ns, Reaching safepoint: 85002 ns, Cleanup: 14600 ns, At safepoint: 7001 ns, Total: 106603 ns
[765.893s][info ][safepoint      ] Safepoint "Cleanup", Time since last: 1000146725 ns, Reaching safepoint: 81102 ns, Cleanup: 11101 ns, At safepoint: 9000 ns, Total: 101203 ns
[767.894s][info ][safepoint      ] Safepoint "Cleanup", Time since last: 2000233248 ns, Reaching safepoint: 86003 ns, Cleanup: 16500 ns, At safepoint: 8800 ns, Total: 111303 ns
[768.894s][info ][safepoint      ] Safepoint "Cleanup", Time since last: 1000156267 ns, Reaching safepoint: 83303 ns, Cleanup: 12600 ns, At safepoint: 7501 ns, Total: 103404 ns
[770.894s][info ][safepoint      ] Safepoint "Cleanup", Time since last: 2000225240 ns, Reaching safepoint: 80603 ns, Cleanup: 12500 ns, At safepoint: 31001 ns, Total: 124104 ns
[771.895s][info ][safepoint      ] Safepoint "Cleanup", Time since last: 1000122470 ns, Reaching safepoint: 79903 ns, Cleanup: 14300 ns, At safepoint: 6300 ns, Total: 100503 ns
[772.895s][info ][safepoint      ] Safepoint "Cleanup", Time since last: 1000131671 ns, Reaching safepoint: 79703 ns, Cleanup: 12200 ns, At safepoint: 6500 ns, Total: 98403 ns
[775.895s][info ][safepoint      ] Safepoint "Cleanup", Time since last: 3000305410 ns, Reaching safepoint: 87203 ns, Cleanup: 11600 ns, At safepoint: 8200 ns, Total: 107003 ns
[777.896s][info ][safepoint      ] Safepoint "Cleanup", Time since last: 2000225064 ns, Reaching safepoint: 86903 ns, Cleanup: 11300 ns, At safepoint: 204606 ns, Total: 302809 ns
[783.291s][info ][gc,start       ] GC(49) Pause Young (Allocation Failure)
[783.295s][debug][gc,phases      ] GC(49) Scavenge 4.019ms
[783.295s][debug][gc,ref         ] GC(49) ReferenceProcessor::execute queues: 1, RefProcThreadModel::Single, marks_oops_alive: false
[783.295s][debug][gc,ref         ] GC(49) Skipped KeepAliveFinalRefsPhase of Reference Processing: no references
[783.295s][debug][gc,ref         ] GC(49) ReferenceProcessor::execute queues: 1, RefProcThreadModel::Single, marks_oops_alive: false
[783.295s][debug][gc,phases      ] GC(49) Reference Processing 0.145ms
[783.296s][debug][gc,phases      ] GC(49)   VM Weak                        Min:  0.0, Avg:  0.0, Max:  0.0, Diff:  0.0, Sum:  0.0, Workers: 4
[783.296s][debug][gc,phases      ] GC(49)     Dead                           Min: 0, Avg:  0.0, Max: 0, Diff: 0, Sum: 0, Workers: 4
[783.296s][debug][gc,phases      ] GC(49)     Total                          Min: 0, Avg: 259.8, Max: 768, Diff: 768, Sum: 1039, Workers: 4
[783.296s][debug][gc,phases      ] GC(49)   ObjectSynchronizer Weak        Min:  0.0, Avg:  0.0, Max:  0.0, Diff:  0.0, Sum:  0.0, Workers: 4
[783.296s][debug][gc,phases      ] GC(49)     Dead                           Min: 0, Avg:  0.0, Max: 0, Diff: 0, Sum: 0, Workers: 4
[783.296s][debug][gc,phases      ] GC(49)     Total                          Min: 0, Avg:  0.8, Max: 3, Diff: 3, Sum: 3, Workers: 4
[783.296s][debug][gc,phases      ] GC(49)   JVMTI Tag Weak OopStorage      Min:  0.0, Avg:  0.0, Max:  0.0, Diff:  0.0, Sum:  0.0, Workers: 4
[783.296s][debug][gc,phases      ] GC(49)     Dead                           Min: 0, Avg:  0.0, Max: 0, Diff: 0, Sum: 0, Workers: 4
[783.296s][debug][gc,phases      ] GC(49)     Total                          Min: 0, Avg:  0.0, Max: 0, Diff: 0, Sum: 0, Workers: 4
[783.296s][debug][gc,phases      ] GC(49)   StringTable Weak               Min:  0.0, Avg:  0.1, Max:  0.2, Diff:  0.2, Sum:  0.5, Workers: 4
[783.296s][debug][gc,phases      ] GC(49)     Dead                           Min: 0, Avg:  0.0, Max: 0, Diff: 0, Sum: 0, Workers: 4
[783.296s][debug][gc,phases      ] GC(49)     Total                          Min: 0, Avg: 11854.8, Max: 16382, Diff: 16382, Sum: 47419, Workers: 4
[783.296s][debug][gc,phases      ] GC(49)   ResolvedMethodTable Weak       Min:  0.0, Avg:  0.0, Max:  0.1, Diff:  0.1, Sum:  0.2, Workers: 4
[783.296s][debug][gc,phases      ] GC(49)     Dead                           Min: 0, Avg:  4.0, Max: 16, Diff: 16, Sum: 16, Workers: 4
[783.296s][debug][gc,phases      ] GC(49)     Total                          Min: 0, Avg: 3865.2, Max: 5628, Diff: 5628, Sum: 15461, Workers: 4
[783.296s][debug][gc,phases      ] GC(49)   JNI Weak                       Min:  0.0, Avg:  0.0, Max:  0.0, Diff:  0.0, Sum:  0.0, Workers: 4
[783.296s][debug][gc,phases      ] GC(49)     Dead                           Min: 0, Avg:  0.0, Max: 0, Diff: 0, Sum: 0, Workers: 4
[783.296s][debug][gc,phases      ] GC(49)     Total                          Min: 0, Avg: 13.0, Max: 48, Diff: 48, Sum: 52, Workers: 4
[783.296s][debug][gc,phases      ] GC(49)   StringDedup Table Weak         Min:  0.0, Avg:  0.0, Max:  0.0, Diff:  0.0, Sum:  0.0, Workers: 4
[783.296s][debug][gc,phases      ] GC(49)     Dead                           Min: 0, Avg:  0.0, Max: 0, Diff: 0, Sum: 0, Workers: 4
[783.296s][debug][gc,phases      ] GC(49)     Total                          Min: 0, Avg:  0.0, Max: 0, Diff: 0, Sum: 0, Workers: 4
[783.296s][debug][gc,phases      ] GC(49)   StringDedup Requests0 Weak     Min:  0.0, Avg:  0.0, Max:  0.0, Diff:  0.0, Sum:  0.0, Workers: 4
[783.296s][debug][gc,phases      ] GC(49)     Dead                           Min: 0, Avg:  0.0, Max: 0, Diff: 0, Sum: 0, Workers: 4
[783.296s][debug][gc,phases      ] GC(49)     Total                          Min: 0, Avg:  0.0, Max: 0, Diff: 0, Sum: 0, Workers: 4
[783.296s][debug][gc,phases      ] GC(49)   StringDedup Requests1 Weak     Min:  0.0, Avg:  0.0, Max:  0.0, Diff:  0.0, Sum:  0.0, Workers: 4
[783.296s][debug][gc,phases      ] GC(49)     Dead                           Min: 0, Avg:  0.0, Max: 0, Diff: 0, Sum: 0, Workers: 4
[783.296s][debug][gc,phases      ] GC(49)     Total                          Min: 0, Avg:  0.0, Max: 0, Diff: 0, Sum: 0, Workers: 4
[783.296s][debug][gc,phases      ] GC(49)   Weak JFR Old Object Samples    Min:  0.0, Avg:  0.0, Max:  0.0, Diff:  0.0, Sum:  0.0, Workers: 4
[783.296s][debug][gc,phases      ] GC(49)     Dead                           Min: 0, Avg:  0.0, Max: 0, Diff: 0, Sum: 0, Workers: 4
[783.296s][debug][gc,phases      ] GC(49)     Total                          Min: 0, Avg:  0.0, Max: 0, Diff: 0, Sum: 0, Workers: 4
[783.296s][debug][gc,phases      ] GC(49) Weak Processing 0.517ms
[783.296s][debug][gc,age         ] GC(49) Desired survivor size 41943040 bytes, new threshold 1 (max threshold 15)
[783.296s][info ][gc,heap        ] GC(49) PSYoungGen: 2004290K(2046464K)->4288K(2056192K) Eden: 1999360K(1999360K)->0K(2012160K) From: 4930K(47104K)->4288K(44032K)
[783.296s][info ][gc,heap        ] GC(49) ParOldGen: 285169K(348160K)->286311K(348160K)
[783.296s][info ][gc,metaspace   ] GC(49) Metaspace: 110070K(111424K)->110070K(111424K) NonClass: 93612K(94400K)->93612K(94400K) Class: 16458K(17024K)->16458K(17024K)
[783.296s][info ][gc             ] GC(49) Pause Young (Allocation Failure) 2235M->283M(2348M) 4.829ms
[783.296s][info ][gc,cpu         ] GC(49) User=0.02s Sys=0.00s Real=0.01s
[783.296s][info ][safepoint      ] Safepoint "ParallelGCFailedAllocation", Time since last: 5395075788 ns, Reaching safepoint: 81503 ns, Cleanup: 13900 ns, At safepoint: 4917348 ns, Total: 5012751 ns
[784.296s][info ][safepoint      ] Safepoint "Cleanup", Time since last: 1000090998 ns, Reaching safepoint: 81302 ns, Cleanup: 21701 ns, At safepoint: 5900 ns, Total: 108903 ns
[785.296s][info ][safepoint      ] Safepoint "Cleanup", Time since last: 1000132555 ns, Reaching safepoint: 87003 ns, Cleanup: 21301 ns, At safepoint: 8700 ns, Total: 117004 ns
[786.297s][info ][safepoint      ] Safepoint "Cleanup", Time since last: 1000232959 ns, Reaching safepoint: 86002 ns, Cleanup: 16601 ns, At safepoint: 8300 ns, Total: 110903 ns
[791.297s][info ][safepoint      ] Safepoint "Cleanup", Time since last: 5000454872 ns, Reaching safepoint: 101203 ns, Cleanup: 12501 ns, At safepoint: 6500 ns, Total: 120204 ns
[792.297s][info ][safepoint      ] Safepoint "Cleanup", Time since last: 1000137546 ns, Reaching safepoint: 89702 ns, Cleanup: 15301 ns, At safepoint: 7400 ns, Total: 112403 ns
[795.300s][info ][safepoint      ] Safepoint "Cleanup", Time since last: 3002429886 ns, Reaching safepoint: 81903 ns, Cleanup: 14700 ns, At safepoint: 7000 ns, Total: 103603 ns
[797.300s][info ][safepoint      ] Safepoint "Cleanup", Time since last: 2000213616 ns, Reaching safepoint: 86702 ns, Cleanup: 12901 ns, At safepoint: 8600 ns, Total: 108203 ns
[800.303s][info ][safepoint      ] Safepoint "Cleanup", Time since last: 3003040773 ns, Reaching safepoint: 80203 ns, Cleanup: 11800 ns, At safepoint: 8100 ns, Total: 100103 ns
[801.304s][info ][safepoint      ] Safepoint "Cleanup", Time since last: 1000145617 ns, Reaching safepoint: 144005 ns, Cleanup: 12100 ns, At safepoint: 6700 ns, Total: 162805 ns
[803.304s][info ][safepoint      ] Safepoint "Cleanup", Time since last: 2000209232 ns, Reaching safepoint: 303009 ns, Cleanup: 20501 ns, At safepoint: 16000 ns, Total: 339510 ns
[805.312s][info ][safepoint      ] Safepoint "Cleanup", Time since last: 2007491150 ns, Reaching safepoint: 11701 ns, Cleanup: 21500 ns, At safepoint: 3600 ns, Total: 36801 ns
[806.312s][info ][safepoint      ] Safepoint "Cleanup", Time since last: 1000147117 ns, Reaching safepoint: 91403 ns, Cleanup: 13901 ns, At safepoint: 5700 ns, Total: 111004 ns
[807.312s][info ][safepoint      ] Safepoint "Cleanup", Time since last: 1000144817 ns, Reaching safepoint: 10800 ns, Cleanup: 16000 ns, At safepoint: 3101 ns, Total: 29901 ns
[808.312s][info ][safepoint      ] Safepoint "Cleanup", Time since last: 1000131857 ns, Reaching safepoint: 11100 ns, Cleanup: 8900 ns, At safepoint: 2601 ns, Total: 22601 ns
[809.248s][info ][gc,start       ] GC(50) Pause Young (Allocation Failure)
[809.254s][debug][gc,phases      ] GC(50) Scavenge 6.247ms
[809.254s][debug][gc,ref         ] GC(50) ReferenceProcessor::execute queues: 1, RefProcThreadModel::Single, marks_oops_alive: false
[809.254s][debug][gc,ref         ] GC(50) Skipped KeepAliveFinalRefsPhase of Reference Processing: no references
[809.254s][debug][gc,ref         ] GC(50) ReferenceProcessor::execute queues: 1, RefProcThreadModel::Single, marks_oops_alive: false
[809.254s][debug][gc,phases      ] GC(50) Reference Processing 0.148ms
[809.255s][debug][gc,phases      ] GC(50)   VM Weak                        Min:  0.0, Avg:  0.0, Max:  0.0, Diff:  0.0, Sum:  0.0, Workers: 4
[809.255s][debug][gc,phases      ] GC(50)     Dead                           Min: 0, Avg:  0.0, Max: 0, Diff: 0, Sum: 0, Workers: 4
[809.255s][debug][gc,phases      ] GC(50)     Total                          Min: 0, Avg: 259.8, Max: 591, Diff: 591, Sum: 1039, Workers: 4
[809.255s][debug][gc,phases      ] GC(50)   ObjectSynchronizer Weak        Min:  0.0, Avg:  0.0, Max:  0.0, Diff:  0.0, Sum:  0.0, Workers: 4
[809.255s][debug][gc,phases      ] GC(50)     Dead                           Min: 0, Avg:  0.0, Max: 0, Diff: 0, Sum: 0, Workers: 4
[809.255s][debug][gc,phases      ] GC(50)     Total                          Min: 0, Avg:  0.8, Max: 3, Diff: 3, Sum: 3, Workers: 4
[809.255s][debug][gc,phases      ] GC(50)   JVMTI Tag Weak OopStorage      Min:  0.0, Avg:  0.0, Max:  0.0, Diff:  0.0, Sum:  0.0, Workers: 4
[809.255s][debug][gc,phases      ] GC(50)     Dead                           Min: 0, Avg:  0.0, Max: 0, Diff: 0, Sum: 0, Workers: 4
[809.255s][debug][gc,phases      ] GC(50)     Total                          Min: 0, Avg:  0.0, Max: 0, Diff: 0, Sum: 0, Workers: 4
[809.255s][debug][gc,phases      ] GC(50)   StringTable Weak               Min:  0.0, Avg:  0.1, Max:  0.2, Diff:  0.2, Sum:  0.5, Workers: 4
[809.255s][debug][gc,phases      ] GC(50)     Dead                           Min: 0, Avg:  0.0, Max: 0, Diff: 0, Sum: 0, Workers: 4
[809.255s][debug][gc,phases      ] GC(50)     Total                          Min: 0, Avg: 11855.5, Max: 16832, Diff: 16832, Sum: 47422, Workers: 4
[809.255s][debug][gc,phases      ] GC(50)   ResolvedMethodTable Weak       Min:  0.0, Avg:  0.0, Max:  0.1, Diff:  0.1, Sum:  0.2, Workers: 4
[809.255s][debug][gc,phases      ] GC(50)     Dead                           Min: 0, Avg:  4.0, Max: 16, Diff: 16, Sum: 16, Workers: 4
[809.255s][debug][gc,phases      ] GC(50)     Total                          Min: 0, Avg: 3865.5, Max: 5265, Diff: 5265, Sum: 15462, Workers: 4
[809.255s][debug][gc,phases      ] GC(50)   JNI Weak                       Min:  0.0, Avg:  0.0, Max:  0.0, Diff:  0.0, Sum:  0.0, Workers: 4
[809.255s][debug][gc,phases      ] GC(50)     Dead                           Min: 0, Avg:  0.0, Max: 0, Diff: 0, Sum: 0, Workers: 4
[809.255s][debug][gc,phases      ] GC(50)     Total                          Min: 0, Avg: 13.0, Max: 48, Diff: 48, Sum: 52, Workers: 4
[809.255s][debug][gc,phases      ] GC(50)   StringDedup Table Weak         Min:  0.0, Avg:  0.0, Max:  0.0, Diff:  0.0, Sum:  0.0, Workers: 4
[809.255s][debug][gc,phases      ] GC(50)     Dead                           Min: 0, Avg:  0.0, Max: 0, Diff: 0, Sum: 0, Workers: 4
[809.255s][debug][gc,phases      ] GC(50)     Total                          Min: 0, Avg:  0.0, Max: 0, Diff: 0, Sum: 0, Workers: 4
[809.255s][debug][gc,phases      ] GC(50)   StringDedup Requests0 Weak     Min:  0.0, Avg:  0.0, Max:  0.0, Diff:  0.0, Sum:  0.0, Workers: 4
[809.255s][debug][gc,phases      ] GC(50)     Dead                           Min: 0, Avg:  0.0, Max: 0, Diff: 0, Sum: 0, Workers: 4
[809.255s][debug][gc,phases      ] GC(50)     Total                          Min: 0, Avg:  0.0, Max: 0, Diff: 0, Sum: 0, Workers: 4
[809.255s][debug][gc,phases      ] GC(50)   StringDedup Requests1 Weak     Min:  0.0, Avg:  0.0, Max:  0.0, Diff:  0.0, Sum:  0.0, Workers: 4
[809.255s][debug][gc,phases      ] GC(50)     Dead                           Min: 0, Avg:  0.0, Max: 0, Diff: 0, Sum: 0, Workers: 4
[809.255s][debug][gc,phases      ] GC(50)     Total                          Min: 0, Avg:  0.0, Max: 0, Diff: 0, Sum: 0, Workers: 4
[809.255s][debug][gc,phases      ] GC(50)   Weak JFR Old Object Samples    Min:  0.0, Avg:  0.0, Max:  0.0, Diff:  0.0, Sum:  0.0, Workers: 4
[809.255s][debug][gc,phases      ] GC(50)     Dead                           Min: 0, Avg:  0.0, Max: 0, Diff: 0, Sum: 0, Workers: 4
[809.255s][debug][gc,phases      ] GC(50)     Total                          Min: 0, Avg:  0.0, Max: 0, Diff: 0, Sum: 0, Workers: 4
[809.255s][debug][gc,phases      ] GC(50) Weak Processing 0.539ms
[809.255s][debug][gc,age         ] GC(50) Desired survivor size 39321600 bytes, new threshold 1 (max threshold 15)
[809.255s][info ][gc,heap        ] GC(50) PSYoungGen: 2016448K(2056192K)->3888K(2053120K) Eden: 2012160K(2012160K)->0K(2012160K) From: 4288K(44032K)->3888K(40960K)
[809.255s][info ][gc,heap        ] GC(50) ParOldGen: 286311K(348160K)->287527K(348160K)
[809.255s][info ][gc,metaspace   ] GC(50) Metaspace: 110097K(111424K)->110097K(111424K) NonClass: 93638K(94400K)->93638K(94400K) Class: 16458K(17024K)->16458K(17024K)
[809.255s][info ][gc             ] GC(50) Pause Young (Allocation Failure) 2248M->284M(2345M) 7.109ms
[809.255s][info ][gc,cpu         ] GC(50) User=0.01s Sys=0.00s Real=0.01s
[809.255s][info ][safepoint      ] Safepoint "ParallelGCFailedAllocation", Time since last: 935412011 ns, Reaching safepoint: 8900 ns, Cleanup: 15300 ns, At safepoint: 7201715 ns, Total: 7225915 ns
[812.256s][info ][safepoint      ] Safepoint "Cleanup", Time since last: 3000271823 ns, Reaching safepoint: 597718 ns, Cleanup: 12100 ns, At safepoint: 6500 ns, Total: 616318 ns
[822.257s][info ][safepoint      ] Safepoint "Cleanup", Time since last: 10000850061 ns, Reaching safepoint: 87402 ns, Cleanup: 13201 ns, At safepoint: 12800 ns, Total: 113403 ns
[824.257s][info ][safepoint      ] Safepoint "Cleanup", Time since last: 2000250747 ns, Reaching safepoint: 91202 ns, Cleanup: 20901 ns, At safepoint: 8700 ns, Total: 120803 ns
[826.258s][info ][safepoint      ] Safepoint "Cleanup", Time since last: 2000236153 ns, Reaching safepoint: 85002 ns, Cleanup: 12701 ns, At safepoint: 9900 ns, Total: 107603 ns
[829.258s][info ][safepoint      ] Safepoint "Cleanup", Time since last: 3000306328 ns, Reaching safepoint: 84902 ns, Cleanup: 23201 ns, At safepoint: 6300 ns, Total: 114403 ns
[831.258s][info ][safepoint      ] Safepoint "Cleanup", Time since last: 2000216305 ns, Reaching safepoint: 93803 ns, Cleanup: 12900 ns, At safepoint: 5500 ns, Total: 112203 ns
[833.259s][info ][safepoint      ] Safepoint "Cleanup", Time since last: 2000238593 ns, Reaching safepoint: 9700 ns, Cleanup: 14300 ns, At safepoint: 2400 ns, Total: 26400 ns
[833.410s][info ][gc,start       ] GC(51) Pause Young (Allocation Failure)
[833.418s][debug][gc,phases      ] GC(51) Scavenge 7.725ms
[833.418s][debug][gc,ref         ] GC(51) ReferenceProcessor::execute queues: 1, RefProcThreadModel::Single, marks_oops_alive: false
[833.418s][debug][gc,ref         ] GC(51) Skipped KeepAliveFinalRefsPhase of Reference Processing: no references
[833.418s][debug][gc,ref         ] GC(51) Skipped PhantomRefsPhase of Reference Processing: no references
[833.418s][debug][gc,phases      ] GC(51) Reference Processing 0.132ms
[833.419s][debug][gc,phases      ] GC(51)   VM Weak                        Min:  0.0, Avg:  0.0, Max:  0.0, Diff:  0.0, Sum:  0.0, Workers: 4
[833.419s][debug][gc,phases      ] GC(51)     Dead                           Min: 0, Avg:  0.0, Max: 0, Diff: 0, Sum: 0, Workers: 4
[833.419s][debug][gc,phases      ] GC(51)     Total                          Min: 0, Avg: 259.8, Max: 911, Diff: 911, Sum: 1039, Workers: 4
[833.419s][debug][gc,phases      ] GC(51)   ObjectSynchronizer Weak        Min:  0.0, Avg:  0.0, Max:  0.0, Diff:  0.0, Sum:  0.0, Workers: 4
[833.419s][debug][gc,phases      ] GC(51)     Dead                           Min: 0, Avg:  0.0, Max: 0, Diff: 0, Sum: 0, Workers: 4
[833.419s][debug][gc,phases      ] GC(51)     Total                          Min: 0, Avg:  1.0, Max: 4, Diff: 4, Sum: 4, Workers: 4
[833.419s][debug][gc,phases      ] GC(51)   JVMTI Tag Weak OopStorage      Min:  0.0, Avg:  0.0, Max:  0.0, Diff:  0.0, Sum:  0.0, Workers: 4
[833.419s][debug][gc,phases      ] GC(51)     Dead                           Min: 0, Avg:  0.0, Max: 0, Diff: 0, Sum: 0, Workers: 4
[833.419s][debug][gc,phases      ] GC(51)     Total                          Min: 0, Avg:  0.0, Max: 0, Diff: 0, Sum: 0, Workers: 4
[833.419s][debug][gc,phases      ] GC(51)   StringTable Weak               Min:  0.0, Avg:  0.1, Max:  0.2, Diff:  0.2, Sum:  0.5, Workers: 4
[833.419s][debug][gc,phases      ] GC(51)     Dead                           Min: 0, Avg:  0.0, Max: 0, Diff: 0, Sum: 0, Workers: 4
[833.419s][debug][gc,phases      ] GC(51)     Total                          Min: 0, Avg: 11855.5, Max: 17408, Diff: 17408, Sum: 47422, Workers: 4
[833.419s][debug][gc,phases      ] GC(51)   ResolvedMethodTable Weak       Min:  0.0, Avg:  0.0, Max:  0.1, Diff:  0.1, Sum:  0.2, Workers: 4
[833.419s][debug][gc,phases      ] GC(51)     Dead                           Min: 0, Avg:  6.8, Max: 13, Diff: 13, Sum: 27, Workers: 4
[833.419s][debug][gc,phases      ] GC(51)     Total                          Min: 0, Avg: 3865.5, Max: 6022, Diff: 6022, Sum: 15462, Workers: 4
[833.419s][debug][gc,phases      ] GC(51)   JNI Weak                       Min:  0.0, Avg:  0.0, Max:  0.0, Diff:  0.0, Sum:  0.0, Workers: 4
[833.419s][debug][gc,phases      ] GC(51)     Dead                           Min: 0, Avg:  0.0, Max: 0, Diff: 0, Sum: 0, Workers: 4
[833.419s][debug][gc,phases      ] GC(51)     Total                          Min: 0, Avg: 13.0, Max: 48, Diff: 48, Sum: 52, Workers: 4
[833.419s][debug][gc,phases      ] GC(51)   StringDedup Table Weak         Min:  0.0, Avg:  0.0, Max:  0.0, Diff:  0.0, Sum:  0.0, Workers: 4
[833.419s][debug][gc,phases      ] GC(51)     Dead                           Min: 0, Avg:  0.0, Max: 0, Diff: 0, Sum: 0, Workers: 4
[833.419s][debug][gc,phases      ] GC(51)     Total                          Min: 0, Avg:  0.0, Max: 0, Diff: 0, Sum: 0, Workers: 4
[833.419s][debug][gc,phases      ] GC(51)   StringDedup Requests0 Weak     Min:  0.0, Avg:  0.0, Max:  0.0, Diff:  0.0, Sum:  0.0, Workers: 4
[833.419s][debug][gc,phases      ] GC(51)     Dead                           Min: 0, Avg:  0.0, Max: 0, Diff: 0, Sum: 0, Workers: 4
[833.419s][debug][gc,phases      ] GC(51)     Total                          Min: 0, Avg:  0.0, Max: 0, Diff: 0, Sum: 0, Workers: 4
[833.419s][debug][gc,phases      ] GC(51)   StringDedup Requests1 Weak     Min:  0.0, Avg:  0.0, Max:  0.0, Diff:  0.0, Sum:  0.0, Workers: 4
[833.419s][debug][gc,phases      ] GC(51)     Dead                           Min: 0, Avg:  0.0, Max: 0, Diff: 0, Sum: 0, Workers: 4
[833.419s][debug][gc,phases      ] GC(51)     Total                          Min: 0, Avg:  0.0, Max: 0, Diff: 0, Sum: 0, Workers: 4
[833.419s][debug][gc,phases      ] GC(51)   Weak JFR Old Object Samples    Min:  0.0, Avg:  0.0, Max:  0.0, Diff:  0.0, Sum:  0.0, Workers: 4
[833.419s][debug][gc,phases      ] GC(51)     Dead                           Min: 0, Avg:  0.0, Max: 0, Diff: 0, Sum: 0, Workers: 4
[833.419s][debug][gc,phases      ] GC(51)     Total                          Min: 0, Avg:  0.0, Max: 0, Diff: 0, Sum: 0, Workers: 4
[833.419s][debug][gc,phases      ] GC(51) Weak Processing 0.486ms
[833.419s][debug][gc,age         ] GC(51) Desired survivor size 36700160 bytes, new threshold 1 (max threshold 15)
[833.419s][info ][gc,heap        ] GC(51) PSYoungGen: 2016048K(2053120K)->4484K(2061312K) Eden: 2012160K(2012160K)->0K(2022912K) From: 3888K(40960K)->4484K(38400K)
[833.419s][info ][gc,heap        ] GC(51) ParOldGen: 287527K(348160K)->288407K(348160K)
[833.419s][info ][gc,metaspace   ] GC(51) Metaspace: 110112K(111424K)->110112K(111424K) NonClass: 93653K(94400K)->93653K(94400K) Class: 16458K(17024K)->16458K(17024K)
[833.419s][info ][gc             ] GC(51) Pause Young (Allocation Failure) 2249M->286M(2353M) 8.526ms
[833.419s][info ][gc,cpu         ] GC(51) User=0.02s Sys=0.00s Real=0.01s
[833.419s][info ][safepoint      ] Safepoint "ParallelGCFailedAllocation", Time since last: 151663343 ns, Reaching safepoint: 11901 ns, Cleanup: 6900 ns, At safepoint: 8634358 ns, Total: 8653159 ns
[840.420s][info ][safepoint      ] Safepoint "Cleanup", Time since last: 7000586946 ns, Reaching safepoint: 84502 ns, Cleanup: 28601 ns, At safepoint: 10001 ns, Total: 123104 ns
[841.435s][info ][safepoint      ] Safepoint "Cleanup", Time since last: 1014798477 ns, Reaching safepoint: 10801 ns, Cleanup: 13000 ns, At safepoint: 3200 ns, Total: 27001 ns
[843.435s][info ][safepoint      ] Safepoint "Cleanup", Time since last: 2000216479 ns, Reaching safepoint: 9900 ns, Cleanup: 19201 ns, At safepoint: 2700 ns, Total: 31801 ns
[844.435s][info ][safepoint      ] Safepoint "Cleanup", Time since last: 1000110239 ns, Reaching safepoint: 11601 ns, Cleanup: 16400 ns, At safepoint: 2900 ns, Total: 30901 ns
[846.435s][info ][safepoint      ] Safepoint "Cleanup", Time since last: 2000224579 ns, Reaching safepoint: 14101 ns, Cleanup: 16000 ns, At safepoint: 3500 ns, Total: 33601 ns
[847.435s][info ][safepoint      ] Safepoint "Cleanup", Time since last: 1000134441 ns, Reaching safepoint: 12300 ns, Cleanup: 14800 ns, At safepoint: 2801 ns, Total: 29901 ns
[852.436s][info ][safepoint      ] Safepoint "Cleanup", Time since last: 5000455915 ns, Reaching safepoint: 10600 ns, Cleanup: 15501 ns, At safepoint: 3300 ns, Total: 29401 ns
[854.436s][info ][safepoint      ] Safepoint "Cleanup", Time since last: 2000220071 ns, Reaching safepoint: 12101 ns, Cleanup: 15700 ns, At safepoint: 2900 ns, Total: 30701 ns
[855.436s][info ][safepoint      ] Safepoint "Cleanup", Time since last: 1000143887 ns, Reaching safepoint: 10000 ns, Cleanup: 12800 ns, At safepoint: 3000 ns, Total: 25800 ns
[856.436s][info ][safepoint      ] Safepoint "Cleanup", Time since last: 1000110104 ns, Reaching safepoint: 81903 ns, Cleanup: 13900 ns, At safepoint: 5900 ns, Total: 101703 ns
[857.916s][info ][gc,start       ] GC(52) Pause Young (Allocation Failure)
[857.927s][debug][gc,phases      ] GC(52) Scavenge 11.027ms
[857.927s][debug][gc,ref         ] GC(52) ReferenceProcessor::execute queues: 1, RefProcThreadModel::Single, marks_oops_alive: false
[857.927s][debug][gc,ref         ] GC(52) Skipped KeepAliveFinalRefsPhase of Reference Processing: no references
[857.927s][debug][gc,ref         ] GC(52) Skipped PhantomRefsPhase of Reference Processing: no references
[857.927s][debug][gc,phases      ] GC(52) Reference Processing 0.150ms
[857.928s][debug][gc,phases      ] GC(52)   VM Weak                        Min:  0.0, Avg:  0.0, Max:  0.0, Diff:  0.0, Sum:  0.0, Workers: 4
[857.928s][debug][gc,phases      ] GC(52)     Dead                           Min: 0, Avg:  0.0, Max: 0, Diff: 0, Sum: 0, Workers: 4
[857.928s][debug][gc,phases      ] GC(52)     Total                          Min: 0, Avg: 259.8, Max: 527, Diff: 527, Sum: 1039, Workers: 4
[857.928s][debug][gc,phases      ] GC(52)   ObjectSynchronizer Weak        Min:  0.0, Avg:  0.0, Max:  0.0, Diff:  0.0, Sum:  0.0, Workers: 4
[857.928s][debug][gc,phases      ] GC(52)     Dead                           Min: 0, Avg:  0.0, Max: 0, Diff: 0, Sum: 0, Workers: 4
[857.928s][debug][gc,phases      ] GC(52)     Total                          Min: 0, Avg:  1.0, Max: 4, Diff: 4, Sum: 4, Workers: 4
[857.928s][debug][gc,phases      ] GC(52)   JVMTI Tag Weak OopStorage      Min:  0.0, Avg:  0.0, Max:  0.0, Diff:  0.0, Sum:  0.0, Workers: 4
[857.928s][debug][gc,phases      ] GC(52)     Dead                           Min: 0, Avg:  0.0, Max: 0, Diff: 0, Sum: 0, Workers: 4
[857.928s][debug][gc,phases      ] GC(52)     Total                          Min: 0, Avg:  0.0, Max: 0, Diff: 0, Sum: 0, Workers: 4
[857.928s][debug][gc,phases      ] GC(52)   StringTable Weak               Min:  0.0, Avg:  0.1, Max:  0.2, Diff:  0.2, Sum:  0.5, Workers: 4
[857.928s][debug][gc,phases      ] GC(52)     Dead                           Min: 0, Avg:  0.0, Max: 0, Diff: 0, Sum: 0, Workers: 4
[857.928s][debug][gc,phases      ] GC(52)     Total                          Min: 0, Avg: 11858.0, Max: 24384, Diff: 24384, Sum: 47432, Workers: 4
[857.928s][debug][gc,phases      ] GC(52)   ResolvedMethodTable Weak       Min:  0.0, Avg:  0.0, Max:  0.1, Diff:  0.1, Sum:  0.2, Workers: 4
[857.928s][debug][gc,phases      ] GC(52)     Dead                           Min: 0, Avg:  6.8, Max: 27, Diff: 27, Sum: 27, Workers: 4
[857.928s][debug][gc,phases      ] GC(52)     Total                          Min: 0, Avg: 3865.5, Max: 7749, Diff: 7749, Sum: 15462, Workers: 4
[857.928s][debug][gc,phases      ] GC(52)   JNI Weak                       Min:  0.0, Avg:  0.0, Max:  0.0, Diff:  0.0, Sum:  0.0, Workers: 4
[857.928s][debug][gc,phases      ] GC(52)     Dead                           Min: 0, Avg:  0.0, Max: 0, Diff: 0, Sum: 0, Workers: 4
[857.928s][debug][gc,phases      ] GC(52)     Total                          Min: 0, Avg: 13.0, Max: 48, Diff: 48, Sum: 52, Workers: 4
[857.928s][debug][gc,phases      ] GC(52)   StringDedup Table Weak         Min:  0.0, Avg:  0.0, Max:  0.0, Diff:  0.0, Sum:  0.0, Workers: 4
[857.928s][debug][gc,phases      ] GC(52)     Dead                           Min: 0, Avg:  0.0, Max: 0, Diff: 0, Sum: 0, Workers: 4
[857.928s][debug][gc,phases      ] GC(52)     Total                          Min: 0, Avg:  0.0, Max: 0, Diff: 0, Sum: 0, Workers: 4
[857.928s][debug][gc,phases      ] GC(52)   StringDedup Requests0 Weak     Min:  0.0, Avg:  0.0, Max:  0.0, Diff:  0.0, Sum:  0.0, Workers: 4
[857.928s][debug][gc,phases      ] GC(52)     Dead                           Min: 0, Avg:  0.0, Max: 0, Diff: 0, Sum: 0, Workers: 4
[857.928s][debug][gc,phases      ] GC(52)     Total                          Min: 0, Avg:  0.0, Max: 0, Diff: 0, Sum: 0, Workers: 4
[857.928s][debug][gc,phases      ] GC(52)   StringDedup Requests1 Weak     Min:  0.0, Avg:  0.0, Max:  0.0, Diff:  0.0, Sum:  0.0, Workers: 4
[857.928s][debug][gc,phases      ] GC(52)     Dead                           Min: 0, Avg:  0.0, Max: 0, Diff: 0, Sum: 0, Workers: 4
[857.928s][debug][gc,phases      ] GC(52)     Total                          Min: 0, Avg:  0.0, Max: 0, Diff: 0, Sum: 0, Workers: 4
[857.928s][debug][gc,phases      ] GC(52)   Weak JFR Old Object Samples    Min:  0.0, Avg:  0.0, Max:  0.0, Diff:  0.0, Sum:  0.0, Workers: 4
[857.928s][debug][gc,phases      ] GC(52)     Dead                           Min: 0, Avg:  0.0, Max: 0, Diff: 0, Sum: 0, Workers: 4
[857.928s][debug][gc,phases      ] GC(52)     Total                          Min: 0, Avg:  0.0, Max: 0, Diff: 0, Sum: 0, Workers: 4
[857.928s][debug][gc,phases      ] GC(52) Weak Processing 0.641ms
[857.928s][debug][gc,age         ] GC(52) Desired survivor size 34603008 bytes, new threshold 1 (max threshold 15)
[857.928s][info ][gc,heap        ] GC(52) PSYoungGen: 2027396K(2061312K)->4048K(2058752K) Eden: 2022912K(2022912K)->0K(2022912K) From: 4484K(38400K)->4048K(35840K)
[857.928s][info ][gc,heap        ] GC(52) ParOldGen: 288407K(348160K)->289504K(348160K)
[857.928s][info ][gc,metaspace   ] GC(52) Metaspace: 110138K(111424K)->110138K(111424K) NonClass: 93679K(94400K)->93679K(94400K) Class: 16458K(17024K)->16458K(17024K)
[857.928s][info ][gc             ] GC(52) Pause Young (Allocation Failure) 2261M->286M(2350M) 11.978ms
[857.928s][info ][gc,cpu         ] GC(52) User=0.02s Sys=0.00s Real=0.01s
[857.928s][info ][safepoint      ] Safepoint "ParallelGCFailedAllocation", Time since last: 1479472145 ns, Reaching safepoint: 6700 ns, Cleanup: 3500 ns, At safepoint: 12065362 ns, Total: 12075562 ns
[858.928s][info ][safepoint      ] Safepoint "Cleanup", Time since last: 1000091076 ns, Reaching safepoint: 7800 ns, Cleanup: 11600 ns, At safepoint: 2600 ns, Total: 22000 ns
[859.928s][info ][safepoint      ] Safepoint "Cleanup", Time since last: 1000125977 ns, Reaching safepoint: 12201 ns, Cleanup: 15300 ns, At safepoint: 2400 ns, Total: 29901 ns
[862.929s][info ][safepoint      ] Safepoint "Cleanup", Time since last: 3000244127 ns, Reaching safepoint: 9500 ns, Cleanup: 12801 ns, At safepoint: 2700 ns, Total: 25001 ns
[870.929s][info ][safepoint      ] Safepoint "Cleanup", Time since last: 8000665369 ns, Reaching safepoint: 11700 ns, Cleanup: 16000 ns, At safepoint: 3501 ns, Total: 31201 ns
[872.929s][info ][safepoint      ] Safepoint "Cleanup", Time since last: 2000211395 ns, Reaching safepoint: 11200 ns, Cleanup: 17201 ns, At safepoint: 3200 ns, Total: 31601 ns
[873.930s][info ][safepoint      ] Safepoint "Cleanup", Time since last: 1000145225 ns, Reaching safepoint: 12000 ns, Cleanup: 14500 ns, At safepoint: 2800 ns, Total: 29300 ns
[880.930s][info ][safepoint      ] Safepoint "Cleanup", Time since last: 7000591372 ns, Reaching safepoint: 10500 ns, Cleanup: 11501 ns, At safepoint: 3800 ns, Total: 25801 ns
[881.930s][info ][safepoint      ] Safepoint "Cleanup", Time since last: 1000126400 ns, Reaching safepoint: 9700 ns, Cleanup: 13300 ns, At safepoint: 2901 ns, Total: 25901 ns
[882.876s][info ][gc,start       ] GC(53) Pause Young (Allocation Failure)
[882.880s][debug][gc,phases      ] GC(53) Scavenge 4.179ms
[882.880s][debug][gc,ref         ] GC(53) ReferenceProcessor::execute queues: 1, RefProcThreadModel::Single, marks_oops_alive: false
[882.880s][debug][gc,ref         ] GC(53) Skipped KeepAliveFinalRefsPhase of Reference Processing: no references
[882.880s][debug][gc,ref         ] GC(53) ReferenceProcessor::execute queues: 1, RefProcThreadModel::Single, marks_oops_alive: false
[882.880s][debug][gc,phases      ] GC(53) Reference Processing 0.126ms
[882.881s][debug][gc,phases      ] GC(53)   VM Weak                        Min:  0.0, Avg:  0.0, Max:  0.0, Diff:  0.0, Sum:  0.0, Workers: 4
[882.881s][debug][gc,phases      ] GC(53)     Dead                           Min: 0, Avg:  0.0, Max: 0, Diff: 0, Sum: 0, Workers: 4
[882.881s][debug][gc,phases      ] GC(53)     Total                          Min: 0, Avg: 259.8, Max: 640, Diff: 640, Sum: 1039, Workers: 4
[882.881s][debug][gc,phases      ] GC(53)   ObjectSynchronizer Weak        Min:  0.0, Avg:  0.0, Max:  0.0, Diff:  0.0, Sum:  0.0, Workers: 4
[882.881s][debug][gc,phases      ] GC(53)     Dead                           Min: 0, Avg:  0.0, Max: 0, Diff: 0, Sum: 0, Workers: 4
[882.881s][debug][gc,phases      ] GC(53)     Total                          Min: 0, Avg:  1.0, Max: 4, Diff: 4, Sum: 4, Workers: 4
[882.881s][debug][gc,phases      ] GC(53)   JVMTI Tag Weak OopStorage      Min:  0.0, Avg:  0.0, Max:  0.0, Diff:  0.0, Sum:  0.0, Workers: 4
[882.881s][debug][gc,phases      ] GC(53)     Dead                           Min: 0, Avg:  0.0, Max: 0, Diff: 0, Sum: 0, Workers: 4
[882.881s][debug][gc,phases      ] GC(53)     Total                          Min: 0, Avg:  0.0, Max: 0, Diff: 0, Sum: 0, Workers: 4
[882.881s][debug][gc,phases      ] GC(53)   StringTable Weak               Min:  0.0, Avg:  0.1, Max:  0.2, Diff:  0.2, Sum:  0.5, Workers: 4
[882.881s][debug][gc,phases      ] GC(53)     Dead                           Min: 0, Avg:  0.0, Max: 0, Diff: 0, Sum: 0, Workers: 4
[882.881s][debug][gc,phases      ] GC(53)     Total                          Min: 0, Avg: 11858.0, Max: 16768, Diff: 16768, Sum: 47432, Workers: 4
[882.881s][debug][gc,phases      ] GC(53)   ResolvedMethodTable Weak       Min:  0.0, Avg:  0.0, Max:  0.1, Diff:  0.1, Sum:  0.2, Workers: 4
[882.881s][debug][gc,phases      ] GC(53)     Dead                           Min: 0, Avg:  6.8, Max: 27, Diff: 27, Sum: 27, Workers: 4
[882.881s][debug][gc,phases      ] GC(53)     Total                          Min: 0, Avg: 3865.5, Max: 5606, Diff: 5606, Sum: 15462, Workers: 4
[882.881s][debug][gc,phases      ] GC(53)   JNI Weak                       Min:  0.0, Avg:  0.0, Max:  0.0, Diff:  0.0, Sum:  0.0, Workers: 4
[882.881s][debug][gc,phases      ] GC(53)     Dead                           Min: 0, Avg:  0.0, Max: 0, Diff: 0, Sum: 0, Workers: 4
[882.881s][debug][gc,phases      ] GC(53)     Total                          Min: 0, Avg: 13.2, Max: 48, Diff: 48, Sum: 53, Workers: 4
[882.881s][debug][gc,phases      ] GC(53)   StringDedup Table Weak         Min:  0.0, Avg:  0.0, Max:  0.0, Diff:  0.0, Sum:  0.0, Workers: 4
[882.881s][debug][gc,phases      ] GC(53)     Dead                           Min: 0, Avg:  0.0, Max: 0, Diff: 0, Sum: 0, Workers: 4
[882.881s][debug][gc,phases      ] GC(53)     Total                          Min: 0, Avg:  0.0, Max: 0, Diff: 0, Sum: 0, Workers: 4
[882.881s][debug][gc,phases      ] GC(53)   StringDedup Requests0 Weak     Min:  0.0, Avg:  0.0, Max:  0.0, Diff:  0.0, Sum:  0.0, Workers: 4
[882.881s][debug][gc,phases      ] GC(53)     Dead                           Min: 0, Avg:  0.0, Max: 0, Diff: 0, Sum: 0, Workers: 4
[882.881s][debug][gc,phases      ] GC(53)     Total                          Min: 0, Avg:  0.0, Max: 0, Diff: 0, Sum: 0, Workers: 4
[882.881s][debug][gc,phases      ] GC(53)   StringDedup Requests1 Weak     Min:  0.0, Avg:  0.0, Max:  0.0, Diff:  0.0, Sum:  0.0, Workers: 4
[882.881s][debug][gc,phases      ] GC(53)     Dead                           Min: 0, Avg:  0.0, Max: 0, Diff: 0, Sum: 0, Workers: 4
[882.881s][debug][gc,phases      ] GC(53)     Total                          Min: 0, Avg:  0.0, Max: 0, Diff: 0, Sum: 0, Workers: 4
[882.881s][debug][gc,phases      ] GC(53)   Weak JFR Old Object Samples    Min:  0.0, Avg:  0.0, Max:  0.0, Diff:  0.0, Sum:  0.0, Workers: 4
[882.881s][debug][gc,phases      ] GC(53)     Dead                           Min: 0, Avg:  0.0, Max: 0, Diff: 0, Sum: 0, Workers: 4
[882.881s][debug][gc,phases      ] GC(53)     Total                          Min: 0, Avg:  0.0, Max: 0, Diff: 0, Sum: 0, Workers: 4
[882.881s][debug][gc,phases      ] GC(53) Weak Processing 0.477ms
[882.881s][debug][gc,age         ] GC(53) Desired survivor size 32505856 bytes, new threshold 1 (max threshold 15)
[882.881s][info ][gc,heap        ] GC(53) PSYoungGen: 2026960K(2058752K)->4128K(2065408K) Eden: 2022912K(2022912K)->0K(2031616K) From: 4048K(35840K)->4128K(33792K)
[882.881s][info ][gc,heap        ] GC(53) ParOldGen: 289504K(348160K)->290268K(348160K)
[882.881s][info ][gc,metaspace   ] GC(53) Metaspace: 110144K(111424K)->110144K(111424K) NonClass: 93685K(94400K)->93685K(94400K) Class: 16458K(17024K)->16458K(17024K)
[882.881s][info ][gc             ] GC(53) Pause Young (Allocation Failure) 2262M->287M(2357M) 4.950ms
[882.881s][info ][gc,cpu         ] GC(53) User=0.01s Sys=0.00s Real=0.00s
[882.881s][info ][safepoint      ] Safepoint "ParallelGCFailedAllocation", Time since last: 945341400 ns, Reaching safepoint: 11000 ns, Cleanup: 11800 ns, At safepoint: 5050748 ns, Total: 5073548 ns
[887.881s][info ][safepoint      ] Safepoint "Cleanup", Time since last: 5000391592 ns, Reaching safepoint: 10100 ns, Cleanup: 15201 ns, At safepoint: 2500 ns, Total: 27801 ns
[892.882s][info ][safepoint      ] Safepoint "Cleanup", Time since last: 5000457662 ns, Reaching safepoint: 14001 ns, Cleanup: 15000 ns, At safepoint: 3200 ns, Total: 32201 ns
[896.882s][info ][safepoint      ] Safepoint "Cleanup", Time since last: 4000377010 ns, Reaching safepoint: 16500 ns, Cleanup: 15701 ns, At safepoint: 3600 ns, Total: 35801 ns
[903.463s][info ][safepoint      ] Safepoint "Cleanup", Time since last: 6580760006 ns, Reaching safepoint: 10400 ns, Cleanup: 13001 ns, At safepoint: 2900 ns, Total: 26301 ns
[906.454s][info ][gc,start       ] GC(54) Pause Young (Allocation Failure)
[906.459s][debug][gc,phases      ] GC(54) Scavenge 4.427ms
[906.459s][debug][gc,ref         ] GC(54) ReferenceProcessor::execute queues: 1, RefProcThreadModel::Single, marks_oops_alive: false
[906.459s][debug][gc,ref         ] GC(54) Skipped KeepAliveFinalRefsPhase of Reference Processing: no references
[906.459s][debug][gc,ref         ] GC(54) ReferenceProcessor::execute queues: 1, RefProcThreadModel::Single, marks_oops_alive: false
[906.459s][debug][gc,phases      ] GC(54) Reference Processing 0.124ms
[906.459s][debug][gc,phases      ] GC(54)   VM Weak                        Min:  0.0, Avg:  0.0, Max:  0.0, Diff:  0.0, Sum:  0.0, Workers: 4
[906.459s][debug][gc,phases      ] GC(54)     Dead                           Min: 0, Avg:  0.0, Max: 0, Diff: 0, Sum: 0, Workers: 4
[906.459s][debug][gc,phases      ] GC(54)     Total                          Min: 0, Avg: 259.8, Max: 704, Diff: 704, Sum: 1039, Workers: 4
[906.459s][debug][gc,phases      ] GC(54)   ObjectSynchronizer Weak        Min:  0.0, Avg:  0.0, Max:  0.0, Diff:  0.0, Sum:  0.0, Workers: 4
[906.459s][debug][gc,phases      ] GC(54)     Dead                           Min: 0, Avg:  0.0, Max: 0, Diff: 0, Sum: 0, Workers: 4
[906.459s][debug][gc,phases      ] GC(54)     Total                          Min: 0, Avg:  1.0, Max: 4, Diff: 4, Sum: 4, Workers: 4
[906.459s][debug][gc,phases      ] GC(54)   JVMTI Tag Weak OopStorage      Min:  0.0, Avg:  0.0, Max:  0.0, Diff:  0.0, Sum:  0.0, Workers: 4
[906.459s][debug][gc,phases      ] GC(54)     Dead                           Min: 0, Avg:  0.0, Max: 0, Diff: 0, Sum: 0, Workers: 4
[906.459s][debug][gc,phases      ] GC(54)     Total                          Min: 0, Avg:  0.0, Max: 0, Diff: 0, Sum: 0, Workers: 4
[906.459s][debug][gc,phases      ] GC(54)   StringTable Weak               Min:  0.0, Avg:  0.1, Max:  0.2, Diff:  0.2, Sum:  0.5, Workers: 4
[906.459s][debug][gc,phases      ] GC(54)     Dead                           Min: 0, Avg:  0.0, Max: 0, Diff: 0, Sum: 0, Workers: 4
[906.459s][debug][gc,phases      ] GC(54)     Total                          Min: 0, Avg: 11858.8, Max: 16448, Diff: 16448, Sum: 47435, Workers: 4
[906.459s][debug][gc,phases      ] GC(54)   ResolvedMethodTable Weak       Min:  0.0, Avg:  0.0, Max:  0.1, Diff:  0.1, Sum:  0.2, Workers: 4
[906.459s][debug][gc,phases      ] GC(54)     Dead                           Min: 0, Avg:  6.8, Max: 27, Diff: 27, Sum: 27, Workers: 4
[906.459s][debug][gc,phases      ] GC(54)     Total                          Min: 0, Avg: 3865.5, Max: 5311, Diff: 5311, Sum: 15462, Workers: 4
[906.459s][debug][gc,phases      ] GC(54)   JNI Weak                       Min:  0.0, Avg:  0.0, Max:  0.0, Diff:  0.0, Sum:  0.0, Workers: 4
[906.459s][debug][gc,phases      ] GC(54)     Dead                           Min: 0, Avg:  0.0, Max: 0, Diff: 0, Sum: 0, Workers: 4
[906.459s][debug][gc,phases      ] GC(54)     Total                          Min: 0, Avg: 13.0, Max: 48, Diff: 48, Sum: 52, Workers: 4
[906.459s][debug][gc,phases      ] GC(54)   StringDedup Table Weak         Min:  0.0, Avg:  0.0, Max:  0.0, Diff:  0.0, Sum:  0.0, Workers: 4
[906.459s][debug][gc,phases      ] GC(54)     Dead                           Min: 0, Avg:  0.0, Max: 0, Diff: 0, Sum: 0, Workers: 4
[906.459s][debug][gc,phases      ] GC(54)     Total                          Min: 0, Avg:  0.0, Max: 0, Diff: 0, Sum: 0, Workers: 4
[906.459s][debug][gc,phases      ] GC(54)   StringDedup Requests0 Weak     Min:  0.0, Avg:  0.0, Max:  0.0, Diff:  0.0, Sum:  0.0, Workers: 4
[906.459s][debug][gc,phases      ] GC(54)     Dead                           Min: 0, Avg:  0.0, Max: 0, Diff: 0, Sum: 0, Workers: 4
[906.460s][debug][gc,phases      ] GC(54)     Total                          Min: 0, Avg:  0.0, Max: 0, Diff: 0, Sum: 0, Workers: 4
[906.460s][debug][gc,phases      ] GC(54)   StringDedup Requests1 Weak     Min:  0.0, Avg:  0.0, Max:  0.0, Diff:  0.0, Sum:  0.0, Workers: 4
[906.460s][debug][gc,phases      ] GC(54)     Dead                           Min: 0, Avg:  0.0, Max: 0, Diff: 0, Sum: 0, Workers: 4
[906.460s][debug][gc,phases      ] GC(54)     Total                          Min: 0, Avg:  0.0, Max: 0, Diff: 0, Sum: 0, Workers: 4
[906.460s][debug][gc,phases      ] GC(54)   Weak JFR Old Object Samples    Min:  0.0, Avg:  0.0, Max:  0.0, Diff:  0.0, Sum:  0.0, Workers: 4
[906.460s][debug][gc,phases      ] GC(54)     Dead                           Min: 0, Avg:  0.0, Max: 0, Diff: 0, Sum: 0, Workers: 4
[906.460s][debug][gc,phases      ] GC(54)     Total                          Min: 0, Avg:  0.0, Max: 0, Diff: 0, Sum: 0, Workers: 4
[906.460s][debug][gc,phases      ] GC(54) Weak Processing 0.470ms
[906.460s][debug][gc,age         ] GC(54) Desired survivor size 29884416 bytes, new threshold 1 (max threshold 15)
[906.460s][info ][gc,heap        ] GC(54) PSYoungGen: 2035744K(2065408K)->4848K(2063360K) Eden: 2031616K(2031616K)->0K(2031616K) From: 4128K(33792K)->4848K(31744K)
[906.460s][info ][gc,heap        ] GC(54) ParOldGen: 290268K(348160K)->291168K(348160K)
[906.460s][info ][gc,metaspace   ] GC(54) Metaspace: 110166K(111424K)->110166K(111424K) NonClass: 93707K(94400K)->93707K(94400K) Class: 16458K(17024K)->16458K(17024K)
[906.460s][info ][gc             ] GC(54) Pause Young (Allocation Failure) 2271M->289M(2355M) 5.191ms
[906.460s][info ][gc,cpu         ] GC(54) User=0.02s Sys=0.00s Real=0.00s
[906.460s][info ][safepoint      ] Safepoint "ParallelGCFailedAllocation", Time since last: 2991398783 ns, Reaching safepoint: 9100 ns, Cleanup: 5600 ns, At safepoint: 5279459 ns, Total: 5294159 ns
[910.460s][info ][safepoint      ] Safepoint "Cleanup", Time since last: 4000297740 ns, Reaching safepoint: 89903 ns, Cleanup: 12000 ns, At safepoint: 7700 ns, Total: 109603 ns
[911.460s][info ][safepoint      ] Safepoint "Cleanup", Time since last: 1000115012 ns, Reaching safepoint: 8800 ns, Cleanup: 11300 ns, At safepoint: 2700 ns, Total: 22800 ns
[919.461s][info ][safepoint      ] Safepoint "Cleanup", Time since last: 8000679296 ns, Reaching safepoint: 85903 ns, Cleanup: 12400 ns, At safepoint: 7501 ns, Total: 105804 ns
[922.468s][info ][safepoint      ] Safepoint "Cleanup", Time since last: 3002746467 ns, Reaching safepoint: 3985421 ns, Cleanup: 43201 ns, At safepoint: 18701 ns, Total: 4047323 ns
[923.468s][info ][safepoint      ] Safepoint "Cleanup", Time since last: 1000119606 ns, Reaching safepoint: 10400 ns, Cleanup: 24501 ns, At safepoint: 3000 ns, Total: 37901 ns
[928.468s][info ][safepoint      ] Safepoint "Cleanup", Time since last: 5000407387 ns, Reaching safepoint: 8300 ns, Cleanup: 11101 ns, At safepoint: 2700 ns, Total: 22101 ns
[929.468s][info ][safepoint      ] Safepoint "Cleanup", Time since last: 1000123709 ns, Reaching safepoint: 8200 ns, Cleanup: 10500 ns, At safepoint: 3000 ns, Total: 21700 ns
[930.192s][info ][gc,start       ] GC(55) Pause Young (Allocation Failure)
[930.204s][debug][gc,phases      ] GC(55) Scavenge 11.611ms
[930.204s][debug][gc,ref         ] GC(55) ReferenceProcessor::execute queues: 1, RefProcThreadModel::Single, marks_oops_alive: false
[930.204s][debug][gc,ref         ] GC(55) Skipped KeepAliveFinalRefsPhase of Reference Processing: no references
[930.204s][debug][gc,ref         ] GC(55) ReferenceProcessor::execute queues: 1, RefProcThreadModel::Single, marks_oops_alive: false
[930.204s][debug][gc,phases      ] GC(55) Reference Processing 0.160ms
[930.204s][debug][gc,phases      ] GC(55)   VM Weak                        Min:  0.0, Avg:  0.0, Max:  0.0, Diff:  0.0, Sum:  0.0, Workers: 4
[930.204s][debug][gc,phases      ] GC(55)     Dead                           Min: 0, Avg:  0.0, Max: 0, Diff: 0, Sum: 0, Workers: 4
[930.204s][debug][gc,phases      ] GC(55)     Total                          Min: 0, Avg: 259.8, Max: 960, Diff: 960, Sum: 1039, Workers: 4
[930.204s][debug][gc,phases      ] GC(55)   ObjectSynchronizer Weak        Min:  0.0, Avg:  0.0, Max:  0.0, Diff:  0.0, Sum:  0.0, Workers: 4
[930.204s][debug][gc,phases      ] GC(55)     Dead                           Min: 0, Avg:  0.0, Max: 0, Diff: 0, Sum: 0, Workers: 4
[930.204s][debug][gc,phases      ] GC(55)     Total                          Min: 0, Avg:  1.0, Max: 4, Diff: 4, Sum: 4, Workers: 4
[930.204s][debug][gc,phases      ] GC(55)   JVMTI Tag Weak OopStorage      Min:  0.0, Avg:  0.0, Max:  0.0, Diff:  0.0, Sum:  0.0, Workers: 4
[930.204s][debug][gc,phases      ] GC(55)     Dead                           Min: 0, Avg:  0.0, Max: 0, Diff: 0, Sum: 0, Workers: 4
[930.204s][debug][gc,phases      ] GC(55)     Total                          Min: 0, Avg:  0.0, Max: 0, Diff: 0, Sum: 0, Workers: 4
[930.204s][debug][gc,phases      ] GC(55)   StringTable Weak               Min:  0.0, Avg:  0.1, Max:  0.2, Diff:  0.2, Sum:  0.5, Workers: 4
[930.204s][debug][gc,phases      ] GC(55)     Dead                           Min: 0, Avg:  0.0, Max: 0, Diff: 0, Sum: 0, Workers: 4
[930.204s][debug][gc,phases      ] GC(55)     Total                          Min: 0, Avg: 11859.8, Max: 16783, Diff: 16783, Sum: 47439, Workers: 4
[930.204s][debug][gc,phases      ] GC(55)   ResolvedMethodTable Weak       Min:  0.0, Avg:  0.0, Max:  0.1, Diff:  0.1, Sum:  0.2, Workers: 4
[930.204s][debug][gc,phases      ] GC(55)     Dead                           Min: 0, Avg:  6.8, Max: 27, Diff: 27, Sum: 27, Workers: 4
[930.204s][debug][gc,phases      ] GC(55)     Total                          Min: 0, Avg: 3866.0, Max: 5931, Diff: 5931, Sum: 15464, Workers: 4
[930.204s][debug][gc,phases      ] GC(55)   JNI Weak                       Min:  0.0, Avg:  0.0, Max:  0.0, Diff:  0.0, Sum:  0.0, Workers: 4
[930.204s][debug][gc,phases      ] GC(55)     Dead                           Min: 0, Avg:  0.0, Max: 0, Diff: 0, Sum: 0, Workers: 4
[930.204s][debug][gc,phases      ] GC(55)     Total                          Min: 0, Avg: 13.0, Max: 48, Diff: 48, Sum: 52, Workers: 4
[930.204s][debug][gc,phases      ] GC(55)   StringDedup Table Weak         Min:  0.0, Avg:  0.0, Max:  0.0, Diff:  0.0, Sum:  0.0, Workers: 4
[930.204s][debug][gc,phases      ] GC(55)     Dead                           Min: 0, Avg:  0.0, Max: 0, Diff: 0, Sum: 0, Workers: 4
[930.204s][debug][gc,phases      ] GC(55)     Total                          Min: 0, Avg:  0.0, Max: 0, Diff: 0, Sum: 0, Workers: 4
[930.204s][debug][gc,phases      ] GC(55)   StringDedup Requests0 Weak     Min:  0.0, Avg:  0.0, Max:  0.0, Diff:  0.0, Sum:  0.0, Workers: 4
[930.204s][debug][gc,phases      ] GC(55)     Dead                           Min: 0, Avg:  0.0, Max: 0, Diff: 0, Sum: 0, Workers: 4
[930.204s][debug][gc,phases      ] GC(55)     Total                          Min: 0, Avg:  0.0, Max: 0, Diff: 0, Sum: 0, Workers: 4
[930.204s][debug][gc,phases      ] GC(55)   StringDedup Requests1 Weak     Min:  0.0, Avg:  0.0, Max:  0.0, Diff:  0.0, Sum:  0.0, Workers: 4
[930.204s][debug][gc,phases      ] GC(55)     Dead                           Min: 0, Avg:  0.0, Max: 0, Diff: 0, Sum: 0, Workers: 4
[930.204s][debug][gc,phases      ] GC(55)     Total                          Min: 0, Avg:  0.0, Max: 0, Diff: 0, Sum: 0, Workers: 4
[930.204s][debug][gc,phases      ] GC(55)   Weak JFR Old Object Samples    Min:  0.0, Avg:  0.0, Max:  0.0, Diff:  0.0, Sum:  0.0, Workers: 4
[930.204s][debug][gc,phases      ] GC(55)     Dead                           Min: 0, Avg:  0.0, Max: 0, Diff: 0, Sum: 0, Workers: 4
[930.204s][debug][gc,phases      ] GC(55)     Total                          Min: 0, Avg:  0.0, Max: 0, Diff: 0, Sum: 0, Workers: 4
[930.204s][debug][gc,phases      ] GC(55) Weak Processing 0.510ms
[930.204s][debug][gc,age         ] GC(55) Desired survivor size 28311552 bytes, new threshold 1 (max threshold 15)
[930.204s][info ][gc,heap        ] GC(55) PSYoungGen: 2036464K(2063360K)->4160K(2069504K) Eden: 2031616K(2031616K)->0K(2040320K) From: 4848K(31744K)->4160K(29184K)
[930.204s][info ][gc,heap        ] GC(55) ParOldGen: 291168K(348160K)->292729K(348160K)
[930.205s][info ][gc,metaspace   ] GC(55) Metaspace: 110205K(111552K)->110205K(111552K) NonClass: 93746K(94528K)->93746K(94528K) Class: 16459K(17024K)->16459K(17024K)
[930.205s][info ][gc             ] GC(55) Pause Young (Allocation Failure) 2273M->289M(2361M) 12.471ms
[930.205s][info ][gc,cpu         ] GC(55) User=0.02s Sys=0.00s Real=0.01s
[930.205s][info ][safepoint      ] Safepoint "ParallelGCFailedAllocation", Time since last: 723478466 ns, Reaching safepoint: 11900 ns, Cleanup: 14401 ns, At safepoint: 12577297 ns, Total: 12603598 ns
[931.205s][info ][safepoint      ] Safepoint "Cleanup", Time since last: 1000096808 ns, Reaching safepoint: 84803 ns, Cleanup: 39401 ns, At safepoint: 10301 ns, Total: 134505 ns
[932.205s][info ][safepoint      ] Safepoint "Cleanup", Time since last: 1000140309 ns, Reaching safepoint: 96603 ns, Cleanup: 28701 ns, At safepoint: 7700 ns, Total: 133004 ns
[933.205s][info ][safepoint      ] Safepoint "Cleanup", Time since last: 1000124109 ns, Reaching safepoint: 85703 ns, Cleanup: 14000 ns, At safepoint: 7601 ns, Total: 107304 ns
[934.205s][info ][safepoint      ] Safepoint "Cleanup", Time since last: 1000128609 ns, Reaching safepoint: 10600 ns, Cleanup: 16401 ns, At safepoint: 2900 ns, Total: 29901 ns
[936.212s][info ][safepoint      ] Safepoint "Cleanup", Time since last: 2002255146 ns, Reaching safepoint: 4254027 ns, Cleanup: 14401 ns, At safepoint: 11900 ns, Total: 4280328 ns
[937.212s][info ][safepoint      ] Safepoint "Cleanup", Time since last: 1000136214 ns, Reaching safepoint: 83302 ns, Cleanup: 12401 ns, At safepoint: 6800 ns, Total: 102503 ns
[938.212s][info ][safepoint      ] Safepoint "Cleanup", Time since last: 1000115613 ns, Reaching safepoint: 9800 ns, Cleanup: 12500 ns, At safepoint: 2800 ns, Total: 25100 ns
[939.213s][info ][safepoint      ] Safepoint "Cleanup", Time since last: 1000126214 ns, Reaching safepoint: 86202 ns, Cleanup: 17201 ns, At safepoint: 8900 ns, Total: 112303 ns
[940.213s][info ][safepoint      ] Safepoint "Cleanup", Time since last: 1000150614 ns, Reaching safepoint: 10500 ns, Cleanup: 23301 ns, At safepoint: 2900 ns, Total: 36701 ns
[942.213s][info ][safepoint      ] Safepoint "Cleanup", Time since last: 2000207625 ns, Reaching safepoint: 12801 ns, Cleanup: 12200 ns, At safepoint: 2900 ns, Total: 27901 ns
[943.213s][info ][safepoint      ] Safepoint "Cleanup", Time since last: 1000120613 ns, Reaching safepoint: 10900 ns, Cleanup: 17101 ns, At safepoint: 3400 ns, Total: 31401 ns
[944.216s][info ][safepoint      ] Safepoint "Cleanup", Time since last: 1000136584 ns, Reaching safepoint: 2147966 ns, Cleanup: 24301 ns, At safepoint: 12900 ns, Total: 2185167 ns
[945.216s][info ][safepoint      ] Safepoint "Cleanup", Time since last: 1000135483 ns, Reaching safepoint: 9700 ns, Cleanup: 31301 ns, At safepoint: 3400 ns, Total: 44401 ns
[947.216s][info ][safepoint      ] Safepoint "Cleanup", Time since last: 2000193062 ns, Reaching safepoint: 84503 ns, Cleanup: 15200 ns, At safepoint: 6300 ns, Total: 106003 ns
[948.216s][info ][safepoint      ] Safepoint "Cleanup", Time since last: 1000134183 ns, Reaching safepoint: 9900 ns, Cleanup: 15101 ns, At safepoint: 2700 ns, Total: 27701 ns
[949.216s][info ][safepoint      ] Safepoint "Cleanup", Time since last: 1000131782 ns, Reaching safepoint: 11300 ns, Cleanup: 14801 ns, At safepoint: 2700 ns, Total: 28801 ns
[951.217s][info ][safepoint      ] Safepoint "Cleanup", Time since last: 2000225163 ns, Reaching safepoint: 8600 ns, Cleanup: 17101 ns, At safepoint: 2400 ns, Total: 28101 ns
[953.217s][info ][safepoint      ] Safepoint "Cleanup", Time since last: 2000307841 ns, Reaching safepoint: 12300 ns, Cleanup: 14801 ns, At safepoint: 2700 ns, Total: 29801 ns
[954.441s][info ][gc,start       ] GC(56) Pause Young (Allocation Failure)
[954.446s][debug][gc,phases      ] GC(56) Scavenge 4.555ms
[954.446s][debug][gc,ref         ] GC(56) ReferenceProcessor::execute queues: 1, RefProcThreadModel::Single, marks_oops_alive: false
[954.446s][debug][gc,ref         ] GC(56) Skipped KeepAliveFinalRefsPhase of Reference Processing: no references
[954.446s][debug][gc,ref         ] GC(56) ReferenceProcessor::execute queues: 1, RefProcThreadModel::Single, marks_oops_alive: false
[954.446s][debug][gc,phases      ] GC(56) Reference Processing 0.142ms
[954.446s][debug][gc,phases      ] GC(56)   VM Weak                        Min:  0.0, Avg:  0.0, Max:  0.0, Diff:  0.0, Sum:  0.0, Workers: 4
[954.446s][debug][gc,phases      ] GC(56)     Dead                           Min: 0, Avg:  0.0, Max: 0, Diff: 0, Sum: 0, Workers: 4
[954.446s][debug][gc,phases      ] GC(56)     Total                          Min: 0, Avg: 259.8, Max: 704, Diff: 704, Sum: 1039, Workers: 4
[954.446s][debug][gc,phases      ] GC(56)   ObjectSynchronizer Weak        Min:  0.0, Avg:  0.0, Max:  0.0, Diff:  0.0, Sum:  0.0, Workers: 4
[954.446s][debug][gc,phases      ] GC(56)     Dead                           Min: 0, Avg:  0.0, Max: 0, Diff: 0, Sum: 0, Workers: 4
[954.446s][debug][gc,phases      ] GC(56)     Total                          Min: 0, Avg:  1.0, Max: 4, Diff: 4, Sum: 4, Workers: 4
[954.446s][debug][gc,phases      ] GC(56)   JVMTI Tag Weak OopStorage      Min:  0.0, Avg:  0.0, Max:  0.0, Diff:  0.0, Sum:  0.0, Workers: 4
[954.446s][debug][gc,phases      ] GC(56)     Dead                           Min: 0, Avg:  0.0, Max: 0, Diff: 0, Sum: 0, Workers: 4
[954.446s][debug][gc,phases      ] GC(56)     Total                          Min: 0, Avg:  0.0, Max: 0, Diff: 0, Sum: 0, Workers: 4
[954.446s][debug][gc,phases      ] GC(56)   StringTable Weak               Min:  0.0, Avg:  0.1, Max:  0.2, Diff:  0.2, Sum:  0.5, Workers: 4
[954.446s][debug][gc,phases      ] GC(56)     Dead                           Min: 0, Avg:  0.0, Max: 0, Diff: 0, Sum: 0, Workers: 4
[954.446s][debug][gc,phases      ] GC(56)     Total                          Min: 0, Avg: 11861.5, Max: 16384, Diff: 16384, Sum: 47446, Workers: 4
[954.446s][debug][gc,phases      ] GC(56)   ResolvedMethodTable Weak       Min:  0.0, Avg:  0.0, Max:  0.1, Diff:  0.1, Sum:  0.2, Workers: 4
[954.446s][debug][gc,phases      ] GC(56)     Dead                           Min: 0, Avg:  6.8, Max: 27, Diff: 27, Sum: 27, Workers: 4
[954.446s][debug][gc,phases      ] GC(56)     Total                          Min: 0, Avg: 3866.0, Max: 5307, Diff: 5307, Sum: 15464, Workers: 4
[954.446s][debug][gc,phases      ] GC(56)   JNI Weak                       Min:  0.0, Avg:  0.0, Max:  0.0, Diff:  0.0, Sum:  0.0, Workers: 4
[954.446s][debug][gc,phases      ] GC(56)     Dead                           Min: 0, Avg:  0.0, Max: 0, Diff: 0, Sum: 0, Workers: 4
[954.446s][debug][gc,phases      ] GC(56)     Total                          Min: 0, Avg: 13.0, Max: 48, Diff: 48, Sum: 52, Workers: 4
[954.446s][debug][gc,phases      ] GC(56)   StringDedup Table Weak         Min:  0.0, Avg:  0.0, Max:  0.0, Diff:  0.0, Sum:  0.0, Workers: 4
[954.446s][debug][gc,phases      ] GC(56)     Dead                           Min: 0, Avg:  0.0, Max: 0, Diff: 0, Sum: 0, Workers: 4
[954.446s][debug][gc,phases      ] GC(56)     Total                          Min: 0, Avg:  0.0, Max: 0, Diff: 0, Sum: 0, Workers: 4
[954.446s][debug][gc,phases      ] GC(56)   StringDedup Requests0 Weak     Min:  0.0, Avg:  0.0, Max:  0.0, Diff:  0.0, Sum:  0.0, Workers: 4
[954.446s][debug][gc,phases      ] GC(56)     Dead                           Min: 0, Avg:  0.0, Max: 0, Diff: 0, Sum: 0, Workers: 4
[954.446s][debug][gc,phases      ] GC(56)     Total                          Min: 0, Avg:  0.0, Max: 0, Diff: 0, Sum: 0, Workers: 4
[954.446s][debug][gc,phases      ] GC(56)   StringDedup Requests1 Weak     Min:  0.0, Avg:  0.0, Max:  0.0, Diff:  0.0, Sum:  0.0, Workers: 4
[954.446s][debug][gc,phases      ] GC(56)     Dead                           Min: 0, Avg:  0.0, Max: 0, Diff: 0, Sum: 0, Workers: 4
[954.447s][debug][gc,phases      ] GC(56)     Total                          Min: 0, Avg:  0.0, Max: 0, Diff: 0, Sum: 0, Workers: 4
[954.447s][debug][gc,phases      ] GC(56)   Weak JFR Old Object Samples    Min:  0.0, Avg:  0.0, Max:  0.0, Diff:  0.0, Sum:  0.0, Workers: 4
[954.447s][debug][gc,phases      ] GC(56)     Dead                           Min: 0, Avg:  0.0, Max: 0, Diff: 0, Sum: 0, Workers: 4
[954.447s][debug][gc,phases      ] GC(56)     Total                          Min: 0, Avg:  0.0, Max: 0, Diff: 0, Sum: 0, Workers: 4
[954.447s][debug][gc,phases      ] GC(56) Weak Processing 0.445ms
[954.447s][debug][gc,age         ] GC(56) Desired survivor size 26214400 bytes, new threshold 1 (max threshold 15)
[954.447s][info ][gc,heap        ] GC(56) PSYoungGen: 2044480K(2069504K)->4196K(2067968K) Eden: 2040320K(2040320K)->0K(2040320K) From: 4160K(29184K)->4196K(27648K)
[954.447s][info ][gc,heap        ] GC(56) ParOldGen: 292729K(348160K)->293700K(348160K)
[954.447s][info ][gc,metaspace   ] GC(56) Metaspace: 110231K(111552K)->110231K(111552K) NonClass: 93772K(94528K)->93772K(94528K) Class: 16459K(17024K)->16459K(17024K)
[954.447s][info ][gc             ] GC(56) Pause Young (Allocation Failure) 2282M->290M(2359M) 5.317ms
[954.447s][info ][gc,cpu         ] GC(56) User=0.02s Sys=0.00s Real=0.01s
[954.447s][info ][safepoint      ] Safepoint "ParallelGCFailedAllocation", Time since last: 1224209876 ns, Reaching safepoint: 88403 ns, Cleanup: 4900 ns, At safepoint: 5409166 ns, Total: 5502469 ns
[963.490s][info ][safepoint      ] Safepoint "Cleanup", Time since last: 9043576987 ns, Reaching safepoint: 84403 ns, Cleanup: 13701 ns, At safepoint: 7500 ns, Total: 105604 ns
[964.491s][info ][safepoint      ] Safepoint "Cleanup", Time since last: 1000133745 ns, Reaching safepoint: 82704 ns, Cleanup: 12400 ns, At safepoint: 8800 ns, Total: 103904 ns
[966.491s][info ][safepoint      ] Safepoint "Cleanup", Time since last: 2000215841 ns, Reaching safepoint: 85203 ns, Cleanup: 12000 ns, At safepoint: 6901 ns, Total: 104104 ns
[967.491s][info ][safepoint      ] Safepoint "Cleanup", Time since last: 1000128673 ns, Reaching safepoint: 87703 ns, Cleanup: 14001 ns, At safepoint: 11500 ns, Total: 113204 ns
[968.491s][info ][safepoint      ] Safepoint "Cleanup", Time since last: 1000131441 ns, Reaching safepoint: 96003 ns, Cleanup: 25001 ns, At safepoint: 13000 ns, Total: 134004 ns
[971.492s][info ][safepoint      ] Safepoint "Cleanup", Time since last: 3000297046 ns, Reaching safepoint: 128304 ns, Cleanup: 13301 ns, At safepoint: 37201 ns, Total: 178806 ns
[977.492s][info ][safepoint      ] Safepoint "Cleanup", Time since last: 6000500782 ns, Reaching safepoint: 81603 ns, Cleanup: 12800 ns, At safepoint: 8300 ns, Total: 102703 ns
[978.750s][info ][gc,start       ] GC(57) Pause Young (Allocation Failure)
[978.767s][debug][gc,phases      ] GC(57) Scavenge 16.977ms
[978.767s][debug][gc,ref         ] GC(57) ReferenceProcessor::execute queues: 1, RefProcThreadModel::Single, marks_oops_alive: false
[978.767s][debug][gc,ref         ] GC(57) Skipped KeepAliveFinalRefsPhase of Reference Processing: no references
[978.767s][debug][gc,ref         ] GC(57) Skipped PhantomRefsPhase of Reference Processing: no references
[978.767s][debug][gc,phases      ] GC(57) Reference Processing 0.156ms
[978.768s][debug][gc,phases      ] GC(57)   VM Weak                        Min:  0.0, Avg:  0.0, Max:  0.0, Diff:  0.0, Sum:  0.0, Workers: 4
[978.768s][debug][gc,phases      ] GC(57)     Dead                           Min: 0, Avg:  0.0, Max: 0, Diff: 0, Sum: 0, Workers: 4
[978.768s][debug][gc,phases      ] GC(57)     Total                          Min: 0, Avg: 259.8, Max: 719, Diff: 719, Sum: 1039, Workers: 4
[978.768s][debug][gc,phases      ] GC(57)   ObjectSynchronizer Weak        Min:  0.0, Avg:  0.0, Max:  0.0, Diff:  0.0, Sum:  0.0, Workers: 4
[978.768s][debug][gc,phases      ] GC(57)     Dead                           Min: 0, Avg:  0.0, Max: 0, Diff: 0, Sum: 0, Workers: 4
[978.768s][debug][gc,phases      ] GC(57)     Total                          Min: 0, Avg:  1.0, Max: 4, Diff: 4, Sum: 4, Workers: 4
[978.768s][debug][gc,phases      ] GC(57)   JVMTI Tag Weak OopStorage      Min:  0.0, Avg:  0.0, Max:  0.0, Diff:  0.0, Sum:  0.0, Workers: 4
[978.768s][debug][gc,phases      ] GC(57)     Dead                           Min: 0, Avg:  0.0, Max: 0, Diff: 0, Sum: 0, Workers: 4
[978.768s][debug][gc,phases      ] GC(57)     Total                          Min: 0, Avg:  0.0, Max: 0, Diff: 0, Sum: 0, Workers: 4
[978.768s][debug][gc,phases      ] GC(57)   StringTable Weak               Min:  0.0, Avg:  0.1, Max:  0.3, Diff:  0.3, Sum:  0.6, Workers: 4
[978.768s][debug][gc,phases      ] GC(57)     Dead                           Min: 0, Avg:  0.0, Max: 0, Diff: 0, Sum: 0, Workers: 4
[978.768s][debug][gc,phases      ] GC(57)     Total                          Min: 0, Avg: 11863.2, Max: 28096, Diff: 28096, Sum: 47453, Workers: 4
[978.768s][debug][gc,phases      ] GC(57)   ResolvedMethodTable Weak       Min:  0.0, Avg:  0.0, Max:  0.1, Diff:  0.1, Sum:  0.2, Workers: 4
[978.768s][debug][gc,phases      ] GC(57)     Dead                           Min: 0, Avg:  6.8, Max: 27, Diff: 27, Sum: 27, Workers: 4
[978.768s][debug][gc,phases      ] GC(57)     Total                          Min: 0, Avg: 3866.0, Max: 8082, Diff: 8082, Sum: 15464, Workers: 4
[978.768s][debug][gc,phases      ] GC(57)   JNI Weak                       Min:  0.0, Avg:  0.0, Max:  0.0, Diff:  0.0, Sum:  0.0, Workers: 4
[978.768s][debug][gc,phases      ] GC(57)     Dead                           Min: 0, Avg:  0.0, Max: 0, Diff: 0, Sum: 0, Workers: 4
[978.768s][debug][gc,phases      ] GC(57)     Total                          Min: 0, Avg: 13.0, Max: 52, Diff: 52, Sum: 52, Workers: 4
[978.768s][debug][gc,phases      ] GC(57)   StringDedup Table Weak         Min:  0.0, Avg:  0.0, Max:  0.0, Diff:  0.0, Sum:  0.0, Workers: 4
[978.768s][debug][gc,phases      ] GC(57)     Dead                           Min: 0, Avg:  0.0, Max: 0, Diff: 0, Sum: 0, Workers: 4
[978.768s][debug][gc,phases      ] GC(57)     Total                          Min: 0, Avg:  0.0, Max: 0, Diff: 0, Sum: 0, Workers: 4
[978.768s][debug][gc,phases      ] GC(57)   StringDedup Requests0 Weak     Min:  0.0, Avg:  0.0, Max:  0.0, Diff:  0.0, Sum:  0.0, Workers: 4
[978.768s][debug][gc,phases      ] GC(57)     Dead                           Min: 0, Avg:  0.0, Max: 0, Diff: 0, Sum: 0, Workers: 4
[978.768s][debug][gc,phases      ] GC(57)     Total                          Min: 0, Avg:  0.0, Max: 0, Diff: 0, Sum: 0, Workers: 4
[978.768s][debug][gc,phases      ] GC(57)   StringDedup Requests1 Weak     Min:  0.0, Avg:  0.0, Max:  0.0, Diff:  0.0, Sum:  0.0, Workers: 4
[978.768s][debug][gc,phases      ] GC(57)     Dead                           Min: 0, Avg:  0.0, Max: 0, Diff: 0, Sum: 0, Workers: 4
[978.768s][debug][gc,phases      ] GC(57)     Total                          Min: 0, Avg:  0.0, Max: 0, Diff: 0, Sum: 0, Workers: 4
[978.768s][debug][gc,phases      ] GC(57)   Weak JFR Old Object Samples    Min:  0.0, Avg:  0.0, Max:  0.0, Diff:  0.0, Sum:  0.0, Workers: 4
[978.768s][debug][gc,phases      ] GC(57)     Dead                           Min: 0, Avg:  0.0, Max: 0, Diff: 0, Sum: 0, Workers: 4
[978.768s][debug][gc,phases      ] GC(57)     Total                          Min: 0, Avg:  0.0, Max: 0, Diff: 0, Sum: 0, Workers: 4
[978.768s][debug][gc,phases      ] GC(57) Weak Processing 0.718ms
[978.768s][debug][gc,age         ] GC(57) Desired survivor size 24641536 bytes, new threshold 1 (max threshold 15)
[978.768s][info ][gc,heap        ] GC(57) PSYoungGen: 2044516K(2067968K)->3984K(2073088K) Eden: 2040320K(2040320K)->0K(2047488K) From: 4196K(27648K)->3984K(25600K)
[978.768s][info ][gc,heap        ] GC(57) ParOldGen: 293700K(348160K)->294697K(348160K)
[978.768s][info ][gc,metaspace   ] GC(57) Metaspace: 110264K(111552K)->110264K(111552K) NonClass: 93804K(94528K)->93804K(94528K) Class: 16459K(17024K)->16459K(17024K)
[978.768s][info ][gc             ] GC(57) Pause Young (Allocation Failure) 2283M->291M(2364M) 18.046ms
[978.768s][info ][gc,cpu         ] GC(57) User=0.02s Sys=0.00s Real=0.02s
[978.768s][info ][safepoint      ] Safepoint "ParallelGCFailedAllocation", Time since last: 1257348522 ns, Reaching safepoint: 13301 ns, Cleanup: 5300 ns, At safepoint: 18163230 ns, Total: 18181831 ns
[979.768s][info ][safepoint      ] Safepoint "Cleanup", Time since last: 1000099397 ns, Reaching safepoint: 13401 ns, Cleanup: 13200 ns, At safepoint: 3301 ns, Total: 29902 ns
[982.768s][info ][safepoint      ] Safepoint "Cleanup", Time since last: 3000306291 ns, Reaching safepoint: 11301 ns, Cleanup: 24201 ns, At safepoint: 3100 ns, Total: 38602 ns
[987.769s][info ][safepoint      ] Safepoint "Cleanup", Time since last: 5000442172 ns, Reaching safepoint: 12601 ns, Cleanup: 12600 ns, At safepoint: 3600 ns, Total: 28801 ns
[989.769s][info ][safepoint      ] Safepoint "Cleanup", Time since last: 2000198192 ns, Reaching safepoint: 9400 ns, Cleanup: 22401 ns, At safepoint: 2800 ns, Total: 34601 ns
[991.769s][info ][safepoint      ] Safepoint "Cleanup", Time since last: 2000199492 ns, Reaching safepoint: 10701 ns, Cleanup: 16900 ns, At safepoint: 3000 ns, Total: 30601 ns
[995.770s][info ][safepoint      ] Safepoint "Cleanup", Time since last: 4000352583 ns, Reaching safepoint: 14100 ns, Cleanup: 18001 ns, At safepoint: 3100 ns, Total: 35201 ns
[1002.770s][info ][safepoint      ] Safepoint "Cleanup", Time since last: 7000577990 ns, Reaching safepoint: 16301 ns, Cleanup: 15500 ns, At safepoint: 3401 ns, Total: 35202 ns
[1003.260s][info ][gc,start       ] GC(58) Pause Young (Allocation Failure)
[1003.277s][debug][gc,phases      ] GC(58) Scavenge 16.378ms
[1003.277s][debug][gc,ref         ] GC(58) ReferenceProcessor::execute queues: 1, RefProcThreadModel::Single, marks_oops_alive: false
[1003.277s][debug][gc,ref         ] GC(58) Skipped KeepAliveFinalRefsPhase of Reference Processing: no references
[1003.277s][debug][gc,ref         ] GC(58) ReferenceProcessor::execute queues: 1, RefProcThreadModel::Single, marks_oops_alive: false
[1003.277s][debug][gc,phases      ] GC(58) Reference Processing 0.149ms
[1003.277s][debug][gc,phases      ] GC(58)   VM Weak                        Min:  0.0, Avg:  0.0, Max:  0.0, Diff:  0.0, Sum:  0.0, Workers: 4
[1003.277s][debug][gc,phases      ] GC(58)     Dead                           Min: 0, Avg:  0.0, Max: 0, Diff: 0, Sum: 0, Workers: 4
[1003.277s][debug][gc,phases      ] GC(58)     Total                          Min: 0, Avg: 259.8, Max: 783, Diff: 783, Sum: 1039, Workers: 4
[1003.277s][debug][gc,phases      ] GC(58)   ObjectSynchronizer Weak        Min:  0.0, Avg:  0.0, Max:  0.0, Diff:  0.0, Sum:  0.0, Workers: 4
[1003.277s][debug][gc,phases      ] GC(58)     Dead                           Min: 0, Avg:  0.0, Max: 0, Diff: 0, Sum: 0, Workers: 4
[1003.277s][debug][gc,phases      ] GC(58)     Total                          Min: 0, Avg:  1.0, Max: 4, Diff: 4, Sum: 4, Workers: 4
[1003.277s][debug][gc,phases      ] GC(58)   JVMTI Tag Weak OopStorage      Min:  0.0, Avg:  0.0, Max:  0.0, Diff:  0.0, Sum:  0.0, Workers: 4
[1003.277s][debug][gc,phases      ] GC(58)     Dead                           Min: 0, Avg:  0.0, Max: 0, Diff: 0, Sum: 0, Workers: 4
[1003.277s][debug][gc,phases      ] GC(58)     Total                          Min: 0, Avg:  0.0, Max: 0, Diff: 0, Sum: 0, Workers: 4
[1003.277s][debug][gc,phases      ] GC(58)   StringTable Weak               Min:  0.0, Avg:  0.1, Max:  0.2, Diff:  0.2, Sum:  0.5, Workers: 4
[1003.277s][debug][gc,phases      ] GC(58)     Dead                           Min: 0, Avg:  0.0, Max: 0, Diff: 0, Sum: 0, Workers: 4
[1003.277s][debug][gc,phases      ] GC(58)     Total                          Min: 0, Avg: 11867.0, Max: 24256, Diff: 24256, Sum: 47468, Workers: 4
[1003.277s][debug][gc,phases      ] GC(58)   ResolvedMethodTable Weak       Min:  0.0, Avg:  0.0, Max:  0.1, Diff:  0.1, Sum:  0.2, Workers: 4
[1003.277s][debug][gc,phases      ] GC(58)     Dead                           Min: 0, Avg:  7.0, Max: 28, Diff: 28, Sum: 28, Workers: 4
[1003.277s][debug][gc,phases      ] GC(58)     Total                          Min: 0, Avg: 3866.2, Max: 8202, Diff: 8202, Sum: 15465, Workers: 4
[1003.277s][debug][gc,phases      ] GC(58)   JNI Weak                       Min:  0.0, Avg:  0.0, Max:  0.0, Diff:  0.0, Sum:  0.0, Workers: 4
[1003.277s][debug][gc,phases      ] GC(58)     Dead                           Min: 0, Avg:  0.0, Max: 0, Diff: 0, Sum: 0, Workers: 4
[1003.277s][debug][gc,phases      ] GC(58)     Total                          Min: 0, Avg: 13.0, Max: 48, Diff: 48, Sum: 52, Workers: 4
[1003.277s][debug][gc,phases      ] GC(58)   StringDedup Table Weak         Min:  0.0, Avg:  0.0, Max:  0.0, Diff:  0.0, Sum:  0.0, Workers: 4
[1003.277s][debug][gc,phases      ] GC(58)     Dead                           Min: 0, Avg:  0.0, Max: 0, Diff: 0, Sum: 0, Workers: 4
[1003.277s][debug][gc,phases      ] GC(58)     Total                          Min: 0, Avg:  0.0, Max: 0, Diff: 0, Sum: 0, Workers: 4
[1003.277s][debug][gc,phases      ] GC(58)   StringDedup Requests0 Weak     Min:  0.0, Avg:  0.0, Max:  0.0, Diff:  0.0, Sum:  0.0, Workers: 4
[1003.277s][debug][gc,phases      ] GC(58)     Dead                           Min: 0, Avg:  0.0, Max: 0, Diff: 0, Sum: 0, Workers: 4
[1003.277s][debug][gc,phases      ] GC(58)     Total                          Min: 0, Avg:  0.0, Max: 0, Diff: 0, Sum: 0, Workers: 4
[1003.277s][debug][gc,phases      ] GC(58)   StringDedup Requests1 Weak     Min:  0.0, Avg:  0.0, Max:  0.0, Diff:  0.0, Sum:  0.0, Workers: 4
[1003.277s][debug][gc,phases      ] GC(58)     Dead                           Min: 0, Avg:  0.0, Max: 0, Diff: 0, Sum: 0, Workers: 4
[1003.277s][debug][gc,phases      ] GC(58)     Total                          Min: 0, Avg:  0.0, Max: 0, Diff: 0, Sum: 0, Workers: 4
[1003.277s][debug][gc,phases      ] GC(58)   Weak JFR Old Object Samples    Min:  0.0, Avg:  0.0, Max:  0.0, Diff:  0.0, Sum:  0.0, Workers: 4
[1003.277s][debug][gc,phases      ] GC(58)     Dead                           Min: 0, Avg:  0.0, Max: 0, Diff: 0, Sum: 0, Workers: 4
[1003.278s][debug][gc,phases      ] GC(58)     Total                          Min: 0, Avg:  0.0, Max: 0, Diff: 0, Sum: 0, Workers: 4
[1003.278s][debug][gc,phases      ] GC(58) Weak Processing 0.633ms
[1003.278s][debug][gc,age         ] GC(58) Desired survivor size 23068672 bytes, new threshold 1 (max threshold 15)
[1003.278s][info ][gc,heap        ] GC(58) PSYoungGen: 2051472K(2073088K)->4912K(2071552K) Eden: 2047488K(2047488K)->0K(2047488K) From: 3984K(25600K)->4912K(24064K)
[1003.278s][info ][gc,heap        ] GC(58) ParOldGen: 294697K(348160K)->295509K(348160K)
[1003.278s][info ][gc,metaspace   ] GC(58) Metaspace: 110350K(111616K)->110350K(111616K) NonClass: 93890K(94592K)->93890K(94592K) Class: 16459K(17024K)->16459K(17024K)
[1003.278s][info ][gc             ] GC(58) Pause Young (Allocation Failure) 2291M->293M(2363M) 17.335ms
[1003.278s][info ][gc,cpu         ] GC(58) User=0.03s Sys=0.00s Real=0.02s
[1003.278s][info ][safepoint      ] Safepoint "ParallelGCFailedAllocation", Time since last: 489785532 ns, Reaching safepoint: 10200 ns, Cleanup: 5600 ns, At safepoint: 17437782 ns, Total: 17453582 ns
[1004.278s][info ][safepoint      ] Safepoint "Cleanup", Time since last: 1000098149 ns, Reaching safepoint: 13800 ns, Cleanup: 15301 ns, At safepoint: 4600 ns, Total: 33701 ns
[1007.278s][info ][safepoint      ] Safepoint "Cleanup", Time since last: 3000342449 ns, Reaching safepoint: 14800 ns, Cleanup: 40902 ns, At safepoint: 3400 ns, Total: 59102 ns
[1008.278s][info ][safepoint      ] Safepoint "Cleanup", Time since last: 1000173421 ns, Reaching safepoint: 12301 ns, Cleanup: 25301 ns, At safepoint: 2600 ns, Total: 40202 ns
[1009.279s][info ][safepoint      ] Safepoint "Cleanup", Time since last: 1000125643 ns, Reaching safepoint: 9100 ns, Cleanup: 13101 ns, At safepoint: 2900 ns, Total: 25101 ns
[1010.279s][info ][safepoint      ] Safepoint "Cleanup", Time since last: 1000118643 ns, Reaching safepoint: 12300 ns, Cleanup: 17901 ns, At safepoint: 2900 ns, Total: 33101 ns
[1011.279s][info ][safepoint      ] Safepoint "Cleanup", Time since last: 1000127944 ns, Reaching safepoint: 13900 ns, Cleanup: 18301 ns, At safepoint: 2900 ns, Total: 35101 ns
[1012.279s][info ][safepoint      ] Safepoint "Cleanup", Time since last: 1000173045 ns, Reaching safepoint: 10500 ns, Cleanup: 16601 ns, At safepoint: 2700 ns, Total: 29801 ns
[1013.279s][info ][safepoint      ] Safepoint "Cleanup", Time since last: 1000132943 ns, Reaching safepoint: 11901 ns, Cleanup: 14900 ns, At safepoint: 3200 ns, Total: 30001 ns
[1015.279s][info ][safepoint      ] Safepoint "Cleanup", Time since last: 2000221286 ns, Reaching safepoint: 14000 ns, Cleanup: 19001 ns, At safepoint: 3500 ns, Total: 36501 ns
[1016.280s][info ][safepoint      ] Safepoint "Cleanup", Time since last: 1000146543 ns, Reaching safepoint: 11700 ns, Cleanup: 16701 ns, At safepoint: 3400 ns, Total: 31801 ns
[1023.515s][info ][safepoint      ] Safepoint "Cleanup", Time since last: 7235179412 ns, Reaching safepoint: 12900 ns, Cleanup: 13101 ns, At safepoint: 2500 ns, Total: 28501 ns
[1027.515s][info ][safepoint      ] Safepoint "Cleanup", Time since last: 4000407798 ns, Reaching safepoint: 15500 ns, Cleanup: 20201 ns, At safepoint: 4000 ns, Total: 39701 ns
[1027.861s][info ][gc,start       ] GC(59) Pause Young (Allocation Failure)
[1027.871s][debug][gc,phases      ] GC(59) Scavenge 10.152ms
[1027.871s][debug][gc,ref         ] GC(59) ReferenceProcessor::execute queues: 1, RefProcThreadModel::Single, marks_oops_alive: false
[1027.871s][debug][gc,ref         ] GC(59) Skipped KeepAliveFinalRefsPhase of Reference Processing: no references
[1027.871s][debug][gc,ref         ] GC(59) ReferenceProcessor::execute queues: 1, RefProcThreadModel::Single, marks_oops_alive: false
[1027.871s][debug][gc,phases      ] GC(59) Reference Processing 0.147ms
[1027.872s][debug][gc,phases      ] GC(59)   VM Weak                        Min:  0.0, Avg:  0.0, Max:  0.0, Diff:  0.0, Sum:  0.0, Workers: 4
[1027.872s][debug][gc,phases      ] GC(59)     Dead                           Min: 0, Avg:  0.0, Max: 0, Diff: 0, Sum: 0, Workers: 4
[1027.872s][debug][gc,phases      ] GC(59)     Total                          Min: 0, Avg: 259.8, Max: 783, Diff: 783, Sum: 1039, Workers: 4
[1027.872s][debug][gc,phases      ] GC(59)   ObjectSynchronizer Weak        Min:  0.0, Avg:  0.0, Max:  0.0, Diff:  0.0, Sum:  0.0, Workers: 4
[1027.872s][debug][gc,phases      ] GC(59)     Dead                           Min: 0, Avg:  0.0, Max: 0, Diff: 0, Sum: 0, Workers: 4
[1027.872s][debug][gc,phases      ] GC(59)     Total                          Min: 0, Avg:  1.0, Max: 4, Diff: 4, Sum: 4, Workers: 4
[1027.872s][debug][gc,phases      ] GC(59)   JVMTI Tag Weak OopStorage      Min:  0.0, Avg:  0.0, Max:  0.0, Diff:  0.0, Sum:  0.0, Workers: 4
[1027.872s][debug][gc,phases      ] GC(59)     Dead                           Min: 0, Avg:  0.0, Max: 0, Diff: 0, Sum: 0, Workers: 4
[1027.872s][debug][gc,phases      ] GC(59)     Total                          Min: 0, Avg:  0.0, Max: 0, Diff: 0, Sum: 0, Workers: 4
[1027.872s][debug][gc,phases      ] GC(59)   StringTable Weak               Min:  0.0, Avg:  0.1, Max:  0.3, Diff:  0.3, Sum:  0.5, Workers: 4
[1027.872s][debug][gc,phases      ] GC(59)     Dead                           Min: 0, Avg:  0.0, Max: 0, Diff: 0, Sum: 0, Workers: 4
[1027.872s][debug][gc,phases      ] GC(59)     Total                          Min: 0, Avg: 11870.5, Max: 24000, Diff: 24000, Sum: 47482, Workers: 4
[1027.872s][debug][gc,phases      ] GC(59)   ResolvedMethodTable Weak       Min:  0.0, Avg:  0.0, Max:  0.1, Diff:  0.1, Sum:  0.2, Workers: 4
[1027.872s][debug][gc,phases      ] GC(59)     Dead                           Min: 0, Avg:  7.0, Max: 28, Diff: 28, Sum: 28, Workers: 4
[1027.872s][debug][gc,phases      ] GC(59)     Total                          Min: 0, Avg: 3866.8, Max: 7824, Diff: 7824, Sum: 15467, Workers: 4
[1027.872s][debug][gc,phases      ] GC(59)   JNI Weak                       Min:  0.0, Avg:  0.0, Max:  0.0, Diff:  0.0, Sum:  0.0, Workers: 4
[1027.872s][debug][gc,phases      ] GC(59)     Dead                           Min: 0, Avg:  0.0, Max: 0, Diff: 0, Sum: 0, Workers: 4
[1027.872s][debug][gc,phases      ] GC(59)     Total                          Min: 0, Avg: 13.0, Max: 48, Diff: 48, Sum: 52, Workers: 4
[1027.872s][debug][gc,phases      ] GC(59)   StringDedup Table Weak         Min:  0.0, Avg:  0.0, Max:  0.0, Diff:  0.0, Sum:  0.0, Workers: 4
[1027.872s][debug][gc,phases      ] GC(59)     Dead                           Min: 0, Avg:  0.0, Max: 0, Diff: 0, Sum: 0, Workers: 4
[1027.872s][debug][gc,phases      ] GC(59)     Total                          Min: 0, Avg:  0.0, Max: 0, Diff: 0, Sum: 0, Workers: 4
[1027.872s][debug][gc,phases      ] GC(59)   StringDedup Requests0 Weak     Min:  0.0, Avg:  0.0, Max:  0.0, Diff:  0.0, Sum:  0.0, Workers: 4
[1027.872s][debug][gc,phases      ] GC(59)     Dead                           Min: 0, Avg:  0.0, Max: 0, Diff: 0, Sum: 0, Workers: 4
[1027.872s][debug][gc,phases      ] GC(59)     Total                          Min: 0, Avg:  0.0, Max: 0, Diff: 0, Sum: 0, Workers: 4
[1027.872s][debug][gc,phases      ] GC(59)   StringDedup Requests1 Weak     Min:  0.0, Avg:  0.0, Max:  0.0, Diff:  0.0, Sum:  0.0, Workers: 4
[1027.872s][debug][gc,phases      ] GC(59)     Dead                           Min: 0, Avg:  0.0, Max: 0, Diff: 0, Sum: 0, Workers: 4
[1027.872s][debug][gc,phases      ] GC(59)     Total                          Min: 0, Avg:  0.0, Max: 0, Diff: 0, Sum: 0, Workers: 4
[1027.872s][debug][gc,phases      ] GC(59)   Weak JFR Old Object Samples    Min:  0.0, Avg:  0.0, Max:  0.0, Diff:  0.0, Sum:  0.0, Workers: 4
[1027.872s][debug][gc,phases      ] GC(59)     Dead                           Min: 0, Avg:  0.0, Max: 0, Diff: 0, Sum: 0, Workers: 4
[1027.872s][debug][gc,phases      ] GC(59)     Total                          Min: 0, Avg:  0.0, Max: 0, Diff: 0, Sum: 0, Workers: 4
[1027.872s][debug][gc,phases      ] GC(59) Weak Processing 0.698ms
[1027.872s][debug][gc,age         ] GC(59) Desired survivor size 21495808 bytes, new threshold 1 (max threshold 15)
[1027.872s][info ][gc,heap        ] GC(59) PSYoungGen: 2052400K(2071552K)->4288K(2076160K) Eden: 2047488K(2047488K)->0K(2053632K) From: 4912K(24064K)->4288K(22528K)
[1027.872s][info ][gc,heap        ] GC(59) ParOldGen: 295509K(348160K)->296549K(348160K)
[1027.872s][info ][gc,metaspace   ] GC(59) Metaspace: 110393K(111744K)->110393K(111744K) NonClass: 93933K(94720K)->93933K(94720K) Class: 16460K(17024K)->16460K(17024K)
[1027.872s][info ][gc             ] GC(59) Pause Young (Allocation Failure) 2292M->293M(2367M) 11.163ms
[1027.872s][info ][gc,cpu         ] GC(59) User=0.02s Sys=0.00s Real=0.02s
[1027.872s][info ][safepoint      ] Safepoint "ParallelGCFailedAllocation", Time since last: 345466205 ns, Reaching safepoint: 12300 ns, Cleanup: 4801 ns, At safepoint: 11269578 ns, Total: 11286679 ns
[1032.873s][info ][safepoint      ] Safepoint "Cleanup", Time since last: 5000420574 ns, Reaching safepoint: 13301 ns, Cleanup: 14000 ns, At safepoint: 3300 ns, Total: 30601 ns
[1033.873s][info ][safepoint      ] Safepoint "Cleanup", Time since last: 1000139086 ns, Reaching safepoint: 13600 ns, Cleanup: 16701 ns, At safepoint: 3200 ns, Total: 33501 ns
[1035.876s][info ][safepoint      ] Safepoint "Cleanup", Time since last: 2003041266 ns, Reaching safepoint: 13901 ns, Cleanup: 14800 ns, At safepoint: 3000 ns, Total: 31701 ns
[1036.876s][info ][safepoint      ] Safepoint "Cleanup", Time since last: 1000131986 ns, Reaching safepoint: 9900 ns, Cleanup: 17001 ns, At safepoint: 2800 ns, Total: 29701 ns
[1037.876s][info ][safepoint      ] Safepoint "Cleanup", Time since last: 1000134885 ns, Reaching safepoint: 13301 ns, Cleanup: 25000 ns, At safepoint: 3200 ns, Total: 41501 ns
[1038.876s][info ][safepoint      ] Safepoint "Cleanup", Time since last: 1000139686 ns, Reaching safepoint: 9900 ns, Cleanup: 12001 ns, At safepoint: 2300 ns, Total: 24201 ns
[1041.877s][info ][safepoint      ] Safepoint "Cleanup", Time since last: 3000298333 ns, Reaching safepoint: 14701 ns, Cleanup: 27301 ns, At safepoint: 3000 ns, Total: 45002 ns
[1042.877s][info ][safepoint      ] Safepoint "Cleanup", Time since last: 1000139244 ns, Reaching safepoint: 11501 ns, Cleanup: 17800 ns, At safepoint: 3200 ns, Total: 32501 ns
[1044.877s][info ][safepoint      ] Safepoint "Cleanup", Time since last: 2000252989 ns, Reaching safepoint: 10800 ns, Cleanup: 16101 ns, At safepoint: 3000 ns, Total: 29901 ns
[1050.878s][info ][safepoint      ] Safepoint "Cleanup", Time since last: 6000491628 ns, Reaching safepoint: 12900 ns, Cleanup: 15701 ns, At safepoint: 3200 ns, Total: 31801 ns
[1051.878s][info ][safepoint      ] Safepoint "Cleanup", Time since last: 1000127214 ns, Reaching safepoint: 9601 ns, Cleanup: 13200 ns, At safepoint: 2600 ns, Total: 25401 ns
[1053.714s][info ][gc,start       ] GC(60) Pause Young (Allocation Failure)
[1053.723s][debug][gc,phases      ] GC(60) Scavenge 9.051ms
[1053.723s][debug][gc,ref         ] GC(60) ReferenceProcessor::execute queues: 1, RefProcThreadModel::Single, marks_oops_alive: false
[1053.723s][debug][gc,ref         ] GC(60) Skipped KeepAliveFinalRefsPhase of Reference Processing: no references
[1053.723s][debug][gc,ref         ] GC(60) ReferenceProcessor::execute queues: 1, RefProcThreadModel::Single, marks_oops_alive: false
[1053.723s][debug][gc,phases      ] GC(60) Reference Processing 0.128ms
[1053.723s][debug][gc,phases      ] GC(60)   VM Weak                        Min:  0.0, Avg:  0.0, Max:  0.0, Diff:  0.0, Sum:  0.0, Workers: 4
[1053.723s][debug][gc,phases      ] GC(60)     Dead                           Min: 0, Avg:  0.0, Max: 0, Diff: 0, Sum: 0, Workers: 4
[1053.723s][debug][gc,phases      ] GC(60)     Total                          Min: 0, Avg: 259.8, Max: 847, Diff: 847, Sum: 1039, Workers: 4
[1053.723s][debug][gc,phases      ] GC(60)   ObjectSynchronizer Weak        Min:  0.0, Avg:  0.0, Max:  0.0, Diff:  0.0, Sum:  0.0, Workers: 4
[1053.723s][debug][gc,phases      ] GC(60)     Dead                           Min: 0, Avg:  0.0, Max: 0, Diff: 0, Sum: 0, Workers: 4
[1053.723s][debug][gc,phases      ] GC(60)     Total                          Min: 0, Avg:  1.2, Max: 5, Diff: 5, Sum: 5, Workers: 4
[1053.723s][debug][gc,phases      ] GC(60)   JVMTI Tag Weak OopStorage      Min:  0.0, Avg:  0.0, Max:  0.0, Diff:  0.0, Sum:  0.0, Workers: 4
[1053.723s][debug][gc,phases      ] GC(60)     Dead                           Min: 0, Avg:  0.0, Max: 0, Diff: 0, Sum: 0, Workers: 4
[1053.723s][debug][gc,phases      ] GC(60)     Total                          Min: 0, Avg:  0.0, Max: 0, Diff: 0, Sum: 0, Workers: 4
[1053.723s][debug][gc,phases      ] GC(60)   StringTable Weak               Min:  0.0, Avg:  0.1, Max:  0.2, Diff:  0.2, Sum:  0.5, Workers: 4
[1053.723s][debug][gc,phases      ] GC(60)     Dead                           Min: 0, Avg:  0.0, Max: 0, Diff: 0, Sum: 0, Workers: 4
[1053.723s][debug][gc,phases      ] GC(60)     Total                          Min: 0, Avg: 11872.0, Max: 16768, Diff: 16768, Sum: 47488, Workers: 4
[1053.723s][debug][gc,phases      ] GC(60)   ResolvedMethodTable Weak       Min:  0.0, Avg:  0.0, Max:  0.1, Diff:  0.1, Sum:  0.2, Workers: 4
[1053.723s][debug][gc,phases      ] GC(60)     Dead                           Min: 0, Avg:  0.2, Max: 1, Diff: 1, Sum: 1, Workers: 4
[1053.723s][debug][gc,phases      ] GC(60)     Total                          Min: 0, Avg: 3868.8, Max: 5425, Diff: 5425, Sum: 15475, Workers: 4
[1053.723s][debug][gc,phases      ] GC(60)   JNI Weak                       Min:  0.0, Avg:  0.0, Max:  0.0, Diff:  0.0, Sum:  0.0, Workers: 4
[1053.723s][debug][gc,phases      ] GC(60)     Dead                           Min: 0, Avg:  0.0, Max: 0, Diff: 0, Sum: 0, Workers: 4
[1053.723s][debug][gc,phases      ] GC(60)     Total                          Min: 0, Avg: 13.0, Max: 48, Diff: 48, Sum: 52, Workers: 4
[1053.723s][debug][gc,phases      ] GC(60)   StringDedup Table Weak         Min:  0.0, Avg:  0.0, Max:  0.0, Diff:  0.0, Sum:  0.0, Workers: 4
[1053.723s][debug][gc,phases      ] GC(60)     Dead                           Min: 0, Avg:  0.0, Max: 0, Diff: 0, Sum: 0, Workers: 4
[1053.723s][debug][gc,phases      ] GC(60)     Total                          Min: 0, Avg:  0.0, Max: 0, Diff: 0, Sum: 0, Workers: 4
[1053.723s][debug][gc,phases      ] GC(60)   StringDedup Requests0 Weak     Min:  0.0, Avg:  0.0, Max:  0.0, Diff:  0.0, Sum:  0.0, Workers: 4
[1053.723s][debug][gc,phases      ] GC(60)     Dead                           Min: 0, Avg:  0.0, Max: 0, Diff: 0, Sum: 0, Workers: 4
[1053.723s][debug][gc,phases      ] GC(60)     Total                          Min: 0, Avg:  0.0, Max: 0, Diff: 0, Sum: 0, Workers: 4
[1053.723s][debug][gc,phases      ] GC(60)   StringDedup Requests1 Weak     Min:  0.0, Avg:  0.0, Max:  0.0, Diff:  0.0, Sum:  0.0, Workers: 4
[1053.723s][debug][gc,phases      ] GC(60)     Dead                           Min: 0, Avg:  0.0, Max: 0, Diff: 0, Sum: 0, Workers: 4
[1053.723s][debug][gc,phases      ] GC(60)     Total                          Min: 0, Avg:  0.0, Max: 0, Diff: 0, Sum: 0, Workers: 4
[1053.723s][debug][gc,phases      ] GC(60)   Weak JFR Old Object Samples    Min:  0.0, Avg:  0.0, Max:  0.0, Diff:  0.0, Sum:  0.0, Workers: 4
[1053.723s][debug][gc,phases      ] GC(60)     Dead                           Min: 0, Avg:  0.0, Max: 0, Diff: 0, Sum: 0, Workers: 4
[1053.723s][debug][gc,phases      ] GC(60)     Total                          Min: 0, Avg:  0.0, Max: 0, Diff: 0, Sum: 0, Workers: 4
[1053.723s][debug][gc,phases      ] GC(60) Weak Processing 0.465ms
[1053.723s][debug][gc,age         ] GC(60) Desired survivor size 20447232 bytes, new threshold 1 (max threshold 15)
[1053.723s][info ][gc,heap        ] GC(60) PSYoungGen: 2057920K(2076160K)->4132K(2074624K) Eden: 2053632K(2053632K)->0K(2053632K) From: 4288K(22528K)->4132K(20992K)
[1053.723s][info ][gc,heap        ] GC(60) ParOldGen: 296549K(348160K)->297425K(348160K)
[1053.723s][info ][gc,metaspace   ] GC(60) Metaspace: 110410K(111808K)->110410K(111808K) NonClass: 93947K(94720K)->93947K(94720K) Class: 16462K(17088K)->16462K(17088K)
[1053.723s][info ][gc             ] GC(60) Pause Young (Allocation Failure) 2299M->294M(2366M) 9.822ms
[1053.723s][info ][gc,cpu         ] GC(60) User=0.03s Sys=0.01s Real=0.00s
[1053.723s][info ][safepoint      ] Safepoint "ParallelGCFailedAllocation", Time since last: 1835739185 ns, Reaching safepoint: 10501 ns, Cleanup: 7000 ns, At safepoint: 9923940 ns, Total: 9941441 ns
[1054.724s][info ][safepoint      ] Safepoint "Cleanup", Time since last: 1000105614 ns, Reaching safepoint: 11301 ns, Cleanup: 16300 ns, At safepoint: 2900 ns, Total: 30501 ns
[1055.724s][info ][safepoint      ] Safepoint "Cleanup", Time since last: 1000129815 ns, Reaching safepoint: 25801 ns, Cleanup: 18001 ns, At safepoint: 3100 ns, Total: 46902 ns
[1062.724s][info ][safepoint      ] Safepoint "Cleanup", Time since last: 7000554050 ns, Reaching safepoint: 11900 ns, Cleanup: 16701 ns, At safepoint: 3000 ns, Total: 31601 ns
[1064.725s][info ][safepoint      ] Safepoint "Cleanup", Time since last: 2000232378 ns, Reaching safepoint: 8300 ns, Cleanup: 13700 ns, At safepoint: 2701 ns, Total: 24701 ns
[1066.725s][info ][safepoint      ] Safepoint "Cleanup", Time since last: 2000196287 ns, Reaching safepoint: 12800 ns, Cleanup: 16201 ns, At safepoint: 3500 ns, Total: 32501 ns
[1067.725s][info ][safepoint      ] Safepoint "Cleanup", Time since last: 1000123545 ns, Reaching safepoint: 13600 ns, Cleanup: 14500 ns, At safepoint: 2701 ns, Total: 30801 ns
[1069.725s][info ][safepoint      ] Safepoint "Cleanup", Time since last: 2000210487 ns, Reaching safepoint: 8601 ns, Cleanup: 12300 ns, At safepoint: 7200 ns, Total: 28101 ns
[1075.726s][info ][safepoint      ] Safepoint "Cleanup", Time since last: 6000508155 ns, Reaching safepoint: 10200 ns, Cleanup: 13901 ns, At safepoint: 2700 ns, Total: 26801 ns
[1080.591s][info ][gc,start       ] GC(61) Pause Young (Allocation Failure)
[1080.595s][debug][gc,phases      ] GC(61) Scavenge 3.906ms
[1080.595s][debug][gc,ref         ] GC(61) ReferenceProcessor::execute queues: 1, RefProcThreadModel::Single, marks_oops_alive: false
[1080.595s][debug][gc,ref         ] GC(61) Skipped KeepAliveFinalRefsPhase of Reference Processing: no references
[1080.595s][debug][gc,ref         ] GC(61) ReferenceProcessor::execute queues: 1, RefProcThreadModel::Single, marks_oops_alive: false
[1080.595s][debug][gc,phases      ] GC(61) Reference Processing 0.138ms
[1080.595s][debug][gc,phases      ] GC(61)   VM Weak                        Min:  0.0, Avg:  0.0, Max:  0.0, Diff:  0.0, Sum:  0.0, Workers: 4
[1080.595s][debug][gc,phases      ] GC(61)     Dead                           Min: 0, Avg:  0.0, Max: 0, Diff: 0, Sum: 0, Workers: 4
[1080.595s][debug][gc,phases      ] GC(61)     Total                          Min: 0, Avg: 259.8, Max: 975, Diff: 975, Sum: 1039, Workers: 4
[1080.595s][debug][gc,phases      ] GC(61)   ObjectSynchronizer Weak        Min:  0.0, Avg:  0.0, Max:  0.0, Diff:  0.0, Sum:  0.0, Workers: 4
[1080.595s][debug][gc,phases      ] GC(61)     Dead                           Min: 0, Avg:  0.0, Max: 0, Diff: 0, Sum: 0, Workers: 4
[1080.595s][debug][gc,phases      ] GC(61)     Total                          Min: 0, Avg:  0.8, Max: 3, Diff: 3, Sum: 3, Workers: 4
[1080.595s][debug][gc,phases      ] GC(61)   JVMTI Tag Weak OopStorage      Min:  0.0, Avg:  0.0, Max:  0.0, Diff:  0.0, Sum:  0.0, Workers: 4
[1080.595s][debug][gc,phases      ] GC(61)     Dead                           Min: 0, Avg:  0.0, Max: 0, Diff: 0, Sum: 0, Workers: 4
[1080.595s][debug][gc,phases      ] GC(61)     Total                          Min: 0, Avg:  0.0, Max: 0, Diff: 0, Sum: 0, Workers: 4
[1080.595s][debug][gc,phases      ] GC(61)   StringTable Weak               Min:  0.1, Avg:  0.1, Max:  0.1, Diff:  0.0, Sum:  0.5, Workers: 4
[1080.595s][debug][gc,phases      ] GC(61)     Dead                           Min: 0, Avg:  0.0, Max: 0, Diff: 0, Sum: 0, Workers: 4
[1080.595s][debug][gc,phases      ] GC(61)     Total                          Min: 11008, Avg: 11872.0, Max: 13056, Diff: 2048, Sum: 47488, Workers: 4
[1080.595s][debug][gc,phases      ] GC(61)   ResolvedMethodTable Weak       Min:  0.0, Avg:  0.0, Max:  0.0, Diff:  0.0, Sum:  0.2, Workers: 4
[1080.595s][debug][gc,phases      ] GC(61)     Dead                           Min: 0, Avg:  4.0, Max: 16, Diff: 16, Sum: 16, Workers: 4
[1080.595s][debug][gc,phases      ] GC(61)     Total                          Min: 3468, Avg: 3868.8, Max: 4388, Diff: 920, Sum: 15475, Workers: 4
[1080.595s][debug][gc,phases      ] GC(61)   JNI Weak                       Min:  0.0, Avg:  0.0, Max:  0.0, Diff:  0.0, Sum:  0.0, Workers: 4
[1080.595s][debug][gc,phases      ] GC(61)     Dead                           Min: 0, Avg:  0.0, Max: 0, Diff: 0, Sum: 0, Workers: 4
[1080.595s][debug][gc,phases      ] GC(61)     Total                          Min: 0, Avg: 13.0, Max: 48, Diff: 48, Sum: 52, Workers: 4
[1080.595s][debug][gc,phases      ] GC(61)   StringDedup Table Weak         Min:  0.0, Avg:  0.0, Max:  0.0, Diff:  0.0, Sum:  0.0, Workers: 4
[1080.595s][debug][gc,phases      ] GC(61)     Dead                           Min: 0, Avg:  0.0, Max: 0, Diff: 0, Sum: 0, Workers: 4
[1080.595s][debug][gc,phases      ] GC(61)     Total                          Min: 0, Avg:  0.0, Max: 0, Diff: 0, Sum: 0, Workers: 4
[1080.595s][debug][gc,phases      ] GC(61)   StringDedup Requests0 Weak     Min:  0.0, Avg:  0.0, Max:  0.0, Diff:  0.0, Sum:  0.0, Workers: 4
[1080.595s][debug][gc,phases      ] GC(61)     Dead                           Min: 0, Avg:  0.0, Max: 0, Diff: 0, Sum: 0, Workers: 4
[1080.595s][debug][gc,phases      ] GC(61)     Total                          Min: 0, Avg:  0.0, Max: 0, Diff: 0, Sum: 0, Workers: 4
[1080.595s][debug][gc,phases      ] GC(61)   StringDedup Requests1 Weak     Min:  0.0, Avg:  0.0, Max:  0.0, Diff:  0.0, Sum:  0.0, Workers: 4
[1080.595s][debug][gc,phases      ] GC(61)     Dead                           Min: 0, Avg:  0.0, Max: 0, Diff: 0, Sum: 0, Workers: 4
[1080.595s][debug][gc,phases      ] GC(61)     Total                          Min: 0, Avg:  0.0, Max: 0, Diff: 0, Sum: 0, Workers: 4
[1080.595s][debug][gc,phases      ] GC(61)   Weak JFR Old Object Samples    Min:  0.0, Avg:  0.0, Max:  0.0, Diff:  0.0, Sum:  0.0, Workers: 4
[1080.595s][debug][gc,phases      ] GC(61)     Dead                           Min: 0, Avg:  0.0, Max: 0, Diff: 0, Sum: 0, Workers: 4
[1080.595s][debug][gc,phases      ] GC(61)     Total                          Min: 0, Avg:  0.0, Max: 0, Diff: 0, Sum: 0, Workers: 4
[1080.595s][debug][gc,phases      ] GC(61) Weak Processing 0.402ms
[1080.595s][debug][gc,age         ] GC(61) Desired survivor size 19398656 bytes, new threshold 1 (max threshold 15)
[1080.595s][info ][gc,heap        ] GC(61) PSYoungGen: 2057764K(2074624K)->3810K(2078208K) Eden: 2053632K(2053632K)->0K(2058240K) From: 4132K(20992K)->3810K(19968K)
[1080.595s][info ][gc,heap        ] GC(61) ParOldGen: 297425K(348160K)->298574K(348160K)
[1080.595s][info ][gc,metaspace   ] GC(61) Metaspace: 110417K(111808K)->110417K(111808K) NonClass: 93955K(94720K)->93955K(94720K) Class: 16462K(17088K)->16462K(17088K)
[1080.595s][info ][gc             ] GC(61) Pause Young (Allocation Failure) 2299M->295M(2369M) 4.602ms
[1080.595s][info ][gc,cpu         ] GC(61) User=0.02s Sys=0.00s Real=0.01s
[1080.595s][info ][safepoint      ] Safepoint "ParallelGCFailedAllocation", Time since last: 4864845992 ns, Reaching safepoint: 85603 ns, Cleanup: 5401 ns, At safepoint: 4694957 ns, Total: 4785961 ns
[1089.596s][info ][safepoint      ] Safepoint "Cleanup", Time since last: 9000784038 ns, Reaching safepoint: 87203 ns, Cleanup: 10100 ns, At safepoint: 8101 ns, Total: 105404 ns
[1092.597s][info ][safepoint      ] Safepoint "Cleanup", Time since last: 3000292945 ns, Reaching safepoint: 85402 ns, Cleanup: 16401 ns, At safepoint: 7300 ns, Total: 109103 ns
[1093.597s][info ][safepoint      ] Safepoint "Cleanup", Time since last: 1000128383 ns, Reaching safepoint: 83003 ns, Cleanup: 12800 ns, At safepoint: 6200 ns, Total: 102003 ns
[1097.597s][info ][safepoint      ] Safepoint "Cleanup", Time since last: 4000365861 ns, Reaching safepoint: 87303 ns, Cleanup: 13700 ns, At safepoint: 8200 ns, Total: 109203 ns
[1098.601s][info ][safepoint      ] Safepoint "Cleanup", Time since last: 1000146999 ns, Reaching safepoint: 3766328 ns, Cleanup: 26401 ns, At safepoint: 16301 ns, Total: 3809030 ns
[1099.602s][info ][safepoint      ] Safepoint "Cleanup", Time since last: 1000144398 ns, Reaching safepoint: 100504 ns, Cleanup: 12500 ns, At safepoint: 9200 ns, Total: 122204 ns
[1100.602s][info ][safepoint      ] Safepoint "Cleanup", Time since last: 1000146599 ns, Reaching safepoint: 85503 ns, Cleanup: 13401 ns, At safepoint: 8000 ns, Total: 106904 ns
[1102.602s][info ][safepoint      ] Safepoint "Cleanup", Time since last: 2000210995 ns, Reaching safepoint: 82302 ns, Cleanup: 14301 ns, At safepoint: 6700 ns, Total: 103303 ns
[1107.603s][info ][safepoint      ] Safepoint "Cleanup", Time since last: 5000614722 ns, Reaching safepoint: 94603 ns, Cleanup: 20800 ns, At safepoint: 14501 ns, Total: 129904 ns
[1107.610s][info ][gc,start       ] GC(62) Pause Young (Allocation Failure)
[1107.617s][debug][gc,phases      ] GC(62) Scavenge 6.046ms
[1107.617s][debug][gc,ref         ] GC(62) ReferenceProcessor::execute queues: 1, RefProcThreadModel::Single, marks_oops_alive: false
[1107.617s][debug][gc,ref         ] GC(62) Skipped KeepAliveFinalRefsPhase of Reference Processing: no references
[1107.617s][debug][gc,ref         ] GC(62) ReferenceProcessor::execute queues: 1, RefProcThreadModel::Single, marks_oops_alive: false
[1107.617s][debug][gc,phases      ] GC(62) Reference Processing 0.134ms
[1107.617s][debug][gc,phases      ] GC(62)   VM Weak                        Min:  0.0, Avg:  0.0, Max:  0.0, Diff:  0.0, Sum:  0.0, Workers: 4
[1107.617s][debug][gc,phases      ] GC(62)     Dead                           Min: 0, Avg:  0.0, Max: 0, Diff: 0, Sum: 0, Workers: 4
[1107.617s][debug][gc,phases      ] GC(62)     Total                          Min: 0, Avg: 259.8, Max: 576, Diff: 576, Sum: 1039, Workers: 4
[1107.617s][debug][gc,phases      ] GC(62)   ObjectSynchronizer Weak        Min:  0.0, Avg:  0.0, Max:  0.0, Diff:  0.0, Sum:  0.0, Workers: 4
[1107.617s][debug][gc,phases      ] GC(62)     Dead                           Min: 0, Avg:  0.0, Max: 0, Diff: 0, Sum: 0, Workers: 4
[1107.617s][debug][gc,phases      ] GC(62)     Total                          Min: 0, Avg:  0.8, Max: 3, Diff: 3, Sum: 3, Workers: 4
[1107.617s][debug][gc,phases      ] GC(62)   JVMTI Tag Weak OopStorage      Min:  0.0, Avg:  0.0, Max:  0.0, Diff:  0.0, Sum:  0.0, Workers: 4
[1107.617s][debug][gc,phases      ] GC(62)     Dead                           Min: 0, Avg:  0.0, Max: 0, Diff: 0, Sum: 0, Workers: 4
[1107.617s][debug][gc,phases      ] GC(62)     Total                          Min: 0, Avg:  0.0, Max: 0, Diff: 0, Sum: 0, Workers: 4
[1107.617s][debug][gc,phases      ] GC(62)   StringTable Weak               Min:  0.0, Avg:  0.1, Max:  0.2, Diff:  0.2, Sum:  0.5, Workers: 4
[1107.617s][debug][gc,phases      ] GC(62)     Dead                           Min: 0, Avg:  0.2, Max: 1, Diff: 1, Sum: 1, Workers: 4
[1107.617s][debug][gc,phases      ] GC(62)     Total                          Min: 0, Avg: 11872.2, Max: 25535, Diff: 25535, Sum: 47489, Workers: 4
[1107.617s][debug][gc,phases      ] GC(62)   ResolvedMethodTable Weak       Min:  0.0, Avg:  0.0, Max:  0.1, Diff:  0.1, Sum:  0.2, Workers: 4
[1107.617s][debug][gc,phases      ] GC(62)     Dead                           Min: 0, Avg:  4.2, Max: 17, Diff: 17, Sum: 17, Workers: 4
[1107.617s][debug][gc,phases      ] GC(62)     Total                          Min: 0, Avg: 3869.2, Max: 8036, Diff: 8036, Sum: 15477, Workers: 4
[1107.617s][debug][gc,phases      ] GC(62)   JNI Weak                       Min:  0.0, Avg:  0.0, Max:  0.0, Diff:  0.0, Sum:  0.0, Workers: 4
[1107.617s][debug][gc,phases      ] GC(62)     Dead                           Min: 0, Avg:  0.0, Max: 0, Diff: 0, Sum: 0, Workers: 4
[1107.617s][debug][gc,phases      ] GC(62)     Total                          Min: 0, Avg: 13.0, Max: 48, Diff: 48, Sum: 52, Workers: 4
[1107.617s][debug][gc,phases      ] GC(62)   StringDedup Table Weak         Min:  0.0, Avg:  0.0, Max:  0.0, Diff:  0.0, Sum:  0.0, Workers: 4
[1107.617s][debug][gc,phases      ] GC(62)     Dead                           Min: 0, Avg:  0.0, Max: 0, Diff: 0, Sum: 0, Workers: 4
[1107.617s][debug][gc,phases      ] GC(62)     Total                          Min: 0, Avg:  0.0, Max: 0, Diff: 0, Sum: 0, Workers: 4
[1107.617s][debug][gc,phases      ] GC(62)   StringDedup Requests0 Weak     Min:  0.0, Avg:  0.0, Max:  0.0, Diff:  0.0, Sum:  0.0, Workers: 4
[1107.617s][debug][gc,phases      ] GC(62)     Dead                           Min: 0, Avg:  0.0, Max: 0, Diff: 0, Sum: 0, Workers: 4
[1107.617s][debug][gc,phases      ] GC(62)     Total                          Min: 0, Avg:  0.0, Max: 0, Diff: 0, Sum: 0, Workers: 4
[1107.617s][debug][gc,phases      ] GC(62)   StringDedup Requests1 Weak     Min:  0.0, Avg:  0.0, Max:  0.0, Diff:  0.0, Sum:  0.0, Workers: 4
[1107.617s][debug][gc,phases      ] GC(62)     Dead                           Min: 0, Avg:  0.0, Max: 0, Diff: 0, Sum: 0, Workers: 4
[1107.617s][debug][gc,phases      ] GC(62)     Total                          Min: 0, Avg:  0.0, Max: 0, Diff: 0, Sum: 0, Workers: 4
[1107.617s][debug][gc,phases      ] GC(62)   Weak JFR Old Object Samples    Min:  0.0, Avg:  0.0, Max:  0.0, Diff:  0.0, Sum:  0.0, Workers: 4
[1107.617s][debug][gc,phases      ] GC(62)     Dead                           Min: 0, Avg:  0.0, Max: 0, Diff: 0, Sum: 0, Workers: 4
[1107.617s][debug][gc,phases      ] GC(62)     Total                          Min: 0, Avg:  0.0, Max: 0, Diff: 0, Sum: 0, Workers: 4
[1107.617s][debug][gc,phases      ] GC(62) Weak Processing 0.574ms
[1107.617s][debug][gc,age         ] GC(62) Desired survivor size 17825792 bytes, new threshold 1 (max threshold 15)
[1107.617s][info ][gc,heap        ] GC(62) PSYoungGen: 2062050K(2078208K)->4654K(2077184K) Eden: 2058240K(2058240K)->0K(2058240K) From: 3810K(19968K)->4654K(18944K)
[1107.617s][info ][gc,heap        ] GC(62) ParOldGen: 298574K(348160K)->299433K(348160K)
[1107.617s][info ][gc,metaspace   ] GC(62) Metaspace: 110421K(111808K)->110421K(111808K) NonClass: 93958K(94720K)->93958K(94720K) Class: 16462K(17088K)->16462K(17088K)
[1107.617s][info ][gc             ] GC(62) Pause Young (Allocation Failure) 2305M->296M(2368M) 6.915ms
[1107.617s][info ][gc,cpu         ] GC(62) User=0.01s Sys=0.01s Real=0.01s
[1107.617s][info ][safepoint      ] Safepoint "ParallelGCFailedAllocation", Time since last: 7531843 ns, Reaching safepoint: 19100 ns, Cleanup: 5101 ns, At safepoint: 7011226 ns, Total: 7035427 ns
[1115.618s][info ][safepoint      ] Safepoint "Cleanup", Time since last: 8000690822 ns, Reaching safepoint: 12300 ns, Cleanup: 18901 ns, At safepoint: 3000 ns, Total: 34201 ns
[1120.619s][info ][safepoint      ] Safepoint "Cleanup", Time since last: 5000433706 ns, Reaching safepoint: 10501 ns, Cleanup: 13800 ns, At safepoint: 2900 ns, Total: 27201 ns
[1122.619s][info ][safepoint      ] Safepoint "Cleanup", Time since last: 2000219369 ns, Reaching safepoint: 14200 ns, Cleanup: 19301 ns, At safepoint: 2900 ns, Total: 36401 ns
[1128.619s][info ][safepoint      ] Safepoint "Cleanup", Time since last: 6000570355 ns, Reaching safepoint: 12200 ns, Cleanup: 9400 ns, At safepoint: 1900 ns, Total: 23500 ns
[1129.620s][info ][safepoint      ] Safepoint "Cleanup", Time since last: 1000108641 ns, Reaching safepoint: 100001 ns, Cleanup: 18300 ns, At safepoint: 10801 ns, Total: 129102 ns
[1130.620s][info ][safepoint      ] Safepoint "Cleanup", Time since last: 1000125185 ns, Reaching safepoint: 13600 ns, Cleanup: 17401 ns, At safepoint: 3400 ns, Total: 34401 ns
[1131.620s][info ][safepoint      ] Safepoint "Cleanup", Time since last: 1000135972 ns, Reaching safepoint: 13101 ns, Cleanup: 21501 ns, At safepoint: 3100 ns, Total: 37702 ns
[1132.693s][info ][gc,start       ] GC(63) Pause Young (Allocation Failure)
[1132.712s][debug][gc,phases      ] GC(63) Scavenge 19.579ms
[1132.712s][debug][gc,ref         ] GC(63) ReferenceProcessor::execute queues: 1, RefProcThreadModel::Single, marks_oops_alive: false
[1132.712s][debug][gc,ref         ] GC(63) Skipped KeepAliveFinalRefsPhase of Reference Processing: no references
[1132.712s][debug][gc,ref         ] GC(63) ReferenceProcessor::execute queues: 1, RefProcThreadModel::Single, marks_oops_alive: false
[1132.712s][debug][gc,phases      ] GC(63) Reference Processing 0.148ms
[1132.713s][debug][gc,phases      ] GC(63)   VM Weak                        Min:  0.0, Avg:  0.0, Max:  0.0, Diff:  0.0, Sum:  0.0, Workers: 4
[1132.713s][debug][gc,phases      ] GC(63)     Dead                           Min: 0, Avg:  0.0, Max: 0, Diff: 0, Sum: 0, Workers: 4
[1132.713s][debug][gc,phases      ] GC(63)     Total                          Min: 0, Avg: 259.8, Max: 704, Diff: 704, Sum: 1039, Workers: 4
[1132.713s][debug][gc,phases      ] GC(63)   ObjectSynchronizer Weak        Min:  0.0, Avg:  0.0, Max:  0.0, Diff:  0.0, Sum:  0.0, Workers: 4
[1132.713s][debug][gc,phases      ] GC(63)     Dead                           Min: 0, Avg:  0.0, Max: 0, Diff: 0, Sum: 0, Workers: 4
[1132.713s][debug][gc,phases      ] GC(63)     Total                          Min: 0, Avg:  1.0, Max: 4, Diff: 4, Sum: 4, Workers: 4
[1132.713s][debug][gc,phases      ] GC(63)   JVMTI Tag Weak OopStorage      Min:  0.0, Avg:  0.0, Max:  0.0, Diff:  0.0, Sum:  0.0, Workers: 4
[1132.713s][debug][gc,phases      ] GC(63)     Dead                           Min: 0, Avg:  0.0, Max: 0, Diff: 0, Sum: 0, Workers: 4
[1132.713s][debug][gc,phases      ] GC(63)     Total                          Min: 0, Avg:  0.0, Max: 0, Diff: 0, Sum: 0, Workers: 4
[1132.713s][debug][gc,phases      ] GC(63)   StringTable Weak               Min:  0.0, Avg:  0.1, Max:  0.2, Diff:  0.2, Sum:  0.5, Workers: 4
[1132.713s][debug][gc,phases      ] GC(63)     Dead                           Min: 0, Avg:  0.0, Max: 0, Diff: 0, Sum: 0, Workers: 4
[1132.713s][debug][gc,phases      ] GC(63)     Total                          Min: 0, Avg: 11872.2, Max: 24001, Diff: 24001, Sum: 47489, Workers: 4
[1132.713s][debug][gc,phases      ] GC(63)   ResolvedMethodTable Weak       Min:  0.0, Avg:  0.0, Max:  0.1, Diff:  0.1, Sum:  0.2, Workers: 4
[1132.713s][debug][gc,phases      ] GC(63)     Dead                           Min: 0, Avg:  6.8, Max: 27, Diff: 27, Sum: 27, Workers: 4
[1132.713s][debug][gc,phases      ] GC(63)     Total                          Min: 0, Avg: 3869.2, Max: 7778, Diff: 7778, Sum: 15477, Workers: 4
[1132.713s][debug][gc,phases      ] GC(63)   JNI Weak                       Min:  0.0, Avg:  0.0, Max:  0.0, Diff:  0.0, Sum:  0.0, Workers: 4
[1132.713s][debug][gc,phases      ] GC(63)     Dead                           Min: 0, Avg:  0.0, Max: 0, Diff: 0, Sum: 0, Workers: 4
[1132.713s][debug][gc,phases      ] GC(63)     Total                          Min: 0, Avg: 13.0, Max: 52, Diff: 52, Sum: 52, Workers: 4
[1132.713s][debug][gc,phases      ] GC(63)   StringDedup Table Weak         Min:  0.0, Avg:  0.0, Max:  0.0, Diff:  0.0, Sum:  0.0, Workers: 4
[1132.713s][debug][gc,phases      ] GC(63)     Dead                           Min: 0, Avg:  0.0, Max: 0, Diff: 0, Sum: 0, Workers: 4
[1132.713s][debug][gc,phases      ] GC(63)     Total                          Min: 0, Avg:  0.0, Max: 0, Diff: 0, Sum: 0, Workers: 4
[1132.713s][debug][gc,phases      ] GC(63)   StringDedup Requests0 Weak     Min:  0.0, Avg:  0.0, Max:  0.0, Diff:  0.0, Sum:  0.0, Workers: 4
[1132.713s][debug][gc,phases      ] GC(63)     Dead                           Min: 0, Avg:  0.0, Max: 0, Diff: 0, Sum: 0, Workers: 4
[1132.713s][debug][gc,phases      ] GC(63)     Total                          Min: 0, Avg:  0.0, Max: 0, Diff: 0, Sum: 0, Workers: 4
[1132.713s][debug][gc,phases      ] GC(63)   StringDedup Requests1 Weak     Min:  0.0, Avg:  0.0, Max:  0.0, Diff:  0.0, Sum:  0.0, Workers: 4
[1132.713s][debug][gc,phases      ] GC(63)     Dead                           Min: 0, Avg:  0.0, Max: 0, Diff: 0, Sum: 0, Workers: 4
[1132.713s][debug][gc,phases      ] GC(63)     Total                          Min: 0, Avg:  0.0, Max: 0, Diff: 0, Sum: 0, Workers: 4
[1132.713s][debug][gc,phases      ] GC(63)   Weak JFR Old Object Samples    Min:  0.0, Avg:  0.0, Max:  0.0, Diff:  0.0, Sum:  0.0, Workers: 4
[1132.713s][debug][gc,phases      ] GC(63)     Dead                           Min: 0, Avg:  0.0, Max: 0, Diff: 0, Sum: 0, Workers: 4
[1132.713s][debug][gc,phases      ] GC(63)     Total                          Min: 0, Avg:  0.0, Max: 0, Diff: 0, Sum: 0, Workers: 4
[1132.713s][debug][gc,phases      ] GC(63) Weak Processing 0.640ms
[1132.713s][debug][gc,age         ] GC(63) Desired survivor size 16777216 bytes, new threshold 1 (max threshold 15)
[1132.713s][info ][gc,heap        ] GC(63) PSYoungGen: 2062894K(2077184K)->5712K(2080768K) Eden: 2058240K(2058240K)->0K(2063360K) From: 4654K(18944K)->5712K(17408K)
[1132.713s][info ][gc,heap        ] GC(63) ParOldGen: 299433K(348160K)->300791K(348160K)
[1132.713s][info ][gc,metaspace   ] GC(63) Metaspace: 110431K(111808K)->110431K(111808K) NonClass: 93968K(94720K)->93968K(94720K) Class: 16462K(17088K)->16462K(17088K)
[1132.713s][info ][gc             ] GC(63) Pause Young (Allocation Failure) 2306M->299M(2372M) 20.547ms
[1132.713s][info ][gc,cpu         ] GC(63) User=0.02s Sys=0.00s Real=0.02s
[1132.713s][info ][safepoint      ] Safepoint "ParallelGCFailedAllocation", Time since last: 1072412413 ns, Reaching safepoint: 84403 ns, Cleanup: 5400 ns, At safepoint: 20648297 ns, Total: 20738100 ns
[1135.716s][info ][safepoint      ] Safepoint "Cleanup", Time since last: 3002587691 ns, Reaching safepoint: 10200 ns, Cleanup: 16301 ns, At safepoint: 2500 ns, Total: 29001 ns
[1136.716s][info ][safepoint      ] Safepoint "Cleanup", Time since last: 1000131622 ns, Reaching safepoint: 90503 ns, Cleanup: 18201 ns, At safepoint: 5500 ns, Total: 114204 ns
[1138.716s][info ][safepoint      ] Safepoint "Cleanup", Time since last: 2000204187 ns, Reaching safepoint: 82203 ns, Cleanup: 17600 ns, At safepoint: 8600 ns, Total: 108403 ns
[1139.717s][info ][safepoint      ] Safepoint "Cleanup", Time since last: 1000137795 ns, Reaching safepoint: 12601 ns, Cleanup: 30101 ns, At safepoint: 31901 ns, Total: 74603 ns
[1142.581s][info ][safepoint      ] Safepoint "Cleanup", Time since last: 2863935809 ns, Reaching safepoint: 11100 ns, Cleanup: 21201 ns, At safepoint: 2900 ns, Total: 35201 ns
[1145.581s][info ][safepoint      ] Safepoint "Cleanup", Time since last: 3000259300 ns, Reaching safepoint: 8200 ns, Cleanup: 16800 ns, At safepoint: 2900 ns, Total: 27900 ns
[1149.581s][info ][safepoint      ] Safepoint "Cleanup", Time since last: 4000373316 ns, Reaching safepoint: 9100 ns, Cleanup: 10401 ns, At safepoint: 2700 ns, Total: 22201 ns
[1150.991s][info ][gc,start       ] GC(64) Pause Young (Allocation Failure)
[1151.001s][debug][gc,phases      ] GC(64) Scavenge 9.265ms
[1151.001s][debug][gc,ref         ] GC(64) ReferenceProcessor::execute queues: 1, RefProcThreadModel::Single, marks_oops_alive: false
[1151.001s][debug][gc,ref         ] GC(64) Skipped KeepAliveFinalRefsPhase of Reference Processing: no references
[1151.001s][debug][gc,ref         ] GC(64) ReferenceProcessor::execute queues: 1, RefProcThreadModel::Single, marks_oops_alive: false
[1151.001s][debug][gc,phases      ] GC(64) Reference Processing 0.137ms
[1151.001s][debug][gc,phases      ] GC(64)   VM Weak                        Min:  0.0, Avg:  0.0, Max:  0.0, Diff:  0.0, Sum:  0.0, Workers: 4
[1151.001s][debug][gc,phases      ] GC(64)     Dead                           Min: 0, Avg:  0.0, Max: 0, Diff: 0, Sum: 0, Workers: 4
[1151.001s][debug][gc,phases      ] GC(64)     Total                          Min: 0, Avg: 259.8, Max: 527, Diff: 527, Sum: 1039, Workers: 4
[1151.001s][debug][gc,phases      ] GC(64)   ObjectSynchronizer Weak        Min:  0.0, Avg:  0.0, Max:  0.0, Diff:  0.0, Sum:  0.0, Workers: 4
[1151.001s][debug][gc,phases      ] GC(64)     Dead                           Min: 0, Avg:  0.0, Max: 0, Diff: 0, Sum: 0, Workers: 4
[1151.001s][debug][gc,phases      ] GC(64)     Total                          Min: 0, Avg:  1.0, Max: 4, Diff: 4, Sum: 4, Workers: 4
[1151.001s][debug][gc,phases      ] GC(64)   JVMTI Tag Weak OopStorage      Min:  0.0, Avg:  0.0, Max:  0.0, Diff:  0.0, Sum:  0.0, Workers: 4
[1151.001s][debug][gc,phases      ] GC(64)     Dead                           Min: 0, Avg:  0.0, Max: 0, Diff: 0, Sum: 0, Workers: 4
[1151.001s][debug][gc,phases      ] GC(64)     Total                          Min: 0, Avg:  0.0, Max: 0, Diff: 0, Sum: 0, Workers: 4
[1151.001s][debug][gc,phases      ] GC(64)   StringTable Weak               Min:  0.0, Avg:  0.1, Max:  0.2, Diff:  0.2, Sum:  0.5, Workers: 4
[1151.001s][debug][gc,phases      ] GC(64)     Dead                           Min: 0, Avg:  0.2, Max: 1, Diff: 1, Sum: 1, Workers: 4
[1151.001s][debug][gc,phases      ] GC(64)     Total                          Min: 0, Avg: 11875.0, Max: 17164, Diff: 17164, Sum: 47500, Workers: 4
[1151.001s][debug][gc,phases      ] GC(64)   ResolvedMethodTable Weak       Min:  0.0, Avg:  0.0, Max:  0.1, Diff:  0.1, Sum:  0.2, Workers: 4
[1151.001s][debug][gc,phases      ] GC(64)     Dead                           Min: 0, Avg:  0.2, Max: 1, Diff: 1, Sum: 1, Workers: 4
[1151.001s][debug][gc,phases      ] GC(64)     Total                          Min: 0, Avg: 3870.2, Max: 5573, Diff: 5573, Sum: 15481, Workers: 4
[1151.001s][debug][gc,phases      ] GC(64)   JNI Weak                       Min:  0.0, Avg:  0.0, Max:  0.0, Diff:  0.0, Sum:  0.0, Workers: 4
[1151.001s][debug][gc,phases      ] GC(64)     Dead                           Min: 0, Avg:  0.0, Max: 0, Diff: 0, Sum: 0, Workers: 4
[1151.001s][debug][gc,phases      ] GC(64)     Total                          Min: 0, Avg: 13.0, Max: 48, Diff: 48, Sum: 52, Workers: 4
[1151.001s][debug][gc,phases      ] GC(64)   StringDedup Table Weak         Min:  0.0, Avg:  0.0, Max:  0.0, Diff:  0.0, Sum:  0.0, Workers: 4
[1151.001s][debug][gc,phases      ] GC(64)     Dead                           Min: 0, Avg:  0.0, Max: 0, Diff: 0, Sum: 0, Workers: 4
[1151.001s][debug][gc,phases      ] GC(64)     Total                          Min: 0, Avg:  0.0, Max: 0, Diff: 0, Sum: 0, Workers: 4
[1151.001s][debug][gc,phases      ] GC(64)   StringDedup Requests0 Weak     Min:  0.0, Avg:  0.0, Max:  0.0, Diff:  0.0, Sum:  0.0, Workers: 4
[1151.001s][debug][gc,phases      ] GC(64)     Dead                           Min: 0, Avg:  0.0, Max: 0, Diff: 0, Sum: 0, Workers: 4
[1151.001s][debug][gc,phases      ] GC(64)     Total                          Min: 0, Avg:  0.0, Max: 0, Diff: 0, Sum: 0, Workers: 4
[1151.001s][debug][gc,phases      ] GC(64)   StringDedup Requests1 Weak     Min:  0.0, Avg:  0.0, Max:  0.0, Diff:  0.0, Sum:  0.0, Workers: 4
[1151.001s][debug][gc,phases      ] GC(64)     Dead                           Min: 0, Avg:  0.0, Max: 0, Diff: 0, Sum: 0, Workers: 4
[1151.001s][debug][gc,phases      ] GC(64)     Total                          Min: 0, Avg:  0.0, Max: 0, Diff: 0, Sum: 0, Workers: 4
[1151.001s][debug][gc,phases      ] GC(64)   Weak JFR Old Object Samples    Min:  0.0, Avg:  0.0, Max:  0.0, Diff:  0.0, Sum:  0.0, Workers: 4
[1151.001s][debug][gc,phases      ] GC(64)     Dead                           Min: 0, Avg:  0.0, Max: 0, Diff: 0, Sum: 0, Workers: 4
[1151.001s][debug][gc,phases      ] GC(64)     Total                          Min: 0, Avg:  0.0, Max: 0, Diff: 0, Sum: 0, Workers: 4
[1151.001s][debug][gc,phases      ] GC(64) Weak Processing 0.463ms
[1151.001s][debug][gc,age         ] GC(64) Desired survivor size 18874368 bytes, new threshold 1 (max threshold 15)
[1151.001s][info ][gc,heap        ] GC(64) PSYoungGen: 2069072K(2080768K)->13264K(2076672K) Eden: 2063360K(2063360K)->0K(2063360K) From: 5712K(17408K)->13264K(13312K)
[1151.001s][info ][gc,heap        ] GC(64) ParOldGen: 300791K(348160K)->302823K(348160K)
[1151.001s][info ][gc,metaspace   ] GC(64) Metaspace: 110450K(111872K)->110450K(111872K) NonClass: 93986K(94784K)->93986K(94784K) Class: 16464K(17088K)->16464K(17088K)
[1151.001s][info ][gc             ] GC(64) Pause Young (Allocation Failure) 2314M->308M(2368M) 10.023ms
[1151.001s][info ][gc,cpu         ] GC(64) User=0.04s Sys=0.00s Real=0.01s
[1151.001s][info ][safepoint      ] Safepoint "ParallelGCFailedAllocation", Time since last: 1409903777 ns, Reaching safepoint: 89003 ns, Cleanup: 5100 ns, At safepoint: 10118523 ns, Total: 10212626 ns
[1152.002s][info ][safepoint      ] Safepoint "Cleanup", Time since last: 1000099604 ns, Reaching safepoint: 89303 ns, Cleanup: 12400 ns, At safepoint: 10100 ns, Total: 111803 ns
[1153.002s][info ][safepoint      ] Safepoint "Cleanup", Time since last: 1000128985 ns, Reaching safepoint: 85803 ns, Cleanup: 15500 ns, At safepoint: 10000 ns, Total: 111303 ns
[1154.475s][info ][safepoint      ] Safepoint "Cleanup", Time since last: 1473612609 ns, Reaching safepoint: 5001 ns, Cleanup: 7900 ns, At safepoint: 1800 ns, Total: 14701 ns
[1155.476s][info ][safepoint      ] Safepoint "Cleanup", Time since last: 1000154491 ns, Reaching safepoint: 100304 ns, Cleanup: 36401 ns, At safepoint: 7300 ns, Total: 144005 ns
[1156.476s][info ][safepoint      ] Safepoint "Cleanup", Time since last: 1000149591 ns, Reaching safepoint: 13701 ns, Cleanup: 17800 ns, At safepoint: 3200 ns, Total: 34701 ns
[1158.476s][info ][safepoint      ] Safepoint "Cleanup", Time since last: 2000185579 ns, Reaching safepoint: 11601 ns, Cleanup: 15400 ns, At safepoint: 2500 ns, Total: 29501 ns
[1159.476s][info ][safepoint      ] Safepoint "Cleanup", Time since last: 1000123391 ns, Reaching safepoint: 11900 ns, Cleanup: 13300 ns, At safepoint: 2600 ns, Total: 27800 ns
[1160.476s][info ][safepoint      ] Safepoint "Cleanup", Time since last: 1000131021 ns, Reaching safepoint: 14101 ns, Cleanup: 15200 ns, At safepoint: 32301 ns, Total: 61602 ns
[1161.477s][info ][safepoint      ] Safepoint "Cleanup", Time since last: 1000125834 ns, Reaching safepoint: 12500 ns, Cleanup: 14700 ns, At safepoint: 3401 ns, Total: 30601 ns
[1163.477s][info ][safepoint      ] Safepoint "Cleanup", Time since last: 2000219965 ns, Reaching safepoint: 11701 ns, Cleanup: 13600 ns, At safepoint: 2700 ns, Total: 28001 ns
[1164.477s][info ][safepoint      ] Safepoint "Cleanup", Time since last: 1000134234 ns, Reaching safepoint: 11100 ns, Cleanup: 14101 ns, At safepoint: 2700 ns, Total: 27901 ns
[1165.477s][info ][safepoint      ] Safepoint "Cleanup", Time since last: 1000127133 ns, Reaching safepoint: 13101 ns, Cleanup: 17600 ns, At safepoint: 3200 ns, Total: 33901 ns
[1166.477s][info ][safepoint      ] Safepoint "Cleanup", Time since last: 1000133534 ns, Reaching safepoint: 14300 ns, Cleanup: 17101 ns, At safepoint: 3100 ns, Total: 34501 ns
[1167.478s][info ][safepoint      ] Safepoint "Cleanup", Time since last: 1000160008 ns, Reaching safepoint: 12500 ns, Cleanup: 15301 ns, At safepoint: 3400 ns, Total: 31201 ns
[1172.478s][info ][safepoint      ] Safepoint "Cleanup", Time since last: 5000446094 ns, Reaching safepoint: 13800 ns, Cleanup: 18501 ns, At safepoint: 3100 ns, Total: 35401 ns
[1174.478s][info ][safepoint      ] Safepoint "Cleanup", Time since last: 2000206176 ns, Reaching safepoint: 14801 ns, Cleanup: 16300 ns, At safepoint: 3601 ns, Total: 34702 ns
[1174.918s][info ][gc,start       ] GC(65) Pause Young (Allocation Failure)
[1174.940s][debug][gc,phases      ] GC(65) Scavenge 22.216ms
[1174.940s][debug][gc,ref         ] GC(65) ReferenceProcessor::execute queues: 1, RefProcThreadModel::Single, marks_oops_alive: false
[1174.940s][debug][gc,ref         ] GC(65) Skipped KeepAliveFinalRefsPhase of Reference Processing: no references
[1174.940s][debug][gc,ref         ] GC(65) ReferenceProcessor::execute queues: 1, RefProcThreadModel::Single, marks_oops_alive: false
[1174.940s][debug][gc,phases      ] GC(65) Reference Processing 0.151ms
[1174.940s][debug][gc,phases      ] GC(65)   VM Weak                        Min:  0.0, Avg:  0.0, Max:  0.0, Diff:  0.0, Sum:  0.0, Workers: 4
[1174.940s][debug][gc,phases      ] GC(65)     Dead                           Min: 0, Avg:  0.0, Max: 0, Diff: 0, Sum: 0, Workers: 4
[1174.940s][debug][gc,phases      ] GC(65)     Total                          Min: 0, Avg: 260.0, Max: 848, Diff: 848, Sum: 1040, Workers: 4
[1174.940s][debug][gc,phases      ] GC(65)   ObjectSynchronizer Weak        Min:  0.0, Avg:  0.0, Max:  0.0, Diff:  0.0, Sum:  0.0, Workers: 4
[1174.940s][debug][gc,phases      ] GC(65)     Dead                           Min: 0, Avg:  0.0, Max: 0, Diff: 0, Sum: 0, Workers: 4
[1174.940s][debug][gc,phases      ] GC(65)     Total                          Min: 0, Avg:  1.0, Max: 4, Diff: 4, Sum: 4, Workers: 4
[1174.940s][debug][gc,phases      ] GC(65)   JVMTI Tag Weak OopStorage      Min:  0.0, Avg:  0.0, Max:  0.0, Diff:  0.0, Sum:  0.0, Workers: 4
[1174.940s][debug][gc,phases      ] GC(65)     Dead                           Min: 0, Avg:  0.0, Max: 0, Diff: 0, Sum: 0, Workers: 4
[1174.940s][debug][gc,phases      ] GC(65)     Total                          Min: 0, Avg:  0.0, Max: 0, Diff: 0, Sum: 0, Workers: 4
[1174.940s][debug][gc,phases      ] GC(65)   StringTable Weak               Min:  0.0, Avg:  0.1, Max:  0.2, Diff:  0.2, Sum:  0.5, Workers: 4
[1174.940s][debug][gc,phases      ] GC(65)     Dead                           Min: 0, Avg:  0.8, Max: 3, Diff: 3, Sum: 3, Workers: 4
[1174.940s][debug][gc,phases      ] GC(65)     Total                          Min: 0, Avg: 11885.0, Max: 17333, Diff: 17333, Sum: 47540, Workers: 4
[1174.940s][debug][gc,phases      ] GC(65)   ResolvedMethodTable Weak       Min:  0.0, Avg:  0.0, Max:  0.1, Diff:  0.1, Sum:  0.2, Workers: 4
[1174.940s][debug][gc,phases      ] GC(65)     Dead                           Min: 0, Avg:  9.2, Max: 26, Diff: 26, Sum: 37, Workers: 4
[1174.940s][debug][gc,phases      ] GC(65)     Total                          Min: 0, Avg: 3878.2, Max: 5436, Diff: 5436, Sum: 15513, Workers: 4
[1174.940s][debug][gc,phases      ] GC(65)   JNI Weak                       Min:  0.0, Avg:  0.0, Max:  0.0, Diff:  0.0, Sum:  0.0, Workers: 4
[1174.940s][debug][gc,phases      ] GC(65)     Dead                           Min: 0, Avg:  0.0, Max: 0, Diff: 0, Sum: 0, Workers: 4
[1174.940s][debug][gc,phases      ] GC(65)     Total                          Min: 0, Avg: 13.0, Max: 48, Diff: 48, Sum: 52, Workers: 4
[1174.940s][debug][gc,phases      ] GC(65)   StringDedup Table Weak         Min:  0.0, Avg:  0.0, Max:  0.0, Diff:  0.0, Sum:  0.0, Workers: 4
[1174.941s][debug][gc,phases      ] GC(65)     Dead                           Min: 0, Avg:  0.0, Max: 0, Diff: 0, Sum: 0, Workers: 4
[1174.941s][debug][gc,phases      ] GC(65)     Total                          Min: 0, Avg:  0.0, Max: 0, Diff: 0, Sum: 0, Workers: 4
[1174.941s][debug][gc,phases      ] GC(65)   StringDedup Requests0 Weak     Min:  0.0, Avg:  0.0, Max:  0.0, Diff:  0.0, Sum:  0.0, Workers: 4
[1174.941s][debug][gc,phases      ] GC(65)     Dead                           Min: 0, Avg:  0.0, Max: 0, Diff: 0, Sum: 0, Workers: 4
[1174.941s][debug][gc,phases      ] GC(65)     Total                          Min: 0, Avg:  0.0, Max: 0, Diff: 0, Sum: 0, Workers: 4
[1174.941s][debug][gc,phases      ] GC(65)   StringDedup Requests1 Weak     Min:  0.0, Avg:  0.0, Max:  0.0, Diff:  0.0, Sum:  0.0, Workers: 4
[1174.941s][debug][gc,phases      ] GC(65)     Dead                           Min: 0, Avg:  0.0, Max: 0, Diff: 0, Sum: 0, Workers: 4
[1174.941s][debug][gc,phases      ] GC(65)     Total                          Min: 0, Avg:  0.0, Max: 0, Diff: 0, Sum: 0, Workers: 4
[1174.941s][debug][gc,phases      ] GC(65)   Weak JFR Old Object Samples    Min:  0.0, Avg:  0.0, Max:  0.0, Diff:  0.0, Sum:  0.0, Workers: 4
[1174.941s][debug][gc,phases      ] GC(65)     Dead                           Min: 0, Avg:  0.0, Max: 0, Diff: 0, Sum: 0, Workers: 4
[1174.941s][debug][gc,phases      ] GC(65)     Total                          Min: 0, Avg:  0.0, Max: 0, Diff: 0, Sum: 0, Workers: 4
[1174.941s][debug][gc,phases      ] GC(65) Weak Processing 0.522ms
[1174.941s][debug][gc,age         ] GC(65) Desired survivor size 17825792 bytes, new threshold 1 (max threshold 15)
[1174.941s][info ][gc,heap        ] GC(65) PSYoungGen: 2076624K(2076672K)->4624K(2079744K) Eden: 2063360K(2063360K)->0K(2061312K) From: 13264K(13312K)->4624K(18432K)
[1174.941s][info ][gc,heap        ] GC(65) ParOldGen: 302823K(348160K)->312852K(348160K)
[1174.941s][info ][gc,metaspace   ] GC(65) Metaspace: 110646K(112000K)->110646K(112000K) NonClass: 94157K(94912K)->94157K(94912K) Class: 16489K(17088K)->16489K(17088K)
[1174.941s][info ][gc             ] GC(65) Pause Young (Allocation Failure) 2323M->310M(2371M) 23.050ms
[1174.941s][info ][gc,cpu         ] GC(65) User=0.04s Sys=0.00s Real=0.02s
[1174.941s][info ][safepoint      ] Safepoint "ParallelGCFailedAllocation", Time since last: 439256101 ns, Reaching safepoint: 12400 ns, Cleanup: 4500 ns, At safepoint: 23163260 ns, Total: 23180160 ns
[1178.941s][info ][safepoint      ] Safepoint "Cleanup", Time since last: 4000330142 ns, Reaching safepoint: 89103 ns, Cleanup: 18001 ns, At safepoint: 17200 ns, Total: 124304 ns
[1182.942s][info ][safepoint      ] Safepoint "Cleanup", Time since last: 4000378852 ns, Reaching safepoint: 84203 ns, Cleanup: 19101 ns, At safepoint: 9500 ns, Total: 112804 ns
[1184.942s][info ][safepoint      ] Safepoint "Cleanup", Time since last: 2000236435 ns, Reaching safepoint: 87902 ns, Cleanup: 15901 ns, At safepoint: 14900 ns, Total: 118703 ns
[1188.943s][info ][safepoint      ] Safepoint "Cleanup", Time since last: 4000378304 ns, Reaching safepoint: 81903 ns, Cleanup: 13400 ns, At safepoint: 7701 ns, Total: 103004 ns
[1194.943s][info ][safepoint      ] Safepoint "Cleanup", Time since last: 6000538976 ns, Reaching safepoint: 87303 ns, Cleanup: 16000 ns, At safepoint: 8400 ns, Total: 111703 ns
[1198.944s][info ][safepoint      ] Safepoint "Cleanup", Time since last: 4000367077 ns, Reaching safepoint: 85203 ns, Cleanup: 11900 ns, At safepoint: 10601 ns, Total: 107704 ns
[1199.944s][info ][safepoint      ] Safepoint "Cleanup", Time since last: 1000142395 ns, Reaching safepoint: 82303 ns, Cleanup: 10400 ns, At safepoint: 7701 ns, Total: 100404 ns
[1200.924s][info ][gc,start       ] GC(66) Pause Young (Allocation Failure)
[1200.933s][debug][gc,phases      ] GC(66) Scavenge 8.495ms
[1200.933s][debug][gc,ref         ] GC(66) ReferenceProcessor::execute queues: 1, RefProcThreadModel::Single, marks_oops_alive: false
[1200.933s][debug][gc,ref         ] GC(66) Skipped KeepAliveFinalRefsPhase of Reference Processing: no references
[1200.933s][debug][gc,ref         ] GC(66) ReferenceProcessor::execute queues: 1, RefProcThreadModel::Single, marks_oops_alive: false
[1200.933s][debug][gc,phases      ] GC(66) Reference Processing 0.122ms
[1200.933s][debug][gc,phases      ] GC(66)   VM Weak                        Min:  0.0, Avg:  0.0, Max:  0.0, Diff:  0.0, Sum:  0.0, Workers: 4
[1200.933s][debug][gc,phases      ] GC(66)     Dead                           Min: 0, Avg:  0.0, Max: 0, Diff: 0, Sum: 0, Workers: 4
[1200.933s][debug][gc,phases      ] GC(66)     Total                          Min: 0, Avg: 260.0, Max: 656, Diff: 656, Sum: 1040, Workers: 4
[1200.933s][debug][gc,phases      ] GC(66)   ObjectSynchronizer Weak        Min:  0.0, Avg:  0.0, Max:  0.0, Diff:  0.0, Sum:  0.0, Workers: 4
[1200.933s][debug][gc,phases      ] GC(66)     Dead                           Min: 0, Avg:  0.0, Max: 0, Diff: 0, Sum: 0, Workers: 4
[1200.933s][debug][gc,phases      ] GC(66)     Total                          Min: 0, Avg:  0.8, Max: 3, Diff: 3, Sum: 3, Workers: 4
[1200.933s][debug][gc,phases      ] GC(66)   JVMTI Tag Weak OopStorage      Min:  0.0, Avg:  0.0, Max:  0.0, Diff:  0.0, Sum:  0.0, Workers: 4
[1200.933s][debug][gc,phases      ] GC(66)     Dead                           Min: 0, Avg:  0.0, Max: 0, Diff: 0, Sum: 0, Workers: 4
[1200.933s][debug][gc,phases      ] GC(66)     Total                          Min: 0, Avg:  0.0, Max: 0, Diff: 0, Sum: 0, Workers: 4
[1200.933s][debug][gc,phases      ] GC(66)   StringTable Weak               Min:  0.0, Avg:  0.1, Max:  0.2, Diff:  0.2, Sum:  0.5, Workers: 4
[1200.933s][debug][gc,phases      ] GC(66)     Dead                           Min: 0, Avg:  0.5, Max: 2, Diff: 2, Sum: 2, Workers: 4
[1200.933s][debug][gc,phases      ] GC(66)     Total                          Min: 0, Avg: 11887.5, Max: 23935, Diff: 23935, Sum: 47550, Workers: 4
[1200.933s][debug][gc,phases      ] GC(66)   ResolvedMethodTable Weak       Min:  0.0, Avg:  0.0, Max:  0.1, Diff:  0.1, Sum:  0.2, Workers: 4
[1200.933s][debug][gc,phases      ] GC(66)     Dead                           Min: 0, Avg:  0.8, Max: 3, Diff: 3, Sum: 3, Workers: 4
[1200.933s][debug][gc,phases      ] GC(66)     Total                          Min: 0, Avg: 3880.8, Max: 7884, Diff: 7884, Sum: 15523, Workers: 4
[1200.933s][debug][gc,phases      ] GC(66)   JNI Weak                       Min:  0.0, Avg:  0.0, Max:  0.0, Diff:  0.0, Sum:  0.0, Workers: 4
[1200.933s][debug][gc,phases      ] GC(66)     Dead                           Min: 0, Avg:  0.0, Max: 0, Diff: 0, Sum: 0, Workers: 4
[1200.933s][debug][gc,phases      ] GC(66)     Total                          Min: 0, Avg: 13.0, Max: 48, Diff: 48, Sum: 52, Workers: 4
[1200.933s][debug][gc,phases      ] GC(66)   StringDedup Table Weak         Min:  0.0, Avg:  0.0, Max:  0.0, Diff:  0.0, Sum:  0.0, Workers: 4
[1200.933s][debug][gc,phases      ] GC(66)     Dead                           Min: 0, Avg:  0.0, Max: 0, Diff: 0, Sum: 0, Workers: 4
[1200.933s][debug][gc,phases      ] GC(66)     Total                          Min: 0, Avg:  0.0, Max: 0, Diff: 0, Sum: 0, Workers: 4
[1200.933s][debug][gc,phases      ] GC(66)   StringDedup Requests0 Weak     Min:  0.0, Avg:  0.0, Max:  0.0, Diff:  0.0, Sum:  0.0, Workers: 4
[1200.933s][debug][gc,phases      ] GC(66)     Dead                           Min: 0, Avg:  0.0, Max: 0, Diff: 0, Sum: 0, Workers: 4
[1200.933s][debug][gc,phases      ] GC(66)     Total                          Min: 0, Avg:  0.0, Max: 0, Diff: 0, Sum: 0, Workers: 4
[1200.933s][debug][gc,phases      ] GC(66)   StringDedup Requests1 Weak     Min:  0.0, Avg:  0.0, Max:  0.0, Diff:  0.0, Sum:  0.0, Workers: 4
[1200.933s][debug][gc,phases      ] GC(66)     Dead                           Min: 0, Avg:  0.0, Max: 0, Diff: 0, Sum: 0, Workers: 4
[1200.933s][debug][gc,phases      ] GC(66)     Total                          Min: 0, Avg:  0.0, Max: 0, Diff: 0, Sum: 0, Workers: 4
[1200.933s][debug][gc,phases      ] GC(66)   Weak JFR Old Object Samples    Min:  0.0, Avg:  0.0, Max:  0.0, Diff:  0.0, Sum:  0.0, Workers: 4
[1200.933s][debug][gc,phases      ] GC(66)     Dead                           Min: 0, Avg:  0.0, Max: 0, Diff: 0, Sum: 0, Workers: 4
[1200.933s][debug][gc,phases      ] GC(66)     Total                          Min: 0, Avg:  0.0, Max: 0, Diff: 0, Sum: 0, Workers: 4
[1200.933s][debug][gc,phases      ] GC(66) Weak Processing 0.571ms
[1200.933s][debug][gc,age         ] GC(66) Desired survivor size 16777216 bytes, new threshold 1 (max threshold 15)
[1200.933s][info ][gc,heap        ] GC(66) PSYoungGen: 2065936K(2079744K)->4624K(2078720K) Eden: 2061312K(2061312K)->0K(2061312K) From: 4624K(18432K)->4624K(17408K)
[1200.933s][info ][gc,heap        ] GC(66) ParOldGen: 312852K(348160K)->313936K(348160K)
[1200.933s][info ][gc,metaspace   ] GC(66) Metaspace: 110676K(112000K)->110676K(112000K) NonClass: 94181K(94912K)->94181K(94912K) Class: 16494K(17088K)->16494K(17088K)
[1200.934s][info ][gc             ] GC(66) Pause Young (Allocation Failure) 2323M->311M(2370M) 9.338ms
[1200.934s][info ][gc,cpu         ] GC(66) User=0.02s Sys=0.00s Real=0.01s
[1200.934s][info ][safepoint      ] Safepoint "ParallelGCFailedAllocation", Time since last: 980221027 ns, Reaching safepoint: 10200 ns, Cleanup: 5601 ns, At safepoint: 9424692 ns, Total: 9440493 ns
[1203.934s][info ][safepoint      ] Safepoint "Cleanup", Time since last: 3000246639 ns, Reaching safepoint: 8500 ns, Cleanup: 12901 ns, At safepoint: 2600 ns, Total: 24001 ns
[1207.934s][info ][safepoint      ] Safepoint "Cleanup", Time since last: 4000354386 ns, Reaching safepoint: 10300 ns, Cleanup: 14000 ns, At safepoint: 3200 ns, Total: 27500 ns
[1212.935s][info ][safepoint      ] Safepoint "Cleanup", Time since last: 5000437647 ns, Reaching safepoint: 8500 ns, Cleanup: 17201 ns, At safepoint: 2900 ns, Total: 28601 ns
[1217.935s][info ][safepoint      ] Safepoint "Cleanup", Time since last: 5000429421 ns, Reaching safepoint: 9200 ns, Cleanup: 10101 ns, At safepoint: 2800 ns, Total: 22101 ns
[1222.936s][info ][safepoint      ] Safepoint "Cleanup", Time since last: 5000421939 ns, Reaching safepoint: 8000 ns, Cleanup: 19901 ns, At safepoint: 2900 ns, Total: 30801 ns
[1223.936s][info ][safepoint      ] Safepoint "Cleanup", Time since last: 1000142129 ns, Reaching safepoint: 12001 ns, Cleanup: 14800 ns, At safepoint: 3600 ns, Total: 30401 ns
[1227.844s][info ][gc,start       ] GC(67) Pause Young (Allocation Failure)
[1227.849s][debug][gc,phases      ] GC(67) Scavenge 4.526ms
[1227.849s][debug][gc,ref         ] GC(67) ReferenceProcessor::execute queues: 1, RefProcThreadModel::Single, marks_oops_alive: false
[1227.849s][debug][gc,ref         ] GC(67) Skipped KeepAliveFinalRefsPhase of Reference Processing: no references
[1227.849s][debug][gc,ref         ] GC(67) ReferenceProcessor::execute queues: 1, RefProcThreadModel::Single, marks_oops_alive: false
[1227.849s][debug][gc,phases      ] GC(67) Reference Processing 0.123ms
[1227.849s][debug][gc,phases      ] GC(67)   VM Weak                        Min:  0.0, Avg:  0.0, Max:  0.0, Diff:  0.0, Sum:  0.0, Workers: 4
[1227.849s][debug][gc,phases      ] GC(67)     Dead                           Min: 0, Avg:  0.0, Max: 0, Diff: 0, Sum: 0, Workers: 4
[1227.849s][debug][gc,phases      ] GC(67)     Total                          Min: 0, Avg: 260.0, Max: 576, Diff: 576, Sum: 1040, Workers: 4
[1227.849s][debug][gc,phases      ] GC(67)   ObjectSynchronizer Weak        Min:  0.0, Avg:  0.0, Max:  0.0, Diff:  0.0, Sum:  0.0, Workers: 4
[1227.849s][debug][gc,phases      ] GC(67)     Dead                           Min: 0, Avg:  0.0, Max: 0, Diff: 0, Sum: 0, Workers: 4
[1227.849s][debug][gc,phases      ] GC(67)     Total                          Min: 0, Avg:  0.8, Max: 3, Diff: 3, Sum: 3, Workers: 4
[1227.849s][debug][gc,phases      ] GC(67)   JVMTI Tag Weak OopStorage      Min:  0.0, Avg:  0.0, Max:  0.0, Diff:  0.0, Sum:  0.0, Workers: 4
[1227.849s][debug][gc,phases      ] GC(67)     Dead                           Min: 0, Avg:  0.0, Max: 0, Diff: 0, Sum: 0, Workers: 4
[1227.849s][debug][gc,phases      ] GC(67)     Total                          Min: 0, Avg:  0.0, Max: 0, Diff: 0, Sum: 0, Workers: 4
[1227.849s][debug][gc,phases      ] GC(67)   StringTable Weak               Min:  0.0, Avg:  0.1, Max:  0.2, Diff:  0.2, Sum:  0.5, Workers: 4
[1227.849s][debug][gc,phases      ] GC(67)     Dead                           Min: 0, Avg:  0.0, Max: 0, Diff: 0, Sum: 0, Workers: 4
[1227.849s][debug][gc,phases      ] GC(67)     Total                          Min: 0, Avg: 11887.8, Max: 16191, Diff: 16191, Sum: 47551, Workers: 4
[1227.849s][debug][gc,phases      ] GC(67)   ResolvedMethodTable Weak       Min:  0.0, Avg:  0.0, Max:  0.1, Diff:  0.1, Sum:  0.2, Workers: 4
[1227.849s][debug][gc,phases      ] GC(67)     Dead                           Min: 0, Avg:  6.8, Max: 27, Diff: 27, Sum: 27, Workers: 4
[1227.849s][debug][gc,phases      ] GC(67)     Total                          Min: 0, Avg: 3880.8, Max: 5269, Diff: 5269, Sum: 15523, Workers: 4
[1227.849s][debug][gc,phases      ] GC(67)   JNI Weak                       Min:  0.0, Avg:  0.0, Max:  0.0, Diff:  0.0, Sum:  0.0, Workers: 4
[1227.849s][debug][gc,phases      ] GC(67)     Dead                           Min: 0, Avg:  0.0, Max: 0, Diff: 0, Sum: 0, Workers: 4
[1227.849s][debug][gc,phases      ] GC(67)     Total                          Min: 0, Avg: 13.0, Max: 48, Diff: 48, Sum: 52, Workers: 4
[1227.850s][debug][gc,phases      ] GC(67)   StringDedup Table Weak         Min:  0.0, Avg:  0.0, Max:  0.0, Diff:  0.0, Sum:  0.0, Workers: 4
[1227.850s][debug][gc,phases      ] GC(67)     Dead                           Min: 0, Avg:  0.0, Max: 0, Diff: 0, Sum: 0, Workers: 4
[1227.850s][debug][gc,phases      ] GC(67)     Total                          Min: 0, Avg:  0.0, Max: 0, Diff: 0, Sum: 0, Workers: 4
[1227.850s][debug][gc,phases      ] GC(67)   StringDedup Requests0 Weak     Min:  0.0, Avg:  0.0, Max:  0.0, Diff:  0.0, Sum:  0.0, Workers: 4
[1227.850s][debug][gc,phases      ] GC(67)     Dead                           Min: 0, Avg:  0.0, Max: 0, Diff: 0, Sum: 0, Workers: 4
[1227.850s][debug][gc,phases      ] GC(67)     Total                          Min: 0, Avg:  0.0, Max: 0, Diff: 0, Sum: 0, Workers: 4
[1227.850s][debug][gc,phases      ] GC(67)   StringDedup Requests1 Weak     Min:  0.0, Avg:  0.0, Max:  0.0, Diff:  0.0, Sum:  0.0, Workers: 4
[1227.850s][debug][gc,phases      ] GC(67)     Dead                           Min: 0, Avg:  0.0, Max: 0, Diff: 0, Sum: 0, Workers: 4
[1227.850s][debug][gc,phases      ] GC(67)     Total                          Min: 0, Avg:  0.0, Max: 0, Diff: 0, Sum: 0, Workers: 4
[1227.850s][debug][gc,phases      ] GC(67)   Weak JFR Old Object Samples    Min:  0.0, Avg:  0.0, Max:  0.0, Diff:  0.0, Sum:  0.0, Workers: 4
[1227.850s][debug][gc,phases      ] GC(67)     Dead                           Min: 0, Avg:  0.0, Max: 0, Diff: 0, Sum: 0, Workers: 4
[1227.850s][debug][gc,phases      ] GC(67)     Total                          Min: 0, Avg:  0.0, Max: 0, Diff: 0, Sum: 0, Workers: 4
[1227.850s][debug][gc,phases      ] GC(67) Weak Processing 0.470ms
[1227.850s][debug][gc,age         ] GC(67) Desired survivor size 16252928 bytes, new threshold 1 (max threshold 15)
[1227.850s][info ][gc,heap        ] GC(67) PSYoungGen: 2065936K(2078720K)->3872K(2081280K) Eden: 2061312K(2061312K)->0K(2064896K) From: 4624K(17408K)->3872K(16384K)
[1227.850s][info ][gc,heap        ] GC(67) ParOldGen: 313936K(348160K)->315348K(348160K)
[1227.850s][info ][gc,metaspace   ] GC(67) Metaspace: 110695K(112064K)->110695K(112064K) NonClass: 94200K(94976K)->94200K(94976K) Class: 16494K(17088K)->16494K(17088K)
[1227.850s][info ][gc             ] GC(67) Pause Young (Allocation Failure) 2324M->311M(2372M) 5.280ms
[1227.850s][info ][gc,cpu         ] GC(67) User=0.01s Sys=0.00s Real=0.00s
[1227.850s][info ][safepoint      ] Safepoint "ParallelGCFailedAllocation", Time since last: 3908547541 ns, Reaching safepoint: 9101 ns, Cleanup: 5400 ns, At safepoint: 5367369 ns, Total: 5381870 ns
[1231.850s][info ][safepoint      ] Safepoint "Cleanup", Time since last: 4000422226 ns, Reaching safepoint: 107703 ns, Cleanup: 14000 ns, At safepoint: 8001 ns, Total: 129704 ns
[1239.851s][info ][safepoint      ] Safepoint "Cleanup", Time since last: 8000795034 ns, Reaching safepoint: 89903 ns, Cleanup: 19401 ns, At safepoint: 8800 ns, Total: 118104 ns
[1240.851s][info ][safepoint      ] Safepoint "Cleanup", Time since last: 1000145982 ns, Reaching safepoint: 89603 ns, Cleanup: 13100 ns, At safepoint: 8901 ns, Total: 111604 ns
[1241.852s][info ][safepoint      ] Safepoint "Cleanup", Time since last: 1000156857 ns, Reaching safepoint: 86702 ns, Cleanup: 13701 ns, At safepoint: 11800 ns, Total: 112203 ns
[1243.852s][info ][safepoint      ] Safepoint "Cleanup", Time since last: 2000235412 ns, Reaching safepoint: 89702 ns, Cleanup: 15201 ns, At safepoint: 13200 ns, Total: 118103 ns
[1246.852s][info ][safepoint      ] Safepoint "Cleanup", Time since last: 3000309666 ns, Reaching safepoint: 91303 ns, Cleanup: 14900 ns, At safepoint: 9201 ns, Total: 115404 ns
[1248.853s][info ][safepoint      ] Safepoint "Cleanup", Time since last: 2000209026 ns, Reaching safepoint: 96303 ns, Cleanup: 11600 ns, At safepoint: 10100 ns, Total: 118003 ns
[1249.853s][info ][safepoint      ] Safepoint "Cleanup", Time since last: 1000136799 ns, Reaching safepoint: 81203 ns, Cleanup: 15900 ns, At safepoint: 8401 ns, Total: 105504 ns
[1252.853s][info ][safepoint      ] Safepoint "Cleanup", Time since last: 3000300893 ns, Reaching safepoint: 88902 ns, Cleanup: 15301 ns, At safepoint: 38401 ns, Total: 142604 ns
[1252.938s][info ][gc,start       ] GC(68) Pause Young (Allocation Failure)
[1252.943s][debug][gc,phases      ] GC(68) Scavenge 5.592ms
[1252.943s][debug][gc,ref         ] GC(68) ReferenceProcessor::execute queues: 1, RefProcThreadModel::Single, marks_oops_alive: false
[1252.943s][debug][gc,ref         ] GC(68) Skipped KeepAliveFinalRefsPhase of Reference Processing: no references
[1252.943s][debug][gc,ref         ] GC(68) ReferenceProcessor::execute queues: 1, RefProcThreadModel::Single, marks_oops_alive: false
[1252.943s][debug][gc,phases      ] GC(68) Reference Processing 0.123ms
[1252.944s][debug][gc,phases      ] GC(68)   VM Weak                        Min:  0.0, Avg:  0.0, Max:  0.0, Diff:  0.0, Sum:  0.0, Workers: 4
[1252.944s][debug][gc,phases      ] GC(68)     Dead                           Min: 0, Avg:  0.0, Max: 0, Diff: 0, Sum: 0, Workers: 4
[1252.944s][debug][gc,phases      ] GC(68)     Total                          Min: 0, Avg: 260.0, Max: 960, Diff: 960, Sum: 1040, Workers: 4
[1252.944s][debug][gc,phases      ] GC(68)   ObjectSynchronizer Weak        Min:  0.0, Avg:  0.0, Max:  0.0, Diff:  0.0, Sum:  0.0, Workers: 4
[1252.944s][debug][gc,phases      ] GC(68)     Dead                           Min: 0, Avg:  0.0, Max: 0, Diff: 0, Sum: 0, Workers: 4
[1252.944s][debug][gc,phases      ] GC(68)     Total                          Min: 0, Avg:  1.0, Max: 4, Diff: 4, Sum: 4, Workers: 4
[1252.944s][debug][gc,phases      ] GC(68)   JVMTI Tag Weak OopStorage      Min:  0.0, Avg:  0.0, Max:  0.0, Diff:  0.0, Sum:  0.0, Workers: 4
[1252.944s][debug][gc,phases      ] GC(68)     Dead                           Min: 0, Avg:  0.0, Max: 0, Diff: 0, Sum: 0, Workers: 4
[1252.944s][debug][gc,phases      ] GC(68)     Total                          Min: 0, Avg:  0.0, Max: 0, Diff: 0, Sum: 0, Workers: 4
[1252.944s][debug][gc,phases      ] GC(68)   StringTable Weak               Min:  0.0, Avg:  0.1, Max:  0.2, Diff:  0.2, Sum:  0.5, Workers: 4
[1252.944s][debug][gc,phases      ] GC(68)     Dead                           Min: 0, Avg:  0.0, Max: 0, Diff: 0, Sum: 0, Workers: 4
[1252.944s][debug][gc,phases      ] GC(68)     Total                          Min: 0, Avg: 11888.0, Max: 16256, Diff: 16256, Sum: 47552, Workers: 4
[1252.944s][debug][gc,phases      ] GC(68)   ResolvedMethodTable Weak       Min:  0.0, Avg:  0.0, Max:  0.1, Diff:  0.1, Sum:  0.2, Workers: 4
[1252.944s][debug][gc,phases      ] GC(68)     Dead                           Min: 0, Avg:  6.8, Max: 23, Diff: 23, Sum: 27, Workers: 4
[1252.944s][debug][gc,phases      ] GC(68)     Total                          Min: 0, Avg: 3880.8, Max: 5629, Diff: 5629, Sum: 15523, Workers: 4
[1252.944s][debug][gc,phases      ] GC(68)   JNI Weak                       Min:  0.0, Avg:  0.0, Max:  0.0, Diff:  0.0, Sum:  0.0, Workers: 4
[1252.944s][debug][gc,phases      ] GC(68)     Dead                           Min: 0, Avg:  0.0, Max: 0, Diff: 0, Sum: 0, Workers: 4
[1252.944s][debug][gc,phases      ] GC(68)     Total                          Min: 0, Avg: 13.0, Max: 48, Diff: 48, Sum: 52, Workers: 4
[1252.944s][debug][gc,phases      ] GC(68)   StringDedup Table Weak         Min:  0.0, Avg:  0.0, Max:  0.0, Diff:  0.0, Sum:  0.0, Workers: 4
[1252.944s][debug][gc,phases      ] GC(68)     Dead                           Min: 0, Avg:  0.0, Max: 0, Diff: 0, Sum: 0, Workers: 4
[1252.944s][debug][gc,phases      ] GC(68)     Total                          Min: 0, Avg:  0.0, Max: 0, Diff: 0, Sum: 0, Workers: 4
[1252.944s][debug][gc,phases      ] GC(68)   StringDedup Requests0 Weak     Min:  0.0, Avg:  0.0, Max:  0.0, Diff:  0.0, Sum:  0.0, Workers: 4
[1252.944s][debug][gc,phases      ] GC(68)     Dead                           Min: 0, Avg:  0.0, Max: 0, Diff: 0, Sum: 0, Workers: 4
[1252.944s][debug][gc,phases      ] GC(68)     Total                          Min: 0, Avg:  0.0, Max: 0, Diff: 0, Sum: 0, Workers: 4
[1252.944s][debug][gc,phases      ] GC(68)   StringDedup Requests1 Weak     Min:  0.0, Avg:  0.0, Max:  0.0, Diff:  0.0, Sum:  0.0, Workers: 4
[1252.944s][debug][gc,phases      ] GC(68)     Dead                           Min: 0, Avg:  0.0, Max: 0, Diff: 0, Sum: 0, Workers: 4
[1252.944s][debug][gc,phases      ] GC(68)     Total                          Min: 0, Avg:  0.0, Max: 0, Diff: 0, Sum: 0, Workers: 4
[1252.944s][debug][gc,phases      ] GC(68)   Weak JFR Old Object Samples    Min:  0.0, Avg:  0.0, Max:  0.0, Diff:  0.0, Sum:  0.0, Workers: 4
[1252.944s][debug][gc,phases      ] GC(68)     Dead                           Min: 0, Avg:  0.0, Max: 0, Diff: 0, Sum: 0, Workers: 4
[1252.944s][debug][gc,phases      ] GC(68)     Total                          Min: 0, Avg:  0.0, Max: 0, Diff: 0, Sum: 0, Workers: 4
[1252.944s][debug][gc,phases      ] GC(68) Weak Processing 0.541ms
[1252.944s][debug][gc,age         ] GC(68) Desired survivor size 15204352 bytes, new threshold 1 (max threshold 15)
[1252.944s][info ][gc,heap        ] GC(68) PSYoungGen: 2068768K(2081280K)->4928K(2080768K) Eden: 2064896K(2064896K)->0K(2064896K) From: 3872K(16384K)->4928K(15872K)
[1252.944s][info ][gc,heap        ] GC(68) ParOldGen: 315348K(348160K)->315884K(348160K)
[1252.944s][info ][gc,metaspace   ] GC(68) Metaspace: 110733K(112064K)->110733K(112064K) NonClass: 94239K(94976K)->94239K(94976K) Class: 16494K(17088K)->16494K(17088K)
[1252.944s][info ][gc             ] GC(68) Pause Young (Allocation Failure) 2328M->313M(2372M) 6.411ms
[1252.944s][info ][gc,cpu         ] GC(68) User=0.02s Sys=0.00s Real=0.01s
[1252.944s][info ][safepoint      ] Safepoint "ParallelGCFailedAllocation", Time since last: 84065965 ns, Reaching safepoint: 10100 ns, Cleanup: 4300 ns, At safepoint: 6510906 ns, Total: 6525306 ns
[1254.945s][info ][safepoint      ] Safepoint "Cleanup", Time since last: 2000199796 ns, Reaching safepoint: 274108 ns, Cleanup: 19801 ns, At safepoint: 16000 ns, Total: 309909 ns
[1256.945s][info ][safepoint      ] Safepoint "Cleanup", Time since last: 2000236116 ns, Reaching safepoint: 82203 ns, Cleanup: 11300 ns, At safepoint: 7700 ns, Total: 101203 ns
[1258.945s][info ][safepoint      ] Safepoint "Cleanup", Time since last: 2000215731 ns, Reaching safepoint: 81502 ns, Cleanup: 13101 ns, At safepoint: 7400 ns, Total: 102003 ns
[1259.945s][info ][safepoint      ] Safepoint "Cleanup", Time since last: 1000143166 ns, Reaching safepoint: 86703 ns, Cleanup: 14201 ns, At safepoint: 7500 ns, Total: 108404 ns
[1263.626s][info ][safepoint      ] Safepoint "Cleanup", Time since last: 3680960050 ns, Reaching safepoint: 9900 ns, Cleanup: 18901 ns, At safepoint: 2500 ns, Total: 31301 ns
[1270.191s][info ][safepoint      ] Safepoint "Cleanup", Time since last: 6564221107 ns, Reaching safepoint: 84402 ns, Cleanup: 15701 ns, At safepoint: 7700 ns, Total: 107803 ns
[1271.191s][info ][safepoint      ] Safepoint "Cleanup", Time since last: 1000158253 ns, Reaching safepoint: 88203 ns, Cleanup: 11800 ns, At safepoint: 7700 ns, Total: 107703 ns
[1272.191s][info ][safepoint      ] Safepoint "Cleanup", Time since last: 1000118652 ns, Reaching safepoint: 164405 ns, Cleanup: 14801 ns, At safepoint: 13200 ns, Total: 192406 ns
[1273.192s][info ][safepoint      ] Safepoint "Cleanup", Time since last: 1000149984 ns, Reaching safepoint: 81303 ns, Cleanup: 15400 ns, At safepoint: 7600 ns, Total: 104303 ns
[1274.192s][info ][safepoint      ] Safepoint "Cleanup", Time since last: 1000115202 ns, Reaching safepoint: 81502 ns, Cleanup: 24201 ns, At safepoint: 7500 ns, Total: 113203 ns
[1275.192s][info ][safepoint      ] Safepoint "Cleanup", Time since last: 1000128202 ns, Reaching safepoint: 80502 ns, Cleanup: 11801 ns, At safepoint: 7100 ns, Total: 99403 ns
[1276.192s][info ][safepoint      ] Safepoint "Cleanup", Time since last: 1000133001 ns, Reaching safepoint: 85003 ns, Cleanup: 15201 ns, At safepoint: 7100 ns, Total: 107304 ns
[1277.193s][info ][safepoint      ] Safepoint "Cleanup", Time since last: 1000142202 ns, Reaching safepoint: 86202 ns, Cleanup: 19001 ns, At safepoint: 7200 ns, Total: 112403 ns
[1277.354s][info ][gc,start       ] GC(69) Pause Young (Allocation Failure)
[1277.362s][debug][gc,phases      ] GC(69) Scavenge 8.323ms
[1277.363s][debug][gc,ref         ] GC(69) ReferenceProcessor::execute queues: 1, RefProcThreadModel::Single, marks_oops_alive: false
[1277.363s][debug][gc,ref         ] GC(69) Skipped KeepAliveFinalRefsPhase of Reference Processing: no references
[1277.363s][debug][gc,ref         ] GC(69) ReferenceProcessor::execute queues: 1, RefProcThreadModel::Single, marks_oops_alive: false
[1277.363s][debug][gc,phases      ] GC(69) Reference Processing 0.156ms
[1277.363s][debug][gc,phases      ] GC(69)   VM Weak                        Min:  0.0, Avg:  0.0, Max:  0.0, Diff:  0.0, Sum:  0.0, Workers: 4
[1277.363s][debug][gc,phases      ] GC(69)     Dead                           Min: 0, Avg:  0.0, Max: 0, Diff: 0, Sum: 0, Workers: 4
[1277.363s][debug][gc,phases      ] GC(69)     Total                          Min: 0, Avg: 260.0, Max: 640, Diff: 640, Sum: 1040, Workers: 4
[1277.363s][debug][gc,phases      ] GC(69)   ObjectSynchronizer Weak        Min:  0.0, Avg:  0.0, Max:  0.0, Diff:  0.0, Sum:  0.0, Workers: 4
[1277.363s][debug][gc,phases      ] GC(69)     Dead                           Min: 0, Avg:  0.0, Max: 0, Diff: 0, Sum: 0, Workers: 4
[1277.363s][debug][gc,phases      ] GC(69)     Total                          Min: 0, Avg:  1.0, Max: 4, Diff: 4, Sum: 4, Workers: 4
[1277.363s][debug][gc,phases      ] GC(69)   JVMTI Tag Weak OopStorage      Min:  0.0, Avg:  0.0, Max:  0.0, Diff:  0.0, Sum:  0.0, Workers: 4
[1277.363s][debug][gc,phases      ] GC(69)     Dead                           Min: 0, Avg:  0.0, Max: 0, Diff: 0, Sum: 0, Workers: 4
[1277.363s][debug][gc,phases      ] GC(69)     Total                          Min: 0, Avg:  0.0, Max: 0, Diff: 0, Sum: 0, Workers: 4
[1277.363s][debug][gc,phases      ] GC(69)   StringTable Weak               Min:  0.0, Avg:  0.1, Max:  0.2, Diff:  0.2, Sum:  0.6, Workers: 4
[1277.363s][debug][gc,phases      ] GC(69)     Dead                           Min: 0, Avg:  0.2, Max: 1, Diff: 1, Sum: 1, Workers: 4
[1277.363s][debug][gc,phases      ] GC(69)     Total                          Min: 0, Avg: 11891.5, Max: 16590, Diff: 16590, Sum: 47566, Workers: 4
[1277.363s][debug][gc,phases      ] GC(69)   ResolvedMethodTable Weak       Min:  0.0, Avg:  0.0, Max:  0.1, Diff:  0.1, Sum:  0.2, Workers: 4
[1277.363s][debug][gc,phases      ] GC(69)     Dead                           Min: 0, Avg:  4.2, Max: 16, Diff: 16, Sum: 17, Workers: 4
[1277.363s][debug][gc,phases      ] GC(69)     Total                          Min: 0, Avg: 3884.0, Max: 5413, Diff: 5413, Sum: 15536, Workers: 4
[1277.363s][debug][gc,phases      ] GC(69)   JNI Weak                       Min:  0.0, Avg:  0.0, Max:  0.0, Diff:  0.0, Sum:  0.0, Workers: 4
[1277.363s][debug][gc,phases      ] GC(69)     Dead                           Min: 0, Avg:  0.0, Max: 0, Diff: 0, Sum: 0, Workers: 4
[1277.363s][debug][gc,phases      ] GC(69)     Total                          Min: 0, Avg: 13.0, Max: 48, Diff: 48, Sum: 52, Workers: 4
[1277.363s][debug][gc,phases      ] GC(69)   StringDedup Table Weak         Min:  0.0, Avg:  0.0, Max:  0.0, Diff:  0.0, Sum:  0.0, Workers: 4
[1277.363s][debug][gc,phases      ] GC(69)     Dead                           Min: 0, Avg:  0.0, Max: 0, Diff: 0, Sum: 0, Workers: 4
[1277.363s][debug][gc,phases      ] GC(69)     Total                          Min: 0, Avg:  0.0, Max: 0, Diff: 0, Sum: 0, Workers: 4
[1277.363s][debug][gc,phases      ] GC(69)   StringDedup Requests0 Weak     Min:  0.0, Avg:  0.0, Max:  0.0, Diff:  0.0, Sum:  0.0, Workers: 4
[1277.363s][debug][gc,phases      ] GC(69)     Dead                           Min: 0, Avg:  0.0, Max: 0, Diff: 0, Sum: 0, Workers: 4
[1277.363s][debug][gc,phases      ] GC(69)     Total                          Min: 0, Avg:  0.0, Max: 0, Diff: 0, Sum: 0, Workers: 4
[1277.363s][debug][gc,phases      ] GC(69)   StringDedup Requests1 Weak     Min:  0.0, Avg:  0.0, Max:  0.0, Diff:  0.0, Sum:  0.0, Workers: 4
[1277.363s][debug][gc,phases      ] GC(69)     Dead                           Min: 0, Avg:  0.0, Max: 0, Diff: 0, Sum: 0, Workers: 4
[1277.363s][debug][gc,phases      ] GC(69)     Total                          Min: 0, Avg:  0.0, Max: 0, Diff: 0, Sum: 0, Workers: 4
[1277.363s][debug][gc,phases      ] GC(69)   Weak JFR Old Object Samples    Min:  0.0, Avg:  0.0, Max:  0.0, Diff:  0.0, Sum:  0.0, Workers: 4
[1277.363s][debug][gc,phases      ] GC(69)     Dead                           Min: 0, Avg:  0.0, Max: 0, Diff: 0, Sum: 0, Workers: 4
[1277.363s][debug][gc,phases      ] GC(69)     Total                          Min: 0, Avg:  0.0, Max: 0, Diff: 0, Sum: 0, Workers: 4
[1277.363s][debug][gc,phases      ] GC(69) Weak Processing 0.567ms
[1277.363s][debug][gc,age         ] GC(69) Desired survivor size 14680064 bytes, new threshold 1 (max threshold 15)
[1277.363s][info ][gc,heap        ] GC(69) PSYoungGen: 2069824K(2080768K)->4736K(2082816K) Eden: 2064896K(2064896K)->0K(2067968K) From: 4928K(15872K)->4736K(14848K)
[1277.363s][info ][gc,heap        ] GC(69) ParOldGen: 315884K(348160K)->317152K(348160K)
[1277.363s][info ][gc,metaspace   ] GC(69) Metaspace: 110784K(112064K)->110784K(112064K) NonClass: 94281K(94976K)->94281K(94976K) Class: 16502K(17088K)->16502K(17088K)
[1277.363s][info ][gc             ] GC(69) Pause Young (Allocation Failure) 2329M->314M(2374M) 9.228ms
[1277.363s][info ][gc,cpu         ] GC(69) User=0.02s Sys=0.00s Real=0.00s
[1277.363s][info ][safepoint      ] Safepoint "ParallelGCFailedAllocation", Time since last: 161474519 ns, Reaching safepoint: 9800 ns, Cleanup: 4900 ns, At safepoint: 9331296 ns, Total: 9345996 ns
[1278.364s][info ][safepoint      ] Safepoint "Cleanup", Time since last: 1000096300 ns, Reaching safepoint: 10801 ns, Cleanup: 14800 ns, At safepoint: 3000 ns, Total: 28601 ns
[1279.364s][info ][safepoint      ] Safepoint "Cleanup", Time since last: 1000131102 ns, Reaching safepoint: 10200 ns, Cleanup: 23201 ns, At safepoint: 22901 ns, Total: 56302 ns
[1285.364s][info ][safepoint      ] Safepoint "Cleanup", Time since last: 6000652075 ns, Reaching safepoint: 9701 ns, Cleanup: 25501 ns, At safepoint: 2800 ns, Total: 38002 ns
[1286.365s][info ][safepoint      ] Safepoint "Cleanup", Time since last: 1000134361 ns, Reaching safepoint: 154005 ns, Cleanup: 11400 ns, At safepoint: 7301 ns, Total: 172706 ns
[1287.365s][info ][safepoint      ] Safepoint "Cleanup", Time since last: 1000122661 ns, Reaching safepoint: 10300 ns, Cleanup: 18001 ns, At safepoint: 2900 ns, Total: 31201 ns
[1292.365s][info ][safepoint      ] Safepoint "Cleanup", Time since last: 5000487024 ns, Reaching safepoint: 9100 ns, Cleanup: 25601 ns, At safepoint: 2900 ns, Total: 37601 ns
[1294.366s][info ][safepoint      ] Safepoint "Cleanup", Time since last: 2000207183 ns, Reaching safepoint: 9900 ns, Cleanup: 16601 ns, At safepoint: 3000 ns, Total: 29501 ns
[1301.565s][info ][gc,start       ] GC(70) Pause Young (Allocation Failure)
[1301.569s][debug][gc,phases      ] GC(70) Scavenge 4.628ms
[1301.570s][debug][gc,ref         ] GC(70) ReferenceProcessor::execute queues: 1, RefProcThreadModel::Single, marks_oops_alive: false
[1301.570s][debug][gc,ref         ] GC(70) Skipped KeepAliveFinalRefsPhase of Reference Processing: no references
[1301.570s][debug][gc,ref         ] GC(70) ReferenceProcessor::execute queues: 1, RefProcThreadModel::Single, marks_oops_alive: false
[1301.570s][debug][gc,phases      ] GC(70) Reference Processing 0.138ms
[1301.570s][debug][gc,phases      ] GC(70)   VM Weak                        Min:  0.0, Avg:  0.0, Max:  0.0, Diff:  0.0, Sum:  0.0, Workers: 4
[1301.570s][debug][gc,phases      ] GC(70)     Dead                           Min: 0, Avg:  0.0, Max: 0, Diff: 0, Sum: 0, Workers: 4
[1301.570s][debug][gc,phases      ] GC(70)     Total                          Min: 0, Avg: 260.0, Max: 832, Diff: 832, Sum: 1040, Workers: 4
[1301.570s][debug][gc,phases      ] GC(70)   ObjectSynchronizer Weak        Min:  0.0, Avg:  0.0, Max:  0.0, Diff:  0.0, Sum:  0.0, Workers: 4
[1301.570s][debug][gc,phases      ] GC(70)     Dead                           Min: 0, Avg:  0.0, Max: 0, Diff: 0, Sum: 0, Workers: 4
[1301.570s][debug][gc,phases      ] GC(70)     Total                          Min: 0, Avg:  1.0, Max: 4, Diff: 4, Sum: 4, Workers: 4
[1301.570s][debug][gc,phases      ] GC(70)   JVMTI Tag Weak OopStorage      Min:  0.0, Avg:  0.0, Max:  0.0, Diff:  0.0, Sum:  0.0, Workers: 4
[1301.570s][debug][gc,phases      ] GC(70)     Dead                           Min: 0, Avg:  0.0, Max: 0, Diff: 0, Sum: 0, Workers: 4
[1301.570s][debug][gc,phases      ] GC(70)     Total                          Min: 0, Avg:  0.0, Max: 0, Diff: 0, Sum: 0, Workers: 4
[1301.570s][debug][gc,phases      ] GC(70)   StringTable Weak               Min:  0.0, Avg:  0.1, Max:  0.2, Diff:  0.2, Sum:  0.4, Workers: 4
[1301.570s][debug][gc,phases      ] GC(70)     Dead                           Min: 0, Avg:  0.0, Max: 0, Diff: 0, Sum: 0, Workers: 4
[1301.570s][debug][gc,phases      ] GC(70)     Total                          Min: 0, Avg: 11891.8, Max: 16896, Diff: 16896, Sum: 47567, Workers: 4
[1301.570s][debug][gc,phases      ] GC(70)   ResolvedMethodTable Weak       Min:  0.0, Avg:  0.0, Max:  0.1, Diff:  0.1, Sum:  0.2, Workers: 4
[1301.570s][debug][gc,phases      ] GC(70)     Dead                           Min: 0, Avg:  4.0, Max: 16, Diff: 16, Sum: 16, Workers: 4
[1301.570s][debug][gc,phases      ] GC(70)     Total                          Min: 0, Avg: 3884.5, Max: 5732, Diff: 5732, Sum: 15538, Workers: 4
[1301.570s][debug][gc,phases      ] GC(70)   JNI Weak                       Min:  0.0, Avg:  0.0, Max:  0.0, Diff:  0.0, Sum:  0.0, Workers: 4
[1301.570s][debug][gc,phases      ] GC(70)     Dead                           Min: 0, Avg:  0.0, Max: 0, Diff: 0, Sum: 0, Workers: 4
[1301.570s][debug][gc,phases      ] GC(70)     Total                          Min: 0, Avg: 13.2, Max: 48, Diff: 48, Sum: 53, Workers: 4
[1301.570s][debug][gc,phases      ] GC(70)   StringDedup Table Weak         Min:  0.0, Avg:  0.0, Max:  0.0, Diff:  0.0, Sum:  0.0, Workers: 4
[1301.570s][debug][gc,phases      ] GC(70)     Dead                           Min: 0, Avg:  0.0, Max: 0, Diff: 0, Sum: 0, Workers: 4
[1301.570s][debug][gc,phases      ] GC(70)     Total                          Min: 0, Avg:  0.0, Max: 0, Diff: 0, Sum: 0, Workers: 4
[1301.570s][debug][gc,phases      ] GC(70)   StringDedup Requests0 Weak     Min:  0.0, Avg:  0.0, Max:  0.0, Diff:  0.0, Sum:  0.0, Workers: 4
[1301.570s][debug][gc,phases      ] GC(70)     Dead                           Min: 0, Avg:  0.0, Max: 0, Diff: 0, Sum: 0, Workers: 4
[1301.570s][debug][gc,phases      ] GC(70)     Total                          Min: 0, Avg:  0.0, Max: 0, Diff: 0, Sum: 0, Workers: 4
[1301.570s][debug][gc,phases      ] GC(70)   StringDedup Requests1 Weak     Min:  0.0, Avg:  0.0, Max:  0.0, Diff:  0.0, Sum:  0.0, Workers: 4
[1301.570s][debug][gc,phases      ] GC(70)     Dead                           Min: 0, Avg:  0.0, Max: 0, Diff: 0, Sum: 0, Workers: 4
[1301.570s][debug][gc,phases      ] GC(70)     Total                          Min: 0, Avg:  0.0, Max: 0, Diff: 0, Sum: 0, Workers: 4
[1301.570s][debug][gc,phases      ] GC(70)   Weak JFR Old Object Samples    Min:  0.0, Avg:  0.0, Max:  0.0, Diff:  0.0, Sum:  0.0, Workers: 4
[1301.570s][debug][gc,phases      ] GC(70)     Dead                           Min: 0, Avg:  0.0, Max: 0, Diff: 0, Sum: 0, Workers: 4
[1301.570s][debug][gc,phases      ] GC(70)     Total                          Min: 0, Avg:  0.0, Max: 0, Diff: 0, Sum: 0, Workers: 4
[1301.570s][debug][gc,phases      ] GC(70) Weak Processing 0.478ms
[1301.570s][debug][gc,age         ] GC(70) Desired survivor size 13631488 bytes, new threshold 1 (max threshold 15)
[1301.570s][info ][gc,heap        ] GC(70) PSYoungGen: 2072704K(2082816K)->4224K(2082304K) Eden: 2067968K(2067968K)->0K(2067968K) From: 4736K(14848K)->4224K(14336K)
[1301.570s][info ][gc,heap        ] GC(70) ParOldGen: 317152K(348160K)->318189K(348160K)
[1301.570s][info ][gc,metaspace   ] GC(70) Metaspace: 110808K(112128K)->110808K(112128K) NonClass: 94305K(95040K)->94305K(95040K) Class: 16502K(17088K)->16502K(17088K)
[1301.570s][info ][gc             ] GC(70) Pause Young (Allocation Failure) 2333M->314M(2373M) 5.389ms
[1301.570s][info ][gc,cpu         ] GC(70) User=0.02s Sys=0.00s Real=0.00s
[1301.570s][info ][safepoint      ] Safepoint "ParallelGCFailedAllocation", Time since last: 7198963906 ns, Reaching safepoint: 153505 ns, Cleanup: 3700 ns, At safepoint: 5476673 ns, Total: 5633878 ns
[1302.570s][info ][safepoint      ] Safepoint "Cleanup", Time since last: 1000094742 ns, Reaching safepoint: 8500 ns, Cleanup: 14601 ns, At safepoint: 2700 ns, Total: 25801 ns
[1307.572s][info ][safepoint      ] Safepoint "Cleanup", Time since last: 5001714154 ns, Reaching safepoint: 7800 ns, Cleanup: 16501 ns, At safepoint: 2400 ns, Total: 26701 ns
[1310.572s][info ][safepoint      ] Safepoint "Cleanup", Time since last: 3000267839 ns, Reaching safepoint: 8800 ns, Cleanup: 11501 ns, At safepoint: 3000 ns, Total: 23301 ns
[1312.573s][info ][safepoint      ] Safepoint "Cleanup", Time since last: 2000253731 ns, Reaching safepoint: 12601 ns, Cleanup: 22100 ns, At safepoint: 3600 ns, Total: 38301 ns
[1313.573s][info ][safepoint      ] Safepoint "Cleanup", Time since last: 1000135096 ns, Reaching safepoint: 10700 ns, Cleanup: 15101 ns, At safepoint: 3400 ns, Total: 29201 ns
[1314.573s][info ][safepoint      ] Safepoint "Cleanup", Time since last: 1000145096 ns, Reaching safepoint: 9600 ns, Cleanup: 13100 ns, At safepoint: 3000 ns, Total: 25700 ns
[1316.573s][info ][safepoint      ] Safepoint "Cleanup", Time since last: 2000222390 ns, Reaching safepoint: 8600 ns, Cleanup: 14501 ns, At safepoint: 3000 ns, Total: 26101 ns
[1319.574s][info ][safepoint      ] Safepoint "Cleanup", Time since last: 3000299683 ns, Reaching safepoint: 8900 ns, Cleanup: 19601 ns, At safepoint: 2300 ns, Total: 30801 ns
[1320.574s][info ][safepoint      ] Safepoint "Cleanup", Time since last: 1000149996 ns, Reaching safepoint: 12500 ns, Cleanup: 19801 ns, At safepoint: 3900 ns, Total: 36201 ns
[1324.647s][info ][safepoint      ] Safepoint "Cleanup", Time since last: 4073605171 ns, Reaching safepoint: 83002 ns, Cleanup: 17501 ns, At safepoint: 8100 ns, Total: 108603 ns
[1326.105s][info ][gc,start       ] GC(71) Pause Young (Allocation Failure)
[1326.113s][debug][gc,phases      ] GC(71) Scavenge 7.902ms
[1326.113s][debug][gc,ref         ] GC(71) ReferenceProcessor::execute queues: 1, RefProcThreadModel::Single, marks_oops_alive: false
[1326.113s][debug][gc,ref         ] GC(71) Skipped KeepAliveFinalRefsPhase of Reference Processing: no references
[1326.113s][debug][gc,ref         ] GC(71) Skipped PhantomRefsPhase of Reference Processing: no references
[1326.113s][debug][gc,phases      ] GC(71) Reference Processing 0.127ms
[1326.113s][debug][gc,phases      ] GC(71)   VM Weak                        Min:  0.0, Avg:  0.0, Max:  0.0, Diff:  0.0, Sum:  0.0, Workers: 4
[1326.113s][debug][gc,phases      ] GC(71)     Dead                           Min: 0, Avg:  0.0, Max: 0, Diff: 0, Sum: 0, Workers: 4
[1326.113s][debug][gc,phases      ] GC(71)     Total                          Min: 0, Avg: 260.0, Max: 640, Diff: 640, Sum: 1040, Workers: 4
[1326.113s][debug][gc,phases      ] GC(71)   ObjectSynchronizer Weak        Min:  0.0, Avg:  0.0, Max:  0.0, Diff:  0.0, Sum:  0.0, Workers: 4
[1326.113s][debug][gc,phases      ] GC(71)     Dead                           Min: 0, Avg:  0.0, Max: 0, Diff: 0, Sum: 0, Workers: 4
[1326.113s][debug][gc,phases      ] GC(71)     Total                          Min: 0, Avg:  0.8, Max: 3, Diff: 3, Sum: 3, Workers: 4
[1326.113s][debug][gc,phases      ] GC(71)   JVMTI Tag Weak OopStorage      Min:  0.0, Avg:  0.0, Max:  0.0, Diff:  0.0, Sum:  0.0, Workers: 4
[1326.113s][debug][gc,phases      ] GC(71)     Dead                           Min: 0, Avg:  0.0, Max: 0, Diff: 0, Sum: 0, Workers: 4
[1326.113s][debug][gc,phases      ] GC(71)     Total                          Min: 0, Avg:  0.0, Max: 0, Diff: 0, Sum: 0, Workers: 4
[1326.113s][debug][gc,phases      ] GC(71)   StringTable Weak               Min:  0.0, Avg:  0.1, Max:  0.2, Diff:  0.2, Sum:  0.5, Workers: 4
[1326.113s][debug][gc,phases      ] GC(71)     Dead                           Min: 0, Avg:  0.0, Max: 0, Diff: 0, Sum: 0, Workers: 4
[1326.113s][debug][gc,phases      ] GC(71)     Total                          Min: 0, Avg: 11891.8, Max: 16208, Diff: 16208, Sum: 47567, Workers: 4
[1326.113s][debug][gc,phases      ] GC(71)   ResolvedMethodTable Weak       Min:  0.0, Avg:  0.0, Max:  0.1, Diff:  0.1, Sum:  0.2, Workers: 4
[1326.113s][debug][gc,phases      ] GC(71)     Dead                           Min: 0, Avg:  4.0, Max: 16, Diff: 16, Sum: 16, Workers: 4
[1326.113s][debug][gc,phases      ] GC(71)     Total                          Min: 0, Avg: 3884.5, Max: 5243, Diff: 5243, Sum: 15538, Workers: 4
[1326.113s][debug][gc,phases      ] GC(71)   JNI Weak                       Min:  0.0, Avg:  0.0, Max:  0.0, Diff:  0.0, Sum:  0.0, Workers: 4
[1326.113s][debug][gc,phases      ] GC(71)     Dead                           Min: 0, Avg:  0.0, Max: 0, Diff: 0, Sum: 0, Workers: 4
[1326.113s][debug][gc,phases      ] GC(71)     Total                          Min: 0, Avg: 13.0, Max: 48, Diff: 48, Sum: 52, Workers: 4
[1326.113s][debug][gc,phases      ] GC(71)   StringDedup Table Weak         Min:  0.0, Avg:  0.0, Max:  0.0, Diff:  0.0, Sum:  0.0, Workers: 4
[1326.113s][debug][gc,phases      ] GC(71)     Dead                           Min: 0, Avg:  0.0, Max: 0, Diff: 0, Sum: 0, Workers: 4
[1326.113s][debug][gc,phases      ] GC(71)     Total                          Min: 0, Avg:  0.0, Max: 0, Diff: 0, Sum: 0, Workers: 4
[1326.113s][debug][gc,phases      ] GC(71)   StringDedup Requests0 Weak     Min:  0.0, Avg:  0.0, Max:  0.0, Diff:  0.0, Sum:  0.0, Workers: 4
[1326.113s][debug][gc,phases      ] GC(71)     Dead                           Min: 0, Avg:  0.0, Max: 0, Diff: 0, Sum: 0, Workers: 4
[1326.113s][debug][gc,phases      ] GC(71)     Total                          Min: 0, Avg:  0.0, Max: 0, Diff: 0, Sum: 0, Workers: 4
[1326.113s][debug][gc,phases      ] GC(71)   StringDedup Requests1 Weak     Min:  0.0, Avg:  0.0, Max:  0.0, Diff:  0.0, Sum:  0.0, Workers: 4
[1326.113s][debug][gc,phases      ] GC(71)     Dead                           Min: 0, Avg:  0.0, Max: 0, Diff: 0, Sum: 0, Workers: 4
[1326.113s][debug][gc,phases      ] GC(71)     Total                          Min: 0, Avg:  0.0, Max: 0, Diff: 0, Sum: 0, Workers: 4
[1326.113s][debug][gc,phases      ] GC(71)   Weak JFR Old Object Samples    Min:  0.0, Avg:  0.0, Max:  0.0, Diff:  0.0, Sum:  0.0, Workers: 4
[1326.113s][debug][gc,phases      ] GC(71)     Dead                           Min: 0, Avg:  0.0, Max: 0, Diff: 0, Sum: 0, Workers: 4
[1326.113s][debug][gc,phases      ] GC(71)     Total                          Min: 0, Avg:  0.0, Max: 0, Diff: 0, Sum: 0, Workers: 4
[1326.113s][debug][gc,phases      ] GC(71) Weak Processing 0.471ms
[1326.113s][debug][gc,age         ] GC(71) Desired survivor size 13107200 bytes, new threshold 1 (max threshold 15)
[1326.113s][info ][gc,heap        ] GC(71) PSYoungGen: 2072192K(2082304K)->4376K(2084352K) Eden: 2067968K(2067968K)->0K(2071040K) From: 4224K(14336K)->4376K(13312K)
[1326.113s][info ][gc,heap        ] GC(71) ParOldGen: 318189K(348160K)->319121K(348160K)
[1326.113s][info ][gc,metaspace   ] GC(71) Metaspace: 110824K(112128K)->110824K(112128K) NonClass: 94321K(95040K)->94321K(95040K) Class: 16502K(17088K)->16502K(17088K)
[1326.113s][info ][gc             ] GC(71) Pause Young (Allocation Failure) 2334M->315M(2375M) 8.659ms
[1326.113s][info ][gc,cpu         ] GC(71) User=0.02s Sys=0.00s Real=0.01s
[1326.113s][info ][safepoint      ] Safepoint "ParallelGCFailedAllocation", Time since last: 1457137645 ns, Reaching safepoint: 7800 ns, Cleanup: 17901 ns, At safepoint: 8745769 ns, Total: 8771470 ns
[1327.113s][info ][safepoint      ] Safepoint "Cleanup", Time since last: 1000093979 ns, Reaching safepoint: 9100 ns, Cleanup: 14101 ns, At safepoint: 3100 ns, Total: 26301 ns
[1329.114s][info ][safepoint      ] Safepoint "Cleanup", Time since last: 2000204745 ns, Reaching safepoint: 12300 ns, Cleanup: 18001 ns, At safepoint: 2900 ns, Total: 33201 ns
[1331.114s][info ][safepoint      ] Safepoint "Cleanup", Time since last: 2000207186 ns, Reaching safepoint: 10300 ns, Cleanup: 15801 ns, At safepoint: 2900 ns, Total: 29001 ns
[1333.114s][info ][safepoint      ] Safepoint "Cleanup", Time since last: 2000208586 ns, Reaching safepoint: 11101 ns, Cleanup: 14100 ns, At safepoint: 3400 ns, Total: 28601 ns
[1334.114s][info ][safepoint      ] Safepoint "Cleanup", Time since last: 1000122544 ns, Reaching safepoint: 10900 ns, Cleanup: 22201 ns, At safepoint: 2800 ns, Total: 35901 ns
[1336.115s][info ][safepoint      ] Safepoint "Cleanup", Time since last: 2000209386 ns, Reaching safepoint: 8101 ns, Cleanup: 12500 ns, At safepoint: 3000 ns, Total: 23601 ns
[1339.115s][info ][safepoint      ] Safepoint "Cleanup", Time since last: 3000274175 ns, Reaching safepoint: 8800 ns, Cleanup: 17100 ns, At safepoint: 2700 ns, Total: 28600 ns
[1341.115s][info ][safepoint      ] Safepoint "Cleanup", Time since last: 2000211779 ns, Reaching safepoint: 10700 ns, Cleanup: 16001 ns, At safepoint: 3400 ns, Total: 30101 ns
[1342.115s][info ][safepoint      ] Safepoint "Cleanup", Time since last: 1000195942 ns, Reaching safepoint: 10500 ns, Cleanup: 13601 ns, At safepoint: 3200 ns, Total: 27301 ns
[1343.116s][info ][safepoint      ] Safepoint "Cleanup", Time since last: 1000139940 ns, Reaching safepoint: 11701 ns, Cleanup: 22100 ns, At safepoint: 3200 ns, Total: 37001 ns
[1346.116s][info ][safepoint      ] Safepoint "Cleanup", Time since last: 3000280620 ns, Reaching safepoint: 7900 ns, Cleanup: 15101 ns, At safepoint: 3000 ns, Total: 26001 ns
[1350.117s][info ][safepoint      ] Safepoint "Cleanup", Time since last: 4000717531 ns, Reaching safepoint: 8701 ns, Cleanup: 13100 ns, At safepoint: 2900 ns, Total: 24701 ns
[1350.964s][info ][gc,start       ] GC(72) Pause Young (Allocation Failure)
[1350.969s][debug][gc,phases      ] GC(72) Scavenge 5.078ms
[1350.970s][debug][gc,ref         ] GC(72) ReferenceProcessor::execute queues: 1, RefProcThreadModel::Single, marks_oops_alive: false
[1350.970s][debug][gc,ref         ] GC(72) Skipped KeepAliveFinalRefsPhase of Reference Processing: no references
[1350.970s][debug][gc,ref         ] GC(72) ReferenceProcessor::execute queues: 1, RefProcThreadModel::Single, marks_oops_alive: false
[1350.970s][debug][gc,phases      ] GC(72) Reference Processing 0.116ms
[1350.970s][debug][gc,phases      ] GC(72)   VM Weak                        Min:  0.0, Avg:  0.0, Max:  0.0, Diff:  0.0, Sum:  0.0, Workers: 4
[1350.970s][debug][gc,phases      ] GC(72)     Dead                           Min: 0, Avg:  0.0, Max: 0, Diff: 0, Sum: 0, Workers: 4
[1350.970s][debug][gc,phases      ] GC(72)     Total                          Min: 0, Avg: 260.0, Max: 832, Diff: 832, Sum: 1040, Workers: 4
[1350.970s][debug][gc,phases      ] GC(72)   ObjectSynchronizer Weak        Min:  0.0, Avg:  0.0, Max:  0.0, Diff:  0.0, Sum:  0.0, Workers: 4
[1350.970s][debug][gc,phases      ] GC(72)     Dead                           Min: 0, Avg:  0.0, Max: 0, Diff: 0, Sum: 0, Workers: 4
[1350.970s][debug][gc,phases      ] GC(72)     Total                          Min: 0, Avg:  1.0, Max: 4, Diff: 4, Sum: 4, Workers: 4
[1350.970s][debug][gc,phases      ] GC(72)   JVMTI Tag Weak OopStorage      Min:  0.0, Avg:  0.0, Max:  0.0, Diff:  0.0, Sum:  0.0, Workers: 4
[1350.970s][debug][gc,phases      ] GC(72)     Dead                           Min: 0, Avg:  0.0, Max: 0, Diff: 0, Sum: 0, Workers: 4
[1350.970s][debug][gc,phases      ] GC(72)     Total                          Min: 0, Avg:  0.0, Max: 0, Diff: 0, Sum: 0, Workers: 4
[1350.970s][debug][gc,phases      ] GC(72)   StringTable Weak               Min:  0.0, Avg:  0.1, Max:  0.2, Diff:  0.2, Sum:  0.5, Workers: 4
[1350.970s][debug][gc,phases      ] GC(72)     Dead                           Min: 0, Avg:  0.0, Max: 0, Diff: 0, Sum: 0, Workers: 4
[1350.970s][debug][gc,phases      ] GC(72)     Total                          Min: 0, Avg: 11893.2, Max: 16895, Diff: 16895, Sum: 47573, Workers: 4
[1350.970s][debug][gc,phases      ] GC(72)   ResolvedMethodTable Weak       Min:  0.0, Avg:  0.0, Max:  0.1, Diff:  0.1, Sum:  0.2, Workers: 4
[1350.970s][debug][gc,phases      ] GC(72)     Dead                           Min: 0, Avg:  4.0, Max: 16, Diff: 16, Sum: 16, Workers: 4
[1350.970s][debug][gc,phases      ] GC(72)     Total                          Min: 0, Avg: 3884.5, Max: 5564, Diff: 5564, Sum: 15538, Workers: 4
[1350.970s][debug][gc,phases      ] GC(72)   JNI Weak                       Min:  0.0, Avg:  0.0, Max:  0.0, Diff:  0.0, Sum:  0.0, Workers: 4
[1350.970s][debug][gc,phases      ] GC(72)     Dead                           Min: 0, Avg:  0.0, Max: 0, Diff: 0, Sum: 0, Workers: 4
[1350.970s][debug][gc,phases      ] GC(72)     Total                          Min: 0, Avg: 13.0, Max: 48, Diff: 48, Sum: 52, Workers: 4
[1350.970s][debug][gc,phases      ] GC(72)   StringDedup Table Weak         Min:  0.0, Avg:  0.0, Max:  0.0, Diff:  0.0, Sum:  0.0, Workers: 4
[1350.970s][debug][gc,phases      ] GC(72)     Dead                           Min: 0, Avg:  0.0, Max: 0, Diff: 0, Sum: 0, Workers: 4
[1350.970s][debug][gc,phases      ] GC(72)     Total                          Min: 0, Avg:  0.0, Max: 0, Diff: 0, Sum: 0, Workers: 4
[1350.970s][debug][gc,phases      ] GC(72)   StringDedup Requests0 Weak     Min:  0.0, Avg:  0.0, Max:  0.0, Diff:  0.0, Sum:  0.0, Workers: 4
[1350.970s][debug][gc,phases      ] GC(72)     Dead                           Min: 0, Avg:  0.0, Max: 0, Diff: 0, Sum: 0, Workers: 4
[1350.970s][debug][gc,phases      ] GC(72)     Total                          Min: 0, Avg:  0.0, Max: 0, Diff: 0, Sum: 0, Workers: 4
[1350.970s][debug][gc,phases      ] GC(72)   StringDedup Requests1 Weak     Min:  0.0, Avg:  0.0, Max:  0.0, Diff:  0.0, Sum:  0.0, Workers: 4
[1350.970s][debug][gc,phases      ] GC(72)     Dead                           Min: 0, Avg:  0.0, Max: 0, Diff: 0, Sum: 0, Workers: 4
[1350.970s][debug][gc,phases      ] GC(72)     Total                          Min: 0, Avg:  0.0, Max: 0, Diff: 0, Sum: 0, Workers: 4
[1350.970s][debug][gc,phases      ] GC(72)   Weak JFR Old Object Samples    Min:  0.0, Avg:  0.0, Max:  0.0, Diff:  0.0, Sum:  0.0, Workers: 4
[1350.970s][debug][gc,phases      ] GC(72)     Dead                           Min: 0, Avg:  0.0, Max: 0, Diff: 0, Sum: 0, Workers: 4
[1350.970s][debug][gc,phases      ] GC(72)     Total                          Min: 0, Avg:  0.0, Max: 0, Diff: 0, Sum: 0, Workers: 4
[1350.970s][debug][gc,phases      ] GC(72) Weak Processing 0.475ms
[1350.970s][debug][gc,age         ] GC(72) Desired survivor size 12582912 bytes, new threshold 1 (max threshold 15)
[1350.970s][info ][gc,heap        ] GC(72) PSYoungGen: 2075416K(2084352K)->4176K(2083840K) Eden: 2071040K(2071040K)->0K(2071040K) From: 4376K(13312K)->4176K(12800K)
[1350.970s][info ][gc,heap        ] GC(72) ParOldGen: 319121K(348160K)->319969K(348160K)
[1350.970s][info ][gc,metaspace   ] GC(72) Metaspace: 110829K(112192K)->110829K(112192K) NonClass: 94326K(95104K)->94326K(95104K) Class: 16503K(17088K)->16503K(17088K)
[1350.970s][info ][gc             ] GC(72) Pause Young (Allocation Failure) 2338M->316M(2375M) 5.807ms
[1350.970s][info ][gc,cpu         ] GC(72) User=0.02s Sys=0.00s Real=0.00s
[1350.970s][info ][safepoint      ] Safepoint "ParallelGCFailedAllocation", Time since last: 847720532 ns, Reaching safepoint: 7201 ns, Cleanup: 12500 ns, At safepoint: 5887484 ns, Total: 5907185 ns
[1351.970s][info ][safepoint      ] Safepoint "Cleanup", Time since last: 1000093683 ns, Reaching safepoint: 7500 ns, Cleanup: 9201 ns, At safepoint: 2500 ns, Total: 19201 ns
[1354.971s][info ][safepoint      ] Safepoint "Cleanup", Time since last: 3000267608 ns, Reaching safepoint: 7600 ns, Cleanup: 10001 ns, At safepoint: 2600 ns, Total: 20201 ns
[1359.971s][info ][safepoint      ] Safepoint "Cleanup", Time since last: 5000400327 ns, Reaching safepoint: 7900 ns, Cleanup: 14001 ns, At safepoint: 2800 ns, Total: 24701 ns
[1365.972s][info ][safepoint      ] Safepoint "Cleanup", Time since last: 6000497452 ns, Reaching safepoint: 7900 ns, Cleanup: 17101 ns, At safepoint: 2800 ns, Total: 27801 ns
[1369.972s][info ][safepoint      ] Safepoint "Cleanup", Time since last: 4000326870 ns, Reaching safepoint: 12500 ns, Cleanup: 27401 ns, At safepoint: 3400 ns, Total: 43301 ns
[1372.972s][info ][safepoint      ] Safepoint "Cleanup", Time since last: 3000264196 ns, Reaching safepoint: 9700 ns, Cleanup: 12501 ns, At safepoint: 3000 ns, Total: 25201 ns
[1373.972s][info ][safepoint      ] Safepoint "Cleanup", Time since last: 1000107499 ns, Reaching safepoint: 7500 ns, Cleanup: 7901 ns, At safepoint: 2700 ns, Total: 18101 ns
[1374.972s][info ][safepoint      ] Safepoint "Cleanup", Time since last: 1000109399 ns, Reaching safepoint: 8600 ns, Cleanup: 9401 ns, At safepoint: 2600 ns, Total: 20601 ns
[1376.341s][info ][gc,start       ] GC(73) Pause Young (Allocation Failure)
[1376.346s][debug][gc,phases      ] GC(73) Scavenge 4.961ms
[1376.346s][debug][gc,ref         ] GC(73) ReferenceProcessor::execute queues: 1, RefProcThreadModel::Single, marks_oops_alive: false
[1376.346s][debug][gc,ref         ] GC(73) Skipped KeepAliveFinalRefsPhase of Reference Processing: no references
[1376.346s][debug][gc,ref         ] GC(73) ReferenceProcessor::execute queues: 1, RefProcThreadModel::Single, marks_oops_alive: false
[1376.346s][debug][gc,phases      ] GC(73) Reference Processing 0.132ms
[1376.346s][debug][gc,phases      ] GC(73)   VM Weak                        Min:  0.0, Avg:  0.0, Max:  0.0, Diff:  0.0, Sum:  0.0, Workers: 4
[1376.346s][debug][gc,phases      ] GC(73)     Dead                           Min: 0, Avg:  0.0, Max: 0, Diff: 0, Sum: 0, Workers: 4
[1376.346s][debug][gc,phases      ] GC(73)     Total                          Min: 0, Avg: 260.0, Max: 640, Diff: 640, Sum: 1040, Workers: 4
[1376.346s][debug][gc,phases      ] GC(73)   ObjectSynchronizer Weak        Min:  0.0, Avg:  0.0, Max:  0.0, Diff:  0.0, Sum:  0.0, Workers: 4
[1376.346s][debug][gc,phases      ] GC(73)     Dead                           Min: 0, Avg:  0.0, Max: 0, Diff: 0, Sum: 0, Workers: 4
[1376.346s][debug][gc,phases      ] GC(73)     Total                          Min: 0, Avg:  1.0, Max: 4, Diff: 4, Sum: 4, Workers: 4
[1376.347s][debug][gc,phases      ] GC(73)   JVMTI Tag Weak OopStorage      Min:  0.0, Avg:  0.0, Max:  0.0, Diff:  0.0, Sum:  0.0, Workers: 4
[1376.347s][debug][gc,phases      ] GC(73)     Dead                           Min: 0, Avg:  0.0, Max: 0, Diff: 0, Sum: 0, Workers: 4
[1376.347s][debug][gc,phases      ] GC(73)     Total                          Min: 0, Avg:  0.0, Max: 0, Diff: 0, Sum: 0, Workers: 4
[1376.347s][debug][gc,phases      ] GC(73)   StringTable Weak               Min:  0.0, Avg:  0.1, Max:  0.2, Diff:  0.2, Sum:  0.5, Workers: 4
[1376.347s][debug][gc,phases      ] GC(73)     Dead                           Min: 0, Avg:  0.0, Max: 0, Diff: 0, Sum: 0, Workers: 4
[1376.347s][debug][gc,phases      ] GC(73)     Total                          Min: 0, Avg: 11893.5, Max: 17023, Diff: 17023, Sum: 47574, Workers: 4
[1376.347s][debug][gc,phases      ] GC(73)   ResolvedMethodTable Weak       Min:  0.0, Avg:  0.0, Max:  0.1, Diff:  0.1, Sum:  0.2, Workers: 4
[1376.347s][debug][gc,phases      ] GC(73)     Dead                           Min: 0, Avg:  6.8, Max: 16, Diff: 16, Sum: 27, Workers: 4
[1376.347s][debug][gc,phases      ] GC(73)     Total                          Min: 0, Avg: 3884.5, Max: 5619, Diff: 5619, Sum: 15538, Workers: 4
[1376.347s][debug][gc,phases      ] GC(73)   JNI Weak                       Min:  0.0, Avg:  0.0, Max:  0.0, Diff:  0.0, Sum:  0.0, Workers: 4
[1376.347s][debug][gc,phases      ] GC(73)     Dead                           Min: 0, Avg:  0.0, Max: 0, Diff: 0, Sum: 0, Workers: 4
[1376.347s][debug][gc,phases      ] GC(73)     Total                          Min: 0, Avg: 13.0, Max: 48, Diff: 48, Sum: 52, Workers: 4
[1376.347s][debug][gc,phases      ] GC(73)   StringDedup Table Weak         Min:  0.0, Avg:  0.0, Max:  0.0, Diff:  0.0, Sum:  0.0, Workers: 4
[1376.347s][debug][gc,phases      ] GC(73)     Dead                           Min: 0, Avg:  0.0, Max: 0, Diff: 0, Sum: 0, Workers: 4
[1376.347s][debug][gc,phases      ] GC(73)     Total                          Min: 0, Avg:  0.0, Max: 0, Diff: 0, Sum: 0, Workers: 4
[1376.347s][debug][gc,phases      ] GC(73)   StringDedup Requests0 Weak     Min:  0.0, Avg:  0.0, Max:  0.0, Diff:  0.0, Sum:  0.0, Workers: 4
[1376.347s][debug][gc,phases      ] GC(73)     Dead                           Min: 0, Avg:  0.0, Max: 0, Diff: 0, Sum: 0, Workers: 4
[1376.347s][debug][gc,phases      ] GC(73)     Total                          Min: 0, Avg:  0.0, Max: 0, Diff: 0, Sum: 0, Workers: 4
[1376.347s][debug][gc,phases      ] GC(73)   StringDedup Requests1 Weak     Min:  0.0, Avg:  0.0, Max:  0.0, Diff:  0.0, Sum:  0.0, Workers: 4
[1376.347s][debug][gc,phases      ] GC(73)     Dead                           Min: 0, Avg:  0.0, Max: 0, Diff: 0, Sum: 0, Workers: 4
[1376.347s][debug][gc,phases      ] GC(73)     Total                          Min: 0, Avg:  0.0, Max: 0, Diff: 0, Sum: 0, Workers: 4
[1376.347s][debug][gc,phases      ] GC(73)   Weak JFR Old Object Samples    Min:  0.0, Avg:  0.0, Max:  0.0, Diff:  0.0, Sum:  0.0, Workers: 4
[1376.347s][debug][gc,phases      ] GC(73)     Dead                           Min: 0, Avg:  0.0, Max: 0, Diff: 0, Sum: 0, Workers: 4
[1376.347s][debug][gc,phases      ] GC(73)     Total                          Min: 0, Avg:  0.0, Max: 0, Diff: 0, Sum: 0, Workers: 4
[1376.347s][debug][gc,phases      ] GC(73) Weak Processing 0.480ms
[1376.347s][debug][gc,age         ] GC(73) Desired survivor size 12058624 bytes, new threshold 1 (max threshold 15)
[1376.347s][info ][gc,heap        ] GC(73) PSYoungGen: 2075216K(2083840K)->4944K(2085376K) Eden: 2071040K(2071040K)->0K(2073088K) From: 4176K(12800K)->4944K(12288K)
[1376.347s][info ][gc,heap        ] GC(73) ParOldGen: 319969K(348160K)->320817K(348160K)
[1376.347s][info ][gc,metaspace   ] GC(73) Metaspace: 110857K(112192K)->110857K(112192K) NonClass: 94353K(95104K)->94353K(95104K) Class: 16503K(17088K)->16503K(17088K)
[1376.347s][info ][gc             ] GC(73) Pause Young (Allocation Failure) 2339M->318M(2376M) 5.741ms
[1376.347s][info ][gc,cpu         ] GC(73) User=0.02s Sys=0.00s Real=0.01s
[1376.347s][info ][safepoint      ] Safepoint "ParallelGCFailedAllocation", Time since last: 1368354013 ns, Reaching safepoint: 86403 ns, Cleanup: 4500 ns, At safepoint: 5840881 ns, Total: 5931784 ns
[1381.669s][info ][safepoint      ] Safepoint "Cleanup", Time since last: 5321923392 ns, Reaching safepoint: 12701 ns, Cleanup: 19500 ns, At safepoint: 2700 ns, Total: 34901 ns
[1382.669s][info ][safepoint      ] Safepoint "Cleanup", Time since last: 1000152067 ns, Reaching safepoint: 10501 ns, Cleanup: 16400 ns, At safepoint: 2300 ns, Total: 29201 ns
[1395.670s][info ][safepoint      ] Safepoint "Cleanup", Time since last: 13001001224 ns, Reaching safepoint: 10001 ns, Cleanup: 13900 ns, At safepoint: 28101 ns, Total: 52002 ns
[1396.670s][info ][safepoint      ] Safepoint "Cleanup", Time since last: 1000110996 ns, Reaching safepoint: 8701 ns, Cleanup: 12200 ns, At safepoint: 2600 ns, Total: 23501 ns
[1402.291s][info ][gc,start       ] GC(74) Pause Young (Allocation Failure)
[1402.295s][debug][gc,phases      ] GC(74) Scavenge 4.457ms
[1402.295s][debug][gc,ref         ] GC(74) ReferenceProcessor::execute queues: 1, RefProcThreadModel::Single, marks_oops_alive: false
[1402.295s][debug][gc,ref         ] GC(74) Skipped KeepAliveFinalRefsPhase of Reference Processing: no references
[1402.295s][debug][gc,ref         ] GC(74) ReferenceProcessor::execute queues: 1, RefProcThreadModel::Single, marks_oops_alive: false
[1402.295s][debug][gc,phases      ] GC(74) Reference Processing 0.129ms
[1402.296s][debug][gc,phases      ] GC(74)   VM Weak                        Min:  0.0, Avg:  0.0, Max:  0.0, Diff:  0.0, Sum:  0.0, Workers: 4
[1402.296s][debug][gc,phases      ] GC(74)     Dead                           Min: 0, Avg:  0.0, Max: 0, Diff: 0, Sum: 0, Workers: 4
[1402.296s][debug][gc,phases      ] GC(74)     Total                          Min: 0, Avg: 260.0, Max: 448, Diff: 448, Sum: 1040, Workers: 4
[1402.296s][debug][gc,phases      ] GC(74)   ObjectSynchronizer Weak        Min:  0.0, Avg:  0.0, Max:  0.0, Diff:  0.0, Sum:  0.0, Workers: 4
[1402.296s][debug][gc,phases      ] GC(74)     Dead                           Min: 0, Avg:  0.0, Max: 0, Diff: 0, Sum: 0, Workers: 4
[1402.296s][debug][gc,phases      ] GC(74)     Total                          Min: 0, Avg:  1.0, Max: 4, Diff: 4, Sum: 4, Workers: 4
[1402.296s][debug][gc,phases      ] GC(74)   JVMTI Tag Weak OopStorage      Min:  0.0, Avg:  0.0, Max:  0.0, Diff:  0.0, Sum:  0.0, Workers: 4
[1402.296s][debug][gc,phases      ] GC(74)     Dead                           Min: 0, Avg:  0.0, Max: 0, Diff: 0, Sum: 0, Workers: 4
[1402.296s][debug][gc,phases      ] GC(74)     Total                          Min: 0, Avg:  0.0, Max: 0, Diff: 0, Sum: 0, Workers: 4
[1402.296s][debug][gc,phases      ] GC(74)   StringTable Weak               Min:  0.0, Avg:  0.1, Max:  0.2, Diff:  0.2, Sum:  0.5, Workers: 4
[1402.296s][debug][gc,phases      ] GC(74)     Dead                           Min: 0, Avg:  0.0, Max: 0, Diff: 0, Sum: 0, Workers: 4
[1402.296s][debug][gc,phases      ] GC(74)     Total                          Min: 0, Avg: 11894.0, Max: 16857, Diff: 16857, Sum: 47576, Workers: 4
[1402.296s][debug][gc,phases      ] GC(74)   ResolvedMethodTable Weak       Min:  0.0, Avg:  0.0, Max:  0.1, Diff:  0.1, Sum:  0.2, Workers: 4
[1402.296s][debug][gc,phases      ] GC(74)     Dead                           Min: 0, Avg:  4.0, Max: 9, Diff: 9, Sum: 16, Workers: 4
[1402.296s][debug][gc,phases      ] GC(74)     Total                          Min: 0, Avg: 3885.5, Max: 5551, Diff: 5551, Sum: 15542, Workers: 4
[1402.296s][debug][gc,phases      ] GC(74)   JNI Weak                       Min:  0.0, Avg:  0.0, Max:  0.0, Diff:  0.0, Sum:  0.0, Workers: 4
[1402.296s][debug][gc,phases      ] GC(74)     Dead                           Min: 0, Avg:  0.0, Max: 0, Diff: 0, Sum: 0, Workers: 4
[1402.296s][debug][gc,phases      ] GC(74)     Total                          Min: 0, Avg: 13.0, Max: 48, Diff: 48, Sum: 52, Workers: 4
[1402.296s][debug][gc,phases      ] GC(74)   StringDedup Table Weak         Min:  0.0, Avg:  0.0, Max:  0.0, Diff:  0.0, Sum:  0.0, Workers: 4
[1402.296s][debug][gc,phases      ] GC(74)     Dead                           Min: 0, Avg:  0.0, Max: 0, Diff: 0, Sum: 0, Workers: 4
[1402.296s][debug][gc,phases      ] GC(74)     Total                          Min: 0, Avg:  0.0, Max: 0, Diff: 0, Sum: 0, Workers: 4
[1402.296s][debug][gc,phases      ] GC(74)   StringDedup Requests0 Weak     Min:  0.0, Avg:  0.0, Max:  0.0, Diff:  0.0, Sum:  0.0, Workers: 4
[1402.296s][debug][gc,phases      ] GC(74)     Dead                           Min: 0, Avg:  0.0, Max: 0, Diff: 0, Sum: 0, Workers: 4
[1402.296s][debug][gc,phases      ] GC(74)     Total                          Min: 0, Avg:  0.0, Max: 0, Diff: 0, Sum: 0, Workers: 4
[1402.296s][debug][gc,phases      ] GC(74)   StringDedup Requests1 Weak     Min:  0.0, Avg:  0.0, Max:  0.0, Diff:  0.0, Sum:  0.0, Workers: 4
[1402.296s][debug][gc,phases      ] GC(74)     Dead                           Min: 0, Avg:  0.0, Max: 0, Diff: 0, Sum: 0, Workers: 4
[1402.296s][debug][gc,phases      ] GC(74)     Total                          Min: 0, Avg:  0.0, Max: 0, Diff: 0, Sum: 0, Workers: 4
[1402.296s][debug][gc,phases      ] GC(74)   Weak JFR Old Object Samples    Min:  0.0, Avg:  0.0, Max:  0.0, Diff:  0.0, Sum:  0.0, Workers: 4
[1402.296s][debug][gc,phases      ] GC(74)     Dead                           Min: 0, Avg:  0.0, Max: 0, Diff: 0, Sum: 0, Workers: 4
[1402.296s][debug][gc,phases      ] GC(74)     Total                          Min: 0, Avg:  0.0, Max: 0, Diff: 0, Sum: 0, Workers: 4
[1402.296s][debug][gc,phases      ] GC(74) Weak Processing 0.486ms
[1402.296s][debug][gc,age         ] GC(74) Desired survivor size 11534336 bytes, new threshold 1 (max threshold 15)
[1402.296s][info ][gc,heap        ] GC(74) PSYoungGen: 2078032K(2085376K)->4167K(2084864K) Eden: 2073088K(2073088K)->0K(2073088K) From: 4944K(12288K)->4167K(11776K)
[1402.296s][info ][gc,heap        ] GC(74) ParOldGen: 320817K(348160K)->322338K(348160K)
[1402.296s][info ][gc,metaspace   ] GC(74) Metaspace: 110876K(112256K)->110876K(112256K) NonClass: 94371K(95168K)->94371K(95168K) Class: 16504K(17088K)->16504K(17088K)
[1402.296s][info ][gc             ] GC(74) Pause Young (Allocation Failure) 2342M->318M(2376M) 5.223ms
[1402.296s][info ][gc,cpu         ] GC(74) User=0.02s Sys=0.01s Real=0.01s
[1402.296s][info ][safepoint      ] Safepoint "ParallelGCFailedAllocation", Time since last: 5620408040 ns, Reaching safepoint: 84503 ns, Cleanup: 5300 ns, At safepoint: 5312262 ns, Total: 5402065 ns
[1421.298s][info ][safepoint      ] Safepoint "Cleanup", Time since last: 19001540574 ns, Reaching safepoint: 88503 ns, Cleanup: 14900 ns, At safepoint: 35701 ns, Total: 139104 ns
[1426.298s][info ][safepoint      ] Safepoint "Cleanup", Time since last: 5000473674 ns, Reaching safepoint: 91403 ns, Cleanup: 13100 ns, At safepoint: 9100 ns, Total: 113603 ns
[1427.983s][info ][gc,start       ] GC(75) Pause Young (Allocation Failure)
[1427.991s][debug][gc,phases      ] GC(75) Scavenge 7.194ms
[1427.991s][debug][gc,ref         ] GC(75) ReferenceProcessor::execute queues: 1, RefProcThreadModel::Single, marks_oops_alive: false
[1427.991s][debug][gc,ref         ] GC(75) Skipped KeepAliveFinalRefsPhase of Reference Processing: no references
[1427.991s][debug][gc,ref         ] GC(75) ReferenceProcessor::execute queues: 1, RefProcThreadModel::Single, marks_oops_alive: false
[1427.991s][debug][gc,phases      ] GC(75) Reference Processing 0.133ms
[1427.991s][debug][gc,phases      ] GC(75)   VM Weak                        Min:  0.0, Avg:  0.0, Max:  0.0, Diff:  0.0, Sum:  0.0, Workers: 4
[1427.991s][debug][gc,phases      ] GC(75)     Dead                           Min: 0, Avg:  0.0, Max: 0, Diff: 0, Sum: 0, Workers: 4
[1427.991s][debug][gc,phases      ] GC(75)     Total                          Min: 0, Avg: 260.0, Max: 768, Diff: 768, Sum: 1040, Workers: 4
[1427.991s][debug][gc,phases      ] GC(75)   ObjectSynchronizer Weak        Min:  0.0, Avg:  0.0, Max:  0.0, Diff:  0.0, Sum:  0.0, Workers: 4
[1427.991s][debug][gc,phases      ] GC(75)     Dead                           Min: 0, Avg:  0.0, Max: 0, Diff: 0, Sum: 0, Workers: 4
[1427.991s][debug][gc,phases      ] GC(75)     Total                          Min: 0, Avg:  1.0, Max: 4, Diff: 4, Sum: 4, Workers: 4
[1427.991s][debug][gc,phases      ] GC(75)   JVMTI Tag Weak OopStorage      Min:  0.0, Avg:  0.0, Max:  0.0, Diff:  0.0, Sum:  0.0, Workers: 4
[1427.991s][debug][gc,phases      ] GC(75)     Dead                           Min: 0, Avg:  0.0, Max: 0, Diff: 0, Sum: 0, Workers: 4
[1427.991s][debug][gc,phases      ] GC(75)     Total                          Min: 0, Avg:  0.0, Max: 0, Diff: 0, Sum: 0, Workers: 4
[1427.991s][debug][gc,phases      ] GC(75)   StringTable Weak               Min:  0.0, Avg:  0.1, Max:  0.2, Diff:  0.2, Sum:  0.5, Workers: 4
[1427.991s][debug][gc,phases      ] GC(75)     Dead                           Min: 0, Avg:  0.0, Max: 0, Diff: 0, Sum: 0, Workers: 4
[1427.991s][debug][gc,phases      ] GC(75)     Total                          Min: 0, Avg: 11894.0, Max: 24664, Diff: 24664, Sum: 47576, Workers: 4
[1427.991s][debug][gc,phases      ] GC(75)   ResolvedMethodTable Weak       Min:  0.0, Avg:  0.0, Max:  0.1, Diff:  0.1, Sum:  0.2, Workers: 4
[1427.991s][debug][gc,phases      ] GC(75)     Dead                           Min: 0, Avg:  4.0, Max: 12, Diff: 12, Sum: 16, Workers: 4
[1427.991s][debug][gc,phases      ] GC(75)     Total                          Min: 0, Avg: 3885.5, Max: 8122, Diff: 8122, Sum: 15542, Workers: 4
[1427.991s][debug][gc,phases      ] GC(75)   JNI Weak                       Min:  0.0, Avg:  0.0, Max:  0.0, Diff:  0.0, Sum:  0.0, Workers: 4
[1427.991s][debug][gc,phases      ] GC(75)     Dead                           Min: 0, Avg:  0.0, Max: 0, Diff: 0, Sum: 0, Workers: 4
[1427.991s][debug][gc,phases      ] GC(75)     Total                          Min: 0, Avg: 13.0, Max: 52, Diff: 52, Sum: 52, Workers: 4
[1427.991s][debug][gc,phases      ] GC(75)   StringDedup Table Weak         Min:  0.0, Avg:  0.0, Max:  0.0, Diff:  0.0, Sum:  0.0, Workers: 4
[1427.991s][debug][gc,phases      ] GC(75)     Dead                           Min: 0, Avg:  0.0, Max: 0, Diff: 0, Sum: 0, Workers: 4
[1427.991s][debug][gc,phases      ] GC(75)     Total                          Min: 0, Avg:  0.0, Max: 0, Diff: 0, Sum: 0, Workers: 4
[1427.991s][debug][gc,phases      ] GC(75)   StringDedup Requests0 Weak     Min:  0.0, Avg:  0.0, Max:  0.0, Diff:  0.0, Sum:  0.0, Workers: 4
[1427.991s][debug][gc,phases      ] GC(75)     Dead                           Min: 0, Avg:  0.0, Max: 0, Diff: 0, Sum: 0, Workers: 4
[1427.991s][debug][gc,phases      ] GC(75)     Total                          Min: 0, Avg:  0.0, Max: 0, Diff: 0, Sum: 0, Workers: 4
[1427.991s][debug][gc,phases      ] GC(75)   StringDedup Requests1 Weak     Min:  0.0, Avg:  0.0, Max:  0.0, Diff:  0.0, Sum:  0.0, Workers: 4
[1427.991s][debug][gc,phases      ] GC(75)     Dead                           Min: 0, Avg:  0.0, Max: 0, Diff: 0, Sum: 0, Workers: 4
[1427.991s][debug][gc,phases      ] GC(75)     Total                          Min: 0, Avg:  0.0, Max: 0, Diff: 0, Sum: 0, Workers: 4
[1427.991s][debug][gc,phases      ] GC(75)   Weak JFR Old Object Samples    Min:  0.0, Avg:  0.0, Max:  0.0, Diff:  0.0, Sum:  0.0, Workers: 4
[1427.991s][debug][gc,phases      ] GC(75)     Dead                           Min: 0, Avg:  0.0, Max: 0, Diff: 0, Sum: 0, Workers: 4
[1427.991s][debug][gc,phases      ] GC(75)     Total                          Min: 0, Avg:  0.0, Max: 0, Diff: 0, Sum: 0, Workers: 4
[1427.991s][debug][gc,phases      ] GC(75) Weak Processing 0.570ms
[1427.991s][debug][gc,age         ] GC(75) Desired survivor size 11010048 bytes, new threshold 1 (max threshold 15)
[1427.991s][info ][gc,heap        ] GC(75) PSYoungGen: 2077255K(2084864K)->5207K(2086400K) Eden: 2073088K(2073088K)->0K(2075136K) From: 4167K(11776K)->5207K(11264K)
[1427.991s][info ][gc,heap        ] GC(75) ParOldGen: 322338K(348160K)->323257K(348160K)
[1427.992s][info ][gc,metaspace   ] GC(75) Metaspace: 110881K(112256K)->110881K(112256K) NonClass: 94377K(95168K)->94377K(95168K) Class: 16504K(17088K)->16504K(17088K)
[1427.992s][info ][gc             ] GC(75) Pause Young (Allocation Failure) 2343M->320M(2377M) 8.042ms
[1427.992s][info ][gc,cpu         ] GC(75) User=0.02s Sys=0.00s Real=0.01s
[1427.992s][info ][safepoint      ] Safepoint "ParallelGCFailedAllocation", Time since last: 1685250398 ns, Reaching safepoint: 8700 ns, Cleanup: 4400 ns, At safepoint: 8129652 ns, Total: 8142752 ns
[1429.992s][info ][safepoint      ] Safepoint "Cleanup", Time since last: 2000177970 ns, Reaching safepoint: 84603 ns, Cleanup: 10200 ns, At safepoint: 7201 ns, Total: 102004 ns
[1437.993s][info ][safepoint      ] Safepoint "Cleanup", Time since last: 8000657133 ns, Reaching safepoint: 93703 ns, Cleanup: 13000 ns, At safepoint: 7800 ns, Total: 114503 ns
[1444.688s][info ][safepoint      ] Safepoint "Cleanup", Time since last: 6695343588 ns, Reaching safepoint: 16700 ns, Cleanup: 16001 ns, At safepoint: 3300 ns, Total: 36001 ns
[1446.688s][info ][safepoint      ] Safepoint "Cleanup", Time since last: 2000233539 ns, Reaching safepoint: 80602 ns, Cleanup: 13601 ns, At safepoint: 6800 ns, Total: 101003 ns
[1453.991s][info ][gc,start       ] GC(76) Pause Young (Allocation Failure)
[1453.995s][debug][gc,phases      ] GC(76) Scavenge 4.490ms
[1453.995s][debug][gc,ref         ] GC(76) ReferenceProcessor::execute queues: 1, RefProcThreadModel::Single, marks_oops_alive: false
[1453.995s][debug][gc,ref         ] GC(76) Skipped KeepAliveFinalRefsPhase of Reference Processing: no references
[1453.995s][debug][gc,ref         ] GC(76) ReferenceProcessor::execute queues: 1, RefProcThreadModel::Single, marks_oops_alive: false
[1453.995s][debug][gc,phases      ] GC(76) Reference Processing 0.126ms
[1453.996s][debug][gc,phases      ] GC(76)   VM Weak                        Min:  0.0, Avg:  0.0, Max:  0.0, Diff:  0.0, Sum:  0.0, Workers: 4
[1453.996s][debug][gc,phases      ] GC(76)     Dead                           Min: 0, Avg:  0.0, Max: 0, Diff: 0, Sum: 0, Workers: 4
[1453.996s][debug][gc,phases      ] GC(76)     Total                          Min: 0, Avg: 260.0, Max: 464, Diff: 464, Sum: 1040, Workers: 4
[1453.996s][debug][gc,phases      ] GC(76)   ObjectSynchronizer Weak        Min:  0.0, Avg:  0.0, Max:  0.0, Diff:  0.0, Sum:  0.0, Workers: 4
[1453.996s][debug][gc,phases      ] GC(76)     Dead                           Min: 0, Avg:  0.0, Max: 0, Diff: 0, Sum: 0, Workers: 4
[1453.996s][debug][gc,phases      ] GC(76)     Total                          Min: 0, Avg:  1.0, Max: 4, Diff: 4, Sum: 4, Workers: 4
[1453.996s][debug][gc,phases      ] GC(76)   JVMTI Tag Weak OopStorage      Min:  0.0, Avg:  0.0, Max:  0.0, Diff:  0.0, Sum:  0.0, Workers: 4
[1453.996s][debug][gc,phases      ] GC(76)     Dead                           Min: 0, Avg:  0.0, Max: 0, Diff: 0, Sum: 0, Workers: 4
[1453.996s][debug][gc,phases      ] GC(76)     Total                          Min: 0, Avg:  0.0, Max: 0, Diff: 0, Sum: 0, Workers: 4
[1453.996s][debug][gc,phases      ] GC(76)   StringTable Weak               Min:  0.1, Avg:  0.1, Max:  0.1, Diff:  0.0, Sum:  0.5, Workers: 4
[1453.996s][debug][gc,phases      ] GC(76)     Dead                           Min: 0, Avg:  0.0, Max: 0, Diff: 0, Sum: 0, Workers: 4
[1453.996s][debug][gc,phases      ] GC(76)     Total                          Min: 11071, Avg: 11894.0, Max: 12377, Diff: 1306, Sum: 47576, Workers: 4
[1453.996s][debug][gc,phases      ] GC(76)   ResolvedMethodTable Weak       Min:  0.0, Avg:  0.0, Max:  0.0, Diff:  0.0, Sum:  0.2, Workers: 4
[1453.996s][debug][gc,phases      ] GC(76)     Dead                           Min: 0, Avg:  4.0, Max: 16, Diff: 16, Sum: 16, Workers: 4
[1453.996s][debug][gc,phases      ] GC(76)     Total                          Min: 3409, Avg: 3885.5, Max: 4353, Diff: 944, Sum: 15542, Workers: 4
[1453.996s][debug][gc,phases      ] GC(76)   JNI Weak                       Min:  0.0, Avg:  0.0, Max:  0.0, Diff:  0.0, Sum:  0.0, Workers: 4
[1453.996s][debug][gc,phases      ] GC(76)     Dead                           Min: 0, Avg:  0.0, Max: 0, Diff: 0, Sum: 0, Workers: 4
[1453.996s][debug][gc,phases      ] GC(76)     Total                          Min: 0, Avg: 13.0, Max: 48, Diff: 48, Sum: 52, Workers: 4
[1453.996s][debug][gc,phases      ] GC(76)   StringDedup Table Weak         Min:  0.0, Avg:  0.0, Max:  0.0, Diff:  0.0, Sum:  0.0, Workers: 4
[1453.996s][debug][gc,phases      ] GC(76)     Dead                           Min: 0, Avg:  0.0, Max: 0, Diff: 0, Sum: 0, Workers: 4
[1453.996s][debug][gc,phases      ] GC(76)     Total                          Min: 0, Avg:  0.0, Max: 0, Diff: 0, Sum: 0, Workers: 4
[1453.996s][debug][gc,phases      ] GC(76)   StringDedup Requests0 Weak     Min:  0.0, Avg:  0.0, Max:  0.0, Diff:  0.0, Sum:  0.0, Workers: 4
[1453.996s][debug][gc,phases      ] GC(76)     Dead                           Min: 0, Avg:  0.0, Max: 0, Diff: 0, Sum: 0, Workers: 4
[1453.996s][debug][gc,phases      ] GC(76)     Total                          Min: 0, Avg:  0.0, Max: 0, Diff: 0, Sum: 0, Workers: 4
[1453.996s][debug][gc,phases      ] GC(76)   StringDedup Requests1 Weak     Min:  0.0, Avg:  0.0, Max:  0.0, Diff:  0.0, Sum:  0.0, Workers: 4
[1453.996s][debug][gc,phases      ] GC(76)     Dead                           Min: 0, Avg:  0.0, Max: 0, Diff: 0, Sum: 0, Workers: 4
[1453.996s][debug][gc,phases      ] GC(76)     Total                          Min: 0, Avg:  0.0, Max: 0, Diff: 0, Sum: 0, Workers: 4
[1453.996s][debug][gc,phases      ] GC(76)   Weak JFR Old Object Samples    Min:  0.0, Avg:  0.0, Max:  0.0, Diff:  0.0, Sum:  0.0, Workers: 4
[1453.996s][debug][gc,phases      ] GC(76)     Dead                           Min: 0, Avg:  0.0, Max: 0, Diff: 0, Sum: 0, Workers: 4
[1453.996s][debug][gc,phases      ] GC(76)     Total                          Min: 0, Avg:  0.0, Max: 0, Diff: 0, Sum: 0, Workers: 4
[1453.996s][debug][gc,phases      ] GC(76) Weak Processing 0.456ms
[1453.996s][debug][gc,age         ] GC(76) Desired survivor size 10485760 bytes, new threshold 1 (max threshold 15)
[1453.996s][info ][gc,heap        ] GC(76) PSYoungGen: 2080343K(2086400K)->4368K(2085888K) Eden: 2075136K(2075136K)->0K(2075136K) From: 5207K(11264K)->4368K(10752K)
[1453.996s][info ][gc,heap        ] GC(76) ParOldGen: 323257K(348160K)->325200K(348160K)
[1453.996s][info ][gc,metaspace   ] GC(76) Metaspace: 110883K(112256K)->110883K(112256K) NonClass: 94379K(95168K)->94379K(95168K) Class: 16504K(17088K)->16504K(17088K)
[1453.996s][info ][gc             ] GC(76) Pause Young (Allocation Failure) 2347M->321M(2377M) 5.236ms
[1453.996s][info ][gc,cpu         ] GC(76) User=0.02s Sys=0.01s Real=0.01s
[1453.996s][info ][safepoint      ] Safepoint "ParallelGCFailedAllocation", Time since last: 7302056258 ns, Reaching safepoint: 93003 ns, Cleanup: 4600 ns, At safepoint: 5359969 ns, Total: 5457572 ns
[1457.996s][info ][safepoint      ] Safepoint "Cleanup", Time since last: 4000344191 ns, Reaching safepoint: 85002 ns, Cleanup: 12301 ns, At safepoint: 9400 ns, Total: 106703 ns
[1458.997s][info ][safepoint      ] Safepoint "Cleanup", Time since last: 1000140263 ns, Reaching safepoint: 87003 ns, Cleanup: 12900 ns, At safepoint: 7800 ns, Total: 107703 ns
[1459.997s][info ][safepoint      ] Safepoint "Cleanup", Time since last: 1000157464 ns, Reaching safepoint: 88303 ns, Cleanup: 14200 ns, At safepoint: 7600 ns, Total: 110103 ns
[1460.997s][info ][safepoint      ] Safepoint "Cleanup", Time since last: 1000144464 ns, Reaching safepoint: 82302 ns, Cleanup: 13301 ns, At safepoint: 7500 ns, Total: 103103 ns
[1463.997s][info ][safepoint      ] Safepoint "Cleanup", Time since last: 3000291385 ns, Reaching safepoint: 84302 ns, Cleanup: 12901 ns, At safepoint: 7000 ns, Total: 104203 ns
[1466.998s][info ][safepoint      ] Safepoint "Cleanup", Time since last: 3000302942 ns, Reaching safepoint: 90302 ns, Cleanup: 12301 ns, At safepoint: 8900 ns, Total: 111503 ns
[1470.998s][info ][safepoint      ] Safepoint "Cleanup", Time since last: 4000452037 ns, Reaching safepoint: 86303 ns, Cleanup: 10800 ns, At safepoint: 7401 ns, Total: 104504 ns
[1478.108s][info ][gc,start       ] GC(77) Pause Young (Allocation Failure)
[1478.116s][debug][gc,phases      ] GC(77) Scavenge 7.996ms
[1478.117s][debug][gc,ref         ] GC(77) ReferenceProcessor::execute queues: 1, RefProcThreadModel::Single, marks_oops_alive: false
[1478.117s][debug][gc,ref         ] GC(77) Skipped KeepAliveFinalRefsPhase of Reference Processing: no references
[1478.117s][debug][gc,ref         ] GC(77) Skipped PhantomRefsPhase of Reference Processing: no references
[1478.117s][debug][gc,phases      ] GC(77) Reference Processing 0.116ms
[1478.117s][debug][gc,phases      ] GC(77)   VM Weak                        Min:  0.0, Avg:  0.0, Max:  0.0, Diff:  0.0, Sum:  0.0, Workers: 4
[1478.117s][debug][gc,phases      ] GC(77)     Dead                           Min: 0, Avg:  0.0, Max: 0, Diff: 0, Sum: 0, Workers: 4
[1478.117s][debug][gc,phases      ] GC(77)     Total                          Min: 0, Avg: 260.0, Max: 576, Diff: 576, Sum: 1040, Workers: 4
[1478.117s][debug][gc,phases      ] GC(77)   ObjectSynchronizer Weak        Min:  0.0, Avg:  0.0, Max:  0.0, Diff:  0.0, Sum:  0.0, Workers: 4
[1478.117s][debug][gc,phases      ] GC(77)     Dead                           Min: 0, Avg:  0.0, Max: 0, Diff: 0, Sum: 0, Workers: 4
[1478.117s][debug][gc,phases      ] GC(77)     Total                          Min: 0, Avg:  1.0, Max: 4, Diff: 4, Sum: 4, Workers: 4
[1478.117s][debug][gc,phases      ] GC(77)   JVMTI Tag Weak OopStorage      Min:  0.0, Avg:  0.0, Max:  0.0, Diff:  0.0, Sum:  0.0, Workers: 4
[1478.117s][debug][gc,phases      ] GC(77)     Dead                           Min: 0, Avg:  0.0, Max: 0, Diff: 0, Sum: 0, Workers: 4
[1478.117s][debug][gc,phases      ] GC(77)     Total                          Min: 0, Avg:  0.0, Max: 0, Diff: 0, Sum: 0, Workers: 4
[1478.117s][debug][gc,phases      ] GC(77)   StringTable Weak               Min:  0.0, Avg:  0.1, Max:  0.2, Diff:  0.2, Sum:  0.5, Workers: 4
[1478.117s][debug][gc,phases      ] GC(77)     Dead                           Min: 0, Avg:  0.0, Max: 0, Diff: 0, Sum: 0, Workers: 4
[1478.117s][debug][gc,phases      ] GC(77)     Total                          Min: 0, Avg: 11894.2, Max: 16576, Diff: 16576, Sum: 47577, Workers: 4
[1478.117s][debug][gc,phases      ] GC(77)   ResolvedMethodTable Weak       Min:  0.0, Avg:  0.0, Max:  0.1, Diff:  0.1, Sum:  0.2, Workers: 4
[1478.117s][debug][gc,phases      ] GC(77)     Dead                           Min: 0, Avg:  4.0, Max: 16, Diff: 16, Sum: 16, Workers: 4
[1478.117s][debug][gc,phases      ] GC(77)     Total                          Min: 0, Avg: 3885.5, Max: 5435, Diff: 5435, Sum: 15542, Workers: 4
[1478.117s][debug][gc,phases      ] GC(77)   JNI Weak                       Min:  0.0, Avg:  0.0, Max:  0.0, Diff:  0.0, Sum:  0.0, Workers: 4
[1478.117s][debug][gc,phases      ] GC(77)     Dead                           Min: 0, Avg:  0.0, Max: 0, Diff: 0, Sum: 0, Workers: 4
[1478.117s][debug][gc,phases      ] GC(77)     Total                          Min: 0, Avg: 13.0, Max: 48, Diff: 48, Sum: 52, Workers: 4
[1478.117s][debug][gc,phases      ] GC(77)   StringDedup Table Weak         Min:  0.0, Avg:  0.0, Max:  0.0, Diff:  0.0, Sum:  0.0, Workers: 4
[1478.117s][debug][gc,phases      ] GC(77)     Dead                           Min: 0, Avg:  0.0, Max: 0, Diff: 0, Sum: 0, Workers: 4
[1478.117s][debug][gc,phases      ] GC(77)     Total                          Min: 0, Avg:  0.0, Max: 0, Diff: 0, Sum: 0, Workers: 4
[1478.117s][debug][gc,phases      ] GC(77)   StringDedup Requests0 Weak     Min:  0.0, Avg:  0.0, Max:  0.0, Diff:  0.0, Sum:  0.0, Workers: 4
[1478.117s][debug][gc,phases      ] GC(77)     Dead                           Min: 0, Avg:  0.0, Max: 0, Diff: 0, Sum: 0, Workers: 4
[1478.117s][debug][gc,phases      ] GC(77)     Total                          Min: 0, Avg:  0.0, Max: 0, Diff: 0, Sum: 0, Workers: 4
[1478.117s][debug][gc,phases      ] GC(77)   StringDedup Requests1 Weak     Min:  0.0, Avg:  0.0, Max:  0.0, Diff:  0.0, Sum:  0.0, Workers: 4
[1478.117s][debug][gc,phases      ] GC(77)     Dead                           Min: 0, Avg:  0.0, Max: 0, Diff: 0, Sum: 0, Workers: 4
[1478.117s][debug][gc,phases      ] GC(77)     Total                          Min: 0, Avg:  0.0, Max: 0, Diff: 0, Sum: 0, Workers: 4
[1478.117s][debug][gc,phases      ] GC(77)   Weak JFR Old Object Samples    Min:  0.0, Avg:  0.0, Max:  0.0, Diff:  0.0, Sum:  0.0, Workers: 4
[1478.117s][debug][gc,phases      ] GC(77)     Dead                           Min: 0, Avg:  0.0, Max: 0, Diff: 0, Sum: 0, Workers: 4
[1478.117s][debug][gc,phases      ] GC(77)     Total                          Min: 0, Avg:  0.0, Max: 0, Diff: 0, Sum: 0, Workers: 4
[1478.117s][debug][gc,phases      ] GC(77) Weak Processing 0.454ms
[1478.117s][debug][gc,age         ] GC(77) Desired survivor size 9961472 bytes, new threshold 1 (max threshold 15)
[1478.117s][info ][gc,heap        ] GC(77) PSYoungGen: 2079504K(2085888K)->4816K(2087424K) Eden: 2075136K(2075136K)->0K(2077184K) From: 4368K(10752K)->4816K(10240K)
[1478.117s][info ][gc,heap        ] GC(77) ParOldGen: 325200K(348160K)->326256K(348160K)
[1478.117s][info ][gc,metaspace   ] GC(77) Metaspace: 110893K(112256K)->110893K(112256K) NonClass: 94389K(95168K)->94389K(95168K) Class: 16504K(17088K)->16504K(17088K)
[1478.117s][info ][gc             ] GC(77) Pause Young (Allocation Failure) 2348M->323M(2378M) 8.720ms
[1478.117s][info ][gc,cpu         ] GC(77) User=0.02s Sys=0.00s Real=0.01s
[1478.117s][info ][safepoint      ] Safepoint "ParallelGCFailedAllocation", Time since last: 7109898219 ns, Reaching safepoint: 8301 ns, Cleanup: 4800 ns, At safepoint: 8813988 ns, Total: 8827089 ns
[1479.117s][info ][safepoint      ] Safepoint "Cleanup", Time since last: 1000091322 ns, Reaching safepoint: 10701 ns, Cleanup: 15800 ns, At safepoint: 2600 ns, Total: 29101 ns
[1481.117s][info ][safepoint      ] Safepoint "Cleanup", Time since last: 2000195199 ns, Reaching safepoint: 10700 ns, Cleanup: 14101 ns, At safepoint: 3400 ns, Total: 28201 ns
[1483.118s][info ][safepoint      ] Safepoint "Cleanup", Time since last: 2000213509 ns, Reaching safepoint: 8801 ns, Cleanup: 16700 ns, At safepoint: 3001 ns, Total: 28502 ns
[1484.118s][info ][safepoint      ] Safepoint "Cleanup", Time since last: 1000139956 ns, Reaching safepoint: 13000 ns, Cleanup: 17701 ns, At safepoint: 3800 ns, Total: 34501 ns
[1487.118s][info ][safepoint      ] Safepoint "Cleanup", Time since last: 3000292314 ns, Reaching safepoint: 10000 ns, Cleanup: 15001 ns, At safepoint: 3300 ns, Total: 28301 ns
[1493.119s][info ][safepoint      ] Safepoint "Cleanup", Time since last: 6000500291 ns, Reaching safepoint: 8601 ns, Cleanup: 24000 ns, At safepoint: 2900 ns, Total: 35501 ns
[1498.119s][info ][safepoint      ] Safepoint "Cleanup", Time since last: 5000469277 ns, Reaching safepoint: 12500 ns, Cleanup: 19801 ns, At safepoint: 3100 ns, Total: 35401 ns
[1499.119s][info ][safepoint      ] Safepoint "Cleanup", Time since last: 1000127241 ns, Reaching safepoint: 11800 ns, Cleanup: 16200 ns, At safepoint: 3501 ns, Total: 31501 ns
[1501.712s][info ][safepoint      ] Safepoint "Cleanup", Time since last: 2592679882 ns, Reaching safepoint: 13900 ns, Cleanup: 19501 ns, At safepoint: 2900 ns, Total: 36301 ns
[1502.906s][info ][gc,start       ] GC(78) Pause Young (Allocation Failure)
[1502.913s][debug][gc,phases      ] GC(78) Scavenge 7.145ms
[1502.913s][debug][gc,ref         ] GC(78) ReferenceProcessor::execute queues: 1, RefProcThreadModel::Single, marks_oops_alive: false
[1502.913s][debug][gc,ref         ] GC(78) Skipped KeepAliveFinalRefsPhase of Reference Processing: no references
[1502.913s][debug][gc,ref         ] GC(78) Skipped PhantomRefsPhase of Reference Processing: no references
[1502.913s][debug][gc,phases      ] GC(78) Reference Processing 0.137ms
[1502.914s][debug][gc,phases      ] GC(78)   VM Weak                        Min:  0.0, Avg:  0.0, Max:  0.0, Diff:  0.0, Sum:  0.0, Workers: 4
[1502.914s][debug][gc,phases      ] GC(78)     Dead                           Min: 0, Avg:  0.0, Max: 0, Diff: 0, Sum: 0, Workers: 4
[1502.914s][debug][gc,phases      ] GC(78)     Total                          Min: 0, Avg: 260.0, Max: 576, Diff: 576, Sum: 1040, Workers: 4
[1502.914s][debug][gc,phases      ] GC(78)   ObjectSynchronizer Weak        Min:  0.0, Avg:  0.0, Max:  0.0, Diff:  0.0, Sum:  0.0, Workers: 4
[1502.914s][debug][gc,phases      ] GC(78)     Dead                           Min: 0, Avg:  0.0, Max: 0, Diff: 0, Sum: 0, Workers: 4
[1502.914s][debug][gc,phases      ] GC(78)     Total                          Min: 0, Avg:  0.8, Max: 3, Diff: 3, Sum: 3, Workers: 4
[1502.914s][debug][gc,phases      ] GC(78)   JVMTI Tag Weak OopStorage      Min:  0.0, Avg:  0.0, Max:  0.0, Diff:  0.0, Sum:  0.0, Workers: 4
[1502.914s][debug][gc,phases      ] GC(78)     Dead                           Min: 0, Avg:  0.0, Max: 0, Diff: 0, Sum: 0, Workers: 4
[1502.914s][debug][gc,phases      ] GC(78)     Total                          Min: 0, Avg:  0.0, Max: 0, Diff: 0, Sum: 0, Workers: 4
[1502.914s][debug][gc,phases      ] GC(78)   StringTable Weak               Min:  0.0, Avg:  0.1, Max:  0.2, Diff:  0.2, Sum:  0.5, Workers: 4
[1502.914s][debug][gc,phases      ] GC(78)     Dead                           Min: 0, Avg:  0.0, Max: 0, Diff: 0, Sum: 0, Workers: 4
[1502.914s][debug][gc,phases      ] GC(78)     Total                          Min: 0, Avg: 11894.8, Max: 17116, Diff: 17116, Sum: 47579, Workers: 4
[1502.914s][debug][gc,phases      ] GC(78)   ResolvedMethodTable Weak       Min:  0.0, Avg:  0.0, Max:  0.1, Diff:  0.1, Sum:  0.2, Workers: 4
[1502.914s][debug][gc,phases      ] GC(78)     Dead                           Min: 0, Avg:  4.0, Max: 16, Diff: 16, Sum: 16, Workers: 4
[1502.914s][debug][gc,phases      ] GC(78)     Total                          Min: 0, Avg: 3885.5, Max: 5636, Diff: 5636, Sum: 15542, Workers: 4
[1502.914s][debug][gc,phases      ] GC(78)   JNI Weak                       Min:  0.0, Avg:  0.0, Max:  0.0, Diff:  0.0, Sum:  0.0, Workers: 4
[1502.914s][debug][gc,phases      ] GC(78)     Dead                           Min: 0, Avg:  0.0, Max: 0, Diff: 0, Sum: 0, Workers: 4
[1502.914s][debug][gc,phases      ] GC(78)     Total                          Min: 0, Avg: 13.0, Max: 48, Diff: 48, Sum: 52, Workers: 4
[1502.914s][debug][gc,phases      ] GC(78)   StringDedup Table Weak         Min:  0.0, Avg:  0.0, Max:  0.0, Diff:  0.0, Sum:  0.0, Workers: 4
[1502.914s][debug][gc,phases      ] GC(78)     Dead                           Min: 0, Avg:  0.0, Max: 0, Diff: 0, Sum: 0, Workers: 4
[1502.914s][debug][gc,phases      ] GC(78)     Total                          Min: 0, Avg:  0.0, Max: 0, Diff: 0, Sum: 0, Workers: 4
[1502.914s][debug][gc,phases      ] GC(78)   StringDedup Requests0 Weak     Min:  0.0, Avg:  0.0, Max:  0.0, Diff:  0.0, Sum:  0.0, Workers: 4
[1502.914s][debug][gc,phases      ] GC(78)     Dead                           Min: 0, Avg:  0.0, Max: 0, Diff: 0, Sum: 0, Workers: 4
[1502.914s][debug][gc,phases      ] GC(78)     Total                          Min: 0, Avg:  0.0, Max: 0, Diff: 0, Sum: 0, Workers: 4
[1502.914s][debug][gc,phases      ] GC(78)   StringDedup Requests1 Weak     Min:  0.0, Avg:  0.0, Max:  0.0, Diff:  0.0, Sum:  0.0, Workers: 4
[1502.914s][debug][gc,phases      ] GC(78)     Dead                           Min: 0, Avg:  0.0, Max: 0, Diff: 0, Sum: 0, Workers: 4
[1502.914s][debug][gc,phases      ] GC(78)     Total                          Min: 0, Avg:  0.0, Max: 0, Diff: 0, Sum: 0, Workers: 4
[1502.914s][debug][gc,phases      ] GC(78)   Weak JFR Old Object Samples    Min:  0.0, Avg:  0.0, Max:  0.0, Diff:  0.0, Sum:  0.0, Workers: 4
[1502.914s][debug][gc,phases      ] GC(78)     Dead                           Min: 0, Avg:  0.0, Max: 0, Diff: 0, Sum: 0, Workers: 4
[1502.914s][debug][gc,phases      ] GC(78)     Total                          Min: 0, Avg:  0.0, Max: 0, Diff: 0, Sum: 0, Workers: 4
[1502.914s][debug][gc,phases      ] GC(78) Weak Processing 0.510ms
[1502.914s][debug][gc,age         ] GC(78) Desired survivor size 9437184 bytes, new threshold 1 (max threshold 15)
[1502.914s][info ][gc,heap        ] GC(78) PSYoungGen: 2082000K(2087424K)->4128K(2086912K) Eden: 2077184K(2077184K)->0K(2077184K) From: 4816K(10240K)->4128K(9728K)
[1502.914s][info ][gc,heap        ] GC(78) ParOldGen: 326256K(348160K)->327592K(348160K)
[1502.914s][info ][gc,metaspace   ] GC(78) Metaspace: 110924K(112256K)->110924K(112256K) NonClass: 94420K(95168K)->94420K(95168K) Class: 16504K(17088K)->16504K(17088K)
[1502.914s][info ][gc             ] GC(78) Pause Young (Allocation Failure) 2351M->323M(2378M) 7.973ms
[1502.914s][info ][gc,cpu         ] GC(78) User=0.02s Sys=0.00s Real=0.01s
[1502.914s][info ][safepoint      ] Safepoint "ParallelGCFailedAllocation", Time since last: 1193837088 ns, Reaching safepoint: 10200 ns, Cleanup: 5501 ns, At safepoint: 8082656 ns, Total: 8098357 ns
[1504.914s][info ][safepoint      ] Safepoint "Cleanup", Time since last: 2000174288 ns, Reaching safepoint: 9900 ns, Cleanup: 13000 ns, At safepoint: 2900 ns, Total: 25800 ns
[1506.915s][info ][safepoint      ] Safepoint "Cleanup", Time since last: 2000201360 ns, Reaching safepoint: 9100 ns, Cleanup: 16001 ns, At safepoint: 2900 ns, Total: 28001 ns
[1508.915s][info ][safepoint      ] Safepoint "Cleanup", Time since last: 2000212759 ns, Reaching safepoint: 11201 ns, Cleanup: 14200 ns, At safepoint: 2800 ns, Total: 28201 ns
[1519.916s][info ][safepoint      ] Safepoint "Cleanup", Time since last: 11000913200 ns, Reaching safepoint: 28701 ns, Cleanup: 11500 ns, At safepoint: 3601 ns, Total: 43802 ns
[1522.916s][info ][safepoint      ] Safepoint "Cleanup", Time since last: 3000314919 ns, Reaching safepoint: 11300 ns, Cleanup: 52202 ns, At safepoint: 3000 ns, Total: 66502 ns
[1523.916s][info ][safepoint      ] Safepoint "Cleanup", Time since last: 1000139991 ns, Reaching safepoint: 11500 ns, Cleanup: 18001 ns, At safepoint: 2800 ns, Total: 32301 ns
[1527.854s][info ][gc,start       ] GC(79) Pause Young (Allocation Failure)
[1527.861s][debug][gc,phases      ] GC(79) Scavenge 6.903ms
[1527.861s][debug][gc,ref         ] GC(79) ReferenceProcessor::execute queues: 1, RefProcThreadModel::Single, marks_oops_alive: false
[1527.861s][debug][gc,ref         ] GC(79) Skipped KeepAliveFinalRefsPhase of Reference Processing: no references
[1527.861s][debug][gc,ref         ] GC(79) ReferenceProcessor::execute queues: 1, RefProcThreadModel::Single, marks_oops_alive: false
[1527.861s][debug][gc,phases      ] GC(79) Reference Processing 0.130ms
[1527.862s][debug][gc,phases      ] GC(79)   VM Weak                        Min:  0.0, Avg:  0.0, Max:  0.0, Diff:  0.0, Sum:  0.0, Workers: 4
[1527.862s][debug][gc,phases      ] GC(79)     Dead                           Min: 0, Avg:  0.0, Max: 0, Diff: 0, Sum: 0, Workers: 4
[1527.862s][debug][gc,phases      ] GC(79)     Total                          Min: 0, Avg: 260.0, Max: 528, Diff: 528, Sum: 1040, Workers: 4
[1527.862s][debug][gc,phases      ] GC(79)   ObjectSynchronizer Weak        Min:  0.0, Avg:  0.0, Max:  0.0, Diff:  0.0, Sum:  0.0, Workers: 4
[1527.862s][debug][gc,phases      ] GC(79)     Dead                           Min: 0, Avg:  0.0, Max: 0, Diff: 0, Sum: 0, Workers: 4
[1527.862s][debug][gc,phases      ] GC(79)     Total                          Min: 0, Avg:  1.0, Max: 4, Diff: 4, Sum: 4, Workers: 4
[1527.862s][debug][gc,phases      ] GC(79)   JVMTI Tag Weak OopStorage      Min:  0.0, Avg:  0.0, Max:  0.0, Diff:  0.0, Sum:  0.0, Workers: 4
[1527.862s][debug][gc,phases      ] GC(79)     Dead                           Min: 0, Avg:  0.0, Max: 0, Diff: 0, Sum: 0, Workers: 4
[1527.862s][debug][gc,phases      ] GC(79)     Total                          Min: 0, Avg:  0.0, Max: 0, Diff: 0, Sum: 0, Workers: 4
[1527.862s][debug][gc,phases      ] GC(79)   StringTable Weak               Min:  0.0, Avg:  0.1, Max:  0.3, Diff:  0.3, Sum:  0.5, Workers: 4
[1527.862s][debug][gc,phases      ] GC(79)     Dead                           Min: 0, Avg:  0.0, Max: 0, Diff: 0, Sum: 0, Workers: 4
[1527.862s][debug][gc,phases      ] GC(79)     Total                          Min: 0, Avg: 11895.0, Max: 25628, Diff: 25628, Sum: 47580, Workers: 4
[1527.862s][debug][gc,phases      ] GC(79)   ResolvedMethodTable Weak       Min:  0.0, Avg:  0.0, Max:  0.1, Diff:  0.1, Sum:  0.2, Workers: 4
[1527.862s][debug][gc,phases      ] GC(79)     Dead                           Min: 0, Avg:  4.0, Max: 16, Diff: 16, Sum: 16, Workers: 4
[1527.862s][debug][gc,phases      ] GC(79)     Total                          Min: 0, Avg: 3885.8, Max: 8485, Diff: 8485, Sum: 15543, Workers: 4
[1527.862s][debug][gc,phases      ] GC(79)   JNI Weak                       Min:  0.0, Avg:  0.0, Max:  0.0, Diff:  0.0, Sum:  0.0, Workers: 4
[1527.862s][debug][gc,phases      ] GC(79)     Dead                           Min: 0, Avg:  0.0, Max: 0, Diff: 0, Sum: 0, Workers: 4
[1527.862s][debug][gc,phases      ] GC(79)     Total                          Min: 0, Avg: 13.0, Max: 48, Diff: 48, Sum: 52, Workers: 4
[1527.862s][debug][gc,phases      ] GC(79)   StringDedup Table Weak         Min:  0.0, Avg:  0.0, Max:  0.0, Diff:  0.0, Sum:  0.0, Workers: 4
[1527.862s][debug][gc,phases      ] GC(79)     Dead                           Min: 0, Avg:  0.0, Max: 0, Diff: 0, Sum: 0, Workers: 4
[1527.862s][debug][gc,phases      ] GC(79)     Total                          Min: 0, Avg:  0.0, Max: 0, Diff: 0, Sum: 0, Workers: 4
[1527.862s][debug][gc,phases      ] GC(79)   StringDedup Requests0 Weak     Min:  0.0, Avg:  0.0, Max:  0.0, Diff:  0.0, Sum:  0.0, Workers: 4
[1527.862s][debug][gc,phases      ] GC(79)     Dead                           Min: 0, Avg:  0.0, Max: 0, Diff: 0, Sum: 0, Workers: 4
[1527.862s][debug][gc,phases      ] GC(79)     Total                          Min: 0, Avg:  0.0, Max: 0, Diff: 0, Sum: 0, Workers: 4
[1527.862s][debug][gc,phases      ] GC(79)   StringDedup Requests1 Weak     Min:  0.0, Avg:  0.0, Max:  0.0, Diff:  0.0, Sum:  0.0, Workers: 4
[1527.862s][debug][gc,phases      ] GC(79)     Dead                           Min: 0, Avg:  0.0, Max: 0, Diff: 0, Sum: 0, Workers: 4
[1527.862s][debug][gc,phases      ] GC(79)     Total                          Min: 0, Avg:  0.0, Max: 0, Diff: 0, Sum: 0, Workers: 4
[1527.862s][debug][gc,phases      ] GC(79)   Weak JFR Old Object Samples    Min:  0.0, Avg:  0.0, Max:  0.0, Diff:  0.0, Sum:  0.0, Workers: 4
[1527.862s][debug][gc,phases      ] GC(79)     Dead                           Min: 0, Avg:  0.0, Max: 0, Diff: 0, Sum: 0, Workers: 4
[1527.862s][debug][gc,phases      ] GC(79)     Total                          Min: 0, Avg:  0.0, Max: 0, Diff: 0, Sum: 0, Workers: 4
[1527.862s][debug][gc,phases      ] GC(79) Weak Processing 0.600ms
[1527.862s][debug][gc,age         ] GC(79) Desired survivor size 9437184 bytes, new threshold 1 (max threshold 15)
[1527.862s][info ][gc,heap        ] GC(79) PSYoungGen: 2081312K(2086912K)->4517K(2087936K) Eden: 2077184K(2077184K)->0K(2078720K) From: 4128K(9728K)->4517K(9216K)
[1527.862s][info ][gc,heap        ] GC(79) ParOldGen: 327592K(348160K)->328208K(348160K)
[1527.862s][info ][gc,metaspace   ] GC(79) Metaspace: 110946K(112320K)->110946K(112320K) NonClass: 94441K(95232K)->94441K(95232K) Class: 16505K(17088K)->16505K(17088K)
[1527.862s][info ][gc             ] GC(79) Pause Young (Allocation Failure) 2352M->324M(2379M) 7.791ms
[1527.862s][info ][gc,cpu         ] GC(79) User=0.02s Sys=0.00s Real=0.00s
[1527.862s][info ][safepoint      ] Safepoint "ParallelGCFailedAllocation", Time since last: 3937782386 ns, Reaching safepoint: 12401 ns, Cleanup: 5600 ns, At safepoint: 7899049 ns, Total: 7917050 ns
[1528.862s][info ][safepoint      ] Safepoint "Cleanup", Time since last: 1000128290 ns, Reaching safepoint: 11801 ns, Cleanup: 22900 ns, At safepoint: 3500 ns, Total: 38201 ns
[1542.863s][info ][safepoint      ] Safepoint "Cleanup", Time since last: 14001232976 ns, Reaching safepoint: 8600 ns, Cleanup: 10000 ns, At safepoint: 2600 ns, Total: 21200 ns
[1548.864s][info ][safepoint      ] Safepoint "Cleanup", Time since last: 6000552053 ns, Reaching safepoint: 12701 ns, Cleanup: 15600 ns, At safepoint: 3900 ns, Total: 32201 ns
[1550.864s][info ][safepoint      ] Safepoint "Cleanup", Time since last: 2000205114 ns, Reaching safepoint: 12000 ns, Cleanup: 13001 ns, At safepoint: 3200 ns, Total: 28201 ns
[1552.807s][info ][gc,start       ] GC(80) Pause Young (Allocation Failure)
[1552.815s][debug][gc,phases      ] GC(80) Scavenge 7.296ms
[1552.815s][debug][gc,ref         ] GC(80) ReferenceProcessor::execute queues: 1, RefProcThreadModel::Single, marks_oops_alive: false
[1552.815s][debug][gc,ref         ] GC(80) Skipped KeepAliveFinalRefsPhase of Reference Processing: no references
[1552.815s][debug][gc,ref         ] GC(80) ReferenceProcessor::execute queues: 1, RefProcThreadModel::Single, marks_oops_alive: false
[1552.815s][debug][gc,phases      ] GC(80) Reference Processing 0.120ms
[1552.815s][debug][gc,phases      ] GC(80)   VM Weak                        Min:  0.0, Avg:  0.0, Max:  0.0, Diff:  0.0, Sum:  0.0, Workers: 4
[1552.815s][debug][gc,phases      ] GC(80)     Dead                           Min: 0, Avg:  0.0, Max: 0, Diff: 0, Sum: 0, Workers: 4
[1552.815s][debug][gc,phases      ] GC(80)     Total                          Min: 0, Avg: 260.0, Max: 896, Diff: 896, Sum: 1040, Workers: 4
[1552.815s][debug][gc,phases      ] GC(80)   ObjectSynchronizer Weak        Min:  0.0, Avg:  0.0, Max:  0.0, Diff:  0.0, Sum:  0.0, Workers: 4
[1552.815s][debug][gc,phases      ] GC(80)     Dead                           Min: 0, Avg:  0.0, Max: 0, Diff: 0, Sum: 0, Workers: 4
[1552.815s][debug][gc,phases      ] GC(80)     Total                          Min: 0, Avg:  1.0, Max: 4, Diff: 4, Sum: 4, Workers: 4
[1552.815s][debug][gc,phases      ] GC(80)   JVMTI Tag Weak OopStorage      Min:  0.0, Avg:  0.0, Max:  0.0, Diff:  0.0, Sum:  0.0, Workers: 4
[1552.815s][debug][gc,phases      ] GC(80)     Dead                           Min: 0, Avg:  0.0, Max: 0, Diff: 0, Sum: 0, Workers: 4
[1552.815s][debug][gc,phases      ] GC(80)     Total                          Min: 0, Avg:  0.0, Max: 0, Diff: 0, Sum: 0, Workers: 4
[1552.815s][debug][gc,phases      ] GC(80)   StringTable Weak               Min:  0.0, Avg:  0.1, Max:  0.2, Diff:  0.2, Sum:  0.5, Workers: 4
[1552.815s][debug][gc,phases      ] GC(80)     Dead                           Min: 0, Avg:  0.0, Max: 0, Diff: 0, Sum: 0, Workers: 4
[1552.815s][debug][gc,phases      ] GC(80)     Total                          Min: 0, Avg: 11895.0, Max: 16989, Diff: 16989, Sum: 47580, Workers: 4
[1552.815s][debug][gc,phases      ] GC(80)   ResolvedMethodTable Weak       Min:  0.0, Avg:  0.1, Max:  0.1, Diff:  0.1, Sum:  0.3, Workers: 4
[1552.815s][debug][gc,phases      ] GC(80)     Dead                           Min: 0, Avg:  4.0, Max: 16, Diff: 16, Sum: 16, Workers: 4
[1552.815s][debug][gc,phases      ] GC(80)     Total                          Min: 0, Avg: 3885.8, Max: 7280, Diff: 7280, Sum: 15543, Workers: 4
[1552.815s][debug][gc,phases      ] GC(80)   JNI Weak                       Min:  0.0, Avg:  0.0, Max:  0.0, Diff:  0.0, Sum:  0.0, Workers: 4
[1552.815s][debug][gc,phases      ] GC(80)     Dead                           Min: 0, Avg:  0.0, Max: 0, Diff: 0, Sum: 0, Workers: 4
[1552.815s][debug][gc,phases      ] GC(80)     Total                          Min: 0, Avg: 13.0, Max: 48, Diff: 48, Sum: 52, Workers: 4
[1552.815s][debug][gc,phases      ] GC(80)   StringDedup Table Weak         Min:  0.0, Avg:  0.0, Max:  0.0, Diff:  0.0, Sum:  0.0, Workers: 4
[1552.815s][debug][gc,phases      ] GC(80)     Dead                           Min: 0, Avg:  0.0, Max: 0, Diff: 0, Sum: 0, Workers: 4
[1552.815s][debug][gc,phases      ] GC(80)     Total                          Min: 0, Avg:  0.0, Max: 0, Diff: 0, Sum: 0, Workers: 4
[1552.815s][debug][gc,phases      ] GC(80)   StringDedup Requests0 Weak     Min:  0.0, Avg:  0.0, Max:  0.0, Diff:  0.0, Sum:  0.0, Workers: 4
[1552.815s][debug][gc,phases      ] GC(80)     Dead                           Min: 0, Avg:  0.0, Max: 0, Diff: 0, Sum: 0, Workers: 4
[1552.815s][debug][gc,phases      ] GC(80)     Total                          Min: 0, Avg:  0.0, Max: 0, Diff: 0, Sum: 0, Workers: 4
[1552.815s][debug][gc,phases      ] GC(80)   StringDedup Requests1 Weak     Min:  0.0, Avg:  0.0, Max:  0.0, Diff:  0.0, Sum:  0.0, Workers: 4
[1552.816s][debug][gc,phases      ] GC(80)     Dead                           Min: 0, Avg:  0.0, Max: 0, Diff: 0, Sum: 0, Workers: 4
[1552.816s][debug][gc,phases      ] GC(80)     Total                          Min: 0, Avg:  0.0, Max: 0, Diff: 0, Sum: 0, Workers: 4
[1552.816s][debug][gc,phases      ] GC(80)   Weak JFR Old Object Samples    Min:  0.0, Avg:  0.0, Max:  0.0, Diff:  0.0, Sum:  0.0, Workers: 4
[1552.816s][debug][gc,phases      ] GC(80)     Dead                           Min: 0, Avg:  0.0, Max: 0, Diff: 0, Sum: 0, Workers: 4
[1552.816s][debug][gc,phases      ] GC(80)     Total                          Min: 0, Avg:  0.0, Max: 0, Diff: 0, Sum: 0, Workers: 4
[1552.816s][debug][gc,phases      ] GC(80) Weak Processing 0.533ms
[1552.816s][debug][gc,age         ] GC(80) Desired survivor size 8912896 bytes, new threshold 1 (max threshold 15)
[1552.816s][info ][gc,heap        ] GC(80) PSYoungGen: 2083237K(2087936K)->4213K(2087936K) Eden: 2078720K(2078720K)->0K(2078720K) From: 4517K(9216K)->4213K(9216K)
[1552.816s][info ][gc,heap        ] GC(80) ParOldGen: 328208K(348160K)->329049K(348160K)
[1552.816s][info ][gc,metaspace   ] GC(80) Metaspace: 110949K(112320K)->110949K(112320K) NonClass: 94444K(95232K)->94444K(95232K) Class: 16505K(17088K)->16505K(17088K)
[1552.816s][info ][gc             ] GC(80) Pause Young (Allocation Failure) 2354M->325M(2379M) 8.101ms
[1552.816s][info ][gc,cpu         ] GC(80) User=0.02s Sys=0.00s Real=0.01s
[1552.816s][info ][safepoint      ] Safepoint "ParallelGCFailedAllocation", Time since last: 1943152152 ns, Reaching safepoint: 85202 ns, Cleanup: 4800 ns, At safepoint: 8200557 ns, Total: 8290559 ns
[1553.816s][info ][safepoint      ] Safepoint "Cleanup", Time since last: 1000062060 ns, Reaching safepoint: 8900 ns, Cleanup: 14701 ns, At safepoint: 3200 ns, Total: 26801 ns
[1554.816s][info ][safepoint      ] Safepoint "Cleanup", Time since last: 1000117729 ns, Reaching safepoint: 11900 ns, Cleanup: 12100 ns, At safepoint: 3000 ns, Total: 27000 ns
[1558.816s][info ][safepoint      ] Safepoint "Cleanup", Time since last: 4000352512 ns, Reaching safepoint: 14501 ns, Cleanup: 15800 ns, At safepoint: 3600 ns, Total: 33901 ns
[1559.816s][info ][safepoint      ] Safepoint "Cleanup", Time since last: 1000131930 ns, Reaching safepoint: 8600 ns, Cleanup: 15600 ns, At safepoint: 2900 ns, Total: 27100 ns
[1561.737s][info ][safepoint      ] Safepoint "Cleanup", Time since last: 1920824197 ns, Reaching safepoint: 13200 ns, Cleanup: 17000 ns, At safepoint: 3200 ns, Total: 33400 ns
[1570.738s][info ][safepoint      ] Safepoint "Cleanup", Time since last: 9000796916 ns, Reaching safepoint: 84503 ns, Cleanup: 11800 ns, At safepoint: 6300 ns, Total: 102603 ns
[1577.353s][info ][gc,start       ] GC(81) Pause Young (Allocation Failure)
[1577.360s][debug][gc,phases      ] GC(81) Scavenge 7.222ms
[1577.360s][debug][gc,ref         ] GC(81) ReferenceProcessor::execute queues: 1, RefProcThreadModel::Single, marks_oops_alive: false
[1577.360s][debug][gc,ref         ] GC(81) Skipped KeepAliveFinalRefsPhase of Reference Processing: no references
[1577.360s][debug][gc,ref         ] GC(81) ReferenceProcessor::execute queues: 1, RefProcThreadModel::Single, marks_oops_alive: false
[1577.360s][debug][gc,phases      ] GC(81) Reference Processing 0.134ms
[1577.361s][debug][gc,phases      ] GC(81)   VM Weak                        Min:  0.0, Avg:  0.0, Max:  0.0, Diff:  0.0, Sum:  0.0, Workers: 4
[1577.361s][debug][gc,phases      ] GC(81)     Dead                           Min: 0, Avg:  0.0, Max: 0, Diff: 0, Sum: 0, Workers: 4
[1577.361s][debug][gc,phases      ] GC(81)     Total                          Min: 0, Avg: 260.0, Max: 576, Diff: 576, Sum: 1040, Workers: 4
[1577.361s][debug][gc,phases      ] GC(81)   ObjectSynchronizer Weak        Min:  0.0, Avg:  0.0, Max:  0.0, Diff:  0.0, Sum:  0.0, Workers: 4
[1577.361s][debug][gc,phases      ] GC(81)     Dead                           Min: 0, Avg:  0.0, Max: 0, Diff: 0, Sum: 0, Workers: 4
[1577.361s][debug][gc,phases      ] GC(81)     Total                          Min: 0, Avg:  1.0, Max: 4, Diff: 4, Sum: 4, Workers: 4
[1577.361s][debug][gc,phases      ] GC(81)   JVMTI Tag Weak OopStorage      Min:  0.0, Avg:  0.0, Max:  0.0, Diff:  0.0, Sum:  0.0, Workers: 4
[1577.361s][debug][gc,phases      ] GC(81)     Dead                           Min: 0, Avg:  0.0, Max: 0, Diff: 0, Sum: 0, Workers: 4
[1577.361s][debug][gc,phases      ] GC(81)     Total                          Min: 0, Avg:  0.0, Max: 0, Diff: 0, Sum: 0, Workers: 4
[1577.361s][debug][gc,phases      ] GC(81)   StringTable Weak               Min:  0.0, Avg:  0.1, Max:  0.2, Diff:  0.2, Sum:  0.5, Workers: 4
[1577.361s][debug][gc,phases      ] GC(81)     Dead                           Min: 0, Avg:  0.0, Max: 0, Diff: 0, Sum: 0, Workers: 4
[1577.361s][debug][gc,phases      ] GC(81)     Total                          Min: 0, Avg: 11895.0, Max: 25920, Diff: 25920, Sum: 47580, Workers: 4
[1577.361s][debug][gc,phases      ] GC(81)   ResolvedMethodTable Weak       Min:  0.0, Avg:  0.0, Max:  0.1, Diff:  0.1, Sum:  0.2, Workers: 4
[1577.361s][debug][gc,phases      ] GC(81)     Dead                           Min: 0, Avg:  4.0, Max: 16, Diff: 16, Sum: 16, Workers: 4
[1577.361s][debug][gc,phases      ] GC(81)     Total                          Min: 0, Avg: 3885.8, Max: 8549, Diff: 8549, Sum: 15543, Workers: 4
[1577.361s][debug][gc,phases      ] GC(81)   JNI Weak                       Min:  0.0, Avg:  0.0, Max:  0.0, Diff:  0.0, Sum:  0.0, Workers: 4
[1577.361s][debug][gc,phases      ] GC(81)     Dead                           Min: 0, Avg:  0.0, Max: 0, Diff: 0, Sum: 0, Workers: 4
[1577.361s][debug][gc,phases      ] GC(81)     Total                          Min: 0, Avg: 13.0, Max: 48, Diff: 48, Sum: 52, Workers: 4
[1577.361s][debug][gc,phases      ] GC(81)   StringDedup Table Weak         Min:  0.0, Avg:  0.0, Max:  0.0, Diff:  0.0, Sum:  0.0, Workers: 4
[1577.361s][debug][gc,phases      ] GC(81)     Dead                           Min: 0, Avg:  0.0, Max: 0, Diff: 0, Sum: 0, Workers: 4
[1577.361s][debug][gc,phases      ] GC(81)     Total                          Min: 0, Avg:  0.0, Max: 0, Diff: 0, Sum: 0, Workers: 4
[1577.361s][debug][gc,phases      ] GC(81)   StringDedup Requests0 Weak     Min:  0.0, Avg:  0.0, Max:  0.0, Diff:  0.0, Sum:  0.0, Workers: 4
[1577.361s][debug][gc,phases      ] GC(81)     Dead                           Min: 0, Avg:  0.0, Max: 0, Diff: 0, Sum: 0, Workers: 4
[1577.361s][debug][gc,phases      ] GC(81)     Total                          Min: 0, Avg:  0.0, Max: 0, Diff: 0, Sum: 0, Workers: 4
[1577.361s][debug][gc,phases      ] GC(81)   StringDedup Requests1 Weak     Min:  0.0, Avg:  0.0, Max:  0.0, Diff:  0.0, Sum:  0.0, Workers: 4
[1577.361s][debug][gc,phases      ] GC(81)     Dead                           Min: 0, Avg:  0.0, Max: 0, Diff: 0, Sum: 0, Workers: 4
[1577.361s][debug][gc,phases      ] GC(81)     Total                          Min: 0, Avg:  0.0, Max: 0, Diff: 0, Sum: 0, Workers: 4
[1577.361s][debug][gc,phases      ] GC(81)   Weak JFR Old Object Samples    Min:  0.0, Avg:  0.0, Max:  0.0, Diff:  0.0, Sum:  0.0, Workers: 4
[1577.361s][debug][gc,phases      ] GC(81)     Dead                           Min: 0, Avg:  0.0, Max: 0, Diff: 0, Sum: 0, Workers: 4
[1577.361s][debug][gc,phases      ] GC(81)     Total                          Min: 0, Avg:  0.0, Max: 0, Diff: 0, Sum: 0, Workers: 4
[1577.361s][debug][gc,phases      ] GC(81) Weak Processing 0.568ms
[1577.361s][debug][gc,age         ] GC(81) Desired survivor size 8912896 bytes, new threshold 1 (max threshold 15)
[1577.361s][info ][gc,heap        ] GC(81) PSYoungGen: 2082933K(2087936K)->4359K(2088448K) Eden: 2078720K(2078720K)->0K(2079744K) From: 4213K(9216K)->4359K(8704K)
[1577.361s][info ][gc,heap        ] GC(81) ParOldGen: 329049K(348160K)->329921K(348160K)
[1577.361s][info ][gc,metaspace   ] GC(81) Metaspace: 110949K(112320K)->110949K(112320K) NonClass: 94444K(95232K)->94444K(95232K) Class: 16505K(17088K)->16505K(17088K)
[1577.361s][info ][gc             ] GC(81) Pause Young (Allocation Failure) 2355M->326M(2379M) 8.092ms
[1577.361s][info ][gc,cpu         ] GC(81) User=0.02s Sys=0.00s Real=0.00s
[1577.361s][info ][safepoint      ] Safepoint "ParallelGCFailedAllocation", Time since last: 6614394937 ns, Reaching safepoint: 10700 ns, Cleanup: 5500 ns, At safepoint: 8225055 ns, Total: 8241255 ns
[1579.361s][info ][safepoint      ] Safepoint "Cleanup", Time since last: 2000187578 ns, Reaching safepoint: 9400 ns, Cleanup: 14600 ns, At safepoint: 2800 ns, Total: 26800 ns
[1581.361s][info ][safepoint      ] Safepoint "Cleanup", Time since last: 2000210279 ns, Reaching safepoint: 10800 ns, Cleanup: 13601 ns, At safepoint: 3200 ns, Total: 27601 ns
[1590.362s][info ][safepoint      ] Safepoint "Cleanup", Time since last: 9000779122 ns, Reaching safepoint: 8101 ns, Cleanup: 14200 ns, At safepoint: 28201 ns, Total: 50502 ns
[1591.362s][info ][safepoint      ] Safepoint "Cleanup", Time since last: 1000120134 ns, Reaching safepoint: 9000 ns, Cleanup: 14201 ns, At safepoint: 2900 ns, Total: 26101 ns
[1592.362s][info ][safepoint      ] Safepoint "Cleanup", Time since last: 1000113833 ns, Reaching safepoint: 8001 ns, Cleanup: 12600 ns, At safepoint: 3000 ns, Total: 23601 ns
[1593.363s][info ][safepoint      ] Safepoint "Cleanup", Time since last: 1000125857 ns, Reaching safepoint: 9600 ns, Cleanup: 12200 ns, At safepoint: 3200 ns, Total: 25000 ns
[1596.363s][info ][safepoint      ] Safepoint "Cleanup", Time since last: 3000298293 ns, Reaching safepoint: 10101 ns, Cleanup: 15900 ns, At safepoint: 2800 ns, Total: 28801 ns
[1599.363s][info ][safepoint      ] Safepoint "Cleanup", Time since last: 3000296093 ns, Reaching safepoint: 7700 ns, Cleanup: 12701 ns, At safepoint: 2800 ns, Total: 23201 ns
[1600.363s][info ][safepoint      ] Safepoint "Cleanup", Time since last: 1000141399 ns, Reaching safepoint: 9500 ns, Cleanup: 26101 ns, At safepoint: 3000 ns, Total: 38601 ns
[1601.364s][info ][safepoint      ] Safepoint "Cleanup", Time since last: 1000121018 ns, Reaching safepoint: 7601 ns, Cleanup: 12800 ns, At safepoint: 2600 ns, Total: 23001 ns
[1601.609s][info ][gc,start       ] GC(82) Pause Young (Allocation Failure)
[1601.613s][debug][gc,phases      ] GC(82) Scavenge 3.792ms
[1601.613s][debug][gc,ref         ] GC(82) ReferenceProcessor::execute queues: 1, RefProcThreadModel::Single, marks_oops_alive: false
[1601.613s][debug][gc,ref         ] GC(82) Skipped KeepAliveFinalRefsPhase of Reference Processing: no references
[1601.613s][debug][gc,ref         ] GC(82) ReferenceProcessor::execute queues: 1, RefProcThreadModel::Single, marks_oops_alive: false
[1601.613s][debug][gc,phases      ] GC(82) Reference Processing 0.127ms
[1601.613s][debug][gc,phases      ] GC(82)   VM Weak                        Min:  0.0, Avg:  0.0, Max:  0.0, Diff:  0.0, Sum:  0.0, Workers: 4
[1601.613s][debug][gc,phases      ] GC(82)     Dead                           Min: 0, Avg:  0.0, Max: 0, Diff: 0, Sum: 0, Workers: 4
[1601.613s][debug][gc,phases      ] GC(82)     Total                          Min: 0, Avg: 260.0, Max: 592, Diff: 592, Sum: 1040, Workers: 4
[1601.613s][debug][gc,phases      ] GC(82)   ObjectSynchronizer Weak        Min:  0.0, Avg:  0.0, Max:  0.0, Diff:  0.0, Sum:  0.0, Workers: 4
[1601.613s][debug][gc,phases      ] GC(82)     Dead                           Min: 0, Avg:  0.0, Max: 0, Diff: 0, Sum: 0, Workers: 4
[1601.613s][debug][gc,phases      ] GC(82)     Total                          Min: 0, Avg:  1.0, Max: 4, Diff: 4, Sum: 4, Workers: 4
[1601.613s][debug][gc,phases      ] GC(82)   JVMTI Tag Weak OopStorage      Min:  0.0, Avg:  0.0, Max:  0.0, Diff:  0.0, Sum:  0.0, Workers: 4
[1601.613s][debug][gc,phases      ] GC(82)     Dead                           Min: 0, Avg:  0.0, Max: 0, Diff: 0, Sum: 0, Workers: 4
[1601.613s][debug][gc,phases      ] GC(82)     Total                          Min: 0, Avg:  0.0, Max: 0, Diff: 0, Sum: 0, Workers: 4
[1601.613s][debug][gc,phases      ] GC(82)   StringTable Weak               Min:  0.0, Avg:  0.1, Max:  0.2, Diff:  0.2, Sum:  0.5, Workers: 4
[1601.613s][debug][gc,phases      ] GC(82)     Dead                           Min: 0, Avg:  0.0, Max: 0, Diff: 0, Sum: 0, Workers: 4
[1601.613s][debug][gc,phases      ] GC(82)     Total                          Min: 0, Avg: 11895.0, Max: 16861, Diff: 16861, Sum: 47580, Workers: 4
[1601.613s][debug][gc,phases      ] GC(82)   ResolvedMethodTable Weak       Min:  0.0, Avg:  0.0, Max:  0.1, Diff:  0.1, Sum:  0.2, Workers: 4
[1601.613s][debug][gc,phases      ] GC(82)     Dead                           Min: 0, Avg:  4.0, Max: 16, Diff: 16, Sum: 16, Workers: 4
[1601.613s][debug][gc,phases      ] GC(82)     Total                          Min: 0, Avg: 3885.8, Max: 5673, Diff: 5673, Sum: 15543, Workers: 4
[1601.613s][debug][gc,phases      ] GC(82)   JNI Weak                       Min:  0.0, Avg:  0.0, Max:  0.0, Diff:  0.0, Sum:  0.0, Workers: 4
[1601.613s][debug][gc,phases      ] GC(82)     Dead                           Min: 0, Avg:  0.0, Max: 0, Diff: 0, Sum: 0, Workers: 4
[1601.613s][debug][gc,phases      ] GC(82)     Total                          Min: 0, Avg: 13.0, Max: 48, Diff: 48, Sum: 52, Workers: 4
[1601.613s][debug][gc,phases      ] GC(82)   StringDedup Table Weak         Min:  0.0, Avg:  0.0, Max:  0.0, Diff:  0.0, Sum:  0.0, Workers: 4
[1601.613s][debug][gc,phases      ] GC(82)     Dead                           Min: 0, Avg:  0.0, Max: 0, Diff: 0, Sum: 0, Workers: 4
[1601.613s][debug][gc,phases      ] GC(82)     Total                          Min: 0, Avg:  0.0, Max: 0, Diff: 0, Sum: 0, Workers: 4
[1601.613s][debug][gc,phases      ] GC(82)   StringDedup Requests0 Weak     Min:  0.0, Avg:  0.0, Max:  0.0, Diff:  0.0, Sum:  0.0, Workers: 4
[1601.613s][debug][gc,phases      ] GC(82)     Dead                           Min: 0, Avg:  0.0, Max: 0, Diff: 0, Sum: 0, Workers: 4
[1601.613s][debug][gc,phases      ] GC(82)     Total                          Min: 0, Avg:  0.0, Max: 0, Diff: 0, Sum: 0, Workers: 4
[1601.613s][debug][gc,phases      ] GC(82)   StringDedup Requests1 Weak     Min:  0.0, Avg:  0.0, Max:  0.0, Diff:  0.0, Sum:  0.0, Workers: 4
[1601.613s][debug][gc,phases      ] GC(82)     Dead                           Min: 0, Avg:  0.0, Max: 0, Diff: 0, Sum: 0, Workers: 4
[1601.613s][debug][gc,phases      ] GC(82)     Total                          Min: 0, Avg:  0.0, Max: 0, Diff: 0, Sum: 0, Workers: 4
[1601.613s][debug][gc,phases      ] GC(82)   Weak JFR Old Object Samples    Min:  0.0, Avg:  0.0, Max:  0.0, Diff:  0.0, Sum:  0.0, Workers: 4
[1601.613s][debug][gc,phases      ] GC(82)     Dead                           Min: 0, Avg:  0.0, Max: 0, Diff: 0, Sum: 0, Workers: 4
[1601.613s][debug][gc,phases      ] GC(82)     Total                          Min: 0, Avg:  0.0, Max: 0, Diff: 0, Sum: 0, Workers: 4
[1601.613s][debug][gc,phases      ] GC(82) Weak Processing 0.476ms
[1601.613s][debug][gc,age         ] GC(82) Desired survivor size 8388608 bytes, new threshold 1 (max threshold 15)
[1601.613s][info ][gc,heap        ] GC(82) PSYoungGen: 2084103K(2088448K)->3968K(2088448K) Eden: 2079744K(2079744K)->0K(2079744K) From: 4359K(8704K)->3968K(8704K)
[1601.613s][info ][gc,heap        ] GC(82) ParOldGen: 329921K(348160K)->331204K(348160K)
[1601.613s][info ][gc,metaspace   ] GC(82) Metaspace: 110956K(112320K)->110956K(112320K) NonClass: 94451K(95232K)->94451K(95232K) Class: 16505K(17088K)->16505K(17088K)
[1601.613s][info ][gc             ] GC(82) Pause Young (Allocation Failure) 2357M->327M(2379M) 4.545ms
[1601.613s][info ][gc,cpu         ] GC(82) User=0.02s Sys=0.00s Real=0.01s
[1601.613s][info ][safepoint      ] Safepoint "ParallelGCFailedAllocation", Time since last: 245138501 ns, Reaching safepoint: 7400 ns, Cleanup: 11901 ns, At safepoint: 4633041 ns, Total: 4652342 ns
[1604.614s][info ][safepoint      ] Safepoint "Cleanup", Time since last: 3000272406 ns, Reaching safepoint: 9501 ns, Cleanup: 19800 ns, At safepoint: 2900 ns, Total: 32201 ns
[1609.614s][info ][safepoint      ] Safepoint "Cleanup", Time since last: 5000433571 ns, Reaching safepoint: 9301 ns, Cleanup: 14300 ns, At safepoint: 4000 ns, Total: 27601 ns
[1611.614s][info ][safepoint      ] Safepoint "Cleanup", Time since last: 2000206095 ns, Reaching safepoint: 8500 ns, Cleanup: 14001 ns, At safepoint: 2200 ns, Total: 24701 ns
[1623.765s][info ][safepoint      ] Safepoint "Cleanup", Time since last: 12150619352 ns, Reaching safepoint: 8400 ns, Cleanup: 13800 ns, At safepoint: 2301 ns, Total: 24501 ns
[1626.306s][info ][gc,start       ] GC(83) Pause Young (Allocation Failure)
[1626.310s][debug][gc,phases      ] GC(83) Scavenge 4.092ms
[1626.311s][debug][gc,ref         ] GC(83) ReferenceProcessor::execute queues: 1, RefProcThreadModel::Single, marks_oops_alive: false
[1626.311s][debug][gc,ref         ] GC(83) Skipped KeepAliveFinalRefsPhase of Reference Processing: no references
[1626.311s][debug][gc,ref         ] GC(83) Skipped PhantomRefsPhase of Reference Processing: no references
[1626.311s][debug][gc,phases      ] GC(83) Reference Processing 0.119ms
[1626.311s][debug][gc,phases      ] GC(83)   VM Weak                        Min:  0.0, Avg:  0.0, Max:  0.0, Diff:  0.0, Sum:  0.0, Workers: 4
[1626.311s][debug][gc,phases      ] GC(83)     Dead                           Min: 0, Avg:  0.0, Max: 0, Diff: 0, Sum: 0, Workers: 4
[1626.311s][debug][gc,phases      ] GC(83)     Total                          Min: 0, Avg: 260.0, Max: 576, Diff: 576, Sum: 1040, Workers: 4
[1626.311s][debug][gc,phases      ] GC(83)   ObjectSynchronizer Weak        Min:  0.0, Avg:  0.0, Max:  0.0, Diff:  0.0, Sum:  0.0, Workers: 4
[1626.311s][debug][gc,phases      ] GC(83)     Dead                           Min: 0, Avg:  0.0, Max: 0, Diff: 0, Sum: 0, Workers: 4
[1626.311s][debug][gc,phases      ] GC(83)     Total                          Min: 0, Avg:  0.8, Max: 3, Diff: 3, Sum: 3, Workers: 4
[1626.311s][debug][gc,phases      ] GC(83)   JVMTI Tag Weak OopStorage      Min:  0.0, Avg:  0.0, Max:  0.0, Diff:  0.0, Sum:  0.0, Workers: 4
[1626.311s][debug][gc,phases      ] GC(83)     Dead                           Min: 0, Avg:  0.0, Max: 0, Diff: 0, Sum: 0, Workers: 4
[1626.311s][debug][gc,phases      ] GC(83)     Total                          Min: 0, Avg:  0.0, Max: 0, Diff: 0, Sum: 0, Workers: 4
[1626.311s][debug][gc,phases      ] GC(83)   StringTable Weak               Min:  0.0, Avg:  0.1, Max:  0.2, Diff:  0.2, Sum:  0.5, Workers: 4
[1626.311s][debug][gc,phases      ] GC(83)     Dead                           Min: 0, Avg:  0.0, Max: 0, Diff: 0, Sum: 0, Workers: 4
[1626.311s][debug][gc,phases      ] GC(83)     Total                          Min: 0, Avg: 11895.0, Max: 24285, Diff: 24285, Sum: 47580, Workers: 4
[1626.311s][debug][gc,phases      ] GC(83)   ResolvedMethodTable Weak       Min:  0.0, Avg:  0.0, Max:  0.1, Diff:  0.1, Sum:  0.2, Workers: 4
[1626.311s][debug][gc,phases      ] GC(83)     Dead                           Min: 0, Avg:  4.0, Max: 16, Diff: 16, Sum: 16, Workers: 4
[1626.311s][debug][gc,phases      ] GC(83)     Total                          Min: 0, Avg: 3885.8, Max: 7904, Diff: 7904, Sum: 15543, Workers: 4
[1626.311s][debug][gc,phases      ] GC(83)   JNI Weak                       Min:  0.0, Avg:  0.0, Max:  0.0, Diff:  0.0, Sum:  0.0, Workers: 4
[1626.311s][debug][gc,phases      ] GC(83)     Dead                           Min: 0, Avg:  0.0, Max: 0, Diff: 0, Sum: 0, Workers: 4
[1626.311s][debug][gc,phases      ] GC(83)     Total                          Min: 0, Avg: 13.0, Max: 48, Diff: 48, Sum: 52, Workers: 4
[1626.311s][debug][gc,phases      ] GC(83)   StringDedup Table Weak         Min:  0.0, Avg:  0.0, Max:  0.0, Diff:  0.0, Sum:  0.0, Workers: 4
[1626.311s][debug][gc,phases      ] GC(83)     Dead                           Min: 0, Avg:  0.0, Max: 0, Diff: 0, Sum: 0, Workers: 4
[1626.311s][debug][gc,phases      ] GC(83)     Total                          Min: 0, Avg:  0.0, Max: 0, Diff: 0, Sum: 0, Workers: 4
[1626.311s][debug][gc,phases      ] GC(83)   StringDedup Requests0 Weak     Min:  0.0, Avg:  0.0, Max:  0.0, Diff:  0.0, Sum:  0.0, Workers: 4
[1626.311s][debug][gc,phases      ] GC(83)     Dead                           Min: 0, Avg:  0.0, Max: 0, Diff: 0, Sum: 0, Workers: 4
[1626.311s][debug][gc,phases      ] GC(83)     Total                          Min: 0, Avg:  0.0, Max: 0, Diff: 0, Sum: 0, Workers: 4
[1626.311s][debug][gc,phases      ] GC(83)   StringDedup Requests1 Weak     Min:  0.0, Avg:  0.0, Max:  0.0, Diff:  0.0, Sum:  0.0, Workers: 4
[1626.311s][debug][gc,phases      ] GC(83)     Dead                           Min: 0, Avg:  0.0, Max: 0, Diff: 0, Sum: 0, Workers: 4
[1626.311s][debug][gc,phases      ] GC(83)     Total                          Min: 0, Avg:  0.0, Max: 0, Diff: 0, Sum: 0, Workers: 4
[1626.311s][debug][gc,phases      ] GC(83)   Weak JFR Old Object Samples    Min:  0.0, Avg:  0.0, Max:  0.0, Diff:  0.0, Sum:  0.0, Workers: 4
[1626.311s][debug][gc,phases      ] GC(83)     Dead                           Min: 0, Avg:  0.0, Max: 0, Diff: 0, Sum: 0, Workers: 4
[1626.311s][debug][gc,phases      ] GC(83)     Total                          Min: 0, Avg:  0.0, Max: 0, Diff: 0, Sum: 0, Workers: 4
[1626.311s][debug][gc,phases      ] GC(83) Weak Processing 0.604ms
[1626.311s][debug][gc,age         ] GC(83) Desired survivor size 8388608 bytes, new threshold 1 (max threshold 15)
[1626.311s][info ][gc,heap        ] GC(83) PSYoungGen: 2083626K(2088448K)->5367K(2088960K) Eden: 2079658K(2079744K)->0K(2080768K) From: 3968K(8704K)->5367K(8192K)
[1626.311s][info ][gc,heap        ] GC(83) ParOldGen: 331204K(348160K)->332036K(348160K)
[1626.311s][info ][gc,metaspace   ] GC(83) Metaspace: 110958K(112320K)->110958K(112320K) NonClass: 94453K(95232K)->94453K(95232K) Class: 16505K(17088K)->16505K(17088K)
[1626.311s][info ][gc             ] GC(83) Pause Young (Allocation Failure) 2358M->329M(2380M) 4.985ms
[1626.311s][info ][gc,cpu         ] GC(83) User=0.02s Sys=0.00s Real=0.00s
[1626.311s][info ][safepoint      ] Safepoint "ParallelGCFailedAllocation", Time since last: 2541287461 ns, Reaching safepoint: 9500 ns, Cleanup: 5800 ns, At safepoint: 5080749 ns, Total: 5096049 ns
[1628.312s][info ][safepoint      ] Safepoint "Cleanup", Time since last: 2000180208 ns, Reaching safepoint: 10600 ns, Cleanup: 15701 ns, At safepoint: 3100 ns, Total: 29401 ns
[1652.040s][info ][gc,start       ] GC(84) Pause Young (Allocation Failure)
[1652.044s][debug][gc,phases      ] GC(84) Scavenge 4.197ms
[1652.044s][debug][gc,ref         ] GC(84) ReferenceProcessor::execute queues: 1, RefProcThreadModel::Single, marks_oops_alive: false
[1652.044s][debug][gc,ref         ] GC(84) Skipped KeepAliveFinalRefsPhase of Reference Processing: no references
[1652.044s][debug][gc,ref         ] GC(84) Skipped PhantomRefsPhase of Reference Processing: no references
[1652.044s][debug][gc,phases      ] GC(84) Reference Processing 0.122ms
[1652.044s][debug][gc,phases      ] GC(84)   VM Weak                        Min:  0.0, Avg:  0.0, Max:  0.0, Diff:  0.0, Sum:  0.0, Workers: 4
[1652.044s][debug][gc,phases      ] GC(84)     Dead                           Min: 0, Avg:  0.0, Max: 0, Diff: 0, Sum: 0, Workers: 4
[1652.044s][debug][gc,phases      ] GC(84)     Total                          Min: 0, Avg: 260.0, Max: 784, Diff: 784, Sum: 1040, Workers: 4
[1652.044s][debug][gc,phases      ] GC(84)   ObjectSynchronizer Weak        Min:  0.0, Avg:  0.0, Max:  0.0, Diff:  0.0, Sum:  0.0, Workers: 4
[1652.044s][debug][gc,phases      ] GC(84)     Dead                           Min: 0, Avg:  0.0, Max: 0, Diff: 0, Sum: 0, Workers: 4
[1652.044s][debug][gc,phases      ] GC(84)     Total                          Min: 0, Avg:  0.8, Max: 3, Diff: 3, Sum: 3, Workers: 4
[1652.044s][debug][gc,phases      ] GC(84)   JVMTI Tag Weak OopStorage      Min:  0.0, Avg:  0.0, Max:  0.0, Diff:  0.0, Sum:  0.0, Workers: 4
[1652.044s][debug][gc,phases      ] GC(84)     Dead                           Min: 0, Avg:  0.0, Max: 0, Diff: 0, Sum: 0, Workers: 4
[1652.044s][debug][gc,phases      ] GC(84)     Total                          Min: 0, Avg:  0.0, Max: 0, Diff: 0, Sum: 0, Workers: 4
[1652.044s][debug][gc,phases      ] GC(84)   StringTable Weak               Min:  0.0, Avg:  0.1, Max:  0.2, Diff:  0.2, Sum:  0.5, Workers: 4
[1652.044s][debug][gc,phases      ] GC(84)     Dead                           Min: 0, Avg:  0.0, Max: 0, Diff: 0, Sum: 0, Workers: 4
[1652.044s][debug][gc,phases      ] GC(84)     Total                          Min: 0, Avg: 11895.0, Max: 18112, Diff: 18112, Sum: 47580, Workers: 4
[1652.044s][debug][gc,phases      ] GC(84)   ResolvedMethodTable Weak       Min:  0.0, Avg:  0.0, Max:  0.1, Diff:  0.1, Sum:  0.2, Workers: 4
[1652.044s][debug][gc,phases      ] GC(84)     Dead                           Min: 0, Avg:  4.0, Max: 16, Diff: 16, Sum: 16, Workers: 4
[1652.044s][debug][gc,phases      ] GC(84)     Total                          Min: 0, Avg: 3885.8, Max: 5786, Diff: 5786, Sum: 15543, Workers: 4
[1652.044s][debug][gc,phases      ] GC(84)   JNI Weak                       Min:  0.0, Avg:  0.0, Max:  0.0, Diff:  0.0, Sum:  0.0, Workers: 4
[1652.044s][debug][gc,phases      ] GC(84)     Dead                           Min: 0, Avg:  0.0, Max: 0, Diff: 0, Sum: 0, Workers: 4
[1652.044s][debug][gc,phases      ] GC(84)     Total                          Min: 0, Avg: 13.0, Max: 48, Diff: 48, Sum: 52, Workers: 4
[1652.044s][debug][gc,phases      ] GC(84)   StringDedup Table Weak         Min:  0.0, Avg:  0.0, Max:  0.0, Diff:  0.0, Sum:  0.0, Workers: 4
[1652.044s][debug][gc,phases      ] GC(84)     Dead                           Min: 0, Avg:  0.0, Max: 0, Diff: 0, Sum: 0, Workers: 4
[1652.044s][debug][gc,phases      ] GC(84)     Total                          Min: 0, Avg:  0.0, Max: 0, Diff: 0, Sum: 0, Workers: 4
[1652.044s][debug][gc,phases      ] GC(84)   StringDedup Requests0 Weak     Min:  0.0, Avg:  0.0, Max:  0.0, Diff:  0.0, Sum:  0.0, Workers: 4
[1652.044s][debug][gc,phases      ] GC(84)     Dead                           Min: 0, Avg:  0.0, Max: 0, Diff: 0, Sum: 0, Workers: 4
[1652.044s][debug][gc,phases      ] GC(84)     Total                          Min: 0, Avg:  0.0, Max: 0, Diff: 0, Sum: 0, Workers: 4
[1652.044s][debug][gc,phases      ] GC(84)   StringDedup Requests1 Weak     Min:  0.0, Avg:  0.0, Max:  0.0, Diff:  0.0, Sum:  0.0, Workers: 4
[1652.044s][debug][gc,phases      ] GC(84)     Dead                           Min: 0, Avg:  0.0, Max: 0, Diff: 0, Sum: 0, Workers: 4
[1652.044s][debug][gc,phases      ] GC(84)     Total                          Min: 0, Avg:  0.0, Max: 0, Diff: 0, Sum: 0, Workers: 4
[1652.044s][debug][gc,phases      ] GC(84)   Weak JFR Old Object Samples    Min:  0.0, Avg:  0.0, Max:  0.0, Diff:  0.0, Sum:  0.0, Workers: 4
[1652.044s][debug][gc,phases      ] GC(84)     Dead                           Min: 0, Avg:  0.0, Max: 0, Diff: 0, Sum: 0, Workers: 4
[1652.044s][debug][gc,phases      ] GC(84)     Total                          Min: 0, Avg:  0.0, Max: 0, Diff: 0, Sum: 0, Workers: 4
[1652.044s][debug][gc,phases      ] GC(84) Weak Processing 0.462ms
[1652.044s][debug][gc,age         ] GC(84) Desired survivor size 7864320 bytes, new threshold 1 (max threshold 15)
[1652.044s][info ][gc,heap        ] GC(84) PSYoungGen: 2086135K(2088960K)->4416K(2088960K) Eden: 2080768K(2080768K)->0K(2080768K) From: 5367K(8192K)->4416K(8192K)
[1652.044s][info ][gc,heap        ] GC(84) ParOldGen: 332036K(348160K)->333816K(348160K)
[1652.044s][info ][gc,metaspace   ] GC(84) Metaspace: 110963K(112320K)->110963K(112320K) NonClass: 94458K(95232K)->94458K(95232K) Class: 16505K(17088K)->16505K(17088K)
[1652.045s][info ][gc             ] GC(84) Pause Young (Allocation Failure) 2361M->330M(2380M) 4.934ms
[1652.045s][info ][gc,cpu         ] GC(84) User=0.02s Sys=0.00s Real=0.01s
[1652.045s][info ][safepoint      ] Safepoint "ParallelGCFailedAllocation", Time since last: 23727983814 ns, Reaching safepoint: 8500 ns, Cleanup: 5001 ns, At safepoint: 5016553 ns, Total: 5030054 ns
[1660.045s][info ][safepoint      ] Safepoint "Cleanup", Time since last: 8000643484 ns, Reaching safepoint: 161105 ns, Cleanup: 19700 ns, At safepoint: 10101 ns, Total: 190906 ns
[1662.046s][info ][safepoint      ] Safepoint "Cleanup", Time since last: 2000244838 ns, Reaching safepoint: 86702 ns, Cleanup: 13201 ns, At safepoint: 7100 ns, Total: 107003 ns
[1665.046s][info ][safepoint      ] Safepoint "Cleanup", Time since last: 3000298850 ns, Reaching safepoint: 86203 ns, Cleanup: 11900 ns, At safepoint: 6800 ns, Total: 104903 ns
[1666.819s][info ][safepoint      ] Safepoint "Cleanup", Time since last: 1772476414 ns, Reaching safepoint: 4300 ns, Cleanup: 8900 ns, At safepoint: 1500 ns, Total: 14700 ns
[1667.819s][info ][safepoint      ] Safepoint "Cleanup", Time since last: 1000124375 ns, Reaching safepoint: 10300 ns, Cleanup: 13600 ns, At safepoint: 2900 ns, Total: 26800 ns
[1672.819s][info ][safepoint      ] Safepoint "Cleanup", Time since last: 5000440770 ns, Reaching safepoint: 9900 ns, Cleanup: 13301 ns, At safepoint: 2900 ns, Total: 26101 ns
[1677.552s][info ][gc,start       ] GC(85) Pause Young (Allocation Failure)
[1677.562s][debug][gc,phases      ] GC(85) Scavenge 10.702ms
[1677.562s][debug][gc,ref         ] GC(85) ReferenceProcessor::execute queues: 1, RefProcThreadModel::Single, marks_oops_alive: false
[1677.562s][debug][gc,ref         ] GC(85) Skipped KeepAliveFinalRefsPhase of Reference Processing: no references
[1677.562s][debug][gc,ref         ] GC(85) Skipped PhantomRefsPhase of Reference Processing: no references
[1677.562s][debug][gc,phases      ] GC(85) Reference Processing 0.116ms
[1677.563s][debug][gc,phases      ] GC(85)   VM Weak                        Min:  0.0, Avg:  0.0, Max:  0.0, Diff:  0.0, Sum:  0.0, Workers: 4
[1677.563s][debug][gc,phases      ] GC(85)     Dead                           Min: 0, Avg:  0.0, Max: 0, Diff: 0, Sum: 0, Workers: 4
[1677.563s][debug][gc,phases      ] GC(85)     Total                          Min: 0, Avg: 260.0, Max: 768, Diff: 768, Sum: 1040, Workers: 4
[1677.563s][debug][gc,phases      ] GC(85)   ObjectSynchronizer Weak        Min:  0.0, Avg:  0.0, Max:  0.0, Diff:  0.0, Sum:  0.0, Workers: 4
[1677.563s][debug][gc,phases      ] GC(85)     Dead                           Min: 0, Avg:  0.0, Max: 0, Diff: 0, Sum: 0, Workers: 4
[1677.563s][debug][gc,phases      ] GC(85)     Total                          Min: 0, Avg:  1.0, Max: 4, Diff: 4, Sum: 4, Workers: 4
[1677.563s][debug][gc,phases      ] GC(85)   JVMTI Tag Weak OopStorage      Min:  0.0, Avg:  0.0, Max:  0.0, Diff:  0.0, Sum:  0.0, Workers: 4
[1677.563s][debug][gc,phases      ] GC(85)     Dead                           Min: 0, Avg:  0.0, Max: 0, Diff: 0, Sum: 0, Workers: 4
[1677.563s][debug][gc,phases      ] GC(85)     Total                          Min: 0, Avg:  0.0, Max: 0, Diff: 0, Sum: 0, Workers: 4
[1677.563s][debug][gc,phases      ] GC(85)   StringTable Weak               Min:  0.0, Avg:  0.1, Max:  0.2, Diff:  0.2, Sum:  0.5, Workers: 4
[1677.563s][debug][gc,phases      ] GC(85)     Dead                           Min: 0, Avg:  0.0, Max: 0, Diff: 0, Sum: 0, Workers: 4
[1677.563s][debug][gc,phases      ] GC(85)     Total                          Min: 0, Avg: 11895.0, Max: 16768, Diff: 16768, Sum: 47580, Workers: 4
[1677.563s][debug][gc,phases      ] GC(85)   ResolvedMethodTable Weak       Min:  0.0, Avg:  0.0, Max:  0.1, Diff:  0.1, Sum:  0.2, Workers: 4
[1677.563s][debug][gc,phases      ] GC(85)     Dead                           Min: 0, Avg:  8.2, Max: 19, Diff: 19, Sum: 33, Workers: 4
[1677.563s][debug][gc,phases      ] GC(85)     Total                          Min: 0, Avg: 3887.5, Max: 5373, Diff: 5373, Sum: 15550, Workers: 4
[1677.563s][debug][gc,phases      ] GC(85)   JNI Weak                       Min:  0.0, Avg:  0.0, Max:  0.0, Diff:  0.0, Sum:  0.0, Workers: 4
[1677.563s][debug][gc,phases      ] GC(85)     Dead                           Min: 0, Avg:  0.0, Max: 0, Diff: 0, Sum: 0, Workers: 4
[1677.563s][debug][gc,phases      ] GC(85)     Total                          Min: 0, Avg: 13.0, Max: 48, Diff: 48, Sum: 52, Workers: 4
[1677.563s][debug][gc,phases      ] GC(85)   StringDedup Table Weak         Min:  0.0, Avg:  0.0, Max:  0.0, Diff:  0.0, Sum:  0.0, Workers: 4
[1677.563s][debug][gc,phases      ] GC(85)     Dead                           Min: 0, Avg:  0.0, Max: 0, Diff: 0, Sum: 0, Workers: 4
[1677.563s][debug][gc,phases      ] GC(85)     Total                          Min: 0, Avg:  0.0, Max: 0, Diff: 0, Sum: 0, Workers: 4
[1677.563s][debug][gc,phases      ] GC(85)   StringDedup Requests0 Weak     Min:  0.0, Avg:  0.0, Max:  0.0, Diff:  0.0, Sum:  0.0, Workers: 4
[1677.563s][debug][gc,phases      ] GC(85)     Dead                           Min: 0, Avg:  0.0, Max: 0, Diff: 0, Sum: 0, Workers: 4
[1677.563s][debug][gc,phases      ] GC(85)     Total                          Min: 0, Avg:  0.0, Max: 0, Diff: 0, Sum: 0, Workers: 4
[1677.563s][debug][gc,phases      ] GC(85)   StringDedup Requests1 Weak     Min:  0.0, Avg:  0.0, Max:  0.0, Diff:  0.0, Sum:  0.0, Workers: 4
[1677.563s][debug][gc,phases      ] GC(85)     Dead                           Min: 0, Avg:  0.0, Max: 0, Diff: 0, Sum: 0, Workers: 4
[1677.563s][debug][gc,phases      ] GC(85)     Total                          Min: 0, Avg:  0.0, Max: 0, Diff: 0, Sum: 0, Workers: 4
[1677.563s][debug][gc,phases      ] GC(85)   Weak JFR Old Object Samples    Min:  0.0, Avg:  0.0, Max:  0.0, Diff:  0.0, Sum:  0.0, Workers: 4
[1677.563s][debug][gc,phases      ] GC(85)     Dead                           Min: 0, Avg:  0.0, Max: 0, Diff: 0, Sum: 0, Workers: 4
[1677.563s][debug][gc,phases      ] GC(85)     Total                          Min: 0, Avg:  0.0, Max: 0, Diff: 0, Sum: 0, Workers: 4
[1677.563s][debug][gc,phases      ] GC(85) Weak Processing 0.538ms
[1677.563s][debug][gc,age         ] GC(85) Desired survivor size 7864320 bytes, new threshold 1 (max threshold 15)
[1677.563s][info ][gc,heap        ] GC(85) PSYoungGen: 2085184K(2088960K)->4384K(2089472K) Eden: 2080768K(2080768K)->0K(2081792K) From: 4416K(8192K)->4384K(7680K)
[1677.563s][info ][gc,heap        ] GC(85) ParOldGen: 333816K(348160K)->334804K(348160K)
[1677.563s][info ][gc,metaspace   ] GC(85) Metaspace: 110965K(112320K)->110965K(112320K) NonClass: 94460K(95232K)->94460K(95232K) Class: 16505K(17088K)->16505K(17088K)
[1677.563s][info ][gc             ] GC(85) Pause Young (Allocation Failure) 2362M->331M(2380M) 11.524ms
[1677.563s][info ][gc,cpu         ] GC(85) User=0.02s Sys=0.00s Real=0.01s
[1677.563s][info ][safepoint      ] Safepoint "ParallelGCFailedAllocation", Time since last: 4732256725 ns, Reaching safepoint: 11601 ns, Cleanup: 5500 ns, At safepoint: 11637356 ns, Total: 11654457 ns
[1686.791s][info ][safepoint      ] Safepoint "Cleanup", Time since last: 9227527828 ns, Reaching safepoint: 85602 ns, Cleanup: 11201 ns, At safepoint: 14100 ns, Total: 110903 ns
[1691.791s][info ][safepoint      ] Safepoint "Cleanup", Time since last: 5000409474 ns, Reaching safepoint: 81102 ns, Cleanup: 11600 ns, At safepoint: 6901 ns, Total: 99603 ns
[1692.792s][info ][safepoint      ] Safepoint "Cleanup", Time since last: 1000133748 ns, Reaching safepoint: 82402 ns, Cleanup: 11500 ns, At safepoint: 9301 ns, Total: 103203 ns
[1695.792s][info ][safepoint      ] Safepoint "Cleanup", Time since last: 3000280239 ns, Reaching safepoint: 82803 ns, Cleanup: 9200 ns, At safepoint: 10901 ns, Total: 102904 ns
[1698.792s][info ][safepoint      ] Safepoint "Cleanup", Time since last: 3000295993 ns, Reaching safepoint: 83203 ns, Cleanup: 11900 ns, At safepoint: 8300 ns, Total: 103403 ns
[1702.793s][info ][safepoint      ] Safepoint "Cleanup", Time since last: 4000366604 ns, Reaching safepoint: 86502 ns, Cleanup: 15901 ns, At safepoint: 7500 ns, Total: 109903 ns
[1703.297s][info ][gc,start       ] GC(86) Pause Young (Allocation Failure)
[1703.305s][debug][gc,phases      ] GC(86) Scavenge 7.423ms
[1703.305s][debug][gc,ref         ] GC(86) ReferenceProcessor::execute queues: 1, RefProcThreadModel::Single, marks_oops_alive: false
[1703.305s][debug][gc,ref         ] GC(86) Skipped KeepAliveFinalRefsPhase of Reference Processing: no references
[1703.305s][debug][gc,ref         ] GC(86) Skipped PhantomRefsPhase of Reference Processing: no references
[1703.305s][debug][gc,phases      ] GC(86) Reference Processing 0.154ms
[1703.305s][debug][gc,phases      ] GC(86)   VM Weak                        Min:  0.0, Avg:  0.0, Max:  0.0, Diff:  0.0, Sum:  0.0, Workers: 4
[1703.305s][debug][gc,phases      ] GC(86)     Dead                           Min: 0, Avg:  0.0, Max: 0, Diff: 0, Sum: 0, Workers: 4
[1703.305s][debug][gc,phases      ] GC(86)     Total                          Min: 0, Avg: 260.0, Max: 704, Diff: 704, Sum: 1040, Workers: 4
[1703.305s][debug][gc,phases      ] GC(86)   ObjectSynchronizer Weak        Min:  0.0, Avg:  0.1, Max:  0.2, Diff:  0.2, Sum:  0.2, Workers: 4
[1703.305s][debug][gc,phases      ] GC(86)     Dead                           Min: 0, Avg:  0.0, Max: 0, Diff: 0, Sum: 0, Workers: 4
[1703.305s][debug][gc,phases      ] GC(86)     Total                          Min: 0, Avg:  1.0, Max: 4, Diff: 4, Sum: 4, Workers: 4
[1703.305s][debug][gc,phases      ] GC(86)   JVMTI Tag Weak OopStorage      Min:  0.0, Avg:  0.0, Max:  0.0, Diff:  0.0, Sum:  0.0, Workers: 4
[1703.305s][debug][gc,phases      ] GC(86)     Dead                           Min: 0, Avg:  0.0, Max: 0, Diff: 0, Sum: 0, Workers: 4
[1703.305s][debug][gc,phases      ] GC(86)     Total                          Min: 0, Avg:  0.0, Max: 0, Diff: 0, Sum: 0, Workers: 4
[1703.305s][debug][gc,phases      ] GC(86)   StringTable Weak               Min:  0.0, Avg:  0.1, Max:  0.2, Diff:  0.2, Sum:  0.5, Workers: 4
[1703.305s][debug][gc,phases      ] GC(86)     Dead                           Min: 0, Avg:  0.0, Max: 0, Diff: 0, Sum: 0, Workers: 4
[1703.305s][debug][gc,phases      ] GC(86)     Total                          Min: 0, Avg: 11895.2, Max: 23902, Diff: 23902, Sum: 47581, Workers: 4
[1703.305s][debug][gc,phases      ] GC(86)   ResolvedMethodTable Weak       Min:  0.0, Avg:  0.0, Max:  0.1, Diff:  0.1, Sum:  0.2, Workers: 4
[1703.306s][debug][gc,phases      ] GC(86)     Dead                           Min: 0, Avg:  4.0, Max: 16, Diff: 16, Sum: 16, Workers: 4
[1703.306s][debug][gc,phases      ] GC(86)     Total                          Min: 0, Avg: 3887.5, Max: 6036, Diff: 6036, Sum: 15550, Workers: 4
[1703.306s][debug][gc,phases      ] GC(86)   JNI Weak                       Min:  0.0, Avg:  0.0, Max:  0.0, Diff:  0.0, Sum:  0.0, Workers: 4
[1703.306s][debug][gc,phases      ] GC(86)     Dead                           Min: 0, Avg:  0.0, Max: 0, Diff: 0, Sum: 0, Workers: 4
[1703.306s][debug][gc,phases      ] GC(86)     Total                          Min: 0, Avg: 13.0, Max: 48, Diff: 48, Sum: 52, Workers: 4
[1703.306s][debug][gc,phases      ] GC(86)   StringDedup Table Weak         Min:  0.0, Avg:  0.0, Max:  0.0, Diff:  0.0, Sum:  0.0, Workers: 4
[1703.306s][debug][gc,phases      ] GC(86)     Dead                           Min: 0, Avg:  0.0, Max: 0, Diff: 0, Sum: 0, Workers: 4
[1703.306s][debug][gc,phases      ] GC(86)     Total                          Min: 0, Avg:  0.0, Max: 0, Diff: 0, Sum: 0, Workers: 4
[1703.306s][debug][gc,phases      ] GC(86)   StringDedup Requests0 Weak     Min:  0.0, Avg:  0.0, Max:  0.0, Diff:  0.0, Sum:  0.0, Workers: 4
[1703.306s][debug][gc,phases      ] GC(86)     Dead                           Min: 0, Avg:  0.0, Max: 0, Diff: 0, Sum: 0, Workers: 4
[1703.306s][debug][gc,phases      ] GC(86)     Total                          Min: 0, Avg:  0.0, Max: 0, Diff: 0, Sum: 0, Workers: 4
[1703.306s][debug][gc,phases      ] GC(86)   StringDedup Requests1 Weak     Min:  0.0, Avg:  0.0, Max:  0.0, Diff:  0.0, Sum:  0.0, Workers: 4
[1703.306s][debug][gc,phases      ] GC(86)     Dead                           Min: 0, Avg:  0.0, Max: 0, Diff: 0, Sum: 0, Workers: 4
[1703.306s][debug][gc,phases      ] GC(86)     Total                          Min: 0, Avg:  0.0, Max: 0, Diff: 0, Sum: 0, Workers: 4
[1703.306s][debug][gc,phases      ] GC(86)   Weak JFR Old Object Samples    Min:  0.0, Avg:  0.0, Max:  0.0, Diff:  0.0, Sum:  0.0, Workers: 4
[1703.306s][debug][gc,phases      ] GC(86)     Dead                           Min: 0, Avg:  0.0, Max: 0, Diff: 0, Sum: 0, Workers: 4
[1703.306s][debug][gc,phases      ] GC(86)     Total                          Min: 0, Avg:  0.0, Max: 0, Diff: 0, Sum: 0, Workers: 4
[1703.306s][debug][gc,phases      ] GC(86) Weak Processing 0.621ms
[1703.306s][debug][gc,age         ] GC(86) Desired survivor size 7864320 bytes, new threshold 1 (max threshold 15)
[1703.306s][info ][gc,heap        ] GC(86) PSYoungGen: 2086176K(2089472K)->4448K(2089472K) Eden: 2081792K(2081792K)->0K(2081792K) From: 4384K(7680K)->4448K(7680K)
[1703.306s][info ][gc,heap        ] GC(86) ParOldGen: 334804K(348160K)->335724K(348160K)
[1703.306s][info ][gc,metaspace   ] GC(86) Metaspace: 110965K(112320K)->110965K(112320K) NonClass: 94460K(95232K)->94460K(95232K) Class: 16505K(17088K)->16505K(17088K)
[1703.306s][info ][gc             ] GC(86) Pause Young (Allocation Failure) 2364M->332M(2380M) 8.384ms
[1703.306s][info ][gc,cpu         ] GC(86) User=0.02s Sys=0.00s Real=0.01s
[1703.306s][info ][safepoint      ] Safepoint "ParallelGCFailedAllocation", Time since last: 504450624 ns, Reaching safepoint: 10901 ns, Cleanup: 6100 ns, At safepoint: 8485159 ns, Total: 8502160 ns
[1707.306s][info ][safepoint      ] Safepoint "Cleanup", Time since last: 4000360191 ns, Reaching safepoint: 10900 ns, Cleanup: 14201 ns, At safepoint: 2700 ns, Total: 27801 ns
[1713.307s][info ][safepoint      ] Safepoint "Cleanup", Time since last: 6000561392 ns, Reaching safepoint: 82202 ns, Cleanup: 17401 ns, At safepoint: 34701 ns, Total: 134304 ns
[1718.307s][info ][safepoint      ] Safepoint "Cleanup", Time since last: 5000499611 ns, Reaching safepoint: 8800 ns, Cleanup: 13201 ns, At safepoint: 3400 ns, Total: 25401 ns
[1728.308s][info ][safepoint      ] Safepoint "Cleanup", Time since last: 10000838882 ns, Reaching safepoint: 86202 ns, Cleanup: 15501 ns, At safepoint: 6600 ns, Total: 108303 ns
[1729.398s][info ][gc,start       ] GC(87) Pause Young (Allocation Failure)
[1729.405s][debug][gc,phases      ] GC(87) Scavenge 7.002ms
[1729.406s][debug][gc,ref         ] GC(87) ReferenceProcessor::execute queues: 1, RefProcThreadModel::Single, marks_oops_alive: false
[1729.406s][debug][gc,ref         ] GC(87) Skipped KeepAliveFinalRefsPhase of Reference Processing: no references
[1729.406s][debug][gc,ref         ] GC(87) Skipped PhantomRefsPhase of Reference Processing: no references
[1729.406s][debug][gc,phases      ] GC(87) Reference Processing 0.123ms
[1729.406s][debug][gc,phases      ] GC(87)   VM Weak                        Min:  0.0, Avg:  0.0, Max:  0.0, Diff:  0.0, Sum:  0.0, Workers: 4
[1729.406s][debug][gc,phases      ] GC(87)     Dead                           Min: 0, Avg:  0.0, Max: 0, Diff: 0, Sum: 0, Workers: 4
[1729.406s][debug][gc,phases      ] GC(87)     Total                          Min: 0, Avg: 260.0, Max: 704, Diff: 704, Sum: 1040, Workers: 4
[1729.406s][debug][gc,phases      ] GC(87)   ObjectSynchronizer Weak        Min:  0.0, Avg:  0.0, Max:  0.0, Diff:  0.0, Sum:  0.0, Workers: 4
[1729.406s][debug][gc,phases      ] GC(87)     Dead                           Min: 0, Avg:  0.0, Max: 0, Diff: 0, Sum: 0, Workers: 4
[1729.406s][debug][gc,phases      ] GC(87)     Total                          Min: 0, Avg:  1.0, Max: 4, Diff: 4, Sum: 4, Workers: 4
[1729.406s][debug][gc,phases      ] GC(87)   JVMTI Tag Weak OopStorage      Min:  0.0, Avg:  0.0, Max:  0.0, Diff:  0.0, Sum:  0.0, Workers: 4
[1729.406s][debug][gc,phases      ] GC(87)     Dead                           Min: 0, Avg:  0.0, Max: 0, Diff: 0, Sum: 0, Workers: 4
[1729.406s][debug][gc,phases      ] GC(87)     Total                          Min: 0, Avg:  0.0, Max: 0, Diff: 0, Sum: 0, Workers: 4
[1729.406s][debug][gc,phases      ] GC(87)   StringTable Weak               Min:  0.0, Avg:  0.1, Max:  0.2, Diff:  0.2, Sum:  0.5, Workers: 4
[1729.406s][debug][gc,phases      ] GC(87)     Dead                           Min: 0, Avg:  0.0, Max: 0, Diff: 0, Sum: 0, Workers: 4
[1729.406s][debug][gc,phases      ] GC(87)     Total                          Min: 0, Avg: 11895.2, Max: 25536, Diff: 25536, Sum: 47581, Workers: 4
[1729.406s][debug][gc,phases      ] GC(87)   ResolvedMethodTable Weak       Min:  0.0, Avg:  0.0, Max:  0.1, Diff:  0.1, Sum:  0.2, Workers: 4
[1729.406s][debug][gc,phases      ] GC(87)     Dead                           Min: 0, Avg:  4.0, Max: 16, Diff: 16, Sum: 16, Workers: 4
[1729.406s][debug][gc,phases      ] GC(87)     Total                          Min: 0, Avg: 3887.5, Max: 8466, Diff: 8466, Sum: 15550, Workers: 4
[1729.406s][debug][gc,phases      ] GC(87)   JNI Weak                       Min:  0.0, Avg:  0.0, Max:  0.0, Diff:  0.0, Sum:  0.0, Workers: 4
[1729.406s][debug][gc,phases      ] GC(87)     Dead                           Min: 0, Avg:  0.0, Max: 0, Diff: 0, Sum: 0, Workers: 4
[1729.406s][debug][gc,phases      ] GC(87)     Total                          Min: 0, Avg: 13.0, Max: 48, Diff: 48, Sum: 52, Workers: 4
[1729.406s][debug][gc,phases      ] GC(87)   StringDedup Table Weak         Min:  0.0, Avg:  0.0, Max:  0.0, Diff:  0.0, Sum:  0.0, Workers: 4
[1729.406s][debug][gc,phases      ] GC(87)     Dead                           Min: 0, Avg:  0.0, Max: 0, Diff: 0, Sum: 0, Workers: 4
[1729.406s][debug][gc,phases      ] GC(87)     Total                          Min: 0, Avg:  0.0, Max: 0, Diff: 0, Sum: 0, Workers: 4
[1729.406s][debug][gc,phases      ] GC(87)   StringDedup Requests0 Weak     Min:  0.0, Avg:  0.0, Max:  0.0, Diff:  0.0, Sum:  0.0, Workers: 4
[1729.406s][debug][gc,phases      ] GC(87)     Dead                           Min: 0, Avg:  0.0, Max: 0, Diff: 0, Sum: 0, Workers: 4
[1729.406s][debug][gc,phases      ] GC(87)     Total                          Min: 0, Avg:  0.0, Max: 0, Diff: 0, Sum: 0, Workers: 4
[1729.406s][debug][gc,phases      ] GC(87)   StringDedup Requests1 Weak     Min:  0.0, Avg:  0.0, Max:  0.0, Diff:  0.0, Sum:  0.0, Workers: 4
[1729.406s][debug][gc,phases      ] GC(87)     Dead                           Min: 0, Avg:  0.0, Max: 0, Diff: 0, Sum: 0, Workers: 4
[1729.406s][debug][gc,phases      ] GC(87)     Total                          Min: 0, Avg:  0.0, Max: 0, Diff: 0, Sum: 0, Workers: 4
[1729.406s][debug][gc,phases      ] GC(87)   Weak JFR Old Object Samples    Min:  0.0, Avg:  0.0, Max:  0.0, Diff:  0.0, Sum:  0.0, Workers: 4
[1729.406s][debug][gc,phases      ] GC(87)     Dead                           Min: 0, Avg:  0.0, Max: 0, Diff: 0, Sum: 0, Workers: 4
[1729.406s][debug][gc,phases      ] GC(87)     Total                          Min: 0, Avg:  0.0, Max: 0, Diff: 0, Sum: 0, Workers: 4
[1729.406s][debug][gc,phases      ] GC(87) Weak Processing 0.568ms
[1729.406s][debug][gc,age         ] GC(87) Desired survivor size 7340032 bytes, new threshold 1 (max threshold 15)
[1729.406s][info ][gc,heap        ] GC(87) PSYoungGen: 2086240K(2089472K)->4512K(2089984K) Eden: 2081792K(2081792K)->0K(2082304K) From: 4448K(7680K)->4512K(7680K)
[1729.406s][info ][gc,heap        ] GC(87) ParOldGen: 335724K(348160K)->337012K(348160K)
[1729.406s][info ][gc,metaspace   ] GC(87) Metaspace: 110965K(112320K)->110965K(112320K) NonClass: 94460K(95232K)->94460K(95232K) Class: 16505K(17088K)->16505K(17088K)
[1729.406s][info ][gc             ] GC(87) Pause Young (Allocation Failure) 2365M->333M(2381M) 7.876ms
[1729.406s][info ][gc,cpu         ] GC(87) User=0.02s Sys=0.00s Real=0.01s
[1729.406s][info ][safepoint      ] Safepoint "ParallelGCFailedAllocation", Time since last: 1089914710 ns, Reaching safepoint: 8400 ns, Cleanup: 4800 ns, At safepoint: 7960639 ns, Total: 7973839 ns
[1741.811s][info ][safepoint      ] Safepoint "Cleanup", Time since last: 12404466133 ns, Reaching safepoint: 83703 ns, Cleanup: 18901 ns, At safepoint: 10600 ns, Total: 113204 ns
[1750.812s][info ][safepoint      ] Safepoint "Cleanup", Time since last: 9000834649 ns, Reaching safepoint: 267208 ns, Cleanup: 13200 ns, At safepoint: 6301 ns, Total: 286709 ns
[1752.812s][info ][safepoint      ] Safepoint "Cleanup", Time since last: 2000230698 ns, Reaching safepoint: 11001 ns, Cleanup: 16300 ns, At safepoint: 3000 ns, Total: 30301 ns
[1753.640s][info ][gc,start       ] GC(88) Pause Young (Allocation Failure)
[1753.646s][debug][gc,phases      ] GC(88) Scavenge 5.084ms
[1753.646s][debug][gc,ref         ] GC(88) ReferenceProcessor::execute queues: 1, RefProcThreadModel::Single, marks_oops_alive: false
[1753.646s][debug][gc,ref         ] GC(88) Skipped KeepAliveFinalRefsPhase of Reference Processing: no references
[1753.646s][debug][gc,ref         ] GC(88) Skipped PhantomRefsPhase of Reference Processing: no references
[1753.646s][debug][gc,phases      ] GC(88) Reference Processing 0.125ms
[1753.646s][debug][gc,phases      ] GC(88)   VM Weak                        Min:  0.0, Avg:  0.0, Max:  0.0, Diff:  0.0, Sum:  0.0, Workers: 4
[1753.646s][debug][gc,phases      ] GC(88)     Dead                           Min: 0, Avg:  0.0, Max: 0, Diff: 0, Sum: 0, Workers: 4
[1753.646s][debug][gc,phases      ] GC(88)     Total                          Min: 0, Avg: 260.0, Max: 784, Diff: 784, Sum: 1040, Workers: 4
[1753.646s][debug][gc,phases      ] GC(88)   ObjectSynchronizer Weak        Min:  0.0, Avg:  0.0, Max:  0.0, Diff:  0.0, Sum:  0.0, Workers: 4
[1753.646s][debug][gc,phases      ] GC(88)     Dead                           Min: 0, Avg:  0.0, Max: 0, Diff: 0, Sum: 0, Workers: 4
[1753.646s][debug][gc,phases      ] GC(88)     Total                          Min: 0, Avg:  1.0, Max: 4, Diff: 4, Sum: 4, Workers: 4
[1753.646s][debug][gc,phases      ] GC(88)   JVMTI Tag Weak OopStorage      Min:  0.0, Avg:  0.0, Max:  0.0, Diff:  0.0, Sum:  0.0, Workers: 4
[1753.646s][debug][gc,phases      ] GC(88)     Dead                           Min: 0, Avg:  0.0, Max: 0, Diff: 0, Sum: 0, Workers: 4
[1753.646s][debug][gc,phases      ] GC(88)     Total                          Min: 0, Avg:  0.0, Max: 0, Diff: 0, Sum: 0, Workers: 4
[1753.646s][debug][gc,phases      ] GC(88)   StringTable Weak               Min:  0.0, Avg:  0.1, Max:  0.2, Diff:  0.2, Sum:  0.5, Workers: 4
[1753.646s][debug][gc,phases      ] GC(88)     Dead                           Min: 0, Avg:  0.0, Max: 0, Diff: 0, Sum: 0, Workers: 4
[1753.646s][debug][gc,phases      ] GC(88)     Total                          Min: 0, Avg: 11896.0, Max: 17215, Diff: 17215, Sum: 47584, Workers: 4
[1753.646s][debug][gc,phases      ] GC(88)   ResolvedMethodTable Weak       Min:  0.0, Avg:  0.0, Max:  0.1, Diff:  0.1, Sum:  0.2, Workers: 4
[1753.646s][debug][gc,phases      ] GC(88)     Dead                           Min: 0, Avg:  4.5, Max: 18, Diff: 18, Sum: 18, Workers: 4
[1753.646s][debug][gc,phases      ] GC(88)     Total                          Min: 0, Avg: 3887.5, Max: 5199, Diff: 5199, Sum: 15550, Workers: 4
[1753.646s][debug][gc,phases      ] GC(88)   JNI Weak                       Min:  0.0, Avg:  0.0, Max:  0.0, Diff:  0.0, Sum:  0.0, Workers: 4
[1753.646s][debug][gc,phases      ] GC(88)     Dead                           Min: 0, Avg:  0.0, Max: 0, Diff: 0, Sum: 0, Workers: 4
[1753.646s][debug][gc,phases      ] GC(88)     Total                          Min: 0, Avg: 13.0, Max: 48, Diff: 48, Sum: 52, Workers: 4
[1753.646s][debug][gc,phases      ] GC(88)   StringDedup Table Weak         Min:  0.0, Avg:  0.0, Max:  0.0, Diff:  0.0, Sum:  0.0, Workers: 4
[1753.646s][debug][gc,phases      ] GC(88)     Dead                           Min: 0, Avg:  0.0, Max: 0, Diff: 0, Sum: 0, Workers: 4
[1753.646s][debug][gc,phases      ] GC(88)     Total                          Min: 0, Avg:  0.0, Max: 0, Diff: 0, Sum: 0, Workers: 4
[1753.646s][debug][gc,phases      ] GC(88)   StringDedup Requests0 Weak     Min:  0.0, Avg:  0.0, Max:  0.0, Diff:  0.0, Sum:  0.0, Workers: 4
[1753.646s][debug][gc,phases      ] GC(88)     Dead                           Min: 0, Avg:  0.0, Max: 0, Diff: 0, Sum: 0, Workers: 4
[1753.646s][debug][gc,phases      ] GC(88)     Total                          Min: 0, Avg:  0.0, Max: 0, Diff: 0, Sum: 0, Workers: 4
[1753.646s][debug][gc,phases      ] GC(88)   StringDedup Requests1 Weak     Min:  0.0, Avg:  0.0, Max:  0.0, Diff:  0.0, Sum:  0.0, Workers: 4
[1753.646s][debug][gc,phases      ] GC(88)     Dead                           Min: 0, Avg:  0.0, Max: 0, Diff: 0, Sum: 0, Workers: 4
[1753.646s][debug][gc,phases      ] GC(88)     Total                          Min: 0, Avg:  0.0, Max: 0, Diff: 0, Sum: 0, Workers: 4
[1753.646s][debug][gc,phases      ] GC(88)   Weak JFR Old Object Samples    Min:  0.0, Avg:  0.0, Max:  0.0, Diff:  0.0, Sum:  0.0, Workers: 4
[1753.646s][debug][gc,phases      ] GC(88)     Dead                           Min: 0, Avg:  0.0, Max: 0, Diff: 0, Sum: 0, Workers: 4
[1753.646s][debug][gc,phases      ] GC(88)     Total                          Min: 0, Avg:  0.0, Max: 0, Diff: 0, Sum: 0, Workers: 4
[1753.646s][debug][gc,phases      ] GC(88) Weak Processing 0.494ms
[1753.646s][debug][gc,age         ] GC(88) Desired survivor size 7340032 bytes, new threshold 1 (max threshold 15)
[1753.646s][info ][gc,heap        ] GC(88) PSYoungGen: 2086816K(2089984K)->4832K(2089472K) Eden: 2082304K(2082304K)->0K(2082304K) From: 4512K(7680K)->4832K(7168K)
[1753.646s][info ][gc,heap        ] GC(88) ParOldGen: 337012K(348160K)->337708K(348160K)
[1753.646s][info ][gc,metaspace   ] GC(88) Metaspace: 110968K(112320K)->110968K(112320K) NonClass: 94463K(95232K)->94463K(95232K) Class: 16505K(17088K)->16505K(17088K)
[1753.646s][info ][gc             ] GC(88) Pause Young (Allocation Failure) 2367M->334M(2380M) 5.852ms
[1753.646s][info ][gc,cpu         ] GC(88) User=0.02s Sys=0.00s Real=0.01s
[1753.646s][info ][safepoint      ] Safepoint "ParallelGCFailedAllocation", Time since last: 828130415 ns, Reaching safepoint: 84503 ns, Cleanup: 5200 ns, At safepoint: 5946080 ns, Total: 6035783 ns
[1754.647s][info ][safepoint      ] Safepoint "Cleanup", Time since last: 1000106106 ns, Reaching safepoint: 89403 ns, Cleanup: 12600 ns, At safepoint: 5400 ns, Total: 107403 ns
[1760.652s][info ][safepoint      ] Safepoint "Cleanup", Time since last: 6000551332 ns, Reaching safepoint: 4697042 ns, Cleanup: 28601 ns, At safepoint: 27301 ns, Total: 4752944 ns
[1765.652s][info ][safepoint      ] Safepoint "Cleanup", Time since last: 5000457946 ns, Reaching safepoint: 83002 ns, Cleanup: 17501 ns, At safepoint: 7300 ns, Total: 107803 ns
[1778.488s][info ][gc,start       ] GC(89) Pause Young (Allocation Failure)
[1778.493s][debug][gc,phases      ] GC(89) Scavenge 4.746ms
[1778.493s][debug][gc,ref         ] GC(89) ReferenceProcessor::execute queues: 1, RefProcThreadModel::Single, marks_oops_alive: false
[1778.493s][debug][gc,ref         ] GC(89) Skipped KeepAliveFinalRefsPhase of Reference Processing: no references
[1778.493s][debug][gc,ref         ] GC(89) Skipped PhantomRefsPhase of Reference Processing: no references
[1778.493s][debug][gc,phases      ] GC(89) Reference Processing 0.123ms
[1778.493s][debug][gc,phases      ] GC(89)   VM Weak                        Min:  0.0, Avg:  0.0, Max:  0.0, Diff:  0.0, Sum:  0.0, Workers: 4
[1778.493s][debug][gc,phases      ] GC(89)     Dead                           Min: 0, Avg:  0.0, Max: 0, Diff: 0, Sum: 0, Workers: 4
[1778.493s][debug][gc,phases      ] GC(89)     Total                          Min: 0, Avg: 260.0, Max: 448, Diff: 448, Sum: 1040, Workers: 4
[1778.493s][debug][gc,phases      ] GC(89)   ObjectSynchronizer Weak        Min:  0.0, Avg:  0.0, Max:  0.0, Diff:  0.0, Sum:  0.0, Workers: 4
[1778.493s][debug][gc,phases      ] GC(89)     Dead                           Min: 0, Avg:  0.0, Max: 0, Diff: 0, Sum: 0, Workers: 4
[1778.493s][debug][gc,phases      ] GC(89)     Total                          Min: 0, Avg:  1.0, Max: 4, Diff: 4, Sum: 4, Workers: 4
[1778.493s][debug][gc,phases      ] GC(89)   JVMTI Tag Weak OopStorage      Min:  0.0, Avg:  0.0, Max:  0.0, Diff:  0.0, Sum:  0.0, Workers: 4
[1778.493s][debug][gc,phases      ] GC(89)     Dead                           Min: 0, Avg:  0.0, Max: 0, Diff: 0, Sum: 0, Workers: 4
[1778.493s][debug][gc,phases      ] GC(89)     Total                          Min: 0, Avg:  0.0, Max: 0, Diff: 0, Sum: 0, Workers: 4
[1778.493s][debug][gc,phases      ] GC(89)   StringTable Weak               Min:  0.1, Avg:  0.1, Max:  0.1, Diff:  0.0, Sum:  0.5, Workers: 4
[1778.493s][debug][gc,phases      ] GC(89)     Dead                           Min: 0, Avg:  0.0, Max: 0, Diff: 0, Sum: 0, Workers: 4
[1778.493s][debug][gc,phases      ] GC(89)     Total                          Min: 11648, Avg: 11898.0, Max: 12096, Diff: 448, Sum: 47592, Workers: 4
[1778.493s][debug][gc,phases      ] GC(89)   ResolvedMethodTable Weak       Min:  0.0, Avg:  0.0, Max:  0.0, Diff:  0.0, Sum:  0.2, Workers: 4
[1778.493s][debug][gc,phases      ] GC(89)     Dead                           Min: 0, Avg:  6.8, Max: 15, Diff: 15, Sum: 27, Workers: 4
[1778.493s][debug][gc,phases      ] GC(89)     Total                          Min: 3662, Avg: 3887.5, Max: 4353, Diff: 691, Sum: 15550, Workers: 4
[1778.493s][debug][gc,phases      ] GC(89)   JNI Weak                       Min:  0.0, Avg:  0.0, Max:  0.0, Diff:  0.0, Sum:  0.0, Workers: 4
[1778.493s][debug][gc,phases      ] GC(89)     Dead                           Min: 0, Avg:  0.0, Max: 0, Diff: 0, Sum: 0, Workers: 4
[1778.493s][debug][gc,phases      ] GC(89)     Total                          Min: 0, Avg: 13.0, Max: 48, Diff: 48, Sum: 52, Workers: 4
[1778.493s][debug][gc,phases      ] GC(89)   StringDedup Table Weak         Min:  0.0, Avg:  0.0, Max:  0.0, Diff:  0.0, Sum:  0.0, Workers: 4
[1778.493s][debug][gc,phases      ] GC(89)     Dead                           Min: 0, Avg:  0.0, Max: 0, Diff: 0, Sum: 0, Workers: 4
[1778.493s][debug][gc,phases      ] GC(89)     Total                          Min: 0, Avg:  0.0, Max: 0, Diff: 0, Sum: 0, Workers: 4
[1778.493s][debug][gc,phases      ] GC(89)   StringDedup Requests0 Weak     Min:  0.0, Avg:  0.0, Max:  0.0, Diff:  0.0, Sum:  0.0, Workers: 4
[1778.493s][debug][gc,phases      ] GC(89)     Dead                           Min: 0, Avg:  0.0, Max: 0, Diff: 0, Sum: 0, Workers: 4
[1778.493s][debug][gc,phases      ] GC(89)     Total                          Min: 0, Avg:  0.0, Max: 0, Diff: 0, Sum: 0, Workers: 4
[1778.493s][debug][gc,phases      ] GC(89)   StringDedup Requests1 Weak     Min:  0.0, Avg:  0.0, Max:  0.0, Diff:  0.0, Sum:  0.0, Workers: 4
[1778.493s][debug][gc,phases      ] GC(89)     Dead                           Min: 0, Avg:  0.0, Max: 0, Diff: 0, Sum: 0, Workers: 4
[1778.493s][debug][gc,phases      ] GC(89)     Total                          Min: 0, Avg:  0.0, Max: 0, Diff: 0, Sum: 0, Workers: 4
[1778.493s][debug][gc,phases      ] GC(89)   Weak JFR Old Object Samples    Min:  0.0, Avg:  0.0, Max:  0.0, Diff:  0.0, Sum:  0.0, Workers: 4
[1778.493s][debug][gc,phases      ] GC(89)     Dead                           Min: 0, Avg:  0.0, Max: 0, Diff: 0, Sum: 0, Workers: 4
[1778.494s][debug][gc,phases      ] GC(89)     Total                          Min: 0, Avg:  0.0, Max: 0, Diff: 0, Sum: 0, Workers: 4
[1778.494s][debug][gc,phases      ] GC(89) Weak Processing 0.419ms
[1778.494s][debug][gc,age         ] GC(89) Desired survivor size 6815744 bytes, new threshold 1 (max threshold 15)
[1778.494s][info ][gc,heap        ] GC(89) PSYoungGen: 2087136K(2089472K)->4448K(2090496K) Eden: 2082304K(2082304K)->0K(2083328K) From: 4832K(7168K)->4448K(7168K)
[1778.494s][info ][gc,heap        ] GC(89) ParOldGen: 337708K(348160K)->338945K(348160K)
[1778.494s][info ][gc,metaspace   ] GC(89) Metaspace: 110994K(112320K)->110994K(112320K) NonClass: 94489K(95232K)->94489K(95232K) Class: 16505K(17088K)->16505K(17088K)
[1778.494s][info ][gc             ] GC(89) Pause Young (Allocation Failure) 2368M->335M(2381M) 5.446ms
[1778.494s][info ][gc,cpu         ] GC(89) User=0.02s Sys=0.00s Real=0.01s
[1778.494s][info ][safepoint      ] Safepoint "ParallelGCFailedAllocation", Time since last: 12835654763 ns, Reaching safepoint: 9400 ns, Cleanup: 5500 ns, At safepoint: 5533368 ns, Total: 5548268 ns
[1779.494s][info ][safepoint      ] Safepoint "Cleanup", Time since last: 1000155049 ns, Reaching safepoint: 100203 ns, Cleanup: 17001 ns, At safepoint: 8700 ns, Total: 125904 ns
[1788.495s][info ][safepoint      ] Safepoint "Cleanup", Time since last: 9000815410 ns, Reaching safepoint: 81002 ns, Cleanup: 22201 ns, At safepoint: 8000 ns, Total: 111203 ns
[1790.495s][info ][safepoint      ] Safepoint "Cleanup", Time since last: 2000217660 ns, Reaching safepoint: 85203 ns, Cleanup: 11500 ns, At safepoint: 8100 ns, Total: 104803 ns
[1791.495s][info ][safepoint      ] Safepoint "Cleanup", Time since last: 1000123831 ns, Reaching safepoint: 83902 ns, Cleanup: 11901 ns, At safepoint: 9200 ns, Total: 105003 ns
[1800.309s][info ][safepoint      ] Safepoint "Cleanup", Time since last: 8813297171 ns, Reaching safepoint: 6000 ns, Cleanup: 13401 ns, At safepoint: 7400 ns, Total: 26801 ns
[1801.829s][info ][safepoint      ] Safepoint "Cleanup", Time since last: 1520609546 ns, Reaching safepoint: 14701 ns, Cleanup: 28801 ns, At safepoint: 3300 ns, Total: 46802 ns
[1803.830s][info ][safepoint      ] Safepoint "Cleanup", Time since last: 2000305567 ns, Reaching safepoint: 81902 ns, Cleanup: 23901 ns, At safepoint: 6700 ns, Total: 112503 ns
[1804.187s][info ][gc,start       ] GC(90) Pause Young (Allocation Failure)
[1804.208s][debug][gc,phases      ] GC(90) Scavenge 20.829ms
[1804.208s][debug][gc,ref         ] GC(90) ReferenceProcessor::execute queues: 1, RefProcThreadModel::Single, marks_oops_alive: false
[1804.208s][debug][gc,ref         ] GC(90) Skipped KeepAliveFinalRefsPhase of Reference Processing: no references
[1804.208s][debug][gc,ref         ] GC(90) ReferenceProcessor::execute queues: 1, RefProcThreadModel::Single, marks_oops_alive: false
[1804.208s][debug][gc,phases      ] GC(90) Reference Processing 0.170ms
[1804.209s][debug][gc,phases      ] GC(90)   VM Weak                        Min:  0.0, Avg:  0.0, Max:  0.0, Diff:  0.0, Sum:  0.0, Workers: 4
[1804.209s][debug][gc,phases      ] GC(90)     Dead                           Min: 0, Avg:  0.0, Max: 0, Diff: 0, Sum: 0, Workers: 4
[1804.209s][debug][gc,phases      ] GC(90)     Total                          Min: 0, Avg: 260.0, Max: 1040, Diff: 1040, Sum: 1040, Workers: 4
[1804.209s][debug][gc,phases      ] GC(90)   ObjectSynchronizer Weak        Min:  0.0, Avg:  0.0, Max:  0.0, Diff:  0.0, Sum:  0.0, Workers: 4
[1804.209s][debug][gc,phases      ] GC(90)     Dead                           Min: 0, Avg:  0.0, Max: 0, Diff: 0, Sum: 0, Workers: 4
[1804.209s][debug][gc,phases      ] GC(90)     Total                          Min: 0, Avg:  0.8, Max: 3, Diff: 3, Sum: 3, Workers: 4
[1804.209s][debug][gc,phases      ] GC(90)   JVMTI Tag Weak OopStorage      Min:  0.0, Avg:  0.0, Max:  0.0, Diff:  0.0, Sum:  0.0, Workers: 4
[1804.209s][debug][gc,phases      ] GC(90)     Dead                           Min: 0, Avg:  0.0, Max: 0, Diff: 0, Sum: 0, Workers: 4
[1804.209s][debug][gc,phases      ] GC(90)     Total                          Min: 0, Avg:  0.0, Max: 0, Diff: 0, Sum: 0, Workers: 4
[1804.209s][debug][gc,phases      ] GC(90)   StringTable Weak               Min:  0.0, Avg:  0.1, Max:  0.5, Diff:  0.5, Sum:  0.5, Workers: 4
[1804.209s][debug][gc,phases      ] GC(90)     Dead                           Min: 0, Avg:  0.5, Max: 2, Diff: 2, Sum: 2, Workers: 4
[1804.209s][debug][gc,phases      ] GC(90)     Total                          Min: 0, Avg: 11909.0, Max: 47636, Diff: 47636, Sum: 47636, Workers: 4
[1804.209s][debug][gc,phases      ] GC(90)   ResolvedMethodTable Weak       Min:  0.0, Avg:  0.0, Max:  0.2, Diff:  0.2, Sum:  0.2, Workers: 4
[1804.209s][debug][gc,phases      ] GC(90)     Dead                           Min: 0, Avg: 10.8, Max: 43, Diff: 43, Sum: 43, Workers: 4
[1804.209s][debug][gc,phases      ] GC(90)     Total                          Min: 0, Avg: 3898.8, Max: 15595, Diff: 15595, Sum: 15595, Workers: 4
[1804.209s][debug][gc,phases      ] GC(90)   JNI Weak                       Min:  0.0, Avg:  0.0, Max:  0.0, Diff:  0.0, Sum:  0.0, Workers: 4
[1804.209s][debug][gc,phases      ] GC(90)     Dead                           Min: 0, Avg:  0.0, Max: 0, Diff: 0, Sum: 0, Workers: 4
[1804.209s][debug][gc,phases      ] GC(90)     Total                          Min: 0, Avg: 13.0, Max: 52, Diff: 52, Sum: 52, Workers: 4
[1804.209s][debug][gc,phases      ] GC(90)   StringDedup Table Weak         Min:  0.0, Avg:  0.0, Max:  0.0, Diff:  0.0, Sum:  0.0, Workers: 4
[1804.209s][debug][gc,phases      ] GC(90)     Dead                           Min: 0, Avg:  0.0, Max: 0, Diff: 0, Sum: 0, Workers: 4
[1804.209s][debug][gc,phases      ] GC(90)     Total                          Min: 0, Avg:  0.0, Max: 0, Diff: 0, Sum: 0, Workers: 4
[1804.209s][debug][gc,phases      ] GC(90)   StringDedup Requests0 Weak     Min:  0.0, Avg:  0.0, Max:  0.0, Diff:  0.0, Sum:  0.0, Workers: 4
[1804.209s][debug][gc,phases      ] GC(90)     Dead                           Min: 0, Avg:  0.0, Max: 0, Diff: 0, Sum: 0, Workers: 4
[1804.209s][debug][gc,phases      ] GC(90)     Total                          Min: 0, Avg:  0.0, Max: 0, Diff: 0, Sum: 0, Workers: 4
[1804.209s][debug][gc,phases      ] GC(90)   StringDedup Requests1 Weak     Min:  0.0, Avg:  0.0, Max:  0.0, Diff:  0.0, Sum:  0.0, Workers: 4
[1804.209s][debug][gc,phases      ] GC(90)     Dead                           Min: 0, Avg:  0.0, Max: 0, Diff: 0, Sum: 0, Workers: 4
[1804.209s][debug][gc,phases      ] GC(90)     Total                          Min: 0, Avg:  0.0, Max: 0, Diff: 0, Sum: 0, Workers: 4
[1804.209s][debug][gc,phases      ] GC(90)   Weak JFR Old Object Samples    Min:  0.0, Avg:  0.0, Max:  0.0, Diff:  0.0, Sum:  0.0, Workers: 4
[1804.209s][debug][gc,phases      ] GC(90)     Dead                           Min: 0, Avg:  0.0, Max: 0, Diff: 0, Sum: 0, Workers: 4
[1804.209s][debug][gc,phases      ] GC(90)     Total                          Min: 0, Avg:  0.0, Max: 0, Diff: 0, Sum: 0, Workers: 4
[1804.209s][debug][gc,phases      ] GC(90) Weak Processing 0.988ms
[1804.209s][debug][gc,age         ] GC(90) Desired survivor size 6815744 bytes, new threshold 1 (max threshold 15)
[1804.209s][info ][gc,heap        ] GC(90) PSYoungGen: 2087776K(2090496K)->4672K(2089984K) Eden: 2083328K(2083328K)->0K(2083328K) From: 4448K(7168K)->4672K(6656K)
[1804.209s][info ][gc,heap        ] GC(90) ParOldGen: 338945K(348160K)->339789K(348160K)
[1804.209s][info ][gc,metaspace   ] GC(90) Metaspace: 111105K(112448K)->111105K(112448K) NonClass: 94585K(95360K)->94585K(95360K) Class: 16520K(17088K)->16520K(17088K)
[1804.209s][info ][gc             ] GC(90) Pause Young (Allocation Failure) 2369M->336M(2381M) 22.174ms
[1804.209s][info ][gc,cpu         ] GC(90) User=0.02s Sys=0.00s Real=0.02s
[1804.209s][info ][safepoint      ] Safepoint "ParallelGCFailedAllocation", Time since last: 357332377 ns, Reaching safepoint: 13900 ns, Cleanup: 5700 ns, At safepoint: 22293466 ns, Total: 22313066 ns
[1805.210s][info ][safepoint      ] Safepoint "Cleanup", Time since last: 1000112482 ns, Reaching safepoint: 86103 ns, Cleanup: 14900 ns, At safepoint: 5301 ns, Total: 106304 ns
[1813.214s][info ][safepoint      ] Safepoint "Cleanup", Time since last: 8003941557 ns, Reaching safepoint: 11700 ns, Cleanup: 21401 ns, At safepoint: 28601 ns, Total: 61702 ns
[1814.214s][info ][safepoint      ] Safepoint "Cleanup", Time since last: 1000184459 ns, Reaching safepoint: 254308 ns, Cleanup: 13000 ns, At safepoint: 7000 ns, Total: 274308 ns
[1815.214s][info ][safepoint      ] Safepoint "Cleanup", Time since last: 1000183559 ns, Reaching safepoint: 14101 ns, Cleanup: 15100 ns, At safepoint: 3400 ns, Total: 32601 ns
[1821.215s][info ][safepoint      ] Safepoint "Cleanup", Time since last: 6000578764 ns, Reaching safepoint: 11401 ns, Cleanup: 16600 ns, At safepoint: 3100 ns, Total: 31101 ns
[1823.215s][info ][safepoint      ] Safepoint "Cleanup", Time since last: 2000232876 ns, Reaching safepoint: 14501 ns, Cleanup: 40401 ns, At safepoint: 3200 ns, Total: 58102 ns
[1828.216s][info ][safepoint      ] Safepoint "Cleanup", Time since last: 5000493852 ns, Reaching safepoint: 10801 ns, Cleanup: 13100 ns, At safepoint: 3100 ns, Total: 27001 ns
[1830.216s][info ][safepoint      ] Safepoint "Cleanup", Time since last: 2000213464 ns, Reaching safepoint: 13600 ns, Cleanup: 16801 ns, At safepoint: 3200 ns, Total: 33601 ns
[1830.441s][info ][gc,start       ] GC(91) Pause Young (Allocation Failure)
[1830.445s][debug][gc,phases      ] GC(91) Scavenge 4.412ms
[1830.445s][debug][gc,ref         ] GC(91) ReferenceProcessor::execute queues: 1, RefProcThreadModel::Single, marks_oops_alive: false
[1830.445s][debug][gc,ref         ] GC(91) Skipped KeepAliveFinalRefsPhase of Reference Processing: no references
[1830.445s][debug][gc,ref         ] GC(91) ReferenceProcessor::execute queues: 1, RefProcThreadModel::Single, marks_oops_alive: false
[1830.445s][debug][gc,phases      ] GC(91) Reference Processing 0.145ms
[1830.446s][debug][gc,phases      ] GC(91)   VM Weak                        Min:  0.0, Avg:  0.0, Max:  0.0, Diff:  0.0, Sum:  0.0, Workers: 4
[1830.446s][debug][gc,phases      ] GC(91)     Dead                           Min: 0, Avg:  0.0, Max: 0, Diff: 0, Sum: 0, Workers: 4
[1830.446s][debug][gc,phases      ] GC(91)     Total                          Min: 0, Avg: 260.0, Max: 768, Diff: 768, Sum: 1040, Workers: 4
[1830.446s][debug][gc,phases      ] GC(91)   ObjectSynchronizer Weak        Min:  0.0, Avg:  0.0, Max:  0.0, Diff:  0.0, Sum:  0.0, Workers: 4
[1830.446s][debug][gc,phases      ] GC(91)     Dead                           Min: 0, Avg:  0.0, Max: 0, Diff: 0, Sum: 0, Workers: 4
[1830.446s][debug][gc,phases      ] GC(91)     Total                          Min: 0, Avg:  1.0, Max: 4, Diff: 4, Sum: 4, Workers: 4
[1830.446s][debug][gc,phases      ] GC(91)   JVMTI Tag Weak OopStorage      Min:  0.0, Avg:  0.0, Max:  0.0, Diff:  0.0, Sum:  0.0, Workers: 4
[1830.446s][debug][gc,phases      ] GC(91)     Dead                           Min: 0, Avg:  0.0, Max: 0, Diff: 0, Sum: 0, Workers: 4
[1830.446s][debug][gc,phases      ] GC(91)     Total                          Min: 0, Avg:  0.0, Max: 0, Diff: 0, Sum: 0, Workers: 4
[1830.446s][debug][gc,phases      ] GC(91)   StringTable Weak               Min:  0.0, Avg:  0.1, Max:  0.2, Diff:  0.2, Sum:  0.5, Workers: 4
[1830.446s][debug][gc,phases      ] GC(91)     Dead                           Min: 0, Avg:  0.0, Max: 0, Diff: 0, Sum: 0, Workers: 4
[1830.446s][debug][gc,phases      ] GC(91)     Total                          Min: 0, Avg: 11910.2, Max: 16896, Diff: 16896, Sum: 47641, Workers: 4
[1830.446s][debug][gc,phases      ] GC(91)   ResolvedMethodTable Weak       Min:  0.0, Avg:  0.0, Max:  0.1, Diff:  0.1, Sum:  0.2, Workers: 4
[1830.446s][debug][gc,phases      ] GC(91)     Dead                           Min: 0, Avg:  8.0, Max: 32, Diff: 32, Sum: 32, Workers: 4
[1830.446s][debug][gc,phases      ] GC(91)     Total                          Min: 0, Avg: 3900.0, Max: 5658, Diff: 5658, Sum: 15600, Workers: 4
[1830.446s][debug][gc,phases      ] GC(91)   JNI Weak                       Min:  0.0, Avg:  0.0, Max:  0.0, Diff:  0.0, Sum:  0.0, Workers: 4
[1830.446s][debug][gc,phases      ] GC(91)     Dead                           Min: 0, Avg:  0.0, Max: 0, Diff: 0, Sum: 0, Workers: 4
[1830.446s][debug][gc,phases      ] GC(91)     Total                          Min: 0, Avg: 13.0, Max: 48, Diff: 48, Sum: 52, Workers: 4
[1830.446s][debug][gc,phases      ] GC(91)   StringDedup Table Weak         Min:  0.0, Avg:  0.0, Max:  0.0, Diff:  0.0, Sum:  0.0, Workers: 4
[1830.446s][debug][gc,phases      ] GC(91)     Dead                           Min: 0, Avg:  0.0, Max: 0, Diff: 0, Sum: 0, Workers: 4
[1830.446s][debug][gc,phases      ] GC(91)     Total                          Min: 0, Avg:  0.0, Max: 0, Diff: 0, Sum: 0, Workers: 4
[1830.446s][debug][gc,phases      ] GC(91)   StringDedup Requests0 Weak     Min:  0.0, Avg:  0.0, Max:  0.0, Diff:  0.0, Sum:  0.0, Workers: 4
[1830.446s][debug][gc,phases      ] GC(91)     Dead                           Min: 0, Avg:  0.0, Max: 0, Diff: 0, Sum: 0, Workers: 4
[1830.446s][debug][gc,phases      ] GC(91)     Total                          Min: 0, Avg:  0.0, Max: 0, Diff: 0, Sum: 0, Workers: 4
[1830.446s][debug][gc,phases      ] GC(91)   StringDedup Requests1 Weak     Min:  0.0, Avg:  0.0, Max:  0.0, Diff:  0.0, Sum:  0.0, Workers: 4
[1830.446s][debug][gc,phases      ] GC(91)     Dead                           Min: 0, Avg:  0.0, Max: 0, Diff: 0, Sum: 0, Workers: 4
[1830.446s][debug][gc,phases      ] GC(91)     Total                          Min: 0, Avg:  0.0, Max: 0, Diff: 0, Sum: 0, Workers: 4
[1830.446s][debug][gc,phases      ] GC(91)   Weak JFR Old Object Samples    Min:  0.0, Avg:  0.0, Max:  0.0, Diff:  0.0, Sum:  0.0, Workers: 4
[1830.446s][debug][gc,phases      ] GC(91)     Dead                           Min: 0, Avg:  0.0, Max: 0, Diff: 0, Sum: 0, Workers: 4
[1830.446s][debug][gc,phases      ] GC(91)     Total                          Min: 0, Avg:  0.0, Max: 0, Diff: 0, Sum: 0, Workers: 4
[1830.446s][debug][gc,phases      ] GC(91) Weak Processing 0.496ms
[1830.446s][debug][gc,age         ] GC(91) Desired survivor size 6815744 bytes, new threshold 1 (max threshold 15)
[1830.446s][info ][gc,heap        ] GC(91) PSYoungGen: 2088000K(2089984K)->3936K(2090496K) Eden: 2083328K(2083328K)->0K(2083840K) From: 4672K(6656K)->3936K(6656K)
[1830.446s][info ][gc,heap        ] GC(91) ParOldGen: 339789K(348160K)->341001K(348160K)
[1830.446s][info ][gc,metaspace   ] GC(91) Metaspace: 111139K(112448K)->111139K(112448K) NonClass: 94616K(95360K)->94616K(95360K) Class: 16522K(17088K)->16522K(17088K)
[1830.446s][info ][gc             ] GC(91) Pause Young (Allocation Failure) 2370M->336M(2381M) 5.218ms
[1830.446s][info ][gc,cpu         ] GC(91) User=0.02s Sys=0.00s Real=0.01s
[1830.446s][info ][safepoint      ] Safepoint "ParallelGCFailedAllocation", Time since last: 224619355 ns, Reaching safepoint: 84403 ns, Cleanup: 5200 ns, At safepoint: 5315757 ns, Total: 5405360 ns
[1832.446s][info ][safepoint      ] Safepoint "Cleanup", Time since last: 2000167463 ns, Reaching safepoint: 85803 ns, Cleanup: 10500 ns, At safepoint: 7900 ns, Total: 104203 ns
[1833.447s][info ][safepoint      ] Safepoint "Cleanup", Time since last: 1000141353 ns, Reaching safepoint: 87103 ns, Cleanup: 13200 ns, At safepoint: 7800 ns, Total: 108103 ns
[1847.448s][info ][safepoint      ] Safepoint "Cleanup", Time since last: 14001211766 ns, Reaching safepoint: 89102 ns, Cleanup: 12301 ns, At safepoint: 7800 ns, Total: 109203 ns
[1848.448s][info ][safepoint      ] Safepoint "Cleanup", Time since last: 1000144001 ns, Reaching safepoint: 85202 ns, Cleanup: 11301 ns, At safepoint: 7700 ns, Total: 104203 ns
[1851.449s][info ][safepoint      ] Safepoint "Cleanup", Time since last: 3000344199 ns, Reaching safepoint: 89703 ns, Cleanup: 12000 ns, At safepoint: 7500 ns, Total: 109203 ns
[1855.441s][info ][gc,start       ] GC(92) Pause Young (Allocation Failure)
[1855.446s][debug][gc,phases      ] GC(92) Scavenge 5.061ms
[1855.446s][debug][gc,ref         ] GC(92) ReferenceProcessor::execute queues: 1, RefProcThreadModel::Single, marks_oops_alive: false
[1855.446s][debug][gc,ref         ] GC(92) Skipped KeepAliveFinalRefsPhase of Reference Processing: no references
[1855.446s][debug][gc,ref         ] GC(92) ReferenceProcessor::execute queues: 1, RefProcThreadModel::Single, marks_oops_alive: false
[1855.446s][debug][gc,phases      ] GC(92) Reference Processing 0.125ms
[1855.446s][debug][gc,phases      ] GC(92)   VM Weak                        Min:  0.0, Avg:  0.0, Max:  0.0, Diff:  0.0, Sum:  0.0, Workers: 4
[1855.446s][debug][gc,phases      ] GC(92)     Dead                           Min: 0, Avg:  0.0, Max: 0, Diff: 0, Sum: 0, Workers: 4
[1855.446s][debug][gc,phases      ] GC(92)     Total                          Min: 0, Avg: 260.0, Max: 720, Diff: 720, Sum: 1040, Workers: 4
[1855.446s][debug][gc,phases      ] GC(92)   ObjectSynchronizer Weak        Min:  0.0, Avg:  0.0, Max:  0.0, Diff:  0.0, Sum:  0.0, Workers: 4
[1855.446s][debug][gc,phases      ] GC(92)     Dead                           Min: 0, Avg:  0.0, Max: 0, Diff: 0, Sum: 0, Workers: 4
[1855.446s][debug][gc,phases      ] GC(92)     Total                          Min: 0, Avg:  1.0, Max: 4, Diff: 4, Sum: 4, Workers: 4
[1855.446s][debug][gc,phases      ] GC(92)   JVMTI Tag Weak OopStorage      Min:  0.0, Avg:  0.0, Max:  0.0, Diff:  0.0, Sum:  0.0, Workers: 4
[1855.446s][debug][gc,phases      ] GC(92)     Dead                           Min: 0, Avg:  0.0, Max: 0, Diff: 0, Sum: 0, Workers: 4
[1855.446s][debug][gc,phases      ] GC(92)     Total                          Min: 0, Avg:  0.0, Max: 0, Diff: 0, Sum: 0, Workers: 4
[1855.446s][debug][gc,phases      ] GC(92)   StringTable Weak               Min:  0.0, Avg:  0.1, Max:  0.2, Diff:  0.2, Sum:  0.5, Workers: 4
[1855.446s][debug][gc,phases      ] GC(92)     Dead                           Min: 0, Avg:  0.0, Max: 0, Diff: 0, Sum: 0, Workers: 4
[1855.446s][debug][gc,phases      ] GC(92)     Total                          Min: 0, Avg: 11910.5, Max: 17343, Diff: 17343, Sum: 47642, Workers: 4
[1855.446s][debug][gc,phases      ] GC(92)   ResolvedMethodTable Weak       Min:  0.0, Avg:  0.0, Max:  0.1, Diff:  0.1, Sum:  0.2, Workers: 4
[1855.446s][debug][gc,phases      ] GC(92)     Dead                           Min: 0, Avg:  4.0, Max: 13, Diff: 13, Sum: 16, Workers: 4
[1855.446s][debug][gc,phases      ] GC(92)     Total                          Min: 0, Avg: 3900.0, Max: 5470, Diff: 5470, Sum: 15600, Workers: 4
[1855.446s][debug][gc,phases      ] GC(92)   JNI Weak                       Min:  0.0, Avg:  0.0, Max:  0.0, Diff:  0.0, Sum:  0.0, Workers: 4
[1855.446s][debug][gc,phases      ] GC(92)     Dead                           Min: 0, Avg:  0.0, Max: 0, Diff: 0, Sum: 0, Workers: 4
[1855.446s][debug][gc,phases      ] GC(92)     Total                          Min: 0, Avg: 13.0, Max: 48, Diff: 48, Sum: 52, Workers: 4
[1855.446s][debug][gc,phases      ] GC(92)   StringDedup Table Weak         Min:  0.0, Avg:  0.0, Max:  0.0, Diff:  0.0, Sum:  0.0, Workers: 4
[1855.446s][debug][gc,phases      ] GC(92)     Dead                           Min: 0, Avg:  0.0, Max: 0, Diff: 0, Sum: 0, Workers: 4
[1855.446s][debug][gc,phases      ] GC(92)     Total                          Min: 0, Avg:  0.0, Max: 0, Diff: 0, Sum: 0, Workers: 4
[1855.446s][debug][gc,phases      ] GC(92)   StringDedup Requests0 Weak     Min:  0.0, Avg:  0.0, Max:  0.0, Diff:  0.0, Sum:  0.0, Workers: 4
[1855.446s][debug][gc,phases      ] GC(92)     Dead                           Min: 0, Avg:  0.0, Max: 0, Diff: 0, Sum: 0, Workers: 4
[1855.446s][debug][gc,phases      ] GC(92)     Total                          Min: 0, Avg:  0.0, Max: 0, Diff: 0, Sum: 0, Workers: 4
[1855.446s][debug][gc,phases      ] GC(92)   StringDedup Requests1 Weak     Min:  0.0, Avg:  0.0, Max:  0.0, Diff:  0.0, Sum:  0.0, Workers: 4
[1855.446s][debug][gc,phases      ] GC(92)     Dead                           Min: 0, Avg:  0.0, Max: 0, Diff: 0, Sum: 0, Workers: 4
[1855.446s][debug][gc,phases      ] GC(92)     Total                          Min: 0, Avg:  0.0, Max: 0, Diff: 0, Sum: 0, Workers: 4
[1855.446s][debug][gc,phases      ] GC(92)   Weak JFR Old Object Samples    Min:  0.0, Avg:  0.0, Max:  0.0, Diff:  0.0, Sum:  0.0, Workers: 4
[1855.446s][debug][gc,phases      ] GC(92)     Dead                           Min: 0, Avg:  0.0, Max: 0, Diff: 0, Sum: 0, Workers: 4
[1855.446s][debug][gc,phases      ] GC(92)     Total                          Min: 0, Avg:  0.0, Max: 0, Diff: 0, Sum: 0, Workers: 4
[1855.446s][debug][gc,phases      ] GC(92) Weak Processing 0.470ms
[1855.446s][debug][gc,age         ] GC(92) Desired survivor size 6815744 bytes, new threshold 1 (max threshold 15)
[1855.447s][info ][gc,heap        ] GC(92) PSYoungGen: 2087776K(2090496K)->4386K(2090496K) Eden: 2083840K(2083840K)->0K(2083840K) From: 3936K(6656K)->4386K(6656K)
[1855.447s][info ][gc,heap        ] GC(92) ParOldGen: 341001K(348160K)->341853K(348160K)
[1855.447s][info ][gc,metaspace   ] GC(92) Metaspace: 111145K(112448K)->111145K(112448K) NonClass: 94623K(95360K)->94623K(95360K) Class: 16522K(17088K)->16522K(17088K)
[1855.447s][info ][gc             ] GC(92) Pause Young (Allocation Failure) 2371M->338M(2381M) 5.813ms
[1855.447s][info ][gc,cpu         ] GC(92) User=0.02s Sys=0.00s Real=0.01s
[1855.447s][info ][safepoint      ] Safepoint "ParallelGCFailedAllocation", Time since last: 3992040236 ns, Reaching safepoint: 85203 ns, Cleanup: 4700 ns, At safepoint: 5911076 ns, Total: 6000979 ns
[1864.852s][info ][safepoint      ] Safepoint "Cleanup", Time since last: 9405390807 ns, Reaching safepoint: 91802 ns, Cleanup: 10101 ns, At safepoint: 11300 ns, Total: 113203 ns
[1865.852s][info ][safepoint      ] Safepoint "Cleanup", Time since last: 1000155345 ns, Reaching safepoint: 90303 ns, Cleanup: 15500 ns, At safepoint: 10101 ns, Total: 115904 ns
[1868.853s][info ][safepoint      ] Safepoint "Cleanup", Time since last: 3000305135 ns, Reaching safepoint: 89503 ns, Cleanup: 12100 ns, At safepoint: 8300 ns, Total: 109903 ns
[1870.853s][info ][safepoint      ] Safepoint "Cleanup", Time since last: 2000212457 ns, Reaching safepoint: 90603 ns, Cleanup: 13101 ns, At safepoint: 8400 ns, Total: 112104 ns
[1871.853s][info ][safepoint      ] Safepoint "Cleanup", Time since last: 1000106378 ns, Reaching safepoint: 92703 ns, Cleanup: 12900 ns, At safepoint: 8601 ns, Total: 114204 ns
[1872.854s][info ][safepoint      ] Safepoint "Cleanup", Time since last: 1000282384 ns, Reaching safepoint: 87702 ns, Cleanup: 12101 ns, At safepoint: 7800 ns, Total: 107603 ns
[1876.854s][info ][safepoint      ] Safepoint "Cleanup", Time since last: 4000406167 ns, Reaching safepoint: 98903 ns, Cleanup: 12000 ns, At safepoint: 8100 ns, Total: 119003 ns
[1877.854s][info ][safepoint      ] Safepoint "Cleanup", Time since last: 1000129226 ns, Reaching safepoint: 88303 ns, Cleanup: 13400 ns, At safepoint: 8400 ns, Total: 110103 ns
[1881.144s][info ][gc,start       ] GC(93) Pause Young (Allocation Failure)
[1881.148s][debug][gc,phases      ] GC(93) Scavenge 4.747ms
[1881.149s][debug][gc,ref         ] GC(93) ReferenceProcessor::execute queues: 1, RefProcThreadModel::Single, marks_oops_alive: false
[1881.149s][debug][gc,ref         ] GC(93) Skipped KeepAliveFinalRefsPhase of Reference Processing: no references
[1881.149s][debug][gc,ref         ] GC(93) ReferenceProcessor::execute queues: 1, RefProcThreadModel::Single, marks_oops_alive: false
[1881.149s][debug][gc,phases      ] GC(93) Reference Processing 0.140ms
[1881.149s][debug][gc,phases      ] GC(93)   VM Weak                        Min:  0.0, Avg:  0.0, Max:  0.0, Diff:  0.0, Sum:  0.0, Workers: 4
[1881.149s][debug][gc,phases      ] GC(93)     Dead                           Min: 0, Avg:  0.0, Max: 0, Diff: 0, Sum: 0, Workers: 4
[1881.149s][debug][gc,phases      ] GC(93)     Total                          Min: 0, Avg: 260.0, Max: 528, Diff: 528, Sum: 1040, Workers: 4
[1881.149s][debug][gc,phases      ] GC(93)   ObjectSynchronizer Weak        Min:  0.0, Avg:  0.0, Max:  0.0, Diff:  0.0, Sum:  0.0, Workers: 4
[1881.149s][debug][gc,phases      ] GC(93)     Dead                           Min: 0, Avg:  0.0, Max: 0, Diff: 0, Sum: 0, Workers: 4
[1881.149s][debug][gc,phases      ] GC(93)     Total                          Min: 0, Avg:  1.0, Max: 4, Diff: 4, Sum: 4, Workers: 4
[1881.149s][debug][gc,phases      ] GC(93)   JVMTI Tag Weak OopStorage      Min:  0.0, Avg:  0.0, Max:  0.0, Diff:  0.0, Sum:  0.0, Workers: 4
[1881.149s][debug][gc,phases      ] GC(93)     Dead                           Min: 0, Avg:  0.0, Max: 0, Diff: 0, Sum: 0, Workers: 4
[1881.149s][debug][gc,phases      ] GC(93)     Total                          Min: 0, Avg:  0.0, Max: 0, Diff: 0, Sum: 0, Workers: 4
[1881.149s][debug][gc,phases      ] GC(93)   StringTable Weak               Min:  0.0, Avg:  0.1, Max:  0.2, Diff:  0.2, Sum:  0.5, Workers: 4
[1881.149s][debug][gc,phases      ] GC(93)     Dead                           Min: 0, Avg:  0.2, Max: 1, Diff: 1, Sum: 1, Workers: 4
[1881.149s][debug][gc,phases      ] GC(93)     Total                          Min: 0, Avg: 11911.8, Max: 23935, Diff: 23935, Sum: 47647, Workers: 4
[1881.149s][debug][gc,phases      ] GC(93)   ResolvedMethodTable Weak       Min:  0.0, Avg:  0.0, Max:  0.1, Diff:  0.1, Sum:  0.2, Workers: 4
[1881.149s][debug][gc,phases      ] GC(93)     Dead                           Min: 0, Avg:  4.0, Max: 9, Diff: 9, Sum: 16, Workers: 4
[1881.149s][debug][gc,phases      ] GC(93)     Total                          Min: 0, Avg: 3901.0, Max: 8087, Diff: 8087, Sum: 15604, Workers: 4
[1881.149s][debug][gc,phases      ] GC(93)   JNI Weak                       Min:  0.0, Avg:  0.0, Max:  0.0, Diff:  0.0, Sum:  0.0, Workers: 4
[1881.149s][debug][gc,phases      ] GC(93)     Dead                           Min: 0, Avg:  0.0, Max: 0, Diff: 0, Sum: 0, Workers: 4
[1881.149s][debug][gc,phases      ] GC(93)     Total                          Min: 0, Avg: 13.0, Max: 52, Diff: 52, Sum: 52, Workers: 4
[1881.149s][debug][gc,phases      ] GC(93)   StringDedup Table Weak         Min:  0.0, Avg:  0.0, Max:  0.0, Diff:  0.0, Sum:  0.0, Workers: 4
[1881.149s][debug][gc,phases      ] GC(93)     Dead                           Min: 0, Avg:  0.0, Max: 0, Diff: 0, Sum: 0, Workers: 4
[1881.149s][debug][gc,phases      ] GC(93)     Total                          Min: 0, Avg:  0.0, Max: 0, Diff: 0, Sum: 0, Workers: 4
[1881.149s][debug][gc,phases      ] GC(93)   StringDedup Requests0 Weak     Min:  0.0, Avg:  0.0, Max:  0.0, Diff:  0.0, Sum:  0.0, Workers: 4
[1881.149s][debug][gc,phases      ] GC(93)     Dead                           Min: 0, Avg:  0.0, Max: 0, Diff: 0, Sum: 0, Workers: 4
[1881.149s][debug][gc,phases      ] GC(93)     Total                          Min: 0, Avg:  0.0, Max: 0, Diff: 0, Sum: 0, Workers: 4
[1881.149s][debug][gc,phases      ] GC(93)   StringDedup Requests1 Weak     Min:  0.0, Avg:  0.0, Max:  0.0, Diff:  0.0, Sum:  0.0, Workers: 4
[1881.149s][debug][gc,phases      ] GC(93)     Dead                           Min: 0, Avg:  0.0, Max: 0, Diff: 0, Sum: 0, Workers: 4
[1881.149s][debug][gc,phases      ] GC(93)     Total                          Min: 0, Avg:  0.0, Max: 0, Diff: 0, Sum: 0, Workers: 4
[1881.149s][debug][gc,phases      ] GC(93)   Weak JFR Old Object Samples    Min:  0.0, Avg:  0.0, Max:  0.0, Diff:  0.0, Sum:  0.0, Workers: 4
[1881.149s][debug][gc,phases      ] GC(93)     Dead                           Min: 0, Avg:  0.0, Max: 0, Diff: 0, Sum: 0, Workers: 4
[1881.149s][debug][gc,phases      ] GC(93)     Total                          Min: 0, Avg:  0.0, Max: 0, Diff: 0, Sum: 0, Workers: 4
[1881.149s][debug][gc,phases      ] GC(93) Weak Processing 0.604ms
[1881.149s][debug][gc,age         ] GC(93) Desired survivor size 6291456 bytes, new threshold 1 (max threshold 15)
[1881.149s][info ][gc,heap        ] GC(93) PSYoungGen: 2088226K(2090496K)->4416K(2091008K) Eden: 2083840K(2083840K)->0K(2084352K) From: 4386K(6656K)->4416K(6656K)
[1881.149s][info ][gc,heap        ] GC(93) ParOldGen: 341853K(348160K)->342904K(348160K)
[1881.149s][info ][gc,metaspace   ] GC(93) Metaspace: 111154K(112448K)->111154K(112448K) NonClass: 94631K(95360K)->94631K(95360K) Class: 16523K(17088K)->16523K(17088K)
[1881.149s][info ][gc             ] GC(93) Pause Young (Allocation Failure) 2373M->339M(2382M) 5.671ms
[1881.149s][info ][gc,cpu         ] GC(93) User=0.02s Sys=0.00s Real=0.01s
[1881.149s][info ][safepoint      ] Safepoint "ParallelGCFailedAllocation", Time since last: 3289030613 ns, Reaching safepoint: 83403 ns, Cleanup: 5000 ns, At safepoint: 5795173 ns, Total: 5883576 ns
[1883.150s][info ][safepoint      ] Safepoint "Cleanup", Time since last: 2000199387 ns, Reaching safepoint: 88902 ns, Cleanup: 17201 ns, At safepoint: 8600 ns, Total: 114703 ns
[1888.150s][info ][safepoint      ] Safepoint "Cleanup", Time since last: 5000462291 ns, Reaching safepoint: 84303 ns, Cleanup: 27701 ns, At safepoint: 8500 ns, Total: 120504 ns
[1889.151s][info ][safepoint      ] Safepoint "Cleanup", Time since last: 1000147990 ns, Reaching safepoint: 295709 ns, Cleanup: 11500 ns, At safepoint: 6700 ns, Total: 313909 ns
[1891.151s][info ][safepoint      ] Safepoint "Cleanup", Time since last: 2000224192 ns, Reaching safepoint: 89403 ns, Cleanup: 19101 ns, At safepoint: 8300 ns, Total: 116804 ns
[1892.156s][info ][safepoint      ] Safepoint "Cleanup", Time since last: 1000193046 ns, Reaching safepoint: 4548736 ns, Cleanup: 17601 ns, At safepoint: 12500 ns, Total: 4578837 ns
[1896.156s][info ][safepoint      ] Safepoint "Cleanup", Time since last: 4000386374 ns, Reaching safepoint: 80802 ns, Cleanup: 10801 ns, At safepoint: 6400 ns, Total: 98003 ns
[1899.157s][info ][safepoint      ] Safepoint "Cleanup", Time since last: 3000951431 ns, Reaching safepoint: 80802 ns, Cleanup: 14901 ns, At safepoint: 6300 ns, Total: 102003 ns
[1900.158s][info ][safepoint      ] Safepoint "Cleanup", Time since last: 1000134832 ns, Reaching safepoint: 89003 ns, Cleanup: 15000 ns, At safepoint: 8200 ns, Total: 112203 ns
[1904.158s][info ][safepoint      ] Safepoint "Cleanup", Time since last: 4000474727 ns, Reaching safepoint: 90303 ns, Cleanup: 13000 ns, At safepoint: 11300 ns, Total: 114603 ns
[1908.153s][info ][gc,start       ] GC(94) Pause Young (Allocation Failure)
[1908.168s][debug][gc,phases      ] GC(94) Scavenge 14.705ms
[1908.168s][debug][gc,ref         ] GC(94) ReferenceProcessor::execute queues: 1, RefProcThreadModel::Single, marks_oops_alive: false
[1908.168s][debug][gc,ref         ] GC(94) Skipped KeepAliveFinalRefsPhase of Reference Processing: no references
[1908.168s][debug][gc,ref         ] GC(94) ReferenceProcessor::execute queues: 1, RefProcThreadModel::Single, marks_oops_alive: false
[1908.168s][debug][gc,phases      ] GC(94) Reference Processing 0.143ms
[1908.168s][debug][gc,phases      ] GC(94)   VM Weak                        Min:  0.0, Avg:  0.0, Max:  0.0, Diff:  0.0, Sum:  0.0, Workers: 4
[1908.168s][debug][gc,phases      ] GC(94)     Dead                           Min: 0, Avg:  0.0, Max: 0, Diff: 0, Sum: 0, Workers: 4
[1908.168s][debug][gc,phases      ] GC(94)     Total                          Min: 0, Avg: 260.0, Max: 640, Diff: 640, Sum: 1040, Workers: 4
[1908.168s][debug][gc,phases      ] GC(94)   ObjectSynchronizer Weak        Min:  0.0, Avg:  0.0, Max:  0.0, Diff:  0.0, Sum:  0.0, Workers: 4
[1908.168s][debug][gc,phases      ] GC(94)     Dead                           Min: 0, Avg:  0.0, Max: 0, Diff: 0, Sum: 0, Workers: 4
[1908.168s][debug][gc,phases      ] GC(94)     Total                          Min: 0, Avg:  1.0, Max: 4, Diff: 4, Sum: 4, Workers: 4
[1908.168s][debug][gc,phases      ] GC(94)   JVMTI Tag Weak OopStorage      Min:  0.0, Avg:  0.0, Max:  0.0, Diff:  0.0, Sum:  0.0, Workers: 4
[1908.168s][debug][gc,phases      ] GC(94)     Dead                           Min: 0, Avg:  0.0, Max: 0, Diff: 0, Sum: 0, Workers: 4
[1908.168s][debug][gc,phases      ] GC(94)     Total                          Min: 0, Avg:  0.0, Max: 0, Diff: 0, Sum: 0, Workers: 4
[1908.168s][debug][gc,phases      ] GC(94)   StringTable Weak               Min:  0.0, Avg:  0.1, Max:  0.2, Diff:  0.2, Sum:  0.5, Workers: 4
[1908.168s][debug][gc,phases      ] GC(94)     Dead                           Min: 0, Avg:  0.2, Max: 1, Diff: 1, Sum: 1, Workers: 4
[1908.168s][debug][gc,phases      ] GC(94)     Total                          Min: 0, Avg: 11921.8, Max: 24200, Diff: 24200, Sum: 47687, Workers: 4
[1908.168s][debug][gc,phases      ] GC(94)   ResolvedMethodTable Weak       Min:  0.0, Avg:  0.0, Max:  0.1, Diff:  0.1, Sum:  0.2, Workers: 4
[1908.168s][debug][gc,phases      ] GC(94)     Dead                           Min: 0, Avg:  4.0, Max: 16, Diff: 16, Sum: 16, Workers: 4
[1908.168s][debug][gc,phases      ] GC(94)     Total                          Min: 0, Avg: 3902.2, Max: 8275, Diff: 8275, Sum: 15609, Workers: 4
[1908.168s][debug][gc,phases      ] GC(94)   JNI Weak                       Min:  0.0, Avg:  0.0, Max:  0.0, Diff:  0.0, Sum:  0.0, Workers: 4
[1908.168s][debug][gc,phases      ] GC(94)     Dead                           Min: 0, Avg:  0.0, Max: 0, Diff: 0, Sum: 0, Workers: 4
[1908.168s][debug][gc,phases      ] GC(94)     Total                          Min: 0, Avg: 13.0, Max: 48, Diff: 48, Sum: 52, Workers: 4
[1908.168s][debug][gc,phases      ] GC(94)   StringDedup Table Weak         Min:  0.0, Avg:  0.0, Max:  0.0, Diff:  0.0, Sum:  0.0, Workers: 4
[1908.168s][debug][gc,phases      ] GC(94)     Dead                           Min: 0, Avg:  0.0, Max: 0, Diff: 0, Sum: 0, Workers: 4
[1908.168s][debug][gc,phases      ] GC(94)     Total                          Min: 0, Avg:  0.0, Max: 0, Diff: 0, Sum: 0, Workers: 4
[1908.168s][debug][gc,phases      ] GC(94)   StringDedup Requests0 Weak     Min:  0.0, Avg:  0.0, Max:  0.0, Diff:  0.0, Sum:  0.0, Workers: 4
[1908.169s][debug][gc,phases      ] GC(94)     Dead                           Min: 0, Avg:  0.0, Max: 0, Diff: 0, Sum: 0, Workers: 4
[1908.169s][debug][gc,phases      ] GC(94)     Total                          Min: 0, Avg:  0.0, Max: 0, Diff: 0, Sum: 0, Workers: 4
[1908.169s][debug][gc,phases      ] GC(94)   StringDedup Requests1 Weak     Min:  0.0, Avg:  0.0, Max:  0.0, Diff:  0.0, Sum:  0.0, Workers: 4
[1908.169s][debug][gc,phases      ] GC(94)     Dead                           Min: 0, Avg:  0.0, Max: 0, Diff: 0, Sum: 0, Workers: 4
[1908.169s][debug][gc,phases      ] GC(94)     Total                          Min: 0, Avg:  0.0, Max: 0, Diff: 0, Sum: 0, Workers: 4
[1908.169s][debug][gc,phases      ] GC(94)   Weak JFR Old Object Samples    Min:  0.0, Avg:  0.0, Max:  0.0, Diff:  0.0, Sum:  0.0, Workers: 4
[1908.169s][debug][gc,phases      ] GC(94)     Dead                           Min: 0, Avg:  0.0, Max: 0, Diff: 0, Sum: 0, Workers: 4
[1908.169s][debug][gc,phases      ] GC(94)     Total                          Min: 0, Avg:  0.0, Max: 0, Diff: 0, Sum: 0, Workers: 4
[1908.169s][debug][gc,phases      ] GC(94) Weak Processing 0.610ms
[1908.169s][debug][gc,age         ] GC(94) Desired survivor size 6291456 bytes, new threshold 1 (max threshold 15)
[1908.169s][info ][gc,heap        ] GC(94) PSYoungGen: 2088768K(2091008K)->3920K(2090496K) Eden: 2084352K(2084352K)->0K(2084352K) From: 4416K(6656K)->3920K(6144K)
[1908.169s][info ][gc,heap        ] GC(94) ParOldGen: 342904K(348160K)->344320K(348160K)
[1908.169s][info ][gc,metaspace   ] GC(94) Metaspace: 111187K(112512K)->111187K(112512K) NonClass: 94660K(95424K)->94660K(95424K) Class: 16526K(17088K)->16526K(17088K)
[1908.169s][info ][gc             ] GC(94) Pause Young (Allocation Failure) 2374M->340M(2381M) 15.632ms
[1908.169s][info ][gc,cpu         ] GC(94) User=0.01s Sys=0.00s Real=0.01s
[1908.169s][info ][safepoint      ] Safepoint "ParallelGCFailedAllocation", Time since last: 3993154657 ns, Reaching safepoint: 1545246 ns, Cleanup: 10500 ns, At safepoint: 15744065 ns, Total: 17299811 ns
[1919.170s][info ][safepoint      ] Safepoint "Cleanup", Time since last: 11000875671 ns, Reaching safepoint: 12300 ns, Cleanup: 16601 ns, At safepoint: 2900 ns, Total: 31801 ns
[1923.876s][info ][safepoint      ] Safepoint "Cleanup", Time since last: 4706775435 ns, Reaching safepoint: 80403 ns, Cleanup: 12500 ns, At safepoint: 9301 ns, Total: 102204 ns
[1930.877s][info ][safepoint      ] Safepoint "Cleanup", Time since last: 7000620349 ns, Reaching safepoint: 10801 ns, Cleanup: 18600 ns, At safepoint: 3500 ns, Total: 32901 ns
[1933.877s][info ][safepoint      ] Safepoint "Cleanup", Time since last: 3000334229 ns, Reaching safepoint: 12100 ns, Cleanup: 13101 ns, At safepoint: 2500 ns, Total: 27701 ns
[1933.971s][info ][gc,start       ] GC(95) Pause Young (Allocation Failure)
[1933.975s][debug][gc,phases      ] GC(95) Scavenge 4.577ms
[1933.975s][debug][gc,ref         ] GC(95) ReferenceProcessor::execute queues: 1, RefProcThreadModel::Single, marks_oops_alive: false
[1933.975s][debug][gc,ref         ] GC(95) Skipped KeepAliveFinalRefsPhase of Reference Processing: no references
[1933.975s][debug][gc,ref         ] GC(95) Skipped PhantomRefsPhase of Reference Processing: no references
[1933.975s][debug][gc,phases      ] GC(95) Reference Processing 0.123ms
[1933.976s][debug][gc,phases      ] GC(95)   VM Weak                        Min:  0.0, Avg:  0.0, Max:  0.0, Diff:  0.0, Sum:  0.0, Workers: 4
[1933.976s][debug][gc,phases      ] GC(95)     Dead                           Min: 0, Avg:  0.0, Max: 0, Diff: 0, Sum: 0, Workers: 4
[1933.976s][debug][gc,phases      ] GC(95)     Total                          Min: 0, Avg: 260.0, Max: 720, Diff: 720, Sum: 1040, Workers: 4
[1933.976s][debug][gc,phases      ] GC(95)   ObjectSynchronizer Weak        Min:  0.0, Avg:  0.0, Max:  0.0, Diff:  0.0, Sum:  0.0, Workers: 4
[1933.976s][debug][gc,phases      ] GC(95)     Dead                           Min: 0, Avg:  0.0, Max: 0, Diff: 0, Sum: 0, Workers: 4
[1933.976s][debug][gc,phases      ] GC(95)     Total                          Min: 0, Avg:  1.0, Max: 4, Diff: 4, Sum: 4, Workers: 4
[1933.976s][debug][gc,phases      ] GC(95)   JVMTI Tag Weak OopStorage      Min:  0.0, Avg:  0.0, Max:  0.0, Diff:  0.0, Sum:  0.0, Workers: 4
[1933.976s][debug][gc,phases      ] GC(95)     Dead                           Min: 0, Avg:  0.0, Max: 0, Diff: 0, Sum: 0, Workers: 4
[1933.976s][debug][gc,phases      ] GC(95)     Total                          Min: 0, Avg:  0.0, Max: 0, Diff: 0, Sum: 0, Workers: 4
[1933.976s][debug][gc,phases      ] GC(95)   StringTable Weak               Min:  0.0, Avg:  0.1, Max:  0.2, Diff:  0.2, Sum:  0.5, Workers: 4
[1933.976s][debug][gc,phases      ] GC(95)     Dead                           Min: 0, Avg:  0.0, Max: 0, Diff: 0, Sum: 0, Workers: 4
[1933.976s][debug][gc,phases      ] GC(95)     Total                          Min: 0, Avg: 11921.8, Max: 17344, Diff: 17344, Sum: 47687, Workers: 4
[1933.976s][debug][gc,phases      ] GC(95)   ResolvedMethodTable Weak       Min:  0.0, Avg:  0.0, Max:  0.1, Diff:  0.1, Sum:  0.2, Workers: 4
[1933.976s][debug][gc,phases      ] GC(95)     Dead                           Min: 0, Avg:  4.0, Max: 16, Diff: 16, Sum: 16, Workers: 4
[1933.976s][debug][gc,phases      ] GC(95)     Total                          Min: 0, Avg: 3902.2, Max: 5952, Diff: 5952, Sum: 15609, Workers: 4
[1933.976s][debug][gc,phases      ] GC(95)   JNI Weak                       Min:  0.0, Avg:  0.0, Max:  0.0, Diff:  0.0, Sum:  0.0, Workers: 4
[1933.976s][debug][gc,phases      ] GC(95)     Dead                           Min: 0, Avg:  0.0, Max: 0, Diff: 0, Sum: 0, Workers: 4
[1933.976s][debug][gc,phases      ] GC(95)     Total                          Min: 0, Avg: 13.0, Max: 48, Diff: 48, Sum: 52, Workers: 4
[1933.976s][debug][gc,phases      ] GC(95)   StringDedup Table Weak         Min:  0.0, Avg:  0.0, Max:  0.0, Diff:  0.0, Sum:  0.0, Workers: 4
[1933.976s][debug][gc,phases      ] GC(95)     Dead                           Min: 0, Avg:  0.0, Max: 0, Diff: 0, Sum: 0, Workers: 4
[1933.976s][debug][gc,phases      ] GC(95)     Total                          Min: 0, Avg:  0.0, Max: 0, Diff: 0, Sum: 0, Workers: 4
[1933.976s][debug][gc,phases      ] GC(95)   StringDedup Requests0 Weak     Min:  0.0, Avg:  0.0, Max:  0.0, Diff:  0.0, Sum:  0.0, Workers: 4
[1933.976s][debug][gc,phases      ] GC(95)     Dead                           Min: 0, Avg:  0.0, Max: 0, Diff: 0, Sum: 0, Workers: 4
[1933.976s][debug][gc,phases      ] GC(95)     Total                          Min: 0, Avg:  0.0, Max: 0, Diff: 0, Sum: 0, Workers: 4
[1933.976s][debug][gc,phases      ] GC(95)   StringDedup Requests1 Weak     Min:  0.0, Avg:  0.0, Max:  0.0, Diff:  0.0, Sum:  0.0, Workers: 4
[1933.976s][debug][gc,phases      ] GC(95)     Dead                           Min: 0, Avg:  0.0, Max: 0, Diff: 0, Sum: 0, Workers: 4
[1933.976s][debug][gc,phases      ] GC(95)     Total                          Min: 0, Avg:  0.0, Max: 0, Diff: 0, Sum: 0, Workers: 4
[1933.976s][debug][gc,phases      ] GC(95)   Weak JFR Old Object Samples    Min:  0.0, Avg:  0.0, Max:  0.0, Diff:  0.0, Sum:  0.0, Workers: 4
[1933.976s][debug][gc,phases      ] GC(95)     Dead                           Min: 0, Avg:  0.0, Max: 0, Diff: 0, Sum: 0, Workers: 4
[1933.976s][debug][gc,phases      ] GC(95)     Total                          Min: 0, Avg:  0.0, Max: 0, Diff: 0, Sum: 0, Workers: 4
[1933.976s][debug][gc,phases      ] GC(95) Weak Processing 0.490ms
[1933.976s][debug][gc,age         ] GC(95) Desired survivor size 6291456 bytes, new threshold 1 (max threshold 15)
[1933.976s][info ][gc,heap        ] GC(95) PSYoungGen: 2088272K(2090496K)->4355K(2091008K) Eden: 2084352K(2084352K)->0K(2084864K) From: 3920K(6144K)->4355K(6144K)
[1933.976s][info ][gc,heap        ] GC(95) ParOldGen: 344320K(348160K)->345240K(348160K)
[1933.976s][info ][gc,metaspace   ] GC(95) Metaspace: 111200K(112512K)->111200K(112512K) NonClass: 94674K(95424K)->94674K(95424K) Class: 16526K(17088K)->16526K(17088K)
[1933.976s][info ][gc             ] GC(95) Pause Young (Allocation Failure) 2375M->341M(2382M) 5.342ms
[1933.976s][info ][gc,cpu         ] GC(95) User=0.01s Sys=0.00s Real=0.01s
[1933.976s][info ][safepoint      ] Safepoint "ParallelGCFailedAllocation", Time since last: 92954919 ns, Reaching safepoint: 8400 ns, Cleanup: 4001 ns, At safepoint: 5431170 ns, Total: 5443571 ns
[1935.976s][info ][safepoint      ] Safepoint "Cleanup", Time since last: 2000165091 ns, Reaching safepoint: 10000 ns, Cleanup: 18101 ns, At safepoint: 2900 ns, Total: 31001 ns
[1937.976s][info ][safepoint      ] Safepoint "Cleanup", Time since last: 2000188998 ns, Reaching safepoint: 9600 ns, Cleanup: 15801 ns, At safepoint: 3100 ns, Total: 28501 ns
[1939.977s][info ][safepoint      ] Safepoint "Cleanup", Time since last: 2000214541 ns, Reaching safepoint: 12100 ns, Cleanup: 16201 ns, At safepoint: 2800 ns, Total: 31101 ns
[1942.977s][info ][safepoint      ] Safepoint "Cleanup", Time since last: 3000324961 ns, Reaching safepoint: 10901 ns, Cleanup: 15300 ns, At safepoint: 3600 ns, Total: 29801 ns
[1958.691s][info ][gc,start       ] GC(96) Pause Young (Allocation Failure)
[1958.697s][debug][gc,phases      ] GC(96) Scavenge 5.597ms
[1958.697s][debug][gc,ref         ] GC(96) ReferenceProcessor::execute queues: 1, RefProcThreadModel::Single, marks_oops_alive: false
[1958.697s][debug][gc,ref         ] GC(96) Skipped KeepAliveFinalRefsPhase of Reference Processing: no references
[1958.697s][debug][gc,ref         ] GC(96) Skipped PhantomRefsPhase of Reference Processing: no references
[1958.697s][debug][gc,phases      ] GC(96) Reference Processing 0.135ms
[1958.697s][debug][gc,phases      ] GC(96)   VM Weak                        Min:  0.0, Avg:  0.0, Max:  0.0, Diff:  0.0, Sum:  0.0, Workers: 4
[1958.697s][debug][gc,phases      ] GC(96)     Dead                           Min: 0, Avg:  0.0, Max: 0, Diff: 0, Sum: 0, Workers: 4
[1958.697s][debug][gc,phases      ] GC(96)     Total                          Min: 0, Avg: 260.0, Max: 1040, Diff: 1040, Sum: 1040, Workers: 4
[1958.697s][debug][gc,phases      ] GC(96)   ObjectSynchronizer Weak        Min:  0.0, Avg:  0.0, Max:  0.0, Diff:  0.0, Sum:  0.0, Workers: 4
[1958.697s][debug][gc,phases      ] GC(96)     Dead                           Min: 0, Avg:  0.0, Max: 0, Diff: 0, Sum: 0, Workers: 4
[1958.697s][debug][gc,phases      ] GC(96)     Total                          Min: 0, Avg:  1.0, Max: 4, Diff: 4, Sum: 4, Workers: 4
[1958.697s][debug][gc,phases      ] GC(96)   JVMTI Tag Weak OopStorage      Min:  0.0, Avg:  0.0, Max:  0.0, Diff:  0.0, Sum:  0.0, Workers: 4
[1958.697s][debug][gc,phases      ] GC(96)     Dead                           Min: 0, Avg:  0.0, Max: 0, Diff: 0, Sum: 0, Workers: 4
[1958.697s][debug][gc,phases      ] GC(96)     Total                          Min: 0, Avg:  0.0, Max: 0, Diff: 0, Sum: 0, Workers: 4
[1958.697s][debug][gc,phases      ] GC(96)   StringTable Weak               Min:  0.0, Avg:  0.1, Max:  0.3, Diff:  0.3, Sum:  0.5, Workers: 4
[1958.697s][debug][gc,phases      ] GC(96)     Dead                           Min: 0, Avg:  0.0, Max: 0, Diff: 0, Sum: 0, Workers: 4
[1958.697s][debug][gc,phases      ] GC(96)     Total                          Min: 0, Avg: 11921.8, Max: 29832, Diff: 29832, Sum: 47687, Workers: 4
[1958.697s][debug][gc,phases      ] GC(96)   ResolvedMethodTable Weak       Min:  0.0, Avg:  0.0, Max:  0.1, Diff:  0.1, Sum:  0.2, Workers: 4
[1958.697s][debug][gc,phases      ] GC(96)     Dead                           Min: 0, Avg:  4.0, Max: 16, Diff: 16, Sum: 16, Workers: 4
[1958.697s][debug][gc,phases      ] GC(96)     Total                          Min: 0, Avg: 3902.2, Max: 7931, Diff: 7931, Sum: 15609, Workers: 4
[1958.697s][debug][gc,phases      ] GC(96)   JNI Weak                       Min:  0.0, Avg:  0.0, Max:  0.0, Diff:  0.0, Sum:  0.0, Workers: 4
[1958.697s][debug][gc,phases      ] GC(96)     Dead                           Min: 0, Avg:  0.0, Max: 0, Diff: 0, Sum: 0, Workers: 4
[1958.697s][debug][gc,phases      ] GC(96)     Total                          Min: 0, Avg: 13.0, Max: 48, Diff: 48, Sum: 52, Workers: 4
[1958.697s][debug][gc,phases      ] GC(96)   StringDedup Table Weak         Min:  0.0, Avg:  0.0, Max:  0.0, Diff:  0.0, Sum:  0.0, Workers: 4
[1958.697s][debug][gc,phases      ] GC(96)     Dead                           Min: 0, Avg:  0.0, Max: 0, Diff: 0, Sum: 0, Workers: 4
[1958.697s][debug][gc,phases      ] GC(96)     Total                          Min: 0, Avg:  0.0, Max: 0, Diff: 0, Sum: 0, Workers: 4
[1958.698s][debug][gc,phases      ] GC(96)   StringDedup Requests0 Weak     Min:  0.0, Avg:  0.0, Max:  0.0, Diff:  0.0, Sum:  0.0, Workers: 4
[1958.698s][debug][gc,phases      ] GC(96)     Dead                           Min: 0, Avg:  0.0, Max: 0, Diff: 0, Sum: 0, Workers: 4
[1958.698s][debug][gc,phases      ] GC(96)     Total                          Min: 0, Avg:  0.0, Max: 0, Diff: 0, Sum: 0, Workers: 4
[1958.698s][debug][gc,phases      ] GC(96)   StringDedup Requests1 Weak     Min:  0.0, Avg:  0.0, Max:  0.0, Diff:  0.0, Sum:  0.0, Workers: 4
[1958.698s][debug][gc,phases      ] GC(96)     Dead                           Min: 0, Avg:  0.0, Max: 0, Diff: 0, Sum: 0, Workers: 4
[1958.698s][debug][gc,phases      ] GC(96)     Total                          Min: 0, Avg:  0.0, Max: 0, Diff: 0, Sum: 0, Workers: 4
[1958.698s][debug][gc,phases      ] GC(96)   Weak JFR Old Object Samples    Min:  0.0, Avg:  0.0, Max:  0.0, Diff:  0.0, Sum:  0.0, Workers: 4
[1958.698s][debug][gc,phases      ] GC(96)     Dead                           Min: 0, Avg:  0.0, Max: 0, Diff: 0, Sum: 0, Workers: 4
[1958.698s][debug][gc,phases      ] GC(96)     Total                          Min: 0, Avg:  0.0, Max: 0, Diff: 0, Sum: 0, Workers: 4
[1958.698s][debug][gc,phases      ] GC(96) Weak Processing 0.706ms
[1958.698s][debug][gc,age         ] GC(96) Desired survivor size 6291456 bytes, new threshold 1 (max threshold 15)
[1958.698s][info ][gc,heap        ] GC(96) PSYoungGen: 2089219K(2091008K)->4732K(2091008K) Eden: 2084864K(2084864K)->0K(2084864K) From: 4355K(6144K)->4732K(6144K)
[1958.698s][info ][gc,heap        ] GC(96) ParOldGen: 345240K(348160K)->346225K(348160K)
[1958.698s][info ][gc,metaspace   ] GC(96) Metaspace: 111202K(112512K)->111202K(112512K) NonClass: 94676K(95424K)->94676K(95424K) Class: 16526K(17088K)->16526K(17088K)
[1958.698s][info ][gc             ] GC(96) Pause Young (Allocation Failure) 2377M->342M(2382M) 6.610ms
[1958.698s][info ][gc,cpu         ] GC(96) User=0.01s Sys=0.01s Real=0.01s
[1958.698s][info ][safepoint      ] Safepoint "ParallelGCFailedAllocation", Time since last: 15713942053 ns, Reaching safepoint: 87902 ns, Cleanup: 6001 ns, At safepoint: 6751705 ns, Total: 6845608 ns
[1961.698s][info ][safepoint      ] Safepoint "Cleanup", Time since last: 3000242824 ns, Reaching safepoint: 78803 ns, Cleanup: 13000 ns, At safepoint: 6500 ns, Total: 98303 ns
[1967.699s][info ][safepoint      ] Safepoint "Cleanup", Time since last: 6000562124 ns, Reaching safepoint: 82603 ns, Cleanup: 10700 ns, At safepoint: 34601 ns, Total: 127904 ns
[1976.700s][info ][safepoint      ] Safepoint "Cleanup", Time since last: 9000992674 ns, Reaching safepoint: 86003 ns, Cleanup: 12500 ns, At safepoint: 8401 ns, Total: 106904 ns
[1978.700s][info ][safepoint      ] Safepoint "Cleanup", Time since last: 2000242493 ns, Reaching safepoint: 89504 ns, Cleanup: 14201 ns, At safepoint: 9200 ns, Total: 112905 ns
[1980.900s][info ][safepoint      ] Safepoint "Cleanup", Time since last: 2199587581 ns, Reaching safepoint: 78104 ns, Cleanup: 10300 ns, At safepoint: 8400 ns, Total: 96804 ns
[1981.900s][info ][safepoint      ] Safepoint "Cleanup", Time since last: 1000176152 ns, Reaching safepoint: 93403 ns, Cleanup: 13801 ns, At safepoint: 8100 ns, Total: 115304 ns
[1982.900s][info ][safepoint      ] Safepoint "Cleanup", Time since last: 1000141807 ns, Reaching safepoint: 85603 ns, Cleanup: 11300 ns, At safepoint: 7600 ns, Total: 104503 ns
[1983.261s][info ][gc,start       ] GC(97) Pause Young (Allocation Failure)
[1983.269s][debug][gc,phases      ] GC(97) Scavenge 8.624ms
[1983.270s][debug][gc,ref         ] GC(97) ReferenceProcessor::execute queues: 1, RefProcThreadModel::Single, marks_oops_alive: false
[1983.270s][debug][gc,ref         ] GC(97) Skipped KeepAliveFinalRefsPhase of Reference Processing: no references
[1983.270s][debug][gc,ref         ] GC(97) Skipped PhantomRefsPhase of Reference Processing: no references
[1983.270s][debug][gc,phases      ] GC(97) Reference Processing 0.114ms
[1983.270s][debug][gc,phases      ] GC(97)   VM Weak                        Min:  0.0, Avg:  0.0, Max:  0.0, Diff:  0.0, Sum:  0.0, Workers: 4
[1983.270s][debug][gc,phases      ] GC(97)     Dead                           Min: 0, Avg:  0.0, Max: 0, Diff: 0, Sum: 0, Workers: 4
[1983.270s][debug][gc,phases      ] GC(97)     Total                          Min: 0, Avg: 260.0, Max: 768, Diff: 768, Sum: 1040, Workers: 4
[1983.270s][debug][gc,phases      ] GC(97)   ObjectSynchronizer Weak        Min:  0.0, Avg:  0.0, Max:  0.0, Diff:  0.0, Sum:  0.0, Workers: 4
[1983.270s][debug][gc,phases      ] GC(97)     Dead                           Min: 0, Avg:  0.0, Max: 0, Diff: 0, Sum: 0, Workers: 4
[1983.270s][debug][gc,phases      ] GC(97)     Total                          Min: 0, Avg:  1.0, Max: 4, Diff: 4, Sum: 4, Workers: 4
[1983.270s][debug][gc,phases      ] GC(97)   JVMTI Tag Weak OopStorage      Min:  0.0, Avg:  0.0, Max:  0.0, Diff:  0.0, Sum:  0.0, Workers: 4
[1983.270s][debug][gc,phases      ] GC(97)     Dead                           Min: 0, Avg:  0.0, Max: 0, Diff: 0, Sum: 0, Workers: 4
[1983.270s][debug][gc,phases      ] GC(97)     Total                          Min: 0, Avg:  0.0, Max: 0, Diff: 0, Sum: 0, Workers: 4
[1983.270s][debug][gc,phases      ] GC(97)   StringTable Weak               Min:  0.0, Avg:  0.1, Max:  0.2, Diff:  0.2, Sum:  0.5, Workers: 4
[1983.270s][debug][gc,phases      ] GC(97)     Dead                           Min: 0, Avg:  0.0, Max: 0, Diff: 0, Sum: 0, Workers: 4
[1983.270s][debug][gc,phases      ] GC(97)     Total                          Min: 0, Avg: 11921.8, Max: 16064, Diff: 16064, Sum: 47687, Workers: 4
[1983.270s][debug][gc,phases      ] GC(97)   ResolvedMethodTable Weak       Min:  0.0, Avg:  0.0, Max:  0.1, Diff:  0.1, Sum:  0.2, Workers: 4
[1983.270s][debug][gc,phases      ] GC(97)     Dead                           Min: 0, Avg:  4.0, Max: 16, Diff: 16, Sum: 16, Workers: 4
[1983.270s][debug][gc,phases      ] GC(97)     Total                          Min: 0, Avg: 3902.2, Max: 5370, Diff: 5370, Sum: 15609, Workers: 4
[1983.270s][debug][gc,phases      ] GC(97)   JNI Weak                       Min:  0.0, Avg:  0.0, Max:  0.0, Diff:  0.0, Sum:  0.0, Workers: 4
[1983.270s][debug][gc,phases      ] GC(97)     Dead                           Min: 0, Avg:  0.0, Max: 0, Diff: 0, Sum: 0, Workers: 4
[1983.270s][debug][gc,phases      ] GC(97)     Total                          Min: 0, Avg: 13.0, Max: 48, Diff: 48, Sum: 52, Workers: 4
[1983.270s][debug][gc,phases      ] GC(97)   StringDedup Table Weak         Min:  0.0, Avg:  0.0, Max:  0.0, Diff:  0.0, Sum:  0.0, Workers: 4
[1983.270s][debug][gc,phases      ] GC(97)     Dead                           Min: 0, Avg:  0.0, Max: 0, Diff: 0, Sum: 0, Workers: 4
[1983.270s][debug][gc,phases      ] GC(97)     Total                          Min: 0, Avg:  0.0, Max: 0, Diff: 0, Sum: 0, Workers: 4
[1983.270s][debug][gc,phases      ] GC(97)   StringDedup Requests0 Weak     Min:  0.0, Avg:  0.0, Max:  0.0, Diff:  0.0, Sum:  0.0, Workers: 4
[1983.270s][debug][gc,phases      ] GC(97)     Dead                           Min: 0, Avg:  0.0, Max: 0, Diff: 0, Sum: 0, Workers: 4
[1983.270s][debug][gc,phases      ] GC(97)     Total                          Min: 0, Avg:  0.0, Max: 0, Diff: 0, Sum: 0, Workers: 4
[1983.270s][debug][gc,phases      ] GC(97)   StringDedup Requests1 Weak     Min:  0.0, Avg:  0.0, Max:  0.0, Diff:  0.0, Sum:  0.0, Workers: 4
[1983.270s][debug][gc,phases      ] GC(97)     Dead                           Min: 0, Avg:  0.0, Max: 0, Diff: 0, Sum: 0, Workers: 4
[1983.270s][debug][gc,phases      ] GC(97)     Total                          Min: 0, Avg:  0.0, Max: 0, Diff: 0, Sum: 0, Workers: 4
[1983.270s][debug][gc,phases      ] GC(97)   Weak JFR Old Object Samples    Min:  0.0, Avg:  0.0, Max:  0.0, Diff:  0.0, Sum:  0.0, Workers: 4
[1983.270s][debug][gc,phases      ] GC(97)     Dead                           Min: 0, Avg:  0.0, Max: 0, Diff: 0, Sum: 0, Workers: 4
[1983.270s][debug][gc,phases      ] GC(97)     Total                          Min: 0, Avg:  0.0, Max: 0, Diff: 0, Sum: 0, Workers: 4
[1983.270s][debug][gc,phases      ] GC(97) Weak Processing 0.459ms
[1983.270s][debug][gc,age         ] GC(97) Desired survivor size 6291456 bytes, new threshold 1 (max threshold 15)
[1983.270s][info ][gc,heap        ] GC(97) PSYoungGen: 2089596K(2091008K)->4748K(2091008K) Eden: 2084864K(2084864K)->0K(2084864K) From: 4732K(6144K)->4748K(6144K)
[1983.270s][info ][gc,heap        ] GC(97) ParOldGen: 346225K(348160K)->347621K(348160K)
[1983.270s][info ][gc,metaspace   ] GC(97) Metaspace: 111206K(112512K)->111206K(112512K) NonClass: 94680K(95424K)->94680K(95424K) Class: 16526K(17088K)->16526K(17088K)
[1983.270s][info ][gc             ] GC(97) Pause Young (Allocation Failure) 2378M->344M(2382M) 9.334ms
[1983.270s][info ][gc,cpu         ] GC(97) User=0.02s Sys=0.00s Real=0.01s
[1983.270s][info ][safepoint      ] Safepoint "ParallelGCFailedAllocation", Time since last: 360314488 ns, Reaching safepoint: 7400 ns, Cleanup: 3600 ns, At safepoint: 9411321 ns, Total: 9422321 ns
[1984.270s][info ][safepoint      ] Safepoint "Cleanup", Time since last: 1000094305 ns, Reaching safepoint: 8901 ns, Cleanup: 14100 ns, At safepoint: 3000 ns, Total: 26001 ns
[1990.271s][info ][safepoint      ] Safepoint "Cleanup", Time since last: 6000485007 ns, Reaching safepoint: 10200 ns, Cleanup: 14900 ns, At safepoint: 2801 ns, Total: 27901 ns
[1992.271s][info ][safepoint      ] Safepoint "Cleanup", Time since last: 2000206269 ns, Reaching safepoint: 9200 ns, Cleanup: 14400 ns, At safepoint: 3100 ns, Total: 26700 ns
[1994.271s][info ][safepoint      ] Safepoint "Cleanup", Time since last: 2000224082 ns, Reaching safepoint: 10801 ns, Cleanup: 20100 ns, At safepoint: 3201 ns, Total: 34102 ns
[2007.641s][info ][gc,start       ] GC(98) Pause Young (Allocation Failure)
[2007.647s][debug][gc,phases      ] GC(98) Scavenge 6.140ms
[2007.647s][debug][gc,ref         ] GC(98) ReferenceProcessor::execute queues: 1, RefProcThreadModel::Single, marks_oops_alive: false
[2007.647s][debug][gc,ref         ] GC(98) Skipped KeepAliveFinalRefsPhase of Reference Processing: no references
[2007.647s][debug][gc,ref         ] GC(98) ReferenceProcessor::execute queues: 1, RefProcThreadModel::Single, marks_oops_alive: false
[2007.647s][debug][gc,phases      ] GC(98) Reference Processing 0.135ms
[2007.647s][debug][gc,phases      ] GC(98)   VM Weak                        Min:  0.0, Avg:  0.0, Max:  0.0, Diff:  0.0, Sum:  0.0, Workers: 4
[2007.647s][debug][gc,phases      ] GC(98)     Dead                           Min: 0, Avg:  0.0, Max: 0, Diff: 0, Sum: 0, Workers: 4
[2007.647s][debug][gc,phases      ] GC(98)     Total                          Min: 0, Avg: 260.0, Max: 576, Diff: 576, Sum: 1040, Workers: 4
[2007.647s][debug][gc,phases      ] GC(98)   ObjectSynchronizer Weak        Min:  0.0, Avg:  0.0, Max:  0.0, Diff:  0.0, Sum:  0.0, Workers: 4
[2007.647s][debug][gc,phases      ] GC(98)     Dead                           Min: 0, Avg:  0.0, Max: 0, Diff: 0, Sum: 0, Workers: 4
[2007.647s][debug][gc,phases      ] GC(98)     Total                          Min: 0, Avg:  1.0, Max: 4, Diff: 4, Sum: 4, Workers: 4
[2007.647s][debug][gc,phases      ] GC(98)   JVMTI Tag Weak OopStorage      Min:  0.0, Avg:  0.0, Max:  0.0, Diff:  0.0, Sum:  0.0, Workers: 4
[2007.647s][debug][gc,phases      ] GC(98)     Dead                           Min: 0, Avg:  0.0, Max: 0, Diff: 0, Sum: 0, Workers: 4
[2007.647s][debug][gc,phases      ] GC(98)     Total                          Min: 0, Avg:  0.0, Max: 0, Diff: 0, Sum: 0, Workers: 4
[2007.647s][debug][gc,phases      ] GC(98)   StringTable Weak               Min:  0.0, Avg:  0.1, Max:  0.2, Diff:  0.2, Sum:  0.5, Workers: 4
[2007.647s][debug][gc,phases      ] GC(98)     Dead                           Min: 0, Avg:  0.0, Max: 0, Diff: 0, Sum: 0, Workers: 4
[2007.647s][debug][gc,phases      ] GC(98)     Total                          Min: 0, Avg: 11921.8, Max: 17535, Diff: 17535, Sum: 47687, Workers: 4
[2007.647s][debug][gc,phases      ] GC(98)   ResolvedMethodTable Weak       Min:  0.0, Avg:  0.0, Max:  0.1, Diff:  0.1, Sum:  0.2, Workers: 4
[2007.647s][debug][gc,phases      ] GC(98)     Dead                           Min: 0, Avg:  4.0, Max: 16, Diff: 16, Sum: 16, Workers: 4
[2007.647s][debug][gc,phases      ] GC(98)     Total                          Min: 0, Avg: 3902.2, Max: 5399, Diff: 5399, Sum: 15609, Workers: 4
[2007.647s][debug][gc,phases      ] GC(98)   JNI Weak                       Min:  0.0, Avg:  0.0, Max:  0.0, Diff:  0.0, Sum:  0.0, Workers: 4
[2007.647s][debug][gc,phases      ] GC(98)     Dead                           Min: 0, Avg:  0.0, Max: 0, Diff: 0, Sum: 0, Workers: 4
[2007.647s][debug][gc,phases      ] GC(98)     Total                          Min: 0, Avg: 13.0, Max: 48, Diff: 48, Sum: 52, Workers: 4
[2007.647s][debug][gc,phases      ] GC(98)   StringDedup Table Weak         Min:  0.0, Avg:  0.0, Max:  0.0, Diff:  0.0, Sum:  0.0, Workers: 4
[2007.647s][debug][gc,phases      ] GC(98)     Dead                           Min: 0, Avg:  0.0, Max: 0, Diff: 0, Sum: 0, Workers: 4
[2007.647s][debug][gc,phases      ] GC(98)     Total                          Min: 0, Avg:  0.0, Max: 0, Diff: 0, Sum: 0, Workers: 4
[2007.647s][debug][gc,phases      ] GC(98)   StringDedup Requests0 Weak     Min:  0.0, Avg:  0.0, Max:  0.0, Diff:  0.0, Sum:  0.0, Workers: 4
[2007.647s][debug][gc,phases      ] GC(98)     Dead                           Min: 0, Avg:  0.0, Max: 0, Diff: 0, Sum: 0, Workers: 4
[2007.647s][debug][gc,phases      ] GC(98)     Total                          Min: 0, Avg:  0.0, Max: 0, Diff: 0, Sum: 0, Workers: 4
[2007.647s][debug][gc,phases      ] GC(98)   StringDedup Requests1 Weak     Min:  0.0, Avg:  0.0, Max:  0.0, Diff:  0.0, Sum:  0.0, Workers: 4
[2007.647s][debug][gc,phases      ] GC(98)     Dead                           Min: 0, Avg:  0.0, Max: 0, Diff: 0, Sum: 0, Workers: 4
[2007.647s][debug][gc,phases      ] GC(98)     Total                          Min: 0, Avg:  0.0, Max: 0, Diff: 0, Sum: 0, Workers: 4
[2007.648s][debug][gc,phases      ] GC(98)   Weak JFR Old Object Samples    Min:  0.0, Avg:  0.0, Max:  0.0, Diff:  0.0, Sum:  0.0, Workers: 4
[2007.648s][debug][gc,phases      ] GC(98)     Dead                           Min: 0, Avg:  0.0, Max: 0, Diff: 0, Sum: 0, Workers: 4
[2007.648s][debug][gc,phases      ] GC(98)     Total                          Min: 0, Avg:  0.0, Max: 0, Diff: 0, Sum: 0, Workers: 4
[2007.648s][debug][gc,phases      ] GC(98) Weak Processing 0.456ms
[2007.648s][debug][gc,age         ] GC(98) Desired survivor size 6291456 bytes, new threshold 1 (max threshold 15)
[2007.648s][info ][gc,heap        ] GC(98) PSYoungGen: 2089612K(2091008K)->3952K(2091008K) Eden: 2084864K(2084864K)->0K(2084864K) From: 4748K(6144K)->3952K(6144K)
[2007.648s][info ][gc,heap        ] GC(98) ParOldGen: 347621K(348160K)->348757K(349184K)
[2007.648s][info ][gc,metaspace   ] GC(98) Metaspace: 111213K(112512K)->111213K(112512K) NonClass: 94687K(95424K)->94687K(95424K) Class: 16526K(17088K)->16526K(17088K)
[2007.648s][info ][gc             ] GC(98) Pause Young (Allocation Failure) 2380M->344M(2383M) 6.892ms
[2007.648s][info ][gc,cpu         ] GC(98) User=0.02s Sys=0.00s Real=0.01s
[2007.648s][info ][safepoint      ] Safepoint "ParallelGCFailedAllocation", Time since last: 13369307028 ns, Reaching safepoint: 80803 ns, Cleanup: 5000 ns, At safepoint: 6990840 ns, Total: 7076643 ns
[2017.649s][info ][safepoint      ] Safepoint "Cleanup", Time since last: 10000887201 ns, Reaching safepoint: 90003 ns, Cleanup: 10801 ns, At safepoint: 5100 ns, Total: 105904 ns
[2019.649s][info ][safepoint      ] Safepoint "Cleanup", Time since last: 2000240638 ns, Reaching safepoint: 86703 ns, Cleanup: 11100 ns, At safepoint: 8700 ns, Total: 106503 ns
[2025.650s][info ][safepoint      ] Safepoint "Cleanup", Time since last: 6000730341 ns, Reaching safepoint: 83903 ns, Cleanup: 15000 ns, At safepoint: 7101 ns, Total: 106004 ns
[2026.650s][info ][safepoint      ] Safepoint "Cleanup", Time since last: 1000158111 ns, Reaching safepoint: 91803 ns, Cleanup: 11300 ns, At safepoint: 8501 ns, Total: 111604 ns
[2032.592s][info ][gc,start       ] GC(99) Pause Young (Allocation Failure)
[2032.598s][debug][gc,phases      ] GC(99) Scavenge 5.952ms
[2032.598s][debug][gc,ref         ] GC(99) ReferenceProcessor::execute queues: 1, RefProcThreadModel::Single, marks_oops_alive: false
[2032.598s][debug][gc,ref         ] GC(99) Skipped KeepAliveFinalRefsPhase of Reference Processing: no references
[2032.598s][debug][gc,ref         ] GC(99) ReferenceProcessor::execute queues: 1, RefProcThreadModel::Single, marks_oops_alive: false
[2032.598s][debug][gc,phases      ] GC(99) Reference Processing 0.122ms
[2032.598s][debug][gc,phases      ] GC(99)   VM Weak                        Min:  0.0, Avg:  0.0, Max:  0.0, Diff:  0.0, Sum:  0.0, Workers: 4
[2032.598s][debug][gc,phases      ] GC(99)     Dead                           Min: 0, Avg:  0.0, Max: 0, Diff: 0, Sum: 0, Workers: 4
[2032.598s][debug][gc,phases      ] GC(99)     Total                          Min: 0, Avg: 260.0, Max: 592, Diff: 592, Sum: 1040, Workers: 4
[2032.598s][debug][gc,phases      ] GC(99)   ObjectSynchronizer Weak        Min:  0.0, Avg:  0.0, Max:  0.0, Diff:  0.0, Sum:  0.0, Workers: 4
[2032.598s][debug][gc,phases      ] GC(99)     Dead                           Min: 0, Avg:  0.0, Max: 0, Diff: 0, Sum: 0, Workers: 4
[2032.598s][debug][gc,phases      ] GC(99)     Total                          Min: 0, Avg:  1.0, Max: 4, Diff: 4, Sum: 4, Workers: 4
[2032.598s][debug][gc,phases      ] GC(99)   JVMTI Tag Weak OopStorage      Min:  0.0, Avg:  0.0, Max:  0.0, Diff:  0.0, Sum:  0.0, Workers: 4
[2032.598s][debug][gc,phases      ] GC(99)     Dead                           Min: 0, Avg:  0.0, Max: 0, Diff: 0, Sum: 0, Workers: 4
[2032.598s][debug][gc,phases      ] GC(99)     Total                          Min: 0, Avg:  0.0, Max: 0, Diff: 0, Sum: 0, Workers: 4
[2032.598s][debug][gc,phases      ] GC(99)   StringTable Weak               Min:  0.0, Avg:  0.1, Max:  0.2, Diff:  0.2, Sum:  0.5, Workers: 4
[2032.598s][debug][gc,phases      ] GC(99)     Dead                           Min: 0, Avg:  0.0, Max: 0, Diff: 0, Sum: 0, Workers: 4
[2032.598s][debug][gc,phases      ] GC(99)     Total                          Min: 0, Avg: 11924.0, Max: 18432, Diff: 18432, Sum: 47696, Workers: 4
[2032.598s][debug][gc,phases      ] GC(99)   ResolvedMethodTable Weak       Min:  0.0, Avg:  0.0, Max:  0.1, Diff:  0.1, Sum:  0.2, Workers: 4
[2032.598s][debug][gc,phases      ] GC(99)     Dead                           Min: 0, Avg:  4.0, Max: 16, Diff: 16, Sum: 16, Workers: 4
[2032.598s][debug][gc,phases      ] GC(99)     Total                          Min: 0, Avg: 3902.2, Max: 5918, Diff: 5918, Sum: 15609, Workers: 4
[2032.598s][debug][gc,phases      ] GC(99)   JNI Weak                       Min:  0.0, Avg:  0.0, Max:  0.0, Diff:  0.0, Sum:  0.0, Workers: 4
[2032.598s][debug][gc,phases      ] GC(99)     Dead                           Min: 0, Avg:  0.0, Max: 0, Diff: 0, Sum: 0, Workers: 4
[2032.598s][debug][gc,phases      ] GC(99)     Total                          Min: 0, Avg: 13.0, Max: 48, Diff: 48, Sum: 52, Workers: 4
[2032.598s][debug][gc,phases      ] GC(99)   StringDedup Table Weak         Min:  0.0, Avg:  0.0, Max:  0.0, Diff:  0.0, Sum:  0.0, Workers: 4
[2032.598s][debug][gc,phases      ] GC(99)     Dead                           Min: 0, Avg:  0.0, Max: 0, Diff: 0, Sum: 0, Workers: 4
[2032.598s][debug][gc,phases      ] GC(99)     Total                          Min: 0, Avg:  0.0, Max: 0, Diff: 0, Sum: 0, Workers: 4
[2032.598s][debug][gc,phases      ] GC(99)   StringDedup Requests0 Weak     Min:  0.0, Avg:  0.0, Max:  0.0, Diff:  0.0, Sum:  0.0, Workers: 4
[2032.598s][debug][gc,phases      ] GC(99)     Dead                           Min: 0, Avg:  0.0, Max: 0, Diff: 0, Sum: 0, Workers: 4
[2032.598s][debug][gc,phases      ] GC(99)     Total                          Min: 0, Avg:  0.0, Max: 0, Diff: 0, Sum: 0, Workers: 4
[2032.598s][debug][gc,phases      ] GC(99)   StringDedup Requests1 Weak     Min:  0.0, Avg:  0.0, Max:  0.0, Diff:  0.0, Sum:  0.0, Workers: 4
[2032.598s][debug][gc,phases      ] GC(99)     Dead                           Min: 0, Avg:  0.0, Max: 0, Diff: 0, Sum: 0, Workers: 4
[2032.598s][debug][gc,phases      ] GC(99)     Total                          Min: 0, Avg:  0.0, Max: 0, Diff: 0, Sum: 0, Workers: 4
[2032.598s][debug][gc,phases      ] GC(99)   Weak JFR Old Object Samples    Min:  0.0, Avg:  0.0, Max:  0.0, Diff:  0.0, Sum:  0.0, Workers: 4
[2032.598s][debug][gc,phases      ] GC(99)     Dead                           Min: 0, Avg:  0.0, Max: 0, Diff: 0, Sum: 0, Workers: 4
[2032.598s][debug][gc,phases      ] GC(99)     Total                          Min: 0, Avg:  0.0, Max: 0, Diff: 0, Sum: 0, Workers: 4
[2032.598s][debug][gc,phases      ] GC(99) Weak Processing 0.466ms
[2032.598s][debug][gc,age         ] GC(99) Desired survivor size 6291456 bytes, new threshold 1 (max threshold 15)
[2032.598s][info ][gc,heap        ] GC(99) PSYoungGen: 2088816K(2091008K)->4992K(2091008K) Eden: 2084864K(2084864K)->0K(2084864K) From: 3952K(6144K)->4992K(6144K)
[2032.598s][info ][gc,heap        ] GC(99) ParOldGen: 348757K(349184K)->349457K(349696K)
[2032.598s][info ][gc,metaspace   ] GC(99) Metaspace: 111229K(112512K)->111229K(112512K) NonClass: 94703K(95424K)->94703K(95424K) Class: 16526K(17088K)->16526K(17088K)
[2032.598s][info ][gc             ] GC(99) Pause Young (Allocation Failure) 2380M->346M(2383M) 6.710ms
[2032.598s][info ][gc,cpu         ] GC(99) User=0.02s Sys=0.00s Real=0.00s
[2032.599s][info ][safepoint      ] Safepoint "ParallelGCFailedAllocation", Time since last: 5941511440 ns, Reaching safepoint: 94003 ns, Cleanup: 12200 ns, At safepoint: 6814333 ns, Total: 6920536 ns
[2056.931s][info ][safepoint      ] Safepoint "Cleanup", Time since last: 24332737896 ns, Reaching safepoint: 11200 ns, Cleanup: 16101 ns, At safepoint: 2700 ns, Total: 30001 ns
[2057.931s][info ][safepoint      ] Safepoint "Cleanup", Time since last: 1000166050 ns, Reaching safepoint: 15501 ns, Cleanup: 16300 ns, At safepoint: 3200 ns, Total: 35001 ns
[2058.201s][info ][gc,start       ] GC(100) Pause Young (Allocation Failure)
[2058.209s][debug][gc,phases      ] GC(100) Scavenge 7.235ms
[2058.209s][debug][gc,ref         ] GC(100) ReferenceProcessor::execute queues: 1, RefProcThreadModel::Single, marks_oops_alive: false
[2058.209s][debug][gc,ref         ] GC(100) Skipped KeepAliveFinalRefsPhase of Reference Processing: no references
[2058.209s][debug][gc,ref         ] GC(100) ReferenceProcessor::execute queues: 1, RefProcThreadModel::Single, marks_oops_alive: false
[2058.209s][debug][gc,phases      ] GC(100) Reference Processing 0.125ms
[2058.209s][debug][gc,phases      ] GC(100)   VM Weak                        Min:  0.0, Avg:  0.0, Max:  0.0, Diff:  0.0, Sum:  0.0, Workers: 4
[2058.209s][debug][gc,phases      ] GC(100)     Dead                           Min: 0, Avg:  0.0, Max: 0, Diff: 0, Sum: 0, Workers: 4
[2058.209s][debug][gc,phases      ] GC(100)     Total                          Min: 0, Avg: 260.0, Max: 640, Diff: 640, Sum: 1040, Workers: 4
[2058.209s][debug][gc,phases      ] GC(100)   ObjectSynchronizer Weak        Min:  0.0, Avg:  0.0, Max:  0.0, Diff:  0.0, Sum:  0.0, Workers: 4
[2058.209s][debug][gc,phases      ] GC(100)     Dead                           Min: 0, Avg:  0.0, Max: 0, Diff: 0, Sum: 0, Workers: 4
[2058.209s][debug][gc,phases      ] GC(100)     Total                          Min: 0, Avg:  0.8, Max: 3, Diff: 3, Sum: 3, Workers: 4
[2058.209s][debug][gc,phases      ] GC(100)   JVMTI Tag Weak OopStorage      Min:  0.0, Avg:  0.0, Max:  0.0, Diff:  0.0, Sum:  0.0, Workers: 4
[2058.209s][debug][gc,phases      ] GC(100)     Dead                           Min: 0, Avg:  0.0, Max: 0, Diff: 0, Sum: 0, Workers: 4
[2058.209s][debug][gc,phases      ] GC(100)     Total                          Min: 0, Avg:  0.0, Max: 0, Diff: 0, Sum: 0, Workers: 4
[2058.209s][debug][gc,phases      ] GC(100)   StringTable Weak               Min:  0.0, Avg:  0.1, Max:  0.2, Diff:  0.2, Sum:  0.5, Workers: 4
[2058.209s][debug][gc,phases      ] GC(100)     Dead                           Min: 0, Avg:  0.0, Max: 0, Diff: 0, Sum: 0, Workers: 4
[2058.209s][debug][gc,phases      ] GC(100)     Total                          Min: 0, Avg: 11924.2, Max: 18386, Diff: 18386, Sum: 47697, Workers: 4
[2058.209s][debug][gc,phases      ] GC(100)   ResolvedMethodTable Weak       Min:  0.0, Avg:  0.0, Max:  0.1, Diff:  0.1, Sum:  0.2, Workers: 4
[2058.209s][debug][gc,phases      ] GC(100)     Dead                           Min: 0, Avg:  4.0, Max: 16, Diff: 16, Sum: 16, Workers: 4
[2058.209s][debug][gc,phases      ] GC(100)     Total                          Min: 0, Avg: 3902.2, Max: 5581, Diff: 5581, Sum: 15609, Workers: 4
[2058.209s][debug][gc,phases      ] GC(100)   JNI Weak                       Min:  0.0, Avg:  0.0, Max:  0.0, Diff:  0.0, Sum:  0.0, Workers: 4
[2058.209s][debug][gc,phases      ] GC(100)     Dead                           Min: 0, Avg:  0.0, Max: 0, Diff: 0, Sum: 0, Workers: 4
[2058.209s][debug][gc,phases      ] GC(100)     Total                          Min: 0, Avg: 13.0, Max: 48, Diff: 48, Sum: 52, Workers: 4
[2058.209s][debug][gc,phases      ] GC(100)   StringDedup Table Weak         Min:  0.0, Avg:  0.0, Max:  0.0, Diff:  0.0, Sum:  0.0, Workers: 4
[2058.209s][debug][gc,phases      ] GC(100)     Dead                           Min: 0, Avg:  0.0, Max: 0, Diff: 0, Sum: 0, Workers: 4
[2058.209s][debug][gc,phases      ] GC(100)     Total                          Min: 0, Avg:  0.0, Max: 0, Diff: 0, Sum: 0, Workers: 4
[2058.209s][debug][gc,phases      ] GC(100)   StringDedup Requests0 Weak     Min:  0.0, Avg:  0.0, Max:  0.0, Diff:  0.0, Sum:  0.0, Workers: 4
[2058.209s][debug][gc,phases      ] GC(100)     Dead                           Min: 0, Avg:  0.0, Max: 0, Diff: 0, Sum: 0, Workers: 4
[2058.209s][debug][gc,phases      ] GC(100)     Total                          Min: 0, Avg:  0.0, Max: 0, Diff: 0, Sum: 0, Workers: 4
[2058.209s][debug][gc,phases      ] GC(100)   StringDedup Requests1 Weak     Min:  0.0, Avg:  0.0, Max:  0.0, Diff:  0.0, Sum:  0.0, Workers: 4
[2058.209s][debug][gc,phases      ] GC(100)     Dead                           Min: 0, Avg:  0.0, Max: 0, Diff: 0, Sum: 0, Workers: 4
[2058.209s][debug][gc,phases      ] GC(100)     Total                          Min: 0, Avg:  0.0, Max: 0, Diff: 0, Sum: 0, Workers: 4
[2058.209s][debug][gc,phases      ] GC(100)   Weak JFR Old Object Samples    Min:  0.0, Avg:  0.0, Max:  0.0, Diff:  0.0, Sum:  0.0, Workers: 4
[2058.209s][debug][gc,phases      ] GC(100)     Dead                           Min: 0, Avg:  0.0, Max: 0, Diff: 0, Sum: 0, Workers: 4
[2058.209s][debug][gc,phases      ] GC(100)     Total                          Min: 0, Avg:  0.0, Max: 0, Diff: 0, Sum: 0, Workers: 4
[2058.209s][debug][gc,phases      ] GC(100) Weak Processing 0.479ms
[2058.209s][debug][gc,age         ] GC(100) Desired survivor size 6291456 bytes, new threshold 1 (max threshold 15)
[2058.209s][info ][gc,heap        ] GC(100) PSYoungGen: 2089856K(2091008K)->3904K(2091008K) Eden: 2084864K(2084864K)->0K(2084864K) From: 4992K(6144K)->3904K(6144K)
[2058.209s][info ][gc,heap        ] GC(100) ParOldGen: 349457K(349696K)->350805K(351232K)
[2058.209s][info ][gc,metaspace   ] GC(100) Metaspace: 111234K(112576K)->111234K(112576K) NonClass: 94707K(95488K)->94707K(95488K) Class: 16526K(17088K)->16526K(17088K)
[2058.209s][info ][gc             ] GC(100) Pause Young (Allocation Failure) 2382M->346M(2385M) 7.971ms
[2058.209s][info ][gc,cpu         ] GC(100) User=0.01s Sys=0.00s Real=0.01s
[2058.209s][info ][safepoint      ] Safepoint "ParallelGCFailedAllocation", Time since last: 269796868 ns, Reaching safepoint: 87903 ns, Cleanup: 5900 ns, At safepoint: 8063277 ns, Total: 8157080 ns
[2063.212s][info ][safepoint      ] Safepoint "Cleanup", Time since last: 5000400769 ns, Reaching safepoint: 2493686 ns, Cleanup: 16800 ns, At safepoint: 41402 ns, Total: 2551888 ns
[2065.213s][info ][safepoint      ] Safepoint "Cleanup", Time since last: 2000194708 ns, Reaching safepoint: 84303 ns, Cleanup: 12701 ns, At safepoint: 6000 ns, Total: 103004 ns
[2068.213s][info ][safepoint      ] Safepoint "Cleanup", Time since last: 3000254669 ns, Reaching safepoint: 84203 ns, Cleanup: 13300 ns, At safepoint: 38701 ns, Total: 136204 ns
[2071.213s][info ][safepoint      ] Safepoint "Cleanup", Time since last: 3000280944 ns, Reaching safepoint: 88603 ns, Cleanup: 13600 ns, At safepoint: 12701 ns, Total: 114904 ns
[2073.220s][info ][safepoint      ] Safepoint "Cleanup", Time since last: 2000204396 ns, Reaching safepoint: 6011806 ns, Cleanup: 57701 ns, At safepoint: 13001 ns, Total: 6082508 ns
[2082.594s][info ][gc,start       ] GC(101) Pause Young (Allocation Failure)
[2082.608s][debug][gc,phases      ] GC(101) Scavenge 13.176ms
[2082.608s][debug][gc,ref         ] GC(101) ReferenceProcessor::execute queues: 1, RefProcThreadModel::Single, marks_oops_alive: false
[2082.608s][debug][gc,ref         ] GC(101) Skipped KeepAliveFinalRefsPhase of Reference Processing: no references
[2082.608s][debug][gc,ref         ] GC(101) ReferenceProcessor::execute queues: 1, RefProcThreadModel::Single, marks_oops_alive: false
[2082.608s][debug][gc,phases      ] GC(101) Reference Processing 0.137ms
[2082.608s][debug][gc,phases      ] GC(101)   VM Weak                        Min:  0.0, Avg:  0.0, Max:  0.0, Diff:  0.0, Sum:  0.0, Workers: 4
[2082.608s][debug][gc,phases      ] GC(101)     Dead                           Min: 0, Avg:  0.0, Max: 0, Diff: 0, Sum: 0, Workers: 4
[2082.608s][debug][gc,phases      ] GC(101)     Total                          Min: 0, Avg: 260.0, Max: 528, Diff: 528, Sum: 1040, Workers: 4
[2082.608s][debug][gc,phases      ] GC(101)   ObjectSynchronizer Weak        Min:  0.0, Avg:  0.0, Max:  0.0, Diff:  0.0, Sum:  0.0, Workers: 4
[2082.608s][debug][gc,phases      ] GC(101)     Dead                           Min: 0, Avg:  0.0, Max: 0, Diff: 0, Sum: 0, Workers: 4
[2082.608s][debug][gc,phases      ] GC(101)     Total                          Min: 0, Avg:  1.0, Max: 4, Diff: 4, Sum: 4, Workers: 4
[2082.608s][debug][gc,phases      ] GC(101)   JVMTI Tag Weak OopStorage      Min:  0.0, Avg:  0.0, Max:  0.0, Diff:  0.0, Sum:  0.0, Workers: 4
[2082.608s][debug][gc,phases      ] GC(101)     Dead                           Min: 0, Avg:  0.0, Max: 0, Diff: 0, Sum: 0, Workers: 4
[2082.608s][debug][gc,phases      ] GC(101)     Total                          Min: 0, Avg:  0.0, Max: 0, Diff: 0, Sum: 0, Workers: 4
[2082.608s][debug][gc,phases      ] GC(101)   StringTable Weak               Min:  0.0, Avg:  0.1, Max:  0.2, Diff:  0.2, Sum:  0.5, Workers: 4
[2082.608s][debug][gc,phases      ] GC(101)     Dead                           Min: 0, Avg:  0.0, Max: 0, Diff: 0, Sum: 0, Workers: 4
[2082.608s][debug][gc,phases      ] GC(101)     Total                          Min: 0, Avg: 11924.2, Max: 23999, Diff: 23999, Sum: 47697, Workers: 4
[2082.608s][debug][gc,phases      ] GC(101)   ResolvedMethodTable Weak       Min:  0.0, Avg:  0.0, Max:  0.1, Diff:  0.1, Sum:  0.2, Workers: 4
[2082.608s][debug][gc,phases      ] GC(101)     Dead                           Min: 0, Avg:  4.0, Max: 16, Diff: 16, Sum: 16, Workers: 4
[2082.608s][debug][gc,phases      ] GC(101)     Total                          Min: 0, Avg: 3902.2, Max: 7939, Diff: 7939, Sum: 15609, Workers: 4
[2082.608s][debug][gc,phases      ] GC(101)   JNI Weak                       Min:  0.0, Avg:  0.0, Max:  0.0, Diff:  0.0, Sum:  0.0, Workers: 4
[2082.608s][debug][gc,phases      ] GC(101)     Dead                           Min: 0, Avg:  0.0, Max: 0, Diff: 0, Sum: 0, Workers: 4
[2082.608s][debug][gc,phases      ] GC(101)     Total                          Min: 0, Avg: 13.0, Max: 48, Diff: 48, Sum: 52, Workers: 4
[2082.608s][debug][gc,phases      ] GC(101)   StringDedup Table Weak         Min:  0.0, Avg:  0.0, Max:  0.0, Diff:  0.0, Sum:  0.0, Workers: 4
[2082.608s][debug][gc,phases      ] GC(101)     Dead                           Min: 0, Avg:  0.0, Max: 0, Diff: 0, Sum: 0, Workers: 4
[2082.608s][debug][gc,phases      ] GC(101)     Total                          Min: 0, Avg:  0.0, Max: 0, Diff: 0, Sum: 0, Workers: 4
[2082.608s][debug][gc,phases      ] GC(101)   StringDedup Requests0 Weak     Min:  0.0, Avg:  0.0, Max:  0.0, Diff:  0.0, Sum:  0.0, Workers: 4
[2082.608s][debug][gc,phases      ] GC(101)     Dead                           Min: 0, Avg:  0.0, Max: 0, Diff: 0, Sum: 0, Workers: 4
[2082.608s][debug][gc,phases      ] GC(101)     Total                          Min: 0, Avg:  0.0, Max: 0, Diff: 0, Sum: 0, Workers: 4
[2082.609s][debug][gc,phases      ] GC(101)   StringDedup Requests1 Weak     Min:  0.0, Avg:  0.0, Max:  0.0, Diff:  0.0, Sum:  0.0, Workers: 4
[2082.609s][debug][gc,phases      ] GC(101)     Dead                           Min: 0, Avg:  0.0, Max: 0, Diff: 0, Sum: 0, Workers: 4
[2082.609s][debug][gc,phases      ] GC(101)     Total                          Min: 0, Avg:  0.0, Max: 0, Diff: 0, Sum: 0, Workers: 4
[2082.609s][debug][gc,phases      ] GC(101)   Weak JFR Old Object Samples    Min:  0.0, Avg:  0.0, Max:  0.0, Diff:  0.0, Sum:  0.0, Workers: 4
[2082.609s][debug][gc,phases      ] GC(101)     Dead                           Min: 0, Avg:  0.0, Max: 0, Diff: 0, Sum: 0, Workers: 4
[2082.609s][debug][gc,phases      ] GC(101)     Total                          Min: 0, Avg:  0.0, Max: 0, Diff: 0, Sum: 0, Workers: 4
[2082.609s][debug][gc,phases      ] GC(101) Weak Processing 0.623ms
[2082.609s][debug][gc,age         ] GC(101) Desired survivor size 6291456 bytes, new threshold 1 (max threshold 15)
[2082.609s][info ][gc,heap        ] GC(101) PSYoungGen: 2088768K(2091008K)->4827K(2091008K) Eden: 2084864K(2084864K)->0K(2084864K) From: 3904K(6144K)->4827K(6144K)
[2082.609s][info ][gc,heap        ] GC(101) ParOldGen: 350805K(351232K)->351565K(351744K)
[2082.609s][info ][gc,metaspace   ] GC(101) Metaspace: 111235K(112576K)->111235K(112576K) NonClass: 94708K(95488K)->94708K(95488K) Class: 16526K(17088K)->16526K(17088K)
[2082.609s][info ][gc             ] GC(101) Pause Young (Allocation Failure) 2382M->348M(2385M) 14.122ms
[2082.609s][info ][gc,cpu         ] GC(101) User=0.02s Sys=0.00s Real=0.01s
[2082.609s][info ][safepoint      ] Safepoint "ParallelGCFailedAllocation", Time since last: 9374564156 ns, Reaching safepoint: 98103 ns, Cleanup: 7501 ns, At safepoint: 14242889 ns, Total: 14348493 ns
[2094.615s][info ][safepoint      ] Safepoint "Cleanup", Time since last: 12006249443 ns, Reaching safepoint: 10301 ns, Cleanup: 13600 ns, At safepoint: 3100 ns, Total: 27001 ns
[2099.615s][info ][safepoint      ] Safepoint "Cleanup", Time since last: 5000456804 ns, Reaching safepoint: 11900 ns, Cleanup: 15801 ns, At safepoint: 3200 ns, Total: 30901 ns
[2101.955s][info ][safepoint      ] Safepoint "Cleanup", Time since last: 2339826949 ns, Reaching safepoint: 12701 ns, Cleanup: 16700 ns, At safepoint: 9201 ns, Total: 38602 ns
[2104.956s][info ][safepoint      ] Safepoint "Cleanup", Time since last: 3000390276 ns, Reaching safepoint: 86003 ns, Cleanup: 10200 ns, At safepoint: 10801 ns, Total: 107004 ns
[2105.992s][info ][gc,start       ] GC(102) Pause Young (Allocation Failure)
[2105.997s][debug][gc,phases      ] GC(102) Scavenge 4.970ms
[2105.997s][debug][gc,ref         ] GC(102) ReferenceProcessor::execute queues: 1, RefProcThreadModel::Single, marks_oops_alive: false
[2105.997s][debug][gc,ref         ] GC(102) Skipped KeepAliveFinalRefsPhase of Reference Processing: no references
[2105.997s][debug][gc,ref         ] GC(102) Skipped PhantomRefsPhase of Reference Processing: no references
[2105.997s][debug][gc,phases      ] GC(102) Reference Processing 0.136ms
[2105.997s][debug][gc,phases      ] GC(102)   VM Weak                        Min:  0.0, Avg:  0.0, Max:  0.0, Diff:  0.0, Sum:  0.0, Workers: 4
[2105.997s][debug][gc,phases      ] GC(102)     Dead                           Min: 0, Avg:  0.0, Max: 0, Diff: 0, Sum: 0, Workers: 4
[2105.997s][debug][gc,phases      ] GC(102)     Total                          Min: 0, Avg: 260.0, Max: 528, Diff: 528, Sum: 1040, Workers: 4
[2105.997s][debug][gc,phases      ] GC(102)   ObjectSynchronizer Weak        Min:  0.0, Avg:  0.0, Max:  0.0, Diff:  0.0, Sum:  0.0, Workers: 4
[2105.997s][debug][gc,phases      ] GC(102)     Dead                           Min: 0, Avg:  0.0, Max: 0, Diff: 0, Sum: 0, Workers: 4
[2105.997s][debug][gc,phases      ] GC(102)     Total                          Min: 0, Avg:  1.0, Max: 4, Diff: 4, Sum: 4, Workers: 4
[2105.997s][debug][gc,phases      ] GC(102)   JVMTI Tag Weak OopStorage      Min:  0.0, Avg:  0.0, Max:  0.0, Diff:  0.0, Sum:  0.0, Workers: 4
[2105.997s][debug][gc,phases      ] GC(102)     Dead                           Min: 0, Avg:  0.0, Max: 0, Diff: 0, Sum: 0, Workers: 4
[2105.997s][debug][gc,phases      ] GC(102)     Total                          Min: 0, Avg:  0.0, Max: 0, Diff: 0, Sum: 0, Workers: 4
[2105.997s][debug][gc,phases      ] GC(102)   StringTable Weak               Min:  0.0, Avg:  0.1, Max:  0.2, Diff:  0.2, Sum:  0.5, Workers: 4
[2105.997s][debug][gc,phases      ] GC(102)     Dead                           Min: 0, Avg:  0.0, Max: 0, Diff: 0, Sum: 0, Workers: 4
[2105.997s][debug][gc,phases      ] GC(102)     Total                          Min: 0, Avg: 11924.2, Max: 17600, Diff: 17600, Sum: 47697, Workers: 4
[2105.997s][debug][gc,phases      ] GC(102)   ResolvedMethodTable Weak       Min:  0.0, Avg:  0.0, Max:  0.1, Diff:  0.1, Sum:  0.2, Workers: 4
[2105.997s][debug][gc,phases      ] GC(102)     Dead                           Min: 0, Avg:  4.0, Max: 16, Diff: 16, Sum: 16, Workers: 4
[2105.997s][debug][gc,phases      ] GC(102)     Total                          Min: 0, Avg: 3902.2, Max: 5313, Diff: 5313, Sum: 15609, Workers: 4
[2105.997s][debug][gc,phases      ] GC(102)   JNI Weak                       Min:  0.0, Avg:  0.0, Max:  0.0, Diff:  0.0, Sum:  0.0, Workers: 4
[2105.997s][debug][gc,phases      ] GC(102)     Dead                           Min: 0, Avg:  0.0, Max: 0, Diff: 0, Sum: 0, Workers: 4
[2105.997s][debug][gc,phases      ] GC(102)     Total                          Min: 0, Avg: 13.0, Max: 48, Diff: 48, Sum: 52, Workers: 4
[2105.997s][debug][gc,phases      ] GC(102)   StringDedup Table Weak         Min:  0.0, Avg:  0.0, Max:  0.0, Diff:  0.0, Sum:  0.0, Workers: 4
[2105.997s][debug][gc,phases      ] GC(102)     Dead                           Min: 0, Avg:  0.0, Max: 0, Diff: 0, Sum: 0, Workers: 4
[2105.997s][debug][gc,phases      ] GC(102)     Total                          Min: 0, Avg:  0.0, Max: 0, Diff: 0, Sum: 0, Workers: 4
[2105.997s][debug][gc,phases      ] GC(102)   StringDedup Requests0 Weak     Min:  0.0, Avg:  0.0, Max:  0.0, Diff:  0.0, Sum:  0.0, Workers: 4
[2105.997s][debug][gc,phases      ] GC(102)     Dead                           Min: 0, Avg:  0.0, Max: 0, Diff: 0, Sum: 0, Workers: 4
[2105.997s][debug][gc,phases      ] GC(102)     Total                          Min: 0, Avg:  0.0, Max: 0, Diff: 0, Sum: 0, Workers: 4
[2105.997s][debug][gc,phases      ] GC(102)   StringDedup Requests1 Weak     Min:  0.0, Avg:  0.0, Max:  0.0, Diff:  0.0, Sum:  0.0, Workers: 4
[2105.997s][debug][gc,phases      ] GC(102)     Dead                           Min: 0, Avg:  0.0, Max: 0, Diff: 0, Sum: 0, Workers: 4
[2105.997s][debug][gc,phases      ] GC(102)     Total                          Min: 0, Avg:  0.0, Max: 0, Diff: 0, Sum: 0, Workers: 4
[2105.997s][debug][gc,phases      ] GC(102)   Weak JFR Old Object Samples    Min:  0.0, Avg:  0.0, Max:  0.0, Diff:  0.0, Sum:  0.0, Workers: 4
[2105.997s][debug][gc,phases      ] GC(102)     Dead                           Min: 0, Avg:  0.0, Max: 0, Diff: 0, Sum: 0, Workers: 4
[2105.997s][debug][gc,phases      ] GC(102)     Total                          Min: 0, Avg:  0.0, Max: 0, Diff: 0, Sum: 0, Workers: 4
[2105.997s][debug][gc,phases      ] GC(102) Weak Processing 0.477ms
[2105.997s][debug][gc,age         ] GC(102) Desired survivor size 6291456 bytes, new threshold 1 (max threshold 15)
[2105.997s][info ][gc,heap        ] GC(102) PSYoungGen: 2089691K(2091008K)->4368K(2091008K) Eden: 2084864K(2084864K)->0K(2084864K) From: 4827K(6144K)->4368K(6144K)
[2105.997s][info ][gc,heap        ] GC(102) ParOldGen: 351565K(351744K)->352597K(352768K)
[2105.997s][info ][gc,metaspace   ] GC(102) Metaspace: 111236K(112576K)->111236K(112576K) NonClass: 94710K(95488K)->94710K(95488K) Class: 16526K(17088K)->16526K(17088K)
[2105.997s][info ][gc             ] GC(102) Pause Young (Allocation Failure) 2384M->348M(2386M) 5.745ms
[2105.997s][info ][gc,cpu         ] GC(102) User=0.02s Sys=0.00s Real=0.01s
[2105.997s][info ][safepoint      ] Safepoint "ParallelGCFailedAllocation", Time since last: 1035635305 ns, Reaching safepoint: 85603 ns, Cleanup: 5100 ns, At safepoint: 5839094 ns, Total: 5929797 ns
[2106.998s][info ][safepoint      ] Safepoint "Cleanup", Time since last: 1000099590 ns, Reaching safepoint: 276009 ns, Cleanup: 13600 ns, At safepoint: 7601 ns, Total: 297210 ns
[2122.999s][info ][safepoint      ] Safepoint "Cleanup", Time since last: 16001434181 ns, Reaching safepoint: 86503 ns, Cleanup: 12400 ns, At safepoint: 7601 ns, Total: 106504 ns
[2131.091s][info ][gc,start       ] GC(103) Pause Young (Allocation Failure)
[2131.095s][debug][gc,phases      ] GC(103) Scavenge 4.198ms
[2131.095s][debug][gc,ref         ] GC(103) ReferenceProcessor::execute queues: 1, RefProcThreadModel::Single, marks_oops_alive: false
[2131.095s][debug][gc,ref         ] GC(103) Skipped KeepAliveFinalRefsPhase of Reference Processing: no references
[2131.095s][debug][gc,ref         ] GC(103) ReferenceProcessor::execute queues: 1, RefProcThreadModel::Single, marks_oops_alive: false
[2131.095s][debug][gc,phases      ] GC(103) Reference Processing 0.120ms
[2131.096s][debug][gc,phases      ] GC(103)   VM Weak                        Min:  0.0, Avg:  0.0, Max:  0.0, Diff:  0.0, Sum:  0.0, Workers: 4
[2131.096s][debug][gc,phases      ] GC(103)     Dead                           Min: 0, Avg:  0.0, Max: 0, Diff: 0, Sum: 0, Workers: 4
[2131.096s][debug][gc,phases      ] GC(103)     Total                          Min: 0, Avg: 260.0, Max: 832, Diff: 832, Sum: 1040, Workers: 4
[2131.096s][debug][gc,phases      ] GC(103)   ObjectSynchronizer Weak        Min:  0.0, Avg:  0.0, Max:  0.0, Diff:  0.0, Sum:  0.0, Workers: 4
[2131.096s][debug][gc,phases      ] GC(103)     Dead                           Min: 0, Avg:  0.0, Max: 0, Diff: 0, Sum: 0, Workers: 4
[2131.096s][debug][gc,phases      ] GC(103)     Total                          Min: 0, Avg:  1.0, Max: 4, Diff: 4, Sum: 4, Workers: 4
[2131.096s][debug][gc,phases      ] GC(103)   JVMTI Tag Weak OopStorage      Min:  0.0, Avg:  0.0, Max:  0.0, Diff:  0.0, Sum:  0.0, Workers: 4
[2131.096s][debug][gc,phases      ] GC(103)     Dead                           Min: 0, Avg:  0.0, Max: 0, Diff: 0, Sum: 0, Workers: 4
[2131.096s][debug][gc,phases      ] GC(103)     Total                          Min: 0, Avg:  0.0, Max: 0, Diff: 0, Sum: 0, Workers: 4
[2131.096s][debug][gc,phases      ] GC(103)   StringTable Weak               Min:  0.1, Avg:  0.1, Max:  0.1, Diff:  0.0, Sum:  0.5, Workers: 4
[2131.096s][debug][gc,phases      ] GC(103)     Dead                           Min: 0, Avg:  0.0, Max: 0, Diff: 0, Sum: 0, Workers: 4
[2131.096s][debug][gc,phases      ] GC(103)     Total                          Min: 11072, Avg: 11924.5, Max: 12928, Diff: 1856, Sum: 47698, Workers: 4
[2131.096s][debug][gc,phases      ] GC(103)   ResolvedMethodTable Weak       Min:  0.0, Avg:  0.0, Max:  0.0, Diff:  0.0, Sum:  0.2, Workers: 4
[2131.096s][debug][gc,phases      ] GC(103)     Dead                           Min: 0, Avg:  4.0, Max: 16, Diff: 16, Sum: 16, Workers: 4
[2131.096s][debug][gc,phases      ] GC(103)     Total                          Min: 3757, Avg: 3902.2, Max: 4013, Diff: 256, Sum: 15609, Workers: 4
[2131.096s][debug][gc,phases      ] GC(103)   JNI Weak                       Min:  0.0, Avg:  0.0, Max:  0.0, Diff:  0.0, Sum:  0.0, Workers: 4
[2131.096s][debug][gc,phases      ] GC(103)     Dead                           Min: 0, Avg:  0.0, Max: 0, Diff: 0, Sum: 0, Workers: 4
[2131.096s][debug][gc,phases      ] GC(103)     Total                          Min: 0, Avg: 13.0, Max: 48, Diff: 48, Sum: 52, Workers: 4
[2131.096s][debug][gc,phases      ] GC(103)   StringDedup Table Weak         Min:  0.0, Avg:  0.0, Max:  0.0, Diff:  0.0, Sum:  0.0, Workers: 4
[2131.096s][debug][gc,phases      ] GC(103)     Dead                           Min: 0, Avg:  0.0, Max: 0, Diff: 0, Sum: 0, Workers: 4
[2131.096s][debug][gc,phases      ] GC(103)     Total                          Min: 0, Avg:  0.0, Max: 0, Diff: 0, Sum: 0, Workers: 4
[2131.096s][debug][gc,phases      ] GC(103)   StringDedup Requests0 Weak     Min:  0.0, Avg:  0.0, Max:  0.0, Diff:  0.0, Sum:  0.0, Workers: 4
[2131.096s][debug][gc,phases      ] GC(103)     Dead                           Min: 0, Avg:  0.0, Max: 0, Diff: 0, Sum: 0, Workers: 4
[2131.096s][debug][gc,phases      ] GC(103)     Total                          Min: 0, Avg:  0.0, Max: 0, Diff: 0, Sum: 0, Workers: 4
[2131.096s][debug][gc,phases      ] GC(103)   StringDedup Requests1 Weak     Min:  0.0, Avg:  0.0, Max:  0.0, Diff:  0.0, Sum:  0.0, Workers: 4
[2131.096s][debug][gc,phases      ] GC(103)     Dead                           Min: 0, Avg:  0.0, Max: 0, Diff: 0, Sum: 0, Workers: 4
[2131.096s][debug][gc,phases      ] GC(103)     Total                          Min: 0, Avg:  0.0, Max: 0, Diff: 0, Sum: 0, Workers: 4
[2131.096s][debug][gc,phases      ] GC(103)   Weak JFR Old Object Samples    Min:  0.0, Avg:  0.0, Max:  0.0, Diff:  0.0, Sum:  0.0, Workers: 4
[2131.096s][debug][gc,phases      ] GC(103)     Dead                           Min: 0, Avg:  0.0, Max: 0, Diff: 0, Sum: 0, Workers: 4
[2131.096s][debug][gc,phases      ] GC(103)     Total                          Min: 0, Avg:  0.0, Max: 0, Diff: 0, Sum: 0, Workers: 4
[2131.096s][debug][gc,phases      ] GC(103) Weak Processing 0.444ms
[2131.096s][debug][gc,age         ] GC(103) Desired survivor size 6291456 bytes, new threshold 1 (max threshold 15)
[2131.096s][info ][gc,heap        ] GC(103) PSYoungGen: 2089232K(2091008K)->3920K(2091008K) Eden: 2084864K(2084864K)->0K(2084864K) From: 4368K(6144K)->3920K(6144K)
[2131.096s][info ][gc,heap        ] GC(103) ParOldGen: 352597K(352768K)->353561K(353792K)
[2131.096s][info ][gc,metaspace   ] GC(103) Metaspace: 111243K(112576K)->111243K(112576K) NonClass: 94716K(95488K)->94716K(95488K) Class: 16526K(17088K)->16526K(17088K)
[2131.096s][info ][gc             ] GC(103) Pause Young (Allocation Failure) 2384M->349M(2387M) 4.920ms
[2131.096s][info ][gc,cpu         ] GC(103) User=0.01s Sys=0.00s Real=0.01s
[2131.096s][info ][safepoint      ] Safepoint "ParallelGCFailedAllocation", Time since last: 8091451814 ns, Reaching safepoint: 85803 ns, Cleanup: 5100 ns, At safepoint: 5019367 ns, Total: 5110270 ns
[2134.096s][info ][safepoint      ] Safepoint "Cleanup", Time since last: 3000256584 ns, Reaching safepoint: 89603 ns, Cleanup: 14301 ns, At safepoint: 8800 ns, Total: 112704 ns
[2143.097s][info ][safepoint      ] Safepoint "Cleanup", Time since last: 9000802898 ns, Reaching safepoint: 87303 ns, Cleanup: 11901 ns, At safepoint: 9300 ns, Total: 108504 ns
[2147.098s][info ][safepoint      ] Safepoint "Cleanup", Time since last: 4000385788 ns, Reaching safepoint: 88601 ns, Cleanup: 13400 ns, At safepoint: 10100 ns, Total: 112101 ns
[2150.098s][info ][safepoint      ] Safepoint "Cleanup", Time since last: 3000307581 ns, Reaching safepoint: 86303 ns, Cleanup: 11900 ns, At safepoint: 9301 ns, Total: 107504 ns
[2153.099s][info ][safepoint      ] Safepoint "Cleanup", Time since last: 3000335963 ns, Reaching safepoint: 88803 ns, Cleanup: 13101 ns, At safepoint: 9300 ns, Total: 111204 ns
[2156.232s][info ][gc,start       ] GC(104) Pause Young (Allocation Failure)
[2156.237s][debug][gc,phases      ] GC(104) Scavenge 4.739ms
[2156.237s][debug][gc,ref         ] GC(104) ReferenceProcessor::execute queues: 1, RefProcThreadModel::Single, marks_oops_alive: false
[2156.237s][debug][gc,ref         ] GC(104) Skipped KeepAliveFinalRefsPhase of Reference Processing: no references
[2156.237s][debug][gc,ref         ] GC(104) ReferenceProcessor::execute queues: 1, RefProcThreadModel::Single, marks_oops_alive: false
[2156.237s][debug][gc,phases      ] GC(104) Reference Processing 0.120ms
[2156.237s][debug][gc,phases      ] GC(104)   VM Weak                        Min:  0.0, Avg:  0.0, Max:  0.0, Diff:  0.0, Sum:  0.0, Workers: 4
[2156.237s][debug][gc,phases      ] GC(104)     Dead                           Min: 0, Avg:  0.0, Max: 0, Diff: 0, Sum: 0, Workers: 4
[2156.237s][debug][gc,phases      ] GC(104)     Total                          Min: 0, Avg: 260.0, Max: 768, Diff: 768, Sum: 1040, Workers: 4
[2156.237s][debug][gc,phases      ] GC(104)   ObjectSynchronizer Weak        Min:  0.0, Avg:  0.0, Max:  0.0, Diff:  0.0, Sum:  0.0, Workers: 4
[2156.237s][debug][gc,phases      ] GC(104)     Dead                           Min: 0, Avg:  0.0, Max: 0, Diff: 0, Sum: 0, Workers: 4
[2156.237s][debug][gc,phases      ] GC(104)     Total                          Min: 0, Avg:  1.0, Max: 4, Diff: 4, Sum: 4, Workers: 4
[2156.237s][debug][gc,phases      ] GC(104)   JVMTI Tag Weak OopStorage      Min:  0.0, Avg:  0.0, Max:  0.0, Diff:  0.0, Sum:  0.0, Workers: 4
[2156.237s][debug][gc,phases      ] GC(104)     Dead                           Min: 0, Avg:  0.0, Max: 0, Diff: 0, Sum: 0, Workers: 4
[2156.237s][debug][gc,phases      ] GC(104)     Total                          Min: 0, Avg:  0.0, Max: 0, Diff: 0, Sum: 0, Workers: 4
[2156.237s][debug][gc,phases      ] GC(104)   StringTable Weak               Min:  0.0, Avg:  0.1, Max:  0.2, Diff:  0.2, Sum:  0.5, Workers: 4
[2156.237s][debug][gc,phases      ] GC(104)     Dead                           Min: 0, Avg:  0.0, Max: 0, Diff: 0, Sum: 0, Workers: 4
[2156.237s][debug][gc,phases      ] GC(104)     Total                          Min: 0, Avg: 11924.5, Max: 16640, Diff: 16640, Sum: 47698, Workers: 4
[2156.237s][debug][gc,phases      ] GC(104)   ResolvedMethodTable Weak       Min:  0.0, Avg:  0.0, Max:  0.1, Diff:  0.1, Sum:  0.2, Workers: 4
[2156.237s][debug][gc,phases      ] GC(104)     Dead                           Min: 0, Avg:  4.0, Max: 16, Diff: 16, Sum: 16, Workers: 4
[2156.237s][debug][gc,phases      ] GC(104)     Total                          Min: 0, Avg: 3902.2, Max: 5636, Diff: 5636, Sum: 15609, Workers: 4
[2156.237s][debug][gc,phases      ] GC(104)   JNI Weak                       Min:  0.0, Avg:  0.0, Max:  0.0, Diff:  0.0, Sum:  0.0, Workers: 4
[2156.237s][debug][gc,phases      ] GC(104)     Dead                           Min: 0, Avg:  0.0, Max: 0, Diff: 0, Sum: 0, Workers: 4
[2156.237s][debug][gc,phases      ] GC(104)     Total                          Min: 0, Avg: 13.0, Max: 48, Diff: 48, Sum: 52, Workers: 4
[2156.237s][debug][gc,phases      ] GC(104)   StringDedup Table Weak         Min:  0.0, Avg:  0.0, Max:  0.0, Diff:  0.0, Sum:  0.0, Workers: 4
[2156.237s][debug][gc,phases      ] GC(104)     Dead                           Min: 0, Avg:  0.0, Max: 0, Diff: 0, Sum: 0, Workers: 4
[2156.237s][debug][gc,phases      ] GC(104)     Total                          Min: 0, Avg:  0.0, Max: 0, Diff: 0, Sum: 0, Workers: 4
[2156.237s][debug][gc,phases      ] GC(104)   StringDedup Requests0 Weak     Min:  0.0, Avg:  0.0, Max:  0.0, Diff:  0.0, Sum:  0.0, Workers: 4
[2156.237s][debug][gc,phases      ] GC(104)     Dead                           Min: 0, Avg:  0.0, Max: 0, Diff: 0, Sum: 0, Workers: 4
[2156.237s][debug][gc,phases      ] GC(104)     Total                          Min: 0, Avg:  0.0, Max: 0, Diff: 0, Sum: 0, Workers: 4
[2156.237s][debug][gc,phases      ] GC(104)   StringDedup Requests1 Weak     Min:  0.0, Avg:  0.0, Max:  0.0, Diff:  0.0, Sum:  0.0, Workers: 4
[2156.237s][debug][gc,phases      ] GC(104)     Dead                           Min: 0, Avg:  0.0, Max: 0, Diff: 0, Sum: 0, Workers: 4
[2156.237s][debug][gc,phases      ] GC(104)     Total                          Min: 0, Avg:  0.0, Max: 0, Diff: 0, Sum: 0, Workers: 4
[2156.237s][debug][gc,phases      ] GC(104)   Weak JFR Old Object Samples    Min:  0.0, Avg:  0.0, Max:  0.0, Diff:  0.0, Sum:  0.0, Workers: 4
[2156.237s][debug][gc,phases      ] GC(104)     Dead                           Min: 0, Avg:  0.0, Max: 0, Diff: 0, Sum: 0, Workers: 4
[2156.237s][debug][gc,phases      ] GC(104)     Total                          Min: 0, Avg:  0.0, Max: 0, Diff: 0, Sum: 0, Workers: 4
[2156.237s][debug][gc,phases      ] GC(104) Weak Processing 0.460ms
[2156.237s][debug][gc,age         ] GC(104) Desired survivor size 5767168 bytes, new threshold 1 (max threshold 15)
[2156.237s][info ][gc,heap        ] GC(104) PSYoungGen: 2088784K(2091008K)->4240K(2091008K) Eden: 2084864K(2084864K)->0K(2084864K) From: 3920K(6144K)->4240K(6144K)
[2156.237s][info ][gc,heap        ] GC(104) ParOldGen: 353561K(353792K)->354305K(354816K)
[2156.237s][info ][gc,metaspace   ] GC(104) Metaspace: 111244K(112576K)->111244K(112576K) NonClass: 94717K(95488K)->94717K(95488K) Class: 16526K(17088K)->16526K(17088K)
[2156.237s][info ][gc             ] GC(104) Pause Young (Allocation Failure) 2385M->350M(2388M) 5.465ms
[2156.238s][info ][gc,cpu         ] GC(104) User=0.02s Sys=0.00s Real=0.00s
[2156.238s][info ][safepoint      ] Safepoint "ParallelGCFailedAllocation", Time since last: 3133443637 ns, Reaching safepoint: 11101 ns, Cleanup: 4500 ns, At safepoint: 5553789 ns, Total: 5569390 ns
[2180.170s][info ][gc,start       ] GC(105) Pause Young (Allocation Failure)
[2180.174s][debug][gc,phases      ] GC(105) Scavenge 4.309ms
[2180.174s][debug][gc,ref         ] GC(105) ReferenceProcessor::execute queues: 1, RefProcThreadModel::Single, marks_oops_alive: false
[2180.174s][debug][gc,ref         ] GC(105) Skipped KeepAliveFinalRefsPhase of Reference Processing: no references
[2180.174s][debug][gc,ref         ] GC(105) Skipped PhantomRefsPhase of Reference Processing: no references
[2180.174s][debug][gc,phases      ] GC(105) Reference Processing 0.124ms
[2180.175s][debug][gc,phases      ] GC(105)   VM Weak                        Min:  0.0, Avg:  0.0, Max:  0.0, Diff:  0.0, Sum:  0.0, Workers: 4
[2180.175s][debug][gc,phases      ] GC(105)     Dead                           Min: 0, Avg:  0.0, Max: 0, Diff: 0, Sum: 0, Workers: 4
[2180.175s][debug][gc,phases      ] GC(105)     Total                          Min: 0, Avg: 260.0, Max: 512, Diff: 512, Sum: 1040, Workers: 4
[2180.175s][debug][gc,phases      ] GC(105)   ObjectSynchronizer Weak        Min:  0.0, Avg:  0.0, Max:  0.0, Diff:  0.0, Sum:  0.0, Workers: 4
[2180.175s][debug][gc,phases      ] GC(105)     Dead                           Min: 0, Avg:  0.0, Max: 0, Diff: 0, Sum: 0, Workers: 4
[2180.175s][debug][gc,phases      ] GC(105)     Total                          Min: 0, Avg:  1.0, Max: 4, Diff: 4, Sum: 4, Workers: 4
[2180.175s][debug][gc,phases      ] GC(105)   JVMTI Tag Weak OopStorage      Min:  0.0, Avg:  0.0, Max:  0.0, Diff:  0.0, Sum:  0.0, Workers: 4
[2180.175s][debug][gc,phases      ] GC(105)     Dead                           Min: 0, Avg:  0.0, Max: 0, Diff: 0, Sum: 0, Workers: 4
[2180.175s][debug][gc,phases      ] GC(105)     Total                          Min: 0, Avg:  0.0, Max: 0, Diff: 0, Sum: 0, Workers: 4
[2180.175s][debug][gc,phases      ] GC(105)   StringTable Weak               Min:  0.1, Avg:  0.1, Max:  0.1, Diff:  0.0, Sum:  0.5, Workers: 4
[2180.175s][debug][gc,phases      ] GC(105)     Dead                           Min: 0, Avg:  0.0, Max: 0, Diff: 0, Sum: 0, Workers: 4
[2180.175s][debug][gc,phases      ] GC(105)     Total                          Min: 11328, Avg: 11925.0, Max: 12480, Diff: 1152, Sum: 47700, Workers: 4
[2180.175s][debug][gc,phases      ] GC(105)   ResolvedMethodTable Weak       Min:  0.0, Avg:  0.0, Max:  0.0, Diff:  0.0, Sum:  0.2, Workers: 4
[2180.175s][debug][gc,phases      ] GC(105)     Dead                           Min: 0, Avg:  4.0, Max: 16, Diff: 16, Sum: 16, Workers: 4
[2180.175s][debug][gc,phases      ] GC(105)     Total                          Min: 3675, Avg: 3902.2, Max: 4137, Diff: 462, Sum: 15609, Workers: 4
[2180.175s][debug][gc,phases      ] GC(105)   JNI Weak                       Min:  0.0, Avg:  0.0, Max:  0.0, Diff:  0.0, Sum:  0.0, Workers: 4
[2180.175s][debug][gc,phases      ] GC(105)     Dead                           Min: 0, Avg:  0.0, Max: 0, Diff: 0, Sum: 0, Workers: 4
[2180.175s][debug][gc,phases      ] GC(105)     Total                          Min: 0, Avg: 13.0, Max: 48, Diff: 48, Sum: 52, Workers: 4
[2180.175s][debug][gc,phases      ] GC(105)   StringDedup Table Weak         Min:  0.0, Avg:  0.0, Max:  0.0, Diff:  0.0, Sum:  0.0, Workers: 4
[2180.175s][debug][gc,phases      ] GC(105)     Dead                           Min: 0, Avg:  0.0, Max: 0, Diff: 0, Sum: 0, Workers: 4
[2180.175s][debug][gc,phases      ] GC(105)     Total                          Min: 0, Avg:  0.0, Max: 0, Diff: 0, Sum: 0, Workers: 4
[2180.175s][debug][gc,phases      ] GC(105)   StringDedup Requests0 Weak     Min:  0.0, Avg:  0.0, Max:  0.0, Diff:  0.0, Sum:  0.0, Workers: 4
[2180.175s][debug][gc,phases      ] GC(105)     Dead                           Min: 0, Avg:  0.0, Max: 0, Diff: 0, Sum: 0, Workers: 4
[2180.175s][debug][gc,phases      ] GC(105)     Total                          Min: 0, Avg:  0.0, Max: 0, Diff: 0, Sum: 0, Workers: 4
[2180.175s][debug][gc,phases      ] GC(105)   StringDedup Requests1 Weak     Min:  0.0, Avg:  0.0, Max:  0.0, Diff:  0.0, Sum:  0.0, Workers: 4
[2180.175s][debug][gc,phases      ] GC(105)     Dead                           Min: 0, Avg:  0.0, Max: 0, Diff: 0, Sum: 0, Workers: 4
[2180.175s][debug][gc,phases      ] GC(105)     Total                          Min: 0, Avg:  0.0, Max: 0, Diff: 0, Sum: 0, Workers: 4
[2180.175s][debug][gc,phases      ] GC(105)   Weak JFR Old Object Samples    Min:  0.0, Avg:  0.0, Max:  0.0, Diff:  0.0, Sum:  0.0, Workers: 4
[2180.175s][debug][gc,phases      ] GC(105)     Dead                           Min: 0, Avg:  0.0, Max: 0, Diff: 0, Sum: 0, Workers: 4
[2180.175s][debug][gc,phases      ] GC(105)     Total                          Min: 0, Avg:  0.0, Max: 0, Diff: 0, Sum: 0, Workers: 4
[2180.175s][debug][gc,phases      ] GC(105) Weak Processing 0.422ms
[2180.175s][debug][gc,age         ] GC(105) Desired survivor size 5767168 bytes, new threshold 1 (max threshold 15)
[2180.175s][info ][gc,heap        ] GC(105) PSYoungGen: 2089104K(2091008K)->4064K(2091520K) Eden: 2084864K(2084864K)->0K(2085888K) From: 4240K(6144K)->4064K(5632K)
[2180.175s][info ][gc,heap        ] GC(105) ParOldGen: 354305K(354816K)->355110K(355328K)
[2180.175s][info ][gc,metaspace   ] GC(105) Metaspace: 111251K(112576K)->111251K(112576K) NonClass: 94724K(95488K)->94724K(95488K) Class: 16526K(17088K)->16526K(17088K)
[2180.175s][info ][gc             ] GC(105) Pause Young (Allocation Failure) 2386M->350M(2389M) 5.004ms
[2180.175s][info ][gc,cpu         ] GC(105) User=0.02s Sys=0.00s Real=0.01s
[2180.175s][info ][safepoint      ] Safepoint "ParallelGCFailedAllocation", Time since last: 23932308244 ns, Reaching safepoint: 7900 ns, Cleanup: 4700 ns, At safepoint: 5115368 ns, Total: 5127968 ns
[2192.176s][info ][safepoint      ] Safepoint "Cleanup", Time since last: 12000985157 ns, Reaching safepoint: 10201 ns, Cleanup: 13300 ns, At safepoint: 3300 ns, Total: 26801 ns
[2193.176s][info ][safepoint      ] Safepoint "Cleanup", Time since last: 1000146247 ns, Reaching safepoint: 11601 ns, Cleanup: 19700 ns, At safepoint: 3301 ns, Total: 34602 ns
[2195.176s][info ][safepoint      ] Safepoint "Cleanup", Time since last: 2000221832 ns, Reaching safepoint: 13500 ns, Cleanup: 17101 ns, At safepoint: 3200 ns, Total: 33801 ns
[2199.177s][info ][safepoint      ] Safepoint "Cleanup", Time since last: 4000373808 ns, Reaching safepoint: 13900 ns, Cleanup: 18401 ns, At safepoint: 3700 ns, Total: 36001 ns
[2203.177s][info ][safepoint      ] Safepoint "Cleanup", Time since last: 4000356447 ns, Reaching safepoint: 12400 ns, Cleanup: 28501 ns, At safepoint: 3600 ns, Total: 44501 ns
[2204.464s][info ][gc,start       ] GC(106) Pause Young (Allocation Failure)
[2204.469s][debug][gc,phases      ] GC(106) Scavenge 4.935ms
[2204.469s][debug][gc,ref         ] GC(106) ReferenceProcessor::execute queues: 1, RefProcThreadModel::Single, marks_oops_alive: false
[2204.469s][debug][gc,ref         ] GC(106) Skipped KeepAliveFinalRefsPhase of Reference Processing: no references
[2204.469s][debug][gc,ref         ] GC(106) Skipped PhantomRefsPhase of Reference Processing: no references
[2204.469s][debug][gc,phases      ] GC(106) Reference Processing 0.120ms
[2204.470s][debug][gc,phases      ] GC(106)   VM Weak                        Min:  0.0, Avg:  0.0, Max:  0.0, Diff:  0.0, Sum:  0.0, Workers: 4
[2204.470s][debug][gc,phases      ] GC(106)     Dead                           Min: 0, Avg:  0.0, Max: 0, Diff: 0, Sum: 0, Workers: 4
[2204.470s][debug][gc,phases      ] GC(106)     Total                          Min: 0, Avg: 260.0, Max: 720, Diff: 720, Sum: 1040, Workers: 4
[2204.470s][debug][gc,phases      ] GC(106)   ObjectSynchronizer Weak        Min:  0.0, Avg:  0.0, Max:  0.0, Diff:  0.0, Sum:  0.0, Workers: 4
[2204.470s][debug][gc,phases      ] GC(106)     Dead                           Min: 0, Avg:  0.0, Max: 0, Diff: 0, Sum: 0, Workers: 4
[2204.470s][debug][gc,phases      ] GC(106)     Total                          Min: 0, Avg:  1.0, Max: 4, Diff: 4, Sum: 4, Workers: 4
[2204.470s][debug][gc,phases      ] GC(106)   JVMTI Tag Weak OopStorage      Min:  0.0, Avg:  0.0, Max:  0.0, Diff:  0.0, Sum:  0.0, Workers: 4
[2204.470s][debug][gc,phases      ] GC(106)     Dead                           Min: 0, Avg:  0.0, Max: 0, Diff: 0, Sum: 0, Workers: 4
[2204.470s][debug][gc,phases      ] GC(106)     Total                          Min: 0, Avg:  0.0, Max: 0, Diff: 0, Sum: 0, Workers: 4
[2204.470s][debug][gc,phases      ] GC(106)   StringTable Weak               Min:  0.0, Avg:  0.2, Max:  0.4, Diff:  0.4, Sum:  0.7, Workers: 4
[2204.470s][debug][gc,phases      ] GC(106)     Dead                           Min: 0, Avg:  0.0, Max: 0, Diff: 0, Sum: 0, Workers: 4
[2204.470s][debug][gc,phases      ] GC(106)     Total                          Min: 0, Avg: 11925.0, Max: 17023, Diff: 17023, Sum: 47700, Workers: 4
[2204.470s][debug][gc,phases      ] GC(106)   ResolvedMethodTable Weak       Min:  0.0, Avg:  0.0, Max:  0.1, Diff:  0.1, Sum:  0.2, Workers: 4
[2204.470s][debug][gc,phases      ] GC(106)     Dead                           Min: 0, Avg:  4.0, Max: 16, Diff: 16, Sum: 16, Workers: 4
[2204.470s][debug][gc,phases      ] GC(106)     Total                          Min: 0, Avg: 3902.2, Max: 8001, Diff: 8001, Sum: 15609, Workers: 4
[2204.470s][debug][gc,phases      ] GC(106)   JNI Weak                       Min:  0.0, Avg:  0.0, Max:  0.0, Diff:  0.0, Sum:  0.0, Workers: 4
[2204.470s][debug][gc,phases      ] GC(106)     Dead                           Min: 0, Avg:  0.0, Max: 0, Diff: 0, Sum: 0, Workers: 4
[2204.470s][debug][gc,phases      ] GC(106)     Total                          Min: 0, Avg: 13.0, Max: 48, Diff: 48, Sum: 52, Workers: 4
[2204.470s][debug][gc,phases      ] GC(106)   StringDedup Table Weak         Min:  0.0, Avg:  0.0, Max:  0.0, Diff:  0.0, Sum:  0.0, Workers: 4
[2204.470s][debug][gc,phases      ] GC(106)     Dead                           Min: 0, Avg:  0.0, Max: 0, Diff: 0, Sum: 0, Workers: 4
[2204.470s][debug][gc,phases      ] GC(106)     Total                          Min: 0, Avg:  0.0, Max: 0, Diff: 0, Sum: 0, Workers: 4
[2204.470s][debug][gc,phases      ] GC(106)   StringDedup Requests0 Weak     Min:  0.0, Avg:  0.0, Max:  0.0, Diff:  0.0, Sum:  0.0, Workers: 4
[2204.470s][debug][gc,phases      ] GC(106)     Dead                           Min: 0, Avg:  0.0, Max: 0, Diff: 0, Sum: 0, Workers: 4
[2204.470s][debug][gc,phases      ] GC(106)     Total                          Min: 0, Avg:  0.0, Max: 0, Diff: 0, Sum: 0, Workers: 4
[2204.470s][debug][gc,phases      ] GC(106)   StringDedup Requests1 Weak     Min:  0.0, Avg:  0.0, Max:  0.0, Diff:  0.0, Sum:  0.0, Workers: 4
[2204.470s][debug][gc,phases      ] GC(106)     Dead                           Min: 0, Avg:  0.0, Max: 0, Diff: 0, Sum: 0, Workers: 4
[2204.470s][debug][gc,phases      ] GC(106)     Total                          Min: 0, Avg:  0.0, Max: 0, Diff: 0, Sum: 0, Workers: 4
[2204.470s][debug][gc,phases      ] GC(106)   Weak JFR Old Object Samples    Min:  0.0, Avg:  0.0, Max:  0.0, Diff:  0.0, Sum:  0.0, Workers: 4
[2204.470s][debug][gc,phases      ] GC(106)     Dead                           Min: 0, Avg:  0.0, Max: 0, Diff: 0, Sum: 0, Workers: 4
[2204.470s][debug][gc,phases      ] GC(106)     Total                          Min: 0, Avg:  0.0, Max: 0, Diff: 0, Sum: 0, Workers: 4
[2204.470s][debug][gc,phases      ] GC(106) Weak Processing 0.629ms
[2204.470s][debug][gc,age         ] GC(106) Desired survivor size 5767168 bytes, new threshold 1 (max threshold 15)
[2204.470s][info ][gc,heap        ] GC(106) PSYoungGen: 2089952K(2091520K)->3968K(2091520K) Eden: 2085888K(2085888K)->0K(2085888K) From: 4064K(5632K)->3968K(5632K)
[2204.470s][info ][gc,heap        ] GC(106) ParOldGen: 355110K(355328K)->355946K(356352K)
[2204.470s][info ][gc,metaspace   ] GC(106) Metaspace: 111255K(112576K)->111255K(112576K) NonClass: 94729K(95488K)->94729K(95488K) Class: 16526K(17088K)->16526K(17088K)
[2204.470s][info ][gc             ] GC(106) Pause Young (Allocation Failure) 2387M->351M(2390M) 5.850ms
[2204.470s][info ][gc,cpu         ] GC(106) User=0.02s Sys=0.00s Real=0.00s
[2204.470s][info ][safepoint      ] Safepoint "ParallelGCFailedAllocation", Time since last: 1286671698 ns, Reaching safepoint: 7601 ns, Cleanup: 4500 ns, At safepoint: 5941593 ns, Total: 5953694 ns
[2207.470s][info ][safepoint      ] Safepoint "Cleanup", Time since last: 3000260865 ns, Reaching safepoint: 8400 ns, Cleanup: 15201 ns, At safepoint: 2200 ns, Total: 25801 ns
[2210.470s][info ][safepoint      ] Safepoint "Cleanup", Time since last: 3000265391 ns, Reaching safepoint: 8900 ns, Cleanup: 11201 ns, At safepoint: 2800 ns, Total: 22901 ns
[2214.471s][info ][safepoint      ] Safepoint "Cleanup", Time since last: 4000421076 ns, Reaching safepoint: 15601 ns, Cleanup: 21200 ns, At safepoint: 3100 ns, Total: 39901 ns
[2218.471s][info ][safepoint      ] Safepoint "Cleanup", Time since last: 4000400061 ns, Reaching safepoint: 8300 ns, Cleanup: 17201 ns, At safepoint: 2400 ns, Total: 27901 ns
[2224.994s][info ][safepoint      ] Safepoint "Cleanup", Time since last: 6522673592 ns, Reaching safepoint: 78503 ns, Cleanup: 12200 ns, At safepoint: 7301 ns, Total: 98004 ns
[2228.757s][info ][gc,start       ] GC(107) Pause Young (Allocation Failure)
[2228.765s][debug][gc,phases      ] GC(107) Scavenge 8.460ms
[2228.765s][debug][gc,ref         ] GC(107) ReferenceProcessor::execute queues: 1, RefProcThreadModel::Single, marks_oops_alive: false
[2228.765s][debug][gc,ref         ] GC(107) Skipped KeepAliveFinalRefsPhase of Reference Processing: no references
[2228.765s][debug][gc,ref         ] GC(107) ReferenceProcessor::execute queues: 1, RefProcThreadModel::Single, marks_oops_alive: false
[2228.765s][debug][gc,phases      ] GC(107) Reference Processing 0.151ms
[2228.766s][debug][gc,phases      ] GC(107)   VM Weak                        Min:  0.0, Avg:  0.0, Max:  0.0, Diff:  0.0, Sum:  0.0, Workers: 4
[2228.766s][debug][gc,phases      ] GC(107)     Dead                           Min: 0, Avg:  0.0, Max: 0, Diff: 0, Sum: 0, Workers: 4
[2228.766s][debug][gc,phases      ] GC(107)     Total                          Min: 0, Avg: 260.0, Max: 704, Diff: 704, Sum: 1040, Workers: 4
[2228.766s][debug][gc,phases      ] GC(107)   ObjectSynchronizer Weak        Min:  0.0, Avg:  0.0, Max:  0.0, Diff:  0.0, Sum:  0.0, Workers: 4
[2228.766s][debug][gc,phases      ] GC(107)     Dead                           Min: 0, Avg:  0.0, Max: 0, Diff: 0, Sum: 0, Workers: 4
[2228.766s][debug][gc,phases      ] GC(107)     Total                          Min: 0, Avg:  1.0, Max: 4, Diff: 4, Sum: 4, Workers: 4
[2228.766s][debug][gc,phases      ] GC(107)   JVMTI Tag Weak OopStorage      Min:  0.0, Avg:  0.0, Max:  0.0, Diff:  0.0, Sum:  0.0, Workers: 4
[2228.766s][debug][gc,phases      ] GC(107)     Dead                           Min: 0, Avg:  0.0, Max: 0, Diff: 0, Sum: 0, Workers: 4
[2228.766s][debug][gc,phases      ] GC(107)     Total                          Min: 0, Avg:  0.0, Max: 0, Diff: 0, Sum: 0, Workers: 4
[2228.766s][debug][gc,phases      ] GC(107)   StringTable Weak               Min:  0.0, Avg:  0.1, Max:  0.2, Diff:  0.2, Sum:  0.6, Workers: 4
[2228.766s][debug][gc,phases      ] GC(107)     Dead                           Min: 0, Avg:  0.0, Max: 0, Diff: 0, Sum: 0, Workers: 4
[2228.766s][debug][gc,phases      ] GC(107)     Total                          Min: 0, Avg: 11925.0, Max: 17301, Diff: 17301, Sum: 47700, Workers: 4
[2228.766s][debug][gc,phases      ] GC(107)   ResolvedMethodTable Weak       Min:  0.0, Avg:  0.0, Max:  0.1, Diff:  0.1, Sum:  0.2, Workers: 4
[2228.766s][debug][gc,phases      ] GC(107)     Dead                           Min: 0, Avg:  4.0, Max: 16, Diff: 16, Sum: 16, Workers: 4
[2228.766s][debug][gc,phases      ] GC(107)     Total                          Min: 0, Avg: 3902.2, Max: 5835, Diff: 5835, Sum: 15609, Workers: 4
[2228.766s][debug][gc,phases      ] GC(107)   JNI Weak                       Min:  0.0, Avg:  0.0, Max:  0.0, Diff:  0.0, Sum:  0.0, Workers: 4
[2228.766s][debug][gc,phases      ] GC(107)     Dead                           Min: 0, Avg:  0.0, Max: 0, Diff: 0, Sum: 0, Workers: 4
[2228.766s][debug][gc,phases      ] GC(107)     Total                          Min: 0, Avg: 13.0, Max: 48, Diff: 48, Sum: 52, Workers: 4
[2228.766s][debug][gc,phases      ] GC(107)   StringDedup Table Weak         Min:  0.0, Avg:  0.0, Max:  0.0, Diff:  0.0, Sum:  0.0, Workers: 4
[2228.766s][debug][gc,phases      ] GC(107)     Dead                           Min: 0, Avg:  0.0, Max: 0, Diff: 0, Sum: 0, Workers: 4
[2228.766s][debug][gc,phases      ] GC(107)     Total                          Min: 0, Avg:  0.0, Max: 0, Diff: 0, Sum: 0, Workers: 4
[2228.766s][debug][gc,phases      ] GC(107)   StringDedup Requests0 Weak     Min:  0.0, Avg:  0.0, Max:  0.0, Diff:  0.0, Sum:  0.0, Workers: 4
[2228.766s][debug][gc,phases      ] GC(107)     Dead                           Min: 0, Avg:  0.0, Max: 0, Diff: 0, Sum: 0, Workers: 4
[2228.766s][debug][gc,phases      ] GC(107)     Total                          Min: 0, Avg:  0.0, Max: 0, Diff: 0, Sum: 0, Workers: 4
[2228.766s][debug][gc,phases      ] GC(107)   StringDedup Requests1 Weak     Min:  0.0, Avg:  0.0, Max:  0.0, Diff:  0.0, Sum:  0.0, Workers: 4
[2228.766s][debug][gc,phases      ] GC(107)     Dead                           Min: 0, Avg:  0.0, Max: 0, Diff: 0, Sum: 0, Workers: 4
[2228.766s][debug][gc,phases      ] GC(107)     Total                          Min: 0, Avg:  0.0, Max: 0, Diff: 0, Sum: 0, Workers: 4
[2228.766s][debug][gc,phases      ] GC(107)   Weak JFR Old Object Samples    Min:  0.0, Avg:  0.0, Max:  0.0, Diff:  0.0, Sum:  0.0, Workers: 4
[2228.766s][debug][gc,phases      ] GC(107)     Dead                           Min: 0, Avg:  0.0, Max: 0, Diff: 0, Sum: 0, Workers: 4
[2228.766s][debug][gc,phases      ] GC(107)     Total                          Min: 0, Avg:  0.0, Max: 0, Diff: 0, Sum: 0, Workers: 4
[2228.766s][debug][gc,phases      ] GC(107) Weak Processing 0.534ms
[2228.766s][debug][gc,age         ] GC(107) Desired survivor size 5767168 bytes, new threshold 1 (max threshold 15)
[2228.766s][info ][gc,heap        ] GC(107) PSYoungGen: 2089856K(2091520K)->3968K(2091520K) Eden: 2085888K(2085888K)->0K(2085888K) From: 3968K(5632K)->3968K(5632K)
[2228.766s][info ][gc,heap        ] GC(107) ParOldGen: 355946K(356352K)->356650K(356864K)
[2228.766s][info ][gc,metaspace   ] GC(107) Metaspace: 111256K(112576K)->111256K(112576K) NonClass: 94729K(95488K)->94729K(95488K) Class: 16526K(17088K)->16526K(17088K)
[2228.766s][info ][gc             ] GC(107) Pause Young (Allocation Failure) 2388M->352M(2391M) 9.324ms
[2228.766s][info ][gc,cpu         ] GC(107) User=0.03s Sys=0.00s Real=0.01s
[2228.766s][info ][safepoint      ] Safepoint "ParallelGCFailedAllocation", Time since last: 3762623882 ns, Reaching safepoint: 8100 ns, Cleanup: 5100 ns, At safepoint: 9412095 ns, Total: 9425295 ns
[2231.766s][info ][safepoint      ] Safepoint "Cleanup", Time since last: 3000253348 ns, Reaching safepoint: 9100 ns, Cleanup: 11701 ns, At safepoint: 3100 ns, Total: 23901 ns
[2233.767s][info ][safepoint      ] Safepoint "Cleanup", Time since last: 2000204827 ns, Reaching safepoint: 8000 ns, Cleanup: 11601 ns, At safepoint: 2800 ns, Total: 22401 ns
[2235.767s][info ][safepoint      ] Safepoint "Cleanup", Time since last: 2000225057 ns, Reaching safepoint: 11600 ns, Cleanup: 14901 ns, At safepoint: 2800 ns, Total: 29301 ns
[2237.767s][info ][safepoint      ] Safepoint "Cleanup", Time since last: 2000221957 ns, Reaching safepoint: 11500 ns, Cleanup: 14501 ns, At safepoint: 3200 ns, Total: 29201 ns
[2248.768s][info ][safepoint      ] Safepoint "Cleanup", Time since last: 11000885074 ns, Reaching safepoint: 8300 ns, Cleanup: 12400 ns, At safepoint: 31802 ns, Total: 52502 ns
[2254.147s][info ][gc,start       ] GC(108) Pause Young (Allocation Failure)
[2254.157s][debug][gc,phases      ] GC(108) Scavenge 9.210ms
[2254.157s][debug][gc,ref         ] GC(108) ReferenceProcessor::execute queues: 1, RefProcThreadModel::Single, marks_oops_alive: false
[2254.157s][debug][gc,ref         ] GC(108) Skipped KeepAliveFinalRefsPhase of Reference Processing: no references
[2254.157s][debug][gc,ref         ] GC(108) Skipped PhantomRefsPhase of Reference Processing: no references
[2254.157s][debug][gc,phases      ] GC(108) Reference Processing 0.149ms
[2254.157s][debug][gc,phases      ] GC(108)   VM Weak                        Min:  0.0, Avg:  0.0, Max:  0.0, Diff:  0.0, Sum:  0.0, Workers: 4
[2254.157s][debug][gc,phases      ] GC(108)     Dead                           Min: 0, Avg:  0.0, Max: 0, Diff: 0, Sum: 0, Workers: 4
[2254.157s][debug][gc,phases      ] GC(108)     Total                          Min: 0, Avg: 260.0, Max: 1040, Diff: 1040, Sum: 1040, Workers: 4
[2254.157s][debug][gc,phases      ] GC(108)   ObjectSynchronizer Weak        Min:  0.0, Avg:  0.0, Max:  0.0, Diff:  0.0, Sum:  0.0, Workers: 4
[2254.157s][debug][gc,phases      ] GC(108)     Dead                           Min: 0, Avg:  0.0, Max: 0, Diff: 0, Sum: 0, Workers: 4
[2254.157s][debug][gc,phases      ] GC(108)     Total                          Min: 0, Avg:  1.0, Max: 4, Diff: 4, Sum: 4, Workers: 4
[2254.157s][debug][gc,phases      ] GC(108)   JVMTI Tag Weak OopStorage      Min:  0.0, Avg:  0.0, Max:  0.0, Diff:  0.0, Sum:  0.0, Workers: 4
[2254.157s][debug][gc,phases      ] GC(108)     Dead                           Min: 0, Avg:  0.0, Max: 0, Diff: 0, Sum: 0, Workers: 4
[2254.157s][debug][gc,phases      ] GC(108)     Total                          Min: 0, Avg:  0.0, Max: 0, Diff: 0, Sum: 0, Workers: 4
[2254.157s][debug][gc,phases      ] GC(108)   StringTable Weak               Min:  0.0, Avg:  0.1, Max:  0.3, Diff:  0.3, Sum:  0.5, Workers: 4
[2254.157s][debug][gc,phases      ] GC(108)     Dead                           Min: 0, Avg:  0.0, Max: 0, Diff: 0, Sum: 0, Workers: 4
[2254.157s][debug][gc,phases      ] GC(108)     Total                          Min: 0, Avg: 11925.0, Max: 27711, Diff: 27711, Sum: 47700, Workers: 4
[2254.157s][debug][gc,phases      ] GC(108)   ResolvedMethodTable Weak       Min:  0.0, Avg:  0.0, Max:  0.1, Diff:  0.1, Sum:  0.2, Workers: 4
[2254.157s][debug][gc,phases      ] GC(108)     Dead                           Min: 0, Avg:  4.0, Max: 16, Diff: 16, Sum: 16, Workers: 4
[2254.157s][debug][gc,phases      ] GC(108)     Total                          Min: 0, Avg: 3902.2, Max: 7840, Diff: 7840, Sum: 15609, Workers: 4
[2254.157s][debug][gc,phases      ] GC(108)   JNI Weak                       Min:  0.0, Avg:  0.0, Max:  0.0, Diff:  0.0, Sum:  0.0, Workers: 4
[2254.157s][debug][gc,phases      ] GC(108)     Dead                           Min: 0, Avg:  0.0, Max: 0, Diff: 0, Sum: 0, Workers: 4
[2254.157s][debug][gc,phases      ] GC(108)     Total                          Min: 0, Avg: 13.0, Max: 48, Diff: 48, Sum: 52, Workers: 4
[2254.157s][debug][gc,phases      ] GC(108)   StringDedup Table Weak         Min:  0.0, Avg:  0.0, Max:  0.0, Diff:  0.0, Sum:  0.0, Workers: 4
[2254.157s][debug][gc,phases      ] GC(108)     Dead                           Min: 0, Avg:  0.0, Max: 0, Diff: 0, Sum: 0, Workers: 4
[2254.157s][debug][gc,phases      ] GC(108)     Total                          Min: 0, Avg:  0.0, Max: 0, Diff: 0, Sum: 0, Workers: 4
[2254.157s][debug][gc,phases      ] GC(108)   StringDedup Requests0 Weak     Min:  0.0, Avg:  0.0, Max:  0.0, Diff:  0.0, Sum:  0.0, Workers: 4
[2254.157s][debug][gc,phases      ] GC(108)     Dead                           Min: 0, Avg:  0.0, Max: 0, Diff: 0, Sum: 0, Workers: 4
[2254.157s][debug][gc,phases      ] GC(108)     Total                          Min: 0, Avg:  0.0, Max: 0, Diff: 0, Sum: 0, Workers: 4
[2254.157s][debug][gc,phases      ] GC(108)   StringDedup Requests1 Weak     Min:  0.0, Avg:  0.0, Max:  0.0, Diff:  0.0, Sum:  0.0, Workers: 4
[2254.157s][debug][gc,phases      ] GC(108)     Dead                           Min: 0, Avg:  0.0, Max: 0, Diff: 0, Sum: 0, Workers: 4
[2254.157s][debug][gc,phases      ] GC(108)     Total                          Min: 0, Avg:  0.0, Max: 0, Diff: 0, Sum: 0, Workers: 4
[2254.157s][debug][gc,phases      ] GC(108)   Weak JFR Old Object Samples    Min:  0.0, Avg:  0.0, Max:  0.0, Diff:  0.0, Sum:  0.0, Workers: 4
[2254.157s][debug][gc,phases      ] GC(108)     Dead                           Min: 0, Avg:  0.0, Max: 0, Diff: 0, Sum: 0, Workers: 4
[2254.157s][debug][gc,phases      ] GC(108)     Total                          Min: 0, Avg:  0.0, Max: 0, Diff: 0, Sum: 0, Workers: 4
[2254.157s][debug][gc,phases      ] GC(108) Weak Processing 0.684ms
[2254.157s][debug][gc,age         ] GC(108) Desired survivor size 5767168 bytes, new threshold 1 (max threshold 15)
[2254.157s][info ][gc,heap        ] GC(108) PSYoungGen: 2089856K(2091520K)->4192K(2091520K) Eden: 2085888K(2085888K)->0K(2085888K) From: 3968K(5632K)->4192K(5632K)
[2254.157s][info ][gc,heap        ] GC(108) ParOldGen: 356650K(356864K)->357346K(357376K)
[2254.157s][info ][gc,metaspace   ] GC(108) Metaspace: 111272K(112576K)->111272K(112576K) NonClass: 94745K(95488K)->94745K(95488K) Class: 16526K(17088K)->16526K(17088K)
[2254.157s][info ][gc             ] GC(108) Pause Young (Allocation Failure) 2389M->353M(2391M) 10.226ms
[2254.157s][info ][gc,cpu         ] GC(108) User=0.01s Sys=0.01s Real=0.01s
[2254.158s][info ][safepoint      ] Safepoint "ParallelGCFailedAllocation", Time since last: 5379101902 ns, Reaching safepoint: 8800 ns, Cleanup: 5200 ns, At safepoint: 10319031 ns, Total: 10333031 ns
[2269.159s][info ][safepoint      ] Safepoint "Cleanup", Time since last: 15001253415 ns, Reaching safepoint: 8401 ns, Cleanup: 12100 ns, At safepoint: 2200 ns, Total: 22701 ns
[2278.555s][info ][gc,start       ] GC(109) Pause Young (Allocation Failure)
[2278.564s][debug][gc,phases      ] GC(109) Scavenge 8.368ms
[2278.564s][debug][gc,ref         ] GC(109) ReferenceProcessor::execute queues: 1, RefProcThreadModel::Single, marks_oops_alive: false
[2278.564s][debug][gc,ref         ] GC(109) Skipped KeepAliveFinalRefsPhase of Reference Processing: no references
[2278.564s][debug][gc,ref         ] GC(109) Skipped PhantomRefsPhase of Reference Processing: no references
[2278.564s][debug][gc,phases      ] GC(109) Reference Processing 0.120ms
[2278.564s][debug][gc,phases      ] GC(109)   VM Weak                        Min:  0.0, Avg:  0.0, Max:  0.0, Diff:  0.0, Sum:  0.0, Workers: 4
[2278.564s][debug][gc,phases      ] GC(109)     Dead                           Min: 0, Avg:  0.0, Max: 0, Diff: 0, Sum: 0, Workers: 4
[2278.564s][debug][gc,phases      ] GC(109)     Total                          Min: 0, Avg: 260.0, Max: 704, Diff: 704, Sum: 1040, Workers: 4
[2278.564s][debug][gc,phases      ] GC(109)   ObjectSynchronizer Weak        Min:  0.0, Avg:  0.0, Max:  0.0, Diff:  0.0, Sum:  0.0, Workers: 4
[2278.564s][debug][gc,phases      ] GC(109)     Dead                           Min: 0, Avg:  0.0, Max: 0, Diff: 0, Sum: 0, Workers: 4
[2278.564s][debug][gc,phases      ] GC(109)     Total                          Min: 0, Avg:  1.0, Max: 4, Diff: 4, Sum: 4, Workers: 4
[2278.564s][debug][gc,phases      ] GC(109)   JVMTI Tag Weak OopStorage      Min:  0.0, Avg:  0.0, Max:  0.0, Diff:  0.0, Sum:  0.0, Workers: 4
[2278.564s][debug][gc,phases      ] GC(109)     Dead                           Min: 0, Avg:  0.0, Max: 0, Diff: 0, Sum: 0, Workers: 4
[2278.564s][debug][gc,phases      ] GC(109)     Total                          Min: 0, Avg:  0.0, Max: 0, Diff: 0, Sum: 0, Workers: 4
[2278.564s][debug][gc,phases      ] GC(109)   StringTable Weak               Min:  0.0, Avg:  0.1, Max:  0.2, Diff:  0.2, Sum:  0.5, Workers: 4
[2278.564s][debug][gc,phases      ] GC(109)     Dead                           Min: 0, Avg:  0.0, Max: 0, Diff: 0, Sum: 0, Workers: 4
[2278.564s][debug][gc,phases      ] GC(109)     Total                          Min: 0, Avg: 11925.0, Max: 16256, Diff: 16256, Sum: 47700, Workers: 4
[2278.564s][debug][gc,phases      ] GC(109)   ResolvedMethodTable Weak       Min:  0.0, Avg:  0.0, Max:  0.1, Diff:  0.1, Sum:  0.2, Workers: 4
[2278.564s][debug][gc,phases      ] GC(109)     Dead                           Min: 0, Avg:  4.0, Max: 16, Diff: 16, Sum: 16, Workers: 4
[2278.564s][debug][gc,phases      ] GC(109)     Total                          Min: 0, Avg: 3902.2, Max: 5569, Diff: 5569, Sum: 15609, Workers: 4
[2278.564s][debug][gc,phases      ] GC(109)   JNI Weak                       Min:  0.0, Avg:  0.0, Max:  0.0, Diff:  0.0, Sum:  0.0, Workers: 4
[2278.564s][debug][gc,phases      ] GC(109)     Dead                           Min: 0, Avg:  0.0, Max: 0, Diff: 0, Sum: 0, Workers: 4
[2278.564s][debug][gc,phases      ] GC(109)     Total                          Min: 0, Avg: 13.0, Max: 48, Diff: 48, Sum: 52, Workers: 4
[2278.564s][debug][gc,phases      ] GC(109)   StringDedup Table Weak         Min:  0.0, Avg:  0.0, Max:  0.0, Diff:  0.0, Sum:  0.0, Workers: 4
[2278.564s][debug][gc,phases      ] GC(109)     Dead                           Min: 0, Avg:  0.0, Max: 0, Diff: 0, Sum: 0, Workers: 4
[2278.564s][debug][gc,phases      ] GC(109)     Total                          Min: 0, Avg:  0.0, Max: 0, Diff: 0, Sum: 0, Workers: 4
[2278.564s][debug][gc,phases      ] GC(109)   StringDedup Requests0 Weak     Min:  0.0, Avg:  0.0, Max:  0.0, Diff:  0.0, Sum:  0.0, Workers: 4
[2278.564s][debug][gc,phases      ] GC(109)     Dead                           Min: 0, Avg:  0.0, Max: 0, Diff: 0, Sum: 0, Workers: 4
[2278.564s][debug][gc,phases      ] GC(109)     Total                          Min: 0, Avg:  0.0, Max: 0, Diff: 0, Sum: 0, Workers: 4
[2278.564s][debug][gc,phases      ] GC(109)   StringDedup Requests1 Weak     Min:  0.0, Avg:  0.0, Max:  0.0, Diff:  0.0, Sum:  0.0, Workers: 4
[2278.564s][debug][gc,phases      ] GC(109)     Dead                           Min: 0, Avg:  0.0, Max: 0, Diff: 0, Sum: 0, Workers: 4
[2278.564s][debug][gc,phases      ] GC(109)     Total                          Min: 0, Avg:  0.0, Max: 0, Diff: 0, Sum: 0, Workers: 4
[2278.564s][debug][gc,phases      ] GC(109)   Weak JFR Old Object Samples    Min:  0.0, Avg:  0.0, Max:  0.0, Diff:  0.0, Sum:  0.0, Workers: 4
[2278.564s][debug][gc,phases      ] GC(109)     Dead                           Min: 0, Avg:  0.0, Max: 0, Diff: 0, Sum: 0, Workers: 4
[2278.564s][debug][gc,phases      ] GC(109)     Total                          Min: 0, Avg:  0.0, Max: 0, Diff: 0, Sum: 0, Workers: 4
[2278.564s][debug][gc,phases      ] GC(109) Weak Processing 0.481ms
[2278.564s][debug][gc,age         ] GC(109) Desired survivor size 5767168 bytes, new threshold 1 (max threshold 15)
[2278.564s][info ][gc,heap        ] GC(109) PSYoungGen: 2090080K(2091520K)->4688K(2091520K) Eden: 2085888K(2085888K)->0K(2085888K) From: 4192K(5632K)->4688K(5632K)
[2278.564s][info ][gc,heap        ] GC(109) ParOldGen: 357346K(357376K)->358418K(358912K)
[2278.564s][info ][gc,metaspace   ] GC(109) Metaspace: 111273K(112576K)->111273K(112576K) NonClass: 94747K(95488K)->94747K(95488K) Class: 16526K(17088K)->16526K(17088K)
[2278.564s][info ][gc             ] GC(109) Pause Young (Allocation Failure) 2390M->354M(2393M) 9.177ms
[2278.564s][info ][gc,cpu         ] GC(109) User=0.02s Sys=0.01s Real=0.01s
[2278.564s][info ][safepoint      ] Safepoint "ParallelGCFailedAllocation", Time since last: 9396220282 ns, Reaching safepoint: 12101 ns, Cleanup: 5000 ns, At safepoint: 9261498 ns, Total: 9278599 ns
[2301.016s][info ][safepoint      ] Safepoint "Cleanup", Time since last: 22451409310 ns, Reaching safepoint: 10700 ns, Cleanup: 12001 ns, At safepoint: 3600 ns, Total: 26301 ns
[2302.458s][info ][gc,start       ] GC(110) Pause Young (Allocation Failure)
[2302.467s][debug][gc,phases      ] GC(110) Scavenge 8.765ms
[2302.467s][debug][gc,ref         ] GC(110) ReferenceProcessor::execute queues: 1, RefProcThreadModel::Single, marks_oops_alive: false
[2302.467s][debug][gc,ref         ] GC(110) Skipped KeepAliveFinalRefsPhase of Reference Processing: no references
[2302.467s][debug][gc,ref         ] GC(110) Skipped PhantomRefsPhase of Reference Processing: no references
[2302.467s][debug][gc,phases      ] GC(110) Reference Processing 0.121ms
[2302.467s][debug][gc,phases      ] GC(110)   VM Weak                        Min:  0.0, Avg:  0.0, Max:  0.0, Diff:  0.0, Sum:  0.0, Workers: 4
[2302.467s][debug][gc,phases      ] GC(110)     Dead                           Min: 0, Avg:  0.0, Max: 0, Diff: 0, Sum: 0, Workers: 4
[2302.467s][debug][gc,phases      ] GC(110)     Total                          Min: 0, Avg: 260.0, Max: 1040, Diff: 1040, Sum: 1040, Workers: 4
[2302.467s][debug][gc,phases      ] GC(110)   ObjectSynchronizer Weak        Min:  0.0, Avg:  0.0, Max:  0.0, Diff:  0.0, Sum:  0.0, Workers: 4
[2302.467s][debug][gc,phases      ] GC(110)     Dead                           Min: 0, Avg:  0.0, Max: 0, Diff: 0, Sum: 0, Workers: 4
[2302.467s][debug][gc,phases      ] GC(110)     Total                          Min: 0, Avg:  1.0, Max: 4, Diff: 4, Sum: 4, Workers: 4
[2302.467s][debug][gc,phases      ] GC(110)   JVMTI Tag Weak OopStorage      Min:  0.0, Avg:  0.0, Max:  0.0, Diff:  0.0, Sum:  0.0, Workers: 4
[2302.467s][debug][gc,phases      ] GC(110)     Dead                           Min: 0, Avg:  0.0, Max: 0, Diff: 0, Sum: 0, Workers: 4
[2302.467s][debug][gc,phases      ] GC(110)     Total                          Min: 0, Avg:  0.0, Max: 0, Diff: 0, Sum: 0, Workers: 4
[2302.467s][debug][gc,phases      ] GC(110)   StringTable Weak               Min:  0.0, Avg:  0.1, Max:  0.2, Diff:  0.2, Sum:  0.5, Workers: 4
[2302.467s][debug][gc,phases      ] GC(110)     Dead                           Min: 0, Avg:  0.0, Max: 0, Diff: 0, Sum: 0, Workers: 4
[2302.467s][debug][gc,phases      ] GC(110)     Total                          Min: 0, Avg: 11925.0, Max: 25343, Diff: 25343, Sum: 47700, Workers: 4
[2302.467s][debug][gc,phases      ] GC(110)   ResolvedMethodTable Weak       Min:  0.0, Avg:  0.0, Max:  0.1, Diff:  0.1, Sum:  0.2, Workers: 4
[2302.467s][debug][gc,phases      ] GC(110)     Dead                           Min: 0, Avg:  4.0, Max: 16, Diff: 16, Sum: 16, Workers: 4
[2302.467s][debug][gc,phases      ] GC(110)     Total                          Min: 0, Avg: 3902.2, Max: 8373, Diff: 8373, Sum: 15609, Workers: 4
[2302.467s][debug][gc,phases      ] GC(110)   JNI Weak                       Min:  0.0, Avg:  0.0, Max:  0.0, Diff:  0.0, Sum:  0.0, Workers: 4
[2302.467s][debug][gc,phases      ] GC(110)     Dead                           Min: 0, Avg:  0.0, Max: 0, Diff: 0, Sum: 0, Workers: 4
[2302.467s][debug][gc,phases      ] GC(110)     Total                          Min: 0, Avg: 13.0, Max: 52, Diff: 52, Sum: 52, Workers: 4
[2302.467s][debug][gc,phases      ] GC(110)   StringDedup Table Weak         Min:  0.0, Avg:  0.0, Max:  0.0, Diff:  0.0, Sum:  0.0, Workers: 4
[2302.467s][debug][gc,phases      ] GC(110)     Dead                           Min: 0, Avg:  0.0, Max: 0, Diff: 0, Sum: 0, Workers: 4
[2302.467s][debug][gc,phases      ] GC(110)     Total                          Min: 0, Avg:  0.0, Max: 0, Diff: 0, Sum: 0, Workers: 4
[2302.467s][debug][gc,phases      ] GC(110)   StringDedup Requests0 Weak     Min:  0.0, Avg:  0.0, Max:  0.0, Diff:  0.0, Sum:  0.0, Workers: 4
[2302.468s][debug][gc,phases      ] GC(110)     Dead                           Min: 0, Avg:  0.0, Max: 0, Diff: 0, Sum: 0, Workers: 4
[2302.468s][debug][gc,phases      ] GC(110)     Total                          Min: 0, Avg:  0.0, Max: 0, Diff: 0, Sum: 0, Workers: 4
[2302.468s][debug][gc,phases      ] GC(110)   StringDedup Requests1 Weak     Min:  0.0, Avg:  0.0, Max:  0.0, Diff:  0.0, Sum:  0.0, Workers: 4
[2302.468s][debug][gc,phases      ] GC(110)     Dead                           Min: 0, Avg:  0.0, Max: 0, Diff: 0, Sum: 0, Workers: 4
[2302.468s][debug][gc,phases      ] GC(110)     Total                          Min: 0, Avg:  0.0, Max: 0, Diff: 0, Sum: 0, Workers: 4
[2302.468s][debug][gc,phases      ] GC(110)   Weak JFR Old Object Samples    Min:  0.0, Avg:  0.0, Max:  0.0, Diff:  0.0, Sum:  0.0, Workers: 4
[2302.468s][debug][gc,phases      ] GC(110)     Dead                           Min: 0, Avg:  0.0, Max: 0, Diff: 0, Sum: 0, Workers: 4
[2302.468s][debug][gc,phases      ] GC(110)     Total                          Min: 0, Avg:  0.0, Max: 0, Diff: 0, Sum: 0, Workers: 4
[2302.468s][debug][gc,phases      ] GC(110) Weak Processing 0.566ms
[2302.468s][debug][gc,age         ] GC(110) Desired survivor size 5767168 bytes, new threshold 1 (max threshold 15)
[2302.468s][info ][gc,heap        ] GC(110) PSYoungGen: 2090576K(2091520K)->4843K(2091520K) Eden: 2085888K(2085888K)->0K(2085888K) From: 4688K(5632K)->4843K(5632K)
[2302.468s][info ][gc,heap        ] GC(110) ParOldGen: 358418K(358912K)->359766K(359936K)
[2302.468s][info ][gc,metaspace   ] GC(110) Metaspace: 111276K(112576K)->111276K(112576K) NonClass: 94750K(95488K)->94750K(95488K) Class: 16526K(17088K)->16526K(17088K)
[2302.468s][info ][gc             ] GC(110) Pause Young (Allocation Failure) 2391M->356M(2394M) 9.612ms
[2302.468s][info ][gc,cpu         ] GC(110) User=0.03s Sys=0.00s Real=0.01s
[2302.468s][info ][safepoint      ] Safepoint "ParallelGCFailedAllocation", Time since last: 1442208815 ns, Reaching safepoint: 9100 ns, Cleanup: 5801 ns, At safepoint: 9701812 ns, Total: 9716713 ns
[2306.468s][info ][safepoint      ] Safepoint "Cleanup", Time since last: 4000345929 ns, Reaching safepoint: 8200 ns, Cleanup: 9900 ns, At safepoint: 2600 ns, Total: 20700 ns
[2309.468s][info ][safepoint      ] Safepoint "Cleanup", Time since last: 3000263307 ns, Reaching safepoint: 8200 ns, Cleanup: 11600 ns, At safepoint: 2701 ns, Total: 22501 ns
[2315.469s][info ][safepoint      ] Safepoint "Cleanup", Time since last: 6000544468 ns, Reaching safepoint: 10201 ns, Cleanup: 15400 ns, At safepoint: 2600 ns, Total: 28201 ns
[2321.469s][info ][safepoint      ] Safepoint "Cleanup", Time since last: 6000508301 ns, Reaching safepoint: 10200 ns, Cleanup: 14901 ns, At safepoint: 3300 ns, Total: 28401 ns
[2325.470s][info ][safepoint      ] Safepoint "Cleanup", Time since last: 4000371275 ns, Reaching safepoint: 11900 ns, Cleanup: 14901 ns, At safepoint: 3300 ns, Total: 30101 ns
[2327.276s][info ][gc,start       ] GC(111) Pause Young (Allocation Failure)
[2327.281s][debug][gc,phases      ] GC(111) Scavenge 4.523ms
[2327.281s][debug][gc,ref         ] GC(111) ReferenceProcessor::execute queues: 1, RefProcThreadModel::Single, marks_oops_alive: false
[2327.281s][debug][gc,ref         ] GC(111) Skipped KeepAliveFinalRefsPhase of Reference Processing: no references
[2327.281s][debug][gc,ref         ] GC(111) ReferenceProcessor::execute queues: 1, RefProcThreadModel::Single, marks_oops_alive: false
[2327.281s][debug][gc,phases      ] GC(111) Reference Processing 0.118ms
[2327.281s][debug][gc,phases      ] GC(111)   VM Weak                        Min:  0.0, Avg:  0.0, Max:  0.0, Diff:  0.0, Sum:  0.0, Workers: 4
[2327.281s][debug][gc,phases      ] GC(111)     Dead                           Min: 0, Avg:  0.0, Max: 0, Diff: 0, Sum: 0, Workers: 4
[2327.281s][debug][gc,phases      ] GC(111)     Total                          Min: 0, Avg: 260.0, Max: 656, Diff: 656, Sum: 1040, Workers: 4
[2327.281s][debug][gc,phases      ] GC(111)   ObjectSynchronizer Weak        Min:  0.0, Avg:  0.0, Max:  0.0, Diff:  0.0, Sum:  0.0, Workers: 4
[2327.281s][debug][gc,phases      ] GC(111)     Dead                           Min: 0, Avg:  0.0, Max: 0, Diff: 0, Sum: 0, Workers: 4
[2327.281s][debug][gc,phases      ] GC(111)     Total                          Min: 0, Avg:  1.0, Max: 4, Diff: 4, Sum: 4, Workers: 4
[2327.281s][debug][gc,phases      ] GC(111)   JVMTI Tag Weak OopStorage      Min:  0.0, Avg:  0.0, Max:  0.0, Diff:  0.0, Sum:  0.0, Workers: 4
[2327.281s][debug][gc,phases      ] GC(111)     Dead                           Min: 0, Avg:  0.0, Max: 0, Diff: 0, Sum: 0, Workers: 4
[2327.281s][debug][gc,phases      ] GC(111)     Total                          Min: 0, Avg:  0.0, Max: 0, Diff: 0, Sum: 0, Workers: 4
[2327.281s][debug][gc,phases      ] GC(111)   StringTable Weak               Min:  0.0, Avg:  0.1, Max:  0.2, Diff:  0.2, Sum:  0.5, Workers: 4
[2327.281s][debug][gc,phases      ] GC(111)     Dead                           Min: 0, Avg:  0.0, Max: 0, Diff: 0, Sum: 0, Workers: 4
[2327.281s][debug][gc,phases      ] GC(111)     Total                          Min: 0, Avg: 11925.0, Max: 16725, Diff: 16725, Sum: 47700, Workers: 4
[2327.281s][debug][gc,phases      ] GC(111)   ResolvedMethodTable Weak       Min:  0.0, Avg:  0.0, Max:  0.1, Diff:  0.1, Sum:  0.2, Workers: 4
[2327.281s][debug][gc,phases      ] GC(111)     Dead                           Min: 0, Avg:  4.0, Max: 16, Diff: 16, Sum: 16, Workers: 4
[2327.281s][debug][gc,phases      ] GC(111)     Total                          Min: 0, Avg: 3902.2, Max: 5594, Diff: 5594, Sum: 15609, Workers: 4
[2327.281s][debug][gc,phases      ] GC(111)   JNI Weak                       Min:  0.0, Avg:  0.0, Max:  0.0, Diff:  0.0, Sum:  0.0, Workers: 4
[2327.281s][debug][gc,phases      ] GC(111)     Dead                           Min: 0, Avg:  0.0, Max: 0, Diff: 0, Sum: 0, Workers: 4
[2327.281s][debug][gc,phases      ] GC(111)     Total                          Min: 0, Avg: 13.0, Max: 48, Diff: 48, Sum: 52, Workers: 4
[2327.281s][debug][gc,phases      ] GC(111)   StringDedup Table Weak         Min:  0.0, Avg:  0.0, Max:  0.0, Diff:  0.0, Sum:  0.0, Workers: 4
[2327.281s][debug][gc,phases      ] GC(111)     Dead                           Min: 0, Avg:  0.0, Max: 0, Diff: 0, Sum: 0, Workers: 4
[2327.281s][debug][gc,phases      ] GC(111)     Total                          Min: 0, Avg:  0.0, Max: 0, Diff: 0, Sum: 0, Workers: 4
[2327.281s][debug][gc,phases      ] GC(111)   StringDedup Requests0 Weak     Min:  0.0, Avg:  0.0, Max:  0.0, Diff:  0.0, Sum:  0.0, Workers: 4
[2327.281s][debug][gc,phases      ] GC(111)     Dead                           Min: 0, Avg:  0.0, Max: 0, Diff: 0, Sum: 0, Workers: 4
[2327.281s][debug][gc,phases      ] GC(111)     Total                          Min: 0, Avg:  0.0, Max: 0, Diff: 0, Sum: 0, Workers: 4
[2327.281s][debug][gc,phases      ] GC(111)   StringDedup Requests1 Weak     Min:  0.0, Avg:  0.0, Max:  0.0, Diff:  0.0, Sum:  0.0, Workers: 4
[2327.281s][debug][gc,phases      ] GC(111)     Dead                           Min: 0, Avg:  0.0, Max: 0, Diff: 0, Sum: 0, Workers: 4
[2327.281s][debug][gc,phases      ] GC(111)     Total                          Min: 0, Avg:  0.0, Max: 0, Diff: 0, Sum: 0, Workers: 4
[2327.281s][debug][gc,phases      ] GC(111)   Weak JFR Old Object Samples    Min:  0.0, Avg:  0.0, Max:  0.0, Diff:  0.0, Sum:  0.0, Workers: 4
[2327.281s][debug][gc,phases      ] GC(111)     Dead                           Min: 0, Avg:  0.0, Max: 0, Diff: 0, Sum: 0, Workers: 4
[2327.281s][debug][gc,phases      ] GC(111)     Total                          Min: 0, Avg:  0.0, Max: 0, Diff: 0, Sum: 0, Workers: 4
[2327.281s][debug][gc,phases      ] GC(111) Weak Processing 0.463ms
[2327.281s][debug][gc,age         ] GC(111) Desired survivor size 5767168 bytes, new threshold 1 (max threshold 15)
[2327.281s][info ][gc,heap        ] GC(111) PSYoungGen: 2090731K(2091520K)->4176K(2091520K) Eden: 2085888K(2085888K)->0K(2085888K) From: 4843K(5632K)->4176K(5632K)
[2327.281s][info ][gc,heap        ] GC(111) ParOldGen: 359766K(359936K)->361190K(361472K)
[2327.281s][info ][gc,metaspace   ] GC(111) Metaspace: 111278K(112576K)->111278K(112576K) NonClass: 94752K(95488K)->94752K(95488K) Class: 16526K(17088K)->16526K(17088K)
[2327.281s][info ][gc             ] GC(111) Pause Young (Allocation Failure) 2393M->356M(2395M) 5.246ms
[2327.281s][info ][gc,cpu         ] GC(111) User=0.02s Sys=0.00s Real=0.00s
[2327.281s][info ][safepoint      ] Safepoint "ParallelGCFailedAllocation", Time since last: 1806288557 ns, Reaching safepoint: 9000 ns, Cleanup: 4800 ns, At safepoint: 5329760 ns, Total: 5343560 ns
[2328.282s][info ][safepoint      ] Safepoint "Cleanup", Time since last: 1000090741 ns, Reaching safepoint: 9500 ns, Cleanup: 10400 ns, At safepoint: 2500 ns, Total: 22400 ns
[2331.282s][info ][safepoint      ] Safepoint "Cleanup", Time since last: 3000246429 ns, Reaching safepoint: 7400 ns, Cleanup: 9700 ns, At safepoint: 2800 ns, Total: 19900 ns
[2338.282s][info ][safepoint      ] Safepoint "Cleanup", Time since last: 7000532755 ns, Reaching safepoint: 8200 ns, Cleanup: 13300 ns, At safepoint: 25901 ns, Total: 47401 ns
[2348.034s][info ][safepoint      ] Safepoint "Cleanup", Time since last: 9751623194 ns, Reaching safepoint: 8401 ns, Cleanup: 12100 ns, At safepoint: 28901 ns, Total: 49402 ns
[2351.941s][info ][gc,start       ] GC(112) Pause Young (Allocation Failure)
[2351.946s][debug][gc,phases      ] GC(112) Scavenge 4.768ms
[2351.946s][debug][gc,ref         ] GC(112) ReferenceProcessor::execute queues: 1, RefProcThreadModel::Single, marks_oops_alive: false
[2351.946s][debug][gc,ref         ] GC(112) Skipped KeepAliveFinalRefsPhase of Reference Processing: no references
[2351.946s][debug][gc,ref         ] GC(112) Skipped PhantomRefsPhase of Reference Processing: no references
[2351.946s][debug][gc,phases      ] GC(112) Reference Processing 0.134ms
[2351.946s][debug][gc,phases      ] GC(112)   VM Weak                        Min:  0.0, Avg:  0.0, Max:  0.0, Diff:  0.0, Sum:  0.0, Workers: 4
[2351.946s][debug][gc,phases      ] GC(112)     Dead                           Min: 0, Avg:  0.0, Max: 0, Diff: 0, Sum: 0, Workers: 4
[2351.946s][debug][gc,phases      ] GC(112)     Total                          Min: 0, Avg: 260.0, Max: 528, Diff: 528, Sum: 1040, Workers: 4
[2351.946s][debug][gc,phases      ] GC(112)   ObjectSynchronizer Weak        Min:  0.0, Avg:  0.0, Max:  0.0, Diff:  0.0, Sum:  0.0, Workers: 4
[2351.946s][debug][gc,phases      ] GC(112)     Dead                           Min: 0, Avg:  0.0, Max: 0, Diff: 0, Sum: 0, Workers: 4
[2351.946s][debug][gc,phases      ] GC(112)     Total                          Min: 0, Avg:  1.0, Max: 4, Diff: 4, Sum: 4, Workers: 4
[2351.946s][debug][gc,phases      ] GC(112)   JVMTI Tag Weak OopStorage      Min:  0.0, Avg:  0.0, Max:  0.0, Diff:  0.0, Sum:  0.0, Workers: 4
[2351.946s][debug][gc,phases      ] GC(112)     Dead                           Min: 0, Avg:  0.0, Max: 0, Diff: 0, Sum: 0, Workers: 4
[2351.946s][debug][gc,phases      ] GC(112)     Total                          Min: 0, Avg:  0.0, Max: 0, Diff: 0, Sum: 0, Workers: 4
[2351.946s][debug][gc,phases      ] GC(112)   StringTable Weak               Min:  0.0, Avg:  0.1, Max:  0.2, Diff:  0.2, Sum:  0.5, Workers: 4
[2351.946s][debug][gc,phases      ] GC(112)     Dead                           Min: 0, Avg:  0.0, Max: 0, Diff: 0, Sum: 0, Workers: 4
[2351.946s][debug][gc,phases      ] GC(112)     Total                          Min: 0, Avg: 11925.0, Max: 16405, Diff: 16405, Sum: 47700, Workers: 4
[2351.946s][debug][gc,phases      ] GC(112)   ResolvedMethodTable Weak       Min:  0.0, Avg:  0.1, Max:  0.1, Diff:  0.1, Sum:  0.2, Workers: 4
[2351.946s][debug][gc,phases      ] GC(112)     Dead                           Min: 0, Avg:  4.0, Max: 16, Diff: 16, Sum: 16, Workers: 4
[2351.946s][debug][gc,phases      ] GC(112)     Total                          Min: 0, Avg: 3902.2, Max: 6617, Diff: 6617, Sum: 15609, Workers: 4
[2351.946s][debug][gc,phases      ] GC(112)   JNI Weak                       Min:  0.0, Avg:  0.0, Max:  0.0, Diff:  0.0, Sum:  0.0, Workers: 4
[2351.946s][debug][gc,phases      ] GC(112)     Dead                           Min: 0, Avg:  0.0, Max: 0, Diff: 0, Sum: 0, Workers: 4
[2351.946s][debug][gc,phases      ] GC(112)     Total                          Min: 0, Avg: 13.0, Max: 48, Diff: 48, Sum: 52, Workers: 4
[2351.946s][debug][gc,phases      ] GC(112)   StringDedup Table Weak         Min:  0.0, Avg:  0.0, Max:  0.0, Diff:  0.0, Sum:  0.0, Workers: 4
[2351.946s][debug][gc,phases      ] GC(112)     Dead                           Min: 0, Avg:  0.0, Max: 0, Diff: 0, Sum: 0, Workers: 4
[2351.946s][debug][gc,phases      ] GC(112)     Total                          Min: 0, Avg:  0.0, Max: 0, Diff: 0, Sum: 0, Workers: 4
[2351.946s][debug][gc,phases      ] GC(112)   StringDedup Requests0 Weak     Min:  0.0, Avg:  0.0, Max:  0.0, Diff:  0.0, Sum:  0.0, Workers: 4
[2351.946s][debug][gc,phases      ] GC(112)     Dead                           Min: 0, Avg:  0.0, Max: 0, Diff: 0, Sum: 0, Workers: 4
[2351.946s][debug][gc,phases      ] GC(112)     Total                          Min: 0, Avg:  0.0, Max: 0, Diff: 0, Sum: 0, Workers: 4
[2351.946s][debug][gc,phases      ] GC(112)   StringDedup Requests1 Weak     Min:  0.0, Avg:  0.0, Max:  0.0, Diff:  0.0, Sum:  0.0, Workers: 4
[2351.946s][debug][gc,phases      ] GC(112)     Dead                           Min: 0, Avg:  0.0, Max: 0, Diff: 0, Sum: 0, Workers: 4
[2351.947s][debug][gc,phases      ] GC(112)     Total                          Min: 0, Avg:  0.0, Max: 0, Diff: 0, Sum: 0, Workers: 4
[2351.947s][debug][gc,phases      ] GC(112)   Weak JFR Old Object Samples    Min:  0.0, Avg:  0.0, Max:  0.0, Diff:  0.0, Sum:  0.0, Workers: 4
[2351.947s][debug][gc,phases      ] GC(112)     Dead                           Min: 0, Avg:  0.0, Max: 0, Diff: 0, Sum: 0, Workers: 4
[2351.947s][debug][gc,phases      ] GC(112)     Total                          Min: 0, Avg:  0.0, Max: 0, Diff: 0, Sum: 0, Workers: 4
[2351.947s][debug][gc,phases      ] GC(112) Weak Processing 0.542ms
[2351.947s][debug][gc,age         ] GC(112) Desired survivor size 5767168 bytes, new threshold 1 (max threshold 15)
[2351.947s][info ][gc,heap        ] GC(112) PSYoungGen: 2090064K(2091520K)->4368K(2091520K) Eden: 2085888K(2085888K)->0K(2085888K) From: 4176K(5632K)->4368K(5632K)
[2351.947s][info ][gc,heap        ] GC(112) ParOldGen: 361190K(361472K)->362214K(362496K)
[2351.947s][info ][gc,metaspace   ] GC(112) Metaspace: 111279K(112576K)->111279K(112576K) NonClass: 94753K(95488K)->94753K(95488K) Class: 16526K(17088K)->16526K(17088K)
[2351.947s][info ][gc             ] GC(112) Pause Young (Allocation Failure) 2393M->357M(2396M) 5.601ms
[2351.947s][info ][gc,cpu         ] GC(112) User=0.02s Sys=0.00s Real=0.01s
[2351.947s][info ][safepoint      ] Safepoint "ParallelGCFailedAllocation", Time since last: 3906773938 ns, Reaching safepoint: 86303 ns, Cleanup: 4500 ns, At safepoint: 5702578 ns, Total: 5793381 ns
[2357.947s][info ][safepoint      ] Safepoint "Cleanup", Time since last: 6000601697 ns, Reaching safepoint: 92003 ns, Cleanup: 13001 ns, At safepoint: 12200 ns, Total: 117204 ns
[2359.948s][info ][safepoint      ] Safepoint "Cleanup", Time since last: 2000302868 ns, Reaching safepoint: 137004 ns, Cleanup: 17801 ns, At safepoint: 7300 ns, Total: 162105 ns
[2366.949s][info ][safepoint      ] Safepoint "Cleanup", Time since last: 7000685001 ns, Reaching safepoint: 87002 ns, Cleanup: 16301 ns, At safepoint: 8300 ns, Total: 111603 ns
[2368.949s][info ][safepoint      ] Safepoint "Cleanup", Time since last: 2000230281 ns, Reaching safepoint: 86802 ns, Cleanup: 13701 ns, At safepoint: 9300 ns, Total: 109803 ns
[2374.891s][info ][gc,start       ] GC(113) Pause Young (Allocation Failure)
[2374.896s][debug][gc,phases      ] GC(113) Scavenge 5.019ms
[2374.896s][debug][gc,ref         ] GC(113) ReferenceProcessor::execute queues: 1, RefProcThreadModel::Single, marks_oops_alive: false
[2374.896s][debug][gc,ref         ] GC(113) Skipped KeepAliveFinalRefsPhase of Reference Processing: no references
[2374.896s][debug][gc,ref         ] GC(113) Skipped PhantomRefsPhase of Reference Processing: no references
[2374.896s][debug][gc,phases      ] GC(113) Reference Processing 0.146ms
[2374.897s][debug][gc,phases      ] GC(113)   VM Weak                        Min:  0.0, Avg:  0.0, Max:  0.0, Diff:  0.0, Sum:  0.0, Workers: 4
[2374.897s][debug][gc,phases      ] GC(113)     Dead                           Min: 0, Avg:  0.0, Max: 0, Diff: 0, Sum: 0, Workers: 4
[2374.897s][debug][gc,phases      ] GC(113)     Total                          Min: 0, Avg: 260.0, Max: 640, Diff: 640, Sum: 1040, Workers: 4
[2374.897s][debug][gc,phases      ] GC(113)   ObjectSynchronizer Weak        Min:  0.0, Avg:  0.0, Max:  0.0, Diff:  0.0, Sum:  0.0, Workers: 4
[2374.897s][debug][gc,phases      ] GC(113)     Dead                           Min: 0, Avg:  0.0, Max: 0, Diff: 0, Sum: 0, Workers: 4
[2374.897s][debug][gc,phases      ] GC(113)     Total                          Min: 0, Avg:  1.0, Max: 4, Diff: 4, Sum: 4, Workers: 4
[2374.897s][debug][gc,phases      ] GC(113)   JVMTI Tag Weak OopStorage      Min:  0.0, Avg:  0.0, Max:  0.0, Diff:  0.0, Sum:  0.0, Workers: 4
[2374.897s][debug][gc,phases      ] GC(113)     Dead                           Min: 0, Avg:  0.0, Max: 0, Diff: 0, Sum: 0, Workers: 4
[2374.897s][debug][gc,phases      ] GC(113)     Total                          Min: 0, Avg:  0.0, Max: 0, Diff: 0, Sum: 0, Workers: 4
[2374.897s][debug][gc,phases      ] GC(113)   StringTable Weak               Min:  0.0, Avg:  0.1, Max:  0.2, Diff:  0.2, Sum:  0.5, Workers: 4
[2374.897s][debug][gc,phases      ] GC(113)     Dead                           Min: 0, Avg:  0.0, Max: 0, Diff: 0, Sum: 0, Workers: 4
[2374.897s][debug][gc,phases      ] GC(113)     Total                          Min: 0, Avg: 11925.2, Max: 25045, Diff: 25045, Sum: 47701, Workers: 4
[2374.897s][debug][gc,phases      ] GC(113)   ResolvedMethodTable Weak       Min:  0.0, Avg:  0.0, Max:  0.1, Diff:  0.1, Sum:  0.2, Workers: 4
[2374.897s][debug][gc,phases      ] GC(113)     Dead                           Min: 0, Avg:  4.0, Max: 16, Diff: 16, Sum: 16, Workers: 4
[2374.897s][debug][gc,phases      ] GC(113)     Total                          Min: 0, Avg: 3902.2, Max: 8129, Diff: 8129, Sum: 15609, Workers: 4
[2374.897s][debug][gc,phases      ] GC(113)   JNI Weak                       Min:  0.0, Avg:  0.0, Max:  0.0, Diff:  0.0, Sum:  0.0, Workers: 4
[2374.897s][debug][gc,phases      ] GC(113)     Dead                           Min: 0, Avg:  0.0, Max: 0, Diff: 0, Sum: 0, Workers: 4
[2374.897s][debug][gc,phases      ] GC(113)     Total                          Min: 0, Avg: 13.0, Max: 48, Diff: 48, Sum: 52, Workers: 4
[2374.897s][debug][gc,phases      ] GC(113)   StringDedup Table Weak         Min:  0.0, Avg:  0.0, Max:  0.0, Diff:  0.0, Sum:  0.0, Workers: 4
[2374.897s][debug][gc,phases      ] GC(113)     Dead                           Min: 0, Avg:  0.0, Max: 0, Diff: 0, Sum: 0, Workers: 4
[2374.897s][debug][gc,phases      ] GC(113)     Total                          Min: 0, Avg:  0.0, Max: 0, Diff: 0, Sum: 0, Workers: 4
[2374.897s][debug][gc,phases      ] GC(113)   StringDedup Requests0 Weak     Min:  0.0, Avg:  0.0, Max:  0.0, Diff:  0.0, Sum:  0.0, Workers: 4
[2374.897s][debug][gc,phases      ] GC(113)     Dead                           Min: 0, Avg:  0.0, Max: 0, Diff: 0, Sum: 0, Workers: 4
[2374.897s][debug][gc,phases      ] GC(113)     Total                          Min: 0, Avg:  0.0, Max: 0, Diff: 0, Sum: 0, Workers: 4
[2374.897s][debug][gc,phases      ] GC(113)   StringDedup Requests1 Weak     Min:  0.0, Avg:  0.0, Max:  0.0, Diff:  0.0, Sum:  0.0, Workers: 4
[2374.897s][debug][gc,phases      ] GC(113)     Dead                           Min: 0, Avg:  0.0, Max: 0, Diff: 0, Sum: 0, Workers: 4
[2374.897s][debug][gc,phases      ] GC(113)     Total                          Min: 0, Avg:  0.0, Max: 0, Diff: 0, Sum: 0, Workers: 4
[2374.897s][debug][gc,phases      ] GC(113)   Weak JFR Old Object Samples    Min:  0.0, Avg:  0.0, Max:  0.0, Diff:  0.0, Sum:  0.0, Workers: 4
[2374.897s][debug][gc,phases      ] GC(113)     Dead                           Min: 0, Avg:  0.0, Max: 0, Diff: 0, Sum: 0, Workers: 4
[2374.897s][debug][gc,phases      ] GC(113)     Total                          Min: 0, Avg:  0.0, Max: 0, Diff: 0, Sum: 0, Workers: 4
[2374.897s][debug][gc,phases      ] GC(113) Weak Processing 0.610ms
[2374.897s][debug][gc,age         ] GC(113) Desired survivor size 5767168 bytes, new threshold 1 (max threshold 15)
[2374.897s][info ][gc,heap        ] GC(113) PSYoungGen: 2090256K(2091520K)->4752K(2091520K) Eden: 2085888K(2085888K)->0K(2085888K) From: 4368K(5632K)->4752K(5632K)
[2374.897s][info ][gc,heap        ] GC(113) ParOldGen: 362214K(362496K)->363186K(363520K)
[2374.897s][info ][gc,metaspace   ] GC(113) Metaspace: 111280K(112576K)->111280K(112576K) NonClass: 94754K(95488K)->94754K(95488K) Class: 16526K(17088K)->16526K(17088K)
[2374.897s][info ][gc             ] GC(113) Pause Young (Allocation Failure) 2394M->359M(2397M) 5.941ms
[2374.897s][info ][gc,cpu         ] GC(113) User=0.02s Sys=0.00s Real=0.01s
[2374.897s][info ][safepoint      ] Safepoint "ParallelGCFailedAllocation", Time since last: 5941872216 ns, Reaching safepoint: 86303 ns, Cleanup: 13600 ns, At safepoint: 6034787 ns, Total: 6134690 ns
[2375.897s][info ][safepoint      ] Safepoint "Cleanup", Time since last: 1000103933 ns, Reaching safepoint: 87702 ns, Cleanup: 14601 ns, At safepoint: 8600 ns, Total: 110903 ns
[2379.898s][info ][safepoint      ] Safepoint "Cleanup", Time since last: 4000455321 ns, Reaching safepoint: 86003 ns, Cleanup: 13300 ns, At safepoint: 38101 ns, Total: 137404 ns
[2382.898s][info ][safepoint      ] Safepoint "Cleanup", Time since last: 3000343773 ns, Reaching safepoint: 124204 ns, Cleanup: 18701 ns, At safepoint: 7900 ns, Total: 150805 ns
[2383.899s][info ][safepoint      ] Safepoint "Cleanup", Time since last: 1000196527 ns, Reaching safepoint: 90003 ns, Cleanup: 22801 ns, At safepoint: 8500 ns, Total: 121304 ns
[2385.913s][info ][safepoint      ] Safepoint "Cleanup", Time since last: 2014080132 ns, Reaching safepoint: 13900 ns, Cleanup: 20701 ns, At safepoint: 3000 ns, Total: 37601 ns
[2386.913s][info ][safepoint      ] Safepoint "Cleanup", Time since last: 1000141080 ns, Reaching safepoint: 85503 ns, Cleanup: 18901 ns, At safepoint: 8900 ns, Total: 113304 ns
[2390.913s][info ][safepoint      ] Safepoint "Cleanup", Time since last: 4000359215 ns, Reaching safepoint: 9000 ns, Cleanup: 13501 ns, At safepoint: 3000 ns, Total: 25501 ns
[2393.914s][info ][safepoint      ] Safepoint "Cleanup", Time since last: 3000270086 ns, Reaching safepoint: 10500 ns, Cleanup: 13700 ns, At safepoint: 3201 ns, Total: 27401 ns
[2397.504s][info ][gc,start       ] GC(114) Pause Young (Allocation Failure)
[2397.514s][debug][gc,phases      ] GC(114) Scavenge 9.863ms
[2397.514s][debug][gc,ref         ] GC(114) ReferenceProcessor::execute queues: 1, RefProcThreadModel::Single, marks_oops_alive: false
[2397.514s][debug][gc,ref         ] GC(114) Skipped KeepAliveFinalRefsPhase of Reference Processing: no references
[2397.514s][debug][gc,ref         ] GC(114) ReferenceProcessor::execute queues: 1, RefProcThreadModel::Single, marks_oops_alive: false
[2397.514s][debug][gc,phases      ] GC(114) Reference Processing 0.135ms
[2397.515s][debug][gc,phases      ] GC(114)   VM Weak                        Min:  0.0, Avg:  0.0, Max:  0.0, Diff:  0.0, Sum:  0.0, Workers: 4
[2397.515s][debug][gc,phases      ] GC(114)     Dead                           Min: 0, Avg:  0.0, Max: 0, Diff: 0, Sum: 0, Workers: 4
[2397.515s][debug][gc,phases      ] GC(114)     Total                          Min: 0, Avg: 260.0, Max: 640, Diff: 640, Sum: 1040, Workers: 4
[2397.515s][debug][gc,phases      ] GC(114)   ObjectSynchronizer Weak        Min:  0.0, Avg:  0.0, Max:  0.0, Diff:  0.0, Sum:  0.0, Workers: 4
[2397.515s][debug][gc,phases      ] GC(114)     Dead                           Min: 0, Avg:  0.0, Max: 0, Diff: 0, Sum: 0, Workers: 4
[2397.515s][debug][gc,phases      ] GC(114)     Total                          Min: 0, Avg:  1.0, Max: 4, Diff: 4, Sum: 4, Workers: 4
[2397.515s][debug][gc,phases      ] GC(114)   JVMTI Tag Weak OopStorage      Min:  0.0, Avg:  0.0, Max:  0.0, Diff:  0.0, Sum:  0.0, Workers: 4
[2397.515s][debug][gc,phases      ] GC(114)     Dead                           Min: 0, Avg:  0.0, Max: 0, Diff: 0, Sum: 0, Workers: 4
[2397.515s][debug][gc,phases      ] GC(114)     Total                          Min: 0, Avg:  0.0, Max: 0, Diff: 0, Sum: 0, Workers: 4
[2397.515s][debug][gc,phases      ] GC(114)   StringTable Weak               Min:  0.0, Avg:  0.1, Max:  0.2, Diff:  0.2, Sum:  0.5, Workers: 4
[2397.515s][debug][gc,phases      ] GC(114)     Dead                           Min: 0, Avg:  0.2, Max: 1, Diff: 1, Sum: 1, Workers: 4
[2397.515s][debug][gc,phases      ] GC(114)     Total                          Min: 0, Avg: 11925.8, Max: 16511, Diff: 16511, Sum: 47703, Workers: 4
[2397.515s][debug][gc,phases      ] GC(114)   ResolvedMethodTable Weak       Min:  0.0, Avg:  0.0, Max:  0.1, Diff:  0.1, Sum:  0.2, Workers: 4
[2397.515s][debug][gc,phases      ] GC(114)     Dead                           Min: 0, Avg:  4.0, Max: 16, Diff: 16, Sum: 16, Workers: 4
[2397.515s][debug][gc,phases      ] GC(114)     Total                          Min: 0, Avg: 3902.8, Max: 5543, Diff: 5543, Sum: 15611, Workers: 4
[2397.515s][debug][gc,phases      ] GC(114)   JNI Weak                       Min:  0.0, Avg:  0.0, Max:  0.0, Diff:  0.0, Sum:  0.0, Workers: 4
[2397.515s][debug][gc,phases      ] GC(114)     Dead                           Min: 0, Avg:  0.0, Max: 0, Diff: 0, Sum: 0, Workers: 4
[2397.515s][debug][gc,phases      ] GC(114)     Total                          Min: 0, Avg: 13.0, Max: 48, Diff: 48, Sum: 52, Workers: 4
[2397.515s][debug][gc,phases      ] GC(114)   StringDedup Table Weak         Min:  0.0, Avg:  0.0, Max:  0.0, Diff:  0.0, Sum:  0.0, Workers: 4
[2397.515s][debug][gc,phases      ] GC(114)     Dead                           Min: 0, Avg:  0.0, Max: 0, Diff: 0, Sum: 0, Workers: 4
[2397.515s][debug][gc,phases      ] GC(114)     Total                          Min: 0, Avg:  0.0, Max: 0, Diff: 0, Sum: 0, Workers: 4
[2397.515s][debug][gc,phases      ] GC(114)   StringDedup Requests0 Weak     Min:  0.0, Avg:  0.0, Max:  0.0, Diff:  0.0, Sum:  0.0, Workers: 4
[2397.515s][debug][gc,phases      ] GC(114)     Dead                           Min: 0, Avg:  0.0, Max: 0, Diff: 0, Sum: 0, Workers: 4
[2397.515s][debug][gc,phases      ] GC(114)     Total                          Min: 0, Avg:  0.0, Max: 0, Diff: 0, Sum: 0, Workers: 4
[2397.515s][debug][gc,phases      ] GC(114)   StringDedup Requests1 Weak     Min:  0.0, Avg:  0.0, Max:  0.0, Diff:  0.0, Sum:  0.0, Workers: 4
[2397.515s][debug][gc,phases      ] GC(114)     Dead                           Min: 0, Avg:  0.0, Max: 0, Diff: 0, Sum: 0, Workers: 4
[2397.515s][debug][gc,phases      ] GC(114)     Total                          Min: 0, Avg:  0.0, Max: 0, Diff: 0, Sum: 0, Workers: 4
[2397.515s][debug][gc,phases      ] GC(114)   Weak JFR Old Object Samples    Min:  0.0, Avg:  0.0, Max:  0.0, Diff:  0.0, Sum:  0.0, Workers: 4
[2397.515s][debug][gc,phases      ] GC(114)     Dead                           Min: 0, Avg:  0.0, Max: 0, Diff: 0, Sum: 0, Workers: 4
[2397.515s][debug][gc,phases      ] GC(114)     Total                          Min: 0, Avg:  0.0, Max: 0, Diff: 0, Sum: 0, Workers: 4
[2397.515s][debug][gc,phases      ] GC(114) Weak Processing 0.477ms
[2397.515s][debug][gc,age         ] GC(114) Desired survivor size 5767168 bytes, new threshold 1 (max threshold 15)
[2397.515s][info ][gc,heap        ] GC(114) PSYoungGen: 2090640K(2091520K)->4976K(2091520K) Eden: 2085888K(2085888K)->0K(2085888K) From: 4752K(5632K)->4976K(5632K)
[2397.515s][info ][gc,heap        ] GC(114) ParOldGen: 363186K(363520K)->364302K(364544K)
[2397.515s][info ][gc,metaspace   ] GC(114) Metaspace: 111290K(112576K)->111290K(112576K) NonClass: 94762K(95488K)->94762K(95488K) Class: 16527K(17088K)->16527K(17088K)
[2397.515s][info ][gc             ] GC(114) Pause Young (Allocation Failure) 2396M->360M(2398M) 10.652ms
[2397.515s][info ][gc,cpu         ] GC(114) User=0.03s Sys=0.01s Real=0.01s
[2397.515s][info ][safepoint      ] Safepoint "ParallelGCFailedAllocation", Time since last: 3590447984 ns, Reaching safepoint: 12100 ns, Cleanup: 5700 ns, At safepoint: 10752035 ns, Total: 10769835 ns
[2399.515s][info ][safepoint      ] Safepoint "Cleanup", Time since last: 2000167629 ns, Reaching safepoint: 8100 ns, Cleanup: 11601 ns, At safepoint: 2800 ns, Total: 22501 ns
[2401.053s][info ][safepoint      ] Safepoint "Cleanup", Time since last: 1538150231 ns, Reaching safepoint: 82503 ns, Cleanup: 10000 ns, At safepoint: 8700 ns, Total: 101203 ns
[2405.054s][info ][safepoint      ] Safepoint "Cleanup", Time since last: 4000415586 ns, Reaching safepoint: 85303 ns, Cleanup: 14200 ns, At safepoint: 9501 ns, Total: 109004 ns
[2416.055s][info ][safepoint      ] Safepoint "Cleanup", Time since last: 11000958925 ns, Reaching safepoint: 84703 ns, Cleanup: 11200 ns, At safepoint: 42601 ns, Total: 138504 ns
[2419.055s][info ][safepoint      ] Safepoint "Cleanup", Time since last: 3000364683 ns, Reaching safepoint: 88803 ns, Cleanup: 15800 ns, At safepoint: 9300 ns, Total: 113903 ns
[2420.599s][info ][gc,start       ] GC(115) Pause Young (Allocation Failure)
[2420.607s][debug][gc,phases      ] GC(115) Scavenge 7.795ms
[2420.607s][debug][gc,ref         ] GC(115) ReferenceProcessor::execute queues: 1, RefProcThreadModel::Single, marks_oops_alive: false
[2420.607s][debug][gc,ref         ] GC(115) Skipped KeepAliveFinalRefsPhase of Reference Processing: no references
[2420.607s][debug][gc,ref         ] GC(115) ReferenceProcessor::execute queues: 1, RefProcThreadModel::Single, marks_oops_alive: false
[2420.607s][debug][gc,phases      ] GC(115) Reference Processing 0.117ms
[2420.607s][debug][gc,phases      ] GC(115)   VM Weak                        Min:  0.0, Avg:  0.0, Max:  0.0, Diff:  0.0, Sum:  0.0, Workers: 4
[2420.607s][debug][gc,phases      ] GC(115)     Dead                           Min: 0, Avg:  0.0, Max: 0, Diff: 0, Sum: 0, Workers: 4
[2420.607s][debug][gc,phases      ] GC(115)     Total                          Min: 0, Avg: 260.0, Max: 576, Diff: 576, Sum: 1040, Workers: 4
[2420.607s][debug][gc,phases      ] GC(115)   ObjectSynchronizer Weak        Min:  0.0, Avg:  0.0, Max:  0.0, Diff:  0.0, Sum:  0.0, Workers: 4
[2420.607s][debug][gc,phases      ] GC(115)     Dead                           Min: 0, Avg:  0.0, Max: 0, Diff: 0, Sum: 0, Workers: 4
[2420.607s][debug][gc,phases      ] GC(115)     Total                          Min: 0, Avg:  1.0, Max: 4, Diff: 4, Sum: 4, Workers: 4
[2420.607s][debug][gc,phases      ] GC(115)   JVMTI Tag Weak OopStorage      Min:  0.0, Avg:  0.0, Max:  0.0, Diff:  0.0, Sum:  0.0, Workers: 4
[2420.607s][debug][gc,phases      ] GC(115)     Dead                           Min: 0, Avg:  0.0, Max: 0, Diff: 0, Sum: 0, Workers: 4
[2420.607s][debug][gc,phases      ] GC(115)     Total                          Min: 0, Avg:  0.0, Max: 0, Diff: 0, Sum: 0, Workers: 4
[2420.607s][debug][gc,phases      ] GC(115)   StringTable Weak               Min:  0.0, Avg:  0.1, Max:  0.2, Diff:  0.2, Sum:  0.5, Workers: 4
[2420.607s][debug][gc,phases      ] GC(115)     Dead                           Min: 0, Avg:  0.0, Max: 0, Diff: 0, Sum: 0, Workers: 4
[2420.607s][debug][gc,phases      ] GC(115)     Total                          Min: 0, Avg: 11934.5, Max: 24126, Diff: 24126, Sum: 47738, Workers: 4
[2420.607s][debug][gc,phases      ] GC(115)   ResolvedMethodTable Weak       Min:  0.0, Avg:  0.0, Max:  0.1, Diff:  0.1, Sum:  0.2, Workers: 4
[2420.607s][debug][gc,phases      ] GC(115)     Dead                           Min: 0, Avg:  4.0, Max: 16, Diff: 16, Sum: 16, Workers: 4
[2420.607s][debug][gc,phases      ] GC(115)     Total                          Min: 0, Avg: 3902.8, Max: 8448, Diff: 8448, Sum: 15611, Workers: 4
[2420.607s][debug][gc,phases      ] GC(115)   JNI Weak                       Min:  0.0, Avg:  0.0, Max:  0.0, Diff:  0.0, Sum:  0.0, Workers: 4
[2420.607s][debug][gc,phases      ] GC(115)     Dead                           Min: 0, Avg:  0.0, Max: 0, Diff: 0, Sum: 0, Workers: 4
[2420.607s][debug][gc,phases      ] GC(115)     Total                          Min: 0, Avg: 13.0, Max: 48, Diff: 48, Sum: 52, Workers: 4
[2420.607s][debug][gc,phases      ] GC(115)   StringDedup Table Weak         Min:  0.0, Avg:  0.0, Max:  0.0, Diff:  0.0, Sum:  0.0, Workers: 4
[2420.607s][debug][gc,phases      ] GC(115)     Dead                           Min: 0, Avg:  0.0, Max: 0, Diff: 0, Sum: 0, Workers: 4
[2420.607s][debug][gc,phases      ] GC(115)     Total                          Min: 0, Avg:  0.0, Max: 0, Diff: 0, Sum: 0, Workers: 4
[2420.607s][debug][gc,phases      ] GC(115)   StringDedup Requests0 Weak     Min:  0.0, Avg:  0.0, Max:  0.0, Diff:  0.0, Sum:  0.0, Workers: 4
[2420.607s][debug][gc,phases      ] GC(115)     Dead                           Min: 0, Avg:  0.0, Max: 0, Diff: 0, Sum: 0, Workers: 4
[2420.607s][debug][gc,phases      ] GC(115)     Total                          Min: 0, Avg:  0.0, Max: 0, Diff: 0, Sum: 0, Workers: 4
[2420.607s][debug][gc,phases      ] GC(115)   StringDedup Requests1 Weak     Min:  0.0, Avg:  0.0, Max:  0.0, Diff:  0.0, Sum:  0.0, Workers: 4
[2420.607s][debug][gc,phases      ] GC(115)     Dead                           Min: 0, Avg:  0.0, Max: 0, Diff: 0, Sum: 0, Workers: 4
[2420.607s][debug][gc,phases      ] GC(115)     Total                          Min: 0, Avg:  0.0, Max: 0, Diff: 0, Sum: 0, Workers: 4
[2420.607s][debug][gc,phases      ] GC(115)   Weak JFR Old Object Samples    Min:  0.0, Avg:  0.0, Max:  0.0, Diff:  0.0, Sum:  0.0, Workers: 4
[2420.607s][debug][gc,phases      ] GC(115)     Dead                           Min: 0, Avg:  0.0, Max: 0, Diff: 0, Sum: 0, Workers: 4
[2420.607s][debug][gc,phases      ] GC(115)     Total                          Min: 0, Avg:  0.0, Max: 0, Diff: 0, Sum: 0, Workers: 4
[2420.607s][debug][gc,phases      ] GC(115) Weak Processing 0.563ms
[2420.607s][debug][gc,age         ] GC(115) Desired survivor size 6815744 bytes, new threshold 1 (max threshold 15)
[2420.607s][info ][gc,heap        ] GC(115) PSYoungGen: 2090864K(2091520K)->5623K(2089472K) Eden: 2085888K(2085888K)->0K(2083840K) From: 4976K(5632K)->5623K(5632K)
[2420.607s][info ][gc,heap        ] GC(115) ParOldGen: 364302K(364544K)->365983K(366080K)
[2420.607s][info ][gc,metaspace   ] GC(115) Metaspace: 111290K(112576K)->111290K(112576K) NonClass: 94762K(95488K)->94762K(95488K) Class: 16527K(17088K)->16527K(17088K)
[2420.607s][info ][gc             ] GC(115) Pause Young (Allocation Failure) 2397M->362M(2398M) 8.635ms
[2420.607s][info ][gc,cpu         ] GC(115) User=0.02s Sys=0.00s Real=0.01s
[2420.607s][info ][safepoint      ] Safepoint "ParallelGCFailedAllocation", Time since last: 1543256230 ns, Reaching safepoint: 9701 ns, Cleanup: 4900 ns, At safepoint: 8724670 ns, Total: 8739271 ns
[2422.608s][info ][safepoint      ] Safepoint "Cleanup", Time since last: 2000183462 ns, Reaching safepoint: 111203 ns, Cleanup: 47802 ns, At safepoint: 11600 ns, Total: 170605 ns
[2423.608s][info ][safepoint      ] Safepoint "Cleanup", Time since last: 1000130132 ns, Reaching safepoint: 7500 ns, Cleanup: 8201 ns, At safepoint: 2600 ns, Total: 18301 ns
[2425.608s][info ][safepoint      ] Safepoint "Cleanup", Time since last: 2000217263 ns, Reaching safepoint: 9000 ns, Cleanup: 13500 ns, At safepoint: 2401 ns, Total: 24901 ns
[2426.608s][info ][safepoint      ] Safepoint "Cleanup", Time since last: 1000132931 ns, Reaching safepoint: 87702 ns, Cleanup: 16101 ns, At safepoint: 8300 ns, Total: 112103 ns
[2427.609s][info ][safepoint      ] Safepoint "Cleanup", Time since last: 1000133475 ns, Reaching safepoint: 9500 ns, Cleanup: 11800 ns, At safepoint: 2501 ns, Total: 23801 ns
[2430.609s][info ][safepoint      ] Safepoint "Cleanup", Time since last: 3000288821 ns, Reaching safepoint: 23800 ns, Cleanup: 19801 ns, At safepoint: 5400 ns, Total: 49001 ns
[2433.609s][info ][safepoint      ] Safepoint "Cleanup", Time since last: 3000273321 ns, Reaching safepoint: 10300 ns, Cleanup: 22401 ns, At safepoint: 2900 ns, Total: 35601 ns
[2434.609s][info ][safepoint      ] Safepoint "Cleanup", Time since last: 1000135016 ns, Reaching safepoint: 11100 ns, Cleanup: 17601 ns, At safepoint: 3100 ns, Total: 31801 ns
[2435.610s][info ][safepoint      ] Safepoint "Cleanup", Time since last: 1000122194 ns, Reaching safepoint: 9400 ns, Cleanup: 12501 ns, At safepoint: 2800 ns, Total: 24701 ns
[2436.610s][info ][safepoint      ] Safepoint "Cleanup", Time since last: 1000121794 ns, Reaching safepoint: 8200 ns, Cleanup: 15301 ns, At safepoint: 2400 ns, Total: 25901 ns
[2437.610s][info ][safepoint      ] Safepoint "Cleanup", Time since last: 1000163696 ns, Reaching safepoint: 10400 ns, Cleanup: 14800 ns, At safepoint: 8201 ns, Total: 33401 ns
[2439.610s][info ][safepoint      ] Safepoint "Cleanup", Time since last: 2000217888 ns, Reaching safepoint: 13200 ns, Cleanup: 22001 ns, At safepoint: 3000 ns, Total: 38201 ns
[2440.610s][info ][safepoint      ] Safepoint "Cleanup", Time since last: 1000135594 ns, Reaching safepoint: 9101 ns, Cleanup: 13800 ns, At safepoint: 2900 ns, Total: 25801 ns
[2441.610s][info ][safepoint      ] Safepoint "Cleanup", Time since last: 1000116094 ns, Reaching safepoint: 8601 ns, Cleanup: 25000 ns, At safepoint: 2901 ns, Total: 36502 ns
[2441.991s][info ][gc,start       ] GC(116) Pause Young (Allocation Failure)
[2441.997s][debug][gc,phases      ] GC(116) Scavenge 5.494ms
[2441.997s][debug][gc,ref         ] GC(116) ReferenceProcessor::execute queues: 1, RefProcThreadModel::Single, marks_oops_alive: false
[2441.997s][debug][gc,ref         ] GC(116) Skipped KeepAliveFinalRefsPhase of Reference Processing: no references
[2441.997s][debug][gc,ref         ] GC(116) ReferenceProcessor::execute queues: 1, RefProcThreadModel::Single, marks_oops_alive: false
[2441.997s][debug][gc,phases      ] GC(116) Reference Processing 0.119ms
[2441.997s][debug][gc,phases      ] GC(116)   VM Weak                        Min:  0.0, Avg:  0.0, Max:  0.0, Diff:  0.0, Sum:  0.0, Workers: 4
[2441.997s][debug][gc,phases      ] GC(116)     Dead                           Min: 0, Avg:  0.0, Max: 0, Diff: 0, Sum: 0, Workers: 4
[2441.997s][debug][gc,phases      ] GC(116)     Total                          Min: 0, Avg: 260.0, Max: 1024, Diff: 1024, Sum: 1040, Workers: 4
[2441.997s][debug][gc,phases      ] GC(116)   ObjectSynchronizer Weak        Min:  0.0, Avg:  0.0, Max:  0.0, Diff:  0.0, Sum:  0.0, Workers: 4
[2441.997s][debug][gc,phases      ] GC(116)     Dead                           Min: 0, Avg:  0.0, Max: 0, Diff: 0, Sum: 0, Workers: 4
[2441.997s][debug][gc,phases      ] GC(116)     Total                          Min: 0, Avg:  1.0, Max: 4, Diff: 4, Sum: 4, Workers: 4
[2441.997s][debug][gc,phases      ] GC(116)   JVMTI Tag Weak OopStorage      Min:  0.0, Avg:  0.0, Max:  0.0, Diff:  0.0, Sum:  0.0, Workers: 4
[2441.997s][debug][gc,phases      ] GC(116)     Dead                           Min: 0, Avg:  0.0, Max: 0, Diff: 0, Sum: 0, Workers: 4
[2441.997s][debug][gc,phases      ] GC(116)     Total                          Min: 0, Avg:  0.0, Max: 0, Diff: 0, Sum: 0, Workers: 4
[2441.997s][debug][gc,phases      ] GC(116)   StringTable Weak               Min:  0.0, Avg:  0.1, Max:  0.2, Diff:  0.2, Sum:  0.5, Workers: 4
[2441.997s][debug][gc,phases      ] GC(116)     Dead                           Min: 0, Avg:  0.2, Max: 1, Diff: 1, Sum: 1, Workers: 4
[2441.997s][debug][gc,phases      ] GC(116)     Total                          Min: 0, Avg: 11935.8, Max: 16576, Diff: 16576, Sum: 47743, Workers: 4
[2441.997s][debug][gc,phases      ] GC(116)   ResolvedMethodTable Weak       Min:  0.0, Avg:  0.0, Max:  0.1, Diff:  0.1, Sum:  0.2, Workers: 4
[2441.997s][debug][gc,phases      ] GC(116)     Dead                           Min: 0, Avg:  0.2, Max: 1, Diff: 1, Sum: 1, Workers: 4
[2441.997s][debug][gc,phases      ] GC(116)     Total                          Min: 0, Avg: 3903.8, Max: 5486, Diff: 5486, Sum: 15615, Workers: 4
[2441.997s][debug][gc,phases      ] GC(116)   JNI Weak                       Min:  0.0, Avg:  0.0, Max:  0.0, Diff:  0.0, Sum:  0.0, Workers: 4
[2441.997s][debug][gc,phases      ] GC(116)     Dead                           Min: 0, Avg:  0.0, Max: 0, Diff: 0, Sum: 0, Workers: 4
[2441.997s][debug][gc,phases      ] GC(116)     Total                          Min: 0, Avg: 13.0, Max: 48, Diff: 48, Sum: 52, Workers: 4
[2441.997s][debug][gc,phases      ] GC(116)   StringDedup Table Weak         Min:  0.0, Avg:  0.0, Max:  0.0, Diff:  0.0, Sum:  0.0, Workers: 4
[2441.997s][debug][gc,phases      ] GC(116)     Dead                           Min: 0, Avg:  0.0, Max: 0, Diff: 0, Sum: 0, Workers: 4
[2441.997s][debug][gc,phases      ] GC(116)     Total                          Min: 0, Avg:  0.0, Max: 0, Diff: 0, Sum: 0, Workers: 4
[2441.997s][debug][gc,phases      ] GC(116)   StringDedup Requests0 Weak     Min:  0.0, Avg:  0.0, Max:  0.0, Diff:  0.0, Sum:  0.0, Workers: 4
[2441.997s][debug][gc,phases      ] GC(116)     Dead                           Min: 0, Avg:  0.0, Max: 0, Diff: 0, Sum: 0, Workers: 4
[2441.997s][debug][gc,phases      ] GC(116)     Total                          Min: 0, Avg:  0.0, Max: 0, Diff: 0, Sum: 0, Workers: 4
[2441.997s][debug][gc,phases      ] GC(116)   StringDedup Requests1 Weak     Min:  0.0, Avg:  0.0, Max:  0.0, Diff:  0.0, Sum:  0.0, Workers: 4
[2441.997s][debug][gc,phases      ] GC(116)     Dead                           Min: 0, Avg:  0.0, Max: 0, Diff: 0, Sum: 0, Workers: 4
[2441.997s][debug][gc,phases      ] GC(116)     Total                          Min: 0, Avg:  0.0, Max: 0, Diff: 0, Sum: 0, Workers: 4
[2441.997s][debug][gc,phases      ] GC(116)   Weak JFR Old Object Samples    Min:  0.0, Avg:  0.0, Max:  0.0, Diff:  0.0, Sum:  0.0, Workers: 4
[2441.997s][debug][gc,phases      ] GC(116)     Dead                           Min: 0, Avg:  0.0, Max: 0, Diff: 0, Sum: 0, Workers: 4
[2441.997s][debug][gc,phases      ] GC(116)     Total                          Min: 0, Avg:  0.0, Max: 0, Diff: 0, Sum: 0, Workers: 4
[2441.997s][debug][gc,phases      ] GC(116) Weak Processing 0.451ms
[2441.997s][debug][gc,age         ] GC(116) Desired survivor size 6815744 bytes, new threshold 1 (max threshold 15)
[2441.997s][info ][gc,heap        ] GC(116) PSYoungGen: 2089463K(2089472K)->4928K(2090496K) Eden: 2083840K(2083840K)->0K(2083840K) From: 5623K(5632K)->4928K(6656K)
[2441.997s][info ][gc,heap        ] GC(116) ParOldGen: 365983K(366080K)->368283K(368640K)
[2441.997s][info ][gc,metaspace   ] GC(116) Metaspace: 111306K(112704K)->111306K(112704K) NonClass: 94776K(95552K)->94776K(95552K) Class: 16529K(17152K)->16529K(17152K)
[2441.997s][info ][gc             ] GC(116) Pause Young (Allocation Failure) 2397M->364M(2401M) 6.210ms
[2441.997s][info ][gc,cpu         ] GC(116) User=0.02s Sys=0.00s Real=0.01s
[2441.997s][info ][safepoint      ] Safepoint "ParallelGCFailedAllocation", Time since last: 380550393 ns, Reaching safepoint: 84202 ns, Cleanup: 4600 ns, At safepoint: 6304496 ns, Total: 6393298 ns
[2443.998s][info ][safepoint      ] Safepoint "Cleanup", Time since last: 2000194676 ns, Reaching safepoint: 87002 ns, Cleanup: 13301 ns, At safepoint: 8800 ns, Total: 109103 ns
[2446.998s][info ][safepoint      ] Safepoint "Cleanup", Time since last: 3000336966 ns, Reaching safepoint: 88402 ns, Cleanup: 23101 ns, At safepoint: 8300 ns, Total: 119803 ns
[2447.998s][info ][safepoint      ] Safepoint "Cleanup", Time since last: 1000155090 ns, Reaching safepoint: 86603 ns, Cleanup: 12000 ns, At safepoint: 8000 ns, Total: 106603 ns
[2452.999s][info ][safepoint      ] Safepoint "Cleanup", Time since last: 5000516653 ns, Reaching safepoint: 87903 ns, Cleanup: 17701 ns, At safepoint: 11600 ns, Total: 117204 ns
[2454.999s][info ][safepoint      ] Safepoint "Cleanup", Time since last: 2000317102 ns, Reaching safepoint: 94202 ns, Cleanup: 15601 ns, At safepoint: 17300 ns, Total: 127103 ns
[2456.000s][info ][safepoint      ] Safepoint "Cleanup", Time since last: 1000161651 ns, Reaching safepoint: 88903 ns, Cleanup: 12700 ns, At safepoint: 9301 ns, Total: 110904 ns
[2457.000s][info ][safepoint      ] Safepoint "Cleanup", Time since last: 1000174651 ns, Reaching safepoint: 96203 ns, Cleanup: 15500 ns, At safepoint: 9001 ns, Total: 120704 ns
[2458.000s][info ][safepoint      ] Safepoint "Cleanup", Time since last: 1000141231 ns, Reaching safepoint: 96603 ns, Cleanup: 21200 ns, At safepoint: 10001 ns, Total: 127804 ns
[2459.001s][info ][safepoint      ] Safepoint "Cleanup", Time since last: 1000209494 ns, Reaching safepoint: 93603 ns, Cleanup: 22401 ns, At safepoint: 8800 ns, Total: 124804 ns
[2463.072s][info ][safepoint      ] Safepoint "Cleanup", Time since last: 4071160563 ns, Reaching safepoint: 11601 ns, Cleanup: 13500 ns, At safepoint: 3000 ns, Total: 28101 ns
[2464.072s][info ][safepoint      ] Safepoint "Cleanup", Time since last: 1000115791 ns, Reaching safepoint: 8401 ns, Cleanup: 16200 ns, At safepoint: 3000 ns, Total: 27601 ns
[2465.291s][info ][gc,start       ] GC(117) Pause Young (Allocation Failure)
[2465.298s][debug][gc,phases      ] GC(117) Scavenge 6.865ms
[2465.298s][debug][gc,ref         ] GC(117) ReferenceProcessor::execute queues: 1, RefProcThreadModel::Single, marks_oops_alive: false
[2465.298s][debug][gc,ref         ] GC(117) Skipped KeepAliveFinalRefsPhase of Reference Processing: no references
[2465.298s][debug][gc,ref         ] GC(117) ReferenceProcessor::execute queues: 1, RefProcThreadModel::Single, marks_oops_alive: false
[2465.298s][debug][gc,phases      ] GC(117) Reference Processing 0.116ms
[2465.298s][debug][gc,phases      ] GC(117)   VM Weak                        Min:  0.0, Avg:  0.0, Max:  0.0, Diff:  0.0, Sum:  0.0, Workers: 4
[2465.298s][debug][gc,phases      ] GC(117)     Dead                           Min: 0, Avg:  0.0, Max: 0, Diff: 0, Sum: 0, Workers: 4
[2465.298s][debug][gc,phases      ] GC(117)     Total                          Min: 0, Avg: 260.0, Max: 848, Diff: 848, Sum: 1040, Workers: 4
[2465.298s][debug][gc,phases      ] GC(117)   ObjectSynchronizer Weak        Min:  0.0, Avg:  0.0, Max:  0.0, Diff:  0.0, Sum:  0.0, Workers: 4
[2465.298s][debug][gc,phases      ] GC(117)     Dead                           Min: 0, Avg:  0.0, Max: 0, Diff: 0, Sum: 0, Workers: 4
[2465.298s][debug][gc,phases      ] GC(117)     Total                          Min: 0, Avg:  0.8, Max: 3, Diff: 3, Sum: 3, Workers: 4
[2465.298s][debug][gc,phases      ] GC(117)   JVMTI Tag Weak OopStorage      Min:  0.0, Avg:  0.0, Max:  0.0, Diff:  0.0, Sum:  0.0, Workers: 4
[2465.298s][debug][gc,phases      ] GC(117)     Dead                           Min: 0, Avg:  0.0, Max: 0, Diff: 0, Sum: 0, Workers: 4
[2465.298s][debug][gc,phases      ] GC(117)     Total                          Min: 0, Avg:  0.0, Max: 0, Diff: 0, Sum: 0, Workers: 4
[2465.298s][debug][gc,phases      ] GC(117)   StringTable Weak               Min:  0.0, Avg:  0.1, Max:  0.1, Diff:  0.1, Sum:  0.4, Workers: 4
[2465.298s][debug][gc,phases      ] GC(117)     Dead                           Min: 0, Avg:  0.0, Max: 0, Diff: 0, Sum: 0, Workers: 4
[2465.298s][debug][gc,phases      ] GC(117)     Total                          Min: 0, Avg: 11938.5, Max: 17290, Diff: 17290, Sum: 47754, Workers: 4
[2465.298s][debug][gc,phases      ] GC(117)   ResolvedMethodTable Weak       Min:  0.0, Avg:  0.0, Max:  0.1, Diff:  0.1, Sum:  0.2, Workers: 4
[2465.298s][debug][gc,phases      ] GC(117)     Dead                           Min: 0, Avg:  6.8, Max: 16, Diff: 16, Sum: 27, Workers: 4
[2465.298s][debug][gc,phases      ] GC(117)     Total                          Min: 0, Avg: 3906.2, Max: 5375, Diff: 5375, Sum: 15625, Workers: 4
[2465.298s][debug][gc,phases      ] GC(117)   JNI Weak                       Min:  0.0, Avg:  0.0, Max:  0.0, Diff:  0.0, Sum:  0.0, Workers: 4
[2465.298s][debug][gc,phases      ] GC(117)     Dead                           Min: 0, Avg:  0.0, Max: 0, Diff: 0, Sum: 0, Workers: 4
[2465.298s][debug][gc,phases      ] GC(117)     Total                          Min: 0, Avg: 13.0, Max: 48, Diff: 48, Sum: 52, Workers: 4
[2465.298s][debug][gc,phases      ] GC(117)   StringDedup Table Weak         Min:  0.0, Avg:  0.0, Max:  0.0, Diff:  0.0, Sum:  0.0, Workers: 4
[2465.298s][debug][gc,phases      ] GC(117)     Dead                           Min: 0, Avg:  0.0, Max: 0, Diff: 0, Sum: 0, Workers: 4
[2465.298s][debug][gc,phases      ] GC(117)     Total                          Min: 0, Avg:  0.0, Max: 0, Diff: 0, Sum: 0, Workers: 4
[2465.298s][debug][gc,phases      ] GC(117)   StringDedup Requests0 Weak     Min:  0.0, Avg:  0.0, Max:  0.0, Diff:  0.0, Sum:  0.0, Workers: 4
[2465.298s][debug][gc,phases      ] GC(117)     Dead                           Min: 0, Avg:  0.0, Max: 0, Diff: 0, Sum: 0, Workers: 4
[2465.298s][debug][gc,phases      ] GC(117)     Total                          Min: 0, Avg:  0.0, Max: 0, Diff: 0, Sum: 0, Workers: 4
[2465.298s][debug][gc,phases      ] GC(117)   StringDedup Requests1 Weak     Min:  0.0, Avg:  0.0, Max:  0.0, Diff:  0.0, Sum:  0.0, Workers: 4
[2465.298s][debug][gc,phases      ] GC(117)     Dead                           Min: 0, Avg:  0.0, Max: 0, Diff: 0, Sum: 0, Workers: 4
[2465.298s][debug][gc,phases      ] GC(117)     Total                          Min: 0, Avg:  0.0, Max: 0, Diff: 0, Sum: 0, Workers: 4
[2465.298s][debug][gc,phases      ] GC(117)   Weak JFR Old Object Samples    Min:  0.0, Avg:  0.0, Max:  0.0, Diff:  0.0, Sum:  0.0, Workers: 4
[2465.298s][debug][gc,phases      ] GC(117)     Dead                           Min: 0, Avg:  0.0, Max: 0, Diff: 0, Sum: 0, Workers: 4
[2465.298s][debug][gc,phases      ] GC(117)     Total                          Min: 0, Avg:  0.0, Max: 0, Diff: 0, Sum: 0, Workers: 4
[2465.298s][debug][gc,phases      ] GC(117) Weak Processing 0.482ms
[2465.298s][debug][gc,age         ] GC(117) Desired survivor size 6815744 bytes, new threshold 1 (max threshold 15)
[2465.298s][info ][gc,heap        ] GC(117) PSYoungGen: 2088768K(2090496K)->4512K(2090496K) Eden: 2083840K(2083840K)->0K(2083840K) From: 4928K(6656K)->4512K(6656K)
[2465.298s][info ][gc,heap        ] GC(117) ParOldGen: 368283K(368640K)->369511K(369664K)
[2465.298s][info ][gc,metaspace   ] GC(117) Metaspace: 111325K(112704K)->111325K(112704K) NonClass: 94791K(95552K)->94791K(95552K) Class: 16533K(17152K)->16533K(17152K)
[2465.298s][info ][gc             ] GC(117) Pause Young (Allocation Failure) 2399M->365M(2402M) 7.624ms
[2465.298s][info ][gc,cpu         ] GC(117) User=0.03s Sys=0.00s Real=0.01s
[2465.298s][info ][safepoint      ] Safepoint "ParallelGCFailedAllocation", Time since last: 1218652585 ns, Reaching safepoint: 87103 ns, Cleanup: 5100 ns, At safepoint: 7729641 ns, Total: 7821844 ns
[2476.300s][info ][safepoint      ] Safepoint "Cleanup", Time since last: 11000975990 ns, Reaching safepoint: 84403 ns, Cleanup: 11400 ns, At safepoint: 9501 ns, Total: 105304 ns
[2485.300s][info ][safepoint      ] Safepoint "Cleanup", Time since last: 9000737979 ns, Reaching safepoint: 89503 ns, Cleanup: 17001 ns, At safepoint: 9100 ns, Total: 115604 ns
[2486.301s][info ][safepoint      ] Safepoint "Cleanup", Time since last: 1000146585 ns, Reaching safepoint: 87103 ns, Cleanup: 13500 ns, At safepoint: 8200 ns, Total: 108803 ns
[2487.301s][info ][safepoint      ] Safepoint "Cleanup", Time since last: 1000141485 ns, Reaching safepoint: 87303 ns, Cleanup: 62102 ns, At safepoint: 9700 ns, Total: 159105 ns
[2488.301s][info ][safepoint      ] Safepoint "Cleanup", Time since last: 1000167886 ns, Reaching safepoint: 88703 ns, Cleanup: 35201 ns, At safepoint: 8100 ns, Total: 132004 ns
[2489.301s][info ][safepoint      ] Safepoint "Cleanup", Time since last: 1000133085 ns, Reaching safepoint: 85702 ns, Cleanup: 13201 ns, At safepoint: 8700 ns, Total: 107603 ns
[2491.302s][info ][safepoint      ] Safepoint "Cleanup", Time since last: 2000216077 ns, Reaching safepoint: 87504 ns, Cleanup: 12901 ns, At safepoint: 8600 ns, Total: 109005 ns
[2491.844s][info ][gc,start       ] GC(118) Pause Young (Allocation Failure)
[2491.849s][debug][gc,phases      ] GC(118) Scavenge 4.662ms
[2491.849s][debug][gc,ref         ] GC(118) ReferenceProcessor::execute queues: 1, RefProcThreadModel::Single, marks_oops_alive: false
[2491.849s][debug][gc,ref         ] GC(118) Skipped KeepAliveFinalRefsPhase of Reference Processing: no references
[2491.849s][debug][gc,ref         ] GC(118) Skipped PhantomRefsPhase of Reference Processing: no references
[2491.849s][debug][gc,phases      ] GC(118) Reference Processing 0.139ms
[2491.849s][debug][gc,phases      ] GC(118)   VM Weak                        Min:  0.0, Avg:  0.0, Max:  0.0, Diff:  0.0, Sum:  0.0, Workers: 4
[2491.849s][debug][gc,phases      ] GC(118)     Dead                           Min: 0, Avg:  0.0, Max: 0, Diff: 0, Sum: 0, Workers: 4
[2491.849s][debug][gc,phases      ] GC(118)     Total                          Min: 0, Avg: 260.0, Max: 640, Diff: 640, Sum: 1040, Workers: 4
[2491.849s][debug][gc,phases      ] GC(118)   ObjectSynchronizer Weak        Min:  0.0, Avg:  0.0, Max:  0.0, Diff:  0.0, Sum:  0.0, Workers: 4
[2491.849s][debug][gc,phases      ] GC(118)     Dead                           Min: 0, Avg:  0.0, Max: 0, Diff: 0, Sum: 0, Workers: 4
[2491.849s][debug][gc,phases      ] GC(118)     Total                          Min: 0, Avg:  1.0, Max: 4, Diff: 4, Sum: 4, Workers: 4
[2491.849s][debug][gc,phases      ] GC(118)   JVMTI Tag Weak OopStorage      Min:  0.0, Avg:  0.0, Max:  0.0, Diff:  0.0, Sum:  0.0, Workers: 4
[2491.849s][debug][gc,phases      ] GC(118)     Dead                           Min: 0, Avg:  0.0, Max: 0, Diff: 0, Sum: 0, Workers: 4
[2491.849s][debug][gc,phases      ] GC(118)     Total                          Min: 0, Avg:  0.0, Max: 0, Diff: 0, Sum: 0, Workers: 4
[2491.849s][debug][gc,phases      ] GC(118)   StringTable Weak               Min:  0.0, Avg:  0.1, Max:  0.2, Diff:  0.2, Sum:  0.5, Workers: 4
[2491.849s][debug][gc,phases      ] GC(118)     Dead                           Min: 0, Avg:  0.0, Max: 0, Diff: 0, Sum: 0, Workers: 4
[2491.849s][debug][gc,phases      ] GC(118)     Total                          Min: 0, Avg: 11938.8, Max: 16576, Diff: 16576, Sum: 47755, Workers: 4
[2491.849s][debug][gc,phases      ] GC(118)   ResolvedMethodTable Weak       Min:  0.0, Avg:  0.0, Max:  0.1, Diff:  0.1, Sum:  0.2, Workers: 4
[2491.849s][debug][gc,phases      ] GC(118)     Dead                           Min: 0, Avg:  6.8, Max: 15, Diff: 15, Sum: 27, Workers: 4
[2491.849s][debug][gc,phases      ] GC(118)     Total                          Min: 0, Avg: 3906.2, Max: 5822, Diff: 5822, Sum: 15625, Workers: 4
[2491.849s][debug][gc,phases      ] GC(118)   JNI Weak                       Min:  0.0, Avg:  0.0, Max:  0.0, Diff:  0.0, Sum:  0.0, Workers: 4
[2491.849s][debug][gc,phases      ] GC(118)     Dead                           Min: 0, Avg:  0.0, Max: 0, Diff: 0, Sum: 0, Workers: 4
[2491.849s][debug][gc,phases      ] GC(118)     Total                          Min: 0, Avg: 13.0, Max: 48, Diff: 48, Sum: 52, Workers: 4
[2491.849s][debug][gc,phases      ] GC(118)   StringDedup Table Weak         Min:  0.0, Avg:  0.0, Max:  0.0, Diff:  0.0, Sum:  0.0, Workers: 4
[2491.849s][debug][gc,phases      ] GC(118)     Dead                           Min: 0, Avg:  0.0, Max: 0, Diff: 0, Sum: 0, Workers: 4
[2491.849s][debug][gc,phases      ] GC(118)     Total                          Min: 0, Avg:  0.0, Max: 0, Diff: 0, Sum: 0, Workers: 4
[2491.849s][debug][gc,phases      ] GC(118)   StringDedup Requests0 Weak     Min:  0.0, Avg:  0.0, Max:  0.0, Diff:  0.0, Sum:  0.0, Workers: 4
[2491.849s][debug][gc,phases      ] GC(118)     Dead                           Min: 0, Avg:  0.0, Max: 0, Diff: 0, Sum: 0, Workers: 4
[2491.849s][debug][gc,phases      ] GC(118)     Total                          Min: 0, Avg:  0.0, Max: 0, Diff: 0, Sum: 0, Workers: 4
[2491.849s][debug][gc,phases      ] GC(118)   StringDedup Requests1 Weak     Min:  0.0, Avg:  0.0, Max:  0.0, Diff:  0.0, Sum:  0.0, Workers: 4
[2491.849s][debug][gc,phases      ] GC(118)     Dead                           Min: 0, Avg:  0.0, Max: 0, Diff: 0, Sum: 0, Workers: 4
[2491.849s][debug][gc,phases      ] GC(118)     Total                          Min: 0, Avg:  0.0, Max: 0, Diff: 0, Sum: 0, Workers: 4
[2491.849s][debug][gc,phases      ] GC(118)   Weak JFR Old Object Samples    Min:  0.0, Avg:  0.0, Max:  0.0, Diff:  0.0, Sum:  0.0, Workers: 4
[2491.849s][debug][gc,phases      ] GC(118)     Dead                           Min: 0, Avg:  0.0, Max: 0, Diff: 0, Sum: 0, Workers: 4
[2491.849s][debug][gc,phases      ] GC(118)     Total                          Min: 0, Avg:  0.0, Max: 0, Diff: 0, Sum: 0, Workers: 4
[2491.849s][debug][gc,phases      ] GC(118) Weak Processing 0.496ms
[2491.849s][debug][gc,age         ] GC(118) Desired survivor size 6291456 bytes, new threshold 1 (max threshold 15)
[2491.849s][info ][gc,heap        ] GC(118) PSYoungGen: 2088352K(2090496K)->4848K(2090496K) Eden: 2083840K(2083840K)->0K(2083840K) From: 4512K(6656K)->4848K(6656K)
[2491.849s][info ][gc,heap        ] GC(118) ParOldGen: 369511K(369664K)->370655K(370688K)
[2491.849s][info ][gc,metaspace   ] GC(118) Metaspace: 111331K(112704K)->111331K(112704K) NonClass: 94798K(95552K)->94798K(95552K) Class: 16533K(17152K)->16533K(17152K)
[2491.849s][info ][gc             ] GC(118) Pause Young (Allocation Failure) 2400M->366M(2403M) 5.464ms
[2491.849s][info ][gc,cpu         ] GC(118) User=0.02s Sys=0.00s Real=0.00s
[2491.849s][info ][safepoint      ] Safepoint "ParallelGCFailedAllocation", Time since last: 542061243 ns, Reaching safepoint: 8401 ns, Cleanup: 4600 ns, At safepoint: 5554545 ns, Total: 5567546 ns
[2496.850s][info ][safepoint      ] Safepoint "Cleanup", Time since last: 5000433728 ns, Reaching safepoint: 89303 ns, Cleanup: 15901 ns, At safepoint: 9200 ns, Total: 114404 ns
[2497.850s][info ][safepoint      ] Safepoint "Cleanup", Time since last: 1000143071 ns, Reaching safepoint: 89303 ns, Cleanup: 10500 ns, At safepoint: 7901 ns, Total: 107704 ns
[2501.851s][info ][safepoint      ] Safepoint "Cleanup", Time since last: 4000375566 ns, Reaching safepoint: 96703 ns, Cleanup: 12700 ns, At safepoint: 9000 ns, Total: 118403 ns
[2507.851s][info ][safepoint      ] Safepoint "Cleanup", Time since last: 6000606215 ns, Reaching safepoint: 91103 ns, Cleanup: 16300 ns, At safepoint: 9101 ns, Total: 116504 ns
[2509.852s][info ][safepoint      ] Safepoint "Cleanup", Time since last: 2000305025 ns, Reaching safepoint: 89503 ns, Cleanup: 14400 ns, At safepoint: 8500 ns, Total: 112403 ns
[2510.852s][info ][safepoint      ] Safepoint "Cleanup", Time since last: 1000153013 ns, Reaching safepoint: 87103 ns, Cleanup: 47101 ns, At safepoint: 9100 ns, Total: 143304 ns
[2511.852s][info ][safepoint      ] Safepoint "Cleanup", Time since last: 1000138013 ns, Reaching safepoint: 86802 ns, Cleanup: 26401 ns, At safepoint: 6600 ns, Total: 119803 ns
[2513.493s][info ][gc,start       ] GC(119) Pause Young (Allocation Failure)
[2513.507s][debug][gc,phases      ] GC(119) Scavenge 14.432ms
[2513.507s][debug][gc,ref         ] GC(119) ReferenceProcessor::execute queues: 1, RefProcThreadModel::Single, marks_oops_alive: false
[2513.507s][debug][gc,ref         ] GC(119) Skipped KeepAliveFinalRefsPhase of Reference Processing: no references
[2513.507s][debug][gc,ref         ] GC(119) ReferenceProcessor::execute queues: 1, RefProcThreadModel::Single, marks_oops_alive: false
[2513.508s][debug][gc,phases      ] GC(119) Reference Processing 0.118ms
[2513.508s][debug][gc,phases      ] GC(119)   VM Weak                        Min:  0.0, Avg:  0.0, Max:  0.0, Diff:  0.0, Sum:  0.0, Workers: 4
[2513.508s][debug][gc,phases      ] GC(119)     Dead                           Min: 0, Avg:  0.0, Max: 0, Diff: 0, Sum: 0, Workers: 4
[2513.508s][debug][gc,phases      ] GC(119)     Total                          Min: 0, Avg: 260.0, Max: 576, Diff: 576, Sum: 1040, Workers: 4
[2513.508s][debug][gc,phases      ] GC(119)   ObjectSynchronizer Weak        Min:  0.0, Avg:  0.0, Max:  0.0, Diff:  0.0, Sum:  0.0, Workers: 4
[2513.508s][debug][gc,phases      ] GC(119)     Dead                           Min: 0, Avg:  0.0, Max: 0, Diff: 0, Sum: 0, Workers: 4
[2513.508s][debug][gc,phases      ] GC(119)     Total                          Min: 0, Avg:  1.0, Max: 4, Diff: 4, Sum: 4, Workers: 4
[2513.508s][debug][gc,phases      ] GC(119)   JVMTI Tag Weak OopStorage      Min:  0.0, Avg:  0.0, Max:  0.0, Diff:  0.0, Sum:  0.0, Workers: 4
[2513.508s][debug][gc,phases      ] GC(119)     Dead                           Min: 0, Avg:  0.0, Max: 0, Diff: 0, Sum: 0, Workers: 4
[2513.508s][debug][gc,phases      ] GC(119)     Total                          Min: 0, Avg:  0.0, Max: 0, Diff: 0, Sum: 0, Workers: 4
[2513.508s][debug][gc,phases      ] GC(119)   StringTable Weak               Min:  0.0, Avg:  0.1, Max:  0.2, Diff:  0.2, Sum:  0.6, Workers: 4
[2513.508s][debug][gc,phases      ] GC(119)     Dead                           Min: 0, Avg:  0.0, Max: 0, Diff: 0, Sum: 0, Workers: 4
[2513.508s][debug][gc,phases      ] GC(119)     Total                          Min: 0, Avg: 11938.8, Max: 17483, Diff: 17483, Sum: 47755, Workers: 4
[2513.508s][debug][gc,phases      ] GC(119)   ResolvedMethodTable Weak       Min:  0.0, Avg:  0.0, Max:  0.1, Diff:  0.1, Sum:  0.2, Workers: 4
[2513.508s][debug][gc,phases      ] GC(119)     Dead                           Min: 0, Avg:  6.8, Max: 27, Diff: 27, Sum: 27, Workers: 4
[2513.508s][debug][gc,phases      ] GC(119)     Total                          Min: 0, Avg: 3906.2, Max: 5344, Diff: 5344, Sum: 15625, Workers: 4
[2513.508s][debug][gc,phases      ] GC(119)   JNI Weak                       Min:  0.0, Avg:  0.0, Max:  0.0, Diff:  0.0, Sum:  0.0, Workers: 4
[2513.508s][debug][gc,phases      ] GC(119)     Dead                           Min: 0, Avg:  0.0, Max: 0, Diff: 0, Sum: 0, Workers: 4
[2513.508s][debug][gc,phases      ] GC(119)     Total                          Min: 0, Avg: 13.0, Max: 48, Diff: 48, Sum: 52, Workers: 4
[2513.508s][debug][gc,phases      ] GC(119)   StringDedup Table Weak         Min:  0.0, Avg:  0.0, Max:  0.0, Diff:  0.0, Sum:  0.0, Workers: 4
[2513.508s][debug][gc,phases      ] GC(119)     Dead                           Min: 0, Avg:  0.0, Max: 0, Diff: 0, Sum: 0, Workers: 4
[2513.508s][debug][gc,phases      ] GC(119)     Total                          Min: 0, Avg:  0.0, Max: 0, Diff: 0, Sum: 0, Workers: 4
[2513.508s][debug][gc,phases      ] GC(119)   StringDedup Requests0 Weak     Min:  0.0, Avg:  0.0, Max:  0.0, Diff:  0.0, Sum:  0.0, Workers: 4
[2513.508s][debug][gc,phases      ] GC(119)     Dead                           Min: 0, Avg:  0.0, Max: 0, Diff: 0, Sum: 0, Workers: 4
[2513.508s][debug][gc,phases      ] GC(119)     Total                          Min: 0, Avg:  0.0, Max: 0, Diff: 0, Sum: 0, Workers: 4
[2513.508s][debug][gc,phases      ] GC(119)   StringDedup Requests1 Weak     Min:  0.0, Avg:  0.0, Max:  0.0, Diff:  0.0, Sum:  0.0, Workers: 4
[2513.508s][debug][gc,phases      ] GC(119)     Dead                           Min: 0, Avg:  0.0, Max: 0, Diff: 0, Sum: 0, Workers: 4
[2513.508s][debug][gc,phases      ] GC(119)     Total                          Min: 0, Avg:  0.0, Max: 0, Diff: 0, Sum: 0, Workers: 4
[2513.508s][debug][gc,phases      ] GC(119)   Weak JFR Old Object Samples    Min:  0.0, Avg:  0.0, Max:  0.0, Diff:  0.0, Sum:  0.0, Workers: 4
[2513.508s][debug][gc,phases      ] GC(119)     Dead                           Min: 0, Avg:  0.0, Max: 0, Diff: 0, Sum: 0, Workers: 4
[2513.508s][debug][gc,phases      ] GC(119)     Total                          Min: 0, Avg:  0.0, Max: 0, Diff: 0, Sum: 0, Workers: 4
[2513.508s][debug][gc,phases      ] GC(119) Weak Processing 0.507ms
[2513.508s][debug][gc,age         ] GC(119) Desired survivor size 11534336 bytes, new threshold 1 (max threshold 15)
[2513.508s][info ][gc,heap        ] GC(119) PSYoungGen: 2088688K(2090496K)->6112K(2080768K) Eden: 2083840K(2083840K)->0K(2074624K) From: 4848K(6656K)->6112K(6144K)
[2513.508s][info ][gc,heap        ] GC(119) ParOldGen: 370655K(370688K)->382468K(382976K)
[2513.508s][info ][gc,metaspace   ] GC(119) Metaspace: 111347K(112768K)->111347K(112768K) NonClass: 94813K(95616K)->94813K(95616K) Class: 16533K(17152K)->16533K(17152K)
[2513.508s][info ][gc             ] GC(119) Pause Young (Allocation Failure) 2401M->379M(2406M) 15.211ms
[2513.508s][info ][gc,cpu         ] GC(119) User=0.04s Sys=0.00s Real=0.01s
[2513.508s][info ][safepoint      ] Safepoint "ParallelGCFailedAllocation", Time since last: 1640299727 ns, Reaching safepoint: 87302 ns, Cleanup: 10801 ns, At safepoint: 15311976 ns, Total: 15410079 ns
[2516.509s][info ][safepoint      ] Safepoint "Cleanup", Time since last: 3000278980 ns, Reaching safepoint: 105004 ns, Cleanup: 16600 ns, At safepoint: 9601 ns, Total: 131205 ns
[2518.509s][info ][safepoint      ] Safepoint "Cleanup", Time since last: 2000248595 ns, Reaching safepoint: 84702 ns, Cleanup: 12601 ns, At safepoint: 7500 ns, Total: 104803 ns
[2519.509s][info ][safepoint      ] Safepoint "Cleanup", Time since last: 1000156749 ns, Reaching safepoint: 89203 ns, Cleanup: 34701 ns, At safepoint: 10900 ns, Total: 134804 ns
[2520.509s][info ][safepoint      ] Safepoint "Cleanup", Time since last: 1000157049 ns, Reaching safepoint: 9600 ns, Cleanup: 34101 ns, At safepoint: 2600 ns, Total: 46301 ns
[2522.092s][info ][safepoint      ] Safepoint "Cleanup", Time since last: 1582142456 ns, Reaching safepoint: 85503 ns, Cleanup: 22101 ns, At safepoint: 10600 ns, Total: 118204 ns
[2525.092s][info ][safepoint      ] Safepoint "Cleanup", Time since last: 3000306754 ns, Reaching safepoint: 83903 ns, Cleanup: 13900 ns, At safepoint: 13401 ns, Total: 111204 ns
[2526.092s][info ][safepoint      ] Safepoint "Cleanup", Time since last: 1000130852 ns, Reaching safepoint: 83702 ns, Cleanup: 12201 ns, At safepoint: 11400 ns, Total: 107303 ns
[2527.093s][info ][safepoint      ] Safepoint "Cleanup", Time since last: 1000150253 ns, Reaching safepoint: 87303 ns, Cleanup: 14700 ns, At safepoint: 6800 ns, Total: 108803 ns
[2529.093s][info ][safepoint      ] Safepoint "Cleanup", Time since last: 2000218204 ns, Reaching safepoint: 81602 ns, Cleanup: 13601 ns, At safepoint: 7600 ns, Total: 102803 ns
[2530.093s][info ][safepoint      ] Safepoint "Cleanup", Time since last: 1000154212 ns, Reaching safepoint: 85203 ns, Cleanup: 18200 ns, At safepoint: 7400 ns, Total: 110803 ns
[2531.093s][info ][safepoint      ] Safepoint "Cleanup", Time since last: 1000137349 ns, Reaching safepoint: 85303 ns, Cleanup: 14601 ns, At safepoint: 7200 ns, Total: 107104 ns
[2532.258s][info ][gc,start       ] GC(120) Pause Young (Allocation Failure)
[2532.270s][debug][gc,phases      ] GC(120) Scavenge 12.315ms
[2532.270s][debug][gc,ref         ] GC(120) ReferenceProcessor::execute queues: 1, RefProcThreadModel::Single, marks_oops_alive: false
[2532.270s][debug][gc,ref         ] GC(120) Skipped KeepAliveFinalRefsPhase of Reference Processing: no references
[2532.270s][debug][gc,ref         ] GC(120) ReferenceProcessor::execute queues: 1, RefProcThreadModel::Single, marks_oops_alive: false
[2532.270s][debug][gc,phases      ] GC(120) Reference Processing 0.121ms
[2532.271s][debug][gc,phases      ] GC(120)   VM Weak                        Min:  0.0, Avg:  0.0, Max:  0.0, Diff:  0.0, Sum:  0.0, Workers: 4
[2532.271s][debug][gc,phases      ] GC(120)     Dead                           Min: 0, Avg:  0.0, Max: 0, Diff: 0, Sum: 0, Workers: 4
[2532.271s][debug][gc,phases      ] GC(120)     Total                          Min: 0, Avg: 260.0, Max: 1024, Diff: 1024, Sum: 1040, Workers: 4
[2532.271s][debug][gc,phases      ] GC(120)   ObjectSynchronizer Weak        Min:  0.0, Avg:  0.0, Max:  0.0, Diff:  0.0, Sum:  0.0, Workers: 4
[2532.271s][debug][gc,phases      ] GC(120)     Dead                           Min: 0, Avg:  0.0, Max: 0, Diff: 0, Sum: 0, Workers: 4
[2532.271s][debug][gc,phases      ] GC(120)     Total                          Min: 0, Avg:  1.0, Max: 4, Diff: 4, Sum: 4, Workers: 4
[2532.271s][debug][gc,phases      ] GC(120)   JVMTI Tag Weak OopStorage      Min:  0.0, Avg:  0.0, Max:  0.0, Diff:  0.0, Sum:  0.0, Workers: 4
[2532.271s][debug][gc,phases      ] GC(120)     Dead                           Min: 0, Avg:  0.0, Max: 0, Diff: 0, Sum: 0, Workers: 4
[2532.271s][debug][gc,phases      ] GC(120)     Total                          Min: 0, Avg:  0.0, Max: 0, Diff: 0, Sum: 0, Workers: 4
[2532.271s][debug][gc,phases      ] GC(120)   StringTable Weak               Min:  0.0, Avg:  0.1, Max:  0.2, Diff:  0.2, Sum:  0.5, Workers: 4
[2532.271s][debug][gc,phases      ] GC(120)     Dead                           Min: 0, Avg:  0.0, Max: 0, Diff: 0, Sum: 0, Workers: 4
[2532.271s][debug][gc,phases      ] GC(120)     Total                          Min: 0, Avg: 11941.5, Max: 17088, Diff: 17088, Sum: 47766, Workers: 4
[2532.271s][debug][gc,phases      ] GC(120)   ResolvedMethodTable Weak       Min:  0.0, Avg:  0.0, Max:  0.1, Diff:  0.1, Sum:  0.2, Workers: 4
[2532.271s][debug][gc,phases      ] GC(120)     Dead                           Min: 0, Avg:  7.5, Max: 22, Diff: 22, Sum: 30, Workers: 4
[2532.271s][debug][gc,phases      ] GC(120)     Total                          Min: 0, Avg: 3909.2, Max: 5846, Diff: 5846, Sum: 15637, Workers: 4
[2532.271s][debug][gc,phases      ] GC(120)   JNI Weak                       Min:  0.0, Avg:  0.0, Max:  0.0, Diff:  0.0, Sum:  0.0, Workers: 4
[2532.271s][debug][gc,phases      ] GC(120)     Dead                           Min: 0, Avg:  0.0, Max: 0, Diff: 0, Sum: 0, Workers: 4
[2532.271s][debug][gc,phases      ] GC(120)     Total                          Min: 0, Avg: 13.0, Max: 48, Diff: 48, Sum: 52, Workers: 4
[2532.271s][debug][gc,phases      ] GC(120)   StringDedup Table Weak         Min:  0.0, Avg:  0.0, Max:  0.0, Diff:  0.0, Sum:  0.0, Workers: 4
[2532.271s][debug][gc,phases      ] GC(120)     Dead                           Min: 0, Avg:  0.0, Max: 0, Diff: 0, Sum: 0, Workers: 4
[2532.271s][debug][gc,phases      ] GC(120)     Total                          Min: 0, Avg:  0.0, Max: 0, Diff: 0, Sum: 0, Workers: 4
[2532.271s][debug][gc,phases      ] GC(120)   StringDedup Requests0 Weak     Min:  0.0, Avg:  0.0, Max:  0.0, Diff:  0.0, Sum:  0.0, Workers: 4
[2532.271s][debug][gc,phases      ] GC(120)     Dead                           Min: 0, Avg:  0.0, Max: 0, Diff: 0, Sum: 0, Workers: 4
[2532.271s][debug][gc,phases      ] GC(120)     Total                          Min: 0, Avg:  0.0, Max: 0, Diff: 0, Sum: 0, Workers: 4
[2532.271s][debug][gc,phases      ] GC(120)   StringDedup Requests1 Weak     Min:  0.0, Avg:  0.0, Max:  0.0, Diff:  0.0, Sum:  0.0, Workers: 4
[2532.271s][debug][gc,phases      ] GC(120)     Dead                           Min: 0, Avg:  0.0, Max: 0, Diff: 0, Sum: 0, Workers: 4
[2532.271s][debug][gc,phases      ] GC(120)     Total                          Min: 0, Avg:  0.0, Max: 0, Diff: 0, Sum: 0, Workers: 4
[2532.271s][debug][gc,phases      ] GC(120)   Weak JFR Old Object Samples    Min:  0.0, Avg:  0.0, Max:  0.0, Diff:  0.0, Sum:  0.0, Workers: 4
[2532.271s][debug][gc,phases      ] GC(120)     Dead                           Min: 0, Avg:  0.0, Max: 0, Diff: 0, Sum: 0, Workers: 4
[2532.271s][debug][gc,phases      ] GC(120)     Total                          Min: 0, Avg:  0.0, Max: 0, Diff: 0, Sum: 0, Workers: 4
[2532.271s][debug][gc,phases      ] GC(120) Weak Processing 0.490ms
[2532.271s][debug][gc,age         ] GC(120) Desired survivor size 15204352 bytes, new threshold 1 (max threshold 15)
[2532.271s][info ][gc,heap        ] GC(120) PSYoungGen: 2080736K(2080768K)->11248K(2085888K) Eden: 2074624K(2074624K)->0K(2074624K) From: 6112K(6144K)->11248K(11264K)
[2532.271s][info ][gc,heap        ] GC(120) ParOldGen: 382468K(382976K)->388237K(388608K)
[2532.271s][info ][gc,metaspace   ] GC(120) Metaspace: 111375K(112768K)->111375K(112768K) NonClass: 94837K(95616K)->94837K(95616K) Class: 16538K(17152K)->16538K(17152K)
[2532.271s][info ][gc             ] GC(120) Pause Young (Allocation Failure) 2405M->390M(2416M) 13.096ms
[2532.271s][info ][gc,cpu         ] GC(120) User=0.04s Sys=0.01s Real=0.01s
[2532.271s][info ][safepoint      ] Safepoint "ParallelGCFailedAllocation", Time since last: 1164249644 ns, Reaching safepoint: 11800 ns, Cleanup: 6000 ns, At safepoint: 13192010 ns, Total: 13209810 ns
[2540.271s][info ][safepoint      ] Safepoint "Cleanup", Time since last: 8000606097 ns, Reaching safepoint: 8901 ns, Cleanup: 13000 ns, At safepoint: 2600 ns, Total: 24501 ns
[2541.274s][info ][safepoint      ] Safepoint "Cleanup", Time since last: 1002702939 ns, Reaching safepoint: 168805 ns, Cleanup: 12001 ns, At safepoint: 5800 ns, Total: 186606 ns
[2546.275s][info ][safepoint      ] Safepoint "Cleanup", Time since last: 5000423154 ns, Reaching safepoint: 8400 ns, Cleanup: 12300 ns, At safepoint: 3100 ns, Total: 23800 ns
[2549.275s][info ][safepoint      ] Safepoint "Cleanup", Time since last: 3000266747 ns, Reaching safepoint: 9101 ns, Cleanup: 13100 ns, At safepoint: 2600 ns, Total: 24801 ns
[2550.275s][info ][safepoint      ] Safepoint "Cleanup", Time since last: 1000127417 ns, Reaching safepoint: 8100 ns, Cleanup: 11301 ns, At safepoint: 2300 ns, Total: 21701 ns
[2552.275s][info ][safepoint      ] Safepoint "Cleanup", Time since last: 2000187331 ns, Reaching safepoint: 8901 ns, Cleanup: 12600 ns, At safepoint: 2800 ns, Total: 24301 ns
[2552.402s][info ][gc,start       ] GC(121) Pause Young (Allocation Failure)
[2552.415s][debug][gc,phases      ] GC(121) Scavenge 12.625ms
[2552.415s][debug][gc,ref         ] GC(121) ReferenceProcessor::execute queues: 1, RefProcThreadModel::Single, marks_oops_alive: false
[2552.415s][debug][gc,ref         ] GC(121) Skipped KeepAliveFinalRefsPhase of Reference Processing: no references
[2552.415s][debug][gc,ref         ] GC(121) Skipped PhantomRefsPhase of Reference Processing: no references
[2552.415s][debug][gc,phases      ] GC(121) Reference Processing 0.114ms
[2552.415s][debug][gc,phases      ] GC(121)   VM Weak                        Min:  0.0, Avg:  0.0, Max:  0.0, Diff:  0.0, Sum:  0.0, Workers: 4
[2552.415s][debug][gc,phases      ] GC(121)     Dead                           Min: 0, Avg:  0.0, Max: 0, Diff: 0, Sum: 0, Workers: 4
[2552.415s][debug][gc,phases      ] GC(121)     Total                          Min: 0, Avg: 260.0, Max: 832, Diff: 832, Sum: 1040, Workers: 4
[2552.415s][debug][gc,phases      ] GC(121)   ObjectSynchronizer Weak        Min:  0.0, Avg:  0.0, Max:  0.0, Diff:  0.0, Sum:  0.0, Workers: 4
[2552.415s][debug][gc,phases      ] GC(121)     Dead                           Min: 0, Avg:  0.0, Max: 0, Diff: 0, Sum: 0, Workers: 4
[2552.415s][debug][gc,phases      ] GC(121)     Total                          Min: 0, Avg:  1.0, Max: 4, Diff: 4, Sum: 4, Workers: 4
[2552.415s][debug][gc,phases      ] GC(121)   JVMTI Tag Weak OopStorage      Min:  0.0, Avg:  0.0, Max:  0.0, Diff:  0.0, Sum:  0.0, Workers: 4
[2552.415s][debug][gc,phases      ] GC(121)     Dead                           Min: 0, Avg:  0.0, Max: 0, Diff: 0, Sum: 0, Workers: 4
[2552.415s][debug][gc,phases      ] GC(121)     Total                          Min: 0, Avg:  0.0, Max: 0, Diff: 0, Sum: 0, Workers: 4
[2552.415s][debug][gc,phases      ] GC(121)   StringTable Weak               Min:  0.0, Avg:  0.1, Max:  0.2, Diff:  0.2, Sum:  0.5, Workers: 4
[2552.415s][debug][gc,phases      ] GC(121)     Dead                           Min: 0, Avg:  0.0, Max: 0, Diff: 0, Sum: 0, Workers: 4
[2552.415s][debug][gc,phases      ] GC(121)     Total                          Min: 0, Avg: 11942.0, Max: 16640, Diff: 16640, Sum: 47768, Workers: 4
[2552.415s][debug][gc,phases      ] GC(121)   ResolvedMethodTable Weak       Min:  0.0, Avg:  0.0, Max:  0.1, Diff:  0.1, Sum:  0.2, Workers: 4
[2552.415s][debug][gc,phases      ] GC(121)     Dead                           Min: 0, Avg:  6.8, Max: 13, Diff: 13, Sum: 27, Workers: 4
[2552.415s][debug][gc,phases      ] GC(121)     Total                          Min: 0, Avg: 3909.2, Max: 5478, Diff: 5478, Sum: 15637, Workers: 4
[2552.415s][debug][gc,phases      ] GC(121)   JNI Weak                       Min:  0.0, Avg:  0.0, Max:  0.0, Diff:  0.0, Sum:  0.0, Workers: 4
[2552.415s][debug][gc,phases      ] GC(121)     Dead                           Min: 0, Avg:  0.0, Max: 0, Diff: 0, Sum: 0, Workers: 4
[2552.415s][debug][gc,phases      ] GC(121)     Total                          Min: 0, Avg: 13.0, Max: 48, Diff: 48, Sum: 52, Workers: 4
[2552.415s][debug][gc,phases      ] GC(121)   StringDedup Table Weak         Min:  0.0, Avg:  0.0, Max:  0.0, Diff:  0.0, Sum:  0.0, Workers: 4
[2552.415s][debug][gc,phases      ] GC(121)     Dead                           Min: 0, Avg:  0.0, Max: 0, Diff: 0, Sum: 0, Workers: 4
[2552.415s][debug][gc,phases      ] GC(121)     Total                          Min: 0, Avg:  0.0, Max: 0, Diff: 0, Sum: 0, Workers: 4
[2552.415s][debug][gc,phases      ] GC(121)   StringDedup Requests0 Weak     Min:  0.0, Avg:  0.0, Max:  0.0, Diff:  0.0, Sum:  0.0, Workers: 4
[2552.415s][debug][gc,phases      ] GC(121)     Dead                           Min: 0, Avg:  0.0, Max: 0, Diff: 0, Sum: 0, Workers: 4
[2552.415s][debug][gc,phases      ] GC(121)     Total                          Min: 0, Avg:  0.0, Max: 0, Diff: 0, Sum: 0, Workers: 4
[2552.415s][debug][gc,phases      ] GC(121)   StringDedup Requests1 Weak     Min:  0.0, Avg:  0.0, Max:  0.0, Diff:  0.0, Sum:  0.0, Workers: 4
[2552.415s][debug][gc,phases      ] GC(121)     Dead                           Min: 0, Avg:  0.0, Max: 0, Diff: 0, Sum: 0, Workers: 4
[2552.415s][debug][gc,phases      ] GC(121)     Total                          Min: 0, Avg:  0.0, Max: 0, Diff: 0, Sum: 0, Workers: 4
[2552.415s][debug][gc,phases      ] GC(121)   Weak JFR Old Object Samples    Min:  0.0, Avg:  0.0, Max:  0.0, Diff:  0.0, Sum:  0.0, Workers: 4
[2552.415s][debug][gc,phases      ] GC(121)     Dead                           Min: 0, Avg:  0.0, Max: 0, Diff: 0, Sum: 0, Workers: 4
[2552.415s][debug][gc,phases      ] GC(121)     Total                          Min: 0, Avg:  0.0, Max: 0, Diff: 0, Sum: 0, Workers: 4
[2552.415s][debug][gc,phases      ] GC(121) Weak Processing 0.465ms
[2552.415s][debug][gc,age         ] GC(121) Desired survivor size 14155776 bytes, new threshold 1 (max threshold 15)
[2552.415s][info ][gc,heap        ] GC(121) PSYoungGen: 2085872K(2085888K)->7008K(2080768K) Eden: 2074624K(2074624K)->0K(2069504K) From: 11248K(11264K)->7008K(11264K)
[2552.415s][info ][gc,heap        ] GC(121) ParOldGen: 388237K(388608K)->395077K(395264K)
[2552.415s][info ][gc,metaspace   ] GC(121) Metaspace: 111381K(112768K)->111381K(112768K) NonClass: 94843K(95616K)->94843K(95616K) Class: 16538K(17152K)->16538K(17152K)
[2552.415s][info ][gc             ] GC(121) Pause Young (Allocation Failure) 2416M->392M(2418M) 13.359ms
[2552.416s][info ][gc,cpu         ] GC(121) User=0.03s Sys=0.00s Real=0.02s
[2552.416s][info ][safepoint      ] Safepoint "ParallelGCFailedAllocation", Time since last: 126586663 ns, Reaching safepoint: 11300 ns, Cleanup: 6100 ns, At safepoint: 13459811 ns, Total: 13477211 ns
[2557.416s][info ][safepoint      ] Safepoint "Cleanup", Time since last: 5000391044 ns, Reaching safepoint: 9400 ns, Cleanup: 20801 ns, At safepoint: 2700 ns, Total: 32901 ns
[2558.416s][info ][safepoint      ] Safepoint "Cleanup", Time since last: 1000127296 ns, Reaching safepoint: 9200 ns, Cleanup: 13801 ns, At safepoint: 2800 ns, Total: 25801 ns
[2564.417s][info ][safepoint      ] Safepoint "Cleanup", Time since last: 6000513127 ns, Reaching safepoint: 8500 ns, Cleanup: 10701 ns, At safepoint: 2700 ns, Total: 21901 ns
[2571.417s][info ][safepoint      ] Safepoint "Cleanup", Time since last: 7000605808 ns, Reaching safepoint: 10101 ns, Cleanup: 16200 ns, At safepoint: 3000 ns, Total: 29301 ns
[2573.642s][info ][gc,start       ] GC(122) Pause Young (Allocation Failure)
[2573.653s][debug][gc,phases      ] GC(122) Scavenge 10.776ms
[2573.653s][debug][gc,ref         ] GC(122) ReferenceProcessor::execute queues: 1, RefProcThreadModel::Single, marks_oops_alive: false
[2573.653s][debug][gc,ref         ] GC(122) Skipped KeepAliveFinalRefsPhase of Reference Processing: no references
[2573.653s][debug][gc,ref         ] GC(122) Skipped PhantomRefsPhase of Reference Processing: no references
[2573.653s][debug][gc,phases      ] GC(122) Reference Processing 0.125ms
[2573.653s][debug][gc,phases      ] GC(122)   VM Weak                        Min:  0.0, Avg:  0.0, Max:  0.0, Diff:  0.0, Sum:  0.0, Workers: 4
[2573.653s][debug][gc,phases      ] GC(122)     Dead                           Min: 0, Avg:  0.0, Max: 0, Diff: 0, Sum: 0, Workers: 4
[2573.653s][debug][gc,phases      ] GC(122)     Total                          Min: 0, Avg: 260.0, Max: 768, Diff: 768, Sum: 1040, Workers: 4
[2573.653s][debug][gc,phases      ] GC(122)   ObjectSynchronizer Weak        Min:  0.0, Avg:  0.0, Max:  0.0, Diff:  0.0, Sum:  0.0, Workers: 4
[2573.653s][debug][gc,phases      ] GC(122)     Dead                           Min: 0, Avg:  0.0, Max: 0, Diff: 0, Sum: 0, Workers: 4
[2573.653s][debug][gc,phases      ] GC(122)     Total                          Min: 0, Avg:  1.0, Max: 4, Diff: 4, Sum: 4, Workers: 4
[2573.653s][debug][gc,phases      ] GC(122)   JVMTI Tag Weak OopStorage      Min:  0.0, Avg:  0.0, Max:  0.0, Diff:  0.0, Sum:  0.0, Workers: 4
[2573.653s][debug][gc,phases      ] GC(122)     Dead                           Min: 0, Avg:  0.0, Max: 0, Diff: 0, Sum: 0, Workers: 4
[2573.653s][debug][gc,phases      ] GC(122)     Total                          Min: 0, Avg:  0.0, Max: 0, Diff: 0, Sum: 0, Workers: 4
[2573.653s][debug][gc,phases      ] GC(122)   StringTable Weak               Min:  0.0, Avg:  0.1, Max:  0.3, Diff:  0.3, Sum:  0.5, Workers: 4
[2573.653s][debug][gc,phases      ] GC(122)     Dead                           Min: 0, Avg:  0.0, Max: 0, Diff: 0, Sum: 0, Workers: 4
[2573.653s][debug][gc,phases      ] GC(122)     Total                          Min: 0, Avg: 11942.0, Max: 25240, Diff: 25240, Sum: 47768, Workers: 4
[2573.653s][debug][gc,phases      ] GC(122)   ResolvedMethodTable Weak       Min:  0.0, Avg:  0.0, Max:  0.1, Diff:  0.1, Sum:  0.2, Workers: 4
[2573.653s][debug][gc,phases      ] GC(122)     Dead                           Min: 0, Avg:  4.0, Max: 10, Diff: 10, Sum: 16, Workers: 4
[2573.653s][debug][gc,phases      ] GC(122)     Total                          Min: 0, Avg: 3909.2, Max: 8172, Diff: 8172, Sum: 15637, Workers: 4
[2573.653s][debug][gc,phases      ] GC(122)   JNI Weak                       Min:  0.0, Avg:  0.0, Max:  0.0, Diff:  0.0, Sum:  0.0, Workers: 4
[2573.654s][debug][gc,phases      ] GC(122)     Dead                           Min: 0, Avg:  0.0, Max: 0, Diff: 0, Sum: 0, Workers: 4
[2573.654s][debug][gc,phases      ] GC(122)     Total                          Min: 0, Avg: 13.0, Max: 48, Diff: 48, Sum: 52, Workers: 4
[2573.654s][debug][gc,phases      ] GC(122)   StringDedup Table Weak         Min:  0.0, Avg:  0.0, Max:  0.0, Diff:  0.0, Sum:  0.0, Workers: 4
[2573.654s][debug][gc,phases      ] GC(122)     Dead                           Min: 0, Avg:  0.0, Max: 0, Diff: 0, Sum: 0, Workers: 4
[2573.654s][debug][gc,phases      ] GC(122)     Total                          Min: 0, Avg:  0.0, Max: 0, Diff: 0, Sum: 0, Workers: 4
[2573.654s][debug][gc,phases      ] GC(122)   StringDedup Requests0 Weak     Min:  0.0, Avg:  0.0, Max:  0.0, Diff:  0.0, Sum:  0.0, Workers: 4
[2573.654s][debug][gc,phases      ] GC(122)     Dead                           Min: 0, Avg:  0.0, Max: 0, Diff: 0, Sum: 0, Workers: 4
[2573.654s][debug][gc,phases      ] GC(122)     Total                          Min: 0, Avg:  0.0, Max: 0, Diff: 0, Sum: 0, Workers: 4
[2573.654s][debug][gc,phases      ] GC(122)   StringDedup Requests1 Weak     Min:  0.0, Avg:  0.0, Max:  0.0, Diff:  0.0, Sum:  0.0, Workers: 4
[2573.654s][debug][gc,phases      ] GC(122)     Dead                           Min: 0, Avg:  0.0, Max: 0, Diff: 0, Sum: 0, Workers: 4
[2573.654s][debug][gc,phases      ] GC(122)     Total                          Min: 0, Avg:  0.0, Max: 0, Diff: 0, Sum: 0, Workers: 4
[2573.654s][debug][gc,phases      ] GC(122)   Weak JFR Old Object Samples    Min:  0.0, Avg:  0.0, Max:  0.0, Diff:  0.0, Sum:  0.0, Workers: 4
[2573.654s][debug][gc,phases      ] GC(122)     Dead                           Min: 0, Avg:  0.0, Max: 0, Diff: 0, Sum: 0, Workers: 4
[2573.654s][debug][gc,phases      ] GC(122)     Total                          Min: 0, Avg:  0.0, Max: 0, Diff: 0, Sum: 0, Workers: 4
[2573.654s][debug][gc,phases      ] GC(122) Weak Processing 0.893ms
[2573.654s][debug][gc,age         ] GC(122) Desired survivor size 14155776 bytes, new threshold 1 (max threshold 15)
[2573.654s][info ][gc,heap        ] GC(122) PSYoungGen: 2076512K(2080768K)->5024K(2083328K) Eden: 2069504K(2069504K)->0K(2069504K) From: 7008K(11264K)->5024K(13824K)
[2573.654s][info ][gc,heap        ] GC(122) ParOldGen: 395077K(395264K)->397701K(397824K)
[2573.654s][info ][gc,metaspace   ] GC(122) Metaspace: 111386K(112832K)->111386K(112832K) NonClass: 94848K(95680K)->94848K(95680K) Class: 16538K(17152K)->16538K(17152K)
[2573.654s][info ][gc             ] GC(122) Pause Young (Allocation Failure) 2413M->393M(2423M) 11.961ms
[2573.654s][info ][gc,cpu         ] GC(122) User=0.03s Sys=0.00s Real=0.02s
[2573.654s][info ][safepoint      ] Safepoint "ParallelGCFailedAllocation", Time since last: 2224270495 ns, Reaching safepoint: 95103 ns, Cleanup: 6700 ns, At safepoint: 12070677 ns, Total: 12172480 ns
[2575.654s][info ][safepoint      ] Safepoint "Cleanup", Time since last: 2000182394 ns, Reaching safepoint: 88202 ns, Cleanup: 12501 ns, At safepoint: 9900 ns, Total: 110603 ns
[2577.654s][info ][safepoint      ] Safepoint "Cleanup", Time since last: 2000236595 ns, Reaching safepoint: 10200 ns, Cleanup: 18201 ns, At safepoint: 12200 ns, Total: 40601 ns
[2582.116s][info ][safepoint      ] Safepoint "Cleanup", Time since last: 4461777804 ns, Reaching safepoint: 13401 ns, Cleanup: 18500 ns, At safepoint: 3400 ns, Total: 35301 ns
[2588.117s][info ][safepoint      ] Safepoint "Cleanup", Time since last: 6000563875 ns, Reaching safepoint: 11300 ns, Cleanup: 14401 ns, At safepoint: 2900 ns, Total: 28601 ns
[2593.117s][info ][safepoint      ] Safepoint "Cleanup", Time since last: 5000450950 ns, Reaching safepoint: 9000 ns, Cleanup: 14001 ns, At safepoint: 2200 ns, Total: 25201 ns
[2596.117s][info ][safepoint      ] Safepoint "Cleanup", Time since last: 3000273859 ns, Reaching safepoint: 8500 ns, Cleanup: 13301 ns, At safepoint: 3000 ns, Total: 24801 ns
[2597.118s][info ][safepoint      ] Safepoint "Cleanup", Time since last: 1000128285 ns, Reaching safepoint: 10800 ns, Cleanup: 13701 ns, At safepoint: 2600 ns, Total: 27101 ns
[2599.263s][info ][gc,start       ] GC(123) Pause Young (Allocation Failure)
[2599.270s][debug][gc,phases      ] GC(123) Scavenge 7.510ms
[2599.270s][debug][gc,ref         ] GC(123) ReferenceProcessor::execute queues: 1, RefProcThreadModel::Single, marks_oops_alive: false
[2599.270s][debug][gc,ref         ] GC(123) Skipped KeepAliveFinalRefsPhase of Reference Processing: no references
[2599.270s][debug][gc,ref         ] GC(123) Skipped PhantomRefsPhase of Reference Processing: no references
[2599.270s][debug][gc,phases      ] GC(123) Reference Processing 0.143ms
[2599.271s][debug][gc,phases      ] GC(123)   VM Weak                        Min:  0.0, Avg:  0.0, Max:  0.0, Diff:  0.0, Sum:  0.0, Workers: 4
[2599.271s][debug][gc,phases      ] GC(123)     Dead                           Min: 0, Avg:  0.0, Max: 0, Diff: 0, Sum: 0, Workers: 4
[2599.271s][debug][gc,phases      ] GC(123)     Total                          Min: 0, Avg: 260.0, Max: 896, Diff: 896, Sum: 1040, Workers: 4
[2599.271s][debug][gc,phases      ] GC(123)   ObjectSynchronizer Weak        Min:  0.0, Avg:  0.0, Max:  0.0, Diff:  0.0, Sum:  0.0, Workers: 4
[2599.271s][debug][gc,phases      ] GC(123)     Dead                           Min: 0, Avg:  0.0, Max: 0, Diff: 0, Sum: 0, Workers: 4
[2599.271s][debug][gc,phases      ] GC(123)     Total                          Min: 0, Avg:  0.8, Max: 3, Diff: 3, Sum: 3, Workers: 4
[2599.271s][debug][gc,phases      ] GC(123)   JVMTI Tag Weak OopStorage      Min:  0.0, Avg:  0.0, Max:  0.0, Diff:  0.0, Sum:  0.0, Workers: 4
[2599.271s][debug][gc,phases      ] GC(123)     Dead                           Min: 0, Avg:  0.0, Max: 0, Diff: 0, Sum: 0, Workers: 4
[2599.271s][debug][gc,phases      ] GC(123)     Total                          Min: 0, Avg:  0.0, Max: 0, Diff: 0, Sum: 0, Workers: 4
[2599.271s][debug][gc,phases      ] GC(123)   StringTable Weak               Min:  0.0, Avg:  0.1, Max:  0.2, Diff:  0.2, Sum:  0.5, Workers: 4
[2599.271s][debug][gc,phases      ] GC(123)     Dead                           Min: 0, Avg:  0.0, Max: 0, Diff: 0, Sum: 0, Workers: 4
[2599.271s][debug][gc,phases      ] GC(123)     Total                          Min: 0, Avg: 11942.0, Max: 16984, Diff: 16984, Sum: 47768, Workers: 4
[2599.271s][debug][gc,phases      ] GC(123)   ResolvedMethodTable Weak       Min:  0.0, Avg:  0.0, Max:  0.1, Diff:  0.1, Sum:  0.2, Workers: 4
[2599.271s][debug][gc,phases      ] GC(123)     Dead                           Min: 0, Avg:  4.0, Max: 9, Diff: 9, Sum: 16, Workers: 4
[2599.271s][debug][gc,phases      ] GC(123)     Total                          Min: 0, Avg: 3909.2, Max: 5811, Diff: 5811, Sum: 15637, Workers: 4
[2599.271s][debug][gc,phases      ] GC(123)   JNI Weak                       Min:  0.0, Avg:  0.0, Max:  0.0, Diff:  0.0, Sum:  0.0, Workers: 4
[2599.271s][debug][gc,phases      ] GC(123)     Dead                           Min: 0, Avg:  0.0, Max: 0, Diff: 0, Sum: 0, Workers: 4
[2599.271s][debug][gc,phases      ] GC(123)     Total                          Min: 0, Avg: 13.0, Max: 48, Diff: 48, Sum: 52, Workers: 4
[2599.271s][debug][gc,phases      ] GC(123)   StringDedup Table Weak         Min:  0.0, Avg:  0.0, Max:  0.0, Diff:  0.0, Sum:  0.0, Workers: 4
[2599.271s][debug][gc,phases      ] GC(123)     Dead                           Min: 0, Avg:  0.0, Max: 0, Diff: 0, Sum: 0, Workers: 4
[2599.271s][debug][gc,phases      ] GC(123)     Total                          Min: 0, Avg:  0.0, Max: 0, Diff: 0, Sum: 0, Workers: 4
[2599.271s][debug][gc,phases      ] GC(123)   StringDedup Requests0 Weak     Min:  0.0, Avg:  0.0, Max:  0.0, Diff:  0.0, Sum:  0.0, Workers: 4
[2599.271s][debug][gc,phases      ] GC(123)     Dead                           Min: 0, Avg:  0.0, Max: 0, Diff: 0, Sum: 0, Workers: 4
[2599.271s][debug][gc,phases      ] GC(123)     Total                          Min: 0, Avg:  0.0, Max: 0, Diff: 0, Sum: 0, Workers: 4
[2599.271s][debug][gc,phases      ] GC(123)   StringDedup Requests1 Weak     Min:  0.0, Avg:  0.0, Max:  0.0, Diff:  0.0, Sum:  0.0, Workers: 4
[2599.271s][debug][gc,phases      ] GC(123)     Dead                           Min: 0, Avg:  0.0, Max: 0, Diff: 0, Sum: 0, Workers: 4
[2599.271s][debug][gc,phases      ] GC(123)     Total                          Min: 0, Avg:  0.0, Max: 0, Diff: 0, Sum: 0, Workers: 4
[2599.271s][debug][gc,phases      ] GC(123)   Weak JFR Old Object Samples    Min:  0.0, Avg:  0.0, Max:  0.0, Diff:  0.0, Sum:  0.0, Workers: 4
[2599.271s][debug][gc,phases      ] GC(123)     Dead                           Min: 0, Avg:  0.0, Max: 0, Diff: 0, Sum: 0, Workers: 4
[2599.271s][debug][gc,phases      ] GC(123)     Total                          Min: 0, Avg:  0.0, Max: 0, Diff: 0, Sum: 0, Workers: 4
[2599.271s][debug][gc,phases      ] GC(123) Weak Processing 0.559ms
[2599.271s][debug][gc,age         ] GC(123) Desired survivor size 13631488 bytes, new threshold 1 (max threshold 15)
[2599.271s][info ][gc,heap        ] GC(123) PSYoungGen: 2074528K(2083328K)->4784K(2083840K) Eden: 2069504K(2069504K)->0K(2070016K) From: 5024K(13824K)->4784K(13824K)
[2599.271s][info ][gc,heap        ] GC(123) ParOldGen: 397701K(397824K)->398754K(398848K)
[2599.271s][info ][gc,metaspace   ] GC(123) Metaspace: 111391K(112832K)->111391K(112832K) NonClass: 94853K(95680K)->94853K(95680K) Class: 16538K(17152K)->16538K(17152K)
[2599.271s][info ][gc             ] GC(123) Pause Young (Allocation Failure) 2414M->394M(2424M) 8.382ms
[2599.271s][info ][gc,cpu         ] GC(123) User=0.02s Sys=0.00s Real=0.01s
[2599.271s][info ][safepoint      ] Safepoint "ParallelGCFailedAllocation", Time since last: 2144852079 ns, Reaching safepoint: 7700 ns, Cleanup: 5800 ns, At safepoint: 8487265 ns, Total: 8500765 ns
[2601.271s][info ][safepoint      ] Safepoint "Cleanup", Time since last: 2000179068 ns, Reaching safepoint: 11700 ns, Cleanup: 15301 ns, At safepoint: 2900 ns, Total: 29901 ns
[2606.272s][info ][safepoint      ] Safepoint "Cleanup", Time since last: 5000418692 ns, Reaching safepoint: 10001 ns, Cleanup: 13800 ns, At safepoint: 2800 ns, Total: 26601 ns
[2608.272s][info ][safepoint      ] Safepoint "Cleanup", Time since last: 2000182155 ns, Reaching safepoint: 10301 ns, Cleanup: 14400 ns, At safepoint: 2800 ns, Total: 27501 ns
[2609.272s][info ][safepoint      ] Safepoint "Cleanup", Time since last: 1000116679 ns, Reaching safepoint: 10600 ns, Cleanup: 11600 ns, At safepoint: 3201 ns, Total: 25401 ns
[2613.272s][info ][safepoint      ] Safepoint "Cleanup", Time since last: 4000355324 ns, Reaching safepoint: 12400 ns, Cleanup: 23901 ns, At safepoint: 3200 ns, Total: 39501 ns
[2621.273s][info ][safepoint      ] Safepoint "Cleanup", Time since last: 8000662639 ns, Reaching safepoint: 9000 ns, Cleanup: 12501 ns, At safepoint: 2800 ns, Total: 24301 ns
[2623.273s][info ][safepoint      ] Safepoint "Cleanup", Time since last: 2000204446 ns, Reaching safepoint: 8900 ns, Cleanup: 19401 ns, At safepoint: 2500 ns, Total: 30801 ns
[2624.899s][info ][gc,start       ] GC(124) Pause Young (Allocation Failure)
[2624.906s][debug][gc,phases      ] GC(124) Scavenge 7.128ms
[2624.906s][debug][gc,ref         ] GC(124) ReferenceProcessor::execute queues: 1, RefProcThreadModel::Single, marks_oops_alive: false
[2624.906s][debug][gc,ref         ] GC(124) Skipped KeepAliveFinalRefsPhase of Reference Processing: no references
[2624.906s][debug][gc,ref         ] GC(124) Skipped PhantomRefsPhase of Reference Processing: no references
[2624.906s][debug][gc,phases      ] GC(124) Reference Processing 0.155ms
[2624.906s][debug][gc,phases      ] GC(124)   VM Weak                        Min:  0.0, Avg:  0.0, Max:  0.0, Diff:  0.0, Sum:  0.0, Workers: 4
[2624.906s][debug][gc,phases      ] GC(124)     Dead                           Min: 0, Avg:  0.0, Max: 0, Diff: 0, Sum: 0, Workers: 4
[2624.906s][debug][gc,phases      ] GC(124)     Total                          Min: 0, Avg: 260.0, Max: 592, Diff: 592, Sum: 1040, Workers: 4
[2624.906s][debug][gc,phases      ] GC(124)   ObjectSynchronizer Weak        Min:  0.0, Avg:  0.0, Max:  0.0, Diff:  0.0, Sum:  0.0, Workers: 4
[2624.906s][debug][gc,phases      ] GC(124)     Dead                           Min: 0, Avg:  0.0, Max: 0, Diff: 0, Sum: 0, Workers: 4
[2624.906s][debug][gc,phases      ] GC(124)     Total                          Min: 0, Avg:  0.8, Max: 3, Diff: 3, Sum: 3, Workers: 4
[2624.906s][debug][gc,phases      ] GC(124)   JVMTI Tag Weak OopStorage      Min:  0.0, Avg:  0.0, Max:  0.0, Diff:  0.0, Sum:  0.0, Workers: 4
[2624.906s][debug][gc,phases      ] GC(124)     Dead                           Min: 0, Avg:  0.0, Max: 0, Diff: 0, Sum: 0, Workers: 4
[2624.906s][debug][gc,phases      ] GC(124)     Total                          Min: 0, Avg:  0.0, Max: 0, Diff: 0, Sum: 0, Workers: 4
[2624.906s][debug][gc,phases      ] GC(124)   StringTable Weak               Min:  0.0, Avg:  0.1, Max:  0.3, Diff:  0.3, Sum:  0.5, Workers: 4
[2624.906s][debug][gc,phases      ] GC(124)     Dead                           Min: 0, Avg:  0.0, Max: 0, Diff: 0, Sum: 0, Workers: 4
[2624.906s][debug][gc,phases      ] GC(124)     Total                          Min: 0, Avg: 11942.0, Max: 25152, Diff: 25152, Sum: 47768, Workers: 4
[2624.906s][debug][gc,phases      ] GC(124)   ResolvedMethodTable Weak       Min:  0.0, Avg:  0.0, Max:  0.1, Diff:  0.1, Sum:  0.2, Workers: 4
[2624.906s][debug][gc,phases      ] GC(124)     Dead                           Min: 0, Avg:  4.0, Max: 16, Diff: 16, Sum: 16, Workers: 4
[2624.906s][debug][gc,phases      ] GC(124)     Total                          Min: 0, Avg: 3909.2, Max: 7896, Diff: 7896, Sum: 15637, Workers: 4
[2624.907s][debug][gc,phases      ] GC(124)   JNI Weak                       Min:  0.0, Avg:  0.0, Max:  0.0, Diff:  0.0, Sum:  0.0, Workers: 4
[2624.907s][debug][gc,phases      ] GC(124)     Dead                           Min: 0, Avg:  0.0, Max: 0, Diff: 0, Sum: 0, Workers: 4
[2624.907s][debug][gc,phases      ] GC(124)     Total                          Min: 0, Avg: 13.0, Max: 48, Diff: 48, Sum: 52, Workers: 4
[2624.907s][debug][gc,phases      ] GC(124)   StringDedup Table Weak         Min:  0.0, Avg:  0.0, Max:  0.0, Diff:  0.0, Sum:  0.0, Workers: 4
[2624.907s][debug][gc,phases      ] GC(124)     Dead                           Min: 0, Avg:  0.0, Max: 0, Diff: 0, Sum: 0, Workers: 4
[2624.907s][debug][gc,phases      ] GC(124)     Total                          Min: 0, Avg:  0.0, Max: 0, Diff: 0, Sum: 0, Workers: 4
[2624.907s][debug][gc,phases      ] GC(124)   StringDedup Requests0 Weak     Min:  0.0, Avg:  0.0, Max:  0.0, Diff:  0.0, Sum:  0.0, Workers: 4
[2624.907s][debug][gc,phases      ] GC(124)     Dead                           Min: 0, Avg:  0.0, Max: 0, Diff: 0, Sum: 0, Workers: 4
[2624.907s][debug][gc,phases      ] GC(124)     Total                          Min: 0, Avg:  0.0, Max: 0, Diff: 0, Sum: 0, Workers: 4
[2624.907s][debug][gc,phases      ] GC(124)   StringDedup Requests1 Weak     Min:  0.0, Avg:  0.0, Max:  0.0, Diff:  0.0, Sum:  0.0, Workers: 4
[2624.907s][debug][gc,phases      ] GC(124)     Dead                           Min: 0, Avg:  0.0, Max: 0, Diff: 0, Sum: 0, Workers: 4
[2624.907s][debug][gc,phases      ] GC(124)     Total                          Min: 0, Avg:  0.0, Max: 0, Diff: 0, Sum: 0, Workers: 4
[2624.907s][debug][gc,phases      ] GC(124)   Weak JFR Old Object Samples    Min:  0.0, Avg:  0.0, Max:  0.0, Diff:  0.0, Sum:  0.0, Workers: 4
[2624.907s][debug][gc,phases      ] GC(124)     Dead                           Min: 0, Avg:  0.0, Max: 0, Diff: 0, Sum: 0, Workers: 4
[2624.907s][debug][gc,phases      ] GC(124)     Total                          Min: 0, Avg:  0.0, Max: 0, Diff: 0, Sum: 0, Workers: 4
[2624.907s][debug][gc,phases      ] GC(124) Weak Processing 0.664ms
[2624.907s][debug][gc,age         ] GC(124) Desired survivor size 13631488 bytes, new threshold 1 (max threshold 15)
[2624.907s][info ][gc,heap        ] GC(124) PSYoungGen: 2074800K(2083840K)->4816K(2083328K) Eden: 2070016K(2070016K)->0K(2070016K) From: 4784K(13824K)->4816K(13312K)
[2624.907s][info ][gc,heap        ] GC(124) ParOldGen: 398754K(398848K)->399738K(399872K)
[2624.907s][info ][gc,metaspace   ] GC(124) Metaspace: 111394K(112832K)->111394K(112832K) NonClass: 94856K(95680K)->94856K(95680K) Class: 16538K(17152K)->16538K(17152K)
[2624.907s][info ][gc             ] GC(124) Pause Young (Allocation Failure) 2415M->395M(2425M) 8.146ms
[2624.907s][info ][gc,cpu         ] GC(124) User=0.01s Sys=0.00s Real=0.01s
[2624.907s][info ][safepoint      ] Safepoint "ParallelGCFailedAllocation", Time since last: 1625156094 ns, Reaching safepoint: 11200 ns, Cleanup: 5900 ns, At safepoint: 8260957 ns, Total: 8278057 ns
[2637.908s][info ][safepoint      ] Safepoint "Cleanup", Time since last: 13001184712 ns, Reaching safepoint: 93303 ns, Cleanup: 15301 ns, At safepoint: 7500 ns, Total: 116104 ns
[2638.908s][info ][safepoint      ] Safepoint "Cleanup", Time since last: 1000135606 ns, Reaching safepoint: 12101 ns, Cleanup: 14100 ns, At safepoint: 3500 ns, Total: 29701 ns
[2643.136s][info ][safepoint      ] Safepoint "Cleanup", Time since last: 4228178542 ns, Reaching safepoint: 10700 ns, Cleanup: 14401 ns, At safepoint: 2900 ns, Total: 28001 ns
[2647.137s][info ][safepoint      ] Safepoint "Cleanup", Time since last: 4000424934 ns, Reaching safepoint: 13701 ns, Cleanup: 15000 ns, At safepoint: 2800 ns, Total: 31501 ns
[2648.137s][info ][safepoint      ] Safepoint "Cleanup", Time since last: 1000120384 ns, Reaching safepoint: 8501 ns, Cleanup: 10200 ns, At safepoint: 2600 ns, Total: 21301 ns
[2649.153s][info ][gc,start       ] GC(125) Pause Young (Allocation Failure)
[2649.162s][debug][gc,phases      ] GC(125) Scavenge 8.762ms
[2649.162s][debug][gc,ref         ] GC(125) ReferenceProcessor::execute queues: 1, RefProcThreadModel::Single, marks_oops_alive: false
[2649.162s][debug][gc,ref         ] GC(125) Skipped KeepAliveFinalRefsPhase of Reference Processing: no references
[2649.162s][debug][gc,ref         ] GC(125) Skipped PhantomRefsPhase of Reference Processing: no references
[2649.162s][debug][gc,phases      ] GC(125) Reference Processing 0.143ms
[2649.162s][debug][gc,phases      ] GC(125)   VM Weak                        Min:  0.0, Avg:  0.0, Max:  0.0, Diff:  0.0, Sum:  0.0, Workers: 4
[2649.162s][debug][gc,phases      ] GC(125)     Dead                           Min: 0, Avg:  0.0, Max: 0, Diff: 0, Sum: 0, Workers: 4
[2649.163s][debug][gc,phases      ] GC(125)     Total                          Min: 0, Avg: 260.0, Max: 848, Diff: 848, Sum: 1040, Workers: 4
[2649.163s][debug][gc,phases      ] GC(125)   ObjectSynchronizer Weak        Min:  0.0, Avg:  0.0, Max:  0.0, Diff:  0.0, Sum:  0.0, Workers: 4
[2649.163s][debug][gc,phases      ] GC(125)     Dead                           Min: 0, Avg:  0.0, Max: 0, Diff: 0, Sum: 0, Workers: 4
[2649.163s][debug][gc,phases      ] GC(125)     Total                          Min: 0, Avg:  0.8, Max: 3, Diff: 3, Sum: 3, Workers: 4
[2649.163s][debug][gc,phases      ] GC(125)   JVMTI Tag Weak OopStorage      Min:  0.0, Avg:  0.0, Max:  0.0, Diff:  0.0, Sum:  0.0, Workers: 4
[2649.163s][debug][gc,phases      ] GC(125)     Dead                           Min: 0, Avg:  0.0, Max: 0, Diff: 0, Sum: 0, Workers: 4
[2649.163s][debug][gc,phases      ] GC(125)     Total                          Min: 0, Avg:  0.0, Max: 0, Diff: 0, Sum: 0, Workers: 4
[2649.163s][debug][gc,phases      ] GC(125)   StringTable Weak               Min:  0.0, Avg:  0.1, Max:  0.3, Diff:  0.3, Sum:  0.6, Workers: 4
[2649.163s][debug][gc,phases      ] GC(125)     Dead                           Min: 0, Avg:  0.0, Max: 0, Diff: 0, Sum: 0, Workers: 4
[2649.163s][debug][gc,phases      ] GC(125)     Total                          Min: 0, Avg: 11943.8, Max: 24031, Diff: 24031, Sum: 47775, Workers: 4
[2649.163s][debug][gc,phases      ] GC(125)   ResolvedMethodTable Weak       Min:  0.0, Avg:  0.0, Max:  0.1, Diff:  0.1, Sum:  0.2, Workers: 4
[2649.163s][debug][gc,phases      ] GC(125)     Dead                           Min: 0, Avg:  4.0, Max: 16, Diff: 16, Sum: 16, Workers: 4
[2649.163s][debug][gc,phases      ] GC(125)     Total                          Min: 0, Avg: 3909.2, Max: 7948, Diff: 7948, Sum: 15637, Workers: 4
[2649.163s][debug][gc,phases      ] GC(125)   JNI Weak                       Min:  0.0, Avg:  0.0, Max:  0.0, Diff:  0.0, Sum:  0.0, Workers: 4
[2649.163s][debug][gc,phases      ] GC(125)     Dead                           Min: 0, Avg:  0.0, Max: 0, Diff: 0, Sum: 0, Workers: 4
[2649.163s][debug][gc,phases      ] GC(125)     Total                          Min: 0, Avg: 13.0, Max: 48, Diff: 48, Sum: 52, Workers: 4
[2649.163s][debug][gc,phases      ] GC(125)   StringDedup Table Weak         Min:  0.0, Avg:  0.0, Max:  0.0, Diff:  0.0, Sum:  0.0, Workers: 4
[2649.163s][debug][gc,phases      ] GC(125)     Dead                           Min: 0, Avg:  0.0, Max: 0, Diff: 0, Sum: 0, Workers: 4
[2649.163s][debug][gc,phases      ] GC(125)     Total                          Min: 0, Avg:  0.0, Max: 0, Diff: 0, Sum: 0, Workers: 4
[2649.163s][debug][gc,phases      ] GC(125)   StringDedup Requests0 Weak     Min:  0.0, Avg:  0.0, Max:  0.0, Diff:  0.0, Sum:  0.0, Workers: 4
[2649.163s][debug][gc,phases      ] GC(125)     Dead                           Min: 0, Avg:  0.0, Max: 0, Diff: 0, Sum: 0, Workers: 4
[2649.163s][debug][gc,phases      ] GC(125)     Total                          Min: 0, Avg:  0.0, Max: 0, Diff: 0, Sum: 0, Workers: 4
[2649.163s][debug][gc,phases      ] GC(125)   StringDedup Requests1 Weak     Min:  0.0, Avg:  0.0, Max:  0.0, Diff:  0.0, Sum:  0.0, Workers: 4
[2649.163s][debug][gc,phases      ] GC(125)     Dead                           Min: 0, Avg:  0.0, Max: 0, Diff: 0, Sum: 0, Workers: 4
[2649.163s][debug][gc,phases      ] GC(125)     Total                          Min: 0, Avg:  0.0, Max: 0, Diff: 0, Sum: 0, Workers: 4
[2649.163s][debug][gc,phases      ] GC(125)   Weak JFR Old Object Samples    Min:  0.0, Avg:  0.0, Max:  0.0, Diff:  0.0, Sum:  0.0, Workers: 4
[2649.163s][debug][gc,phases      ] GC(125)     Dead                           Min: 0, Avg:  0.0, Max: 0, Diff: 0, Sum: 0, Workers: 4
[2649.163s][debug][gc,phases      ] GC(125)     Total                          Min: 0, Avg:  0.0, Max: 0, Diff: 0, Sum: 0, Workers: 4
[2649.163s][debug][gc,phases      ] GC(125) Weak Processing 0.687ms
[2649.163s][debug][gc,age         ] GC(125) Desired survivor size 13107200 bytes, new threshold 1 (max threshold 15)
[2649.163s][info ][gc,heap        ] GC(125) PSYoungGen: 2074832K(2083328K)->5712K(2084352K) Eden: 2070016K(2070016K)->0K(2071040K) From: 4816K(13312K)->5712K(13312K)
[2649.163s][info ][gc,heap        ] GC(125) ParOldGen: 399738K(399872K)->400550K(400896K)
[2649.163s][info ][gc,metaspace   ] GC(125) Metaspace: 111395K(112832K)->111395K(112832K) NonClass: 94857K(95680K)->94857K(95680K) Class: 16538K(17152K)->16538K(17152K)
[2649.163s][info ][gc             ] GC(125) Pause Young (Allocation Failure) 2416M->396M(2427M) 9.772ms
[2649.163s][info ][gc,cpu         ] GC(125) User=0.02s Sys=0.00s Real=0.00s
[2649.163s][info ][safepoint      ] Safepoint "ParallelGCFailedAllocation", Time since last: 1015928864 ns, Reaching safepoint: 11201 ns, Cleanup: 5300 ns, At safepoint: 9882100 ns, Total: 9898601 ns
[2650.163s][info ][safepoint      ] Safepoint "Cleanup", Time since last: 1000108981 ns, Reaching safepoint: 13901 ns, Cleanup: 16300 ns, At safepoint: 3300 ns, Total: 33501 ns
[2659.164s][info ][safepoint      ] Safepoint "Cleanup", Time since last: 9000739857 ns, Reaching safepoint: 7900 ns, Cleanup: 11001 ns, At safepoint: 2500 ns, Total: 21401 ns
[2666.164s][info ][safepoint      ] Safepoint "Cleanup", Time since last: 7000643359 ns, Reaching safepoint: 9800 ns, Cleanup: 25201 ns, At safepoint: 3000 ns, Total: 38001 ns
[2672.941s][info ][gc,start       ] GC(126) Pause Young (Allocation Failure)
[2672.946s][debug][gc,phases      ] GC(126) Scavenge 5.401ms
[2672.946s][debug][gc,ref         ] GC(126) ReferenceProcessor::execute queues: 1, RefProcThreadModel::Single, marks_oops_alive: false
[2672.946s][debug][gc,ref         ] GC(126) Skipped KeepAliveFinalRefsPhase of Reference Processing: no references
[2672.946s][debug][gc,ref         ] GC(126) Skipped PhantomRefsPhase of Reference Processing: no references
[2672.946s][debug][gc,phases      ] GC(126) Reference Processing 0.118ms
[2672.947s][debug][gc,phases      ] GC(126)   VM Weak                        Min:  0.0, Avg:  0.0, Max:  0.0, Diff:  0.0, Sum:  0.0, Workers: 4
[2672.947s][debug][gc,phases      ] GC(126)     Dead                           Min: 0, Avg:  0.0, Max: 0, Diff: 0, Sum: 0, Workers: 4
[2672.947s][debug][gc,phases      ] GC(126)     Total                          Min: 0, Avg: 260.0, Max: 656, Diff: 656, Sum: 1040, Workers: 4
[2672.947s][debug][gc,phases      ] GC(126)   ObjectSynchronizer Weak        Min:  0.0, Avg:  0.0, Max:  0.0, Diff:  0.0, Sum:  0.0, Workers: 4
[2672.947s][debug][gc,phases      ] GC(126)     Dead                           Min: 0, Avg:  0.2, Max: 1, Diff: 1, Sum: 1, Workers: 4
[2672.947s][debug][gc,phases      ] GC(126)     Total                          Min: 0, Avg:  1.2, Max: 5, Diff: 5, Sum: 5, Workers: 4
[2672.947s][debug][gc,phases      ] GC(126)   JVMTI Tag Weak OopStorage      Min:  0.0, Avg:  0.0, Max:  0.0, Diff:  0.0, Sum:  0.0, Workers: 4
[2672.947s][debug][gc,phases      ] GC(126)     Dead                           Min: 0, Avg:  0.0, Max: 0, Diff: 0, Sum: 0, Workers: 4
[2672.947s][debug][gc,phases      ] GC(126)     Total                          Min: 0, Avg:  0.0, Max: 0, Diff: 0, Sum: 0, Workers: 4
[2672.947s][debug][gc,phases      ] GC(126)   StringTable Weak               Min:  0.0, Avg:  0.1, Max:  0.2, Diff:  0.2, Sum:  0.5, Workers: 4
[2672.947s][debug][gc,phases      ] GC(126)     Dead                           Min: 0, Avg:  0.0, Max: 0, Diff: 0, Sum: 0, Workers: 4
[2672.947s][debug][gc,phases      ] GC(126)     Total                          Min: 0, Avg: 11943.8, Max: 16512, Diff: 16512, Sum: 47775, Workers: 4
[2672.947s][debug][gc,phases      ] GC(126)   ResolvedMethodTable Weak       Min:  0.0, Avg:  0.0, Max:  0.1, Diff:  0.1, Sum:  0.2, Workers: 4
[2672.947s][debug][gc,phases      ] GC(126)     Dead                           Min: 0, Avg:  7.8, Max: 31, Diff: 31, Sum: 31, Workers: 4
[2672.947s][debug][gc,phases      ] GC(126)     Total                          Min: 0, Avg: 3909.2, Max: 5288, Diff: 5288, Sum: 15637, Workers: 4
[2672.947s][debug][gc,phases      ] GC(126)   JNI Weak                       Min:  0.0, Avg:  0.0, Max:  0.0, Diff:  0.0, Sum:  0.0, Workers: 4
[2672.947s][debug][gc,phases      ] GC(126)     Dead                           Min: 0, Avg:  0.0, Max: 0, Diff: 0, Sum: 0, Workers: 4
[2672.947s][debug][gc,phases      ] GC(126)     Total                          Min: 0, Avg: 13.0, Max: 48, Diff: 48, Sum: 52, Workers: 4
[2672.947s][debug][gc,phases      ] GC(126)   StringDedup Table Weak         Min:  0.0, Avg:  0.0, Max:  0.0, Diff:  0.0, Sum:  0.0, Workers: 4
[2672.947s][debug][gc,phases      ] GC(126)     Dead                           Min: 0, Avg:  0.0, Max: 0, Diff: 0, Sum: 0, Workers: 4
[2672.947s][debug][gc,phases      ] GC(126)     Total                          Min: 0, Avg:  0.0, Max: 0, Diff: 0, Sum: 0, Workers: 4
[2672.947s][debug][gc,phases      ] GC(126)   StringDedup Requests0 Weak     Min:  0.0, Avg:  0.0, Max:  0.0, Diff:  0.0, Sum:  0.0, Workers: 4
[2672.947s][debug][gc,phases      ] GC(126)     Dead                           Min: 0, Avg:  0.0, Max: 0, Diff: 0, Sum: 0, Workers: 4
[2672.947s][debug][gc,phases      ] GC(126)     Total                          Min: 0, Avg:  0.0, Max: 0, Diff: 0, Sum: 0, Workers: 4
[2672.947s][debug][gc,phases      ] GC(126)   StringDedup Requests1 Weak     Min:  0.0, Avg:  0.0, Max:  0.0, Diff:  0.0, Sum:  0.0, Workers: 4
[2672.947s][debug][gc,phases      ] GC(126)     Dead                           Min: 0, Avg:  0.0, Max: 0, Diff: 0, Sum: 0, Workers: 4
[2672.947s][debug][gc,phases      ] GC(126)     Total                          Min: 0, Avg:  0.0, Max: 0, Diff: 0, Sum: 0, Workers: 4
[2672.947s][debug][gc,phases      ] GC(126)   Weak JFR Old Object Samples    Min:  0.0, Avg:  0.0, Max:  0.0, Diff:  0.0, Sum:  0.0, Workers: 4
[2672.947s][debug][gc,phases      ] GC(126)     Dead                           Min: 0, Avg:  0.0, Max: 0, Diff: 0, Sum: 0, Workers: 4
[2672.947s][debug][gc,phases      ] GC(126)     Total                          Min: 0, Avg:  0.0, Max: 0, Diff: 0, Sum: 0, Workers: 4
[2672.947s][debug][gc,phases      ] GC(126) Weak Processing 0.468ms
[2672.947s][debug][gc,age         ] GC(126) Desired survivor size 12582912 bytes, new threshold 1 (max threshold 15)
[2672.947s][info ][gc,heap        ] GC(126) PSYoungGen: 2076752K(2084352K)->5472K(2083840K) Eden: 2071040K(2071040K)->0K(2071040K) From: 5712K(13312K)->5472K(12800K)
[2672.947s][info ][gc,heap        ] GC(126) ParOldGen: 400550K(400896K)->401802K(401920K)
[2672.947s][info ][gc,metaspace   ] GC(126) Metaspace: 111400K(112832K)->111400K(112832K) NonClass: 94862K(95680K)->94862K(95680K) Class: 16538K(17152K)->16538K(17152K)
[2672.947s][info ][gc             ] GC(126) Pause Young (Allocation Failure) 2419M->397M(2427M) 6.143ms
[2672.947s][info ][gc,cpu         ] GC(126) User=0.02s Sys=0.00s Real=0.01s
[2672.947s][info ][safepoint      ] Safepoint "ParallelGCFailedAllocation", Time since last: 6776047091 ns, Reaching safepoint: 81202 ns, Cleanup: 11300 ns, At safepoint: 6230590 ns, Total: 6323092 ns
[2675.947s][info ][safepoint      ] Safepoint "Cleanup", Time since last: 3000266492 ns, Reaching safepoint: 85003 ns, Cleanup: 15601 ns, At safepoint: 9000 ns, Total: 109604 ns
[2677.947s][info ][safepoint      ] Safepoint "Cleanup", Time since last: 2000212478 ns, Reaching safepoint: 87602 ns, Cleanup: 12601 ns, At safepoint: 7700 ns, Total: 107903 ns
[2678.948s][info ][safepoint      ] Safepoint "Cleanup", Time since last: 1000140290 ns, Reaching safepoint: 87303 ns, Cleanup: 15000 ns, At safepoint: 8900 ns, Total: 111203 ns
[2683.949s][info ][safepoint      ] Safepoint "Cleanup", Time since last: 5000633889 ns, Reaching safepoint: 104003 ns, Cleanup: 16901 ns, At safepoint: 6800 ns, Total: 127704 ns
[2684.949s][info ][safepoint      ] Safepoint "Cleanup", Time since last: 1000140357 ns, Reaching safepoint: 84702 ns, Cleanup: 15901 ns, At safepoint: 7800 ns, Total: 108403 ns
[2685.949s][info ][safepoint      ] Safepoint "Cleanup", Time since last: 1000137957 ns, Reaching safepoint: 89603 ns, Cleanup: 12800 ns, At safepoint: 10501 ns, Total: 112904 ns
[2689.950s][info ][safepoint      ] Safepoint "Cleanup", Time since last: 4000408124 ns, Reaching safepoint: 91402 ns, Cleanup: 13601 ns, At safepoint: 6800 ns, Total: 111803 ns
[2690.950s][info ][safepoint      ] Safepoint "Cleanup", Time since last: 1000142247 ns, Reaching safepoint: 95203 ns, Cleanup: 12900 ns, At safepoint: 6901 ns, Total: 115004 ns
[2693.950s][info ][safepoint      ] Safepoint "Cleanup", Time since last: 3000286326 ns, Reaching safepoint: 97703 ns, Cleanup: 15200 ns, At safepoint: 11801 ns, Total: 124704 ns
[2697.951s][info ][safepoint      ] Safepoint "Cleanup", Time since last: 4000390369 ns, Reaching safepoint: 87402 ns, Cleanup: 15701 ns, At safepoint: 10100 ns, Total: 113203 ns
[2697.952s][info ][gc,start       ] GC(127) Pause Young (Allocation Failure)
[2697.962s][debug][gc,phases      ] GC(127) Scavenge 9.597ms
[2697.962s][debug][gc,ref         ] GC(127) ReferenceProcessor::execute queues: 1, RefProcThreadModel::Single, marks_oops_alive: false
[2697.962s][debug][gc,ref         ] GC(127) Skipped KeepAliveFinalRefsPhase of Reference Processing: no references
[2697.962s][debug][gc,ref         ] GC(127) Skipped PhantomRefsPhase of Reference Processing: no references
[2697.962s][debug][gc,phases      ] GC(127) Reference Processing 0.141ms
[2697.963s][debug][gc,phases      ] GC(127)   VM Weak                        Min:  0.0, Avg:  0.0, Max:  0.0, Diff:  0.0, Sum:  0.0, Workers: 4
[2697.963s][debug][gc,phases      ] GC(127)     Dead                           Min: 0, Avg:  0.0, Max: 0, Diff: 0, Sum: 0, Workers: 4
[2697.963s][debug][gc,phases      ] GC(127)     Total                          Min: 0, Avg: 260.0, Max: 1040, Diff: 1040, Sum: 1040, Workers: 4
[2697.963s][debug][gc,phases      ] GC(127)   ObjectSynchronizer Weak        Min:  0.0, Avg:  0.0, Max:  0.0, Diff:  0.0, Sum:  0.0, Workers: 4
[2697.963s][debug][gc,phases      ] GC(127)     Dead                           Min: 0, Avg:  0.0, Max: 0, Diff: 0, Sum: 0, Workers: 4
[2697.963s][debug][gc,phases      ] GC(127)     Total                          Min: 0, Avg:  1.2, Max: 5, Diff: 5, Sum: 5, Workers: 4
[2697.963s][debug][gc,phases      ] GC(127)   JVMTI Tag Weak OopStorage      Min:  0.0, Avg:  0.0, Max:  0.0, Diff:  0.0, Sum:  0.0, Workers: 4
[2697.963s][debug][gc,phases      ] GC(127)     Dead                           Min: 0, Avg:  0.0, Max: 0, Diff: 0, Sum: 0, Workers: 4
[2697.963s][debug][gc,phases      ] GC(127)     Total                          Min: 0, Avg:  0.0, Max: 0, Diff: 0, Sum: 0, Workers: 4
[2697.963s][debug][gc,phases      ] GC(127)   StringTable Weak               Min:  0.0, Avg:  0.1, Max:  0.2, Diff:  0.2, Sum:  0.5, Workers: 4
[2697.963s][debug][gc,phases      ] GC(127)     Dead                           Min: 0, Avg:  0.0, Max: 0, Diff: 0, Sum: 0, Workers: 4
[2697.963s][debug][gc,phases      ] GC(127)     Total                          Min: 0, Avg: 11944.0, Max: 24544, Diff: 24544, Sum: 47776, Workers: 4
[2697.963s][debug][gc,phases      ] GC(127)   ResolvedMethodTable Weak       Min:  0.0, Avg:  0.0, Max:  0.1, Diff:  0.1, Sum:  0.2, Workers: 4
[2697.963s][debug][gc,phases      ] GC(127)     Dead                           Min: 0, Avg:  4.0, Max: 16, Diff: 16, Sum: 16, Workers: 4
[2697.963s][debug][gc,phases      ] GC(127)     Total                          Min: 0, Avg: 3909.2, Max: 8656, Diff: 8656, Sum: 15637, Workers: 4
[2697.963s][debug][gc,phases      ] GC(127)   JNI Weak                       Min:  0.0, Avg:  0.0, Max:  0.0, Diff:  0.0, Sum:  0.0, Workers: 4
[2697.963s][debug][gc,phases      ] GC(127)     Dead                           Min: 0, Avg:  0.0, Max: 0, Diff: 0, Sum: 0, Workers: 4
[2697.963s][debug][gc,phases      ] GC(127)     Total                          Min: 0, Avg: 13.0, Max: 52, Diff: 52, Sum: 52, Workers: 4
[2697.963s][debug][gc,phases      ] GC(127)   StringDedup Table Weak         Min:  0.0, Avg:  0.0, Max:  0.0, Diff:  0.0, Sum:  0.0, Workers: 4
[2697.963s][debug][gc,phases      ] GC(127)     Dead                           Min: 0, Avg:  0.0, Max: 0, Diff: 0, Sum: 0, Workers: 4
[2697.963s][debug][gc,phases      ] GC(127)     Total                          Min: 0, Avg:  0.0, Max: 0, Diff: 0, Sum: 0, Workers: 4
[2697.963s][debug][gc,phases      ] GC(127)   StringDedup Requests0 Weak     Min:  0.0, Avg:  0.0, Max:  0.0, Diff:  0.0, Sum:  0.0, Workers: 4
[2697.963s][debug][gc,phases      ] GC(127)     Dead                           Min: 0, Avg:  0.0, Max: 0, Diff: 0, Sum: 0, Workers: 4
[2697.963s][debug][gc,phases      ] GC(127)     Total                          Min: 0, Avg:  0.0, Max: 0, Diff: 0, Sum: 0, Workers: 4
[2697.963s][debug][gc,phases      ] GC(127)   StringDedup Requests1 Weak     Min:  0.0, Avg:  0.0, Max:  0.0, Diff:  0.0, Sum:  0.0, Workers: 4
[2697.963s][debug][gc,phases      ] GC(127)     Dead                           Min: 0, Avg:  0.0, Max: 0, Diff: 0, Sum: 0, Workers: 4
[2697.963s][debug][gc,phases      ] GC(127)     Total                          Min: 0, Avg:  0.0, Max: 0, Diff: 0, Sum: 0, Workers: 4
[2697.963s][debug][gc,phases      ] GC(127)   Weak JFR Old Object Samples    Min:  0.0, Avg:  0.0, Max:  0.0, Diff:  0.0, Sum:  0.0, Workers: 4
[2697.963s][debug][gc,phases      ] GC(127)     Dead                           Min: 0, Avg:  0.0, Max: 0, Diff: 0, Sum: 0, Workers: 4
[2697.963s][debug][gc,phases      ] GC(127)     Total                          Min: 0, Avg:  0.0, Max: 0, Diff: 0, Sum: 0, Workers: 4
[2697.963s][debug][gc,phases      ] GC(127) Weak Processing 0.598ms
[2697.963s][debug][gc,age         ] GC(127) Desired survivor size 12058624 bytes, new threshold 1 (max threshold 15)
[2697.963s][info ][gc,heap        ] GC(127) PSYoungGen: 2076512K(2083840K)->5152K(2085376K) Eden: 2071040K(2071040K)->0K(2073088K) From: 5472K(12800K)->5152K(12288K)
[2697.963s][info ][gc,heap        ] GC(127) ParOldGen: 401802K(401920K)->402982K(403456K)
[2697.963s][info ][gc,metaspace   ] GC(127) Metaspace: 111404K(112832K)->111404K(112832K) NonClass: 94866K(95680K)->94866K(95680K) Class: 16538K(17152K)->16538K(17152K)
[2697.963s][info ][gc             ] GC(127) Pause Young (Allocation Failure) 2420M->398M(2430M) 10.479ms
[2697.963s][info ][gc,cpu         ] GC(127) User=0.02s Sys=0.00s Real=0.00s
[2697.963s][info ][safepoint      ] Safepoint "ParallelGCFailedAllocation", Time since last: 1561748 ns, Reaching safepoint: 2900 ns, Cleanup: 2000 ns, At safepoint: 10568121 ns, Total: 10573021 ns
[2699.963s][info ][safepoint      ] Safepoint "Cleanup", Time since last: 2000219781 ns, Reaching safepoint: 12300 ns, Cleanup: 19101 ns, At safepoint: 3100 ns, Total: 34501 ns
[2722.641s][info ][gc,start       ] GC(128) Pause Young (Allocation Failure)
[2722.645s][debug][gc,phases      ] GC(128) Scavenge 4.799ms
[2722.646s][debug][gc,ref         ] GC(128) ReferenceProcessor::execute queues: 1, RefProcThreadModel::Single, marks_oops_alive: false
[2722.646s][debug][gc,ref         ] GC(128) Skipped KeepAliveFinalRefsPhase of Reference Processing: no references
[2722.646s][debug][gc,ref         ] GC(128) ReferenceProcessor::execute queues: 1, RefProcThreadModel::Single, marks_oops_alive: false
[2722.646s][debug][gc,phases      ] GC(128) Reference Processing 0.118ms
[2722.646s][debug][gc,phases      ] GC(128)   VM Weak                        Min:  0.0, Avg:  0.0, Max:  0.0, Diff:  0.0, Sum:  0.0, Workers: 4
[2722.646s][debug][gc,phases      ] GC(128)     Dead                           Min: 0, Avg:  0.0, Max: 0, Diff: 0, Sum: 0, Workers: 4
[2722.646s][debug][gc,phases      ] GC(128)     Total                          Min: 0, Avg: 260.0, Max: 720, Diff: 720, Sum: 1040, Workers: 4
[2722.646s][debug][gc,phases      ] GC(128)   ObjectSynchronizer Weak        Min:  0.0, Avg:  0.0, Max:  0.0, Diff:  0.0, Sum:  0.0, Workers: 4
[2722.646s][debug][gc,phases      ] GC(128)     Dead                           Min: 0, Avg:  0.0, Max: 0, Diff: 0, Sum: 0, Workers: 4
[2722.646s][debug][gc,phases      ] GC(128)     Total                          Min: 0, Avg:  0.8, Max: 3, Diff: 3, Sum: 3, Workers: 4
[2722.646s][debug][gc,phases      ] GC(128)   JVMTI Tag Weak OopStorage      Min:  0.0, Avg:  0.0, Max:  0.0, Diff:  0.0, Sum:  0.0, Workers: 4
[2722.646s][debug][gc,phases      ] GC(128)     Dead                           Min: 0, Avg:  0.0, Max: 0, Diff: 0, Sum: 0, Workers: 4
[2722.646s][debug][gc,phases      ] GC(128)     Total                          Min: 0, Avg:  0.0, Max: 0, Diff: 0, Sum: 0, Workers: 4
[2722.646s][debug][gc,phases      ] GC(128)   StringTable Weak               Min:  0.0, Avg:  0.1, Max:  0.2, Diff:  0.2, Sum:  0.5, Workers: 4
[2722.646s][debug][gc,phases      ] GC(128)     Dead                           Min: 0, Avg:  0.0, Max: 0, Diff: 0, Sum: 0, Workers: 4
[2722.646s][debug][gc,phases      ] GC(128)     Total                          Min: 0, Avg: 11944.0, Max: 17056, Diff: 17056, Sum: 47776, Workers: 4
[2722.646s][debug][gc,phases      ] GC(128)   ResolvedMethodTable Weak       Min:  0.0, Avg:  0.0, Max:  0.1, Diff:  0.1, Sum:  0.2, Workers: 4
[2722.646s][debug][gc,phases      ] GC(128)     Dead                           Min: 0, Avg:  4.0, Max: 16, Diff: 16, Sum: 16, Workers: 4
[2722.646s][debug][gc,phases      ] GC(128)     Total                          Min: 0, Avg: 3909.2, Max: 5996, Diff: 5996, Sum: 15637, Workers: 4
[2722.646s][debug][gc,phases      ] GC(128)   JNI Weak                       Min:  0.0, Avg:  0.0, Max:  0.0, Diff:  0.0, Sum:  0.0, Workers: 4
[2722.646s][debug][gc,phases      ] GC(128)     Dead                           Min: 0, Avg:  0.0, Max: 0, Diff: 0, Sum: 0, Workers: 4
[2722.646s][debug][gc,phases      ] GC(128)     Total                          Min: 0, Avg: 13.0, Max: 48, Diff: 48, Sum: 52, Workers: 4
[2722.646s][debug][gc,phases      ] GC(128)   StringDedup Table Weak         Min:  0.0, Avg:  0.0, Max:  0.0, Diff:  0.0, Sum:  0.0, Workers: 4
[2722.646s][debug][gc,phases      ] GC(128)     Dead                           Min: 0, Avg:  0.0, Max: 0, Diff: 0, Sum: 0, Workers: 4
[2722.646s][debug][gc,phases      ] GC(128)     Total                          Min: 0, Avg:  0.0, Max: 0, Diff: 0, Sum: 0, Workers: 4
[2722.646s][debug][gc,phases      ] GC(128)   StringDedup Requests0 Weak     Min:  0.0, Avg:  0.0, Max:  0.0, Diff:  0.0, Sum:  0.0, Workers: 4
[2722.646s][debug][gc,phases      ] GC(128)     Dead                           Min: 0, Avg:  0.0, Max: 0, Diff: 0, Sum: 0, Workers: 4
[2722.646s][debug][gc,phases      ] GC(128)     Total                          Min: 0, Avg:  0.0, Max: 0, Diff: 0, Sum: 0, Workers: 4
[2722.646s][debug][gc,phases      ] GC(128)   StringDedup Requests1 Weak     Min:  0.0, Avg:  0.0, Max:  0.0, Diff:  0.0, Sum:  0.0, Workers: 4
[2722.646s][debug][gc,phases      ] GC(128)     Dead                           Min: 0, Avg:  0.0, Max: 0, Diff: 0, Sum: 0, Workers: 4
[2722.646s][debug][gc,phases      ] GC(128)     Total                          Min: 0, Avg:  0.0, Max: 0, Diff: 0, Sum: 0, Workers: 4
[2722.646s][debug][gc,phases      ] GC(128)   Weak JFR Old Object Samples    Min:  0.0, Avg:  0.0, Max:  0.0, Diff:  0.0, Sum:  0.0, Workers: 4
[2722.646s][debug][gc,phases      ] GC(128)     Dead                           Min: 0, Avg:  0.0, Max: 0, Diff: 0, Sum: 0, Workers: 4
[2722.646s][debug][gc,phases      ] GC(128)     Total                          Min: 0, Avg:  0.0, Max: 0, Diff: 0, Sum: 0, Workers: 4
[2722.646s][debug][gc,phases      ] GC(128) Weak Processing 0.512ms
[2722.646s][debug][gc,age         ] GC(128) Desired survivor size 11534336 bytes, new threshold 1 (max threshold 15)
[2722.646s][info ][gc,heap        ] GC(128) PSYoungGen: 2078240K(2085376K)->4784K(2084864K) Eden: 2073088K(2073088K)->0K(2073088K) From: 5152K(12288K)->4784K(11776K)
[2722.646s][info ][gc,heap        ] GC(128) ParOldGen: 402982K(403456K)->404419K(404480K)
[2722.646s][info ][gc,metaspace   ] GC(128) Metaspace: 111408K(112832K)->111408K(112832K) NonClass: 94870K(95680K)->94870K(95680K) Class: 16538K(17152K)->16538K(17152K)
[2722.646s][info ][gc             ] GC(128) Pause Young (Allocation Failure) 2423M->399M(2431M) 5.595ms
[2722.646s][info ][gc,cpu         ] GC(128) User=0.02s Sys=0.00s Real=0.01s
[2722.646s][info ][safepoint      ] Safepoint "ParallelGCFailedAllocation", Time since last: 22677389604 ns, Reaching safepoint: 84703 ns, Cleanup: 11000 ns, At safepoint: 5693772 ns, Total: 5789475 ns
[2728.647s][info ][safepoint      ] Safepoint "Cleanup", Time since last: 6000564338 ns, Reaching safepoint: 93703 ns, Cleanup: 13901 ns, At safepoint: 9000 ns, Total: 116604 ns
[2729.647s][info ][safepoint      ] Safepoint "Cleanup", Time since last: 1000143408 ns, Reaching safepoint: 82902 ns, Cleanup: 14401 ns, At safepoint: 6300 ns, Total: 103603 ns
[2747.241s][info ][gc,start       ] GC(129) Pause Young (Allocation Failure)
[2747.246s][debug][gc,phases      ] GC(129) Scavenge 5.095ms
[2747.246s][debug][gc,ref         ] GC(129) ReferenceProcessor::execute queues: 1, RefProcThreadModel::Single, marks_oops_alive: false
[2747.246s][debug][gc,ref         ] GC(129) Skipped KeepAliveFinalRefsPhase of Reference Processing: no references
[2747.246s][debug][gc,ref         ] GC(129) ReferenceProcessor::execute queues: 1, RefProcThreadModel::Single, marks_oops_alive: false
[2747.246s][debug][gc,phases      ] GC(129) Reference Processing 0.147ms
[2747.246s][debug][gc,phases      ] GC(129)   VM Weak                        Min:  0.0, Avg:  0.0, Max:  0.0, Diff:  0.0, Sum:  0.0, Workers: 4
[2747.246s][debug][gc,phases      ] GC(129)     Dead                           Min: 0, Avg:  0.0, Max: 0, Diff: 0, Sum: 0, Workers: 4
[2747.246s][debug][gc,phases      ] GC(129)     Total                          Min: 0, Avg: 260.0, Max: 576, Diff: 576, Sum: 1040, Workers: 4
[2747.246s][debug][gc,phases      ] GC(129)   ObjectSynchronizer Weak        Min:  0.0, Avg:  0.0, Max:  0.0, Diff:  0.0, Sum:  0.0, Workers: 4
[2747.246s][debug][gc,phases      ] GC(129)     Dead                           Min: 0, Avg:  0.0, Max: 0, Diff: 0, Sum: 0, Workers: 4
[2747.246s][debug][gc,phases      ] GC(129)     Total                          Min: 0, Avg:  1.0, Max: 4, Diff: 4, Sum: 4, Workers: 4
[2747.246s][debug][gc,phases      ] GC(129)   JVMTI Tag Weak OopStorage      Min:  0.0, Avg:  0.0, Max:  0.0, Diff:  0.0, Sum:  0.0, Workers: 4
[2747.246s][debug][gc,phases      ] GC(129)     Dead                           Min: 0, Avg:  0.0, Max: 0, Diff: 0, Sum: 0, Workers: 4
[2747.246s][debug][gc,phases      ] GC(129)     Total                          Min: 0, Avg:  0.0, Max: 0, Diff: 0, Sum: 0, Workers: 4
[2747.246s][debug][gc,phases      ] GC(129)   StringTable Weak               Min:  0.0, Avg:  0.1, Max:  0.2, Diff:  0.2, Sum:  0.5, Workers: 4
[2747.246s][debug][gc,phases      ] GC(129)     Dead                           Min: 0, Avg:  0.0, Max: 0, Diff: 0, Sum: 0, Workers: 4
[2747.246s][debug][gc,phases      ] GC(129)     Total                          Min: 0, Avg: 11944.0, Max: 18976, Diff: 18976, Sum: 47776, Workers: 4
[2747.246s][debug][gc,phases      ] GC(129)   ResolvedMethodTable Weak       Min:  0.0, Avg:  0.0, Max:  0.1, Diff:  0.1, Sum:  0.2, Workers: 4
[2747.246s][debug][gc,phases      ] GC(129)     Dead                           Min: 0, Avg:  4.0, Max: 16, Diff: 16, Sum: 16, Workers: 4
[2747.246s][debug][gc,phases      ] GC(129)     Total                          Min: 0, Avg: 3909.2, Max: 5716, Diff: 5716, Sum: 15637, Workers: 4
[2747.246s][debug][gc,phases      ] GC(129)   JNI Weak                       Min:  0.0, Avg:  0.0, Max:  0.0, Diff:  0.0, Sum:  0.0, Workers: 4
[2747.246s][debug][gc,phases      ] GC(129)     Dead                           Min: 0, Avg:  0.0, Max: 0, Diff: 0, Sum: 0, Workers: 4
[2747.246s][debug][gc,phases      ] GC(129)     Total                          Min: 0, Avg: 13.0, Max: 48, Diff: 48, Sum: 52, Workers: 4
[2747.246s][debug][gc,phases      ] GC(129)   StringDedup Table Weak         Min:  0.0, Avg:  0.0, Max:  0.0, Diff:  0.0, Sum:  0.0, Workers: 4
[2747.246s][debug][gc,phases      ] GC(129)     Dead                           Min: 0, Avg:  0.0, Max: 0, Diff: 0, Sum: 0, Workers: 4
[2747.246s][debug][gc,phases      ] GC(129)     Total                          Min: 0, Avg:  0.0, Max: 0, Diff: 0, Sum: 0, Workers: 4
[2747.246s][debug][gc,phases      ] GC(129)   StringDedup Requests0 Weak     Min:  0.0, Avg:  0.0, Max:  0.0, Diff:  0.0, Sum:  0.0, Workers: 4
[2747.246s][debug][gc,phases      ] GC(129)     Dead                           Min: 0, Avg:  0.0, Max: 0, Diff: 0, Sum: 0, Workers: 4
[2747.246s][debug][gc,phases      ] GC(129)     Total                          Min: 0, Avg:  0.0, Max: 0, Diff: 0, Sum: 0, Workers: 4
[2747.246s][debug][gc,phases      ] GC(129)   StringDedup Requests1 Weak     Min:  0.0, Avg:  0.0, Max:  0.0, Diff:  0.0, Sum:  0.0, Workers: 4
[2747.246s][debug][gc,phases      ] GC(129)     Dead                           Min: 0, Avg:  0.0, Max: 0, Diff: 0, Sum: 0, Workers: 4
[2747.246s][debug][gc,phases      ] GC(129)     Total                          Min: 0, Avg:  0.0, Max: 0, Diff: 0, Sum: 0, Workers: 4
[2747.247s][debug][gc,phases      ] GC(129)   Weak JFR Old Object Samples    Min:  0.0, Avg:  0.0, Max:  0.0, Diff:  0.0, Sum:  0.0, Workers: 4
[2747.247s][debug][gc,phases      ] GC(129)     Dead                           Min: 0, Avg:  0.0, Max: 0, Diff: 0, Sum: 0, Workers: 4
[2747.247s][debug][gc,phases      ] GC(129)     Total                          Min: 0, Avg:  0.0, Max: 0, Diff: 0, Sum: 0, Workers: 4
[2747.247s][debug][gc,phases      ] GC(129) Weak Processing 0.545ms
[2747.247s][debug][gc,age         ] GC(129) Desired survivor size 11534336 bytes, new threshold 1 (max threshold 15)
[2747.247s][info ][gc,heap        ] GC(129) PSYoungGen: 2077872K(2084864K)->6482K(2085888K) Eden: 2073088K(2073088K)->0K(2074624K) From: 4784K(11776K)->6482K(11264K)
[2747.247s][info ][gc,heap        ] GC(129) ParOldGen: 404419K(404480K)->405255K(405504K)
[2747.247s][info ][gc,metaspace   ] GC(129) Metaspace: 111408K(112832K)->111408K(112832K) NonClass: 94870K(95680K)->94870K(95680K) Class: 16538K(17152K)->16538K(17152K)
[2747.247s][info ][gc             ] GC(129) Pause Young (Allocation Failure) 2424M->402M(2433M) 5.949ms
[2747.247s][info ][gc,cpu         ] GC(129) User=0.03s Sys=0.00s Real=0.01s
[2747.247s][info ][safepoint      ] Safepoint "ParallelGCFailedAllocation", Time since last: 17593287063 ns, Reaching safepoint: 82302 ns, Cleanup: 4900 ns, At safepoint: 6082882 ns, Total: 6170084 ns
[2755.247s][info ][safepoint      ] Safepoint "Cleanup", Time since last: 8000659461 ns, Reaching safepoint: 92203 ns, Cleanup: 13600 ns, At safepoint: 6501 ns, Total: 112304 ns
[2773.356s][info ][gc,start       ] GC(130) Pause Young (Allocation Failure)
[2773.364s][debug][gc,phases      ] GC(130) Scavenge 7.709ms
[2773.364s][debug][gc,ref         ] GC(130) ReferenceProcessor::execute queues: 1, RefProcThreadModel::Single, marks_oops_alive: false
[2773.364s][debug][gc,ref         ] GC(130) Skipped KeepAliveFinalRefsPhase of Reference Processing: no references
[2773.364s][debug][gc,ref         ] GC(130) ReferenceProcessor::execute queues: 1, RefProcThreadModel::Single, marks_oops_alive: false
[2773.364s][debug][gc,phases      ] GC(130) Reference Processing 0.125ms
[2773.365s][debug][gc,phases      ] GC(130)   VM Weak                        Min:  0.0, Avg:  0.0, Max:  0.0, Diff:  0.0, Sum:  0.0, Workers: 4
[2773.365s][debug][gc,phases      ] GC(130)     Dead                           Min: 0, Avg:  0.0, Max: 0, Diff: 0, Sum: 0, Workers: 4
[2773.365s][debug][gc,phases      ] GC(130)     Total                          Min: 0, Avg: 260.0, Max: 640, Diff: 640, Sum: 1040, Workers: 4
[2773.365s][debug][gc,phases      ] GC(130)   ObjectSynchronizer Weak        Min:  0.0, Avg:  0.0, Max:  0.0, Diff:  0.0, Sum:  0.0, Workers: 4
[2773.365s][debug][gc,phases      ] GC(130)     Dead                           Min: 0, Avg:  0.0, Max: 0, Diff: 0, Sum: 0, Workers: 4
[2773.365s][debug][gc,phases      ] GC(130)     Total                          Min: 0, Avg:  0.8, Max: 3, Diff: 3, Sum: 3, Workers: 4
[2773.365s][debug][gc,phases      ] GC(130)   JVMTI Tag Weak OopStorage      Min:  0.0, Avg:  0.0, Max:  0.0, Diff:  0.0, Sum:  0.0, Workers: 4
[2773.365s][debug][gc,phases      ] GC(130)     Dead                           Min: 0, Avg:  0.0, Max: 0, Diff: 0, Sum: 0, Workers: 4
[2773.365s][debug][gc,phases      ] GC(130)     Total                          Min: 0, Avg:  0.0, Max: 0, Diff: 0, Sum: 0, Workers: 4
[2773.365s][debug][gc,phases      ] GC(130)   StringTable Weak               Min:  0.0, Avg:  0.1, Max:  0.2, Diff:  0.2, Sum:  0.5, Workers: 4
[2773.365s][debug][gc,phases      ] GC(130)     Dead                           Min: 0, Avg:  0.0, Max: 0, Diff: 0, Sum: 0, Workers: 4
[2773.365s][debug][gc,phases      ] GC(130)     Total                          Min: 0, Avg: 11944.2, Max: 24896, Diff: 24896, Sum: 47777, Workers: 4
[2773.365s][debug][gc,phases      ] GC(130)   ResolvedMethodTable Weak       Min:  0.0, Avg:  0.0, Max:  0.1, Diff:  0.1, Sum:  0.2, Workers: 4
[2773.365s][debug][gc,phases      ] GC(130)     Dead                           Min: 0, Avg:  4.0, Max: 16, Diff: 16, Sum: 16, Workers: 4
[2773.365s][debug][gc,phases      ] GC(130)     Total                          Min: 0, Avg: 3909.2, Max: 8913, Diff: 8913, Sum: 15637, Workers: 4
[2773.365s][debug][gc,phases      ] GC(130)   JNI Weak                       Min:  0.0, Avg:  0.0, Max:  0.0, Diff:  0.0, Sum:  0.0, Workers: 4
[2773.365s][debug][gc,phases      ] GC(130)     Dead                           Min: 0, Avg:  0.0, Max: 0, Diff: 0, Sum: 0, Workers: 4
[2773.365s][debug][gc,phases      ] GC(130)     Total                          Min: 0, Avg: 13.0, Max: 48, Diff: 48, Sum: 52, Workers: 4
[2773.365s][debug][gc,phases      ] GC(130)   StringDedup Table Weak         Min:  0.0, Avg:  0.0, Max:  0.0, Diff:  0.0, Sum:  0.0, Workers: 4
[2773.365s][debug][gc,phases      ] GC(130)     Dead                           Min: 0, Avg:  0.0, Max: 0, Diff: 0, Sum: 0, Workers: 4
[2773.365s][debug][gc,phases      ] GC(130)     Total                          Min: 0, Avg:  0.0, Max: 0, Diff: 0, Sum: 0, Workers: 4
[2773.365s][debug][gc,phases      ] GC(130)   StringDedup Requests0 Weak     Min:  0.0, Avg:  0.0, Max:  0.0, Diff:  0.0, Sum:  0.0, Workers: 4
[2773.365s][debug][gc,phases      ] GC(130)     Dead                           Min: 0, Avg:  0.0, Max: 0, Diff: 0, Sum: 0, Workers: 4
[2773.365s][debug][gc,phases      ] GC(130)     Total                          Min: 0, Avg:  0.0, Max: 0, Diff: 0, Sum: 0, Workers: 4
[2773.365s][debug][gc,phases      ] GC(130)   StringDedup Requests1 Weak     Min:  0.0, Avg:  0.0, Max:  0.0, Diff:  0.0, Sum:  0.0, Workers: 4
[2773.365s][debug][gc,phases      ] GC(130)     Dead                           Min: 0, Avg:  0.0, Max: 0, Diff: 0, Sum: 0, Workers: 4
[2773.365s][debug][gc,phases      ] GC(130)     Total                          Min: 0, Avg:  0.0, Max: 0, Diff: 0, Sum: 0, Workers: 4
[2773.365s][debug][gc,phases      ] GC(130)   Weak JFR Old Object Samples    Min:  0.0, Avg:  0.0, Max:  0.0, Diff:  0.0, Sum:  0.0, Workers: 4
[2773.365s][debug][gc,phases      ] GC(130)     Dead                           Min: 0, Avg:  0.0, Max: 0, Diff: 0, Sum: 0, Workers: 4
[2773.365s][debug][gc,phases      ] GC(130)     Total                          Min: 0, Avg:  0.0, Max: 0, Diff: 0, Sum: 0, Workers: 4
[2773.365s][debug][gc,phases      ] GC(130) Weak Processing 0.575ms
[2773.365s][debug][gc,age         ] GC(130) Desired survivor size 11010048 bytes, new threshold 1 (max threshold 15)
[2773.365s][info ][gc,heap        ] GC(130) PSYoungGen: 2081106K(2085888K)->4873K(2085888K) Eden: 2074624K(2074624K)->0K(2074624K) From: 6482K(11264K)->4873K(11264K)
[2773.365s][info ][gc,heap        ] GC(130) ParOldGen: 405255K(405504K)->407837K(408064K)
[2773.365s][info ][gc,metaspace   ] GC(130) Metaspace: 111409K(112832K)->111409K(112832K) NonClass: 94871K(95680K)->94871K(95680K) Class: 16538K(17152K)->16538K(17152K)
[2773.365s][info ][gc             ] GC(130) Pause Young (Allocation Failure) 2428M->403M(2435M) 8.596ms
[2773.365s][info ][gc,cpu         ] GC(130) User=0.02s Sys=0.00s Real=0.01s
[2773.365s][info ][safepoint      ] Safepoint "ParallelGCFailedAllocation", Time since last: 18108976275 ns, Reaching safepoint: 13401 ns, Cleanup: 5400 ns, At safepoint: 8696564 ns, Total: 8715365 ns
[2775.365s][info ][safepoint      ] Safepoint "Cleanup", Time since last: 2000183480 ns, Reaching safepoint: 10100 ns, Cleanup: 15701 ns, At safepoint: 29401 ns, Total: 55202 ns
[2796.368s][info ][safepoint      ] Safepoint "Cleanup", Time since last: 21002513708 ns, Reaching safepoint: 10401 ns, Cleanup: 15300 ns, At safepoint: 2600 ns, Total: 28301 ns
[2799.396s][info ][gc,start       ] GC(131) Pause Young (Allocation Failure)
[2799.404s][debug][gc,phases      ] GC(131) Scavenge 7.321ms
[2799.404s][debug][gc,ref         ] GC(131) ReferenceProcessor::execute queues: 1, RefProcThreadModel::Single, marks_oops_alive: false
[2799.404s][debug][gc,ref         ] GC(131) Skipped KeepAliveFinalRefsPhase of Reference Processing: no references
[2799.404s][debug][gc,ref         ] GC(131) ReferenceProcessor::execute queues: 1, RefProcThreadModel::Single, marks_oops_alive: false
[2799.404s][debug][gc,phases      ] GC(131) Reference Processing 0.144ms
[2799.404s][debug][gc,phases      ] GC(131)   VM Weak                        Min:  0.0, Avg:  0.0, Max:  0.0, Diff:  0.0, Sum:  0.0, Workers: 4
[2799.404s][debug][gc,phases      ] GC(131)     Dead                           Min: 0, Avg:  0.0, Max: 0, Diff: 0, Sum: 0, Workers: 4
[2799.404s][debug][gc,phases      ] GC(131)     Total                          Min: 0, Avg: 260.0, Max: 576, Diff: 576, Sum: 1040, Workers: 4
[2799.404s][debug][gc,phases      ] GC(131)   ObjectSynchronizer Weak        Min:  0.0, Avg:  0.0, Max:  0.0, Diff:  0.0, Sum:  0.0, Workers: 4
[2799.404s][debug][gc,phases      ] GC(131)     Dead                           Min: 0, Avg:  0.0, Max: 0, Diff: 0, Sum: 0, Workers: 4
[2799.404s][debug][gc,phases      ] GC(131)     Total                          Min: 0, Avg:  0.8, Max: 3, Diff: 3, Sum: 3, Workers: 4
[2799.404s][debug][gc,phases      ] GC(131)   JVMTI Tag Weak OopStorage      Min:  0.0, Avg:  0.0, Max:  0.0, Diff:  0.0, Sum:  0.0, Workers: 4
[2799.404s][debug][gc,phases      ] GC(131)     Dead                           Min: 0, Avg:  0.0, Max: 0, Diff: 0, Sum: 0, Workers: 4
[2799.404s][debug][gc,phases      ] GC(131)     Total                          Min: 0, Avg:  0.0, Max: 0, Diff: 0, Sum: 0, Workers: 4
[2799.404s][debug][gc,phases      ] GC(131)   StringTable Weak               Min:  0.0, Avg:  0.1, Max:  0.3, Diff:  0.3, Sum:  0.6, Workers: 4
[2799.404s][debug][gc,phases      ] GC(131)     Dead                           Min: 0, Avg:  0.0, Max: 0, Diff: 0, Sum: 0, Workers: 4
[2799.404s][debug][gc,phases      ] GC(131)     Total                          Min: 0, Avg: 11944.2, Max: 28352, Diff: 28352, Sum: 47777, Workers: 4
[2799.404s][debug][gc,phases      ] GC(131)   ResolvedMethodTable Weak       Min:  0.0, Avg:  0.0, Max:  0.1, Diff:  0.1, Sum:  0.2, Workers: 4
[2799.404s][debug][gc,phases      ] GC(131)     Dead                           Min: 0, Avg:  4.0, Max: 16, Diff: 16, Sum: 16, Workers: 4
[2799.404s][debug][gc,phases      ] GC(131)     Total                          Min: 0, Avg: 3909.2, Max: 8055, Diff: 8055, Sum: 15637, Workers: 4
[2799.404s][debug][gc,phases      ] GC(131)   JNI Weak                       Min:  0.0, Avg:  0.0, Max:  0.0, Diff:  0.0, Sum:  0.0, Workers: 4
[2799.404s][debug][gc,phases      ] GC(131)     Dead                           Min: 0, Avg:  0.0, Max: 0, Diff: 0, Sum: 0, Workers: 4
[2799.404s][debug][gc,phases      ] GC(131)     Total                          Min: 0, Avg: 13.0, Max: 48, Diff: 48, Sum: 52, Workers: 4
[2799.404s][debug][gc,phases      ] GC(131)   StringDedup Table Weak         Min:  0.0, Avg:  0.0, Max:  0.0, Diff:  0.0, Sum:  0.0, Workers: 4
[2799.404s][debug][gc,phases      ] GC(131)     Dead                           Min: 0, Avg:  0.0, Max: 0, Diff: 0, Sum: 0, Workers: 4
[2799.405s][debug][gc,phases      ] GC(131)     Total                          Min: 0, Avg:  0.0, Max: 0, Diff: 0, Sum: 0, Workers: 4
[2799.405s][debug][gc,phases      ] GC(131)   StringDedup Requests0 Weak     Min:  0.0, Avg:  0.0, Max:  0.0, Diff:  0.0, Sum:  0.0, Workers: 4
[2799.405s][debug][gc,phases      ] GC(131)     Dead                           Min: 0, Avg:  0.0, Max: 0, Diff: 0, Sum: 0, Workers: 4
[2799.405s][debug][gc,phases      ] GC(131)     Total                          Min: 0, Avg:  0.0, Max: 0, Diff: 0, Sum: 0, Workers: 4
[2799.405s][debug][gc,phases      ] GC(131)   StringDedup Requests1 Weak     Min:  0.0, Avg:  0.0, Max:  0.0, Diff:  0.0, Sum:  0.0, Workers: 4
[2799.405s][debug][gc,phases      ] GC(131)     Dead                           Min: 0, Avg:  0.0, Max: 0, Diff: 0, Sum: 0, Workers: 4
[2799.405s][debug][gc,phases      ] GC(131)     Total                          Min: 0, Avg:  0.0, Max: 0, Diff: 0, Sum: 0, Workers: 4
[2799.405s][debug][gc,phases      ] GC(131)   Weak JFR Old Object Samples    Min:  0.0, Avg:  0.0, Max:  0.0, Diff:  0.0, Sum:  0.0, Workers: 4
[2799.405s][debug][gc,phases      ] GC(131)     Dead                           Min: 0, Avg:  0.0, Max: 0, Diff: 0, Sum: 0, Workers: 4
[2799.405s][debug][gc,phases      ] GC(131)     Total                          Min: 0, Avg:  0.0, Max: 0, Diff: 0, Sum: 0, Workers: 4
[2799.405s][debug][gc,phases      ] GC(131) Weak Processing 0.666ms
[2799.405s][debug][gc,age         ] GC(131) Desired survivor size 11010048 bytes, new threshold 1 (max threshold 15)
[2799.405s][info ][gc,heap        ] GC(131) PSYoungGen: 2079497K(2085888K)->4864K(2086400K) Eden: 2074624K(2074624K)->0K(2075648K) From: 4873K(11264K)->4864K(10752K)
[2799.405s][info ][gc,heap        ] GC(131) ParOldGen: 407837K(408064K)->408830K(409088K)
[2799.405s][info ][gc,metaspace   ] GC(131) Metaspace: 111409K(112832K)->111409K(112832K) NonClass: 94871K(95680K)->94871K(95680K) Class: 16538K(17152K)->16538K(17152K)
[2799.405s][info ][gc             ] GC(131) Pause Young (Allocation Failure) 2429M->403M(2437M) 8.300ms
[2799.405s][info ][gc,cpu         ] GC(131) User=0.02s Sys=0.00s Real=0.01s
[2799.405s][info ][safepoint      ] Safepoint "ParallelGCFailedAllocation", Time since last: 3028317698 ns, Reaching safepoint: 86003 ns, Cleanup: 5500 ns, At safepoint: 8408755 ns, Total: 8500258 ns
[2825.403s][info ][gc,start       ] GC(132) Pause Young (Allocation Failure)
[2825.411s][debug][gc,phases      ] GC(132) Scavenge 7.285ms
[2825.411s][debug][gc,ref         ] GC(132) ReferenceProcessor::execute queues: 1, RefProcThreadModel::Single, marks_oops_alive: false
[2825.411s][debug][gc,ref         ] GC(132) Skipped KeepAliveFinalRefsPhase of Reference Processing: no references
[2825.411s][debug][gc,ref         ] GC(132) ReferenceProcessor::execute queues: 1, RefProcThreadModel::Single, marks_oops_alive: false
[2825.411s][debug][gc,phases      ] GC(132) Reference Processing 0.124ms
[2825.411s][debug][gc,phases      ] GC(132)   VM Weak                        Min:  0.0, Avg:  0.0, Max:  0.0, Diff:  0.0, Sum:  0.0, Workers: 4
[2825.411s][debug][gc,phases      ] GC(132)     Dead                           Min: 0, Avg:  0.0, Max: 0, Diff: 0, Sum: 0, Workers: 4
[2825.411s][debug][gc,phases      ] GC(132)     Total                          Min: 0, Avg: 260.0, Max: 1040, Diff: 1040, Sum: 1040, Workers: 4
[2825.411s][debug][gc,phases      ] GC(132)   ObjectSynchronizer Weak        Min:  0.0, Avg:  0.0, Max:  0.0, Diff:  0.0, Sum:  0.0, Workers: 4
[2825.411s][debug][gc,phases      ] GC(132)     Dead                           Min: 0, Avg:  0.0, Max: 0, Diff: 0, Sum: 0, Workers: 4
[2825.411s][debug][gc,phases      ] GC(132)     Total                          Min: 0, Avg:  0.8, Max: 3, Diff: 3, Sum: 3, Workers: 4
[2825.411s][debug][gc,phases      ] GC(132)   JVMTI Tag Weak OopStorage      Min:  0.0, Avg:  0.0, Max:  0.0, Diff:  0.0, Sum:  0.0, Workers: 4
[2825.411s][debug][gc,phases      ] GC(132)     Dead                           Min: 0, Avg:  0.0, Max: 0, Diff: 0, Sum: 0, Workers: 4
[2825.411s][debug][gc,phases      ] GC(132)     Total                          Min: 0, Avg:  0.0, Max: 0, Diff: 0, Sum: 0, Workers: 4
[2825.411s][debug][gc,phases      ] GC(132)   StringTable Weak               Min:  0.0, Avg:  0.1, Max:  0.3, Diff:  0.3, Sum:  0.5, Workers: 4
[2825.411s][debug][gc,phases      ] GC(132)     Dead                           Min: 0, Avg:  0.0, Max: 0, Diff: 0, Sum: 0, Workers: 4
[2825.411s][debug][gc,phases      ] GC(132)     Total                          Min: 0, Avg: 11944.2, Max: 24384, Diff: 24384, Sum: 47777, Workers: 4
[2825.411s][debug][gc,phases      ] GC(132)   ResolvedMethodTable Weak       Min:  0.0, Avg:  0.0, Max:  0.1, Diff:  0.1, Sum:  0.2, Workers: 4
[2825.411s][debug][gc,phases      ] GC(132)     Dead                           Min: 0, Avg:  4.0, Max: 16, Diff: 16, Sum: 16, Workers: 4
[2825.411s][debug][gc,phases      ] GC(132)     Total                          Min: 0, Avg: 3909.2, Max: 7832, Diff: 7832, Sum: 15637, Workers: 4
[2825.411s][debug][gc,phases      ] GC(132)   JNI Weak                       Min:  0.0, Avg:  0.0, Max:  0.0, Diff:  0.0, Sum:  0.0, Workers: 4
[2825.411s][debug][gc,phases      ] GC(132)     Dead                           Min: 0, Avg:  0.0, Max: 0, Diff: 0, Sum: 0, Workers: 4
[2825.411s][debug][gc,phases      ] GC(132)     Total                          Min: 0, Avg: 13.0, Max: 52, Diff: 52, Sum: 52, Workers: 4
[2825.411s][debug][gc,phases      ] GC(132)   StringDedup Table Weak         Min:  0.0, Avg:  0.0, Max:  0.0, Diff:  0.0, Sum:  0.0, Workers: 4
[2825.411s][debug][gc,phases      ] GC(132)     Dead                           Min: 0, Avg:  0.0, Max: 0, Diff: 0, Sum: 0, Workers: 4
[2825.411s][debug][gc,phases      ] GC(132)     Total                          Min: 0, Avg:  0.0, Max: 0, Diff: 0, Sum: 0, Workers: 4
[2825.411s][debug][gc,phases      ] GC(132)   StringDedup Requests0 Weak     Min:  0.0, Avg:  0.0, Max:  0.0, Diff:  0.0, Sum:  0.0, Workers: 4
[2825.411s][debug][gc,phases      ] GC(132)     Dead                           Min: 0, Avg:  0.0, Max: 0, Diff: 0, Sum: 0, Workers: 4
[2825.411s][debug][gc,phases      ] GC(132)     Total                          Min: 0, Avg:  0.0, Max: 0, Diff: 0, Sum: 0, Workers: 4
[2825.411s][debug][gc,phases      ] GC(132)   StringDedup Requests1 Weak     Min:  0.0, Avg:  0.0, Max:  0.0, Diff:  0.0, Sum:  0.0, Workers: 4
[2825.411s][debug][gc,phases      ] GC(132)     Dead                           Min: 0, Avg:  0.0, Max: 0, Diff: 0, Sum: 0, Workers: 4
[2825.411s][debug][gc,phases      ] GC(132)     Total                          Min: 0, Avg:  0.0, Max: 0, Diff: 0, Sum: 0, Workers: 4
[2825.411s][debug][gc,phases      ] GC(132)   Weak JFR Old Object Samples    Min:  0.0, Avg:  0.0, Max:  0.0, Diff:  0.0, Sum:  0.0, Workers: 4
[2825.411s][debug][gc,phases      ] GC(132)     Dead                           Min: 0, Avg:  0.0, Max: 0, Diff: 0, Sum: 0, Workers: 4
[2825.411s][debug][gc,phases      ] GC(132)     Total                          Min: 0, Avg:  0.0, Max: 0, Diff: 0, Sum: 0, Workers: 4
[2825.411s][debug][gc,phases      ] GC(132) Weak Processing 0.592ms
[2825.411s][debug][gc,age         ] GC(132) Desired survivor size 10485760 bytes, new threshold 1 (max threshold 15)
[2825.411s][info ][gc,heap        ] GC(132) PSYoungGen: 2080512K(2086400K)->4496K(2086400K) Eden: 2075648K(2075648K)->0K(2075648K) From: 4864K(10752K)->4496K(10752K)
[2825.411s][info ][gc,heap        ] GC(132) ParOldGen: 408830K(409088K)->409930K(410112K)
[2825.411s][info ][gc,metaspace   ] GC(132) Metaspace: 111411K(112832K)->111411K(112832K) NonClass: 94873K(95680K)->94873K(95680K) Class: 16538K(17152K)->16538K(17152K)
[2825.411s][info ][gc             ] GC(132) Pause Young (Allocation Failure) 2430M->404M(2438M) 8.157ms
[2825.411s][info ][gc,cpu         ] GC(132) User=0.02s Sys=0.00s Real=0.01s
[2825.411s][info ][safepoint      ] Safepoint "ParallelGCFailedAllocation", Time since last: 25998347793 ns, Reaching safepoint: 85103 ns, Cleanup: 4400 ns, At safepoint: 8251549 ns, Total: 8341052 ns
[2851.462s][info ][gc,start       ] GC(133) Pause Young (Allocation Failure)
[2851.486s][debug][gc,phases      ] GC(133) Scavenge 23.268ms
[2851.486s][debug][gc,ref         ] GC(133) ReferenceProcessor::execute queues: 1, RefProcThreadModel::Single, marks_oops_alive: false
[2851.486s][debug][gc,ref         ] GC(133) Skipped KeepAliveFinalRefsPhase of Reference Processing: no references
[2851.486s][debug][gc,ref         ] GC(133) Skipped PhantomRefsPhase of Reference Processing: no references
[2851.486s][debug][gc,phases      ] GC(133) Reference Processing 0.136ms
[2851.486s][debug][gc,phases      ] GC(133)   VM Weak                        Min:  0.0, Avg:  0.0, Max:  0.0, Diff:  0.0, Sum:  0.0, Workers: 4
[2851.486s][debug][gc,phases      ] GC(133)     Dead                           Min: 0, Avg:  0.0, Max: 0, Diff: 0, Sum: 0, Workers: 4
[2851.486s][debug][gc,phases      ] GC(133)     Total                          Min: 0, Avg: 260.0, Max: 576, Diff: 576, Sum: 1040, Workers: 4
[2851.486s][debug][gc,phases      ] GC(133)   ObjectSynchronizer Weak        Min:  0.0, Avg:  0.0, Max:  0.0, Diff:  0.0, Sum:  0.0, Workers: 4
[2851.486s][debug][gc,phases      ] GC(133)     Dead                           Min: 0, Avg:  0.0, Max: 0, Diff: 0, Sum: 0, Workers: 4
[2851.486s][debug][gc,phases      ] GC(133)     Total                          Min: 0, Avg:  0.8, Max: 3, Diff: 3, Sum: 3, Workers: 4
[2851.486s][debug][gc,phases      ] GC(133)   JVMTI Tag Weak OopStorage      Min:  0.0, Avg:  0.0, Max:  0.0, Diff:  0.0, Sum:  0.0, Workers: 4
[2851.486s][debug][gc,phases      ] GC(133)     Dead                           Min: 0, Avg:  0.0, Max: 0, Diff: 0, Sum: 0, Workers: 4
[2851.486s][debug][gc,phases      ] GC(133)     Total                          Min: 0, Avg:  0.0, Max: 0, Diff: 0, Sum: 0, Workers: 4
[2851.486s][debug][gc,phases      ] GC(133)   StringTable Weak               Min:  0.0, Avg:  0.1, Max:  0.2, Diff:  0.2, Sum:  0.5, Workers: 4
[2851.486s][debug][gc,phases      ] GC(133)     Dead                           Min: 0, Avg:  0.0, Max: 0, Diff: 0, Sum: 0, Workers: 4
[2851.486s][debug][gc,phases      ] GC(133)     Total                          Min: 0, Avg: 11944.2, Max: 16737, Diff: 16737, Sum: 47777, Workers: 4
[2851.486s][debug][gc,phases      ] GC(133)   ResolvedMethodTable Weak       Min:  0.0, Avg:  0.0, Max:  0.1, Diff:  0.1, Sum:  0.2, Workers: 4
[2851.486s][debug][gc,phases      ] GC(133)     Dead                           Min: 0, Avg:  4.0, Max: 16, Diff: 16, Sum: 16, Workers: 4
[2851.486s][debug][gc,phases      ] GC(133)     Total                          Min: 0, Avg: 3909.2, Max: 5488, Diff: 5488, Sum: 15637, Workers: 4
[2851.486s][debug][gc,phases      ] GC(133)   JNI Weak                       Min:  0.0, Avg:  0.0, Max:  0.0, Diff:  0.0, Sum:  0.0, Workers: 4
[2851.486s][debug][gc,phases      ] GC(133)     Dead                           Min: 0, Avg:  0.0, Max: 0, Diff: 0, Sum: 0, Workers: 4
[2851.486s][debug][gc,phases      ] GC(133)     Total                          Min: 0, Avg: 13.0, Max: 48, Diff: 48, Sum: 52, Workers: 4
[2851.486s][debug][gc,phases      ] GC(133)   StringDedup Table Weak         Min:  0.0, Avg:  0.0, Max:  0.0, Diff:  0.0, Sum:  0.0, Workers: 4
[2851.486s][debug][gc,phases      ] GC(133)     Dead                           Min: 0, Avg:  0.0, Max: 0, Diff: 0, Sum: 0, Workers: 4
[2851.486s][debug][gc,phases      ] GC(133)     Total                          Min: 0, Avg:  0.0, Max: 0, Diff: 0, Sum: 0, Workers: 4
[2851.486s][debug][gc,phases      ] GC(133)   StringDedup Requests0 Weak     Min:  0.0, Avg:  0.0, Max:  0.0, Diff:  0.0, Sum:  0.0, Workers: 4
[2851.486s][debug][gc,phases      ] GC(133)     Dead                           Min: 0, Avg:  0.0, Max: 0, Diff: 0, Sum: 0, Workers: 4
[2851.486s][debug][gc,phases      ] GC(133)     Total                          Min: 0, Avg:  0.0, Max: 0, Diff: 0, Sum: 0, Workers: 4
[2851.486s][debug][gc,phases      ] GC(133)   StringDedup Requests1 Weak     Min:  0.0, Avg:  0.0, Max:  0.0, Diff:  0.0, Sum:  0.0, Workers: 4
[2851.486s][debug][gc,phases      ] GC(133)     Dead                           Min: 0, Avg:  0.0, Max: 0, Diff: 0, Sum: 0, Workers: 4
[2851.486s][debug][gc,phases      ] GC(133)     Total                          Min: 0, Avg:  0.0, Max: 0, Diff: 0, Sum: 0, Workers: 4
[2851.486s][debug][gc,phases      ] GC(133)   Weak JFR Old Object Samples    Min:  0.0, Avg:  0.0, Max:  0.0, Diff:  0.0, Sum:  0.0, Workers: 4
[2851.486s][debug][gc,phases      ] GC(133)     Dead                           Min: 0, Avg:  0.0, Max: 0, Diff: 0, Sum: 0, Workers: 4
[2851.486s][debug][gc,phases      ] GC(133)     Total                          Min: 0, Avg:  0.0, Max: 0, Diff: 0, Sum: 0, Workers: 4
[2851.486s][debug][gc,phases      ] GC(133) Weak Processing 0.528ms
[2851.486s][debug][gc,age         ] GC(133) Desired survivor size 10485760 bytes, new threshold 1 (max threshold 15)
[2851.486s][info ][gc,heap        ] GC(133) PSYoungGen: 2080144K(2086400K)->4960K(2086912K) Eden: 2075648K(2075648K)->0K(2076672K) From: 4496K(10752K)->4960K(10240K)
[2851.486s][info ][gc,heap        ] GC(133) ParOldGen: 409930K(410112K)->410670K(411136K)
[2851.486s][info ][gc,metaspace   ] GC(133) Metaspace: 111412K(112832K)->111412K(112832K) NonClass: 94874K(95680K)->94874K(95680K) Class: 16538K(17152K)->16538K(17152K)
[2851.487s][info ][gc             ] GC(133) Pause Young (Allocation Failure) 2431M->405M(2439M) 24.106ms
[2851.487s][info ][gc,cpu         ] GC(133) User=0.02s Sys=0.00s Real=0.03s
[2851.487s][info ][safepoint      ] Safepoint "ParallelGCFailedAllocation", Time since last: 26050936062 ns, Reaching safepoint: 11001 ns, Cleanup: 5900 ns, At safepoint: 24204116 ns, Total: 24221017 ns
[2854.487s][info ][safepoint      ] Safepoint "Cleanup", Time since last: 3000245290 ns, Reaching safepoint: 9500 ns, Cleanup: 12800 ns, At safepoint: 2500 ns, Total: 24800 ns
[2877.891s][info ][gc,start       ] GC(134) Pause Young (Allocation Failure)
[2877.895s][debug][gc,phases      ] GC(134) Scavenge 4.272ms
[2877.895s][debug][gc,ref         ] GC(134) ReferenceProcessor::execute queues: 1, RefProcThreadModel::Single, marks_oops_alive: false
[2877.895s][debug][gc,ref         ] GC(134) Skipped KeepAliveFinalRefsPhase of Reference Processing: no references
[2877.895s][debug][gc,ref         ] GC(134) Skipped PhantomRefsPhase of Reference Processing: no references
[2877.895s][debug][gc,phases      ] GC(134) Reference Processing 0.140ms
[2877.896s][debug][gc,phases      ] GC(134)   VM Weak                        Min:  0.0, Avg:  0.0, Max:  0.0, Diff:  0.0, Sum:  0.0, Workers: 4
[2877.896s][debug][gc,phases      ] GC(134)     Dead                           Min: 0, Avg:  0.0, Max: 0, Diff: 0, Sum: 0, Workers: 4
[2877.896s][debug][gc,phases      ] GC(134)     Total                          Min: 0, Avg: 260.0, Max: 576, Diff: 576, Sum: 1040, Workers: 4
[2877.896s][debug][gc,phases      ] GC(134)   ObjectSynchronizer Weak        Min:  0.0, Avg:  0.0, Max:  0.0, Diff:  0.0, Sum:  0.0, Workers: 4
[2877.896s][debug][gc,phases      ] GC(134)     Dead                           Min: 0, Avg:  0.0, Max: 0, Diff: 0, Sum: 0, Workers: 4
[2877.896s][debug][gc,phases      ] GC(134)     Total                          Min: 0, Avg:  0.8, Max: 3, Diff: 3, Sum: 3, Workers: 4
[2877.896s][debug][gc,phases      ] GC(134)   JVMTI Tag Weak OopStorage      Min:  0.0, Avg:  0.0, Max:  0.0, Diff:  0.0, Sum:  0.0, Workers: 4
[2877.896s][debug][gc,phases      ] GC(134)     Dead                           Min: 0, Avg:  0.0, Max: 0, Diff: 0, Sum: 0, Workers: 4
[2877.896s][debug][gc,phases      ] GC(134)     Total                          Min: 0, Avg:  0.0, Max: 0, Diff: 0, Sum: 0, Workers: 4
[2877.896s][debug][gc,phases      ] GC(134)   StringTable Weak               Min:  0.0, Avg:  0.1, Max:  0.2, Diff:  0.2, Sum:  0.4, Workers: 4
[2877.896s][debug][gc,phases      ] GC(134)     Dead                           Min: 0, Avg:  0.0, Max: 0, Diff: 0, Sum: 0, Workers: 4
[2877.896s][debug][gc,phases      ] GC(134)     Total                          Min: 0, Avg: 11944.2, Max: 25024, Diff: 25024, Sum: 47777, Workers: 4
[2877.896s][debug][gc,phases      ] GC(134)   ResolvedMethodTable Weak       Min:  0.0, Avg:  0.0, Max:  0.1, Diff:  0.1, Sum:  0.2, Workers: 4
[2877.896s][debug][gc,phases      ] GC(134)     Dead                           Min: 0, Avg:  4.0, Max: 16, Diff: 16, Sum: 16, Workers: 4
[2877.896s][debug][gc,phases      ] GC(134)     Total                          Min: 0, Avg: 3909.2, Max: 7952, Diff: 7952, Sum: 15637, Workers: 4
[2877.896s][debug][gc,phases      ] GC(134)   JNI Weak                       Min:  0.0, Avg:  0.0, Max:  0.0, Diff:  0.0, Sum:  0.0, Workers: 4
[2877.896s][debug][gc,phases      ] GC(134)     Dead                           Min: 0, Avg:  0.0, Max: 0, Diff: 0, Sum: 0, Workers: 4
[2877.896s][debug][gc,phases      ] GC(134)     Total                          Min: 0, Avg: 13.0, Max: 48, Diff: 48, Sum: 52, Workers: 4
[2877.896s][debug][gc,phases      ] GC(134)   StringDedup Table Weak         Min:  0.0, Avg:  0.0, Max:  0.0, Diff:  0.0, Sum:  0.0, Workers: 4
[2877.896s][debug][gc,phases      ] GC(134)     Dead                           Min: 0, Avg:  0.0, Max: 0, Diff: 0, Sum: 0, Workers: 4
[2877.896s][debug][gc,phases      ] GC(134)     Total                          Min: 0, Avg:  0.0, Max: 0, Diff: 0, Sum: 0, Workers: 4
[2877.896s][debug][gc,phases      ] GC(134)   StringDedup Requests0 Weak     Min:  0.0, Avg:  0.0, Max:  0.0, Diff:  0.0, Sum:  0.0, Workers: 4
[2877.896s][debug][gc,phases      ] GC(134)     Dead                           Min: 0, Avg:  0.0, Max: 0, Diff: 0, Sum: 0, Workers: 4
[2877.896s][debug][gc,phases      ] GC(134)     Total                          Min: 0, Avg:  0.0, Max: 0, Diff: 0, Sum: 0, Workers: 4
[2877.896s][debug][gc,phases      ] GC(134)   StringDedup Requests1 Weak     Min:  0.0, Avg:  0.0, Max:  0.0, Diff:  0.0, Sum:  0.0, Workers: 4
[2877.896s][debug][gc,phases      ] GC(134)     Dead                           Min: 0, Avg:  0.0, Max: 0, Diff: 0, Sum: 0, Workers: 4
[2877.896s][debug][gc,phases      ] GC(134)     Total                          Min: 0, Avg:  0.0, Max: 0, Diff: 0, Sum: 0, Workers: 4
[2877.896s][debug][gc,phases      ] GC(134)   Weak JFR Old Object Samples    Min:  0.0, Avg:  0.0, Max:  0.0, Diff:  0.0, Sum:  0.0, Workers: 4
[2877.896s][debug][gc,phases      ] GC(134)     Dead                           Min: 0, Avg:  0.0, Max: 0, Diff: 0, Sum: 0, Workers: 4
[2877.896s][debug][gc,phases      ] GC(134)     Total                          Min: 0, Avg:  0.0, Max: 0, Diff: 0, Sum: 0, Workers: 4
[2877.896s][debug][gc,phases      ] GC(134) Weak Processing 0.608ms
[2877.896s][debug][gc,age         ] GC(134) Desired survivor size 9961472 bytes, new threshold 1 (max threshold 15)
[2877.896s][info ][gc,heap        ] GC(134) PSYoungGen: 2081632K(2086912K)->5024K(2086912K) Eden: 2076672K(2076672K)->0K(2076672K) From: 4960K(10240K)->5024K(10240K)
[2877.896s][info ][gc,heap        ] GC(134) ParOldGen: 410670K(411136K)->411543K(411648K)
[2877.896s][info ][gc,metaspace   ] GC(134) Metaspace: 111412K(112832K)->111412K(112832K) NonClass: 94874K(95680K)->94874K(95680K) Class: 16538K(17152K)->16538K(17152K)
[2877.896s][info ][gc             ] GC(134) Pause Young (Allocation Failure) 2433M->406M(2440M) 5.184ms
[2877.896s][info ][gc,cpu         ] GC(134) User=0.01s Sys=0.00s Real=0.01s
[2877.896s][info ][safepoint      ] Safepoint "ParallelGCFailedAllocation", Time since last: 23403638249 ns, Reaching safepoint: 88803 ns, Cleanup: 5500 ns, At safepoint: 5273359 ns, Total: 5367662 ns
[2901.898s][info ][safepoint      ] Safepoint "Cleanup", Time since last: 24001943437 ns, Reaching safepoint: 85103 ns, Cleanup: 13800 ns, At safepoint: 8600 ns, Total: 107503 ns
[2902.898s][info ][safepoint      ] Safepoint "Cleanup", Time since last: 1000146314 ns, Reaching safepoint: 87603 ns, Cleanup: 11800 ns, At safepoint: 7701 ns, Total: 107104 ns
[2903.898s][info ][safepoint      ] Safepoint "Cleanup", Time since last: 1000162314 ns, Reaching safepoint: 87803 ns, Cleanup: 14400 ns, At safepoint: 8901 ns, Total: 111104 ns
[2904.102s][info ][gc,start       ] GC(135) Pause Young (Allocation Failure)
[2904.109s][debug][gc,phases      ] GC(135) Scavenge 7.301ms
[2904.109s][debug][gc,ref         ] GC(135) ReferenceProcessor::execute queues: 1, RefProcThreadModel::Single, marks_oops_alive: false
[2904.109s][debug][gc,ref         ] GC(135) Skipped KeepAliveFinalRefsPhase of Reference Processing: no references
[2904.109s][debug][gc,ref         ] GC(135) Skipped PhantomRefsPhase of Reference Processing: no references
[2904.109s][debug][gc,phases      ] GC(135) Reference Processing 0.112ms
[2904.110s][debug][gc,phases      ] GC(135)   VM Weak                        Min:  0.0, Avg:  0.0, Max:  0.0, Diff:  0.0, Sum:  0.0, Workers: 4
[2904.110s][debug][gc,phases      ] GC(135)     Dead                           Min: 0, Avg:  0.0, Max: 0, Diff: 0, Sum: 0, Workers: 4
[2904.110s][debug][gc,phases      ] GC(135)     Total                          Min: 0, Avg: 260.0, Max: 576, Diff: 576, Sum: 1040, Workers: 4
[2904.110s][debug][gc,phases      ] GC(135)   ObjectSynchronizer Weak        Min:  0.0, Avg:  0.0, Max:  0.0, Diff:  0.0, Sum:  0.0, Workers: 4
[2904.110s][debug][gc,phases      ] GC(135)     Dead                           Min: 0, Avg:  0.0, Max: 0, Diff: 0, Sum: 0, Workers: 4
[2904.110s][debug][gc,phases      ] GC(135)     Total                          Min: 0, Avg:  0.8, Max: 3, Diff: 3, Sum: 3, Workers: 4
[2904.110s][debug][gc,phases      ] GC(135)   JVMTI Tag Weak OopStorage      Min:  0.0, Avg:  0.0, Max:  0.0, Diff:  0.0, Sum:  0.0, Workers: 4
[2904.110s][debug][gc,phases      ] GC(135)     Dead                           Min: 0, Avg:  0.0, Max: 0, Diff: 0, Sum: 0, Workers: 4
[2904.110s][debug][gc,phases      ] GC(135)     Total                          Min: 0, Avg:  0.0, Max: 0, Diff: 0, Sum: 0, Workers: 4
[2904.110s][debug][gc,phases      ] GC(135)   StringTable Weak               Min:  0.0, Avg:  0.1, Max:  0.2, Diff:  0.2, Sum:  0.5, Workers: 4
[2904.110s][debug][gc,phases      ] GC(135)     Dead                           Min: 0, Avg:  0.0, Max: 0, Diff: 0, Sum: 0, Workers: 4
[2904.110s][debug][gc,phases      ] GC(135)     Total                          Min: 0, Avg: 11944.8, Max: 25763, Diff: 25763, Sum: 47779, Workers: 4
[2904.110s][debug][gc,phases      ] GC(135)   ResolvedMethodTable Weak       Min:  0.0, Avg:  0.0, Max:  0.1, Diff:  0.1, Sum:  0.2, Workers: 4
[2904.110s][debug][gc,phases      ] GC(135)     Dead                           Min: 0, Avg:  4.0, Max: 16, Diff: 16, Sum: 16, Workers: 4
[2904.110s][debug][gc,phases      ] GC(135)     Total                          Min: 0, Avg: 3909.2, Max: 8498, Diff: 8498, Sum: 15637, Workers: 4
[2904.110s][debug][gc,phases      ] GC(135)   JNI Weak                       Min:  0.0, Avg:  0.0, Max:  0.0, Diff:  0.0, Sum:  0.0, Workers: 4
[2904.110s][debug][gc,phases      ] GC(135)     Dead                           Min: 0, Avg:  0.0, Max: 0, Diff: 0, Sum: 0, Workers: 4
[2904.110s][debug][gc,phases      ] GC(135)     Total                          Min: 0, Avg: 13.0, Max: 52, Diff: 52, Sum: 52, Workers: 4
[2904.110s][debug][gc,phases      ] GC(135)   StringDedup Table Weak         Min:  0.0, Avg:  0.0, Max:  0.0, Diff:  0.0, Sum:  0.0, Workers: 4
[2904.110s][debug][gc,phases      ] GC(135)     Dead                           Min: 0, Avg:  0.0, Max: 0, Diff: 0, Sum: 0, Workers: 4
[2904.110s][debug][gc,phases      ] GC(135)     Total                          Min: 0, Avg:  0.0, Max: 0, Diff: 0, Sum: 0, Workers: 4
[2904.110s][debug][gc,phases      ] GC(135)   StringDedup Requests0 Weak     Min:  0.0, Avg:  0.0, Max:  0.0, Diff:  0.0, Sum:  0.0, Workers: 4
[2904.110s][debug][gc,phases      ] GC(135)     Dead                           Min: 0, Avg:  0.0, Max: 0, Diff: 0, Sum: 0, Workers: 4
[2904.110s][debug][gc,phases      ] GC(135)     Total                          Min: 0, Avg:  0.0, Max: 0, Diff: 0, Sum: 0, Workers: 4
[2904.110s][debug][gc,phases      ] GC(135)   StringDedup Requests1 Weak     Min:  0.0, Avg:  0.0, Max:  0.0, Diff:  0.0, Sum:  0.0, Workers: 4
[2904.110s][debug][gc,phases      ] GC(135)     Dead                           Min: 0, Avg:  0.0, Max: 0, Diff: 0, Sum: 0, Workers: 4
[2904.110s][debug][gc,phases      ] GC(135)     Total                          Min: 0, Avg:  0.0, Max: 0, Diff: 0, Sum: 0, Workers: 4
[2904.110s][debug][gc,phases      ] GC(135)   Weak JFR Old Object Samples    Min:  0.0, Avg:  0.0, Max:  0.0, Diff:  0.0, Sum:  0.0, Workers: 4
[2904.110s][debug][gc,phases      ] GC(135)     Dead                           Min: 0, Avg:  0.0, Max: 0, Diff: 0, Sum: 0, Workers: 4
[2904.110s][debug][gc,phases      ] GC(135)     Total                          Min: 0, Avg:  0.0, Max: 0, Diff: 0, Sum: 0, Workers: 4
[2904.110s][debug][gc,phases      ] GC(135) Weak Processing 0.549ms
[2904.110s][debug][gc,age         ] GC(135) Desired survivor size 9961472 bytes, new threshold 1 (max threshold 15)
[2904.110s][info ][gc,heap        ] GC(135) PSYoungGen: 2081696K(2086912K)->4928K(2087424K) Eden: 2076672K(2076672K)->0K(2077696K) From: 5024K(10240K)->4928K(9728K)
[2904.110s][info ][gc,heap        ] GC(135) ParOldGen: 411543K(411648K)->412731K(413184K)
[2904.110s][info ][gc,metaspace   ] GC(135) Metaspace: 111413K(112832K)->111413K(112832K) NonClass: 94875K(95680K)->94875K(95680K) Class: 16538K(17152K)->16538K(17152K)
[2904.110s][info ][gc             ] GC(135) Pause Young (Allocation Failure) 2434M->407M(2442M) 8.125ms
[2904.110s][info ][gc,cpu         ] GC(135) User=0.02s Sys=0.00s Real=0.01s
[2904.110s][info ][safepoint      ] Safepoint "ParallelGCFailedAllocation", Time since last: 203358123 ns, Reaching safepoint: 8500 ns, Cleanup: 4400 ns, At safepoint: 8208447 ns, Total: 8221347 ns
[2930.429s][info ][gc,start       ] GC(136) Pause Young (Allocation Failure)
[2930.448s][debug][gc,phases      ] GC(136) Scavenge 18.514ms
[2930.448s][debug][gc,ref         ] GC(136) ReferenceProcessor::execute queues: 1, RefProcThreadModel::Single, marks_oops_alive: false
[2930.448s][debug][gc,ref         ] GC(136) Skipped KeepAliveFinalRefsPhase of Reference Processing: no references
[2930.448s][debug][gc,ref         ] GC(136) ReferenceProcessor::execute queues: 1, RefProcThreadModel::Single, marks_oops_alive: false
[2930.448s][debug][gc,phases      ] GC(136) Reference Processing 0.144ms
[2930.448s][debug][gc,phases      ] GC(136)   VM Weak                        Min:  0.0, Avg:  0.0, Max:  0.0, Diff:  0.0, Sum:  0.0, Workers: 4
[2930.448s][debug][gc,phases      ] GC(136)     Dead                           Min: 0, Avg:  0.0, Max: 0, Diff: 0, Sum: 0, Workers: 4
[2930.448s][debug][gc,phases      ] GC(136)     Total                          Min: 0, Avg: 260.0, Max: 656, Diff: 656, Sum: 1040, Workers: 4
[2930.448s][debug][gc,phases      ] GC(136)   ObjectSynchronizer Weak        Min:  0.0, Avg:  0.0, Max:  0.0, Diff:  0.0, Sum:  0.0, Workers: 4
[2930.448s][debug][gc,phases      ] GC(136)     Dead                           Min: 0, Avg:  0.0, Max: 0, Diff: 0, Sum: 0, Workers: 4
[2930.448s][debug][gc,phases      ] GC(136)     Total                          Min: 0, Avg:  0.8, Max: 3, Diff: 3, Sum: 3, Workers: 4
[2930.448s][debug][gc,phases      ] GC(136)   JVMTI Tag Weak OopStorage      Min:  0.0, Avg:  0.0, Max:  0.0, Diff:  0.0, Sum:  0.0, Workers: 4
[2930.448s][debug][gc,phases      ] GC(136)     Dead                           Min: 0, Avg:  0.0, Max: 0, Diff: 0, Sum: 0, Workers: 4
[2930.448s][debug][gc,phases      ] GC(136)     Total                          Min: 0, Avg:  0.0, Max: 0, Diff: 0, Sum: 0, Workers: 4
[2930.448s][debug][gc,phases      ] GC(136)   StringTable Weak               Min:  0.0, Avg:  0.1, Max:  0.2, Diff:  0.2, Sum:  0.5, Workers: 4
[2930.448s][debug][gc,phases      ] GC(136)     Dead                           Min: 0, Avg:  0.0, Max: 0, Diff: 0, Sum: 0, Workers: 4
[2930.448s][debug][gc,phases      ] GC(136)     Total                          Min: 0, Avg: 11944.8, Max: 18595, Diff: 18595, Sum: 47779, Workers: 4
[2930.448s][debug][gc,phases      ] GC(136)   ResolvedMethodTable Weak       Min:  0.0, Avg:  0.0, Max:  0.1, Diff:  0.1, Sum:  0.2, Workers: 4
[2930.448s][debug][gc,phases      ] GC(136)     Dead                           Min: 0, Avg:  4.0, Max: 16, Diff: 16, Sum: 16, Workers: 4
[2930.448s][debug][gc,phases      ] GC(136)     Total                          Min: 0, Avg: 3909.2, Max: 5663, Diff: 5663, Sum: 15637, Workers: 4
[2930.448s][debug][gc,phases      ] GC(136)   JNI Weak                       Min:  0.0, Avg:  0.0, Max:  0.0, Diff:  0.0, Sum:  0.0, Workers: 4
[2930.448s][debug][gc,phases      ] GC(136)     Dead                           Min: 0, Avg:  0.0, Max: 0, Diff: 0, Sum: 0, Workers: 4
[2930.448s][debug][gc,phases      ] GC(136)     Total                          Min: 0, Avg: 13.0, Max: 48, Diff: 48, Sum: 52, Workers: 4
[2930.448s][debug][gc,phases      ] GC(136)   StringDedup Table Weak         Min:  0.0, Avg:  0.0, Max:  0.0, Diff:  0.0, Sum:  0.0, Workers: 4
[2930.448s][debug][gc,phases      ] GC(136)     Dead                           Min: 0, Avg:  0.0, Max: 0, Diff: 0, Sum: 0, Workers: 4
[2930.448s][debug][gc,phases      ] GC(136)     Total                          Min: 0, Avg:  0.0, Max: 0, Diff: 0, Sum: 0, Workers: 4
[2930.448s][debug][gc,phases      ] GC(136)   StringDedup Requests0 Weak     Min:  0.0, Avg:  0.0, Max:  0.0, Diff:  0.0, Sum:  0.0, Workers: 4
[2930.448s][debug][gc,phases      ] GC(136)     Dead                           Min: 0, Avg:  0.0, Max: 0, Diff: 0, Sum: 0, Workers: 4
[2930.448s][debug][gc,phases      ] GC(136)     Total                          Min: 0, Avg:  0.0, Max: 0, Diff: 0, Sum: 0, Workers: 4
[2930.448s][debug][gc,phases      ] GC(136)   StringDedup Requests1 Weak     Min:  0.0, Avg:  0.0, Max:  0.0, Diff:  0.0, Sum:  0.0, Workers: 4
[2930.448s][debug][gc,phases      ] GC(136)     Dead                           Min: 0, Avg:  0.0, Max: 0, Diff: 0, Sum: 0, Workers: 4
[2930.448s][debug][gc,phases      ] GC(136)     Total                          Min: 0, Avg:  0.0, Max: 0, Diff: 0, Sum: 0, Workers: 4
[2930.448s][debug][gc,phases      ] GC(136)   Weak JFR Old Object Samples    Min:  0.0, Avg:  0.0, Max:  0.0, Diff:  0.0, Sum:  0.0, Workers: 4
[2930.448s][debug][gc,phases      ] GC(136)     Dead                           Min: 0, Avg:  0.0, Max: 0, Diff: 0, Sum: 0, Workers: 4
[2930.448s][debug][gc,phases      ] GC(136)     Total                          Min: 0, Avg:  0.0, Max: 0, Diff: 0, Sum: 0, Workers: 4
[2930.448s][debug][gc,phases      ] GC(136) Weak Processing 0.531ms
[2930.448s][debug][gc,age         ] GC(136) Desired survivor size 9437184 bytes, new threshold 1 (max threshold 15)
[2930.449s][info ][gc,heap        ] GC(136) PSYoungGen: 2082624K(2087424K)->4864K(2087424K) Eden: 2077696K(2077696K)->0K(2077696K) From: 4928K(9728K)->4864K(9728K)
[2930.449s][info ][gc,heap        ] GC(136) ParOldGen: 412731K(413184K)->413515K(413696K)
[2930.449s][info ][gc,metaspace   ] GC(136) Metaspace: 111414K(112832K)->111414K(112832K) NonClass: 94876K(95680K)->94876K(95680K) Class: 16538K(17152K)->16538K(17152K)
[2930.449s][info ][gc             ] GC(136) Pause Young (Allocation Failure) 2436M->408M(2442M) 19.367ms
[2930.449s][info ][gc,cpu         ] GC(136) User=0.02s Sys=0.00s Real=0.02s
[2930.449s][info ][safepoint      ] Safepoint "ParallelGCFailedAllocation", Time since last: 26319098820 ns, Reaching safepoint: 11400 ns, Cleanup: 5001 ns, At safepoint: 19494886 ns, Total: 19511287 ns
[2944.453s][info ][safepoint      ] Safepoint "Cleanup", Time since last: 14003913815 ns, Reaching safepoint: 90003 ns, Cleanup: 16000 ns, At safepoint: 9401 ns, Total: 115404 ns
[2956.339s][info ][gc,start       ] GC(137) Pause Young (Allocation Failure)
[2956.347s][debug][gc,phases      ] GC(137) Scavenge 8.036ms
[2956.347s][debug][gc,ref         ] GC(137) ReferenceProcessor::execute queues: 1, RefProcThreadModel::Single, marks_oops_alive: false
[2956.347s][debug][gc,ref         ] GC(137) Skipped KeepAliveFinalRefsPhase of Reference Processing: no references
[2956.347s][debug][gc,ref         ] GC(137) Skipped PhantomRefsPhase of Reference Processing: no references
[2956.347s][debug][gc,phases      ] GC(137) Reference Processing 0.115ms
[2956.352s][debug][gc,phases      ] GC(137)   VM Weak                        Min:  0.0, Avg:  0.0, Max:  0.0, Diff:  0.0, Sum:  0.0, Workers: 4
[2956.352s][debug][gc,phases      ] GC(137)     Dead                           Min: 0, Avg:  0.0, Max: 0, Diff: 0, Sum: 0, Workers: 4
[2956.352s][debug][gc,phases      ] GC(137)     Total                          Min: 0, Avg: 260.0, Max: 1040, Diff: 1040, Sum: 1040, Workers: 4
[2956.352s][debug][gc,phases      ] GC(137)   ObjectSynchronizer Weak        Min:  0.0, Avg:  0.0, Max:  0.0, Diff:  0.0, Sum:  0.0, Workers: 4
[2956.352s][debug][gc,phases      ] GC(137)     Dead                           Min: 0, Avg:  0.0, Max: 0, Diff: 0, Sum: 0, Workers: 4
[2956.352s][debug][gc,phases      ] GC(137)     Total                          Min: 0, Avg:  0.8, Max: 3, Diff: 3, Sum: 3, Workers: 4
[2956.352s][debug][gc,phases      ] GC(137)   JVMTI Tag Weak OopStorage      Min:  0.0, Avg:  0.0, Max:  0.0, Diff:  0.0, Sum:  0.0, Workers: 4
[2956.352s][debug][gc,phases      ] GC(137)     Dead                           Min: 0, Avg:  0.0, Max: 0, Diff: 0, Sum: 0, Workers: 4
[2956.352s][debug][gc,phases      ] GC(137)     Total                          Min: 0, Avg:  0.0, Max: 0, Diff: 0, Sum: 0, Workers: 4
[2956.352s][debug][gc,phases      ] GC(137)   StringTable Weak               Min:  0.0, Avg:  0.1, Max:  0.5, Diff:  0.5, Sum:  0.5, Workers: 4
[2956.352s][debug][gc,phases      ] GC(137)     Dead                           Min: 0, Avg:  0.0, Max: 0, Diff: 0, Sum: 0, Workers: 4
[2956.352s][debug][gc,phases      ] GC(137)     Total                          Min: 0, Avg: 11944.8, Max: 47779, Diff: 47779, Sum: 47779, Workers: 4
[2956.352s][debug][gc,phases      ] GC(137)   ResolvedMethodTable Weak       Min:  0.0, Avg:  0.0, Max:  0.2, Diff:  0.2, Sum:  0.2, Workers: 4
[2956.352s][debug][gc,phases      ] GC(137)     Dead                           Min: 0, Avg:  4.0, Max: 16, Diff: 16, Sum: 16, Workers: 4
[2956.352s][debug][gc,phases      ] GC(137)     Total                          Min: 0, Avg: 3909.2, Max: 15637, Diff: 15637, Sum: 15637, Workers: 4
[2956.352s][debug][gc,phases      ] GC(137)   JNI Weak                       Min:  0.0, Avg:  0.0, Max:  0.0, Diff:  0.0, Sum:  0.0, Workers: 4
[2956.352s][debug][gc,phases      ] GC(137)     Dead                           Min: 0, Avg:  0.0, Max: 0, Diff: 0, Sum: 0, Workers: 4
[2956.352s][debug][gc,phases      ] GC(137)     Total                          Min: 0, Avg: 13.0, Max: 52, Diff: 52, Sum: 52, Workers: 4
[2956.352s][debug][gc,phases      ] GC(137)   StringDedup Table Weak         Min:  0.0, Avg:  0.0, Max:  0.0, Diff:  0.0, Sum:  0.0, Workers: 4
[2956.352s][debug][gc,phases      ] GC(137)     Dead                           Min: 0, Avg:  0.0, Max: 0, Diff: 0, Sum: 0, Workers: 4
[2956.352s][debug][gc,phases      ] GC(137)     Total                          Min: 0, Avg:  0.0, Max: 0, Diff: 0, Sum: 0, Workers: 4
[2956.352s][debug][gc,phases      ] GC(137)   StringDedup Requests0 Weak     Min:  0.0, Avg:  0.0, Max:  0.0, Diff:  0.0, Sum:  0.0, Workers: 4
[2956.352s][debug][gc,phases      ] GC(137)     Dead                           Min: 0, Avg:  0.0, Max: 0, Diff: 0, Sum: 0, Workers: 4
[2956.352s][debug][gc,phases      ] GC(137)     Total                          Min: 0, Avg:  0.0, Max: 0, Diff: 0, Sum: 0, Workers: 4
[2956.352s][debug][gc,phases      ] GC(137)   StringDedup Requests1 Weak     Min:  0.0, Avg:  0.0, Max:  0.0, Diff:  0.0, Sum:  0.0, Workers: 4
[2956.352s][debug][gc,phases      ] GC(137)     Dead                           Min: 0, Avg:  0.0, Max: 0, Diff: 0, Sum: 0, Workers: 4
[2956.352s][debug][gc,phases      ] GC(137)     Total                          Min: 0, Avg:  0.0, Max: 0, Diff: 0, Sum: 0, Workers: 4
[2956.352s][debug][gc,phases      ] GC(137)   Weak JFR Old Object Samples    Min:  0.0, Avg:  0.0, Max:  0.0, Diff:  0.0, Sum:  0.0, Workers: 4
[2956.352s][debug][gc,phases      ] GC(137)     Dead                           Min: 0, Avg:  0.0, Max: 0, Diff: 0, Sum: 0, Workers: 4
[2956.352s][debug][gc,phases      ] GC(137)     Total                          Min: 0, Avg:  0.0, Max: 0, Diff: 0, Sum: 0, Workers: 4
[2956.352s][debug][gc,phases      ] GC(137) Weak Processing 5.000ms
[2956.352s][debug][gc,age         ] GC(137) Desired survivor size 8912896 bytes, new threshold 1 (max threshold 15)
[2956.352s][info ][gc,heap        ] GC(137) PSYoungGen: 2082560K(2087424K)->5481K(2088448K) Eden: 2077696K(2077696K)->0K(2079232K) From: 4864K(9728K)->5481K(9216K)
[2956.352s][info ][gc,heap        ] GC(137) ParOldGen: 413515K(413696K)->414599K(414720K)
[2956.352s][info ][gc,metaspace   ] GC(137) Metaspace: 111415K(112832K)->111415K(112832K) NonClass: 94877K(95680K)->94877K(95680K) Class: 16538K(17152K)->16538K(17152K)
[2956.352s][info ][gc             ] GC(137) Pause Young (Allocation Failure) 2437M->410M(2444M) 13.318ms
[2956.352s][info ][gc,cpu         ] GC(137) User=0.02s Sys=0.01s Real=0.02s
[2956.352s][info ][safepoint      ] Safepoint "ParallelGCFailedAllocation", Time since last: 11886018759 ns, Reaching safepoint: 11501 ns, Cleanup: 14100 ns, At safepoint: 13423106 ns, Total: 13448707 ns
[2966.353s][info ][safepoint      ] Safepoint "Cleanup", Time since last: 10000804119 ns, Reaching safepoint: 85402 ns, Cleanup: 12901 ns, At safepoint: 8400 ns, Total: 106703 ns
[2972.355s][info ][safepoint      ] Safepoint "Cleanup", Time since last: 6001653510 ns, Reaching safepoint: 88203 ns, Cleanup: 11900 ns, At safepoint: 8501 ns, Total: 108604 ns
[2976.358s][info ][safepoint      ] Safepoint "Cleanup", Time since last: 4003386208 ns, Reaching safepoint: 97703 ns, Cleanup: 12500 ns, At safepoint: 32701 ns, Total: 142904 ns
[2977.359s][info ][safepoint      ] Safepoint "Cleanup", Time since last: 1000156656 ns, Reaching safepoint: 91603 ns, Cleanup: 15500 ns, At safepoint: 7901 ns, Total: 115004 ns
[2982.189s][info ][gc,start       ] GC(138) Pause Young (Allocation Failure)
[2982.196s][debug][gc,phases      ] GC(138) Scavenge 7.275ms
[2982.196s][debug][gc,ref         ] GC(138) ReferenceProcessor::execute queues: 1, RefProcThreadModel::Single, marks_oops_alive: false
[2982.196s][debug][gc,ref         ] GC(138) Skipped KeepAliveFinalRefsPhase of Reference Processing: no references
[2982.196s][debug][gc,ref         ] GC(138) Skipped PhantomRefsPhase of Reference Processing: no references
[2982.196s][debug][gc,phases      ] GC(138) Reference Processing 0.134ms
[2982.197s][debug][gc,phases      ] GC(138)   VM Weak                        Min:  0.0, Avg:  0.0, Max:  0.0, Diff:  0.0, Sum:  0.0, Workers: 4
[2982.197s][debug][gc,phases      ] GC(138)     Dead                           Min: 0, Avg:  0.0, Max: 0, Diff: 0, Sum: 0, Workers: 4
[2982.197s][debug][gc,phases      ] GC(138)     Total                          Min: 0, Avg: 260.0, Max: 592, Diff: 592, Sum: 1040, Workers: 4
[2982.197s][debug][gc,phases      ] GC(138)   ObjectSynchronizer Weak        Min:  0.0, Avg:  0.0, Max:  0.0, Diff:  0.0, Sum:  0.0, Workers: 4
[2982.197s][debug][gc,phases      ] GC(138)     Dead                           Min: 0, Avg:  0.0, Max: 0, Diff: 0, Sum: 0, Workers: 4
[2982.197s][debug][gc,phases      ] GC(138)     Total                          Min: 0, Avg:  0.8, Max: 3, Diff: 3, Sum: 3, Workers: 4
[2982.197s][debug][gc,phases      ] GC(138)   JVMTI Tag Weak OopStorage      Min:  0.0, Avg:  0.0, Max:  0.0, Diff:  0.0, Sum:  0.0, Workers: 4
[2982.197s][debug][gc,phases      ] GC(138)     Dead                           Min: 0, Avg:  0.0, Max: 0, Diff: 0, Sum: 0, Workers: 4
[2982.197s][debug][gc,phases      ] GC(138)     Total                          Min: 0, Avg:  0.0, Max: 0, Diff: 0, Sum: 0, Workers: 4
[2982.197s][debug][gc,phases      ] GC(138)   StringTable Weak               Min:  0.0, Avg:  0.1, Max:  0.3, Diff:  0.3, Sum:  0.5, Workers: 4
[2982.197s][debug][gc,phases      ] GC(138)     Dead                           Min: 0, Avg:  0.0, Max: 0, Diff: 0, Sum: 0, Workers: 4
[2982.197s][debug][gc,phases      ] GC(138)     Total                          Min: 0, Avg: 11944.8, Max: 25251, Diff: 25251, Sum: 47779, Workers: 4
[2982.197s][debug][gc,phases      ] GC(138)   ResolvedMethodTable Weak       Min:  0.0, Avg:  0.0, Max:  0.1, Diff:  0.1, Sum:  0.2, Workers: 4
[2982.197s][debug][gc,phases      ] GC(138)     Dead                           Min: 0, Avg:  4.0, Max: 16, Diff: 16, Sum: 16, Workers: 4
[2982.197s][debug][gc,phases      ] GC(138)     Total                          Min: 0, Avg: 3909.2, Max: 8030, Diff: 8030, Sum: 15637, Workers: 4
[2982.197s][debug][gc,phases      ] GC(138)   JNI Weak                       Min:  0.0, Avg:  0.0, Max:  0.0, Diff:  0.0, Sum:  0.0, Workers: 4
[2982.197s][debug][gc,phases      ] GC(138)     Dead                           Min: 0, Avg:  0.0, Max: 0, Diff: 0, Sum: 0, Workers: 4
[2982.197s][debug][gc,phases      ] GC(138)     Total                          Min: 0, Avg: 13.0, Max: 48, Diff: 48, Sum: 52, Workers: 4
[2982.197s][debug][gc,phases      ] GC(138)   StringDedup Table Weak         Min:  0.0, Avg:  0.0, Max:  0.0, Diff:  0.0, Sum:  0.0, Workers: 4
[2982.197s][debug][gc,phases      ] GC(138)     Dead                           Min: 0, Avg:  0.0, Max: 0, Diff: 0, Sum: 0, Workers: 4
[2982.197s][debug][gc,phases      ] GC(138)     Total                          Min: 0, Avg:  0.0, Max: 0, Diff: 0, Sum: 0, Workers: 4
[2982.197s][debug][gc,phases      ] GC(138)   StringDedup Requests0 Weak     Min:  0.0, Avg:  0.0, Max:  0.0, Diff:  0.0, Sum:  0.0, Workers: 4
[2982.197s][debug][gc,phases      ] GC(138)     Dead                           Min: 0, Avg:  0.0, Max: 0, Diff: 0, Sum: 0, Workers: 4
[2982.197s][debug][gc,phases      ] GC(138)     Total                          Min: 0, Avg:  0.0, Max: 0, Diff: 0, Sum: 0, Workers: 4
[2982.197s][debug][gc,phases      ] GC(138)   StringDedup Requests1 Weak     Min:  0.0, Avg:  0.0, Max:  0.0, Diff:  0.0, Sum:  0.0, Workers: 4
[2982.197s][debug][gc,phases      ] GC(138)     Dead                           Min: 0, Avg:  0.0, Max: 0, Diff: 0, Sum: 0, Workers: 4
[2982.197s][debug][gc,phases      ] GC(138)     Total                          Min: 0, Avg:  0.0, Max: 0, Diff: 0, Sum: 0, Workers: 4
[2982.197s][debug][gc,phases      ] GC(138)   Weak JFR Old Object Samples    Min:  0.0, Avg:  0.0, Max:  0.0, Diff:  0.0, Sum:  0.0, Workers: 4
[2982.197s][debug][gc,phases      ] GC(138)     Dead                           Min: 0, Avg:  0.0, Max: 0, Diff: 0, Sum: 0, Workers: 4
[2982.197s][debug][gc,phases      ] GC(138)     Total                          Min: 0, Avg:  0.0, Max: 0, Diff: 0, Sum: 0, Workers: 4
[2982.197s][debug][gc,phases      ] GC(138) Weak Processing 0.659ms
[2982.197s][debug][gc,age         ] GC(138) Desired survivor size 8912896 bytes, new threshold 1 (max threshold 15)
[2982.197s][info ][gc,heap        ] GC(138) PSYoungGen: 2084713K(2088448K)->4752K(2087936K) Eden: 2079232K(2079232K)->0K(2079232K) From: 5481K(9216K)->4752K(8704K)
[2982.197s][info ][gc,heap        ] GC(138) ParOldGen: 414599K(414720K)->416185K(416256K)
[2982.197s][info ][gc,metaspace   ] GC(138) Metaspace: 111418K(112832K)->111418K(112832K) NonClass: 94880K(95680K)->94880K(95680K) Class: 16538K(17152K)->16538K(17152K)
[2982.197s][info ][gc             ] GC(138) Pause Young (Allocation Failure) 2440M->411M(2445M) 8.243ms
[2982.197s][info ][gc,cpu         ] GC(138) User=0.02s Sys=0.00s Real=0.01s
[2982.197s][info ][safepoint      ] Safepoint "ParallelGCFailedAllocation", Time since last: 4830205295 ns, Reaching safepoint: 9300 ns, Cleanup: 4501 ns, At safepoint: 8340451 ns, Total: 8354252 ns
[2987.204s][info ][safepoint      ] Safepoint "Cleanup", Time since last: 5000442901 ns, Reaching safepoint: 6129087 ns, Cleanup: 15801 ns, At safepoint: 15300 ns, Total: 6160188 ns
[3005.294s][info ][safepoint      ] Safepoint "Cleanup", Time since last: 18089829768 ns, Reaching safepoint: 101504 ns, Cleanup: 15901 ns, At safepoint: 8100 ns, Total: 125505 ns
[3006.166s][info ][gc,start       ] GC(139) Pause Young (Allocation Failure)
[3006.180s][debug][gc,phases      ] GC(139) Scavenge 14.144ms
[3006.180s][debug][gc,ref         ] GC(139) ReferenceProcessor::execute queues: 1, RefProcThreadModel::Single, marks_oops_alive: false
[3006.180s][debug][gc,ref         ] GC(139) Skipped KeepAliveFinalRefsPhase of Reference Processing: no references
[3006.180s][debug][gc,ref         ] GC(139) Skipped PhantomRefsPhase of Reference Processing: no references
[3006.180s][debug][gc,phases      ] GC(139) Reference Processing 0.145ms
[3006.180s][debug][gc,phases      ] GC(139)   VM Weak                        Min:  0.0, Avg:  0.0, Max:  0.0, Diff:  0.0, Sum:  0.0, Workers: 4
[3006.180s][debug][gc,phases      ] GC(139)     Dead                           Min: 0, Avg:  0.0, Max: 0, Diff: 0, Sum: 0, Workers: 4
[3006.180s][debug][gc,phases      ] GC(139)     Total                          Min: 0, Avg: 260.0, Max: 576, Diff: 576, Sum: 1040, Workers: 4
[3006.180s][debug][gc,phases      ] GC(139)   ObjectSynchronizer Weak        Min:  0.0, Avg:  0.0, Max:  0.0, Diff:  0.0, Sum:  0.0, Workers: 4
[3006.180s][debug][gc,phases      ] GC(139)     Dead                           Min: 0, Avg:  0.0, Max: 0, Diff: 0, Sum: 0, Workers: 4
[3006.180s][debug][gc,phases      ] GC(139)     Total                          Min: 0, Avg:  0.8, Max: 3, Diff: 3, Sum: 3, Workers: 4
[3006.180s][debug][gc,phases      ] GC(139)   JVMTI Tag Weak OopStorage      Min:  0.0, Avg:  0.0, Max:  0.0, Diff:  0.0, Sum:  0.0, Workers: 4
[3006.180s][debug][gc,phases      ] GC(139)     Dead                           Min: 0, Avg:  0.0, Max: 0, Diff: 0, Sum: 0, Workers: 4
[3006.180s][debug][gc,phases      ] GC(139)     Total                          Min: 0, Avg:  0.0, Max: 0, Diff: 0, Sum: 0, Workers: 4
[3006.180s][debug][gc,phases      ] GC(139)   StringTable Weak               Min:  0.0, Avg:  0.1, Max:  0.2, Diff:  0.2, Sum:  0.5, Workers: 4
[3006.180s][debug][gc,phases      ] GC(139)     Dead                           Min: 0, Avg:  0.0, Max: 0, Diff: 0, Sum: 0, Workers: 4
[3006.180s][debug][gc,phases      ] GC(139)     Total                          Min: 0, Avg: 11944.8, Max: 24064, Diff: 24064, Sum: 47779, Workers: 4
[3006.180s][debug][gc,phases      ] GC(139)   ResolvedMethodTable Weak       Min:  0.0, Avg:  0.0, Max:  0.1, Diff:  0.1, Sum:  0.2, Workers: 4
[3006.180s][debug][gc,phases      ] GC(139)     Dead                           Min: 0, Avg:  4.0, Max: 16, Diff: 16, Sum: 16, Workers: 4
[3006.180s][debug][gc,phases      ] GC(139)     Total                          Min: 0, Avg: 3909.2, Max: 7926, Diff: 7926, Sum: 15637, Workers: 4
[3006.180s][debug][gc,phases      ] GC(139)   JNI Weak                       Min:  0.0, Avg:  0.0, Max:  0.0, Diff:  0.0, Sum:  0.0, Workers: 4
[3006.180s][debug][gc,phases      ] GC(139)     Dead                           Min: 0, Avg:  0.0, Max: 0, Diff: 0, Sum: 0, Workers: 4
[3006.180s][debug][gc,phases      ] GC(139)     Total                          Min: 0, Avg: 13.0, Max: 48, Diff: 48, Sum: 52, Workers: 4
[3006.181s][debug][gc,phases      ] GC(139)   StringDedup Table Weak         Min:  0.0, Avg:  0.0, Max:  0.0, Diff:  0.0, Sum:  0.0, Workers: 4
[3006.181s][debug][gc,phases      ] GC(139)     Dead                           Min: 0, Avg:  0.0, Max: 0, Diff: 0, Sum: 0, Workers: 4
[3006.181s][debug][gc,phases      ] GC(139)     Total                          Min: 0, Avg:  0.0, Max: 0, Diff: 0, Sum: 0, Workers: 4
[3006.181s][debug][gc,phases      ] GC(139)   StringDedup Requests0 Weak     Min:  0.0, Avg:  0.0, Max:  0.0, Diff:  0.0, Sum:  0.0, Workers: 4
[3006.181s][debug][gc,phases      ] GC(139)     Dead                           Min: 0, Avg:  0.0, Max: 0, Diff: 0, Sum: 0, Workers: 4
[3006.181s][debug][gc,phases      ] GC(139)     Total                          Min: 0, Avg:  0.0, Max: 0, Diff: 0, Sum: 0, Workers: 4
[3006.181s][debug][gc,phases      ] GC(139)   StringDedup Requests1 Weak     Min:  0.0, Avg:  0.0, Max:  0.0, Diff:  0.0, Sum:  0.0, Workers: 4
[3006.181s][debug][gc,phases      ] GC(139)     Dead                           Min: 0, Avg:  0.0, Max: 0, Diff: 0, Sum: 0, Workers: 4
[3006.181s][debug][gc,phases      ] GC(139)     Total                          Min: 0, Avg:  0.0, Max: 0, Diff: 0, Sum: 0, Workers: 4
[3006.181s][debug][gc,phases      ] GC(139)   Weak JFR Old Object Samples    Min:  0.0, Avg:  0.0, Max:  0.0, Diff:  0.0, Sum:  0.0, Workers: 4
[3006.181s][debug][gc,phases      ] GC(139)     Dead                           Min: 0, Avg:  0.0, Max: 0, Diff: 0, Sum: 0, Workers: 4
[3006.181s][debug][gc,phases      ] GC(139)     Total                          Min: 0, Avg:  0.0, Max: 0, Diff: 0, Sum: 0, Workers: 4
[3006.181s][debug][gc,phases      ] GC(139) Weak Processing 0.607ms
[3006.181s][debug][gc,age         ] GC(139) Desired survivor size 8912896 bytes, new threshold 1 (max threshold 15)
[3006.181s][info ][gc,heap        ] GC(139) PSYoungGen: 2083984K(2087936K)->6016K(2088448K) Eden: 2079232K(2079232K)->0K(2079744K) From: 4752K(8704K)->6016K(8704K)
[3006.181s][info ][gc,heap        ] GC(139) ParOldGen: 416185K(416256K)->416941K(417280K)
[3006.181s][info ][gc,metaspace   ] GC(139) Metaspace: 111427K(112832K)->111427K(112832K) NonClass: 94889K(95680K)->94889K(95680K) Class: 16538K(17152K)->16538K(17152K)
[3006.181s][info ][gc             ] GC(139) Pause Young (Allocation Failure) 2441M->413M(2447M) 15.105ms
[3006.181s][info ][gc,cpu         ] GC(139) User=0.01s Sys=0.00s Real=0.01s
[3006.181s][info ][safepoint      ] Safepoint "ParallelGCFailedAllocation", Time since last: 871800940 ns, Reaching safepoint: 11500 ns, Cleanup: 4900 ns, At safepoint: 15209029 ns, Total: 15225429 ns
[3007.181s][info ][safepoint      ] Safepoint "Cleanup", Time since last: 1000110470 ns, Reaching safepoint: 10900 ns, Cleanup: 16201 ns, At safepoint: 2900 ns, Total: 30001 ns
[3008.181s][info ][safepoint      ] Safepoint "Cleanup", Time since last: 1000131043 ns, Reaching safepoint: 12101 ns, Cleanup: 15300 ns, At safepoint: 3100 ns, Total: 30501 ns
[3019.182s][info ][safepoint      ] Safepoint "Cleanup", Time since last: 11000927201 ns, Reaching safepoint: 15300 ns, Cleanup: 16501 ns, At safepoint: 3400 ns, Total: 35201 ns
[3022.182s][info ][safepoint      ] Safepoint "Cleanup", Time since last: 3000306448 ns, Reaching safepoint: 11201 ns, Cleanup: 15000 ns, At safepoint: 3400 ns, Total: 29601 ns
[3023.183s][info ][safepoint      ] Safepoint "Cleanup", Time since last: 1000158018 ns, Reaching safepoint: 15401 ns, Cleanup: 33601 ns, At safepoint: 2800 ns, Total: 51802 ns
[3026.183s][info ][safepoint      ] Safepoint "Cleanup", Time since last: 3000295247 ns, Reaching safepoint: 12901 ns, Cleanup: 15200 ns, At safepoint: 3301 ns, Total: 31402 ns
[3027.183s][info ][safepoint      ] Safepoint "Cleanup", Time since last: 1000139851 ns, Reaching safepoint: 13700 ns, Cleanup: 16501 ns, At safepoint: 3100 ns, Total: 33301 ns
[3028.183s][info ][safepoint      ] Safepoint "Cleanup", Time since last: 1000153204 ns, Reaching safepoint: 13800 ns, Cleanup: 16201 ns, At safepoint: 2900 ns, Total: 32901 ns
[3030.142s][info ][gc,start       ] GC(140) Pause Young (Allocation Failure)
[3030.148s][debug][gc,phases      ] GC(140) Scavenge 6.559ms
[3030.148s][debug][gc,ref         ] GC(140) ReferenceProcessor::execute queues: 1, RefProcThreadModel::Single, marks_oops_alive: false
[3030.148s][debug][gc,ref         ] GC(140) Skipped KeepAliveFinalRefsPhase of Reference Processing: no references
[3030.148s][debug][gc,ref         ] GC(140) ReferenceProcessor::execute queues: 1, RefProcThreadModel::Single, marks_oops_alive: false
[3030.148s][debug][gc,phases      ] GC(140) Reference Processing 0.124ms
[3030.149s][debug][gc,phases      ] GC(140)   VM Weak                        Min:  0.0, Avg:  0.0, Max:  0.0, Diff:  0.0, Sum:  0.0, Workers: 4
[3030.149s][debug][gc,phases      ] GC(140)     Dead                           Min: 0, Avg:  0.0, Max: 0, Diff: 0, Sum: 0, Workers: 4
[3030.149s][debug][gc,phases      ] GC(140)     Total                          Min: 0, Avg: 260.0, Max: 784, Diff: 784, Sum: 1040, Workers: 4
[3030.149s][debug][gc,phases      ] GC(140)   ObjectSynchronizer Weak        Min:  0.0, Avg:  0.0, Max:  0.0, Diff:  0.0, Sum:  0.0, Workers: 4
[3030.149s][debug][gc,phases      ] GC(140)     Dead                           Min: 0, Avg:  0.0, Max: 0, Diff: 0, Sum: 0, Workers: 4
[3030.149s][debug][gc,phases      ] GC(140)     Total                          Min: 0, Avg:  1.0, Max: 4, Diff: 4, Sum: 4, Workers: 4
[3030.149s][debug][gc,phases      ] GC(140)   JVMTI Tag Weak OopStorage      Min:  0.0, Avg:  0.0, Max:  0.0, Diff:  0.0, Sum:  0.0, Workers: 4
[3030.149s][debug][gc,phases      ] GC(140)     Dead                           Min: 0, Avg:  0.0, Max: 0, Diff: 0, Sum: 0, Workers: 4
[3030.149s][debug][gc,phases      ] GC(140)     Total                          Min: 0, Avg:  0.0, Max: 0, Diff: 0, Sum: 0, Workers: 4
[3030.149s][debug][gc,phases      ] GC(140)   StringTable Weak               Min:  0.0, Avg:  0.1, Max:  0.2, Diff:  0.2, Sum:  0.4, Workers: 4
[3030.149s][debug][gc,phases      ] GC(140)     Dead                           Min: 0, Avg:  0.0, Max: 0, Diff: 0, Sum: 0, Workers: 4
[3030.149s][debug][gc,phases      ] GC(140)     Total                          Min: 0, Avg: 11945.0, Max: 25408, Diff: 25408, Sum: 47780, Workers: 4
[3030.149s][debug][gc,phases      ] GC(140)   ResolvedMethodTable Weak       Min:  0.0, Avg:  0.0, Max:  0.1, Diff:  0.1, Sum:  0.1, Workers: 4
[3030.149s][debug][gc,phases      ] GC(140)     Dead                           Min: 0, Avg:  4.0, Max: 16, Diff: 16, Sum: 16, Workers: 4
[3030.149s][debug][gc,phases      ] GC(140)     Total                          Min: 0, Avg: 3909.2, Max: 7849, Diff: 7849, Sum: 15637, Workers: 4
[3030.149s][debug][gc,phases      ] GC(140)   JNI Weak                       Min:  0.0, Avg:  0.0, Max:  0.0, Diff:  0.0, Sum:  0.0, Workers: 4
[3030.149s][debug][gc,phases      ] GC(140)     Dead                           Min: 0, Avg:  0.0, Max: 0, Diff: 0, Sum: 0, Workers: 4
[3030.149s][debug][gc,phases      ] GC(140)     Total                          Min: 0, Avg: 13.0, Max: 48, Diff: 48, Sum: 52, Workers: 4
[3030.149s][debug][gc,phases      ] GC(140)   StringDedup Table Weak         Min:  0.0, Avg:  0.0, Max:  0.0, Diff:  0.0, Sum:  0.0, Workers: 4
[3030.149s][debug][gc,phases      ] GC(140)     Dead                           Min: 0, Avg:  0.0, Max: 0, Diff: 0, Sum: 0, Workers: 4
[3030.149s][debug][gc,phases      ] GC(140)     Total                          Min: 0, Avg:  0.0, Max: 0, Diff: 0, Sum: 0, Workers: 4
[3030.149s][debug][gc,phases      ] GC(140)   StringDedup Requests0 Weak     Min:  0.0, Avg:  0.0, Max:  0.0, Diff:  0.0, Sum:  0.0, Workers: 4
[3030.149s][debug][gc,phases      ] GC(140)     Dead                           Min: 0, Avg:  0.0, Max: 0, Diff: 0, Sum: 0, Workers: 4
[3030.149s][debug][gc,phases      ] GC(140)     Total                          Min: 0, Avg:  0.0, Max: 0, Diff: 0, Sum: 0, Workers: 4
[3030.149s][debug][gc,phases      ] GC(140)   StringDedup Requests1 Weak     Min:  0.0, Avg:  0.0, Max:  0.0, Diff:  0.0, Sum:  0.0, Workers: 4
[3030.149s][debug][gc,phases      ] GC(140)     Dead                           Min: 0, Avg:  0.0, Max: 0, Diff: 0, Sum: 0, Workers: 4
[3030.149s][debug][gc,phases      ] GC(140)     Total                          Min: 0, Avg:  0.0, Max: 0, Diff: 0, Sum: 0, Workers: 4
[3030.149s][debug][gc,phases      ] GC(140)   Weak JFR Old Object Samples    Min:  0.0, Avg:  0.0, Max:  0.0, Diff:  0.0, Sum:  0.0, Workers: 4
[3030.149s][debug][gc,phases      ] GC(140)     Dead                           Min: 0, Avg:  0.0, Max: 0, Diff: 0, Sum: 0, Workers: 4
[3030.149s][debug][gc,phases      ] GC(140)     Total                          Min: 0, Avg:  0.0, Max: 0, Diff: 0, Sum: 0, Workers: 4
[3030.149s][debug][gc,phases      ] GC(140) Weak Processing 0.540ms
[3030.149s][debug][gc,age         ] GC(140) Desired survivor size 8388608 bytes, new threshold 1 (max threshold 15)
[3030.149s][info ][gc,heap        ] GC(140) PSYoungGen: 2085760K(2088448K)->5696K(2088448K) Eden: 2079744K(2079744K)->0K(2079744K) From: 6016K(8704K)->5696K(8704K)
[3030.149s][info ][gc,heap        ] GC(140) ParOldGen: 416941K(417280K)->418181K(418304K)
[3030.149s][info ][gc,metaspace   ] GC(140) Metaspace: 111439K(112832K)->111439K(112832K) NonClass: 94901K(95680K)->94901K(95680K) Class: 16538K(17152K)->16538K(17152K)
[3030.149s][info ][gc             ] GC(140) Pause Young (Allocation Failure) 2444M->413M(2448M) 7.391ms
[3030.149s][info ][gc,cpu         ] GC(140) User=0.02s Sys=0.01s Real=0.01s
[3030.149s][info ][safepoint      ] Safepoint "ParallelGCFailedAllocation", Time since last: 1958165887 ns, Reaching safepoint: 87403 ns, Cleanup: 5300 ns, At safepoint: 7491253 ns, Total: 7583956 ns
[3055.104s][info ][gc,start       ] GC(141) Pause Young (Allocation Failure)
[3055.112s][debug][gc,phases      ] GC(141) Scavenge 8.043ms
[3055.112s][debug][gc,ref         ] GC(141) ReferenceProcessor::execute queues: 1, RefProcThreadModel::Single, marks_oops_alive: false
[3055.112s][debug][gc,ref         ] GC(141) Skipped KeepAliveFinalRefsPhase of Reference Processing: no references
[3055.112s][debug][gc,ref         ] GC(141) ReferenceProcessor::execute queues: 1, RefProcThreadModel::Single, marks_oops_alive: false
[3055.112s][debug][gc,phases      ] GC(141) Reference Processing 0.120ms
[3055.112s][debug][gc,phases      ] GC(141)   VM Weak                        Min:  0.0, Avg:  0.0, Max:  0.0, Diff:  0.0, Sum:  0.0, Workers: 4
[3055.112s][debug][gc,phases      ] GC(141)     Dead                           Min: 0, Avg:  0.0, Max: 0, Diff: 0, Sum: 0, Workers: 4
[3055.112s][debug][gc,phases      ] GC(141)     Total                          Min: 0, Avg: 260.0, Max: 768, Diff: 768, Sum: 1040, Workers: 4
[3055.112s][debug][gc,phases      ] GC(141)   ObjectSynchronizer Weak        Min:  0.0, Avg:  0.0, Max:  0.0, Diff:  0.0, Sum:  0.0, Workers: 4
[3055.112s][debug][gc,phases      ] GC(141)     Dead                           Min: 0, Avg:  0.0, Max: 0, Diff: 0, Sum: 0, Workers: 4
[3055.112s][debug][gc,phases      ] GC(141)     Total                          Min: 0, Avg:  1.0, Max: 4, Diff: 4, Sum: 4, Workers: 4
[3055.113s][debug][gc,phases      ] GC(141)   JVMTI Tag Weak OopStorage      Min:  0.0, Avg:  0.0, Max:  0.0, Diff:  0.0, Sum:  0.0, Workers: 4
[3055.113s][debug][gc,phases      ] GC(141)     Dead                           Min: 0, Avg:  0.0, Max: 0, Diff: 0, Sum: 0, Workers: 4
[3055.113s][debug][gc,phases      ] GC(141)     Total                          Min: 0, Avg:  0.0, Max: 0, Diff: 0, Sum: 0, Workers: 4
[3055.113s][debug][gc,phases      ] GC(141)   StringTable Weak               Min:  0.0, Avg:  0.1, Max:  0.2, Diff:  0.2, Sum:  0.5, Workers: 4
[3055.113s][debug][gc,phases      ] GC(141)     Dead                           Min: 0, Avg:  0.0, Max: 0, Diff: 0, Sum: 0, Workers: 4
[3055.113s][debug][gc,phases      ] GC(141)     Total                          Min: 0, Avg: 11945.0, Max: 24996, Diff: 24996, Sum: 47780, Workers: 4
[3055.113s][debug][gc,phases      ] GC(141)   ResolvedMethodTable Weak       Min:  0.0, Avg:  0.0, Max:  0.1, Diff:  0.1, Sum:  0.2, Workers: 4
[3055.113s][debug][gc,phases      ] GC(141)     Dead                           Min: 0, Avg:  4.0, Max: 16, Diff: 16, Sum: 16, Workers: 4
[3055.113s][debug][gc,phases      ] GC(141)     Total                          Min: 0, Avg: 3909.2, Max: 7988, Diff: 7988, Sum: 15637, Workers: 4
[3055.113s][debug][gc,phases      ] GC(141)   JNI Weak                       Min:  0.0, Avg:  0.0, Max:  0.0, Diff:  0.0, Sum:  0.0, Workers: 4
[3055.113s][debug][gc,phases      ] GC(141)     Dead                           Min: 0, Avg:  0.0, Max: 0, Diff: 0, Sum: 0, Workers: 4
[3055.113s][debug][gc,phases      ] GC(141)     Total                          Min: 0, Avg: 13.0, Max: 48, Diff: 48, Sum: 52, Workers: 4
[3055.113s][debug][gc,phases      ] GC(141)   StringDedup Table Weak         Min:  0.0, Avg:  0.0, Max:  0.0, Diff:  0.0, Sum:  0.0, Workers: 4
[3055.113s][debug][gc,phases      ] GC(141)     Dead                           Min: 0, Avg:  0.0, Max: 0, Diff: 0, Sum: 0, Workers: 4
[3055.113s][debug][gc,phases      ] GC(141)     Total                          Min: 0, Avg:  0.0, Max: 0, Diff: 0, Sum: 0, Workers: 4
[3055.113s][debug][gc,phases      ] GC(141)   StringDedup Requests0 Weak     Min:  0.0, Avg:  0.0, Max:  0.0, Diff:  0.0, Sum:  0.0, Workers: 4
[3055.113s][debug][gc,phases      ] GC(141)     Dead                           Min: 0, Avg:  0.0, Max: 0, Diff: 0, Sum: 0, Workers: 4
[3055.113s][debug][gc,phases      ] GC(141)     Total                          Min: 0, Avg:  0.0, Max: 0, Diff: 0, Sum: 0, Workers: 4
[3055.113s][debug][gc,phases      ] GC(141)   StringDedup Requests1 Weak     Min:  0.0, Avg:  0.0, Max:  0.0, Diff:  0.0, Sum:  0.0, Workers: 4
[3055.113s][debug][gc,phases      ] GC(141)     Dead                           Min: 0, Avg:  0.0, Max: 0, Diff: 0, Sum: 0, Workers: 4
[3055.113s][debug][gc,phases      ] GC(141)     Total                          Min: 0, Avg:  0.0, Max: 0, Diff: 0, Sum: 0, Workers: 4
[3055.113s][debug][gc,phases      ] GC(141)   Weak JFR Old Object Samples    Min:  0.0, Avg:  0.0, Max:  0.0, Diff:  0.0, Sum:  0.0, Workers: 4
[3055.113s][debug][gc,phases      ] GC(141)     Dead                           Min: 0, Avg:  0.0, Max: 0, Diff: 0, Sum: 0, Workers: 4
[3055.113s][debug][gc,phases      ] GC(141)     Total                          Min: 0, Avg:  0.0, Max: 0, Diff: 0, Sum: 0, Workers: 4
[3055.113s][debug][gc,phases      ] GC(141) Weak Processing 0.586ms
[3055.113s][debug][gc,age         ] GC(141) Desired survivor size 8388608 bytes, new threshold 1 (max threshold 15)
[3055.113s][info ][gc,heap        ] GC(141) PSYoungGen: 2085440K(2088448K)->4944K(2088960K) Eden: 2079744K(2079744K)->0K(2080768K) From: 5696K(8704K)->4944K(8192K)
[3055.113s][info ][gc,heap        ] GC(141) ParOldGen: 418181K(418304K)->419401K(419840K)
[3055.113s][info ][gc,metaspace   ] GC(141) Metaspace: 111467K(112896K)->111467K(112896K) NonClass: 94929K(95744K)->94929K(95744K) Class: 16538K(17152K)->16538K(17152K)
[3055.113s][info ][gc             ] GC(141) Pause Young (Allocation Failure) 2444M->414M(2450M) 8.923ms
[3055.113s][info ][gc,cpu         ] GC(141) User=0.02s Sys=0.00s Real=0.01s
[3055.113s][info ][safepoint      ] Safepoint "ParallelGCFailedAllocation", Time since last: 24954755550 ns, Reaching safepoint: 13100 ns, Cleanup: 6000 ns, At safepoint: 9016205 ns, Total: 9035305 ns
[3067.324s][info ][safepoint      ] Safepoint "Cleanup", Time since last: 12211527184 ns, Reaching safepoint: 9201 ns, Cleanup: 10700 ns, At safepoint: 2700 ns, Total: 22601 ns
[3069.325s][info ][safepoint      ] Safepoint "Cleanup", Time since last: 2000194476 ns, Reaching safepoint: 12200 ns, Cleanup: 14801 ns, At safepoint: 3000 ns, Total: 30001 ns
[3080.472s][info ][gc,start       ] GC(142) Pause Young (Allocation Failure)
[3080.477s][debug][gc,phases      ] GC(142) Scavenge 5.157ms
[3080.478s][debug][gc,ref         ] GC(142) ReferenceProcessor::execute queues: 1, RefProcThreadModel::Single, marks_oops_alive: false
[3080.478s][debug][gc,ref         ] GC(142) Skipped KeepAliveFinalRefsPhase of Reference Processing: no references
[3080.478s][debug][gc,ref         ] GC(142) Skipped PhantomRefsPhase of Reference Processing: no references
[3080.478s][debug][gc,phases      ] GC(142) Reference Processing 0.116ms
[3080.478s][debug][gc,phases      ] GC(142)   VM Weak                        Min:  0.0, Avg:  0.0, Max:  0.0, Diff:  0.0, Sum:  0.0, Workers: 4
[3080.478s][debug][gc,phases      ] GC(142)     Dead                           Min: 0, Avg:  0.0, Max: 0, Diff: 0, Sum: 0, Workers: 4
[3080.478s][debug][gc,phases      ] GC(142)     Total                          Min: 0, Avg: 260.0, Max: 528, Diff: 528, Sum: 1040, Workers: 4
[3080.478s][debug][gc,phases      ] GC(142)   ObjectSynchronizer Weak        Min:  0.0, Avg:  0.0, Max:  0.0, Diff:  0.0, Sum:  0.0, Workers: 4
[3080.478s][debug][gc,phases      ] GC(142)     Dead                           Min: 0, Avg:  0.0, Max: 0, Diff: 0, Sum: 0, Workers: 4
[3080.478s][debug][gc,phases      ] GC(142)     Total                          Min: 0, Avg:  1.0, Max: 4, Diff: 4, Sum: 4, Workers: 4
[3080.478s][debug][gc,phases      ] GC(142)   JVMTI Tag Weak OopStorage      Min:  0.0, Avg:  0.0, Max:  0.0, Diff:  0.0, Sum:  0.0, Workers: 4
[3080.478s][debug][gc,phases      ] GC(142)     Dead                           Min: 0, Avg:  0.0, Max: 0, Diff: 0, Sum: 0, Workers: 4
[3080.478s][debug][gc,phases      ] GC(142)     Total                          Min: 0, Avg:  0.0, Max: 0, Diff: 0, Sum: 0, Workers: 4
[3080.478s][debug][gc,phases      ] GC(142)   StringTable Weak               Min:  0.1, Avg:  0.1, Max:  0.1, Diff:  0.0, Sum:  0.5, Workers: 4
[3080.478s][debug][gc,phases      ] GC(142)     Dead                           Min: 0, Avg:  0.0, Max: 0, Diff: 0, Sum: 0, Workers: 4
[3080.478s][debug][gc,phases      ] GC(142)     Total                          Min: 10368, Avg: 11945.0, Max: 13604, Diff: 3236, Sum: 47780, Workers: 4
[3080.478s][debug][gc,phases      ] GC(142)   ResolvedMethodTable Weak       Min:  0.0, Avg:  0.0, Max:  0.0, Diff:  0.0, Sum:  0.2, Workers: 4
[3080.478s][debug][gc,phases      ] GC(142)     Dead                           Min: 0, Avg:  4.0, Max: 16, Diff: 16, Sum: 16, Workers: 4
[3080.478s][debug][gc,phases      ] GC(142)     Total                          Min: 3760, Avg: 3909.2, Max: 4032, Diff: 272, Sum: 15637, Workers: 4
[3080.478s][debug][gc,phases      ] GC(142)   JNI Weak                       Min:  0.0, Avg:  0.0, Max:  0.0, Diff:  0.0, Sum:  0.0, Workers: 4
[3080.478s][debug][gc,phases      ] GC(142)     Dead                           Min: 0, Avg:  0.0, Max: 0, Diff: 0, Sum: 0, Workers: 4
[3080.478s][debug][gc,phases      ] GC(142)     Total                          Min: 0, Avg: 13.0, Max: 48, Diff: 48, Sum: 52, Workers: 4
[3080.478s][debug][gc,phases      ] GC(142)   StringDedup Table Weak         Min:  0.0, Avg:  0.0, Max:  0.0, Diff:  0.0, Sum:  0.0, Workers: 4
[3080.478s][debug][gc,phases      ] GC(142)     Dead                           Min: 0, Avg:  0.0, Max: 0, Diff: 0, Sum: 0, Workers: 4
[3080.478s][debug][gc,phases      ] GC(142)     Total                          Min: 0, Avg:  0.0, Max: 0, Diff: 0, Sum: 0, Workers: 4
[3080.478s][debug][gc,phases      ] GC(142)   StringDedup Requests0 Weak     Min:  0.0, Avg:  0.0, Max:  0.0, Diff:  0.0, Sum:  0.0, Workers: 4
[3080.478s][debug][gc,phases      ] GC(142)     Dead                           Min: 0, Avg:  0.0, Max: 0, Diff: 0, Sum: 0, Workers: 4
[3080.478s][debug][gc,phases      ] GC(142)     Total                          Min: 0, Avg:  0.0, Max: 0, Diff: 0, Sum: 0, Workers: 4
[3080.478s][debug][gc,phases      ] GC(142)   StringDedup Requests1 Weak     Min:  0.0, Avg:  0.0, Max:  0.0, Diff:  0.0, Sum:  0.0, Workers: 4
[3080.478s][debug][gc,phases      ] GC(142)     Dead                           Min: 0, Avg:  0.0, Max: 0, Diff: 0, Sum: 0, Workers: 4
[3080.478s][debug][gc,phases      ] GC(142)     Total                          Min: 0, Avg:  0.0, Max: 0, Diff: 0, Sum: 0, Workers: 4
[3080.478s][debug][gc,phases      ] GC(142)   Weak JFR Old Object Samples    Min:  0.0, Avg:  0.0, Max:  0.0, Diff:  0.0, Sum:  0.0, Workers: 4
[3080.478s][debug][gc,phases      ] GC(142)     Dead                           Min: 0, Avg:  0.0, Max: 0, Diff: 0, Sum: 0, Workers: 4
[3080.478s][debug][gc,phases      ] GC(142)     Total                          Min: 0, Avg:  0.0, Max: 0, Diff: 0, Sum: 0, Workers: 4
[3080.478s][debug][gc,phases      ] GC(142) Weak Processing 0.446ms
[3080.478s][debug][gc,age         ] GC(142) Desired survivor size 8388608 bytes, new threshold 1 (max threshold 15)
[3080.478s][info ][gc,heap        ] GC(142) PSYoungGen: 2085712K(2088960K)->5408K(2088960K) Eden: 2080768K(2080768K)->0K(2080768K) From: 4944K(8192K)->5408K(8192K)
[3080.478s][info ][gc,heap        ] GC(142) ParOldGen: 419401K(419840K)->420189K(420352K)
[3080.478s][info ][gc,metaspace   ] GC(142) Metaspace: 111468K(112896K)->111468K(112896K) NonClass: 94930K(95744K)->94930K(95744K) Class: 16538K(17152K)->16538K(17152K)
[3080.478s][info ][gc             ] GC(142) Pause Young (Allocation Failure) 2446M->415M(2450M) 5.862ms
[3080.478s][info ][gc,cpu         ] GC(142) User=0.02s Sys=0.00s Real=0.00s
[3080.478s][info ][safepoint      ] Safepoint "ParallelGCFailedAllocation", Time since last: 11147614084 ns, Reaching safepoint: 11301 ns, Cleanup: 4600 ns, At safepoint: 5948903 ns, Total: 5964804 ns
[3094.480s][info ][safepoint      ] Safepoint "Cleanup", Time since last: 14001528278 ns, Reaching safepoint: 10000 ns, Cleanup: 11301 ns, At safepoint: 3200 ns, Total: 24501 ns
[3096.480s][info ][safepoint      ] Safepoint "Cleanup", Time since last: 2000210157 ns, Reaching safepoint: 8901 ns, Cleanup: 10300 ns, At safepoint: 18501 ns, Total: 37702 ns
[3100.480s][info ][safepoint      ] Safepoint "Cleanup", Time since last: 4000323549 ns, Reaching safepoint: 10100 ns, Cleanup: 10901 ns, At safepoint: 3300 ns, Total: 24301 ns
[3105.791s][info ][gc,start       ] GC(143) Pause Young (Allocation Failure)
[3105.795s][debug][gc,phases      ] GC(143) Scavenge 4.108ms
[3105.795s][debug][gc,ref         ] GC(143) ReferenceProcessor::execute queues: 1, RefProcThreadModel::Single, marks_oops_alive: false
[3105.795s][debug][gc,ref         ] GC(143) Skipped KeepAliveFinalRefsPhase of Reference Processing: no references
[3105.795s][debug][gc,ref         ] GC(143) Skipped PhantomRefsPhase of Reference Processing: no references
[3105.795s][debug][gc,phases      ] GC(143) Reference Processing 0.119ms
[3105.795s][debug][gc,phases      ] GC(143)   VM Weak                        Min:  0.0, Avg:  0.0, Max:  0.0, Diff:  0.0, Sum:  0.0, Workers: 4
[3105.795s][debug][gc,phases      ] GC(143)     Dead                           Min: 0, Avg:  0.0, Max: 0, Diff: 0, Sum: 0, Workers: 4
[3105.795s][debug][gc,phases      ] GC(143)     Total                          Min: 0, Avg: 260.0, Max: 704, Diff: 704, Sum: 1040, Workers: 4
[3105.795s][debug][gc,phases      ] GC(143)   ObjectSynchronizer Weak        Min:  0.0, Avg:  0.0, Max:  0.0, Diff:  0.0, Sum:  0.0, Workers: 4
[3105.795s][debug][gc,phases      ] GC(143)     Dead                           Min: 0, Avg:  0.0, Max: 0, Diff: 0, Sum: 0, Workers: 4
[3105.795s][debug][gc,phases      ] GC(143)     Total                          Min: 0, Avg:  1.0, Max: 4, Diff: 4, Sum: 4, Workers: 4
[3105.795s][debug][gc,phases      ] GC(143)   JVMTI Tag Weak OopStorage      Min:  0.0, Avg:  0.0, Max:  0.0, Diff:  0.0, Sum:  0.0, Workers: 4
[3105.795s][debug][gc,phases      ] GC(143)     Dead                           Min: 0, Avg:  0.0, Max: 0, Diff: 0, Sum: 0, Workers: 4
[3105.795s][debug][gc,phases      ] GC(143)     Total                          Min: 0, Avg:  0.0, Max: 0, Diff: 0, Sum: 0, Workers: 4
[3105.795s][debug][gc,phases      ] GC(143)   StringTable Weak               Min:  0.0, Avg:  0.1, Max:  0.2, Diff:  0.2, Sum:  0.5, Workers: 4
[3105.795s][debug][gc,phases      ] GC(143)     Dead                           Min: 0, Avg:  0.0, Max: 0, Diff: 0, Sum: 0, Workers: 4
[3105.795s][debug][gc,phases      ] GC(143)     Total                          Min: 0, Avg: 11945.0, Max: 17728, Diff: 17728, Sum: 47780, Workers: 4
[3105.795s][debug][gc,phases      ] GC(143)   ResolvedMethodTable Weak       Min:  0.0, Avg:  0.0, Max:  0.1, Diff:  0.1, Sum:  0.2, Workers: 4
[3105.795s][debug][gc,phases      ] GC(143)     Dead                           Min: 0, Avg:  4.0, Max: 16, Diff: 16, Sum: 16, Workers: 4
[3105.795s][debug][gc,phases      ] GC(143)     Total                          Min: 0, Avg: 3909.2, Max: 5823, Diff: 5823, Sum: 15637, Workers: 4
[3105.795s][debug][gc,phases      ] GC(143)   JNI Weak                       Min:  0.0, Avg:  0.0, Max:  0.0, Diff:  0.0, Sum:  0.0, Workers: 4
[3105.795s][debug][gc,phases      ] GC(143)     Dead                           Min: 0, Avg:  0.0, Max: 0, Diff: 0, Sum: 0, Workers: 4
[3105.795s][debug][gc,phases      ] GC(143)     Total                          Min: 0, Avg: 13.0, Max: 48, Diff: 48, Sum: 52, Workers: 4
[3105.795s][debug][gc,phases      ] GC(143)   StringDedup Table Weak         Min:  0.0, Avg:  0.0, Max:  0.0, Diff:  0.0, Sum:  0.0, Workers: 4
[3105.795s][debug][gc,phases      ] GC(143)     Dead                           Min: 0, Avg:  0.0, Max: 0, Diff: 0, Sum: 0, Workers: 4
[3105.795s][debug][gc,phases      ] GC(143)     Total                          Min: 0, Avg:  0.0, Max: 0, Diff: 0, Sum: 0, Workers: 4
[3105.795s][debug][gc,phases      ] GC(143)   StringDedup Requests0 Weak     Min:  0.0, Avg:  0.0, Max:  0.0, Diff:  0.0, Sum:  0.0, Workers: 4
[3105.795s][debug][gc,phases      ] GC(143)     Dead                           Min: 0, Avg:  0.0, Max: 0, Diff: 0, Sum: 0, Workers: 4
[3105.795s][debug][gc,phases      ] GC(143)     Total                          Min: 0, Avg:  0.0, Max: 0, Diff: 0, Sum: 0, Workers: 4
[3105.795s][debug][gc,phases      ] GC(143)   StringDedup Requests1 Weak     Min:  0.0, Avg:  0.0, Max:  0.0, Diff:  0.0, Sum:  0.0, Workers: 4
[3105.795s][debug][gc,phases      ] GC(143)     Dead                           Min: 0, Avg:  0.0, Max: 0, Diff: 0, Sum: 0, Workers: 4
[3105.795s][debug][gc,phases      ] GC(143)     Total                          Min: 0, Avg:  0.0, Max: 0, Diff: 0, Sum: 0, Workers: 4
[3105.795s][debug][gc,phases      ] GC(143)   Weak JFR Old Object Samples    Min:  0.0, Avg:  0.0, Max:  0.0, Diff:  0.0, Sum:  0.0, Workers: 4
[3105.795s][debug][gc,phases      ] GC(143)     Dead                           Min: 0, Avg:  0.0, Max: 0, Diff: 0, Sum: 0, Workers: 4
[3105.795s][debug][gc,phases      ] GC(143)     Total                          Min: 0, Avg:  0.0, Max: 0, Diff: 0, Sum: 0, Workers: 4
[3105.795s][debug][gc,phases      ] GC(143) Weak Processing 0.472ms
[3105.795s][debug][gc,age         ] GC(143) Desired survivor size 7864320 bytes, new threshold 1 (max threshold 15)
[3105.795s][info ][gc,heap        ] GC(143) PSYoungGen: 2086176K(2088960K)->4688K(2089472K) Eden: 2080768K(2080768K)->0K(2081280K) From: 5408K(8192K)->4688K(8192K)
[3105.795s][info ][gc,heap        ] GC(143) ParOldGen: 420189K(420352K)->421402K(421888K)
[3105.795s][info ][gc,metaspace   ] GC(143) Metaspace: 111468K(112896K)->111468K(112896K) NonClass: 94930K(95744K)->94930K(95744K) Class: 16538K(17152K)->16538K(17152K)
[3105.795s][info ][gc             ] GC(143) Pause Young (Allocation Failure) 2447M->416M(2452M) 4.848ms
[3105.795s][info ][gc,cpu         ] GC(143) User=0.01s Sys=0.00s Real=0.01s
[3105.795s][info ][safepoint      ] Safepoint "ParallelGCFailedAllocation", Time since last: 5310131350 ns, Reaching safepoint: 82203 ns, Cleanup: 4600 ns, At safepoint: 4933268 ns, Total: 5020071 ns
[3113.796s][info ][safepoint      ] Safepoint "Cleanup", Time since last: 8000720931 ns, Reaching safepoint: 86203 ns, Cleanup: 12201 ns, At safepoint: 5900 ns, Total: 104304 ns
[3122.344s][info ][safepoint      ] Safepoint "Cleanup", Time since last: 8547277992 ns, Reaching safepoint: 84303 ns, Cleanup: 13401 ns, At safepoint: 8500 ns, Total: 106204 ns
[3131.691s][info ][gc,start       ] GC(144) Pause Young (Allocation Failure)
[3131.696s][debug][gc,phases      ] GC(144) Scavenge 4.536ms
[3131.696s][debug][gc,ref         ] GC(144) ReferenceProcessor::execute queues: 1, RefProcThreadModel::Single, marks_oops_alive: false
[3131.696s][debug][gc,ref         ] GC(144) Skipped KeepAliveFinalRefsPhase of Reference Processing: no references
[3131.696s][debug][gc,ref         ] GC(144) Skipped PhantomRefsPhase of Reference Processing: no references
[3131.696s][debug][gc,phases      ] GC(144) Reference Processing 0.117ms
[3131.696s][debug][gc,phases      ] GC(144)   VM Weak                        Min:  0.0, Avg:  0.0, Max:  0.0, Diff:  0.0, Sum:  0.0, Workers: 4
[3131.696s][debug][gc,phases      ] GC(144)     Dead                           Min: 0, Avg:  0.0, Max: 0, Diff: 0, Sum: 0, Workers: 4
[3131.696s][debug][gc,phases      ] GC(144)     Total                          Min: 0, Avg: 260.0, Max: 576, Diff: 576, Sum: 1040, Workers: 4
[3131.696s][debug][gc,phases      ] GC(144)   ObjectSynchronizer Weak        Min:  0.0, Avg:  0.0, Max:  0.0, Diff:  0.0, Sum:  0.0, Workers: 4
[3131.696s][debug][gc,phases      ] GC(144)     Dead                           Min: 0, Avg:  0.0, Max: 0, Diff: 0, Sum: 0, Workers: 4
[3131.696s][debug][gc,phases      ] GC(144)     Total                          Min: 0, Avg:  0.8, Max: 3, Diff: 3, Sum: 3, Workers: 4
[3131.696s][debug][gc,phases      ] GC(144)   JVMTI Tag Weak OopStorage      Min:  0.0, Avg:  0.0, Max:  0.0, Diff:  0.0, Sum:  0.0, Workers: 4
[3131.696s][debug][gc,phases      ] GC(144)     Dead                           Min: 0, Avg:  0.0, Max: 0, Diff: 0, Sum: 0, Workers: 4
[3131.696s][debug][gc,phases      ] GC(144)     Total                          Min: 0, Avg:  0.0, Max: 0, Diff: 0, Sum: 0, Workers: 4
[3131.696s][debug][gc,phases      ] GC(144)   StringTable Weak               Min:  0.0, Avg:  0.1, Max:  0.2, Diff:  0.2, Sum:  0.4, Workers: 4
[3131.696s][debug][gc,phases      ] GC(144)     Dead                           Min: 0, Avg:  0.0, Max: 0, Diff: 0, Sum: 0, Workers: 4
[3131.696s][debug][gc,phases      ] GC(144)     Total                          Min: 0, Avg: 11945.8, Max: 25856, Diff: 25856, Sum: 47783, Workers: 4
[3131.696s][debug][gc,phases      ] GC(144)   ResolvedMethodTable Weak       Min:  0.0, Avg:  0.0, Max:  0.1, Diff:  0.1, Sum:  0.2, Workers: 4
[3131.696s][debug][gc,phases      ] GC(144)     Dead                           Min: 0, Avg:  4.0, Max: 16, Diff: 16, Sum: 16, Workers: 4
[3131.696s][debug][gc,phases      ] GC(144)     Total                          Min: 0, Avg: 3909.2, Max: 8065, Diff: 8065, Sum: 15637, Workers: 4
[3131.696s][debug][gc,phases      ] GC(144)   JNI Weak                       Min:  0.0, Avg:  0.0, Max:  0.0, Diff:  0.0, Sum:  0.0, Workers: 4
[3131.696s][debug][gc,phases      ] GC(144)     Dead                           Min: 0, Avg:  0.0, Max: 0, Diff: 0, Sum: 0, Workers: 4
[3131.696s][debug][gc,phases      ] GC(144)     Total                          Min: 0, Avg: 13.0, Max: 48, Diff: 48, Sum: 52, Workers: 4
[3131.696s][debug][gc,phases      ] GC(144)   StringDedup Table Weak         Min:  0.0, Avg:  0.0, Max:  0.0, Diff:  0.0, Sum:  0.0, Workers: 4
[3131.696s][debug][gc,phases      ] GC(144)     Dead                           Min: 0, Avg:  0.0, Max: 0, Diff: 0, Sum: 0, Workers: 4
[3131.696s][debug][gc,phases      ] GC(144)     Total                          Min: 0, Avg:  0.0, Max: 0, Diff: 0, Sum: 0, Workers: 4
[3131.696s][debug][gc,phases      ] GC(144)   StringDedup Requests0 Weak     Min:  0.0, Avg:  0.0, Max:  0.0, Diff:  0.0, Sum:  0.0, Workers: 4
[3131.696s][debug][gc,phases      ] GC(144)     Dead                           Min: 0, Avg:  0.0, Max: 0, Diff: 0, Sum: 0, Workers: 4
[3131.696s][debug][gc,phases      ] GC(144)     Total                          Min: 0, Avg:  0.0, Max: 0, Diff: 0, Sum: 0, Workers: 4
[3131.696s][debug][gc,phases      ] GC(144)   StringDedup Requests1 Weak     Min:  0.0, Avg:  0.0, Max:  0.0, Diff:  0.0, Sum:  0.0, Workers: 4
[3131.696s][debug][gc,phases      ] GC(144)     Dead                           Min: 0, Avg:  0.0, Max: 0, Diff: 0, Sum: 0, Workers: 4
[3131.696s][debug][gc,phases      ] GC(144)     Total                          Min: 0, Avg:  0.0, Max: 0, Diff: 0, Sum: 0, Workers: 4
[3131.696s][debug][gc,phases      ] GC(144)   Weak JFR Old Object Samples    Min:  0.0, Avg:  0.0, Max:  0.0, Diff:  0.0, Sum:  0.0, Workers: 4
[3131.696s][debug][gc,phases      ] GC(144)     Dead                           Min: 0, Avg:  0.0, Max: 0, Diff: 0, Sum: 0, Workers: 4
[3131.696s][debug][gc,phases      ] GC(144)     Total                          Min: 0, Avg:  0.0, Max: 0, Diff: 0, Sum: 0, Workers: 4
[3131.696s][debug][gc,phases      ] GC(144) Weak Processing 0.556ms
[3131.696s][debug][gc,age         ] GC(144) Desired survivor size 7864320 bytes, new threshold 1 (max threshold 15)
[3131.696s][info ][gc,heap        ] GC(144) PSYoungGen: 2085968K(2089472K)->5376K(2088960K) Eden: 2081280K(2081280K)->0K(2081280K) From: 4688K(8192K)->5376K(7680K)
[3131.696s][info ][gc,heap        ] GC(144) ParOldGen: 421402K(421888K)->422014K(422400K)
[3131.696s][info ][gc,metaspace   ] GC(144) Metaspace: 111468K(112896K)->111468K(112896K) NonClass: 94930K(95744K)->94930K(95744K) Class: 16538K(17152K)->16538K(17152K)
[3131.696s][info ][gc             ] GC(144) Pause Young (Allocation Failure) 2448M->417M(2452M) 5.373ms
[3131.696s][info ][gc,cpu         ] GC(144) User=0.02s Sys=0.00s Real=0.01s
[3131.696s][info ][safepoint      ] Safepoint "ParallelGCFailedAllocation", Time since last: 9347322807 ns, Reaching safepoint: 79703 ns, Cleanup: 5000 ns, At safepoint: 5460484 ns, Total: 5545187 ns
[3134.697s][info ][safepoint      ] Safepoint "Cleanup", Time since last: 3000264616 ns, Reaching safepoint: 86503 ns, Cleanup: 12500 ns, At safepoint: 7801 ns, Total: 106804 ns
[3143.698s][info ][safepoint      ] Safepoint "Cleanup", Time since last: 9001225199 ns, Reaching safepoint: 87403 ns, Cleanup: 18501 ns, At safepoint: 5000 ns, Total: 110904 ns
[3157.745s][info ][gc,start       ] GC(145) Pause Young (Allocation Failure)
[3157.760s][debug][gc,phases      ] GC(145) Scavenge 15.408ms
[3157.760s][debug][gc,ref         ] GC(145) ReferenceProcessor::execute queues: 1, RefProcThreadModel::Single, marks_oops_alive: false
[3157.760s][debug][gc,ref         ] GC(145) Skipped KeepAliveFinalRefsPhase of Reference Processing: no references
[3157.760s][debug][gc,ref         ] GC(145) Skipped PhantomRefsPhase of Reference Processing: no references
[3157.760s][debug][gc,phases      ] GC(145) Reference Processing 0.140ms
[3157.761s][debug][gc,phases      ] GC(145)   VM Weak                        Min:  0.0, Avg:  0.0, Max:  0.0, Diff:  0.0, Sum:  0.0, Workers: 4
[3157.761s][debug][gc,phases      ] GC(145)     Dead                           Min: 0, Avg:  0.0, Max: 0, Diff: 0, Sum: 0, Workers: 4
[3157.761s][debug][gc,phases      ] GC(145)     Total                          Min: 0, Avg: 260.0, Max: 576, Diff: 576, Sum: 1040, Workers: 4
[3157.761s][debug][gc,phases      ] GC(145)   ObjectSynchronizer Weak        Min:  0.0, Avg:  0.0, Max:  0.0, Diff:  0.0, Sum:  0.0, Workers: 4
[3157.761s][debug][gc,phases      ] GC(145)     Dead                           Min: 0, Avg:  0.0, Max: 0, Diff: 0, Sum: 0, Workers: 4
[3157.761s][debug][gc,phases      ] GC(145)     Total                          Min: 0, Avg:  1.0, Max: 4, Diff: 4, Sum: 4, Workers: 4
[3157.761s][debug][gc,phases      ] GC(145)   JVMTI Tag Weak OopStorage      Min:  0.0, Avg:  0.0, Max:  0.0, Diff:  0.0, Sum:  0.0, Workers: 4
[3157.761s][debug][gc,phases      ] GC(145)     Dead                           Min: 0, Avg:  0.0, Max: 0, Diff: 0, Sum: 0, Workers: 4
[3157.761s][debug][gc,phases      ] GC(145)     Total                          Min: 0, Avg:  0.0, Max: 0, Diff: 0, Sum: 0, Workers: 4
[3157.761s][debug][gc,phases      ] GC(145)   StringTable Weak               Min:  0.0, Avg:  0.1, Max:  0.2, Diff:  0.2, Sum:  0.5, Workers: 4
[3157.761s][debug][gc,phases      ] GC(145)     Dead                           Min: 0, Avg:  0.0, Max: 0, Diff: 0, Sum: 0, Workers: 4
[3157.761s][debug][gc,phases      ] GC(145)     Total                          Min: 0, Avg: 11945.8, Max: 18663, Diff: 18663, Sum: 47783, Workers: 4
[3157.761s][debug][gc,phases      ] GC(145)   ResolvedMethodTable Weak       Min:  0.0, Avg:  0.0, Max:  0.1, Diff:  0.1, Sum:  0.2, Workers: 4
[3157.761s][debug][gc,phases      ] GC(145)     Dead                           Min: 0, Avg:  4.0, Max: 16, Diff: 16, Sum: 16, Workers: 4
[3157.761s][debug][gc,phases      ] GC(145)     Total                          Min: 0, Avg: 3909.2, Max: 5342, Diff: 5342, Sum: 15637, Workers: 4
[3157.761s][debug][gc,phases      ] GC(145)   JNI Weak                       Min:  0.0, Avg:  0.0, Max:  0.0, Diff:  0.0, Sum:  0.0, Workers: 4
[3157.761s][debug][gc,phases      ] GC(145)     Dead                           Min: 0, Avg:  0.0, Max: 0, Diff: 0, Sum: 0, Workers: 4
[3157.761s][debug][gc,phases      ] GC(145)     Total                          Min: 0, Avg: 13.0, Max: 48, Diff: 48, Sum: 52, Workers: 4
[3157.761s][debug][gc,phases      ] GC(145)   StringDedup Table Weak         Min:  0.0, Avg:  0.0, Max:  0.0, Diff:  0.0, Sum:  0.0, Workers: 4
[3157.761s][debug][gc,phases      ] GC(145)     Dead                           Min: 0, Avg:  0.0, Max: 0, Diff: 0, Sum: 0, Workers: 4
[3157.761s][debug][gc,phases      ] GC(145)     Total                          Min: 0, Avg:  0.0, Max: 0, Diff: 0, Sum: 0, Workers: 4
[3157.761s][debug][gc,phases      ] GC(145)   StringDedup Requests0 Weak     Min:  0.0, Avg:  0.0, Max:  0.0, Diff:  0.0, Sum:  0.0, Workers: 4
[3157.761s][debug][gc,phases      ] GC(145)     Dead                           Min: 0, Avg:  0.0, Max: 0, Diff: 0, Sum: 0, Workers: 4
[3157.761s][debug][gc,phases      ] GC(145)     Total                          Min: 0, Avg:  0.0, Max: 0, Diff: 0, Sum: 0, Workers: 4
[3157.761s][debug][gc,phases      ] GC(145)   StringDedup Requests1 Weak     Min:  0.0, Avg:  0.0, Max:  0.0, Diff:  0.0, Sum:  0.0, Workers: 4
[3157.761s][debug][gc,phases      ] GC(145)     Dead                           Min: 0, Avg:  0.0, Max: 0, Diff: 0, Sum: 0, Workers: 4
[3157.761s][debug][gc,phases      ] GC(145)     Total                          Min: 0, Avg:  0.0, Max: 0, Diff: 0, Sum: 0, Workers: 4
[3157.761s][debug][gc,phases      ] GC(145)   Weak JFR Old Object Samples    Min:  0.0, Avg:  0.0, Max:  0.0, Diff:  0.0, Sum:  0.0, Workers: 4
[3157.761s][debug][gc,phases      ] GC(145)     Dead                           Min: 0, Avg:  0.0, Max: 0, Diff: 0, Sum: 0, Workers: 4
[3157.761s][debug][gc,phases      ] GC(145)     Total                          Min: 0, Avg:  0.0, Max: 0, Diff: 0, Sum: 0, Workers: 4
[3157.761s][debug][gc,phases      ] GC(145) Weak Processing 0.541ms
[3157.761s][debug][gc,age         ] GC(145) Desired survivor size 7864320 bytes, new threshold 1 (max threshold 15)
[3157.761s][info ][gc,heap        ] GC(145) PSYoungGen: 2086656K(2088960K)->4960K(2089472K) Eden: 2081280K(2081280K)->0K(2081792K) From: 5376K(7680K)->4960K(7680K)
[3157.761s][info ][gc,heap        ] GC(145) ParOldGen: 422014K(422400K)->423102K(423424K)
[3157.761s][info ][gc,metaspace   ] GC(145) Metaspace: 111468K(112896K)->111468K(112896K) NonClass: 94930K(95744K)->94930K(95744K) Class: 16538K(17152K)->16538K(17152K)
[3157.761s][info ][gc             ] GC(145) Pause Young (Allocation Failure) 2449M->418M(2454M) 16.284ms
[3157.761s][info ][gc,cpu         ] GC(145) User=0.02s Sys=0.00s Real=0.01s
[3157.761s][info ][safepoint      ] Safepoint "ParallelGCFailedAllocation", Time since last: 14046475062 ns, Reaching safepoint: 12100 ns, Cleanup: 5600 ns, At safepoint: 16413652 ns, Total: 16431352 ns
[3158.761s][info ][safepoint      ] Safepoint "Cleanup", Time since last: 1000097633 ns, Reaching safepoint: 8901 ns, Cleanup: 19100 ns, At safepoint: 2700 ns, Total: 30701 ns
[3175.763s][info ][safepoint      ] Safepoint "Cleanup", Time since last: 17001490027 ns, Reaching safepoint: 12201 ns, Cleanup: 14900 ns, At safepoint: 3400 ns, Total: 30501 ns
[3182.757s][info ][gc,start       ] GC(146) Pause Young (Allocation Failure)
[3182.763s][debug][gc,phases      ] GC(146) Scavenge 5.515ms
[3182.763s][debug][gc,ref         ] GC(146) ReferenceProcessor::execute queues: 1, RefProcThreadModel::Single, marks_oops_alive: false
[3182.763s][debug][gc,ref         ] GC(146) Skipped KeepAliveFinalRefsPhase of Reference Processing: no references
[3182.763s][debug][gc,ref         ] GC(146) ReferenceProcessor::execute queues: 1, RefProcThreadModel::Single, marks_oops_alive: false
[3182.763s][debug][gc,phases      ] GC(146) Reference Processing 0.115ms
[3182.763s][debug][gc,phases      ] GC(146)   VM Weak                        Min:  0.0, Avg:  0.0, Max:  0.0, Diff:  0.0, Sum:  0.0, Workers: 4
[3182.763s][debug][gc,phases      ] GC(146)     Dead                           Min: 0, Avg:  0.0, Max: 0, Diff: 0, Sum: 0, Workers: 4
[3182.763s][debug][gc,phases      ] GC(146)     Total                          Min: 0, Avg: 260.0, Max: 896, Diff: 896, Sum: 1040, Workers: 4
[3182.763s][debug][gc,phases      ] GC(146)   ObjectSynchronizer Weak        Min:  0.0, Avg:  0.0, Max:  0.0, Diff:  0.0, Sum:  0.0, Workers: 4
[3182.763s][debug][gc,phases      ] GC(146)     Dead                           Min: 0, Avg:  0.0, Max: 0, Diff: 0, Sum: 0, Workers: 4
[3182.763s][debug][gc,phases      ] GC(146)     Total                          Min: 0, Avg:  0.8, Max: 3, Diff: 3, Sum: 3, Workers: 4
[3182.763s][debug][gc,phases      ] GC(146)   JVMTI Tag Weak OopStorage      Min:  0.0, Avg:  0.0, Max:  0.0, Diff:  0.0, Sum:  0.0, Workers: 4
[3182.763s][debug][gc,phases      ] GC(146)     Dead                           Min: 0, Avg:  0.0, Max: 0, Diff: 0, Sum: 0, Workers: 4
[3182.763s][debug][gc,phases      ] GC(146)     Total                          Min: 0, Avg:  0.0, Max: 0, Diff: 0, Sum: 0, Workers: 4
[3182.763s][debug][gc,phases      ] GC(146)   StringTable Weak               Min:  0.0, Avg:  0.1, Max:  0.2, Diff:  0.2, Sum:  0.5, Workers: 4
[3182.763s][debug][gc,phases      ] GC(146)     Dead                           Min: 0, Avg:  0.0, Max: 0, Diff: 0, Sum: 0, Workers: 4
[3182.763s][debug][gc,phases      ] GC(146)     Total                          Min: 0, Avg: 11945.8, Max: 16768, Diff: 16768, Sum: 47783, Workers: 4
[3182.763s][debug][gc,phases      ] GC(146)   ResolvedMethodTable Weak       Min:  0.0, Avg:  0.0, Max:  0.1, Diff:  0.1, Sum:  0.2, Workers: 4
[3182.763s][debug][gc,phases      ] GC(146)     Dead                           Min: 0, Avg:  4.0, Max: 16, Diff: 16, Sum: 16, Workers: 4
[3182.763s][debug][gc,phases      ] GC(146)     Total                          Min: 0, Avg: 3909.2, Max: 5762, Diff: 5762, Sum: 15637, Workers: 4
[3182.763s][debug][gc,phases      ] GC(146)   JNI Weak                       Min:  0.0, Avg:  0.0, Max:  0.0, Diff:  0.0, Sum:  0.0, Workers: 4
[3182.763s][debug][gc,phases      ] GC(146)     Dead                           Min: 0, Avg:  0.0, Max: 0, Diff: 0, Sum: 0, Workers: 4
[3182.763s][debug][gc,phases      ] GC(146)     Total                          Min: 0, Avg: 13.0, Max: 48, Diff: 48, Sum: 52, Workers: 4
[3182.763s][debug][gc,phases      ] GC(146)   StringDedup Table Weak         Min:  0.0, Avg:  0.0, Max:  0.0, Diff:  0.0, Sum:  0.0, Workers: 4
[3182.763s][debug][gc,phases      ] GC(146)     Dead                           Min: 0, Avg:  0.0, Max: 0, Diff: 0, Sum: 0, Workers: 4
[3182.763s][debug][gc,phases      ] GC(146)     Total                          Min: 0, Avg:  0.0, Max: 0, Diff: 0, Sum: 0, Workers: 4
[3182.763s][debug][gc,phases      ] GC(146)   StringDedup Requests0 Weak     Min:  0.0, Avg:  0.0, Max:  0.0, Diff:  0.0, Sum:  0.0, Workers: 4
[3182.763s][debug][gc,phases      ] GC(146)     Dead                           Min: 0, Avg:  0.0, Max: 0, Diff: 0, Sum: 0, Workers: 4
[3182.764s][debug][gc,phases      ] GC(146)     Total                          Min: 0, Avg:  0.0, Max: 0, Diff: 0, Sum: 0, Workers: 4
[3182.764s][debug][gc,phases      ] GC(146)   StringDedup Requests1 Weak     Min:  0.0, Avg:  0.0, Max:  0.0, Diff:  0.0, Sum:  0.0, Workers: 4
[3182.764s][debug][gc,phases      ] GC(146)     Dead                           Min: 0, Avg:  0.0, Max: 0, Diff: 0, Sum: 0, Workers: 4
[3182.764s][debug][gc,phases      ] GC(146)     Total                          Min: 0, Avg:  0.0, Max: 0, Diff: 0, Sum: 0, Workers: 4
[3182.764s][debug][gc,phases      ] GC(146)   Weak JFR Old Object Samples    Min:  0.0, Avg:  0.0, Max:  0.0, Diff:  0.0, Sum:  0.0, Workers: 4
[3182.764s][debug][gc,phases      ] GC(146)     Dead                           Min: 0, Avg:  0.0, Max: 0, Diff: 0, Sum: 0, Workers: 4
[3182.764s][debug][gc,phases      ] GC(146)     Total                          Min: 0, Avg:  0.0, Max: 0, Diff: 0, Sum: 0, Workers: 4
[3182.764s][debug][gc,phases      ] GC(146) Weak Processing 0.457ms
[3182.764s][debug][gc,age         ] GC(146) Desired survivor size 7864320 bytes, new threshold 1 (max threshold 15)
[3182.764s][info ][gc,heap        ] GC(146) PSYoungGen: 2086752K(2089472K)->4784K(2089472K) Eden: 2081792K(2081792K)->0K(2081792K) From: 4960K(7680K)->4784K(7680K)
[3182.764s][info ][gc,heap        ] GC(146) ParOldGen: 423102K(423424K)->424210K(424448K)
[3182.764s][info ][gc,metaspace   ] GC(146) Metaspace: 111471K(112896K)->111471K(112896K) NonClass: 94933K(95744K)->94933K(95744K) Class: 16538K(17152K)->16538K(17152K)
[3182.764s][info ][gc             ] GC(146) Pause Young (Allocation Failure) 2451M->418M(2455M) 6.228ms
[3182.764s][info ][gc,cpu         ] GC(146) User=0.01s Sys=0.00s Real=0.00s
[3182.764s][info ][safepoint      ] Safepoint "ParallelGCFailedAllocation", Time since last: 6994487735 ns, Reaching safepoint: 87303 ns, Cleanup: 4300 ns, At safepoint: 6324611 ns, Total: 6416214 ns
[3196.765s][info ][safepoint      ] Safepoint "Cleanup", Time since last: 14001074630 ns, Reaching safepoint: 9301 ns, Cleanup: 12300 ns, At safepoint: 2800 ns, Total: 24401 ns
[3197.765s][info ][safepoint      ] Safepoint "Cleanup", Time since last: 1000158393 ns, Reaching safepoint: 85302 ns, Cleanup: 14001 ns, At safepoint: 8100 ns, Total: 107403 ns
[3206.766s][info ][safepoint      ] Safepoint "Cleanup", Time since last: 9000711752 ns, Reaching safepoint: 84903 ns, Cleanup: 12900 ns, At safepoint: 6700 ns, Total: 104503 ns
[3207.268s][info ][gc,start       ] GC(147) Pause Young (Allocation Failure)
[3207.280s][debug][gc,phases      ] GC(147) Scavenge 12.344ms
[3207.280s][debug][gc,ref         ] GC(147) ReferenceProcessor::execute queues: 1, RefProcThreadModel::Single, marks_oops_alive: false
[3207.280s][debug][gc,ref         ] GC(147) Skipped KeepAliveFinalRefsPhase of Reference Processing: no references
[3207.280s][debug][gc,ref         ] GC(147) Skipped PhantomRefsPhase of Reference Processing: no references
[3207.280s][debug][gc,phases      ] GC(147) Reference Processing 0.140ms
[3207.281s][debug][gc,phases      ] GC(147)   VM Weak                        Min:  0.0, Avg:  0.0, Max:  0.0, Diff:  0.0, Sum:  0.0, Workers: 4
[3207.281s][debug][gc,phases      ] GC(147)     Dead                           Min: 0, Avg:  0.0, Max: 0, Diff: 0, Sum: 0, Workers: 4
[3207.281s][debug][gc,phases      ] GC(147)     Total                          Min: 0, Avg: 260.0, Max: 1040, Diff: 1040, Sum: 1040, Workers: 4
[3207.281s][debug][gc,phases      ] GC(147)   ObjectSynchronizer Weak        Min:  0.0, Avg:  0.0, Max:  0.0, Diff:  0.0, Sum:  0.0, Workers: 4
[3207.281s][debug][gc,phases      ] GC(147)     Dead                           Min: 0, Avg:  0.0, Max: 0, Diff: 0, Sum: 0, Workers: 4
[3207.281s][debug][gc,phases      ] GC(147)     Total                          Min: 0, Avg:  1.0, Max: 4, Diff: 4, Sum: 4, Workers: 4
[3207.281s][debug][gc,phases      ] GC(147)   JVMTI Tag Weak OopStorage      Min:  0.0, Avg:  0.0, Max:  0.0, Diff:  0.0, Sum:  0.0, Workers: 4
[3207.281s][debug][gc,phases      ] GC(147)     Dead                           Min: 0, Avg:  0.0, Max: 0, Diff: 0, Sum: 0, Workers: 4
[3207.281s][debug][gc,phases      ] GC(147)     Total                          Min: 0, Avg:  0.0, Max: 0, Diff: 0, Sum: 0, Workers: 4
[3207.281s][debug][gc,phases      ] GC(147)   StringTable Weak               Min:  0.0, Avg:  0.1, Max:  0.5, Diff:  0.5, Sum:  0.5, Workers: 4
[3207.281s][debug][gc,phases      ] GC(147)     Dead                           Min: 0, Avg:  0.0, Max: 0, Diff: 0, Sum: 0, Workers: 4
[3207.281s][debug][gc,phases      ] GC(147)     Total                          Min: 0, Avg: 11946.8, Max: 47787, Diff: 47787, Sum: 47787, Workers: 4
[3207.281s][debug][gc,phases      ] GC(147)   ResolvedMethodTable Weak       Min:  0.0, Avg:  0.0, Max:  0.2, Diff:  0.2, Sum:  0.2, Workers: 4
[3207.281s][debug][gc,phases      ] GC(147)     Dead                           Min: 0, Avg:  4.0, Max: 16, Diff: 16, Sum: 16, Workers: 4
[3207.281s][debug][gc,phases      ] GC(147)     Total                          Min: 0, Avg: 3909.2, Max: 15637, Diff: 15637, Sum: 15637, Workers: 4
[3207.281s][debug][gc,phases      ] GC(147)   JNI Weak                       Min:  0.0, Avg:  0.0, Max:  0.0, Diff:  0.0, Sum:  0.0, Workers: 4
[3207.281s][debug][gc,phases      ] GC(147)     Dead                           Min: 0, Avg:  0.0, Max: 0, Diff: 0, Sum: 0, Workers: 4
[3207.281s][debug][gc,phases      ] GC(147)     Total                          Min: 0, Avg: 13.0, Max: 52, Diff: 52, Sum: 52, Workers: 4
[3207.281s][debug][gc,phases      ] GC(147)   StringDedup Table Weak         Min:  0.0, Avg:  0.0, Max:  0.0, Diff:  0.0, Sum:  0.0, Workers: 4
[3207.281s][debug][gc,phases      ] GC(147)     Dead                           Min: 0, Avg:  0.0, Max: 0, Diff: 0, Sum: 0, Workers: 4
[3207.281s][debug][gc,phases      ] GC(147)     Total                          Min: 0, Avg:  0.0, Max: 0, Diff: 0, Sum: 0, Workers: 4
[3207.281s][debug][gc,phases      ] GC(147)   StringDedup Requests0 Weak     Min:  0.0, Avg:  0.0, Max:  0.0, Diff:  0.0, Sum:  0.0, Workers: 4
[3207.281s][debug][gc,phases      ] GC(147)     Dead                           Min: 0, Avg:  0.0, Max: 0, Diff: 0, Sum: 0, Workers: 4
[3207.281s][debug][gc,phases      ] GC(147)     Total                          Min: 0, Avg:  0.0, Max: 0, Diff: 0, Sum: 0, Workers: 4
[3207.281s][debug][gc,phases      ] GC(147)   StringDedup Requests1 Weak     Min:  0.0, Avg:  0.0, Max:  0.0, Diff:  0.0, Sum:  0.0, Workers: 4
[3207.281s][debug][gc,phases      ] GC(147)     Dead                           Min: 0, Avg:  0.0, Max: 0, Diff: 0, Sum: 0, Workers: 4
[3207.281s][debug][gc,phases      ] GC(147)     Total                          Min: 0, Avg:  0.0, Max: 0, Diff: 0, Sum: 0, Workers: 4
[3207.281s][debug][gc,phases      ] GC(147)   Weak JFR Old Object Samples    Min:  0.0, Avg:  0.0, Max:  0.0, Diff:  0.0, Sum:  0.0, Workers: 4
[3207.281s][debug][gc,phases      ] GC(147)     Dead                           Min: 0, Avg:  0.0, Max: 0, Diff: 0, Sum: 0, Workers: 4
[3207.281s][debug][gc,phases      ] GC(147)     Total                          Min: 0, Avg:  0.0, Max: 0, Diff: 0, Sum: 0, Workers: 4
[3207.281s][debug][gc,phases      ] GC(147) Weak Processing 0.940ms
[3207.281s][debug][gc,age         ] GC(147) Desired survivor size 7340032 bytes, new threshold 1 (max threshold 15)
[3207.281s][info ][gc,heap        ] GC(147) PSYoungGen: 2086576K(2089472K)->5120K(2089984K) Eden: 2081792K(2081792K)->0K(2082304K) From: 4784K(7680K)->5120K(7680K)
[3207.281s][info ][gc,heap        ] GC(147) ParOldGen: 424210K(424448K)->425170K(425472K)
[3207.281s][info ][gc,metaspace   ] GC(147) Metaspace: 111472K(112896K)->111472K(112896K) NonClass: 94934K(95744K)->94934K(95744K) Class: 16538K(17152K)->16538K(17152K)
[3207.281s][info ][gc             ] GC(147) Pause Young (Allocation Failure) 2451M->420M(2456M) 13.596ms
[3207.281s][info ][gc,cpu         ] GC(147) User=0.01s Sys=0.00s Real=0.01s
[3207.281s][info ][safepoint      ] Safepoint "ParallelGCFailedAllocation", Time since last: 501779989 ns, Reaching safepoint: 10901 ns, Cleanup: 5200 ns, At safepoint: 13709342 ns, Total: 13725443 ns
[3215.282s][info ][safepoint      ] Safepoint "Cleanup", Time since last: 8000673948 ns, Reaching safepoint: 14600 ns, Cleanup: 19501 ns, At safepoint: 3600 ns, Total: 37701 ns
[3216.282s][info ][safepoint      ] Safepoint "Cleanup", Time since last: 1000145117 ns, Reaching safepoint: 8201 ns, Cleanup: 11600 ns, At safepoint: 2800 ns, Total: 22601 ns
[3218.282s][info ][safepoint      ] Safepoint "Cleanup", Time since last: 2000193832 ns, Reaching safepoint: 9800 ns, Cleanup: 13300 ns, At safepoint: 2701 ns, Total: 25801 ns
[3227.283s][info ][safepoint      ] Safepoint "Cleanup", Time since last: 9000797942 ns, Reaching safepoint: 8001 ns, Cleanup: 10400 ns, At safepoint: 3200 ns, Total: 21601 ns
[3232.040s][info ][gc,start       ] GC(148) Pause Young (Allocation Failure)
[3232.048s][debug][gc,phases      ] GC(148) Scavenge 7.875ms
[3232.048s][debug][gc,ref         ] GC(148) ReferenceProcessor::execute queues: 1, RefProcThreadModel::Single, marks_oops_alive: false
[3232.048s][debug][gc,ref         ] GC(148) Skipped KeepAliveFinalRefsPhase of Reference Processing: no references
[3232.048s][debug][gc,ref         ] GC(148) Skipped PhantomRefsPhase of Reference Processing: no references
[3232.048s][debug][gc,phases      ] GC(148) Reference Processing 0.174ms
[3232.048s][debug][gc,phases      ] GC(148)   VM Weak                        Min:  0.0, Avg:  0.0, Max:  0.0, Diff:  0.0, Sum:  0.0, Workers: 4
[3232.048s][debug][gc,phases      ] GC(148)     Dead                           Min: 0, Avg:  0.0, Max: 0, Diff: 0, Sum: 0, Workers: 4
[3232.048s][debug][gc,phases      ] GC(148)     Total                          Min: 0, Avg: 260.0, Max: 576, Diff: 576, Sum: 1040, Workers: 4
[3232.048s][debug][gc,phases      ] GC(148)   ObjectSynchronizer Weak        Min:  0.0, Avg:  0.0, Max:  0.0, Diff:  0.0, Sum:  0.0, Workers: 4
[3232.048s][debug][gc,phases      ] GC(148)     Dead                           Min: 0, Avg:  0.0, Max: 0, Diff: 0, Sum: 0, Workers: 4
[3232.048s][debug][gc,phases      ] GC(148)     Total                          Min: 0, Avg:  1.0, Max: 4, Diff: 4, Sum: 4, Workers: 4
[3232.048s][debug][gc,phases      ] GC(148)   JVMTI Tag Weak OopStorage      Min:  0.0, Avg:  0.0, Max:  0.0, Diff:  0.0, Sum:  0.0, Workers: 4
[3232.048s][debug][gc,phases      ] GC(148)     Dead                           Min: 0, Avg:  0.0, Max: 0, Diff: 0, Sum: 0, Workers: 4
[3232.048s][debug][gc,phases      ] GC(148)     Total                          Min: 0, Avg:  0.0, Max: 0, Diff: 0, Sum: 0, Workers: 4
[3232.048s][debug][gc,phases      ] GC(148)   StringTable Weak               Min:  0.0, Avg:  0.1, Max:  0.3, Diff:  0.3, Sum:  0.5, Workers: 4
[3232.048s][debug][gc,phases      ] GC(148)     Dead                           Min: 0, Avg:  0.0, Max: 0, Diff: 0, Sum: 0, Workers: 4
[3232.048s][debug][gc,phases      ] GC(148)     Total                          Min: 0, Avg: 11949.2, Max: 23989, Diff: 23989, Sum: 47797, Workers: 4
[3232.048s][debug][gc,phases      ] GC(148)   ResolvedMethodTable Weak       Min:  0.0, Avg:  0.0, Max:  0.1, Diff:  0.1, Sum:  0.2, Workers: 4
[3232.048s][debug][gc,phases      ] GC(148)     Dead                           Min: 0, Avg:  4.0, Max: 16, Diff: 16, Sum: 16, Workers: 4
[3232.048s][debug][gc,phases      ] GC(148)     Total                          Min: 0, Avg: 3909.2, Max: 7831, Diff: 7831, Sum: 15637, Workers: 4
[3232.048s][debug][gc,phases      ] GC(148)   JNI Weak                       Min:  0.0, Avg:  0.0, Max:  0.0, Diff:  0.0, Sum:  0.0, Workers: 4
[3232.048s][debug][gc,phases      ] GC(148)     Dead                           Min: 0, Avg:  0.0, Max: 0, Diff: 0, Sum: 0, Workers: 4
[3232.048s][debug][gc,phases      ] GC(148)     Total                          Min: 0, Avg: 13.0, Max: 48, Diff: 48, Sum: 52, Workers: 4
[3232.048s][debug][gc,phases      ] GC(148)   StringDedup Table Weak         Min:  0.0, Avg:  0.0, Max:  0.0, Diff:  0.0, Sum:  0.0, Workers: 4
[3232.048s][debug][gc,phases      ] GC(148)     Dead                           Min: 0, Avg:  0.0, Max: 0, Diff: 0, Sum: 0, Workers: 4
[3232.048s][debug][gc,phases      ] GC(148)     Total                          Min: 0, Avg:  0.0, Max: 0, Diff: 0, Sum: 0, Workers: 4
[3232.048s][debug][gc,phases      ] GC(148)   StringDedup Requests0 Weak     Min:  0.0, Avg:  0.0, Max:  0.0, Diff:  0.0, Sum:  0.0, Workers: 4
[3232.048s][debug][gc,phases      ] GC(148)     Dead                           Min: 0, Avg:  0.0, Max: 0, Diff: 0, Sum: 0, Workers: 4
[3232.048s][debug][gc,phases      ] GC(148)     Total                          Min: 0, Avg:  0.0, Max: 0, Diff: 0, Sum: 0, Workers: 4
[3232.048s][debug][gc,phases      ] GC(148)   StringDedup Requests1 Weak     Min:  0.0, Avg:  0.0, Max:  0.0, Diff:  0.0, Sum:  0.0, Workers: 4
[3232.048s][debug][gc,phases      ] GC(148)     Dead                           Min: 0, Avg:  0.0, Max: 0, Diff: 0, Sum: 0, Workers: 4
[3232.048s][debug][gc,phases      ] GC(148)     Total                          Min: 0, Avg:  0.0, Max: 0, Diff: 0, Sum: 0, Workers: 4
[3232.048s][debug][gc,phases      ] GC(148)   Weak JFR Old Object Samples    Min:  0.0, Avg:  0.0, Max:  0.0, Diff:  0.0, Sum:  0.0, Workers: 4
[3232.048s][debug][gc,phases      ] GC(148)     Dead                           Min: 0, Avg:  0.0, Max: 0, Diff: 0, Sum: 0, Workers: 4
[3232.049s][debug][gc,phases      ] GC(148)     Total                          Min: 0, Avg:  0.0, Max: 0, Diff: 0, Sum: 0, Workers: 4
[3232.049s][debug][gc,phases      ] GC(148) Weak Processing 0.659ms
[3232.049s][debug][gc,age         ] GC(148) Desired survivor size 7340032 bytes, new threshold 1 (max threshold 15)
[3232.049s][info ][gc,heap        ] GC(148) PSYoungGen: 2087424K(2089984K)->5040K(2089472K) Eden: 2082304K(2082304K)->0K(2082304K) From: 5120K(7680K)->5040K(7168K)
[3232.049s][info ][gc,heap        ] GC(148) ParOldGen: 425170K(425472K)->426143K(426496K)
[3232.049s][info ][gc,metaspace   ] GC(148) Metaspace: 111472K(112896K)->111472K(112896K) NonClass: 94934K(95744K)->94934K(95744K) Class: 16538K(17152K)->16538K(17152K)
[3232.049s][info ][gc             ] GC(148) Pause Young (Allocation Failure) 2453M->421M(2457M) 8.929ms
[3232.049s][info ][gc,cpu         ] GC(148) User=0.02s Sys=0.00s Real=0.01s
[3232.049s][info ][safepoint      ] Safepoint "ParallelGCFailedAllocation", Time since last: 4756254094 ns, Reaching safepoint: 90303 ns, Cleanup: 6500 ns, At safepoint: 9034874 ns, Total: 9131677 ns
[3256.705s][info ][gc,start       ] GC(149) Pause Young (Allocation Failure)
[3256.714s][debug][gc,phases      ] GC(149) Scavenge 9.423ms
[3256.715s][debug][gc,ref         ] GC(149) ReferenceProcessor::execute queues: 1, RefProcThreadModel::Single, marks_oops_alive: false
[3256.715s][debug][gc,ref         ] GC(149) Skipped KeepAliveFinalRefsPhase of Reference Processing: no references
[3256.715s][debug][gc,ref         ] GC(149) Skipped PhantomRefsPhase of Reference Processing: no references
[3256.715s][debug][gc,phases      ] GC(149) Reference Processing 0.138ms
[3256.715s][debug][gc,phases      ] GC(149)   VM Weak                        Min:  0.0, Avg:  0.0, Max:  0.0, Diff:  0.0, Sum:  0.0, Workers: 4
[3256.715s][debug][gc,phases      ] GC(149)     Dead                           Min: 0, Avg:  0.0, Max: 0, Diff: 0, Sum: 0, Workers: 4
[3256.715s][debug][gc,phases      ] GC(149)     Total                          Min: 0, Avg: 260.0, Max: 960, Diff: 960, Sum: 1040, Workers: 4
[3256.715s][debug][gc,phases      ] GC(149)   ObjectSynchronizer Weak        Min:  0.0, Avg:  0.0, Max:  0.0, Diff:  0.0, Sum:  0.0, Workers: 4
[3256.715s][debug][gc,phases      ] GC(149)     Dead                           Min: 0, Avg:  0.0, Max: 0, Diff: 0, Sum: 0, Workers: 4
[3256.715s][debug][gc,phases      ] GC(149)     Total                          Min: 0, Avg:  0.8, Max: 3, Diff: 3, Sum: 3, Workers: 4
[3256.715s][debug][gc,phases      ] GC(149)   JVMTI Tag Weak OopStorage      Min:  0.0, Avg:  0.0, Max:  0.0, Diff:  0.0, Sum:  0.0, Workers: 4
[3256.715s][debug][gc,phases      ] GC(149)     Dead                           Min: 0, Avg:  0.0, Max: 0, Diff: 0, Sum: 0, Workers: 4
[3256.715s][debug][gc,phases      ] GC(149)     Total                          Min: 0, Avg:  0.0, Max: 0, Diff: 0, Sum: 0, Workers: 4
[3256.715s][debug][gc,phases      ] GC(149)   StringTable Weak               Min:  0.0, Avg:  0.2, Max:  0.3, Diff:  0.3, Sum:  0.6, Workers: 4
[3256.715s][debug][gc,phases      ] GC(149)     Dead                           Min: 0, Avg:  0.0, Max: 0, Diff: 0, Sum: 0, Workers: 4
[3256.715s][debug][gc,phases      ] GC(149)     Total                          Min: 0, Avg: 11949.2, Max: 26165, Diff: 26165, Sum: 47797, Workers: 4
[3256.715s][debug][gc,phases      ] GC(149)   ResolvedMethodTable Weak       Min:  0.0, Avg:  0.1, Max:  0.1, Diff:  0.1, Sum:  0.2, Workers: 4
[3256.715s][debug][gc,phases      ] GC(149)     Dead                           Min: 0, Avg:  4.0, Max: 16, Diff: 16, Sum: 16, Workers: 4
[3256.715s][debug][gc,phases      ] GC(149)     Total                          Min: 0, Avg: 3909.2, Max: 8376, Diff: 8376, Sum: 15637, Workers: 4
[3256.715s][debug][gc,phases      ] GC(149)   JNI Weak                       Min:  0.0, Avg:  0.0, Max:  0.0, Diff:  0.0, Sum:  0.0, Workers: 4
[3256.715s][debug][gc,phases      ] GC(149)     Dead                           Min: 0, Avg:  0.0, Max: 0, Diff: 0, Sum: 0, Workers: 4
[3256.715s][debug][gc,phases      ] GC(149)     Total                          Min: 0, Avg: 13.0, Max: 48, Diff: 48, Sum: 52, Workers: 4
[3256.715s][debug][gc,phases      ] GC(149)   StringDedup Table Weak         Min:  0.0, Avg:  0.0, Max:  0.0, Diff:  0.0, Sum:  0.0, Workers: 4
[3256.715s][debug][gc,phases      ] GC(149)     Dead                           Min: 0, Avg:  0.0, Max: 0, Diff: 0, Sum: 0, Workers: 4
[3256.715s][debug][gc,phases      ] GC(149)     Total                          Min: 0, Avg:  0.0, Max: 0, Diff: 0, Sum: 0, Workers: 4
[3256.715s][debug][gc,phases      ] GC(149)   StringDedup Requests0 Weak     Min:  0.0, Avg:  0.0, Max:  0.0, Diff:  0.0, Sum:  0.0, Workers: 4
[3256.715s][debug][gc,phases      ] GC(149)     Dead                           Min: 0, Avg:  0.0, Max: 0, Diff: 0, Sum: 0, Workers: 4
[3256.715s][debug][gc,phases      ] GC(149)     Total                          Min: 0, Avg:  0.0, Max: 0, Diff: 0, Sum: 0, Workers: 4
[3256.715s][debug][gc,phases      ] GC(149)   StringDedup Requests1 Weak     Min:  0.0, Avg:  0.0, Max:  0.0, Diff:  0.0, Sum:  0.0, Workers: 4
[3256.715s][debug][gc,phases      ] GC(149)     Dead                           Min: 0, Avg:  0.0, Max: 0, Diff: 0, Sum: 0, Workers: 4
[3256.715s][debug][gc,phases      ] GC(149)     Total                          Min: 0, Avg:  0.0, Max: 0, Diff: 0, Sum: 0, Workers: 4
[3256.715s][debug][gc,phases      ] GC(149)   Weak JFR Old Object Samples    Min:  0.0, Avg:  0.0, Max:  0.0, Diff:  0.0, Sum:  0.0, Workers: 4
[3256.715s][debug][gc,phases      ] GC(149)     Dead                           Min: 0, Avg:  0.0, Max: 0, Diff: 0, Sum: 0, Workers: 4
[3256.715s][debug][gc,phases      ] GC(149)     Total                          Min: 0, Avg:  0.0, Max: 0, Diff: 0, Sum: 0, Workers: 4
[3256.715s][debug][gc,phases      ] GC(149) Weak Processing 0.730ms
[3256.715s][debug][gc,age         ] GC(149) Desired survivor size 7340032 bytes, new threshold 1 (max threshold 15)
[3256.715s][info ][gc,heap        ] GC(149) PSYoungGen: 2087344K(2089472K)->5088K(2089984K) Eden: 2082304K(2082304K)->0K(2082816K) From: 5040K(7168K)->5088K(7168K)
[3256.715s][info ][gc,heap        ] GC(149) ParOldGen: 426143K(426496K)->427227K(427520K)
[3256.715s][info ][gc,metaspace   ] GC(149) Metaspace: 111476K(112896K)->111476K(112896K) NonClass: 94938K(95744K)->94938K(95744K) Class: 16538K(17152K)->16538K(17152K)
[3256.715s][info ][gc             ] GC(149) Pause Young (Allocation Failure) 2454M->422M(2458M) 10.488ms
[3256.715s][info ][gc,cpu         ] GC(149) User=0.02s Sys=0.01s Real=0.01s
[3256.715s][info ][safepoint      ] Safepoint "ParallelGCFailedAllocation", Time since last: 24656123419 ns, Reaching safepoint: 14601 ns, Cleanup: 7200 ns, At safepoint: 10630322 ns, Total: 10652123 ns
[3268.716s][info ][safepoint      ] Safepoint "Cleanup", Time since last: 12000924683 ns, Reaching safepoint: 11201 ns, Cleanup: 14200 ns, At safepoint: 3200 ns, Total: 28601 ns
[3281.115s][info ][gc,start       ] GC(150) Pause Young (Allocation Failure)
[3281.120s][debug][gc,phases      ] GC(150) Scavenge 4.601ms
[3281.120s][debug][gc,ref         ] GC(150) ReferenceProcessor::execute queues: 1, RefProcThreadModel::Single, marks_oops_alive: false
[3281.120s][debug][gc,ref         ] GC(150) Skipped KeepAliveFinalRefsPhase of Reference Processing: no references
[3281.120s][debug][gc,ref         ] GC(150) Skipped PhantomRefsPhase of Reference Processing: no references
[3281.120s][debug][gc,phases      ] GC(150) Reference Processing 0.151ms
[3281.120s][debug][gc,phases      ] GC(150)   VM Weak                        Min:  0.0, Avg:  0.0, Max:  0.0, Diff:  0.0, Sum:  0.0, Workers: 4
[3281.120s][debug][gc,phases      ] GC(150)     Dead                           Min: 0, Avg:  0.0, Max: 0, Diff: 0, Sum: 0, Workers: 4
[3281.120s][debug][gc,phases      ] GC(150)     Total                          Min: 0, Avg: 260.0, Max: 576, Diff: 576, Sum: 1040, Workers: 4
[3281.120s][debug][gc,phases      ] GC(150)   ObjectSynchronizer Weak        Min:  0.0, Avg:  0.0, Max:  0.0, Diff:  0.0, Sum:  0.0, Workers: 4
[3281.120s][debug][gc,phases      ] GC(150)     Dead                           Min: 0, Avg:  0.0, Max: 0, Diff: 0, Sum: 0, Workers: 4
[3281.120s][debug][gc,phases      ] GC(150)     Total                          Min: 0, Avg:  0.8, Max: 3, Diff: 3, Sum: 3, Workers: 4
[3281.120s][debug][gc,phases      ] GC(150)   JVMTI Tag Weak OopStorage      Min:  0.0, Avg:  0.0, Max:  0.0, Diff:  0.0, Sum:  0.0, Workers: 4
[3281.120s][debug][gc,phases      ] GC(150)     Dead                           Min: 0, Avg:  0.0, Max: 0, Diff: 0, Sum: 0, Workers: 4
[3281.120s][debug][gc,phases      ] GC(150)     Total                          Min: 0, Avg:  0.0, Max: 0, Diff: 0, Sum: 0, Workers: 4
[3281.120s][debug][gc,phases      ] GC(150)   StringTable Weak               Min:  0.0, Avg:  0.1, Max:  0.2, Diff:  0.2, Sum:  0.5, Workers: 4
[3281.120s][debug][gc,phases      ] GC(150)     Dead                           Min: 0, Avg:  0.0, Max: 0, Diff: 0, Sum: 0, Workers: 4
[3281.120s][debug][gc,phases      ] GC(150)     Total                          Min: 0, Avg: 11949.2, Max: 25344, Diff: 25344, Sum: 47797, Workers: 4
[3281.120s][debug][gc,phases      ] GC(150)   ResolvedMethodTable Weak       Min:  0.0, Avg:  0.0, Max:  0.1, Diff:  0.1, Sum:  0.2, Workers: 4
[3281.120s][debug][gc,phases      ] GC(150)     Dead                           Min: 0, Avg:  4.0, Max: 16, Diff: 16, Sum: 16, Workers: 4
[3281.120s][debug][gc,phases      ] GC(150)     Total                          Min: 0, Avg: 3909.2, Max: 8123, Diff: 8123, Sum: 15637, Workers: 4
[3281.120s][debug][gc,phases      ] GC(150)   JNI Weak                       Min:  0.0, Avg:  0.0, Max:  0.0, Diff:  0.0, Sum:  0.0, Workers: 4
[3281.120s][debug][gc,phases      ] GC(150)     Dead                           Min: 0, Avg:  0.0, Max: 0, Diff: 0, Sum: 0, Workers: 4
[3281.120s][debug][gc,phases      ] GC(150)     Total                          Min: 0, Avg: 13.0, Max: 48, Diff: 48, Sum: 52, Workers: 4
[3281.120s][debug][gc,phases      ] GC(150)   StringDedup Table Weak         Min:  0.0, Avg:  0.0, Max:  0.0, Diff:  0.0, Sum:  0.0, Workers: 4
[3281.120s][debug][gc,phases      ] GC(150)     Dead                           Min: 0, Avg:  0.0, Max: 0, Diff: 0, Sum: 0, Workers: 4
[3281.120s][debug][gc,phases      ] GC(150)     Total                          Min: 0, Avg:  0.0, Max: 0, Diff: 0, Sum: 0, Workers: 4
[3281.120s][debug][gc,phases      ] GC(150)   StringDedup Requests0 Weak     Min:  0.0, Avg:  0.0, Max:  0.0, Diff:  0.0, Sum:  0.0, Workers: 4
[3281.120s][debug][gc,phases      ] GC(150)     Dead                           Min: 0, Avg:  0.0, Max: 0, Diff: 0, Sum: 0, Workers: 4
[3281.120s][debug][gc,phases      ] GC(150)     Total                          Min: 0, Avg:  0.0, Max: 0, Diff: 0, Sum: 0, Workers: 4
[3281.120s][debug][gc,phases      ] GC(150)   StringDedup Requests1 Weak     Min:  0.0, Avg:  0.0, Max:  0.0, Diff:  0.0, Sum:  0.0, Workers: 4
[3281.120s][debug][gc,phases      ] GC(150)     Dead                           Min: 0, Avg:  0.0, Max: 0, Diff: 0, Sum: 0, Workers: 4
[3281.120s][debug][gc,phases      ] GC(150)     Total                          Min: 0, Avg:  0.0, Max: 0, Diff: 0, Sum: 0, Workers: 4
[3281.120s][debug][gc,phases      ] GC(150)   Weak JFR Old Object Samples    Min:  0.0, Avg:  0.0, Max:  0.0, Diff:  0.0, Sum:  0.0, Workers: 4
[3281.120s][debug][gc,phases      ] GC(150)     Dead                           Min: 0, Avg:  0.0, Max: 0, Diff: 0, Sum: 0, Workers: 4
[3281.120s][debug][gc,phases      ] GC(150)     Total                          Min: 0, Avg:  0.0, Max: 0, Diff: 0, Sum: 0, Workers: 4
[3281.120s][debug][gc,phases      ] GC(150) Weak Processing 0.572ms
[3281.120s][debug][gc,age         ] GC(150) Desired survivor size 7340032 bytes, new threshold 1 (max threshold 15)
[3281.120s][info ][gc,heap        ] GC(150) PSYoungGen: 2087781K(2089984K)->4720K(2089984K) Eden: 2082693K(2082816K)->0K(2082816K) From: 5088K(7168K)->4720K(7168K)
[3281.120s][info ][gc,heap        ] GC(150) ParOldGen: 427227K(427520K)->428055K(428544K)
[3281.121s][info ][gc,metaspace   ] GC(150) Metaspace: 111482K(112896K)->111482K(112896K) NonClass: 94944K(95744K)->94944K(95744K) Class: 16538K(17152K)->16538K(17152K)
[3281.121s][info ][gc             ] GC(150) Pause Young (Allocation Failure) 2456M->422M(2459M) 5.499ms
[3281.121s][info ][gc,cpu         ] GC(150) User=0.02s Sys=0.00s Real=0.00s
[3281.121s][info ][safepoint      ] Safepoint "ParallelGCFailedAllocation", Time since last: 12398581877 ns, Reaching safepoint: 10001 ns, Cleanup: 5700 ns, At safepoint: 5585879 ns, Total: 5601580 ns
[3290.121s][info ][safepoint      ] Safepoint "Cleanup", Time since last: 9000691063 ns, Reaching safepoint: 10200 ns, Cleanup: 15801 ns, At safepoint: 2400 ns, Total: 28401 ns
[3293.122s][info ][safepoint      ] Safepoint "Cleanup", Time since last: 3000282930 ns, Reaching safepoint: 11301 ns, Cleanup: 14000 ns, At safepoint: 3200 ns, Total: 28501 ns
[3298.122s][info ][safepoint      ] Safepoint "Cleanup", Time since last: 5000478692 ns, Reaching safepoint: 88003 ns, Cleanup: 13500 ns, At safepoint: 8000 ns, Total: 109503 ns
[3301.426s][info ][safepoint      ] Safepoint "Cleanup", Time since last: 3303611383 ns, Reaching safepoint: 4100 ns, Cleanup: 18800 ns, At safepoint: 1900 ns, Total: 24800 ns
[3305.141s][info ][gc,start       ] GC(151) Pause Young (Allocation Failure)
[3305.146s][debug][gc,phases      ] GC(151) Scavenge 5.500ms
[3305.147s][debug][gc,ref         ] GC(151) ReferenceProcessor::execute queues: 1, RefProcThreadModel::Single, marks_oops_alive: false
[3305.147s][debug][gc,ref         ] GC(151) Skipped KeepAliveFinalRefsPhase of Reference Processing: no references
[3305.147s][debug][gc,ref         ] GC(151) ReferenceProcessor::execute queues: 1, RefProcThreadModel::Single, marks_oops_alive: false
[3305.147s][debug][gc,phases      ] GC(151) Reference Processing 0.134ms
[3305.147s][debug][gc,phases      ] GC(151)   VM Weak                        Min:  0.0, Avg:  0.0, Max:  0.0, Diff:  0.0, Sum:  0.0, Workers: 4
[3305.147s][debug][gc,phases      ] GC(151)     Dead                           Min: 0, Avg:  0.0, Max: 0, Diff: 0, Sum: 0, Workers: 4
[3305.147s][debug][gc,phases      ] GC(151)     Total                          Min: 0, Avg: 260.0, Max: 576, Diff: 576, Sum: 1040, Workers: 4
[3305.147s][debug][gc,phases      ] GC(151)   ObjectSynchronizer Weak        Min:  0.0, Avg:  0.0, Max:  0.0, Diff:  0.0, Sum:  0.0, Workers: 4
[3305.147s][debug][gc,phases      ] GC(151)     Dead                           Min: 0, Avg:  0.0, Max: 0, Diff: 0, Sum: 0, Workers: 4
[3305.147s][debug][gc,phases      ] GC(151)     Total                          Min: 0, Avg:  0.8, Max: 3, Diff: 3, Sum: 3, Workers: 4
[3305.147s][debug][gc,phases      ] GC(151)   JVMTI Tag Weak OopStorage      Min:  0.0, Avg:  0.0, Max:  0.0, Diff:  0.0, Sum:  0.0, Workers: 4
[3305.147s][debug][gc,phases      ] GC(151)     Dead                           Min: 0, Avg:  0.0, Max: 0, Diff: 0, Sum: 0, Workers: 4
[3305.147s][debug][gc,phases      ] GC(151)     Total                          Min: 0, Avg:  0.0, Max: 0, Diff: 0, Sum: 0, Workers: 4
[3305.147s][debug][gc,phases      ] GC(151)   StringTable Weak               Min:  0.0, Avg:  0.1, Max:  0.2, Diff:  0.2, Sum:  0.5, Workers: 4
[3305.147s][debug][gc,phases      ] GC(151)     Dead                           Min: 0, Avg:  0.0, Max: 0, Diff: 0, Sum: 0, Workers: 4
[3305.147s][debug][gc,phases      ] GC(151)     Total                          Min: 0, Avg: 11949.2, Max: 16640, Diff: 16640, Sum: 47797, Workers: 4
[3305.147s][debug][gc,phases      ] GC(151)   ResolvedMethodTable Weak       Min:  0.0, Avg:  0.0, Max:  0.1, Diff:  0.1, Sum:  0.2, Workers: 4
[3305.147s][debug][gc,phases      ] GC(151)     Dead                           Min: 0, Avg:  4.0, Max: 16, Diff: 16, Sum: 16, Workers: 4
[3305.147s][debug][gc,phases      ] GC(151)     Total                          Min: 0, Avg: 3909.2, Max: 5591, Diff: 5591, Sum: 15637, Workers: 4
[3305.147s][debug][gc,phases      ] GC(151)   JNI Weak                       Min:  0.0, Avg:  0.0, Max:  0.0, Diff:  0.0, Sum:  0.0, Workers: 4
[3305.147s][debug][gc,phases      ] GC(151)     Dead                           Min: 0, Avg:  0.0, Max: 0, Diff: 0, Sum: 0, Workers: 4
[3305.147s][debug][gc,phases      ] GC(151)     Total                          Min: 0, Avg: 13.0, Max: 48, Diff: 48, Sum: 52, Workers: 4
[3305.147s][debug][gc,phases      ] GC(151)   StringDedup Table Weak         Min:  0.0, Avg:  0.0, Max:  0.0, Diff:  0.0, Sum:  0.0, Workers: 4
[3305.147s][debug][gc,phases      ] GC(151)     Dead                           Min: 0, Avg:  0.0, Max: 0, Diff: 0, Sum: 0, Workers: 4
[3305.147s][debug][gc,phases      ] GC(151)     Total                          Min: 0, Avg:  0.0, Max: 0, Diff: 0, Sum: 0, Workers: 4
[3305.147s][debug][gc,phases      ] GC(151)   StringDedup Requests0 Weak     Min:  0.0, Avg:  0.0, Max:  0.0, Diff:  0.0, Sum:  0.0, Workers: 4
[3305.147s][debug][gc,phases      ] GC(151)     Dead                           Min: 0, Avg:  0.0, Max: 0, Diff: 0, Sum: 0, Workers: 4
[3305.147s][debug][gc,phases      ] GC(151)     Total                          Min: 0, Avg:  0.0, Max: 0, Diff: 0, Sum: 0, Workers: 4
[3305.147s][debug][gc,phases      ] GC(151)   StringDedup Requests1 Weak     Min:  0.0, Avg:  0.0, Max:  0.0, Diff:  0.0, Sum:  0.0, Workers: 4
[3305.147s][debug][gc,phases      ] GC(151)     Dead                           Min: 0, Avg:  0.0, Max: 0, Diff: 0, Sum: 0, Workers: 4
[3305.147s][debug][gc,phases      ] GC(151)     Total                          Min: 0, Avg:  0.0, Max: 0, Diff: 0, Sum: 0, Workers: 4
[3305.147s][debug][gc,phases      ] GC(151)   Weak JFR Old Object Samples    Min:  0.0, Avg:  0.0, Max:  0.0, Diff:  0.0, Sum:  0.0, Workers: 4
[3305.147s][debug][gc,phases      ] GC(151)     Dead                           Min: 0, Avg:  0.0, Max: 0, Diff: 0, Sum: 0, Workers: 4
[3305.147s][debug][gc,phases      ] GC(151)     Total                          Min: 0, Avg:  0.0, Max: 0, Diff: 0, Sum: 0, Workers: 4
[3305.147s][debug][gc,phases      ] GC(151) Weak Processing 0.457ms
[3305.147s][debug][gc,age         ] GC(151) Desired survivor size 6815744 bytes, new threshold 1 (max threshold 15)
[3305.147s][info ][gc,heap        ] GC(151) PSYoungGen: 2087536K(2089984K)->5392K(2090496K) Eden: 2082816K(2082816K)->0K(2083328K) From: 4720K(7168K)->5392K(7168K)
[3305.147s][info ][gc,heap        ] GC(151) ParOldGen: 428055K(428544K)->428843K(429056K)
[3305.147s][info ][gc,metaspace   ] GC(151) Metaspace: 111482K(112896K)->111482K(112896K) NonClass: 94944K(95744K)->94944K(95744K) Class: 16538K(17152K)->16538K(17152K)
[3305.147s][info ][gc             ] GC(151) Pause Young (Allocation Failure) 2456M->424M(2460M) 6.268ms
[3305.147s][info ][gc,cpu         ] GC(151) User=0.02s Sys=0.00s Real=0.01s
[3305.147s][info ][safepoint      ] Safepoint "ParallelGCFailedAllocation", Time since last: 3714904638 ns, Reaching safepoint: 80202 ns, Cleanup: 4700 ns, At safepoint: 6358703 ns, Total: 6443605 ns
[3306.147s][info ][safepoint      ] Safepoint "Cleanup", Time since last: 1000119504 ns, Reaching safepoint: 88603 ns, Cleanup: 15601 ns, At safepoint: 6000 ns, Total: 110204 ns
[3309.148s][info ][safepoint      ] Safepoint "Cleanup", Time since last: 3000311057 ns, Reaching safepoint: 90803 ns, Cleanup: 17500 ns, At safepoint: 6200 ns, Total: 114503 ns
[3323.149s][info ][safepoint      ] Safepoint "Cleanup", Time since last: 14001129395 ns, Reaching safepoint: 87503 ns, Cleanup: 12700 ns, At safepoint: 8700 ns, Total: 108903 ns
[3325.149s][info ][safepoint      ] Safepoint "Cleanup", Time since last: 2000213562 ns, Reaching safepoint: 84203 ns, Cleanup: 14200 ns, At safepoint: 7301 ns, Total: 105704 ns
[3329.067s][info ][gc,start       ] GC(152) Pause Young (Allocation Failure)
[3329.076s][debug][gc,phases      ] GC(152) Scavenge 9.335ms
[3329.076s][debug][gc,ref         ] GC(152) ReferenceProcessor::execute queues: 1, RefProcThreadModel::Single, marks_oops_alive: false
[3329.076s][debug][gc,ref         ] GC(152) Skipped KeepAliveFinalRefsPhase of Reference Processing: no references
[3329.077s][debug][gc,ref         ] GC(152) ReferenceProcessor::execute queues: 1, RefProcThreadModel::Single, marks_oops_alive: false
[3329.077s][debug][gc,phases      ] GC(152) Reference Processing 0.137ms
[3329.077s][debug][gc,phases      ] GC(152)   VM Weak                        Min:  0.0, Avg:  0.0, Max:  0.0, Diff:  0.0, Sum:  0.0, Workers: 4
[3329.077s][debug][gc,phases      ] GC(152)     Dead                           Min: 0, Avg:  0.0, Max: 0, Diff: 0, Sum: 0, Workers: 4
[3329.077s][debug][gc,phases      ] GC(152)     Total                          Min: 0, Avg: 260.0, Max: 528, Diff: 528, Sum: 1040, Workers: 4
[3329.077s][debug][gc,phases      ] GC(152)   ObjectSynchronizer Weak        Min:  0.0, Avg:  0.0, Max:  0.0, Diff:  0.0, Sum:  0.0, Workers: 4
[3329.077s][debug][gc,phases      ] GC(152)     Dead                           Min: 0, Avg:  0.0, Max: 0, Diff: 0, Sum: 0, Workers: 4
[3329.077s][debug][gc,phases      ] GC(152)     Total                          Min: 0, Avg:  1.2, Max: 5, Diff: 5, Sum: 5, Workers: 4
[3329.077s][debug][gc,phases      ] GC(152)   JVMTI Tag Weak OopStorage      Min:  0.0, Avg:  0.0, Max:  0.0, Diff:  0.0, Sum:  0.0, Workers: 4
[3329.077s][debug][gc,phases      ] GC(152)     Dead                           Min: 0, Avg:  0.0, Max: 0, Diff: 0, Sum: 0, Workers: 4
[3329.077s][debug][gc,phases      ] GC(152)     Total                          Min: 0, Avg:  0.0, Max: 0, Diff: 0, Sum: 0, Workers: 4
[3329.077s][debug][gc,phases      ] GC(152)   StringTable Weak               Min:  0.0, Avg:  0.1, Max:  0.2, Diff:  0.2, Sum:  0.5, Workers: 4
[3329.077s][debug][gc,phases      ] GC(152)     Dead                           Min: 0, Avg:  0.0, Max: 0, Diff: 0, Sum: 0, Workers: 4
[3329.077s][debug][gc,phases      ] GC(152)     Total                          Min: 0, Avg: 11949.2, Max: 16576, Diff: 16576, Sum: 47797, Workers: 4
[3329.077s][debug][gc,phases      ] GC(152)   ResolvedMethodTable Weak       Min:  0.0, Avg:  0.0, Max:  0.1, Diff:  0.1, Sum:  0.2, Workers: 4
[3329.077s][debug][gc,phases      ] GC(152)     Dead                           Min: 0, Avg:  4.0, Max: 16, Diff: 16, Sum: 16, Workers: 4
[3329.077s][debug][gc,phases      ] GC(152)     Total                          Min: 0, Avg: 3909.2, Max: 5501, Diff: 5501, Sum: 15637, Workers: 4
[3329.077s][debug][gc,phases      ] GC(152)   JNI Weak                       Min:  0.0, Avg:  0.0, Max:  0.0, Diff:  0.0, Sum:  0.0, Workers: 4
[3329.077s][debug][gc,phases      ] GC(152)     Dead                           Min: 0, Avg:  0.0, Max: 0, Diff: 0, Sum: 0, Workers: 4
[3329.077s][debug][gc,phases      ] GC(152)     Total                          Min: 0, Avg: 13.0, Max: 48, Diff: 48, Sum: 52, Workers: 4
[3329.077s][debug][gc,phases      ] GC(152)   StringDedup Table Weak         Min:  0.0, Avg:  0.0, Max:  0.0, Diff:  0.0, Sum:  0.0, Workers: 4
[3329.077s][debug][gc,phases      ] GC(152)     Dead                           Min: 0, Avg:  0.0, Max: 0, Diff: 0, Sum: 0, Workers: 4
[3329.077s][debug][gc,phases      ] GC(152)     Total                          Min: 0, Avg:  0.0, Max: 0, Diff: 0, Sum: 0, Workers: 4
[3329.077s][debug][gc,phases      ] GC(152)   StringDedup Requests0 Weak     Min:  0.0, Avg:  0.0, Max:  0.0, Diff:  0.0, Sum:  0.0, Workers: 4
[3329.077s][debug][gc,phases      ] GC(152)     Dead                           Min: 0, Avg:  0.0, Max: 0, Diff: 0, Sum: 0, Workers: 4
[3329.077s][debug][gc,phases      ] GC(152)     Total                          Min: 0, Avg:  0.0, Max: 0, Diff: 0, Sum: 0, Workers: 4
[3329.077s][debug][gc,phases      ] GC(152)   StringDedup Requests1 Weak     Min:  0.0, Avg:  0.0, Max:  0.0, Diff:  0.0, Sum:  0.0, Workers: 4
[3329.077s][debug][gc,phases      ] GC(152)     Dead                           Min: 0, Avg:  0.0, Max: 0, Diff: 0, Sum: 0, Workers: 4
[3329.077s][debug][gc,phases      ] GC(152)     Total                          Min: 0, Avg:  0.0, Max: 0, Diff: 0, Sum: 0, Workers: 4
[3329.077s][debug][gc,phases      ] GC(152)   Weak JFR Old Object Samples    Min:  0.0, Avg:  0.0, Max:  0.0, Diff:  0.0, Sum:  0.0, Workers: 4
[3329.077s][debug][gc,phases      ] GC(152)     Dead                           Min: 0, Avg:  0.0, Max: 0, Diff: 0, Sum: 0, Workers: 4
[3329.077s][debug][gc,phases      ] GC(152)     Total                          Min: 0, Avg:  0.0, Max: 0, Diff: 0, Sum: 0, Workers: 4
[3329.077s][debug][gc,phases      ] GC(152) Weak Processing 0.530ms
[3329.077s][debug][gc,age         ] GC(152) Desired survivor size 6815744 bytes, new threshold 1 (max threshold 15)
[3329.077s][info ][gc,heap        ] GC(152) PSYoungGen: 2088720K(2090496K)->5104K(2089984K) Eden: 2083328K(2083328K)->0K(2083328K) From: 5392K(7168K)->5104K(6656K)
[3329.077s][info ][gc,heap        ] GC(152) ParOldGen: 428843K(429056K)->429579K(430080K)
[3329.077s][info ][gc,metaspace   ] GC(152) Metaspace: 111490K(112896K)->111490K(112896K) NonClass: 94952K(95744K)->94952K(95744K) Class: 16538K(17152K)->16538K(17152K)
[3329.077s][info ][gc             ] GC(152) Pause Young (Allocation Failure) 2458M->424M(2461M) 10.177ms
[3329.077s][info ][gc,cpu         ] GC(152) User=0.01s Sys=0.01s Real=0.01s
[3329.077s][info ][safepoint      ] Safepoint "ParallelGCFailedAllocation", Time since last: 3917506205 ns, Reaching safepoint: 11400 ns, Cleanup: 5401 ns, At safepoint: 10276324 ns, Total: 10293125 ns
[3343.078s][info ][safepoint      ] Safepoint "Cleanup", Time since last: 14001082481 ns, Reaching safepoint: 8800 ns, Cleanup: 11000 ns, At safepoint: 31301 ns, Total: 51101 ns
[3353.091s][info ][gc,start       ] GC(153) Pause Young (Allocation Failure)
[3353.116s][debug][gc,phases      ] GC(153) Scavenge 20.640ms
[3353.116s][debug][gc,ref         ] GC(153) ReferenceProcessor::execute queues: 1, RefProcThreadModel::Single, marks_oops_alive: false
[3353.116s][debug][gc,ref         ] GC(153) Skipped KeepAliveFinalRefsPhase of Reference Processing: no references
[3353.116s][debug][gc,ref         ] GC(153) ReferenceProcessor::execute queues: 1, RefProcThreadModel::Single, marks_oops_alive: false
[3353.116s][debug][gc,phases      ] GC(153) Reference Processing 0.122ms
[3353.117s][debug][gc,phases      ] GC(153)   VM Weak                        Min:  0.0, Avg:  0.0, Max:  0.0, Diff:  0.0, Sum:  0.0, Workers: 4
[3353.117s][debug][gc,phases      ] GC(153)     Dead                           Min: 0, Avg:  0.0, Max: 0, Diff: 0, Sum: 0, Workers: 4
[3353.117s][debug][gc,phases      ] GC(153)     Total                          Min: 0, Avg: 260.0, Max: 1040, Diff: 1040, Sum: 1040, Workers: 4
[3353.117s][debug][gc,phases      ] GC(153)   ObjectSynchronizer Weak        Min:  0.0, Avg:  0.0, Max:  0.0, Diff:  0.0, Sum:  0.0, Workers: 4
[3353.117s][debug][gc,phases      ] GC(153)     Dead                           Min: 0, Avg:  0.0, Max: 0, Diff: 0, Sum: 0, Workers: 4
[3353.117s][debug][gc,phases      ] GC(153)     Total                          Min: 0, Avg:  1.2, Max: 5, Diff: 5, Sum: 5, Workers: 4
[3353.117s][debug][gc,phases      ] GC(153)   JVMTI Tag Weak OopStorage      Min:  0.0, Avg:  0.0, Max:  0.0, Diff:  0.0, Sum:  0.0, Workers: 4
[3353.117s][debug][gc,phases      ] GC(153)     Dead                           Min: 0, Avg:  0.0, Max: 0, Diff: 0, Sum: 0, Workers: 4
[3353.117s][debug][gc,phases      ] GC(153)     Total                          Min: 0, Avg:  0.0, Max: 0, Diff: 0, Sum: 0, Workers: 4
[3353.117s][debug][gc,phases      ] GC(153)   StringTable Weak               Min:  0.0, Avg:  0.1, Max:  0.5, Diff:  0.5, Sum:  0.5, Workers: 4
[3353.117s][debug][gc,phases      ] GC(153)     Dead                           Min: 0, Avg:  0.0, Max: 0, Diff: 0, Sum: 0, Workers: 4
[3353.117s][debug][gc,phases      ] GC(153)     Total                          Min: 0, Avg: 11949.2, Max: 47797, Diff: 47797, Sum: 47797, Workers: 4
[3353.117s][debug][gc,phases      ] GC(153)   ResolvedMethodTable Weak       Min:  0.0, Avg:  0.0, Max:  0.2, Diff:  0.2, Sum:  0.2, Workers: 4
[3353.117s][debug][gc,phases      ] GC(153)     Dead                           Min: 0, Avg:  4.0, Max: 16, Diff: 16, Sum: 16, Workers: 4
[3353.117s][debug][gc,phases      ] GC(153)     Total                          Min: 0, Avg: 3909.2, Max: 15637, Diff: 15637, Sum: 15637, Workers: 4
[3353.117s][debug][gc,phases      ] GC(153)   JNI Weak                       Min:  0.0, Avg:  0.0, Max:  0.0, Diff:  0.0, Sum:  0.0, Workers: 4
[3353.117s][debug][gc,phases      ] GC(153)     Dead                           Min: 0, Avg:  0.0, Max: 0, Diff: 0, Sum: 0, Workers: 4
[3353.117s][debug][gc,phases      ] GC(153)     Total                          Min: 0, Avg: 13.0, Max: 52, Diff: 52, Sum: 52, Workers: 4
[3353.117s][debug][gc,phases      ] GC(153)   StringDedup Table Weak         Min:  0.0, Avg:  0.0, Max:  0.0, Diff:  0.0, Sum:  0.0, Workers: 4
[3353.117s][debug][gc,phases      ] GC(153)     Dead                           Min: 0, Avg:  0.0, Max: 0, Diff: 0, Sum: 0, Workers: 4
[3353.117s][debug][gc,phases      ] GC(153)     Total                          Min: 0, Avg:  0.0, Max: 0, Diff: 0, Sum: 0, Workers: 4
[3353.117s][debug][gc,phases      ] GC(153)   StringDedup Requests0 Weak     Min:  0.0, Avg:  0.0, Max:  0.0, Diff:  0.0, Sum:  0.0, Workers: 4
[3353.117s][debug][gc,phases      ] GC(153)     Dead                           Min: 0, Avg:  0.0, Max: 0, Diff: 0, Sum: 0, Workers: 4
[3353.117s][debug][gc,phases      ] GC(153)     Total                          Min: 0, Avg:  0.0, Max: 0, Diff: 0, Sum: 0, Workers: 4
[3353.117s][debug][gc,phases      ] GC(153)   StringDedup Requests1 Weak     Min:  0.0, Avg:  0.0, Max:  0.0, Diff:  0.0, Sum:  0.0, Workers: 4
[3353.117s][debug][gc,phases      ] GC(153)     Dead                           Min: 0, Avg:  0.0, Max: 0, Diff: 0, Sum: 0, Workers: 4
[3353.117s][debug][gc,phases      ] GC(153)     Total                          Min: 0, Avg:  0.0, Max: 0, Diff: 0, Sum: 0, Workers: 4
[3353.117s][debug][gc,phases      ] GC(153)   Weak JFR Old Object Samples    Min:  0.0, Avg:  0.0, Max:  0.0, Diff:  0.0, Sum:  0.0, Workers: 4
[3353.117s][debug][gc,phases      ] GC(153)     Dead                           Min: 0, Avg:  0.0, Max: 0, Diff: 0, Sum: 0, Workers: 4
[3353.117s][debug][gc,phases      ] GC(153)     Total                          Min: 0, Avg:  0.0, Max: 0, Diff: 0, Sum: 0, Workers: 4
[3353.117s][debug][gc,phases      ] GC(153) Weak Processing 0.918ms
[3353.117s][debug][gc,age         ] GC(153) Desired survivor size 6815744 bytes, new threshold 1 (max threshold 15)
[3353.117s][info ][gc,heap        ] GC(153) PSYoungGen: 2088432K(2089984K)->5584K(2090496K) Eden: 2083328K(2083328K)->0K(2083840K) From: 5104K(6656K)->5584K(6656K)
[3353.117s][info ][gc,heap        ] GC(153) ParOldGen: 429579K(430080K)->430539K(430592K)
[3353.117s][info ][gc,metaspace   ] GC(153) Metaspace: 111492K(112896K)->111492K(112896K) NonClass: 94954K(95744K)->94954K(95744K) Class: 16538K(17152K)->16538K(17152K)
[3353.117s][info ][gc             ] GC(153) Pause Young (Allocation Failure) 2458M->425M(2462M) 25.871ms
[3353.117s][info ][gc,cpu         ] GC(153) User=0.02s Sys=0.00s Real=0.03s
[3353.117s][info ][safepoint      ] Safepoint "ParallelGCFailedAllocation", Time since last: 10012531509 ns, Reaching safepoint: 86302 ns, Cleanup: 5401 ns, At safepoint: 25982204 ns, Total: 26073907 ns
[3358.118s][info ][safepoint      ] Safepoint "Cleanup", Time since last: 5001435104 ns, Reaching safepoint: 10400 ns, Cleanup: 17701 ns, At safepoint: 2400 ns, Total: 30501 ns
[3375.447s][info ][safepoint      ] Safepoint "Cleanup", Time since last: 17328029056 ns, Reaching safepoint: 86003 ns, Cleanup: 13200 ns, At safepoint: 7600 ns, Total: 106803 ns
[3376.291s][info ][gc,start       ] GC(154) Pause Young (Allocation Failure)
[3376.296s][debug][gc,phases      ] GC(154) Scavenge 5.233ms
[3376.296s][debug][gc,ref         ] GC(154) ReferenceProcessor::execute queues: 1, RefProcThreadModel::Single, marks_oops_alive: false
[3376.296s][debug][gc,ref         ] GC(154) Skipped KeepAliveFinalRefsPhase of Reference Processing: no references
[3376.296s][debug][gc,ref         ] GC(154) Skipped PhantomRefsPhase of Reference Processing: no references
[3376.296s][debug][gc,phases      ] GC(154) Reference Processing 0.134ms
[3376.296s][debug][gc,phases      ] GC(154)   VM Weak                        Min:  0.0, Avg:  0.0, Max:  0.0, Diff:  0.0, Sum:  0.0, Workers: 4
[3376.296s][debug][gc,phases      ] GC(154)     Dead                           Min: 0, Avg:  0.0, Max: 0, Diff: 0, Sum: 0, Workers: 4
[3376.297s][debug][gc,phases      ] GC(154)     Total                          Min: 0, Avg: 260.0, Max: 768, Diff: 768, Sum: 1040, Workers: 4
[3376.297s][debug][gc,phases      ] GC(154)   ObjectSynchronizer Weak        Min:  0.0, Avg:  0.0, Max:  0.0, Diff:  0.0, Sum:  0.0, Workers: 4
[3376.297s][debug][gc,phases      ] GC(154)     Dead                           Min: 0, Avg:  0.0, Max: 0, Diff: 0, Sum: 0, Workers: 4
[3376.297s][debug][gc,phases      ] GC(154)     Total                          Min: 0, Avg:  0.8, Max: 3, Diff: 3, Sum: 3, Workers: 4
[3376.297s][debug][gc,phases      ] GC(154)   JVMTI Tag Weak OopStorage      Min:  0.0, Avg:  0.0, Max:  0.0, Diff:  0.0, Sum:  0.0, Workers: 4
[3376.297s][debug][gc,phases      ] GC(154)     Dead                           Min: 0, Avg:  0.0, Max: 0, Diff: 0, Sum: 0, Workers: 4
[3376.297s][debug][gc,phases      ] GC(154)     Total                          Min: 0, Avg:  0.0, Max: 0, Diff: 0, Sum: 0, Workers: 4
[3376.297s][debug][gc,phases      ] GC(154)   StringTable Weak               Min:  0.0, Avg:  0.1, Max:  0.2, Diff:  0.2, Sum:  0.5, Workers: 4
[3376.297s][debug][gc,phases      ] GC(154)     Dead                           Min: 0, Avg:  0.0, Max: 0, Diff: 0, Sum: 0, Workers: 4
[3376.297s][debug][gc,phases      ] GC(154)     Total                          Min: 0, Avg: 11949.2, Max: 16448, Diff: 16448, Sum: 47797, Workers: 4
[3376.297s][debug][gc,phases      ] GC(154)   ResolvedMethodTable Weak       Min:  0.0, Avg:  0.0, Max:  0.1, Diff:  0.1, Sum:  0.2, Workers: 4
[3376.297s][debug][gc,phases      ] GC(154)     Dead                           Min: 0, Avg:  4.0, Max: 16, Diff: 16, Sum: 16, Workers: 4
[3376.297s][debug][gc,phases      ] GC(154)     Total                          Min: 0, Avg: 3909.2, Max: 5497, Diff: 5497, Sum: 15637, Workers: 4
[3376.297s][debug][gc,phases      ] GC(154)   JNI Weak                       Min:  0.0, Avg:  0.0, Max:  0.0, Diff:  0.0, Sum:  0.0, Workers: 4
[3376.297s][debug][gc,phases      ] GC(154)     Dead                           Min: 0, Avg:  0.0, Max: 0, Diff: 0, Sum: 0, Workers: 4
[3376.297s][debug][gc,phases      ] GC(154)     Total                          Min: 0, Avg: 13.0, Max: 48, Diff: 48, Sum: 52, Workers: 4
[3376.297s][debug][gc,phases      ] GC(154)   StringDedup Table Weak         Min:  0.0, Avg:  0.0, Max:  0.0, Diff:  0.0, Sum:  0.0, Workers: 4
[3376.297s][debug][gc,phases      ] GC(154)     Dead                           Min: 0, Avg:  0.0, Max: 0, Diff: 0, Sum: 0, Workers: 4
[3376.297s][debug][gc,phases      ] GC(154)     Total                          Min: 0, Avg:  0.0, Max: 0, Diff: 0, Sum: 0, Workers: 4
[3376.297s][debug][gc,phases      ] GC(154)   StringDedup Requests0 Weak     Min:  0.0, Avg:  0.0, Max:  0.0, Diff:  0.0, Sum:  0.0, Workers: 4
[3376.297s][debug][gc,phases      ] GC(154)     Dead                           Min: 0, Avg:  0.0, Max: 0, Diff: 0, Sum: 0, Workers: 4
[3376.297s][debug][gc,phases      ] GC(154)     Total                          Min: 0, Avg:  0.0, Max: 0, Diff: 0, Sum: 0, Workers: 4
[3376.297s][debug][gc,phases      ] GC(154)   StringDedup Requests1 Weak     Min:  0.0, Avg:  0.0, Max:  0.0, Diff:  0.0, Sum:  0.0, Workers: 4
[3376.297s][debug][gc,phases      ] GC(154)     Dead                           Min: 0, Avg:  0.0, Max: 0, Diff: 0, Sum: 0, Workers: 4
[3376.297s][debug][gc,phases      ] GC(154)     Total                          Min: 0, Avg:  0.0, Max: 0, Diff: 0, Sum: 0, Workers: 4
[3376.297s][debug][gc,phases      ] GC(154)   Weak JFR Old Object Samples    Min:  0.0, Avg:  0.0, Max:  0.0, Diff:  0.0, Sum:  0.0, Workers: 4
[3376.297s][debug][gc,phases      ] GC(154)     Dead                           Min: 0, Avg:  0.0, Max: 0, Diff: 0, Sum: 0, Workers: 4
[3376.297s][debug][gc,phases      ] GC(154)     Total                          Min: 0, Avg:  0.0, Max: 0, Diff: 0, Sum: 0, Workers: 4
[3376.297s][debug][gc,phases      ] GC(154) Weak Processing 0.456ms
[3376.297s][debug][gc,age         ] GC(154) Desired survivor size 6815744 bytes, new threshold 1 (max threshold 15)
[3376.297s][info ][gc,heap        ] GC(154) PSYoungGen: 2089424K(2090496K)->5168K(2090496K) Eden: 2083840K(2083840K)->0K(2083840K) From: 5584K(6656K)->5168K(6656K)
[3376.297s][info ][gc,heap        ] GC(154) ParOldGen: 430539K(430592K)->431832K(432128K)
[3376.297s][info ][gc,metaspace   ] GC(154) Metaspace: 111492K(112896K)->111492K(112896K) NonClass: 94954K(95744K)->94954K(95744K) Class: 16538K(17152K)->16538K(17152K)
[3376.297s][info ][gc             ] GC(154) Pause Young (Allocation Failure) 2460M->426M(2463M) 5.980ms
[3376.297s][info ][gc,cpu         ] GC(154) User=0.02s Sys=0.00s Real=0.01s
[3376.297s][info ][safepoint      ] Safepoint "ParallelGCFailedAllocation", Time since last: 844099699 ns, Reaching safepoint: 85303 ns, Cleanup: 5300 ns, At safepoint: 6075883 ns, Total: 6166486 ns
[3385.298s][info ][safepoint      ] Safepoint "Cleanup", Time since last: 9000770493 ns, Reaching safepoint: 86903 ns, Cleanup: 14600 ns, At safepoint: 9201 ns, Total: 110704 ns
[3388.298s][info ][safepoint      ] Safepoint "Cleanup", Time since last: 3000610515 ns, Reaching safepoint: 98503 ns, Cleanup: 13201 ns, At safepoint: 7400 ns, Total: 119104 ns
[3389.299s][info ][safepoint      ] Safepoint "Cleanup", Time since last: 1000152183 ns, Reaching safepoint: 88303 ns, Cleanup: 12900 ns, At safepoint: 13100 ns, Total: 114303 ns
[3399.300s][info ][safepoint      ] Safepoint "Cleanup", Time since last: 10001015590 ns, Reaching safepoint: 125004 ns, Cleanup: 13701 ns, At safepoint: 40401 ns, Total: 179106 ns
[3399.554s][info ][gc,start       ] GC(155) Pause Young (Allocation Failure)
[3399.562s][debug][gc,phases      ] GC(155) Scavenge 7.683ms
[3399.562s][debug][gc,ref         ] GC(155) ReferenceProcessor::execute queues: 1, RefProcThreadModel::Single, marks_oops_alive: false
[3399.562s][debug][gc,ref         ] GC(155) Skipped KeepAliveFinalRefsPhase of Reference Processing: no references
[3399.562s][debug][gc,ref         ] GC(155) Skipped PhantomRefsPhase of Reference Processing: no references
[3399.562s][debug][gc,phases      ] GC(155) Reference Processing 0.117ms
[3399.562s][debug][gc,phases      ] GC(155)   VM Weak                        Min:  0.0, Avg:  0.0, Max:  0.0, Diff:  0.0, Sum:  0.0, Workers: 4
[3399.562s][debug][gc,phases      ] GC(155)     Dead                           Min: 0, Avg:  0.0, Max: 0, Diff: 0, Sum: 0, Workers: 4
[3399.562s][debug][gc,phases      ] GC(155)     Total                          Min: 0, Avg: 260.0, Max: 592, Diff: 592, Sum: 1040, Workers: 4
[3399.562s][debug][gc,phases      ] GC(155)   ObjectSynchronizer Weak        Min:  0.0, Avg:  0.0, Max:  0.0, Diff:  0.0, Sum:  0.0, Workers: 4
[3399.562s][debug][gc,phases      ] GC(155)     Dead                           Min: 0, Avg:  0.0, Max: 0, Diff: 0, Sum: 0, Workers: 4
[3399.562s][debug][gc,phases      ] GC(155)     Total                          Min: 0, Avg:  1.0, Max: 4, Diff: 4, Sum: 4, Workers: 4
[3399.562s][debug][gc,phases      ] GC(155)   JVMTI Tag Weak OopStorage      Min:  0.0, Avg:  0.0, Max:  0.0, Diff:  0.0, Sum:  0.0, Workers: 4
[3399.562s][debug][gc,phases      ] GC(155)     Dead                           Min: 0, Avg:  0.0, Max: 0, Diff: 0, Sum: 0, Workers: 4
[3399.562s][debug][gc,phases      ] GC(155)     Total                          Min: 0, Avg:  0.0, Max: 0, Diff: 0, Sum: 0, Workers: 4
[3399.562s][debug][gc,phases      ] GC(155)   StringTable Weak               Min:  0.0, Avg:  0.1, Max:  0.2, Diff:  0.2, Sum:  0.5, Workers: 4
[3399.562s][debug][gc,phases      ] GC(155)     Dead                           Min: 0, Avg:  0.0, Max: 0, Diff: 0, Sum: 0, Workers: 4
[3399.562s][debug][gc,phases      ] GC(155)     Total                          Min: 0, Avg: 11949.2, Max: 16768, Diff: 16768, Sum: 47797, Workers: 4
[3399.562s][debug][gc,phases      ] GC(155)   ResolvedMethodTable Weak       Min:  0.0, Avg:  0.0, Max:  0.1, Diff:  0.1, Sum:  0.2, Workers: 4
[3399.562s][debug][gc,phases      ] GC(155)     Dead                           Min: 0, Avg:  4.0, Max: 16, Diff: 16, Sum: 16, Workers: 4
[3399.562s][debug][gc,phases      ] GC(155)     Total                          Min: 0, Avg: 3909.2, Max: 5732, Diff: 5732, Sum: 15637, Workers: 4
[3399.562s][debug][gc,phases      ] GC(155)   JNI Weak                       Min:  0.0, Avg:  0.0, Max:  0.0, Diff:  0.0, Sum:  0.0, Workers: 4
[3399.562s][debug][gc,phases      ] GC(155)     Dead                           Min: 0, Avg:  0.0, Max: 0, Diff: 0, Sum: 0, Workers: 4
[3399.562s][debug][gc,phases      ] GC(155)     Total                          Min: 0, Avg: 13.0, Max: 48, Diff: 48, Sum: 52, Workers: 4
[3399.562s][debug][gc,phases      ] GC(155)   StringDedup Table Weak         Min:  0.0, Avg:  0.0, Max:  0.0, Diff:  0.0, Sum:  0.0, Workers: 4
[3399.562s][debug][gc,phases      ] GC(155)     Dead                           Min: 0, Avg:  0.0, Max: 0, Diff: 0, Sum: 0, Workers: 4
[3399.562s][debug][gc,phases      ] GC(155)     Total                          Min: 0, Avg:  0.0, Max: 0, Diff: 0, Sum: 0, Workers: 4
[3399.562s][debug][gc,phases      ] GC(155)   StringDedup Requests0 Weak     Min:  0.0, Avg:  0.0, Max:  0.0, Diff:  0.0, Sum:  0.0, Workers: 4
[3399.562s][debug][gc,phases      ] GC(155)     Dead                           Min: 0, Avg:  0.0, Max: 0, Diff: 0, Sum: 0, Workers: 4
[3399.562s][debug][gc,phases      ] GC(155)     Total                          Min: 0, Avg:  0.0, Max: 0, Diff: 0, Sum: 0, Workers: 4
[3399.562s][debug][gc,phases      ] GC(155)   StringDedup Requests1 Weak     Min:  0.0, Avg:  0.0, Max:  0.0, Diff:  0.0, Sum:  0.0, Workers: 4
[3399.562s][debug][gc,phases      ] GC(155)     Dead                           Min: 0, Avg:  0.0, Max: 0, Diff: 0, Sum: 0, Workers: 4
[3399.562s][debug][gc,phases      ] GC(155)     Total                          Min: 0, Avg:  0.0, Max: 0, Diff: 0, Sum: 0, Workers: 4
[3399.562s][debug][gc,phases      ] GC(155)   Weak JFR Old Object Samples    Min:  0.0, Avg:  0.0, Max:  0.0, Diff:  0.0, Sum:  0.0, Workers: 4
[3399.562s][debug][gc,phases      ] GC(155)     Dead                           Min: 0, Avg:  0.0, Max: 0, Diff: 0, Sum: 0, Workers: 4
[3399.562s][debug][gc,phases      ] GC(155)     Total                          Min: 0, Avg:  0.0, Max: 0, Diff: 0, Sum: 0, Workers: 4
[3399.562s][debug][gc,phases      ] GC(155) Weak Processing 0.481ms
[3399.562s][debug][gc,age         ] GC(155) Desired survivor size 6815744 bytes, new threshold 1 (max threshold 15)
[3399.562s][info ][gc,heap        ] GC(155) PSYoungGen: 2089008K(2090496K)->5552K(2090496K) Eden: 2083840K(2083840K)->0K(2083840K) From: 5168K(6656K)->5552K(6656K)
[3399.562s][info ][gc,heap        ] GC(155) ParOldGen: 431832K(432128K)->432804K(433152K)
[3399.562s][info ][gc,metaspace   ] GC(155) Metaspace: 111492K(112896K)->111492K(112896K) NonClass: 94954K(95744K)->94954K(95744K) Class: 16538K(17152K)->16538K(17152K)
[3399.562s][info ][gc             ] GC(155) Pause Young (Allocation Failure) 2461M->428M(2464M) 8.419ms
[3399.562s][info ][gc,cpu         ] GC(155) User=0.02s Sys=0.00s Real=0.00s
[3399.562s][info ][safepoint      ] Safepoint "ParallelGCFailedAllocation", Time since last: 253904528 ns, Reaching safepoint: 84302 ns, Cleanup: 4200 ns, At safepoint: 8509466 ns, Total: 8597968 ns
[3413.564s][info ][safepoint      ] Safepoint "Cleanup", Time since last: 14001125591 ns, Reaching safepoint: 11801 ns, Cleanup: 14900 ns, At safepoint: 3300 ns, Total: 30001 ns
[3423.509s][info ][gc,start       ] GC(156) Pause Young (Allocation Failure)
[3423.514s][debug][gc,phases      ] GC(156) Scavenge 4.973ms
[3423.514s][debug][gc,ref         ] GC(156) ReferenceProcessor::execute queues: 1, RefProcThreadModel::Single, marks_oops_alive: false
[3423.514s][debug][gc,ref         ] GC(156) Skipped KeepAliveFinalRefsPhase of Reference Processing: no references
[3423.514s][debug][gc,ref         ] GC(156) Skipped PhantomRefsPhase of Reference Processing: no references
[3423.514s][debug][gc,phases      ] GC(156) Reference Processing 0.147ms
[3423.514s][debug][gc,phases      ] GC(156)   VM Weak                        Min:  0.0, Avg:  0.0, Max:  0.0, Diff:  0.0, Sum:  0.0, Workers: 4
[3423.514s][debug][gc,phases      ] GC(156)     Dead                           Min: 0, Avg:  0.0, Max: 0, Diff: 0, Sum: 0, Workers: 4
[3423.514s][debug][gc,phases      ] GC(156)     Total                          Min: 0, Avg: 260.0, Max: 464, Diff: 464, Sum: 1040, Workers: 4
[3423.514s][debug][gc,phases      ] GC(156)   ObjectSynchronizer Weak        Min:  0.0, Avg:  0.0, Max:  0.0, Diff:  0.0, Sum:  0.0, Workers: 4
[3423.514s][debug][gc,phases      ] GC(156)     Dead                           Min: 0, Avg:  0.0, Max: 0, Diff: 0, Sum: 0, Workers: 4
[3423.514s][debug][gc,phases      ] GC(156)     Total                          Min: 0, Avg:  0.8, Max: 3, Diff: 3, Sum: 3, Workers: 4
[3423.514s][debug][gc,phases      ] GC(156)   JVMTI Tag Weak OopStorage      Min:  0.0, Avg:  0.0, Max:  0.0, Diff:  0.0, Sum:  0.0, Workers: 4
[3423.514s][debug][gc,phases      ] GC(156)     Dead                           Min: 0, Avg:  0.0, Max: 0, Diff: 0, Sum: 0, Workers: 4
[3423.514s][debug][gc,phases      ] GC(156)     Total                          Min: 0, Avg:  0.0, Max: 0, Diff: 0, Sum: 0, Workers: 4
[3423.514s][debug][gc,phases      ] GC(156)   StringTable Weak               Min:  0.0, Avg:  0.1, Max:  0.2, Diff:  0.2, Sum:  0.5, Workers: 4
[3423.514s][debug][gc,phases      ] GC(156)     Dead                           Min: 0, Avg:  0.0, Max: 0, Diff: 0, Sum: 0, Workers: 4
[3423.514s][debug][gc,phases      ] GC(156)     Total                          Min: 0, Avg: 11949.2, Max: 16565, Diff: 16565, Sum: 47797, Workers: 4
[3423.514s][debug][gc,phases      ] GC(156)   ResolvedMethodTable Weak       Min:  0.0, Avg:  0.0, Max:  0.1, Diff:  0.1, Sum:  0.2, Workers: 4
[3423.514s][debug][gc,phases      ] GC(156)     Dead                           Min: 0, Avg:  4.0, Max: 16, Diff: 16, Sum: 16, Workers: 4
[3423.514s][debug][gc,phases      ] GC(156)     Total                          Min: 0, Avg: 3909.2, Max: 5469, Diff: 5469, Sum: 15637, Workers: 4
[3423.514s][debug][gc,phases      ] GC(156)   JNI Weak                       Min:  0.0, Avg:  0.0, Max:  0.0, Diff:  0.0, Sum:  0.0, Workers: 4
[3423.514s][debug][gc,phases      ] GC(156)     Dead                           Min: 0, Avg:  0.0, Max: 0, Diff: 0, Sum: 0, Workers: 4
[3423.514s][debug][gc,phases      ] GC(156)     Total                          Min: 0, Avg: 13.0, Max: 48, Diff: 48, Sum: 52, Workers: 4
[3423.514s][debug][gc,phases      ] GC(156)   StringDedup Table Weak         Min:  0.0, Avg:  0.0, Max:  0.0, Diff:  0.0, Sum:  0.0, Workers: 4
[3423.514s][debug][gc,phases      ] GC(156)     Dead                           Min: 0, Avg:  0.0, Max: 0, Diff: 0, Sum: 0, Workers: 4
[3423.514s][debug][gc,phases      ] GC(156)     Total                          Min: 0, Avg:  0.0, Max: 0, Diff: 0, Sum: 0, Workers: 4
[3423.514s][debug][gc,phases      ] GC(156)   StringDedup Requests0 Weak     Min:  0.0, Avg:  0.0, Max:  0.0, Diff:  0.0, Sum:  0.0, Workers: 4
[3423.514s][debug][gc,phases      ] GC(156)     Dead                           Min: 0, Avg:  0.0, Max: 0, Diff: 0, Sum: 0, Workers: 4
[3423.514s][debug][gc,phases      ] GC(156)     Total                          Min: 0, Avg:  0.0, Max: 0, Diff: 0, Sum: 0, Workers: 4
[3423.514s][debug][gc,phases      ] GC(156)   StringDedup Requests1 Weak     Min:  0.0, Avg:  0.0, Max:  0.0, Diff:  0.0, Sum:  0.0, Workers: 4
[3423.514s][debug][gc,phases      ] GC(156)     Dead                           Min: 0, Avg:  0.0, Max: 0, Diff: 0, Sum: 0, Workers: 4
[3423.514s][debug][gc,phases      ] GC(156)     Total                          Min: 0, Avg:  0.0, Max: 0, Diff: 0, Sum: 0, Workers: 4
[3423.514s][debug][gc,phases      ] GC(156)   Weak JFR Old Object Samples    Min:  0.0, Avg:  0.0, Max:  0.0, Diff:  0.0, Sum:  0.0, Workers: 4
[3423.514s][debug][gc,phases      ] GC(156)     Dead                           Min: 0, Avg:  0.0, Max: 0, Diff: 0, Sum: 0, Workers: 4
[3423.514s][debug][gc,phases      ] GC(156)     Total                          Min: 0, Avg:  0.0, Max: 0, Diff: 0, Sum: 0, Workers: 4
[3423.514s][debug][gc,phases      ] GC(156) Weak Processing 0.491ms
[3423.514s][debug][gc,age         ] GC(156) Desired survivor size 6815744 bytes, new threshold 1 (max threshold 15)
[3423.514s][info ][gc,heap        ] GC(156) PSYoungGen: 2089314K(2090496K)->5200K(2090496K) Eden: 2083761K(2083840K)->0K(2083840K) From: 5552K(6656K)->5200K(6656K)
[3423.514s][info ][gc,heap        ] GC(156) ParOldGen: 432804K(433152K)->433872K(434176K)
[3423.514s][info ][gc,metaspace   ] GC(156) Metaspace: 111494K(112896K)->111494K(112896K) NonClass: 94956K(95744K)->94956K(95744K) Class: 16538K(17152K)->16538K(17152K)
[3423.514s][info ][gc             ] GC(156) Pause Young (Allocation Failure) 2463M->428M(2465M) 5.785ms
[3423.514s][info ][gc,cpu         ] GC(156) User=0.01s Sys=0.00s Real=0.01s
[3423.514s][info ][safepoint      ] Safepoint "ParallelGCFailedAllocation", Time since last: 9945014771 ns, Reaching safepoint: 9000 ns, Cleanup: 5900 ns, At safepoint: 5876183 ns, Total: 5891083 ns
[3431.515s][info ][safepoint      ] Safepoint "Cleanup", Time since last: 8000662336 ns, Reaching safepoint: 10900 ns, Cleanup: 15001 ns, At safepoint: 2600 ns, Total: 28501 ns
[3435.515s][info ][safepoint      ] Safepoint "Cleanup", Time since last: 4000344473 ns, Reaching safepoint: 9800 ns, Cleanup: 13701 ns, At safepoint: 2900 ns, Total: 26401 ns
[3441.516s][info ][safepoint      ] Safepoint "Cleanup", Time since last: 6000514806 ns, Reaching safepoint: 8800 ns, Cleanup: 12000 ns, At safepoint: 2901 ns, Total: 23701 ns
[3443.516s][info ][safepoint      ] Safepoint "Cleanup", Time since last: 2000228466 ns, Reaching safepoint: 81702 ns, Cleanup: 13401 ns, At safepoint: 7100 ns, Total: 102203 ns
[3447.741s][info ][gc,start       ] GC(157) Pause Young (Allocation Failure)
[3447.745s][debug][gc,phases      ] GC(157) Scavenge 4.579ms
[3447.746s][debug][gc,ref         ] GC(157) ReferenceProcessor::execute queues: 1, RefProcThreadModel::Single, marks_oops_alive: false
[3447.746s][debug][gc,ref         ] GC(157) Skipped KeepAliveFinalRefsPhase of Reference Processing: no references
[3447.746s][debug][gc,ref         ] GC(157) ReferenceProcessor::execute queues: 1, RefProcThreadModel::Single, marks_oops_alive: false
[3447.746s][debug][gc,phases      ] GC(157) Reference Processing 0.149ms
[3447.746s][debug][gc,phases      ] GC(157)   VM Weak                        Min:  0.0, Avg:  0.0, Max:  0.0, Diff:  0.0, Sum:  0.0, Workers: 4
[3447.746s][debug][gc,phases      ] GC(157)     Dead                           Min: 0, Avg:  0.0, Max: 0, Diff: 0, Sum: 0, Workers: 4
[3447.746s][debug][gc,phases      ] GC(157)     Total                          Min: 0, Avg: 260.0, Max: 640, Diff: 640, Sum: 1040, Workers: 4
[3447.746s][debug][gc,phases      ] GC(157)   ObjectSynchronizer Weak        Min:  0.0, Avg:  0.0, Max:  0.0, Diff:  0.0, Sum:  0.0, Workers: 4
[3447.746s][debug][gc,phases      ] GC(157)     Dead                           Min: 0, Avg:  0.0, Max: 0, Diff: 0, Sum: 0, Workers: 4
[3447.746s][debug][gc,phases      ] GC(157)     Total                          Min: 0, Avg:  1.0, Max: 4, Diff: 4, Sum: 4, Workers: 4
[3447.746s][debug][gc,phases      ] GC(157)   JVMTI Tag Weak OopStorage      Min:  0.0, Avg:  0.0, Max:  0.0, Diff:  0.0, Sum:  0.0, Workers: 4
[3447.746s][debug][gc,phases      ] GC(157)     Dead                           Min: 0, Avg:  0.0, Max: 0, Diff: 0, Sum: 0, Workers: 4
[3447.746s][debug][gc,phases      ] GC(157)     Total                          Min: 0, Avg:  0.0, Max: 0, Diff: 0, Sum: 0, Workers: 4
[3447.746s][debug][gc,phases      ] GC(157)   StringTable Weak               Min:  0.0, Avg:  0.1, Max:  0.2, Diff:  0.2, Sum:  0.5, Workers: 4
[3447.746s][debug][gc,phases      ] GC(157)     Dead                           Min: 0, Avg:  0.0, Max: 0, Diff: 0, Sum: 0, Workers: 4
[3447.746s][debug][gc,phases      ] GC(157)     Total                          Min: 0, Avg: 11949.2, Max: 16576, Diff: 16576, Sum: 47797, Workers: 4
[3447.746s][debug][gc,phases      ] GC(157)   ResolvedMethodTable Weak       Min:  0.0, Avg:  0.0, Max:  0.1, Diff:  0.1, Sum:  0.2, Workers: 4
[3447.746s][debug][gc,phases      ] GC(157)     Dead                           Min: 0, Avg:  4.0, Max: 16, Diff: 16, Sum: 16, Workers: 4
[3447.746s][debug][gc,phases      ] GC(157)     Total                          Min: 0, Avg: 3909.2, Max: 5551, Diff: 5551, Sum: 15637, Workers: 4
[3447.746s][debug][gc,phases      ] GC(157)   JNI Weak                       Min:  0.0, Avg:  0.0, Max:  0.0, Diff:  0.0, Sum:  0.0, Workers: 4
[3447.746s][debug][gc,phases      ] GC(157)     Dead                           Min: 0, Avg:  0.0, Max: 0, Diff: 0, Sum: 0, Workers: 4
[3447.746s][debug][gc,phases      ] GC(157)     Total                          Min: 0, Avg: 13.0, Max: 48, Diff: 48, Sum: 52, Workers: 4
[3447.746s][debug][gc,phases      ] GC(157)   StringDedup Table Weak         Min:  0.0, Avg:  0.0, Max:  0.0, Diff:  0.0, Sum:  0.0, Workers: 4
[3447.746s][debug][gc,phases      ] GC(157)     Dead                           Min: 0, Avg:  0.0, Max: 0, Diff: 0, Sum: 0, Workers: 4
[3447.746s][debug][gc,phases      ] GC(157)     Total                          Min: 0, Avg:  0.0, Max: 0, Diff: 0, Sum: 0, Workers: 4
[3447.746s][debug][gc,phases      ] GC(157)   StringDedup Requests0 Weak     Min:  0.0, Avg:  0.0, Max:  0.0, Diff:  0.0, Sum:  0.0, Workers: 4
[3447.746s][debug][gc,phases      ] GC(157)     Dead                           Min: 0, Avg:  0.0, Max: 0, Diff: 0, Sum: 0, Workers: 4
[3447.746s][debug][gc,phases      ] GC(157)     Total                          Min: 0, Avg:  0.0, Max: 0, Diff: 0, Sum: 0, Workers: 4
[3447.746s][debug][gc,phases      ] GC(157)   StringDedup Requests1 Weak     Min:  0.0, Avg:  0.0, Max:  0.0, Diff:  0.0, Sum:  0.0, Workers: 4
[3447.746s][debug][gc,phases      ] GC(157)     Dead                           Min: 0, Avg:  0.0, Max: 0, Diff: 0, Sum: 0, Workers: 4
[3447.746s][debug][gc,phases      ] GC(157)     Total                          Min: 0, Avg:  0.0, Max: 0, Diff: 0, Sum: 0, Workers: 4
[3447.746s][debug][gc,phases      ] GC(157)   Weak JFR Old Object Samples    Min:  0.0, Avg:  0.0, Max:  0.0, Diff:  0.0, Sum:  0.0, Workers: 4
[3447.746s][debug][gc,phases      ] GC(157)     Dead                           Min: 0, Avg:  0.0, Max: 0, Diff: 0, Sum: 0, Workers: 4
[3447.746s][debug][gc,phases      ] GC(157)     Total                          Min: 0, Avg:  0.0, Max: 0, Diff: 0, Sum: 0, Workers: 4
[3447.746s][debug][gc,phases      ] GC(157) Weak Processing 0.505ms
[3447.746s][debug][gc,age         ] GC(157) Desired survivor size 6815744 bytes, new threshold 1 (max threshold 15)
[3447.746s][info ][gc,heap        ] GC(157) PSYoungGen: 2089040K(2090496K)->5344K(2090496K) Eden: 2083840K(2083840K)->0K(2083840K) From: 5200K(6656K)->5344K(6656K)
[3447.746s][info ][gc,heap        ] GC(157) ParOldGen: 433872K(434176K)->434913K(435200K)
[3447.746s][info ][gc,metaspace   ] GC(157) Metaspace: 111500K(112896K)->111500K(112896K) NonClass: 94962K(95744K)->94962K(95744K) Class: 16538K(17152K)->16538K(17152K)
[3447.746s][info ][gc             ] GC(157) Pause Young (Allocation Failure) 2463M->429M(2466M) 5.391ms
[3447.746s][info ][gc,cpu         ] GC(157) User=0.01s Sys=0.00s Real=0.01s
[3447.746s][info ][safepoint      ] Safepoint "ParallelGCFailedAllocation", Time since last: 4224360704 ns, Reaching safepoint: 84002 ns, Cleanup: 4701 ns, At safepoint: 5482369 ns, Total: 5571072 ns
[3457.747s][info ][safepoint      ] Safepoint "Cleanup", Time since last: 10000862796 ns, Reaching safepoint: 85403 ns, Cleanup: 10300 ns, At safepoint: 7400 ns, Total: 103103 ns
[3471.490s][info ][gc,start       ] GC(158) Pause Young (Allocation Failure)
[3471.495s][debug][gc,phases      ] GC(158) Scavenge 4.470ms
[3471.495s][debug][gc,ref         ] GC(158) ReferenceProcessor::execute queues: 1, RefProcThreadModel::Single, marks_oops_alive: false
[3471.495s][debug][gc,ref         ] GC(158) Skipped KeepAliveFinalRefsPhase of Reference Processing: no references
[3471.495s][debug][gc,ref         ] GC(158) ReferenceProcessor::execute queues: 1, RefProcThreadModel::Single, marks_oops_alive: false
[3471.495s][debug][gc,phases      ] GC(158) Reference Processing 0.121ms
[3471.495s][debug][gc,phases      ] GC(158)   VM Weak                        Min:  0.0, Avg:  0.0, Max:  0.0, Diff:  0.0, Sum:  0.0, Workers: 4
[3471.495s][debug][gc,phases      ] GC(158)     Dead                           Min: 0, Avg:  0.0, Max: 0, Diff: 0, Sum: 0, Workers: 4
[3471.495s][debug][gc,phases      ] GC(158)     Total                          Min: 0, Avg: 260.0, Max: 832, Diff: 832, Sum: 1040, Workers: 4
[3471.495s][debug][gc,phases      ] GC(158)   ObjectSynchronizer Weak        Min:  0.0, Avg:  0.0, Max:  0.0, Diff:  0.0, Sum:  0.0, Workers: 4
[3471.495s][debug][gc,phases      ] GC(158)     Dead                           Min: 0, Avg:  0.0, Max: 0, Diff: 0, Sum: 0, Workers: 4
[3471.495s][debug][gc,phases      ] GC(158)     Total                          Min: 0, Avg:  1.0, Max: 4, Diff: 4, Sum: 4, Workers: 4
[3471.495s][debug][gc,phases      ] GC(158)   JVMTI Tag Weak OopStorage      Min:  0.0, Avg:  0.0, Max:  0.0, Diff:  0.0, Sum:  0.0, Workers: 4
[3471.495s][debug][gc,phases      ] GC(158)     Dead                           Min: 0, Avg:  0.0, Max: 0, Diff: 0, Sum: 0, Workers: 4
[3471.495s][debug][gc,phases      ] GC(158)     Total                          Min: 0, Avg:  0.0, Max: 0, Diff: 0, Sum: 0, Workers: 4
[3471.495s][debug][gc,phases      ] GC(158)   StringTable Weak               Min:  0.1, Avg:  0.1, Max:  0.1, Diff:  0.0, Sum:  0.5, Workers: 4
[3471.495s][debug][gc,phases      ] GC(158)     Dead                           Min: 0, Avg:  0.0, Max: 0, Diff: 0, Sum: 0, Workers: 4
[3471.495s][debug][gc,phases      ] GC(158)     Total                          Min: 10880, Avg: 11949.2, Max: 13941, Diff: 3061, Sum: 47797, Workers: 4
[3471.495s][debug][gc,phases      ] GC(158)   ResolvedMethodTable Weak       Min:  0.0, Avg:  0.0, Max:  0.0, Diff:  0.0, Sum:  0.2, Workers: 4
[3471.495s][debug][gc,phases      ] GC(158)     Dead                           Min: 0, Avg:  4.0, Max: 16, Diff: 16, Sum: 16, Workers: 4
[3471.495s][debug][gc,phases      ] GC(158)     Total                          Min: 3690, Avg: 3909.2, Max: 4137, Diff: 447, Sum: 15637, Workers: 4
[3471.495s][debug][gc,phases      ] GC(158)   JNI Weak                       Min:  0.0, Avg:  0.0, Max:  0.0, Diff:  0.0, Sum:  0.0, Workers: 4
[3471.495s][debug][gc,phases      ] GC(158)     Dead                           Min: 0, Avg:  0.0, Max: 0, Diff: 0, Sum: 0, Workers: 4
[3471.495s][debug][gc,phases      ] GC(158)     Total                          Min: 0, Avg: 13.0, Max: 48, Diff: 48, Sum: 52, Workers: 4
[3471.495s][debug][gc,phases      ] GC(158)   StringDedup Table Weak         Min:  0.0, Avg:  0.0, Max:  0.0, Diff:  0.0, Sum:  0.0, Workers: 4
[3471.495s][debug][gc,phases      ] GC(158)     Dead                           Min: 0, Avg:  0.0, Max: 0, Diff: 0, Sum: 0, Workers: 4
[3471.495s][debug][gc,phases      ] GC(158)     Total                          Min: 0, Avg:  0.0, Max: 0, Diff: 0, Sum: 0, Workers: 4
[3471.495s][debug][gc,phases      ] GC(158)   StringDedup Requests0 Weak     Min:  0.0, Avg:  0.0, Max:  0.0, Diff:  0.0, Sum:  0.0, Workers: 4
[3471.495s][debug][gc,phases      ] GC(158)     Dead                           Min: 0, Avg:  0.0, Max: 0, Diff: 0, Sum: 0, Workers: 4
[3471.496s][debug][gc,phases      ] GC(158)     Total                          Min: 0, Avg:  0.0, Max: 0, Diff: 0, Sum: 0, Workers: 4
[3471.496s][debug][gc,phases      ] GC(158)   StringDedup Requests1 Weak     Min:  0.0, Avg:  0.0, Max:  0.0, Diff:  0.0, Sum:  0.0, Workers: 4
[3471.496s][debug][gc,phases      ] GC(158)     Dead                           Min: 0, Avg:  0.0, Max: 0, Diff: 0, Sum: 0, Workers: 4
[3471.496s][debug][gc,phases      ] GC(158)     Total                          Min: 0, Avg:  0.0, Max: 0, Diff: 0, Sum: 0, Workers: 4
[3471.496s][debug][gc,phases      ] GC(158)   Weak JFR Old Object Samples    Min:  0.0, Avg:  0.0, Max:  0.0, Diff:  0.0, Sum:  0.0, Workers: 4
[3471.496s][debug][gc,phases      ] GC(158)     Dead                           Min: 0, Avg:  0.0, Max: 0, Diff: 0, Sum: 0, Workers: 4
[3471.496s][debug][gc,phases      ] GC(158)     Total                          Min: 0, Avg:  0.0, Max: 0, Diff: 0, Sum: 0, Workers: 4
[3471.496s][debug][gc,phases      ] GC(158) Weak Processing 0.416ms
[3471.496s][debug][gc,age         ] GC(158) Desired survivor size 6291456 bytes, new threshold 1 (max threshold 15)
[3471.496s][info ][gc,heap        ] GC(158) PSYoungGen: 2089184K(2090496K)->5136K(2090496K) Eden: 2083840K(2083840K)->0K(2083840K) From: 5344K(6656K)->5136K(6656K)
[3471.496s][info ][gc,heap        ] GC(158) ParOldGen: 434913K(435200K)->436189K(436224K)
[3471.496s][info ][gc,metaspace   ] GC(158) Metaspace: 111505K(112896K)->111505K(112896K) NonClass: 94967K(95744K)->94967K(95744K) Class: 16538K(17152K)->16538K(17152K)
[3471.496s][info ][gc             ] GC(158) Pause Young (Allocation Failure) 2464M->430M(2467M) 5.156ms
[3471.496s][info ][gc,cpu         ] GC(158) User=0.02s Sys=0.00s Real=0.01s
[3471.496s][info ][safepoint      ] Safepoint "ParallelGCFailedAllocation", Time since last: 13743064975 ns, Reaching safepoint: 79003 ns, Cleanup: 11000 ns, At safepoint: 5246862 ns, Total: 5336865 ns
[3478.496s][info ][safepoint      ] Safepoint "Cleanup", Time since last: 7000564996 ns, Reaching safepoint: 88103 ns, Cleanup: 12300 ns, At safepoint: 8600 ns, Total: 109003 ns
[3495.059s][info ][gc,start       ] GC(159) Pause Young (Allocation Failure)
[3495.064s][debug][gc,phases      ] GC(159) Scavenge 5.141ms
[3495.064s][debug][gc,ref         ] GC(159) ReferenceProcessor::execute queues: 1, RefProcThreadModel::Single, marks_oops_alive: false
[3495.064s][debug][gc,ref         ] GC(159) Skipped KeepAliveFinalRefsPhase of Reference Processing: no references
[3495.064s][debug][gc,ref         ] GC(159) Skipped PhantomRefsPhase of Reference Processing: no references
[3495.064s][debug][gc,phases      ] GC(159) Reference Processing 0.115ms
[3495.064s][debug][gc,phases      ] GC(159)   VM Weak                        Min:  0.0, Avg:  0.0, Max:  0.0, Diff:  0.0, Sum:  0.0, Workers: 4
[3495.064s][debug][gc,phases      ] GC(159)     Dead                           Min: 0, Avg:  0.0, Max: 0, Diff: 0, Sum: 0, Workers: 4
[3495.064s][debug][gc,phases      ] GC(159)     Total                          Min: 0, Avg: 260.0, Max: 704, Diff: 704, Sum: 1040, Workers: 4
[3495.064s][debug][gc,phases      ] GC(159)   ObjectSynchronizer Weak        Min:  0.0, Avg:  0.0, Max:  0.0, Diff:  0.0, Sum:  0.0, Workers: 4
[3495.064s][debug][gc,phases      ] GC(159)     Dead                           Min: 0, Avg:  0.0, Max: 0, Diff: 0, Sum: 0, Workers: 4
[3495.064s][debug][gc,phases      ] GC(159)     Total                          Min: 0, Avg:  0.8, Max: 3, Diff: 3, Sum: 3, Workers: 4
[3495.064s][debug][gc,phases      ] GC(159)   JVMTI Tag Weak OopStorage      Min:  0.0, Avg:  0.0, Max:  0.0, Diff:  0.0, Sum:  0.0, Workers: 4
[3495.064s][debug][gc,phases      ] GC(159)     Dead                           Min: 0, Avg:  0.0, Max: 0, Diff: 0, Sum: 0, Workers: 4
[3495.064s][debug][gc,phases      ] GC(159)     Total                          Min: 0, Avg:  0.0, Max: 0, Diff: 0, Sum: 0, Workers: 4
[3495.064s][debug][gc,phases      ] GC(159)   StringTable Weak               Min:  0.0, Avg:  0.1, Max:  0.2, Diff:  0.2, Sum:  0.5, Workers: 4
[3495.064s][debug][gc,phases      ] GC(159)     Dead                           Min: 0, Avg:  0.0, Max: 0, Diff: 0, Sum: 0, Workers: 4
[3495.064s][debug][gc,phases      ] GC(159)     Total                          Min: 0, Avg: 11949.2, Max: 17984, Diff: 17984, Sum: 47797, Workers: 4
[3495.064s][debug][gc,phases      ] GC(159)   ResolvedMethodTable Weak       Min:  0.0, Avg:  0.0, Max:  0.1, Diff:  0.1, Sum:  0.2, Workers: 4
[3495.064s][debug][gc,phases      ] GC(159)     Dead                           Min: 0, Avg:  4.0, Max: 16, Diff: 16, Sum: 16, Workers: 4
[3495.064s][debug][gc,phases      ] GC(159)     Total                          Min: 0, Avg: 3909.2, Max: 5716, Diff: 5716, Sum: 15637, Workers: 4
[3495.064s][debug][gc,phases      ] GC(159)   JNI Weak                       Min:  0.0, Avg:  0.0, Max:  0.0, Diff:  0.0, Sum:  0.0, Workers: 4
[3495.064s][debug][gc,phases      ] GC(159)     Dead                           Min: 0, Avg:  0.0, Max: 0, Diff: 0, Sum: 0, Workers: 4
[3495.064s][debug][gc,phases      ] GC(159)     Total                          Min: 0, Avg: 13.0, Max: 48, Diff: 48, Sum: 52, Workers: 4
[3495.064s][debug][gc,phases      ] GC(159)   StringDedup Table Weak         Min:  0.0, Avg:  0.0, Max:  0.0, Diff:  0.0, Sum:  0.0, Workers: 4
[3495.064s][debug][gc,phases      ] GC(159)     Dead                           Min: 0, Avg:  0.0, Max: 0, Diff: 0, Sum: 0, Workers: 4
[3495.064s][debug][gc,phases      ] GC(159)     Total                          Min: 0, Avg:  0.0, Max: 0, Diff: 0, Sum: 0, Workers: 4
[3495.064s][debug][gc,phases      ] GC(159)   StringDedup Requests0 Weak     Min:  0.0, Avg:  0.0, Max:  0.0, Diff:  0.0, Sum:  0.0, Workers: 4
[3495.064s][debug][gc,phases      ] GC(159)     Dead                           Min: 0, Avg:  0.0, Max: 0, Diff: 0, Sum: 0, Workers: 4
[3495.064s][debug][gc,phases      ] GC(159)     Total                          Min: 0, Avg:  0.0, Max: 0, Diff: 0, Sum: 0, Workers: 4
[3495.064s][debug][gc,phases      ] GC(159)   StringDedup Requests1 Weak     Min:  0.0, Avg:  0.0, Max:  0.0, Diff:  0.0, Sum:  0.0, Workers: 4
[3495.064s][debug][gc,phases      ] GC(159)     Dead                           Min: 0, Avg:  0.0, Max: 0, Diff: 0, Sum: 0, Workers: 4
[3495.064s][debug][gc,phases      ] GC(159)     Total                          Min: 0, Avg:  0.0, Max: 0, Diff: 0, Sum: 0, Workers: 4
[3495.064s][debug][gc,phases      ] GC(159)   Weak JFR Old Object Samples    Min:  0.0, Avg:  0.0, Max:  0.0, Diff:  0.0, Sum:  0.0, Workers: 4
[3495.064s][debug][gc,phases      ] GC(159)     Dead                           Min: 0, Avg:  0.0, Max: 0, Diff: 0, Sum: 0, Workers: 4
[3495.064s][debug][gc,phases      ] GC(159)     Total                          Min: 0, Avg:  0.0, Max: 0, Diff: 0, Sum: 0, Workers: 4
[3495.064s][debug][gc,phases      ] GC(159) Weak Processing 0.457ms
[3495.064s][debug][gc,age         ] GC(159) Desired survivor size 6291456 bytes, new threshold 1 (max threshold 15)
[3495.064s][info ][gc,heap        ] GC(159) PSYoungGen: 2088501K(2090496K)->4912K(2091008K) Eden: 2083365K(2083840K)->0K(2084864K) From: 5136K(6656K)->4912K(6144K)
[3495.064s][info ][gc,heap        ] GC(159) ParOldGen: 436189K(436224K)->437333K(437760K)
[3495.064s][info ][gc,metaspace   ] GC(159) Metaspace: 111505K(112896K)->111505K(112896K) NonClass: 94967K(95744K)->94967K(95744K) Class: 16538K(17152K)->16538K(17152K)
[3495.064s][info ][gc             ] GC(159) Pause Young (Allocation Failure) 2465M->431M(2469M) 5.899ms
[3495.064s][info ][gc,cpu         ] GC(159) User=0.01s Sys=0.01s Real=0.01s
[3495.064s][info ][safepoint      ] Safepoint "ParallelGCFailedAllocation", Time since last: 16562155413 ns, Reaching safepoint: 10400 ns, Cleanup: 6800 ns, At safepoint: 5999322 ns, Total: 6016522 ns
[3518.066s][info ][safepoint      ] Safepoint "Cleanup", Time since last: 23001853413 ns, Reaching safepoint: 8000 ns, Cleanup: 12001 ns, At safepoint: 2700 ns, Total: 22701 ns
[3520.191s][info ][gc,start       ] GC(160) Pause Young (Allocation Failure)
[3520.196s][debug][gc,phases      ] GC(160) Scavenge 4.728ms
[3520.196s][debug][gc,ref         ] GC(160) ReferenceProcessor::execute queues: 1, RefProcThreadModel::Single, marks_oops_alive: false
[3520.196s][debug][gc,ref         ] GC(160) Skipped KeepAliveFinalRefsPhase of Reference Processing: no references
[3520.196s][debug][gc,ref         ] GC(160) ReferenceProcessor::execute queues: 1, RefProcThreadModel::Single, marks_oops_alive: false
[3520.196s][debug][gc,phases      ] GC(160) Reference Processing 0.165ms
[3520.196s][debug][gc,phases      ] GC(160)   VM Weak                        Min:  0.0, Avg:  0.0, Max:  0.0, Diff:  0.0, Sum:  0.0, Workers: 4
[3520.196s][debug][gc,phases      ] GC(160)     Dead                           Min: 0, Avg:  0.0, Max: 0, Diff: 0, Sum: 0, Workers: 4
[3520.196s][debug][gc,phases      ] GC(160)     Total                          Min: 0, Avg: 260.0, Max: 1040, Diff: 1040, Sum: 1040, Workers: 4
[3520.196s][debug][gc,phases      ] GC(160)   ObjectSynchronizer Weak        Min:  0.0, Avg:  0.0, Max:  0.0, Diff:  0.0, Sum:  0.0, Workers: 4
[3520.196s][debug][gc,phases      ] GC(160)     Dead                           Min: 0, Avg:  0.0, Max: 0, Diff: 0, Sum: 0, Workers: 4
[3520.196s][debug][gc,phases      ] GC(160)     Total                          Min: 0, Avg:  1.0, Max: 4, Diff: 4, Sum: 4, Workers: 4
[3520.196s][debug][gc,phases      ] GC(160)   JVMTI Tag Weak OopStorage      Min:  0.0, Avg:  0.0, Max:  0.0, Diff:  0.0, Sum:  0.0, Workers: 4
[3520.196s][debug][gc,phases      ] GC(160)     Dead                           Min: 0, Avg:  0.0, Max: 0, Diff: 0, Sum: 0, Workers: 4
[3520.196s][debug][gc,phases      ] GC(160)     Total                          Min: 0, Avg:  0.0, Max: 0, Diff: 0, Sum: 0, Workers: 4
[3520.196s][debug][gc,phases      ] GC(160)   StringTable Weak               Min:  0.0, Avg:  0.1, Max:  0.5, Diff:  0.5, Sum:  0.5, Workers: 4
[3520.197s][debug][gc,phases      ] GC(160)     Dead                           Min: 0, Avg:  0.0, Max: 0, Diff: 0, Sum: 0, Workers: 4
[3520.197s][debug][gc,phases      ] GC(160)     Total                          Min: 0, Avg: 11949.2, Max: 47797, Diff: 47797, Sum: 47797, Workers: 4
[3520.197s][debug][gc,phases      ] GC(160)   ResolvedMethodTable Weak       Min:  0.0, Avg:  0.0, Max:  0.2, Diff:  0.2, Sum:  0.2, Workers: 4
[3520.197s][debug][gc,phases      ] GC(160)     Dead                           Min: 0, Avg:  4.0, Max: 16, Diff: 16, Sum: 16, Workers: 4
[3520.197s][debug][gc,phases      ] GC(160)     Total                          Min: 0, Avg: 3909.2, Max: 15637, Diff: 15637, Sum: 15637, Workers: 4
[3520.197s][debug][gc,phases      ] GC(160)   JNI Weak                       Min:  0.0, Avg:  0.0, Max:  0.0, Diff:  0.0, Sum:  0.0, Workers: 4
[3520.197s][debug][gc,phases      ] GC(160)     Dead                           Min: 0, Avg:  0.0, Max: 0, Diff: 0, Sum: 0, Workers: 4
[3520.197s][debug][gc,phases      ] GC(160)     Total                          Min: 0, Avg: 13.0, Max: 52, Diff: 52, Sum: 52, Workers: 4
[3520.197s][debug][gc,phases      ] GC(160)   StringDedup Table Weak         Min:  0.0, Avg:  0.0, Max:  0.0, Diff:  0.0, Sum:  0.0, Workers: 4
[3520.197s][debug][gc,phases      ] GC(160)     Dead                           Min: 0, Avg:  0.0, Max: 0, Diff: 0, Sum: 0, Workers: 4
[3520.197s][debug][gc,phases      ] GC(160)     Total                          Min: 0, Avg:  0.0, Max: 0, Diff: 0, Sum: 0, Workers: 4
[3520.197s][debug][gc,phases      ] GC(160)   StringDedup Requests0 Weak     Min:  0.0, Avg:  0.0, Max:  0.0, Diff:  0.0, Sum:  0.0, Workers: 4
[3520.197s][debug][gc,phases      ] GC(160)     Dead                           Min: 0, Avg:  0.0, Max: 0, Diff: 0, Sum: 0, Workers: 4
[3520.197s][debug][gc,phases      ] GC(160)     Total                          Min: 0, Avg:  0.0, Max: 0, Diff: 0, Sum: 0, Workers: 4
[3520.197s][debug][gc,phases      ] GC(160)   StringDedup Requests1 Weak     Min:  0.0, Avg:  0.0, Max:  0.0, Diff:  0.0, Sum:  0.0, Workers: 4
[3520.197s][debug][gc,phases      ] GC(160)     Dead                           Min: 0, Avg:  0.0, Max: 0, Diff: 0, Sum: 0, Workers: 4
[3520.197s][debug][gc,phases      ] GC(160)     Total                          Min: 0, Avg:  0.0, Max: 0, Diff: 0, Sum: 0, Workers: 4
[3520.197s][debug][gc,phases      ] GC(160)   Weak JFR Old Object Samples    Min:  0.0, Avg:  0.0, Max:  0.0, Diff:  0.0, Sum:  0.0, Workers: 4
[3520.197s][debug][gc,phases      ] GC(160)     Dead                           Min: 0, Avg:  0.0, Max: 0, Diff: 0, Sum: 0, Workers: 4
[3520.197s][debug][gc,phases      ] GC(160)     Total                          Min: 0, Avg:  0.0, Max: 0, Diff: 0, Sum: 0, Workers: 4
[3520.197s][debug][gc,phases      ] GC(160) Weak Processing 0.939ms
[3520.197s][debug][gc,age         ] GC(160) Desired survivor size 6291456 bytes, new threshold 1 (max threshold 15)
[3520.197s][info ][gc,heap        ] GC(160) PSYoungGen: 2089776K(2091008K)->5456K(2091008K) Eden: 2084864K(2084864K)->0K(2084864K) From: 4912K(6144K)->5456K(6144K)
[3520.197s][info ][gc,heap        ] GC(160) ParOldGen: 437333K(437760K)->438125K(438272K)
[3520.197s][info ][gc,metaspace   ] GC(160) Metaspace: 111506K(112896K)->111506K(112896K) NonClass: 94968K(95744K)->94968K(95744K) Class: 16538K(17152K)->16538K(17152K)
[3520.197s][info ][gc             ] GC(160) Pause Young (Allocation Failure) 2467M->433M(2470M) 5.989ms
[3520.197s][info ][gc,cpu         ] GC(160) User=0.02s Sys=0.00s Real=0.01s
[3520.197s][info ][safepoint      ] Safepoint "ParallelGCFailedAllocation", Time since last: 2124224080 ns, Reaching safepoint: 86903 ns, Cleanup: 4900 ns, At safepoint: 6087596 ns, Total: 6179399 ns
[3521.197s][info ][safepoint      ] Safepoint "Cleanup", Time since last: 1000097399 ns, Reaching safepoint: 102704 ns, Cleanup: 12500 ns, At safepoint: 11600 ns, Total: 126804 ns
[3526.198s][info ][safepoint      ] Safepoint "Cleanup", Time since last: 5000468739 ns, Reaching safepoint: 86602 ns, Cleanup: 11401 ns, At safepoint: 8000 ns, Total: 106003 ns
[3541.199s][info ][safepoint      ] Safepoint "Cleanup", Time since last: 15001328190 ns, Reaching safepoint: 128504 ns, Cleanup: 18901 ns, At safepoint: 20701 ns, Total: 168106 ns
[3545.592s][info ][gc,start       ] GC(161) Pause Young (Allocation Failure)
[3545.597s][debug][gc,phases      ] GC(161) Scavenge 5.019ms
[3545.597s][debug][gc,ref         ] GC(161) ReferenceProcessor::execute queues: 1, RefProcThreadModel::Single, marks_oops_alive: false
[3545.597s][debug][gc,ref         ] GC(161) Skipped KeepAliveFinalRefsPhase of Reference Processing: no references
[3545.597s][debug][gc,ref         ] GC(161) ReferenceProcessor::execute queues: 1, RefProcThreadModel::Single, marks_oops_alive: false
[3545.597s][debug][gc,phases      ] GC(161) Reference Processing 0.160ms
[3545.597s][debug][gc,phases      ] GC(161)   VM Weak                        Min:  0.0, Avg:  0.0, Max:  0.0, Diff:  0.0, Sum:  0.0, Workers: 4
[3545.598s][debug][gc,phases      ] GC(161)     Dead                           Min: 0, Avg:  0.0, Max: 0, Diff: 0, Sum: 0, Workers: 4
[3545.598s][debug][gc,phases      ] GC(161)     Total                          Min: 0, Avg: 260.0, Max: 784, Diff: 784, Sum: 1040, Workers: 4
[3545.598s][debug][gc,phases      ] GC(161)   ObjectSynchronizer Weak        Min:  0.0, Avg:  0.0, Max:  0.0, Diff:  0.0, Sum:  0.0, Workers: 4
[3545.598s][debug][gc,phases      ] GC(161)     Dead                           Min: 0, Avg:  0.0, Max: 0, Diff: 0, Sum: 0, Workers: 4
[3545.598s][debug][gc,phases      ] GC(161)     Total                          Min: 0, Avg:  1.0, Max: 4, Diff: 4, Sum: 4, Workers: 4
[3545.598s][debug][gc,phases      ] GC(161)   JVMTI Tag Weak OopStorage      Min:  0.0, Avg:  0.0, Max:  0.0, Diff:  0.0, Sum:  0.0, Workers: 4
[3545.598s][debug][gc,phases      ] GC(161)     Dead                           Min: 0, Avg:  0.0, Max: 0, Diff: 0, Sum: 0, Workers: 4
[3545.598s][debug][gc,phases      ] GC(161)     Total                          Min: 0, Avg:  0.0, Max: 0, Diff: 0, Sum: 0, Workers: 4
[3545.598s][debug][gc,phases      ] GC(161)   StringTable Weak               Min:  0.0, Avg:  0.1, Max:  0.2, Diff:  0.2, Sum:  0.5, Workers: 4
[3545.598s][debug][gc,phases      ] GC(161)     Dead                           Min: 0, Avg:  0.2, Max: 1, Diff: 1, Sum: 1, Workers: 4
[3545.598s][debug][gc,phases      ] GC(161)     Total                          Min: 0, Avg: 11949.8, Max: 25080, Diff: 25080, Sum: 47799, Workers: 4
[3545.598s][debug][gc,phases      ] GC(161)   ResolvedMethodTable Weak       Min:  0.0, Avg:  0.0, Max:  0.1, Diff:  0.1, Sum:  0.2, Workers: 4
[3545.598s][debug][gc,phases      ] GC(161)     Dead                           Min: 0, Avg:  4.2, Max: 11, Diff: 11, Sum: 17, Workers: 4
[3545.598s][debug][gc,phases      ] GC(161)     Total                          Min: 0, Avg: 3909.8, Max: 8262, Diff: 8262, Sum: 15639, Workers: 4
[3545.598s][debug][gc,phases      ] GC(161)   JNI Weak                       Min:  0.0, Avg:  0.0, Max:  0.0, Diff:  0.0, Sum:  0.0, Workers: 4
[3545.598s][debug][gc,phases      ] GC(161)     Dead                           Min: 0, Avg:  0.0, Max: 0, Diff: 0, Sum: 0, Workers: 4
[3545.598s][debug][gc,phases      ] GC(161)     Total                          Min: 0, Avg: 13.0, Max: 48, Diff: 48, Sum: 52, Workers: 4
[3545.598s][debug][gc,phases      ] GC(161)   StringDedup Table Weak         Min:  0.0, Avg:  0.0, Max:  0.0, Diff:  0.0, Sum:  0.0, Workers: 4
[3545.598s][debug][gc,phases      ] GC(161)     Dead                           Min: 0, Avg:  0.0, Max: 0, Diff: 0, Sum: 0, Workers: 4
[3545.598s][debug][gc,phases      ] GC(161)     Total                          Min: 0, Avg:  0.0, Max: 0, Diff: 0, Sum: 0, Workers: 4
[3545.598s][debug][gc,phases      ] GC(161)   StringDedup Requests0 Weak     Min:  0.0, Avg:  0.0, Max:  0.0, Diff:  0.0, Sum:  0.0, Workers: 4
[3545.598s][debug][gc,phases      ] GC(161)     Dead                           Min: 0, Avg:  0.0, Max: 0, Diff: 0, Sum: 0, Workers: 4
[3545.598s][debug][gc,phases      ] GC(161)     Total                          Min: 0, Avg:  0.0, Max: 0, Diff: 0, Sum: 0, Workers: 4
[3545.598s][debug][gc,phases      ] GC(161)   StringDedup Requests1 Weak     Min:  0.0, Avg:  0.0, Max:  0.0, Diff:  0.0, Sum:  0.0, Workers: 4
[3545.598s][debug][gc,phases      ] GC(161)     Dead                           Min: 0, Avg:  0.0, Max: 0, Diff: 0, Sum: 0, Workers: 4
[3545.598s][debug][gc,phases      ] GC(161)     Total                          Min: 0, Avg:  0.0, Max: 0, Diff: 0, Sum: 0, Workers: 4
[3545.598s][debug][gc,phases      ] GC(161)   Weak JFR Old Object Samples    Min:  0.0, Avg:  0.0, Max:  0.0, Diff:  0.0, Sum:  0.0, Workers: 4
[3545.598s][debug][gc,phases      ] GC(161)     Dead                           Min: 0, Avg:  0.0, Max: 0, Diff: 0, Sum: 0, Workers: 4
[3545.598s][debug][gc,phases      ] GC(161)     Total                          Min: 0, Avg:  0.0, Max: 0, Diff: 0, Sum: 0, Workers: 4
[3545.598s][debug][gc,phases      ] GC(161) Weak Processing 0.600ms
[3545.598s][debug][gc,age         ] GC(161) Desired survivor size 6291456 bytes, new threshold 1 (max threshold 15)
[3545.598s][info ][gc,heap        ] GC(161) PSYoungGen: 2090320K(2091008K)->4976K(2091008K) Eden: 2084864K(2084864K)->0K(2084864K) From: 5456K(6144K)->4976K(6144K)
[3545.598s][info ][gc,heap        ] GC(161) ParOldGen: 438125K(438272K)->439285K(439296K)
[3545.598s][info ][gc,metaspace   ] GC(161) Metaspace: 111509K(112896K)->111509K(112896K) NonClass: 94970K(95744K)->94970K(95744K) Class: 16538K(17152K)->16538K(17152K)
[3545.598s][info ][gc             ] GC(161) Pause Young (Allocation Failure) 2469M->433M(2471M) 5.938ms
[3545.598s][info ][gc,cpu         ] GC(161) User=0.02s Sys=0.00s Real=0.00s
[3545.598s][info ][safepoint      ] Safepoint "ParallelGCFailedAllocation", Time since last: 4392639050 ns, Reaching safepoint: 83203 ns, Cleanup: 4900 ns, At safepoint: 6031990 ns, Total: 6120093 ns
[3546.598s][info ][safepoint      ] Safepoint "Cleanup", Time since last: 1000100331 ns, Reaching safepoint: 86302 ns, Cleanup: 13001 ns, At safepoint: 8200 ns, Total: 107503 ns
[3548.598s][info ][safepoint      ] Safepoint "Cleanup", Time since last: 2000226939 ns, Reaching safepoint: 87403 ns, Cleanup: 16400 ns, At safepoint: 8101 ns, Total: 111904 ns
[3556.599s][info ][safepoint      ] Safepoint "Cleanup", Time since last: 8000801941 ns, Reaching safepoint: 89703 ns, Cleanup: 14301 ns, At safepoint: 9800 ns, Total: 113804 ns
[3564.600s][info ][safepoint      ] Safepoint "Cleanup", Time since last: 8000726047 ns, Reaching safepoint: 80802 ns, Cleanup: 12601 ns, At safepoint: 6700 ns, Total: 100103 ns
[3570.110s][info ][gc,start       ] GC(162) Pause Young (Allocation Failure)
[3570.119s][debug][gc,phases      ] GC(162) Scavenge 8.340ms
[3570.119s][debug][gc,ref         ] GC(162) ReferenceProcessor::execute queues: 1, RefProcThreadModel::Single, marks_oops_alive: false
[3570.119s][debug][gc,ref         ] GC(162) Skipped KeepAliveFinalRefsPhase of Reference Processing: no references
[3570.119s][debug][gc,ref         ] GC(162) Skipped PhantomRefsPhase of Reference Processing: no references
[3570.119s][debug][gc,phases      ] GC(162) Reference Processing 0.127ms
[3570.119s][debug][gc,phases      ] GC(162)   VM Weak                        Min:  0.0, Avg:  0.0, Max:  0.0, Diff:  0.0, Sum:  0.0, Workers: 4
[3570.119s][debug][gc,phases      ] GC(162)     Dead                           Min: 0, Avg:  0.0, Max: 0, Diff: 0, Sum: 0, Workers: 4
[3570.119s][debug][gc,phases      ] GC(162)     Total                          Min: 0, Avg: 260.0, Max: 960, Diff: 960, Sum: 1040, Workers: 4
[3570.119s][debug][gc,phases      ] GC(162)   ObjectSynchronizer Weak        Min:  0.0, Avg:  0.0, Max:  0.0, Diff:  0.0, Sum:  0.0, Workers: 4
[3570.119s][debug][gc,phases      ] GC(162)     Dead                           Min: 0, Avg:  0.0, Max: 0, Diff: 0, Sum: 0, Workers: 4
[3570.119s][debug][gc,phases      ] GC(162)     Total                          Min: 0, Avg:  1.0, Max: 4, Diff: 4, Sum: 4, Workers: 4
[3570.119s][debug][gc,phases      ] GC(162)   JVMTI Tag Weak OopStorage      Min:  0.0, Avg:  0.0, Max:  0.0, Diff:  0.0, Sum:  0.0, Workers: 4
[3570.119s][debug][gc,phases      ] GC(162)     Dead                           Min: 0, Avg:  0.0, Max: 0, Diff: 0, Sum: 0, Workers: 4
[3570.119s][debug][gc,phases      ] GC(162)     Total                          Min: 0, Avg:  0.0, Max: 0, Diff: 0, Sum: 0, Workers: 4
[3570.119s][debug][gc,phases      ] GC(162)   StringTable Weak               Min:  0.0, Avg:  0.1, Max:  0.2, Diff:  0.2, Sum:  0.5, Workers: 4
[3570.119s][debug][gc,phases      ] GC(162)     Dead                           Min: 0, Avg:  0.0, Max: 0, Diff: 0, Sum: 0, Workers: 4
[3570.119s][debug][gc,phases      ] GC(162)     Total                          Min: 0, Avg: 11950.0, Max: 16191, Diff: 16191, Sum: 47800, Workers: 4
[3570.119s][debug][gc,phases      ] GC(162)   ResolvedMethodTable Weak       Min:  0.0, Avg:  0.0, Max:  0.1, Diff:  0.1, Sum:  0.2, Workers: 4
[3570.119s][debug][gc,phases      ] GC(162)     Dead                           Min: 0, Avg:  4.0, Max: 8, Diff: 8, Sum: 16, Workers: 4
[3570.119s][debug][gc,phases      ] GC(162)     Total                          Min: 0, Avg: 3909.8, Max: 5362, Diff: 5362, Sum: 15639, Workers: 4
[3570.119s][debug][gc,phases      ] GC(162)   JNI Weak                       Min:  0.0, Avg:  0.0, Max:  0.0, Diff:  0.0, Sum:  0.0, Workers: 4
[3570.119s][debug][gc,phases      ] GC(162)     Dead                           Min: 0, Avg:  0.0, Max: 0, Diff: 0, Sum: 0, Workers: 4
[3570.119s][debug][gc,phases      ] GC(162)     Total                          Min: 0, Avg: 13.0, Max: 48, Diff: 48, Sum: 52, Workers: 4
[3570.119s][debug][gc,phases      ] GC(162)   StringDedup Table Weak         Min:  0.0, Avg:  0.0, Max:  0.0, Diff:  0.0, Sum:  0.0, Workers: 4
[3570.119s][debug][gc,phases      ] GC(162)     Dead                           Min: 0, Avg:  0.0, Max: 0, Diff: 0, Sum: 0, Workers: 4
[3570.119s][debug][gc,phases      ] GC(162)     Total                          Min: 0, Avg:  0.0, Max: 0, Diff: 0, Sum: 0, Workers: 4
[3570.119s][debug][gc,phases      ] GC(162)   StringDedup Requests0 Weak     Min:  0.0, Avg:  0.0, Max:  0.0, Diff:  0.0, Sum:  0.0, Workers: 4
[3570.119s][debug][gc,phases      ] GC(162)     Dead                           Min: 0, Avg:  0.0, Max: 0, Diff: 0, Sum: 0, Workers: 4
[3570.119s][debug][gc,phases      ] GC(162)     Total                          Min: 0, Avg:  0.0, Max: 0, Diff: 0, Sum: 0, Workers: 4
[3570.119s][debug][gc,phases      ] GC(162)   StringDedup Requests1 Weak     Min:  0.0, Avg:  0.0, Max:  0.0, Diff:  0.0, Sum:  0.0, Workers: 4
[3570.119s][debug][gc,phases      ] GC(162)     Dead                           Min: 0, Avg:  0.0, Max: 0, Diff: 0, Sum: 0, Workers: 4
[3570.119s][debug][gc,phases      ] GC(162)     Total                          Min: 0, Avg:  0.0, Max: 0, Diff: 0, Sum: 0, Workers: 4
[3570.119s][debug][gc,phases      ] GC(162)   Weak JFR Old Object Samples    Min:  0.0, Avg:  0.0, Max:  0.0, Diff:  0.0, Sum:  0.0, Workers: 4
[3570.119s][debug][gc,phases      ] GC(162)     Dead                           Min: 0, Avg:  0.0, Max: 0, Diff: 0, Sum: 0, Workers: 4
[3570.119s][debug][gc,phases      ] GC(162)     Total                          Min: 0, Avg:  0.0, Max: 0, Diff: 0, Sum: 0, Workers: 4
[3570.119s][debug][gc,phases      ] GC(162) Weak Processing 0.490ms
[3570.119s][debug][gc,age         ] GC(162) Desired survivor size 6291456 bytes, new threshold 1 (max threshold 15)
[3570.119s][info ][gc,heap        ] GC(162) PSYoungGen: 2089840K(2091008K)->5552K(2091008K) Eden: 2084864K(2084864K)->0K(2084864K) From: 4976K(6144K)->5552K(6144K)
[3570.119s][info ][gc,heap        ] GC(162) ParOldGen: 439285K(439296K)->439709K(439808K)
[3570.119s][info ][gc,metaspace   ] GC(162) Metaspace: 111528K(112896K)->111528K(112896K) NonClass: 94989K(95744K)->94989K(95744K) Class: 16538K(17152K)->16538K(17152K)
[3570.119s][info ][gc             ] GC(162) Pause Young (Allocation Failure) 2469M->434M(2471M) 9.133ms
[3570.119s][info ][gc,cpu         ] GC(162) User=0.02s Sys=0.00s Real=0.01s
[3570.119s][info ][safepoint      ] Safepoint "ParallelGCFailedAllocation", Time since last: 5510036642 ns, Reaching safepoint: 87103 ns, Cleanup: 6200 ns, At safepoint: 9239690 ns, Total: 9332993 ns
[3572.120s][info ][safepoint      ] Safepoint "Cleanup", Time since last: 2000216821 ns, Reaching safepoint: 7901 ns, Cleanup: 9100 ns, At safepoint: 2800 ns, Total: 19801 ns
[3575.120s][info ][safepoint      ] Safepoint "Cleanup", Time since last: 3000251004 ns, Reaching safepoint: 9901 ns, Cleanup: 16100 ns, At safepoint: 3300 ns, Total: 29301 ns
[3577.120s][info ][safepoint      ] Safepoint "Cleanup", Time since last: 2000233939 ns, Reaching safepoint: 10500 ns, Cleanup: 13700 ns, At safepoint: 3001 ns, Total: 27201 ns
[3580.121s][info ][safepoint      ] Safepoint "Cleanup", Time since last: 3000292986 ns, Reaching safepoint: 10001 ns, Cleanup: 16900 ns, At safepoint: 2600 ns, Total: 29501 ns
[3583.121s][info ][safepoint      ] Safepoint "Cleanup", Time since last: 3000247236 ns, Reaching safepoint: 8600 ns, Cleanup: 11501 ns, At safepoint: 29101 ns, Total: 49202 ns
[3590.121s][info ][safepoint      ] Safepoint "Cleanup", Time since last: 7000558204 ns, Reaching safepoint: 8000 ns, Cleanup: 24201 ns, At safepoint: 2900 ns, Total: 35101 ns
[3593.122s][info ][safepoint      ] Safepoint "Cleanup", Time since last: 3000291286 ns, Reaching safepoint: 9600 ns, Cleanup: 21101 ns, At safepoint: 3000 ns, Total: 33701 ns
[3597.122s][info ][safepoint      ] Safepoint "Cleanup", Time since last: 4000415185 ns, Reaching safepoint: 10900 ns, Cleanup: 41901 ns, At safepoint: 3100 ns, Total: 55901 ns
[3598.122s][info ][safepoint      ] Safepoint "Cleanup", Time since last: 1000126880 ns, Reaching safepoint: 10800 ns, Cleanup: 14801 ns, At safepoint: 2900 ns, Total: 28501 ns
[3599.123s][info ][safepoint      ] Safepoint "Cleanup", Time since last: 1000124679 ns, Reaching safepoint: 10400 ns, Cleanup: 15501 ns, At safepoint: 3700 ns, Total: 29601 ns
[3600.123s][info ][safepoint      ] Safepoint "Cleanup", Time since last: 1000121779 ns, Reaching safepoint: 9100 ns, Cleanup: 15001 ns, At safepoint: 3000 ns, Total: 27101 ns
[3601.123s][info ][safepoint      ] Safepoint "Cleanup", Time since last: 1000141279 ns, Reaching safepoint: 14401 ns, Cleanup: 16000 ns, At safepoint: 3600 ns, Total: 34001 ns
[3602.527s][info ][safepoint      ] Safepoint "Cleanup", Time since last: 1403695261 ns, Reaching safepoint: 11600 ns, Cleanup: 17601 ns, At safepoint: 2900 ns, Total: 32101 ns
[3608.077s][info ][gc,start       ] GC(163) Pause Young (Allocation Failure)
[3608.092s][debug][gc,phases      ] GC(163) Scavenge 14.863ms
[3608.092s][debug][gc,ref         ] GC(163) ReferenceProcessor::execute queues: 1, RefProcThreadModel::Single, marks_oops_alive: false
[3608.092s][debug][gc,ref         ] GC(163) Skipped KeepAliveFinalRefsPhase of Reference Processing: no references
[3608.092s][debug][gc,ref         ] GC(163) ReferenceProcessor::execute queues: 1, RefProcThreadModel::Single, marks_oops_alive: false
[3608.092s][debug][gc,phases      ] GC(163) Reference Processing 0.160ms
[3608.092s][debug][gc,phases      ] GC(163)   VM Weak                        Min:  0.0, Avg:  0.0, Max:  0.0, Diff:  0.0, Sum:  0.0, Workers: 4
[3608.092s][debug][gc,phases      ] GC(163)     Dead                           Min: 0, Avg:  0.0, Max: 0, Diff: 0, Sum: 0, Workers: 4
[3608.092s][debug][gc,phases      ] GC(163)     Total                          Min: 0, Avg: 260.0, Max: 912, Diff: 912, Sum: 1040, Workers: 4
[3608.092s][debug][gc,phases      ] GC(163)   ObjectSynchronizer Weak        Min:  0.0, Avg:  0.0, Max:  0.0, Diff:  0.0, Sum:  0.0, Workers: 4
[3608.092s][debug][gc,phases      ] GC(163)     Dead                           Min: 0, Avg:  0.0, Max: 0, Diff: 0, Sum: 0, Workers: 4
[3608.092s][debug][gc,phases      ] GC(163)     Total                          Min: 0, Avg:  1.0, Max: 4, Diff: 4, Sum: 4, Workers: 4
[3608.092s][debug][gc,phases      ] GC(163)   JVMTI Tag Weak OopStorage      Min:  0.0, Avg:  0.0, Max:  0.0, Diff:  0.0, Sum:  0.0, Workers: 4
[3608.092s][debug][gc,phases      ] GC(163)     Dead                           Min: 0, Avg:  0.0, Max: 0, Diff: 0, Sum: 0, Workers: 4
[3608.092s][debug][gc,phases      ] GC(163)     Total                          Min: 0, Avg:  0.0, Max: 0, Diff: 0, Sum: 0, Workers: 4
[3608.092s][debug][gc,phases      ] GC(163)   StringTable Weak               Min:  0.0, Avg:  0.1, Max:  0.2, Diff:  0.2, Sum:  0.5, Workers: 4
[3608.092s][debug][gc,phases      ] GC(163)     Dead                           Min: 0, Avg:  0.5, Max: 1, Diff: 1, Sum: 2, Workers: 4
[3608.092s][debug][gc,phases      ] GC(163)     Total                          Min: 0, Avg: 11959.0, Max: 16383, Diff: 16383, Sum: 47836, Workers: 4
[3608.092s][debug][gc,phases      ] GC(163)   ResolvedMethodTable Weak       Min:  0.0, Avg:  0.0, Max:  0.1, Diff:  0.1, Sum:  0.2, Workers: 4
[3608.092s][debug][gc,phases      ] GC(163)     Dead                           Min: 0, Avg:  4.5, Max: 14, Diff: 14, Sum: 18, Workers: 4
[3608.092s][debug][gc,phases      ] GC(163)     Total                          Min: 0, Avg: 3914.5, Max: 5361, Diff: 5361, Sum: 15658, Workers: 4
[3608.092s][debug][gc,phases      ] GC(163)   JNI Weak                       Min:  0.0, Avg:  0.0, Max:  0.0, Diff:  0.0, Sum:  0.0, Workers: 4
[3608.092s][debug][gc,phases      ] GC(163)     Dead                           Min: 0, Avg:  0.0, Max: 0, Diff: 0, Sum: 0, Workers: 4
[3608.092s][debug][gc,phases      ] GC(163)     Total                          Min: 0, Avg: 13.0, Max: 48, Diff: 48, Sum: 52, Workers: 4
[3608.092s][debug][gc,phases      ] GC(163)   StringDedup Table Weak         Min:  0.0, Avg:  0.0, Max:  0.0, Diff:  0.0, Sum:  0.0, Workers: 4
[3608.092s][debug][gc,phases      ] GC(163)     Dead                           Min: 0, Avg:  0.0, Max: 0, Diff: 0, Sum: 0, Workers: 4
[3608.092s][debug][gc,phases      ] GC(163)     Total                          Min: 0, Avg:  0.0, Max: 0, Diff: 0, Sum: 0, Workers: 4
[3608.092s][debug][gc,phases      ] GC(163)   StringDedup Requests0 Weak     Min:  0.0, Avg:  0.0, Max:  0.0, Diff:  0.0, Sum:  0.0, Workers: 4
[3608.092s][debug][gc,phases      ] GC(163)     Dead                           Min: 0, Avg:  0.0, Max: 0, Diff: 0, Sum: 0, Workers: 4
[3608.092s][debug][gc,phases      ] GC(163)     Total                          Min: 0, Avg:  0.0, Max: 0, Diff: 0, Sum: 0, Workers: 4
[3608.092s][debug][gc,phases      ] GC(163)   StringDedup Requests1 Weak     Min:  0.0, Avg:  0.0, Max:  0.0, Diff:  0.0, Sum:  0.0, Workers: 4
[3608.092s][debug][gc,phases      ] GC(163)     Dead                           Min: 0, Avg:  0.0, Max: 0, Diff: 0, Sum: 0, Workers: 4
[3608.092s][debug][gc,phases      ] GC(163)     Total                          Min: 0, Avg:  0.0, Max: 0, Diff: 0, Sum: 0, Workers: 4
[3608.092s][debug][gc,phases      ] GC(163)   Weak JFR Old Object Samples    Min:  0.0, Avg:  0.0, Max:  0.0, Diff:  0.0, Sum:  0.0, Workers: 4
[3608.092s][debug][gc,phases      ] GC(163)     Dead                           Min: 0, Avg:  0.0, Max: 0, Diff: 0, Sum: 0, Workers: 4
[3608.092s][debug][gc,phases      ] GC(163)     Total                          Min: 0, Avg:  0.0, Max: 0, Diff: 0, Sum: 0, Workers: 4
[3608.092s][debug][gc,phases      ] GC(163) Weak Processing 0.473ms
[3608.092s][debug][gc,age         ] GC(163) Desired survivor size 11534336 bytes, new threshold 1 (max threshold 15)
[3608.092s][info ][gc,heap        ] GC(163) PSYoungGen: 2090416K(2091008K)->6128K(2080768K) Eden: 2084864K(2084864K)->0K(2074624K) From: 5552K(6144K)->6128K(6144K)
[3608.092s][info ][gc,heap        ] GC(163) ParOldGen: 439709K(439808K)->452250K(452608K)
[3608.092s][info ][gc,metaspace   ] GC(163) Metaspace: 111561K(112960K)->111561K(112960K) NonClass: 95016K(95808K)->95016K(95808K) Class: 16545K(17152K)->16545K(17152K)
[3608.092s][info ][gc             ] GC(163) Pause Young (Allocation Failure) 2470M->447M(2474M) 15.644ms
[3608.092s][info ][gc,cpu         ] GC(163) User=0.04s Sys=0.01s Real=0.02s
[3608.092s][info ][safepoint      ] Safepoint "ParallelGCFailedAllocation", Time since last: 5549871372 ns, Reaching safepoint: 82903 ns, Cleanup: 11300 ns, At safepoint: 15744192 ns, Total: 15838395 ns
[3609.093s][info ][safepoint      ] Safepoint "Cleanup", Time since last: 1000106610 ns, Reaching safepoint: 87303 ns, Cleanup: 11300 ns, At safepoint: 8301 ns, Total: 106904 ns
[3610.093s][info ][safepoint      ] Safepoint "Cleanup", Time since last: 1000127311 ns, Reaching safepoint: 81402 ns, Cleanup: 13601 ns, At safepoint: 10100 ns, Total: 105103 ns
[3611.093s][info ][safepoint      ] Safepoint "Cleanup", Time since last: 1000149912 ns, Reaching safepoint: 87303 ns, Cleanup: 18000 ns, At safepoint: 12901 ns, Total: 118204 ns
[3614.094s][info ][safepoint      ] Safepoint "Cleanup", Time since last: 3000320465 ns, Reaching safepoint: 82303 ns, Cleanup: 12600 ns, At safepoint: 36601 ns, Total: 131504 ns
[3616.094s][info ][safepoint      ] Safepoint "Cleanup", Time since last: 2000192286 ns, Reaching safepoint: 84303 ns, Cleanup: 31701 ns, At safepoint: 7600 ns, Total: 123604 ns
[3617.094s][info ][safepoint      ] Safepoint "Cleanup", Time since last: 1000115594 ns, Reaching safepoint: 84802 ns, Cleanup: 12701 ns, At safepoint: 8500 ns, Total: 106003 ns
[3620.094s][info ][safepoint      ] Safepoint "Cleanup", Time since last: 3000276547 ns, Reaching safepoint: 82503 ns, Cleanup: 12200 ns, At safepoint: 6701 ns, Total: 101404 ns
[3635.103s][info ][safepoint      ] Safepoint "Cleanup", Time since last: 15008551007 ns, Reaching safepoint: 13601 ns, Cleanup: 15000 ns, At safepoint: 3300 ns, Total: 31901 ns
[3640.974s][info ][safepoint      ] Safepoint "ICBufferFull", Time since last: 5871071024 ns, Reaching safepoint: 9701 ns, Cleanup: 138304 ns, At safepoint: 6900 ns, Total: 154905 ns
[3641.152s][info ][safepoint      ] Safepoint "ICBufferFull", Time since last: 177496724 ns, Reaching safepoint: 10700 ns, Cleanup: 169605 ns, At safepoint: 3301 ns, Total: 183606 ns
[3642.152s][info ][safepoint      ] Safepoint "Cleanup", Time since last: 1000136324 ns, Reaching safepoint: 9800 ns, Cleanup: 60802 ns, At safepoint: 2900 ns, Total: 73502 ns
[3643.152s][info ][safepoint      ] Safepoint "Cleanup", Time since last: 1000132824 ns, Reaching safepoint: 10200 ns, Cleanup: 21701 ns, At safepoint: 3200 ns, Total: 35101 ns
[3645.153s][info ][safepoint      ] Safepoint "Cleanup", Time since last: 2000194395 ns, Reaching safepoint: 11600 ns, Cleanup: 13200 ns, At safepoint: 24701 ns, Total: 49501 ns
[3652.153s][info ][safepoint      ] Safepoint "Cleanup", Time since last: 7000631843 ns, Reaching safepoint: 9100 ns, Cleanup: 20501 ns, At safepoint: 3100 ns, Total: 32701 ns
[3655.573s][info ][safepoint      ] Safepoint "Cleanup", Time since last: 3419209353 ns, Reaching safepoint: 5100 ns, Cleanup: 107203 ns, At safepoint: 9900 ns, Total: 122203 ns
[3656.573s][info ][safepoint      ] Safepoint "Cleanup", Time since last: 1000121402 ns, Reaching safepoint: 11800 ns, Cleanup: 77103 ns, At safepoint: 3400 ns, Total: 92303 ns
[3657.573s][info ][safepoint      ] Safepoint "Cleanup", Time since last: 1000131602 ns, Reaching safepoint: 8700 ns, Cleanup: 11500 ns, At safepoint: 2900 ns, Total: 23100 ns
[3669.548s][info ][safepoint      ] Safepoint "Cleanup", Time since last: 11974964208 ns, Reaching safepoint: 9601 ns, Cleanup: 22400 ns, At safepoint: 2900 ns, Total: 34901 ns
[3670.548s][info ][safepoint      ] Safepoint "Cleanup", Time since last: 1000124769 ns, Reaching safepoint: 10801 ns, Cleanup: 16900 ns, At safepoint: 3600 ns, Total: 31301 ns
[3674.991s][info ][gc,start       ] GC(164) Pause Young (Allocation Failure)
[3675.036s][debug][gc,phases      ] GC(164) Scavenge 45.303ms
[3675.036s][debug][gc,ref         ] GC(164) ReferenceProcessor::execute queues: 1, RefProcThreadModel::Single, marks_oops_alive: false
[3675.036s][debug][gc,ref         ] GC(164) Skipped KeepAliveFinalRefsPhase of Reference Processing: no references
[3675.036s][debug][gc,ref         ] GC(164) Skipped PhantomRefsPhase of Reference Processing: no references
[3675.036s][debug][gc,phases      ] GC(164) Reference Processing 0.147ms
[3675.036s][debug][gc,phases      ] GC(164)   VM Weak                        Min:  0.0, Avg:  0.0, Max:  0.0, Diff:  0.0, Sum:  0.0, Workers: 4
[3675.036s][debug][gc,phases      ] GC(164)     Dead                           Min: 0, Avg:  0.0, Max: 0, Diff: 0, Sum: 0, Workers: 4
[3675.036s][debug][gc,phases      ] GC(164)     Total                          Min: 0, Avg: 261.5, Max: 768, Diff: 768, Sum: 1046, Workers: 4
[3675.036s][debug][gc,phases      ] GC(164)   ObjectSynchronizer Weak        Min:  0.0, Avg:  0.0, Max:  0.0, Diff:  0.0, Sum:  0.0, Workers: 4
[3675.036s][debug][gc,phases      ] GC(164)     Dead                           Min: 0, Avg:  0.0, Max: 0, Diff: 0, Sum: 0, Workers: 4
[3675.036s][debug][gc,phases      ] GC(164)     Total                          Min: 0, Avg:  1.0, Max: 4, Diff: 4, Sum: 4, Workers: 4
[3675.036s][debug][gc,phases      ] GC(164)   JVMTI Tag Weak OopStorage      Min:  0.0, Avg:  0.0, Max:  0.0, Diff:  0.0, Sum:  0.0, Workers: 4
[3675.036s][debug][gc,phases      ] GC(164)     Dead                           Min: 0, Avg:  0.0, Max: 0, Diff: 0, Sum: 0, Workers: 4
[3675.036s][debug][gc,phases      ] GC(164)     Total                          Min: 0, Avg:  0.0, Max: 0, Diff: 0, Sum: 0, Workers: 4
[3675.036s][debug][gc,phases      ] GC(164)   StringTable Weak               Min:  0.0, Avg:  0.1, Max:  0.2, Diff:  0.2, Sum:  0.5, Workers: 4
[3675.036s][debug][gc,phases      ] GC(164)     Dead                           Min: 0, Avg:  0.5, Max: 1, Diff: 1, Sum: 2, Workers: 4
[3675.036s][debug][gc,phases      ] GC(164)     Total                          Min: 0, Avg: 12066.5, Max: 16512, Diff: 16512, Sum: 48266, Workers: 4
[3675.036s][debug][gc,phases      ] GC(164)   ResolvedMethodTable Weak       Min:  0.0, Avg:  0.0, Max:  0.1, Diff:  0.1, Sum:  0.2, Workers: 4
[3675.037s][debug][gc,phases      ] GC(164)     Dead                           Min: 0, Avg: 23.0, Max: 47, Diff: 47, Sum: 92, Workers: 4
[3675.037s][debug][gc,phases      ] GC(164)     Total                          Min: 0, Avg: 4011.0, Max: 6071, Diff: 6071, Sum: 16044, Workers: 4
[3675.037s][debug][gc,phases      ] GC(164)   JNI Weak                       Min:  0.0, Avg:  0.0, Max:  0.0, Diff:  0.0, Sum:  0.0, Workers: 4
[3675.037s][debug][gc,phases      ] GC(164)     Dead                           Min: 0, Avg:  0.0, Max: 0, Diff: 0, Sum: 0, Workers: 4
[3675.037s][debug][gc,phases      ] GC(164)     Total                          Min: 0, Avg: 13.0, Max: 48, Diff: 48, Sum: 52, Workers: 4
[3675.037s][debug][gc,phases      ] GC(164)   StringDedup Table Weak         Min:  0.0, Avg:  0.0, Max:  0.0, Diff:  0.0, Sum:  0.0, Workers: 4
[3675.037s][debug][gc,phases      ] GC(164)     Dead                           Min: 0, Avg:  0.0, Max: 0, Diff: 0, Sum: 0, Workers: 4
[3675.037s][debug][gc,phases      ] GC(164)     Total                          Min: 0, Avg:  0.0, Max: 0, Diff: 0, Sum: 0, Workers: 4
[3675.037s][debug][gc,phases      ] GC(164)   StringDedup Requests0 Weak     Min:  0.0, Avg:  0.0, Max:  0.0, Diff:  0.0, Sum:  0.0, Workers: 4
[3675.037s][debug][gc,phases      ] GC(164)     Dead                           Min: 0, Avg:  0.0, Max: 0, Diff: 0, Sum: 0, Workers: 4
[3675.037s][debug][gc,phases      ] GC(164)     Total                          Min: 0, Avg:  0.0, Max: 0, Diff: 0, Sum: 0, Workers: 4
[3675.037s][debug][gc,phases      ] GC(164)   StringDedup Requests1 Weak     Min:  0.0, Avg:  0.0, Max:  0.0, Diff:  0.0, Sum:  0.0, Workers: 4
[3675.037s][debug][gc,phases      ] GC(164)     Dead                           Min: 0, Avg:  0.0, Max: 0, Diff: 0, Sum: 0, Workers: 4
[3675.037s][debug][gc,phases      ] GC(164)     Total                          Min: 0, Avg:  0.0, Max: 0, Diff: 0, Sum: 0, Workers: 4
[3675.037s][debug][gc,phases      ] GC(164)   Weak JFR Old Object Samples    Min:  0.0, Avg:  0.0, Max:  0.0, Diff:  0.0, Sum:  0.0, Workers: 4
[3675.037s][debug][gc,phases      ] GC(164)     Dead                           Min: 0, Avg:  0.0, Max: 0, Diff: 0, Sum: 0, Workers: 4
[3675.037s][debug][gc,phases      ] GC(164)     Total                          Min: 0, Avg:  0.0, Max: 0, Diff: 0, Sum: 0, Workers: 4
[3675.037s][debug][gc,phases      ] GC(164) Weak Processing 0.505ms
[3675.037s][debug][gc,age         ] GC(164) Desired survivor size 28311552 bytes, new threshold 1 (max threshold 15)
[3675.037s][info ][gc,heap        ] GC(164) PSYoungGen: 2080752K(2080768K)->11248K(2085888K) Eden: 2074624K(2074624K)->0K(2074624K) From: 6128K(6144K)->11248K(11264K)
[3675.037s][info ][gc,heap        ] GC(164) ParOldGen: 452250K(452608K)->493214K(493568K)
[3675.037s][info ][gc,metaspace   ] GC(164) Metaspace: 112744K(114112K)->112744K(114112K) NonClass: 95998K(96768K)->95998K(96768K) Class: 16746K(17344K)->16746K(17344K)
[3675.037s][info ][gc             ] GC(164) Pause Young (Allocation Failure) 2473M->492M(2519M) 46.110ms
[3675.037s][info ][gc,cpu         ] GC(164) User=0.13s Sys=0.02s Real=0.05s
[3675.037s][info ][safepoint      ] Safepoint "ParallelGCFailedAllocation", Time since last: 4442345404 ns, Reaching safepoint: 79803 ns, Cleanup: 5200 ns, At safepoint: 46230795 ns, Total: 46315798 ns
[3683.037s][info ][safepoint      ] Safepoint "Cleanup", Time since last: 8000698155 ns, Reaching safepoint: 11500 ns, Cleanup: 14201 ns, At safepoint: 3300 ns, Total: 29001 ns
[3698.039s][info ][safepoint      ] Safepoint "Cleanup", Time since last: 15001233935 ns, Reaching safepoint: 83202 ns, Cleanup: 12001 ns, At safepoint: 7700 ns, Total: 102903 ns
[3704.039s][info ][safepoint      ] Safepoint "Cleanup", Time since last: 6000520136 ns, Reaching safepoint: 87703 ns, Cleanup: 54301 ns, At safepoint: 5800 ns, Total: 147804 ns
[3705.040s][info ][safepoint      ] Safepoint "Cleanup", Time since last: 1000135197 ns, Reaching safepoint: 87603 ns, Cleanup: 28700 ns, At safepoint: 7201 ns, Total: 123504 ns
[3713.040s][info ][safepoint      ] Safepoint "Cleanup", Time since last: 8000663503 ns, Reaching safepoint: 86003 ns, Cleanup: 14600 ns, At safepoint: 9301 ns, Total: 109904 ns
[3716.041s][info ][safepoint      ] Safepoint "Cleanup", Time since last: 3000313203 ns, Reaching safepoint: 85303 ns, Cleanup: 11200 ns, At safepoint: 12000 ns, Total: 108503 ns
[3718.041s][info ][safepoint      ] Safepoint "Cleanup", Time since last: 2000207000 ns, Reaching safepoint: 81902 ns, Cleanup: 11401 ns, At safepoint: 8900 ns, Total: 102203 ns
[3722.567s][info ][safepoint      ] Safepoint "Cleanup", Time since last: 4525711813 ns, Reaching safepoint: 11700 ns, Cleanup: 16300 ns, At safepoint: 2801 ns, Total: 30801 ns
[3723.567s][info ][safepoint      ] Safepoint "Cleanup", Time since last: 1000137046 ns, Reaching safepoint: 11300 ns, Cleanup: 15401 ns, At safepoint: 3000 ns, Total: 29701 ns
[3725.567s][info ][safepoint      ] Safepoint "Cleanup", Time since last: 2000234723 ns, Reaching safepoint: 10800 ns, Cleanup: 14701 ns, At safepoint: 2700 ns, Total: 28201 ns
[3728.568s][info ][safepoint      ] Safepoint "Cleanup", Time since last: 3000268582 ns, Reaching safepoint: 11001 ns, Cleanup: 32201 ns, At safepoint: 3100 ns, Total: 46302 ns
[3735.568s][info ][safepoint      ] Safepoint "Cleanup", Time since last: 7000573586 ns, Reaching safepoint: 10400 ns, Cleanup: 14801 ns, At safepoint: 3000 ns, Total: 28201 ns
[3751.571s][info ][safepoint      ] Safepoint "Cleanup", Time since last: 16002436842 ns, Reaching safepoint: 11401 ns, Cleanup: 37901 ns, At safepoint: 3600 ns, Total: 52902 ns
[3757.891s][info ][gc,start       ] GC(165) Pause Young (Allocation Failure)
[3757.914s][debug][gc,phases      ] GC(165) Scavenge 23.524ms
[3757.914s][debug][gc,ref         ] GC(165) ReferenceProcessor::execute queues: 1, RefProcThreadModel::Single, marks_oops_alive: false
[3757.914s][debug][gc,ref         ] GC(165) Skipped KeepAliveFinalRefsPhase of Reference Processing: no references
[3757.914s][debug][gc,ref         ] GC(165) Skipped PhantomRefsPhase of Reference Processing: no references
[3757.914s][debug][gc,phases      ] GC(165) Reference Processing 0.121ms
[3757.915s][debug][gc,phases      ] GC(165)   VM Weak                        Min:  0.0, Avg:  0.0, Max:  0.0, Diff:  0.0, Sum:  0.0, Workers: 4
[3757.915s][debug][gc,phases      ] GC(165)     Dead                           Min: 0, Avg:  0.0, Max: 0, Diff: 0, Sum: 0, Workers: 4
[3757.915s][debug][gc,phases      ] GC(165)     Total                          Min: 0, Avg: 261.5, Max: 640, Diff: 640, Sum: 1046, Workers: 4
[3757.915s][debug][gc,phases      ] GC(165)   ObjectSynchronizer Weak        Min:  0.0, Avg:  0.0, Max:  0.0, Diff:  0.0, Sum:  0.0, Workers: 4
[3757.915s][debug][gc,phases      ] GC(165)     Dead                           Min: 0, Avg:  0.0, Max: 0, Diff: 0, Sum: 0, Workers: 4
[3757.915s][debug][gc,phases      ] GC(165)     Total                          Min: 0, Avg:  1.2, Max: 5, Diff: 5, Sum: 5, Workers: 4
[3757.915s][debug][gc,phases      ] GC(165)   JVMTI Tag Weak OopStorage      Min:  0.0, Avg:  0.0, Max:  0.0, Diff:  0.0, Sum:  0.0, Workers: 4
[3757.915s][debug][gc,phases      ] GC(165)     Dead                           Min: 0, Avg:  0.0, Max: 0, Diff: 0, Sum: 0, Workers: 4
[3757.915s][debug][gc,phases      ] GC(165)     Total                          Min: 0, Avg:  0.0, Max: 0, Diff: 0, Sum: 0, Workers: 4
[3757.915s][debug][gc,phases      ] GC(165)   StringTable Weak               Min:  0.0, Avg:  0.1, Max:  0.2, Diff:  0.2, Sum:  0.5, Workers: 4
[3757.915s][debug][gc,phases      ] GC(165)     Dead                           Min: 0, Avg:  0.0, Max: 0, Diff: 0, Sum: 0, Workers: 4
[3757.915s][debug][gc,phases      ] GC(165)     Total                          Min: 0, Avg: 12067.0, Max: 17472, Diff: 17472, Sum: 48268, Workers: 4
[3757.915s][debug][gc,phases      ] GC(165)   ResolvedMethodTable Weak       Min:  0.0, Avg:  0.0, Max:  0.1, Diff:  0.1, Sum:  0.2, Workers: 4
[3757.915s][debug][gc,phases      ] GC(165)     Dead                           Min: 0, Avg:  4.0, Max: 14, Diff: 14, Sum: 16, Workers: 4
[3757.915s][debug][gc,phases      ] GC(165)     Total                          Min: 0, Avg: 4011.0, Max: 5576, Diff: 5576, Sum: 16044, Workers: 4
[3757.915s][debug][gc,phases      ] GC(165)   JNI Weak                       Min:  0.0, Avg:  0.0, Max:  0.0, Diff:  0.0, Sum:  0.0, Workers: 4
[3757.915s][debug][gc,phases      ] GC(165)     Dead                           Min: 0, Avg:  0.0, Max: 0, Diff: 0, Sum: 0, Workers: 4
[3757.915s][debug][gc,phases      ] GC(165)     Total                          Min: 0, Avg: 13.0, Max: 48, Diff: 48, Sum: 52, Workers: 4
[3757.915s][debug][gc,phases      ] GC(165)   StringDedup Table Weak         Min:  0.0, Avg:  0.0, Max:  0.0, Diff:  0.0, Sum:  0.0, Workers: 4
[3757.915s][debug][gc,phases      ] GC(165)     Dead                           Min: 0, Avg:  0.0, Max: 0, Diff: 0, Sum: 0, Workers: 4
[3757.915s][debug][gc,phases      ] GC(165)     Total                          Min: 0, Avg:  0.0, Max: 0, Diff: 0, Sum: 0, Workers: 4
[3757.915s][debug][gc,phases      ] GC(165)   StringDedup Requests0 Weak     Min:  0.0, Avg:  0.0, Max:  0.0, Diff:  0.0, Sum:  0.0, Workers: 4
[3757.915s][debug][gc,phases      ] GC(165)     Dead                           Min: 0, Avg:  0.0, Max: 0, Diff: 0, Sum: 0, Workers: 4
[3757.915s][debug][gc,phases      ] GC(165)     Total                          Min: 0, Avg:  0.0, Max: 0, Diff: 0, Sum: 0, Workers: 4
[3757.915s][debug][gc,phases      ] GC(165)   StringDedup Requests1 Weak     Min:  0.0, Avg:  0.0, Max:  0.0, Diff:  0.0, Sum:  0.0, Workers: 4
[3757.915s][debug][gc,phases      ] GC(165)     Dead                           Min: 0, Avg:  0.0, Max: 0, Diff: 0, Sum: 0, Workers: 4
[3757.915s][debug][gc,phases      ] GC(165)     Total                          Min: 0, Avg:  0.0, Max: 0, Diff: 0, Sum: 0, Workers: 4
[3757.915s][debug][gc,phases      ] GC(165)   Weak JFR Old Object Samples    Min:  0.0, Avg:  0.0, Max:  0.0, Diff:  0.0, Sum:  0.0, Workers: 4
[3757.915s][debug][gc,phases      ] GC(165)     Dead                           Min: 0, Avg:  0.0, Max: 0, Diff: 0, Sum: 0, Workers: 4
[3757.915s][debug][gc,phases      ] GC(165)     Total                          Min: 0, Avg:  0.0, Max: 0, Diff: 0, Sum: 0, Workers: 4
[3757.915s][debug][gc,phases      ] GC(165) Weak Processing 0.464ms
[3757.915s][debug][gc,age         ] GC(165) Desired survivor size 27262976 bytes, new threshold 1 (max threshold 15)
[3757.915s][info ][gc,heap        ] GC(165) PSYoungGen: 2085872K(2085888K)->8960K(2055168K) Eden: 2074624K(2074624K)->0K(2043904K) From: 11248K(11264K)->8960K(11264K)
[3757.915s][info ][gc,heap        ] GC(165) ParOldGen: 493214K(493568K)->503407K(503808K)
[3757.915s][info ][gc,metaspace   ] GC(165) Metaspace: 112775K(114112K)->112775K(114112K) NonClass: 96028K(96768K)->96028K(96768K) Class: 16746K(17344K)->16746K(17344K)
[3757.915s][info ][gc             ] GC(165) Pause Young (Allocation Failure) 2518M->500M(2499M) 24.257ms
[3757.915s][info ][gc,cpu         ] GC(165) User=0.06s Sys=0.02s Real=0.03s
[3757.915s][info ][safepoint      ] Safepoint "ParallelGCFailedAllocation", Time since last: 6319820525 ns, Reaching safepoint: 82202 ns, Cleanup: 4700 ns, At safepoint: 24388363 ns, Total: 24475265 ns
[3769.916s][info ][safepoint      ] Safepoint "Cleanup", Time since last: 12000974230 ns, Reaching safepoint: 10800 ns, Cleanup: 14200 ns, At safepoint: 3401 ns, Total: 28401 ns
[3781.586s][info ][safepoint      ] Safepoint "Cleanup", Time since last: 11670162783 ns, Reaching safepoint: 4900 ns, Cleanup: 22601 ns, At safepoint: 4200 ns, Total: 31701 ns
[3788.587s][info ][safepoint      ] Safepoint "Cleanup", Time since last: 7000597670 ns, Reaching safepoint: 11900 ns, Cleanup: 14501 ns, At safepoint: 3200 ns, Total: 29601 ns
[3794.588s][info ][safepoint      ] Safepoint "Cleanup", Time since last: 6000624825 ns, Reaching safepoint: 11801 ns, Cleanup: 21600 ns, At safepoint: 2600 ns, Total: 36001 ns
[3795.588s][info ][safepoint      ] Safepoint "Cleanup", Time since last: 1000142145 ns, Reaching safepoint: 11100 ns, Cleanup: 14701 ns, At safepoint: 2900 ns, Total: 28701 ns
[3798.588s][info ][safepoint      ] Safepoint "Cleanup", Time since last: 3000289059 ns, Reaching safepoint: 13000 ns, Cleanup: 66502 ns, At safepoint: 9101 ns, Total: 88603 ns
[3810.589s][info ][safepoint      ] Safepoint "Cleanup", Time since last: 12000995783 ns, Reaching safepoint: 80902 ns, Cleanup: 11101 ns, At safepoint: 8300 ns, Total: 100303 ns
[3822.590s][info ][safepoint      ] Safepoint "Cleanup", Time since last: 12000996045 ns, Reaching safepoint: 85403 ns, Cleanup: 17600 ns, At safepoint: 8401 ns, Total: 111404 ns
[3844.441s][info ][gc,start       ] GC(166) Pause Young (Allocation Failure)
[3844.449s][debug][gc,phases      ] GC(166) Scavenge 7.532ms
[3844.449s][debug][gc,ref         ] GC(166) ReferenceProcessor::execute queues: 1, RefProcThreadModel::Single, marks_oops_alive: false
[3844.449s][debug][gc,ref         ] GC(166) Skipped KeepAliveFinalRefsPhase of Reference Processing: no references
[3844.449s][debug][gc,ref         ] GC(166) Skipped PhantomRefsPhase of Reference Processing: no references
[3844.449s][debug][gc,phases      ] GC(166) Reference Processing 0.115ms
[3844.449s][debug][gc,phases      ] GC(166)   VM Weak                        Min:  0.0, Avg:  0.0, Max:  0.0, Diff:  0.0, Sum:  0.0, Workers: 4
[3844.449s][debug][gc,phases      ] GC(166)     Dead                           Min: 0, Avg:  0.0, Max: 0, Diff: 0, Sum: 0, Workers: 4
[3844.449s][debug][gc,phases      ] GC(166)     Total                          Min: 0, Avg: 261.5, Max: 790, Diff: 790, Sum: 1046, Workers: 4
[3844.449s][debug][gc,phases      ] GC(166)   ObjectSynchronizer Weak        Min:  0.0, Avg:  0.0, Max:  0.0, Diff:  0.0, Sum:  0.0, Workers: 4
[3844.449s][debug][gc,phases      ] GC(166)     Dead                           Min: 0, Avg:  0.0, Max: 0, Diff: 0, Sum: 0, Workers: 4
[3844.449s][debug][gc,phases      ] GC(166)     Total                          Min: 0, Avg:  0.8, Max: 3, Diff: 3, Sum: 3, Workers: 4
[3844.449s][debug][gc,phases      ] GC(166)   JVMTI Tag Weak OopStorage      Min:  0.0, Avg:  0.0, Max:  0.0, Diff:  0.0, Sum:  0.0, Workers: 4
[3844.449s][debug][gc,phases      ] GC(166)     Dead                           Min: 0, Avg:  0.0, Max: 0, Diff: 0, Sum: 0, Workers: 4
[3844.449s][debug][gc,phases      ] GC(166)     Total                          Min: 0, Avg:  0.0, Max: 0, Diff: 0, Sum: 0, Workers: 4
[3844.449s][debug][gc,phases      ] GC(166)   StringTable Weak               Min:  0.0, Avg:  0.1, Max:  0.2, Diff:  0.2, Sum:  0.5, Workers: 4
[3844.449s][debug][gc,phases      ] GC(166)     Dead                           Min: 0, Avg:  0.0, Max: 0, Diff: 0, Sum: 0, Workers: 4
[3844.449s][debug][gc,phases      ] GC(166)     Total                          Min: 0, Avg: 12067.5, Max: 26048, Diff: 26048, Sum: 48270, Workers: 4
[3844.449s][debug][gc,phases      ] GC(166)   ResolvedMethodTable Weak       Min:  0.0, Avg:  0.0, Max:  0.1, Diff:  0.1, Sum:  0.1, Workers: 4
[3844.449s][debug][gc,phases      ] GC(166)     Dead                           Min: 0, Avg:  4.0, Max: 16, Diff: 16, Sum: 16, Workers: 4
[3844.449s][debug][gc,phases      ] GC(166)     Total                          Min: 0, Avg: 4011.0, Max: 9718, Diff: 9718, Sum: 16044, Workers: 4
[3844.449s][debug][gc,phases      ] GC(166)   JNI Weak                       Min:  0.0, Avg:  0.0, Max:  0.0, Diff:  0.0, Sum:  0.0, Workers: 4
[3844.449s][debug][gc,phases      ] GC(166)     Dead                           Min: 0, Avg:  0.0, Max: 0, Diff: 0, Sum: 0, Workers: 4
[3844.449s][debug][gc,phases      ] GC(166)     Total                          Min: 0, Avg: 13.0, Max: 52, Diff: 52, Sum: 52, Workers: 4
[3844.449s][debug][gc,phases      ] GC(166)   StringDedup Table Weak         Min:  0.0, Avg:  0.0, Max:  0.0, Diff:  0.0, Sum:  0.0, Workers: 4
[3844.449s][debug][gc,phases      ] GC(166)     Dead                           Min: 0, Avg:  0.0, Max: 0, Diff: 0, Sum: 0, Workers: 4
[3844.449s][debug][gc,phases      ] GC(166)     Total                          Min: 0, Avg:  0.0, Max: 0, Diff: 0, Sum: 0, Workers: 4
[3844.449s][debug][gc,phases      ] GC(166)   StringDedup Requests0 Weak     Min:  0.0, Avg:  0.0, Max:  0.0, Diff:  0.0, Sum:  0.0, Workers: 4
[3844.449s][debug][gc,phases      ] GC(166)     Dead                           Min: 0, Avg:  0.0, Max: 0, Diff: 0, Sum: 0, Workers: 4
[3844.449s][debug][gc,phases      ] GC(166)     Total                          Min: 0, Avg:  0.0, Max: 0, Diff: 0, Sum: 0, Workers: 4
[3844.449s][debug][gc,phases      ] GC(166)   StringDedup Requests1 Weak     Min:  0.0, Avg:  0.0, Max:  0.0, Diff:  0.0, Sum:  0.0, Workers: 4
[3844.449s][debug][gc,phases      ] GC(166)     Dead                           Min: 0, Avg:  0.0, Max: 0, Diff: 0, Sum: 0, Workers: 4
[3844.449s][debug][gc,phases      ] GC(166)     Total                          Min: 0, Avg:  0.0, Max: 0, Diff: 0, Sum: 0, Workers: 4
[3844.449s][debug][gc,phases      ] GC(166)   Weak JFR Old Object Samples    Min:  0.0, Avg:  0.0, Max:  0.0, Diff:  0.0, Sum:  0.0, Workers: 4
[3844.449s][debug][gc,phases      ] GC(166)     Dead                           Min: 0, Avg:  0.0, Max: 0, Diff: 0, Sum: 0, Workers: 4
[3844.449s][debug][gc,phases      ] GC(166)     Total                          Min: 0, Avg:  0.0, Max: 0, Diff: 0, Sum: 0, Workers: 4
[3844.449s][debug][gc,phases      ] GC(166) Weak Processing 0.550ms
[3844.449s][debug][gc,age         ] GC(166) Desired survivor size 26214400 bytes, new threshold 1 (max threshold 15)
[3844.449s][info ][gc,heap        ] GC(166) PSYoungGen: 2052864K(2055168K)->5936K(2070528K) Eden: 2043904K(2043904K)->0K(2043904K) From: 8960K(11264K)->5936K(26624K)
[3844.449s][info ][gc,heap        ] GC(166) ParOldGen: 503407K(503808K)->508755K(508928K)
[3844.449s][info ][gc,metaspace   ] GC(166) Metaspace: 112793K(114176K)->112793K(114176K) NonClass: 96046K(96832K)->96046K(96832K) Class: 16746K(17344K)->16746K(17344K)
[3844.449s][info ][gc             ] GC(166) Pause Young (Allocation Failure) 2496M->502M(2519M) 8.347ms
[3844.449s][info ][gc,cpu         ] GC(166) User=0.02s Sys=0.00s Real=0.01s
[3844.449s][info ][safepoint      ] Safepoint "ParallelGCFailedAllocation", Time since last: 21850511011 ns, Reaching safepoint: 78902 ns, Cleanup: 5100 ns, At safepoint: 8434055 ns, Total: 8518057 ns
[3850.450s][info ][safepoint      ] Safepoint "Cleanup", Time since last: 6000477999 ns, Reaching safepoint: 9001 ns, Cleanup: 12600 ns, At safepoint: 2800 ns, Total: 24401 ns
[3860.451s][info ][safepoint      ] Safepoint "Cleanup", Time since last: 10000962814 ns, Reaching safepoint: 9501 ns, Cleanup: 15300 ns, At safepoint: 2900 ns, Total: 27701 ns
[3871.452s][info ][safepoint      ] Safepoint "Cleanup", Time since last: 11000879859 ns, Reaching safepoint: 13300 ns, Cleanup: 16701 ns, At safepoint: 2700 ns, Total: 32701 ns
[3880.453s][info ][safepoint      ] Safepoint "Cleanup", Time since last: 9000702868 ns, Reaching safepoint: 12400 ns, Cleanup: 19200 ns, At safepoint: 35802 ns, Total: 67402 ns
[3888.453s][info ][safepoint      ] Safepoint "Cleanup", Time since last: 8000699179 ns, Reaching safepoint: 14700 ns, Cleanup: 21801 ns, At safepoint: 3900 ns, Total: 40401 ns
[3922.628s][info ][safepoint      ] Safepoint "Cleanup", Time since last: 34174682260 ns, Reaching safepoint: 13200 ns, Cleanup: 22701 ns, At safepoint: 2900 ns, Total: 38801 ns
[3926.628s][info ][safepoint      ] Safepoint "Cleanup", Time since last: 4000365885 ns, Reaching safepoint: 10000 ns, Cleanup: 13701 ns, At safepoint: 3000 ns, Total: 26701 ns
[3930.544s][info ][gc,start       ] GC(167) Pause Young (Allocation Failure)
[3930.550s][debug][gc,phases      ] GC(167) Scavenge 5.395ms
[3930.550s][debug][gc,ref         ] GC(167) ReferenceProcessor::execute queues: 1, RefProcThreadModel::Single, marks_oops_alive: false
[3930.550s][debug][gc,ref         ] GC(167) Skipped KeepAliveFinalRefsPhase of Reference Processing: no references
[3930.550s][debug][gc,ref         ] GC(167) ReferenceProcessor::execute queues: 1, RefProcThreadModel::Single, marks_oops_alive: false
[3930.550s][debug][gc,phases      ] GC(167) Reference Processing 0.159ms
[3930.551s][debug][gc,phases      ] GC(167)   VM Weak                        Min:  0.0, Avg:  0.0, Max:  0.0, Diff:  0.0, Sum:  0.0, Workers: 4
[3930.551s][debug][gc,phases      ] GC(167)     Dead                           Min: 0, Avg:  0.0, Max: 0, Diff: 0, Sum: 0, Workers: 4
[3930.551s][debug][gc,phases      ] GC(167)     Total                          Min: 0, Avg: 261.5, Max: 1046, Diff: 1046, Sum: 1046, Workers: 4
[3930.551s][debug][gc,phases      ] GC(167)   ObjectSynchronizer Weak        Min:  0.0, Avg:  0.0, Max:  0.0, Diff:  0.0, Sum:  0.0, Workers: 4
[3930.551s][debug][gc,phases      ] GC(167)     Dead                           Min: 0, Avg:  0.0, Max: 0, Diff: 0, Sum: 0, Workers: 4
[3930.551s][debug][gc,phases      ] GC(167)     Total                          Min: 0, Avg:  0.8, Max: 3, Diff: 3, Sum: 3, Workers: 4
[3930.551s][debug][gc,phases      ] GC(167)   JVMTI Tag Weak OopStorage      Min:  0.0, Avg:  0.0, Max:  0.0, Diff:  0.0, Sum:  0.0, Workers: 4
[3930.551s][debug][gc,phases      ] GC(167)     Dead                           Min: 0, Avg:  0.0, Max: 0, Diff: 0, Sum: 0, Workers: 4
[3930.551s][debug][gc,phases      ] GC(167)     Total                          Min: 0, Avg:  0.0, Max: 0, Diff: 0, Sum: 0, Workers: 4
[3930.551s][debug][gc,phases      ] GC(167)   StringTable Weak               Min:  0.0, Avg:  0.1, Max:  0.5, Diff:  0.5, Sum:  0.5, Workers: 4
[3930.551s][debug][gc,phases      ] GC(167)     Dead                           Min: 0, Avg:  0.0, Max: 0, Diff: 0, Sum: 0, Workers: 4
[3930.551s][debug][gc,phases      ] GC(167)     Total                          Min: 0, Avg: 12068.0, Max: 48272, Diff: 48272, Sum: 48272, Workers: 4
[3930.551s][debug][gc,phases      ] GC(167)   ResolvedMethodTable Weak       Min:  0.0, Avg:  0.0, Max:  0.1, Diff:  0.1, Sum:  0.1, Workers: 4
[3930.551s][debug][gc,phases      ] GC(167)     Dead                           Min: 0, Avg:  4.0, Max: 16, Diff: 16, Sum: 16, Workers: 4
[3930.551s][debug][gc,phases      ] GC(167)     Total                          Min: 0, Avg: 4011.5, Max: 16046, Diff: 16046, Sum: 16046, Workers: 4
[3930.551s][debug][gc,phases      ] GC(167)   JNI Weak                       Min:  0.0, Avg:  0.0, Max:  0.0, Diff:  0.0, Sum:  0.0, Workers: 4
[3930.551s][debug][gc,phases      ] GC(167)     Dead                           Min: 0, Avg:  0.0, Max: 0, Diff: 0, Sum: 0, Workers: 4
[3930.551s][debug][gc,phases      ] GC(167)     Total                          Min: 0, Avg: 13.0, Max: 52, Diff: 52, Sum: 52, Workers: 4
[3930.551s][debug][gc,phases      ] GC(167)   StringDedup Table Weak         Min:  0.0, Avg:  0.0, Max:  0.0, Diff:  0.0, Sum:  0.0, Workers: 4
[3930.551s][debug][gc,phases      ] GC(167)     Dead                           Min: 0, Avg:  0.0, Max: 0, Diff: 0, Sum: 0, Workers: 4
[3930.551s][debug][gc,phases      ] GC(167)     Total                          Min: 0, Avg:  0.0, Max: 0, Diff: 0, Sum: 0, Workers: 4
[3930.551s][debug][gc,phases      ] GC(167)   StringDedup Requests0 Weak     Min:  0.0, Avg:  0.0, Max:  0.0, Diff:  0.0, Sum:  0.0, Workers: 4
[3930.551s][debug][gc,phases      ] GC(167)     Dead                           Min: 0, Avg:  0.0, Max: 0, Diff: 0, Sum: 0, Workers: 4
[3930.551s][debug][gc,phases      ] GC(167)     Total                          Min: 0, Avg:  0.0, Max: 0, Diff: 0, Sum: 0, Workers: 4
[3930.551s][debug][gc,phases      ] GC(167)   StringDedup Requests1 Weak     Min:  0.0, Avg:  0.0, Max:  0.0, Diff:  0.0, Sum:  0.0, Workers: 4
[3930.551s][debug][gc,phases      ] GC(167)     Dead                           Min: 0, Avg:  0.0, Max: 0, Diff: 0, Sum: 0, Workers: 4
[3930.551s][debug][gc,phases      ] GC(167)     Total                          Min: 0, Avg:  0.0, Max: 0, Diff: 0, Sum: 0, Workers: 4
[3930.551s][debug][gc,phases      ] GC(167)   Weak JFR Old Object Samples    Min:  0.0, Avg:  0.0, Max:  0.0, Diff:  0.0, Sum:  0.0, Workers: 4
[3930.551s][debug][gc,phases      ] GC(167)     Dead                           Min: 0, Avg:  0.0, Max: 0, Diff: 0, Sum: 0, Workers: 4
[3930.551s][debug][gc,phases      ] GC(167)     Total                          Min: 0, Avg:  0.0, Max: 0, Diff: 0, Sum: 0, Workers: 4
[3930.551s][debug][gc,phases      ] GC(167) Weak Processing 0.897ms
[3930.551s][debug][gc,age         ] GC(167) Desired survivor size 26214400 bytes, new threshold 1 (max threshold 15)
[3930.551s][info ][gc,heap        ] GC(167) PSYoungGen: 2049840K(2070528K)->3328K(2071552K) Eden: 2043904K(2043904K)->0K(2045952K) From: 5936K(26624K)->3328K(25600K)
[3930.551s][info ][gc,heap        ] GC(167) ParOldGen: 508755K(508928K)->511771K(512000K)
[3930.551s][info ][gc,metaspace   ] GC(167) Metaspace: 112803K(114176K)->112803K(114176K) NonClass: 96056K(96832K)->96056K(96832K) Class: 16747K(17344K)->16747K(17344K)
[3930.551s][info ][gc             ] GC(167) Pause Young (Allocation Failure) 2498M->503M(2523M) 6.617ms
[3930.551s][info ][gc,cpu         ] GC(167) User=0.01s Sys=0.00s Real=0.00s
[3930.551s][info ][safepoint      ] Safepoint "ParallelGCFailedAllocation", Time since last: 3915892140 ns, Reaching safepoint: 8001 ns, Cleanup: 5000 ns, At safepoint: 6704301 ns, Total: 6717302 ns
[3935.551s][info ][safepoint      ] Safepoint "Cleanup", Time since last: 5000426057 ns, Reaching safepoint: 13201 ns, Cleanup: 21900 ns, At safepoint: 4001 ns, Total: 39102 ns
[4013.559s][info ][safepoint      ] Safepoint "Cleanup", Time since last: 78007651651 ns, Reaching safepoint: 14100 ns, Cleanup: 17301 ns, At safepoint: 3700 ns, Total: 35101 ns
[4030.691s][info ][gc,start       ] GC(168) Pause Young (Allocation Failure)
[4030.694s][debug][gc,phases      ] GC(168) Scavenge 2.779ms
[4030.694s][debug][gc,ref         ] GC(168) ReferenceProcessor::execute queues: 1, RefProcThreadModel::Single, marks_oops_alive: false
[4030.694s][debug][gc,ref         ] GC(168) Skipped KeepAliveFinalRefsPhase of Reference Processing: no references
[4030.694s][debug][gc,ref         ] GC(168) Skipped PhantomRefsPhase of Reference Processing: no references
[4030.694s][debug][gc,phases      ] GC(168) Reference Processing 0.121ms
[4030.694s][debug][gc,phases      ] GC(168)   VM Weak                        Min:  0.0, Avg:  0.0, Max:  0.0, Diff:  0.0, Sum:  0.0, Workers: 4
[4030.694s][debug][gc,phases      ] GC(168)     Dead                           Min: 0, Avg:  0.0, Max: 0, Diff: 0, Sum: 0, Workers: 4
[4030.694s][debug][gc,phases      ] GC(168)     Total                          Min: 0, Avg: 261.5, Max: 1046, Diff: 1046, Sum: 1046, Workers: 4
[4030.694s][debug][gc,phases      ] GC(168)   ObjectSynchronizer Weak        Min:  0.0, Avg:  0.0, Max:  0.0, Diff:  0.0, Sum:  0.0, Workers: 4
[4030.694s][debug][gc,phases      ] GC(168)     Dead                           Min: 0, Avg:  0.0, Max: 0, Diff: 0, Sum: 0, Workers: 4
[4030.694s][debug][gc,phases      ] GC(168)     Total                          Min: 0, Avg:  0.8, Max: 3, Diff: 3, Sum: 3, Workers: 4
[4030.694s][debug][gc,phases      ] GC(168)   JVMTI Tag Weak OopStorage      Min:  0.0, Avg:  0.0, Max:  0.0, Diff:  0.0, Sum:  0.0, Workers: 4
[4030.694s][debug][gc,phases      ] GC(168)     Dead                           Min: 0, Avg:  0.0, Max: 0, Diff: 0, Sum: 0, Workers: 4
[4030.694s][debug][gc,phases      ] GC(168)     Total                          Min: 0, Avg:  0.0, Max: 0, Diff: 0, Sum: 0, Workers: 4
[4030.694s][debug][gc,phases      ] GC(168)   StringTable Weak               Min:  0.0, Avg:  0.1, Max:  0.2, Diff:  0.2, Sum:  0.5, Workers: 4
[4030.694s][debug][gc,phases      ] GC(168)     Dead                           Min: 0, Avg:  0.0, Max: 0, Diff: 0, Sum: 0, Workers: 4
[4030.694s][debug][gc,phases      ] GC(168)     Total                          Min: 0, Avg: 12068.0, Max: 16640, Diff: 16640, Sum: 48272, Workers: 4
[4030.694s][debug][gc,phases      ] GC(168)   ResolvedMethodTable Weak       Min:  0.0, Avg:  0.0, Max:  0.1, Diff:  0.1, Sum:  0.2, Workers: 4
[4030.694s][debug][gc,phases      ] GC(168)     Dead                           Min: 0, Avg:  4.0, Max: 16, Diff: 16, Sum: 16, Workers: 4
[4030.694s][debug][gc,phases      ] GC(168)     Total                          Min: 0, Avg: 4011.5, Max: 6079, Diff: 6079, Sum: 16046, Workers: 4
[4030.694s][debug][gc,phases      ] GC(168)   JNI Weak                       Min:  0.0, Avg:  0.0, Max:  0.0, Diff:  0.0, Sum:  0.0, Workers: 4
[4030.694s][debug][gc,phases      ] GC(168)     Dead                           Min: 0, Avg:  0.0, Max: 0, Diff: 0, Sum: 0, Workers: 4
[4030.694s][debug][gc,phases      ] GC(168)     Total                          Min: 0, Avg: 13.0, Max: 48, Diff: 48, Sum: 52, Workers: 4
[4030.694s][debug][gc,phases      ] GC(168)   StringDedup Table Weak         Min:  0.0, Avg:  0.0, Max:  0.0, Diff:  0.0, Sum:  0.0, Workers: 4
[4030.694s][debug][gc,phases      ] GC(168)     Dead                           Min: 0, Avg:  0.0, Max: 0, Diff: 0, Sum: 0, Workers: 4
[4030.694s][debug][gc,phases      ] GC(168)     Total                          Min: 0, Avg:  0.0, Max: 0, Diff: 0, Sum: 0, Workers: 4
[4030.694s][debug][gc,phases      ] GC(168)   StringDedup Requests0 Weak     Min:  0.0, Avg:  0.0, Max:  0.0, Diff:  0.0, Sum:  0.0, Workers: 4
[4030.694s][debug][gc,phases      ] GC(168)     Dead                           Min: 0, Avg:  0.0, Max: 0, Diff: 0, Sum: 0, Workers: 4
[4030.694s][debug][gc,phases      ] GC(168)     Total                          Min: 0, Avg:  0.0, Max: 0, Diff: 0, Sum: 0, Workers: 4
[4030.694s][debug][gc,phases      ] GC(168)   StringDedup Requests1 Weak     Min:  0.0, Avg:  0.0, Max:  0.0, Diff:  0.0, Sum:  0.0, Workers: 4
[4030.694s][debug][gc,phases      ] GC(168)     Dead                           Min: 0, Avg:  0.0, Max: 0, Diff: 0, Sum: 0, Workers: 4
[4030.694s][debug][gc,phases      ] GC(168)     Total                          Min: 0, Avg:  0.0, Max: 0, Diff: 0, Sum: 0, Workers: 4
[4030.694s][debug][gc,phases      ] GC(168)   Weak JFR Old Object Samples    Min:  0.0, Avg:  0.0, Max:  0.0, Diff:  0.0, Sum:  0.0, Workers: 4
[4030.694s][debug][gc,phases      ] GC(168)     Dead                           Min: 0, Avg:  0.0, Max: 0, Diff: 0, Sum: 0, Workers: 4
[4030.694s][debug][gc,phases      ] GC(168)     Total                          Min: 0, Avg:  0.0, Max: 0, Diff: 0, Sum: 0, Workers: 4
[4030.694s][debug][gc,phases      ] GC(168) Weak Processing 0.461ms
[4030.694s][debug][gc,age         ] GC(168) Desired survivor size 25690112 bytes, new threshold 1 (max threshold 15)
[4030.694s][info ][gc,heap        ] GC(168) PSYoungGen: 2049280K(2071552K)->2832K(2071552K) Eden: 2045952K(2045952K)->0K(2045952K) From: 3328K(25600K)->2832K(25600K)
[4030.694s][info ][gc,heap        ] GC(168) ParOldGen: 511771K(512000K)->512607K(513024K)
[4030.694s][info ][gc,metaspace   ] GC(168) Metaspace: 112807K(114176K)->112807K(114176K) NonClass: 96060K(96832K)->96060K(96832K) Class: 16747K(17344K)->16747K(17344K)
[4030.694s][info ][gc             ] GC(168) Pause Young (Allocation Failure) 2501M->503M(2524M) 3.507ms
[4030.694s][info ][gc,cpu         ] GC(168) User=0.01s Sys=0.01s Real=0.01s
[4030.695s][info ][safepoint      ] Safepoint "ParallelGCFailedAllocation", Time since last: 17131674504 ns, Reaching safepoint: 82603 ns, Cleanup: 4801 ns, At safepoint: 3628241 ns, Total: 3715645 ns
[4089.699s][info ][safepoint      ] Safepoint "Cleanup", Time since last: 59004719021 ns, Reaching safepoint: 7800 ns, Cleanup: 15301 ns, At safepoint: 3300 ns, Total: 26401 ns
[4136.692s][info ][gc,start       ] GC(169) Pause Young (Allocation Failure)
[4136.694s][debug][gc,phases      ] GC(169) Scavenge 2.162ms
[4136.694s][debug][gc,ref         ] GC(169) ReferenceProcessor::execute queues: 1, RefProcThreadModel::Single, marks_oops_alive: false
[4136.694s][debug][gc,ref         ] GC(169) Skipped KeepAliveFinalRefsPhase of Reference Processing: no references
[4136.694s][debug][gc,ref         ] GC(169) Skipped PhantomRefsPhase of Reference Processing: no references
[4136.694s][debug][gc,phases      ] GC(169) Reference Processing 0.121ms
[4136.695s][debug][gc,phases      ] GC(169)   VM Weak                        Min:  0.0, Avg:  0.0, Max:  0.0, Diff:  0.0, Sum:  0.0, Workers: 4
[4136.695s][debug][gc,phases      ] GC(169)     Dead                           Min: 0, Avg:  0.0, Max: 0, Diff: 0, Sum: 0, Workers: 4
[4136.695s][debug][gc,phases      ] GC(169)     Total                          Min: 0, Avg: 261.5, Max: 832, Diff: 832, Sum: 1046, Workers: 4
[4136.695s][debug][gc,phases      ] GC(169)   ObjectSynchronizer Weak        Min:  0.0, Avg:  0.0, Max:  0.0, Diff:  0.0, Sum:  0.0, Workers: 4
[4136.695s][debug][gc,phases      ] GC(169)     Dead                           Min: 0, Avg:  0.0, Max: 0, Diff: 0, Sum: 0, Workers: 4
[4136.695s][debug][gc,phases      ] GC(169)     Total                          Min: 0, Avg:  0.8, Max: 3, Diff: 3, Sum: 3, Workers: 4
[4136.695s][debug][gc,phases      ] GC(169)   JVMTI Tag Weak OopStorage      Min:  0.0, Avg:  0.0, Max:  0.0, Diff:  0.0, Sum:  0.0, Workers: 4
[4136.695s][debug][gc,phases      ] GC(169)     Dead                           Min: 0, Avg:  0.0, Max: 0, Diff: 0, Sum: 0, Workers: 4
[4136.695s][debug][gc,phases      ] GC(169)     Total                          Min: 0, Avg:  0.0, Max: 0, Diff: 0, Sum: 0, Workers: 4
[4136.695s][debug][gc,phases      ] GC(169)   StringTable Weak               Min:  0.1, Avg:  0.1, Max:  0.1, Diff:  0.0, Sum:  0.5, Workers: 4
[4136.695s][debug][gc,phases      ] GC(169)     Dead                           Min: 0, Avg:  0.0, Max: 0, Diff: 0, Sum: 0, Workers: 4
[4136.695s][debug][gc,phases      ] GC(169)     Total                          Min: 11584, Avg: 12068.0, Max: 12304, Diff: 720, Sum: 48272, Workers: 4
[4136.695s][debug][gc,phases      ] GC(169)   ResolvedMethodTable Weak       Min:  0.0, Avg:  0.0, Max:  0.0, Diff:  0.0, Sum:  0.2, Workers: 4
[4136.695s][debug][gc,phases      ] GC(169)     Dead                           Min: 0, Avg:  4.0, Max: 16, Diff: 16, Sum: 16, Workers: 4
[4136.695s][debug][gc,phases      ] GC(169)     Total                          Min: 3830, Avg: 4011.5, Max: 4191, Diff: 361, Sum: 16046, Workers: 4
[4136.695s][debug][gc,phases      ] GC(169)   JNI Weak                       Min:  0.0, Avg:  0.0, Max:  0.0, Diff:  0.0, Sum:  0.0, Workers: 4
[4136.695s][debug][gc,phases      ] GC(169)     Dead                           Min: 0, Avg:  0.0, Max: 0, Diff: 0, Sum: 0, Workers: 4
[4136.695s][debug][gc,phases      ] GC(169)     Total                          Min: 0, Avg: 13.0, Max: 48, Diff: 48, Sum: 52, Workers: 4
[4136.695s][debug][gc,phases      ] GC(169)   StringDedup Table Weak         Min:  0.0, Avg:  0.0, Max:  0.0, Diff:  0.0, Sum:  0.0, Workers: 4
[4136.695s][debug][gc,phases      ] GC(169)     Dead                           Min: 0, Avg:  0.0, Max: 0, Diff: 0, Sum: 0, Workers: 4
[4136.695s][debug][gc,phases      ] GC(169)     Total                          Min: 0, Avg:  0.0, Max: 0, Diff: 0, Sum: 0, Workers: 4
[4136.695s][debug][gc,phases      ] GC(169)   StringDedup Requests0 Weak     Min:  0.0, Avg:  0.0, Max:  0.0, Diff:  0.0, Sum:  0.0, Workers: 4
[4136.695s][debug][gc,phases      ] GC(169)     Dead                           Min: 0, Avg:  0.0, Max: 0, Diff: 0, Sum: 0, Workers: 4
[4136.695s][debug][gc,phases      ] GC(169)     Total                          Min: 0, Avg:  0.0, Max: 0, Diff: 0, Sum: 0, Workers: 4
[4136.695s][debug][gc,phases      ] GC(169)   StringDedup Requests1 Weak     Min:  0.0, Avg:  0.0, Max:  0.0, Diff:  0.0, Sum:  0.0, Workers: 4
[4136.695s][debug][gc,phases      ] GC(169)     Dead                           Min: 0, Avg:  0.0, Max: 0, Diff: 0, Sum: 0, Workers: 4
[4136.695s][debug][gc,phases      ] GC(169)     Total                          Min: 0, Avg:  0.0, Max: 0, Diff: 0, Sum: 0, Workers: 4
[4136.695s][debug][gc,phases      ] GC(169)   Weak JFR Old Object Samples    Min:  0.0, Avg:  0.0, Max:  0.0, Diff:  0.0, Sum:  0.0, Workers: 4
[4136.695s][debug][gc,phases      ] GC(169)     Dead                           Min: 0, Avg:  0.0, Max: 0, Diff: 0, Sum: 0, Workers: 4
[4136.695s][debug][gc,phases      ] GC(169)     Total                          Min: 0, Avg:  0.0, Max: 0, Diff: 0, Sum: 0, Workers: 4
[4136.695s][debug][gc,phases      ] GC(169) Weak Processing 0.406ms
[4136.695s][debug][gc,age         ] GC(169) Desired survivor size 25165824 bytes, new threshold 1 (max threshold 15)
[4136.695s][info ][gc,heap        ] GC(169) PSYoungGen: 2048784K(2071552K)->2688K(2072576K) Eden: 2045952K(2045952K)->0K(2047488K) From: 2832K(25600K)->2688K(25088K)
[4136.695s][info ][gc,heap        ] GC(169) ParOldGen: 512607K(513024K)->512835K(513024K)
[4136.695s][info ][gc,metaspace   ] GC(169) Metaspace: 112813K(114176K)->112813K(114176K) NonClass: 96066K(96832K)->96066K(96832K) Class: 16747K(17344K)->16747K(17344K)
[4136.695s][info ][gc             ] GC(169) Pause Young (Allocation Failure) 2501M->503M(2525M) 2.828ms
[4136.695s][info ][gc,cpu         ] GC(169) User=0.01s Sys=0.00s Real=0.00s
[4136.695s][info ][safepoint      ] Safepoint "ParallelGCFailedAllocation", Time since last: 46992630303 ns, Reaching safepoint: 9000 ns, Cleanup: 5400 ns, At safepoint: 2906999 ns, Total: 2921399 ns
[4157.697s][info ][safepoint      ] Safepoint "Cleanup", Time since last: 21001685511 ns, Reaching safepoint: 9900 ns, Cleanup: 14101 ns, At safepoint: 2500 ns, Total: 26501 ns
[4180.698s][info ][safepoint      ] Safepoint "Cleanup", Time since last: 23001791040 ns, Reaching safepoint: 10801 ns, Cleanup: 14600 ns, At safepoint: 3200 ns, Total: 28601 ns
[4184.699s][info ][safepoint      ] Safepoint "Cleanup", Time since last: 4000412192 ns, Reaching safepoint: 11101 ns, Cleanup: 13500 ns, At safepoint: 34501 ns, Total: 59102 ns
[4192.700s][info ][safepoint      ] Safepoint "Cleanup", Time since last: 8000687575 ns, Reaching safepoint: 9400 ns, Cleanup: 22201 ns, At safepoint: 2900 ns, Total: 34501 ns
[4193.700s][info ][safepoint      ] Safepoint "Cleanup", Time since last: 1000142697 ns, Reaching safepoint: 9200 ns, Cleanup: 15201 ns, At safepoint: 2900 ns, Total: 27301 ns
[4199.700s][info ][safepoint      ] Safepoint "Cleanup", Time since last: 6000507146 ns, Reaching safepoint: 9500 ns, Cleanup: 14700 ns, At safepoint: 3101 ns, Total: 27301 ns
[4201.701s][info ][safepoint      ] Safepoint "Cleanup", Time since last: 2000271352 ns, Reaching safepoint: 12001 ns, Cleanup: 26901 ns, At safepoint: 3400 ns, Total: 42302 ns
[4202.727s][info ][safepoint      ] Safepoint "Cleanup", Time since last: 1026705422 ns, Reaching safepoint: 10200 ns, Cleanup: 20501 ns, At safepoint: 3300 ns, Total: 34001 ns
[4203.727s][info ][safepoint      ] Safepoint "Cleanup", Time since last: 1000128526 ns, Reaching safepoint: 10601 ns, Cleanup: 34101 ns, At safepoint: 2900 ns, Total: 47602 ns
[4204.728s][info ][safepoint      ] Safepoint "Cleanup", Time since last: 1000132772 ns, Reaching safepoint: 10300 ns, Cleanup: 26901 ns, At safepoint: 2600 ns, Total: 39801 ns
[4205.728s][info ][safepoint      ] Safepoint "Cleanup", Time since last: 1000132466 ns, Reaching safepoint: 8001 ns, Cleanup: 27700 ns, At safepoint: 2301 ns, Total: 38002 ns
[4209.626s][info ][gc,start       ] GC(170) Pause Young (Allocation Failure)
[4209.638s][debug][gc,phases      ] GC(170) Scavenge 11.720ms
[4209.638s][debug][gc,ref         ] GC(170) ReferenceProcessor::execute queues: 1, RefProcThreadModel::Single, marks_oops_alive: false
[4209.638s][debug][gc,ref         ] GC(170) Skipped KeepAliveFinalRefsPhase of Reference Processing: no references
[4209.638s][debug][gc,ref         ] GC(170) ReferenceProcessor::execute queues: 1, RefProcThreadModel::Single, marks_oops_alive: false
[4209.638s][debug][gc,phases      ] GC(170) Reference Processing 0.140ms
[4209.638s][debug][gc,phases      ] GC(170)   VM Weak                        Min:  0.0, Avg:  0.0, Max:  0.0, Diff:  0.0, Sum:  0.0, Workers: 4
[4209.638s][debug][gc,phases      ] GC(170)     Dead                           Min: 0, Avg:  0.0, Max: 0, Diff: 0, Sum: 0, Workers: 4
[4209.638s][debug][gc,phases      ] GC(170)     Total                          Min: 0, Avg: 261.5, Max: 704, Diff: 704, Sum: 1046, Workers: 4
[4209.638s][debug][gc,phases      ] GC(170)   ObjectSynchronizer Weak        Min:  0.0, Avg:  0.0, Max:  0.0, Diff:  0.0, Sum:  0.0, Workers: 4
[4209.638s][debug][gc,phases      ] GC(170)     Dead                           Min: 0, Avg:  0.0, Max: 0, Diff: 0, Sum: 0, Workers: 4
[4209.638s][debug][gc,phases      ] GC(170)     Total                          Min: 0, Avg:  1.0, Max: 4, Diff: 4, Sum: 4, Workers: 4
[4209.638s][debug][gc,phases      ] GC(170)   JVMTI Tag Weak OopStorage      Min:  0.0, Avg:  0.0, Max:  0.0, Diff:  0.0, Sum:  0.0, Workers: 4
[4209.638s][debug][gc,phases      ] GC(170)     Dead                           Min: 0, Avg:  0.0, Max: 0, Diff: 0, Sum: 0, Workers: 4
[4209.638s][debug][gc,phases      ] GC(170)     Total                          Min: 0, Avg:  0.0, Max: 0, Diff: 0, Sum: 0, Workers: 4
[4209.638s][debug][gc,phases      ] GC(170)   StringTable Weak               Min:  0.1, Avg:  0.1, Max:  0.1, Diff:  0.0, Sum:  0.5, Workers: 4
[4209.638s][debug][gc,phases      ] GC(170)     Dead                           Min: 0, Avg:  0.0, Max: 0, Diff: 0, Sum: 0, Workers: 4
[4209.638s][debug][gc,phases      ] GC(170)     Total                          Min: 11968, Avg: 12068.2, Max: 12113, Diff: 145, Sum: 48273, Workers: 4
[4209.638s][debug][gc,phases      ] GC(170)   ResolvedMethodTable Weak       Min:  0.0, Avg:  0.0, Max:  0.0, Diff:  0.0, Sum:  0.2, Workers: 4
[4209.638s][debug][gc,phases      ] GC(170)     Dead                           Min: 0, Avg:  4.0, Max: 16, Diff: 16, Sum: 16, Workers: 4
[4209.638s][debug][gc,phases      ] GC(170)     Total                          Min: 3824, Avg: 4011.5, Max: 4271, Diff: 447, Sum: 16046, Workers: 4
[4209.638s][debug][gc,phases      ] GC(170)   JNI Weak                       Min:  0.0, Avg:  0.0, Max:  0.0, Diff:  0.0, Sum:  0.0, Workers: 4
[4209.638s][debug][gc,phases      ] GC(170)     Dead                           Min: 0, Avg:  0.0, Max: 0, Diff: 0, Sum: 0, Workers: 4
[4209.639s][debug][gc,phases      ] GC(170)     Total                          Min: 0, Avg: 13.0, Max: 48, Diff: 48, Sum: 52, Workers: 4
[4209.639s][debug][gc,phases      ] GC(170)   StringDedup Table Weak         Min:  0.0, Avg:  0.0, Max:  0.0, Diff:  0.0, Sum:  0.0, Workers: 4
[4209.639s][debug][gc,phases      ] GC(170)     Dead                           Min: 0, Avg:  0.0, Max: 0, Diff: 0, Sum: 0, Workers: 4
[4209.639s][debug][gc,phases      ] GC(170)     Total                          Min: 0, Avg:  0.0, Max: 0, Diff: 0, Sum: 0, Workers: 4
[4209.639s][debug][gc,phases      ] GC(170)   StringDedup Requests0 Weak     Min:  0.0, Avg:  0.0, Max:  0.0, Diff:  0.0, Sum:  0.0, Workers: 4
[4209.639s][debug][gc,phases      ] GC(170)     Dead                           Min: 0, Avg:  0.0, Max: 0, Diff: 0, Sum: 0, Workers: 4
[4209.639s][debug][gc,phases      ] GC(170)     Total                          Min: 0, Avg:  0.0, Max: 0, Diff: 0, Sum: 0, Workers: 4
[4209.639s][debug][gc,phases      ] GC(170)   StringDedup Requests1 Weak     Min:  0.0, Avg:  0.0, Max:  0.0, Diff:  0.0, Sum:  0.0, Workers: 4
[4209.639s][debug][gc,phases      ] GC(170)     Dead                           Min: 0, Avg:  0.0, Max: 0, Diff: 0, Sum: 0, Workers: 4
[4209.639s][debug][gc,phases      ] GC(170)     Total                          Min: 0, Avg:  0.0, Max: 0, Diff: 0, Sum: 0, Workers: 4
[4209.639s][debug][gc,phases      ] GC(170)   Weak JFR Old Object Samples    Min:  0.0, Avg:  0.0, Max:  0.0, Diff:  0.0, Sum:  0.0, Workers: 4
[4209.639s][debug][gc,phases      ] GC(170)     Dead                           Min: 0, Avg:  0.0, Max: 0, Diff: 0, Sum: 0, Workers: 4
[4209.639s][debug][gc,phases      ] GC(170)     Total                          Min: 0, Avg:  0.0, Max: 0, Diff: 0, Sum: 0, Workers: 4
[4209.639s][debug][gc,phases      ] GC(170) Weak Processing 0.412ms
[4209.639s][debug][gc,age         ] GC(170) Desired survivor size 28835840 bytes, new threshold 1 (max threshold 15)
[4209.639s][info ][gc,heap        ] GC(170) PSYoungGen: 2049693K(2072576K)->22352K(2070016K) Eden: 2047005K(2047488K)->0K(2047488K) From: 2688K(25088K)->22352K(22528K)
[4209.639s][info ][gc,heap        ] GC(170) ParOldGen: 512835K(513024K)->512967K(513024K)
[4209.639s][info ][gc,metaspace   ] GC(170) Metaspace: 112913K(114240K)->112913K(114240K) NonClass: 96166K(96896K)->96166K(96896K) Class: 16747K(17344K)->16747K(17344K)
[4209.639s][info ][gc             ] GC(170) Pause Young (Allocation Failure) 2502M->522M(2522M) 12.417ms
[4209.639s][info ][gc,cpu         ] GC(170) User=0.05s Sys=0.00s Real=0.01s
[4209.639s][info ][safepoint      ] Safepoint "ParallelGCFailedAllocation", Time since last: 3898249364 ns, Reaching safepoint: 94103 ns, Cleanup: 4500 ns, At safepoint: 12512804 ns, Total: 12611407 ns
[4211.639s][info ][safepoint      ] Safepoint "Cleanup", Time since last: 2000169729 ns, Reaching safepoint: 80202 ns, Cleanup: 10701 ns, At safepoint: 7200 ns, Total: 98103 ns
[4214.639s][info ][safepoint      ] Safepoint "Cleanup", Time since last: 3000282236 ns, Reaching safepoint: 89403 ns, Cleanup: 12400 ns, At safepoint: 7501 ns, Total: 109304 ns
[4220.640s][info ][safepoint      ] Safepoint "Cleanup", Time since last: 6000523299 ns, Reaching safepoint: 84103 ns, Cleanup: 15200 ns, At safepoint: 7600 ns, Total: 106903 ns
[4221.640s][info ][safepoint      ] Safepoint "Cleanup", Time since last: 1000148916 ns, Reaching safepoint: 81902 ns, Cleanup: 9700 ns, At safepoint: 8901 ns, Total: 100503 ns
[4222.641s][info ][safepoint      ] Safepoint "Cleanup", Time since last: 1000145115 ns, Reaching safepoint: 99803 ns, Cleanup: 19100 ns, At safepoint: 8100 ns, Total: 127003 ns
[4223.641s][info ][safepoint      ] Safepoint "Cleanup", Time since last: 1000135315 ns, Reaching safepoint: 85303 ns, Cleanup: 10000 ns, At safepoint: 11600 ns, Total: 106903 ns
[4226.641s][info ][safepoint      ] Safepoint "Cleanup", Time since last: 3000334742 ns, Reaching safepoint: 84503 ns, Cleanup: 11801 ns, At safepoint: 7900 ns, Total: 104204 ns
[4226.754s][info ][gc,start       ] GC(171) Pause Young (Allocation Failure)
[4226.773s][debug][gc,phases      ] GC(171) Scavenge 19.432ms
[4226.774s][debug][gc,ref         ] GC(171) ReferenceProcessor::execute queues: 1, RefProcThreadModel::Single, marks_oops_alive: false
[4226.774s][debug][gc,ref         ] GC(171) Skipped KeepAliveFinalRefsPhase of Reference Processing: no references
[4226.774s][debug][gc,ref         ] GC(171) ReferenceProcessor::execute queues: 1, RefProcThreadModel::Single, marks_oops_alive: false
[4226.774s][debug][gc,phases      ] GC(171) Reference Processing 0.157ms
[4226.774s][debug][gc,phases      ] GC(171)   VM Weak                        Min:  0.0, Avg:  0.0, Max:  0.0, Diff:  0.0, Sum:  0.0, Workers: 4
[4226.774s][debug][gc,phases      ] GC(171)     Dead                           Min: 0, Avg:  0.0, Max: 0, Diff: 0, Sum: 0, Workers: 4
[4226.774s][debug][gc,phases      ] GC(171)     Total                          Min: 0, Avg: 261.5, Max: 896, Diff: 896, Sum: 1046, Workers: 4
[4226.774s][debug][gc,phases      ] GC(171)   ObjectSynchronizer Weak        Min:  0.0, Avg:  0.0, Max:  0.0, Diff:  0.0, Sum:  0.0, Workers: 4
[4226.774s][debug][gc,phases      ] GC(171)     Dead                           Min: 0, Avg:  0.0, Max: 0, Diff: 0, Sum: 0, Workers: 4
[4226.774s][debug][gc,phases      ] GC(171)     Total                          Min: 0, Avg:  1.0, Max: 4, Diff: 4, Sum: 4, Workers: 4
[4226.774s][debug][gc,phases      ] GC(171)   JVMTI Tag Weak OopStorage      Min:  0.0, Avg:  0.0, Max:  0.0, Diff:  0.0, Sum:  0.0, Workers: 4
[4226.774s][debug][gc,phases      ] GC(171)     Dead                           Min: 0, Avg:  0.0, Max: 0, Diff: 0, Sum: 0, Workers: 4
[4226.774s][debug][gc,phases      ] GC(171)     Total                          Min: 0, Avg:  0.0, Max: 0, Diff: 0, Sum: 0, Workers: 4
[4226.774s][debug][gc,phases      ] GC(171)   StringTable Weak               Min:  0.0, Avg:  0.1, Max:  0.2, Diff:  0.2, Sum:  0.4, Workers: 4
[4226.774s][debug][gc,phases      ] GC(171)     Dead                           Min: 0, Avg:  0.0, Max: 0, Diff: 0, Sum: 0, Workers: 4
[4226.774s][debug][gc,phases      ] GC(171)     Total                          Min: 0, Avg: 12068.8, Max: 24595, Diff: 24595, Sum: 48275, Workers: 4
[4226.774s][debug][gc,phases      ] GC(171)   ResolvedMethodTable Weak       Min:  0.0, Avg:  0.0, Max:  0.1, Diff:  0.1, Sum:  0.1, Workers: 4
[4226.774s][debug][gc,phases      ] GC(171)     Dead                           Min: 0, Avg:  4.0, Max: 16, Diff: 16, Sum: 16, Workers: 4
[4226.774s][debug][gc,phases      ] GC(171)     Total                          Min: 0, Avg: 4011.5, Max: 8083, Diff: 8083, Sum: 16046, Workers: 4
[4226.774s][debug][gc,phases      ] GC(171)   JNI Weak                       Min:  0.0, Avg:  0.0, Max:  0.0, Diff:  0.0, Sum:  0.0, Workers: 4
[4226.774s][debug][gc,phases      ] GC(171)     Dead                           Min: 0, Avg:  0.0, Max: 0, Diff: 0, Sum: 0, Workers: 4
[4226.774s][debug][gc,phases      ] GC(171)     Total                          Min: 0, Avg: 13.0, Max: 48, Diff: 48, Sum: 52, Workers: 4
[4226.774s][debug][gc,phases      ] GC(171)   StringDedup Table Weak         Min:  0.0, Avg:  0.0, Max:  0.0, Diff:  0.0, Sum:  0.0, Workers: 4
[4226.774s][debug][gc,phases      ] GC(171)     Dead                           Min: 0, Avg:  0.0, Max: 0, Diff: 0, Sum: 0, Workers: 4
[4226.774s][debug][gc,phases      ] GC(171)     Total                          Min: 0, Avg:  0.0, Max: 0, Diff: 0, Sum: 0, Workers: 4
[4226.774s][debug][gc,phases      ] GC(171)   StringDedup Requests0 Weak     Min:  0.0, Avg:  0.0, Max:  0.0, Diff:  0.0, Sum:  0.0, Workers: 4
[4226.774s][debug][gc,phases      ] GC(171)     Dead                           Min: 0, Avg:  0.0, Max: 0, Diff: 0, Sum: 0, Workers: 4
[4226.774s][debug][gc,phases      ] GC(171)     Total                          Min: 0, Avg:  0.0, Max: 0, Diff: 0, Sum: 0, Workers: 4
[4226.774s][debug][gc,phases      ] GC(171)   StringDedup Requests1 Weak     Min:  0.0, Avg:  0.0, Max:  0.0, Diff:  0.0, Sum:  0.0, Workers: 4
[4226.774s][debug][gc,phases      ] GC(171)     Dead                           Min: 0, Avg:  0.0, Max: 0, Diff: 0, Sum: 0, Workers: 4
[4226.774s][debug][gc,phases      ] GC(171)     Total                          Min: 0, Avg:  0.0, Max: 0, Diff: 0, Sum: 0, Workers: 4
[4226.774s][debug][gc,phases      ] GC(171)   Weak JFR Old Object Samples    Min:  0.0, Avg:  0.0, Max:  0.0, Diff:  0.0, Sum:  0.0, Workers: 4
[4226.774s][debug][gc,phases      ] GC(171)     Dead                           Min: 0, Avg:  0.0, Max: 0, Diff: 0, Sum: 0, Workers: 4
[4226.774s][debug][gc,phases      ] GC(171)     Total                          Min: 0, Avg:  0.0, Max: 0, Diff: 0, Sum: 0, Workers: 4
[4226.774s][debug][gc,phases      ] GC(171) Weak Processing 0.554ms
[4226.774s][debug][gc,age         ] GC(171) Desired survivor size 31457280 bytes, new threshold 1 (max threshold 15)
[4226.774s][info ][gc,heap        ] GC(171) PSYoungGen: 2069840K(2070016K)->21168K(2062848K) Eden: 2047488K(2047488K)->0K(2035712K) From: 22352K(22528K)->21168K(27136K)
[4226.774s][info ][gc,heap        ] GC(171) ParOldGen: 512967K(513024K)->530272K(530432K)
[4226.774s][info ][gc,metaspace   ] GC(171) Metaspace: 112916K(114240K)->112916K(114240K) NonClass: 96169K(96896K)->96169K(96896K) Class: 16747K(17344K)->16747K(17344K)
[4226.774s][info ][gc             ] GC(171) Pause Young (Allocation Failure) 2522M->538M(2532M) 20.304ms
[4226.774s][info ][gc,cpu         ] GC(171) User=0.04s Sys=0.03s Real=0.02s
[4226.774s][info ][safepoint      ] Safepoint "ParallelGCFailedAllocation", Time since last: 112646202 ns, Reaching safepoint: 11801 ns, Cleanup: 5900 ns, At safepoint: 20414471 ns, Total: 20432172 ns
[4227.774s][info ][safepoint      ] Safepoint "Cleanup", Time since last: 1000103970 ns, Reaching safepoint: 8300 ns, Cleanup: 16601 ns, At safepoint: 3100 ns, Total: 28001 ns
[4232.775s][info ][safepoint      ] Safepoint "Cleanup", Time since last: 5000413020 ns, Reaching safepoint: 7801 ns, Cleanup: 10800 ns, At safepoint: 2700 ns, Total: 21301 ns
[4239.775s][info ][safepoint      ] Safepoint "Cleanup", Time since last: 7000573193 ns, Reaching safepoint: 9701 ns, Cleanup: 17600 ns, At safepoint: 3600 ns, Total: 30901 ns
[4241.776s][info ][safepoint      ] Safepoint "Cleanup", Time since last: 2000240577 ns, Reaching safepoint: 37301 ns, Cleanup: 20701 ns, At safepoint: 3300 ns, Total: 61302 ns
[4245.776s][info ][safepoint      ] Safepoint "Cleanup", Time since last: 4000363345 ns, Reaching safepoint: 10200 ns, Cleanup: 18501 ns, At safepoint: 3200 ns, Total: 31901 ns
[4246.776s][info ][safepoint      ] Safepoint "Cleanup", Time since last: 1000157131 ns, Reaching safepoint: 10600 ns, Cleanup: 19901 ns, At safepoint: 3200 ns, Total: 33701 ns
[4249.777s][info ][safepoint      ] Safepoint "Cleanup", Time since last: 3000292087 ns, Reaching safepoint: 12900 ns, Cleanup: 19501 ns, At safepoint: 3600 ns, Total: 36001 ns
[4250.497s][info ][gc,start       ] GC(172) Pause Young (Allocation Failure)
[4250.513s][debug][gc,phases      ] GC(172) Scavenge 16.472ms
[4250.513s][debug][gc,ref         ] GC(172) Skipped SoftWeakFinalRefsPhase of Reference Processing: no references
[4250.513s][debug][gc,ref         ] GC(172) Skipped KeepAliveFinalRefsPhase of Reference Processing: no references
[4250.513s][debug][gc,ref         ] GC(172) ReferenceProcessor::execute queues: 1, RefProcThreadModel::Single, marks_oops_alive: false
[4250.513s][debug][gc,phases      ] GC(172) Reference Processing 0.112ms
[4250.514s][debug][gc,phases      ] GC(172)   VM Weak                        Min:  0.0, Avg:  0.0, Max:  0.0, Diff:  0.0, Sum:  0.0, Workers: 4
[4250.514s][debug][gc,phases      ] GC(172)     Dead                           Min: 0, Avg:  0.0, Max: 0, Diff: 0, Sum: 0, Workers: 4
[4250.514s][debug][gc,phases      ] GC(172)     Total                          Min: 0, Avg: 261.5, Max: 790, Diff: 790, Sum: 1046, Workers: 4
[4250.514s][debug][gc,phases      ] GC(172)   ObjectSynchronizer Weak        Min:  0.0, Avg:  0.0, Max:  0.0, Diff:  0.0, Sum:  0.0, Workers: 4
[4250.514s][debug][gc,phases      ] GC(172)     Dead                           Min: 0, Avg:  0.0, Max: 0, Diff: 0, Sum: 0, Workers: 4
[4250.514s][debug][gc,phases      ] GC(172)     Total                          Min: 0, Avg:  1.0, Max: 4, Diff: 4, Sum: 4, Workers: 4
[4250.514s][debug][gc,phases      ] GC(172)   JVMTI Tag Weak OopStorage      Min:  0.0, Avg:  0.0, Max:  0.0, Diff:  0.0, Sum:  0.0, Workers: 4
[4250.514s][debug][gc,phases      ] GC(172)     Dead                           Min: 0, Avg:  0.0, Max: 0, Diff: 0, Sum: 0, Workers: 4
[4250.514s][debug][gc,phases      ] GC(172)     Total                          Min: 0, Avg:  0.0, Max: 0, Diff: 0, Sum: 0, Workers: 4
[4250.514s][debug][gc,phases      ] GC(172)   StringTable Weak               Min:  0.0, Avg:  0.1, Max:  0.2, Diff:  0.2, Sum:  0.5, Workers: 4
[4250.514s][debug][gc,phases      ] GC(172)     Dead                           Min: 0, Avg:  0.0, Max: 0, Diff: 0, Sum: 0, Workers: 4
[4250.514s][debug][gc,phases      ] GC(172)     Total                          Min: 0, Avg: 12068.8, Max: 17408, Diff: 17408, Sum: 48275, Workers: 4
[4250.514s][debug][gc,phases      ] GC(172)   ResolvedMethodTable Weak       Min:  0.0, Avg:  0.0, Max:  0.1, Diff:  0.1, Sum:  0.2, Workers: 4
[4250.514s][debug][gc,phases      ] GC(172)     Dead                           Min: 0, Avg:  4.0, Max: 16, Diff: 16, Sum: 16, Workers: 4
[4250.514s][debug][gc,phases      ] GC(172)     Total                          Min: 0, Avg: 4011.5, Max: 5884, Diff: 5884, Sum: 16046, Workers: 4
[4250.514s][debug][gc,phases      ] GC(172)   JNI Weak                       Min:  0.0, Avg:  0.0, Max:  0.0, Diff:  0.0, Sum:  0.0, Workers: 4
[4250.514s][debug][gc,phases      ] GC(172)     Dead                           Min: 0, Avg:  0.0, Max: 0, Diff: 0, Sum: 0, Workers: 4
[4250.514s][debug][gc,phases      ] GC(172)     Total                          Min: 0, Avg: 13.0, Max: 48, Diff: 48, Sum: 52, Workers: 4
[4250.514s][debug][gc,phases      ] GC(172)   StringDedup Table Weak         Min:  0.0, Avg:  0.0, Max:  0.0, Diff:  0.0, Sum:  0.0, Workers: 4
[4250.514s][debug][gc,phases      ] GC(172)     Dead                           Min: 0, Avg:  0.0, Max: 0, Diff: 0, Sum: 0, Workers: 4
[4250.514s][debug][gc,phases      ] GC(172)     Total                          Min: 0, Avg:  0.0, Max: 0, Diff: 0, Sum: 0, Workers: 4
[4250.514s][debug][gc,phases      ] GC(172)   StringDedup Requests0 Weak     Min:  0.0, Avg:  0.0, Max:  0.0, Diff:  0.0, Sum:  0.0, Workers: 4
[4250.514s][debug][gc,phases      ] GC(172)     Dead                           Min: 0, Avg:  0.0, Max: 0, Diff: 0, Sum: 0, Workers: 4
[4250.514s][debug][gc,phases      ] GC(172)     Total                          Min: 0, Avg:  0.0, Max: 0, Diff: 0, Sum: 0, Workers: 4
[4250.514s][debug][gc,phases      ] GC(172)   StringDedup Requests1 Weak     Min:  0.0, Avg:  0.0, Max:  0.0, Diff:  0.0, Sum:  0.0, Workers: 4
[4250.514s][debug][gc,phases      ] GC(172)     Dead                           Min: 0, Avg:  0.0, Max: 0, Diff: 0, Sum: 0, Workers: 4
[4250.514s][debug][gc,phases      ] GC(172)     Total                          Min: 0, Avg:  0.0, Max: 0, Diff: 0, Sum: 0, Workers: 4
[4250.514s][debug][gc,phases      ] GC(172)   Weak JFR Old Object Samples    Min:  0.0, Avg:  0.0, Max:  0.0, Diff:  0.0, Sum:  0.0, Workers: 4
[4250.514s][debug][gc,phases      ] GC(172)     Dead                           Min: 0, Avg:  0.0, Max: 0, Diff: 0, Sum: 0, Workers: 4
[4250.514s][debug][gc,phases      ] GC(172)     Total                          Min: 0, Avg:  0.0, Max: 0, Diff: 0, Sum: 0, Workers: 4
[4250.514s][debug][gc,phases      ] GC(172) Weak Processing 0.619ms
[4250.514s][debug][gc,age         ] GC(172) Desired survivor size 29884416 bytes, new threshold 1 (max threshold 15)
[4250.514s][info ][gc,heap        ] GC(172) PSYoungGen: 2056880K(2062848K)->6448K(2066432K) Eden: 2035712K(2035712K)->0K(2035712K) From: 21168K(27136K)->6448K(30720K)
[4250.514s][info ][gc,heap        ] GC(172) ParOldGen: 530272K(530432K)->548133K(548352K)
[4250.514s][info ][gc,metaspace   ] GC(172) Metaspace: 112926K(114240K)->112926K(114240K) NonClass: 96178K(96896K)->96178K(96896K) Class: 16747K(17344K)->16747K(17344K)
[4250.514s][info ][gc             ] GC(172) Pause Young (Allocation Failure) 2526M->541M(2553M) 17.370ms
[4250.514s][info ][gc,cpu         ] GC(172) User=0.05s Sys=0.00s Real=0.02s
[4250.514s][info ][safepoint      ] Safepoint "ParallelGCFailedAllocation", Time since last: 719846514 ns, Reaching safepoint: 9100 ns, Cleanup: 4100 ns, At safepoint: 17465968 ns, Total: 17479168 ns
[4251.514s][info ][safepoint      ] Safepoint "Cleanup", Time since last: 1000102029 ns, Reaching safepoint: 12601 ns, Cleanup: 31401 ns, At safepoint: 3100 ns, Total: 47102 ns
[4256.515s][info ][safepoint      ] Safepoint "Cleanup", Time since last: 5000444938 ns, Reaching safepoint: 9200 ns, Cleanup: 11700 ns, At safepoint: 2901 ns, Total: 23801 ns
[4259.515s][info ][safepoint      ] Safepoint "Cleanup", Time since last: 3000275817 ns, Reaching safepoint: 10701 ns, Cleanup: 19700 ns, At safepoint: 3400 ns, Total: 33801 ns
[4269.747s][info ][safepoint      ] Safepoint "Cleanup", Time since last: 10232253889 ns, Reaching safepoint: 86502 ns, Cleanup: 13901 ns, At safepoint: 34101 ns, Total: 134504 ns
[4274.748s][info ][safepoint      ] Safepoint "Cleanup", Time since last: 5000490865 ns, Reaching safepoint: 86603 ns, Cleanup: 12400 ns, At safepoint: 7800 ns, Total: 106803 ns
[4277.051s][info ][gc,start       ] GC(173) Pause Young (Allocation Failure)
[4277.059s][debug][gc,phases      ] GC(173) Scavenge 8.059ms
[4277.059s][debug][gc,ref         ] GC(173) ReferenceProcessor::execute queues: 1, RefProcThreadModel::Single, marks_oops_alive: false
[4277.059s][debug][gc,ref         ] GC(173) Skipped KeepAliveFinalRefsPhase of Reference Processing: no references
[4277.059s][debug][gc,ref         ] GC(173) Skipped PhantomRefsPhase of Reference Processing: no references
[4277.059s][debug][gc,phases      ] GC(173) Reference Processing 0.122ms
[4277.059s][debug][gc,phases      ] GC(173)   VM Weak                        Min:  0.0, Avg:  0.0, Max:  0.0, Diff:  0.0, Sum:  0.0, Workers: 4
[4277.059s][debug][gc,phases      ] GC(173)     Dead                           Min: 0, Avg:  0.0, Max: 0, Diff: 0, Sum: 0, Workers: 4
[4277.059s][debug][gc,phases      ] GC(173)     Total                          Min: 0, Avg: 261.5, Max: 662, Diff: 662, Sum: 1046, Workers: 4
[4277.059s][debug][gc,phases      ] GC(173)   ObjectSynchronizer Weak        Min:  0.0, Avg:  0.0, Max:  0.0, Diff:  0.0, Sum:  0.0, Workers: 4
[4277.059s][debug][gc,phases      ] GC(173)     Dead                           Min: 0, Avg:  0.0, Max: 0, Diff: 0, Sum: 0, Workers: 4
[4277.059s][debug][gc,phases      ] GC(173)     Total                          Min: 0, Avg:  0.8, Max: 3, Diff: 3, Sum: 3, Workers: 4
[4277.059s][debug][gc,phases      ] GC(173)   JVMTI Tag Weak OopStorage      Min:  0.0, Avg:  0.0, Max:  0.0, Diff:  0.0, Sum:  0.0, Workers: 4
[4277.059s][debug][gc,phases      ] GC(173)     Dead                           Min: 0, Avg:  0.0, Max: 0, Diff: 0, Sum: 0, Workers: 4
[4277.059s][debug][gc,phases      ] GC(173)     Total                          Min: 0, Avg:  0.0, Max: 0, Diff: 0, Sum: 0, Workers: 4
[4277.059s][debug][gc,phases      ] GC(173)   StringTable Weak               Min:  0.0, Avg:  0.1, Max:  0.2, Diff:  0.2, Sum:  0.5, Workers: 4
[4277.059s][debug][gc,phases      ] GC(173)     Dead                           Min: 0, Avg:  0.0, Max: 0, Diff: 0, Sum: 0, Workers: 4
[4277.059s][debug][gc,phases      ] GC(173)     Total                          Min: 0, Avg: 12068.8, Max: 17363, Diff: 17363, Sum: 48275, Workers: 4
[4277.059s][debug][gc,phases      ] GC(173)   ResolvedMethodTable Weak       Min:  0.0, Avg:  0.0, Max:  0.1, Diff:  0.1, Sum:  0.2, Workers: 4
[4277.059s][debug][gc,phases      ] GC(173)     Dead                           Min: 0, Avg:  4.0, Max: 16, Diff: 16, Sum: 16, Workers: 4
[4277.059s][debug][gc,phases      ] GC(173)     Total                          Min: 0, Avg: 4011.5, Max: 5891, Diff: 5891, Sum: 16046, Workers: 4
[4277.059s][debug][gc,phases      ] GC(173)   JNI Weak                       Min:  0.0, Avg:  0.0, Max:  0.0, Diff:  0.0, Sum:  0.0, Workers: 4
[4277.059s][debug][gc,phases      ] GC(173)     Dead                           Min: 0, Avg:  0.0, Max: 0, Diff: 0, Sum: 0, Workers: 4
[4277.059s][debug][gc,phases      ] GC(173)     Total                          Min: 0, Avg: 13.0, Max: 48, Diff: 48, Sum: 52, Workers: 4
[4277.059s][debug][gc,phases      ] GC(173)   StringDedup Table Weak         Min:  0.0, Avg:  0.0, Max:  0.0, Diff:  0.0, Sum:  0.0, Workers: 4
[4277.059s][debug][gc,phases      ] GC(173)     Dead                           Min: 0, Avg:  0.0, Max: 0, Diff: 0, Sum: 0, Workers: 4
[4277.059s][debug][gc,phases      ] GC(173)     Total                          Min: 0, Avg:  0.0, Max: 0, Diff: 0, Sum: 0, Workers: 4
[4277.059s][debug][gc,phases      ] GC(173)   StringDedup Requests0 Weak     Min:  0.0, Avg:  0.0, Max:  0.0, Diff:  0.0, Sum:  0.0, Workers: 4
[4277.059s][debug][gc,phases      ] GC(173)     Dead                           Min: 0, Avg:  0.0, Max: 0, Diff: 0, Sum: 0, Workers: 4
[4277.059s][debug][gc,phases      ] GC(173)     Total                          Min: 0, Avg:  0.0, Max: 0, Diff: 0, Sum: 0, Workers: 4
[4277.059s][debug][gc,phases      ] GC(173)   StringDedup Requests1 Weak     Min:  0.0, Avg:  0.0, Max:  0.0, Diff:  0.0, Sum:  0.0, Workers: 4
[4277.059s][debug][gc,phases      ] GC(173)     Dead                           Min: 0, Avg:  0.0, Max: 0, Diff: 0, Sum: 0, Workers: 4
[4277.059s][debug][gc,phases      ] GC(173)     Total                          Min: 0, Avg:  0.0, Max: 0, Diff: 0, Sum: 0, Workers: 4
[4277.059s][debug][gc,phases      ] GC(173)   Weak JFR Old Object Samples    Min:  0.0, Avg:  0.0, Max:  0.0, Diff:  0.0, Sum:  0.0, Workers: 4
[4277.059s][debug][gc,phases      ] GC(173)     Dead                           Min: 0, Avg:  0.0, Max: 0, Diff: 0, Sum: 0, Workers: 4
[4277.059s][debug][gc,phases      ] GC(173)     Total                          Min: 0, Avg:  0.0, Max: 0, Diff: 0, Sum: 0, Workers: 4
[4277.059s][debug][gc,phases      ] GC(173) Weak Processing 0.448ms
[4277.059s][debug][gc,age         ] GC(173) Desired survivor size 29360128 bytes, new threshold 1 (max threshold 15)
[4277.059s][info ][gc,heap        ] GC(173) PSYoungGen: 2042160K(2066432K)->4720K(2068480K) Eden: 2035712K(2035712K)->0K(2039296K) From: 6448K(30720K)->4720K(29184K)
[4277.059s][info ][gc,heap        ] GC(173) ParOldGen: 548133K(548352K)->551149K(551424K)
[4277.059s][info ][gc,metaspace   ] GC(173) Metaspace: 112932K(114304K)->112932K(114304K) NonClass: 96184K(96960K)->96184K(96960K) Class: 16747K(17344K)->16747K(17344K)
[4277.059s][info ][gc             ] GC(173) Pause Young (Allocation Failure) 2529M->542M(2558M) 8.779ms
[4277.059s][info ][gc,cpu         ] GC(173) User=0.03s Sys=0.00s Real=0.01s
[4277.059s][info ][safepoint      ] Safepoint "ParallelGCFailedAllocation", Time since last: 2302568053 ns, Reaching safepoint: 8500 ns, Cleanup: 4800 ns, At safepoint: 8871889 ns, Total: 8885189 ns
[4299.061s][info ][safepoint      ] Safepoint "Cleanup", Time since last: 22001682000 ns, Reaching safepoint: 9501 ns, Cleanup: 14600 ns, At safepoint: 2900 ns, Total: 27001 ns
[4300.061s][info ][safepoint      ] Safepoint "Cleanup", Time since last: 1000139840 ns, Reaching safepoint: 8900 ns, Cleanup: 12701 ns, At safepoint: 30601 ns, Total: 52202 ns
[4302.597s][info ][gc,start       ] GC(174) Pause Young (Allocation Failure)
[4302.605s][debug][gc,phases      ] GC(174) Scavenge 8.160ms
[4302.605s][debug][gc,ref         ] GC(174) ReferenceProcessor::execute queues: 1, RefProcThreadModel::Single, marks_oops_alive: false
[4302.605s][debug][gc,ref         ] GC(174) Skipped KeepAliveFinalRefsPhase of Reference Processing: no references
[4302.605s][debug][gc,ref         ] GC(174) ReferenceProcessor::execute queues: 1, RefProcThreadModel::Single, marks_oops_alive: false
[4302.605s][debug][gc,phases      ] GC(174) Reference Processing 0.118ms
[4302.605s][debug][gc,phases      ] GC(174)   VM Weak                        Min:  0.0, Avg:  0.0, Max:  0.0, Diff:  0.0, Sum:  0.0, Workers: 4
[4302.605s][debug][gc,phases      ] GC(174)     Dead                           Min: 0, Avg:  0.0, Max: 0, Diff: 0, Sum: 0, Workers: 4
[4302.605s][debug][gc,phases      ] GC(174)     Total                          Min: 0, Avg: 261.5, Max: 832, Diff: 832, Sum: 1046, Workers: 4
[4302.605s][debug][gc,phases      ] GC(174)   ObjectSynchronizer Weak        Min:  0.0, Avg:  0.0, Max:  0.0, Diff:  0.0, Sum:  0.0, Workers: 4
[4302.606s][debug][gc,phases      ] GC(174)     Dead                           Min: 0, Avg:  0.0, Max: 0, Diff: 0, Sum: 0, Workers: 4
[4302.606s][debug][gc,phases      ] GC(174)     Total                          Min: 0, Avg:  0.8, Max: 3, Diff: 3, Sum: 3, Workers: 4
[4302.606s][debug][gc,phases      ] GC(174)   JVMTI Tag Weak OopStorage      Min:  0.0, Avg:  0.0, Max:  0.0, Diff:  0.0, Sum:  0.0, Workers: 4
[4302.606s][debug][gc,phases      ] GC(174)     Dead                           Min: 0, Avg:  0.0, Max: 0, Diff: 0, Sum: 0, Workers: 4
[4302.606s][debug][gc,phases      ] GC(174)     Total                          Min: 0, Avg:  0.0, Max: 0, Diff: 0, Sum: 0, Workers: 4
[4302.606s][debug][gc,phases      ] GC(174)   StringTable Weak               Min:  0.0, Avg:  0.1, Max:  0.2, Diff:  0.2, Sum:  0.5, Workers: 4
[4302.606s][debug][gc,phases      ] GC(174)     Dead                           Min: 0, Avg:  0.0, Max: 0, Diff: 0, Sum: 0, Workers: 4
[4302.606s][debug][gc,phases      ] GC(174)     Total                          Min: 0, Avg: 12068.8, Max: 24384, Diff: 24384, Sum: 48275, Workers: 4
[4302.606s][debug][gc,phases      ] GC(174)   ResolvedMethodTable Weak       Min:  0.0, Avg:  0.0, Max:  0.1, Diff:  0.1, Sum:  0.2, Workers: 4
[4302.606s][debug][gc,phases      ] GC(174)     Dead                           Min: 0, Avg:  0.0, Max: 0, Diff: 0, Sum: 0, Workers: 4
[4302.606s][debug][gc,phases      ] GC(174)     Total                          Min: 0, Avg: 4011.5, Max: 8726, Diff: 8726, Sum: 16046, Workers: 4
[4302.606s][debug][gc,phases      ] GC(174)   JNI Weak                       Min:  0.0, Avg:  0.0, Max:  0.0, Diff:  0.0, Sum:  0.0, Workers: 4
[4302.606s][debug][gc,phases      ] GC(174)     Dead                           Min: 0, Avg:  0.0, Max: 0, Diff: 0, Sum: 0, Workers: 4
[4302.606s][debug][gc,phases      ] GC(174)     Total                          Min: 0, Avg: 13.0, Max: 48, Diff: 48, Sum: 52, Workers: 4
[4302.606s][debug][gc,phases      ] GC(174)   StringDedup Table Weak         Min:  0.0, Avg:  0.0, Max:  0.0, Diff:  0.0, Sum:  0.0, Workers: 4
[4302.606s][debug][gc,phases      ] GC(174)     Dead                           Min: 0, Avg:  0.0, Max: 0, Diff: 0, Sum: 0, Workers: 4
[4302.606s][debug][gc,phases      ] GC(174)     Total                          Min: 0, Avg:  0.0, Max: 0, Diff: 0, Sum: 0, Workers: 4
[4302.606s][debug][gc,phases      ] GC(174)   StringDedup Requests0 Weak     Min:  0.0, Avg:  0.0, Max:  0.0, Diff:  0.0, Sum:  0.0, Workers: 4
[4302.606s][debug][gc,phases      ] GC(174)     Dead                           Min: 0, Avg:  0.0, Max: 0, Diff: 0, Sum: 0, Workers: 4
[4302.606s][debug][gc,phases      ] GC(174)     Total                          Min: 0, Avg:  0.0, Max: 0, Diff: 0, Sum: 0, Workers: 4
[4302.606s][debug][gc,phases      ] GC(174)   StringDedup Requests1 Weak     Min:  0.0, Avg:  0.0, Max:  0.0, Diff:  0.0, Sum:  0.0, Workers: 4
[4302.606s][debug][gc,phases      ] GC(174)     Dead                           Min: 0, Avg:  0.0, Max: 0, Diff: 0, Sum: 0, Workers: 4
[4302.606s][debug][gc,phases      ] GC(174)     Total                          Min: 0, Avg:  0.0, Max: 0, Diff: 0, Sum: 0, Workers: 4
[4302.606s][debug][gc,phases      ] GC(174)   Weak JFR Old Object Samples    Min:  0.0, Avg:  0.0, Max:  0.0, Diff:  0.0, Sum:  0.0, Workers: 4
[4302.606s][debug][gc,phases      ] GC(174)     Dead                           Min: 0, Avg:  0.0, Max: 0, Diff: 0, Sum: 0, Workers: 4
[4302.606s][debug][gc,phases      ] GC(174)     Total                          Min: 0, Avg:  0.0, Max: 0, Diff: 0, Sum: 0, Workers: 4
[4302.606s][debug][gc,phases      ] GC(174) Weak Processing 0.727ms
[4302.606s][debug][gc,age         ] GC(174) Desired survivor size 28311552 bytes, new threshold 1 (max threshold 15)
[4302.606s][info ][gc,heap        ] GC(174) PSYoungGen: 2044016K(2068480K)->4752K(2067968K) Eden: 2039296K(2039296K)->0K(2039296K) From: 4720K(29184K)->4752K(28672K)
[4302.606s][info ][gc,heap        ] GC(174) ParOldGen: 551149K(551424K)->551969K(552448K)
[4302.606s][info ][gc,metaspace   ] GC(174) Metaspace: 112937K(114304K)->112937K(114304K) NonClass: 96190K(96960K)->96190K(96960K) Class: 16747K(17344K)->16747K(17344K)
[4302.606s][info ][gc             ] GC(174) Pause Young (Allocation Failure) 2534M->543M(2559M) 9.157ms
[4302.606s][info ][gc,cpu         ] GC(174) User=0.02s Sys=0.00s Real=0.01s
[4302.606s][info ][safepoint      ] Safepoint "ParallelGCFailedAllocation", Time since last: 2535413947 ns, Reaching safepoint: 9000 ns, Cleanup: 4700 ns, At safepoint: 9244097 ns, Total: 9257797 ns
[4328.047s][info ][gc,start       ] GC(175) Pause Young (Allocation Failure)
[4328.055s][debug][gc,phases      ] GC(175) Scavenge 7.251ms
[4328.055s][debug][gc,ref         ] GC(175) ReferenceProcessor::execute queues: 1, RefProcThreadModel::Single, marks_oops_alive: false
[4328.055s][debug][gc,ref         ] GC(175) Skipped KeepAliveFinalRefsPhase of Reference Processing: no references
[4328.055s][debug][gc,ref         ] GC(175) Skipped PhantomRefsPhase of Reference Processing: no references
[4328.055s][debug][gc,phases      ] GC(175) Reference Processing 0.121ms
[4328.055s][debug][gc,phases      ] GC(175)   VM Weak                        Min:  0.0, Avg:  0.0, Max:  0.0, Diff:  0.0, Sum:  0.0, Workers: 4
[4328.055s][debug][gc,phases      ] GC(175)     Dead                           Min: 0, Avg:  0.0, Max: 0, Diff: 0, Sum: 0, Workers: 4
[4328.055s][debug][gc,phases      ] GC(175)     Total                          Min: 0, Avg: 261.5, Max: 704, Diff: 704, Sum: 1046, Workers: 4
[4328.055s][debug][gc,phases      ] GC(175)   ObjectSynchronizer Weak        Min:  0.0, Avg:  0.0, Max:  0.0, Diff:  0.0, Sum:  0.0, Workers: 4
[4328.055s][debug][gc,phases      ] GC(175)     Dead                           Min: 0, Avg:  0.0, Max: 0, Diff: 0, Sum: 0, Workers: 4
[4328.055s][debug][gc,phases      ] GC(175)     Total                          Min: 0, Avg:  0.8, Max: 3, Diff: 3, Sum: 3, Workers: 4
[4328.055s][debug][gc,phases      ] GC(175)   JVMTI Tag Weak OopStorage      Min:  0.0, Avg:  0.0, Max:  0.0, Diff:  0.0, Sum:  0.0, Workers: 4
[4328.055s][debug][gc,phases      ] GC(175)     Dead                           Min: 0, Avg:  0.0, Max: 0, Diff: 0, Sum: 0, Workers: 4
[4328.055s][debug][gc,phases      ] GC(175)     Total                          Min: 0, Avg:  0.0, Max: 0, Diff: 0, Sum: 0, Workers: 4
[4328.055s][debug][gc,phases      ] GC(175)   StringTable Weak               Min:  0.0, Avg:  0.1, Max:  0.2, Diff:  0.2, Sum:  0.5, Workers: 4
[4328.055s][debug][gc,phases      ] GC(175)     Dead                           Min: 0, Avg:  0.0, Max: 0, Diff: 0, Sum: 0, Workers: 4
[4328.055s][debug][gc,phases      ] GC(175)     Total                          Min: 0, Avg: 12068.8, Max: 25600, Diff: 25600, Sum: 48275, Workers: 4
[4328.055s][debug][gc,phases      ] GC(175)   ResolvedMethodTable Weak       Min:  0.0, Avg:  0.0, Max:  0.1, Diff:  0.1, Sum:  0.2, Workers: 4
[4328.055s][debug][gc,phases      ] GC(175)     Dead                           Min: 0, Avg:  4.0, Max: 16, Diff: 16, Sum: 16, Workers: 4
[4328.055s][debug][gc,phases      ] GC(175)     Total                          Min: 0, Avg: 4011.5, Max: 8667, Diff: 8667, Sum: 16046, Workers: 4
[4328.055s][debug][gc,phases      ] GC(175)   JNI Weak                       Min:  0.0, Avg:  0.0, Max:  0.0, Diff:  0.0, Sum:  0.0, Workers: 4
[4328.055s][debug][gc,phases      ] GC(175)     Dead                           Min: 0, Avg:  0.0, Max: 0, Diff: 0, Sum: 0, Workers: 4
[4328.055s][debug][gc,phases      ] GC(175)     Total                          Min: 0, Avg: 13.0, Max: 48, Diff: 48, Sum: 52, Workers: 4
[4328.055s][debug][gc,phases      ] GC(175)   StringDedup Table Weak         Min:  0.0, Avg:  0.0, Max:  0.0, Diff:  0.0, Sum:  0.0, Workers: 4
[4328.055s][debug][gc,phases      ] GC(175)     Dead                           Min: 0, Avg:  0.0, Max: 0, Diff: 0, Sum: 0, Workers: 4
[4328.055s][debug][gc,phases      ] GC(175)     Total                          Min: 0, Avg:  0.0, Max: 0, Diff: 0, Sum: 0, Workers: 4
[4328.055s][debug][gc,phases      ] GC(175)   StringDedup Requests0 Weak     Min:  0.0, Avg:  0.0, Max:  0.0, Diff:  0.0, Sum:  0.0, Workers: 4
[4328.055s][debug][gc,phases      ] GC(175)     Dead                           Min: 0, Avg:  0.0, Max: 0, Diff: 0, Sum: 0, Workers: 4
[4328.055s][debug][gc,phases      ] GC(175)     Total                          Min: 0, Avg:  0.0, Max: 0, Diff: 0, Sum: 0, Workers: 4
[4328.055s][debug][gc,phases      ] GC(175)   StringDedup Requests1 Weak     Min:  0.0, Avg:  0.0, Max:  0.0, Diff:  0.0, Sum:  0.0, Workers: 4
[4328.055s][debug][gc,phases      ] GC(175)     Dead                           Min: 0, Avg:  0.0, Max: 0, Diff: 0, Sum: 0, Workers: 4
[4328.055s][debug][gc,phases      ] GC(175)     Total                          Min: 0, Avg:  0.0, Max: 0, Diff: 0, Sum: 0, Workers: 4
[4328.055s][debug][gc,phases      ] GC(175)   Weak JFR Old Object Samples    Min:  0.0, Avg:  0.0, Max:  0.0, Diff:  0.0, Sum:  0.0, Workers: 4
[4328.055s][debug][gc,phases      ] GC(175)     Dead                           Min: 0, Avg:  0.0, Max: 0, Diff: 0, Sum: 0, Workers: 4
[4328.055s][debug][gc,phases      ] GC(175)     Total                          Min: 0, Avg:  0.0, Max: 0, Diff: 0, Sum: 0, Workers: 4
[4328.055s][debug][gc,phases      ] GC(175) Weak Processing 0.582ms
[4328.055s][debug][gc,age         ] GC(175) Desired survivor size 27262976 bytes, new threshold 1 (max threshold 15)
[4328.055s][info ][gc,heap        ] GC(175) PSYoungGen: 2044048K(2067968K)->5040K(2070528K) Eden: 2039296K(2039296K)->0K(2042880K) From: 4752K(28672K)->5040K(27648K)
[4328.055s][info ][gc,heap        ] GC(175) ParOldGen: 551969K(552448K)->552683K(552960K)
[4328.055s][info ][gc,metaspace   ] GC(175) Metaspace: 112938K(114304K)->112938K(114304K) NonClass: 96191K(96960K)->96191K(96960K) Class: 16747K(17344K)->16747K(17344K)
[4328.055s][info ][gc             ] GC(175) Pause Young (Allocation Failure) 2535M->544M(2562M) 8.134ms
[4328.055s][info ][gc,cpu         ] GC(175) User=0.02s Sys=0.00s Real=0.01s
[4328.056s][info ][safepoint      ] Safepoint "ParallelGCFailedAllocation", Time since last: 25441368372 ns, Reaching safepoint: 9100 ns, Cleanup: 5000 ns, At safepoint: 8225963 ns, Total: 8240063 ns
[4331.056s][info ][safepoint      ] Safepoint "Cleanup", Time since last: 3000260443 ns, Reaching safepoint: 9101 ns, Cleanup: 10800 ns, At safepoint: 29501 ns, Total: 49402 ns
[4354.456s][info ][gc,start       ] GC(176) Pause Young (Allocation Failure)
[4354.461s][debug][gc,phases      ] GC(176) Scavenge 5.104ms
[4354.462s][debug][gc,ref         ] GC(176) ReferenceProcessor::execute queues: 1, RefProcThreadModel::Single, marks_oops_alive: false
[4354.462s][debug][gc,ref         ] GC(176) Skipped KeepAliveFinalRefsPhase of Reference Processing: no references
[4354.462s][debug][gc,ref         ] GC(176) ReferenceProcessor::execute queues: 1, RefProcThreadModel::Single, marks_oops_alive: false
[4354.462s][debug][gc,phases      ] GC(176) Reference Processing 0.125ms
[4354.462s][debug][gc,phases      ] GC(176)   VM Weak                        Min:  0.0, Avg:  0.0, Max:  0.0, Diff:  0.0, Sum:  0.0, Workers: 4
[4354.462s][debug][gc,phases      ] GC(176)     Dead                           Min: 0, Avg:  0.0, Max: 0, Diff: 0, Sum: 0, Workers: 4
[4354.462s][debug][gc,phases      ] GC(176)     Total                          Min: 0, Avg: 261.5, Max: 640, Diff: 640, Sum: 1046, Workers: 4
[4354.462s][debug][gc,phases      ] GC(176)   ObjectSynchronizer Weak        Min:  0.0, Avg:  0.0, Max:  0.0, Diff:  0.0, Sum:  0.0, Workers: 4
[4354.462s][debug][gc,phases      ] GC(176)     Dead                           Min: 0, Avg:  0.0, Max: 0, Diff: 0, Sum: 0, Workers: 4
[4354.462s][debug][gc,phases      ] GC(176)     Total                          Min: 0, Avg:  0.8, Max: 3, Diff: 3, Sum: 3, Workers: 4
[4354.462s][debug][gc,phases      ] GC(176)   JVMTI Tag Weak OopStorage      Min:  0.0, Avg:  0.0, Max:  0.0, Diff:  0.0, Sum:  0.0, Workers: 4
[4354.462s][debug][gc,phases      ] GC(176)     Dead                           Min: 0, Avg:  0.0, Max: 0, Diff: 0, Sum: 0, Workers: 4
[4354.462s][debug][gc,phases      ] GC(176)     Total                          Min: 0, Avg:  0.0, Max: 0, Diff: 0, Sum: 0, Workers: 4
[4354.462s][debug][gc,phases      ] GC(176)   StringTable Weak               Min:  0.1, Avg:  0.1, Max:  0.1, Diff:  0.0, Sum:  0.5, Workers: 4
[4354.462s][debug][gc,phases      ] GC(176)     Dead                           Min: 0, Avg:  0.0, Max: 0, Diff: 0, Sum: 0, Workers: 4
[4354.462s][debug][gc,phases      ] GC(176)     Total                          Min: 11264, Avg: 12068.8, Max: 12691, Diff: 1427, Sum: 48275, Workers: 4
[4354.462s][debug][gc,phases      ] GC(176)   ResolvedMethodTable Weak       Min:  0.0, Avg:  0.0, Max:  0.0, Diff:  0.0, Sum:  0.2, Workers: 4
[4354.462s][debug][gc,phases      ] GC(176)     Dead                           Min: 0, Avg:  4.0, Max: 16, Diff: 16, Sum: 16, Workers: 4
[4354.462s][debug][gc,phases      ] GC(176)     Total                          Min: 3654, Avg: 4011.5, Max: 4267, Diff: 613, Sum: 16046, Workers: 4
[4354.462s][debug][gc,phases      ] GC(176)   JNI Weak                       Min:  0.0, Avg:  0.0, Max:  0.0, Diff:  0.0, Sum:  0.0, Workers: 4
[4354.462s][debug][gc,phases      ] GC(176)     Dead                           Min: 0, Avg:  0.0, Max: 0, Diff: 0, Sum: 0, Workers: 4
[4354.462s][debug][gc,phases      ] GC(176)     Total                          Min: 0, Avg: 13.0, Max: 48, Diff: 48, Sum: 52, Workers: 4
[4354.462s][debug][gc,phases      ] GC(176)   StringDedup Table Weak         Min:  0.0, Avg:  0.0, Max:  0.0, Diff:  0.0, Sum:  0.0, Workers: 4
[4354.462s][debug][gc,phases      ] GC(176)     Dead                           Min: 0, Avg:  0.0, Max: 0, Diff: 0, Sum: 0, Workers: 4
[4354.462s][debug][gc,phases      ] GC(176)     Total                          Min: 0, Avg:  0.0, Max: 0, Diff: 0, Sum: 0, Workers: 4
[4354.462s][debug][gc,phases      ] GC(176)   StringDedup Requests0 Weak     Min:  0.0, Avg:  0.0, Max:  0.0, Diff:  0.0, Sum:  0.0, Workers: 4
[4354.462s][debug][gc,phases      ] GC(176)     Dead                           Min: 0, Avg:  0.0, Max: 0, Diff: 0, Sum: 0, Workers: 4
[4354.462s][debug][gc,phases      ] GC(176)     Total                          Min: 0, Avg:  0.0, Max: 0, Diff: 0, Sum: 0, Workers: 4
[4354.462s][debug][gc,phases      ] GC(176)   StringDedup Requests1 Weak     Min:  0.0, Avg:  0.0, Max:  0.0, Diff:  0.0, Sum:  0.0, Workers: 4
[4354.462s][debug][gc,phases      ] GC(176)     Dead                           Min: 0, Avg:  0.0, Max: 0, Diff: 0, Sum: 0, Workers: 4
[4354.462s][debug][gc,phases      ] GC(176)     Total                          Min: 0, Avg:  0.0, Max: 0, Diff: 0, Sum: 0, Workers: 4
[4354.462s][debug][gc,phases      ] GC(176)   Weak JFR Old Object Samples    Min:  0.0, Avg:  0.0, Max:  0.0, Diff:  0.0, Sum:  0.0, Workers: 4
[4354.462s][debug][gc,phases      ] GC(176)     Dead                           Min: 0, Avg:  0.0, Max: 0, Diff: 0, Sum: 0, Workers: 4
[4354.462s][debug][gc,phases      ] GC(176)     Total                          Min: 0, Avg:  0.0, Max: 0, Diff: 0, Sum: 0, Workers: 4
[4354.462s][debug][gc,phases      ] GC(176) Weak Processing 0.424ms
[4354.462s][debug][gc,age         ] GC(176) Desired survivor size 26214400 bytes, new threshold 1 (max threshold 15)
[4354.462s][info ][gc,heap        ] GC(176) PSYoungGen: 2047920K(2070528K)->5472K(2069504K) Eden: 2042880K(2042880K)->0K(2042880K) From: 5040K(27648K)->5472K(26624K)
[4354.462s][info ][gc,heap        ] GC(176) ParOldGen: 552683K(552960K)->553720K(553984K)
[4354.462s][info ][gc,metaspace   ] GC(176) Metaspace: 112940K(114304K)->112940K(114304K) NonClass: 96193K(96960K)->96193K(96960K) Class: 16747K(17344K)->16747K(17344K)
[4354.462s][info ][gc             ] GC(176) Pause Young (Allocation Failure) 2539M->546M(2562M) 5.804ms
[4354.462s][info ][gc,cpu         ] GC(176) User=0.01s Sys=0.01s Real=0.00s
[4354.462s][info ][safepoint      ] Safepoint "ParallelGCFailedAllocation", Time since last: 23400426277 ns, Reaching safepoint: 9101 ns, Cleanup: 5400 ns, At safepoint: 5889186 ns, Total: 5903687 ns
[4357.462s][info ][safepoint      ] Safepoint "Cleanup", Time since last: 3000276885 ns, Reaching safepoint: 10000 ns, Cleanup: 17000 ns, At safepoint: 3201 ns, Total: 30201 ns
[4364.463s][info ][safepoint      ] Safepoint "Cleanup", Time since last: 7000622263 ns, Reaching safepoint: 11100 ns, Cleanup: 15701 ns, At safepoint: 3500 ns, Total: 30301 ns
[4373.464s][info ][safepoint      ] Safepoint "Cleanup", Time since last: 9000685351 ns, Reaching safepoint: 8300 ns, Cleanup: 17301 ns, At safepoint: 3100 ns, Total: 28701 ns
[4376.464s][info ][safepoint      ] Safepoint "Cleanup", Time since last: 3000275484 ns, Reaching safepoint: 7900 ns, Cleanup: 10700 ns, At safepoint: 2800 ns, Total: 21400 ns
[4377.699s][info ][gc,start       ] GC(177) Pause Young (Allocation Failure)
[4377.705s][debug][gc,phases      ] GC(177) Scavenge 5.730ms
[4377.706s][debug][gc,ref         ] GC(177) ReferenceProcessor::execute queues: 1, RefProcThreadModel::Single, marks_oops_alive: false
[4377.706s][debug][gc,ref         ] GC(177) Skipped KeepAliveFinalRefsPhase of Reference Processing: no references
[4377.706s][debug][gc,ref         ] GC(177) Skipped PhantomRefsPhase of Reference Processing: no references
[4377.706s][debug][gc,phases      ] GC(177) Reference Processing 0.148ms
[4377.706s][debug][gc,phases      ] GC(177)   VM Weak                        Min:  0.0, Avg:  0.0, Max:  0.0, Diff:  0.0, Sum:  0.0, Workers: 4
[4377.706s][debug][gc,phases      ] GC(177)     Dead                           Min: 0, Avg:  0.0, Max: 0, Diff: 0, Sum: 0, Workers: 4
[4377.706s][debug][gc,phases      ] GC(177)     Total                          Min: 0, Avg: 261.5, Max: 534, Diff: 534, Sum: 1046, Workers: 4
[4377.706s][debug][gc,phases      ] GC(177)   ObjectSynchronizer Weak        Min:  0.0, Avg:  0.0, Max:  0.0, Diff:  0.0, Sum:  0.0, Workers: 4
[4377.706s][debug][gc,phases      ] GC(177)     Dead                           Min: 0, Avg:  0.0, Max: 0, Diff: 0, Sum: 0, Workers: 4
[4377.706s][debug][gc,phases      ] GC(177)     Total                          Min: 0, Avg:  1.0, Max: 4, Diff: 4, Sum: 4, Workers: 4
[4377.706s][debug][gc,phases      ] GC(177)   JVMTI Tag Weak OopStorage      Min:  0.0, Avg:  0.0, Max:  0.0, Diff:  0.0, Sum:  0.0, Workers: 4
[4377.706s][debug][gc,phases      ] GC(177)     Dead                           Min: 0, Avg:  0.0, Max: 0, Diff: 0, Sum: 0, Workers: 4
[4377.706s][debug][gc,phases      ] GC(177)     Total                          Min: 0, Avg:  0.0, Max: 0, Diff: 0, Sum: 0, Workers: 4
[4377.706s][debug][gc,phases      ] GC(177)   StringTable Weak               Min:  0.0, Avg:  0.1, Max:  0.3, Diff:  0.3, Sum:  0.5, Workers: 4
[4377.706s][debug][gc,phases      ] GC(177)     Dead                           Min: 0, Avg:  0.0, Max: 0, Diff: 0, Sum: 0, Workers: 4
[4377.706s][debug][gc,phases      ] GC(177)     Total                          Min: 0, Avg: 12069.0, Max: 25684, Diff: 25684, Sum: 48276, Workers: 4
[4377.706s][debug][gc,phases      ] GC(177)   ResolvedMethodTable Weak       Min:  0.0, Avg:  0.0, Max:  0.1, Diff:  0.1, Sum:  0.2, Workers: 4
[4377.706s][debug][gc,phases      ] GC(177)     Dead                           Min: 0, Avg:  4.0, Max: 16, Diff: 16, Sum: 16, Workers: 4
[4377.706s][debug][gc,phases      ] GC(177)     Total                          Min: 0, Avg: 4011.5, Max: 8137, Diff: 8137, Sum: 16046, Workers: 4
[4377.706s][debug][gc,phases      ] GC(177)   JNI Weak                       Min:  0.0, Avg:  0.0, Max:  0.0, Diff:  0.0, Sum:  0.0, Workers: 4
[4377.706s][debug][gc,phases      ] GC(177)     Dead                           Min: 0, Avg:  0.0, Max: 0, Diff: 0, Sum: 0, Workers: 4
[4377.706s][debug][gc,phases      ] GC(177)     Total                          Min: 0, Avg: 13.0, Max: 48, Diff: 48, Sum: 52, Workers: 4
[4377.706s][debug][gc,phases      ] GC(177)   StringDedup Table Weak         Min:  0.0, Avg:  0.0, Max:  0.0, Diff:  0.0, Sum:  0.0, Workers: 4
[4377.706s][debug][gc,phases      ] GC(177)     Dead                           Min: 0, Avg:  0.0, Max: 0, Diff: 0, Sum: 0, Workers: 4
[4377.706s][debug][gc,phases      ] GC(177)     Total                          Min: 0, Avg:  0.0, Max: 0, Diff: 0, Sum: 0, Workers: 4
[4377.706s][debug][gc,phases      ] GC(177)   StringDedup Requests0 Weak     Min:  0.0, Avg:  0.0, Max:  0.0, Diff:  0.0, Sum:  0.0, Workers: 4
[4377.706s][debug][gc,phases      ] GC(177)     Dead                           Min: 0, Avg:  0.0, Max: 0, Diff: 0, Sum: 0, Workers: 4
[4377.706s][debug][gc,phases      ] GC(177)     Total                          Min: 0, Avg:  0.0, Max: 0, Diff: 0, Sum: 0, Workers: 4
[4377.706s][debug][gc,phases      ] GC(177)   StringDedup Requests1 Weak     Min:  0.0, Avg:  0.0, Max:  0.0, Diff:  0.0, Sum:  0.0, Workers: 4
[4377.706s][debug][gc,phases      ] GC(177)     Dead                           Min: 0, Avg:  0.0, Max: 0, Diff: 0, Sum: 0, Workers: 4
[4377.706s][debug][gc,phases      ] GC(177)     Total                          Min: 0, Avg:  0.0, Max: 0, Diff: 0, Sum: 0, Workers: 4
[4377.706s][debug][gc,phases      ] GC(177)   Weak JFR Old Object Samples    Min:  0.0, Avg:  0.0, Max:  0.0, Diff:  0.0, Sum:  0.0, Workers: 4
[4377.706s][debug][gc,phases      ] GC(177)     Dead                           Min: 0, Avg:  0.0, Max: 0, Diff: 0, Sum: 0, Workers: 4
[4377.706s][debug][gc,phases      ] GC(177)     Total                          Min: 0, Avg:  0.0, Max: 0, Diff: 0, Sum: 0, Workers: 4
[4377.706s][debug][gc,phases      ] GC(177) Weak Processing 0.655ms
[4377.706s][debug][gc,age         ] GC(177) Desired survivor size 24641536 bytes, new threshold 1 (max threshold 15)
[4377.706s][info ][gc,heap        ] GC(177) PSYoungGen: 2048352K(2069504K)->6176K(2073088K) Eden: 2042880K(2042880K)->0K(2047488K) From: 5472K(26624K)->6176K(25600K)
[4377.706s][info ][gc,heap        ] GC(177) ParOldGen: 553720K(553984K)->555197K(555520K)
[4377.706s][info ][gc,metaspace   ] GC(177) Metaspace: 112942K(114304K)->112942K(114304K) NonClass: 96195K(96960K)->96195K(96960K) Class: 16747K(17344K)->16747K(17344K)
[4377.706s][info ][gc             ] GC(177) Pause Young (Allocation Failure) 2541M->548M(2567M) 7.079ms
[4377.706s][info ][gc,cpu         ] GC(177) User=0.02s Sys=0.00s Real=0.01s
[4377.706s][info ][safepoint      ] Safepoint "ParallelGCFailedAllocation", Time since last: 1235064706 ns, Reaching safepoint: 9101 ns, Cleanup: 5600 ns, At safepoint: 7177824 ns, Total: 7192525 ns
[4399.957s][info ][gc,start       ] GC(178) Pause Young (Allocation Failure)
[4399.962s][debug][gc,phases      ] GC(178) Scavenge 4.916ms
[4399.962s][debug][gc,ref         ] GC(178) ReferenceProcessor::execute queues: 1, RefProcThreadModel::Single, marks_oops_alive: false
[4399.962s][debug][gc,ref         ] GC(178) Skipped KeepAliveFinalRefsPhase of Reference Processing: no references
[4399.962s][debug][gc,ref         ] GC(178) ReferenceProcessor::execute queues: 1, RefProcThreadModel::Single, marks_oops_alive: false
[4399.962s][debug][gc,phases      ] GC(178) Reference Processing 0.114ms
[4399.962s][debug][gc,phases      ] GC(178)   VM Weak                        Min:  0.0, Avg:  0.0, Max:  0.0, Diff:  0.0, Sum:  0.0, Workers: 4
[4399.962s][debug][gc,phases      ] GC(178)     Dead                           Min: 0, Avg:  0.0, Max: 0, Diff: 0, Sum: 0, Workers: 4
[4399.962s][debug][gc,phases      ] GC(178)     Total                          Min: 0, Avg: 261.5, Max: 790, Diff: 790, Sum: 1046, Workers: 4
[4399.962s][debug][gc,phases      ] GC(178)   ObjectSynchronizer Weak        Min:  0.0, Avg:  0.0, Max:  0.0, Diff:  0.0, Sum:  0.0, Workers: 4
[4399.962s][debug][gc,phases      ] GC(178)     Dead                           Min: 0, Avg:  0.0, Max: 0, Diff: 0, Sum: 0, Workers: 4
[4399.962s][debug][gc,phases      ] GC(178)     Total                          Min: 0, Avg:  0.8, Max: 3, Diff: 3, Sum: 3, Workers: 4
[4399.962s][debug][gc,phases      ] GC(178)   JVMTI Tag Weak OopStorage      Min:  0.0, Avg:  0.0, Max:  0.0, Diff:  0.0, Sum:  0.0, Workers: 4
[4399.962s][debug][gc,phases      ] GC(178)     Dead                           Min: 0, Avg:  0.0, Max: 0, Diff: 0, Sum: 0, Workers: 4
[4399.962s][debug][gc,phases      ] GC(178)     Total                          Min: 0, Avg:  0.0, Max: 0, Diff: 0, Sum: 0, Workers: 4
[4399.962s][debug][gc,phases      ] GC(178)   StringTable Weak               Min:  0.1, Avg:  0.1, Max:  0.1, Diff:  0.0, Sum:  0.5, Workers: 4
[4399.962s][debug][gc,phases      ] GC(178)     Dead                           Min: 0, Avg:  0.0, Max: 0, Diff: 0, Sum: 0, Workers: 4
[4399.962s][debug][gc,phases      ] GC(178)     Total                          Min: 11156, Avg: 12069.0, Max: 12864, Diff: 1708, Sum: 48276, Workers: 4
[4399.962s][debug][gc,phases      ] GC(178)   ResolvedMethodTable Weak       Min:  0.0, Avg:  0.0, Max:  0.0, Diff:  0.0, Sum:  0.2, Workers: 4
[4399.962s][debug][gc,phases      ] GC(178)     Dead                           Min: 0, Avg:  4.0, Max: 16, Diff: 16, Sum: 16, Workers: 4
[4399.962s][debug][gc,phases      ] GC(178)     Total                          Min: 3857, Avg: 4011.5, Max: 4459, Diff: 602, Sum: 16046, Workers: 4
[4399.962s][debug][gc,phases      ] GC(178)   JNI Weak                       Min:  0.0, Avg:  0.0, Max:  0.0, Diff:  0.0, Sum:  0.0, Workers: 4
[4399.962s][debug][gc,phases      ] GC(178)     Dead                           Min: 0, Avg:  0.0, Max: 0, Diff: 0, Sum: 0, Workers: 4
[4399.962s][debug][gc,phases      ] GC(178)     Total                          Min: 0, Avg: 13.0, Max: 48, Diff: 48, Sum: 52, Workers: 4
[4399.962s][debug][gc,phases      ] GC(178)   StringDedup Table Weak         Min:  0.0, Avg:  0.0, Max:  0.0, Diff:  0.0, Sum:  0.0, Workers: 4
[4399.962s][debug][gc,phases      ] GC(178)     Dead                           Min: 0, Avg:  0.0, Max: 0, Diff: 0, Sum: 0, Workers: 4
[4399.963s][debug][gc,phases      ] GC(178)     Total                          Min: 0, Avg:  0.0, Max: 0, Diff: 0, Sum: 0, Workers: 4
[4399.963s][debug][gc,phases      ] GC(178)   StringDedup Requests0 Weak     Min:  0.0, Avg:  0.0, Max:  0.0, Diff:  0.0, Sum:  0.0, Workers: 4
[4399.963s][debug][gc,phases      ] GC(178)     Dead                           Min: 0, Avg:  0.0, Max: 0, Diff: 0, Sum: 0, Workers: 4
[4399.963s][debug][gc,phases      ] GC(178)     Total                          Min: 0, Avg:  0.0, Max: 0, Diff: 0, Sum: 0, Workers: 4
[4399.963s][debug][gc,phases      ] GC(178)   StringDedup Requests1 Weak     Min:  0.0, Avg:  0.0, Max:  0.0, Diff:  0.0, Sum:  0.0, Workers: 4
[4399.963s][debug][gc,phases      ] GC(178)     Dead                           Min: 0, Avg:  0.0, Max: 0, Diff: 0, Sum: 0, Workers: 4
[4399.963s][debug][gc,phases      ] GC(178)     Total                          Min: 0, Avg:  0.0, Max: 0, Diff: 0, Sum: 0, Workers: 4
[4399.963s][debug][gc,phases      ] GC(178)   Weak JFR Old Object Samples    Min:  0.0, Avg:  0.0, Max:  0.0, Diff:  0.0, Sum:  0.0, Workers: 4
[4399.963s][debug][gc,phases      ] GC(178)     Dead                           Min: 0, Avg:  0.0, Max: 0, Diff: 0, Sum: 0, Workers: 4
[4399.963s][debug][gc,phases      ] GC(178)     Total                          Min: 0, Avg:  0.0, Max: 0, Diff: 0, Sum: 0, Workers: 4
[4399.963s][debug][gc,phases      ] GC(178) Weak Processing 0.423ms
[4399.963s][debug][gc,age         ] GC(178) Desired survivor size 23592960 bytes, new threshold 1 (max threshold 15)
[4399.963s][info ][gc,heap        ] GC(178) PSYoungGen: 2053664K(2073088K)->4560K(2071552K) Eden: 2047488K(2047488K)->0K(2047488K) From: 6176K(25600K)->4560K(24064K)
[4399.963s][info ][gc,heap        ] GC(178) ParOldGen: 555197K(555520K)->557406K(557568K)
[4399.963s][info ][gc,metaspace   ] GC(178) Metaspace: 112942K(114304K)->112942K(114304K) NonClass: 96195K(96960K)->96195K(96960K) Class: 16747K(17344K)->16747K(17344K)
[4399.963s][info ][gc             ] GC(178) Pause Young (Allocation Failure) 2547M->548M(2567M) 5.599ms
[4399.963s][info ][gc,cpu         ] GC(178) User=0.02s Sys=0.00s Real=0.00s
[4399.963s][info ][safepoint      ] Safepoint "ParallelGCFailedAllocation", Time since last: 22250571611 ns, Reaching safepoint: 8500 ns, Cleanup: 4500 ns, At safepoint: 5684078 ns, Total: 5697078 ns
[4423.352s][info ][gc,start       ] GC(179) Pause Young (Allocation Failure)
[4423.363s][debug][gc,phases      ] GC(179) Scavenge 10.296ms
[4423.363s][debug][gc,ref         ] GC(179) ReferenceProcessor::execute queues: 1, RefProcThreadModel::Single, marks_oops_alive: false
[4423.363s][debug][gc,ref         ] GC(179) Skipped KeepAliveFinalRefsPhase of Reference Processing: no references
[4423.363s][debug][gc,ref         ] GC(179) Skipped PhantomRefsPhase of Reference Processing: no references
[4423.363s][debug][gc,phases      ] GC(179) Reference Processing 0.131ms
[4423.363s][debug][gc,phases      ] GC(179)   VM Weak                        Min:  0.0, Avg:  0.0, Max:  0.0, Diff:  0.0, Sum:  0.0, Workers: 4
[4423.363s][debug][gc,phases      ] GC(179)     Dead                           Min: 0, Avg:  0.0, Max: 0, Diff: 0, Sum: 0, Workers: 4
[4423.363s][debug][gc,phases      ] GC(179)     Total                          Min: 0, Avg: 261.5, Max: 832, Diff: 832, Sum: 1046, Workers: 4
[4423.363s][debug][gc,phases      ] GC(179)   ObjectSynchronizer Weak        Min:  0.0, Avg:  0.0, Max:  0.0, Diff:  0.0, Sum:  0.0, Workers: 4
[4423.363s][debug][gc,phases      ] GC(179)     Dead                           Min: 0, Avg:  0.0, Max: 0, Diff: 0, Sum: 0, Workers: 4
[4423.363s][debug][gc,phases      ] GC(179)     Total                          Min: 0, Avg:  0.8, Max: 3, Diff: 3, Sum: 3, Workers: 4
[4423.363s][debug][gc,phases      ] GC(179)   JVMTI Tag Weak OopStorage      Min:  0.0, Avg:  0.0, Max:  0.0, Diff:  0.0, Sum:  0.0, Workers: 4
[4423.363s][debug][gc,phases      ] GC(179)     Dead                           Min: 0, Avg:  0.0, Max: 0, Diff: 0, Sum: 0, Workers: 4
[4423.363s][debug][gc,phases      ] GC(179)     Total                          Min: 0, Avg:  0.0, Max: 0, Diff: 0, Sum: 0, Workers: 4
[4423.363s][debug][gc,phases      ] GC(179)   StringTable Weak               Min:  0.0, Avg:  0.1, Max:  0.3, Diff:  0.3, Sum:  0.5, Workers: 4
[4423.363s][debug][gc,phases      ] GC(179)     Dead                           Min: 0, Avg:  0.0, Max: 0, Diff: 0, Sum: 0, Workers: 4
[4423.363s][debug][gc,phases      ] GC(179)     Total                          Min: 0, Avg: 12069.0, Max: 24916, Diff: 24916, Sum: 48276, Workers: 4
[4423.363s][debug][gc,phases      ] GC(179)   ResolvedMethodTable Weak       Min:  0.0, Avg:  0.0, Max:  0.1, Diff:  0.1, Sum:  0.2, Workers: 4
[4423.363s][debug][gc,phases      ] GC(179)     Dead                           Min: 0, Avg:  4.0, Max: 16, Diff: 16, Sum: 16, Workers: 4
[4423.363s][debug][gc,phases      ] GC(179)     Total                          Min: 0, Avg: 4011.5, Max: 8337, Diff: 8337, Sum: 16046, Workers: 4
[4423.363s][debug][gc,phases      ] GC(179)   JNI Weak                       Min:  0.0, Avg:  0.0, Max:  0.0, Diff:  0.0, Sum:  0.0, Workers: 4
[4423.363s][debug][gc,phases      ] GC(179)     Dead                           Min: 0, Avg:  0.0, Max: 0, Diff: 0, Sum: 0, Workers: 4
[4423.363s][debug][gc,phases      ] GC(179)     Total                          Min: 0, Avg: 13.0, Max: 48, Diff: 48, Sum: 52, Workers: 4
[4423.363s][debug][gc,phases      ] GC(179)   StringDedup Table Weak         Min:  0.0, Avg:  0.0, Max:  0.0, Diff:  0.0, Sum:  0.0, Workers: 4
[4423.363s][debug][gc,phases      ] GC(179)     Dead                           Min: 0, Avg:  0.0, Max: 0, Diff: 0, Sum: 0, Workers: 4
[4423.363s][debug][gc,phases      ] GC(179)     Total                          Min: 0, Avg:  0.0, Max: 0, Diff: 0, Sum: 0, Workers: 4
[4423.363s][debug][gc,phases      ] GC(179)   StringDedup Requests0 Weak     Min:  0.0, Avg:  0.0, Max:  0.0, Diff:  0.0, Sum:  0.0, Workers: 4
[4423.363s][debug][gc,phases      ] GC(179)     Dead                           Min: 0, Avg:  0.0, Max: 0, Diff: 0, Sum: 0, Workers: 4
[4423.363s][debug][gc,phases      ] GC(179)     Total                          Min: 0, Avg:  0.0, Max: 0, Diff: 0, Sum: 0, Workers: 4
[4423.363s][debug][gc,phases      ] GC(179)   StringDedup Requests1 Weak     Min:  0.0, Avg:  0.0, Max:  0.0, Diff:  0.0, Sum:  0.0, Workers: 4
[4423.363s][debug][gc,phases      ] GC(179)     Dead                           Min: 0, Avg:  0.0, Max: 0, Diff: 0, Sum: 0, Workers: 4
[4423.363s][debug][gc,phases      ] GC(179)     Total                          Min: 0, Avg:  0.0, Max: 0, Diff: 0, Sum: 0, Workers: 4
[4423.363s][debug][gc,phases      ] GC(179)   Weak JFR Old Object Samples    Min:  0.0, Avg:  0.0, Max:  0.0, Diff:  0.0, Sum:  0.0, Workers: 4
[4423.363s][debug][gc,phases      ] GC(179)     Dead                           Min: 0, Avg:  0.0, Max: 0, Diff: 0, Sum: 0, Workers: 4
[4423.363s][debug][gc,phases      ] GC(179)     Total                          Min: 0, Avg:  0.0, Max: 0, Diff: 0, Sum: 0, Workers: 4
[4423.363s][debug][gc,phases      ] GC(179) Weak Processing 0.682ms
[4423.364s][debug][gc,age         ] GC(179) Desired survivor size 22544384 bytes, new threshold 1 (max threshold 15)
[4423.364s][info ][gc,heap        ] GC(179) PSYoungGen: 2052048K(2071552K)->4800K(2075136K) Eden: 2047488K(2047488K)->0K(2052096K) From: 4560K(24064K)->4800K(23040K)
[4423.364s][info ][gc,heap        ] GC(179) ParOldGen: 557406K(557568K)->557946K(558080K)
[4423.364s][info ][gc,metaspace   ] GC(179) Metaspace: 112943K(114304K)->112943K(114304K) NonClass: 96195K(96960K)->96195K(96960K) Class: 16747K(17344K)->16747K(17344K)
[4423.364s][info ][gc             ] GC(179) Pause Young (Allocation Failure) 2548M->549M(2571M) 11.276ms
[4423.364s][info ][gc,cpu         ] GC(179) User=0.02s Sys=0.01s Real=0.00s
[4423.364s][info ][safepoint      ] Safepoint "ParallelGCFailedAllocation", Time since last: 23389445785 ns, Reaching safepoint: 89503 ns, Cleanup: 5900 ns, At safepoint: 11425053 ns, Total: 11520456 ns
[4430.364s][info ][safepoint      ] Safepoint "Cleanup", Time since last: 7000521490 ns, Reaching safepoint: 9400 ns, Cleanup: 14301 ns, At safepoint: 3300 ns, Total: 27001 ns
[4447.239s][info ][gc,start       ] GC(180) Pause Young (Allocation Failure)
[4447.245s][debug][gc,phases      ] GC(180) Scavenge 5.232ms
[4447.245s][debug][gc,ref         ] GC(180) ReferenceProcessor::execute queues: 1, RefProcThreadModel::Single, marks_oops_alive: false
[4447.245s][debug][gc,ref         ] GC(180) Skipped KeepAliveFinalRefsPhase of Reference Processing: no references
[4447.245s][debug][gc,ref         ] GC(180) Skipped PhantomRefsPhase of Reference Processing: no references
[4447.245s][debug][gc,phases      ] GC(180) Reference Processing 0.127ms
[4447.245s][debug][gc,phases      ] GC(180)   VM Weak                        Min:  0.0, Avg:  0.0, Max:  0.0, Diff:  0.0, Sum:  0.0, Workers: 4
[4447.245s][debug][gc,phases      ] GC(180)     Dead                           Min: 0, Avg:  0.0, Max: 0, Diff: 0, Sum: 0, Workers: 4
[4447.245s][debug][gc,phases      ] GC(180)     Total                          Min: 0, Avg: 261.5, Max: 832, Diff: 832, Sum: 1046, Workers: 4
[4447.245s][debug][gc,phases      ] GC(180)   ObjectSynchronizer Weak        Min:  0.0, Avg:  0.0, Max:  0.0, Diff:  0.0, Sum:  0.0, Workers: 4
[4447.245s][debug][gc,phases      ] GC(180)     Dead                           Min: 0, Avg:  0.0, Max: 0, Diff: 0, Sum: 0, Workers: 4
[4447.245s][debug][gc,phases      ] GC(180)     Total                          Min: 0, Avg:  0.8, Max: 3, Diff: 3, Sum: 3, Workers: 4
[4447.245s][debug][gc,phases      ] GC(180)   JVMTI Tag Weak OopStorage      Min:  0.0, Avg:  0.0, Max:  0.0, Diff:  0.0, Sum:  0.0, Workers: 4
[4447.245s][debug][gc,phases      ] GC(180)     Dead                           Min: 0, Avg:  0.0, Max: 0, Diff: 0, Sum: 0, Workers: 4
[4447.245s][debug][gc,phases      ] GC(180)     Total                          Min: 0, Avg:  0.0, Max: 0, Diff: 0, Sum: 0, Workers: 4
[4447.245s][debug][gc,phases      ] GC(180)   StringTable Weak               Min:  0.0, Avg:  0.1, Max:  0.2, Diff:  0.2, Sum:  0.5, Workers: 4
[4447.245s][debug][gc,phases      ] GC(180)     Dead                           Min: 0, Avg:  0.0, Max: 0, Diff: 0, Sum: 0, Workers: 4
[4447.245s][debug][gc,phases      ] GC(180)     Total                          Min: 0, Avg: 12070.8, Max: 16384, Diff: 16384, Sum: 48283, Workers: 4
[4447.245s][debug][gc,phases      ] GC(180)   ResolvedMethodTable Weak       Min:  0.0, Avg:  0.0, Max:  0.1, Diff:  0.1, Sum:  0.2, Workers: 4
[4447.245s][debug][gc,phases      ] GC(180)     Dead                           Min: 0, Avg:  4.0, Max: 16, Diff: 16, Sum: 16, Workers: 4
[4447.245s][debug][gc,phases      ] GC(180)     Total                          Min: 0, Avg: 4011.5, Max: 5973, Diff: 5973, Sum: 16046, Workers: 4
[4447.245s][debug][gc,phases      ] GC(180)   JNI Weak                       Min:  0.0, Avg:  0.0, Max:  0.0, Diff:  0.0, Sum:  0.0, Workers: 4
[4447.245s][debug][gc,phases      ] GC(180)     Dead                           Min: 0, Avg:  0.0, Max: 0, Diff: 0, Sum: 0, Workers: 4
[4447.245s][debug][gc,phases      ] GC(180)     Total                          Min: 0, Avg: 13.0, Max: 48, Diff: 48, Sum: 52, Workers: 4
[4447.245s][debug][gc,phases      ] GC(180)   StringDedup Table Weak         Min:  0.0, Avg:  0.0, Max:  0.0, Diff:  0.0, Sum:  0.0, Workers: 4
[4447.245s][debug][gc,phases      ] GC(180)     Dead                           Min: 0, Avg:  0.0, Max: 0, Diff: 0, Sum: 0, Workers: 4
[4447.245s][debug][gc,phases      ] GC(180)     Total                          Min: 0, Avg:  0.0, Max: 0, Diff: 0, Sum: 0, Workers: 4
[4447.245s][debug][gc,phases      ] GC(180)   StringDedup Requests0 Weak     Min:  0.0, Avg:  0.0, Max:  0.0, Diff:  0.0, Sum:  0.0, Workers: 4
[4447.245s][debug][gc,phases      ] GC(180)     Dead                           Min: 0, Avg:  0.0, Max: 0, Diff: 0, Sum: 0, Workers: 4
[4447.245s][debug][gc,phases      ] GC(180)     Total                          Min: 0, Avg:  0.0, Max: 0, Diff: 0, Sum: 0, Workers: 4
[4447.245s][debug][gc,phases      ] GC(180)   StringDedup Requests1 Weak     Min:  0.0, Avg:  0.0, Max:  0.0, Diff:  0.0, Sum:  0.0, Workers: 4
[4447.245s][debug][gc,phases      ] GC(180)     Dead                           Min: 0, Avg:  0.0, Max: 0, Diff: 0, Sum: 0, Workers: 4
[4447.245s][debug][gc,phases      ] GC(180)     Total                          Min: 0, Avg:  0.0, Max: 0, Diff: 0, Sum: 0, Workers: 4
[4447.245s][debug][gc,phases      ] GC(180)   Weak JFR Old Object Samples    Min:  0.0, Avg:  0.0, Max:  0.0, Diff:  0.0, Sum:  0.0, Workers: 4
[4447.245s][debug][gc,phases      ] GC(180)     Dead                           Min: 0, Avg:  0.0, Max: 0, Diff: 0, Sum: 0, Workers: 4
[4447.245s][debug][gc,phases      ] GC(180)     Total                          Min: 0, Avg:  0.0, Max: 0, Diff: 0, Sum: 0, Workers: 4
[4447.245s][debug][gc,phases      ] GC(180) Weak Processing 0.473ms
[4447.245s][debug][gc,age         ] GC(180) Desired survivor size 21495808 bytes, new threshold 1 (max threshold 15)
[4447.245s][info ][gc,heap        ] GC(180) PSYoungGen: 2056896K(2075136K)->5409K(2074112K) Eden: 2052096K(2052096K)->0K(2052096K) From: 4800K(23040K)->5409K(22016K)
[4447.245s][info ][gc,heap        ] GC(180) ParOldGen: 557946K(558080K)->558831K(559104K)
[4447.245s][info ][gc,metaspace   ] GC(180) Metaspace: 112943K(114304K)->112943K(114304K) NonClass: 96195K(96960K)->96195K(96960K) Class: 16747K(17344K)->16747K(17344K)
[4447.245s][info ][gc             ] GC(180) Pause Young (Allocation Failure) 2553M->551M(2571M) 5.997ms
[4447.245s][info ][gc,cpu         ] GC(180) User=0.03s Sys=0.00s Real=0.01s
[4447.246s][info ][safepoint      ] Safepoint "ParallelGCFailedAllocation", Time since last: 16875241618 ns, Reaching safepoint: 9000 ns, Cleanup: 5500 ns, At safepoint: 6084789 ns, Total: 6099289 ns
[4459.247s][info ][safepoint      ] Safepoint "Cleanup", Time since last: 12001093313 ns, Reaching safepoint: 90303 ns, Cleanup: 12300 ns, At safepoint: 8200 ns, Total: 110803 ns
[4462.247s][info ][safepoint      ] Safepoint "Cleanup", Time since last: 3000333942 ns, Reaching safepoint: 86402 ns, Cleanup: 12501 ns, At safepoint: 10200 ns, Total: 109103 ns
[4470.158s][info ][gc,start       ] GC(181) Pause Young (Allocation Failure)
[4470.164s][debug][gc,phases      ] GC(181) Scavenge 5.579ms
[4470.164s][debug][gc,ref         ] GC(181) ReferenceProcessor::execute queues: 1, RefProcThreadModel::Single, marks_oops_alive: false
[4470.164s][debug][gc,ref         ] GC(181) Skipped KeepAliveFinalRefsPhase of Reference Processing: no references
[4470.164s][debug][gc,ref         ] GC(181) Skipped PhantomRefsPhase of Reference Processing: no references
[4470.164s][debug][gc,phases      ] GC(181) Reference Processing 0.123ms
[4470.165s][debug][gc,phases      ] GC(181)   VM Weak                        Min:  0.0, Avg:  0.0, Max:  0.0, Diff:  0.0, Sum:  0.0, Workers: 4
[4470.165s][debug][gc,phases      ] GC(181)     Dead                           Min: 0, Avg:  0.0, Max: 0, Diff: 0, Sum: 0, Workers: 4
[4470.165s][debug][gc,phases      ] GC(181)     Total                          Min: 0, Avg: 261.5, Max: 960, Diff: 960, Sum: 1046, Workers: 4
[4470.165s][debug][gc,phases      ] GC(181)   ObjectSynchronizer Weak        Min:  0.0, Avg:  0.0, Max:  0.0, Diff:  0.0, Sum:  0.0, Workers: 4
[4470.165s][debug][gc,phases      ] GC(181)     Dead                           Min: 0, Avg:  0.0, Max: 0, Diff: 0, Sum: 0, Workers: 4
[4470.165s][debug][gc,phases      ] GC(181)     Total                          Min: 0, Avg:  1.0, Max: 4, Diff: 4, Sum: 4, Workers: 4
[4470.165s][debug][gc,phases      ] GC(181)   JVMTI Tag Weak OopStorage      Min:  0.0, Avg:  0.0, Max:  0.0, Diff:  0.0, Sum:  0.0, Workers: 4
[4470.165s][debug][gc,phases      ] GC(181)     Dead                           Min: 0, Avg:  0.0, Max: 0, Diff: 0, Sum: 0, Workers: 4
[4470.165s][debug][gc,phases      ] GC(181)     Total                          Min: 0, Avg:  0.0, Max: 0, Diff: 0, Sum: 0, Workers: 4
[4470.165s][debug][gc,phases      ] GC(181)   StringTable Weak               Min:  0.0, Avg:  0.1, Max:  0.2, Diff:  0.2, Sum:  0.6, Workers: 4
[4470.165s][debug][gc,phases      ] GC(181)     Dead                           Min: 0, Avg:  0.0, Max: 0, Diff: 0, Sum: 0, Workers: 4
[4470.165s][debug][gc,phases      ] GC(181)     Total                          Min: 0, Avg: 12070.8, Max: 18880, Diff: 18880, Sum: 48283, Workers: 4
[4470.165s][debug][gc,phases      ] GC(181)   ResolvedMethodTable Weak       Min:  0.0, Avg:  0.0, Max:  0.1, Diff:  0.1, Sum:  0.2, Workers: 4
[4470.165s][debug][gc,phases      ] GC(181)     Dead                           Min: 0, Avg:  4.0, Max: 16, Diff: 16, Sum: 16, Workers: 4
[4470.165s][debug][gc,phases      ] GC(181)     Total                          Min: 0, Avg: 4011.5, Max: 5644, Diff: 5644, Sum: 16046, Workers: 4
[4470.165s][debug][gc,phases      ] GC(181)   JNI Weak                       Min:  0.0, Avg:  0.0, Max:  0.0, Diff:  0.0, Sum:  0.0, Workers: 4
[4470.165s][debug][gc,phases      ] GC(181)     Dead                           Min: 0, Avg:  0.0, Max: 0, Diff: 0, Sum: 0, Workers: 4
[4470.165s][debug][gc,phases      ] GC(181)     Total                          Min: 0, Avg: 13.0, Max: 48, Diff: 48, Sum: 52, Workers: 4
[4470.165s][debug][gc,phases      ] GC(181)   StringDedup Table Weak         Min:  0.0, Avg:  0.0, Max:  0.0, Diff:  0.0, Sum:  0.0, Workers: 4
[4470.165s][debug][gc,phases      ] GC(181)     Dead                           Min: 0, Avg:  0.0, Max: 0, Diff: 0, Sum: 0, Workers: 4
[4470.165s][debug][gc,phases      ] GC(181)     Total                          Min: 0, Avg:  0.0, Max: 0, Diff: 0, Sum: 0, Workers: 4
[4470.165s][debug][gc,phases      ] GC(181)   StringDedup Requests0 Weak     Min:  0.0, Avg:  0.0, Max:  0.0, Diff:  0.0, Sum:  0.0, Workers: 4
[4470.165s][debug][gc,phases      ] GC(181)     Dead                           Min: 0, Avg:  0.0, Max: 0, Diff: 0, Sum: 0, Workers: 4
[4470.165s][debug][gc,phases      ] GC(181)     Total                          Min: 0, Avg:  0.0, Max: 0, Diff: 0, Sum: 0, Workers: 4
[4470.165s][debug][gc,phases      ] GC(181)   StringDedup Requests1 Weak     Min:  0.0, Avg:  0.0, Max:  0.0, Diff:  0.0, Sum:  0.0, Workers: 4
[4470.165s][debug][gc,phases      ] GC(181)     Dead                           Min: 0, Avg:  0.0, Max: 0, Diff: 0, Sum: 0, Workers: 4
[4470.165s][debug][gc,phases      ] GC(181)     Total                          Min: 0, Avg:  0.0, Max: 0, Diff: 0, Sum: 0, Workers: 4
[4470.165s][debug][gc,phases      ] GC(181)   Weak JFR Old Object Samples    Min:  0.0, Avg:  0.0, Max:  0.0, Diff:  0.0, Sum:  0.0, Workers: 4
[4470.165s][debug][gc,phases      ] GC(181)     Dead                           Min: 0, Avg:  0.0, Max: 0, Diff: 0, Sum: 0, Workers: 4
[4470.165s][debug][gc,phases      ] GC(181)     Total                          Min: 0, Avg:  0.0, Max: 0, Diff: 0, Sum: 0, Workers: 4
[4470.165s][debug][gc,phases      ] GC(181) Weak Processing 0.513ms
[4470.165s][debug][gc,age         ] GC(181) Desired survivor size 20447232 bytes, new threshold 1 (max threshold 15)
[4470.165s][info ][gc,heap        ] GC(181) PSYoungGen: 2057505K(2074112K)->5488K(2077184K) Eden: 2052096K(2052096K)->0K(2056192K) From: 5409K(22016K)->5488K(20992K)
[4470.165s][info ][gc,heap        ] GC(181) ParOldGen: 558831K(559104K)->559756K(560128K)
[4470.165s][info ][gc,metaspace   ] GC(181) Metaspace: 112943K(114304K)->112943K(114304K) NonClass: 96195K(96960K)->96195K(96960K) Class: 16747K(17344K)->16747K(17344K)
[4470.165s][info ][gc             ] GC(181) Pause Young (Allocation Failure) 2555M->551M(2575M) 6.373ms
[4470.165s][info ][gc,cpu         ] GC(181) User=0.01s Sys=0.01s Real=0.01s
[4470.165s][info ][safepoint      ] Safepoint "ParallelGCFailedAllocation", Time since last: 7911167460 ns, Reaching safepoint: 8800 ns, Cleanup: 5801 ns, At safepoint: 6466791 ns, Total: 6481392 ns
[4479.166s][info ][safepoint      ] Safepoint "Cleanup", Time since last: 9000696726 ns, Reaching safepoint: 9901 ns, Cleanup: 12700 ns, At safepoint: 30801 ns, Total: 53402 ns
[4493.104s][info ][gc,start       ] GC(182) Pause Young (Allocation Failure)
[4493.109s][debug][gc,phases      ] GC(182) Scavenge 5.064ms
[4493.109s][debug][gc,ref         ] GC(182) ReferenceProcessor::execute queues: 1, RefProcThreadModel::Single, marks_oops_alive: false
[4493.109s][debug][gc,ref         ] GC(182) Skipped KeepAliveFinalRefsPhase of Reference Processing: no references
[4493.109s][debug][gc,ref         ] GC(182) Skipped PhantomRefsPhase of Reference Processing: no references
[4493.109s][debug][gc,phases      ] GC(182) Reference Processing 0.122ms
[4493.110s][debug][gc,phases      ] GC(182)   VM Weak                        Min:  0.0, Avg:  0.0, Max:  0.0, Diff:  0.0, Sum:  0.0, Workers: 4
[4493.110s][debug][gc,phases      ] GC(182)     Dead                           Min: 0, Avg:  0.0, Max: 0, Diff: 0, Sum: 0, Workers: 4
[4493.110s][debug][gc,phases      ] GC(182)     Total                          Min: 0, Avg: 261.5, Max: 576, Diff: 576, Sum: 1046, Workers: 4
[4493.110s][debug][gc,phases      ] GC(182)   ObjectSynchronizer Weak        Min:  0.0, Avg:  0.0, Max:  0.0, Diff:  0.0, Sum:  0.0, Workers: 4
[4493.110s][debug][gc,phases      ] GC(182)     Dead                           Min: 0, Avg:  0.0, Max: 0, Diff: 0, Sum: 0, Workers: 4
[4493.110s][debug][gc,phases      ] GC(182)     Total                          Min: 0, Avg:  1.0, Max: 4, Diff: 4, Sum: 4, Workers: 4
[4493.110s][debug][gc,phases      ] GC(182)   JVMTI Tag Weak OopStorage      Min:  0.0, Avg:  0.0, Max:  0.0, Diff:  0.0, Sum:  0.0, Workers: 4
[4493.110s][debug][gc,phases      ] GC(182)     Dead                           Min: 0, Avg:  0.0, Max: 0, Diff: 0, Sum: 0, Workers: 4
[4493.110s][debug][gc,phases      ] GC(182)     Total                          Min: 0, Avg:  0.0, Max: 0, Diff: 0, Sum: 0, Workers: 4
[4493.110s][debug][gc,phases      ] GC(182)   StringTable Weak               Min:  0.0, Avg:  0.1, Max:  0.2, Diff:  0.2, Sum:  0.5, Workers: 4
[4493.110s][debug][gc,phases      ] GC(182)     Dead                           Min: 0, Avg:  0.0, Max: 0, Diff: 0, Sum: 0, Workers: 4
[4493.110s][debug][gc,phases      ] GC(182)     Total                          Min: 0, Avg: 12070.8, Max: 16576, Diff: 16576, Sum: 48283, Workers: 4
[4493.110s][debug][gc,phases      ] GC(182)   ResolvedMethodTable Weak       Min:  0.0, Avg:  0.0, Max:  0.1, Diff:  0.1, Sum:  0.2, Workers: 4
[4493.110s][debug][gc,phases      ] GC(182)     Dead                           Min: 0, Avg:  4.0, Max: 16, Diff: 16, Sum: 16, Workers: 4
[4493.110s][debug][gc,phases      ] GC(182)     Total                          Min: 0, Avg: 4011.5, Max: 5815, Diff: 5815, Sum: 16046, Workers: 4
[4493.110s][debug][gc,phases      ] GC(182)   JNI Weak                       Min:  0.0, Avg:  0.0, Max:  0.0, Diff:  0.0, Sum:  0.0, Workers: 4
[4493.110s][debug][gc,phases      ] GC(182)     Dead                           Min: 0, Avg:  0.0, Max: 0, Diff: 0, Sum: 0, Workers: 4
[4493.110s][debug][gc,phases      ] GC(182)     Total                          Min: 0, Avg: 13.0, Max: 48, Diff: 48, Sum: 52, Workers: 4
[4493.110s][debug][gc,phases      ] GC(182)   StringDedup Table Weak         Min:  0.0, Avg:  0.0, Max:  0.0, Diff:  0.0, Sum:  0.0, Workers: 4
[4493.110s][debug][gc,phases      ] GC(182)     Dead                           Min: 0, Avg:  0.0, Max: 0, Diff: 0, Sum: 0, Workers: 4
[4493.110s][debug][gc,phases      ] GC(182)     Total                          Min: 0, Avg:  0.0, Max: 0, Diff: 0, Sum: 0, Workers: 4
[4493.110s][debug][gc,phases      ] GC(182)   StringDedup Requests0 Weak     Min:  0.0, Avg:  0.0, Max:  0.0, Diff:  0.0, Sum:  0.0, Workers: 4
[4493.110s][debug][gc,phases      ] GC(182)     Dead                           Min: 0, Avg:  0.0, Max: 0, Diff: 0, Sum: 0, Workers: 4
[4493.110s][debug][gc,phases      ] GC(182)     Total                          Min: 0, Avg:  0.0, Max: 0, Diff: 0, Sum: 0, Workers: 4
[4493.110s][debug][gc,phases      ] GC(182)   StringDedup Requests1 Weak     Min:  0.0, Avg:  0.0, Max:  0.0, Diff:  0.0, Sum:  0.0, Workers: 4
[4493.110s][debug][gc,phases      ] GC(182)     Dead                           Min: 0, Avg:  0.0, Max: 0, Diff: 0, Sum: 0, Workers: 4
[4493.110s][debug][gc,phases      ] GC(182)     Total                          Min: 0, Avg:  0.0, Max: 0, Diff: 0, Sum: 0, Workers: 4
[4493.110s][debug][gc,phases      ] GC(182)   Weak JFR Old Object Samples    Min:  0.0, Avg:  0.0, Max:  0.0, Diff:  0.0, Sum:  0.0, Workers: 4
[4493.110s][debug][gc,phases      ] GC(182)     Dead                           Min: 0, Avg:  0.0, Max: 0, Diff: 0, Sum: 0, Workers: 4
[4493.110s][debug][gc,phases      ] GC(182)     Total                          Min: 0, Avg:  0.0, Max: 0, Diff: 0, Sum: 0, Workers: 4
[4493.110s][debug][gc,phases      ] GC(182) Weak Processing 0.460ms
[4493.110s][debug][gc,age         ] GC(182) Desired survivor size 19922944 bytes, new threshold 1 (max threshold 15)
[4493.110s][info ][gc,heap        ] GC(182) PSYoungGen: 2061680K(2077184K)->5344K(2076160K) Eden: 2056192K(2056192K)->0K(2056192K) From: 5488K(20992K)->5344K(19968K)
[4493.110s][info ][gc,heap        ] GC(182) ParOldGen: 559756K(560128K)->560862K(561152K)
[4493.110s][info ][gc,metaspace   ] GC(182) Metaspace: 112943K(114304K)->112943K(114304K) NonClass: 96195K(96960K)->96195K(96960K) Class: 16747K(17344K)->16747K(17344K)
[4493.110s][info ][gc             ] GC(182) Pause Young (Allocation Failure) 2559M->552M(2575M) 5.807ms
[4493.110s][info ][gc,cpu         ] GC(182) User=0.03s Sys=0.00s Real=0.00s
[4493.110s][info ][safepoint      ] Safepoint "ParallelGCFailedAllocation", Time since last: 13938325126 ns, Reaching safepoint: 11500 ns, Cleanup: 6000 ns, At safepoint: 5910084 ns, Total: 5927584 ns
[4494.110s][info ][safepoint      ] Safepoint "Cleanup", Time since last: 1000121355 ns, Reaching safepoint: 12800 ns, Cleanup: 21201 ns, At safepoint: 3900 ns, Total: 37901 ns
[4504.826s][info ][safepoint      ] Safepoint "Cleanup", Time since last: 10715657972 ns, Reaching safepoint: 10400 ns, Cleanup: 17201 ns, At safepoint: 3300 ns, Total: 30901 ns
[4516.941s][info ][gc,start       ] GC(183) Pause Young (Allocation Failure)
[4516.947s][debug][gc,phases      ] GC(183) Scavenge 5.930ms
[4516.947s][debug][gc,ref         ] GC(183) ReferenceProcessor::execute queues: 1, RefProcThreadModel::Single, marks_oops_alive: false
[4516.947s][debug][gc,ref         ] GC(183) Skipped KeepAliveFinalRefsPhase of Reference Processing: no references
[4516.947s][debug][gc,ref         ] GC(183) Skipped PhantomRefsPhase of Reference Processing: no references
[4516.947s][debug][gc,phases      ] GC(183) Reference Processing 0.146ms
[4516.948s][debug][gc,phases      ] GC(183)   VM Weak                        Min:  0.0, Avg:  0.0, Max:  0.0, Diff:  0.0, Sum:  0.0, Workers: 4
[4516.948s][debug][gc,phases      ] GC(183)     Dead                           Min: 0, Avg:  0.0, Max: 0, Diff: 0, Sum: 0, Workers: 4
[4516.948s][debug][gc,phases      ] GC(183)     Total                          Min: 0, Avg: 261.5, Max: 662, Diff: 662, Sum: 1046, Workers: 4
[4516.948s][debug][gc,phases      ] GC(183)   ObjectSynchronizer Weak        Min:  0.0, Avg:  0.0, Max:  0.0, Diff:  0.0, Sum:  0.0, Workers: 4
[4516.948s][debug][gc,phases      ] GC(183)     Dead                           Min: 0, Avg:  0.0, Max: 0, Diff: 0, Sum: 0, Workers: 4
[4516.948s][debug][gc,phases      ] GC(183)     Total                          Min: 0, Avg:  0.8, Max: 3, Diff: 3, Sum: 3, Workers: 4
[4516.948s][debug][gc,phases      ] GC(183)   JVMTI Tag Weak OopStorage      Min:  0.0, Avg:  0.0, Max:  0.0, Diff:  0.0, Sum:  0.0, Workers: 4
[4516.948s][debug][gc,phases      ] GC(183)     Dead                           Min: 0, Avg:  0.0, Max: 0, Diff: 0, Sum: 0, Workers: 4
[4516.948s][debug][gc,phases      ] GC(183)     Total                          Min: 0, Avg:  0.0, Max: 0, Diff: 0, Sum: 0, Workers: 4
[4516.948s][debug][gc,phases      ] GC(183)   StringTable Weak               Min:  0.0, Avg:  0.1, Max:  0.2, Diff:  0.2, Sum:  0.6, Workers: 4
[4516.948s][debug][gc,phases      ] GC(183)     Dead                           Min: 0, Avg:  0.0, Max: 0, Diff: 0, Sum: 0, Workers: 4
[4516.948s][debug][gc,phases      ] GC(183)     Total                          Min: 0, Avg: 12070.8, Max: 16859, Diff: 16859, Sum: 48283, Workers: 4
[4516.948s][debug][gc,phases      ] GC(183)   ResolvedMethodTable Weak       Min:  0.0, Avg:  0.0, Max:  0.1, Diff:  0.1, Sum:  0.2, Workers: 4
[4516.948s][debug][gc,phases      ] GC(183)     Dead                           Min: 0, Avg:  0.0, Max: 0, Diff: 0, Sum: 0, Workers: 4
[4516.948s][debug][gc,phases      ] GC(183)     Total                          Min: 0, Avg: 4011.5, Max: 5387, Diff: 5387, Sum: 16046, Workers: 4
[4516.948s][debug][gc,phases      ] GC(183)   JNI Weak                       Min:  0.0, Avg:  0.0, Max:  0.0, Diff:  0.0, Sum:  0.0, Workers: 4
[4516.948s][debug][gc,phases      ] GC(183)     Dead                           Min: 0, Avg:  0.0, Max: 0, Diff: 0, Sum: 0, Workers: 4
[4516.948s][debug][gc,phases      ] GC(183)     Total                          Min: 0, Avg: 13.0, Max: 48, Diff: 48, Sum: 52, Workers: 4
[4516.948s][debug][gc,phases      ] GC(183)   StringDedup Table Weak         Min:  0.0, Avg:  0.0, Max:  0.0, Diff:  0.0, Sum:  0.0, Workers: 4
[4516.948s][debug][gc,phases      ] GC(183)     Dead                           Min: 0, Avg:  0.0, Max: 0, Diff: 0, Sum: 0, Workers: 4
[4516.948s][debug][gc,phases      ] GC(183)     Total                          Min: 0, Avg:  0.0, Max: 0, Diff: 0, Sum: 0, Workers: 4
[4516.948s][debug][gc,phases      ] GC(183)   StringDedup Requests0 Weak     Min:  0.0, Avg:  0.0, Max:  0.0, Diff:  0.0, Sum:  0.0, Workers: 4
[4516.948s][debug][gc,phases      ] GC(183)     Dead                           Min: 0, Avg:  0.0, Max: 0, Diff: 0, Sum: 0, Workers: 4
[4516.948s][debug][gc,phases      ] GC(183)     Total                          Min: 0, Avg:  0.0, Max: 0, Diff: 0, Sum: 0, Workers: 4
[4516.948s][debug][gc,phases      ] GC(183)   StringDedup Requests1 Weak     Min:  0.0, Avg:  0.0, Max:  0.0, Diff:  0.0, Sum:  0.0, Workers: 4
[4516.948s][debug][gc,phases      ] GC(183)     Dead                           Min: 0, Avg:  0.0, Max: 0, Diff: 0, Sum: 0, Workers: 4
[4516.948s][debug][gc,phases      ] GC(183)     Total                          Min: 0, Avg:  0.0, Max: 0, Diff: 0, Sum: 0, Workers: 4
[4516.948s][debug][gc,phases      ] GC(183)   Weak JFR Old Object Samples    Min:  0.0, Avg:  0.0, Max:  0.0, Diff:  0.0, Sum:  0.0, Workers: 4
[4516.948s][debug][gc,phases      ] GC(183)     Dead                           Min: 0, Avg:  0.0, Max: 0, Diff: 0, Sum: 0, Workers: 4
[4516.948s][debug][gc,phases      ] GC(183)     Total                          Min: 0, Avg:  0.0, Max: 0, Diff: 0, Sum: 0, Workers: 4
[4516.948s][debug][gc,phases      ] GC(183) Weak Processing 0.590ms
[4516.948s][debug][gc,age         ] GC(183) Desired survivor size 18874368 bytes, new threshold 1 (max threshold 15)
[4516.948s][info ][gc,heap        ] GC(183) PSYoungGen: 2061536K(2076160K)->4864K(2078720K) Eden: 2056192K(2056192K)->0K(2059264K) From: 5344K(19968K)->4864K(19456K)
[4516.948s][info ][gc,heap        ] GC(183) ParOldGen: 560862K(561152K)->562051K(562176K)
[4516.948s][info ][gc,metaspace   ] GC(183) Metaspace: 112943K(114304K)->112943K(114304K) NonClass: 96195K(96960K)->96195K(96960K) Class: 16747K(17344K)->16747K(17344K)
[4516.948s][info ][gc             ] GC(183) Pause Young (Allocation Failure) 2560M->553M(2579M) 6.861ms
[4516.948s][info ][gc,cpu         ] GC(183) User=0.03s Sys=0.00s Real=0.01s
[4516.948s][info ][safepoint      ] Safepoint "ParallelGCFailedAllocation", Time since last: 12115352275 ns, Reaching safepoint: 87603 ns, Cleanup: 5600 ns, At safepoint: 6967230 ns, Total: 7060433 ns
[4518.948s][info ][safepoint      ] Safepoint "Cleanup", Time since last: 2000192137 ns, Reaching safepoint: 86403 ns, Cleanup: 13101 ns, At safepoint: 8500 ns, Total: 108004 ns
[4522.949s][info ][safepoint      ] Safepoint "Cleanup", Time since last: 4000402979 ns, Reaching safepoint: 88702 ns, Cleanup: 14501 ns, At safepoint: 8500 ns, Total: 111703 ns
[4540.253s][info ][gc,start       ] GC(184) Pause Young (Allocation Failure)
[4540.259s][debug][gc,phases      ] GC(184) Scavenge 6.048ms
[4540.259s][debug][gc,ref         ] GC(184) ReferenceProcessor::execute queues: 1, RefProcThreadModel::Single, marks_oops_alive: false
[4540.259s][debug][gc,ref         ] GC(184) Skipped KeepAliveFinalRefsPhase of Reference Processing: no references
[4540.259s][debug][gc,ref         ] GC(184) ReferenceProcessor::execute queues: 1, RefProcThreadModel::Single, marks_oops_alive: false
[4540.259s][debug][gc,phases      ] GC(184) Reference Processing 0.134ms
[4540.259s][debug][gc,phases      ] GC(184)   VM Weak                        Min:  0.0, Avg:  0.0, Max:  0.0, Diff:  0.0, Sum:  0.0, Workers: 4
[4540.259s][debug][gc,phases      ] GC(184)     Dead                           Min: 0, Avg:  0.0, Max: 0, Diff: 0, Sum: 0, Workers: 4
[4540.259s][debug][gc,phases      ] GC(184)     Total                          Min: 0, Avg: 261.5, Max: 576, Diff: 576, Sum: 1046, Workers: 4
[4540.259s][debug][gc,phases      ] GC(184)   ObjectSynchronizer Weak        Min:  0.0, Avg:  0.0, Max:  0.0, Diff:  0.0, Sum:  0.0, Workers: 4
[4540.259s][debug][gc,phases      ] GC(184)     Dead                           Min: 0, Avg:  0.0, Max: 0, Diff: 0, Sum: 0, Workers: 4
[4540.259s][debug][gc,phases      ] GC(184)     Total                          Min: 0, Avg:  1.0, Max: 4, Diff: 4, Sum: 4, Workers: 4
[4540.259s][debug][gc,phases      ] GC(184)   JVMTI Tag Weak OopStorage      Min:  0.0, Avg:  0.0, Max:  0.0, Diff:  0.0, Sum:  0.0, Workers: 4
[4540.259s][debug][gc,phases      ] GC(184)     Dead                           Min: 0, Avg:  0.0, Max: 0, Diff: 0, Sum: 0, Workers: 4
[4540.259s][debug][gc,phases      ] GC(184)     Total                          Min: 0, Avg:  0.0, Max: 0, Diff: 0, Sum: 0, Workers: 4
[4540.259s][debug][gc,phases      ] GC(184)   StringTable Weak               Min:  0.0, Avg:  0.1, Max:  0.2, Diff:  0.2, Sum:  0.5, Workers: 4
[4540.259s][debug][gc,phases      ] GC(184)     Dead                           Min: 0, Avg:  0.0, Max: 0, Diff: 0, Sum: 0, Workers: 4
[4540.259s][debug][gc,phases      ] GC(184)     Total                          Min: 0, Avg: 12070.8, Max: 16704, Diff: 16704, Sum: 48283, Workers: 4
[4540.259s][debug][gc,phases      ] GC(184)   ResolvedMethodTable Weak       Min:  0.0, Avg:  0.0, Max:  0.1, Diff:  0.1, Sum:  0.2, Workers: 4
[4540.259s][debug][gc,phases      ] GC(184)     Dead                           Min: 0, Avg:  4.0, Max: 16, Diff: 16, Sum: 16, Workers: 4
[4540.259s][debug][gc,phases      ] GC(184)     Total                          Min: 0, Avg: 4011.5, Max: 5537, Diff: 5537, Sum: 16046, Workers: 4
[4540.259s][debug][gc,phases      ] GC(184)   JNI Weak                       Min:  0.0, Avg:  0.0, Max:  0.0, Diff:  0.0, Sum:  0.0, Workers: 4
[4540.259s][debug][gc,phases      ] GC(184)     Dead                           Min: 0, Avg:  0.0, Max: 0, Diff: 0, Sum: 0, Workers: 4
[4540.259s][debug][gc,phases      ] GC(184)     Total                          Min: 0, Avg: 13.0, Max: 48, Diff: 48, Sum: 52, Workers: 4
[4540.259s][debug][gc,phases      ] GC(184)   StringDedup Table Weak         Min:  0.0, Avg:  0.0, Max:  0.0, Diff:  0.0, Sum:  0.0, Workers: 4
[4540.259s][debug][gc,phases      ] GC(184)     Dead                           Min: 0, Avg:  0.0, Max: 0, Diff: 0, Sum: 0, Workers: 4
[4540.259s][debug][gc,phases      ] GC(184)     Total                          Min: 0, Avg:  0.0, Max: 0, Diff: 0, Sum: 0, Workers: 4
[4540.259s][debug][gc,phases      ] GC(184)   StringDedup Requests0 Weak     Min:  0.0, Avg:  0.0, Max:  0.0, Diff:  0.0, Sum:  0.0, Workers: 4
[4540.259s][debug][gc,phases      ] GC(184)     Dead                           Min: 0, Avg:  0.0, Max: 0, Diff: 0, Sum: 0, Workers: 4
[4540.259s][debug][gc,phases      ] GC(184)     Total                          Min: 0, Avg:  0.0, Max: 0, Diff: 0, Sum: 0, Workers: 4
[4540.259s][debug][gc,phases      ] GC(184)   StringDedup Requests1 Weak     Min:  0.0, Avg:  0.0, Max:  0.0, Diff:  0.0, Sum:  0.0, Workers: 4
[4540.259s][debug][gc,phases      ] GC(184)     Dead                           Min: 0, Avg:  0.0, Max: 0, Diff: 0, Sum: 0, Workers: 4
[4540.259s][debug][gc,phases      ] GC(184)     Total                          Min: 0, Avg:  0.0, Max: 0, Diff: 0, Sum: 0, Workers: 4
[4540.259s][debug][gc,phases      ] GC(184)   Weak JFR Old Object Samples    Min:  0.0, Avg:  0.0, Max:  0.0, Diff:  0.0, Sum:  0.0, Workers: 4
[4540.259s][debug][gc,phases      ] GC(184)     Dead                           Min: 0, Avg:  0.0, Max: 0, Diff: 0, Sum: 0, Workers: 4
[4540.259s][debug][gc,phases      ] GC(184)     Total                          Min: 0, Avg:  0.0, Max: 0, Diff: 0, Sum: 0, Workers: 4
[4540.259s][debug][gc,phases      ] GC(184) Weak Processing 0.465ms
[4540.259s][debug][gc,age         ] GC(184) Desired survivor size 17825792 bytes, new threshold 1 (max threshold 15)
[4540.259s][info ][gc,heap        ] GC(184) PSYoungGen: 2064128K(2078720K)->5154K(2077696K) Eden: 2059264K(2059264K)->0K(2059264K) From: 4864K(19456K)->5154K(18432K)
[4540.259s][info ][gc,heap        ] GC(184) ParOldGen: 562051K(562176K)->562735K(563200K)
[4540.259s][info ][gc,metaspace   ] GC(184) Metaspace: 112949K(114304K)->112949K(114304K) NonClass: 96201K(96960K)->96201K(96960K) Class: 16747K(17344K)->16747K(17344K)
[4540.259s][info ][gc             ] GC(184) Pause Young (Allocation Failure) 2564M->554M(2579M) 6.818ms
[4540.259s][info ][gc,cpu         ] GC(184) User=0.02s Sys=0.00s Real=0.00s
[4540.259s][info ][safepoint      ] Safepoint "ParallelGCFailedAllocation", Time since last: 17303540402 ns, Reaching safepoint: 11300 ns, Cleanup: 5600 ns, At safepoint: 6946620 ns, Total: 6963520 ns
[4551.260s][info ][safepoint      ] Safepoint "Cleanup", Time since last: 11000895778 ns, Reaching safepoint: 9700 ns, Cleanup: 14601 ns, At safepoint: 2800 ns, Total: 27101 ns
[4554.261s][info ][safepoint      ] Safepoint "Cleanup", Time since last: 3000298043 ns, Reaching safepoint: 11100 ns, Cleanup: 13900 ns, At safepoint: 3101 ns, Total: 28101 ns
[4563.698s][info ][gc,start       ] GC(185) Pause Young (Allocation Failure)
[4563.705s][debug][gc,phases      ] GC(185) Scavenge 7.701ms
[4563.705s][debug][gc,ref         ] GC(185) ReferenceProcessor::execute queues: 1, RefProcThreadModel::Single, marks_oops_alive: false
[4563.705s][debug][gc,ref         ] GC(185) Skipped KeepAliveFinalRefsPhase of Reference Processing: no references
[4563.705s][debug][gc,ref         ] GC(185) ReferenceProcessor::execute queues: 1, RefProcThreadModel::Single, marks_oops_alive: false
[4563.705s][debug][gc,phases      ] GC(185) Reference Processing 0.119ms
[4563.706s][debug][gc,phases      ] GC(185)   VM Weak                        Min:  0.0, Avg:  0.0, Max:  0.0, Diff:  0.0, Sum:  0.0, Workers: 4
[4563.706s][debug][gc,phases      ] GC(185)     Dead                           Min: 0, Avg:  0.0, Max: 0, Diff: 0, Sum: 0, Workers: 4
[4563.706s][debug][gc,phases      ] GC(185)     Total                          Min: 0, Avg: 261.5, Max: 640, Diff: 640, Sum: 1046, Workers: 4
[4563.706s][debug][gc,phases      ] GC(185)   ObjectSynchronizer Weak        Min:  0.0, Avg:  0.0, Max:  0.0, Diff:  0.0, Sum:  0.0, Workers: 4
[4563.706s][debug][gc,phases      ] GC(185)     Dead                           Min: 0, Avg:  0.0, Max: 0, Diff: 0, Sum: 0, Workers: 4
[4563.706s][debug][gc,phases      ] GC(185)     Total                          Min: 0, Avg:  0.8, Max: 3, Diff: 3, Sum: 3, Workers: 4
[4563.706s][debug][gc,phases      ] GC(185)   JVMTI Tag Weak OopStorage      Min:  0.0, Avg:  0.0, Max:  0.0, Diff:  0.0, Sum:  0.0, Workers: 4
[4563.706s][debug][gc,phases      ] GC(185)     Dead                           Min: 0, Avg:  0.0, Max: 0, Diff: 0, Sum: 0, Workers: 4
[4563.706s][debug][gc,phases      ] GC(185)     Total                          Min: 0, Avg:  0.0, Max: 0, Diff: 0, Sum: 0, Workers: 4
[4563.706s][debug][gc,phases      ] GC(185)   StringTable Weak               Min:  0.0, Avg:  0.1, Max:  0.2, Diff:  0.2, Sum:  0.5, Workers: 4
[4563.706s][debug][gc,phases      ] GC(185)     Dead                           Min: 0, Avg:  0.0, Max: 0, Diff: 0, Sum: 0, Workers: 4
[4563.706s][debug][gc,phases      ] GC(185)     Total                          Min: 0, Avg: 12071.0, Max: 24896, Diff: 24896, Sum: 48284, Workers: 4
[4563.706s][debug][gc,phases      ] GC(185)   ResolvedMethodTable Weak       Min:  0.0, Avg:  0.0, Max:  0.1, Diff:  0.1, Sum:  0.2, Workers: 4
[4563.706s][debug][gc,phases      ] GC(185)     Dead                           Min: 0, Avg:  4.0, Max: 16, Diff: 16, Sum: 16, Workers: 4
[4563.706s][debug][gc,phases      ] GC(185)     Total                          Min: 0, Avg: 4011.5, Max: 8625, Diff: 8625, Sum: 16046, Workers: 4
[4563.706s][debug][gc,phases      ] GC(185)   JNI Weak                       Min:  0.0, Avg:  0.0, Max:  0.0, Diff:  0.0, Sum:  0.0, Workers: 4
[4563.706s][debug][gc,phases      ] GC(185)     Dead                           Min: 0, Avg:  0.0, Max: 0, Diff: 0, Sum: 0, Workers: 4
[4563.706s][debug][gc,phases      ] GC(185)     Total                          Min: 0, Avg: 13.0, Max: 48, Diff: 48, Sum: 52, Workers: 4
[4563.706s][debug][gc,phases      ] GC(185)   StringDedup Table Weak         Min:  0.0, Avg:  0.0, Max:  0.0, Diff:  0.0, Sum:  0.0, Workers: 4
[4563.706s][debug][gc,phases      ] GC(185)     Dead                           Min: 0, Avg:  0.0, Max: 0, Diff: 0, Sum: 0, Workers: 4
[4563.706s][debug][gc,phases      ] GC(185)     Total                          Min: 0, Avg:  0.0, Max: 0, Diff: 0, Sum: 0, Workers: 4
[4563.706s][debug][gc,phases      ] GC(185)   StringDedup Requests0 Weak     Min:  0.0, Avg:  0.0, Max:  0.0, Diff:  0.0, Sum:  0.0, Workers: 4
[4563.706s][debug][gc,phases      ] GC(185)     Dead                           Min: 0, Avg:  0.0, Max: 0, Diff: 0, Sum: 0, Workers: 4
[4563.706s][debug][gc,phases      ] GC(185)     Total                          Min: 0, Avg:  0.0, Max: 0, Diff: 0, Sum: 0, Workers: 4
[4563.706s][debug][gc,phases      ] GC(185)   StringDedup Requests1 Weak     Min:  0.0, Avg:  0.0, Max:  0.0, Diff:  0.0, Sum:  0.0, Workers: 4
[4563.706s][debug][gc,phases      ] GC(185)     Dead                           Min: 0, Avg:  0.0, Max: 0, Diff: 0, Sum: 0, Workers: 4
[4563.706s][debug][gc,phases      ] GC(185)     Total                          Min: 0, Avg:  0.0, Max: 0, Diff: 0, Sum: 0, Workers: 4
[4563.706s][debug][gc,phases      ] GC(185)   Weak JFR Old Object Samples    Min:  0.0, Avg:  0.0, Max:  0.0, Diff:  0.0, Sum:  0.0, Workers: 4
[4563.706s][debug][gc,phases      ] GC(185)     Dead                           Min: 0, Avg:  0.0, Max: 0, Diff: 0, Sum: 0, Workers: 4
[4563.706s][debug][gc,phases      ] GC(185)     Total                          Min: 0, Avg:  0.0, Max: 0, Diff: 0, Sum: 0, Workers: 4
[4563.706s][debug][gc,phases      ] GC(185) Weak Processing 0.590ms
[4563.706s][debug][gc,age         ] GC(185) Desired survivor size 17301504 bytes, new threshold 1 (max threshold 15)
[4563.706s][info ][gc,heap        ] GC(185) PSYoungGen: 2064418K(2077696K)->5156K(2080256K) Eden: 2059264K(2059264K)->0K(2062848K) From: 5154K(18432K)->5156K(17408K)
[4563.706s][info ][gc,heap        ] GC(185) ParOldGen: 562735K(563200K)->563661K(563712K)
[4563.706s][info ][gc,metaspace   ] GC(185) Metaspace: 112949K(114304K)->112949K(114304K) NonClass: 96201K(96960K)->96201K(96960K) Class: 16747K(17344K)->16747K(17344K)
[4563.706s][info ][gc             ] GC(185) Pause Young (Allocation Failure) 2565M->555M(2582M) 8.566ms
[4563.706s][info ][gc,cpu         ] GC(185) User=0.02s Sys=0.00s Real=0.01s
[4563.706s][info ][safepoint      ] Safepoint "ParallelGCFailedAllocation", Time since last: 9436870636 ns, Reaching safepoint: 9100 ns, Cleanup: 3900 ns, At safepoint: 8652877 ns, Total: 8665877 ns
[4586.036s][info ][gc,start       ] GC(186) Pause Young (Allocation Failure)
[4586.041s][debug][gc,phases      ] GC(186) Scavenge 4.951ms
[4586.041s][debug][gc,ref         ] GC(186) ReferenceProcessor::execute queues: 1, RefProcThreadModel::Single, marks_oops_alive: false
[4586.041s][debug][gc,ref         ] GC(186) Skipped KeepAliveFinalRefsPhase of Reference Processing: no references
[4586.041s][debug][gc,ref         ] GC(186) ReferenceProcessor::execute queues: 1, RefProcThreadModel::Single, marks_oops_alive: false
[4586.041s][debug][gc,phases      ] GC(186) Reference Processing 0.124ms
[4586.041s][debug][gc,phases      ] GC(186)   VM Weak                        Min:  0.0, Avg:  0.0, Max:  0.0, Diff:  0.0, Sum:  0.0, Workers: 4
[4586.041s][debug][gc,phases      ] GC(186)     Dead                           Min: 0, Avg:  0.0, Max: 0, Diff: 0, Sum: 0, Workers: 4
[4586.041s][debug][gc,phases      ] GC(186)     Total                          Min: 0, Avg: 261.5, Max: 768, Diff: 768, Sum: 1046, Workers: 4
[4586.041s][debug][gc,phases      ] GC(186)   ObjectSynchronizer Weak        Min:  0.0, Avg:  0.0, Max:  0.0, Diff:  0.0, Sum:  0.0, Workers: 4
[4586.041s][debug][gc,phases      ] GC(186)     Dead                           Min: 0, Avg:  0.0, Max: 0, Diff: 0, Sum: 0, Workers: 4
[4586.041s][debug][gc,phases      ] GC(186)     Total                          Min: 0, Avg:  1.0, Max: 4, Diff: 4, Sum: 4, Workers: 4
[4586.041s][debug][gc,phases      ] GC(186)   JVMTI Tag Weak OopStorage      Min:  0.0, Avg:  0.0, Max:  0.0, Diff:  0.0, Sum:  0.0, Workers: 4
[4586.041s][debug][gc,phases      ] GC(186)     Dead                           Min: 0, Avg:  0.0, Max: 0, Diff: 0, Sum: 0, Workers: 4
[4586.041s][debug][gc,phases      ] GC(186)     Total                          Min: 0, Avg:  0.0, Max: 0, Diff: 0, Sum: 0, Workers: 4
[4586.041s][debug][gc,phases      ] GC(186)   StringTable Weak               Min:  0.0, Avg:  0.1, Max:  0.2, Diff:  0.2, Sum:  0.5, Workers: 4
[4586.041s][debug][gc,phases      ] GC(186)     Dead                           Min: 0, Avg:  0.0, Max: 0, Diff: 0, Sum: 0, Workers: 4
[4586.041s][debug][gc,phases      ] GC(186)     Total                          Min: 0, Avg: 12071.0, Max: 17664, Diff: 17664, Sum: 48284, Workers: 4
[4586.041s][debug][gc,phases      ] GC(186)   ResolvedMethodTable Weak       Min:  0.0, Avg:  0.0, Max:  0.1, Diff:  0.1, Sum:  0.2, Workers: 4
[4586.042s][debug][gc,phases      ] GC(186)     Dead                           Min: 0, Avg:  4.0, Max: 16, Diff: 16, Sum: 16, Workers: 4
[4586.042s][debug][gc,phases      ] GC(186)     Total                          Min: 0, Avg: 4011.5, Max: 5876, Diff: 5876, Sum: 16046, Workers: 4
[4586.042s][debug][gc,phases      ] GC(186)   JNI Weak                       Min:  0.0, Avg:  0.0, Max:  0.0, Diff:  0.0, Sum:  0.0, Workers: 4
[4586.042s][debug][gc,phases      ] GC(186)     Dead                           Min: 0, Avg:  0.0, Max: 0, Diff: 0, Sum: 0, Workers: 4
[4586.042s][debug][gc,phases      ] GC(186)     Total                          Min: 0, Avg: 13.0, Max: 48, Diff: 48, Sum: 52, Workers: 4
[4586.042s][debug][gc,phases      ] GC(186)   StringDedup Table Weak         Min:  0.0, Avg:  0.0, Max:  0.0, Diff:  0.0, Sum:  0.0, Workers: 4
[4586.042s][debug][gc,phases      ] GC(186)     Dead                           Min: 0, Avg:  0.0, Max: 0, Diff: 0, Sum: 0, Workers: 4
[4586.042s][debug][gc,phases      ] GC(186)     Total                          Min: 0, Avg:  0.0, Max: 0, Diff: 0, Sum: 0, Workers: 4
[4586.042s][debug][gc,phases      ] GC(186)   StringDedup Requests0 Weak     Min:  0.0, Avg:  0.0, Max:  0.0, Diff:  0.0, Sum:  0.0, Workers: 4
[4586.042s][debug][gc,phases      ] GC(186)     Dead                           Min: 0, Avg:  0.0, Max: 0, Diff: 0, Sum: 0, Workers: 4
[4586.042s][debug][gc,phases      ] GC(186)     Total                          Min: 0, Avg:  0.0, Max: 0, Diff: 0, Sum: 0, Workers: 4
[4586.042s][debug][gc,phases      ] GC(186)   StringDedup Requests1 Weak     Min:  0.0, Avg:  0.0, Max:  0.0, Diff:  0.0, Sum:  0.0, Workers: 4
[4586.042s][debug][gc,phases      ] GC(186)     Dead                           Min: 0, Avg:  0.0, Max: 0, Diff: 0, Sum: 0, Workers: 4
[4586.042s][debug][gc,phases      ] GC(186)     Total                          Min: 0, Avg:  0.0, Max: 0, Diff: 0, Sum: 0, Workers: 4
[4586.042s][debug][gc,phases      ] GC(186)   Weak JFR Old Object Samples    Min:  0.0, Avg:  0.0, Max:  0.0, Diff:  0.0, Sum:  0.0, Workers: 4
[4586.042s][debug][gc,phases      ] GC(186)     Dead                           Min: 0, Avg:  0.0, Max: 0, Diff: 0, Sum: 0, Workers: 4
[4586.042s][debug][gc,phases      ] GC(186)     Total                          Min: 0, Avg:  0.0, Max: 0, Diff: 0, Sum: 0, Workers: 4
[4586.042s][debug][gc,phases      ] GC(186) Weak Processing 0.455ms
[4586.042s][debug][gc,age         ] GC(186) Desired survivor size 16252928 bytes, new threshold 1 (max threshold 15)
[4586.042s][info ][gc,heap        ] GC(186) PSYoungGen: 2068004K(2080256K)->6241K(2079744K) Eden: 2062848K(2062848K)->0K(2062848K) From: 5156K(17408K)->6241K(16896K)
[4586.042s][info ][gc,heap        ] GC(186) ParOldGen: 563661K(563712K)->564535K(564736K)
[4586.042s][info ][gc,metaspace   ] GC(186) Metaspace: 112949K(114304K)->112949K(114304K) NonClass: 96201K(96960K)->96201K(96960K) Class: 16747K(17344K)->16747K(17344K)
[4586.042s][info ][gc             ] GC(186) Pause Young (Allocation Failure) 2569M->557M(2582M) 5.705ms
[4586.042s][info ][gc,cpu         ] GC(186) User=0.02s Sys=0.00s Real=0.00s
[4586.042s][info ][safepoint      ] Safepoint "ParallelGCFailedAllocation", Time since last: 22329728850 ns, Reaching safepoint: 7500 ns, Cleanup: 4500 ns, At safepoint: 5955186 ns, Total: 5967186 ns
[4609.258s][info ][gc,start       ] GC(187) Pause Young (Allocation Failure)
[4609.264s][debug][gc,phases      ] GC(187) Scavenge 5.531ms
[4609.264s][debug][gc,ref         ] GC(187) ReferenceProcessor::execute queues: 1, RefProcThreadModel::Single, marks_oops_alive: false
[4609.264s][debug][gc,ref         ] GC(187) Skipped KeepAliveFinalRefsPhase of Reference Processing: no references
[4609.264s][debug][gc,ref         ] GC(187) ReferenceProcessor::execute queues: 1, RefProcThreadModel::Single, marks_oops_alive: false
[4609.264s][debug][gc,phases      ] GC(187) Reference Processing 0.117ms
[4609.264s][debug][gc,phases      ] GC(187)   VM Weak                        Min:  0.0, Avg:  0.0, Max:  0.0, Diff:  0.0, Sum:  0.0, Workers: 4
[4609.264s][debug][gc,phases      ] GC(187)     Dead                           Min: 0, Avg:  0.0, Max: 0, Diff: 0, Sum: 0, Workers: 4
[4609.264s][debug][gc,phases      ] GC(187)     Total                          Min: 0, Avg: 261.5, Max: 726, Diff: 726, Sum: 1046, Workers: 4
[4609.264s][debug][gc,phases      ] GC(187)   ObjectSynchronizer Weak        Min:  0.0, Avg:  0.0, Max:  0.0, Diff:  0.0, Sum:  0.0, Workers: 4
[4609.264s][debug][gc,phases      ] GC(187)     Dead                           Min: 0, Avg:  0.0, Max: 0, Diff: 0, Sum: 0, Workers: 4
[4609.264s][debug][gc,phases      ] GC(187)     Total                          Min: 0, Avg:  1.0, Max: 4, Diff: 4, Sum: 4, Workers: 4
[4609.264s][debug][gc,phases      ] GC(187)   JVMTI Tag Weak OopStorage      Min:  0.0, Avg:  0.0, Max:  0.0, Diff:  0.0, Sum:  0.0, Workers: 4
[4609.264s][debug][gc,phases      ] GC(187)     Dead                           Min: 0, Avg:  0.0, Max: 0, Diff: 0, Sum: 0, Workers: 4
[4609.264s][debug][gc,phases      ] GC(187)     Total                          Min: 0, Avg:  0.0, Max: 0, Diff: 0, Sum: 0, Workers: 4
[4609.264s][debug][gc,phases      ] GC(187)   StringTable Weak               Min:  0.0, Avg:  0.1, Max:  0.2, Diff:  0.2, Sum:  0.5, Workers: 4
[4609.264s][debug][gc,phases      ] GC(187)     Dead                           Min: 0, Avg:  0.0, Max: 0, Diff: 0, Sum: 0, Workers: 4
[4609.264s][debug][gc,phases      ] GC(187)     Total                          Min: 0, Avg: 12071.0, Max: 17664, Diff: 17664, Sum: 48284, Workers: 4
[4609.264s][debug][gc,phases      ] GC(187)   ResolvedMethodTable Weak       Min:  0.0, Avg:  0.0, Max:  0.1, Diff:  0.1, Sum:  0.2, Workers: 4
[4609.264s][debug][gc,phases      ] GC(187)     Dead                           Min: 0, Avg:  4.0, Max: 16, Diff: 16, Sum: 16, Workers: 4
[4609.264s][debug][gc,phases      ] GC(187)     Total                          Min: 0, Avg: 4011.5, Max: 5781, Diff: 5781, Sum: 16046, Workers: 4
[4609.264s][debug][gc,phases      ] GC(187)   JNI Weak                       Min:  0.0, Avg:  0.0, Max:  0.0, Diff:  0.0, Sum:  0.0, Workers: 4
[4609.264s][debug][gc,phases      ] GC(187)     Dead                           Min: 0, Avg:  0.0, Max: 0, Diff: 0, Sum: 0, Workers: 4
[4609.265s][debug][gc,phases      ] GC(187)     Total                          Min: 0, Avg: 13.0, Max: 48, Diff: 48, Sum: 52, Workers: 4
[4609.265s][debug][gc,phases      ] GC(187)   StringDedup Table Weak         Min:  0.0, Avg:  0.0, Max:  0.0, Diff:  0.0, Sum:  0.0, Workers: 4
[4609.265s][debug][gc,phases      ] GC(187)     Dead                           Min: 0, Avg:  0.0, Max: 0, Diff: 0, Sum: 0, Workers: 4
[4609.265s][debug][gc,phases      ] GC(187)     Total                          Min: 0, Avg:  0.0, Max: 0, Diff: 0, Sum: 0, Workers: 4
[4609.265s][debug][gc,phases      ] GC(187)   StringDedup Requests0 Weak     Min:  0.0, Avg:  0.0, Max:  0.0, Diff:  0.0, Sum:  0.0, Workers: 4
[4609.265s][debug][gc,phases      ] GC(187)     Dead                           Min: 0, Avg:  0.0, Max: 0, Diff: 0, Sum: 0, Workers: 4
[4609.265s][debug][gc,phases      ] GC(187)     Total                          Min: 0, Avg:  0.0, Max: 0, Diff: 0, Sum: 0, Workers: 4
[4609.265s][debug][gc,phases      ] GC(187)   StringDedup Requests1 Weak     Min:  0.0, Avg:  0.0, Max:  0.0, Diff:  0.0, Sum:  0.0, Workers: 4
[4609.265s][debug][gc,phases      ] GC(187)     Dead                           Min: 0, Avg:  0.0, Max: 0, Diff: 0, Sum: 0, Workers: 4
[4609.265s][debug][gc,phases      ] GC(187)     Total                          Min: 0, Avg:  0.0, Max: 0, Diff: 0, Sum: 0, Workers: 4
[4609.265s][debug][gc,phases      ] GC(187)   Weak JFR Old Object Samples    Min:  0.0, Avg:  0.0, Max:  0.0, Diff:  0.0, Sum:  0.0, Workers: 4
[4609.265s][debug][gc,phases      ] GC(187)     Dead                           Min: 0, Avg:  0.0, Max: 0, Diff: 0, Sum: 0, Workers: 4
[4609.265s][debug][gc,phases      ] GC(187)     Total                          Min: 0, Avg:  0.0, Max: 0, Diff: 0, Sum: 0, Workers: 4
[4609.265s][debug][gc,phases      ] GC(187) Weak Processing 0.476ms
[4609.265s][debug][gc,age         ] GC(187) Desired survivor size 15728640 bytes, new threshold 1 (max threshold 15)
[4609.265s][info ][gc,heap        ] GC(187) PSYoungGen: 2069089K(2079744K)->5136K(2081792K) Eden: 2062848K(2062848K)->0K(2065920K) From: 6241K(16896K)->5136K(15872K)
[4609.265s][info ][gc,heap        ] GC(187) ParOldGen: 564535K(564736K)->566625K(566784K)
[4609.265s][info ][gc,metaspace   ] GC(187) Metaspace: 112949K(114304K)->112949K(114304K) NonClass: 96201K(96960K)->96201K(96960K) Class: 16747K(17344K)->16747K(17344K)
[4609.265s][info ][gc             ] GC(187) Pause Young (Allocation Failure) 2571M->558M(2586M) 6.278ms
[4609.265s][info ][gc,cpu         ] GC(187) User=0.02s Sys=0.00s Real=0.01s
[4609.265s][info ][safepoint      ] Safepoint "ParallelGCFailedAllocation", Time since last: 23216405618 ns, Reaching safepoint: 8000 ns, Cleanup: 5300 ns, At safepoint: 6389700 ns, Total: 6403000 ns
[4625.869s][info ][safepoint      ] Safepoint "Cleanup", Time since last: 16604522465 ns, Reaching safepoint: 11600 ns, Cleanup: 14501 ns, At safepoint: 3400 ns, Total: 29501 ns
[4632.309s][info ][gc,start       ] GC(188) Pause Young (Allocation Failure)
[4632.315s][debug][gc,phases      ] GC(188) Scavenge 5.886ms
[4632.315s][debug][gc,ref         ] GC(188) ReferenceProcessor::execute queues: 1, RefProcThreadModel::Single, marks_oops_alive: false
[4632.315s][debug][gc,ref         ] GC(188) Skipped KeepAliveFinalRefsPhase of Reference Processing: no references
[4632.315s][debug][gc,ref         ] GC(188) Skipped PhantomRefsPhase of Reference Processing: no references
[4632.315s][debug][gc,phases      ] GC(188) Reference Processing 0.122ms
[4632.316s][debug][gc,phases      ] GC(188)   VM Weak                        Min:  0.0, Avg:  0.0, Max:  0.0, Diff:  0.0, Sum:  0.0, Workers: 4
[4632.316s][debug][gc,phases      ] GC(188)     Dead                           Min: 0, Avg:  0.0, Max: 0, Diff: 0, Sum: 0, Workers: 4
[4632.316s][debug][gc,phases      ] GC(188)     Total                          Min: 0, Avg: 261.5, Max: 832, Diff: 832, Sum: 1046, Workers: 4
[4632.316s][debug][gc,phases      ] GC(188)   ObjectSynchronizer Weak        Min:  0.0, Avg:  0.0, Max:  0.0, Diff:  0.0, Sum:  0.0, Workers: 4
[4632.316s][debug][gc,phases      ] GC(188)     Dead                           Min: 0, Avg:  0.0, Max: 0, Diff: 0, Sum: 0, Workers: 4
[4632.316s][debug][gc,phases      ] GC(188)     Total                          Min: 0, Avg:  0.8, Max: 3, Diff: 3, Sum: 3, Workers: 4
[4632.316s][debug][gc,phases      ] GC(188)   JVMTI Tag Weak OopStorage      Min:  0.0, Avg:  0.0, Max:  0.0, Diff:  0.0, Sum:  0.0, Workers: 4
[4632.316s][debug][gc,phases      ] GC(188)     Dead                           Min: 0, Avg:  0.0, Max: 0, Diff: 0, Sum: 0, Workers: 4
[4632.316s][debug][gc,phases      ] GC(188)     Total                          Min: 0, Avg:  0.0, Max: 0, Diff: 0, Sum: 0, Workers: 4
[4632.316s][debug][gc,phases      ] GC(188)   StringTable Weak               Min:  0.0, Avg:  0.1, Max:  0.2, Diff:  0.2, Sum:  0.6, Workers: 4
[4632.316s][debug][gc,phases      ] GC(188)     Dead                           Min: 0, Avg:  0.0, Max: 0, Diff: 0, Sum: 0, Workers: 4
[4632.316s][debug][gc,phases      ] GC(188)     Total                          Min: 0, Avg: 12071.0, Max: 16668, Diff: 16668, Sum: 48284, Workers: 4
[4632.316s][debug][gc,phases      ] GC(188)   ResolvedMethodTable Weak       Min:  0.0, Avg:  0.0, Max:  0.1, Diff:  0.1, Sum:  0.2, Workers: 4
[4632.316s][debug][gc,phases      ] GC(188)     Dead                           Min: 0, Avg:  4.0, Max: 16, Diff: 16, Sum: 16, Workers: 4
[4632.316s][debug][gc,phases      ] GC(188)     Total                          Min: 0, Avg: 4011.5, Max: 6200, Diff: 6200, Sum: 16046, Workers: 4
[4632.316s][debug][gc,phases      ] GC(188)   JNI Weak                       Min:  0.0, Avg:  0.0, Max:  0.0, Diff:  0.0, Sum:  0.0, Workers: 4
[4632.316s][debug][gc,phases      ] GC(188)     Dead                           Min: 0, Avg:  0.0, Max: 0, Diff: 0, Sum: 0, Workers: 4
[4632.316s][debug][gc,phases      ] GC(188)     Total                          Min: 0, Avg: 13.0, Max: 48, Diff: 48, Sum: 52, Workers: 4
[4632.316s][debug][gc,phases      ] GC(188)   StringDedup Table Weak         Min:  0.0, Avg:  0.0, Max:  0.0, Diff:  0.0, Sum:  0.0, Workers: 4
[4632.316s][debug][gc,phases      ] GC(188)     Dead                           Min: 0, Avg:  0.0, Max: 0, Diff: 0, Sum: 0, Workers: 4
[4632.316s][debug][gc,phases      ] GC(188)     Total                          Min: 0, Avg:  0.0, Max: 0, Diff: 0, Sum: 0, Workers: 4
[4632.316s][debug][gc,phases      ] GC(188)   StringDedup Requests0 Weak     Min:  0.0, Avg:  0.0, Max:  0.0, Diff:  0.0, Sum:  0.0, Workers: 4
[4632.316s][debug][gc,phases      ] GC(188)     Dead                           Min: 0, Avg:  0.0, Max: 0, Diff: 0, Sum: 0, Workers: 4
[4632.316s][debug][gc,phases      ] GC(188)     Total                          Min: 0, Avg:  0.0, Max: 0, Diff: 0, Sum: 0, Workers: 4
[4632.316s][debug][gc,phases      ] GC(188)   StringDedup Requests1 Weak     Min:  0.0, Avg:  0.0, Max:  0.0, Diff:  0.0, Sum:  0.0, Workers: 4
[4632.316s][debug][gc,phases      ] GC(188)     Dead                           Min: 0, Avg:  0.0, Max: 0, Diff: 0, Sum: 0, Workers: 4
[4632.316s][debug][gc,phases      ] GC(188)     Total                          Min: 0, Avg:  0.0, Max: 0, Diff: 0, Sum: 0, Workers: 4
[4632.316s][debug][gc,phases      ] GC(188)   Weak JFR Old Object Samples    Min:  0.0, Avg:  0.0, Max:  0.0, Diff:  0.0, Sum:  0.0, Workers: 4
[4632.316s][debug][gc,phases      ] GC(188)     Dead                           Min: 0, Avg:  0.0, Max: 0, Diff: 0, Sum: 0, Workers: 4
[4632.316s][debug][gc,phases      ] GC(188)     Total                          Min: 0, Avg:  0.0, Max: 0, Diff: 0, Sum: 0, Workers: 4
[4632.316s][debug][gc,phases      ] GC(188) Weak Processing 0.490ms
[4632.316s][debug][gc,age         ] GC(188) Desired survivor size 14680064 bytes, new threshold 1 (max threshold 15)
[4632.316s][info ][gc,heap        ] GC(188) PSYoungGen: 2071056K(2081792K)->6224K(2081280K) Eden: 2065920K(2065920K)->0K(2065920K) From: 5136K(15872K)->6224K(15360K)
[4632.316s][info ][gc,heap        ] GC(188) ParOldGen: 566625K(566784K)->567729K(567808K)
[4632.316s][info ][gc,metaspace   ] GC(188) Metaspace: 112950K(114304K)->112950K(114304K) NonClass: 96202K(96960K)->96202K(96960K) Class: 16747K(17344K)->16747K(17344K)
[4632.316s][info ][gc             ] GC(188) Pause Young (Allocation Failure) 2575M->560M(2587M) 6.651ms
[4632.316s][info ][gc,cpu         ] GC(188) User=0.02s Sys=0.00s Real=0.01s
[4632.316s][info ][safepoint      ] Safepoint "ParallelGCFailedAllocation", Time since last: 6440052967 ns, Reaching safepoint: 9400 ns, Cleanup: 5400 ns, At safepoint: 6784111 ns, Total: 6798911 ns
[4633.316s][info ][safepoint      ] Safepoint "Cleanup", Time since last: 1000127229 ns, Reaching safepoint: 12101 ns, Cleanup: 21201 ns, At safepoint: 3500 ns, Total: 36802 ns
[4648.317s][info ][safepoint      ] Safepoint "Cleanup", Time since last: 15001171468 ns, Reaching safepoint: 11201 ns, Cleanup: 23100 ns, At safepoint: 2900 ns, Total: 37201 ns
[4649.318s][info ][safepoint      ] Safepoint "Cleanup", Time since last: 1000130107 ns, Reaching safepoint: 9600 ns, Cleanup: 17500 ns, At safepoint: 3200 ns, Total: 30300 ns
[4654.318s][info ][safepoint      ] Safepoint "Cleanup", Time since last: 5000411830 ns, Reaching safepoint: 8000 ns, Cleanup: 11200 ns, At safepoint: 2701 ns, Total: 21901 ns
[4655.300s][info ][gc,start       ] GC(189) Pause Young (Allocation Failure)
[4655.307s][debug][gc,phases      ] GC(189) Scavenge 7.296ms
[4655.307s][debug][gc,ref         ] GC(189) ReferenceProcessor::execute queues: 1, RefProcThreadModel::Single, marks_oops_alive: false
[4655.307s][debug][gc,ref         ] GC(189) Skipped KeepAliveFinalRefsPhase of Reference Processing: no references
[4655.308s][debug][gc,ref         ] GC(189) Skipped PhantomRefsPhase of Reference Processing: no references
[4655.308s][debug][gc,phases      ] GC(189) Reference Processing 0.116ms
[4655.308s][debug][gc,phases      ] GC(189)   VM Weak                        Min:  0.0, Avg:  0.0, Max:  0.0, Diff:  0.0, Sum:  0.0, Workers: 4
[4655.308s][debug][gc,phases      ] GC(189)     Dead                           Min: 0, Avg:  0.0, Max: 0, Diff: 0, Sum: 0, Workers: 4
[4655.308s][debug][gc,phases      ] GC(189)     Total                          Min: 0, Avg: 261.5, Max: 448, Diff: 448, Sum: 1046, Workers: 4
[4655.308s][debug][gc,phases      ] GC(189)   ObjectSynchronizer Weak        Min:  0.0, Avg:  0.0, Max:  0.0, Diff:  0.0, Sum:  0.0, Workers: 4
[4655.308s][debug][gc,phases      ] GC(189)     Dead                           Min: 0, Avg:  0.0, Max: 0, Diff: 0, Sum: 0, Workers: 4
[4655.308s][debug][gc,phases      ] GC(189)     Total                          Min: 0, Avg:  1.0, Max: 4, Diff: 4, Sum: 4, Workers: 4
[4655.308s][debug][gc,phases      ] GC(189)   JVMTI Tag Weak OopStorage      Min:  0.0, Avg:  0.0, Max:  0.0, Diff:  0.0, Sum:  0.0, Workers: 4
[4655.308s][debug][gc,phases      ] GC(189)     Dead                           Min: 0, Avg:  0.0, Max: 0, Diff: 0, Sum: 0, Workers: 4
[4655.308s][debug][gc,phases      ] GC(189)     Total                          Min: 0, Avg:  0.0, Max: 0, Diff: 0, Sum: 0, Workers: 4
[4655.308s][debug][gc,phases      ] GC(189)   StringTable Weak               Min:  0.0, Avg:  0.1, Max:  0.2, Diff:  0.2, Sum:  0.5, Workers: 4
[4655.308s][debug][gc,phases      ] GC(189)     Dead                           Min: 0, Avg:  0.0, Max: 0, Diff: 0, Sum: 0, Workers: 4
[4655.308s][debug][gc,phases      ] GC(189)     Total                          Min: 704, Avg: 12071.0, Max: 16476, Diff: 15772, Sum: 48284, Workers: 4
[4655.308s][debug][gc,phases      ] GC(189)   ResolvedMethodTable Weak       Min:  0.0, Avg:  0.0, Max:  0.0, Diff:  0.0, Sum:  0.2, Workers: 4
[4655.308s][debug][gc,phases      ] GC(189)     Dead                           Min: 0, Avg:  0.0, Max: 0, Diff: 0, Sum: 0, Workers: 4
[4655.308s][debug][gc,phases      ] GC(189)     Total                          Min: 3780, Avg: 4011.5, Max: 4547, Diff: 767, Sum: 16046, Workers: 4
[4655.308s][debug][gc,phases      ] GC(189)   JNI Weak                       Min:  0.0, Avg:  0.0, Max:  0.0, Diff:  0.0, Sum:  0.0, Workers: 4
[4655.308s][debug][gc,phases      ] GC(189)     Dead                           Min: 0, Avg:  0.0, Max: 0, Diff: 0, Sum: 0, Workers: 4
[4655.308s][debug][gc,phases      ] GC(189)     Total                          Min: 0, Avg: 13.0, Max: 48, Diff: 48, Sum: 52, Workers: 4
[4655.308s][debug][gc,phases      ] GC(189)   StringDedup Table Weak         Min:  0.0, Avg:  0.0, Max:  0.0, Diff:  0.0, Sum:  0.0, Workers: 4
[4655.308s][debug][gc,phases      ] GC(189)     Dead                           Min: 0, Avg:  0.0, Max: 0, Diff: 0, Sum: 0, Workers: 4
[4655.308s][debug][gc,phases      ] GC(189)     Total                          Min: 0, Avg:  0.0, Max: 0, Diff: 0, Sum: 0, Workers: 4
[4655.308s][debug][gc,phases      ] GC(189)   StringDedup Requests0 Weak     Min:  0.0, Avg:  0.0, Max:  0.0, Diff:  0.0, Sum:  0.0, Workers: 4
[4655.308s][debug][gc,phases      ] GC(189)     Dead                           Min: 0, Avg:  0.0, Max: 0, Diff: 0, Sum: 0, Workers: 4
[4655.308s][debug][gc,phases      ] GC(189)     Total                          Min: 0, Avg:  0.0, Max: 0, Diff: 0, Sum: 0, Workers: 4
[4655.308s][debug][gc,phases      ] GC(189)   StringDedup Requests1 Weak     Min:  0.0, Avg:  0.0, Max:  0.0, Diff:  0.0, Sum:  0.0, Workers: 4
[4655.308s][debug][gc,phases      ] GC(189)     Dead                           Min: 0, Avg:  0.0, Max: 0, Diff: 0, Sum: 0, Workers: 4
[4655.308s][debug][gc,phases      ] GC(189)     Total                          Min: 0, Avg:  0.0, Max: 0, Diff: 0, Sum: 0, Workers: 4
[4655.308s][debug][gc,phases      ] GC(189)   Weak JFR Old Object Samples    Min:  0.0, Avg:  0.0, Max:  0.0, Diff:  0.0, Sum:  0.0, Workers: 4
[4655.308s][debug][gc,phases      ] GC(189)     Dead                           Min: 0, Avg:  0.0, Max: 0, Diff: 0, Sum: 0, Workers: 4
[4655.308s][debug][gc,phases      ] GC(189)     Total                          Min: 0, Avg:  0.0, Max: 0, Diff: 0, Sum: 0, Workers: 4
[4655.308s][debug][gc,phases      ] GC(189) Weak Processing 0.480ms
[4655.308s][debug][gc,age         ] GC(189) Desired survivor size 14155776 bytes, new threshold 1 (max threshold 15)
[4655.308s][info ][gc,heap        ] GC(189) PSYoungGen: 2072144K(2081280K)->5456K(2083328K) Eden: 2065920K(2065920K)->0K(2068992K) From: 6224K(15360K)->5456K(14336K)
[4655.308s][info ][gc,heap        ] GC(189) ParOldGen: 567729K(567808K)->569054K(569344K)
[4655.308s][info ][gc,metaspace   ] GC(189) Metaspace: 112950K(114304K)->112950K(114304K) NonClass: 96202K(96960K)->96202K(96960K) Class: 16747K(17344K)->16747K(17344K)
[4655.308s][info ][gc             ] GC(189) Pause Young (Allocation Failure) 2578M->561M(2590M) 8.045ms
[4655.308s][info ][gc,cpu         ] GC(189) User=0.02s Sys=0.00s Real=0.01s
[4655.308s][info ][safepoint      ] Safepoint "ParallelGCFailedAllocation", Time since last: 981900200 ns, Reaching safepoint: 9000 ns, Cleanup: 5000 ns, At safepoint: 8137350 ns, Total: 8151350 ns
[4661.309s][info ][safepoint      ] Safepoint "Cleanup", Time since last: 6000502070 ns, Reaching safepoint: 8900 ns, Cleanup: 13300 ns, At safepoint: 2700 ns, Total: 24900 ns
[4662.309s][info ][safepoint      ] Safepoint "Cleanup", Time since last: 1000140385 ns, Reaching safepoint: 9100 ns, Cleanup: 13300 ns, At safepoint: 2800 ns, Total: 25200 ns
[4665.309s][info ][safepoint      ] Safepoint "Cleanup", Time since last: 3000284949 ns, Reaching safepoint: 9000 ns, Cleanup: 11301 ns, At safepoint: 2200 ns, Total: 22501 ns
[4669.310s][info ][safepoint      ] Safepoint "Cleanup", Time since last: 4000369589 ns, Reaching safepoint: 10100 ns, Cleanup: 26701 ns, At safepoint: 2600 ns, Total: 39401 ns
[4673.310s][info ][safepoint      ] Safepoint "Cleanup", Time since last: 4000353307 ns, Reaching safepoint: 10901 ns, Cleanup: 12300 ns, At safepoint: 2900 ns, Total: 26101 ns
[4674.310s][info ][safepoint      ] Safepoint "Cleanup", Time since last: 1000112128 ns, Reaching safepoint: 7800 ns, Cleanup: 11700 ns, At safepoint: 3200 ns, Total: 22700 ns
[4678.310s][info ][safepoint      ] Safepoint "Cleanup", Time since last: 4000383734 ns, Reaching safepoint: 44301 ns, Cleanup: 14401 ns, At safepoint: 5600 ns, Total: 64302 ns
[4679.311s][info ][safepoint      ] Safepoint "Cleanup", Time since last: 1000124487 ns, Reaching safepoint: 8900 ns, Cleanup: 13601 ns, At safepoint: 2900 ns, Total: 25401 ns
[4679.887s][info ][gc,start       ] GC(190) Pause Young (Allocation Failure)
[4679.893s][debug][gc,phases      ] GC(190) Scavenge 5.373ms
[4679.893s][debug][gc,ref         ] GC(190) ReferenceProcessor::execute queues: 1, RefProcThreadModel::Single, marks_oops_alive: false
[4679.893s][debug][gc,ref         ] GC(190) Skipped KeepAliveFinalRefsPhase of Reference Processing: no references
[4679.893s][debug][gc,ref         ] GC(190) ReferenceProcessor::execute queues: 1, RefProcThreadModel::Single, marks_oops_alive: false
[4679.893s][debug][gc,phases      ] GC(190) Reference Processing 0.117ms
[4679.893s][debug][gc,phases      ] GC(190)   VM Weak                        Min:  0.0, Avg:  0.0, Max:  0.0, Diff:  0.0, Sum:  0.0, Workers: 4
[4679.893s][debug][gc,phases      ] GC(190)     Dead                           Min: 0, Avg:  0.0, Max: 0, Diff: 0, Sum: 0, Workers: 4
[4679.893s][debug][gc,phases      ] GC(190)     Total                          Min: 0, Avg: 261.5, Max: 832, Diff: 832, Sum: 1046, Workers: 4
[4679.893s][debug][gc,phases      ] GC(190)   ObjectSynchronizer Weak        Min:  0.0, Avg:  0.0, Max:  0.0, Diff:  0.0, Sum:  0.0, Workers: 4
[4679.893s][debug][gc,phases      ] GC(190)     Dead                           Min: 0, Avg:  0.0, Max: 0, Diff: 0, Sum: 0, Workers: 4
[4679.893s][debug][gc,phases      ] GC(190)     Total                          Min: 0, Avg:  1.0, Max: 4, Diff: 4, Sum: 4, Workers: 4
[4679.893s][debug][gc,phases      ] GC(190)   JVMTI Tag Weak OopStorage      Min:  0.0, Avg:  0.0, Max:  0.0, Diff:  0.0, Sum:  0.0, Workers: 4
[4679.893s][debug][gc,phases      ] GC(190)     Dead                           Min: 0, Avg:  0.0, Max: 0, Diff: 0, Sum: 0, Workers: 4
[4679.893s][debug][gc,phases      ] GC(190)     Total                          Min: 0, Avg:  0.0, Max: 0, Diff: 0, Sum: 0, Workers: 4
[4679.893s][debug][gc,phases      ] GC(190)   StringTable Weak               Min:  0.0, Avg:  0.1, Max:  0.2, Diff:  0.2, Sum:  0.4, Workers: 4
[4679.893s][debug][gc,phases      ] GC(190)     Dead                           Min: 0, Avg:  0.0, Max: 0, Diff: 0, Sum: 0, Workers: 4
[4679.893s][debug][gc,phases      ] GC(190)     Total                          Min: 0, Avg: 12071.2, Max: 18397, Diff: 18397, Sum: 48285, Workers: 4
[4679.893s][debug][gc,phases      ] GC(190)   ResolvedMethodTable Weak       Min:  0.0, Avg:  0.0, Max:  0.1, Diff:  0.1, Sum:  0.2, Workers: 4
[4679.893s][debug][gc,phases      ] GC(190)     Dead                           Min: 0, Avg:  4.0, Max: 16, Diff: 16, Sum: 16, Workers: 4
[4679.893s][debug][gc,phases      ] GC(190)     Total                          Min: 0, Avg: 4011.5, Max: 5679, Diff: 5679, Sum: 16046, Workers: 4
[4679.893s][debug][gc,phases      ] GC(190)   JNI Weak                       Min:  0.0, Avg:  0.0, Max:  0.0, Diff:  0.0, Sum:  0.0, Workers: 4
[4679.893s][debug][gc,phases      ] GC(190)     Dead                           Min: 0, Avg:  0.0, Max: 0, Diff: 0, Sum: 0, Workers: 4
[4679.893s][debug][gc,phases      ] GC(190)     Total                          Min: 0, Avg: 13.0, Max: 48, Diff: 48, Sum: 52, Workers: 4
[4679.894s][debug][gc,phases      ] GC(190)   StringDedup Table Weak         Min:  0.0, Avg:  0.0, Max:  0.0, Diff:  0.0, Sum:  0.0, Workers: 4
[4679.894s][debug][gc,phases      ] GC(190)     Dead                           Min: 0, Avg:  0.0, Max: 0, Diff: 0, Sum: 0, Workers: 4
[4679.894s][debug][gc,phases      ] GC(190)     Total                          Min: 0, Avg:  0.0, Max: 0, Diff: 0, Sum: 0, Workers: 4
[4679.894s][debug][gc,phases      ] GC(190)   StringDedup Requests0 Weak     Min:  0.0, Avg:  0.0, Max:  0.0, Diff:  0.0, Sum:  0.0, Workers: 4
[4679.894s][debug][gc,phases      ] GC(190)     Dead                           Min: 0, Avg:  0.0, Max: 0, Diff: 0, Sum: 0, Workers: 4
[4679.894s][debug][gc,phases      ] GC(190)     Total                          Min: 0, Avg:  0.0, Max: 0, Diff: 0, Sum: 0, Workers: 4
[4679.894s][debug][gc,phases      ] GC(190)   StringDedup Requests1 Weak     Min:  0.0, Avg:  0.0, Max:  0.0, Diff:  0.0, Sum:  0.0, Workers: 4
[4679.894s][debug][gc,phases      ] GC(190)     Dead                           Min: 0, Avg:  0.0, Max: 0, Diff: 0, Sum: 0, Workers: 4
[4679.894s][debug][gc,phases      ] GC(190)     Total                          Min: 0, Avg:  0.0, Max: 0, Diff: 0, Sum: 0, Workers: 4
[4679.894s][debug][gc,phases      ] GC(190)   Weak JFR Old Object Samples    Min:  0.0, Avg:  0.0, Max:  0.0, Diff:  0.0, Sum:  0.0, Workers: 4
[4679.894s][debug][gc,phases      ] GC(190)     Dead                           Min: 0, Avg:  0.0, Max: 0, Diff: 0, Sum: 0, Workers: 4
[4679.894s][debug][gc,phases      ] GC(190)     Total                          Min: 0, Avg:  0.0, Max: 0, Diff: 0, Sum: 0, Workers: 4
[4679.894s][debug][gc,phases      ] GC(190) Weak Processing 0.561ms
[4679.894s][debug][gc,age         ] GC(190) Desired survivor size 13631488 bytes, new threshold 1 (max threshold 15)
[4679.894s][info ][gc,heap        ] GC(190) PSYoungGen: 2074448K(2083328K)->5694K(2082816K) Eden: 2068992K(2068992K)->0K(2068992K) From: 5456K(14336K)->5694K(13824K)
[4679.894s][info ][gc,heap        ] GC(190) ParOldGen: 569054K(569344K)->570038K(570368K)
[4679.894s][info ][gc,metaspace   ] GC(190) Metaspace: 112959K(114304K)->112959K(114304K) NonClass: 96212K(96960K)->96212K(96960K) Class: 16747K(17344K)->16747K(17344K)
[4679.894s][info ][gc             ] GC(190) Pause Young (Allocation Failure) 2581M->562M(2591M) 6.187ms
[4679.894s][info ][gc,cpu         ] GC(190) User=0.02s Sys=0.00s Real=0.01s
[4679.894s][info ][safepoint      ] Safepoint "ParallelGCFailedAllocation", Time since last: 576759470 ns, Reaching safepoint: 11100 ns, Cleanup: 12100 ns, At safepoint: 6276295 ns, Total: 6299495 ns
[4680.894s][info ][safepoint      ] Safepoint "Cleanup", Time since last: 1000116786 ns, Reaching safepoint: 89303 ns, Cleanup: 11701 ns, At safepoint: 7900 ns, Total: 108904 ns
[4682.888s][info ][safepoint      ] Safepoint "Cleanup", Time since last: 1994354691 ns, Reaching safepoint: 79903 ns, Cleanup: 11000 ns, At safepoint: 8800 ns, Total: 99703 ns
[4703.509s][info ][gc,start       ] GC(191) Pause Young (Allocation Failure)
[4703.518s][debug][gc,phases      ] GC(191) Scavenge 8.949ms
[4703.519s][debug][gc,ref         ] GC(191) ReferenceProcessor::execute queues: 1, RefProcThreadModel::Single, marks_oops_alive: false
[4703.519s][debug][gc,ref         ] GC(191) Skipped KeepAliveFinalRefsPhase of Reference Processing: no references
[4703.519s][debug][gc,ref         ] GC(191) Skipped PhantomRefsPhase of Reference Processing: no references
[4703.519s][debug][gc,phases      ] GC(191) Reference Processing 0.147ms
[4703.519s][debug][gc,phases      ] GC(191)   VM Weak                        Min:  0.0, Avg:  0.0, Max:  0.0, Diff:  0.0, Sum:  0.0, Workers: 4
[4703.519s][debug][gc,phases      ] GC(191)     Dead                           Min: 0, Avg:  0.0, Max: 0, Diff: 0, Sum: 0, Workers: 4
[4703.519s][debug][gc,phases      ] GC(191)     Total                          Min: 0, Avg: 261.5, Max: 598, Diff: 598, Sum: 1046, Workers: 4
[4703.519s][debug][gc,phases      ] GC(191)   ObjectSynchronizer Weak        Min:  0.0, Avg:  0.0, Max:  0.0, Diff:  0.0, Sum:  0.0, Workers: 4
[4703.519s][debug][gc,phases      ] GC(191)     Dead                           Min: 0, Avg:  0.0, Max: 0, Diff: 0, Sum: 0, Workers: 4
[4703.519s][debug][gc,phases      ] GC(191)     Total                          Min: 0, Avg:  1.0, Max: 4, Diff: 4, Sum: 4, Workers: 4
[4703.519s][debug][gc,phases      ] GC(191)   JVMTI Tag Weak OopStorage      Min:  0.0, Avg:  0.0, Max:  0.0, Diff:  0.0, Sum:  0.0, Workers: 4
[4703.519s][debug][gc,phases      ] GC(191)     Dead                           Min: 0, Avg:  0.0, Max: 0, Diff: 0, Sum: 0, Workers: 4
[4703.519s][debug][gc,phases      ] GC(191)     Total                          Min: 0, Avg:  0.0, Max: 0, Diff: 0, Sum: 0, Workers: 4
[4703.519s][debug][gc,phases      ] GC(191)   StringTable Weak               Min:  0.0, Avg:  0.1, Max:  0.3, Diff:  0.3, Sum:  0.5, Workers: 4
[4703.519s][debug][gc,phases      ] GC(191)     Dead                           Min: 0, Avg:  0.0, Max: 0, Diff: 0, Sum: 0, Workers: 4
[4703.519s][debug][gc,phases      ] GC(191)     Total                          Min: 0, Avg: 12071.2, Max: 24768, Diff: 24768, Sum: 48285, Workers: 4
[4703.519s][debug][gc,phases      ] GC(191)   ResolvedMethodTable Weak       Min:  0.0, Avg:  0.0, Max:  0.1, Diff:  0.1, Sum:  0.2, Workers: 4
[4703.519s][debug][gc,phases      ] GC(191)     Dead                           Min: 0, Avg:  4.0, Max: 16, Diff: 16, Sum: 16, Workers: 4
[4703.519s][debug][gc,phases      ] GC(191)     Total                          Min: 0, Avg: 4011.5, Max: 8191, Diff: 8191, Sum: 16046, Workers: 4
[4703.519s][debug][gc,phases      ] GC(191)   JNI Weak                       Min:  0.0, Avg:  0.0, Max:  0.0, Diff:  0.0, Sum:  0.0, Workers: 4
[4703.519s][debug][gc,phases      ] GC(191)     Dead                           Min: 0, Avg:  0.0, Max: 0, Diff: 0, Sum: 0, Workers: 4
[4703.519s][debug][gc,phases      ] GC(191)     Total                          Min: 0, Avg: 13.0, Max: 48, Diff: 48, Sum: 52, Workers: 4
[4703.519s][debug][gc,phases      ] GC(191)   StringDedup Table Weak         Min:  0.0, Avg:  0.0, Max:  0.0, Diff:  0.0, Sum:  0.0, Workers: 4
[4703.519s][debug][gc,phases      ] GC(191)     Dead                           Min: 0, Avg:  0.0, Max: 0, Diff: 0, Sum: 0, Workers: 4
[4703.519s][debug][gc,phases      ] GC(191)     Total                          Min: 0, Avg:  0.0, Max: 0, Diff: 0, Sum: 0, Workers: 4
[4703.519s][debug][gc,phases      ] GC(191)   StringDedup Requests0 Weak     Min:  0.0, Avg:  0.0, Max:  0.0, Diff:  0.0, Sum:  0.0, Workers: 4
[4703.519s][debug][gc,phases      ] GC(191)     Dead                           Min: 0, Avg:  0.0, Max: 0, Diff: 0, Sum: 0, Workers: 4
[4703.519s][debug][gc,phases      ] GC(191)     Total                          Min: 0, Avg:  0.0, Max: 0, Diff: 0, Sum: 0, Workers: 4
[4703.519s][debug][gc,phases      ] GC(191)   StringDedup Requests1 Weak     Min:  0.0, Avg:  0.0, Max:  0.0, Diff:  0.0, Sum:  0.0, Workers: 4
[4703.519s][debug][gc,phases      ] GC(191)     Dead                           Min: 0, Avg:  0.0, Max: 0, Diff: 0, Sum: 0, Workers: 4
[4703.519s][debug][gc,phases      ] GC(191)     Total                          Min: 0, Avg:  0.0, Max: 0, Diff: 0, Sum: 0, Workers: 4
[4703.519s][debug][gc,phases      ] GC(191)   Weak JFR Old Object Samples    Min:  0.0, Avg:  0.0, Max:  0.0, Diff:  0.0, Sum:  0.0, Workers: 4
[4703.519s][debug][gc,phases      ] GC(191)     Dead                           Min: 0, Avg:  0.0, Max: 0, Diff: 0, Sum: 0, Workers: 4
[4703.519s][debug][gc,phases      ] GC(191)     Total                          Min: 0, Avg:  0.0, Max: 0, Diff: 0, Sum: 0, Workers: 4
[4703.519s][debug][gc,phases      ] GC(191) Weak Processing 0.672ms
[4703.519s][debug][gc,age         ] GC(191) Desired survivor size 12582912 bytes, new threshold 1 (max threshold 15)
[4703.519s][info ][gc,heap        ] GC(191) PSYoungGen: 2074686K(2082816K)->5748K(2084864K) Eden: 2068992K(2068992K)->0K(2071552K) From: 5694K(13824K)->5748K(13312K)
[4703.519s][info ][gc,heap        ] GC(191) ParOldGen: 570038K(570368K)->571277K(571392K)
[4703.519s][info ][gc,metaspace   ] GC(191) Metaspace: 112962K(114304K)->112962K(114304K) NonClass: 96215K(96960K)->96215K(96960K) Class: 16747K(17344K)->16747K(17344K)
[4703.519s][info ][gc             ] GC(191) Pause Young (Allocation Failure) 2582M->563M(2594M) 9.970ms
[4703.519s][info ][gc,cpu         ] GC(191) User=0.02s Sys=0.00s Real=0.01s
[4703.519s][info ][safepoint      ] Safepoint "ParallelGCFailedAllocation", Time since last: 20620941512 ns, Reaching safepoint: 8901 ns, Cleanup: 5000 ns, At safepoint: 10069512 ns, Total: 10083413 ns
[4711.520s][info ][safepoint      ] Safepoint "Cleanup", Time since last: 8000656043 ns, Reaching safepoint: 8000 ns, Cleanup: 11100 ns, At safepoint: 2301 ns, Total: 21401 ns
[4726.791s][info ][gc,start       ] GC(192) Pause Young (Allocation Failure)
[4726.796s][debug][gc,phases      ] GC(192) Scavenge 5.050ms
[4726.796s][debug][gc,ref         ] GC(192) ReferenceProcessor::execute queues: 1, RefProcThreadModel::Single, marks_oops_alive: false
[4726.796s][debug][gc,ref         ] GC(192) Skipped KeepAliveFinalRefsPhase of Reference Processing: no references
[4726.796s][debug][gc,ref         ] GC(192) Skipped PhantomRefsPhase of Reference Processing: no references
[4726.796s][debug][gc,phases      ] GC(192) Reference Processing 0.140ms
[4726.796s][debug][gc,phases      ] GC(192)   VM Weak                        Min:  0.0, Avg:  0.0, Max:  0.0, Diff:  0.0, Sum:  0.0, Workers: 4
[4726.796s][debug][gc,phases      ] GC(192)     Dead                           Min: 0, Avg:  0.0, Max: 0, Diff: 0, Sum: 0, Workers: 4
[4726.796s][debug][gc,phases      ] GC(192)     Total                          Min: 0, Avg: 261.5, Max: 576, Diff: 576, Sum: 1046, Workers: 4
[4726.796s][debug][gc,phases      ] GC(192)   ObjectSynchronizer Weak        Min:  0.0, Avg:  0.0, Max:  0.0, Diff:  0.0, Sum:  0.0, Workers: 4
[4726.796s][debug][gc,phases      ] GC(192)     Dead                           Min: 0, Avg:  0.0, Max: 0, Diff: 0, Sum: 0, Workers: 4
[4726.796s][debug][gc,phases      ] GC(192)     Total                          Min: 0, Avg:  1.0, Max: 4, Diff: 4, Sum: 4, Workers: 4
[4726.796s][debug][gc,phases      ] GC(192)   JVMTI Tag Weak OopStorage      Min:  0.0, Avg:  0.0, Max:  0.0, Diff:  0.0, Sum:  0.0, Workers: 4
[4726.796s][debug][gc,phases      ] GC(192)     Dead                           Min: 0, Avg:  0.0, Max: 0, Diff: 0, Sum: 0, Workers: 4
[4726.796s][debug][gc,phases      ] GC(192)     Total                          Min: 0, Avg:  0.0, Max: 0, Diff: 0, Sum: 0, Workers: 4
[4726.796s][debug][gc,phases      ] GC(192)   StringTable Weak               Min:  0.0, Avg:  0.1, Max:  0.2, Diff:  0.2, Sum:  0.5, Workers: 4
[4726.796s][debug][gc,phases      ] GC(192)     Dead                           Min: 0, Avg:  0.0, Max: 0, Diff: 0, Sum: 0, Workers: 4
[4726.796s][debug][gc,phases      ] GC(192)     Total                          Min: 0, Avg: 12071.2, Max: 17629, Diff: 17629, Sum: 48285, Workers: 4
[4726.796s][debug][gc,phases      ] GC(192)   ResolvedMethodTable Weak       Min:  0.0, Avg:  0.0, Max:  0.1, Diff:  0.1, Sum:  0.2, Workers: 4
[4726.796s][debug][gc,phases      ] GC(192)     Dead                           Min: 0, Avg:  4.0, Max: 16, Diff: 16, Sum: 16, Workers: 4
[4726.796s][debug][gc,phases      ] GC(192)     Total                          Min: 0, Avg: 4011.5, Max: 5498, Diff: 5498, Sum: 16046, Workers: 4
[4726.796s][debug][gc,phases      ] GC(192)   JNI Weak                       Min:  0.0, Avg:  0.0, Max:  0.0, Diff:  0.0, Sum:  0.0, Workers: 4
[4726.796s][debug][gc,phases      ] GC(192)     Dead                           Min: 0, Avg:  0.0, Max: 0, Diff: 0, Sum: 0, Workers: 4
[4726.796s][debug][gc,phases      ] GC(192)     Total                          Min: 0, Avg: 13.0, Max: 48, Diff: 48, Sum: 52, Workers: 4
[4726.796s][debug][gc,phases      ] GC(192)   StringDedup Table Weak         Min:  0.0, Avg:  0.0, Max:  0.0, Diff:  0.0, Sum:  0.0, Workers: 4
[4726.796s][debug][gc,phases      ] GC(192)     Dead                           Min: 0, Avg:  0.0, Max: 0, Diff: 0, Sum: 0, Workers: 4
[4726.796s][debug][gc,phases      ] GC(192)     Total                          Min: 0, Avg:  0.0, Max: 0, Diff: 0, Sum: 0, Workers: 4
[4726.796s][debug][gc,phases      ] GC(192)   StringDedup Requests0 Weak     Min:  0.0, Avg:  0.0, Max:  0.0, Diff:  0.0, Sum:  0.0, Workers: 4
[4726.796s][debug][gc,phases      ] GC(192)     Dead                           Min: 0, Avg:  0.0, Max: 0, Diff: 0, Sum: 0, Workers: 4
[4726.796s][debug][gc,phases      ] GC(192)     Total                          Min: 0, Avg:  0.0, Max: 0, Diff: 0, Sum: 0, Workers: 4
[4726.796s][debug][gc,phases      ] GC(192)   StringDedup Requests1 Weak     Min:  0.0, Avg:  0.0, Max:  0.0, Diff:  0.0, Sum:  0.0, Workers: 4
[4726.796s][debug][gc,phases      ] GC(192)     Dead                           Min: 0, Avg:  0.0, Max: 0, Diff: 0, Sum: 0, Workers: 4
[4726.796s][debug][gc,phases      ] GC(192)     Total                          Min: 0, Avg:  0.0, Max: 0, Diff: 0, Sum: 0, Workers: 4
[4726.796s][debug][gc,phases      ] GC(192)   Weak JFR Old Object Samples    Min:  0.0, Avg:  0.0, Max:  0.0, Diff:  0.0, Sum:  0.0, Workers: 4
[4726.796s][debug][gc,phases      ] GC(192)     Dead                           Min: 0, Avg:  0.0, Max: 0, Diff: 0, Sum: 0, Workers: 4
[4726.796s][debug][gc,phases      ] GC(192)     Total                          Min: 0, Avg:  0.0, Max: 0, Diff: 0, Sum: 0, Workers: 4
[4726.796s][debug][gc,phases      ] GC(192) Weak Processing 0.477ms
[4726.796s][debug][gc,age         ] GC(192) Desired survivor size 12582912 bytes, new threshold 1 (max threshold 15)
[4726.796s][info ][gc,heap        ] GC(192) PSYoungGen: 2077300K(2084864K)->5040K(2083840K) Eden: 2071552K(2071552K)->0K(2071552K) From: 5748K(13312K)->5040K(12288K)
[4726.796s][info ][gc,heap        ] GC(192) ParOldGen: 571277K(571392K)->572938K(573440K)
[4726.796s][info ][gc,metaspace   ] GC(192) Metaspace: 112964K(114304K)->112964K(114304K) NonClass: 96216K(96960K)->96216K(96960K) Class: 16747K(17344K)->16747K(17344K)
[4726.796s][info ][gc             ] GC(192) Pause Young (Allocation Failure) 2586M->564M(2595M) 5.855ms
[4726.796s][info ][gc,cpu         ] GC(192) User=0.02s Sys=0.00s Real=0.01s
[4726.796s][info ][safepoint      ] Safepoint "ParallelGCFailedAllocation", Time since last: 15270375538 ns, Reaching safepoint: 87803 ns, Cleanup: 5100 ns, At safepoint: 5945082 ns, Total: 6037985 ns
[4738.798s][info ][safepoint      ] Safepoint "Cleanup", Time since last: 12001069411 ns, Reaching safepoint: 90003 ns, Cleanup: 11800 ns, At safepoint: 8500 ns, Total: 110303 ns
[4741.798s][info ][safepoint      ] Safepoint "Cleanup", Time since last: 3000379924 ns, Reaching safepoint: 88303 ns, Cleanup: 12300 ns, At safepoint: 8200 ns, Total: 108803 ns
[4749.539s][info ][gc,start       ] GC(193) Pause Young (Allocation Failure)
[4749.544s][debug][gc,phases      ] GC(193) Scavenge 4.791ms
[4749.544s][debug][gc,ref         ] GC(193) ReferenceProcessor::execute queues: 1, RefProcThreadModel::Single, marks_oops_alive: false
[4749.544s][debug][gc,ref         ] GC(193) Skipped KeepAliveFinalRefsPhase of Reference Processing: no references
[4749.544s][debug][gc,ref         ] GC(193) Skipped PhantomRefsPhase of Reference Processing: no references
[4749.544s][debug][gc,phases      ] GC(193) Reference Processing 0.123ms
[4749.545s][debug][gc,phases      ] GC(193)   VM Weak                        Min:  0.0, Avg:  0.0, Max:  0.0, Diff:  0.0, Sum:  0.0, Workers: 4
[4749.545s][debug][gc,phases      ] GC(193)     Dead                           Min: 0, Avg:  0.0, Max: 0, Diff: 0, Sum: 0, Workers: 4
[4749.545s][debug][gc,phases      ] GC(193)     Total                          Min: 0, Avg: 261.5, Max: 662, Diff: 662, Sum: 1046, Workers: 4
[4749.545s][debug][gc,phases      ] GC(193)   ObjectSynchronizer Weak        Min:  0.0, Avg:  0.0, Max:  0.0, Diff:  0.0, Sum:  0.0, Workers: 4
[4749.545s][debug][gc,phases      ] GC(193)     Dead                           Min: 0, Avg:  0.0, Max: 0, Diff: 0, Sum: 0, Workers: 4
[4749.545s][debug][gc,phases      ] GC(193)     Total                          Min: 0, Avg:  0.8, Max: 3, Diff: 3, Sum: 3, Workers: 4
[4749.545s][debug][gc,phases      ] GC(193)   JVMTI Tag Weak OopStorage      Min:  0.0, Avg:  0.0, Max:  0.0, Diff:  0.0, Sum:  0.0, Workers: 4
[4749.545s][debug][gc,phases      ] GC(193)     Dead                           Min: 0, Avg:  0.0, Max: 0, Diff: 0, Sum: 0, Workers: 4
[4749.545s][debug][gc,phases      ] GC(193)     Total                          Min: 0, Avg:  0.0, Max: 0, Diff: 0, Sum: 0, Workers: 4
[4749.545s][debug][gc,phases      ] GC(193)   StringTable Weak               Min:  0.0, Avg:  0.1, Max:  0.2, Diff:  0.2, Sum:  0.5, Workers: 4
[4749.545s][debug][gc,phases      ] GC(193)     Dead                           Min: 0, Avg:  0.0, Max: 0, Diff: 0, Sum: 0, Workers: 4
[4749.545s][debug][gc,phases      ] GC(193)     Total                          Min: 0, Avg: 12071.2, Max: 18112, Diff: 18112, Sum: 48285, Workers: 4
[4749.545s][debug][gc,phases      ] GC(193)   ResolvedMethodTable Weak       Min:  0.0, Avg:  0.0, Max:  0.1, Diff:  0.1, Sum:  0.2, Workers: 4
[4749.545s][debug][gc,phases      ] GC(193)     Dead                           Min: 0, Avg:  4.0, Max: 16, Diff: 16, Sum: 16, Workers: 4
[4749.545s][debug][gc,phases      ] GC(193)     Total                          Min: 0, Avg: 4011.5, Max: 6636, Diff: 6636, Sum: 16046, Workers: 4
[4749.545s][debug][gc,phases      ] GC(193)   JNI Weak                       Min:  0.0, Avg:  0.0, Max:  0.0, Diff:  0.0, Sum:  0.0, Workers: 4
[4749.545s][debug][gc,phases      ] GC(193)     Dead                           Min: 0, Avg:  0.0, Max: 0, Diff: 0, Sum: 0, Workers: 4
[4749.545s][debug][gc,phases      ] GC(193)     Total                          Min: 0, Avg: 13.0, Max: 48, Diff: 48, Sum: 52, Workers: 4
[4749.545s][debug][gc,phases      ] GC(193)   StringDedup Table Weak         Min:  0.0, Avg:  0.0, Max:  0.0, Diff:  0.0, Sum:  0.0, Workers: 4
[4749.545s][debug][gc,phases      ] GC(193)     Dead                           Min: 0, Avg:  0.0, Max: 0, Diff: 0, Sum: 0, Workers: 4
[4749.545s][debug][gc,phases      ] GC(193)     Total                          Min: 0, Avg:  0.0, Max: 0, Diff: 0, Sum: 0, Workers: 4
[4749.545s][debug][gc,phases      ] GC(193)   StringDedup Requests0 Weak     Min:  0.0, Avg:  0.0, Max:  0.0, Diff:  0.0, Sum:  0.0, Workers: 4
[4749.545s][debug][gc,phases      ] GC(193)     Dead                           Min: 0, Avg:  0.0, Max: 0, Diff: 0, Sum: 0, Workers: 4
[4749.545s][debug][gc,phases      ] GC(193)     Total                          Min: 0, Avg:  0.0, Max: 0, Diff: 0, Sum: 0, Workers: 4
[4749.545s][debug][gc,phases      ] GC(193)   StringDedup Requests1 Weak     Min:  0.0, Avg:  0.0, Max:  0.0, Diff:  0.0, Sum:  0.0, Workers: 4
[4749.545s][debug][gc,phases      ] GC(193)     Dead                           Min: 0, Avg:  0.0, Max: 0, Diff: 0, Sum: 0, Workers: 4
[4749.545s][debug][gc,phases      ] GC(193)     Total                          Min: 0, Avg:  0.0, Max: 0, Diff: 0, Sum: 0, Workers: 4
[4749.545s][debug][gc,phases      ] GC(193)   Weak JFR Old Object Samples    Min:  0.0, Avg:  0.0, Max:  0.0, Diff:  0.0, Sum:  0.0, Workers: 4
[4749.545s][debug][gc,phases      ] GC(193)     Dead                           Min: 0, Avg:  0.0, Max: 0, Diff: 0, Sum: 0, Workers: 4
[4749.545s][debug][gc,phases      ] GC(193)     Total                          Min: 0, Avg:  0.0, Max: 0, Diff: 0, Sum: 0, Workers: 4
[4749.545s][debug][gc,phases      ] GC(193) Weak Processing 0.464ms
[4749.545s][debug][gc,age         ] GC(193) Desired survivor size 12058624 bytes, new threshold 1 (max threshold 15)
[4749.545s][info ][gc,heap        ] GC(193) PSYoungGen: 2076592K(2083840K)->5344K(2085376K) Eden: 2071552K(2071552K)->0K(2073088K) From: 5040K(12288K)->5344K(12288K)
[4749.545s][info ][gc,heap        ] GC(193) ParOldGen: 572938K(573440K)->573810K(573952K)
[4749.545s][info ][gc,metaspace   ] GC(193) Metaspace: 112965K(114304K)->112965K(114304K) NonClass: 96217K(96960K)->96217K(96960K) Class: 16747K(17344K)->16747K(17344K)
[4749.545s][info ][gc             ] GC(193) Pause Young (Allocation Failure) 2587M->565M(2597M) 5.536ms
[4749.545s][info ][gc,cpu         ] GC(193) User=0.02s Sys=0.00s Real=0.01s
[4749.545s][info ][safepoint      ] Safepoint "ParallelGCFailedAllocation", Time since last: 7741271247 ns, Reaching safepoint: 8700 ns, Cleanup: 4700 ns, At safepoint: 5618470 ns, Total: 5631870 ns
[4772.541s][info ][gc,start       ] GC(194) Pause Young (Allocation Failure)
[4772.546s][debug][gc,phases      ] GC(194) Scavenge 4.887ms
[4772.546s][debug][gc,ref         ] GC(194) ReferenceProcessor::execute queues: 1, RefProcThreadModel::Single, marks_oops_alive: false
[4772.546s][debug][gc,ref         ] GC(194) Skipped KeepAliveFinalRefsPhase of Reference Processing: no references
[4772.546s][debug][gc,ref         ] GC(194) Skipped PhantomRefsPhase of Reference Processing: no references
[4772.546s][debug][gc,phases      ] GC(194) Reference Processing 0.124ms
[4772.546s][debug][gc,phases      ] GC(194)   VM Weak                        Min:  0.0, Avg:  0.0, Max:  0.0, Diff:  0.0, Sum:  0.0, Workers: 4
[4772.546s][debug][gc,phases      ] GC(194)     Dead                           Min: 0, Avg:  0.0, Max: 0, Diff: 0, Sum: 0, Workers: 4
[4772.546s][debug][gc,phases      ] GC(194)     Total                          Min: 0, Avg: 261.5, Max: 598, Diff: 598, Sum: 1046, Workers: 4
[4772.546s][debug][gc,phases      ] GC(194)   ObjectSynchronizer Weak        Min:  0.0, Avg:  0.0, Max:  0.0, Diff:  0.0, Sum:  0.0, Workers: 4
[4772.546s][debug][gc,phases      ] GC(194)     Dead                           Min: 0, Avg:  0.0, Max: 0, Diff: 0, Sum: 0, Workers: 4
[4772.546s][debug][gc,phases      ] GC(194)     Total                          Min: 0, Avg:  1.0, Max: 4, Diff: 4, Sum: 4, Workers: 4
[4772.546s][debug][gc,phases      ] GC(194)   JVMTI Tag Weak OopStorage      Min:  0.0, Avg:  0.0, Max:  0.0, Diff:  0.0, Sum:  0.0, Workers: 4
[4772.546s][debug][gc,phases      ] GC(194)     Dead                           Min: 0, Avg:  0.0, Max: 0, Diff: 0, Sum: 0, Workers: 4
[4772.546s][debug][gc,phases      ] GC(194)     Total                          Min: 0, Avg:  0.0, Max: 0, Diff: 0, Sum: 0, Workers: 4
[4772.546s][debug][gc,phases      ] GC(194)   StringTable Weak               Min:  0.0, Avg:  0.1, Max:  0.2, Diff:  0.2, Sum:  0.5, Workers: 4
[4772.546s][debug][gc,phases      ] GC(194)     Dead                           Min: 0, Avg:  0.0, Max: 0, Diff: 0, Sum: 0, Workers: 4
[4772.546s][debug][gc,phases      ] GC(194)     Total                          Min: 0, Avg: 12071.2, Max: 17600, Diff: 17600, Sum: 48285, Workers: 4
[4772.546s][debug][gc,phases      ] GC(194)   ResolvedMethodTable Weak       Min:  0.0, Avg:  0.0, Max:  0.1, Diff:  0.1, Sum:  0.2, Workers: 4
[4772.546s][debug][gc,phases      ] GC(194)     Dead                           Min: 0, Avg:  4.0, Max: 16, Diff: 16, Sum: 16, Workers: 4
[4772.546s][debug][gc,phases      ] GC(194)     Total                          Min: 0, Avg: 4011.5, Max: 6098, Diff: 6098, Sum: 16046, Workers: 4
[4772.546s][debug][gc,phases      ] GC(194)   JNI Weak                       Min:  0.0, Avg:  0.0, Max:  0.0, Diff:  0.0, Sum:  0.0, Workers: 4
[4772.546s][debug][gc,phases      ] GC(194)     Dead                           Min: 0, Avg:  0.0, Max: 0, Diff: 0, Sum: 0, Workers: 4
[4772.546s][debug][gc,phases      ] GC(194)     Total                          Min: 0, Avg: 13.0, Max: 48, Diff: 48, Sum: 52, Workers: 4
[4772.546s][debug][gc,phases      ] GC(194)   StringDedup Table Weak         Min:  0.0, Avg:  0.0, Max:  0.0, Diff:  0.0, Sum:  0.0, Workers: 4
[4772.546s][debug][gc,phases      ] GC(194)     Dead                           Min: 0, Avg:  0.0, Max: 0, Diff: 0, Sum: 0, Workers: 4
[4772.546s][debug][gc,phases      ] GC(194)     Total                          Min: 0, Avg:  0.0, Max: 0, Diff: 0, Sum: 0, Workers: 4
[4772.546s][debug][gc,phases      ] GC(194)   StringDedup Requests0 Weak     Min:  0.0, Avg:  0.0, Max:  0.0, Diff:  0.0, Sum:  0.0, Workers: 4
[4772.546s][debug][gc,phases      ] GC(194)     Dead                           Min: 0, Avg:  0.0, Max: 0, Diff: 0, Sum: 0, Workers: 4
[4772.546s][debug][gc,phases      ] GC(194)     Total                          Min: 0, Avg:  0.0, Max: 0, Diff: 0, Sum: 0, Workers: 4
[4772.546s][debug][gc,phases      ] GC(194)   StringDedup Requests1 Weak     Min:  0.0, Avg:  0.0, Max:  0.0, Diff:  0.0, Sum:  0.0, Workers: 4
[4772.546s][debug][gc,phases      ] GC(194)     Dead                           Min: 0, Avg:  0.0, Max: 0, Diff: 0, Sum: 0, Workers: 4
[4772.546s][debug][gc,phases      ] GC(194)     Total                          Min: 0, Avg:  0.0, Max: 0, Diff: 0, Sum: 0, Workers: 4
[4772.546s][debug][gc,phases      ] GC(194)   Weak JFR Old Object Samples    Min:  0.0, Avg:  0.0, Max:  0.0, Diff:  0.0, Sum:  0.0, Workers: 4
[4772.546s][debug][gc,phases      ] GC(194)     Dead                           Min: 0, Avg:  0.0, Max: 0, Diff: 0, Sum: 0, Workers: 4
[4772.546s][debug][gc,phases      ] GC(194)     Total                          Min: 0, Avg:  0.0, Max: 0, Diff: 0, Sum: 0, Workers: 4
[4772.547s][debug][gc,phases      ] GC(194) Weak Processing 0.489ms
[4772.547s][debug][gc,age         ] GC(194) Desired survivor size 11534336 bytes, new threshold 1 (max threshold 15)
[4772.547s][info ][gc,heap        ] GC(194) PSYoungGen: 2078432K(2085376K)->5872K(2084864K) Eden: 2073088K(2073088K)->0K(2073088K) From: 5344K(12288K)->5872K(11776K)
[4772.547s][info ][gc,heap        ] GC(194) ParOldGen: 573810K(573952K)->574694K(574976K)
[4772.547s][info ][gc,metaspace   ] GC(194) Metaspace: 112965K(114304K)->112965K(114304K) NonClass: 96217K(96960K)->96217K(96960K) Class: 16747K(17344K)->16747K(17344K)
[4772.547s][info ][gc             ] GC(194) Pause Young (Allocation Failure) 2590M->566M(2597M) 5.650ms
[4772.547s][info ][gc,cpu         ] GC(194) User=0.02s Sys=0.00s Real=0.01s
[4772.547s][info ][safepoint      ] Safepoint "ParallelGCFailedAllocation", Time since last: 22995701301 ns, Reaching safepoint: 87202 ns, Cleanup: 4801 ns, At safepoint: 5770676 ns, Total: 5862679 ns
[4796.303s][info ][gc,start       ] GC(195) Pause Young (Allocation Failure)
[4796.313s][debug][gc,phases      ] GC(195) Scavenge 9.269ms
[4796.313s][debug][gc,ref         ] GC(195) ReferenceProcessor::execute queues: 1, RefProcThreadModel::Single, marks_oops_alive: false
[4796.313s][debug][gc,ref         ] GC(195) Skipped KeepAliveFinalRefsPhase of Reference Processing: no references
[4796.313s][debug][gc,ref         ] GC(195) Skipped PhantomRefsPhase of Reference Processing: no references
[4796.313s][debug][gc,phases      ] GC(195) Reference Processing 0.120ms
[4796.313s][debug][gc,phases      ] GC(195)   VM Weak                        Min:  0.0, Avg:  0.0, Max:  0.0, Diff:  0.0, Sum:  0.0, Workers: 4
[4796.313s][debug][gc,phases      ] GC(195)     Dead                           Min: 0, Avg:  0.0, Max: 0, Diff: 0, Sum: 0, Workers: 4
[4796.313s][debug][gc,phases      ] GC(195)     Total                          Min: 0, Avg: 261.5, Max: 918, Diff: 918, Sum: 1046, Workers: 4
[4796.313s][debug][gc,phases      ] GC(195)   ObjectSynchronizer Weak        Min:  0.0, Avg:  0.0, Max:  0.0, Diff:  0.0, Sum:  0.0, Workers: 4
[4796.313s][debug][gc,phases      ] GC(195)     Dead                           Min: 0, Avg:  0.0, Max: 0, Diff: 0, Sum: 0, Workers: 4
[4796.313s][debug][gc,phases      ] GC(195)     Total                          Min: 0, Avg:  1.0, Max: 4, Diff: 4, Sum: 4, Workers: 4
[4796.313s][debug][gc,phases      ] GC(195)   JVMTI Tag Weak OopStorage      Min:  0.0, Avg:  0.0, Max:  0.0, Diff:  0.0, Sum:  0.0, Workers: 4
[4796.313s][debug][gc,phases      ] GC(195)     Dead                           Min: 0, Avg:  0.0, Max: 0, Diff: 0, Sum: 0, Workers: 4
[4796.313s][debug][gc,phases      ] GC(195)     Total                          Min: 0, Avg:  0.0, Max: 0, Diff: 0, Sum: 0, Workers: 4
[4796.313s][debug][gc,phases      ] GC(195)   StringTable Weak               Min:  0.0, Avg:  0.1, Max:  0.2, Diff:  0.2, Sum:  0.5, Workers: 4
[4796.313s][debug][gc,phases      ] GC(195)     Dead                           Min: 0, Avg:  0.0, Max: 0, Diff: 0, Sum: 0, Workers: 4
[4796.313s][debug][gc,phases      ] GC(195)     Total                          Min: 0, Avg: 12071.2, Max: 26432, Diff: 26432, Sum: 48285, Workers: 4
[4796.313s][debug][gc,phases      ] GC(195)   ResolvedMethodTable Weak       Min:  0.0, Avg:  0.0, Max:  0.1, Diff:  0.1, Sum:  0.2, Workers: 4
[4796.313s][debug][gc,phases      ] GC(195)     Dead                           Min: 0, Avg:  4.0, Max: 16, Diff: 16, Sum: 16, Workers: 4
[4796.313s][debug][gc,phases      ] GC(195)     Total                          Min: 0, Avg: 4011.5, Max: 8812, Diff: 8812, Sum: 16046, Workers: 4
[4796.313s][debug][gc,phases      ] GC(195)   JNI Weak                       Min:  0.0, Avg:  0.0, Max:  0.0, Diff:  0.0, Sum:  0.0, Workers: 4
[4796.313s][debug][gc,phases      ] GC(195)     Dead                           Min: 0, Avg:  0.0, Max: 0, Diff: 0, Sum: 0, Workers: 4
[4796.313s][debug][gc,phases      ] GC(195)     Total                          Min: 0, Avg: 13.0, Max: 48, Diff: 48, Sum: 52, Workers: 4
[4796.313s][debug][gc,phases      ] GC(195)   StringDedup Table Weak         Min:  0.0, Avg:  0.0, Max:  0.0, Diff:  0.0, Sum:  0.0, Workers: 4
[4796.313s][debug][gc,phases      ] GC(195)     Dead                           Min: 0, Avg:  0.0, Max: 0, Diff: 0, Sum: 0, Workers: 4
[4796.313s][debug][gc,phases      ] GC(195)     Total                          Min: 0, Avg:  0.0, Max: 0, Diff: 0, Sum: 0, Workers: 4
[4796.313s][debug][gc,phases      ] GC(195)   StringDedup Requests0 Weak     Min:  0.0, Avg:  0.0, Max:  0.0, Diff:  0.0, Sum:  0.0, Workers: 4
[4796.313s][debug][gc,phases      ] GC(195)     Dead                           Min: 0, Avg:  0.0, Max: 0, Diff: 0, Sum: 0, Workers: 4
[4796.313s][debug][gc,phases      ] GC(195)     Total                          Min: 0, Avg:  0.0, Max: 0, Diff: 0, Sum: 0, Workers: 4
[4796.313s][debug][gc,phases      ] GC(195)   StringDedup Requests1 Weak     Min:  0.0, Avg:  0.0, Max:  0.0, Diff:  0.0, Sum:  0.0, Workers: 4
[4796.313s][debug][gc,phases      ] GC(195)     Dead                           Min: 0, Avg:  0.0, Max: 0, Diff: 0, Sum: 0, Workers: 4
[4796.313s][debug][gc,phases      ] GC(195)     Total                          Min: 0, Avg:  0.0, Max: 0, Diff: 0, Sum: 0, Workers: 4
[4796.313s][debug][gc,phases      ] GC(195)   Weak JFR Old Object Samples    Min:  0.0, Avg:  0.0, Max:  0.0, Diff:  0.0, Sum:  0.0, Workers: 4
[4796.313s][debug][gc,phases      ] GC(195)     Dead                           Min: 0, Avg:  0.0, Max: 0, Diff: 0, Sum: 0, Workers: 4
[4796.313s][debug][gc,phases      ] GC(195)     Total                          Min: 0, Avg:  0.0, Max: 0, Diff: 0, Sum: 0, Workers: 4
[4796.313s][debug][gc,phases      ] GC(195) Weak Processing 0.563ms
[4796.313s][debug][gc,age         ] GC(195) Desired survivor size 11010048 bytes, new threshold 1 (max threshold 15)
[4796.314s][info ][gc,heap        ] GC(195) PSYoungGen: 2078960K(2084864K)->5824K(2086400K) Eden: 2073088K(2073088K)->0K(2075136K) From: 5872K(11776K)->5824K(11264K)
[4796.314s][info ][gc,heap        ] GC(195) ParOldGen: 574694K(574976K)->575834K(576000K)
[4796.314s][info ][gc,metaspace   ] GC(195) Metaspace: 112965K(114304K)->112965K(114304K) NonClass: 96217K(96960K)->96217K(96960K) Class: 16747K(17344K)->16747K(17344K)
[4796.314s][info ][gc             ] GC(195) Pause Young (Allocation Failure) 2591M->568M(2600M) 10.111ms
[4796.314s][info ][gc,cpu         ] GC(195) User=0.02s Sys=0.00s Real=0.02s
[4796.314s][info ][safepoint      ] Safepoint "ParallelGCFailedAllocation", Time since last: 23756746872 ns, Reaching safepoint: 8700 ns, Cleanup: 5301 ns, At safepoint: 10199903 ns, Total: 10213904 ns
[4797.314s][info ][safepoint      ] Safepoint "Cleanup", Time since last: 1000094469 ns, Reaching safepoint: 9701 ns, Cleanup: 13700 ns, At safepoint: 2800 ns, Total: 26201 ns
[4820.041s][info ][gc,start       ] GC(196) Pause Young (Allocation Failure)
[4820.048s][debug][gc,phases      ] GC(196) Scavenge 6.816ms
[4820.048s][debug][gc,ref         ] GC(196) ReferenceProcessor::execute queues: 1, RefProcThreadModel::Single, marks_oops_alive: false
[4820.048s][debug][gc,ref         ] GC(196) Skipped KeepAliveFinalRefsPhase of Reference Processing: no references
[4820.048s][debug][gc,ref         ] GC(196) Skipped PhantomRefsPhase of Reference Processing: no references
[4820.048s][debug][gc,phases      ] GC(196) Reference Processing 0.137ms
[4820.048s][debug][gc,phases      ] GC(196)   VM Weak                        Min:  0.0, Avg:  0.0, Max:  0.0, Diff:  0.0, Sum:  0.0, Workers: 4
[4820.048s][debug][gc,phases      ] GC(196)     Dead                           Min: 0, Avg:  0.0, Max: 0, Diff: 0, Sum: 0, Workers: 4
[4820.048s][debug][gc,phases      ] GC(196)     Total                          Min: 0, Avg: 261.5, Max: 918, Diff: 918, Sum: 1046, Workers: 4
[4820.048s][debug][gc,phases      ] GC(196)   ObjectSynchronizer Weak        Min:  0.0, Avg:  0.0, Max:  0.0, Diff:  0.0, Sum:  0.0, Workers: 4
[4820.048s][debug][gc,phases      ] GC(196)     Dead                           Min: 0, Avg:  0.0, Max: 0, Diff: 0, Sum: 0, Workers: 4
[4820.048s][debug][gc,phases      ] GC(196)     Total                          Min: 0, Avg:  1.0, Max: 4, Diff: 4, Sum: 4, Workers: 4
[4820.048s][debug][gc,phases      ] GC(196)   JVMTI Tag Weak OopStorage      Min:  0.0, Avg:  0.0, Max:  0.0, Diff:  0.0, Sum:  0.0, Workers: 4
[4820.048s][debug][gc,phases      ] GC(196)     Dead                           Min: 0, Avg:  0.0, Max: 0, Diff: 0, Sum: 0, Workers: 4
[4820.048s][debug][gc,phases      ] GC(196)     Total                          Min: 0, Avg:  0.0, Max: 0, Diff: 0, Sum: 0, Workers: 4
[4820.048s][debug][gc,phases      ] GC(196)   StringTable Weak               Min:  0.0, Avg:  0.1, Max:  0.2, Diff:  0.2, Sum:  0.5, Workers: 4
[4820.048s][debug][gc,phases      ] GC(196)     Dead                           Min: 0, Avg:  0.0, Max: 0, Diff: 0, Sum: 0, Workers: 4
[4820.048s][debug][gc,phases      ] GC(196)     Total                          Min: 0, Avg: 12071.2, Max: 24669, Diff: 24669, Sum: 48285, Workers: 4
[4820.048s][debug][gc,phases      ] GC(196)   ResolvedMethodTable Weak       Min:  0.0, Avg:  0.0, Max:  0.1, Diff:  0.1, Sum:  0.2, Workers: 4
[4820.048s][debug][gc,phases      ] GC(196)     Dead                           Min: 0, Avg:  4.0, Max: 16, Diff: 16, Sum: 16, Workers: 4
[4820.048s][debug][gc,phases      ] GC(196)     Total                          Min: 0, Avg: 4011.5, Max: 8033, Diff: 8033, Sum: 16046, Workers: 4
[4820.048s][debug][gc,phases      ] GC(196)   JNI Weak                       Min:  0.0, Avg:  0.0, Max:  0.0, Diff:  0.0, Sum:  0.0, Workers: 4
[4820.048s][debug][gc,phases      ] GC(196)     Dead                           Min: 0, Avg:  0.0, Max: 0, Diff: 0, Sum: 0, Workers: 4
[4820.048s][debug][gc,phases      ] GC(196)     Total                          Min: 0, Avg: 13.0, Max: 48, Diff: 48, Sum: 52, Workers: 4
[4820.049s][debug][gc,phases      ] GC(196)   StringDedup Table Weak         Min:  0.0, Avg:  0.0, Max:  0.0, Diff:  0.0, Sum:  0.0, Workers: 4
[4820.049s][debug][gc,phases      ] GC(196)     Dead                           Min: 0, Avg:  0.0, Max: 0, Diff: 0, Sum: 0, Workers: 4
[4820.049s][debug][gc,phases      ] GC(196)     Total                          Min: 0, Avg:  0.0, Max: 0, Diff: 0, Sum: 0, Workers: 4
[4820.049s][debug][gc,phases      ] GC(196)   StringDedup Requests0 Weak     Min:  0.0, Avg:  0.0, Max:  0.0, Diff:  0.0, Sum:  0.0, Workers: 4
[4820.049s][debug][gc,phases      ] GC(196)     Dead                           Min: 0, Avg:  0.0, Max: 0, Diff: 0, Sum: 0, Workers: 4
[4820.049s][debug][gc,phases      ] GC(196)     Total                          Min: 0, Avg:  0.0, Max: 0, Diff: 0, Sum: 0, Workers: 4
[4820.049s][debug][gc,phases      ] GC(196)   StringDedup Requests1 Weak     Min:  0.0, Avg:  0.0, Max:  0.0, Diff:  0.0, Sum:  0.0, Workers: 4
[4820.049s][debug][gc,phases      ] GC(196)     Dead                           Min: 0, Avg:  0.0, Max: 0, Diff: 0, Sum: 0, Workers: 4
[4820.049s][debug][gc,phases      ] GC(196)     Total                          Min: 0, Avg:  0.0, Max: 0, Diff: 0, Sum: 0, Workers: 4
[4820.049s][debug][gc,phases      ] GC(196)   Weak JFR Old Object Samples    Min:  0.0, Avg:  0.0, Max:  0.0, Diff:  0.0, Sum:  0.0, Workers: 4
[4820.049s][debug][gc,phases      ] GC(196)     Dead                           Min: 0, Avg:  0.0, Max: 0, Diff: 0, Sum: 0, Workers: 4
[4820.049s][debug][gc,phases      ] GC(196)     Total                          Min: 0, Avg:  0.0, Max: 0, Diff: 0, Sum: 0, Workers: 4
[4820.049s][debug][gc,phases      ] GC(196) Weak Processing 0.611ms
[4820.049s][debug][gc,age         ] GC(196) Desired survivor size 10485760 bytes, new threshold 1 (max threshold 15)
[4820.049s][info ][gc,heap        ] GC(196) PSYoungGen: 2080960K(2086400K)->5440K(2085888K) Eden: 2075136K(2075136K)->0K(2075136K) From: 5824K(11264K)->5440K(10752K)
[4820.049s][info ][gc,heap        ] GC(196) ParOldGen: 575834K(576000K)->576654K(577024K)
[4820.049s][info ][gc,metaspace   ] GC(196) Metaspace: 112965K(114304K)->112965K(114304K) NonClass: 96218K(96960K)->96218K(96960K) Class: 16747K(17344K)->16747K(17344K)
[4820.049s][info ][gc             ] GC(196) Pause Young (Allocation Failure) 2594M->568M(2600M) 7.738ms
[4820.049s][info ][gc,cpu         ] GC(196) User=0.02s Sys=0.00s Real=0.01s
[4820.049s][info ][safepoint      ] Safepoint "ParallelGCFailedAllocation", Time since last: 22727090166 ns, Reaching safepoint: 81202 ns, Cleanup: 4700 ns, At safepoint: 7841632 ns, Total: 7927534 ns
[4823.049s][info ][safepoint      ] Safepoint "Cleanup", Time since last: 3000299886 ns, Reaching safepoint: 94403 ns, Cleanup: 17900 ns, At safepoint: 8101 ns, Total: 120404 ns
[4828.050s][info ][safepoint      ] Safepoint "Cleanup", Time since last: 5000508288 ns, Reaching safepoint: 90103 ns, Cleanup: 13700 ns, At safepoint: 9501 ns, Total: 113304 ns
[4840.051s][info ][safepoint      ] Safepoint "Cleanup", Time since last: 12001163583 ns, Reaching safepoint: 90502 ns, Cleanup: 16201 ns, At safepoint: 158504 ns, Total: 265207 ns
[4843.062s][info ][gc,start       ] GC(197) Pause Young (Allocation Failure)
[4843.068s][debug][gc,phases      ] GC(197) Scavenge 5.248ms
[4843.068s][debug][gc,ref         ] GC(197) ReferenceProcessor::execute queues: 1, RefProcThreadModel::Single, marks_oops_alive: false
[4843.068s][debug][gc,ref         ] GC(197) Skipped KeepAliveFinalRefsPhase of Reference Processing: no references
[4843.068s][debug][gc,ref         ] GC(197) ReferenceProcessor::execute queues: 1, RefProcThreadModel::Single, marks_oops_alive: false
[4843.068s][debug][gc,phases      ] GC(197) Reference Processing 0.118ms
[4843.068s][debug][gc,phases      ] GC(197)   VM Weak                        Min:  0.0, Avg:  0.0, Max:  0.0, Diff:  0.0, Sum:  0.0, Workers: 4
[4843.068s][debug][gc,phases      ] GC(197)     Dead                           Min: 0, Avg:  0.0, Max: 0, Diff: 0, Sum: 0, Workers: 4
[4843.068s][debug][gc,phases      ] GC(197)     Total                          Min: 0, Avg: 261.5, Max: 960, Diff: 960, Sum: 1046, Workers: 4
[4843.068s][debug][gc,phases      ] GC(197)   ObjectSynchronizer Weak        Min:  0.0, Avg:  0.0, Max:  0.0, Diff:  0.0, Sum:  0.0, Workers: 4
[4843.068s][debug][gc,phases      ] GC(197)     Dead                           Min: 0, Avg:  0.0, Max: 0, Diff: 0, Sum: 0, Workers: 4
[4843.068s][debug][gc,phases      ] GC(197)     Total                          Min: 0, Avg:  1.0, Max: 4, Diff: 4, Sum: 4, Workers: 4
[4843.068s][debug][gc,phases      ] GC(197)   JVMTI Tag Weak OopStorage      Min:  0.0, Avg:  0.0, Max:  0.0, Diff:  0.0, Sum:  0.0, Workers: 4
[4843.068s][debug][gc,phases      ] GC(197)     Dead                           Min: 0, Avg:  0.0, Max: 0, Diff: 0, Sum: 0, Workers: 4
[4843.068s][debug][gc,phases      ] GC(197)     Total                          Min: 0, Avg:  0.0, Max: 0, Diff: 0, Sum: 0, Workers: 4
[4843.068s][debug][gc,phases      ] GC(197)   StringTable Weak               Min:  0.0, Avg:  0.1, Max:  0.2, Diff:  0.2, Sum:  0.4, Workers: 4
[4843.068s][debug][gc,phases      ] GC(197)     Dead                           Min: 0, Avg:  0.0, Max: 0, Diff: 0, Sum: 0, Workers: 4
[4843.068s][debug][gc,phases      ] GC(197)     Total                          Min: 0, Avg: 12071.2, Max: 17408, Diff: 17408, Sum: 48285, Workers: 4
[4843.068s][debug][gc,phases      ] GC(197)   ResolvedMethodTable Weak       Min:  0.0, Avg:  0.0, Max:  0.1, Diff:  0.1, Sum:  0.2, Workers: 4
[4843.068s][debug][gc,phases      ] GC(197)     Dead                           Min: 0, Avg:  0.0, Max: 0, Diff: 0, Sum: 0, Workers: 4
[4843.068s][debug][gc,phases      ] GC(197)     Total                          Min: 0, Avg: 4011.5, Max: 5791, Diff: 5791, Sum: 16046, Workers: 4
[4843.068s][debug][gc,phases      ] GC(197)   JNI Weak                       Min:  0.0, Avg:  0.0, Max:  0.0, Diff:  0.0, Sum:  0.0, Workers: 4
[4843.068s][debug][gc,phases      ] GC(197)     Dead                           Min: 0, Avg:  0.0, Max: 0, Diff: 0, Sum: 0, Workers: 4
[4843.068s][debug][gc,phases      ] GC(197)     Total                          Min: 0, Avg: 13.0, Max: 48, Diff: 48, Sum: 52, Workers: 4
[4843.068s][debug][gc,phases      ] GC(197)   StringDedup Table Weak         Min:  0.0, Avg:  0.0, Max:  0.0, Diff:  0.0, Sum:  0.0, Workers: 4
[4843.068s][debug][gc,phases      ] GC(197)     Dead                           Min: 0, Avg:  0.0, Max: 0, Diff: 0, Sum: 0, Workers: 4
[4843.068s][debug][gc,phases      ] GC(197)     Total                          Min: 0, Avg:  0.0, Max: 0, Diff: 0, Sum: 0, Workers: 4
[4843.068s][debug][gc,phases      ] GC(197)   StringDedup Requests0 Weak     Min:  0.0, Avg:  0.0, Max:  0.0, Diff:  0.0, Sum:  0.0, Workers: 4
[4843.068s][debug][gc,phases      ] GC(197)     Dead                           Min: 0, Avg:  0.0, Max: 0, Diff: 0, Sum: 0, Workers: 4
[4843.068s][debug][gc,phases      ] GC(197)     Total                          Min: 0, Avg:  0.0, Max: 0, Diff: 0, Sum: 0, Workers: 4
[4843.068s][debug][gc,phases      ] GC(197)   StringDedup Requests1 Weak     Min:  0.0, Avg:  0.0, Max:  0.0, Diff:  0.0, Sum:  0.0, Workers: 4
[4843.068s][debug][gc,phases      ] GC(197)     Dead                           Min: 0, Avg:  0.0, Max: 0, Diff: 0, Sum: 0, Workers: 4
[4843.068s][debug][gc,phases      ] GC(197)     Total                          Min: 0, Avg:  0.0, Max: 0, Diff: 0, Sum: 0, Workers: 4
[4843.068s][debug][gc,phases      ] GC(197)   Weak JFR Old Object Samples    Min:  0.0, Avg:  0.0, Max:  0.0, Diff:  0.0, Sum:  0.0, Workers: 4
[4843.068s][debug][gc,phases      ] GC(197)     Dead                           Min: 0, Avg:  0.0, Max: 0, Diff: 0, Sum: 0, Workers: 4
[4843.068s][debug][gc,phases      ] GC(197)     Total                          Min: 0, Avg:  0.0, Max: 0, Diff: 0, Sum: 0, Workers: 4
[4843.068s][debug][gc,phases      ] GC(197) Weak Processing 0.447ms
[4843.068s][debug][gc,age         ] GC(197) Desired survivor size 9961472 bytes, new threshold 1 (max threshold 15)
[4843.068s][info ][gc,heap        ] GC(197) PSYoungGen: 2080576K(2085888K)->5152K(2087424K) Eden: 2075136K(2075136K)->0K(2077184K) From: 5440K(10752K)->5152K(10240K)
[4843.068s][info ][gc,heap        ] GC(197) ParOldGen: 576654K(577024K)->577802K(578048K)
[4843.068s][info ][gc,metaspace   ] GC(197) Metaspace: 112967K(114304K)->112967K(114304K) NonClass: 96220K(96960K)->96220K(96960K) Class: 16747K(17344K)->16747K(17344K)
[4843.068s][info ][gc             ] GC(197) Pause Young (Allocation Failure) 2594M->569M(2603M) 5.948ms
[4843.068s][info ][gc,cpu         ] GC(197) User=0.02s Sys=0.00s Real=0.01s
[4843.068s][info ][safepoint      ] Safepoint "ParallelGCFailedAllocation", Time since last: 3011242802 ns, Reaching safepoint: 8900 ns, Cleanup: 4901 ns, At safepoint: 6032382 ns, Total: 6046183 ns
[4861.070s][info ][safepoint      ] Safepoint "Cleanup", Time since last: 18001390496 ns, Reaching safepoint: 9800 ns, Cleanup: 13601 ns, At safepoint: 2800 ns, Total: 26201 ns
[4867.303s][info ][gc,start       ] GC(198) Pause Young (Allocation Failure)
[4867.312s][debug][gc,phases      ] GC(198) Scavenge 9.083ms
[4867.312s][debug][gc,ref         ] GC(198) ReferenceProcessor::execute queues: 1, RefProcThreadModel::Single, marks_oops_alive: false
[4867.312s][debug][gc,ref         ] GC(198) Skipped KeepAliveFinalRefsPhase of Reference Processing: no references
[4867.312s][debug][gc,ref         ] GC(198) ReferenceProcessor::execute queues: 1, RefProcThreadModel::Single, marks_oops_alive: false
[4867.312s][debug][gc,phases      ] GC(198) Reference Processing 0.150ms
[4867.312s][debug][gc,phases      ] GC(198)   VM Weak                        Min:  0.0, Avg:  0.0, Max:  0.0, Diff:  0.0, Sum:  0.0, Workers: 4
[4867.312s][debug][gc,phases      ] GC(198)     Dead                           Min: 0, Avg:  0.0, Max: 0, Diff: 0, Sum: 0, Workers: 4
[4867.312s][debug][gc,phases      ] GC(198)     Total                          Min: 0, Avg: 261.5, Max: 576, Diff: 576, Sum: 1046, Workers: 4
[4867.312s][debug][gc,phases      ] GC(198)   ObjectSynchronizer Weak        Min:  0.0, Avg:  0.0, Max:  0.0, Diff:  0.0, Sum:  0.0, Workers: 4
[4867.312s][debug][gc,phases      ] GC(198)     Dead                           Min: 0, Avg:  0.0, Max: 0, Diff: 0, Sum: 0, Workers: 4
[4867.312s][debug][gc,phases      ] GC(198)     Total                          Min: 0, Avg:  1.0, Max: 4, Diff: 4, Sum: 4, Workers: 4
[4867.312s][debug][gc,phases      ] GC(198)   JVMTI Tag Weak OopStorage      Min:  0.0, Avg:  0.0, Max:  0.0, Diff:  0.0, Sum:  0.0, Workers: 4
[4867.312s][debug][gc,phases      ] GC(198)     Dead                           Min: 0, Avg:  0.0, Max: 0, Diff: 0, Sum: 0, Workers: 4
[4867.312s][debug][gc,phases      ] GC(198)     Total                          Min: 0, Avg:  0.0, Max: 0, Diff: 0, Sum: 0, Workers: 4
[4867.312s][debug][gc,phases      ] GC(198)   StringTable Weak               Min:  0.0, Avg:  0.1, Max:  0.2, Diff:  0.2, Sum:  0.5, Workers: 4
[4867.312s][debug][gc,phases      ] GC(198)     Dead                           Min: 0, Avg:  0.0, Max: 0, Diff: 0, Sum: 0, Workers: 4
[4867.312s][debug][gc,phases      ] GC(198)     Total                          Min: 0, Avg: 12071.2, Max: 24221, Diff: 24221, Sum: 48285, Workers: 4
[4867.312s][debug][gc,phases      ] GC(198)   ResolvedMethodTable Weak       Min:  0.0, Avg:  0.0, Max:  0.1, Diff:  0.1, Sum:  0.2, Workers: 4
[4867.312s][debug][gc,phases      ] GC(198)     Dead                           Min: 0, Avg:  4.0, Max: 16, Diff: 16, Sum: 16, Workers: 4
[4867.312s][debug][gc,phases      ] GC(198)     Total                          Min: 0, Avg: 4011.5, Max: 8692, Diff: 8692, Sum: 16046, Workers: 4
[4867.312s][debug][gc,phases      ] GC(198)   JNI Weak                       Min:  0.0, Avg:  0.0, Max:  0.0, Diff:  0.0, Sum:  0.0, Workers: 4
[4867.312s][debug][gc,phases      ] GC(198)     Dead                           Min: 0, Avg:  0.0, Max: 0, Diff: 0, Sum: 0, Workers: 4
[4867.312s][debug][gc,phases      ] GC(198)     Total                          Min: 0, Avg: 13.0, Max: 48, Diff: 48, Sum: 52, Workers: 4
[4867.312s][debug][gc,phases      ] GC(198)   StringDedup Table Weak         Min:  0.0, Avg:  0.0, Max:  0.0, Diff:  0.0, Sum:  0.0, Workers: 4
[4867.312s][debug][gc,phases      ] GC(198)     Dead                           Min: 0, Avg:  0.0, Max: 0, Diff: 0, Sum: 0, Workers: 4
[4867.312s][debug][gc,phases      ] GC(198)     Total                          Min: 0, Avg:  0.0, Max: 0, Diff: 0, Sum: 0, Workers: 4
[4867.313s][debug][gc,phases      ] GC(198)   StringDedup Requests0 Weak     Min:  0.0, Avg:  0.0, Max:  0.0, Diff:  0.0, Sum:  0.0, Workers: 4
[4867.313s][debug][gc,phases      ] GC(198)     Dead                           Min: 0, Avg:  0.0, Max: 0, Diff: 0, Sum: 0, Workers: 4
[4867.313s][debug][gc,phases      ] GC(198)     Total                          Min: 0, Avg:  0.0, Max: 0, Diff: 0, Sum: 0, Workers: 4
[4867.313s][debug][gc,phases      ] GC(198)   StringDedup Requests1 Weak     Min:  0.0, Avg:  0.0, Max:  0.0, Diff:  0.0, Sum:  0.0, Workers: 4
[4867.313s][debug][gc,phases      ] GC(198)     Dead                           Min: 0, Avg:  0.0, Max: 0, Diff: 0, Sum: 0, Workers: 4
[4867.313s][debug][gc,phases      ] GC(198)     Total                          Min: 0, Avg:  0.0, Max: 0, Diff: 0, Sum: 0, Workers: 4
[4867.313s][debug][gc,phases      ] GC(198)   Weak JFR Old Object Samples    Min:  0.0, Avg:  0.0, Max:  0.0, Diff:  0.0, Sum:  0.0, Workers: 4
[4867.313s][debug][gc,phases      ] GC(198)     Dead                           Min: 0, Avg:  0.0, Max: 0, Diff: 0, Sum: 0, Workers: 4
[4867.313s][debug][gc,phases      ] GC(198)     Total                          Min: 0, Avg:  0.0, Max: 0, Diff: 0, Sum: 0, Workers: 4
[4867.313s][debug][gc,phases      ] GC(198) Weak Processing 0.650ms
[4867.313s][debug][gc,age         ] GC(198) Desired survivor size 9961472 bytes, new threshold 1 (max threshold 15)
[4867.313s][info ][gc,heap        ] GC(198) PSYoungGen: 2082336K(2087424K)->5632K(2086912K) Eden: 2077184K(2077184K)->0K(2077184K) From: 5152K(10240K)->5632K(9728K)
[4867.313s][info ][gc,heap        ] GC(198) ParOldGen: 577802K(578048K)->578510K(578560K)
[4867.313s][info ][gc,metaspace   ] GC(198) Metaspace: 112968K(114368K)->112968K(114368K) NonClass: 96221K(97024K)->96221K(97024K) Class: 16747K(17344K)->16747K(17344K)
[4867.313s][info ][gc             ] GC(198) Pause Young (Allocation Failure) 2597M->570M(2603M) 10.065ms
[4867.313s][info ][gc,cpu         ] GC(198) User=0.03s Sys=0.00s Real=0.02s
[4867.313s][info ][safepoint      ] Safepoint "ParallelGCFailedAllocation", Time since last: 6232615413 ns, Reaching safepoint: 13000 ns, Cleanup: 5900 ns, At safepoint: 10177808 ns, Total: 10196708 ns
[4891.890s][info ][gc,start       ] GC(199) Pause Young (Allocation Failure)
[4891.895s][debug][gc,phases      ] GC(199) Scavenge 4.862ms
[4891.895s][debug][gc,ref         ] GC(199) ReferenceProcessor::execute queues: 1, RefProcThreadModel::Single, marks_oops_alive: false
[4891.895s][debug][gc,ref         ] GC(199) Skipped KeepAliveFinalRefsPhase of Reference Processing: no references
[4891.895s][debug][gc,ref         ] GC(199) Skipped PhantomRefsPhase of Reference Processing: no references
[4891.895s][debug][gc,phases      ] GC(199) Reference Processing 0.118ms
[4891.896s][debug][gc,phases      ] GC(199)   VM Weak                        Min:  0.0, Avg:  0.0, Max:  0.0, Diff:  0.0, Sum:  0.0, Workers: 4
[4891.896s][debug][gc,phases      ] GC(199)     Dead                           Min: 0, Avg:  0.0, Max: 0, Diff: 0, Sum: 0, Workers: 4
[4891.896s][debug][gc,phases      ] GC(199)     Total                          Min: 0, Avg: 261.5, Max: 768, Diff: 768, Sum: 1046, Workers: 4
[4891.896s][debug][gc,phases      ] GC(199)   ObjectSynchronizer Weak        Min:  0.0, Avg:  0.0, Max:  0.0, Diff:  0.0, Sum:  0.0, Workers: 4
[4891.896s][debug][gc,phases      ] GC(199)     Dead                           Min: 0, Avg:  0.0, Max: 0, Diff: 0, Sum: 0, Workers: 4
[4891.896s][debug][gc,phases      ] GC(199)     Total                          Min: 0, Avg:  1.0, Max: 4, Diff: 4, Sum: 4, Workers: 4
[4891.896s][debug][gc,phases      ] GC(199)   JVMTI Tag Weak OopStorage      Min:  0.0, Avg:  0.0, Max:  0.0, Diff:  0.0, Sum:  0.0, Workers: 4
[4891.896s][debug][gc,phases      ] GC(199)     Dead                           Min: 0, Avg:  0.0, Max: 0, Diff: 0, Sum: 0, Workers: 4
[4891.896s][debug][gc,phases      ] GC(199)     Total                          Min: 0, Avg:  0.0, Max: 0, Diff: 0, Sum: 0, Workers: 4
[4891.896s][debug][gc,phases      ] GC(199)   StringTable Weak               Min:  0.0, Avg:  0.1, Max:  0.2, Diff:  0.2, Sum:  0.5, Workers: 4
[4891.896s][debug][gc,phases      ] GC(199)     Dead                           Min: 0, Avg:  0.0, Max: 0, Diff: 0, Sum: 0, Workers: 4
[4891.896s][debug][gc,phases      ] GC(199)     Total                          Min: 0, Avg: 12071.2, Max: 18077, Diff: 18077, Sum: 48285, Workers: 4
[4891.896s][debug][gc,phases      ] GC(199)   ResolvedMethodTable Weak       Min:  0.0, Avg:  0.1, Max:  0.1, Diff:  0.1, Sum:  0.2, Workers: 4
[4891.896s][debug][gc,phases      ] GC(199)     Dead                           Min: 0, Avg:  4.0, Max: 16, Diff: 16, Sum: 16, Workers: 4
[4891.896s][debug][gc,phases      ] GC(199)     Total                          Min: 0, Avg: 4011.5, Max: 6479, Diff: 6479, Sum: 16046, Workers: 4
[4891.896s][debug][gc,phases      ] GC(199)   JNI Weak                       Min:  0.0, Avg:  0.0, Max:  0.0, Diff:  0.0, Sum:  0.0, Workers: 4
[4891.896s][debug][gc,phases      ] GC(199)     Dead                           Min: 0, Avg:  0.0, Max: 0, Diff: 0, Sum: 0, Workers: 4
[4891.896s][debug][gc,phases      ] GC(199)     Total                          Min: 0, Avg: 13.0, Max: 48, Diff: 48, Sum: 52, Workers: 4
[4891.896s][debug][gc,phases      ] GC(199)   StringDedup Table Weak         Min:  0.0, Avg:  0.0, Max:  0.0, Diff:  0.0, Sum:  0.0, Workers: 4
[4891.896s][debug][gc,phases      ] GC(199)     Dead                           Min: 0, Avg:  0.0, Max: 0, Diff: 0, Sum: 0, Workers: 4
[4891.896s][debug][gc,phases      ] GC(199)     Total                          Min: 0, Avg:  0.0, Max: 0, Diff: 0, Sum: 0, Workers: 4
[4891.896s][debug][gc,phases      ] GC(199)   StringDedup Requests0 Weak     Min:  0.0, Avg:  0.0, Max:  0.0, Diff:  0.0, Sum:  0.0, Workers: 4
[4891.896s][debug][gc,phases      ] GC(199)     Dead                           Min: 0, Avg:  0.0, Max: 0, Diff: 0, Sum: 0, Workers: 4
[4891.896s][debug][gc,phases      ] GC(199)     Total                          Min: 0, Avg:  0.0, Max: 0, Diff: 0, Sum: 0, Workers: 4
[4891.896s][debug][gc,phases      ] GC(199)   StringDedup Requests1 Weak     Min:  0.0, Avg:  0.0, Max:  0.0, Diff:  0.0, Sum:  0.0, Workers: 4
[4891.896s][debug][gc,phases      ] GC(199)     Dead                           Min: 0, Avg:  0.0, Max: 0, Diff: 0, Sum: 0, Workers: 4
[4891.896s][debug][gc,phases      ] GC(199)     Total                          Min: 0, Avg:  0.0, Max: 0, Diff: 0, Sum: 0, Workers: 4
[4891.896s][debug][gc,phases      ] GC(199)   Weak JFR Old Object Samples    Min:  0.0, Avg:  0.0, Max:  0.0, Diff:  0.0, Sum:  0.0, Workers: 4
[4891.896s][debug][gc,phases      ] GC(199)     Dead                           Min: 0, Avg:  0.0, Max: 0, Diff: 0, Sum: 0, Workers: 4
[4891.896s][debug][gc,phases      ] GC(199)     Total                          Min: 0, Avg:  0.0, Max: 0, Diff: 0, Sum: 0, Workers: 4
[4891.896s][debug][gc,phases      ] GC(199) Weak Processing 0.493ms
[4891.896s][debug][gc,age         ] GC(199) Desired survivor size 9437184 bytes, new threshold 1 (max threshold 15)
[4891.896s][info ][gc,heap        ] GC(199) PSYoungGen: 2082816K(2086912K)->5008K(2087936K) Eden: 2077184K(2077184K)->0K(2078208K) From: 5632K(9728K)->5008K(9728K)
[4891.896s][info ][gc,heap        ] GC(199) ParOldGen: 578510K(578560K)->579619K(580096K)
[4891.896s][info ][gc,metaspace   ] GC(199) Metaspace: 112970K(114368K)->112970K(114368K) NonClass: 96223K(97024K)->96223K(97024K) Class: 16747K(17344K)->16747K(17344K)
[4891.896s][info ][gc             ] GC(199) Pause Young (Allocation Failure) 2598M->570M(2605M) 5.617ms
[4891.896s][info ][gc,cpu         ] GC(199) User=0.02s Sys=0.00s Real=0.01s
[4891.896s][info ][safepoint      ] Safepoint "ParallelGCFailedAllocation", Time since last: 24577555469 ns, Reaching safepoint: 81303 ns, Cleanup: 4500 ns, At safepoint: 5704672 ns, Total: 5790475 ns
[4894.896s][info ][safepoint      ] Safepoint "Cleanup", Time since last: 3000270317 ns, Reaching safepoint: 97903 ns, Cleanup: 14700 ns, At safepoint: 26901 ns, Total: 139504 ns
[4908.898s][info ][safepoint      ] Safepoint "Cleanup", Time since last: 14001395369 ns, Reaching safepoint: 90202 ns, Cleanup: 12301 ns, At safepoint: 8400 ns, Total: 110903 ns
[4916.055s][info ][gc,start       ] GC(200) Pause Young (Allocation Failure)
[4916.062s][debug][gc,phases      ] GC(200) Scavenge 6.949ms
[4916.062s][debug][gc,ref         ] GC(200) ReferenceProcessor::execute queues: 1, RefProcThreadModel::Single, marks_oops_alive: false
[4916.062s][debug][gc,ref         ] GC(200) Skipped KeepAliveFinalRefsPhase of Reference Processing: no references
[4916.062s][debug][gc,ref         ] GC(200) ReferenceProcessor::execute queues: 1, RefProcThreadModel::Single, marks_oops_alive: false
[4916.062s][debug][gc,phases      ] GC(200) Reference Processing 0.128ms
[4916.063s][debug][gc,phases      ] GC(200)   VM Weak                        Min:  0.0, Avg:  0.0, Max:  0.0, Diff:  0.0, Sum:  0.0, Workers: 4
[4916.063s][debug][gc,phases      ] GC(200)     Dead                           Min: 0, Avg:  0.0, Max: 0, Diff: 0, Sum: 0, Workers: 4
[4916.063s][debug][gc,phases      ] GC(200)     Total                          Min: 0, Avg: 261.5, Max: 598, Diff: 598, Sum: 1046, Workers: 4
[4916.063s][debug][gc,phases      ] GC(200)   ObjectSynchronizer Weak        Min:  0.0, Avg:  0.0, Max:  0.0, Diff:  0.0, Sum:  0.0, Workers: 4
[4916.063s][debug][gc,phases      ] GC(200)     Dead                           Min: 0, Avg:  0.0, Max: 0, Diff: 0, Sum: 0, Workers: 4
[4916.063s][debug][gc,phases      ] GC(200)     Total                          Min: 0, Avg:  1.0, Max: 4, Diff: 4, Sum: 4, Workers: 4
[4916.063s][debug][gc,phases      ] GC(200)   JVMTI Tag Weak OopStorage      Min:  0.0, Avg:  0.0, Max:  0.0, Diff:  0.0, Sum:  0.0, Workers: 4
[4916.063s][debug][gc,phases      ] GC(200)     Dead                           Min: 0, Avg:  0.0, Max: 0, Diff: 0, Sum: 0, Workers: 4
[4916.063s][debug][gc,phases      ] GC(200)     Total                          Min: 0, Avg:  0.0, Max: 0, Diff: 0, Sum: 0, Workers: 4
[4916.063s][debug][gc,phases      ] GC(200)   StringTable Weak               Min:  0.0, Avg:  0.1, Max:  0.2, Diff:  0.2, Sum:  0.5, Workers: 4
[4916.063s][debug][gc,phases      ] GC(200)     Dead                           Min: 0, Avg:  0.0, Max: 0, Diff: 0, Sum: 0, Workers: 4
[4916.063s][debug][gc,phases      ] GC(200)     Total                          Min: 0, Avg: 12071.2, Max: 25629, Diff: 25629, Sum: 48285, Workers: 4
[4916.063s][debug][gc,phases      ] GC(200)   ResolvedMethodTable Weak       Min:  0.0, Avg:  0.0, Max:  0.1, Diff:  0.1, Sum:  0.2, Workers: 4
[4916.063s][debug][gc,phases      ] GC(200)     Dead                           Min: 0, Avg:  4.0, Max: 16, Diff: 16, Sum: 16, Workers: 4
[4916.063s][debug][gc,phases      ] GC(200)     Total                          Min: 0, Avg: 4011.5, Max: 8650, Diff: 8650, Sum: 16046, Workers: 4
[4916.063s][debug][gc,phases      ] GC(200)   JNI Weak                       Min:  0.0, Avg:  0.0, Max:  0.0, Diff:  0.0, Sum:  0.0, Workers: 4
[4916.063s][debug][gc,phases      ] GC(200)     Dead                           Min: 0, Avg:  0.0, Max: 0, Diff: 0, Sum: 0, Workers: 4
[4916.063s][debug][gc,phases      ] GC(200)     Total                          Min: 0, Avg: 13.0, Max: 48, Diff: 48, Sum: 52, Workers: 4
[4916.063s][debug][gc,phases      ] GC(200)   StringDedup Table Weak         Min:  0.0, Avg:  0.0, Max:  0.0, Diff:  0.0, Sum:  0.0, Workers: 4
[4916.063s][debug][gc,phases      ] GC(200)     Dead                           Min: 0, Avg:  0.0, Max: 0, Diff: 0, Sum: 0, Workers: 4
[4916.063s][debug][gc,phases      ] GC(200)     Total                          Min: 0, Avg:  0.0, Max: 0, Diff: 0, Sum: 0, Workers: 4
[4916.063s][debug][gc,phases      ] GC(200)   StringDedup Requests0 Weak     Min:  0.0, Avg:  0.0, Max:  0.0, Diff:  0.0, Sum:  0.0, Workers: 4
[4916.063s][debug][gc,phases      ] GC(200)     Dead                           Min: 0, Avg:  0.0, Max: 0, Diff: 0, Sum: 0, Workers: 4
[4916.063s][debug][gc,phases      ] GC(200)     Total                          Min: 0, Avg:  0.0, Max: 0, Diff: 0, Sum: 0, Workers: 4
[4916.063s][debug][gc,phases      ] GC(200)   StringDedup Requests1 Weak     Min:  0.0, Avg:  0.0, Max:  0.0, Diff:  0.0, Sum:  0.0, Workers: 4
[4916.063s][debug][gc,phases      ] GC(200)     Dead                           Min: 0, Avg:  0.0, Max: 0, Diff: 0, Sum: 0, Workers: 4
[4916.063s][debug][gc,phases      ] GC(200)     Total                          Min: 0, Avg:  0.0, Max: 0, Diff: 0, Sum: 0, Workers: 4
[4916.063s][debug][gc,phases      ] GC(200)   Weak JFR Old Object Samples    Min:  0.0, Avg:  0.0, Max:  0.0, Diff:  0.0, Sum:  0.0, Workers: 4
[4916.063s][debug][gc,phases      ] GC(200)     Dead                           Min: 0, Avg:  0.0, Max: 0, Diff: 0, Sum: 0, Workers: 4
[4916.063s][debug][gc,phases      ] GC(200)     Total                          Min: 0, Avg:  0.0, Max: 0, Diff: 0, Sum: 0, Workers: 4
[4916.063s][debug][gc,phases      ] GC(200) Weak Processing 0.577ms
[4916.063s][debug][gc,age         ] GC(200) Desired survivor size 9437184 bytes, new threshold 1 (max threshold 15)
[4916.063s][info ][gc,heap        ] GC(200) PSYoungGen: 2082714K(2087936K)->4836K(2087424K) Eden: 2077706K(2078208K)->0K(2078208K) From: 5008K(9728K)->4836K(9216K)
[4916.063s][info ][gc,heap        ] GC(200) ParOldGen: 579619K(580096K)->580795K(581120K)
[4916.063s][info ][gc,metaspace   ] GC(200) Metaspace: 112970K(114368K)->112970K(114368K) NonClass: 96223K(97024K)->96223K(97024K) Class: 16747K(17344K)->16747K(17344K)
[4916.063s][info ][gc             ] GC(200) Pause Young (Allocation Failure) 2599M->571M(2606M) 7.811ms
[4916.063s][info ][gc,cpu         ] GC(200) User=0.02s Sys=0.00s Real=0.00s
[4916.063s][info ][safepoint      ] Safepoint "ParallelGCFailedAllocation", Time since last: 7157105364 ns, Reaching safepoint: 7600 ns, Cleanup: 5300 ns, At safepoint: 7895434 ns, Total: 7908334 ns
[4926.971s][info ][safepoint      ] Safepoint "Cleanup", Time since last: 10908186472 ns, Reaching safepoint: 7800 ns, Cleanup: 12600 ns, At safepoint: 30501 ns, Total: 50901 ns
[4931.972s][info ][safepoint      ] Safepoint "Cleanup", Time since last: 5000695331 ns, Reaching safepoint: 11300 ns, Cleanup: 19301 ns, At safepoint: 3000 ns, Total: 33601 ns
[4934.972s][info ][safepoint      ] Safepoint "Cleanup", Time since last: 3000282832 ns, Reaching safepoint: 7100 ns, Cleanup: 9000 ns, At safepoint: 2600 ns, Total: 18700 ns
[4936.972s][info ][safepoint      ] Safepoint "Cleanup", Time since last: 2000182717 ns, Reaching safepoint: 7200 ns, Cleanup: 10400 ns, At safepoint: 2900 ns, Total: 20500 ns
[4940.738s][info ][gc,start       ] GC(201) Pause Young (Allocation Failure)
[4940.745s][debug][gc,phases      ] GC(201) Scavenge 7.068ms
[4940.746s][debug][gc,ref         ] GC(201) ReferenceProcessor::execute queues: 1, RefProcThreadModel::Single, marks_oops_alive: false
[4940.746s][debug][gc,ref         ] GC(201) Skipped KeepAliveFinalRefsPhase of Reference Processing: no references
[4940.746s][debug][gc,ref         ] GC(201) Skipped PhantomRefsPhase of Reference Processing: no references
[4940.746s][debug][gc,phases      ] GC(201) Reference Processing 0.132ms
[4940.746s][debug][gc,phases      ] GC(201)   VM Weak                        Min:  0.0, Avg:  0.0, Max:  0.0, Diff:  0.0, Sum:  0.0, Workers: 4
[4940.746s][debug][gc,phases      ] GC(201)     Dead                           Min: 0, Avg:  0.0, Max: 0, Diff: 0, Sum: 0, Workers: 4
[4940.746s][debug][gc,phases      ] GC(201)     Total                          Min: 0, Avg: 261.5, Max: 982, Diff: 982, Sum: 1046, Workers: 4
[4940.746s][debug][gc,phases      ] GC(201)   ObjectSynchronizer Weak        Min:  0.0, Avg:  0.0, Max:  0.0, Diff:  0.0, Sum:  0.0, Workers: 4
[4940.746s][debug][gc,phases      ] GC(201)     Dead                           Min: 0, Avg:  0.0, Max: 0, Diff: 0, Sum: 0, Workers: 4
[4940.746s][debug][gc,phases      ] GC(201)     Total                          Min: 0, Avg:  1.0, Max: 4, Diff: 4, Sum: 4, Workers: 4
[4940.746s][debug][gc,phases      ] GC(201)   JVMTI Tag Weak OopStorage      Min:  0.0, Avg:  0.0, Max:  0.0, Diff:  0.0, Sum:  0.0, Workers: 4
[4940.746s][debug][gc,phases      ] GC(201)     Dead                           Min: 0, Avg:  0.0, Max: 0, Diff: 0, Sum: 0, Workers: 4
[4940.746s][debug][gc,phases      ] GC(201)     Total                          Min: 0, Avg:  0.0, Max: 0, Diff: 0, Sum: 0, Workers: 4
[4940.746s][debug][gc,phases      ] GC(201)   StringTable Weak               Min:  0.0, Avg:  0.1, Max:  0.2, Diff:  0.2, Sum:  0.5, Workers: 4
[4940.746s][debug][gc,phases      ] GC(201)     Dead                           Min: 0, Avg:  0.0, Max: 0, Diff: 0, Sum: 0, Workers: 4
[4940.746s][debug][gc,phases      ] GC(201)     Total                          Min: 0, Avg: 12071.2, Max: 26176, Diff: 26176, Sum: 48285, Workers: 4
[4940.746s][debug][gc,phases      ] GC(201)   ResolvedMethodTable Weak       Min:  0.0, Avg:  0.0, Max:  0.1, Diff:  0.1, Sum:  0.2, Workers: 4
[4940.746s][debug][gc,phases      ] GC(201)     Dead                           Min: 0, Avg:  4.0, Max: 16, Diff: 16, Sum: 16, Workers: 4
[4940.746s][debug][gc,phases      ] GC(201)     Total                          Min: 0, Avg: 4011.5, Max: 8055, Diff: 8055, Sum: 16046, Workers: 4
[4940.746s][debug][gc,phases      ] GC(201)   JNI Weak                       Min:  0.0, Avg:  0.0, Max:  0.0, Diff:  0.0, Sum:  0.0, Workers: 4
[4940.746s][debug][gc,phases      ] GC(201)     Dead                           Min: 0, Avg:  0.0, Max: 0, Diff: 0, Sum: 0, Workers: 4
[4940.746s][debug][gc,phases      ] GC(201)     Total                          Min: 0, Avg: 13.0, Max: 48, Diff: 48, Sum: 52, Workers: 4
[4940.746s][debug][gc,phases      ] GC(201)   StringDedup Table Weak         Min:  0.0, Avg:  0.0, Max:  0.0, Diff:  0.0, Sum:  0.0, Workers: 4
[4940.746s][debug][gc,phases      ] GC(201)     Dead                           Min: 0, Avg:  0.0, Max: 0, Diff: 0, Sum: 0, Workers: 4
[4940.746s][debug][gc,phases      ] GC(201)     Total                          Min: 0, Avg:  0.0, Max: 0, Diff: 0, Sum: 0, Workers: 4
[4940.746s][debug][gc,phases      ] GC(201)   StringDedup Requests0 Weak     Min:  0.0, Avg:  0.0, Max:  0.0, Diff:  0.0, Sum:  0.0, Workers: 4
[4940.746s][debug][gc,phases      ] GC(201)     Dead                           Min: 0, Avg:  0.0, Max: 0, Diff: 0, Sum: 0, Workers: 4
[4940.746s][debug][gc,phases      ] GC(201)     Total                          Min: 0, Avg:  0.0, Max: 0, Diff: 0, Sum: 0, Workers: 4
[4940.746s][debug][gc,phases      ] GC(201)   StringDedup Requests1 Weak     Min:  0.0, Avg:  0.0, Max:  0.0, Diff:  0.0, Sum:  0.0, Workers: 4
[4940.746s][debug][gc,phases      ] GC(201)     Dead                           Min: 0, Avg:  0.0, Max: 0, Diff: 0, Sum: 0, Workers: 4
[4940.746s][debug][gc,phases      ] GC(201)     Total                          Min: 0, Avg:  0.0, Max: 0, Diff: 0, Sum: 0, Workers: 4
[4940.746s][debug][gc,phases      ] GC(201)   Weak JFR Old Object Samples    Min:  0.0, Avg:  0.0, Max:  0.0, Diff:  0.0, Sum:  0.0, Workers: 4
[4940.746s][debug][gc,phases      ] GC(201)     Dead                           Min: 0, Avg:  0.0, Max: 0, Diff: 0, Sum: 0, Workers: 4
[4940.746s][debug][gc,phases      ] GC(201)     Total                          Min: 0, Avg:  0.0, Max: 0, Diff: 0, Sum: 0, Workers: 4
[4940.746s][debug][gc,phases      ] GC(201) Weak Processing 0.564ms
[4940.746s][debug][gc,age         ] GC(201) Desired survivor size 8912896 bytes, new threshold 1 (max threshold 15)
[4940.746s][info ][gc,heap        ] GC(201) PSYoungGen: 2083044K(2087424K)->5287K(2088448K) Eden: 2078208K(2078208K)->0K(2079232K) From: 4836K(9216K)->5287K(9216K)
[4940.746s][info ][gc,heap        ] GC(201) ParOldGen: 580795K(581120K)->581579K(581632K)
[4940.746s][info ][gc,metaspace   ] GC(201) Metaspace: 112975K(114368K)->112975K(114368K) NonClass: 96227K(97024K)->96227K(97024K) Class: 16747K(17344K)->16747K(17344K)
[4940.746s][info ][gc             ] GC(201) Pause Young (Allocation Failure) 2601M->573M(2607M) 7.917ms
[4940.746s][info ][gc,cpu         ] GC(201) User=0.02s Sys=0.00s Real=0.01s
[4940.746s][info ][safepoint      ] Safepoint "ParallelGCFailedAllocation", Time since last: 3765756169 ns, Reaching safepoint: 78203 ns, Cleanup: 14600 ns, At safepoint: 8004234 ns, Total: 8097037 ns
[4945.747s][info ][safepoint      ] Safepoint "Cleanup", Time since last: 5000443939 ns, Reaching safepoint: 83202 ns, Cleanup: 11301 ns, At safepoint: 10800 ns, Total: 105303 ns
[4952.748s][info ][safepoint      ] Safepoint "Cleanup", Time since last: 7000698049 ns, Reaching safepoint: 87503 ns, Cleanup: 11300 ns, At safepoint: 8000 ns, Total: 106803 ns
[4964.891s][info ][gc,start       ] GC(202) Pause Young (Allocation Failure)
[4964.896s][debug][gc,phases      ] GC(202) Scavenge 4.928ms
[4964.896s][debug][gc,ref         ] GC(202) ReferenceProcessor::execute queues: 1, RefProcThreadModel::Single, marks_oops_alive: false
[4964.896s][debug][gc,ref         ] GC(202) Skipped KeepAliveFinalRefsPhase of Reference Processing: no references
[4964.896s][debug][gc,ref         ] GC(202) Skipped PhantomRefsPhase of Reference Processing: no references
[4964.896s][debug][gc,phases      ] GC(202) Reference Processing 0.173ms
[4964.896s][debug][gc,phases      ] GC(202)   VM Weak                        Min:  0.0, Avg:  0.0, Max:  0.0, Diff:  0.0, Sum:  0.0, Workers: 4
[4964.896s][debug][gc,phases      ] GC(202)     Dead                           Min: 0, Avg:  0.0, Max: 0, Diff: 0, Sum: 0, Workers: 4
[4964.896s][debug][gc,phases      ] GC(202)     Total                          Min: 0, Avg: 261.5, Max: 512, Diff: 512, Sum: 1046, Workers: 4
[4964.896s][debug][gc,phases      ] GC(202)   ObjectSynchronizer Weak        Min:  0.0, Avg:  0.0, Max:  0.0, Diff:  0.0, Sum:  0.0, Workers: 4
[4964.896s][debug][gc,phases      ] GC(202)     Dead                           Min: 0, Avg:  0.0, Max: 0, Diff: 0, Sum: 0, Workers: 4
[4964.896s][debug][gc,phases      ] GC(202)     Total                          Min: 0, Avg:  1.0, Max: 4, Diff: 4, Sum: 4, Workers: 4
[4964.896s][debug][gc,phases      ] GC(202)   JVMTI Tag Weak OopStorage      Min:  0.0, Avg:  0.0, Max:  0.0, Diff:  0.0, Sum:  0.0, Workers: 4
[4964.896s][debug][gc,phases      ] GC(202)     Dead                           Min: 0, Avg:  0.0, Max: 0, Diff: 0, Sum: 0, Workers: 4
[4964.896s][debug][gc,phases      ] GC(202)     Total                          Min: 0, Avg:  0.0, Max: 0, Diff: 0, Sum: 0, Workers: 4
[4964.896s][debug][gc,phases      ] GC(202)   StringTable Weak               Min:  0.0, Avg:  0.1, Max:  0.2, Diff:  0.2, Sum:  0.5, Workers: 4
[4964.896s][debug][gc,phases      ] GC(202)     Dead                           Min: 0, Avg:  0.0, Max: 0, Diff: 0, Sum: 0, Workers: 4
[4964.896s][debug][gc,phases      ] GC(202)     Total                          Min: 0, Avg: 12071.2, Max: 17024, Diff: 17024, Sum: 48285, Workers: 4
[4964.896s][debug][gc,phases      ] GC(202)   ResolvedMethodTable Weak       Min:  0.0, Avg:  0.0, Max:  0.1, Diff:  0.1, Sum:  0.2, Workers: 4
[4964.896s][debug][gc,phases      ] GC(202)     Dead                           Min: 0, Avg:  4.0, Max: 16, Diff: 16, Sum: 16, Workers: 4
[4964.896s][debug][gc,phases      ] GC(202)     Total                          Min: 0, Avg: 4011.5, Max: 5684, Diff: 5684, Sum: 16046, Workers: 4
[4964.896s][debug][gc,phases      ] GC(202)   JNI Weak                       Min:  0.0, Avg:  0.0, Max:  0.0, Diff:  0.0, Sum:  0.0, Workers: 4
[4964.896s][debug][gc,phases      ] GC(202)     Dead                           Min: 0, Avg:  0.0, Max: 0, Diff: 0, Sum: 0, Workers: 4
[4964.896s][debug][gc,phases      ] GC(202)     Total                          Min: 0, Avg: 13.0, Max: 48, Diff: 48, Sum: 52, Workers: 4
[4964.896s][debug][gc,phases      ] GC(202)   StringDedup Table Weak         Min:  0.0, Avg:  0.0, Max:  0.0, Diff:  0.0, Sum:  0.0, Workers: 4
[4964.896s][debug][gc,phases      ] GC(202)     Dead                           Min: 0, Avg:  0.0, Max: 0, Diff: 0, Sum: 0, Workers: 4
[4964.896s][debug][gc,phases      ] GC(202)     Total                          Min: 0, Avg:  0.0, Max: 0, Diff: 0, Sum: 0, Workers: 4
[4964.896s][debug][gc,phases      ] GC(202)   StringDedup Requests0 Weak     Min:  0.0, Avg:  0.0, Max:  0.0, Diff:  0.0, Sum:  0.0, Workers: 4
[4964.896s][debug][gc,phases      ] GC(202)     Dead                           Min: 0, Avg:  0.0, Max: 0, Diff: 0, Sum: 0, Workers: 4
[4964.896s][debug][gc,phases      ] GC(202)     Total                          Min: 0, Avg:  0.0, Max: 0, Diff: 0, Sum: 0, Workers: 4
[4964.896s][debug][gc,phases      ] GC(202)   StringDedup Requests1 Weak     Min:  0.0, Avg:  0.0, Max:  0.0, Diff:  0.0, Sum:  0.0, Workers: 4
[4964.896s][debug][gc,phases      ] GC(202)     Dead                           Min: 0, Avg:  0.0, Max: 0, Diff: 0, Sum: 0, Workers: 4
[4964.896s][debug][gc,phases      ] GC(202)     Total                          Min: 0, Avg:  0.0, Max: 0, Diff: 0, Sum: 0, Workers: 4
[4964.896s][debug][gc,phases      ] GC(202)   Weak JFR Old Object Samples    Min:  0.0, Avg:  0.0, Max:  0.0, Diff:  0.0, Sum:  0.0, Workers: 4
[4964.896s][debug][gc,phases      ] GC(202)     Dead                           Min: 0, Avg:  0.0, Max: 0, Diff: 0, Sum: 0, Workers: 4
[4964.896s][debug][gc,phases      ] GC(202)     Total                          Min: 0, Avg:  0.0, Max: 0, Diff: 0, Sum: 0, Workers: 4
[4964.896s][debug][gc,phases      ] GC(202) Weak Processing 0.516ms
[4964.896s][debug][gc,age         ] GC(202) Desired survivor size 8912896 bytes, new threshold 1 (max threshold 15)
[4964.896s][info ][gc,heap        ] GC(202) PSYoungGen: 2084519K(2088448K)->4864K(2087936K) Eden: 2079232K(2079232K)->0K(2079232K) From: 5287K(9216K)->4864K(8704K)
[4964.896s][info ][gc,heap        ] GC(202) ParOldGen: 581579K(581632K)->582731K(583168K)
[4964.896s][info ][gc,metaspace   ] GC(202) Metaspace: 112975K(114368K)->112975K(114368K) NonClass: 96227K(97024K)->96227K(97024K) Class: 16747K(17344K)->16747K(17344K)
[4964.896s][info ][gc             ] GC(202) Pause Young (Allocation Failure) 2603M->573M(2608M) 5.771ms
[4964.896s][info ][gc,cpu         ] GC(202) User=0.02s Sys=0.01s Real=0.01s
[4964.896s][info ][safepoint      ] Safepoint "ParallelGCFailedAllocation", Time since last: 12142714500 ns, Reaching safepoint: 85702 ns, Cleanup: 5000 ns, At safepoint: 5897774 ns, Total: 5988476 ns
[4985.990s][info ][safepoint      ] Safepoint "Cleanup", Time since last: 21093626951 ns, Reaching safepoint: 11600 ns, Cleanup: 15301 ns, At safepoint: 42701 ns, Total: 69602 ns
[4989.968s][info ][gc,start       ] GC(203) Pause Young (Allocation Failure)
[4989.973s][debug][gc,phases      ] GC(203) Scavenge 4.853ms
[4989.973s][debug][gc,ref         ] GC(203) ReferenceProcessor::execute queues: 1, RefProcThreadModel::Single, marks_oops_alive: false
[4989.973s][debug][gc,ref         ] GC(203) Skipped KeepAliveFinalRefsPhase of Reference Processing: no references
[4989.973s][debug][gc,ref         ] GC(203) Skipped PhantomRefsPhase of Reference Processing: no references
[4989.973s][debug][gc,phases      ] GC(203) Reference Processing 0.121ms
[4989.973s][debug][gc,phases      ] GC(203)   VM Weak                        Min:  0.0, Avg:  0.0, Max:  0.0, Diff:  0.0, Sum:  0.0, Workers: 4
[4989.973s][debug][gc,phases      ] GC(203)     Dead                           Min: 0, Avg:  0.0, Max: 0, Diff: 0, Sum: 0, Workers: 4
[4989.973s][debug][gc,phases      ] GC(203)     Total                          Min: 0, Avg: 261.5, Max: 726, Diff: 726, Sum: 1046, Workers: 4
[4989.973s][debug][gc,phases      ] GC(203)   ObjectSynchronizer Weak        Min:  0.0, Avg:  0.0, Max:  0.0, Diff:  0.0, Sum:  0.0, Workers: 4
[4989.973s][debug][gc,phases      ] GC(203)     Dead                           Min: 0, Avg:  0.0, Max: 0, Diff: 0, Sum: 0, Workers: 4
[4989.973s][debug][gc,phases      ] GC(203)     Total                          Min: 0, Avg:  0.8, Max: 3, Diff: 3, Sum: 3, Workers: 4
[4989.973s][debug][gc,phases      ] GC(203)   JVMTI Tag Weak OopStorage      Min:  0.0, Avg:  0.0, Max:  0.0, Diff:  0.0, Sum:  0.0, Workers: 4
[4989.973s][debug][gc,phases      ] GC(203)     Dead                           Min: 0, Avg:  0.0, Max: 0, Diff: 0, Sum: 0, Workers: 4
[4989.973s][debug][gc,phases      ] GC(203)     Total                          Min: 0, Avg:  0.0, Max: 0, Diff: 0, Sum: 0, Workers: 4
[4989.973s][debug][gc,phases      ] GC(203)   StringTable Weak               Min:  0.0, Avg:  0.1, Max:  0.2, Diff:  0.2, Sum:  0.5, Workers: 4
[4989.973s][debug][gc,phases      ] GC(203)     Dead                           Min: 0, Avg:  0.0, Max: 0, Diff: 0, Sum: 0, Workers: 4
[4989.973s][debug][gc,phases      ] GC(203)     Total                          Min: 0, Avg: 12071.2, Max: 16896, Diff: 16896, Sum: 48285, Workers: 4
[4989.973s][debug][gc,phases      ] GC(203)   ResolvedMethodTable Weak       Min:  0.0, Avg:  0.0, Max:  0.1, Diff:  0.1, Sum:  0.2, Workers: 4
[4989.973s][debug][gc,phases      ] GC(203)     Dead                           Min: 0, Avg:  4.0, Max: 16, Diff: 16, Sum: 16, Workers: 4
[4989.973s][debug][gc,phases      ] GC(203)     Total                          Min: 0, Avg: 4011.5, Max: 5772, Diff: 5772, Sum: 16046, Workers: 4
[4989.973s][debug][gc,phases      ] GC(203)   JNI Weak                       Min:  0.0, Avg:  0.0, Max:  0.0, Diff:  0.0, Sum:  0.0, Workers: 4
[4989.973s][debug][gc,phases      ] GC(203)     Dead                           Min: 0, Avg:  0.0, Max: 0, Diff: 0, Sum: 0, Workers: 4
[4989.973s][debug][gc,phases      ] GC(203)     Total                          Min: 0, Avg: 13.0, Max: 48, Diff: 48, Sum: 52, Workers: 4
[4989.973s][debug][gc,phases      ] GC(203)   StringDedup Table Weak         Min:  0.0, Avg:  0.0, Max:  0.0, Diff:  0.0, Sum:  0.0, Workers: 4
[4989.973s][debug][gc,phases      ] GC(203)     Dead                           Min: 0, Avg:  0.0, Max: 0, Diff: 0, Sum: 0, Workers: 4
[4989.973s][debug][gc,phases      ] GC(203)     Total                          Min: 0, Avg:  0.0, Max: 0, Diff: 0, Sum: 0, Workers: 4
[4989.973s][debug][gc,phases      ] GC(203)   StringDedup Requests0 Weak     Min:  0.0, Avg:  0.0, Max:  0.0, Diff:  0.0, Sum:  0.0, Workers: 4
[4989.973s][debug][gc,phases      ] GC(203)     Dead                           Min: 0, Avg:  0.0, Max: 0, Diff: 0, Sum: 0, Workers: 4
[4989.973s][debug][gc,phases      ] GC(203)     Total                          Min: 0, Avg:  0.0, Max: 0, Diff: 0, Sum: 0, Workers: 4
[4989.974s][debug][gc,phases      ] GC(203)   StringDedup Requests1 Weak     Min:  0.0, Avg:  0.0, Max:  0.0, Diff:  0.0, Sum:  0.0, Workers: 4
[4989.974s][debug][gc,phases      ] GC(203)     Dead                           Min: 0, Avg:  0.0, Max: 0, Diff: 0, Sum: 0, Workers: 4
[4989.974s][debug][gc,phases      ] GC(203)     Total                          Min: 0, Avg:  0.0, Max: 0, Diff: 0, Sum: 0, Workers: 4
[4989.974s][debug][gc,phases      ] GC(203)   Weak JFR Old Object Samples    Min:  0.0, Avg:  0.0, Max:  0.0, Diff:  0.0, Sum:  0.0, Workers: 4
[4989.974s][debug][gc,phases      ] GC(203)     Dead                           Min: 0, Avg:  0.0, Max: 0, Diff: 0, Sum: 0, Workers: 4
[4989.974s][debug][gc,phases      ] GC(203)     Total                          Min: 0, Avg:  0.0, Max: 0, Diff: 0, Sum: 0, Workers: 4
[4989.974s][debug][gc,phases      ] GC(203) Weak Processing 0.464ms
[4989.974s][debug][gc,age         ] GC(203) Desired survivor size 8912896 bytes, new threshold 1 (max threshold 15)
[4989.974s][info ][gc,heap        ] GC(203) PSYoungGen: 2084096K(2087936K)->4592K(2088448K) Eden: 2079232K(2079232K)->0K(2079744K) From: 4864K(8704K)->4592K(8704K)
[4989.974s][info ][gc,heap        ] GC(203) ParOldGen: 582731K(583168K)->583631K(583680K)
[4989.974s][info ][gc,metaspace   ] GC(203) Metaspace: 112975K(114368K)->112975K(114368K) NonClass: 96227K(97024K)->96227K(97024K) Class: 16747K(17344K)->16747K(17344K)
[4989.974s][info ][gc             ] GC(203) Pause Young (Allocation Failure) 2604M->574M(2609M) 5.579ms
[4989.974s][info ][gc,cpu         ] GC(203) User=0.01s Sys=0.00s Real=0.01s
[4989.974s][info ][safepoint      ] Safepoint "ParallelGCFailedAllocation", Time since last: 3977908855 ns, Reaching safepoint: 10100 ns, Cleanup: 4600 ns, At safepoint: 5664070 ns, Total: 5678770 ns
[5013.655s][info ][gc,start       ] GC(204) Pause Young (Allocation Failure)
[5013.664s][debug][gc,phases      ] GC(204) Scavenge 8.964ms
[5013.664s][debug][gc,ref         ] GC(204) ReferenceProcessor::execute queues: 1, RefProcThreadModel::Single, marks_oops_alive: false
[5013.664s][debug][gc,ref         ] GC(204) Skipped KeepAliveFinalRefsPhase of Reference Processing: no references
[5013.664s][debug][gc,ref         ] GC(204) Skipped PhantomRefsPhase of Reference Processing: no references
[5013.665s][debug][gc,phases      ] GC(204) Reference Processing 0.135ms
[5013.665s][debug][gc,phases      ] GC(204)   VM Weak                        Min:  0.0, Avg:  0.0, Max:  0.0, Diff:  0.0, Sum:  0.0, Workers: 4
[5013.665s][debug][gc,phases      ] GC(204)     Dead                           Min: 0, Avg:  0.0, Max: 0, Diff: 0, Sum: 0, Workers: 4
[5013.665s][debug][gc,phases      ] GC(204)     Total                          Min: 0, Avg: 261.5, Max: 534, Diff: 534, Sum: 1046, Workers: 4
[5013.665s][debug][gc,phases      ] GC(204)   ObjectSynchronizer Weak        Min:  0.0, Avg:  0.0, Max:  0.0, Diff:  0.0, Sum:  0.0, Workers: 4
[5013.665s][debug][gc,phases      ] GC(204)     Dead                           Min: 0, Avg:  0.0, Max: 0, Diff: 0, Sum: 0, Workers: 4
[5013.665s][debug][gc,phases      ] GC(204)     Total                          Min: 0, Avg:  1.0, Max: 4, Diff: 4, Sum: 4, Workers: 4
[5013.665s][debug][gc,phases      ] GC(204)   JVMTI Tag Weak OopStorage      Min:  0.0, Avg:  0.0, Max:  0.0, Diff:  0.0, Sum:  0.0, Workers: 4
[5013.665s][debug][gc,phases      ] GC(204)     Dead                           Min: 0, Avg:  0.0, Max: 0, Diff: 0, Sum: 0, Workers: 4
[5013.665s][debug][gc,phases      ] GC(204)     Total                          Min: 0, Avg:  0.0, Max: 0, Diff: 0, Sum: 0, Workers: 4
[5013.665s][debug][gc,phases      ] GC(204)   StringTable Weak               Min:  0.0, Avg:  0.2, Max:  0.2, Diff:  0.2, Sum:  0.6, Workers: 4
[5013.665s][debug][gc,phases      ] GC(204)     Dead                           Min: 0, Avg:  0.0, Max: 0, Diff: 0, Sum: 0, Workers: 4
[5013.665s][debug][gc,phases      ] GC(204)     Total                          Min: 0, Avg: 12071.2, Max: 17024, Diff: 17024, Sum: 48285, Workers: 4
[5013.665s][debug][gc,phases      ] GC(204)   ResolvedMethodTable Weak       Min:  0.0, Avg:  0.0, Max:  0.1, Diff:  0.1, Sum:  0.2, Workers: 4
[5013.665s][debug][gc,phases      ] GC(204)     Dead                           Min: 0, Avg:  4.0, Max: 16, Diff: 16, Sum: 16, Workers: 4
[5013.665s][debug][gc,phases      ] GC(204)     Total                          Min: 0, Avg: 4011.5, Max: 6003, Diff: 6003, Sum: 16046, Workers: 4
[5013.665s][debug][gc,phases      ] GC(204)   JNI Weak                       Min:  0.0, Avg:  0.0, Max:  0.0, Diff:  0.0, Sum:  0.0, Workers: 4
[5013.665s][debug][gc,phases      ] GC(204)     Dead                           Min: 0, Avg:  0.0, Max: 0, Diff: 0, Sum: 0, Workers: 4
[5013.665s][debug][gc,phases      ] GC(204)     Total                          Min: 0, Avg: 13.0, Max: 48, Diff: 48, Sum: 52, Workers: 4
[5013.665s][debug][gc,phases      ] GC(204)   StringDedup Table Weak         Min:  0.0, Avg:  0.0, Max:  0.0, Diff:  0.0, Sum:  0.0, Workers: 4
[5013.665s][debug][gc,phases      ] GC(204)     Dead                           Min: 0, Avg:  0.0, Max: 0, Diff: 0, Sum: 0, Workers: 4
[5013.665s][debug][gc,phases      ] GC(204)     Total                          Min: 0, Avg:  0.0, Max: 0, Diff: 0, Sum: 0, Workers: 4
[5013.665s][debug][gc,phases      ] GC(204)   StringDedup Requests0 Weak     Min:  0.0, Avg:  0.0, Max:  0.0, Diff:  0.0, Sum:  0.0, Workers: 4
[5013.665s][debug][gc,phases      ] GC(204)     Dead                           Min: 0, Avg:  0.0, Max: 0, Diff: 0, Sum: 0, Workers: 4
[5013.665s][debug][gc,phases      ] GC(204)     Total                          Min: 0, Avg:  0.0, Max: 0, Diff: 0, Sum: 0, Workers: 4
[5013.665s][debug][gc,phases      ] GC(204)   StringDedup Requests1 Weak     Min:  0.0, Avg:  0.0, Max:  0.0, Diff:  0.0, Sum:  0.0, Workers: 4
[5013.665s][debug][gc,phases      ] GC(204)     Dead                           Min: 0, Avg:  0.0, Max: 0, Diff: 0, Sum: 0, Workers: 4
[5013.665s][debug][gc,phases      ] GC(204)     Total                          Min: 0, Avg:  0.0, Max: 0, Diff: 0, Sum: 0, Workers: 4
[5013.665s][debug][gc,phases      ] GC(204)   Weak JFR Old Object Samples    Min:  0.0, Avg:  0.0, Max:  0.0, Diff:  0.0, Sum:  0.0, Workers: 4
[5013.665s][debug][gc,phases      ] GC(204)     Dead                           Min: 0, Avg:  0.0, Max: 0, Diff: 0, Sum: 0, Workers: 4
[5013.665s][debug][gc,phases      ] GC(204)     Total                          Min: 0, Avg:  0.0, Max: 0, Diff: 0, Sum: 0, Workers: 4
[5013.665s][debug][gc,phases      ] GC(204) Weak Processing 0.526ms
[5013.665s][debug][gc,age         ] GC(204) Desired survivor size 8388608 bytes, new threshold 1 (max threshold 15)
[5013.665s][info ][gc,heap        ] GC(204) PSYoungGen: 2084336K(2088448K)->5616K(2088448K) Eden: 2079744K(2079744K)->0K(2079744K) From: 4592K(8704K)->5616K(8704K)
[5013.665s][info ][gc,heap        ] GC(204) ParOldGen: 583631K(583680K)->584363K(584704K)
[5013.665s][info ][gc,metaspace   ] GC(204) Metaspace: 112980K(114368K)->112980K(114368K) NonClass: 96232K(97024K)->96232K(97024K) Class: 16747K(17344K)->16747K(17344K)
[5013.665s][info ][gc             ] GC(204) Pause Young (Allocation Failure) 2605M->576M(2610M) 9.801ms
[5013.665s][info ][gc,cpu         ] GC(204) User=0.02s Sys=0.00s Real=0.01s
[5013.665s][info ][safepoint      ] Safepoint "ParallelGCFailedAllocation", Time since last: 23681593685 ns, Reaching safepoint: 9000 ns, Cleanup: 5600 ns, At safepoint: 9891412 ns, Total: 9906012 ns
[5026.666s][info ][safepoint      ] Safepoint "Cleanup", Time since last: 13001071132 ns, Reaching safepoint: 9500 ns, Cleanup: 13300 ns, At safepoint: 3200 ns, Total: 26000 ns
[5037.262s][info ][gc,start       ] GC(205) Pause Young (Allocation Failure)
[5037.268s][debug][gc,phases      ] GC(205) Scavenge 5.488ms
[5037.268s][debug][gc,ref         ] GC(205) ReferenceProcessor::execute queues: 1, RefProcThreadModel::Single, marks_oops_alive: false
[5037.268s][debug][gc,ref         ] GC(205) Skipped KeepAliveFinalRefsPhase of Reference Processing: no references
[5037.268s][debug][gc,ref         ] GC(205) ReferenceProcessor::execute queues: 1, RefProcThreadModel::Single, marks_oops_alive: false
[5037.268s][debug][gc,phases      ] GC(205) Reference Processing 0.120ms
[5037.268s][debug][gc,phases      ] GC(205)   VM Weak                        Min:  0.0, Avg:  0.0, Max:  0.0, Diff:  0.0, Sum:  0.0, Workers: 4
[5037.268s][debug][gc,phases      ] GC(205)     Dead                           Min: 0, Avg:  0.0, Max: 0, Diff: 0, Sum: 0, Workers: 4
[5037.268s][debug][gc,phases      ] GC(205)     Total                          Min: 64, Avg: 261.5, Max: 704, Diff: 640, Sum: 1046, Workers: 4
[5037.268s][debug][gc,phases      ] GC(205)   ObjectSynchronizer Weak        Min:  0.0, Avg:  0.0, Max:  0.0, Diff:  0.0, Sum:  0.0, Workers: 4
[5037.268s][debug][gc,phases      ] GC(205)     Dead                           Min: 0, Avg:  0.0, Max: 0, Diff: 0, Sum: 0, Workers: 4
[5037.268s][debug][gc,phases      ] GC(205)     Total                          Min: 0, Avg:  1.0, Max: 4, Diff: 4, Sum: 4, Workers: 4
[5037.268s][debug][gc,phases      ] GC(205)   JVMTI Tag Weak OopStorage      Min:  0.0, Avg:  0.0, Max:  0.0, Diff:  0.0, Sum:  0.0, Workers: 4
[5037.268s][debug][gc,phases      ] GC(205)     Dead                           Min: 0, Avg:  0.0, Max: 0, Diff: 0, Sum: 0, Workers: 4
[5037.268s][debug][gc,phases      ] GC(205)     Total                          Min: 0, Avg:  0.0, Max: 0, Diff: 0, Sum: 0, Workers: 4
[5037.268s][debug][gc,phases      ] GC(205)   StringTable Weak               Min:  0.1, Avg:  0.1, Max:  0.1, Diff:  0.0, Sum:  0.5, Workers: 4
[5037.268s][debug][gc,phases      ] GC(205)     Dead                           Min: 0, Avg:  0.0, Max: 0, Diff: 0, Sum: 0, Workers: 4
[5037.268s][debug][gc,phases      ] GC(205)     Total                          Min: 11520, Avg: 12071.2, Max: 13341, Diff: 1821, Sum: 48285, Workers: 4
[5037.268s][debug][gc,phases      ] GC(205)   ResolvedMethodTable Weak       Min:  0.0, Avg:  0.0, Max:  0.0, Diff:  0.0, Sum:  0.2, Workers: 4
[5037.268s][debug][gc,phases      ] GC(205)     Dead                           Min: 0, Avg:  4.0, Max: 16, Diff: 16, Sum: 16, Workers: 4
[5037.268s][debug][gc,phases      ] GC(205)     Total                          Min: 3687, Avg: 4011.5, Max: 4474, Diff: 787, Sum: 16046, Workers: 4
[5037.268s][debug][gc,phases      ] GC(205)   JNI Weak                       Min:  0.0, Avg:  0.0, Max:  0.0, Diff:  0.0, Sum:  0.0, Workers: 4
[5037.268s][debug][gc,phases      ] GC(205)     Dead                           Min: 0, Avg:  0.0, Max: 0, Diff: 0, Sum: 0, Workers: 4
[5037.268s][debug][gc,phases      ] GC(205)     Total                          Min: 0, Avg: 13.0, Max: 48, Diff: 48, Sum: 52, Workers: 4
[5037.268s][debug][gc,phases      ] GC(205)   StringDedup Table Weak         Min:  0.0, Avg:  0.0, Max:  0.0, Diff:  0.0, Sum:  0.0, Workers: 4
[5037.268s][debug][gc,phases      ] GC(205)     Dead                           Min: 0, Avg:  0.0, Max: 0, Diff: 0, Sum: 0, Workers: 4
[5037.268s][debug][gc,phases      ] GC(205)     Total                          Min: 0, Avg:  0.0, Max: 0, Diff: 0, Sum: 0, Workers: 4
[5037.268s][debug][gc,phases      ] GC(205)   StringDedup Requests0 Weak     Min:  0.0, Avg:  0.0, Max:  0.0, Diff:  0.0, Sum:  0.0, Workers: 4
[5037.268s][debug][gc,phases      ] GC(205)     Dead                           Min: 0, Avg:  0.0, Max: 0, Diff: 0, Sum: 0, Workers: 4
[5037.268s][debug][gc,phases      ] GC(205)     Total                          Min: 0, Avg:  0.0, Max: 0, Diff: 0, Sum: 0, Workers: 4
[5037.268s][debug][gc,phases      ] GC(205)   StringDedup Requests1 Weak     Min:  0.0, Avg:  0.0, Max:  0.0, Diff:  0.0, Sum:  0.0, Workers: 4
[5037.268s][debug][gc,phases      ] GC(205)     Dead                           Min: 0, Avg:  0.0, Max: 0, Diff: 0, Sum: 0, Workers: 4
[5037.268s][debug][gc,phases      ] GC(205)     Total                          Min: 0, Avg:  0.0, Max: 0, Diff: 0, Sum: 0, Workers: 4
[5037.268s][debug][gc,phases      ] GC(205)   Weak JFR Old Object Samples    Min:  0.0, Avg:  0.0, Max:  0.0, Diff:  0.0, Sum:  0.0, Workers: 4
[5037.268s][debug][gc,phases      ] GC(205)     Dead                           Min: 0, Avg:  0.0, Max: 0, Diff: 0, Sum: 0, Workers: 4
[5037.268s][debug][gc,phases      ] GC(205)     Total                          Min: 0, Avg:  0.0, Max: 0, Diff: 0, Sum: 0, Workers: 4
[5037.268s][debug][gc,phases      ] GC(205) Weak Processing 0.404ms
[5037.268s][debug][gc,age         ] GC(205) Desired survivor size 8388608 bytes, new threshold 1 (max threshold 15)
[5037.268s][info ][gc,heap        ] GC(205) PSYoungGen: 2085360K(2088448K)->5328K(2088960K) Eden: 2079744K(2079744K)->0K(2080768K) From: 5616K(8704K)->5328K(8192K)
[5037.268s][info ][gc,heap        ] GC(205) ParOldGen: 584363K(584704K)->585523K(585728K)
[5037.268s][info ][gc,metaspace   ] GC(205) Metaspace: 112982K(114368K)->112982K(114368K) NonClass: 96235K(97024K)->96235K(97024K) Class: 16747K(17344K)->16747K(17344K)
[5037.268s][info ][gc             ] GC(205) Pause Young (Allocation Failure) 2607M->577M(2612M) 6.185ms
[5037.269s][info ][gc,cpu         ] GC(205) User=0.02s Sys=0.00s Real=0.01s
[5037.269s][info ][safepoint      ] Safepoint "ParallelGCFailedAllocation", Time since last: 10596011625 ns, Reaching safepoint: 8901 ns, Cleanup: 5200 ns, At safepoint: 6268873 ns, Total: 6282974 ns
[5061.040s][info ][gc,start       ] GC(206) Pause Young (Allocation Failure)
[5061.046s][debug][gc,phases      ] GC(206) Scavenge 5.339ms
[5061.046s][debug][gc,ref         ] GC(206) ReferenceProcessor::execute queues: 1, RefProcThreadModel::Single, marks_oops_alive: false
[5061.046s][debug][gc,ref         ] GC(206) Skipped KeepAliveFinalRefsPhase of Reference Processing: no references
[5061.046s][debug][gc,ref         ] GC(206) Skipped PhantomRefsPhase of Reference Processing: no references
[5061.046s][debug][gc,phases      ] GC(206) Reference Processing 0.121ms
[5061.046s][debug][gc,phases      ] GC(206)   VM Weak                        Min:  0.0, Avg:  0.0, Max:  0.0, Diff:  0.0, Sum:  0.0, Workers: 4
[5061.046s][debug][gc,phases      ] GC(206)     Dead                           Min: 0, Avg:  0.0, Max: 0, Diff: 0, Sum: 0, Workers: 4
[5061.046s][debug][gc,phases      ] GC(206)     Total                          Min: 0, Avg: 261.5, Max: 960, Diff: 960, Sum: 1046, Workers: 4
[5061.046s][debug][gc,phases      ] GC(206)   ObjectSynchronizer Weak        Min:  0.0, Avg:  0.0, Max:  0.0, Diff:  0.0, Sum:  0.0, Workers: 4
[5061.046s][debug][gc,phases      ] GC(206)     Dead                           Min: 0, Avg:  0.0, Max: 0, Diff: 0, Sum: 0, Workers: 4
[5061.046s][debug][gc,phases      ] GC(206)     Total                          Min: 0, Avg:  1.0, Max: 4, Diff: 4, Sum: 4, Workers: 4
[5061.046s][debug][gc,phases      ] GC(206)   JVMTI Tag Weak OopStorage      Min:  0.0, Avg:  0.0, Max:  0.0, Diff:  0.0, Sum:  0.0, Workers: 4
[5061.046s][debug][gc,phases      ] GC(206)     Dead                           Min: 0, Avg:  0.0, Max: 0, Diff: 0, Sum: 0, Workers: 4
[5061.046s][debug][gc,phases      ] GC(206)     Total                          Min: 0, Avg:  0.0, Max: 0, Diff: 0, Sum: 0, Workers: 4
[5061.046s][debug][gc,phases      ] GC(206)   StringTable Weak               Min:  0.0, Avg:  0.1, Max:  0.2, Diff:  0.2, Sum:  0.5, Workers: 4
[5061.046s][debug][gc,phases      ] GC(206)     Dead                           Min: 0, Avg:  0.0, Max: 0, Diff: 0, Sum: 0, Workers: 4
[5061.046s][debug][gc,phases      ] GC(206)     Total                          Min: 0, Avg: 12072.2, Max: 16481, Diff: 16481, Sum: 48289, Workers: 4
[5061.046s][debug][gc,phases      ] GC(206)   ResolvedMethodTable Weak       Min:  0.0, Avg:  0.0, Max:  0.1, Diff:  0.1, Sum:  0.2, Workers: 4
[5061.046s][debug][gc,phases      ] GC(206)     Dead                           Min: 0, Avg:  4.0, Max: 16, Diff: 16, Sum: 16, Workers: 4
[5061.046s][debug][gc,phases      ] GC(206)     Total                          Min: 0, Avg: 4011.5, Max: 5494, Diff: 5494, Sum: 16046, Workers: 4
[5061.046s][debug][gc,phases      ] GC(206)   JNI Weak                       Min:  0.0, Avg:  0.0, Max:  0.0, Diff:  0.0, Sum:  0.0, Workers: 4
[5061.046s][debug][gc,phases      ] GC(206)     Dead                           Min: 0, Avg:  0.0, Max: 0, Diff: 0, Sum: 0, Workers: 4
[5061.046s][debug][gc,phases      ] GC(206)     Total                          Min: 0, Avg: 13.0, Max: 48, Diff: 48, Sum: 52, Workers: 4
[5061.046s][debug][gc,phases      ] GC(206)   StringDedup Table Weak         Min:  0.0, Avg:  0.0, Max:  0.0, Diff:  0.0, Sum:  0.0, Workers: 4
[5061.046s][debug][gc,phases      ] GC(206)     Dead                           Min: 0, Avg:  0.0, Max: 0, Diff: 0, Sum: 0, Workers: 4
[5061.046s][debug][gc,phases      ] GC(206)     Total                          Min: 0, Avg:  0.0, Max: 0, Diff: 0, Sum: 0, Workers: 4
[5061.046s][debug][gc,phases      ] GC(206)   StringDedup Requests0 Weak     Min:  0.0, Avg:  0.0, Max:  0.0, Diff:  0.0, Sum:  0.0, Workers: 4
[5061.046s][debug][gc,phases      ] GC(206)     Dead                           Min: 0, Avg:  0.0, Max: 0, Diff: 0, Sum: 0, Workers: 4
[5061.046s][debug][gc,phases      ] GC(206)     Total                          Min: 0, Avg:  0.0, Max: 0, Diff: 0, Sum: 0, Workers: 4
[5061.046s][debug][gc,phases      ] GC(206)   StringDedup Requests1 Weak     Min:  0.0, Avg:  0.0, Max:  0.0, Diff:  0.0, Sum:  0.0, Workers: 4
[5061.046s][debug][gc,phases      ] GC(206)     Dead                           Min: 0, Avg:  0.0, Max: 0, Diff: 0, Sum: 0, Workers: 4
[5061.046s][debug][gc,phases      ] GC(206)     Total                          Min: 0, Avg:  0.0, Max: 0, Diff: 0, Sum: 0, Workers: 4
[5061.046s][debug][gc,phases      ] GC(206)   Weak JFR Old Object Samples    Min:  0.0, Avg:  0.0, Max:  0.0, Diff:  0.0, Sum:  0.0, Workers: 4
[5061.046s][debug][gc,phases      ] GC(206)     Dead                           Min: 0, Avg:  0.0, Max: 0, Diff: 0, Sum: 0, Workers: 4
[5061.046s][debug][gc,phases      ] GC(206)     Total                          Min: 0, Avg:  0.0, Max: 0, Diff: 0, Sum: 0, Workers: 4
[5061.046s][debug][gc,phases      ] GC(206) Weak Processing 0.512ms
[5061.046s][debug][gc,age         ] GC(206) Desired survivor size 8388608 bytes, new threshold 1 (max threshold 15)
[5061.046s][info ][gc,heap        ] GC(206) PSYoungGen: 2086096K(2088960K)->5833K(2088960K) Eden: 2080768K(2080768K)->0K(2080768K) From: 5328K(8192K)->5833K(8192K)
[5061.046s][info ][gc,heap        ] GC(206) ParOldGen: 585523K(585728K)->586359K(586752K)
[5061.046s][info ][gc,metaspace   ] GC(206) Metaspace: 112986K(114368K)->112986K(114368K) NonClass: 96239K(97024K)->96239K(97024K) Class: 16747K(17344K)->16747K(17344K)
[5061.046s][info ][gc             ] GC(206) Pause Young (Allocation Failure) 2609M->578M(2613M) 6.134ms
[5061.046s][info ][gc,cpu         ] GC(206) User=0.02s Sys=0.00s Real=0.01s
[5061.046s][info ][safepoint      ] Safepoint "ParallelGCFailedAllocation", Time since last: 23771523144 ns, Reaching safepoint: 83803 ns, Cleanup: 5500 ns, At safepoint: 6224014 ns, Total: 6313317 ns
[5085.991s][info ][gc,start       ] GC(207) Pause Young (Allocation Failure)
[5085.996s][debug][gc,phases      ] GC(207) Scavenge 4.963ms
[5085.996s][debug][gc,ref         ] GC(207) ReferenceProcessor::execute queues: 1, RefProcThreadModel::Single, marks_oops_alive: false
[5085.996s][debug][gc,ref         ] GC(207) Skipped KeepAliveFinalRefsPhase of Reference Processing: no references
[5085.996s][debug][gc,ref         ] GC(207) ReferenceProcessor::execute queues: 1, RefProcThreadModel::Single, marks_oops_alive: false
[5085.996s][debug][gc,phases      ] GC(207) Reference Processing 0.120ms
[5085.997s][debug][gc,phases      ] GC(207)   VM Weak                        Min:  0.0, Avg:  0.0, Max:  0.0, Diff:  0.0, Sum:  0.0, Workers: 4
[5085.997s][debug][gc,phases      ] GC(207)     Dead                           Min: 0, Avg:  0.0, Max: 0, Diff: 0, Sum: 0, Workers: 4
[5085.997s][debug][gc,phases      ] GC(207)     Total                          Min: 0, Avg: 261.5, Max: 768, Diff: 768, Sum: 1046, Workers: 4
[5085.997s][debug][gc,phases      ] GC(207)   ObjectSynchronizer Weak        Min:  0.0, Avg:  0.0, Max:  0.0, Diff:  0.0, Sum:  0.0, Workers: 4
[5085.997s][debug][gc,phases      ] GC(207)     Dead                           Min: 0, Avg:  0.0, Max: 0, Diff: 0, Sum: 0, Workers: 4
[5085.997s][debug][gc,phases      ] GC(207)     Total                          Min: 0, Avg:  1.0, Max: 4, Diff: 4, Sum: 4, Workers: 4
[5085.997s][debug][gc,phases      ] GC(207)   JVMTI Tag Weak OopStorage      Min:  0.0, Avg:  0.0, Max:  0.0, Diff:  0.0, Sum:  0.0, Workers: 4
[5085.997s][debug][gc,phases      ] GC(207)     Dead                           Min: 0, Avg:  0.0, Max: 0, Diff: 0, Sum: 0, Workers: 4
[5085.997s][debug][gc,phases      ] GC(207)     Total                          Min: 0, Avg:  0.0, Max: 0, Diff: 0, Sum: 0, Workers: 4
[5085.997s][debug][gc,phases      ] GC(207)   StringTable Weak               Min:  0.0, Avg:  0.1, Max:  0.2, Diff:  0.2, Sum:  0.5, Workers: 4
[5085.997s][debug][gc,phases      ] GC(207)     Dead                           Min: 0, Avg:  0.0, Max: 0, Diff: 0, Sum: 0, Workers: 4
[5085.997s][debug][gc,phases      ] GC(207)     Total                          Min: 0, Avg: 12072.2, Max: 24161, Diff: 24161, Sum: 48289, Workers: 4
[5085.997s][debug][gc,phases      ] GC(207)   ResolvedMethodTable Weak       Min:  0.0, Avg:  0.0, Max:  0.1, Diff:  0.1, Sum:  0.2, Workers: 4
[5085.997s][debug][gc,phases      ] GC(207)     Dead                           Min: 0, Avg:  4.0, Max: 16, Diff: 16, Sum: 16, Workers: 4
[5085.997s][debug][gc,phases      ] GC(207)     Total                          Min: 0, Avg: 4011.5, Max: 8142, Diff: 8142, Sum: 16046, Workers: 4
[5085.997s][debug][gc,phases      ] GC(207)   JNI Weak                       Min:  0.0, Avg:  0.0, Max:  0.0, Diff:  0.0, Sum:  0.0, Workers: 4
[5085.997s][debug][gc,phases      ] GC(207)     Dead                           Min: 0, Avg:  0.0, Max: 0, Diff: 0, Sum: 0, Workers: 4
[5085.997s][debug][gc,phases      ] GC(207)     Total                          Min: 0, Avg: 13.0, Max: 48, Diff: 48, Sum: 52, Workers: 4
[5085.997s][debug][gc,phases      ] GC(207)   StringDedup Table Weak         Min:  0.0, Avg:  0.0, Max:  0.0, Diff:  0.0, Sum:  0.0, Workers: 4
[5085.997s][debug][gc,phases      ] GC(207)     Dead                           Min: 0, Avg:  0.0, Max: 0, Diff: 0, Sum: 0, Workers: 4
[5085.997s][debug][gc,phases      ] GC(207)     Total                          Min: 0, Avg:  0.0, Max: 0, Diff: 0, Sum: 0, Workers: 4
[5085.997s][debug][gc,phases      ] GC(207)   StringDedup Requests0 Weak     Min:  0.0, Avg:  0.0, Max:  0.0, Diff:  0.0, Sum:  0.0, Workers: 4
[5085.997s][debug][gc,phases      ] GC(207)     Dead                           Min: 0, Avg:  0.0, Max: 0, Diff: 0, Sum: 0, Workers: 4
[5085.997s][debug][gc,phases      ] GC(207)     Total                          Min: 0, Avg:  0.0, Max: 0, Diff: 0, Sum: 0, Workers: 4
[5085.997s][debug][gc,phases      ] GC(207)   StringDedup Requests1 Weak     Min:  0.0, Avg:  0.0, Max:  0.0, Diff:  0.0, Sum:  0.0, Workers: 4
[5085.997s][debug][gc,phases      ] GC(207)     Dead                           Min: 0, Avg:  0.0, Max: 0, Diff: 0, Sum: 0, Workers: 4
[5085.997s][debug][gc,phases      ] GC(207)     Total                          Min: 0, Avg:  0.0, Max: 0, Diff: 0, Sum: 0, Workers: 4
[5085.997s][debug][gc,phases      ] GC(207)   Weak JFR Old Object Samples    Min:  0.0, Avg:  0.0, Max:  0.0, Diff:  0.0, Sum:  0.0, Workers: 4
[5085.997s][debug][gc,phases      ] GC(207)     Dead                           Min: 0, Avg:  0.0, Max: 0, Diff: 0, Sum: 0, Workers: 4
[5085.997s][debug][gc,phases      ] GC(207)     Total                          Min: 0, Avg:  0.0, Max: 0, Diff: 0, Sum: 0, Workers: 4
[5085.997s][debug][gc,phases      ] GC(207) Weak Processing 0.559ms
[5085.997s][debug][gc,age         ] GC(207) Desired survivor size 7864320 bytes, new threshold 1 (max threshold 15)
[5085.997s][info ][gc,heap        ] GC(207) PSYoungGen: 2086601K(2088960K)->5136K(2089472K) Eden: 2080768K(2080768K)->0K(2081280K) From: 5833K(8192K)->5136K(8192K)
[5085.997s][info ][gc,heap        ] GC(207) ParOldGen: 586359K(586752K)->587609K(587776K)
[5085.997s][info ][gc,metaspace   ] GC(207) Metaspace: 112989K(114368K)->112989K(114368K) NonClass: 96242K(97024K)->96242K(97024K) Class: 16747K(17344K)->16747K(17344K)
[5085.997s][info ][gc             ] GC(207) Pause Young (Allocation Failure) 2610M->578M(2614M) 5.791ms
[5085.997s][info ][gc,cpu         ] GC(207) User=0.02s Sys=0.00s Real=0.01s
[5085.997s][info ][safepoint      ] Safepoint "ParallelGCFailedAllocation", Time since last: 24944811591 ns, Reaching safepoint: 83703 ns, Cleanup: 4000 ns, At safepoint: 5891701 ns, Total: 5979404 ns
[5111.764s][info ][gc,start       ] GC(208) Pause Young (Allocation Failure)
[5111.769s][debug][gc,phases      ] GC(208) Scavenge 4.747ms
[5111.769s][debug][gc,ref         ] GC(208) ReferenceProcessor::execute queues: 1, RefProcThreadModel::Single, marks_oops_alive: false
[5111.769s][debug][gc,ref         ] GC(208) Skipped KeepAliveFinalRefsPhase of Reference Processing: no references
[5111.769s][debug][gc,ref         ] GC(208) Skipped PhantomRefsPhase of Reference Processing: no references
[5111.769s][debug][gc,phases      ] GC(208) Reference Processing 0.119ms
[5111.770s][debug][gc,phases      ] GC(208)   VM Weak                        Min:  0.0, Avg:  0.0, Max:  0.0, Diff:  0.0, Sum:  0.0, Workers: 4
[5111.770s][debug][gc,phases      ] GC(208)     Dead                           Min: 0, Avg:  0.0, Max: 0, Diff: 0, Sum: 0, Workers: 4
[5111.770s][debug][gc,phases      ] GC(208)     Total                          Min: 0, Avg: 261.5, Max: 534, Diff: 534, Sum: 1046, Workers: 4
[5111.770s][debug][gc,phases      ] GC(208)   ObjectSynchronizer Weak        Min:  0.0, Avg:  0.0, Max:  0.0, Diff:  0.0, Sum:  0.0, Workers: 4
[5111.770s][debug][gc,phases      ] GC(208)     Dead                           Min: 0, Avg:  0.0, Max: 0, Diff: 0, Sum: 0, Workers: 4
[5111.770s][debug][gc,phases      ] GC(208)     Total                          Min: 0, Avg:  0.8, Max: 3, Diff: 3, Sum: 3, Workers: 4
[5111.770s][debug][gc,phases      ] GC(208)   JVMTI Tag Weak OopStorage      Min:  0.0, Avg:  0.0, Max:  0.0, Diff:  0.0, Sum:  0.0, Workers: 4
[5111.770s][debug][gc,phases      ] GC(208)     Dead                           Min: 0, Avg:  0.0, Max: 0, Diff: 0, Sum: 0, Workers: 4
[5111.770s][debug][gc,phases      ] GC(208)     Total                          Min: 0, Avg:  0.0, Max: 0, Diff: 0, Sum: 0, Workers: 4
[5111.770s][debug][gc,phases      ] GC(208)   StringTable Weak               Min:  0.0, Avg:  0.1, Max:  0.2, Diff:  0.2, Sum:  0.5, Workers: 4
[5111.770s][debug][gc,phases      ] GC(208)     Dead                           Min: 0, Avg:  0.0, Max: 0, Diff: 0, Sum: 0, Workers: 4
[5111.770s][debug][gc,phases      ] GC(208)     Total                          Min: 0, Avg: 12072.2, Max: 16576, Diff: 16576, Sum: 48289, Workers: 4
[5111.770s][debug][gc,phases      ] GC(208)   ResolvedMethodTable Weak       Min:  0.0, Avg:  0.0, Max:  0.1, Diff:  0.1, Sum:  0.2, Workers: 4
[5111.770s][debug][gc,phases      ] GC(208)     Dead                           Min: 0, Avg:  4.0, Max: 16, Diff: 16, Sum: 16, Workers: 4
[5111.770s][debug][gc,phases      ] GC(208)     Total                          Min: 0, Avg: 4011.5, Max: 5914, Diff: 5914, Sum: 16046, Workers: 4
[5111.770s][debug][gc,phases      ] GC(208)   JNI Weak                       Min:  0.0, Avg:  0.0, Max:  0.0, Diff:  0.0, Sum:  0.0, Workers: 4
[5111.770s][debug][gc,phases      ] GC(208)     Dead                           Min: 0, Avg:  0.0, Max: 0, Diff: 0, Sum: 0, Workers: 4
[5111.770s][debug][gc,phases      ] GC(208)     Total                          Min: 0, Avg: 13.0, Max: 48, Diff: 48, Sum: 52, Workers: 4
[5111.770s][debug][gc,phases      ] GC(208)   StringDedup Table Weak         Min:  0.0, Avg:  0.0, Max:  0.0, Diff:  0.0, Sum:  0.0, Workers: 4
[5111.770s][debug][gc,phases      ] GC(208)     Dead                           Min: 0, Avg:  0.0, Max: 0, Diff: 0, Sum: 0, Workers: 4
[5111.770s][debug][gc,phases      ] GC(208)     Total                          Min: 0, Avg:  0.0, Max: 0, Diff: 0, Sum: 0, Workers: 4
[5111.770s][debug][gc,phases      ] GC(208)   StringDedup Requests0 Weak     Min:  0.0, Avg:  0.0, Max:  0.0, Diff:  0.0, Sum:  0.0, Workers: 4
[5111.770s][debug][gc,phases      ] GC(208)     Dead                           Min: 0, Avg:  0.0, Max: 0, Diff: 0, Sum: 0, Workers: 4
[5111.770s][debug][gc,phases      ] GC(208)     Total                          Min: 0, Avg:  0.0, Max: 0, Diff: 0, Sum: 0, Workers: 4
[5111.770s][debug][gc,phases      ] GC(208)   StringDedup Requests1 Weak     Min:  0.0, Avg:  0.0, Max:  0.0, Diff:  0.0, Sum:  0.0, Workers: 4
[5111.770s][debug][gc,phases      ] GC(208)     Dead                           Min: 0, Avg:  0.0, Max: 0, Diff: 0, Sum: 0, Workers: 4
[5111.770s][debug][gc,phases      ] GC(208)     Total                          Min: 0, Avg:  0.0, Max: 0, Diff: 0, Sum: 0, Workers: 4
[5111.770s][debug][gc,phases      ] GC(208)   Weak JFR Old Object Samples    Min:  0.0, Avg:  0.0, Max:  0.0, Diff:  0.0, Sum:  0.0, Workers: 4
[5111.770s][debug][gc,phases      ] GC(208)     Dead                           Min: 0, Avg:  0.0, Max: 0, Diff: 0, Sum: 0, Workers: 4
[5111.770s][debug][gc,phases      ] GC(208)     Total                          Min: 0, Avg:  0.0, Max: 0, Diff: 0, Sum: 0, Workers: 4
[5111.770s][debug][gc,phases      ] GC(208) Weak Processing 0.469ms
[5111.770s][debug][gc,age         ] GC(208) Desired survivor size 7864320 bytes, new threshold 1 (max threshold 15)
[5111.770s][info ][gc,heap        ] GC(208) PSYoungGen: 2086416K(2089472K)->5248K(2088960K) Eden: 2081280K(2081280K)->0K(2081280K) From: 5136K(8192K)->5248K(7680K)
[5111.770s][info ][gc,heap        ] GC(208) ParOldGen: 587609K(587776K)->588785K(588800K)
[5111.770s][info ][gc,metaspace   ] GC(208) Metaspace: 112989K(114368K)->112989K(114368K) NonClass: 96242K(97024K)->96242K(97024K) Class: 16747K(17344K)->16747K(17344K)
[5111.770s][info ][gc             ] GC(208) Pause Young (Allocation Failure) 2611M->580M(2615M) 5.484ms
[5111.770s][info ][gc,cpu         ] GC(208) User=0.02s Sys=0.00s Real=0.00s
[5111.770s][info ][safepoint      ] Safepoint "ParallelGCFailedAllocation", Time since last: 25767158512 ns, Reaching safepoint: 10001 ns, Cleanup: 5100 ns, At safepoint: 5608890 ns, Total: 5623991 ns
[5122.771s][info ][safepoint      ] Safepoint "Cleanup", Time since last: 11000841633 ns, Reaching safepoint: 12301 ns, Cleanup: 18200 ns, At safepoint: 3101 ns, Total: 33602 ns
[5136.754s][info ][gc,start       ] GC(209) Pause Young (Allocation Failure)
[5136.764s][debug][gc,phases      ] GC(209) Scavenge 9.870ms
[5136.764s][debug][gc,ref         ] GC(209) ReferenceProcessor::execute queues: 1, RefProcThreadModel::Single, marks_oops_alive: false
[5136.764s][debug][gc,ref         ] GC(209) Skipped KeepAliveFinalRefsPhase of Reference Processing: no references
[5136.764s][debug][gc,ref         ] GC(209) ReferenceProcessor::execute queues: 1, RefProcThreadModel::Single, marks_oops_alive: false
[5136.764s][debug][gc,phases      ] GC(209) Reference Processing 0.121ms
[5136.764s][debug][gc,phases      ] GC(209)   VM Weak                        Min:  0.0, Avg:  0.0, Max:  0.0, Diff:  0.0, Sum:  0.0, Workers: 4
[5136.764s][debug][gc,phases      ] GC(209)     Dead                           Min: 0, Avg:  0.0, Max: 0, Diff: 0, Sum: 0, Workers: 4
[5136.764s][debug][gc,phases      ] GC(209)     Total                          Min: 0, Avg: 261.5, Max: 448, Diff: 448, Sum: 1046, Workers: 4
[5136.764s][debug][gc,phases      ] GC(209)   ObjectSynchronizer Weak        Min:  0.0, Avg:  0.0, Max:  0.0, Diff:  0.0, Sum:  0.0, Workers: 4
[5136.764s][debug][gc,phases      ] GC(209)     Dead                           Min: 0, Avg:  0.0, Max: 0, Diff: 0, Sum: 0, Workers: 4
[5136.764s][debug][gc,phases      ] GC(209)     Total                          Min: 0, Avg:  1.0, Max: 4, Diff: 4, Sum: 4, Workers: 4
[5136.764s][debug][gc,phases      ] GC(209)   JVMTI Tag Weak OopStorage      Min:  0.0, Avg:  0.0, Max:  0.0, Diff:  0.0, Sum:  0.0, Workers: 4
[5136.764s][debug][gc,phases      ] GC(209)     Dead                           Min: 0, Avg:  0.0, Max: 0, Diff: 0, Sum: 0, Workers: 4
[5136.764s][debug][gc,phases      ] GC(209)     Total                          Min: 0, Avg:  0.0, Max: 0, Diff: 0, Sum: 0, Workers: 4
[5136.764s][debug][gc,phases      ] GC(209)   StringTable Weak               Min:  0.0, Avg:  0.1, Max:  0.2, Diff:  0.2, Sum:  0.5, Workers: 4
[5136.764s][debug][gc,phases      ] GC(209)     Dead                           Min: 0, Avg:  0.0, Max: 0, Diff: 0, Sum: 0, Workers: 4
[5136.764s][debug][gc,phases      ] GC(209)     Total                          Min: 0, Avg: 12072.2, Max: 16256, Diff: 16256, Sum: 48289, Workers: 4
[5136.764s][debug][gc,phases      ] GC(209)   ResolvedMethodTable Weak       Min:  0.0, Avg:  0.0, Max:  0.1, Diff:  0.1, Sum:  0.2, Workers: 4
[5136.764s][debug][gc,phases      ] GC(209)     Dead                           Min: 0, Avg:  4.0, Max: 16, Diff: 16, Sum: 16, Workers: 4
[5136.764s][debug][gc,phases      ] GC(209)     Total                          Min: 0, Avg: 4011.5, Max: 5716, Diff: 5716, Sum: 16046, Workers: 4
[5136.764s][debug][gc,phases      ] GC(209)   JNI Weak                       Min:  0.0, Avg:  0.0, Max:  0.0, Diff:  0.0, Sum:  0.0, Workers: 4
[5136.764s][debug][gc,phases      ] GC(209)     Dead                           Min: 0, Avg:  0.0, Max: 0, Diff: 0, Sum: 0, Workers: 4
[5136.764s][debug][gc,phases      ] GC(209)     Total                          Min: 0, Avg: 13.0, Max: 48, Diff: 48, Sum: 52, Workers: 4
[5136.764s][debug][gc,phases      ] GC(209)   StringDedup Table Weak         Min:  0.0, Avg:  0.0, Max:  0.0, Diff:  0.0, Sum:  0.0, Workers: 4
[5136.764s][debug][gc,phases      ] GC(209)     Dead                           Min: 0, Avg:  0.0, Max: 0, Diff: 0, Sum: 0, Workers: 4
[5136.764s][debug][gc,phases      ] GC(209)     Total                          Min: 0, Avg:  0.0, Max: 0, Diff: 0, Sum: 0, Workers: 4
[5136.764s][debug][gc,phases      ] GC(209)   StringDedup Requests0 Weak     Min:  0.0, Avg:  0.0, Max:  0.0, Diff:  0.0, Sum:  0.0, Workers: 4
[5136.764s][debug][gc,phases      ] GC(209)     Dead                           Min: 0, Avg:  0.0, Max: 0, Diff: 0, Sum: 0, Workers: 4
[5136.764s][debug][gc,phases      ] GC(209)     Total                          Min: 0, Avg:  0.0, Max: 0, Diff: 0, Sum: 0, Workers: 4
[5136.764s][debug][gc,phases      ] GC(209)   StringDedup Requests1 Weak     Min:  0.0, Avg:  0.0, Max:  0.0, Diff:  0.0, Sum:  0.0, Workers: 4
[5136.764s][debug][gc,phases      ] GC(209)     Dead                           Min: 0, Avg:  0.0, Max: 0, Diff: 0, Sum: 0, Workers: 4
[5136.764s][debug][gc,phases      ] GC(209)     Total                          Min: 0, Avg:  0.0, Max: 0, Diff: 0, Sum: 0, Workers: 4
[5136.764s][debug][gc,phases      ] GC(209)   Weak JFR Old Object Samples    Min:  0.0, Avg:  0.0, Max:  0.0, Diff:  0.0, Sum:  0.0, Workers: 4
[5136.764s][debug][gc,phases      ] GC(209)     Dead                           Min: 0, Avg:  0.0, Max: 0, Diff: 0, Sum: 0, Workers: 4
[5136.764s][debug][gc,phases      ] GC(209)     Total                          Min: 0, Avg:  0.0, Max: 0, Diff: 0, Sum: 0, Workers: 4
[5136.764s][debug][gc,phases      ] GC(209) Weak Processing 0.490ms
[5136.764s][debug][gc,age         ] GC(209) Desired survivor size 7864320 bytes, new threshold 1 (max threshold 15)
[5136.764s][info ][gc,heap        ] GC(209) PSYoungGen: 2086528K(2088960K)->5830K(2089472K) Eden: 2081280K(2081280K)->0K(2081792K) From: 5248K(7680K)->5830K(7680K)
[5136.764s][info ][gc,heap        ] GC(209) ParOldGen: 588785K(588800K)->589653K(589824K)
[5136.765s][info ][gc,metaspace   ] GC(209) Metaspace: 112998K(114368K)->112998K(114368K) NonClass: 96251K(97024K)->96251K(97024K) Class: 16747K(17344K)->16747K(17344K)
[5136.765s][info ][gc             ] GC(209) Pause Young (Allocation Failure) 2612M->581M(2616M) 10.653ms
[5136.765s][info ][gc,cpu         ] GC(209) User=0.03s Sys=0.00s Real=0.01s
[5136.765s][info ][safepoint      ] Safepoint "ParallelGCFailedAllocation", Time since last: 13982889205 ns, Reaching safepoint: 89403 ns, Cleanup: 14901 ns, At safepoint: 10757665 ns, Total: 10861969 ns
[5157.766s][info ][safepoint      ] Safepoint "Cleanup", Time since last: 21001567545 ns, Reaching safepoint: 11100 ns, Cleanup: 14301 ns, At safepoint: 2900 ns, Total: 28301 ns
[5162.340s][info ][gc,start       ] GC(210) Pause Young (Allocation Failure)
[5162.346s][debug][gc,phases      ] GC(210) Scavenge 5.403ms
[5162.346s][debug][gc,ref         ] GC(210) ReferenceProcessor::execute queues: 1, RefProcThreadModel::Single, marks_oops_alive: false
[5162.346s][debug][gc,ref         ] GC(210) Skipped KeepAliveFinalRefsPhase of Reference Processing: no references
[5162.346s][debug][gc,ref         ] GC(210) ReferenceProcessor::execute queues: 1, RefProcThreadModel::Single, marks_oops_alive: false
[5162.346s][debug][gc,phases      ] GC(210) Reference Processing 0.165ms
[5162.346s][debug][gc,phases      ] GC(210)   VM Weak                        Min:  0.0, Avg:  0.0, Max:  0.0, Diff:  0.0, Sum:  0.0, Workers: 4
[5162.346s][debug][gc,phases      ] GC(210)     Dead                           Min: 0, Avg:  0.0, Max: 0, Diff: 0, Sum: 0, Workers: 4
[5162.346s][debug][gc,phases      ] GC(210)     Total                          Min: 0, Avg: 261.5, Max: 662, Diff: 662, Sum: 1046, Workers: 4
[5162.346s][debug][gc,phases      ] GC(210)   ObjectSynchronizer Weak        Min:  0.0, Avg:  0.0, Max:  0.0, Diff:  0.0, Sum:  0.0, Workers: 4
[5162.346s][debug][gc,phases      ] GC(210)     Dead                           Min: 0, Avg:  0.0, Max: 0, Diff: 0, Sum: 0, Workers: 4
[5162.346s][debug][gc,phases      ] GC(210)     Total                          Min: 0, Avg:  0.8, Max: 3, Diff: 3, Sum: 3, Workers: 4
[5162.346s][debug][gc,phases      ] GC(210)   JVMTI Tag Weak OopStorage      Min:  0.0, Avg:  0.0, Max:  0.0, Diff:  0.0, Sum:  0.0, Workers: 4
[5162.346s][debug][gc,phases      ] GC(210)     Dead                           Min: 0, Avg:  0.0, Max: 0, Diff: 0, Sum: 0, Workers: 4
[5162.346s][debug][gc,phases      ] GC(210)     Total                          Min: 0, Avg:  0.0, Max: 0, Diff: 0, Sum: 0, Workers: 4
[5162.346s][debug][gc,phases      ] GC(210)   StringTable Weak               Min:  0.0, Avg:  0.1, Max:  0.2, Diff:  0.2, Sum:  0.5, Workers: 4
[5162.346s][debug][gc,phases      ] GC(210)     Dead                           Min: 0, Avg:  0.0, Max: 0, Diff: 0, Sum: 0, Workers: 4
[5162.346s][debug][gc,phases      ] GC(210)     Total                          Min: 0, Avg: 12072.2, Max: 24576, Diff: 24576, Sum: 48289, Workers: 4
[5162.346s][debug][gc,phases      ] GC(210)   ResolvedMethodTable Weak       Min:  0.0, Avg:  0.0, Max:  0.1, Diff:  0.1, Sum:  0.2, Workers: 4
[5162.346s][debug][gc,phases      ] GC(210)     Dead                           Min: 0, Avg:  0.0, Max: 0, Diff: 0, Sum: 0, Workers: 4
[5162.346s][debug][gc,phases      ] GC(210)     Total                          Min: 0, Avg: 4011.5, Max: 8169, Diff: 8169, Sum: 16046, Workers: 4
[5162.346s][debug][gc,phases      ] GC(210)   JNI Weak                       Min:  0.0, Avg:  0.0, Max:  0.0, Diff:  0.0, Sum:  0.0, Workers: 4
[5162.346s][debug][gc,phases      ] GC(210)     Dead                           Min: 0, Avg:  0.0, Max: 0, Diff: 0, Sum: 0, Workers: 4
[5162.346s][debug][gc,phases      ] GC(210)     Total                          Min: 0, Avg: 13.0, Max: 52, Diff: 52, Sum: 52, Workers: 4
[5162.346s][debug][gc,phases      ] GC(210)   StringDedup Table Weak         Min:  0.0, Avg:  0.0, Max:  0.0, Diff:  0.0, Sum:  0.0, Workers: 4
[5162.347s][debug][gc,phases      ] GC(210)     Dead                           Min: 0, Avg:  0.0, Max: 0, Diff: 0, Sum: 0, Workers: 4
[5162.347s][debug][gc,phases      ] GC(210)     Total                          Min: 0, Avg:  0.0, Max: 0, Diff: 0, Sum: 0, Workers: 4
[5162.347s][debug][gc,phases      ] GC(210)   StringDedup Requests0 Weak     Min:  0.0, Avg:  0.0, Max:  0.0, Diff:  0.0, Sum:  0.0, Workers: 4
[5162.347s][debug][gc,phases      ] GC(210)     Dead                           Min: 0, Avg:  0.0, Max: 0, Diff: 0, Sum: 0, Workers: 4
[5162.347s][debug][gc,phases      ] GC(210)     Total                          Min: 0, Avg:  0.0, Max: 0, Diff: 0, Sum: 0, Workers: 4
[5162.347s][debug][gc,phases      ] GC(210)   StringDedup Requests1 Weak     Min:  0.0, Avg:  0.0, Max:  0.0, Diff:  0.0, Sum:  0.0, Workers: 4
[5162.347s][debug][gc,phases      ] GC(210)     Dead                           Min: 0, Avg:  0.0, Max: 0, Diff: 0, Sum: 0, Workers: 4
[5162.347s][debug][gc,phases      ] GC(210)     Total                          Min: 0, Avg:  0.0, Max: 0, Diff: 0, Sum: 0, Workers: 4
[5162.347s][debug][gc,phases      ] GC(210)   Weak JFR Old Object Samples    Min:  0.0, Avg:  0.0, Max:  0.0, Diff:  0.0, Sum:  0.0, Workers: 4
[5162.347s][debug][gc,phases      ] GC(210)     Dead                           Min: 0, Avg:  0.0, Max: 0, Diff: 0, Sum: 0, Workers: 4
[5162.347s][debug][gc,phases      ] GC(210)     Total                          Min: 0, Avg:  0.0, Max: 0, Diff: 0, Sum: 0, Workers: 4
[5162.347s][debug][gc,phases      ] GC(210) Weak Processing 0.631ms
[5162.347s][debug][gc,age         ] GC(210) Desired survivor size 7864320 bytes, new threshold 1 (max threshold 15)
[5162.347s][info ][gc,heap        ] GC(210) PSYoungGen: 2087622K(2089472K)->5120K(2089472K) Eden: 2081792K(2081792K)->0K(2081792K) From: 5830K(7680K)->5120K(7680K)
[5162.347s][info ][gc,heap        ] GC(210) ParOldGen: 589653K(589824K)->590733K(590848K)
[5162.347s][info ][gc,metaspace   ] GC(210) Metaspace: 113002K(114432K)->113002K(114432K) NonClass: 96255K(97088K)->96255K(97088K) Class: 16747K(17344K)->16747K(17344K)
[5162.347s][info ][gc             ] GC(210) Pause Young (Allocation Failure) 2614M->581M(2617M) 6.378ms
[5162.347s][info ][gc,cpu         ] GC(210) User=0.02s Sys=0.00s Real=0.01s
[5162.347s][info ][safepoint      ] Safepoint "ParallelGCFailedAllocation", Time since last: 4573986709 ns, Reaching safepoint: 80603 ns, Cleanup: 5000 ns, At safepoint: 6670727 ns, Total: 6756330 ns
[5172.348s][info ][safepoint      ] Safepoint "Cleanup", Time since last: 10000890163 ns, Reaching safepoint: 89003 ns, Cleanup: 16001 ns, At safepoint: 9500 ns, Total: 114504 ns
[5183.349s][info ][safepoint      ] Safepoint "Cleanup", Time since last: 11001041344 ns, Reaching safepoint: 87603 ns, Cleanup: 11601 ns, At safepoint: 7800 ns, Total: 107004 ns
[5187.538s][info ][gc,start       ] GC(211) Pause Young (Allocation Failure)
[5187.543s][debug][gc,phases      ] GC(211) Scavenge 5.462ms
[5187.543s][debug][gc,ref         ] GC(211) ReferenceProcessor::execute queues: 1, RefProcThreadModel::Single, marks_oops_alive: false
[5187.543s][debug][gc,ref         ] GC(211) Skipped KeepAliveFinalRefsPhase of Reference Processing: no references
[5187.543s][debug][gc,ref         ] GC(211) ReferenceProcessor::execute queues: 1, RefProcThreadModel::Single, marks_oops_alive: false
[5187.543s][debug][gc,phases      ] GC(211) Reference Processing 0.118ms
[5187.543s][debug][gc,phases      ] GC(211)   VM Weak                        Min:  0.0, Avg:  0.0, Max:  0.0, Diff:  0.0, Sum:  0.0, Workers: 4
[5187.544s][debug][gc,phases      ] GC(211)     Dead                           Min: 0, Avg:  0.0, Max: 0, Diff: 0, Sum: 0, Workers: 4
[5187.544s][debug][gc,phases      ] GC(211)     Total                          Min: 0, Avg: 261.5, Max: 896, Diff: 896, Sum: 1046, Workers: 4
[5187.544s][debug][gc,phases      ] GC(211)   ObjectSynchronizer Weak        Min:  0.0, Avg:  0.0, Max:  0.0, Diff:  0.0, Sum:  0.0, Workers: 4
[5187.544s][debug][gc,phases      ] GC(211)     Dead                           Min: 0, Avg:  0.0, Max: 0, Diff: 0, Sum: 0, Workers: 4
[5187.544s][debug][gc,phases      ] GC(211)     Total                          Min: 0, Avg:  1.0, Max: 4, Diff: 4, Sum: 4, Workers: 4
[5187.544s][debug][gc,phases      ] GC(211)   JVMTI Tag Weak OopStorage      Min:  0.0, Avg:  0.0, Max:  0.0, Diff:  0.0, Sum:  0.0, Workers: 4
[5187.544s][debug][gc,phases      ] GC(211)     Dead                           Min: 0, Avg:  0.0, Max: 0, Diff: 0, Sum: 0, Workers: 4
[5187.544s][debug][gc,phases      ] GC(211)     Total                          Min: 0, Avg:  0.0, Max: 0, Diff: 0, Sum: 0, Workers: 4
[5187.544s][debug][gc,phases      ] GC(211)   StringTable Weak               Min:  0.0, Avg:  0.1, Max:  0.2, Diff:  0.2, Sum:  0.5, Workers: 4
[5187.544s][debug][gc,phases      ] GC(211)     Dead                           Min: 0, Avg:  0.0, Max: 0, Diff: 0, Sum: 0, Workers: 4
[5187.544s][debug][gc,phases      ] GC(211)     Total                          Min: 0, Avg: 12072.2, Max: 16960, Diff: 16960, Sum: 48289, Workers: 4
[5187.544s][debug][gc,phases      ] GC(211)   ResolvedMethodTable Weak       Min:  0.0, Avg:  0.0, Max:  0.1, Diff:  0.1, Sum:  0.2, Workers: 4
[5187.544s][debug][gc,phases      ] GC(211)     Dead                           Min: 0, Avg:  4.0, Max: 16, Diff: 16, Sum: 16, Workers: 4
[5187.544s][debug][gc,phases      ] GC(211)     Total                          Min: 0, Avg: 4011.5, Max: 5710, Diff: 5710, Sum: 16046, Workers: 4
[5187.544s][debug][gc,phases      ] GC(211)   JNI Weak                       Min:  0.0, Avg:  0.0, Max:  0.0, Diff:  0.0, Sum:  0.0, Workers: 4
[5187.544s][debug][gc,phases      ] GC(211)     Dead                           Min: 0, Avg:  0.0, Max: 0, Diff: 0, Sum: 0, Workers: 4
[5187.544s][debug][gc,phases      ] GC(211)     Total                          Min: 0, Avg: 13.0, Max: 48, Diff: 48, Sum: 52, Workers: 4
[5187.544s][debug][gc,phases      ] GC(211)   StringDedup Table Weak         Min:  0.0, Avg:  0.0, Max:  0.0, Diff:  0.0, Sum:  0.0, Workers: 4
[5187.544s][debug][gc,phases      ] GC(211)     Dead                           Min: 0, Avg:  0.0, Max: 0, Diff: 0, Sum: 0, Workers: 4
[5187.544s][debug][gc,phases      ] GC(211)     Total                          Min: 0, Avg:  0.0, Max: 0, Diff: 0, Sum: 0, Workers: 4
[5187.544s][debug][gc,phases      ] GC(211)   StringDedup Requests0 Weak     Min:  0.0, Avg:  0.0, Max:  0.0, Diff:  0.0, Sum:  0.0, Workers: 4
[5187.544s][debug][gc,phases      ] GC(211)     Dead                           Min: 0, Avg:  0.0, Max: 0, Diff: 0, Sum: 0, Workers: 4
[5187.544s][debug][gc,phases      ] GC(211)     Total                          Min: 0, Avg:  0.0, Max: 0, Diff: 0, Sum: 0, Workers: 4
[5187.544s][debug][gc,phases      ] GC(211)   StringDedup Requests1 Weak     Min:  0.0, Avg:  0.0, Max:  0.0, Diff:  0.0, Sum:  0.0, Workers: 4
[5187.544s][debug][gc,phases      ] GC(211)     Dead                           Min: 0, Avg:  0.0, Max: 0, Diff: 0, Sum: 0, Workers: 4
[5187.544s][debug][gc,phases      ] GC(211)     Total                          Min: 0, Avg:  0.0, Max: 0, Diff: 0, Sum: 0, Workers: 4
[5187.544s][debug][gc,phases      ] GC(211)   Weak JFR Old Object Samples    Min:  0.0, Avg:  0.0, Max:  0.0, Diff:  0.0, Sum:  0.0, Workers: 4
[5187.544s][debug][gc,phases      ] GC(211)     Dead                           Min: 0, Avg:  0.0, Max: 0, Diff: 0, Sum: 0, Workers: 4
[5187.544s][debug][gc,phases      ] GC(211)     Total                          Min: 0, Avg:  0.0, Max: 0, Diff: 0, Sum: 0, Workers: 4
[5187.544s][debug][gc,phases      ] GC(211) Weak Processing 0.512ms
[5187.544s][debug][gc,age         ] GC(211) Desired survivor size 7340032 bytes, new threshold 1 (max threshold 15)
[5187.544s][info ][gc,heap        ] GC(211) PSYoungGen: 2086912K(2089472K)->5536K(2089984K) Eden: 2081792K(2081792K)->0K(2082304K) From: 5120K(7680K)->5536K(7680K)
[5187.544s][info ][gc,heap        ] GC(211) ParOldGen: 590733K(590848K)->591482K(591872K)
[5187.544s][info ][gc,metaspace   ] GC(211) Metaspace: 113003K(114432K)->113003K(114432K) NonClass: 96256K(97088K)->96256K(97088K) Class: 16747K(17344K)->16747K(17344K)
[5187.544s][info ][gc             ] GC(211) Pause Young (Allocation Failure) 2614M->583M(2619M) 6.234ms
[5187.544s][info ][gc,cpu         ] GC(211) User=0.02s Sys=0.00s Real=0.01s
[5187.544s][info ][safepoint      ] Safepoint "ParallelGCFailedAllocation", Time since last: 4188249526 ns, Reaching safepoint: 169306 ns, Cleanup: 3400 ns, At safepoint: 6320215 ns, Total: 6492921 ns
[5189.544s][info ][safepoint      ] Safepoint "Cleanup", Time since last: 2000229893 ns, Reaching safepoint: 95603 ns, Cleanup: 19601 ns, At safepoint: 13200 ns, Total: 128404 ns
[5209.546s][info ][safepoint      ] Safepoint "Cleanup", Time since last: 20001745071 ns, Reaching safepoint: 89303 ns, Cleanup: 13700 ns, At safepoint: 11900 ns, Total: 114903 ns
[5213.341s][info ][gc,start       ] GC(212) Pause Young (Allocation Failure)
[5213.346s][debug][gc,phases      ] GC(212) Scavenge 4.992ms
[5213.346s][debug][gc,ref         ] GC(212) ReferenceProcessor::execute queues: 1, RefProcThreadModel::Single, marks_oops_alive: false
[5213.346s][debug][gc,ref         ] GC(212) Skipped KeepAliveFinalRefsPhase of Reference Processing: no references
[5213.346s][debug][gc,ref         ] GC(212) Skipped PhantomRefsPhase of Reference Processing: no references
[5213.346s][debug][gc,phases      ] GC(212) Reference Processing 0.131ms
[5213.347s][debug][gc,phases      ] GC(212)   VM Weak                        Min:  0.0, Avg:  0.0, Max:  0.0, Diff:  0.0, Sum:  0.0, Workers: 4
[5213.347s][debug][gc,phases      ] GC(212)     Dead                           Min: 0, Avg:  0.0, Max: 0, Diff: 0, Sum: 0, Workers: 4
[5213.347s][debug][gc,phases      ] GC(212)     Total                          Min: 0, Avg: 261.5, Max: 448, Diff: 448, Sum: 1046, Workers: 4
[5213.347s][debug][gc,phases      ] GC(212)   ObjectSynchronizer Weak        Min:  0.0, Avg:  0.0, Max:  0.0, Diff:  0.0, Sum:  0.0, Workers: 4
[5213.347s][debug][gc,phases      ] GC(212)     Dead                           Min: 0, Avg:  0.0, Max: 0, Diff: 0, Sum: 0, Workers: 4
[5213.347s][debug][gc,phases      ] GC(212)     Total                          Min: 0, Avg:  1.0, Max: 4, Diff: 4, Sum: 4, Workers: 4
[5213.347s][debug][gc,phases      ] GC(212)   JVMTI Tag Weak OopStorage      Min:  0.0, Avg:  0.0, Max:  0.0, Diff:  0.0, Sum:  0.0, Workers: 4
[5213.347s][debug][gc,phases      ] GC(212)     Dead                           Min: 0, Avg:  0.0, Max: 0, Diff: 0, Sum: 0, Workers: 4
[5213.347s][debug][gc,phases      ] GC(212)     Total                          Min: 0, Avg:  0.0, Max: 0, Diff: 0, Sum: 0, Workers: 4
[5213.347s][debug][gc,phases      ] GC(212)   StringTable Weak               Min:  0.0, Avg:  0.1, Max:  0.2, Diff:  0.2, Sum:  0.6, Workers: 4
[5213.347s][debug][gc,phases      ] GC(212)     Dead                           Min: 0, Avg:  0.0, Max: 0, Diff: 0, Sum: 0, Workers: 4
[5213.347s][debug][gc,phases      ] GC(212)     Total                          Min: 0, Avg: 12072.5, Max: 16256, Diff: 16256, Sum: 48290, Workers: 4
[5213.347s][debug][gc,phases      ] GC(212)   ResolvedMethodTable Weak       Min:  0.0, Avg:  0.0, Max:  0.1, Diff:  0.1, Sum:  0.2, Workers: 4
[5213.347s][debug][gc,phases      ] GC(212)     Dead                           Min: 0, Avg:  0.0, Max: 0, Diff: 0, Sum: 0, Workers: 4
[5213.347s][debug][gc,phases      ] GC(212)     Total                          Min: 0, Avg: 4011.5, Max: 5621, Diff: 5621, Sum: 16046, Workers: 4
[5213.347s][debug][gc,phases      ] GC(212)   JNI Weak                       Min:  0.0, Avg:  0.0, Max:  0.0, Diff:  0.0, Sum:  0.0, Workers: 4
[5213.347s][debug][gc,phases      ] GC(212)     Dead                           Min: 0, Avg:  0.0, Max: 0, Diff: 0, Sum: 0, Workers: 4
[5213.347s][debug][gc,phases      ] GC(212)     Total                          Min: 0, Avg: 13.0, Max: 48, Diff: 48, Sum: 52, Workers: 4
[5213.347s][debug][gc,phases      ] GC(212)   StringDedup Table Weak         Min:  0.0, Avg:  0.0, Max:  0.0, Diff:  0.0, Sum:  0.0, Workers: 4
[5213.347s][debug][gc,phases      ] GC(212)     Dead                           Min: 0, Avg:  0.0, Max: 0, Diff: 0, Sum: 0, Workers: 4
[5213.347s][debug][gc,phases      ] GC(212)     Total                          Min: 0, Avg:  0.0, Max: 0, Diff: 0, Sum: 0, Workers: 4
[5213.347s][debug][gc,phases      ] GC(212)   StringDedup Requests0 Weak     Min:  0.0, Avg:  0.0, Max:  0.0, Diff:  0.0, Sum:  0.0, Workers: 4
[5213.347s][debug][gc,phases      ] GC(212)     Dead                           Min: 0, Avg:  0.0, Max: 0, Diff: 0, Sum: 0, Workers: 4
[5213.347s][debug][gc,phases      ] GC(212)     Total                          Min: 0, Avg:  0.0, Max: 0, Diff: 0, Sum: 0, Workers: 4
[5213.347s][debug][gc,phases      ] GC(212)   StringDedup Requests1 Weak     Min:  0.0, Avg:  0.0, Max:  0.0, Diff:  0.0, Sum:  0.0, Workers: 4
[5213.347s][debug][gc,phases      ] GC(212)     Dead                           Min: 0, Avg:  0.0, Max: 0, Diff: 0, Sum: 0, Workers: 4
[5213.347s][debug][gc,phases      ] GC(212)     Total                          Min: 0, Avg:  0.0, Max: 0, Diff: 0, Sum: 0, Workers: 4
[5213.347s][debug][gc,phases      ] GC(212)   Weak JFR Old Object Samples    Min:  0.0, Avg:  0.0, Max:  0.0, Diff:  0.0, Sum:  0.0, Workers: 4
[5213.347s][debug][gc,phases      ] GC(212)     Dead                           Min: 0, Avg:  0.0, Max: 0, Diff: 0, Sum: 0, Workers: 4
[5213.347s][debug][gc,phases      ] GC(212)     Total                          Min: 0, Avg:  0.0, Max: 0, Diff: 0, Sum: 0, Workers: 4
[5213.347s][debug][gc,phases      ] GC(212) Weak Processing 0.494ms
[5213.347s][debug][gc,age         ] GC(212) Desired survivor size 7340032 bytes, new threshold 1 (max threshold 15)
[5213.347s][info ][gc,heap        ] GC(212) PSYoungGen: 2087840K(2089984K)->5488K(2089472K) Eden: 2082304K(2082304K)->0K(2082304K) From: 5536K(7680K)->5488K(7168K)
[5213.347s][info ][gc,heap        ] GC(212) ParOldGen: 591482K(591872K)->592634K(592896K)
[5213.347s][info ][gc,metaspace   ] GC(212) Metaspace: 113005K(114432K)->113005K(114432K) NonClass: 96258K(97088K)->96258K(97088K) Class: 16747K(17344K)->16747K(17344K)
[5213.347s][info ][gc             ] GC(212) Pause Young (Allocation Failure) 2616M->584M(2619M) 5.770ms
[5213.347s][info ][gc,cpu         ] GC(212) User=0.02s Sys=0.00s Real=0.01s
[5213.347s][info ][safepoint      ] Safepoint "ParallelGCFailedAllocation", Time since last: 3795132617 ns, Reaching safepoint: 7800 ns, Cleanup: 3900 ns, At safepoint: 5850895 ns, Total: 5862595 ns
[5238.941s][info ][gc,start       ] GC(213) Pause Young (Allocation Failure)
[5238.946s][debug][gc,phases      ] GC(213) Scavenge 5.416ms
[5238.946s][debug][gc,ref         ] GC(213) ReferenceProcessor::execute queues: 1, RefProcThreadModel::Single, marks_oops_alive: false
[5238.946s][debug][gc,ref         ] GC(213) Skipped KeepAliveFinalRefsPhase of Reference Processing: no references
[5238.946s][debug][gc,ref         ] GC(213) Skipped PhantomRefsPhase of Reference Processing: no references
[5238.946s][debug][gc,phases      ] GC(213) Reference Processing 0.119ms
[5238.946s][debug][gc,phases      ] GC(213)   VM Weak                        Min:  0.0, Avg:  0.0, Max:  0.0, Diff:  0.0, Sum:  0.0, Workers: 4
[5238.947s][debug][gc,phases      ] GC(213)     Dead                           Min: 0, Avg:  0.0, Max: 0, Diff: 0, Sum: 0, Workers: 4
[5238.947s][debug][gc,phases      ] GC(213)     Total                          Min: 0, Avg: 261.5, Max: 406, Diff: 406, Sum: 1046, Workers: 4
[5238.947s][debug][gc,phases      ] GC(213)   ObjectSynchronizer Weak        Min:  0.0, Avg:  0.0, Max:  0.0, Diff:  0.0, Sum:  0.0, Workers: 4
[5238.947s][debug][gc,phases      ] GC(213)     Dead                           Min: 0, Avg:  0.0, Max: 0, Diff: 0, Sum: 0, Workers: 4
[5238.947s][debug][gc,phases      ] GC(213)     Total                          Min: 0, Avg:  1.0, Max: 4, Diff: 4, Sum: 4, Workers: 4
[5238.947s][debug][gc,phases      ] GC(213)   JVMTI Tag Weak OopStorage      Min:  0.0, Avg:  0.0, Max:  0.0, Diff:  0.0, Sum:  0.0, Workers: 4
[5238.947s][debug][gc,phases      ] GC(213)     Dead                           Min: 0, Avg:  0.0, Max: 0, Diff: 0, Sum: 0, Workers: 4
[5238.947s][debug][gc,phases      ] GC(213)     Total                          Min: 0, Avg:  0.0, Max: 0, Diff: 0, Sum: 0, Workers: 4
[5238.947s][debug][gc,phases      ] GC(213)   StringTable Weak               Min:  0.0, Avg:  0.1, Max:  0.2, Diff:  0.2, Sum:  0.5, Workers: 4
[5238.947s][debug][gc,phases      ] GC(213)     Dead                           Min: 0, Avg:  0.0, Max: 0, Diff: 0, Sum: 0, Workers: 4
[5238.947s][debug][gc,phases      ] GC(213)     Total                          Min: 0, Avg: 12072.8, Max: 16995, Diff: 16995, Sum: 48291, Workers: 4
[5238.947s][debug][gc,phases      ] GC(213)   ResolvedMethodTable Weak       Min:  0.0, Avg:  0.0, Max:  0.1, Diff:  0.1, Sum:  0.2, Workers: 4
[5238.947s][debug][gc,phases      ] GC(213)     Dead                           Min: 0, Avg:  0.0, Max: 0, Diff: 0, Sum: 0, Workers: 4
[5238.947s][debug][gc,phases      ] GC(213)     Total                          Min: 0, Avg: 4011.5, Max: 5503, Diff: 5503, Sum: 16046, Workers: 4
[5238.947s][debug][gc,phases      ] GC(213)   JNI Weak                       Min:  0.0, Avg:  0.0, Max:  0.0, Diff:  0.0, Sum:  0.0, Workers: 4
[5238.947s][debug][gc,phases      ] GC(213)     Dead                           Min: 0, Avg:  0.0, Max: 0, Diff: 0, Sum: 0, Workers: 4
[5238.947s][debug][gc,phases      ] GC(213)     Total                          Min: 0, Avg: 13.0, Max: 48, Diff: 48, Sum: 52, Workers: 4
[5238.947s][debug][gc,phases      ] GC(213)   StringDedup Table Weak         Min:  0.0, Avg:  0.0, Max:  0.0, Diff:  0.0, Sum:  0.0, Workers: 4
[5238.947s][debug][gc,phases      ] GC(213)     Dead                           Min: 0, Avg:  0.0, Max: 0, Diff: 0, Sum: 0, Workers: 4
[5238.947s][debug][gc,phases      ] GC(213)     Total                          Min: 0, Avg:  0.0, Max: 0, Diff: 0, Sum: 0, Workers: 4
[5238.947s][debug][gc,phases      ] GC(213)   StringDedup Requests0 Weak     Min:  0.0, Avg:  0.0, Max:  0.0, Diff:  0.0, Sum:  0.0, Workers: 4
[5238.947s][debug][gc,phases      ] GC(213)     Dead                           Min: 0, Avg:  0.0, Max: 0, Diff: 0, Sum: 0, Workers: 4
[5238.947s][debug][gc,phases      ] GC(213)     Total                          Min: 0, Avg:  0.0, Max: 0, Diff: 0, Sum: 0, Workers: 4
[5238.947s][debug][gc,phases      ] GC(213)   StringDedup Requests1 Weak     Min:  0.0, Avg:  0.0, Max:  0.0, Diff:  0.0, Sum:  0.0, Workers: 4
[5238.947s][debug][gc,phases      ] GC(213)     Dead                           Min: 0, Avg:  0.0, Max: 0, Diff: 0, Sum: 0, Workers: 4
[5238.947s][debug][gc,phases      ] GC(213)     Total                          Min: 0, Avg:  0.0, Max: 0, Diff: 0, Sum: 0, Workers: 4
[5238.947s][debug][gc,phases      ] GC(213)   Weak JFR Old Object Samples    Min:  0.0, Avg:  0.0, Max:  0.0, Diff:  0.0, Sum:  0.0, Workers: 4
[5238.947s][debug][gc,phases      ] GC(213)     Dead                           Min: 0, Avg:  0.0, Max: 0, Diff: 0, Sum: 0, Workers: 4
[5238.947s][debug][gc,phases      ] GC(213)     Total                          Min: 0, Avg:  0.0, Max: 0, Diff: 0, Sum: 0, Workers: 4
[5238.947s][debug][gc,phases      ] GC(213) Weak Processing 0.483ms
[5238.947s][debug][gc,age         ] GC(213) Desired survivor size 7340032 bytes, new threshold 1 (max threshold 15)
[5238.947s][info ][gc,heap        ] GC(213) PSYoungGen: 2087792K(2089472K)->5488K(2089984K) Eden: 2082304K(2082304K)->0K(2082816K) From: 5488K(7168K)->5488K(7168K)
[5238.947s][info ][gc,heap        ] GC(213) ParOldGen: 592634K(592896K)->593834K(593920K)
[5238.947s][info ][gc,metaspace   ] GC(213) Metaspace: 113019K(114432K)->113019K(114432K) NonClass: 96272K(97088K)->96272K(97088K) Class: 16747K(17344K)->16747K(17344K)
[5238.947s][info ][gc             ] GC(213) Pause Young (Allocation Failure) 2617M->585M(2621M) 6.189ms
[5238.947s][info ][gc,cpu         ] GC(213) User=0.02s Sys=0.00s Real=0.01s
[5238.947s][info ][safepoint      ] Safepoint "ParallelGCFailedAllocation", Time since last: 25593430050 ns, Reaching safepoint: 82902 ns, Cleanup: 6100 ns, At safepoint: 6279901 ns, Total: 6368903 ns
[5247.948s][info ][safepoint      ] Safepoint "Cleanup", Time since last: 9000768981 ns, Reaching safepoint: 86703 ns, Cleanup: 31901 ns, At safepoint: 8300 ns, Total: 126904 ns
[5262.949s][info ][safepoint      ] Safepoint "Cleanup", Time since last: 15001314008 ns, Reaching safepoint: 88203 ns, Cleanup: 15100 ns, At safepoint: 9200 ns, Total: 112503 ns
[5263.396s][info ][gc,start       ] GC(214) Pause Young (Allocation Failure)
[5263.406s][debug][gc,phases      ] GC(214) Scavenge 10.332ms
[5263.406s][debug][gc,ref         ] GC(214) ReferenceProcessor::execute queues: 1, RefProcThreadModel::Single, marks_oops_alive: false
[5263.407s][debug][gc,ref         ] GC(214) Skipped KeepAliveFinalRefsPhase of Reference Processing: no references
[5263.407s][debug][gc,ref         ] GC(214) Skipped PhantomRefsPhase of Reference Processing: no references
[5263.407s][debug][gc,phases      ] GC(214) Reference Processing 0.148ms
[5263.407s][debug][gc,phases      ] GC(214)   VM Weak                        Min:  0.0, Avg:  0.0, Max:  0.0, Diff:  0.0, Sum:  0.0, Workers: 4
[5263.407s][debug][gc,phases      ] GC(214)     Dead                           Min: 0, Avg:  0.0, Max: 0, Diff: 0, Sum: 0, Workers: 4
[5263.407s][debug][gc,phases      ] GC(214)     Total                          Min: 0, Avg: 261.5, Max: 704, Diff: 704, Sum: 1046, Workers: 4
[5263.407s][debug][gc,phases      ] GC(214)   ObjectSynchronizer Weak        Min:  0.0, Avg:  0.0, Max:  0.0, Diff:  0.0, Sum:  0.0, Workers: 4
[5263.407s][debug][gc,phases      ] GC(214)     Dead                           Min: 0, Avg:  0.0, Max: 0, Diff: 0, Sum: 0, Workers: 4
[5263.407s][debug][gc,phases      ] GC(214)     Total                          Min: 0, Avg:  1.0, Max: 4, Diff: 4, Sum: 4, Workers: 4
[5263.407s][debug][gc,phases      ] GC(214)   JVMTI Tag Weak OopStorage      Min:  0.0, Avg:  0.0, Max:  0.0, Diff:  0.0, Sum:  0.0, Workers: 4
[5263.407s][debug][gc,phases      ] GC(214)     Dead                           Min: 0, Avg:  0.0, Max: 0, Diff: 0, Sum: 0, Workers: 4
[5263.407s][debug][gc,phases      ] GC(214)     Total                          Min: 0, Avg:  0.0, Max: 0, Diff: 0, Sum: 0, Workers: 4
[5263.407s][debug][gc,phases      ] GC(214)   StringTable Weak               Min:  0.0, Avg:  0.1, Max:  0.2, Diff:  0.2, Sum:  0.5, Workers: 4
[5263.407s][debug][gc,phases      ] GC(214)     Dead                           Min: 0, Avg:  0.0, Max: 0, Diff: 0, Sum: 0, Workers: 4
[5263.407s][debug][gc,phases      ] GC(214)     Total                          Min: 0, Avg: 12072.8, Max: 17984, Diff: 17984, Sum: 48291, Workers: 4
[5263.407s][debug][gc,phases      ] GC(214)   ResolvedMethodTable Weak       Min:  0.0, Avg:  0.0, Max:  0.1, Diff:  0.1, Sum:  0.2, Workers: 4
[5263.407s][debug][gc,phases      ] GC(214)     Dead                           Min: 0, Avg:  4.0, Max: 16, Diff: 16, Sum: 16, Workers: 4
[5263.407s][debug][gc,phases      ] GC(214)     Total                          Min: 0, Avg: 4011.5, Max: 5912, Diff: 5912, Sum: 16046, Workers: 4
[5263.407s][debug][gc,phases      ] GC(214)   JNI Weak                       Min:  0.0, Avg:  0.0, Max:  0.0, Diff:  0.0, Sum:  0.0, Workers: 4
[5263.407s][debug][gc,phases      ] GC(214)     Dead                           Min: 0, Avg:  0.0, Max: 0, Diff: 0, Sum: 0, Workers: 4
[5263.407s][debug][gc,phases      ] GC(214)     Total                          Min: 0, Avg: 13.2, Max: 48, Diff: 48, Sum: 53, Workers: 4
[5263.407s][debug][gc,phases      ] GC(214)   StringDedup Table Weak         Min:  0.0, Avg:  0.0, Max:  0.0, Diff:  0.0, Sum:  0.0, Workers: 4
[5263.407s][debug][gc,phases      ] GC(214)     Dead                           Min: 0, Avg:  0.0, Max: 0, Diff: 0, Sum: 0, Workers: 4
[5263.407s][debug][gc,phases      ] GC(214)     Total                          Min: 0, Avg:  0.0, Max: 0, Diff: 0, Sum: 0, Workers: 4
[5263.407s][debug][gc,phases      ] GC(214)   StringDedup Requests0 Weak     Min:  0.0, Avg:  0.0, Max:  0.0, Diff:  0.0, Sum:  0.0, Workers: 4
[5263.407s][debug][gc,phases      ] GC(214)     Dead                           Min: 0, Avg:  0.0, Max: 0, Diff: 0, Sum: 0, Workers: 4
[5263.407s][debug][gc,phases      ] GC(214)     Total                          Min: 0, Avg:  0.0, Max: 0, Diff: 0, Sum: 0, Workers: 4
[5263.407s][debug][gc,phases      ] GC(214)   StringDedup Requests1 Weak     Min:  0.0, Avg:  0.0, Max:  0.0, Diff:  0.0, Sum:  0.0, Workers: 4
[5263.407s][debug][gc,phases      ] GC(214)     Dead                           Min: 0, Avg:  0.0, Max: 0, Diff: 0, Sum: 0, Workers: 4
[5263.407s][debug][gc,phases      ] GC(214)     Total                          Min: 0, Avg:  0.0, Max: 0, Diff: 0, Sum: 0, Workers: 4
[5263.407s][debug][gc,phases      ] GC(214)   Weak JFR Old Object Samples    Min:  0.0, Avg:  0.0, Max:  0.0, Diff:  0.0, Sum:  0.0, Workers: 4
[5263.407s][debug][gc,phases      ] GC(214)     Dead                           Min: 0, Avg:  0.0, Max: 0, Diff: 0, Sum: 0, Workers: 4
[5263.407s][debug][gc,phases      ] GC(214)     Total                          Min: 0, Avg:  0.0, Max: 0, Diff: 0, Sum: 0, Workers: 4
[5263.407s][debug][gc,phases      ] GC(214) Weak Processing 0.555ms
[5263.407s][debug][gc,age         ] GC(214) Desired survivor size 7340032 bytes, new threshold 1 (max threshold 15)
[5263.407s][info ][gc,heap        ] GC(214) PSYoungGen: 2088304K(2089984K)->5595K(2089984K) Eden: 2082816K(2082816K)->0K(2082816K) From: 5488K(7168K)->5595K(7168K)
[5263.407s][info ][gc,heap        ] GC(214) ParOldGen: 593834K(593920K)->594782K(594944K)
[5263.407s][info ][gc,metaspace   ] GC(214) Metaspace: 113019K(114432K)->113019K(114432K) NonClass: 96272K(97088K)->96272K(97088K) Class: 16747K(17344K)->16747K(17344K)
[5263.407s][info ][gc             ] GC(214) Pause Young (Allocation Failure) 2619M->586M(2622M) 11.230ms
[5263.407s][info ][gc,cpu         ] GC(214) User=0.04s Sys=0.00s Real=0.01s
[5263.407s][info ][safepoint      ] Safepoint "ParallelGCFailedAllocation", Time since last: 446739148 ns, Reaching safepoint: 9400 ns, Cleanup: 3900 ns, At safepoint: 11336372 ns, Total: 11349672 ns
[5287.256s][info ][gc,start       ] GC(215) Pause Young (Allocation Failure)
[5287.264s][debug][gc,phases      ] GC(215) Scavenge 7.883ms
[5287.264s][debug][gc,ref         ] GC(215) ReferenceProcessor::execute queues: 1, RefProcThreadModel::Single, marks_oops_alive: false
[5287.264s][debug][gc,ref         ] GC(215) Skipped KeepAliveFinalRefsPhase of Reference Processing: no references
[5287.264s][debug][gc,ref         ] GC(215) ReferenceProcessor::execute queues: 1, RefProcThreadModel::Single, marks_oops_alive: false
[5287.264s][debug][gc,phases      ] GC(215) Reference Processing 0.117ms
[5287.264s][debug][gc,phases      ] GC(215)   VM Weak                        Min:  0.0, Avg:  0.0, Max:  0.0, Diff:  0.0, Sum:  0.0, Workers: 4
[5287.264s][debug][gc,phases      ] GC(215)     Dead                           Min: 0, Avg:  0.0, Max: 0, Diff: 0, Sum: 0, Workers: 4
[5287.264s][debug][gc,phases      ] GC(215)     Total                          Min: 0, Avg: 261.5, Max: 896, Diff: 896, Sum: 1046, Workers: 4
[5287.264s][debug][gc,phases      ] GC(215)   ObjectSynchronizer Weak        Min:  0.0, Avg:  0.0, Max:  0.0, Diff:  0.0, Sum:  0.0, Workers: 4
[5287.264s][debug][gc,phases      ] GC(215)     Dead                           Min: 0, Avg:  0.0, Max: 0, Diff: 0, Sum: 0, Workers: 4
[5287.264s][debug][gc,phases      ] GC(215)     Total                          Min: 0, Avg:  0.8, Max: 3, Diff: 3, Sum: 3, Workers: 4
[5287.264s][debug][gc,phases      ] GC(215)   JVMTI Tag Weak OopStorage      Min:  0.0, Avg:  0.0, Max:  0.0, Diff:  0.0, Sum:  0.0, Workers: 4
[5287.264s][debug][gc,phases      ] GC(215)     Dead                           Min: 0, Avg:  0.0, Max: 0, Diff: 0, Sum: 0, Workers: 4
[5287.264s][debug][gc,phases      ] GC(215)     Total                          Min: 0, Avg:  0.0, Max: 0, Diff: 0, Sum: 0, Workers: 4
[5287.264s][debug][gc,phases      ] GC(215)   StringTable Weak               Min:  0.0, Avg:  0.1, Max:  0.2, Diff:  0.2, Sum:  0.5, Workers: 4
[5287.264s][debug][gc,phases      ] GC(215)     Dead                           Min: 0, Avg:  0.0, Max: 0, Diff: 0, Sum: 0, Workers: 4
[5287.264s][debug][gc,phases      ] GC(215)     Total                          Min: 0, Avg: 12072.8, Max: 16960, Diff: 16960, Sum: 48291, Workers: 4
[5287.264s][debug][gc,phases      ] GC(215)   ResolvedMethodTable Weak       Min:  0.0, Avg:  0.0, Max:  0.1, Diff:  0.1, Sum:  0.2, Workers: 4
[5287.264s][debug][gc,phases      ] GC(215)     Dead                           Min: 0, Avg:  4.0, Max: 16, Diff: 16, Sum: 16, Workers: 4
[5287.264s][debug][gc,phases      ] GC(215)     Total                          Min: 0, Avg: 4011.5, Max: 5780, Diff: 5780, Sum: 16046, Workers: 4
[5287.264s][debug][gc,phases      ] GC(215)   JNI Weak                       Min:  0.0, Avg:  0.0, Max:  0.0, Diff:  0.0, Sum:  0.0, Workers: 4
[5287.264s][debug][gc,phases      ] GC(215)     Dead                           Min: 0, Avg:  0.0, Max: 0, Diff: 0, Sum: 0, Workers: 4
[5287.264s][debug][gc,phases      ] GC(215)     Total                          Min: 0, Avg: 13.0, Max: 48, Diff: 48, Sum: 52, Workers: 4
[5287.264s][debug][gc,phases      ] GC(215)   StringDedup Table Weak         Min:  0.0, Avg:  0.0, Max:  0.0, Diff:  0.0, Sum:  0.0, Workers: 4
[5287.264s][debug][gc,phases      ] GC(215)     Dead                           Min: 0, Avg:  0.0, Max: 0, Diff: 0, Sum: 0, Workers: 4
[5287.264s][debug][gc,phases      ] GC(215)     Total                          Min: 0, Avg:  0.0, Max: 0, Diff: 0, Sum: 0, Workers: 4
[5287.264s][debug][gc,phases      ] GC(215)   StringDedup Requests0 Weak     Min:  0.0, Avg:  0.0, Max:  0.0, Diff:  0.0, Sum:  0.0, Workers: 4
[5287.264s][debug][gc,phases      ] GC(215)     Dead                           Min: 0, Avg:  0.0, Max: 0, Diff: 0, Sum: 0, Workers: 4
[5287.264s][debug][gc,phases      ] GC(215)     Total                          Min: 0, Avg:  0.0, Max: 0, Diff: 0, Sum: 0, Workers: 4
[5287.264s][debug][gc,phases      ] GC(215)   StringDedup Requests1 Weak     Min:  0.0, Avg:  0.0, Max:  0.0, Diff:  0.0, Sum:  0.0, Workers: 4
[5287.264s][debug][gc,phases      ] GC(215)     Dead                           Min: 0, Avg:  0.0, Max: 0, Diff: 0, Sum: 0, Workers: 4
[5287.264s][debug][gc,phases      ] GC(215)     Total                          Min: 0, Avg:  0.0, Max: 0, Diff: 0, Sum: 0, Workers: 4
[5287.264s][debug][gc,phases      ] GC(215)   Weak JFR Old Object Samples    Min:  0.0, Avg:  0.0, Max:  0.0, Diff:  0.0, Sum:  0.0, Workers: 4
[5287.264s][debug][gc,phases      ] GC(215)     Dead                           Min: 0, Avg:  0.0, Max: 0, Diff: 0, Sum: 0, Workers: 4
[5287.264s][debug][gc,phases      ] GC(215)     Total                          Min: 0, Avg:  0.0, Max: 0, Diff: 0, Sum: 0, Workers: 4
[5287.264s][debug][gc,phases      ] GC(215) Weak Processing 0.460ms
[5287.264s][debug][gc,age         ] GC(215) Desired survivor size 7340032 bytes, new threshold 1 (max threshold 15)
[5287.265s][info ][gc,heap        ] GC(215) PSYoungGen: 2088411K(2089984K)->5948K(2089984K) Eden: 2082816K(2082816K)->0K(2082816K) From: 5595K(7168K)->5948K(7168K)
[5287.265s][info ][gc,heap        ] GC(215) ParOldGen: 594782K(594944K)->596142K(596480K)
[5287.265s][info ][gc,metaspace   ] GC(215) Metaspace: 113019K(114432K)->113019K(114432K) NonClass: 96272K(97088K)->96272K(97088K) Class: 16747K(17344K)->16747K(17344K)
[5287.265s][info ][gc             ] GC(215) Pause Young (Allocation Failure) 2620M->587M(2623M) 8.607ms
[5287.265s][info ][gc,cpu         ] GC(215) User=0.03s Sys=0.00s Real=0.01s
[5287.265s][info ][safepoint      ] Safepoint "ParallelGCFailedAllocation", Time since last: 23848622142 ns, Reaching safepoint: 8600 ns, Cleanup: 5700 ns, At safepoint: 8726584 ns, Total: 8740884 ns
[5311.956s][info ][gc,start       ] GC(216) Pause Young (Allocation Failure)
[5311.962s][debug][gc,phases      ] GC(216) Scavenge 6.269ms
[5311.962s][debug][gc,ref         ] GC(216) ReferenceProcessor::execute queues: 1, RefProcThreadModel::Single, marks_oops_alive: false
[5311.962s][debug][gc,ref         ] GC(216) Skipped KeepAliveFinalRefsPhase of Reference Processing: no references
[5311.962s][debug][gc,ref         ] GC(216) Skipped PhantomRefsPhase of Reference Processing: no references
[5311.962s][debug][gc,phases      ] GC(216) Reference Processing 0.125ms
[5311.962s][debug][gc,phases      ] GC(216)   VM Weak                        Min:  0.0, Avg:  0.0, Max:  0.0, Diff:  0.0, Sum:  0.0, Workers: 4
[5311.962s][debug][gc,phases      ] GC(216)     Dead                           Min: 0, Avg:  0.0, Max: 0, Diff: 0, Sum: 0, Workers: 4
[5311.962s][debug][gc,phases      ] GC(216)     Total                          Min: 64, Avg: 261.5, Max: 640, Diff: 576, Sum: 1046, Workers: 4
[5311.962s][debug][gc,phases      ] GC(216)   ObjectSynchronizer Weak        Min:  0.0, Avg:  0.0, Max:  0.0, Diff:  0.0, Sum:  0.0, Workers: 4
[5311.962s][debug][gc,phases      ] GC(216)     Dead                           Min: 0, Avg:  0.0, Max: 0, Diff: 0, Sum: 0, Workers: 4
[5311.962s][debug][gc,phases      ] GC(216)     Total                          Min: 0, Avg:  0.8, Max: 3, Diff: 3, Sum: 3, Workers: 4
[5311.963s][debug][gc,phases      ] GC(216)   JVMTI Tag Weak OopStorage      Min:  0.0, Avg:  0.0, Max:  0.0, Diff:  0.0, Sum:  0.0, Workers: 4
[5311.963s][debug][gc,phases      ] GC(216)     Dead                           Min: 0, Avg:  0.0, Max: 0, Diff: 0, Sum: 0, Workers: 4
[5311.963s][debug][gc,phases      ] GC(216)     Total                          Min: 0, Avg:  0.0, Max: 0, Diff: 0, Sum: 0, Workers: 4
[5311.963s][debug][gc,phases      ] GC(216)   StringTable Weak               Min:  0.1, Avg:  0.1, Max:  0.1, Diff:  0.0, Sum:  0.5, Workers: 4
[5311.963s][debug][gc,phases      ] GC(216)     Dead                           Min: 0, Avg:  0.0, Max: 0, Diff: 0, Sum: 0, Workers: 4
[5311.963s][debug][gc,phases      ] GC(216)     Total                          Min: 10915, Avg: 12072.8, Max: 12736, Diff: 1821, Sum: 48291, Workers: 4
[5311.963s][debug][gc,phases      ] GC(216)   ResolvedMethodTable Weak       Min:  0.0, Avg:  0.0, Max:  0.0, Diff:  0.0, Sum:  0.2, Workers: 4
[5311.963s][debug][gc,phases      ] GC(216)     Dead                           Min: 0, Avg:  4.0, Max: 16, Diff: 16, Sum: 16, Workers: 4
[5311.963s][debug][gc,phases      ] GC(216)     Total                          Min: 3803, Avg: 4011.5, Max: 4141, Diff: 338, Sum: 16046, Workers: 4
[5311.963s][debug][gc,phases      ] GC(216)   JNI Weak                       Min:  0.0, Avg:  0.0, Max:  0.0, Diff:  0.0, Sum:  0.0, Workers: 4
[5311.963s][debug][gc,phases      ] GC(216)     Dead                           Min: 0, Avg:  0.0, Max: 0, Diff: 0, Sum: 0, Workers: 4
[5311.963s][debug][gc,phases      ] GC(216)     Total                          Min: 0, Avg: 13.0, Max: 48, Diff: 48, Sum: 52, Workers: 4
[5311.963s][debug][gc,phases      ] GC(216)   StringDedup Table Weak         Min:  0.0, Avg:  0.0, Max:  0.0, Diff:  0.0, Sum:  0.0, Workers: 4
[5311.963s][debug][gc,phases      ] GC(216)     Dead                           Min: 0, Avg:  0.0, Max: 0, Diff: 0, Sum: 0, Workers: 4
[5311.963s][debug][gc,phases      ] GC(216)     Total                          Min: 0, Avg:  0.0, Max: 0, Diff: 0, Sum: 0, Workers: 4
[5311.963s][debug][gc,phases      ] GC(216)   StringDedup Requests0 Weak     Min:  0.0, Avg:  0.0, Max:  0.0, Diff:  0.0, Sum:  0.0, Workers: 4
[5311.963s][debug][gc,phases      ] GC(216)     Dead                           Min: 0, Avg:  0.0, Max: 0, Diff: 0, Sum: 0, Workers: 4
[5311.963s][debug][gc,phases      ] GC(216)     Total                          Min: 0, Avg:  0.0, Max: 0, Diff: 0, Sum: 0, Workers: 4
[5311.963s][debug][gc,phases      ] GC(216)   StringDedup Requests1 Weak     Min:  0.0, Avg:  0.0, Max:  0.0, Diff:  0.0, Sum:  0.0, Workers: 4
[5311.963s][debug][gc,phases      ] GC(216)     Dead                           Min: 0, Avg:  0.0, Max: 0, Diff: 0, Sum: 0, Workers: 4
[5311.963s][debug][gc,phases      ] GC(216)     Total                          Min: 0, Avg:  0.0, Max: 0, Diff: 0, Sum: 0, Workers: 4
[5311.963s][debug][gc,phases      ] GC(216)   Weak JFR Old Object Samples    Min:  0.0, Avg:  0.0, Max:  0.0, Diff:  0.0, Sum:  0.0, Workers: 4
[5311.963s][debug][gc,phases      ] GC(216)     Dead                           Min: 0, Avg:  0.0, Max: 0, Diff: 0, Sum: 0, Workers: 4
[5311.963s][debug][gc,phases      ] GC(216)     Total                          Min: 0, Avg:  0.0, Max: 0, Diff: 0, Sum: 0, Workers: 4
[5311.963s][debug][gc,phases      ] GC(216) Weak Processing 0.433ms
[5311.963s][debug][gc,age         ] GC(216) Desired survivor size 7340032 bytes, new threshold 1 (max threshold 15)
[5311.963s][info ][gc,heap        ] GC(216) PSYoungGen: 2088764K(2089984K)->4896K(2089984K) Eden: 2082816K(2082816K)->0K(2082816K) From: 5948K(7168K)->4896K(7168K)
[5311.963s][info ][gc,heap        ] GC(216) ParOldGen: 596142K(596480K)->598102K(598528K)
[5311.963s][info ][gc,metaspace   ] GC(216) Metaspace: 113019K(114432K)->113019K(114432K) NonClass: 96272K(97088K)->96272K(97088K) Class: 16747K(17344K)->16747K(17344K)
[5311.963s][info ][gc             ] GC(216) Pause Young (Allocation Failure) 2621M->588M(2625M) 6.987ms
[5311.963s][info ][gc,cpu         ] GC(216) User=0.03s Sys=0.00s Real=0.00s
[5311.963s][info ][safepoint      ] Safepoint "ParallelGCFailedAllocation", Time since last: 24690865510 ns, Reaching safepoint: 7400 ns, Cleanup: 5200 ns, At safepoint: 7277727 ns, Total: 7290327 ns
[5336.654s][info ][gc,start       ] GC(217) Pause Young (Allocation Failure)
[5336.661s][debug][gc,phases      ] GC(217) Scavenge 7.414ms
[5336.661s][debug][gc,ref         ] GC(217) ReferenceProcessor::execute queues: 1, RefProcThreadModel::Single, marks_oops_alive: false
[5336.661s][debug][gc,ref         ] GC(217) Skipped KeepAliveFinalRefsPhase of Reference Processing: no references
[5336.661s][debug][gc,ref         ] GC(217) Skipped PhantomRefsPhase of Reference Processing: no references
[5336.661s][debug][gc,phases      ] GC(217) Reference Processing 0.112ms
[5336.662s][debug][gc,phases      ] GC(217)   VM Weak                        Min:  0.0, Avg:  0.0, Max:  0.0, Diff:  0.0, Sum:  0.0, Workers: 4
[5336.662s][debug][gc,phases      ] GC(217)     Dead                           Min: 0, Avg:  0.0, Max: 0, Diff: 0, Sum: 0, Workers: 4
[5336.662s][debug][gc,phases      ] GC(217)     Total                          Min: 0, Avg: 261.5, Max: 832, Diff: 832, Sum: 1046, Workers: 4
[5336.662s][debug][gc,phases      ] GC(217)   ObjectSynchronizer Weak        Min:  0.0, Avg:  0.0, Max:  0.0, Diff:  0.0, Sum:  0.0, Workers: 4
[5336.662s][debug][gc,phases      ] GC(217)     Dead                           Min: 0, Avg:  0.0, Max: 0, Diff: 0, Sum: 0, Workers: 4
[5336.662s][debug][gc,phases      ] GC(217)     Total                          Min: 0, Avg:  1.0, Max: 4, Diff: 4, Sum: 4, Workers: 4
[5336.662s][debug][gc,phases      ] GC(217)   JVMTI Tag Weak OopStorage      Min:  0.0, Avg:  0.0, Max:  0.0, Diff:  0.0, Sum:  0.0, Workers: 4
[5336.662s][debug][gc,phases      ] GC(217)     Dead                           Min: 0, Avg:  0.0, Max: 0, Diff: 0, Sum: 0, Workers: 4
[5336.662s][debug][gc,phases      ] GC(217)     Total                          Min: 0, Avg:  0.0, Max: 0, Diff: 0, Sum: 0, Workers: 4
[5336.662s][debug][gc,phases      ] GC(217)   StringTable Weak               Min:  0.0, Avg:  0.1, Max:  0.2, Diff:  0.2, Sum:  0.5, Workers: 4
[5336.662s][debug][gc,phases      ] GC(217)     Dead                           Min: 0, Avg:  0.0, Max: 0, Diff: 0, Sum: 0, Workers: 4
[5336.662s][debug][gc,phases      ] GC(217)     Total                          Min: 0, Avg: 12072.8, Max: 17472, Diff: 17472, Sum: 48291, Workers: 4
[5336.662s][debug][gc,phases      ] GC(217)   ResolvedMethodTable Weak       Min:  0.0, Avg:  0.0, Max:  0.1, Diff:  0.1, Sum:  0.2, Workers: 4
[5336.662s][debug][gc,phases      ] GC(217)     Dead                           Min: 0, Avg:  4.0, Max: 16, Diff: 16, Sum: 16, Workers: 4
[5336.662s][debug][gc,phases      ] GC(217)     Total                          Min: 0, Avg: 4011.5, Max: 5959, Diff: 5959, Sum: 16046, Workers: 4
[5336.662s][debug][gc,phases      ] GC(217)   JNI Weak                       Min:  0.0, Avg:  0.0, Max:  0.0, Diff:  0.0, Sum:  0.0, Workers: 4
[5336.662s][debug][gc,phases      ] GC(217)     Dead                           Min: 0, Avg:  0.0, Max: 0, Diff: 0, Sum: 0, Workers: 4
[5336.662s][debug][gc,phases      ] GC(217)     Total                          Min: 0, Avg: 13.0, Max: 48, Diff: 48, Sum: 52, Workers: 4
[5336.662s][debug][gc,phases      ] GC(217)   StringDedup Table Weak         Min:  0.0, Avg:  0.0, Max:  0.0, Diff:  0.0, Sum:  0.0, Workers: 4
[5336.662s][debug][gc,phases      ] GC(217)     Dead                           Min: 0, Avg:  0.0, Max: 0, Diff: 0, Sum: 0, Workers: 4
[5336.662s][debug][gc,phases      ] GC(217)     Total                          Min: 0, Avg:  0.0, Max: 0, Diff: 0, Sum: 0, Workers: 4
[5336.662s][debug][gc,phases      ] GC(217)   StringDedup Requests0 Weak     Min:  0.0, Avg:  0.0, Max:  0.0, Diff:  0.0, Sum:  0.0, Workers: 4
[5336.662s][debug][gc,phases      ] GC(217)     Dead                           Min: 0, Avg:  0.0, Max: 0, Diff: 0, Sum: 0, Workers: 4
[5336.662s][debug][gc,phases      ] GC(217)     Total                          Min: 0, Avg:  0.0, Max: 0, Diff: 0, Sum: 0, Workers: 4
[5336.662s][debug][gc,phases      ] GC(217)   StringDedup Requests1 Weak     Min:  0.0, Avg:  0.0, Max:  0.0, Diff:  0.0, Sum:  0.0, Workers: 4
[5336.662s][debug][gc,phases      ] GC(217)     Dead                           Min: 0, Avg:  0.0, Max: 0, Diff: 0, Sum: 0, Workers: 4
[5336.662s][debug][gc,phases      ] GC(217)     Total                          Min: 0, Avg:  0.0, Max: 0, Diff: 0, Sum: 0, Workers: 4
[5336.662s][debug][gc,phases      ] GC(217)   Weak JFR Old Object Samples    Min:  0.0, Avg:  0.0, Max:  0.0, Diff:  0.0, Sum:  0.0, Workers: 4
[5336.662s][debug][gc,phases      ] GC(217)     Dead                           Min: 0, Avg:  0.0, Max: 0, Diff: 0, Sum: 0, Workers: 4
[5336.662s][debug][gc,phases      ] GC(217)     Total                          Min: 0, Avg:  0.0, Max: 0, Diff: 0, Sum: 0, Workers: 4
[5336.662s][debug][gc,phases      ] GC(217) Weak Processing 0.466ms
[5336.662s][debug][gc,age         ] GC(217) Desired survivor size 6815744 bytes, new threshold 1 (max threshold 15)
[5336.662s][info ][gc,heap        ] GC(217) PSYoungGen: 2087712K(2089984K)->5392K(2090496K) Eden: 2082816K(2082816K)->0K(2083328K) From: 4896K(7168K)->5392K(7168K)
[5336.662s][info ][gc,heap        ] GC(217) ParOldGen: 598102K(598528K)->599058K(599552K)
[5336.662s][info ][gc,metaspace   ] GC(217) Metaspace: 113019K(114432K)->113019K(114432K) NonClass: 96272K(97088K)->96272K(97088K) Class: 16747K(17344K)->16747K(17344K)
[5336.662s][info ][gc             ] GC(217) Pause Young (Allocation Failure) 2622M->590M(2627M) 8.147ms
[5336.662s][info ][gc,cpu         ] GC(217) User=0.02s Sys=0.00s Real=0.00s
[5336.662s][info ][safepoint      ] Safepoint "ParallelGCFailedAllocation", Time since last: 24691022898 ns, Reaching safepoint: 7700 ns, Cleanup: 5201 ns, At safepoint: 8230161 ns, Total: 8243062 ns
[5361.112s][info ][safepoint      ] Safepoint "Cleanup", Time since last: 24450104134 ns, Reaching safepoint: 8700 ns, Cleanup: 12600 ns, At safepoint: 2500 ns, Total: 23800 ns
[5361.353s][info ][gc,start       ] GC(218) Pause Young (Allocation Failure)
[5361.359s][debug][gc,phases      ] GC(218) Scavenge 6.094ms
[5361.359s][debug][gc,ref         ] GC(218) ReferenceProcessor::execute queues: 1, RefProcThreadModel::Single, marks_oops_alive: false
[5361.359s][debug][gc,ref         ] GC(218) Skipped KeepAliveFinalRefsPhase of Reference Processing: no references
[5361.359s][debug][gc,ref         ] GC(218) Skipped PhantomRefsPhase of Reference Processing: no references
[5361.359s][debug][gc,phases      ] GC(218) Reference Processing 0.139ms
[5361.360s][debug][gc,phases      ] GC(218)   VM Weak                        Min:  0.0, Avg:  0.0, Max:  0.0, Diff:  0.0, Sum:  0.0, Workers: 4
[5361.360s][debug][gc,phases      ] GC(218)     Dead                           Min: 0, Avg:  0.0, Max: 0, Diff: 0, Sum: 0, Workers: 4
[5361.360s][debug][gc,phases      ] GC(218)     Total                          Min: 0, Avg: 261.5, Max: 448, Diff: 448, Sum: 1046, Workers: 4
[5361.360s][debug][gc,phases      ] GC(218)   ObjectSynchronizer Weak        Min:  0.0, Avg:  0.0, Max:  0.0, Diff:  0.0, Sum:  0.0, Workers: 4
[5361.360s][debug][gc,phases      ] GC(218)     Dead                           Min: 0, Avg:  0.0, Max: 0, Diff: 0, Sum: 0, Workers: 4
[5361.360s][debug][gc,phases      ] GC(218)     Total                          Min: 0, Avg:  0.8, Max: 3, Diff: 3, Sum: 3, Workers: 4
[5361.360s][debug][gc,phases      ] GC(218)   JVMTI Tag Weak OopStorage      Min:  0.0, Avg:  0.0, Max:  0.0, Diff:  0.0, Sum:  0.0, Workers: 4
[5361.360s][debug][gc,phases      ] GC(218)     Dead                           Min: 0, Avg:  0.0, Max: 0, Diff: 0, Sum: 0, Workers: 4
[5361.360s][debug][gc,phases      ] GC(218)     Total                          Min: 0, Avg:  0.0, Max: 0, Diff: 0, Sum: 0, Workers: 4
[5361.360s][debug][gc,phases      ] GC(218)   StringTable Weak               Min:  0.0, Avg:  0.1, Max:  0.2, Diff:  0.2, Sum:  0.5, Workers: 4
[5361.360s][debug][gc,phases      ] GC(218)     Dead                           Min: 0, Avg:  0.0, Max: 0, Diff: 0, Sum: 0, Workers: 4
[5361.360s][debug][gc,phases      ] GC(218)     Total                          Min: 0, Avg: 12072.8, Max: 16640, Diff: 16640, Sum: 48291, Workers: 4
[5361.360s][debug][gc,phases      ] GC(218)   ResolvedMethodTable Weak       Min:  0.0, Avg:  0.0, Max:  0.1, Diff:  0.1, Sum:  0.2, Workers: 4
[5361.360s][debug][gc,phases      ] GC(218)     Dead                           Min: 0, Avg:  4.0, Max: 16, Diff: 16, Sum: 16, Workers: 4
[5361.360s][debug][gc,phases      ] GC(218)     Total                          Min: 0, Avg: 4011.5, Max: 5725, Diff: 5725, Sum: 16046, Workers: 4
[5361.360s][debug][gc,phases      ] GC(218)   JNI Weak                       Min:  0.0, Avg:  0.0, Max:  0.0, Diff:  0.0, Sum:  0.0, Workers: 4
[5361.360s][debug][gc,phases      ] GC(218)     Dead                           Min: 0, Avg:  0.0, Max: 0, Diff: 0, Sum: 0, Workers: 4
[5361.360s][debug][gc,phases      ] GC(218)     Total                          Min: 0, Avg: 13.0, Max: 48, Diff: 48, Sum: 52, Workers: 4
[5361.360s][debug][gc,phases      ] GC(218)   StringDedup Table Weak         Min:  0.0, Avg:  0.0, Max:  0.0, Diff:  0.0, Sum:  0.0, Workers: 4
[5361.360s][debug][gc,phases      ] GC(218)     Dead                           Min: 0, Avg:  0.0, Max: 0, Diff: 0, Sum: 0, Workers: 4
[5361.360s][debug][gc,phases      ] GC(218)     Total                          Min: 0, Avg:  0.0, Max: 0, Diff: 0, Sum: 0, Workers: 4
[5361.360s][debug][gc,phases      ] GC(218)   StringDedup Requests0 Weak     Min:  0.0, Avg:  0.0, Max:  0.0, Diff:  0.0, Sum:  0.0, Workers: 4
[5361.360s][debug][gc,phases      ] GC(218)     Dead                           Min: 0, Avg:  0.0, Max: 0, Diff: 0, Sum: 0, Workers: 4
[5361.360s][debug][gc,phases      ] GC(218)     Total                          Min: 0, Avg:  0.0, Max: 0, Diff: 0, Sum: 0, Workers: 4
[5361.360s][debug][gc,phases      ] GC(218)   StringDedup Requests1 Weak     Min:  0.0, Avg:  0.0, Max:  0.0, Diff:  0.0, Sum:  0.0, Workers: 4
[5361.360s][debug][gc,phases      ] GC(218)     Dead                           Min: 0, Avg:  0.0, Max: 0, Diff: 0, Sum: 0, Workers: 4
[5361.360s][debug][gc,phases      ] GC(218)     Total                          Min: 0, Avg:  0.0, Max: 0, Diff: 0, Sum: 0, Workers: 4
[5361.360s][debug][gc,phases      ] GC(218)   Weak JFR Old Object Samples    Min:  0.0, Avg:  0.0, Max:  0.0, Diff:  0.0, Sum:  0.0, Workers: 4
[5361.360s][debug][gc,phases      ] GC(218)     Dead                           Min: 0, Avg:  0.0, Max: 0, Diff: 0, Sum: 0, Workers: 4
[5361.360s][debug][gc,phases      ] GC(218)     Total                          Min: 0, Avg:  0.0, Max: 0, Diff: 0, Sum: 0, Workers: 4
[5361.360s][debug][gc,phases      ] GC(218) Weak Processing 0.511ms
[5361.360s][debug][gc,age         ] GC(218) Desired survivor size 6815744 bytes, new threshold 1 (max threshold 15)
[5361.360s][info ][gc,heap        ] GC(218) PSYoungGen: 2088720K(2090496K)->4976K(2089984K) Eden: 2083328K(2083328K)->0K(2083328K) From: 5392K(7168K)->4976K(6656K)
[5361.360s][info ][gc,heap        ] GC(218) ParOldGen: 599058K(599552K)->600599K(601088K)
[5361.360s][info ][gc,metaspace   ] GC(218) Metaspace: 113019K(114432K)->113019K(114432K) NonClass: 96272K(97088K)->96272K(97088K) Class: 16747K(17344K)->16747K(17344K)
[5361.360s][info ][gc             ] GC(218) Pause Young (Allocation Failure) 2624M->591M(2628M) 6.900ms
[5361.360s][info ][gc,cpu         ] GC(218) User=0.02s Sys=0.00s Real=0.00s
[5361.360s][info ][safepoint      ] Safepoint "ParallelGCFailedAllocation", Time since last: 240673478 ns, Reaching safepoint: 7700 ns, Cleanup: 4700 ns, At safepoint: 6985223 ns, Total: 6997623 ns
[5368.360s][info ][safepoint      ] Safepoint "Cleanup", Time since last: 7000634959 ns, Reaching safepoint: 9100 ns, Cleanup: 12200 ns, At safepoint: 3000 ns, Total: 24300 ns
[5371.361s][info ][safepoint      ] Safepoint "Cleanup", Time since last: 3000289044 ns, Reaching safepoint: 7900 ns, Cleanup: 22301 ns, At safepoint: 3200 ns, Total: 33401 ns
[5386.061s][info ][gc,start       ] GC(219) Pause Young (Allocation Failure)
[5386.067s][debug][gc,phases      ] GC(219) Scavenge 5.988ms
[5386.067s][debug][gc,ref         ] GC(219) ReferenceProcessor::execute queues: 1, RefProcThreadModel::Single, marks_oops_alive: false
[5386.067s][debug][gc,ref         ] GC(219) Skipped KeepAliveFinalRefsPhase of Reference Processing: no references
[5386.067s][debug][gc,ref         ] GC(219) Skipped PhantomRefsPhase of Reference Processing: no references
[5386.067s][debug][gc,phases      ] GC(219) Reference Processing 0.164ms
[5386.067s][debug][gc,phases      ] GC(219)   VM Weak                        Min:  0.0, Avg:  0.0, Max:  0.0, Diff:  0.0, Sum:  0.0, Workers: 4
[5386.067s][debug][gc,phases      ] GC(219)     Dead                           Min: 0, Avg:  0.0, Max: 0, Diff: 0, Sum: 0, Workers: 4
[5386.067s][debug][gc,phases      ] GC(219)     Total                          Min: 128, Avg: 261.5, Max: 576, Diff: 448, Sum: 1046, Workers: 4
[5386.067s][debug][gc,phases      ] GC(219)   ObjectSynchronizer Weak        Min:  0.0, Avg:  0.0, Max:  0.0, Diff:  0.0, Sum:  0.0, Workers: 4
[5386.067s][debug][gc,phases      ] GC(219)     Dead                           Min: 0, Avg:  0.0, Max: 0, Diff: 0, Sum: 0, Workers: 4
[5386.067s][debug][gc,phases      ] GC(219)     Total                          Min: 0, Avg:  0.8, Max: 3, Diff: 3, Sum: 3, Workers: 4
[5386.067s][debug][gc,phases      ] GC(219)   JVMTI Tag Weak OopStorage      Min:  0.0, Avg:  0.0, Max:  0.0, Diff:  0.0, Sum:  0.0, Workers: 4
[5386.067s][debug][gc,phases      ] GC(219)     Dead                           Min: 0, Avg:  0.0, Max: 0, Diff: 0, Sum: 0, Workers: 4
[5386.067s][debug][gc,phases      ] GC(219)     Total                          Min: 0, Avg:  0.0, Max: 0, Diff: 0, Sum: 0, Workers: 4
[5386.067s][debug][gc,phases      ] GC(219)   StringTable Weak               Min:  0.2, Avg:  0.2, Max:  0.2, Diff:  0.0, Sum:  0.7, Workers: 4
[5386.067s][debug][gc,phases      ] GC(219)     Dead                           Min: 0, Avg:  0.0, Max: 0, Diff: 0, Sum: 0, Workers: 4
[5386.067s][debug][gc,phases      ] GC(219)     Total                          Min: 11968, Avg: 12077.8, Max: 12224, Diff: 256, Sum: 48311, Workers: 4
[5386.067s][debug][gc,phases      ] GC(219)   ResolvedMethodTable Weak       Min:  0.1, Avg:  0.1, Max:  0.1, Diff:  0.0, Sum:  0.2, Workers: 4
[5386.067s][debug][gc,phases      ] GC(219)     Dead                           Min: 0, Avg:  4.0, Max: 16, Diff: 16, Sum: 16, Workers: 4
[5386.067s][debug][gc,phases      ] GC(219)     Total                          Min: 3944, Avg: 4011.5, Max: 4066, Diff: 122, Sum: 16046, Workers: 4
[5386.067s][debug][gc,phases      ] GC(219)   JNI Weak                       Min:  0.0, Avg:  0.0, Max:  0.0, Diff:  0.0, Sum:  0.0, Workers: 4
[5386.067s][debug][gc,phases      ] GC(219)     Dead                           Min: 0, Avg:  0.0, Max: 0, Diff: 0, Sum: 0, Workers: 4
[5386.067s][debug][gc,phases      ] GC(219)     Total                          Min: 0, Avg: 13.0, Max: 48, Diff: 48, Sum: 52, Workers: 4
[5386.067s][debug][gc,phases      ] GC(219)   StringDedup Table Weak         Min:  0.0, Avg:  0.0, Max:  0.0, Diff:  0.0, Sum:  0.0, Workers: 4
[5386.067s][debug][gc,phases      ] GC(219)     Dead                           Min: 0, Avg:  0.0, Max: 0, Diff: 0, Sum: 0, Workers: 4
[5386.067s][debug][gc,phases      ] GC(219)     Total                          Min: 0, Avg:  0.0, Max: 0, Diff: 0, Sum: 0, Workers: 4
[5386.067s][debug][gc,phases      ] GC(219)   StringDedup Requests0 Weak     Min:  0.0, Avg:  0.0, Max:  0.0, Diff:  0.0, Sum:  0.0, Workers: 4
[5386.067s][debug][gc,phases      ] GC(219)     Dead                           Min: 0, Avg:  0.0, Max: 0, Diff: 0, Sum: 0, Workers: 4
[5386.067s][debug][gc,phases      ] GC(219)     Total                          Min: 0, Avg:  0.0, Max: 0, Diff: 0, Sum: 0, Workers: 4
[5386.067s][debug][gc,phases      ] GC(219)   StringDedup Requests1 Weak     Min:  0.0, Avg:  0.0, Max:  0.0, Diff:  0.0, Sum:  0.0, Workers: 4
[5386.067s][debug][gc,phases      ] GC(219)     Dead                           Min: 0, Avg:  0.0, Max: 0, Diff: 0, Sum: 0, Workers: 4
[5386.067s][debug][gc,phases      ] GC(219)     Total                          Min: 0, Avg:  0.0, Max: 0, Diff: 0, Sum: 0, Workers: 4
[5386.067s][debug][gc,phases      ] GC(219)   Weak JFR Old Object Samples    Min:  0.0, Avg:  0.0, Max:  0.0, Diff:  0.0, Sum:  0.0, Workers: 4
[5386.067s][debug][gc,phases      ] GC(219)     Dead                           Min: 0, Avg:  0.0, Max: 0, Diff: 0, Sum: 0, Workers: 4
[5386.067s][debug][gc,phases      ] GC(219)     Total                          Min: 0, Avg:  0.0, Max: 0, Diff: 0, Sum: 0, Workers: 4
[5386.067s][debug][gc,phases      ] GC(219) Weak Processing 0.472ms
[5386.067s][debug][gc,age         ] GC(219) Desired survivor size 6815744 bytes, new threshold 1 (max threshold 15)
[5386.067s][info ][gc,heap        ] GC(219) PSYoungGen: 2088304K(2089984K)->5104K(2090496K) Eden: 2083328K(2083328K)->0K(2083840K) From: 4976K(6656K)->5104K(6656K)
[5386.067s][info ][gc,heap        ] GC(219) ParOldGen: 600599K(601088K)->601639K(602112K)
[5386.067s][info ][gc,metaspace   ] GC(219) Metaspace: 113019K(114432K)->113019K(114432K) NonClass: 96272K(97088K)->96272K(97088K) Class: 16747K(17344K)->16747K(17344K)
[5386.067s][info ][gc             ] GC(219) Pause Young (Allocation Failure) 2625M->592M(2629M) 6.852ms
[5386.067s][info ][gc,cpu         ] GC(219) User=0.02s Sys=0.00s Real=0.01s
[5386.067s][info ][safepoint      ] Safepoint "ParallelGCFailedAllocation", Time since last: 14699671978 ns, Reaching safepoint: 13700 ns, Cleanup: 7600 ns, At safepoint: 6970721 ns, Total: 6992021 ns
[5398.068s][info ][safepoint      ] Safepoint "Cleanup", Time since last: 12000988455 ns, Reaching safepoint: 8800 ns, Cleanup: 13601 ns, At safepoint: 2700 ns, Total: 25101 ns
[5411.081s][info ][gc,start       ] GC(220) Pause Young (Allocation Failure)
[5411.086s][debug][gc,phases      ] GC(220) Scavenge 4.378ms
[5411.086s][debug][gc,ref         ] GC(220) ReferenceProcessor::execute queues: 1, RefProcThreadModel::Single, marks_oops_alive: false
[5411.086s][debug][gc,ref         ] GC(220) Skipped KeepAliveFinalRefsPhase of Reference Processing: no references
[5411.086s][debug][gc,ref         ] GC(220) Skipped PhantomRefsPhase of Reference Processing: no references
[5411.086s][debug][gc,phases      ] GC(220) Reference Processing 0.118ms
[5411.086s][debug][gc,phases      ] GC(220)   VM Weak                        Min:  0.0, Avg:  0.0, Max:  0.0, Diff:  0.0, Sum:  0.0, Workers: 4
[5411.086s][debug][gc,phases      ] GC(220)     Dead                           Min: 0, Avg:  0.0, Max: 0, Diff: 0, Sum: 0, Workers: 4
[5411.086s][debug][gc,phases      ] GC(220)     Total                          Min: 0, Avg: 261.5, Max: 534, Diff: 534, Sum: 1046, Workers: 4
[5411.086s][debug][gc,phases      ] GC(220)   ObjectSynchronizer Weak        Min:  0.0, Avg:  0.0, Max:  0.0, Diff:  0.0, Sum:  0.0, Workers: 4
[5411.086s][debug][gc,phases      ] GC(220)     Dead                           Min: 0, Avg:  0.0, Max: 0, Diff: 0, Sum: 0, Workers: 4
[5411.086s][debug][gc,phases      ] GC(220)     Total                          Min: 0, Avg:  0.8, Max: 3, Diff: 3, Sum: 3, Workers: 4
[5411.086s][debug][gc,phases      ] GC(220)   JVMTI Tag Weak OopStorage      Min:  0.0, Avg:  0.0, Max:  0.0, Diff:  0.0, Sum:  0.0, Workers: 4
[5411.086s][debug][gc,phases      ] GC(220)     Dead                           Min: 0, Avg:  0.0, Max: 0, Diff: 0, Sum: 0, Workers: 4
[5411.086s][debug][gc,phases      ] GC(220)     Total                          Min: 0, Avg:  0.0, Max: 0, Diff: 0, Sum: 0, Workers: 4
[5411.086s][debug][gc,phases      ] GC(220)   StringTable Weak               Min:  0.1, Avg:  0.1, Max:  0.1, Diff:  0.0, Sum:  0.5, Workers: 4
[5411.086s][debug][gc,phases      ] GC(220)     Dead                           Min: 0, Avg:  0.0, Max: 0, Diff: 0, Sum: 0, Workers: 4
[5411.086s][debug][gc,phases      ] GC(220)     Total                          Min: 10615, Avg: 12077.8, Max: 14400, Diff: 3785, Sum: 48311, Workers: 4
[5411.086s][debug][gc,phases      ] GC(220)   ResolvedMethodTable Weak       Min:  0.0, Avg:  0.0, Max:  0.0, Diff:  0.0, Sum:  0.2, Workers: 4
[5411.086s][debug][gc,phases      ] GC(220)     Dead                           Min: 0, Avg:  4.0, Max: 16, Diff: 16, Sum: 16, Workers: 4
[5411.086s][debug][gc,phases      ] GC(220)     Total                          Min: 3526, Avg: 4011.5, Max: 4760, Diff: 1234, Sum: 16046, Workers: 4
[5411.086s][debug][gc,phases      ] GC(220)   JNI Weak                       Min:  0.0, Avg:  0.0, Max:  0.0, Diff:  0.0, Sum:  0.0, Workers: 4
[5411.086s][debug][gc,phases      ] GC(220)     Dead                           Min: 0, Avg:  0.0, Max: 0, Diff: 0, Sum: 0, Workers: 4
[5411.086s][debug][gc,phases      ] GC(220)     Total                          Min: 0, Avg: 13.0, Max: 48, Diff: 48, Sum: 52, Workers: 4
[5411.086s][debug][gc,phases      ] GC(220)   StringDedup Table Weak         Min:  0.0, Avg:  0.0, Max:  0.0, Diff:  0.0, Sum:  0.0, Workers: 4
[5411.086s][debug][gc,phases      ] GC(220)     Dead                           Min: 0, Avg:  0.0, Max: 0, Diff: 0, Sum: 0, Workers: 4
[5411.086s][debug][gc,phases      ] GC(220)     Total                          Min: 0, Avg:  0.0, Max: 0, Diff: 0, Sum: 0, Workers: 4
[5411.086s][debug][gc,phases      ] GC(220)   StringDedup Requests0 Weak     Min:  0.0, Avg:  0.0, Max:  0.0, Diff:  0.0, Sum:  0.0, Workers: 4
[5411.086s][debug][gc,phases      ] GC(220)     Dead                           Min: 0, Avg:  0.0, Max: 0, Diff: 0, Sum: 0, Workers: 4
[5411.086s][debug][gc,phases      ] GC(220)     Total                          Min: 0, Avg:  0.0, Max: 0, Diff: 0, Sum: 0, Workers: 4
[5411.086s][debug][gc,phases      ] GC(220)   StringDedup Requests1 Weak     Min:  0.0, Avg:  0.0, Max:  0.0, Diff:  0.0, Sum:  0.0, Workers: 4
[5411.086s][debug][gc,phases      ] GC(220)     Dead                           Min: 0, Avg:  0.0, Max: 0, Diff: 0, Sum: 0, Workers: 4
[5411.086s][debug][gc,phases      ] GC(220)     Total                          Min: 0, Avg:  0.0, Max: 0, Diff: 0, Sum: 0, Workers: 4
[5411.086s][debug][gc,phases      ] GC(220)   Weak JFR Old Object Samples    Min:  0.0, Avg:  0.0, Max:  0.0, Diff:  0.0, Sum:  0.0, Workers: 4
[5411.086s][debug][gc,phases      ] GC(220)     Dead                           Min: 0, Avg:  0.0, Max: 0, Diff: 0, Sum: 0, Workers: 4
[5411.086s][debug][gc,phases      ] GC(220)     Total                          Min: 0, Avg:  0.0, Max: 0, Diff: 0, Sum: 0, Workers: 4
[5411.086s][debug][gc,phases      ] GC(220) Weak Processing 0.411ms
[5411.086s][debug][gc,age         ] GC(220) Desired survivor size 6815744 bytes, new threshold 1 (max threshold 15)
[5411.086s][info ][gc,heap        ] GC(220) PSYoungGen: 2088944K(2090496K)->4816K(2090496K) Eden: 2083840K(2083840K)->0K(2083840K) From: 5104K(6656K)->4816K(6656K)
[5411.086s][info ][gc,heap        ] GC(220) ParOldGen: 601639K(602112K)->602743K(603136K)
[5411.086s][info ][gc,metaspace   ] GC(220) Metaspace: 113019K(114432K)->113019K(114432K) NonClass: 96272K(97088K)->96272K(97088K) Class: 16747K(17344K)->16747K(17344K)
[5411.086s][info ][gc             ] GC(220) Pause Young (Allocation Failure) 2627M->593M(2630M) 5.044ms
[5411.086s][info ][gc,cpu         ] GC(220) User=0.01s Sys=0.00s Real=0.01s
[5411.086s][info ][safepoint      ] Safepoint "ParallelGCFailedAllocation", Time since last: 13012845007 ns, Reaching safepoint: 9001 ns, Cleanup: 4300 ns, At safepoint: 5152362 ns, Total: 5165663 ns
[5419.087s][info ][safepoint      ] Safepoint "Cleanup", Time since last: 8000621423 ns, Reaching safepoint: 9500 ns, Cleanup: 11801 ns, At safepoint: 2700 ns, Total: 24001 ns
[5423.087s][info ][safepoint      ] Safepoint "Cleanup", Time since last: 4000327219 ns, Reaching safepoint: 9800 ns, Cleanup: 13900 ns, At safepoint: 2700 ns, Total: 26400 ns
[5430.088s][info ][safepoint      ] Safepoint "Cleanup", Time since last: 7000530962 ns, Reaching safepoint: 9201 ns, Cleanup: 11700 ns, At safepoint: 2800 ns, Total: 23701 ns
[5431.088s][info ][safepoint      ] Safepoint "Cleanup", Time since last: 1000108594 ns, Reaching safepoint: 84003 ns, Cleanup: 10700 ns, At safepoint: 10300 ns, Total: 105003 ns
[5435.581s][info ][gc,start       ] GC(221) Pause Young (Allocation Failure)
[5435.591s][debug][gc,phases      ] GC(221) Scavenge 9.652ms
[5435.591s][debug][gc,ref         ] GC(221) ReferenceProcessor::execute queues: 1, RefProcThreadModel::Single, marks_oops_alive: false
[5435.591s][debug][gc,ref         ] GC(221) Skipped KeepAliveFinalRefsPhase of Reference Processing: no references
[5435.591s][debug][gc,ref         ] GC(221) ReferenceProcessor::execute queues: 1, RefProcThreadModel::Single, marks_oops_alive: false
[5435.591s][debug][gc,phases      ] GC(221) Reference Processing 0.149ms
[5435.592s][debug][gc,phases      ] GC(221)   VM Weak                        Min:  0.0, Avg:  0.0, Max:  0.0, Diff:  0.0, Sum:  0.0, Workers: 4
[5435.592s][debug][gc,phases      ] GC(221)     Dead                           Min: 0, Avg:  0.0, Max: 0, Diff: 0, Sum: 0, Workers: 4
[5435.592s][debug][gc,phases      ] GC(221)     Total                          Min: 0, Avg: 261.5, Max: 1046, Diff: 1046, Sum: 1046, Workers: 4
[5435.592s][debug][gc,phases      ] GC(221)   ObjectSynchronizer Weak        Min:  0.0, Avg:  0.0, Max:  0.0, Diff:  0.0, Sum:  0.0, Workers: 4
[5435.592s][debug][gc,phases      ] GC(221)     Dead                           Min: 0, Avg:  0.0, Max: 0, Diff: 0, Sum: 0, Workers: 4
[5435.592s][debug][gc,phases      ] GC(221)     Total                          Min: 0, Avg:  0.8, Max: 3, Diff: 3, Sum: 3, Workers: 4
[5435.592s][debug][gc,phases      ] GC(221)   JVMTI Tag Weak OopStorage      Min:  0.0, Avg:  0.0, Max:  0.0, Diff:  0.0, Sum:  0.0, Workers: 4
[5435.592s][debug][gc,phases      ] GC(221)     Dead                           Min: 0, Avg:  0.0, Max: 0, Diff: 0, Sum: 0, Workers: 4
[5435.592s][debug][gc,phases      ] GC(221)     Total                          Min: 0, Avg:  0.0, Max: 0, Diff: 0, Sum: 0, Workers: 4
[5435.592s][debug][gc,phases      ] GC(221)   StringTable Weak               Min:  0.0, Avg:  0.1, Max:  0.5, Diff:  0.5, Sum:  0.5, Workers: 4
[5435.592s][debug][gc,phases      ] GC(221)     Dead                           Min: 0, Avg:  0.0, Max: 0, Diff: 0, Sum: 0, Workers: 4
[5435.592s][debug][gc,phases      ] GC(221)     Total                          Min: 0, Avg: 12077.8, Max: 48311, Diff: 48311, Sum: 48311, Workers: 4
[5435.592s][debug][gc,phases      ] GC(221)   ResolvedMethodTable Weak       Min:  0.0, Avg:  0.0, Max:  0.2, Diff:  0.2, Sum:  0.2, Workers: 4
[5435.592s][debug][gc,phases      ] GC(221)     Dead                           Min: 0, Avg:  6.0, Max: 24, Diff: 24, Sum: 24, Workers: 4
[5435.592s][debug][gc,phases      ] GC(221)     Total                          Min: 0, Avg: 4011.5, Max: 16046, Diff: 16046, Sum: 16046, Workers: 4
[5435.592s][debug][gc,phases      ] GC(221)   JNI Weak                       Min:  0.0, Avg:  0.0, Max:  0.0, Diff:  0.0, Sum:  0.0, Workers: 4
[5435.592s][debug][gc,phases      ] GC(221)     Dead                           Min: 0, Avg:  0.0, Max: 0, Diff: 0, Sum: 0, Workers: 4
[5435.592s][debug][gc,phases      ] GC(221)     Total                          Min: 0, Avg: 13.0, Max: 52, Diff: 52, Sum: 52, Workers: 4
[5435.592s][debug][gc,phases      ] GC(221)   StringDedup Table Weak         Min:  0.0, Avg:  0.0, Max:  0.0, Diff:  0.0, Sum:  0.0, Workers: 4
[5435.592s][debug][gc,phases      ] GC(221)     Dead                           Min: 0, Avg:  0.0, Max: 0, Diff: 0, Sum: 0, Workers: 4
[5435.592s][debug][gc,phases      ] GC(221)     Total                          Min: 0, Avg:  0.0, Max: 0, Diff: 0, Sum: 0, Workers: 4
[5435.592s][debug][gc,phases      ] GC(221)   StringDedup Requests0 Weak     Min:  0.0, Avg:  0.0, Max:  0.0, Diff:  0.0, Sum:  0.0, Workers: 4
[5435.592s][debug][gc,phases      ] GC(221)     Dead                           Min: 0, Avg:  0.0, Max: 0, Diff: 0, Sum: 0, Workers: 4
[5435.592s][debug][gc,phases      ] GC(221)     Total                          Min: 0, Avg:  0.0, Max: 0, Diff: 0, Sum: 0, Workers: 4
[5435.592s][debug][gc,phases      ] GC(221)   StringDedup Requests1 Weak     Min:  0.0, Avg:  0.0, Max:  0.0, Diff:  0.0, Sum:  0.0, Workers: 4
[5435.592s][debug][gc,phases      ] GC(221)     Dead                           Min: 0, Avg:  0.0, Max: 0, Diff: 0, Sum: 0, Workers: 4
[5435.592s][debug][gc,phases      ] GC(221)     Total                          Min: 0, Avg:  0.0, Max: 0, Diff: 0, Sum: 0, Workers: 4
[5435.592s][debug][gc,phases      ] GC(221)   Weak JFR Old Object Samples    Min:  0.0, Avg:  0.0, Max:  0.0, Diff:  0.0, Sum:  0.0, Workers: 4
[5435.592s][debug][gc,phases      ] GC(221)     Dead                           Min: 0, Avg:  0.0, Max: 0, Diff: 0, Sum: 0, Workers: 4
[5435.592s][debug][gc,phases      ] GC(221)     Total                          Min: 0, Avg:  0.0, Max: 0, Diff: 0, Sum: 0, Workers: 4
[5435.592s][debug][gc,phases      ] GC(221) Weak Processing 0.979ms
[5435.592s][debug][gc,age         ] GC(221) Desired survivor size 6815744 bytes, new threshold 1 (max threshold 15)
[5435.592s][info ][gc,heap        ] GC(221) PSYoungGen: 2088656K(2090496K)->4768K(2090496K) Eden: 2083840K(2083840K)->0K(2083840K) From: 4816K(6656K)->4768K(6656K)
[5435.592s][info ][gc,heap        ] GC(221) ParOldGen: 602743K(603136K)->603839K(604160K)
[5435.592s][info ][gc,metaspace   ] GC(221) Metaspace: 113024K(114432K)->113024K(114432K) NonClass: 96277K(97088K)->96277K(97088K) Class: 16747K(17344K)->16747K(17344K)
[5435.592s][info ][gc             ] GC(221) Pause Young (Allocation Failure) 2628M->594M(2631M) 10.945ms
[5435.592s][info ][gc,cpu         ] GC(221) User=0.02s Sys=0.00s Real=0.02s
[5435.592s][info ][safepoint      ] Safepoint "ParallelGCFailedAllocation", Time since last: 4492877962 ns, Reaching safepoint: 10201 ns, Cleanup: 5100 ns, At safepoint: 11054347 ns, Total: 11069648 ns
[5445.593s][info ][safepoint      ] Safepoint "Cleanup", Time since last: 10000781954 ns, Reaching safepoint: 84403 ns, Cleanup: 34401 ns, At safepoint: 7300 ns, Total: 126104 ns
[5449.594s][info ][safepoint      ] Safepoint "Cleanup", Time since last: 4000398893 ns, Reaching safepoint: 82703 ns, Cleanup: 11300 ns, At safepoint: 8700 ns, Total: 102703 ns
[5460.791s][info ][gc,start       ] GC(222) Pause Young (Allocation Failure)
[5460.796s][debug][gc,phases      ] GC(222) Scavenge 5.247ms
[5460.796s][debug][gc,ref         ] GC(222) ReferenceProcessor::execute queues: 1, RefProcThreadModel::Single, marks_oops_alive: false
[5460.796s][debug][gc,ref         ] GC(222) Skipped KeepAliveFinalRefsPhase of Reference Processing: no references
[5460.796s][debug][gc,ref         ] GC(222) ReferenceProcessor::execute queues: 1, RefProcThreadModel::Single, marks_oops_alive: false
[5460.796s][debug][gc,phases      ] GC(222) Reference Processing 0.122ms
[5460.796s][debug][gc,phases      ] GC(222)   VM Weak                        Min:  0.0, Avg:  0.0, Max:  0.0, Diff:  0.0, Sum:  0.0, Workers: 4
[5460.796s][debug][gc,phases      ] GC(222)     Dead                           Min: 0, Avg:  0.0, Max: 0, Diff: 0, Sum: 0, Workers: 4
[5460.796s][debug][gc,phases      ] GC(222)     Total                          Min: 0, Avg: 261.5, Max: 704, Diff: 704, Sum: 1046, Workers: 4
[5460.796s][debug][gc,phases      ] GC(222)   ObjectSynchronizer Weak        Min:  0.0, Avg:  0.0, Max:  0.0, Diff:  0.0, Sum:  0.0, Workers: 4
[5460.796s][debug][gc,phases      ] GC(222)     Dead                           Min: 0, Avg:  0.0, Max: 0, Diff: 0, Sum: 0, Workers: 4
[5460.796s][debug][gc,phases      ] GC(222)     Total                          Min: 0, Avg:  0.8, Max: 3, Diff: 3, Sum: 3, Workers: 4
[5460.796s][debug][gc,phases      ] GC(222)   JVMTI Tag Weak OopStorage      Min:  0.0, Avg:  0.0, Max:  0.0, Diff:  0.0, Sum:  0.0, Workers: 4
[5460.796s][debug][gc,phases      ] GC(222)     Dead                           Min: 0, Avg:  0.0, Max: 0, Diff: 0, Sum: 0, Workers: 4
[5460.796s][debug][gc,phases      ] GC(222)     Total                          Min: 0, Avg:  0.0, Max: 0, Diff: 0, Sum: 0, Workers: 4
[5460.796s][debug][gc,phases      ] GC(222)   StringTable Weak               Min:  0.0, Avg:  0.1, Max:  0.2, Diff:  0.2, Sum:  0.5, Workers: 4
[5460.796s][debug][gc,phases      ] GC(222)     Dead                           Min: 0, Avg:  0.0, Max: 0, Diff: 0, Sum: 0, Workers: 4
[5460.797s][debug][gc,phases      ] GC(222)     Total                          Min: 0, Avg: 12077.8, Max: 24503, Diff: 24503, Sum: 48311, Workers: 4
[5460.797s][debug][gc,phases      ] GC(222)   ResolvedMethodTable Weak       Min:  0.0, Avg:  0.0, Max:  0.1, Diff:  0.1, Sum:  0.2, Workers: 4
[5460.797s][debug][gc,phases      ] GC(222)     Dead                           Min: 0, Avg:  4.5, Max: 18, Diff: 18, Sum: 18, Workers: 4
[5460.797s][debug][gc,phases      ] GC(222)     Total                          Min: 0, Avg: 4011.5, Max: 8135, Diff: 8135, Sum: 16046, Workers: 4
[5460.797s][debug][gc,phases      ] GC(222)   JNI Weak                       Min:  0.0, Avg:  0.0, Max:  0.0, Diff:  0.0, Sum:  0.0, Workers: 4
[5460.797s][debug][gc,phases      ] GC(222)     Dead                           Min: 0, Avg:  0.0, Max: 0, Diff: 0, Sum: 0, Workers: 4
[5460.797s][debug][gc,phases      ] GC(222)     Total                          Min: 0, Avg: 13.0, Max: 48, Diff: 48, Sum: 52, Workers: 4
[5460.797s][debug][gc,phases      ] GC(222)   StringDedup Table Weak         Min:  0.0, Avg:  0.0, Max:  0.0, Diff:  0.0, Sum:  0.0, Workers: 4
[5460.797s][debug][gc,phases      ] GC(222)     Dead                           Min: 0, Avg:  0.0, Max: 0, Diff: 0, Sum: 0, Workers: 4
[5460.797s][debug][gc,phases      ] GC(222)     Total                          Min: 0, Avg:  0.0, Max: 0, Diff: 0, Sum: 0, Workers: 4
[5460.797s][debug][gc,phases      ] GC(222)   StringDedup Requests0 Weak     Min:  0.0, Avg:  0.0, Max:  0.0, Diff:  0.0, Sum:  0.0, Workers: 4
[5460.797s][debug][gc,phases      ] GC(222)     Dead                           Min: 0, Avg:  0.0, Max: 0, Diff: 0, Sum: 0, Workers: 4
[5460.797s][debug][gc,phases      ] GC(222)     Total                          Min: 0, Avg:  0.0, Max: 0, Diff: 0, Sum: 0, Workers: 4
[5460.797s][debug][gc,phases      ] GC(222)   StringDedup Requests1 Weak     Min:  0.0, Avg:  0.0, Max:  0.0, Diff:  0.0, Sum:  0.0, Workers: 4
[5460.797s][debug][gc,phases      ] GC(222)     Dead                           Min: 0, Avg:  0.0, Max: 0, Diff: 0, Sum: 0, Workers: 4
[5460.797s][debug][gc,phases      ] GC(222)     Total                          Min: 0, Avg:  0.0, Max: 0, Diff: 0, Sum: 0, Workers: 4
[5460.797s][debug][gc,phases      ] GC(222)   Weak JFR Old Object Samples    Min:  0.0, Avg:  0.0, Max:  0.0, Diff:  0.0, Sum:  0.0, Workers: 4
[5460.797s][debug][gc,phases      ] GC(222)     Dead                           Min: 0, Avg:  0.0, Max: 0, Diff: 0, Sum: 0, Workers: 4
[5460.797s][debug][gc,phases      ] GC(222)     Total                          Min: 0, Avg:  0.0, Max: 0, Diff: 0, Sum: 0, Workers: 4
[5460.797s][debug][gc,phases      ] GC(222) Weak Processing 0.639ms
[5460.797s][debug][gc,age         ] GC(222) Desired survivor size 6815744 bytes, new threshold 1 (max threshold 15)
[5460.797s][info ][gc,heap        ] GC(222) PSYoungGen: 2088608K(2090496K)->4704K(2090496K) Eden: 2083840K(2083840K)->0K(2083840K) From: 4768K(6656K)->4704K(6656K)
[5460.797s][info ][gc,heap        ] GC(222) ParOldGen: 603839K(604160K)->604747K(605184K)
[5460.797s][info ][gc,metaspace   ] GC(222) Metaspace: 113024K(114432K)->113024K(114432K) NonClass: 96277K(97088K)->96277K(97088K) Class: 16747K(17344K)->16747K(17344K)
[5460.797s][info ][gc             ] GC(222) Pause Young (Allocation Failure) 2629M->595M(2632M) 6.170ms
[5460.797s][info ][gc,cpu         ] GC(222) User=0.01s Sys=0.01s Real=0.01s
[5460.797s][info ][safepoint      ] Safepoint "ParallelGCFailedAllocation", Time since last: 11196773754 ns, Reaching safepoint: 85003 ns, Cleanup: 5500 ns, At safepoint: 6263596 ns, Total: 6354099 ns
[5463.797s][info ][safepoint      ] Safepoint "Cleanup", Time since last: 3000316463 ns, Reaching safepoint: 89803 ns, Cleanup: 14201 ns, At safepoint: 11600 ns, Total: 115604 ns
[5486.153s][info ][gc,start       ] GC(223) Pause Young (Allocation Failure)
[5486.160s][debug][gc,phases      ] GC(223) Scavenge 6.525ms
[5486.160s][debug][gc,ref         ] GC(223) ReferenceProcessor::execute queues: 1, RefProcThreadModel::Single, marks_oops_alive: false
[5486.160s][debug][gc,ref         ] GC(223) Skipped KeepAliveFinalRefsPhase of Reference Processing: no references
[5486.160s][debug][gc,ref         ] GC(223) Skipped PhantomRefsPhase of Reference Processing: no references
[5486.160s][debug][gc,phases      ] GC(223) Reference Processing 0.129ms
[5486.160s][debug][gc,phases      ] GC(223)   VM Weak                        Min:  0.0, Avg:  0.0, Max:  0.0, Diff:  0.0, Sum:  0.0, Workers: 4
[5486.160s][debug][gc,phases      ] GC(223)     Dead                           Min: 0, Avg:  0.0, Max: 0, Diff: 0, Sum: 0, Workers: 4
[5486.160s][debug][gc,phases      ] GC(223)     Total                          Min: 0, Avg: 261.5, Max: 512, Diff: 512, Sum: 1046, Workers: 4
[5486.160s][debug][gc,phases      ] GC(223)   ObjectSynchronizer Weak        Min:  0.0, Avg:  0.0, Max:  0.0, Diff:  0.0, Sum:  0.0, Workers: 4
[5486.160s][debug][gc,phases      ] GC(223)     Dead                           Min: 0, Avg:  0.0, Max: 0, Diff: 0, Sum: 0, Workers: 4
[5486.160s][debug][gc,phases      ] GC(223)     Total                          Min: 0, Avg:  0.8, Max: 3, Diff: 3, Sum: 3, Workers: 4
[5486.160s][debug][gc,phases      ] GC(223)   JVMTI Tag Weak OopStorage      Min:  0.0, Avg:  0.0, Max:  0.0, Diff:  0.0, Sum:  0.0, Workers: 4
[5486.160s][debug][gc,phases      ] GC(223)     Dead                           Min: 0, Avg:  0.0, Max: 0, Diff: 0, Sum: 0, Workers: 4
[5486.160s][debug][gc,phases      ] GC(223)     Total                          Min: 0, Avg:  0.0, Max: 0, Diff: 0, Sum: 0, Workers: 4
[5486.160s][debug][gc,phases      ] GC(223)   StringTable Weak               Min:  0.1, Avg:  0.1, Max:  0.1, Diff:  0.0, Sum:  0.5, Workers: 4
[5486.160s][debug][gc,phases      ] GC(223)     Dead                           Min: 0, Avg:  0.0, Max: 0, Diff: 0, Sum: 0, Workers: 4
[5486.160s][debug][gc,phases      ] GC(223)     Total                          Min: 11904, Avg: 12077.8, Max: 12480, Diff: 576, Sum: 48311, Workers: 4
[5486.161s][debug][gc,phases      ] GC(223)   ResolvedMethodTable Weak       Min:  0.0, Avg:  0.0, Max:  0.0, Diff:  0.0, Sum:  0.2, Workers: 4
[5486.161s][debug][gc,phases      ] GC(223)     Dead                           Min: 0, Avg:  4.0, Max: 16, Diff: 16, Sum: 16, Workers: 4
[5486.161s][debug][gc,phases      ] GC(223)     Total                          Min: 3818, Avg: 4011.5, Max: 4210, Diff: 392, Sum: 16046, Workers: 4
[5486.161s][debug][gc,phases      ] GC(223)   JNI Weak                       Min:  0.0, Avg:  0.0, Max:  0.0, Diff:  0.0, Sum:  0.0, Workers: 4
[5486.161s][debug][gc,phases      ] GC(223)     Dead                           Min: 0, Avg:  0.0, Max: 0, Diff: 0, Sum: 0, Workers: 4
[5486.161s][debug][gc,phases      ] GC(223)     Total                          Min: 0, Avg: 13.0, Max: 48, Diff: 48, Sum: 52, Workers: 4
[5486.161s][debug][gc,phases      ] GC(223)   StringDedup Table Weak         Min:  0.0, Avg:  0.0, Max:  0.0, Diff:  0.0, Sum:  0.0, Workers: 4
[5486.161s][debug][gc,phases      ] GC(223)     Dead                           Min: 0, Avg:  0.0, Max: 0, Diff: 0, Sum: 0, Workers: 4
[5486.161s][debug][gc,phases      ] GC(223)     Total                          Min: 0, Avg:  0.0, Max: 0, Diff: 0, Sum: 0, Workers: 4
[5486.161s][debug][gc,phases      ] GC(223)   StringDedup Requests0 Weak     Min:  0.0, Avg:  0.0, Max:  0.0, Diff:  0.0, Sum:  0.0, Workers: 4
[5486.161s][debug][gc,phases      ] GC(223)     Dead                           Min: 0, Avg:  0.0, Max: 0, Diff: 0, Sum: 0, Workers: 4
[5486.161s][debug][gc,phases      ] GC(223)     Total                          Min: 0, Avg:  0.0, Max: 0, Diff: 0, Sum: 0, Workers: 4
[5486.161s][debug][gc,phases      ] GC(223)   StringDedup Requests1 Weak     Min:  0.0, Avg:  0.0, Max:  0.0, Diff:  0.0, Sum:  0.0, Workers: 4
[5486.161s][debug][gc,phases      ] GC(223)     Dead                           Min: 0, Avg:  0.0, Max: 0, Diff: 0, Sum: 0, Workers: 4
[5486.161s][debug][gc,phases      ] GC(223)     Total                          Min: 0, Avg:  0.0, Max: 0, Diff: 0, Sum: 0, Workers: 4
[5486.161s][debug][gc,phases      ] GC(223)   Weak JFR Old Object Samples    Min:  0.0, Avg:  0.0, Max:  0.0, Diff:  0.0, Sum:  0.0, Workers: 4
[5486.161s][debug][gc,phases      ] GC(223)     Dead                           Min: 0, Avg:  0.0, Max: 0, Diff: 0, Sum: 0, Workers: 4
[5486.161s][debug][gc,phases      ] GC(223)     Total                          Min: 0, Avg:  0.0, Max: 0, Diff: 0, Sum: 0, Workers: 4
[5486.161s][debug][gc,phases      ] GC(223) Weak Processing 0.395ms
[5486.161s][debug][gc,age         ] GC(223) Desired survivor size 6815744 bytes, new threshold 1 (max threshold 15)
[5486.161s][info ][gc,heap        ] GC(223) PSYoungGen: 2088544K(2090496K)->4816K(2090496K) Eden: 2083840K(2083840K)->0K(2083840K) From: 4704K(6656K)->4816K(6656K)
[5486.161s][info ][gc,heap        ] GC(223) ParOldGen: 604747K(605184K)->605700K(606208K)
[5486.161s][info ][gc,metaspace   ] GC(223) Metaspace: 113024K(114432K)->113024K(114432K) NonClass: 96277K(97088K)->96277K(97088K) Class: 16747K(17344K)->16747K(17344K)
[5486.161s][info ][gc             ] GC(223) Pause Young (Allocation Failure) 2630M->596M(2633M) 7.200ms
[5486.161s][info ][gc,cpu         ] GC(223) User=0.02s Sys=0.00s Real=0.00s
[5486.161s][info ][safepoint      ] Safepoint "ParallelGCFailedAllocation", Time since last: 22356194864 ns, Reaching safepoint: 10601 ns, Cleanup: 5500 ns, At safepoint: 7333527 ns, Total: 7349628 ns
[5511.739s][info ][gc,start       ] GC(224) Pause Young (Allocation Failure)
[5511.744s][debug][gc,phases      ] GC(224) Scavenge 4.680ms
[5511.744s][debug][gc,ref         ] GC(224) ReferenceProcessor::execute queues: 1, RefProcThreadModel::Single, marks_oops_alive: false
[5511.744s][debug][gc,ref         ] GC(224) Skipped KeepAliveFinalRefsPhase of Reference Processing: no references
[5511.744s][debug][gc,ref         ] GC(224) Skipped PhantomRefsPhase of Reference Processing: no references
[5511.744s][debug][gc,phases      ] GC(224) Reference Processing 0.210ms
[5511.744s][debug][gc,phases      ] GC(224)   VM Weak                        Min:  0.0, Avg:  0.0, Max:  0.0, Diff:  0.0, Sum:  0.0, Workers: 4
[5511.744s][debug][gc,phases      ] GC(224)     Dead                           Min: 0, Avg:  0.0, Max: 0, Diff: 0, Sum: 0, Workers: 4
[5511.744s][debug][gc,phases      ] GC(224)     Total                          Min: 0, Avg: 261.5, Max: 534, Diff: 534, Sum: 1046, Workers: 4
[5511.744s][debug][gc,phases      ] GC(224)   ObjectSynchronizer Weak        Min:  0.0, Avg:  0.0, Max:  0.0, Diff:  0.0, Sum:  0.0, Workers: 4
[5511.744s][debug][gc,phases      ] GC(224)     Dead                           Min: 0, Avg:  0.0, Max: 0, Diff: 0, Sum: 0, Workers: 4
[5511.744s][debug][gc,phases      ] GC(224)     Total                          Min: 0, Avg:  0.8, Max: 3, Diff: 3, Sum: 3, Workers: 4
[5511.744s][debug][gc,phases      ] GC(224)   JVMTI Tag Weak OopStorage      Min:  0.0, Avg:  0.0, Max:  0.0, Diff:  0.0, Sum:  0.0, Workers: 4
[5511.744s][debug][gc,phases      ] GC(224)     Dead                           Min: 0, Avg:  0.0, Max: 0, Diff: 0, Sum: 0, Workers: 4
[5511.744s][debug][gc,phases      ] GC(224)     Total                          Min: 0, Avg:  0.0, Max: 0, Diff: 0, Sum: 0, Workers: 4
[5511.744s][debug][gc,phases      ] GC(224)   StringTable Weak               Min:  0.1, Avg:  0.1, Max:  0.1, Diff:  0.0, Sum:  0.5, Workers: 4
[5511.744s][debug][gc,phases      ] GC(224)     Dead                           Min: 0, Avg:  0.0, Max: 0, Diff: 0, Sum: 0, Workers: 4
[5511.744s][debug][gc,phases      ] GC(224)     Total                          Min: 11264, Avg: 12077.8, Max: 12791, Diff: 1527, Sum: 48311, Workers: 4
[5511.744s][debug][gc,phases      ] GC(224)   ResolvedMethodTable Weak       Min:  0.0, Avg:  0.0, Max:  0.0, Diff:  0.0, Sum:  0.2, Workers: 4
[5511.744s][debug][gc,phases      ] GC(224)     Dead                           Min: 0, Avg:  4.0, Max: 16, Diff: 16, Sum: 16, Workers: 4
[5511.744s][debug][gc,phases      ] GC(224)     Total                          Min: 3860, Avg: 4011.5, Max: 4180, Diff: 320, Sum: 16046, Workers: 4
[5511.744s][debug][gc,phases      ] GC(224)   JNI Weak                       Min:  0.0, Avg:  0.0, Max:  0.0, Diff:  0.0, Sum:  0.0, Workers: 4
[5511.744s][debug][gc,phases      ] GC(224)     Dead                           Min: 0, Avg:  0.0, Max: 0, Diff: 0, Sum: 0, Workers: 4
[5511.744s][debug][gc,phases      ] GC(224)     Total                          Min: 0, Avg: 13.0, Max: 48, Diff: 48, Sum: 52, Workers: 4
[5511.744s][debug][gc,phases      ] GC(224)   StringDedup Table Weak         Min:  0.0, Avg:  0.0, Max:  0.0, Diff:  0.0, Sum:  0.0, Workers: 4
[5511.744s][debug][gc,phases      ] GC(224)     Dead                           Min: 0, Avg:  0.0, Max: 0, Diff: 0, Sum: 0, Workers: 4
[5511.744s][debug][gc,phases      ] GC(224)     Total                          Min: 0, Avg:  0.0, Max: 0, Diff: 0, Sum: 0, Workers: 4
[5511.744s][debug][gc,phases      ] GC(224)   StringDedup Requests0 Weak     Min:  0.0, Avg:  0.0, Max:  0.0, Diff:  0.0, Sum:  0.0, Workers: 4
[5511.744s][debug][gc,phases      ] GC(224)     Dead                           Min: 0, Avg:  0.0, Max: 0, Diff: 0, Sum: 0, Workers: 4
[5511.744s][debug][gc,phases      ] GC(224)     Total                          Min: 0, Avg:  0.0, Max: 0, Diff: 0, Sum: 0, Workers: 4
[5511.744s][debug][gc,phases      ] GC(224)   StringDedup Requests1 Weak     Min:  0.0, Avg:  0.0, Max:  0.0, Diff:  0.0, Sum:  0.0, Workers: 4
[5511.744s][debug][gc,phases      ] GC(224)     Dead                           Min: 0, Avg:  0.0, Max: 0, Diff: 0, Sum: 0, Workers: 4
[5511.744s][debug][gc,phases      ] GC(224)     Total                          Min: 0, Avg:  0.0, Max: 0, Diff: 0, Sum: 0, Workers: 4
[5511.744s][debug][gc,phases      ] GC(224)   Weak JFR Old Object Samples    Min:  0.0, Avg:  0.0, Max:  0.0, Diff:  0.0, Sum:  0.0, Workers: 4
[5511.744s][debug][gc,phases      ] GC(224)     Dead                           Min: 0, Avg:  0.0, Max: 0, Diff: 0, Sum: 0, Workers: 4
[5511.744s][debug][gc,phases      ] GC(224)     Total                          Min: 0, Avg:  0.0, Max: 0, Diff: 0, Sum: 0, Workers: 4
[5511.744s][debug][gc,phases      ] GC(224) Weak Processing 0.452ms
[5511.744s][debug][gc,age         ] GC(224) Desired survivor size 6815744 bytes, new threshold 1 (max threshold 15)
[5511.744s][info ][gc,heap        ] GC(224) PSYoungGen: 2088656K(2090496K)->4832K(2090496K) Eden: 2083840K(2083840K)->0K(2083840K) From: 4816K(6656K)->4832K(6656K)
[5511.744s][info ][gc,heap        ] GC(224) ParOldGen: 605700K(606208K)->606628K(606720K)
[5511.744s][info ][gc,metaspace   ] GC(224) Metaspace: 113024K(114432K)->113024K(114432K) NonClass: 96277K(97088K)->96277K(97088K) Class: 16747K(17344K)->16747K(17344K)
[5511.745s][info ][gc             ] GC(224) Pause Young (Allocation Failure) 2631M->597M(2634M) 5.513ms
[5511.745s][info ][gc,cpu         ] GC(224) User=0.01s Sys=0.00s Real=0.01s
[5511.745s][info ][safepoint      ] Safepoint "ParallelGCFailedAllocation", Time since last: 25578215997 ns, Reaching safepoint: 11401 ns, Cleanup: 5300 ns, At safepoint: 5614872 ns, Total: 5631573 ns
[5536.958s][info ][gc,start       ] GC(225) Pause Young (Allocation Failure)
[5536.963s][debug][gc,phases      ] GC(225) Scavenge 5.066ms
[5536.963s][debug][gc,ref         ] GC(225) ReferenceProcessor::execute queues: 1, RefProcThreadModel::Single, marks_oops_alive: false
[5536.963s][debug][gc,ref         ] GC(225) Skipped KeepAliveFinalRefsPhase of Reference Processing: no references
[5536.963s][debug][gc,ref         ] GC(225) Skipped PhantomRefsPhase of Reference Processing: no references
[5536.963s][debug][gc,phases      ] GC(225) Reference Processing 0.122ms
[5536.964s][debug][gc,phases      ] GC(225)   VM Weak                        Min:  0.0, Avg:  0.0, Max:  0.0, Diff:  0.0, Sum:  0.0, Workers: 4
[5536.964s][debug][gc,phases      ] GC(225)     Dead                           Min: 0, Avg:  0.0, Max: 0, Diff: 0, Sum: 0, Workers: 4
[5536.964s][debug][gc,phases      ] GC(225)     Total                          Min: 0, Avg: 261.5, Max: 598, Diff: 598, Sum: 1046, Workers: 4
[5536.964s][debug][gc,phases      ] GC(225)   ObjectSynchronizer Weak        Min:  0.0, Avg:  0.0, Max:  0.0, Diff:  0.0, Sum:  0.0, Workers: 4
[5536.964s][debug][gc,phases      ] GC(225)     Dead                           Min: 0, Avg:  0.0, Max: 0, Diff: 0, Sum: 0, Workers: 4
[5536.964s][debug][gc,phases      ] GC(225)     Total                          Min: 0, Avg:  0.8, Max: 3, Diff: 3, Sum: 3, Workers: 4
[5536.964s][debug][gc,phases      ] GC(225)   JVMTI Tag Weak OopStorage      Min:  0.0, Avg:  0.0, Max:  0.0, Diff:  0.0, Sum:  0.0, Workers: 4
[5536.964s][debug][gc,phases      ] GC(225)     Dead                           Min: 0, Avg:  0.0, Max: 0, Diff: 0, Sum: 0, Workers: 4
[5536.964s][debug][gc,phases      ] GC(225)     Total                          Min: 0, Avg:  0.0, Max: 0, Diff: 0, Sum: 0, Workers: 4
[5536.964s][debug][gc,phases      ] GC(225)   StringTable Weak               Min:  0.0, Avg:  0.1, Max:  0.2, Diff:  0.2, Sum:  0.5, Workers: 4
[5536.964s][debug][gc,phases      ] GC(225)     Dead                           Min: 0, Avg:  0.0, Max: 0, Diff: 0, Sum: 0, Workers: 4
[5536.964s][debug][gc,phases      ] GC(225)     Total                          Min: 0, Avg: 12077.8, Max: 16256, Diff: 16256, Sum: 48311, Workers: 4
[5536.964s][debug][gc,phases      ] GC(225)   ResolvedMethodTable Weak       Min:  0.0, Avg:  0.0, Max:  0.1, Diff:  0.1, Sum:  0.2, Workers: 4
[5536.964s][debug][gc,phases      ] GC(225)     Dead                           Min: 0, Avg:  4.0, Max: 16, Diff: 16, Sum: 16, Workers: 4
[5536.964s][debug][gc,phases      ] GC(225)     Total                          Min: 0, Avg: 4011.5, Max: 5476, Diff: 5476, Sum: 16046, Workers: 4
[5536.964s][debug][gc,phases      ] GC(225)   JNI Weak                       Min:  0.0, Avg:  0.0, Max:  0.0, Diff:  0.0, Sum:  0.0, Workers: 4
[5536.964s][debug][gc,phases      ] GC(225)     Dead                           Min: 0, Avg:  0.0, Max: 0, Diff: 0, Sum: 0, Workers: 4
[5536.964s][debug][gc,phases      ] GC(225)     Total                          Min: 0, Avg: 13.0, Max: 48, Diff: 48, Sum: 52, Workers: 4
[5536.964s][debug][gc,phases      ] GC(225)   StringDedup Table Weak         Min:  0.0, Avg:  0.0, Max:  0.0, Diff:  0.0, Sum:  0.0, Workers: 4
[5536.964s][debug][gc,phases      ] GC(225)     Dead                           Min: 0, Avg:  0.0, Max: 0, Diff: 0, Sum: 0, Workers: 4
[5536.964s][debug][gc,phases      ] GC(225)     Total                          Min: 0, Avg:  0.0, Max: 0, Diff: 0, Sum: 0, Workers: 4
[5536.964s][debug][gc,phases      ] GC(225)   StringDedup Requests0 Weak     Min:  0.0, Avg:  0.0, Max:  0.0, Diff:  0.0, Sum:  0.0, Workers: 4
[5536.964s][debug][gc,phases      ] GC(225)     Dead                           Min: 0, Avg:  0.0, Max: 0, Diff: 0, Sum: 0, Workers: 4
[5536.964s][debug][gc,phases      ] GC(225)     Total                          Min: 0, Avg:  0.0, Max: 0, Diff: 0, Sum: 0, Workers: 4
[5536.964s][debug][gc,phases      ] GC(225)   StringDedup Requests1 Weak     Min:  0.0, Avg:  0.0, Max:  0.0, Diff:  0.0, Sum:  0.0, Workers: 4
[5536.964s][debug][gc,phases      ] GC(225)     Dead                           Min: 0, Avg:  0.0, Max: 0, Diff: 0, Sum: 0, Workers: 4
[5536.964s][debug][gc,phases      ] GC(225)     Total                          Min: 0, Avg:  0.0, Max: 0, Diff: 0, Sum: 0, Workers: 4
[5536.964s][debug][gc,phases      ] GC(225)   Weak JFR Old Object Samples    Min:  0.0, Avg:  0.0, Max:  0.0, Diff:  0.0, Sum:  0.0, Workers: 4
[5536.964s][debug][gc,phases      ] GC(225)     Dead                           Min: 0, Avg:  0.0, Max: 0, Diff: 0, Sum: 0, Workers: 4
[5536.964s][debug][gc,phases      ] GC(225)     Total                          Min: 0, Avg:  0.0, Max: 0, Diff: 0, Sum: 0, Workers: 4
[5536.964s][debug][gc,phases      ] GC(225) Weak Processing 0.514ms
[5536.964s][debug][gc,age         ] GC(225) Desired survivor size 6815744 bytes, new threshold 1 (max threshold 15)
[5536.964s][info ][gc,heap        ] GC(225) PSYoungGen: 2088672K(2090496K)->5284K(2090496K) Eden: 2083840K(2083840K)->0K(2083840K) From: 4832K(6656K)->5284K(6656K)
[5536.964s][info ][gc,heap        ] GC(225) ParOldGen: 606628K(606720K)->607688K(607744K)
[5536.964s][info ][gc,metaspace   ] GC(225) Metaspace: 113024K(114432K)->113024K(114432K) NonClass: 96277K(97088K)->96277K(97088K) Class: 16747K(17344K)->16747K(17344K)
[5536.964s][info ][gc             ] GC(225) Pause Young (Allocation Failure) 2632M->598M(2635M) 5.857ms
[5536.964s][info ][gc,cpu         ] GC(225) User=0.01s Sys=0.01s Real=0.01s
[5536.964s][info ][safepoint      ] Safepoint "ParallelGCFailedAllocation", Time since last: 25213342255 ns, Reaching safepoint: 9001 ns, Cleanup: 5200 ns, At safepoint: 5956286 ns, Total: 5970487 ns
[5562.692s][info ][gc,start       ] GC(226) Pause Young (Allocation Failure)
[5562.697s][debug][gc,phases      ] GC(226) Scavenge 4.659ms
[5562.697s][debug][gc,ref         ] GC(226) ReferenceProcessor::execute queues: 1, RefProcThreadModel::Single, marks_oops_alive: false
[5562.697s][debug][gc,ref         ] GC(226) Skipped KeepAliveFinalRefsPhase of Reference Processing: no references
[5562.697s][debug][gc,ref         ] GC(226) Skipped PhantomRefsPhase of Reference Processing: no references
[5562.697s][debug][gc,phases      ] GC(226) Reference Processing 0.147ms
[5562.697s][debug][gc,phases      ] GC(226)   VM Weak                        Min:  0.0, Avg:  0.0, Max:  0.0, Diff:  0.0, Sum:  0.0, Workers: 4
[5562.697s][debug][gc,phases      ] GC(226)     Dead                           Min: 0, Avg:  0.0, Max: 0, Diff: 0, Sum: 0, Workers: 4
[5562.697s][debug][gc,phases      ] GC(226)     Total                          Min: 0, Avg: 261.5, Max: 704, Diff: 704, Sum: 1046, Workers: 4
[5562.697s][debug][gc,phases      ] GC(226)   ObjectSynchronizer Weak        Min:  0.0, Avg:  0.0, Max:  0.0, Diff:  0.0, Sum:  0.0, Workers: 4
[5562.697s][debug][gc,phases      ] GC(226)     Dead                           Min: 0, Avg:  0.0, Max: 0, Diff: 0, Sum: 0, Workers: 4
[5562.697s][debug][gc,phases      ] GC(226)     Total                          Min: 0, Avg:  0.8, Max: 3, Diff: 3, Sum: 3, Workers: 4
[5562.697s][debug][gc,phases      ] GC(226)   JVMTI Tag Weak OopStorage      Min:  0.0, Avg:  0.0, Max:  0.0, Diff:  0.0, Sum:  0.0, Workers: 4
[5562.697s][debug][gc,phases      ] GC(226)     Dead                           Min: 0, Avg:  0.0, Max: 0, Diff: 0, Sum: 0, Workers: 4
[5562.697s][debug][gc,phases      ] GC(226)     Total                          Min: 0, Avg:  0.0, Max: 0, Diff: 0, Sum: 0, Workers: 4
[5562.697s][debug][gc,phases      ] GC(226)   StringTable Weak               Min:  0.0, Avg:  0.1, Max:  0.2, Diff:  0.2, Sum:  0.5, Workers: 4
[5562.697s][debug][gc,phases      ] GC(226)     Dead                           Min: 0, Avg:  0.0, Max: 0, Diff: 0, Sum: 0, Workers: 4
[5562.697s][debug][gc,phases      ] GC(226)     Total                          Min: 0, Avg: 12077.8, Max: 17088, Diff: 17088, Sum: 48311, Workers: 4
[5562.697s][debug][gc,phases      ] GC(226)   ResolvedMethodTable Weak       Min:  0.0, Avg:  0.0, Max:  0.1, Diff:  0.1, Sum:  0.2, Workers: 4
[5562.697s][debug][gc,phases      ] GC(226)     Dead                           Min: 0, Avg:  4.0, Max: 16, Diff: 16, Sum: 16, Workers: 4
[5562.697s][debug][gc,phases      ] GC(226)     Total                          Min: 0, Avg: 4011.5, Max: 6089, Diff: 6089, Sum: 16046, Workers: 4
[5562.697s][debug][gc,phases      ] GC(226)   JNI Weak                       Min:  0.0, Avg:  0.0, Max:  0.0, Diff:  0.0, Sum:  0.0, Workers: 4
[5562.697s][debug][gc,phases      ] GC(226)     Dead                           Min: 0, Avg:  0.0, Max: 0, Diff: 0, Sum: 0, Workers: 4
[5562.697s][debug][gc,phases      ] GC(226)     Total                          Min: 0, Avg: 13.0, Max: 48, Diff: 48, Sum: 52, Workers: 4
[5562.697s][debug][gc,phases      ] GC(226)   StringDedup Table Weak         Min:  0.0, Avg:  0.0, Max:  0.0, Diff:  0.0, Sum:  0.0, Workers: 4
[5562.697s][debug][gc,phases      ] GC(226)     Dead                           Min: 0, Avg:  0.0, Max: 0, Diff: 0, Sum: 0, Workers: 4
[5562.697s][debug][gc,phases      ] GC(226)     Total                          Min: 0, Avg:  0.0, Max: 0, Diff: 0, Sum: 0, Workers: 4
[5562.697s][debug][gc,phases      ] GC(226)   StringDedup Requests0 Weak     Min:  0.0, Avg:  0.0, Max:  0.0, Diff:  0.0, Sum:  0.0, Workers: 4
[5562.697s][debug][gc,phases      ] GC(226)     Dead                           Min: 0, Avg:  0.0, Max: 0, Diff: 0, Sum: 0, Workers: 4
[5562.697s][debug][gc,phases      ] GC(226)     Total                          Min: 0, Avg:  0.0, Max: 0, Diff: 0, Sum: 0, Workers: 4
[5562.697s][debug][gc,phases      ] GC(226)   StringDedup Requests1 Weak     Min:  0.0, Avg:  0.0, Max:  0.0, Diff:  0.0, Sum:  0.0, Workers: 4
[5562.697s][debug][gc,phases      ] GC(226)     Dead                           Min: 0, Avg:  0.0, Max: 0, Diff: 0, Sum: 0, Workers: 4
[5562.697s][debug][gc,phases      ] GC(226)     Total                          Min: 0, Avg:  0.0, Max: 0, Diff: 0, Sum: 0, Workers: 4
[5562.697s][debug][gc,phases      ] GC(226)   Weak JFR Old Object Samples    Min:  0.0, Avg:  0.0, Max:  0.0, Diff:  0.0, Sum:  0.0, Workers: 4
[5562.697s][debug][gc,phases      ] GC(226)     Dead                           Min: 0, Avg:  0.0, Max: 0, Diff: 0, Sum: 0, Workers: 4
[5562.697s][debug][gc,phases      ] GC(226)     Total                          Min: 0, Avg:  0.0, Max: 0, Diff: 0, Sum: 0, Workers: 4
[5562.697s][debug][gc,phases      ] GC(226) Weak Processing 0.514ms
[5562.697s][debug][gc,age         ] GC(226) Desired survivor size 6815744 bytes, new threshold 1 (max threshold 15)
[5562.697s][info ][gc,heap        ] GC(226) PSYoungGen: 2089124K(2090496K)->4944K(2090496K) Eden: 2083840K(2083840K)->0K(2083840K) From: 5284K(6656K)->4944K(6656K)
[5562.697s][info ][gc,heap        ] GC(226) ParOldGen: 607688K(607744K)->608849K(609280K)
[5562.697s][info ][gc,metaspace   ] GC(226) Metaspace: 113024K(114432K)->113024K(114432K) NonClass: 96277K(97088K)->96277K(97088K) Class: 16747K(17344K)->16747K(17344K)
[5562.697s][info ][gc             ] GC(226) Pause Young (Allocation Failure) 2633M->599M(2636M) 5.487ms
[5562.697s][info ][gc,cpu         ] GC(226) User=0.02s Sys=0.00s Real=0.00s
[5562.697s][info ][safepoint      ] Safepoint "ParallelGCFailedAllocation", Time since last: 25727904363 ns, Reaching safepoint: 9300 ns, Cleanup: 5000 ns, At safepoint: 5625484 ns, Total: 5639784 ns
[5587.656s][info ][gc,start       ] GC(227) Pause Young (Allocation Failure)
[5587.662s][debug][gc,phases      ] GC(227) Scavenge 5.849ms
[5587.662s][debug][gc,ref         ] GC(227) ReferenceProcessor::execute queues: 1, RefProcThreadModel::Single, marks_oops_alive: false
[5587.662s][debug][gc,ref         ] GC(227) Skipped KeepAliveFinalRefsPhase of Reference Processing: no references
[5587.662s][debug][gc,ref         ] GC(227) Skipped PhantomRefsPhase of Reference Processing: no references
[5587.662s][debug][gc,phases      ] GC(227) Reference Processing 0.117ms
[5587.663s][debug][gc,phases      ] GC(227)   VM Weak                        Min:  0.0, Avg:  0.0, Max:  0.0, Diff:  0.0, Sum:  0.0, Workers: 4
[5587.663s][debug][gc,phases      ] GC(227)     Dead                           Min: 0, Avg:  0.0, Max: 0, Diff: 0, Sum: 0, Workers: 4
[5587.663s][debug][gc,phases      ] GC(227)     Total                          Min: 0, Avg: 261.5, Max: 598, Diff: 598, Sum: 1046, Workers: 4
[5587.663s][debug][gc,phases      ] GC(227)   ObjectSynchronizer Weak        Min:  0.0, Avg:  0.0, Max:  0.0, Diff:  0.0, Sum:  0.0, Workers: 4
[5587.663s][debug][gc,phases      ] GC(227)     Dead                           Min: 0, Avg:  0.0, Max: 0, Diff: 0, Sum: 0, Workers: 4
[5587.663s][debug][gc,phases      ] GC(227)     Total                          Min: 0, Avg:  0.8, Max: 3, Diff: 3, Sum: 3, Workers: 4
[5587.663s][debug][gc,phases      ] GC(227)   JVMTI Tag Weak OopStorage      Min:  0.0, Avg:  0.0, Max:  0.0, Diff:  0.0, Sum:  0.0, Workers: 4
[5587.663s][debug][gc,phases      ] GC(227)     Dead                           Min: 0, Avg:  0.0, Max: 0, Diff: 0, Sum: 0, Workers: 4
[5587.663s][debug][gc,phases      ] GC(227)     Total                          Min: 0, Avg:  0.0, Max: 0, Diff: 0, Sum: 0, Workers: 4
[5587.663s][debug][gc,phases      ] GC(227)   StringTable Weak               Min:  0.0, Avg:  0.1, Max:  0.2, Diff:  0.2, Sum:  0.5, Workers: 4
[5587.663s][debug][gc,phases      ] GC(227)     Dead                           Min: 0, Avg:  0.0, Max: 0, Diff: 0, Sum: 0, Workers: 4
[5587.663s][debug][gc,phases      ] GC(227)     Total                          Min: 0, Avg: 12077.8, Max: 18167, Diff: 18167, Sum: 48311, Workers: 4
[5587.663s][debug][gc,phases      ] GC(227)   ResolvedMethodTable Weak       Min:  0.0, Avg:  0.0, Max:  0.1, Diff:  0.1, Sum:  0.2, Workers: 4
[5587.663s][debug][gc,phases      ] GC(227)     Dead                           Min: 0, Avg:  4.0, Max: 16, Diff: 16, Sum: 16, Workers: 4
[5587.663s][debug][gc,phases      ] GC(227)     Total                          Min: 0, Avg: 4011.5, Max: 5679, Diff: 5679, Sum: 16046, Workers: 4
[5587.663s][debug][gc,phases      ] GC(227)   JNI Weak                       Min:  0.0, Avg:  0.0, Max:  0.0, Diff:  0.0, Sum:  0.0, Workers: 4
[5587.663s][debug][gc,phases      ] GC(227)     Dead                           Min: 0, Avg:  0.0, Max: 0, Diff: 0, Sum: 0, Workers: 4
[5587.663s][debug][gc,phases      ] GC(227)     Total                          Min: 0, Avg: 13.0, Max: 48, Diff: 48, Sum: 52, Workers: 4
[5587.663s][debug][gc,phases      ] GC(227)   StringDedup Table Weak         Min:  0.0, Avg:  0.0, Max:  0.0, Diff:  0.0, Sum:  0.0, Workers: 4
[5587.663s][debug][gc,phases      ] GC(227)     Dead                           Min: 0, Avg:  0.0, Max: 0, Diff: 0, Sum: 0, Workers: 4
[5587.663s][debug][gc,phases      ] GC(227)     Total                          Min: 0, Avg:  0.0, Max: 0, Diff: 0, Sum: 0, Workers: 4
[5587.663s][debug][gc,phases      ] GC(227)   StringDedup Requests0 Weak     Min:  0.0, Avg:  0.0, Max:  0.0, Diff:  0.0, Sum:  0.0, Workers: 4
[5587.663s][debug][gc,phases      ] GC(227)     Dead                           Min: 0, Avg:  0.0, Max: 0, Diff: 0, Sum: 0, Workers: 4
[5587.663s][debug][gc,phases      ] GC(227)     Total                          Min: 0, Avg:  0.0, Max: 0, Diff: 0, Sum: 0, Workers: 4
[5587.663s][debug][gc,phases      ] GC(227)   StringDedup Requests1 Weak     Min:  0.0, Avg:  0.0, Max:  0.0, Diff:  0.0, Sum:  0.0, Workers: 4
[5587.663s][debug][gc,phases      ] GC(227)     Dead                           Min: 0, Avg:  0.0, Max: 0, Diff: 0, Sum: 0, Workers: 4
[5587.663s][debug][gc,phases      ] GC(227)     Total                          Min: 0, Avg:  0.0, Max: 0, Diff: 0, Sum: 0, Workers: 4
[5587.663s][debug][gc,phases      ] GC(227)   Weak JFR Old Object Samples    Min:  0.0, Avg:  0.0, Max:  0.0, Diff:  0.0, Sum:  0.0, Workers: 4
[5587.663s][debug][gc,phases      ] GC(227)     Dead                           Min: 0, Avg:  0.0, Max: 0, Diff: 0, Sum: 0, Workers: 4
[5587.663s][debug][gc,phases      ] GC(227)     Total                          Min: 0, Avg:  0.0, Max: 0, Diff: 0, Sum: 0, Workers: 4
[5587.663s][debug][gc,phases      ] GC(227) Weak Processing 0.467ms
[5587.663s][debug][gc,age         ] GC(227) Desired survivor size 6291456 bytes, new threshold 1 (max threshold 15)
[5587.663s][info ][gc,heap        ] GC(227) PSYoungGen: 2088784K(2090496K)->5120K(2091008K) Eden: 2083840K(2083840K)->0K(2084352K) From: 4944K(6656K)->5120K(6656K)
[5587.663s][info ][gc,heap        ] GC(227) ParOldGen: 608849K(609280K)->609793K(610304K)
[5587.663s][info ][gc,metaspace   ] GC(227) Metaspace: 113024K(114432K)->113024K(114432K) NonClass: 96277K(97088K)->96277K(97088K) Class: 16747K(17344K)->16747K(17344K)
[5587.663s][info ][gc             ] GC(227) Pause Young (Allocation Failure) 2634M->600M(2638M) 6.581ms
[5587.663s][info ][gc,cpu         ] GC(227) User=0.02s Sys=0.00s Real=0.00s
[5587.663s][info ][safepoint      ] Safepoint "ParallelGCFailedAllocation", Time since last: 24958809796 ns, Reaching safepoint: 9401 ns, Cleanup: 5600 ns, At safepoint: 6703811 ns, Total: 6718812 ns
[5612.254s][info ][gc,start       ] GC(228) Pause Young (Allocation Failure)
[5612.261s][debug][gc,phases      ] GC(228) Scavenge 7.078ms
[5612.261s][debug][gc,ref         ] GC(228) ReferenceProcessor::execute queues: 1, RefProcThreadModel::Single, marks_oops_alive: false
[5612.261s][debug][gc,ref         ] GC(228) Skipped KeepAliveFinalRefsPhase of Reference Processing: no references
[5612.261s][debug][gc,ref         ] GC(228) Skipped PhantomRefsPhase of Reference Processing: no references
[5612.261s][debug][gc,phases      ] GC(228) Reference Processing 0.117ms
[5612.261s][debug][gc,phases      ] GC(228)   VM Weak                        Min:  0.0, Avg:  0.0, Max:  0.0, Diff:  0.0, Sum:  0.0, Workers: 4
[5612.261s][debug][gc,phases      ] GC(228)     Dead                           Min: 0, Avg:  0.0, Max: 0, Diff: 0, Sum: 0, Workers: 4
[5612.261s][debug][gc,phases      ] GC(228)     Total                          Min: 0, Avg: 261.5, Max: 662, Diff: 662, Sum: 1046, Workers: 4
[5612.261s][debug][gc,phases      ] GC(228)   ObjectSynchronizer Weak        Min:  0.0, Avg:  0.0, Max:  0.0, Diff:  0.0, Sum:  0.0, Workers: 4
[5612.261s][debug][gc,phases      ] GC(228)     Dead                           Min: 0, Avg:  0.0, Max: 0, Diff: 0, Sum: 0, Workers: 4
[5612.261s][debug][gc,phases      ] GC(228)     Total                          Min: 0, Avg:  0.8, Max: 3, Diff: 3, Sum: 3, Workers: 4
[5612.261s][debug][gc,phases      ] GC(228)   JVMTI Tag Weak OopStorage      Min:  0.0, Avg:  0.0, Max:  0.0, Diff:  0.0, Sum:  0.0, Workers: 4
[5612.261s][debug][gc,phases      ] GC(228)     Dead                           Min: 0, Avg:  0.0, Max: 0, Diff: 0, Sum: 0, Workers: 4
[5612.261s][debug][gc,phases      ] GC(228)     Total                          Min: 0, Avg:  0.0, Max: 0, Diff: 0, Sum: 0, Workers: 4
[5612.261s][debug][gc,phases      ] GC(228)   StringTable Weak               Min:  0.0, Avg:  0.1, Max:  0.2, Diff:  0.2, Sum:  0.5, Workers: 4
[5612.261s][debug][gc,phases      ] GC(228)     Dead                           Min: 0, Avg:  0.0, Max: 0, Diff: 0, Sum: 0, Workers: 4
[5612.261s][debug][gc,phases      ] GC(228)     Total                          Min: 0, Avg: 12077.8, Max: 18240, Diff: 18240, Sum: 48311, Workers: 4
[5612.261s][debug][gc,phases      ] GC(228)   ResolvedMethodTable Weak       Min:  0.0, Avg:  0.0, Max:  0.0, Diff:  0.0, Sum:  0.1, Workers: 4
[5612.261s][debug][gc,phases      ] GC(228)     Dead                           Min: 0, Avg:  4.0, Max: 16, Diff: 16, Sum: 16, Workers: 4
[5612.261s][debug][gc,phases      ] GC(228)     Total                          Min: 0, Avg: 4011.5, Max: 5779, Diff: 5779, Sum: 16046, Workers: 4
[5612.261s][debug][gc,phases      ] GC(228)   JNI Weak                       Min:  0.0, Avg:  0.0, Max:  0.0, Diff:  0.0, Sum:  0.0, Workers: 4
[5612.261s][debug][gc,phases      ] GC(228)     Dead                           Min: 0, Avg:  0.0, Max: 0, Diff: 0, Sum: 0, Workers: 4
[5612.261s][debug][gc,phases      ] GC(228)     Total                          Min: 0, Avg: 13.0, Max: 48, Diff: 48, Sum: 52, Workers: 4
[5612.261s][debug][gc,phases      ] GC(228)   StringDedup Table Weak         Min:  0.0, Avg:  0.0, Max:  0.0, Diff:  0.0, Sum:  0.0, Workers: 4
[5612.261s][debug][gc,phases      ] GC(228)     Dead                           Min: 0, Avg:  0.0, Max: 0, Diff: 0, Sum: 0, Workers: 4
[5612.261s][debug][gc,phases      ] GC(228)     Total                          Min: 0, Avg:  0.0, Max: 0, Diff: 0, Sum: 0, Workers: 4
[5612.261s][debug][gc,phases      ] GC(228)   StringDedup Requests0 Weak     Min:  0.0, Avg:  0.0, Max:  0.0, Diff:  0.0, Sum:  0.0, Workers: 4
[5612.261s][debug][gc,phases      ] GC(228)     Dead                           Min: 0, Avg:  0.0, Max: 0, Diff: 0, Sum: 0, Workers: 4
[5612.261s][debug][gc,phases      ] GC(228)     Total                          Min: 0, Avg:  0.0, Max: 0, Diff: 0, Sum: 0, Workers: 4
[5612.261s][debug][gc,phases      ] GC(228)   StringDedup Requests1 Weak     Min:  0.0, Avg:  0.0, Max:  0.0, Diff:  0.0, Sum:  0.0, Workers: 4
[5612.261s][debug][gc,phases      ] GC(228)     Dead                           Min: 0, Avg:  0.0, Max: 0, Diff: 0, Sum: 0, Workers: 4
[5612.261s][debug][gc,phases      ] GC(228)     Total                          Min: 0, Avg:  0.0, Max: 0, Diff: 0, Sum: 0, Workers: 4
[5612.261s][debug][gc,phases      ] GC(228)   Weak JFR Old Object Samples    Min:  0.0, Avg:  0.0, Max:  0.0, Diff:  0.0, Sum:  0.0, Workers: 4
[5612.261s][debug][gc,phases      ] GC(228)     Dead                           Min: 0, Avg:  0.0, Max: 0, Diff: 0, Sum: 0, Workers: 4
[5612.261s][debug][gc,phases      ] GC(228)     Total                          Min: 0, Avg:  0.0, Max: 0, Diff: 0, Sum: 0, Workers: 4
[5612.261s][debug][gc,phases      ] GC(228) Weak Processing 0.453ms
[5612.261s][debug][gc,age         ] GC(228) Desired survivor size 6291456 bytes, new threshold 1 (max threshold 15)
[5612.261s][info ][gc,heap        ] GC(228) PSYoungGen: 2089472K(2091008K)->5056K(2090496K) Eden: 2084352K(2084352K)->0K(2084352K) From: 5120K(6656K)->5056K(6144K)
[5612.261s][info ][gc,heap        ] GC(228) ParOldGen: 609793K(610304K)->610673K(610816K)
[5612.261s][info ][gc,metaspace   ] GC(228) Metaspace: 113024K(114432K)->113024K(114432K) NonClass: 96277K(97088K)->96277K(97088K) Class: 16747K(17344K)->16747K(17344K)
[5612.261s][info ][gc             ] GC(228) Pause Young (Allocation Failure) 2636M->601M(2638M) 7.788ms
[5612.262s][info ][gc,cpu         ] GC(228) User=0.02s Sys=0.00s Real=0.00s
[5612.262s][info ][safepoint      ] Safepoint "ParallelGCFailedAllocation", Time since last: 24590667239 ns, Reaching safepoint: 8301 ns, Cleanup: 5500 ns, At safepoint: 7902648 ns, Total: 7916449 ns
[5628.263s][info ][safepoint      ] Safepoint "Cleanup", Time since last: 16001391567 ns, Reaching safepoint: 9100 ns, Cleanup: 15301 ns, At safepoint: 3200 ns, Total: 27601 ns
[5637.591s][info ][gc,start       ] GC(229) Pause Young (Allocation Failure)
[5637.596s][debug][gc,phases      ] GC(229) Scavenge 4.430ms
[5637.596s][debug][gc,ref         ] GC(229) ReferenceProcessor::execute queues: 1, RefProcThreadModel::Single, marks_oops_alive: false
[5637.596s][debug][gc,ref         ] GC(229) Skipped KeepAliveFinalRefsPhase of Reference Processing: no references
[5637.596s][debug][gc,ref         ] GC(229) Skipped PhantomRefsPhase of Reference Processing: no references
[5637.596s][debug][gc,phases      ] GC(229) Reference Processing 0.123ms
[5637.596s][debug][gc,phases      ] GC(229)   VM Weak                        Min:  0.0, Avg:  0.0, Max:  0.0, Diff:  0.0, Sum:  0.0, Workers: 4
[5637.596s][debug][gc,phases      ] GC(229)     Dead                           Min: 0, Avg:  0.0, Max: 0, Diff: 0, Sum: 0, Workers: 4
[5637.596s][debug][gc,phases      ] GC(229)     Total                          Min: 0, Avg: 261.5, Max: 982, Diff: 982, Sum: 1046, Workers: 4
[5637.596s][debug][gc,phases      ] GC(229)   ObjectSynchronizer Weak        Min:  0.0, Avg:  0.0, Max:  0.0, Diff:  0.0, Sum:  0.0, Workers: 4
[5637.596s][debug][gc,phases      ] GC(229)     Dead                           Min: 0, Avg:  0.0, Max: 0, Diff: 0, Sum: 0, Workers: 4
[5637.596s][debug][gc,phases      ] GC(229)     Total                          Min: 0, Avg:  0.8, Max: 3, Diff: 3, Sum: 3, Workers: 4
[5637.596s][debug][gc,phases      ] GC(229)   JVMTI Tag Weak OopStorage      Min:  0.0, Avg:  0.0, Max:  0.0, Diff:  0.0, Sum:  0.0, Workers: 4
[5637.596s][debug][gc,phases      ] GC(229)     Dead                           Min: 0, Avg:  0.0, Max: 0, Diff: 0, Sum: 0, Workers: 4
[5637.596s][debug][gc,phases      ] GC(229)     Total                          Min: 0, Avg:  0.0, Max: 0, Diff: 0, Sum: 0, Workers: 4
[5637.596s][debug][gc,phases      ] GC(229)   StringTable Weak               Min:  0.0, Avg:  0.1, Max:  0.2, Diff:  0.2, Sum:  0.5, Workers: 4
[5637.596s][debug][gc,phases      ] GC(229)     Dead                           Min: 0, Avg:  0.0, Max: 0, Diff: 0, Sum: 0, Workers: 4
[5637.596s][debug][gc,phases      ] GC(229)     Total                          Min: 0, Avg: 12077.8, Max: 25591, Diff: 25591, Sum: 48311, Workers: 4
[5637.596s][debug][gc,phases      ] GC(229)   ResolvedMethodTable Weak       Min:  0.0, Avg:  0.0, Max:  0.1, Diff:  0.1, Sum:  0.2, Workers: 4
[5637.596s][debug][gc,phases      ] GC(229)     Dead                           Min: 0, Avg:  4.0, Max: 16, Diff: 16, Sum: 16, Workers: 4
[5637.596s][debug][gc,phases      ] GC(229)     Total                          Min: 0, Avg: 4011.5, Max: 8138, Diff: 8138, Sum: 16046, Workers: 4
[5637.596s][debug][gc,phases      ] GC(229)   JNI Weak                       Min:  0.0, Avg:  0.0, Max:  0.0, Diff:  0.0, Sum:  0.0, Workers: 4
[5637.596s][debug][gc,phases      ] GC(229)     Dead                           Min: 0, Avg:  0.0, Max: 0, Diff: 0, Sum: 0, Workers: 4
[5637.596s][debug][gc,phases      ] GC(229)     Total                          Min: 0, Avg: 13.0, Max: 48, Diff: 48, Sum: 52, Workers: 4
[5637.596s][debug][gc,phases      ] GC(229)   StringDedup Table Weak         Min:  0.0, Avg:  0.0, Max:  0.0, Diff:  0.0, Sum:  0.0, Workers: 4
[5637.596s][debug][gc,phases      ] GC(229)     Dead                           Min: 0, Avg:  0.0, Max: 0, Diff: 0, Sum: 0, Workers: 4
[5637.597s][debug][gc,phases      ] GC(229)     Total                          Min: 0, Avg:  0.0, Max: 0, Diff: 0, Sum: 0, Workers: 4
[5637.597s][debug][gc,phases      ] GC(229)   StringDedup Requests0 Weak     Min:  0.0, Avg:  0.0, Max:  0.0, Diff:  0.0, Sum:  0.0, Workers: 4
[5637.597s][debug][gc,phases      ] GC(229)     Dead                           Min: 0, Avg:  0.0, Max: 0, Diff: 0, Sum: 0, Workers: 4
[5637.597s][debug][gc,phases      ] GC(229)     Total                          Min: 0, Avg:  0.0, Max: 0, Diff: 0, Sum: 0, Workers: 4
[5637.597s][debug][gc,phases      ] GC(229)   StringDedup Requests1 Weak     Min:  0.0, Avg:  0.0, Max:  0.0, Diff:  0.0, Sum:  0.0, Workers: 4
[5637.597s][debug][gc,phases      ] GC(229)     Dead                           Min: 0, Avg:  0.0, Max: 0, Diff: 0, Sum: 0, Workers: 4
[5637.597s][debug][gc,phases      ] GC(229)     Total                          Min: 0, Avg:  0.0, Max: 0, Diff: 0, Sum: 0, Workers: 4
[5637.597s][debug][gc,phases      ] GC(229)   Weak JFR Old Object Samples    Min:  0.0, Avg:  0.0, Max:  0.0, Diff:  0.0, Sum:  0.0, Workers: 4
[5637.597s][debug][gc,phases      ] GC(229)     Dead                           Min: 0, Avg:  0.0, Max: 0, Diff: 0, Sum: 0, Workers: 4
[5637.597s][debug][gc,phases      ] GC(229)     Total                          Min: 0, Avg:  0.0, Max: 0, Diff: 0, Sum: 0, Workers: 4
[5637.597s][debug][gc,phases      ] GC(229) Weak Processing 0.572ms
[5637.597s][debug][gc,age         ] GC(229) Desired survivor size 6291456 bytes, new threshold 1 (max threshold 15)
[5637.597s][info ][gc,heap        ] GC(229) PSYoungGen: 2089408K(2090496K)->4848K(2091008K) Eden: 2084352K(2084352K)->0K(2084864K) From: 5056K(6144K)->4848K(6144K)
[5637.597s][info ][gc,heap        ] GC(229) ParOldGen: 610673K(610816K)->611757K(611840K)
[5637.597s][info ][gc,metaspace   ] GC(229) Metaspace: 113024K(114432K)->113024K(114432K) NonClass: 96277K(97088K)->96277K(97088K) Class: 16747K(17344K)->16747K(17344K)
[5637.597s][info ][gc             ] GC(229) Pause Young (Allocation Failure) 2636M->602M(2639M) 5.273ms
[5637.597s][info ][gc,cpu         ] GC(229) User=0.02s Sys=0.00s Real=0.01s
[5637.597s][info ][safepoint      ] Safepoint "ParallelGCFailedAllocation", Time since last: 9328286767 ns, Reaching safepoint: 12101 ns, Cleanup: 6000 ns, At safepoint: 5402166 ns, Total: 5420267 ns
[5662.597s][info ][gc,start       ] GC(230) Pause Young (Allocation Failure)
[5662.606s][debug][gc,phases      ] GC(230) Scavenge 8.992ms
[5662.606s][debug][gc,ref         ] GC(230) ReferenceProcessor::execute queues: 1, RefProcThreadModel::Single, marks_oops_alive: false
[5662.606s][debug][gc,ref         ] GC(230) Skipped KeepAliveFinalRefsPhase of Reference Processing: no references
[5662.606s][debug][gc,ref         ] GC(230) Skipped PhantomRefsPhase of Reference Processing: no references
[5662.606s][debug][gc,phases      ] GC(230) Reference Processing 0.131ms
[5662.607s][debug][gc,phases      ] GC(230)   VM Weak                        Min:  0.0, Avg:  0.0, Max:  0.0, Diff:  0.0, Sum:  0.0, Workers: 4
[5662.607s][debug][gc,phases      ] GC(230)     Dead                           Min: 0, Avg:  0.0, Max: 0, Diff: 0, Sum: 0, Workers: 4
[5662.607s][debug][gc,phases      ] GC(230)     Total                          Min: 0, Avg: 261.5, Max: 534, Diff: 534, Sum: 1046, Workers: 4
[5662.607s][debug][gc,phases      ] GC(230)   ObjectSynchronizer Weak        Min:  0.0, Avg:  0.0, Max:  0.0, Diff:  0.0, Sum:  0.0, Workers: 4
[5662.607s][debug][gc,phases      ] GC(230)     Dead                           Min: 0, Avg:  0.0, Max: 0, Diff: 0, Sum: 0, Workers: 4
[5662.607s][debug][gc,phases      ] GC(230)     Total                          Min: 0, Avg:  0.8, Max: 3, Diff: 3, Sum: 3, Workers: 4
[5662.607s][debug][gc,phases      ] GC(230)   JVMTI Tag Weak OopStorage      Min:  0.0, Avg:  0.0, Max:  0.0, Diff:  0.0, Sum:  0.0, Workers: 4
[5662.607s][debug][gc,phases      ] GC(230)     Dead                           Min: 0, Avg:  0.0, Max: 0, Diff: 0, Sum: 0, Workers: 4
[5662.607s][debug][gc,phases      ] GC(230)     Total                          Min: 0, Avg:  0.0, Max: 0, Diff: 0, Sum: 0, Workers: 4
[5662.607s][debug][gc,phases      ] GC(230)   StringTable Weak               Min:  0.0, Avg:  0.1, Max:  0.3, Diff:  0.3, Sum:  0.5, Workers: 4
[5662.607s][debug][gc,phases      ] GC(230)     Dead                           Min: 0, Avg:  0.0, Max: 0, Diff: 0, Sum: 0, Workers: 4
[5662.607s][debug][gc,phases      ] GC(230)     Total                          Min: 0, Avg: 12077.8, Max: 24704, Diff: 24704, Sum: 48311, Workers: 4
[5662.607s][debug][gc,phases      ] GC(230)   ResolvedMethodTable Weak       Min:  0.0, Avg:  0.0, Max:  0.1, Diff:  0.1, Sum:  0.2, Workers: 4
[5662.607s][debug][gc,phases      ] GC(230)     Dead                           Min: 0, Avg:  4.0, Max: 16, Diff: 16, Sum: 16, Workers: 4
[5662.607s][debug][gc,phases      ] GC(230)     Total                          Min: 0, Avg: 4011.5, Max: 8231, Diff: 8231, Sum: 16046, Workers: 4
[5662.607s][debug][gc,phases      ] GC(230)   JNI Weak                       Min:  0.0, Avg:  0.0, Max:  0.0, Diff:  0.0, Sum:  0.0, Workers: 4
[5662.607s][debug][gc,phases      ] GC(230)     Dead                           Min: 0, Avg:  0.0, Max: 0, Diff: 0, Sum: 0, Workers: 4
[5662.607s][debug][gc,phases      ] GC(230)     Total                          Min: 0, Avg: 13.0, Max: 48, Diff: 48, Sum: 52, Workers: 4
[5662.607s][debug][gc,phases      ] GC(230)   StringDedup Table Weak         Min:  0.0, Avg:  0.0, Max:  0.0, Diff:  0.0, Sum:  0.0, Workers: 4
[5662.607s][debug][gc,phases      ] GC(230)     Dead                           Min: 0, Avg:  0.0, Max: 0, Diff: 0, Sum: 0, Workers: 4
[5662.607s][debug][gc,phases      ] GC(230)     Total                          Min: 0, Avg:  0.0, Max: 0, Diff: 0, Sum: 0, Workers: 4
[5662.607s][debug][gc,phases      ] GC(230)   StringDedup Requests0 Weak     Min:  0.0, Avg:  0.0, Max:  0.0, Diff:  0.0, Sum:  0.0, Workers: 4
[5662.607s][debug][gc,phases      ] GC(230)     Dead                           Min: 0, Avg:  0.0, Max: 0, Diff: 0, Sum: 0, Workers: 4
[5662.607s][debug][gc,phases      ] GC(230)     Total                          Min: 0, Avg:  0.0, Max: 0, Diff: 0, Sum: 0, Workers: 4
[5662.607s][debug][gc,phases      ] GC(230)   StringDedup Requests1 Weak     Min:  0.0, Avg:  0.0, Max:  0.0, Diff:  0.0, Sum:  0.0, Workers: 4
[5662.607s][debug][gc,phases      ] GC(230)     Dead                           Min: 0, Avg:  0.0, Max: 0, Diff: 0, Sum: 0, Workers: 4
[5662.607s][debug][gc,phases      ] GC(230)     Total                          Min: 0, Avg:  0.0, Max: 0, Diff: 0, Sum: 0, Workers: 4
[5662.607s][debug][gc,phases      ] GC(230)   Weak JFR Old Object Samples    Min:  0.0, Avg:  0.0, Max:  0.0, Diff:  0.0, Sum:  0.0, Workers: 4
[5662.607s][debug][gc,phases      ] GC(230)     Dead                           Min: 0, Avg:  0.0, Max: 0, Diff: 0, Sum: 0, Workers: 4
[5662.607s][debug][gc,phases      ] GC(230)     Total                          Min: 0, Avg:  0.0, Max: 0, Diff: 0, Sum: 0, Workers: 4
[5662.607s][debug][gc,phases      ] GC(230) Weak Processing 0.606ms
[5662.607s][debug][gc,age         ] GC(230) Desired survivor size 6291456 bytes, new threshold 1 (max threshold 15)
[5662.607s][info ][gc,heap        ] GC(230) PSYoungGen: 2089712K(2091008K)->5168K(2091008K) Eden: 2084864K(2084864K)->0K(2084864K) From: 4848K(6144K)->5168K(6144K)
[5662.607s][info ][gc,heap        ] GC(230) ParOldGen: 611757K(611840K)->612645K(612864K)
[5662.607s][info ][gc,metaspace   ] GC(230) Metaspace: 113024K(114432K)->113024K(114432K) NonClass: 96277K(97088K)->96277K(97088K) Class: 16747K(17344K)->16747K(17344K)
[5662.607s][info ][gc             ] GC(230) Pause Young (Allocation Failure) 2638M->603M(2640M) 9.896ms
[5662.607s][info ][gc,cpu         ] GC(230) User=0.02s Sys=0.00s Real=0.01s
[5662.607s][info ][safepoint      ] Safepoint "ParallelGCFailedAllocation", Time since last: 25000429750 ns, Reaching safepoint: 11900 ns, Cleanup: 6000 ns, At safepoint: 10031512 ns, Total: 10049412 ns
[5668.608s][info ][safepoint      ] Safepoint "Cleanup", Time since last: 6000599778 ns, Reaching safepoint: 13001 ns, Cleanup: 15300 ns, At safepoint: 3200 ns, Total: 31501 ns
[5687.390s][info ][gc,start       ] GC(231) Pause Young (Allocation Failure)
[5687.395s][debug][gc,phases      ] GC(231) Scavenge 4.443ms
[5687.395s][debug][gc,ref         ] GC(231) ReferenceProcessor::execute queues: 1, RefProcThreadModel::Single, marks_oops_alive: false
[5687.395s][debug][gc,ref         ] GC(231) Skipped KeepAliveFinalRefsPhase of Reference Processing: no references
[5687.395s][debug][gc,ref         ] GC(231) Skipped PhantomRefsPhase of Reference Processing: no references
[5687.395s][debug][gc,phases      ] GC(231) Reference Processing 0.117ms
[5687.395s][debug][gc,phases      ] GC(231)   VM Weak                        Min:  0.0, Avg:  0.0, Max:  0.0, Diff:  0.0, Sum:  0.0, Workers: 4
[5687.395s][debug][gc,phases      ] GC(231)     Dead                           Min: 0, Avg:  0.0, Max: 0, Diff: 0, Sum: 0, Workers: 4
[5687.395s][debug][gc,phases      ] GC(231)     Total                          Min: 128, Avg: 261.5, Max: 534, Diff: 406, Sum: 1046, Workers: 4
[5687.395s][debug][gc,phases      ] GC(231)   ObjectSynchronizer Weak        Min:  0.0, Avg:  0.0, Max:  0.0, Diff:  0.0, Sum:  0.0, Workers: 4
[5687.395s][debug][gc,phases      ] GC(231)     Dead                           Min: 0, Avg:  0.0, Max: 0, Diff: 0, Sum: 0, Workers: 4
[5687.395s][debug][gc,phases      ] GC(231)     Total                          Min: 0, Avg:  0.8, Max: 3, Diff: 3, Sum: 3, Workers: 4
[5687.395s][debug][gc,phases      ] GC(231)   JVMTI Tag Weak OopStorage      Min:  0.0, Avg:  0.0, Max:  0.0, Diff:  0.0, Sum:  0.0, Workers: 4
[5687.395s][debug][gc,phases      ] GC(231)     Dead                           Min: 0, Avg:  0.0, Max: 0, Diff: 0, Sum: 0, Workers: 4
[5687.395s][debug][gc,phases      ] GC(231)     Total                          Min: 0, Avg:  0.0, Max: 0, Diff: 0, Sum: 0, Workers: 4
[5687.395s][debug][gc,phases      ] GC(231)   StringTable Weak               Min:  0.1, Avg:  0.1, Max:  0.1, Diff:  0.0, Sum:  0.5, Workers: 4
[5687.395s][debug][gc,phases      ] GC(231)     Dead                           Min: 0, Avg:  0.0, Max: 0, Diff: 0, Sum: 0, Workers: 4
[5687.395s][debug][gc,phases      ] GC(231)     Total                          Min: 11136, Avg: 12077.8, Max: 12672, Diff: 1536, Sum: 48311, Workers: 4
[5687.395s][debug][gc,phases      ] GC(231)   ResolvedMethodTable Weak       Min:  0.0, Avg:  0.0, Max:  0.0, Diff:  0.0, Sum:  0.2, Workers: 4
[5687.395s][debug][gc,phases      ] GC(231)     Dead                           Min: 0, Avg:  4.0, Max: 16, Diff: 16, Sum: 16, Workers: 4
[5687.395s][debug][gc,phases      ] GC(231)     Total                          Min: 3831, Avg: 4011.5, Max: 4267, Diff: 436, Sum: 16046, Workers: 4
[5687.395s][debug][gc,phases      ] GC(231)   JNI Weak                       Min:  0.0, Avg:  0.0, Max:  0.0, Diff:  0.0, Sum:  0.0, Workers: 4
[5687.395s][debug][gc,phases      ] GC(231)     Dead                           Min: 0, Avg:  0.0, Max: 0, Diff: 0, Sum: 0, Workers: 4
[5687.395s][debug][gc,phases      ] GC(231)     Total                          Min: 0, Avg: 13.0, Max: 48, Diff: 48, Sum: 52, Workers: 4
[5687.395s][debug][gc,phases      ] GC(231)   StringDedup Table Weak         Min:  0.0, Avg:  0.0, Max:  0.0, Diff:  0.0, Sum:  0.0, Workers: 4
[5687.395s][debug][gc,phases      ] GC(231)     Dead                           Min: 0, Avg:  0.0, Max: 0, Diff: 0, Sum: 0, Workers: 4
[5687.395s][debug][gc,phases      ] GC(231)     Total                          Min: 0, Avg:  0.0, Max: 0, Diff: 0, Sum: 0, Workers: 4
[5687.395s][debug][gc,phases      ] GC(231)   StringDedup Requests0 Weak     Min:  0.0, Avg:  0.0, Max:  0.0, Diff:  0.0, Sum:  0.0, Workers: 4
[5687.395s][debug][gc,phases      ] GC(231)     Dead                           Min: 0, Avg:  0.0, Max: 0, Diff: 0, Sum: 0, Workers: 4
[5687.395s][debug][gc,phases      ] GC(231)     Total                          Min: 0, Avg:  0.0, Max: 0, Diff: 0, Sum: 0, Workers: 4
[5687.395s][debug][gc,phases      ] GC(231)   StringDedup Requests1 Weak     Min:  0.0, Avg:  0.0, Max:  0.0, Diff:  0.0, Sum:  0.0, Workers: 4
[5687.395s][debug][gc,phases      ] GC(231)     Dead                           Min: 0, Avg:  0.0, Max: 0, Diff: 0, Sum: 0, Workers: 4
[5687.395s][debug][gc,phases      ] GC(231)     Total                          Min: 0, Avg:  0.0, Max: 0, Diff: 0, Sum: 0, Workers: 4
[5687.395s][debug][gc,phases      ] GC(231)   Weak JFR Old Object Samples    Min:  0.0, Avg:  0.0, Max:  0.0, Diff:  0.0, Sum:  0.0, Workers: 4
[5687.395s][debug][gc,phases      ] GC(231)     Dead                           Min: 0, Avg:  0.0, Max: 0, Diff: 0, Sum: 0, Workers: 4
[5687.395s][debug][gc,phases      ] GC(231)     Total                          Min: 0, Avg:  0.0, Max: 0, Diff: 0, Sum: 0, Workers: 4
[5687.395s][debug][gc,phases      ] GC(231) Weak Processing 0.414ms
[5687.395s][debug][gc,age         ] GC(231) Desired survivor size 6291456 bytes, new threshold 1 (max threshold 15)
[5687.395s][info ][gc,heap        ] GC(231) PSYoungGen: 2090032K(2091008K)->5152K(2091008K) Eden: 2084864K(2084864K)->0K(2084864K) From: 5168K(6144K)->5152K(6144K)
[5687.395s][info ][gc,heap        ] GC(231) ParOldGen: 612645K(612864K)->613630K(613888K)
[5687.395s][info ][gc,metaspace   ] GC(231) Metaspace: 113024K(114432K)->113024K(114432K) NonClass: 96277K(97088K)->96277K(97088K) Class: 16747K(17344K)->16747K(17344K)
[5687.395s][info ][gc             ] GC(231) Pause Young (Allocation Failure) 2639M->604M(2641M) 5.125ms
[5687.395s][info ][gc,cpu         ] GC(231) User=0.02s Sys=0.00s Real=0.01s
[5687.395s][info ][safepoint      ] Safepoint "ParallelGCFailedAllocation", Time since last: 18782212144 ns, Reaching safepoint: 81103 ns, Cleanup: 4900 ns, At safepoint: 5212962 ns, Total: 5298965 ns
[5699.396s][info ][safepoint      ] Safepoint "Cleanup", Time since last: 12000951166 ns, Reaching safepoint: 86802 ns, Cleanup: 11801 ns, At safepoint: 26700 ns, Total: 125303 ns
[5711.955s][info ][gc,start       ] GC(232) Pause Young (Allocation Failure)
[5711.965s][debug][gc,phases      ] GC(232) Scavenge 10.149ms
[5711.965s][debug][gc,ref         ] GC(232) ReferenceProcessor::execute queues: 1, RefProcThreadModel::Single, marks_oops_alive: false
[5711.965s][debug][gc,ref         ] GC(232) Skipped KeepAliveFinalRefsPhase of Reference Processing: no references
[5711.965s][debug][gc,ref         ] GC(232) Skipped PhantomRefsPhase of Reference Processing: no references
[5711.965s][debug][gc,phases      ] GC(232) Reference Processing 0.130ms
[5711.966s][debug][gc,phases      ] GC(232)   VM Weak                        Min:  0.0, Avg:  0.0, Max:  0.0, Diff:  0.0, Sum:  0.0, Workers: 4
[5711.966s][debug][gc,phases      ] GC(232)     Dead                           Min: 0, Avg:  0.0, Max: 0, Diff: 0, Sum: 0, Workers: 4
[5711.966s][debug][gc,phases      ] GC(232)     Total                          Min: 0, Avg: 261.5, Max: 512, Diff: 512, Sum: 1046, Workers: 4
[5711.966s][debug][gc,phases      ] GC(232)   ObjectSynchronizer Weak        Min:  0.0, Avg:  0.0, Max:  0.0, Diff:  0.0, Sum:  0.0, Workers: 4
[5711.966s][debug][gc,phases      ] GC(232)     Dead                           Min: 0, Avg:  0.0, Max: 0, Diff: 0, Sum: 0, Workers: 4
[5711.966s][debug][gc,phases      ] GC(232)     Total                          Min: 0, Avg:  0.8, Max: 3, Diff: 3, Sum: 3, Workers: 4
[5711.966s][debug][gc,phases      ] GC(232)   JVMTI Tag Weak OopStorage      Min:  0.0, Avg:  0.0, Max:  0.0, Diff:  0.0, Sum:  0.0, Workers: 4
[5711.966s][debug][gc,phases      ] GC(232)     Dead                           Min: 0, Avg:  0.0, Max: 0, Diff: 0, Sum: 0, Workers: 4
[5711.966s][debug][gc,phases      ] GC(232)     Total                          Min: 0, Avg:  0.0, Max: 0, Diff: 0, Sum: 0, Workers: 4
[5711.966s][debug][gc,phases      ] GC(232)   StringTable Weak               Min:  0.0, Avg:  0.1, Max:  0.2, Diff:  0.2, Sum:  0.5, Workers: 4
[5711.966s][debug][gc,phases      ] GC(232)     Dead                           Min: 0, Avg:  0.0, Max: 0, Diff: 0, Sum: 0, Workers: 4
[5711.966s][debug][gc,phases      ] GC(232)     Total                          Min: 0, Avg: 12077.8, Max: 16960, Diff: 16960, Sum: 48311, Workers: 4
[5711.966s][debug][gc,phases      ] GC(232)   ResolvedMethodTable Weak       Min:  0.0, Avg:  0.0, Max:  0.1, Diff:  0.1, Sum:  0.2, Workers: 4
[5711.966s][debug][gc,phases      ] GC(232)     Dead                           Min: 0, Avg:  4.0, Max: 16, Diff: 16, Sum: 16, Workers: 4
[5711.966s][debug][gc,phases      ] GC(232)     Total                          Min: 0, Avg: 4011.5, Max: 5678, Diff: 5678, Sum: 16046, Workers: 4
[5711.966s][debug][gc,phases      ] GC(232)   JNI Weak                       Min:  0.0, Avg:  0.0, Max:  0.0, Diff:  0.0, Sum:  0.0, Workers: 4
[5711.966s][debug][gc,phases      ] GC(232)     Dead                           Min: 0, Avg:  0.0, Max: 0, Diff: 0, Sum: 0, Workers: 4
[5711.966s][debug][gc,phases      ] GC(232)     Total                          Min: 0, Avg: 13.0, Max: 48, Diff: 48, Sum: 52, Workers: 4
[5711.966s][debug][gc,phases      ] GC(232)   StringDedup Table Weak         Min:  0.0, Avg:  0.0, Max:  0.0, Diff:  0.0, Sum:  0.0, Workers: 4
[5711.966s][debug][gc,phases      ] GC(232)     Dead                           Min: 0, Avg:  0.0, Max: 0, Diff: 0, Sum: 0, Workers: 4
[5711.966s][debug][gc,phases      ] GC(232)     Total                          Min: 0, Avg:  0.0, Max: 0, Diff: 0, Sum: 0, Workers: 4
[5711.966s][debug][gc,phases      ] GC(232)   StringDedup Requests0 Weak     Min:  0.0, Avg:  0.0, Max:  0.0, Diff:  0.0, Sum:  0.0, Workers: 4
[5711.966s][debug][gc,phases      ] GC(232)     Dead                           Min: 0, Avg:  0.0, Max: 0, Diff: 0, Sum: 0, Workers: 4
[5711.966s][debug][gc,phases      ] GC(232)     Total                          Min: 0, Avg:  0.0, Max: 0, Diff: 0, Sum: 0, Workers: 4
[5711.966s][debug][gc,phases      ] GC(232)   StringDedup Requests1 Weak     Min:  0.0, Avg:  0.0, Max:  0.0, Diff:  0.0, Sum:  0.0, Workers: 4
[5711.966s][debug][gc,phases      ] GC(232)     Dead                           Min: 0, Avg:  0.0, Max: 0, Diff: 0, Sum: 0, Workers: 4
[5711.966s][debug][gc,phases      ] GC(232)     Total                          Min: 0, Avg:  0.0, Max: 0, Diff: 0, Sum: 0, Workers: 4
[5711.966s][debug][gc,phases      ] GC(232)   Weak JFR Old Object Samples    Min:  0.0, Avg:  0.0, Max:  0.0, Diff:  0.0, Sum:  0.0, Workers: 4
[5711.966s][debug][gc,phases      ] GC(232)     Dead                           Min: 0, Avg:  0.0, Max: 0, Diff: 0, Sum: 0, Workers: 4
[5711.966s][debug][gc,phases      ] GC(232)     Total                          Min: 0, Avg:  0.0, Max: 0, Diff: 0, Sum: 0, Workers: 4
[5711.966s][debug][gc,phases      ] GC(232) Weak Processing 0.478ms
[5711.966s][debug][gc,age         ] GC(232) Desired survivor size 6291456 bytes, new threshold 1 (max threshold 15)
[5711.966s][info ][gc,heap        ] GC(232) PSYoungGen: 2090016K(2091008K)->5536K(2091008K) Eden: 2084864K(2084864K)->0K(2084864K) From: 5152K(6144K)->5536K(6144K)
[5711.966s][info ][gc,heap        ] GC(232) ParOldGen: 613630K(613888K)->614594K(614912K)
[5711.966s][info ][gc,metaspace   ] GC(232) Metaspace: 113024K(114432K)->113024K(114432K) NonClass: 96277K(97088K)->96277K(97088K) Class: 16747K(17344K)->16747K(17344K)
[5711.966s][info ][gc             ] GC(232) Pause Young (Allocation Failure) 2640M->605M(2642M) 11.199ms
[5711.966s][info ][gc,cpu         ] GC(232) User=0.01s Sys=0.01s Real=0.01s
[5711.966s][info ][safepoint      ] Safepoint "ParallelGCFailedAllocation", Time since last: 12558223838 ns, Reaching safepoint: 10600 ns, Cleanup: 4900 ns, At safepoint: 11323644 ns, Total: 11339144 ns
[5716.966s][info ][safepoint      ] Safepoint "Cleanup", Time since last: 5000443948 ns, Reaching safepoint: 10201 ns, Cleanup: 17200 ns, At safepoint: 35901 ns, Total: 63302 ns
[5722.968s][info ][safepoint      ] Safepoint "Cleanup", Time since last: 6001128895 ns, Reaching safepoint: 11600 ns, Cleanup: 13801 ns, At safepoint: 3300 ns, Total: 28701 ns
[5736.340s][info ][gc,start       ] GC(233) Pause Young (Allocation Failure)
[5736.345s][debug][gc,phases      ] GC(233) Scavenge 4.823ms
[5736.345s][debug][gc,ref         ] GC(233) Skipped SoftWeakFinalRefsPhase of Reference Processing: no references
[5736.345s][debug][gc,ref         ] GC(233) Skipped KeepAliveFinalRefsPhase of Reference Processing: no references
[5736.345s][debug][gc,ref         ] GC(233) ReferenceProcessor::execute queues: 1, RefProcThreadModel::Single, marks_oops_alive: false
[5736.345s][debug][gc,phases      ] GC(233) Reference Processing 0.118ms
[5736.345s][debug][gc,phases      ] GC(233)   VM Weak                        Min:  0.0, Avg:  0.0, Max:  0.0, Diff:  0.0, Sum:  0.0, Workers: 4
[5736.345s][debug][gc,phases      ] GC(233)     Dead                           Min: 0, Avg:  0.0, Max: 0, Diff: 0, Sum: 0, Workers: 4
[5736.345s][debug][gc,phases      ] GC(233)     Total                          Min: 0, Avg: 261.5, Max: 768, Diff: 768, Sum: 1046, Workers: 4
[5736.345s][debug][gc,phases      ] GC(233)   ObjectSynchronizer Weak        Min:  0.0, Avg:  0.0, Max:  0.0, Diff:  0.0, Sum:  0.0, Workers: 4
[5736.345s][debug][gc,phases      ] GC(233)     Dead                           Min: 0, Avg:  0.0, Max: 0, Diff: 0, Sum: 0, Workers: 4
[5736.345s][debug][gc,phases      ] GC(233)     Total                          Min: 0, Avg:  0.8, Max: 3, Diff: 3, Sum: 3, Workers: 4
[5736.345s][debug][gc,phases      ] GC(233)   JVMTI Tag Weak OopStorage      Min:  0.0, Avg:  0.0, Max:  0.0, Diff:  0.0, Sum:  0.0, Workers: 4
[5736.345s][debug][gc,phases      ] GC(233)     Dead                           Min: 0, Avg:  0.0, Max: 0, Diff: 0, Sum: 0, Workers: 4
[5736.345s][debug][gc,phases      ] GC(233)     Total                          Min: 0, Avg:  0.0, Max: 0, Diff: 0, Sum: 0, Workers: 4
[5736.345s][debug][gc,phases      ] GC(233)   StringTable Weak               Min:  0.0, Avg:  0.1, Max:  0.2, Diff:  0.2, Sum:  0.5, Workers: 4
[5736.345s][debug][gc,phases      ] GC(233)     Dead                           Min: 0, Avg:  0.0, Max: 0, Diff: 0, Sum: 0, Workers: 4
[5736.345s][debug][gc,phases      ] GC(233)     Total                          Min: 0, Avg: 12077.8, Max: 16960, Diff: 16960, Sum: 48311, Workers: 4
[5736.345s][debug][gc,phases      ] GC(233)   ResolvedMethodTable Weak       Min:  0.0, Avg:  0.0, Max:  0.1, Diff:  0.1, Sum:  0.2, Workers: 4
[5736.345s][debug][gc,phases      ] GC(233)     Dead                           Min: 0, Avg:  4.0, Max: 16, Diff: 16, Sum: 16, Workers: 4
[5736.345s][debug][gc,phases      ] GC(233)     Total                          Min: 0, Avg: 4011.5, Max: 5738, Diff: 5738, Sum: 16046, Workers: 4
[5736.345s][debug][gc,phases      ] GC(233)   JNI Weak                       Min:  0.0, Avg:  0.0, Max:  0.0, Diff:  0.0, Sum:  0.0, Workers: 4
[5736.345s][debug][gc,phases      ] GC(233)     Dead                           Min: 0, Avg:  0.0, Max: 0, Diff: 0, Sum: 0, Workers: 4
[5736.345s][debug][gc,phases      ] GC(233)     Total                          Min: 0, Avg: 13.0, Max: 48, Diff: 48, Sum: 52, Workers: 4
[5736.345s][debug][gc,phases      ] GC(233)   StringDedup Table Weak         Min:  0.0, Avg:  0.0, Max:  0.0, Diff:  0.0, Sum:  0.0, Workers: 4
[5736.345s][debug][gc,phases      ] GC(233)     Dead                           Min: 0, Avg:  0.0, Max: 0, Diff: 0, Sum: 0, Workers: 4
[5736.345s][debug][gc,phases      ] GC(233)     Total                          Min: 0, Avg:  0.0, Max: 0, Diff: 0, Sum: 0, Workers: 4
[5736.345s][debug][gc,phases      ] GC(233)   StringDedup Requests0 Weak     Min:  0.0, Avg:  0.0, Max:  0.0, Diff:  0.0, Sum:  0.0, Workers: 4
[5736.346s][debug][gc,phases      ] GC(233)     Dead                           Min: 0, Avg:  0.0, Max: 0, Diff: 0, Sum: 0, Workers: 4
[5736.346s][debug][gc,phases      ] GC(233)     Total                          Min: 0, Avg:  0.0, Max: 0, Diff: 0, Sum: 0, Workers: 4
[5736.346s][debug][gc,phases      ] GC(233)   StringDedup Requests1 Weak     Min:  0.0, Avg:  0.0, Max:  0.0, Diff:  0.0, Sum:  0.0, Workers: 4
[5736.346s][debug][gc,phases      ] GC(233)     Dead                           Min: 0, Avg:  0.0, Max: 0, Diff: 0, Sum: 0, Workers: 4
[5736.346s][debug][gc,phases      ] GC(233)     Total                          Min: 0, Avg:  0.0, Max: 0, Diff: 0, Sum: 0, Workers: 4
[5736.346s][debug][gc,phases      ] GC(233)   Weak JFR Old Object Samples    Min:  0.0, Avg:  0.0, Max:  0.0, Diff:  0.0, Sum:  0.0, Workers: 4
[5736.346s][debug][gc,phases      ] GC(233)     Dead                           Min: 0, Avg:  0.0, Max: 0, Diff: 0, Sum: 0, Workers: 4
[5736.346s][debug][gc,phases      ] GC(233)     Total                          Min: 0, Avg:  0.0, Max: 0, Diff: 0, Sum: 0, Workers: 4
[5736.346s][debug][gc,phases      ] GC(233) Weak Processing 0.464ms
[5736.346s][debug][gc,age         ] GC(233) Desired survivor size 6291456 bytes, new threshold 1 (max threshold 15)
[5736.346s][info ][gc,heap        ] GC(233) PSYoungGen: 2090400K(2091008K)->5392K(2091008K) Eden: 2084864K(2084864K)->0K(2084864K) From: 5536K(6144K)->5392K(6144K)
[5736.346s][info ][gc,heap        ] GC(233) ParOldGen: 614594K(614912K)->615658K(615936K)
[5736.346s][info ][gc,metaspace   ] GC(233) Metaspace: 113026K(114432K)->113026K(114432K) NonClass: 96279K(97088K)->96279K(97088K) Class: 16747K(17344K)->16747K(17344K)
[5736.346s][info ][gc             ] GC(233) Pause Young (Allocation Failure) 2641M->606M(2643M) 5.552ms
[5736.346s][info ][gc,cpu         ] GC(233) User=0.02s Sys=0.00s Real=0.01s
[5736.346s][info ][safepoint      ] Safepoint "ParallelGCFailedAllocation", Time since last: 13372312104 ns, Reaching safepoint: 86803 ns, Cleanup: 4700 ns, At safepoint: 5676572 ns, Total: 5768075 ns
[5760.941s][info ][gc,start       ] GC(234) Pause Young (Allocation Failure)
[5760.946s][debug][gc,phases      ] GC(234) Scavenge 4.806ms
[5760.946s][debug][gc,ref         ] GC(234) ReferenceProcessor::execute queues: 1, RefProcThreadModel::Single, marks_oops_alive: false
[5760.946s][debug][gc,ref         ] GC(234) Skipped KeepAliveFinalRefsPhase of Reference Processing: no references
[5760.946s][debug][gc,ref         ] GC(234) ReferenceProcessor::execute queues: 1, RefProcThreadModel::Single, marks_oops_alive: false
[5760.946s][debug][gc,phases      ] GC(234) Reference Processing 0.125ms
[5760.946s][debug][gc,phases      ] GC(234)   VM Weak                        Min:  0.0, Avg:  0.0, Max:  0.0, Diff:  0.0, Sum:  0.0, Workers: 4
[5760.946s][debug][gc,phases      ] GC(234)     Dead                           Min: 0, Avg:  0.0, Max: 0, Diff: 0, Sum: 0, Workers: 4
[5760.946s][debug][gc,phases      ] GC(234)     Total                          Min: 0, Avg: 261.5, Max: 534, Diff: 534, Sum: 1046, Workers: 4
[5760.946s][debug][gc,phases      ] GC(234)   ObjectSynchronizer Weak        Min:  0.0, Avg:  0.0, Max:  0.0, Diff:  0.0, Sum:  0.0, Workers: 4
[5760.946s][debug][gc,phases      ] GC(234)     Dead                           Min: 0, Avg:  0.0, Max: 0, Diff: 0, Sum: 0, Workers: 4
[5760.946s][debug][gc,phases      ] GC(234)     Total                          Min: 0, Avg:  0.8, Max: 3, Diff: 3, Sum: 3, Workers: 4
[5760.946s][debug][gc,phases      ] GC(234)   JVMTI Tag Weak OopStorage      Min:  0.0, Avg:  0.0, Max:  0.0, Diff:  0.0, Sum:  0.0, Workers: 4
[5760.946s][debug][gc,phases      ] GC(234)     Dead                           Min: 0, Avg:  0.0, Max: 0, Diff: 0, Sum: 0, Workers: 4
[5760.946s][debug][gc,phases      ] GC(234)     Total                          Min: 0, Avg:  0.0, Max: 0, Diff: 0, Sum: 0, Workers: 4
[5760.946s][debug][gc,phases      ] GC(234)   StringTable Weak               Min:  0.0, Avg:  0.1, Max:  0.2, Diff:  0.2, Sum:  0.5, Workers: 4
[5760.946s][debug][gc,phases      ] GC(234)     Dead                           Min: 0, Avg:  0.0, Max: 0, Diff: 0, Sum: 0, Workers: 4
[5760.946s][debug][gc,phases      ] GC(234)     Total                          Min: 0, Avg: 12077.8, Max: 18048, Diff: 18048, Sum: 48311, Workers: 4
[5760.946s][debug][gc,phases      ] GC(234)   ResolvedMethodTable Weak       Min:  0.0, Avg:  0.0, Max:  0.1, Diff:  0.1, Sum:  0.2, Workers: 4
[5760.946s][debug][gc,phases      ] GC(234)     Dead                           Min: 0, Avg:  4.0, Max: 16, Diff: 16, Sum: 16, Workers: 4
[5760.946s][debug][gc,phases      ] GC(234)     Total                          Min: 0, Avg: 4011.5, Max: 5588, Diff: 5588, Sum: 16046, Workers: 4
[5760.946s][debug][gc,phases      ] GC(234)   JNI Weak                       Min:  0.0, Avg:  0.0, Max:  0.0, Diff:  0.0, Sum:  0.0, Workers: 4
[5760.946s][debug][gc,phases      ] GC(234)     Dead                           Min: 0, Avg:  0.0, Max: 0, Diff: 0, Sum: 0, Workers: 4
[5760.946s][debug][gc,phases      ] GC(234)     Total                          Min: 0, Avg: 13.0, Max: 48, Diff: 48, Sum: 52, Workers: 4
[5760.946s][debug][gc,phases      ] GC(234)   StringDedup Table Weak         Min:  0.0, Avg:  0.0, Max:  0.0, Diff:  0.0, Sum:  0.0, Workers: 4
[5760.946s][debug][gc,phases      ] GC(234)     Dead                           Min: 0, Avg:  0.0, Max: 0, Diff: 0, Sum: 0, Workers: 4
[5760.946s][debug][gc,phases      ] GC(234)     Total                          Min: 0, Avg:  0.0, Max: 0, Diff: 0, Sum: 0, Workers: 4
[5760.946s][debug][gc,phases      ] GC(234)   StringDedup Requests0 Weak     Min:  0.0, Avg:  0.0, Max:  0.0, Diff:  0.0, Sum:  0.0, Workers: 4
[5760.946s][debug][gc,phases      ] GC(234)     Dead                           Min: 0, Avg:  0.0, Max: 0, Diff: 0, Sum: 0, Workers: 4
[5760.946s][debug][gc,phases      ] GC(234)     Total                          Min: 0, Avg:  0.0, Max: 0, Diff: 0, Sum: 0, Workers: 4
[5760.946s][debug][gc,phases      ] GC(234)   StringDedup Requests1 Weak     Min:  0.0, Avg:  0.0, Max:  0.0, Diff:  0.0, Sum:  0.0, Workers: 4
[5760.946s][debug][gc,phases      ] GC(234)     Dead                           Min: 0, Avg:  0.0, Max: 0, Diff: 0, Sum: 0, Workers: 4
[5760.946s][debug][gc,phases      ] GC(234)     Total                          Min: 0, Avg:  0.0, Max: 0, Diff: 0, Sum: 0, Workers: 4
[5760.946s][debug][gc,phases      ] GC(234)   Weak JFR Old Object Samples    Min:  0.0, Avg:  0.0, Max:  0.0, Diff:  0.0, Sum:  0.0, Workers: 4
[5760.946s][debug][gc,phases      ] GC(234)     Dead                           Min: 0, Avg:  0.0, Max: 0, Diff: 0, Sum: 0, Workers: 4
[5760.946s][debug][gc,phases      ] GC(234)     Total                          Min: 0, Avg:  0.0, Max: 0, Diff: 0, Sum: 0, Workers: 4
[5760.946s][debug][gc,phases      ] GC(234) Weak Processing 0.474ms
[5760.946s][debug][gc,age         ] GC(234) Desired survivor size 6291456 bytes, new threshold 1 (max threshold 15)
[5760.946s][info ][gc,heap        ] GC(234) PSYoungGen: 2090256K(2091008K)->5680K(2091008K) Eden: 2084864K(2084864K)->0K(2084864K) From: 5392K(6144K)->5680K(6144K)
[5760.946s][info ][gc,heap        ] GC(234) ParOldGen: 615658K(615936K)->616794K(616960K)
[5760.946s][info ][gc,metaspace   ] GC(234) Metaspace: 113026K(114432K)->113026K(114432K) NonClass: 96279K(97088K)->96279K(97088K) Class: 16747K(17344K)->16747K(17344K)
[5760.946s][info ][gc             ] GC(234) Pause Young (Allocation Failure) 2642M->607M(2644M) 5.559ms
[5760.947s][info ][gc,cpu         ] GC(234) User=0.02s Sys=0.00s Real=0.01s
[5760.947s][info ][safepoint      ] Safepoint "ParallelGCFailedAllocation", Time since last: 24595181414 ns, Reaching safepoint: 10401 ns, Cleanup: 4800 ns, At safepoint: 5674570 ns, Total: 5689771 ns
[5761.947s][info ][safepoint      ] Safepoint "Cleanup", Time since last: 1000095131 ns, Reaching safepoint: 81402 ns, Cleanup: 11501 ns, At safepoint: 11100 ns, Total: 104003 ns
[5763.947s][info ][safepoint      ] Safepoint "Cleanup", Time since last: 2000218763 ns, Reaching safepoint: 85102 ns, Cleanup: 13101 ns, At safepoint: 10300 ns, Total: 108503 ns
[5772.948s][info ][safepoint      ] Safepoint "Cleanup", Time since last: 9000859050 ns, Reaching safepoint: 89203 ns, Cleanup: 13300 ns, At safepoint: 42502 ns, Total: 145005 ns
[5782.949s][info ][safepoint      ] Safepoint "Cleanup", Time since last: 10000965058 ns, Reaching safepoint: 89103 ns, Cleanup: 13200 ns, At safepoint: 6601 ns, Total: 108904 ns
[5785.256s][info ][gc,start       ] GC(235) Pause Young (Allocation Failure)
[5785.262s][debug][gc,phases      ] GC(235) Scavenge 5.956ms
[5785.263s][debug][gc,ref         ] GC(235) ReferenceProcessor::execute queues: 1, RefProcThreadModel::Single, marks_oops_alive: false
[5785.263s][debug][gc,ref         ] GC(235) Skipped KeepAliveFinalRefsPhase of Reference Processing: no references
[5785.263s][debug][gc,ref         ] GC(235) ReferenceProcessor::execute queues: 1, RefProcThreadModel::Single, marks_oops_alive: false
[5785.263s][debug][gc,phases      ] GC(235) Reference Processing 0.121ms
[5785.263s][debug][gc,phases      ] GC(235)   VM Weak                        Min:  0.0, Avg:  0.0, Max:  0.0, Diff:  0.0, Sum:  0.0, Workers: 4
[5785.263s][debug][gc,phases      ] GC(235)     Dead                           Min: 0, Avg:  0.0, Max: 0, Diff: 0, Sum: 0, Workers: 4
[5785.263s][debug][gc,phases      ] GC(235)     Total                          Min: 0, Avg: 261.5, Max: 470, Diff: 470, Sum: 1046, Workers: 4
[5785.263s][debug][gc,phases      ] GC(235)   ObjectSynchronizer Weak        Min:  0.0, Avg:  0.0, Max:  0.0, Diff:  0.0, Sum:  0.0, Workers: 4
[5785.263s][debug][gc,phases      ] GC(235)     Dead                           Min: 0, Avg:  0.0, Max: 0, Diff: 0, Sum: 0, Workers: 4
[5785.263s][debug][gc,phases      ] GC(235)     Total                          Min: 0, Avg:  0.8, Max: 3, Diff: 3, Sum: 3, Workers: 4
[5785.263s][debug][gc,phases      ] GC(235)   JVMTI Tag Weak OopStorage      Min:  0.0, Avg:  0.0, Max:  0.0, Diff:  0.0, Sum:  0.0, Workers: 4
[5785.263s][debug][gc,phases      ] GC(235)     Dead                           Min: 0, Avg:  0.0, Max: 0, Diff: 0, Sum: 0, Workers: 4
[5785.263s][debug][gc,phases      ] GC(235)     Total                          Min: 0, Avg:  0.0, Max: 0, Diff: 0, Sum: 0, Workers: 4
[5785.263s][debug][gc,phases      ] GC(235)   StringTable Weak               Min:  0.0, Avg:  0.1, Max:  0.2, Diff:  0.2, Sum:  0.5, Workers: 4
[5785.263s][debug][gc,phases      ] GC(235)     Dead                           Min: 0, Avg:  0.0, Max: 0, Diff: 0, Sum: 0, Workers: 4
[5785.263s][debug][gc,phases      ] GC(235)     Total                          Min: 0, Avg: 12077.8, Max: 17408, Diff: 17408, Sum: 48311, Workers: 4
[5785.263s][debug][gc,phases      ] GC(235)   ResolvedMethodTable Weak       Min:  0.0, Avg:  0.0, Max:  0.1, Diff:  0.1, Sum:  0.2, Workers: 4
[5785.263s][debug][gc,phases      ] GC(235)     Dead                           Min: 0, Avg:  4.0, Max: 16, Diff: 16, Sum: 16, Workers: 4
[5785.263s][debug][gc,phases      ] GC(235)     Total                          Min: 0, Avg: 4011.5, Max: 5938, Diff: 5938, Sum: 16046, Workers: 4
[5785.263s][debug][gc,phases      ] GC(235)   JNI Weak                       Min:  0.0, Avg:  0.0, Max:  0.0, Diff:  0.0, Sum:  0.0, Workers: 4
[5785.263s][debug][gc,phases      ] GC(235)     Dead                           Min: 0, Avg:  0.0, Max: 0, Diff: 0, Sum: 0, Workers: 4
[5785.263s][debug][gc,phases      ] GC(235)     Total                          Min: 0, Avg: 13.0, Max: 48, Diff: 48, Sum: 52, Workers: 4
[5785.263s][debug][gc,phases      ] GC(235)   StringDedup Table Weak         Min:  0.0, Avg:  0.0, Max:  0.0, Diff:  0.0, Sum:  0.0, Workers: 4
[5785.263s][debug][gc,phases      ] GC(235)     Dead                           Min: 0, Avg:  0.0, Max: 0, Diff: 0, Sum: 0, Workers: 4
[5785.263s][debug][gc,phases      ] GC(235)     Total                          Min: 0, Avg:  0.0, Max: 0, Diff: 0, Sum: 0, Workers: 4
[5785.263s][debug][gc,phases      ] GC(235)   StringDedup Requests0 Weak     Min:  0.0, Avg:  0.0, Max:  0.0, Diff:  0.0, Sum:  0.0, Workers: 4
[5785.263s][debug][gc,phases      ] GC(235)     Dead                           Min: 0, Avg:  0.0, Max: 0, Diff: 0, Sum: 0, Workers: 4
[5785.263s][debug][gc,phases      ] GC(235)     Total                          Min: 0, Avg:  0.0, Max: 0, Diff: 0, Sum: 0, Workers: 4
[5785.263s][debug][gc,phases      ] GC(235)   StringDedup Requests1 Weak     Min:  0.0, Avg:  0.0, Max:  0.0, Diff:  0.0, Sum:  0.0, Workers: 4
[5785.263s][debug][gc,phases      ] GC(235)     Dead                           Min: 0, Avg:  0.0, Max: 0, Diff: 0, Sum: 0, Workers: 4
[5785.263s][debug][gc,phases      ] GC(235)     Total                          Min: 0, Avg:  0.0, Max: 0, Diff: 0, Sum: 0, Workers: 4
[5785.263s][debug][gc,phases      ] GC(235)   Weak JFR Old Object Samples    Min:  0.0, Avg:  0.0, Max:  0.0, Diff:  0.0, Sum:  0.0, Workers: 4
[5785.263s][debug][gc,phases      ] GC(235)     Dead                           Min: 0, Avg:  0.0, Max: 0, Diff: 0, Sum: 0, Workers: 4
[5785.263s][debug][gc,phases      ] GC(235)     Total                          Min: 0, Avg:  0.0, Max: 0, Diff: 0, Sum: 0, Workers: 4
[5785.263s][debug][gc,phases      ] GC(235) Weak Processing 0.461ms
[5785.263s][debug][gc,age         ] GC(235) Desired survivor size 6291456 bytes, new threshold 1 (max threshold 15)
[5785.263s][info ][gc,heap        ] GC(235) PSYoungGen: 2090475K(2091008K)->5696K(2091008K) Eden: 2084795K(2084864K)->0K(2084864K) From: 5680K(6144K)->5696K(6144K)
[5785.263s][info ][gc,heap        ] GC(235) ParOldGen: 616794K(616960K)->618126K(618496K)
[5785.263s][info ][gc,metaspace   ] GC(235) Metaspace: 113027K(114432K)->113027K(114432K) NonClass: 96280K(97088K)->96280K(97088K) Class: 16747K(17344K)->16747K(17344K)
[5785.263s][info ][gc             ] GC(235) Pause Young (Allocation Failure) 2643M->609M(2646M) 6.689ms
[5785.263s][info ][gc,cpu         ] GC(235) User=0.02s Sys=0.00s Real=0.00s
[5785.263s][info ][safepoint      ] Safepoint "ParallelGCFailedAllocation", Time since last: 2307264003 ns, Reaching safepoint: 7600 ns, Cleanup: 5101 ns, At safepoint: 6771406 ns, Total: 6784107 ns
[5787.263s][info ][safepoint      ] Safepoint "Cleanup", Time since last: 2000177259 ns, Reaching safepoint: 9901 ns, Cleanup: 13400 ns, At safepoint: 2700 ns, Total: 26001 ns
[5809.856s][info ][gc,start       ] GC(236) Pause Young (Allocation Failure)
[5809.862s][debug][gc,phases      ] GC(236) Scavenge 5.579ms
[5809.862s][debug][gc,ref         ] GC(236) ReferenceProcessor::execute queues: 1, RefProcThreadModel::Single, marks_oops_alive: false
[5809.862s][debug][gc,ref         ] GC(236) Skipped KeepAliveFinalRefsPhase of Reference Processing: no references
[5809.862s][debug][gc,ref         ] GC(236) Skipped PhantomRefsPhase of Reference Processing: no references
[5809.862s][debug][gc,phases      ] GC(236) Reference Processing 0.117ms
[5809.862s][debug][gc,phases      ] GC(236)   VM Weak                        Min:  0.0, Avg:  0.0, Max:  0.0, Diff:  0.0, Sum:  0.0, Workers: 4
[5809.862s][debug][gc,phases      ] GC(236)     Dead                           Min: 0, Avg:  0.0, Max: 0, Diff: 0, Sum: 0, Workers: 4
[5809.862s][debug][gc,phases      ] GC(236)     Total                          Min: 0, Avg: 261.5, Max: 534, Diff: 534, Sum: 1046, Workers: 4
[5809.862s][debug][gc,phases      ] GC(236)   ObjectSynchronizer Weak        Min:  0.0, Avg:  0.0, Max:  0.0, Diff:  0.0, Sum:  0.0, Workers: 4
[5809.862s][debug][gc,phases      ] GC(236)     Dead                           Min: 0, Avg:  0.0, Max: 0, Diff: 0, Sum: 0, Workers: 4
[5809.862s][debug][gc,phases      ] GC(236)     Total                          Min: 0, Avg:  0.8, Max: 3, Diff: 3, Sum: 3, Workers: 4
[5809.862s][debug][gc,phases      ] GC(236)   JVMTI Tag Weak OopStorage      Min:  0.0, Avg:  0.0, Max:  0.0, Diff:  0.0, Sum:  0.0, Workers: 4
[5809.862s][debug][gc,phases      ] GC(236)     Dead                           Min: 0, Avg:  0.0, Max: 0, Diff: 0, Sum: 0, Workers: 4
[5809.862s][debug][gc,phases      ] GC(236)     Total                          Min: 0, Avg:  0.0, Max: 0, Diff: 0, Sum: 0, Workers: 4
[5809.862s][debug][gc,phases      ] GC(236)   StringTable Weak               Min:  0.0, Avg:  0.2, Max:  0.4, Diff:  0.4, Sum:  0.7, Workers: 4
[5809.862s][debug][gc,phases      ] GC(236)     Dead                           Min: 0, Avg:  0.0, Max: 0, Diff: 0, Sum: 0, Workers: 4
[5809.862s][debug][gc,phases      ] GC(236)     Total                          Min: 0, Avg: 12078.0, Max: 24696, Diff: 24696, Sum: 48312, Workers: 4
[5809.862s][debug][gc,phases      ] GC(236)   ResolvedMethodTable Weak       Min:  0.0, Avg:  0.0, Max:  0.1, Diff:  0.1, Sum:  0.1, Workers: 4
[5809.862s][debug][gc,phases      ] GC(236)     Dead                           Min: 0, Avg:  4.0, Max: 16, Diff: 16, Sum: 16, Workers: 4
[5809.862s][debug][gc,phases      ] GC(236)     Total                          Min: 0, Avg: 4011.5, Max: 8686, Diff: 8686, Sum: 16046, Workers: 4
[5809.862s][debug][gc,phases      ] GC(236)   JNI Weak                       Min:  0.0, Avg:  0.0, Max:  0.0, Diff:  0.0, Sum:  0.0, Workers: 4
[5809.862s][debug][gc,phases      ] GC(236)     Dead                           Min: 0, Avg:  0.0, Max: 0, Diff: 0, Sum: 0, Workers: 4
[5809.862s][debug][gc,phases      ] GC(236)     Total                          Min: 0, Avg: 13.0, Max: 48, Diff: 48, Sum: 52, Workers: 4
[5809.862s][debug][gc,phases      ] GC(236)   StringDedup Table Weak         Min:  0.0, Avg:  0.0, Max:  0.0, Diff:  0.0, Sum:  0.0, Workers: 4
[5809.862s][debug][gc,phases      ] GC(236)     Dead                           Min: 0, Avg:  0.0, Max: 0, Diff: 0, Sum: 0, Workers: 4
[5809.862s][debug][gc,phases      ] GC(236)     Total                          Min: 0, Avg:  0.0, Max: 0, Diff: 0, Sum: 0, Workers: 4
[5809.862s][debug][gc,phases      ] GC(236)   StringDedup Requests0 Weak     Min:  0.0, Avg:  0.0, Max:  0.0, Diff:  0.0, Sum:  0.0, Workers: 4
[5809.862s][debug][gc,phases      ] GC(236)     Dead                           Min: 0, Avg:  0.0, Max: 0, Diff: 0, Sum: 0, Workers: 4
[5809.862s][debug][gc,phases      ] GC(236)     Total                          Min: 0, Avg:  0.0, Max: 0, Diff: 0, Sum: 0, Workers: 4
[5809.862s][debug][gc,phases      ] GC(236)   StringDedup Requests1 Weak     Min:  0.0, Avg:  0.0, Max:  0.0, Diff:  0.0, Sum:  0.0, Workers: 4
[5809.862s][debug][gc,phases      ] GC(236)     Dead                           Min: 0, Avg:  0.0, Max: 0, Diff: 0, Sum: 0, Workers: 4
[5809.862s][debug][gc,phases      ] GC(236)     Total                          Min: 0, Avg:  0.0, Max: 0, Diff: 0, Sum: 0, Workers: 4
[5809.862s][debug][gc,phases      ] GC(236)   Weak JFR Old Object Samples    Min:  0.0, Avg:  0.0, Max:  0.0, Diff:  0.0, Sum:  0.0, Workers: 4
[5809.862s][debug][gc,phases      ] GC(236)     Dead                           Min: 0, Avg:  0.0, Max: 0, Diff: 0, Sum: 0, Workers: 4
[5809.862s][debug][gc,phases      ] GC(236)     Total                          Min: 0, Avg:  0.0, Max: 0, Diff: 0, Sum: 0, Workers: 4
[5809.862s][debug][gc,phases      ] GC(236) Weak Processing 0.673ms
[5809.862s][debug][gc,age         ] GC(236) Desired survivor size 7340032 bytes, new threshold 1 (max threshold 15)
[5809.862s][info ][gc,heap        ] GC(236) PSYoungGen: 2090560K(2091008K)->6142K(2091008K) Eden: 2084864K(2084864K)->0K(2084864K) From: 5696K(6144K)->6142K(6144K)
[5809.862s][info ][gc,heap        ] GC(236) ParOldGen: 618126K(618496K)->619491K(619520K)
[5809.862s][info ][gc,metaspace   ] GC(236) Metaspace: 113029K(114432K)->113029K(114432K) NonClass: 96281K(97088K)->96281K(97088K) Class: 16747K(17344K)->16747K(17344K)
[5809.862s][info ][gc             ] GC(236) Pause Young (Allocation Failure) 2645M->610M(2647M) 6.509ms
[5809.862s][info ][gc,cpu         ] GC(236) User=0.02s Sys=0.00s Real=0.00s
[5809.862s][info ][safepoint      ] Safepoint "ParallelGCFailedAllocation", Time since last: 22592432671 ns, Reaching safepoint: 7500 ns, Cleanup: 5701 ns, At safepoint: 6622801 ns, Total: 6636002 ns
[5834.655s][info ][gc,start       ] GC(237) Pause Young (Allocation Failure)
[5834.662s][debug][gc,phases      ] GC(237) Scavenge 7.105ms
[5834.662s][debug][gc,ref         ] GC(237) ReferenceProcessor::execute queues: 1, RefProcThreadModel::Single, marks_oops_alive: false
[5834.662s][debug][gc,ref         ] GC(237) Skipped KeepAliveFinalRefsPhase of Reference Processing: no references
[5834.662s][debug][gc,ref         ] GC(237) ReferenceProcessor::execute queues: 1, RefProcThreadModel::Single, marks_oops_alive: false
[5834.662s][debug][gc,phases      ] GC(237) Reference Processing 0.132ms
[5834.662s][debug][gc,phases      ] GC(237)   VM Weak                        Min:  0.0, Avg:  0.0, Max:  0.0, Diff:  0.0, Sum:  0.0, Workers: 4
[5834.662s][debug][gc,phases      ] GC(237)     Dead                           Min: 0, Avg:  0.0, Max: 0, Diff: 0, Sum: 0, Workers: 4
[5834.662s][debug][gc,phases      ] GC(237)     Total                          Min: 0, Avg: 261.5, Max: 512, Diff: 512, Sum: 1046, Workers: 4
[5834.662s][debug][gc,phases      ] GC(237)   ObjectSynchronizer Weak        Min:  0.0, Avg:  0.0, Max:  0.0, Diff:  0.0, Sum:  0.0, Workers: 4
[5834.662s][debug][gc,phases      ] GC(237)     Dead                           Min: 0, Avg:  0.0, Max: 0, Diff: 0, Sum: 0, Workers: 4
[5834.662s][debug][gc,phases      ] GC(237)     Total                          Min: 0, Avg:  0.8, Max: 3, Diff: 3, Sum: 3, Workers: 4
[5834.662s][debug][gc,phases      ] GC(237)   JVMTI Tag Weak OopStorage      Min:  0.0, Avg:  0.0, Max:  0.0, Diff:  0.0, Sum:  0.0, Workers: 4
[5834.662s][debug][gc,phases      ] GC(237)     Dead                           Min: 0, Avg:  0.0, Max: 0, Diff: 0, Sum: 0, Workers: 4
[5834.662s][debug][gc,phases      ] GC(237)     Total                          Min: 0, Avg:  0.0, Max: 0, Diff: 0, Sum: 0, Workers: 4
[5834.662s][debug][gc,phases      ] GC(237)   StringTable Weak               Min:  0.0, Avg:  0.1, Max:  0.2, Diff:  0.2, Sum:  0.5, Workers: 4
[5834.662s][debug][gc,phases      ] GC(237)     Dead                           Min: 0, Avg:  0.0, Max: 0, Diff: 0, Sum: 0, Workers: 4
[5834.662s][debug][gc,phases      ] GC(237)     Total                          Min: 0, Avg: 12078.0, Max: 17152, Diff: 17152, Sum: 48312, Workers: 4
[5834.662s][debug][gc,phases      ] GC(237)   ResolvedMethodTable Weak       Min:  0.0, Avg:  0.0, Max:  0.1, Diff:  0.1, Sum:  0.2, Workers: 4
[5834.662s][debug][gc,phases      ] GC(237)     Dead                           Min: 0, Avg:  4.0, Max: 16, Diff: 16, Sum: 16, Workers: 4
[5834.662s][debug][gc,phases      ] GC(237)     Total                          Min: 0, Avg: 4011.5, Max: 5477, Diff: 5477, Sum: 16046, Workers: 4
[5834.662s][debug][gc,phases      ] GC(237)   JNI Weak                       Min:  0.0, Avg:  0.0, Max:  0.0, Diff:  0.0, Sum:  0.0, Workers: 4
[5834.662s][debug][gc,phases      ] GC(237)     Dead                           Min: 0, Avg:  0.0, Max: 0, Diff: 0, Sum: 0, Workers: 4
[5834.662s][debug][gc,phases      ] GC(237)     Total                          Min: 0, Avg: 13.0, Max: 48, Diff: 48, Sum: 52, Workers: 4
[5834.662s][debug][gc,phases      ] GC(237)   StringDedup Table Weak         Min:  0.0, Avg:  0.0, Max:  0.0, Diff:  0.0, Sum:  0.0, Workers: 4
[5834.662s][debug][gc,phases      ] GC(237)     Dead                           Min: 0, Avg:  0.0, Max: 0, Diff: 0, Sum: 0, Workers: 4
[5834.662s][debug][gc,phases      ] GC(237)     Total                          Min: 0, Avg:  0.0, Max: 0, Diff: 0, Sum: 0, Workers: 4
[5834.662s][debug][gc,phases      ] GC(237)   StringDedup Requests0 Weak     Min:  0.0, Avg:  0.0, Max:  0.0, Diff:  0.0, Sum:  0.0, Workers: 4
[5834.662s][debug][gc,phases      ] GC(237)     Dead                           Min: 0, Avg:  0.0, Max: 0, Diff: 0, Sum: 0, Workers: 4
[5834.662s][debug][gc,phases      ] GC(237)     Total                          Min: 0, Avg:  0.0, Max: 0, Diff: 0, Sum: 0, Workers: 4
[5834.662s][debug][gc,phases      ] GC(237)   StringDedup Requests1 Weak     Min:  0.0, Avg:  0.0, Max:  0.0, Diff:  0.0, Sum:  0.0, Workers: 4
[5834.662s][debug][gc,phases      ] GC(237)     Dead                           Min: 0, Avg:  0.0, Max: 0, Diff: 0, Sum: 0, Workers: 4
[5834.662s][debug][gc,phases      ] GC(237)     Total                          Min: 0, Avg:  0.0, Max: 0, Diff: 0, Sum: 0, Workers: 4
[5834.663s][debug][gc,phases      ] GC(237)   Weak JFR Old Object Samples    Min:  0.0, Avg:  0.0, Max:  0.0, Diff:  0.0, Sum:  0.0, Workers: 4
[5834.663s][debug][gc,phases      ] GC(237)     Dead                           Min: 0, Avg:  0.0, Max: 0, Diff: 0, Sum: 0, Workers: 4
[5834.663s][debug][gc,phases      ] GC(237)     Total                          Min: 0, Avg:  0.0, Max: 0, Diff: 0, Sum: 0, Workers: 4
[5834.663s][debug][gc,phases      ] GC(237) Weak Processing 0.452ms
[5834.663s][debug][gc,age         ] GC(237) Desired survivor size 7340032 bytes, new threshold 1 (max threshold 15)
[5834.663s][info ][gc,heap        ] GC(237) PSYoungGen: 2091006K(2091008K)->4656K(2088960K) Eden: 2084864K(2084864K)->0K(2082816K) From: 6142K(6144K)->4656K(6144K)
[5834.663s][info ][gc,heap        ] GC(237) ParOldGen: 619491K(619520K)->621909K(622080K)
[5834.663s][info ][gc,metaspace   ] GC(237) Metaspace: 113030K(114432K)->113030K(114432K) NonClass: 96283K(97088K)->96283K(97088K) Class: 16747K(17344K)->16747K(17344K)
[5834.663s][info ][gc             ] GC(237) Pause Young (Allocation Failure) 2646M->611M(2647M) 7.836ms
[5834.663s][info ][gc,cpu         ] GC(237) User=0.03s Sys=0.00s Real=0.00s
[5834.663s][info ][safepoint      ] Safepoint "ParallelGCFailedAllocation", Time since last: 24792196159 ns, Reaching safepoint: 9901 ns, Cleanup: 5800 ns, At safepoint: 7961639 ns, Total: 7977340 ns
[5843.663s][info ][safepoint      ] Safepoint "Cleanup", Time since last: 9000743397 ns, Reaching safepoint: 10001 ns, Cleanup: 14100 ns, At safepoint: 3200 ns, Total: 27301 ns
[5854.664s][info ][safepoint      ] Safepoint "Cleanup", Time since last: 11000947565 ns, Reaching safepoint: 8100 ns, Cleanup: 14801 ns, At safepoint: 2800 ns, Total: 25701 ns
[5857.665s][info ][safepoint      ] Safepoint "Cleanup", Time since last: 3000290411 ns, Reaching safepoint: 10100 ns, Cleanup: 18200 ns, At safepoint: 3300 ns, Total: 31600 ns
[5859.213s][info ][gc,start       ] GC(238) Pause Young (Allocation Failure)
[5859.218s][debug][gc,phases      ] GC(238) Scavenge 4.823ms
[5859.218s][debug][gc,ref         ] GC(238) ReferenceProcessor::execute queues: 1, RefProcThreadModel::Single, marks_oops_alive: false
[5859.218s][debug][gc,ref         ] GC(238) Skipped KeepAliveFinalRefsPhase of Reference Processing: no references
[5859.218s][debug][gc,ref         ] GC(238) Skipped PhantomRefsPhase of Reference Processing: no references
[5859.218s][debug][gc,phases      ] GC(238) Reference Processing 0.129ms
[5859.218s][debug][gc,phases      ] GC(238)   VM Weak                        Min:  0.0, Avg:  0.0, Max:  0.0, Diff:  0.0, Sum:  0.0, Workers: 4
[5859.218s][debug][gc,phases      ] GC(238)     Dead                           Min: 0, Avg:  0.0, Max: 0, Diff: 0, Sum: 0, Workers: 4
[5859.218s][debug][gc,phases      ] GC(238)     Total                          Min: 0, Avg: 261.5, Max: 704, Diff: 704, Sum: 1046, Workers: 4
[5859.218s][debug][gc,phases      ] GC(238)   ObjectSynchronizer Weak        Min:  0.0, Avg:  0.0, Max:  0.0, Diff:  0.0, Sum:  0.0, Workers: 4
[5859.218s][debug][gc,phases      ] GC(238)     Dead                           Min: 0, Avg:  0.0, Max: 0, Diff: 0, Sum: 0, Workers: 4
[5859.218s][debug][gc,phases      ] GC(238)     Total                          Min: 0, Avg:  0.8, Max: 3, Diff: 3, Sum: 3, Workers: 4
[5859.218s][debug][gc,phases      ] GC(238)   JVMTI Tag Weak OopStorage      Min:  0.0, Avg:  0.0, Max:  0.0, Diff:  0.0, Sum:  0.0, Workers: 4
[5859.218s][debug][gc,phases      ] GC(238)     Dead                           Min: 0, Avg:  0.0, Max: 0, Diff: 0, Sum: 0, Workers: 4
[5859.218s][debug][gc,phases      ] GC(238)     Total                          Min: 0, Avg:  0.0, Max: 0, Diff: 0, Sum: 0, Workers: 4
[5859.218s][debug][gc,phases      ] GC(238)   StringTable Weak               Min:  0.1, Avg:  0.1, Max:  0.1, Diff:  0.0, Sum:  0.5, Workers: 4
[5859.218s][debug][gc,phases      ] GC(238)     Dead                           Min: 0, Avg:  0.0, Max: 0, Diff: 0, Sum: 0, Workers: 4
[5859.218s][debug][gc,phases      ] GC(238)     Total                          Min: 10240, Avg: 12078.0, Max: 13184, Diff: 2944, Sum: 48312, Workers: 4
[5859.218s][debug][gc,phases      ] GC(238)   ResolvedMethodTable Weak       Min:  0.0, Avg:  0.0, Max:  0.0, Diff:  0.0, Sum:  0.2, Workers: 4
[5859.218s][debug][gc,phases      ] GC(238)     Dead                           Min: 0, Avg:  4.0, Max: 16, Diff: 16, Sum: 16, Workers: 4
[5859.218s][debug][gc,phases      ] GC(238)     Total                          Min: 3851, Avg: 4011.5, Max: 4170, Diff: 319, Sum: 16046, Workers: 4
[5859.218s][debug][gc,phases      ] GC(238)   JNI Weak                       Min:  0.0, Avg:  0.0, Max:  0.0, Diff:  0.0, Sum:  0.0, Workers: 4
[5859.218s][debug][gc,phases      ] GC(238)     Dead                           Min: 0, Avg:  0.0, Max: 0, Diff: 0, Sum: 0, Workers: 4
[5859.218s][debug][gc,phases      ] GC(238)     Total                          Min: 0, Avg: 13.0, Max: 48, Diff: 48, Sum: 52, Workers: 4
[5859.218s][debug][gc,phases      ] GC(238)   StringDedup Table Weak         Min:  0.0, Avg:  0.0, Max:  0.0, Diff:  0.0, Sum:  0.0, Workers: 4
[5859.218s][debug][gc,phases      ] GC(238)     Dead                           Min: 0, Avg:  0.0, Max: 0, Diff: 0, Sum: 0, Workers: 4
[5859.218s][debug][gc,phases      ] GC(238)     Total                          Min: 0, Avg:  0.0, Max: 0, Diff: 0, Sum: 0, Workers: 4
[5859.218s][debug][gc,phases      ] GC(238)   StringDedup Requests0 Weak     Min:  0.0, Avg:  0.0, Max:  0.0, Diff:  0.0, Sum:  0.0, Workers: 4
[5859.218s][debug][gc,phases      ] GC(238)     Dead                           Min: 0, Avg:  0.0, Max: 0, Diff: 0, Sum: 0, Workers: 4
[5859.218s][debug][gc,phases      ] GC(238)     Total                          Min: 0, Avg:  0.0, Max: 0, Diff: 0, Sum: 0, Workers: 4
[5859.218s][debug][gc,phases      ] GC(238)   StringDedup Requests1 Weak     Min:  0.0, Avg:  0.0, Max:  0.0, Diff:  0.0, Sum:  0.0, Workers: 4
[5859.218s][debug][gc,phases      ] GC(238)     Dead                           Min: 0, Avg:  0.0, Max: 0, Diff: 0, Sum: 0, Workers: 4
[5859.218s][debug][gc,phases      ] GC(238)     Total                          Min: 0, Avg:  0.0, Max: 0, Diff: 0, Sum: 0, Workers: 4
[5859.218s][debug][gc,phases      ] GC(238)   Weak JFR Old Object Samples    Min:  0.0, Avg:  0.0, Max:  0.0, Diff:  0.0, Sum:  0.0, Workers: 4
[5859.218s][debug][gc,phases      ] GC(238)     Dead                           Min: 0, Avg:  0.0, Max: 0, Diff: 0, Sum: 0, Workers: 4
[5859.218s][debug][gc,phases      ] GC(238)     Total                          Min: 0, Avg:  0.0, Max: 0, Diff: 0, Sum: 0, Workers: 4
[5859.218s][debug][gc,phases      ] GC(238) Weak Processing 0.427ms
[5859.218s][debug][gc,age         ] GC(238) Desired survivor size 7340032 bytes, new threshold 1 (max threshold 15)
[5859.218s][info ][gc,heap        ] GC(238) PSYoungGen: 2087472K(2088960K)->5200K(2089984K) Eden: 2082816K(2082816K)->0K(2082816K) From: 4656K(6144K)->5200K(7168K)
[5859.218s][info ][gc,heap        ] GC(238) ParOldGen: 621909K(622080K)->622705K(623104K)
[5859.218s][info ][gc,metaspace   ] GC(238) Metaspace: 113030K(114432K)->113030K(114432K) NonClass: 96283K(97088K)->96283K(97088K) Class: 16747K(17344K)->16747K(17344K)
[5859.218s][info ][gc             ] GC(238) Pause Young (Allocation Failure) 2645M->613M(2649M) 5.521ms
[5859.218s][info ][gc,cpu         ] GC(238) User=0.02s Sys=0.00s Real=0.00s
[5859.218s][info ][safepoint      ] Safepoint "ParallelGCFailedAllocation", Time since last: 1548142072 ns, Reaching safepoint: 9800 ns, Cleanup: 6300 ns, At safepoint: 5607166 ns, Total: 5623266 ns
[5882.220s][info ][safepoint      ] Safepoint "Cleanup", Time since last: 23001853241 ns, Reaching safepoint: 9300 ns, Cleanup: 13501 ns, At safepoint: 18800 ns, Total: 41601 ns
[5883.953s][info ][gc,start       ] GC(239) Pause Young (Allocation Failure)
[5883.961s][debug][gc,phases      ] GC(239) Scavenge 7.435ms
[5883.961s][debug][gc,ref         ] GC(239) ReferenceProcessor::execute queues: 1, RefProcThreadModel::Single, marks_oops_alive: false
[5883.961s][debug][gc,ref         ] GC(239) Skipped KeepAliveFinalRefsPhase of Reference Processing: no references
[5883.961s][debug][gc,ref         ] GC(239) Skipped PhantomRefsPhase of Reference Processing: no references
[5883.961s][debug][gc,phases      ] GC(239) Reference Processing 0.116ms
[5883.961s][debug][gc,phases      ] GC(239)   VM Weak                        Min:  0.0, Avg:  0.0, Max:  0.0, Diff:  0.0, Sum:  0.0, Workers: 4
[5883.961s][debug][gc,phases      ] GC(239)     Dead                           Min: 0, Avg:  0.0, Max: 0, Diff: 0, Sum: 0, Workers: 4
[5883.961s][debug][gc,phases      ] GC(239)     Total                          Min: 0, Avg: 261.5, Max: 640, Diff: 640, Sum: 1046, Workers: 4
[5883.961s][debug][gc,phases      ] GC(239)   ObjectSynchronizer Weak        Min:  0.0, Avg:  0.0, Max:  0.0, Diff:  0.0, Sum:  0.0, Workers: 4
[5883.961s][debug][gc,phases      ] GC(239)     Dead                           Min: 0, Avg:  0.0, Max: 0, Diff: 0, Sum: 0, Workers: 4
[5883.961s][debug][gc,phases      ] GC(239)     Total                          Min: 0, Avg:  0.8, Max: 3, Diff: 3, Sum: 3, Workers: 4
[5883.961s][debug][gc,phases      ] GC(239)   JVMTI Tag Weak OopStorage      Min:  0.0, Avg:  0.0, Max:  0.0, Diff:  0.0, Sum:  0.0, Workers: 4
[5883.961s][debug][gc,phases      ] GC(239)     Dead                           Min: 0, Avg:  0.0, Max: 0, Diff: 0, Sum: 0, Workers: 4
[5883.961s][debug][gc,phases      ] GC(239)     Total                          Min: 0, Avg:  0.0, Max: 0, Diff: 0, Sum: 0, Workers: 4
[5883.962s][debug][gc,phases      ] GC(239)   StringTable Weak               Min:  0.0, Avg:  0.1, Max:  0.2, Diff:  0.2, Sum:  0.5, Workers: 4
[5883.962s][debug][gc,phases      ] GC(239)     Dead                           Min: 0, Avg:  0.0, Max: 0, Diff: 0, Sum: 0, Workers: 4
[5883.962s][debug][gc,phases      ] GC(239)     Total                          Min: 0, Avg: 12078.0, Max: 17208, Diff: 17208, Sum: 48312, Workers: 4
[5883.962s][debug][gc,phases      ] GC(239)   ResolvedMethodTable Weak       Min:  0.0, Avg:  0.0, Max:  0.1, Diff:  0.1, Sum:  0.2, Workers: 4
[5883.962s][debug][gc,phases      ] GC(239)     Dead                           Min: 0, Avg:  4.0, Max: 16, Diff: 16, Sum: 16, Workers: 4
[5883.962s][debug][gc,phases      ] GC(239)     Total                          Min: 0, Avg: 4011.5, Max: 5915, Diff: 5915, Sum: 16046, Workers: 4
[5883.962s][debug][gc,phases      ] GC(239)   JNI Weak                       Min:  0.0, Avg:  0.0, Max:  0.0, Diff:  0.0, Sum:  0.0, Workers: 4
[5883.962s][debug][gc,phases      ] GC(239)     Dead                           Min: 0, Avg:  0.0, Max: 0, Diff: 0, Sum: 0, Workers: 4
[5883.962s][debug][gc,phases      ] GC(239)     Total                          Min: 0, Avg: 13.0, Max: 48, Diff: 48, Sum: 52, Workers: 4
[5883.962s][debug][gc,phases      ] GC(239)   StringDedup Table Weak         Min:  0.0, Avg:  0.0, Max:  0.0, Diff:  0.0, Sum:  0.0, Workers: 4
[5883.962s][debug][gc,phases      ] GC(239)     Dead                           Min: 0, Avg:  0.0, Max: 0, Diff: 0, Sum: 0, Workers: 4
[5883.962s][debug][gc,phases      ] GC(239)     Total                          Min: 0, Avg:  0.0, Max: 0, Diff: 0, Sum: 0, Workers: 4
[5883.962s][debug][gc,phases      ] GC(239)   StringDedup Requests0 Weak     Min:  0.0, Avg:  0.0, Max:  0.0, Diff:  0.0, Sum:  0.0, Workers: 4
[5883.962s][debug][gc,phases      ] GC(239)     Dead                           Min: 0, Avg:  0.0, Max: 0, Diff: 0, Sum: 0, Workers: 4
[5883.962s][debug][gc,phases      ] GC(239)     Total                          Min: 0, Avg:  0.0, Max: 0, Diff: 0, Sum: 0, Workers: 4
[5883.962s][debug][gc,phases      ] GC(239)   StringDedup Requests1 Weak     Min:  0.0, Avg:  0.0, Max:  0.0, Diff:  0.0, Sum:  0.0, Workers: 4
[5883.962s][debug][gc,phases      ] GC(239)     Dead                           Min: 0, Avg:  0.0, Max: 0, Diff: 0, Sum: 0, Workers: 4
[5883.962s][debug][gc,phases      ] GC(239)     Total                          Min: 0, Avg:  0.0, Max: 0, Diff: 0, Sum: 0, Workers: 4
[5883.962s][debug][gc,phases      ] GC(239)   Weak JFR Old Object Samples    Min:  0.0, Avg:  0.0, Max:  0.0, Diff:  0.0, Sum:  0.0, Workers: 4
[5883.962s][debug][gc,phases      ] GC(239)     Dead                           Min: 0, Avg:  0.0, Max: 0, Diff: 0, Sum: 0, Workers: 4
[5883.962s][debug][gc,phases      ] GC(239)     Total                          Min: 0, Avg:  0.0, Max: 0, Diff: 0, Sum: 0, Workers: 4
[5883.962s][debug][gc,phases      ] GC(239) Weak Processing 0.478ms
[5883.962s][debug][gc,age         ] GC(239) Desired survivor size 7340032 bytes, new threshold 1 (max threshold 15)
[5883.962s][info ][gc,heap        ] GC(239) PSYoungGen: 2088016K(2089984K)->5063K(2089984K) Eden: 2082816K(2082816K)->0K(2082816K) From: 5200K(7168K)->5063K(7168K)
[5883.962s][info ][gc,heap        ] GC(239) ParOldGen: 622705K(623104K)->623869K(624128K)
[5883.962s][info ][gc,metaspace   ] GC(239) Metaspace: 113030K(114432K)->113030K(114432K) NonClass: 96283K(97088K)->96283K(97088K) Class: 16747K(17344K)->16747K(17344K)
[5883.962s][info ][gc             ] GC(239) Pause Young (Allocation Failure) 2647M->614M(2650M) 8.176ms
[5883.962s][info ][gc,cpu         ] GC(239) User=0.02s Sys=0.00s Real=0.00s
[5883.962s][info ][safepoint      ] Safepoint "ParallelGCFailedAllocation", Time since last: 1733002284 ns, Reaching safepoint: 83703 ns, Cleanup: 5700 ns, At safepoint: 8274152 ns, Total: 8363555 ns
[5908.940s][info ][gc,start       ] GC(240) Pause Young (Allocation Failure)
[5908.945s][debug][gc,phases      ] GC(240) Scavenge 4.853ms
[5908.946s][debug][gc,ref         ] GC(240) ReferenceProcessor::execute queues: 1, RefProcThreadModel::Single, marks_oops_alive: false
[5908.946s][debug][gc,ref         ] GC(240) Skipped KeepAliveFinalRefsPhase of Reference Processing: no references
[5908.946s][debug][gc,ref         ] GC(240) Skipped PhantomRefsPhase of Reference Processing: no references
[5908.946s][debug][gc,phases      ] GC(240) Reference Processing 0.123ms
[5908.948s][debug][gc,phases      ] GC(240)   VM Weak                        Min:  0.0, Avg:  0.0, Max:  0.0, Diff:  0.0, Sum:  0.0, Workers: 4
[5908.948s][debug][gc,phases      ] GC(240)     Dead                           Min: 0, Avg:  0.0, Max: 0, Diff: 0, Sum: 0, Workers: 4
[5908.948s][debug][gc,phases      ] GC(240)     Total                          Min: 0, Avg: 261.5, Max: 918, Diff: 918, Sum: 1046, Workers: 4
[5908.948s][debug][gc,phases      ] GC(240)   ObjectSynchronizer Weak        Min:  0.0, Avg:  0.0, Max:  0.0, Diff:  0.0, Sum:  0.0, Workers: 4
[5908.948s][debug][gc,phases      ] GC(240)     Dead                           Min: 0, Avg:  0.0, Max: 0, Diff: 0, Sum: 0, Workers: 4
[5908.948s][debug][gc,phases      ] GC(240)     Total                          Min: 0, Avg:  0.8, Max: 3, Diff: 3, Sum: 3, Workers: 4
[5908.948s][debug][gc,phases      ] GC(240)   JVMTI Tag Weak OopStorage      Min:  0.0, Avg:  0.0, Max:  0.0, Diff:  0.0, Sum:  0.0, Workers: 4
[5908.948s][debug][gc,phases      ] GC(240)     Dead                           Min: 0, Avg:  0.0, Max: 0, Diff: 0, Sum: 0, Workers: 4
[5908.948s][debug][gc,phases      ] GC(240)     Total                          Min: 0, Avg:  0.0, Max: 0, Diff: 0, Sum: 0, Workers: 4
[5908.948s][debug][gc,phases      ] GC(240)   StringTable Weak               Min:  0.0, Avg:  0.1, Max:  0.2, Diff:  0.2, Sum:  0.5, Workers: 4
[5908.948s][debug][gc,phases      ] GC(240)     Dead                           Min: 0, Avg:  0.0, Max: 0, Diff: 0, Sum: 0, Workers: 4
[5908.948s][debug][gc,phases      ] GC(240)     Total                          Min: 0, Avg: 12078.0, Max: 17592, Diff: 17592, Sum: 48312, Workers: 4
[5908.948s][debug][gc,phases      ] GC(240)   ResolvedMethodTable Weak       Min:  0.0, Avg:  0.0, Max:  0.1, Diff:  0.1, Sum:  0.2, Workers: 4
[5908.948s][debug][gc,phases      ] GC(240)     Dead                           Min: 0, Avg:  0.0, Max: 0, Diff: 0, Sum: 0, Workers: 4
[5908.948s][debug][gc,phases      ] GC(240)     Total                          Min: 0, Avg: 4011.5, Max: 6004, Diff: 6004, Sum: 16046, Workers: 4
[5908.948s][debug][gc,phases      ] GC(240)   JNI Weak                       Min:  0.0, Avg:  0.0, Max:  0.0, Diff:  0.0, Sum:  0.0, Workers: 4
[5908.948s][debug][gc,phases      ] GC(240)     Dead                           Min: 0, Avg:  0.0, Max: 0, Diff: 0, Sum: 0, Workers: 4
[5908.948s][debug][gc,phases      ] GC(240)     Total                          Min: 0, Avg: 13.0, Max: 48, Diff: 48, Sum: 52, Workers: 4
[5908.948s][debug][gc,phases      ] GC(240)   StringDedup Table Weak         Min:  0.0, Avg:  0.0, Max:  0.0, Diff:  0.0, Sum:  0.0, Workers: 4
[5908.948s][debug][gc,phases      ] GC(240)     Dead                           Min: 0, Avg:  0.0, Max: 0, Diff: 0, Sum: 0, Workers: 4
[5908.948s][debug][gc,phases      ] GC(240)     Total                          Min: 0, Avg:  0.0, Max: 0, Diff: 0, Sum: 0, Workers: 4
[5908.948s][debug][gc,phases      ] GC(240)   StringDedup Requests0 Weak     Min:  0.0, Avg:  0.0, Max:  0.0, Diff:  0.0, Sum:  0.0, Workers: 4
[5908.948s][debug][gc,phases      ] GC(240)     Dead                           Min: 0, Avg:  0.0, Max: 0, Diff: 0, Sum: 0, Workers: 4
[5908.948s][debug][gc,phases      ] GC(240)     Total                          Min: 0, Avg:  0.0, Max: 0, Diff: 0, Sum: 0, Workers: 4
[5908.948s][debug][gc,phases      ] GC(240)   StringDedup Requests1 Weak     Min:  0.0, Avg:  0.0, Max:  0.0, Diff:  0.0, Sum:  0.0, Workers: 4
[5908.948s][debug][gc,phases      ] GC(240)     Dead                           Min: 0, Avg:  0.0, Max: 0, Diff: 0, Sum: 0, Workers: 4
[5908.948s][debug][gc,phases      ] GC(240)     Total                          Min: 0, Avg:  0.0, Max: 0, Diff: 0, Sum: 0, Workers: 4
[5908.948s][debug][gc,phases      ] GC(240)   Weak JFR Old Object Samples    Min:  0.0, Avg:  0.0, Max:  0.0, Diff:  0.0, Sum:  0.0, Workers: 4
[5908.948s][debug][gc,phases      ] GC(240)     Dead                           Min: 0, Avg:  0.0, Max: 0, Diff: 0, Sum: 0, Workers: 4
[5908.948s][debug][gc,phases      ] GC(240)     Total                          Min: 0, Avg:  0.0, Max: 0, Diff: 0, Sum: 0, Workers: 4
[5908.948s][debug][gc,phases      ] GC(240) Weak Processing 2.230ms
[5908.948s][debug][gc,age         ] GC(240) Desired survivor size 6815744 bytes, new threshold 1 (max threshold 15)
[5908.948s][info ][gc,heap        ] GC(240) PSYoungGen: 2087879K(2089984K)->4912K(2089984K) Eden: 2082816K(2082816K)->0K(2082816K) From: 5063K(7168K)->4912K(7168K)
[5908.948s][info ][gc,heap        ] GC(240) ParOldGen: 623869K(624128K)->625005K(625152K)
[5908.948s][info ][gc,metaspace   ] GC(240) Metaspace: 113030K(114432K)->113030K(114432K) NonClass: 96283K(97088K)->96283K(97088K) Class: 16747K(17344K)->16747K(17344K)
[5908.948s][info ][gc             ] GC(240) Pause Young (Allocation Failure) 2648M->615M(2651M) 7.371ms
[5908.948s][info ][gc,cpu         ] GC(240) User=0.01s Sys=0.01s Real=0.01s
[5908.948s][info ][safepoint      ] Safepoint "ParallelGCFailedAllocation", Time since last: 24978620360 ns, Reaching safepoint: 80002 ns, Cleanup: 5201 ns, At safepoint: 7462625 ns, Total: 7547828 ns
[5933.891s][info ][gc,start       ] GC(241) Pause Young (Allocation Failure)
[5933.896s][debug][gc,phases      ] GC(241) Scavenge 4.382ms
[5933.896s][debug][gc,ref         ] GC(241) ReferenceProcessor::execute queues: 1, RefProcThreadModel::Single, marks_oops_alive: false
[5933.896s][debug][gc,ref         ] GC(241) Skipped KeepAliveFinalRefsPhase of Reference Processing: no references
[5933.896s][debug][gc,ref         ] GC(241) Skipped PhantomRefsPhase of Reference Processing: no references
[5933.896s][debug][gc,phases      ] GC(241) Reference Processing 0.121ms
[5933.896s][debug][gc,phases      ] GC(241)   VM Weak                        Min:  0.0, Avg:  0.0, Max:  0.0, Diff:  0.0, Sum:  0.0, Workers: 4
[5933.896s][debug][gc,phases      ] GC(241)     Dead                           Min: 0, Avg:  0.0, Max: 0, Diff: 0, Sum: 0, Workers: 4
[5933.896s][debug][gc,phases      ] GC(241)     Total                          Min: 0, Avg: 261.5, Max: 960, Diff: 960, Sum: 1046, Workers: 4
[5933.896s][debug][gc,phases      ] GC(241)   ObjectSynchronizer Weak        Min:  0.0, Avg:  0.0, Max:  0.0, Diff:  0.0, Sum:  0.0, Workers: 4
[5933.896s][debug][gc,phases      ] GC(241)     Dead                           Min: 0, Avg:  0.0, Max: 0, Diff: 0, Sum: 0, Workers: 4
[5933.896s][debug][gc,phases      ] GC(241)     Total                          Min: 0, Avg:  0.8, Max: 3, Diff: 3, Sum: 3, Workers: 4
[5933.896s][debug][gc,phases      ] GC(241)   JVMTI Tag Weak OopStorage      Min:  0.0, Avg:  0.0, Max:  0.0, Diff:  0.0, Sum:  0.0, Workers: 4
[5933.896s][debug][gc,phases      ] GC(241)     Dead                           Min: 0, Avg:  0.0, Max: 0, Diff: 0, Sum: 0, Workers: 4
[5933.896s][debug][gc,phases      ] GC(241)     Total                          Min: 0, Avg:  0.0, Max: 0, Diff: 0, Sum: 0, Workers: 4
[5933.896s][debug][gc,phases      ] GC(241)   StringTable Weak               Min:  0.0, Avg:  0.1, Max:  0.2, Diff:  0.2, Sum:  0.5, Workers: 4
[5933.896s][debug][gc,phases      ] GC(241)     Dead                           Min: 0, Avg:  0.0, Max: 0, Diff: 0, Sum: 0, Workers: 4
[5933.896s][debug][gc,phases      ] GC(241)     Total                          Min: 0, Avg: 12078.0, Max: 20032, Diff: 20032, Sum: 48312, Workers: 4
[5933.896s][debug][gc,phases      ] GC(241)   ResolvedMethodTable Weak       Min:  0.0, Avg:  0.0, Max:  0.1, Diff:  0.1, Sum:  0.2, Workers: 4
[5933.896s][debug][gc,phases      ] GC(241)     Dead                           Min: 0, Avg:  4.0, Max: 16, Diff: 16, Sum: 16, Workers: 4
[5933.896s][debug][gc,phases      ] GC(241)     Total                          Min: 0, Avg: 4011.5, Max: 5814, Diff: 5814, Sum: 16046, Workers: 4
[5933.896s][debug][gc,phases      ] GC(241)   JNI Weak                       Min:  0.0, Avg:  0.0, Max:  0.0, Diff:  0.0, Sum:  0.0, Workers: 4
[5933.896s][debug][gc,phases      ] GC(241)     Dead                           Min: 0, Avg:  0.0, Max: 0, Diff: 0, Sum: 0, Workers: 4
[5933.897s][debug][gc,phases      ] GC(241)     Total                          Min: 0, Avg: 13.0, Max: 48, Diff: 48, Sum: 52, Workers: 4
[5933.897s][debug][gc,phases      ] GC(241)   StringDedup Table Weak         Min:  0.0, Avg:  0.0, Max:  0.0, Diff:  0.0, Sum:  0.0, Workers: 4
[5933.897s][debug][gc,phases      ] GC(241)     Dead                           Min: 0, Avg:  0.0, Max: 0, Diff: 0, Sum: 0, Workers: 4
[5933.897s][debug][gc,phases      ] GC(241)     Total                          Min: 0, Avg:  0.0, Max: 0, Diff: 0, Sum: 0, Workers: 4
[5933.897s][debug][gc,phases      ] GC(241)   StringDedup Requests0 Weak     Min:  0.0, Avg:  0.0, Max:  0.0, Diff:  0.0, Sum:  0.0, Workers: 4
[5933.897s][debug][gc,phases      ] GC(241)     Dead                           Min: 0, Avg:  0.0, Max: 0, Diff: 0, Sum: 0, Workers: 4
[5933.897s][debug][gc,phases      ] GC(241)     Total                          Min: 0, Avg:  0.0, Max: 0, Diff: 0, Sum: 0, Workers: 4
[5933.897s][debug][gc,phases      ] GC(241)   StringDedup Requests1 Weak     Min:  0.0, Avg:  0.0, Max:  0.0, Diff:  0.0, Sum:  0.0, Workers: 4
[5933.897s][debug][gc,phases      ] GC(241)     Dead                           Min: 0, Avg:  0.0, Max: 0, Diff: 0, Sum: 0, Workers: 4
[5933.897s][debug][gc,phases      ] GC(241)     Total                          Min: 0, Avg:  0.0, Max: 0, Diff: 0, Sum: 0, Workers: 4
[5933.897s][debug][gc,phases      ] GC(241)   Weak JFR Old Object Samples    Min:  0.0, Avg:  0.0, Max:  0.0, Diff:  0.0, Sum:  0.0, Workers: 4
[5933.897s][debug][gc,phases      ] GC(241)     Dead                           Min: 0, Avg:  0.0, Max: 0, Diff: 0, Sum: 0, Workers: 4
[5933.897s][debug][gc,phases      ] GC(241)     Total                          Min: 0, Avg:  0.0, Max: 0, Diff: 0, Sum: 0, Workers: 4
[5933.897s][debug][gc,phases      ] GC(241) Weak Processing 0.497ms
[5933.897s][debug][gc,age         ] GC(241) Desired survivor size 6815744 bytes, new threshold 1 (max threshold 15)
[5933.897s][info ][gc,heap        ] GC(241) PSYoungGen: 2087728K(2089984K)->5168K(2090496K) Eden: 2082816K(2082816K)->0K(2083840K) From: 4912K(7168K)->5168K(6656K)
[5933.897s][info ][gc,heap        ] GC(241) ParOldGen: 625005K(625152K)->625765K(626176K)
[5933.897s][info ][gc,metaspace   ] GC(241) Metaspace: 113030K(114432K)->113030K(114432K) NonClass: 96283K(97088K)->96283K(97088K) Class: 16747K(17344K)->16747K(17344K)
[5933.897s][info ][gc             ] GC(241) Pause Young (Allocation Failure) 2649M->616M(2653M) 5.142ms
[5933.897s][info ][gc,cpu         ] GC(241) User=0.01s Sys=0.00s Real=0.01s
[5933.897s][info ][safepoint      ] Safepoint "ParallelGCFailedAllocation", Time since last: 24943510765 ns, Reaching safepoint: 7901 ns, Cleanup: 5300 ns, At safepoint: 5254258 ns, Total: 5267459 ns
[5958.896s][info ][gc,start       ] GC(242) Pause Young (Allocation Failure)
[5958.904s][debug][gc,phases      ] GC(242) Scavenge 7.312ms
[5958.904s][debug][gc,ref         ] GC(242) ReferenceProcessor::execute queues: 1, RefProcThreadModel::Single, marks_oops_alive: false
[5958.904s][debug][gc,ref         ] GC(242) Skipped KeepAliveFinalRefsPhase of Reference Processing: no references
[5958.904s][debug][gc,ref         ] GC(242) Skipped PhantomRefsPhase of Reference Processing: no references
[5958.904s][debug][gc,phases      ] GC(242) Reference Processing 0.159ms
[5958.905s][debug][gc,phases      ] GC(242)   VM Weak                        Min:  0.0, Avg:  0.0, Max:  0.0, Diff:  0.0, Sum:  0.0, Workers: 4
[5958.905s][debug][gc,phases      ] GC(242)     Dead                           Min: 0, Avg:  0.0, Max: 0, Diff: 0, Sum: 0, Workers: 4
[5958.905s][debug][gc,phases      ] GC(242)     Total                          Min: 0, Avg: 261.5, Max: 1046, Diff: 1046, Sum: 1046, Workers: 4
[5958.905s][debug][gc,phases      ] GC(242)   ObjectSynchronizer Weak        Min:  0.0, Avg:  0.0, Max:  0.0, Diff:  0.0, Sum:  0.0, Workers: 4
[5958.905s][debug][gc,phases      ] GC(242)     Dead                           Min: 0, Avg:  0.0, Max: 0, Diff: 0, Sum: 0, Workers: 4
[5958.905s][debug][gc,phases      ] GC(242)     Total                          Min: 0, Avg:  0.8, Max: 3, Diff: 3, Sum: 3, Workers: 4
[5958.905s][debug][gc,phases      ] GC(242)   JVMTI Tag Weak OopStorage      Min:  0.0, Avg:  0.0, Max:  0.0, Diff:  0.0, Sum:  0.0, Workers: 4
[5958.905s][debug][gc,phases      ] GC(242)     Dead                           Min: 0, Avg:  0.0, Max: 0, Diff: 0, Sum: 0, Workers: 4
[5958.905s][debug][gc,phases      ] GC(242)     Total                          Min: 0, Avg:  0.0, Max: 0, Diff: 0, Sum: 0, Workers: 4
[5958.905s][debug][gc,phases      ] GC(242)   StringTable Weak               Min:  0.0, Avg:  0.1, Max:  0.4, Diff:  0.4, Sum:  0.6, Workers: 4
[5958.905s][debug][gc,phases      ] GC(242)     Dead                           Min: 0, Avg:  0.0, Max: 0, Diff: 0, Sum: 0, Workers: 4
[5958.905s][debug][gc,phases      ] GC(242)     Total                          Min: 0, Avg: 12078.0, Max: 33976, Diff: 33976, Sum: 48312, Workers: 4
[5958.905s][debug][gc,phases      ] GC(242)   ResolvedMethodTable Weak       Min:  0.0, Avg:  0.0, Max:  0.1, Diff:  0.1, Sum:  0.2, Workers: 4
[5958.905s][debug][gc,phases      ] GC(242)     Dead                           Min: 0, Avg:  0.0, Max: 0, Diff: 0, Sum: 0, Workers: 4
[5958.905s][debug][gc,phases      ] GC(242)     Total                          Min: 0, Avg: 4011.5, Max: 8249, Diff: 8249, Sum: 16046, Workers: 4
[5958.905s][debug][gc,phases      ] GC(242)   JNI Weak                       Min:  0.0, Avg:  0.0, Max:  0.0, Diff:  0.0, Sum:  0.0, Workers: 4
[5958.905s][debug][gc,phases      ] GC(242)     Dead                           Min: 0, Avg:  0.0, Max: 0, Diff: 0, Sum: 0, Workers: 4
[5958.905s][debug][gc,phases      ] GC(242)     Total                          Min: 0, Avg: 13.0, Max: 48, Diff: 48, Sum: 52, Workers: 4
[5958.905s][debug][gc,phases      ] GC(242)   StringDedup Table Weak         Min:  0.0, Avg:  0.0, Max:  0.0, Diff:  0.0, Sum:  0.0, Workers: 4
[5958.905s][debug][gc,phases      ] GC(242)     Dead                           Min: 0, Avg:  0.0, Max: 0, Diff: 0, Sum: 0, Workers: 4
[5958.905s][debug][gc,phases      ] GC(242)     Total                          Min: 0, Avg:  0.0, Max: 0, Diff: 0, Sum: 0, Workers: 4
[5958.905s][debug][gc,phases      ] GC(242)   StringDedup Requests0 Weak     Min:  0.0, Avg:  0.0, Max:  0.0, Diff:  0.0, Sum:  0.0, Workers: 4
[5958.905s][debug][gc,phases      ] GC(242)     Dead                           Min: 0, Avg:  0.0, Max: 0, Diff: 0, Sum: 0, Workers: 4
[5958.905s][debug][gc,phases      ] GC(242)     Total                          Min: 0, Avg:  0.0, Max: 0, Diff: 0, Sum: 0, Workers: 4
[5958.905s][debug][gc,phases      ] GC(242)   StringDedup Requests1 Weak     Min:  0.0, Avg:  0.0, Max:  0.0, Diff:  0.0, Sum:  0.0, Workers: 4
[5958.905s][debug][gc,phases      ] GC(242)     Dead                           Min: 0, Avg:  0.0, Max: 0, Diff: 0, Sum: 0, Workers: 4
[5958.905s][debug][gc,phases      ] GC(242)     Total                          Min: 0, Avg:  0.0, Max: 0, Diff: 0, Sum: 0, Workers: 4
[5958.905s][debug][gc,phases      ] GC(242)   Weak JFR Old Object Samples    Min:  0.0, Avg:  0.0, Max:  0.0, Diff:  0.0, Sum:  0.0, Workers: 4
[5958.905s][debug][gc,phases      ] GC(242)     Dead                           Min: 0, Avg:  0.0, Max: 0, Diff: 0, Sum: 0, Workers: 4
[5958.905s][debug][gc,phases      ] GC(242)     Total                          Min: 0, Avg:  0.0, Max: 0, Diff: 0, Sum: 0, Workers: 4
[5958.905s][debug][gc,phases      ] GC(242) Weak Processing 0.774ms
[5958.905s][debug][gc,age         ] GC(242) Desired survivor size 6815744 bytes, new threshold 1 (max threshold 15)
[5958.905s][info ][gc,heap        ] GC(242) PSYoungGen: 2089008K(2090496K)->4864K(2090496K) Eden: 2083840K(2083840K)->0K(2083840K) From: 5168K(6656K)->4864K(6656K)
[5958.905s][info ][gc,heap        ] GC(242) ParOldGen: 625765K(626176K)->627037K(627200K)
[5958.905s][info ][gc,metaspace   ] GC(242) Metaspace: 113031K(114432K)->113031K(114432K) NonClass: 96283K(97088K)->96283K(97088K) Class: 16747K(17344K)->16747K(17344K)
[5958.905s][info ][gc             ] GC(242) Pause Young (Allocation Failure) 2651M->617M(2654M) 8.425ms
[5958.905s][info ][gc,cpu         ] GC(242) User=0.02s Sys=0.01s Real=0.01s
[5958.905s][info ][safepoint      ] Safepoint "ParallelGCFailedAllocation", Time since last: 24999635523 ns, Reaching safepoint: 9800 ns, Cleanup: 5700 ns, At safepoint: 8556657 ns, Total: 8572157 ns
[5983.190s][info ][gc,start       ] GC(243) Pause Young (Allocation Failure)
[5983.194s][debug][gc,phases      ] GC(243) Scavenge 4.150ms
[5983.194s][debug][gc,ref         ] GC(243) ReferenceProcessor::execute queues: 1, RefProcThreadModel::Single, marks_oops_alive: false
[5983.194s][debug][gc,ref         ] GC(243) Skipped KeepAliveFinalRefsPhase of Reference Processing: no references
[5983.194s][debug][gc,ref         ] GC(243) Skipped PhantomRefsPhase of Reference Processing: no references
[5983.194s][debug][gc,phases      ] GC(243) Reference Processing 0.118ms
[5983.195s][debug][gc,phases      ] GC(243)   VM Weak                        Min:  0.0, Avg:  0.0, Max:  0.0, Diff:  0.0, Sum:  0.0, Workers: 4
[5983.195s][debug][gc,phases      ] GC(243)     Dead                           Min: 0, Avg:  0.0, Max: 0, Diff: 0, Sum: 0, Workers: 4
[5983.195s][debug][gc,phases      ] GC(243)     Total                          Min: 128, Avg: 261.5, Max: 576, Diff: 448, Sum: 1046, Workers: 4
[5983.195s][debug][gc,phases      ] GC(243)   ObjectSynchronizer Weak        Min:  0.0, Avg:  0.0, Max:  0.0, Diff:  0.0, Sum:  0.0, Workers: 4
[5983.195s][debug][gc,phases      ] GC(243)     Dead                           Min: 0, Avg:  0.0, Max: 0, Diff: 0, Sum: 0, Workers: 4
[5983.195s][debug][gc,phases      ] GC(243)     Total                          Min: 0, Avg:  0.8, Max: 3, Diff: 3, Sum: 3, Workers: 4
[5983.195s][debug][gc,phases      ] GC(243)   JVMTI Tag Weak OopStorage      Min:  0.0, Avg:  0.0, Max:  0.0, Diff:  0.0, Sum:  0.0, Workers: 4
[5983.195s][debug][gc,phases      ] GC(243)     Dead                           Min: 0, Avg:  0.0, Max: 0, Diff: 0, Sum: 0, Workers: 4
[5983.195s][debug][gc,phases      ] GC(243)     Total                          Min: 0, Avg:  0.0, Max: 0, Diff: 0, Sum: 0, Workers: 4
[5983.195s][debug][gc,phases      ] GC(243)   StringTable Weak               Min:  0.1, Avg:  0.1, Max:  0.1, Diff:  0.0, Sum:  0.5, Workers: 4
[5983.195s][debug][gc,phases      ] GC(243)     Dead                           Min: 0, Avg:  0.0, Max: 0, Diff: 0, Sum: 0, Workers: 4
[5983.195s][debug][gc,phases      ] GC(243)     Total                          Min: 11584, Avg: 12078.0, Max: 12608, Diff: 1024, Sum: 48312, Workers: 4
[5983.195s][debug][gc,phases      ] GC(243)   ResolvedMethodTable Weak       Min:  0.0, Avg:  0.0, Max:  0.0, Diff:  0.0, Sum:  0.2, Workers: 4
[5983.195s][debug][gc,phases      ] GC(243)     Dead                           Min: 0, Avg:  4.0, Max: 16, Diff: 16, Sum: 16, Workers: 4
[5983.195s][debug][gc,phases      ] GC(243)     Total                          Min: 3816, Avg: 4011.5, Max: 4138, Diff: 322, Sum: 16046, Workers: 4
[5983.195s][debug][gc,phases      ] GC(243)   JNI Weak                       Min:  0.0, Avg:  0.0, Max:  0.0, Diff:  0.0, Sum:  0.0, Workers: 4
[5983.195s][debug][gc,phases      ] GC(243)     Dead                           Min: 0, Avg:  0.0, Max: 0, Diff: 0, Sum: 0, Workers: 4
[5983.195s][debug][gc,phases      ] GC(243)     Total                          Min: 0, Avg: 13.0, Max: 48, Diff: 48, Sum: 52, Workers: 4
[5983.195s][debug][gc,phases      ] GC(243)   StringDedup Table Weak         Min:  0.0, Avg:  0.0, Max:  0.0, Diff:  0.0, Sum:  0.0, Workers: 4
[5983.195s][debug][gc,phases      ] GC(243)     Dead                           Min: 0, Avg:  0.0, Max: 0, Diff: 0, Sum: 0, Workers: 4
[5983.195s][debug][gc,phases      ] GC(243)     Total                          Min: 0, Avg:  0.0, Max: 0, Diff: 0, Sum: 0, Workers: 4
[5983.195s][debug][gc,phases      ] GC(243)   StringDedup Requests0 Weak     Min:  0.0, Avg:  0.0, Max:  0.0, Diff:  0.0, Sum:  0.0, Workers: 4
[5983.195s][debug][gc,phases      ] GC(243)     Dead                           Min: 0, Avg:  0.0, Max: 0, Diff: 0, Sum: 0, Workers: 4
[5983.195s][debug][gc,phases      ] GC(243)     Total                          Min: 0, Avg:  0.0, Max: 0, Diff: 0, Sum: 0, Workers: 4
[5983.195s][debug][gc,phases      ] GC(243)   StringDedup Requests1 Weak     Min:  0.0, Avg:  0.0, Max:  0.0, Diff:  0.0, Sum:  0.0, Workers: 4
[5983.195s][debug][gc,phases      ] GC(243)     Dead                           Min: 0, Avg:  0.0, Max: 0, Diff: 0, Sum: 0, Workers: 4
[5983.195s][debug][gc,phases      ] GC(243)     Total                          Min: 0, Avg:  0.0, Max: 0, Diff: 0, Sum: 0, Workers: 4
[5983.195s][debug][gc,phases      ] GC(243)   Weak JFR Old Object Samples    Min:  0.0, Avg:  0.0, Max:  0.0, Diff:  0.0, Sum:  0.0, Workers: 4
[5983.195s][debug][gc,phases      ] GC(243)     Dead                           Min: 0, Avg:  0.0, Max: 0, Diff: 0, Sum: 0, Workers: 4
[5983.195s][debug][gc,phases      ] GC(243)     Total                          Min: 0, Avg:  0.0, Max: 0, Diff: 0, Sum: 0, Workers: 4
[5983.195s][debug][gc,phases      ] GC(243) Weak Processing 0.413ms
[5983.195s][debug][gc,age         ] GC(243) Desired survivor size 6815744 bytes, new threshold 1 (max threshold 15)
[5983.195s][info ][gc,heap        ] GC(243) PSYoungGen: 2088704K(2090496K)->4880K(2090496K) Eden: 2083840K(2083840K)->0K(2083840K) From: 4864K(6656K)->4880K(6656K)
[5983.195s][info ][gc,heap        ] GC(243) ParOldGen: 627037K(627200K)->627885K(628224K)
[5983.195s][info ][gc,metaspace   ] GC(243) Metaspace: 113031K(114432K)->113031K(114432K) NonClass: 96283K(97088K)->96283K(97088K) Class: 16747K(17344K)->16747K(17344K)
[5983.195s][info ][gc             ] GC(243) Pause Young (Allocation Failure) 2652M->617M(2655M) 4.833ms
[5983.195s][info ][gc,cpu         ] GC(243) User=0.02s Sys=0.00s Real=0.01s
[5983.195s][info ][safepoint      ] Safepoint "ParallelGCFailedAllocation", Time since last: 24284996422 ns, Reaching safepoint: 85302 ns, Cleanup: 5000 ns, At safepoint: 4919248 ns, Total: 5009550 ns
[6007.847s][info ][gc,start       ] GC(244) Pause Young (Allocation Failure)
[6007.854s][debug][gc,phases      ] GC(244) Scavenge 6.760ms
[6007.854s][debug][gc,ref         ] GC(244) ReferenceProcessor::execute queues: 1, RefProcThreadModel::Single, marks_oops_alive: false
[6007.854s][debug][gc,ref         ] GC(244) Skipped KeepAliveFinalRefsPhase of Reference Processing: no references
[6007.854s][debug][gc,ref         ] GC(244) Skipped PhantomRefsPhase of Reference Processing: no references
[6007.854s][debug][gc,phases      ] GC(244) Reference Processing 0.147ms
[6007.854s][debug][gc,phases      ] GC(244)   VM Weak                        Min:  0.0, Avg:  0.0, Max:  0.0, Diff:  0.0, Sum:  0.0, Workers: 4
[6007.854s][debug][gc,phases      ] GC(244)     Dead                           Min: 0, Avg:  0.0, Max: 0, Diff: 0, Sum: 0, Workers: 4
[6007.854s][debug][gc,phases      ] GC(244)     Total                          Min: 0, Avg: 261.5, Max: 534, Diff: 534, Sum: 1046, Workers: 4
[6007.854s][debug][gc,phases      ] GC(244)   ObjectSynchronizer Weak        Min:  0.0, Avg:  0.0, Max:  0.0, Diff:  0.0, Sum:  0.0, Workers: 4
[6007.854s][debug][gc,phases      ] GC(244)     Dead                           Min: 0, Avg:  0.0, Max: 0, Diff: 0, Sum: 0, Workers: 4
[6007.854s][debug][gc,phases      ] GC(244)     Total                          Min: 0, Avg:  0.8, Max: 3, Diff: 3, Sum: 3, Workers: 4
[6007.854s][debug][gc,phases      ] GC(244)   JVMTI Tag Weak OopStorage      Min:  0.0, Avg:  0.0, Max:  0.0, Diff:  0.0, Sum:  0.0, Workers: 4
[6007.854s][debug][gc,phases      ] GC(244)     Dead                           Min: 0, Avg:  0.0, Max: 0, Diff: 0, Sum: 0, Workers: 4
[6007.854s][debug][gc,phases      ] GC(244)     Total                          Min: 0, Avg:  0.0, Max: 0, Diff: 0, Sum: 0, Workers: 4
[6007.854s][debug][gc,phases      ] GC(244)   StringTable Weak               Min:  0.0, Avg:  0.1, Max:  0.2, Diff:  0.2, Sum:  0.5, Workers: 4
[6007.854s][debug][gc,phases      ] GC(244)     Dead                           Min: 0, Avg:  0.0, Max: 0, Diff: 0, Sum: 0, Workers: 4
[6007.854s][debug][gc,phases      ] GC(244)     Total                          Min: 0, Avg: 12078.0, Max: 16504, Diff: 16504, Sum: 48312, Workers: 4
[6007.854s][debug][gc,phases      ] GC(244)   ResolvedMethodTable Weak       Min:  0.0, Avg:  0.0, Max:  0.1, Diff:  0.1, Sum:  0.2, Workers: 4
[6007.854s][debug][gc,phases      ] GC(244)     Dead                           Min: 0, Avg:  0.0, Max: 0, Diff: 0, Sum: 0, Workers: 4
[6007.854s][debug][gc,phases      ] GC(244)     Total                          Min: 0, Avg: 4011.5, Max: 5591, Diff: 5591, Sum: 16046, Workers: 4
[6007.854s][debug][gc,phases      ] GC(244)   JNI Weak                       Min:  0.0, Avg:  0.0, Max:  0.0, Diff:  0.0, Sum:  0.0, Workers: 4
[6007.854s][debug][gc,phases      ] GC(244)     Dead                           Min: 0, Avg:  0.0, Max: 0, Diff: 0, Sum: 0, Workers: 4
[6007.854s][debug][gc,phases      ] GC(244)     Total                          Min: 0, Avg: 13.0, Max: 48, Diff: 48, Sum: 52, Workers: 4
[6007.854s][debug][gc,phases      ] GC(244)   StringDedup Table Weak         Min:  0.0, Avg:  0.0, Max:  0.0, Diff:  0.0, Sum:  0.0, Workers: 4
[6007.854s][debug][gc,phases      ] GC(244)     Dead                           Min: 0, Avg:  0.0, Max: 0, Diff: 0, Sum: 0, Workers: 4
[6007.854s][debug][gc,phases      ] GC(244)     Total                          Min: 0, Avg:  0.0, Max: 0, Diff: 0, Sum: 0, Workers: 4
[6007.854s][debug][gc,phases      ] GC(244)   StringDedup Requests0 Weak     Min:  0.0, Avg:  0.0, Max:  0.0, Diff:  0.0, Sum:  0.0, Workers: 4
[6007.855s][debug][gc,phases      ] GC(244)     Dead                           Min: 0, Avg:  0.0, Max: 0, Diff: 0, Sum: 0, Workers: 4
[6007.855s][debug][gc,phases      ] GC(244)     Total                          Min: 0, Avg:  0.0, Max: 0, Diff: 0, Sum: 0, Workers: 4
[6007.855s][debug][gc,phases      ] GC(244)   StringDedup Requests1 Weak     Min:  0.0, Avg:  0.0, Max:  0.0, Diff:  0.0, Sum:  0.0, Workers: 4
[6007.855s][debug][gc,phases      ] GC(244)     Dead                           Min: 0, Avg:  0.0, Max: 0, Diff: 0, Sum: 0, Workers: 4
[6007.855s][debug][gc,phases      ] GC(244)     Total                          Min: 0, Avg:  0.0, Max: 0, Diff: 0, Sum: 0, Workers: 4
[6007.855s][debug][gc,phases      ] GC(244)   Weak JFR Old Object Samples    Min:  0.0, Avg:  0.0, Max:  0.0, Diff:  0.0, Sum:  0.0, Workers: 4
[6007.855s][debug][gc,phases      ] GC(244)     Dead                           Min: 0, Avg:  0.0, Max: 0, Diff: 0, Sum: 0, Workers: 4
[6007.855s][debug][gc,phases      ] GC(244)     Total                          Min: 0, Avg:  0.0, Max: 0, Diff: 0, Sum: 0, Workers: 4
[6007.855s][debug][gc,phases      ] GC(244) Weak Processing 0.538ms
[6007.855s][debug][gc,age         ] GC(244) Desired survivor size 6815744 bytes, new threshold 1 (max threshold 15)
[6007.855s][info ][gc,heap        ] GC(244) PSYoungGen: 2088720K(2090496K)->4896K(2090496K) Eden: 2083840K(2083840K)->0K(2083840K) From: 4880K(6656K)->4896K(6656K)
[6007.855s][info ][gc,heap        ] GC(244) ParOldGen: 627885K(628224K)->628857K(629248K)
[6007.855s][info ][gc,metaspace   ] GC(244) Metaspace: 113031K(114432K)->113031K(114432K) NonClass: 96283K(97088K)->96283K(97088K) Class: 16747K(17344K)->16747K(17344K)
[6007.855s][info ][gc             ] GC(244) Pause Young (Allocation Failure) 2652M->618M(2656M) 7.625ms
[6007.855s][info ][gc,cpu         ] GC(244) User=0.01s Sys=0.01s Real=0.01s
[6007.855s][info ][safepoint      ] Safepoint "ParallelGCFailedAllocation", Time since last: 24652036448 ns, Reaching safepoint: 10100 ns, Cleanup: 5901 ns, At safepoint: 7763730 ns, Total: 7779731 ns
[6022.856s][info ][safepoint      ] Safepoint "Cleanup", Time since last: 15001316246 ns, Reaching safepoint: 9900 ns, Cleanup: 19401 ns, At safepoint: 2900 ns, Total: 32201 ns
[6024.856s][info ][safepoint      ] Safepoint "Cleanup", Time since last: 2000218164 ns, Reaching safepoint: 10700 ns, Cleanup: 13601 ns, At safepoint: 2900 ns, Total: 27201 ns
[6031.662s][info ][gc,start       ] GC(245) Pause Young (Allocation Failure)
[6031.667s][debug][gc,phases      ] GC(245) Scavenge 4.973ms
[6031.667s][debug][gc,ref         ] GC(245) ReferenceProcessor::execute queues: 1, RefProcThreadModel::Single, marks_oops_alive: false
[6031.667s][debug][gc,ref         ] GC(245) Skipped KeepAliveFinalRefsPhase of Reference Processing: no references
[6031.667s][debug][gc,ref         ] GC(245) ReferenceProcessor::execute queues: 1, RefProcThreadModel::Single, marks_oops_alive: false
[6031.667s][debug][gc,phases      ] GC(245) Reference Processing 0.123ms
[6031.667s][debug][gc,phases      ] GC(245)   VM Weak                        Min:  0.0, Avg:  0.0, Max:  0.0, Diff:  0.0, Sum:  0.0, Workers: 4
[6031.667s][debug][gc,phases      ] GC(245)     Dead                           Min: 0, Avg:  0.0, Max: 0, Diff: 0, Sum: 0, Workers: 4
[6031.667s][debug][gc,phases      ] GC(245)     Total                          Min: 0, Avg: 261.5, Max: 768, Diff: 768, Sum: 1046, Workers: 4
[6031.667s][debug][gc,phases      ] GC(245)   ObjectSynchronizer Weak        Min:  0.0, Avg:  0.0, Max:  0.0, Diff:  0.0, Sum:  0.0, Workers: 4
[6031.667s][debug][gc,phases      ] GC(245)     Dead                           Min: 0, Avg:  0.0, Max: 0, Diff: 0, Sum: 0, Workers: 4
[6031.667s][debug][gc,phases      ] GC(245)     Total                          Min: 0, Avg:  1.0, Max: 4, Diff: 4, Sum: 4, Workers: 4
[6031.667s][debug][gc,phases      ] GC(245)   JVMTI Tag Weak OopStorage      Min:  0.0, Avg:  0.0, Max:  0.0, Diff:  0.0, Sum:  0.0, Workers: 4
[6031.667s][debug][gc,phases      ] GC(245)     Dead                           Min: 0, Avg:  0.0, Max: 0, Diff: 0, Sum: 0, Workers: 4
[6031.667s][debug][gc,phases      ] GC(245)     Total                          Min: 0, Avg:  0.0, Max: 0, Diff: 0, Sum: 0, Workers: 4
[6031.667s][debug][gc,phases      ] GC(245)   StringTable Weak               Min:  0.0, Avg:  0.1, Max:  0.1, Diff:  0.1, Sum:  0.4, Workers: 4
[6031.667s][debug][gc,phases      ] GC(245)     Dead                           Min: 0, Avg:  0.0, Max: 0, Diff: 0, Sum: 0, Workers: 4
[6031.667s][debug][gc,phases      ] GC(245)     Total                          Min: 0, Avg: 12078.0, Max: 17656, Diff: 17656, Sum: 48312, Workers: 4
[6031.667s][debug][gc,phases      ] GC(245)   ResolvedMethodTable Weak       Min:  0.0, Avg:  0.0, Max:  0.1, Diff:  0.1, Sum:  0.1, Workers: 4
[6031.667s][debug][gc,phases      ] GC(245)     Dead                           Min: 0, Avg:  4.0, Max: 16, Diff: 16, Sum: 16, Workers: 4
[6031.667s][debug][gc,phases      ] GC(245)     Total                          Min: 0, Avg: 4011.5, Max: 5915, Diff: 5915, Sum: 16046, Workers: 4
[6031.667s][debug][gc,phases      ] GC(245)   JNI Weak                       Min:  0.0, Avg:  0.0, Max:  0.0, Diff:  0.0, Sum:  0.0, Workers: 4
[6031.667s][debug][gc,phases      ] GC(245)     Dead                           Min: 0, Avg:  0.0, Max: 0, Diff: 0, Sum: 0, Workers: 4
[6031.667s][debug][gc,phases      ] GC(245)     Total                          Min: 0, Avg: 13.0, Max: 48, Diff: 48, Sum: 52, Workers: 4
[6031.667s][debug][gc,phases      ] GC(245)   StringDedup Table Weak         Min:  0.0, Avg:  0.0, Max:  0.0, Diff:  0.0, Sum:  0.0, Workers: 4
[6031.667s][debug][gc,phases      ] GC(245)     Dead                           Min: 0, Avg:  0.0, Max: 0, Diff: 0, Sum: 0, Workers: 4
[6031.667s][debug][gc,phases      ] GC(245)     Total                          Min: 0, Avg:  0.0, Max: 0, Diff: 0, Sum: 0, Workers: 4
[6031.667s][debug][gc,phases      ] GC(245)   StringDedup Requests0 Weak     Min:  0.0, Avg:  0.0, Max:  0.0, Diff:  0.0, Sum:  0.0, Workers: 4
[6031.667s][debug][gc,phases      ] GC(245)     Dead                           Min: 0, Avg:  0.0, Max: 0, Diff: 0, Sum: 0, Workers: 4
[6031.667s][debug][gc,phases      ] GC(245)     Total                          Min: 0, Avg:  0.0, Max: 0, Diff: 0, Sum: 0, Workers: 4
[6031.667s][debug][gc,phases      ] GC(245)   StringDedup Requests1 Weak     Min:  0.0, Avg:  0.0, Max:  0.0, Diff:  0.0, Sum:  0.0, Workers: 4
[6031.667s][debug][gc,phases      ] GC(245)     Dead                           Min: 0, Avg:  0.0, Max: 0, Diff: 0, Sum: 0, Workers: 4
[6031.667s][debug][gc,phases      ] GC(245)     Total                          Min: 0, Avg:  0.0, Max: 0, Diff: 0, Sum: 0, Workers: 4
[6031.667s][debug][gc,phases      ] GC(245)   Weak JFR Old Object Samples    Min:  0.0, Avg:  0.0, Max:  0.0, Diff:  0.0, Sum:  0.0, Workers: 4
[6031.667s][debug][gc,phases      ] GC(245)     Dead                           Min: 0, Avg:  0.0, Max: 0, Diff: 0, Sum: 0, Workers: 4
[6031.667s][debug][gc,phases      ] GC(245)     Total                          Min: 0, Avg:  0.0, Max: 0, Diff: 0, Sum: 0, Workers: 4
[6031.667s][debug][gc,phases      ] GC(245) Weak Processing 0.445ms
[6031.667s][debug][gc,age         ] GC(245) Desired survivor size 6815744 bytes, new threshold 1 (max threshold 15)
[6031.667s][info ][gc,heap        ] GC(245) PSYoungGen: 2088736K(2090496K)->5728K(2090496K) Eden: 2083840K(2083840K)->0K(2083840K) From: 4896K(6656K)->5728K(6656K)
[6031.668s][info ][gc,heap        ] GC(245) ParOldGen: 628857K(629248K)->629633K(629760K)
[6031.668s][info ][gc,metaspace   ] GC(245) Metaspace: 113033K(114432K)->113033K(114432K) NonClass: 96285K(97088K)->96285K(97088K) Class: 16747K(17344K)->16747K(17344K)
[6031.668s][info ][gc             ] GC(245) Pause Young (Allocation Failure) 2653M->620M(2656M) 5.693ms
[6031.668s][info ][gc,cpu         ] GC(245) User=0.02s Sys=0.00s Real=0.01s
[6031.668s][info ][safepoint      ] Safepoint "ParallelGCFailedAllocation", Time since last: 6805482089 ns, Reaching safepoint: 9600 ns, Cleanup: 5300 ns, At safepoint: 5780575 ns, Total: 5795475 ns
[6055.497s][info ][gc,start       ] GC(246) Pause Young (Allocation Failure)
[6055.506s][debug][gc,phases      ] GC(246) Scavenge 9.084ms
[6055.507s][debug][gc,ref         ] GC(246) Skipped SoftWeakFinalRefsPhase of Reference Processing: no references
[6055.507s][debug][gc,ref         ] GC(246) Skipped KeepAliveFinalRefsPhase of Reference Processing: no references
[6055.507s][debug][gc,ref         ] GC(246) ReferenceProcessor::execute queues: 1, RefProcThreadModel::Single, marks_oops_alive: false
[6055.507s][debug][gc,phases      ] GC(246) Reference Processing 0.149ms
[6055.507s][debug][gc,phases      ] GC(246)   VM Weak                        Min:  0.0, Avg:  0.0, Max:  0.0, Diff:  0.0, Sum:  0.0, Workers: 4
[6055.507s][debug][gc,phases      ] GC(246)     Dead                           Min: 0, Avg:  0.0, Max: 0, Diff: 0, Sum: 0, Workers: 4
[6055.507s][debug][gc,phases      ] GC(246)     Total                          Min: 0, Avg: 261.5, Max: 704, Diff: 704, Sum: 1046, Workers: 4
[6055.507s][debug][gc,phases      ] GC(246)   ObjectSynchronizer Weak        Min:  0.0, Avg:  0.0, Max:  0.0, Diff:  0.0, Sum:  0.0, Workers: 4
[6055.507s][debug][gc,phases      ] GC(246)     Dead                           Min: 0, Avg:  0.0, Max: 0, Diff: 0, Sum: 0, Workers: 4
[6055.507s][debug][gc,phases      ] GC(246)     Total                          Min: 0, Avg:  1.0, Max: 4, Diff: 4, Sum: 4, Workers: 4
[6055.507s][debug][gc,phases      ] GC(246)   JVMTI Tag Weak OopStorage      Min:  0.0, Avg:  0.0, Max:  0.0, Diff:  0.0, Sum:  0.0, Workers: 4
[6055.507s][debug][gc,phases      ] GC(246)     Dead                           Min: 0, Avg:  0.0, Max: 0, Diff: 0, Sum: 0, Workers: 4
[6055.507s][debug][gc,phases      ] GC(246)     Total                          Min: 0, Avg:  0.0, Max: 0, Diff: 0, Sum: 0, Workers: 4
[6055.507s][debug][gc,phases      ] GC(246)   StringTable Weak               Min:  0.0, Avg:  0.1, Max:  0.2, Diff:  0.2, Sum:  0.5, Workers: 4
[6055.507s][debug][gc,phases      ] GC(246)     Dead                           Min: 0, Avg:  0.0, Max: 0, Diff: 0, Sum: 0, Workers: 4
[6055.507s][debug][gc,phases      ] GC(246)     Total                          Min: 0, Avg: 12078.0, Max: 24576, Diff: 24576, Sum: 48312, Workers: 4
[6055.507s][debug][gc,phases      ] GC(246)   ResolvedMethodTable Weak       Min:  0.0, Avg:  0.0, Max:  0.1, Diff:  0.1, Sum:  0.2, Workers: 4
[6055.507s][debug][gc,phases      ] GC(246)     Dead                           Min: 0, Avg:  4.0, Max: 16, Diff: 16, Sum: 16, Workers: 4
[6055.507s][debug][gc,phases      ] GC(246)     Total                          Min: 0, Avg: 4011.5, Max: 8099, Diff: 8099, Sum: 16046, Workers: 4
[6055.507s][debug][gc,phases      ] GC(246)   JNI Weak                       Min:  0.0, Avg:  0.0, Max:  0.0, Diff:  0.0, Sum:  0.0, Workers: 4
[6055.507s][debug][gc,phases      ] GC(246)     Dead                           Min: 0, Avg:  0.0, Max: 0, Diff: 0, Sum: 0, Workers: 4
[6055.507s][debug][gc,phases      ] GC(246)     Total                          Min: 0, Avg: 13.0, Max: 48, Diff: 48, Sum: 52, Workers: 4
[6055.507s][debug][gc,phases      ] GC(246)   StringDedup Table Weak         Min:  0.0, Avg:  0.0, Max:  0.0, Diff:  0.0, Sum:  0.0, Workers: 4
[6055.507s][debug][gc,phases      ] GC(246)     Dead                           Min: 0, Avg:  0.0, Max: 0, Diff: 0, Sum: 0, Workers: 4
[6055.507s][debug][gc,phases      ] GC(246)     Total                          Min: 0, Avg:  0.0, Max: 0, Diff: 0, Sum: 0, Workers: 4
[6055.507s][debug][gc,phases      ] GC(246)   StringDedup Requests0 Weak     Min:  0.0, Avg:  0.0, Max:  0.0, Diff:  0.0, Sum:  0.0, Workers: 4
[6055.507s][debug][gc,phases      ] GC(246)     Dead                           Min: 0, Avg:  0.0, Max: 0, Diff: 0, Sum: 0, Workers: 4
[6055.507s][debug][gc,phases      ] GC(246)     Total                          Min: 0, Avg:  0.0, Max: 0, Diff: 0, Sum: 0, Workers: 4
[6055.507s][debug][gc,phases      ] GC(246)   StringDedup Requests1 Weak     Min:  0.0, Avg:  0.0, Max:  0.0, Diff:  0.0, Sum:  0.0, Workers: 4
[6055.507s][debug][gc,phases      ] GC(246)     Dead                           Min: 0, Avg:  0.0, Max: 0, Diff: 0, Sum: 0, Workers: 4
[6055.507s][debug][gc,phases      ] GC(246)     Total                          Min: 0, Avg:  0.0, Max: 0, Diff: 0, Sum: 0, Workers: 4
[6055.507s][debug][gc,phases      ] GC(246)   Weak JFR Old Object Samples    Min:  0.0, Avg:  0.0, Max:  0.0, Diff:  0.0, Sum:  0.0, Workers: 4
[6055.507s][debug][gc,phases      ] GC(246)     Dead                           Min: 0, Avg:  0.0, Max: 0, Diff: 0, Sum: 0, Workers: 4
[6055.507s][debug][gc,phases      ] GC(246)     Total                          Min: 0, Avg:  0.0, Max: 0, Diff: 0, Sum: 0, Workers: 4
[6055.507s][debug][gc,phases      ] GC(246) Weak Processing 0.630ms
[6055.507s][debug][gc,age         ] GC(246) Desired survivor size 6815744 bytes, new threshold 1 (max threshold 15)
[6055.507s][info ][gc,heap        ] GC(246) PSYoungGen: 2089568K(2090496K)->4800K(2090496K) Eden: 2083840K(2083840K)->0K(2083840K) From: 5728K(6656K)->4800K(6656K)
[6055.507s][info ][gc,heap        ] GC(246) ParOldGen: 629633K(629760K)->631326K(631808K)
[6055.507s][info ][gc,metaspace   ] GC(246) Metaspace: 113033K(114432K)->113033K(114432K) NonClass: 96285K(97088K)->96285K(97088K) Class: 16747K(17344K)->16747K(17344K)
[6055.507s][info ][gc             ] GC(246) Pause Young (Allocation Failure) 2655M->621M(2658M) 10.080ms
[6055.507s][info ][gc,cpu         ] GC(246) User=0.02s Sys=0.00s Real=0.01s
[6055.507s][info ][safepoint      ] Safepoint "ParallelGCFailedAllocation", Time since last: 23829564150 ns, Reaching safepoint: 19101 ns, Cleanup: 8300 ns, At safepoint: 10256009 ns, Total: 10283410 ns
[6079.059s][info ][gc,start       ] GC(247) Pause Young (Allocation Failure)
[6079.066s][debug][gc,phases      ] GC(247) Scavenge 6.965ms
[6079.066s][debug][gc,ref         ] GC(247) ReferenceProcessor::execute queues: 1, RefProcThreadModel::Single, marks_oops_alive: false
[6079.066s][debug][gc,ref         ] GC(247) Skipped KeepAliveFinalRefsPhase of Reference Processing: no references
[6079.066s][debug][gc,ref         ] GC(247) Skipped PhantomRefsPhase of Reference Processing: no references
[6079.066s][debug][gc,phases      ] GC(247) Reference Processing 0.121ms
[6079.067s][debug][gc,phases      ] GC(247)   VM Weak                        Min:  0.0, Avg:  0.0, Max:  0.0, Diff:  0.0, Sum:  0.0, Workers: 4
[6079.067s][debug][gc,phases      ] GC(247)     Dead                           Min: 0, Avg:  0.0, Max: 0, Diff: 0, Sum: 0, Workers: 4
[6079.067s][debug][gc,phases      ] GC(247)     Total                          Min: 0, Avg: 261.5, Max: 960, Diff: 960, Sum: 1046, Workers: 4
[6079.067s][debug][gc,phases      ] GC(247)   ObjectSynchronizer Weak        Min:  0.0, Avg:  0.0, Max:  0.0, Diff:  0.0, Sum:  0.0, Workers: 4
[6079.067s][debug][gc,phases      ] GC(247)     Dead                           Min: 0, Avg:  0.0, Max: 0, Diff: 0, Sum: 0, Workers: 4
[6079.067s][debug][gc,phases      ] GC(247)     Total                          Min: 0, Avg:  1.0, Max: 4, Diff: 4, Sum: 4, Workers: 4
[6079.067s][debug][gc,phases      ] GC(247)   JVMTI Tag Weak OopStorage      Min:  0.0, Avg:  0.0, Max:  0.0, Diff:  0.0, Sum:  0.0, Workers: 4
[6079.067s][debug][gc,phases      ] GC(247)     Dead                           Min: 0, Avg:  0.0, Max: 0, Diff: 0, Sum: 0, Workers: 4
[6079.067s][debug][gc,phases      ] GC(247)     Total                          Min: 0, Avg:  0.0, Max: 0, Diff: 0, Sum: 0, Workers: 4
[6079.067s][debug][gc,phases      ] GC(247)   StringTable Weak               Min:  0.0, Avg:  0.1, Max:  0.2, Diff:  0.2, Sum:  0.5, Workers: 4
[6079.067s][debug][gc,phases      ] GC(247)     Dead                           Min: 0, Avg:  0.0, Max: 0, Diff: 0, Sum: 0, Workers: 4
[6079.067s][debug][gc,phases      ] GC(247)     Total                          Min: 0, Avg: 12078.0, Max: 17856, Diff: 17856, Sum: 48312, Workers: 4
[6079.067s][debug][gc,phases      ] GC(247)   ResolvedMethodTable Weak       Min:  0.0, Avg:  0.0, Max:  0.1, Diff:  0.1, Sum:  0.2, Workers: 4
[6079.067s][debug][gc,phases      ] GC(247)     Dead                           Min: 0, Avg:  0.0, Max: 0, Diff: 0, Sum: 0, Workers: 4
[6079.067s][debug][gc,phases      ] GC(247)     Total                          Min: 0, Avg: 4011.5, Max: 5558, Diff: 5558, Sum: 16046, Workers: 4
[6079.067s][debug][gc,phases      ] GC(247)   JNI Weak                       Min:  0.0, Avg:  0.0, Max:  0.0, Diff:  0.0, Sum:  0.0, Workers: 4
[6079.067s][debug][gc,phases      ] GC(247)     Dead                           Min: 0, Avg:  0.0, Max: 0, Diff: 0, Sum: 0, Workers: 4
[6079.067s][debug][gc,phases      ] GC(247)     Total                          Min: 0, Avg: 13.0, Max: 48, Diff: 48, Sum: 52, Workers: 4
[6079.067s][debug][gc,phases      ] GC(247)   StringDedup Table Weak         Min:  0.0, Avg:  0.0, Max:  0.0, Diff:  0.0, Sum:  0.0, Workers: 4
[6079.067s][debug][gc,phases      ] GC(247)     Dead                           Min: 0, Avg:  0.0, Max: 0, Diff: 0, Sum: 0, Workers: 4
[6079.067s][debug][gc,phases      ] GC(247)     Total                          Min: 0, Avg:  0.0, Max: 0, Diff: 0, Sum: 0, Workers: 4
[6079.067s][debug][gc,phases      ] GC(247)   StringDedup Requests0 Weak     Min:  0.0, Avg:  0.0, Max:  0.0, Diff:  0.0, Sum:  0.0, Workers: 4
[6079.067s][debug][gc,phases      ] GC(247)     Dead                           Min: 0, Avg:  0.0, Max: 0, Diff: 0, Sum: 0, Workers: 4
[6079.067s][debug][gc,phases      ] GC(247)     Total                          Min: 0, Avg:  0.0, Max: 0, Diff: 0, Sum: 0, Workers: 4
[6079.067s][debug][gc,phases      ] GC(247)   StringDedup Requests1 Weak     Min:  0.0, Avg:  0.0, Max:  0.0, Diff:  0.0, Sum:  0.0, Workers: 4
[6079.067s][debug][gc,phases      ] GC(247)     Dead                           Min: 0, Avg:  0.0, Max: 0, Diff: 0, Sum: 0, Workers: 4
[6079.067s][debug][gc,phases      ] GC(247)     Total                          Min: 0, Avg:  0.0, Max: 0, Diff: 0, Sum: 0, Workers: 4
[6079.067s][debug][gc,phases      ] GC(247)   Weak JFR Old Object Samples    Min:  0.0, Avg:  0.0, Max:  0.0, Diff:  0.0, Sum:  0.0, Workers: 4
[6079.067s][debug][gc,phases      ] GC(247)     Dead                           Min: 0, Avg:  0.0, Max: 0, Diff: 0, Sum: 0, Workers: 4
[6079.067s][debug][gc,phases      ] GC(247)     Total                          Min: 0, Avg:  0.0, Max: 0, Diff: 0, Sum: 0, Workers: 4
[6079.067s][debug][gc,phases      ] GC(247) Weak Processing 0.470ms
[6079.067s][debug][gc,age         ] GC(247) Desired survivor size 6815744 bytes, new threshold 1 (max threshold 15)
[6079.067s][info ][gc,heap        ] GC(247) PSYoungGen: 2088640K(2090496K)->5536K(2090496K) Eden: 2083840K(2083840K)->0K(2083840K) From: 4800K(6656K)->5536K(6656K)
[6079.067s][info ][gc,heap        ] GC(247) ParOldGen: 631326K(631808K)->631890K(632320K)
[6079.067s][info ][gc,metaspace   ] GC(247) Metaspace: 113034K(114432K)->113034K(114432K) NonClass: 96286K(97088K)->96286K(97088K) Class: 16747K(17344K)->16747K(17344K)
[6079.067s][info ][gc             ] GC(247) Pause Young (Allocation Failure) 2656M->622M(2659M) 7.717ms
[6079.067s][info ][gc,cpu         ] GC(247) User=0.02s Sys=0.00s Real=0.01s
[6079.067s][info ][safepoint      ] Safepoint "ParallelGCFailedAllocation", Time since last: 23551549930 ns, Reaching safepoint: 10600 ns, Cleanup: 6000 ns, At safepoint: 7840682 ns, Total: 7857282 ns
[6080.067s][info ][safepoint      ] Safepoint "Cleanup", Time since last: 1000100087 ns, Reaching safepoint: 10301 ns, Cleanup: 13200 ns, At safepoint: 2700 ns, Total: 26201 ns
[6086.068s][info ][safepoint      ] Safepoint "Cleanup", Time since last: 6000532882 ns, Reaching safepoint: 9000 ns, Cleanup: 9901 ns, At safepoint: 2800 ns, Total: 21701 ns
[6104.600s][info ][gc,start       ] GC(248) Pause Young (Allocation Failure)
[6104.608s][debug][gc,phases      ] GC(248) Scavenge 8.204ms
[6104.609s][debug][gc,ref         ] GC(248) ReferenceProcessor::execute queues: 1, RefProcThreadModel::Single, marks_oops_alive: false
[6104.609s][debug][gc,ref         ] GC(248) Skipped KeepAliveFinalRefsPhase of Reference Processing: no references
[6104.609s][debug][gc,ref         ] GC(248) Skipped PhantomRefsPhase of Reference Processing: no references
[6104.609s][debug][gc,phases      ] GC(248) Reference Processing 0.156ms
[6104.609s][debug][gc,phases      ] GC(248)   VM Weak                        Min:  0.0, Avg:  0.0, Max:  0.0, Diff:  0.0, Sum:  0.0, Workers: 4
[6104.609s][debug][gc,phases      ] GC(248)     Dead                           Min: 0, Avg:  0.0, Max: 0, Diff: 0, Sum: 0, Workers: 4
[6104.609s][debug][gc,phases      ] GC(248)     Total                          Min: 0, Avg: 261.5, Max: 598, Diff: 598, Sum: 1046, Workers: 4
[6104.609s][debug][gc,phases      ] GC(248)   ObjectSynchronizer Weak        Min:  0.0, Avg:  0.0, Max:  0.0, Diff:  0.0, Sum:  0.0, Workers: 4
[6104.609s][debug][gc,phases      ] GC(248)     Dead                           Min: 0, Avg:  0.0, Max: 0, Diff: 0, Sum: 0, Workers: 4
[6104.609s][debug][gc,phases      ] GC(248)     Total                          Min: 0, Avg:  1.0, Max: 4, Diff: 4, Sum: 4, Workers: 4
[6104.609s][debug][gc,phases      ] GC(248)   JVMTI Tag Weak OopStorage      Min:  0.0, Avg:  0.0, Max:  0.0, Diff:  0.0, Sum:  0.0, Workers: 4
[6104.609s][debug][gc,phases      ] GC(248)     Dead                           Min: 0, Avg:  0.0, Max: 0, Diff: 0, Sum: 0, Workers: 4
[6104.609s][debug][gc,phases      ] GC(248)     Total                          Min: 0, Avg:  0.0, Max: 0, Diff: 0, Sum: 0, Workers: 4
[6104.609s][debug][gc,phases      ] GC(248)   StringTable Weak               Min:  0.0, Avg:  0.1, Max:  0.2, Diff:  0.2, Sum:  0.5, Workers: 4
[6104.609s][debug][gc,phases      ] GC(248)     Dead                           Min: 0, Avg:  0.0, Max: 0, Diff: 0, Sum: 0, Workers: 4
[6104.609s][debug][gc,phases      ] GC(248)     Total                          Min: 0, Avg: 12078.0, Max: 16320, Diff: 16320, Sum: 48312, Workers: 4
[6104.609s][debug][gc,phases      ] GC(248)   ResolvedMethodTable Weak       Min:  0.0, Avg:  0.0, Max:  0.1, Diff:  0.1, Sum:  0.2, Workers: 4
[6104.609s][debug][gc,phases      ] GC(248)     Dead                           Min: 0, Avg:  4.0, Max: 16, Diff: 16, Sum: 16, Workers: 4
[6104.609s][debug][gc,phases      ] GC(248)     Total                          Min: 0, Avg: 4011.5, Max: 5441, Diff: 5441, Sum: 16046, Workers: 4
[6104.609s][debug][gc,phases      ] GC(248)   JNI Weak                       Min:  0.0, Avg:  0.0, Max:  0.0, Diff:  0.0, Sum:  0.0, Workers: 4
[6104.609s][debug][gc,phases      ] GC(248)     Dead                           Min: 0, Avg:  0.0, Max: 0, Diff: 0, Sum: 0, Workers: 4
[6104.609s][debug][gc,phases      ] GC(248)     Total                          Min: 0, Avg: 13.0, Max: 48, Diff: 48, Sum: 52, Workers: 4
[6104.609s][debug][gc,phases      ] GC(248)   StringDedup Table Weak         Min:  0.0, Avg:  0.0, Max:  0.0, Diff:  0.0, Sum:  0.0, Workers: 4
[6104.609s][debug][gc,phases      ] GC(248)     Dead                           Min: 0, Avg:  0.0, Max: 0, Diff: 0, Sum: 0, Workers: 4
[6104.609s][debug][gc,phases      ] GC(248)     Total                          Min: 0, Avg:  0.0, Max: 0, Diff: 0, Sum: 0, Workers: 4
[6104.609s][debug][gc,phases      ] GC(248)   StringDedup Requests0 Weak     Min:  0.0, Avg:  0.0, Max:  0.0, Diff:  0.0, Sum:  0.0, Workers: 4
[6104.609s][debug][gc,phases      ] GC(248)     Dead                           Min: 0, Avg:  0.0, Max: 0, Diff: 0, Sum: 0, Workers: 4
[6104.609s][debug][gc,phases      ] GC(248)     Total                          Min: 0, Avg:  0.0, Max: 0, Diff: 0, Sum: 0, Workers: 4
[6104.609s][debug][gc,phases      ] GC(248)   StringDedup Requests1 Weak     Min:  0.0, Avg:  0.0, Max:  0.0, Diff:  0.0, Sum:  0.0, Workers: 4
[6104.609s][debug][gc,phases      ] GC(248)     Dead                           Min: 0, Avg:  0.0, Max: 0, Diff: 0, Sum: 0, Workers: 4
[6104.609s][debug][gc,phases      ] GC(248)     Total                          Min: 0, Avg:  0.0, Max: 0, Diff: 0, Sum: 0, Workers: 4
[6104.609s][debug][gc,phases      ] GC(248)   Weak JFR Old Object Samples    Min:  0.0, Avg:  0.0, Max:  0.0, Diff:  0.0, Sum:  0.0, Workers: 4
[6104.609s][debug][gc,phases      ] GC(248)     Dead                           Min: 0, Avg:  0.0, Max: 0, Diff: 0, Sum: 0, Workers: 4
[6104.609s][debug][gc,phases      ] GC(248)     Total                          Min: 0, Avg:  0.0, Max: 0, Diff: 0, Sum: 0, Workers: 4
[6104.609s][debug][gc,phases      ] GC(248) Weak Processing 0.558ms
[6104.609s][debug][gc,age         ] GC(248) Desired survivor size 6815744 bytes, new threshold 1 (max threshold 15)
[6104.609s][info ][gc,heap        ] GC(248) PSYoungGen: 2089376K(2090496K)->5312K(2090496K) Eden: 2083840K(2083840K)->0K(2083840K) From: 5536K(6656K)->5312K(6656K)
[6104.609s][info ][gc,heap        ] GC(248) ParOldGen: 631890K(632320K)->633230K(633344K)
[6104.609s][info ][gc,metaspace   ] GC(248) Metaspace: 113034K(114432K)->113034K(114432K) NonClass: 96286K(97088K)->96286K(97088K) Class: 16747K(17344K)->16747K(17344K)
[6104.609s][info ][gc             ] GC(248) Pause Young (Allocation Failure) 2657M->623M(2660M) 9.107ms
[6104.609s][info ][gc,cpu         ] GC(248) User=0.02s Sys=0.00s Real=0.01s
[6104.609s][info ][safepoint      ] Safepoint "ParallelGCFailedAllocation", Time since last: 18532526552 ns, Reaching safepoint: 10700 ns, Cleanup: 4901 ns, At safepoint: 9208915 ns, Total: 9224516 ns
[6115.610s][info ][safepoint      ] Safepoint "Cleanup", Time since last: 11000908920 ns, Reaching safepoint: 10000 ns, Cleanup: 13301 ns, At safepoint: 34101 ns, Total: 57402 ns
[6129.764s][info ][gc,start       ] GC(249) Pause Young (Allocation Failure)
[6129.770s][debug][gc,phases      ] GC(249) Scavenge 5.832ms
[6129.770s][debug][gc,ref         ] GC(249) ReferenceProcessor::execute queues: 1, RefProcThreadModel::Single, marks_oops_alive: false
[6129.770s][debug][gc,ref         ] GC(249) Skipped KeepAliveFinalRefsPhase of Reference Processing: no references
[6129.770s][debug][gc,ref         ] GC(249) Skipped PhantomRefsPhase of Reference Processing: no references
[6129.770s][debug][gc,phases      ] GC(249) Reference Processing 0.117ms
[6129.770s][debug][gc,phases      ] GC(249)   VM Weak                        Min:  0.0, Avg:  0.0, Max:  0.0, Diff:  0.0, Sum:  0.0, Workers: 4
[6129.770s][debug][gc,phases      ] GC(249)     Dead                           Min: 0, Avg:  0.0, Max: 0, Diff: 0, Sum: 0, Workers: 4
[6129.770s][debug][gc,phases      ] GC(249)     Total                          Min: 0, Avg: 261.5, Max: 790, Diff: 790, Sum: 1046, Workers: 4
[6129.771s][debug][gc,phases      ] GC(249)   ObjectSynchronizer Weak        Min:  0.0, Avg:  0.0, Max:  0.0, Diff:  0.0, Sum:  0.0, Workers: 4
[6129.771s][debug][gc,phases      ] GC(249)     Dead                           Min: 0, Avg:  0.0, Max: 0, Diff: 0, Sum: 0, Workers: 4
[6129.771s][debug][gc,phases      ] GC(249)     Total                          Min: 0, Avg:  1.0, Max: 4, Diff: 4, Sum: 4, Workers: 4
[6129.771s][debug][gc,phases      ] GC(249)   JVMTI Tag Weak OopStorage      Min:  0.0, Avg:  0.0, Max:  0.0, Diff:  0.0, Sum:  0.0, Workers: 4
[6129.771s][debug][gc,phases      ] GC(249)     Dead                           Min: 0, Avg:  0.0, Max: 0, Diff: 0, Sum: 0, Workers: 4
[6129.771s][debug][gc,phases      ] GC(249)     Total                          Min: 0, Avg:  0.0, Max: 0, Diff: 0, Sum: 0, Workers: 4
[6129.771s][debug][gc,phases      ] GC(249)   StringTable Weak               Min:  0.0, Avg:  0.1, Max:  0.2, Diff:  0.2, Sum:  0.5, Workers: 4
[6129.771s][debug][gc,phases      ] GC(249)     Dead                           Min: 0, Avg:  0.0, Max: 0, Diff: 0, Sum: 0, Workers: 4
[6129.771s][debug][gc,phases      ] GC(249)     Total                          Min: 0, Avg: 12078.0, Max: 16704, Diff: 16704, Sum: 48312, Workers: 4
[6129.771s][debug][gc,phases      ] GC(249)   ResolvedMethodTable Weak       Min:  0.0, Avg:  0.0, Max:  0.1, Diff:  0.1, Sum:  0.2, Workers: 4
[6129.771s][debug][gc,phases      ] GC(249)     Dead                           Min: 0, Avg:  4.0, Max: 16, Diff: 16, Sum: 16, Workers: 4
[6129.771s][debug][gc,phases      ] GC(249)     Total                          Min: 0, Avg: 4011.5, Max: 5686, Diff: 5686, Sum: 16046, Workers: 4
[6129.771s][debug][gc,phases      ] GC(249)   JNI Weak                       Min:  0.0, Avg:  0.0, Max:  0.0, Diff:  0.0, Sum:  0.0, Workers: 4
[6129.771s][debug][gc,phases      ] GC(249)     Dead                           Min: 0, Avg:  0.0, Max: 0, Diff: 0, Sum: 0, Workers: 4
[6129.771s][debug][gc,phases      ] GC(249)     Total                          Min: 0, Avg: 13.0, Max: 48, Diff: 48, Sum: 52, Workers: 4
[6129.771s][debug][gc,phases      ] GC(249)   StringDedup Table Weak         Min:  0.0, Avg:  0.0, Max:  0.0, Diff:  0.0, Sum:  0.0, Workers: 4
[6129.771s][debug][gc,phases      ] GC(249)     Dead                           Min: 0, Avg:  0.0, Max: 0, Diff: 0, Sum: 0, Workers: 4
[6129.771s][debug][gc,phases      ] GC(249)     Total                          Min: 0, Avg:  0.0, Max: 0, Diff: 0, Sum: 0, Workers: 4
[6129.771s][debug][gc,phases      ] GC(249)   StringDedup Requests0 Weak     Min:  0.0, Avg:  0.0, Max:  0.0, Diff:  0.0, Sum:  0.0, Workers: 4
[6129.771s][debug][gc,phases      ] GC(249)     Dead                           Min: 0, Avg:  0.0, Max: 0, Diff: 0, Sum: 0, Workers: 4
[6129.771s][debug][gc,phases      ] GC(249)     Total                          Min: 0, Avg:  0.0, Max: 0, Diff: 0, Sum: 0, Workers: 4
[6129.771s][debug][gc,phases      ] GC(249)   StringDedup Requests1 Weak     Min:  0.0, Avg:  0.0, Max:  0.0, Diff:  0.0, Sum:  0.0, Workers: 4
[6129.771s][debug][gc,phases      ] GC(249)     Dead                           Min: 0, Avg:  0.0, Max: 0, Diff: 0, Sum: 0, Workers: 4
[6129.771s][debug][gc,phases      ] GC(249)     Total                          Min: 0, Avg:  0.0, Max: 0, Diff: 0, Sum: 0, Workers: 4
[6129.771s][debug][gc,phases      ] GC(249)   Weak JFR Old Object Samples    Min:  0.0, Avg:  0.0, Max:  0.0, Diff:  0.0, Sum:  0.0, Workers: 4
[6129.771s][debug][gc,phases      ] GC(249)     Dead                           Min: 0, Avg:  0.0, Max: 0, Diff: 0, Sum: 0, Workers: 4
[6129.771s][debug][gc,phases      ] GC(249)     Total                          Min: 0, Avg:  0.0, Max: 0, Diff: 0, Sum: 0, Workers: 4
[6129.771s][debug][gc,phases      ] GC(249) Weak Processing 0.479ms
[6129.771s][debug][gc,age         ] GC(249) Desired survivor size 6815744 bytes, new threshold 1 (max threshold 15)
[6129.771s][info ][gc,heap        ] GC(249) PSYoungGen: 2089152K(2090496K)->5696K(2090496K) Eden: 2083840K(2083840K)->0K(2083840K) From: 5312K(6656K)->5696K(6656K)
[6129.771s][info ][gc,heap        ] GC(249) ParOldGen: 633230K(633344K)->634310K(634368K)
[6129.771s][info ][gc,metaspace   ] GC(249) Metaspace: 113034K(114432K)->113034K(114432K) NonClass: 96286K(97088K)->96286K(97088K) Class: 16747K(17344K)->16747K(17344K)
[6129.771s][info ][gc             ] GC(249) Pause Young (Allocation Failure) 2658M->625M(2661M) 6.592ms
[6129.771s][info ][gc,cpu         ] GC(249) User=0.02s Sys=0.00s Real=0.00s
[6129.771s][info ][safepoint      ] Safepoint "ParallelGCFailedAllocation", Time since last: 14153849067 ns, Reaching safepoint: 10900 ns, Cleanup: 5400 ns, At safepoint: 6680127 ns, Total: 6696427 ns
[6130.771s][info ][safepoint      ] Safepoint "Cleanup", Time since last: 1000108362 ns, Reaching safepoint: 12200 ns, Cleanup: 15401 ns, At safepoint: 2900 ns, Total: 30501 ns
[6154.773s][info ][safepoint      ] Safepoint "Cleanup", Time since last: 24001993526 ns, Reaching safepoint: 7300 ns, Cleanup: 10200 ns, At safepoint: 2500 ns, Total: 20000 ns
[6154.790s][info ][gc,start       ] GC(250) Pause Young (Allocation Failure)
[6154.796s][debug][gc,phases      ] GC(250) Scavenge 5.614ms
[6154.796s][debug][gc,ref         ] GC(250) ReferenceProcessor::execute queues: 1, RefProcThreadModel::Single, marks_oops_alive: false
[6154.796s][debug][gc,ref         ] GC(250) Skipped KeepAliveFinalRefsPhase of Reference Processing: no references
[6154.796s][debug][gc,ref         ] GC(250) Skipped PhantomRefsPhase of Reference Processing: no references
[6154.796s][debug][gc,phases      ] GC(250) Reference Processing 0.142ms
[6154.797s][debug][gc,phases      ] GC(250)   VM Weak                        Min:  0.0, Avg:  0.0, Max:  0.0, Diff:  0.0, Sum:  0.0, Workers: 4
[6154.797s][debug][gc,phases      ] GC(250)     Dead                           Min: 0, Avg:  0.0, Max: 0, Diff: 0, Sum: 0, Workers: 4
[6154.797s][debug][gc,phases      ] GC(250)     Total                          Min: 0, Avg: 261.5, Max: 640, Diff: 640, Sum: 1046, Workers: 4
[6154.797s][debug][gc,phases      ] GC(250)   ObjectSynchronizer Weak        Min:  0.0, Avg:  0.0, Max:  0.0, Diff:  0.0, Sum:  0.0, Workers: 4
[6154.797s][debug][gc,phases      ] GC(250)     Dead                           Min: 0, Avg:  0.0, Max: 0, Diff: 0, Sum: 0, Workers: 4
[6154.797s][debug][gc,phases      ] GC(250)     Total                          Min: 0, Avg:  1.0, Max: 4, Diff: 4, Sum: 4, Workers: 4
[6154.797s][debug][gc,phases      ] GC(250)   JVMTI Tag Weak OopStorage      Min:  0.0, Avg:  0.0, Max:  0.0, Diff:  0.0, Sum:  0.0, Workers: 4
[6154.797s][debug][gc,phases      ] GC(250)     Dead                           Min: 0, Avg:  0.0, Max: 0, Diff: 0, Sum: 0, Workers: 4
[6154.797s][debug][gc,phases      ] GC(250)     Total                          Min: 0, Avg:  0.0, Max: 0, Diff: 0, Sum: 0, Workers: 4
[6154.797s][debug][gc,phases      ] GC(250)   StringTable Weak               Min:  0.0, Avg:  0.1, Max:  0.2, Diff:  0.2, Sum:  0.5, Workers: 4
[6154.797s][debug][gc,phases      ] GC(250)     Dead                           Min: 0, Avg:  0.0, Max: 0, Diff: 0, Sum: 0, Workers: 4
[6154.797s][debug][gc,phases      ] GC(250)     Total                          Min: 0, Avg: 12078.0, Max: 17144, Diff: 17144, Sum: 48312, Workers: 4
[6154.797s][debug][gc,phases      ] GC(250)   ResolvedMethodTable Weak       Min:  0.0, Avg:  0.0, Max:  0.1, Diff:  0.1, Sum:  0.2, Workers: 4
[6154.797s][debug][gc,phases      ] GC(250)     Dead                           Min: 0, Avg:  4.0, Max: 16, Diff: 16, Sum: 16, Workers: 4
[6154.797s][debug][gc,phases      ] GC(250)     Total                          Min: 0, Avg: 4011.5, Max: 5503, Diff: 5503, Sum: 16046, Workers: 4
[6154.797s][debug][gc,phases      ] GC(250)   JNI Weak                       Min:  0.0, Avg:  0.0, Max:  0.0, Diff:  0.0, Sum:  0.0, Workers: 4
[6154.797s][debug][gc,phases      ] GC(250)     Dead                           Min: 0, Avg:  0.0, Max: 0, Diff: 0, Sum: 0, Workers: 4
[6154.797s][debug][gc,phases      ] GC(250)     Total                          Min: 0, Avg: 13.0, Max: 48, Diff: 48, Sum: 52, Workers: 4
[6154.797s][debug][gc,phases      ] GC(250)   StringDedup Table Weak         Min:  0.0, Avg:  0.0, Max:  0.0, Diff:  0.0, Sum:  0.0, Workers: 4
[6154.797s][debug][gc,phases      ] GC(250)     Dead                           Min: 0, Avg:  0.0, Max: 0, Diff: 0, Sum: 0, Workers: 4
[6154.797s][debug][gc,phases      ] GC(250)     Total                          Min: 0, Avg:  0.0, Max: 0, Diff: 0, Sum: 0, Workers: 4
[6154.797s][debug][gc,phases      ] GC(250)   StringDedup Requests0 Weak     Min:  0.0, Avg:  0.0, Max:  0.0, Diff:  0.0, Sum:  0.0, Workers: 4
[6154.797s][debug][gc,phases      ] GC(250)     Dead                           Min: 0, Avg:  0.0, Max: 0, Diff: 0, Sum: 0, Workers: 4
[6154.797s][debug][gc,phases      ] GC(250)     Total                          Min: 0, Avg:  0.0, Max: 0, Diff: 0, Sum: 0, Workers: 4
[6154.797s][debug][gc,phases      ] GC(250)   StringDedup Requests1 Weak     Min:  0.0, Avg:  0.0, Max:  0.0, Diff:  0.0, Sum:  0.0, Workers: 4
[6154.797s][debug][gc,phases      ] GC(250)     Dead                           Min: 0, Avg:  0.0, Max: 0, Diff: 0, Sum: 0, Workers: 4
[6154.797s][debug][gc,phases      ] GC(250)     Total                          Min: 0, Avg:  0.0, Max: 0, Diff: 0, Sum: 0, Workers: 4
[6154.797s][debug][gc,phases      ] GC(250)   Weak JFR Old Object Samples    Min:  0.0, Avg:  0.0, Max:  0.0, Diff:  0.0, Sum:  0.0, Workers: 4
[6154.797s][debug][gc,phases      ] GC(250)     Dead                           Min: 0, Avg:  0.0, Max: 0, Diff: 0, Sum: 0, Workers: 4
[6154.797s][debug][gc,phases      ] GC(250)     Total                          Min: 0, Avg:  0.0, Max: 0, Diff: 0, Sum: 0, Workers: 4
[6154.797s][debug][gc,phases      ] GC(250) Weak Processing 0.488ms
[6154.797s][debug][gc,age         ] GC(250) Desired survivor size 6815744 bytes, new threshold 1 (max threshold 15)
[6154.797s][info ][gc,heap        ] GC(250) PSYoungGen: 2089536K(2090496K)->5216K(2090496K) Eden: 2083840K(2083840K)->0K(2083840K) From: 5696K(6656K)->5216K(6656K)
[6154.797s][info ][gc,heap        ] GC(250) ParOldGen: 634310K(634368K)->635655K(635904K)
[6154.797s][info ][gc,metaspace   ] GC(250) Metaspace: 113034K(114432K)->113034K(114432K) NonClass: 96286K(97088K)->96286K(97088K) Class: 16747K(17344K)->16747K(17344K)
[6154.797s][info ][gc             ] GC(250) Pause Young (Allocation Failure) 2660M->625M(2662M) 6.395ms
[6154.797s][info ][gc,cpu         ] GC(250) User=0.01s Sys=0.00s Real=0.01s
[6154.797s][info ][safepoint      ] Safepoint "ParallelGCFailedAllocation", Time since last: 17347888 ns, Reaching safepoint: 78903 ns, Cleanup: 4900 ns, At safepoint: 6490420 ns, Total: 6574223 ns
[6157.797s][info ][safepoint      ] Safepoint "Cleanup", Time since last: 3000255809 ns, Reaching safepoint: 85703 ns, Cleanup: 12800 ns, At safepoint: 8500 ns, Total: 107003 ns
[6167.798s][info ][safepoint      ] Safepoint "Cleanup", Time since last: 10001035531 ns, Reaching safepoint: 88003 ns, Cleanup: 13800 ns, At safepoint: 8601 ns, Total: 110404 ns
[6180.703s][info ][gc,start       ] GC(251) Pause Young (Allocation Failure)
[6180.709s][debug][gc,phases      ] GC(251) Scavenge 6.440ms
[6180.709s][debug][gc,ref         ] GC(251) ReferenceProcessor::execute queues: 1, RefProcThreadModel::Single, marks_oops_alive: false
[6180.709s][debug][gc,ref         ] GC(251) Skipped KeepAliveFinalRefsPhase of Reference Processing: no references
[6180.709s][debug][gc,ref         ] GC(251) Skipped PhantomRefsPhase of Reference Processing: no references
[6180.709s][debug][gc,phases      ] GC(251) Reference Processing 0.115ms
[6180.710s][debug][gc,phases      ] GC(251)   VM Weak                        Min:  0.0, Avg:  0.0, Max:  0.0, Diff:  0.0, Sum:  0.0, Workers: 4
[6180.710s][debug][gc,phases      ] GC(251)     Dead                           Min: 0, Avg:  0.0, Max: 0, Diff: 0, Sum: 0, Workers: 4
[6180.710s][debug][gc,phases      ] GC(251)     Total                          Min: 0, Avg: 261.5, Max: 896, Diff: 896, Sum: 1046, Workers: 4
[6180.710s][debug][gc,phases      ] GC(251)   ObjectSynchronizer Weak        Min:  0.0, Avg:  0.0, Max:  0.0, Diff:  0.0, Sum:  0.0, Workers: 4
[6180.710s][debug][gc,phases      ] GC(251)     Dead                           Min: 0, Avg:  0.0, Max: 0, Diff: 0, Sum: 0, Workers: 4
[6180.710s][debug][gc,phases      ] GC(251)     Total                          Min: 0, Avg:  1.0, Max: 4, Diff: 4, Sum: 4, Workers: 4
[6180.710s][debug][gc,phases      ] GC(251)   JVMTI Tag Weak OopStorage      Min:  0.0, Avg:  0.0, Max:  0.0, Diff:  0.0, Sum:  0.0, Workers: 4
[6180.710s][debug][gc,phases      ] GC(251)     Dead                           Min: 0, Avg:  0.0, Max: 0, Diff: 0, Sum: 0, Workers: 4
[6180.710s][debug][gc,phases      ] GC(251)     Total                          Min: 0, Avg:  0.0, Max: 0, Diff: 0, Sum: 0, Workers: 4
[6180.710s][debug][gc,phases      ] GC(251)   StringTable Weak               Min:  0.0, Avg:  0.1, Max:  0.2, Diff:  0.2, Sum:  0.5, Workers: 4
[6180.710s][debug][gc,phases      ] GC(251)     Dead                           Min: 0, Avg:  0.0, Max: 0, Diff: 0, Sum: 0, Workers: 4
[6180.710s][debug][gc,phases      ] GC(251)     Total                          Min: 0, Avg: 12078.0, Max: 26112, Diff: 26112, Sum: 48312, Workers: 4
[6180.710s][debug][gc,phases      ] GC(251)   ResolvedMethodTable Weak       Min:  0.0, Avg:  0.0, Max:  0.1, Diff:  0.1, Sum:  0.2, Workers: 4
[6180.710s][debug][gc,phases      ] GC(251)     Dead                           Min: 0, Avg:  4.0, Max: 16, Diff: 16, Sum: 16, Workers: 4
[6180.710s][debug][gc,phases      ] GC(251)     Total                          Min: 0, Avg: 4011.5, Max: 8082, Diff: 8082, Sum: 16046, Workers: 4
[6180.710s][debug][gc,phases      ] GC(251)   JNI Weak                       Min:  0.0, Avg:  0.0, Max:  0.0, Diff:  0.0, Sum:  0.0, Workers: 4
[6180.710s][debug][gc,phases      ] GC(251)     Dead                           Min: 0, Avg:  0.0, Max: 0, Diff: 0, Sum: 0, Workers: 4
[6180.710s][debug][gc,phases      ] GC(251)     Total                          Min: 0, Avg: 13.0, Max: 52, Diff: 52, Sum: 52, Workers: 4
[6180.710s][debug][gc,phases      ] GC(251)   StringDedup Table Weak         Min:  0.0, Avg:  0.0, Max:  0.0, Diff:  0.0, Sum:  0.0, Workers: 4
[6180.710s][debug][gc,phases      ] GC(251)     Dead                           Min: 0, Avg:  0.0, Max: 0, Diff: 0, Sum: 0, Workers: 4
[6180.710s][debug][gc,phases      ] GC(251)     Total                          Min: 0, Avg:  0.0, Max: 0, Diff: 0, Sum: 0, Workers: 4
[6180.710s][debug][gc,phases      ] GC(251)   StringDedup Requests0 Weak     Min:  0.0, Avg:  0.0, Max:  0.0, Diff:  0.0, Sum:  0.0, Workers: 4
[6180.710s][debug][gc,phases      ] GC(251)     Dead                           Min: 0, Avg:  0.0, Max: 0, Diff: 0, Sum: 0, Workers: 4
[6180.710s][debug][gc,phases      ] GC(251)     Total                          Min: 0, Avg:  0.0, Max: 0, Diff: 0, Sum: 0, Workers: 4
[6180.710s][debug][gc,phases      ] GC(251)   StringDedup Requests1 Weak     Min:  0.0, Avg:  0.0, Max:  0.0, Diff:  0.0, Sum:  0.0, Workers: 4
[6180.710s][debug][gc,phases      ] GC(251)     Dead                           Min: 0, Avg:  0.0, Max: 0, Diff: 0, Sum: 0, Workers: 4
[6180.710s][debug][gc,phases      ] GC(251)     Total                          Min: 0, Avg:  0.0, Max: 0, Diff: 0, Sum: 0, Workers: 4
[6180.710s][debug][gc,phases      ] GC(251)   Weak JFR Old Object Samples    Min:  0.0, Avg:  0.0, Max:  0.0, Diff:  0.0, Sum:  0.0, Workers: 4
[6180.710s][debug][gc,phases      ] GC(251)     Dead                           Min: 0, Avg:  0.0, Max: 0, Diff: 0, Sum: 0, Workers: 4
[6180.710s][debug][gc,phases      ] GC(251)     Total                          Min: 0, Avg:  0.0, Max: 0, Diff: 0, Sum: 0, Workers: 4
[6180.710s][debug][gc,phases      ] GC(251) Weak Processing 0.617ms
[6180.710s][debug][gc,age         ] GC(251) Desired survivor size 6815744 bytes, new threshold 1 (max threshold 15)
[6180.710s][info ][gc,heap        ] GC(251) PSYoungGen: 2089056K(2090496K)->4928K(2090496K) Eden: 2083840K(2083840K)->0K(2083840K) From: 5216K(6656K)->4928K(6656K)
[6180.710s][info ][gc,heap        ] GC(251) ParOldGen: 635655K(635904K)->636523K(636928K)
[6180.710s][info ][gc,metaspace   ] GC(251) Metaspace: 113036K(114432K)->113036K(114432K) NonClass: 96288K(97088K)->96288K(97088K) Class: 16747K(17344K)->16747K(17344K)
[6180.710s][info ][gc             ] GC(251) Pause Young (Allocation Failure) 2660M->626M(2663M) 7.346ms
[6180.710s][info ][gc,cpu         ] GC(251) User=0.02s Sys=0.00s Real=0.01s
[6180.710s][info ][safepoint      ] Safepoint "ParallelGCFailedAllocation", Time since last: 12904219691 ns, Reaching safepoint: 8100 ns, Cleanup: 5500 ns, At safepoint: 7433253 ns, Total: 7446853 ns
[6183.435s][info ][safepoint      ] Safepoint "Cleanup", Time since last: 2724788984 ns, Reaching safepoint: 7901 ns, Cleanup: 10700 ns, At safepoint: 2500 ns, Total: 21101 ns
[6205.245s][info ][gc,start       ] GC(252) Pause Young (Allocation Failure)
[6205.253s][debug][gc,phases      ] GC(252) Scavenge 8.428ms
[6205.253s][debug][gc,ref         ] GC(252) ReferenceProcessor::execute queues: 1, RefProcThreadModel::Single, marks_oops_alive: false
[6205.253s][debug][gc,ref         ] GC(252) Skipped KeepAliveFinalRefsPhase of Reference Processing: no references
[6205.253s][debug][gc,ref         ] GC(252) Skipped PhantomRefsPhase of Reference Processing: no references
[6205.253s][debug][gc,phases      ] GC(252) Reference Processing 0.114ms
[6205.254s][debug][gc,phases      ] GC(252)   VM Weak                        Min:  0.0, Avg:  0.0, Max:  0.0, Diff:  0.0, Sum:  0.0, Workers: 4
[6205.254s][debug][gc,phases      ] GC(252)     Dead                           Min: 0, Avg:  0.0, Max: 0, Diff: 0, Sum: 0, Workers: 4
[6205.254s][debug][gc,phases      ] GC(252)     Total                          Min: 0, Avg: 261.5, Max: 918, Diff: 918, Sum: 1046, Workers: 4
[6205.254s][debug][gc,phases      ] GC(252)   ObjectSynchronizer Weak        Min:  0.0, Avg:  0.0, Max:  0.0, Diff:  0.0, Sum:  0.0, Workers: 4
[6205.254s][debug][gc,phases      ] GC(252)     Dead                           Min: 0, Avg:  0.0, Max: 0, Diff: 0, Sum: 0, Workers: 4
[6205.254s][debug][gc,phases      ] GC(252)     Total                          Min: 0, Avg:  1.0, Max: 4, Diff: 4, Sum: 4, Workers: 4
[6205.254s][debug][gc,phases      ] GC(252)   JVMTI Tag Weak OopStorage      Min:  0.0, Avg:  0.0, Max:  0.0, Diff:  0.0, Sum:  0.0, Workers: 4
[6205.254s][debug][gc,phases      ] GC(252)     Dead                           Min: 0, Avg:  0.0, Max: 0, Diff: 0, Sum: 0, Workers: 4
[6205.254s][debug][gc,phases      ] GC(252)     Total                          Min: 0, Avg:  0.0, Max: 0, Diff: 0, Sum: 0, Workers: 4
[6205.254s][debug][gc,phases      ] GC(252)   StringTable Weak               Min:  0.0, Avg:  0.1, Max:  0.2, Diff:  0.2, Sum:  0.5, Workers: 4
[6205.254s][debug][gc,phases      ] GC(252)     Dead                           Min: 0, Avg:  0.0, Max: 0, Diff: 0, Sum: 0, Workers: 4
[6205.254s][debug][gc,phases      ] GC(252)     Total                          Min: 0, Avg: 12078.0, Max: 26104, Diff: 26104, Sum: 48312, Workers: 4
[6205.254s][debug][gc,phases      ] GC(252)   ResolvedMethodTable Weak       Min:  0.0, Avg:  0.0, Max:  0.1, Diff:  0.1, Sum:  0.2, Workers: 4
[6205.254s][debug][gc,phases      ] GC(252)     Dead                           Min: 0, Avg:  4.0, Max: 16, Diff: 16, Sum: 16, Workers: 4
[6205.254s][debug][gc,phases      ] GC(252)     Total                          Min: 0, Avg: 4011.5, Max: 8729, Diff: 8729, Sum: 16046, Workers: 4
[6205.254s][debug][gc,phases      ] GC(252)   JNI Weak                       Min:  0.0, Avg:  0.0, Max:  0.0, Diff:  0.0, Sum:  0.0, Workers: 4
[6205.254s][debug][gc,phases      ] GC(252)     Dead                           Min: 0, Avg:  0.0, Max: 0, Diff: 0, Sum: 0, Workers: 4
[6205.254s][debug][gc,phases      ] GC(252)     Total                          Min: 0, Avg: 13.0, Max: 48, Diff: 48, Sum: 52, Workers: 4
[6205.254s][debug][gc,phases      ] GC(252)   StringDedup Table Weak         Min:  0.0, Avg:  0.0, Max:  0.0, Diff:  0.0, Sum:  0.0, Workers: 4
[6205.254s][debug][gc,phases      ] GC(252)     Dead                           Min: 0, Avg:  0.0, Max: 0, Diff: 0, Sum: 0, Workers: 4
[6205.254s][debug][gc,phases      ] GC(252)     Total                          Min: 0, Avg:  0.0, Max: 0, Diff: 0, Sum: 0, Workers: 4
[6205.254s][debug][gc,phases      ] GC(252)   StringDedup Requests0 Weak     Min:  0.0, Avg:  0.0, Max:  0.0, Diff:  0.0, Sum:  0.0, Workers: 4
[6205.254s][debug][gc,phases      ] GC(252)     Dead                           Min: 0, Avg:  0.0, Max: 0, Diff: 0, Sum: 0, Workers: 4
[6205.254s][debug][gc,phases      ] GC(252)     Total                          Min: 0, Avg:  0.0, Max: 0, Diff: 0, Sum: 0, Workers: 4
[6205.254s][debug][gc,phases      ] GC(252)   StringDedup Requests1 Weak     Min:  0.0, Avg:  0.0, Max:  0.0, Diff:  0.0, Sum:  0.0, Workers: 4
[6205.254s][debug][gc,phases      ] GC(252)     Dead                           Min: 0, Avg:  0.0, Max: 0, Diff: 0, Sum: 0, Workers: 4
[6205.254s][debug][gc,phases      ] GC(252)     Total                          Min: 0, Avg:  0.0, Max: 0, Diff: 0, Sum: 0, Workers: 4
[6205.254s][debug][gc,phases      ] GC(252)   Weak JFR Old Object Samples    Min:  0.0, Avg:  0.0, Max:  0.0, Diff:  0.0, Sum:  0.0, Workers: 4
[6205.254s][debug][gc,phases      ] GC(252)     Dead                           Min: 0, Avg:  0.0, Max: 0, Diff: 0, Sum: 0, Workers: 4
[6205.254s][debug][gc,phases      ] GC(252)     Total                          Min: 0, Avg:  0.0, Max: 0, Diff: 0, Sum: 0, Workers: 4
[6205.254s][debug][gc,phases      ] GC(252) Weak Processing 0.566ms
[6205.254s][debug][gc,age         ] GC(252) Desired survivor size 6815744 bytes, new threshold 1 (max threshold 15)
[6205.254s][info ][gc,heap        ] GC(252) PSYoungGen: 2088768K(2090496K)->5424K(2090496K) Eden: 2083840K(2083840K)->0K(2083840K) From: 4928K(6656K)->5424K(6656K)
[6205.254s][info ][gc,heap        ] GC(252) ParOldGen: 636523K(636928K)->637075K(637440K)
[6205.254s][info ][gc,metaspace   ] GC(252) Metaspace: 113036K(114432K)->113036K(114432K) NonClass: 96288K(97088K)->96288K(97088K) Class: 16747K(17344K)->16747K(17344K)
[6205.254s][info ][gc             ] GC(252) Pause Young (Allocation Failure) 2661M->627M(2664M) 9.257ms
[6205.254s][info ][gc,cpu         ] GC(252) User=0.02s Sys=0.00s Real=0.01s
[6205.254s][info ][safepoint      ] Safepoint "ParallelGCFailedAllocation", Time since last: 21809845512 ns, Reaching safepoint: 11100 ns, Cleanup: 5900 ns, At safepoint: 9381318 ns, Total: 9398318 ns
[6219.255s][info ][safepoint      ] Safepoint "Cleanup", Time since last: 14001220791 ns, Reaching safepoint: 87803 ns, Cleanup: 14501 ns, At safepoint: 9400 ns, Total: 111704 ns
[6226.256s][info ][safepoint      ] Safepoint "Cleanup", Time since last: 7000612354 ns, Reaching safepoint: 11401 ns, Cleanup: 15400 ns, At safepoint: 3100 ns, Total: 29901 ns
[6230.048s][info ][gc,start       ] GC(253) Pause Young (Allocation Failure)
[6230.058s][debug][gc,phases      ] GC(253) Scavenge 10.262ms
[6230.059s][debug][gc,ref         ] GC(253) ReferenceProcessor::execute queues: 1, RefProcThreadModel::Single, marks_oops_alive: false
[6230.059s][debug][gc,ref         ] GC(253) Skipped KeepAliveFinalRefsPhase of Reference Processing: no references
[6230.059s][debug][gc,ref         ] GC(253) Skipped PhantomRefsPhase of Reference Processing: no references
[6230.059s][debug][gc,phases      ] GC(253) Reference Processing 0.130ms
[6230.059s][debug][gc,phases      ] GC(253)   VM Weak                        Min:  0.0, Avg:  0.0, Max:  0.0, Diff:  0.0, Sum:  0.0, Workers: 4
[6230.059s][debug][gc,phases      ] GC(253)     Dead                           Min: 0, Avg:  0.0, Max: 0, Diff: 0, Sum: 0, Workers: 4
[6230.059s][debug][gc,phases      ] GC(253)     Total                          Min: 0, Avg: 261.5, Max: 576, Diff: 576, Sum: 1046, Workers: 4
[6230.059s][debug][gc,phases      ] GC(253)   ObjectSynchronizer Weak        Min:  0.0, Avg:  0.0, Max:  0.0, Diff:  0.0, Sum:  0.0, Workers: 4
[6230.059s][debug][gc,phases      ] GC(253)     Dead                           Min: 0, Avg:  0.0, Max: 0, Diff: 0, Sum: 0, Workers: 4
[6230.059s][debug][gc,phases      ] GC(253)     Total                          Min: 0, Avg:  1.0, Max: 4, Diff: 4, Sum: 4, Workers: 4
[6230.059s][debug][gc,phases      ] GC(253)   JVMTI Tag Weak OopStorage      Min:  0.0, Avg:  0.0, Max:  0.0, Diff:  0.0, Sum:  0.0, Workers: 4
[6230.059s][debug][gc,phases      ] GC(253)     Dead                           Min: 0, Avg:  0.0, Max: 0, Diff: 0, Sum: 0, Workers: 4
[6230.059s][debug][gc,phases      ] GC(253)     Total                          Min: 0, Avg:  0.0, Max: 0, Diff: 0, Sum: 0, Workers: 4
[6230.059s][debug][gc,phases      ] GC(253)   StringTable Weak               Min:  0.0, Avg:  0.1, Max:  0.2, Diff:  0.2, Sum:  0.5, Workers: 4
[6230.059s][debug][gc,phases      ] GC(253)     Dead                           Min: 0, Avg:  0.0, Max: 0, Diff: 0, Sum: 0, Workers: 4
[6230.059s][debug][gc,phases      ] GC(253)     Total                          Min: 0, Avg: 12078.0, Max: 16952, Diff: 16952, Sum: 48312, Workers: 4
[6230.059s][debug][gc,phases      ] GC(253)   ResolvedMethodTable Weak       Min:  0.0, Avg:  0.0, Max:  0.1, Diff:  0.1, Sum:  0.2, Workers: 4
[6230.059s][debug][gc,phases      ] GC(253)     Dead                           Min: 0, Avg:  4.0, Max: 16, Diff: 16, Sum: 16, Workers: 4
[6230.059s][debug][gc,phases      ] GC(253)     Total                          Min: 0, Avg: 4011.5, Max: 5764, Diff: 5764, Sum: 16046, Workers: 4
[6230.059s][debug][gc,phases      ] GC(253)   JNI Weak                       Min:  0.0, Avg:  0.0, Max:  0.0, Diff:  0.0, Sum:  0.0, Workers: 4
[6230.059s][debug][gc,phases      ] GC(253)     Dead                           Min: 0, Avg:  0.0, Max: 0, Diff: 0, Sum: 0, Workers: 4
[6230.059s][debug][gc,phases      ] GC(253)     Total                          Min: 0, Avg: 13.0, Max: 48, Diff: 48, Sum: 52, Workers: 4
[6230.059s][debug][gc,phases      ] GC(253)   StringDedup Table Weak         Min:  0.0, Avg:  0.0, Max:  0.0, Diff:  0.0, Sum:  0.0, Workers: 4
[6230.059s][debug][gc,phases      ] GC(253)     Dead                           Min: 0, Avg:  0.0, Max: 0, Diff: 0, Sum: 0, Workers: 4
[6230.059s][debug][gc,phases      ] GC(253)     Total                          Min: 0, Avg:  0.0, Max: 0, Diff: 0, Sum: 0, Workers: 4
[6230.059s][debug][gc,phases      ] GC(253)   StringDedup Requests0 Weak     Min:  0.0, Avg:  0.0, Max:  0.0, Diff:  0.0, Sum:  0.0, Workers: 4
[6230.059s][debug][gc,phases      ] GC(253)     Dead                           Min: 0, Avg:  0.0, Max: 0, Diff: 0, Sum: 0, Workers: 4
[6230.059s][debug][gc,phases      ] GC(253)     Total                          Min: 0, Avg:  0.0, Max: 0, Diff: 0, Sum: 0, Workers: 4
[6230.059s][debug][gc,phases      ] GC(253)   StringDedup Requests1 Weak     Min:  0.0, Avg:  0.0, Max:  0.0, Diff:  0.0, Sum:  0.0, Workers: 4
[6230.059s][debug][gc,phases      ] GC(253)     Dead                           Min: 0, Avg:  0.0, Max: 0, Diff: 0, Sum: 0, Workers: 4
[6230.059s][debug][gc,phases      ] GC(253)     Total                          Min: 0, Avg:  0.0, Max: 0, Diff: 0, Sum: 0, Workers: 4
[6230.059s][debug][gc,phases      ] GC(253)   Weak JFR Old Object Samples    Min:  0.0, Avg:  0.0, Max:  0.0, Diff:  0.0, Sum:  0.0, Workers: 4
[6230.059s][debug][gc,phases      ] GC(253)     Dead                           Min: 0, Avg:  0.0, Max: 0, Diff: 0, Sum: 0, Workers: 4
[6230.059s][debug][gc,phases      ] GC(253)     Total                          Min: 0, Avg:  0.0, Max: 0, Diff: 0, Sum: 0, Workers: 4
[6230.059s][debug][gc,phases      ] GC(253) Weak Processing 0.475ms
[6230.059s][debug][gc,age         ] GC(253) Desired survivor size 6291456 bytes, new threshold 1 (max threshold 15)
[6230.059s][info ][gc,heap        ] GC(253) PSYoungGen: 2089264K(2090496K)->5072K(2091008K) Eden: 2083840K(2083840K)->0K(2084352K) From: 5424K(6656K)->5072K(6656K)
[6230.059s][info ][gc,heap        ] GC(253) ParOldGen: 637075K(637440K)->638099K(638464K)
[6230.059s][info ][gc,metaspace   ] GC(253) Metaspace: 113039K(114432K)->113039K(114432K) NonClass: 96291K(97088K)->96291K(97088K) Class: 16747K(17344K)->16747K(17344K)
[6230.059s][info ][gc             ] GC(253) Pause Young (Allocation Failure) 2662M->628M(2665M) 11.033ms
[6230.059s][info ][gc,cpu         ] GC(253) User=0.02s Sys=0.00s Real=0.01s
[6230.059s][info ][safepoint      ] Safepoint "ParallelGCFailedAllocation", Time since last: 3791944453 ns, Reaching safepoint: 9300 ns, Cleanup: 5501 ns, At safepoint: 11123073 ns, Total: 11137874 ns
[6234.060s][info ][safepoint      ] Safepoint "Cleanup", Time since last: 4000402019 ns, Reaching safepoint: 98203 ns, Cleanup: 22801 ns, At safepoint: 15400 ns, Total: 136404 ns
[6235.060s][info ][safepoint      ] Safepoint "Cleanup", Time since last: 1000239103 ns, Reaching safepoint: 12500 ns, Cleanup: 15501 ns, At safepoint: 28501 ns, Total: 56502 ns
[6236.060s][info ][safepoint      ] Safepoint "Cleanup", Time since last: 1000115198 ns, Reaching safepoint: 9100 ns, Cleanup: 13601 ns, At safepoint: 2400 ns, Total: 25101 ns
[6237.060s][info ][safepoint      ] Safepoint "Cleanup", Time since last: 1000123298 ns, Reaching safepoint: 8200 ns, Cleanup: 12001 ns, At safepoint: 2500 ns, Total: 22701 ns
[6245.456s][info ][safepoint      ] Safepoint "Cleanup", Time since last: 8396048180 ns, Reaching safepoint: 8701 ns, Cleanup: 13300 ns, At safepoint: 3300 ns, Total: 25301 ns
[6254.040s][info ][gc,start       ] GC(254) Pause Young (Allocation Failure)
[6254.048s][debug][gc,phases      ] GC(254) Scavenge 7.940ms
[6254.049s][debug][gc,ref         ] GC(254) ReferenceProcessor::execute queues: 1, RefProcThreadModel::Single, marks_oops_alive: false
[6254.049s][debug][gc,ref         ] GC(254) Skipped KeepAliveFinalRefsPhase of Reference Processing: no references
[6254.049s][debug][gc,ref         ] GC(254) Skipped PhantomRefsPhase of Reference Processing: no references
[6254.049s][debug][gc,phases      ] GC(254) Reference Processing 0.128ms
[6254.049s][debug][gc,phases      ] GC(254)   VM Weak                        Min:  0.0, Avg:  0.0, Max:  0.0, Diff:  0.0, Sum:  0.0, Workers: 4
[6254.049s][debug][gc,phases      ] GC(254)     Dead                           Min: 0, Avg:  0.0, Max: 0, Diff: 0, Sum: 0, Workers: 4
[6254.049s][debug][gc,phases      ] GC(254)     Total                          Min: 0, Avg: 261.5, Max: 1046, Diff: 1046, Sum: 1046, Workers: 4
[6254.049s][debug][gc,phases      ] GC(254)   ObjectSynchronizer Weak        Min:  0.0, Avg:  0.0, Max:  0.0, Diff:  0.0, Sum:  0.0, Workers: 4
[6254.049s][debug][gc,phases      ] GC(254)     Dead                           Min: 0, Avg:  0.0, Max: 0, Diff: 0, Sum: 0, Workers: 4
[6254.049s][debug][gc,phases      ] GC(254)     Total                          Min: 0, Avg:  1.0, Max: 4, Diff: 4, Sum: 4, Workers: 4
[6254.049s][debug][gc,phases      ] GC(254)   JVMTI Tag Weak OopStorage      Min:  0.0, Avg:  0.0, Max:  0.0, Diff:  0.0, Sum:  0.0, Workers: 4
[6254.049s][debug][gc,phases      ] GC(254)     Dead                           Min: 0, Avg:  0.0, Max: 0, Diff: 0, Sum: 0, Workers: 4
[6254.049s][debug][gc,phases      ] GC(254)     Total                          Min: 0, Avg:  0.0, Max: 0, Diff: 0, Sum: 0, Workers: 4
[6254.049s][debug][gc,phases      ] GC(254)   StringTable Weak               Min:  0.0, Avg:  0.1, Max:  0.3, Diff:  0.3, Sum:  0.5, Workers: 4
[6254.049s][debug][gc,phases      ] GC(254)     Dead                           Min: 0, Avg:  0.0, Max: 0, Diff: 0, Sum: 0, Workers: 4
[6254.049s][debug][gc,phases      ] GC(254)     Total                          Min: 0, Avg: 12078.0, Max: 24320, Diff: 24320, Sum: 48312, Workers: 4
[6254.049s][debug][gc,phases      ] GC(254)   ResolvedMethodTable Weak       Min:  0.0, Avg:  0.0, Max:  0.1, Diff:  0.1, Sum:  0.2, Workers: 4
[6254.049s][debug][gc,phases      ] GC(254)     Dead                           Min: 0, Avg:  0.0, Max: 0, Diff: 0, Sum: 0, Workers: 4
[6254.049s][debug][gc,phases      ] GC(254)     Total                          Min: 0, Avg: 4011.5, Max: 8100, Diff: 8100, Sum: 16046, Workers: 4
[6254.049s][debug][gc,phases      ] GC(254)   JNI Weak                       Min:  0.0, Avg:  0.0, Max:  0.0, Diff:  0.0, Sum:  0.0, Workers: 4
[6254.049s][debug][gc,phases      ] GC(254)     Dead                           Min: 0, Avg:  0.0, Max: 0, Diff: 0, Sum: 0, Workers: 4
[6254.049s][debug][gc,phases      ] GC(254)     Total                          Min: 0, Avg: 13.0, Max: 48, Diff: 48, Sum: 52, Workers: 4
[6254.049s][debug][gc,phases      ] GC(254)   StringDedup Table Weak         Min:  0.0, Avg:  0.0, Max:  0.0, Diff:  0.0, Sum:  0.0, Workers: 4
[6254.049s][debug][gc,phases      ] GC(254)     Dead                           Min: 0, Avg:  0.0, Max: 0, Diff: 0, Sum: 0, Workers: 4
[6254.049s][debug][gc,phases      ] GC(254)     Total                          Min: 0, Avg:  0.0, Max: 0, Diff: 0, Sum: 0, Workers: 4
[6254.049s][debug][gc,phases      ] GC(254)   StringDedup Requests0 Weak     Min:  0.0, Avg:  0.0, Max:  0.0, Diff:  0.0, Sum:  0.0, Workers: 4
[6254.049s][debug][gc,phases      ] GC(254)     Dead                           Min: 0, Avg:  0.0, Max: 0, Diff: 0, Sum: 0, Workers: 4
[6254.049s][debug][gc,phases      ] GC(254)     Total                          Min: 0, Avg:  0.0, Max: 0, Diff: 0, Sum: 0, Workers: 4
[6254.049s][debug][gc,phases      ] GC(254)   StringDedup Requests1 Weak     Min:  0.0, Avg:  0.0, Max:  0.0, Diff:  0.0, Sum:  0.0, Workers: 4
[6254.049s][debug][gc,phases      ] GC(254)     Dead                           Min: 0, Avg:  0.0, Max: 0, Diff: 0, Sum: 0, Workers: 4
[6254.049s][debug][gc,phases      ] GC(254)     Total                          Min: 0, Avg:  0.0, Max: 0, Diff: 0, Sum: 0, Workers: 4
[6254.049s][debug][gc,phases      ] GC(254)   Weak JFR Old Object Samples    Min:  0.0, Avg:  0.0, Max:  0.0, Diff:  0.0, Sum:  0.0, Workers: 4
[6254.049s][debug][gc,phases      ] GC(254)     Dead                           Min: 0, Avg:  0.0, Max: 0, Diff: 0, Sum: 0, Workers: 4
[6254.049s][debug][gc,phases      ] GC(254)     Total                          Min: 0, Avg:  0.0, Max: 0, Diff: 0, Sum: 0, Workers: 4
[6254.049s][debug][gc,phases      ] GC(254) Weak Processing 0.655ms
[6254.049s][debug][gc,age         ] GC(254) Desired survivor size 6815744 bytes, new threshold 1 (max threshold 15)
[6254.049s][info ][gc,heap        ] GC(254) PSYoungGen: 2089424K(2091008K)->5552K(2090496K) Eden: 2084352K(2084352K)->0K(2084352K) From: 5072K(6656K)->5552K(6144K)
[6254.049s][info ][gc,heap        ] GC(254) ParOldGen: 638099K(638464K)->638803K(638976K)
[6254.049s][info ][gc,metaspace   ] GC(254) Metaspace: 113040K(114432K)->113040K(114432K) NonClass: 96292K(97088K)->96292K(97088K) Class: 16747K(17344K)->16747K(17344K)
[6254.049s][info ][gc             ] GC(254) Pause Young (Allocation Failure) 2663M->629M(2665M) 8.911ms
[6254.049s][info ][gc,cpu         ] GC(254) User=0.02s Sys=0.00s Real=0.01s
[6254.049s][info ][safepoint      ] Safepoint "ParallelGCFailedAllocation", Time since last: 8583970497 ns, Reaching safepoint: 83403 ns, Cleanup: 5500 ns, At safepoint: 9011599 ns, Total: 9100502 ns
[6260.050s][info ][safepoint      ] Safepoint "Cleanup", Time since last: 6000618740 ns, Reaching safepoint: 125304 ns, Cleanup: 16901 ns, At safepoint: 24901 ns, Total: 167106 ns
[6266.051s][info ][safepoint      ] Safepoint "Cleanup", Time since last: 6000718600 ns, Reaching safepoint: 91203 ns, Cleanup: 13701 ns, At safepoint: 40001 ns, Total: 144905 ns
[6278.590s][info ][gc,start       ] GC(255) Pause Young (Allocation Failure)
[6278.596s][debug][gc,phases      ] GC(255) Scavenge 5.839ms
[6278.596s][debug][gc,ref         ] GC(255) ReferenceProcessor::execute queues: 1, RefProcThreadModel::Single, marks_oops_alive: false
[6278.596s][debug][gc,ref         ] GC(255) Skipped KeepAliveFinalRefsPhase of Reference Processing: no references
[6278.596s][debug][gc,ref         ] GC(255) ReferenceProcessor::execute queues: 1, RefProcThreadModel::Single, marks_oops_alive: false
[6278.596s][debug][gc,phases      ] GC(255) Reference Processing 0.116ms
[6278.596s][debug][gc,phases      ] GC(255)   VM Weak                        Min:  0.0, Avg:  0.0, Max:  0.0, Diff:  0.0, Sum:  0.0, Workers: 4
[6278.596s][debug][gc,phases      ] GC(255)     Dead                           Min: 0, Avg:  0.0, Max: 0, Diff: 0, Sum: 0, Workers: 4
[6278.596s][debug][gc,phases      ] GC(255)     Total                          Min: 0, Avg: 261.5, Max: 704, Diff: 704, Sum: 1046, Workers: 4
[6278.596s][debug][gc,phases      ] GC(255)   ObjectSynchronizer Weak        Min:  0.0, Avg:  0.0, Max:  0.0, Diff:  0.0, Sum:  0.0, Workers: 4
[6278.596s][debug][gc,phases      ] GC(255)     Dead                           Min: 0, Avg:  0.0, Max: 0, Diff: 0, Sum: 0, Workers: 4
[6278.596s][debug][gc,phases      ] GC(255)     Total                          Min: 0, Avg:  1.0, Max: 4, Diff: 4, Sum: 4, Workers: 4
[6278.596s][debug][gc,phases      ] GC(255)   JVMTI Tag Weak OopStorage      Min:  0.0, Avg:  0.0, Max:  0.0, Diff:  0.0, Sum:  0.0, Workers: 4
[6278.596s][debug][gc,phases      ] GC(255)     Dead                           Min: 0, Avg:  0.0, Max: 0, Diff: 0, Sum: 0, Workers: 4
[6278.596s][debug][gc,phases      ] GC(255)     Total                          Min: 0, Avg:  0.0, Max: 0, Diff: 0, Sum: 0, Workers: 4
[6278.596s][debug][gc,phases      ] GC(255)   StringTable Weak               Min:  0.0, Avg:  0.1, Max:  0.2, Diff:  0.2, Sum:  0.5, Workers: 4
[6278.596s][debug][gc,phases      ] GC(255)     Dead                           Min: 0, Avg:  0.0, Max: 0, Diff: 0, Sum: 0, Workers: 4
[6278.597s][debug][gc,phases      ] GC(255)     Total                          Min: 0, Avg: 12078.0, Max: 16760, Diff: 16760, Sum: 48312, Workers: 4
[6278.597s][debug][gc,phases      ] GC(255)   ResolvedMethodTable Weak       Min:  0.0, Avg:  0.0, Max:  0.1, Diff:  0.1, Sum:  0.2, Workers: 4
[6278.597s][debug][gc,phases      ] GC(255)     Dead                           Min: 0, Avg:  4.0, Max: 16, Diff: 16, Sum: 16, Workers: 4
[6278.597s][debug][gc,phases      ] GC(255)     Total                          Min: 0, Avg: 4011.5, Max: 5740, Diff: 5740, Sum: 16046, Workers: 4
[6278.597s][debug][gc,phases      ] GC(255)   JNI Weak                       Min:  0.0, Avg:  0.0, Max:  0.0, Diff:  0.0, Sum:  0.0, Workers: 4
[6278.597s][debug][gc,phases      ] GC(255)     Dead                           Min: 0, Avg:  0.0, Max: 0, Diff: 0, Sum: 0, Workers: 4
[6278.597s][debug][gc,phases      ] GC(255)     Total                          Min: 0, Avg: 13.0, Max: 48, Diff: 48, Sum: 52, Workers: 4
[6278.597s][debug][gc,phases      ] GC(255)   StringDedup Table Weak         Min:  0.0, Avg:  0.0, Max:  0.0, Diff:  0.0, Sum:  0.0, Workers: 4
[6278.597s][debug][gc,phases      ] GC(255)     Dead                           Min: 0, Avg:  0.0, Max: 0, Diff: 0, Sum: 0, Workers: 4
[6278.597s][debug][gc,phases      ] GC(255)     Total                          Min: 0, Avg:  0.0, Max: 0, Diff: 0, Sum: 0, Workers: 4
[6278.597s][debug][gc,phases      ] GC(255)   StringDedup Requests0 Weak     Min:  0.0, Avg:  0.0, Max:  0.0, Diff:  0.0, Sum:  0.0, Workers: 4
[6278.597s][debug][gc,phases      ] GC(255)     Dead                           Min: 0, Avg:  0.0, Max: 0, Diff: 0, Sum: 0, Workers: 4
[6278.597s][debug][gc,phases      ] GC(255)     Total                          Min: 0, Avg:  0.0, Max: 0, Diff: 0, Sum: 0, Workers: 4
[6278.597s][debug][gc,phases      ] GC(255)   StringDedup Requests1 Weak     Min:  0.0, Avg:  0.0, Max:  0.0, Diff:  0.0, Sum:  0.0, Workers: 4
[6278.597s][debug][gc,phases      ] GC(255)     Dead                           Min: 0, Avg:  0.0, Max: 0, Diff: 0, Sum: 0, Workers: 4
[6278.597s][debug][gc,phases      ] GC(255)     Total                          Min: 0, Avg:  0.0, Max: 0, Diff: 0, Sum: 0, Workers: 4
[6278.597s][debug][gc,phases      ] GC(255)   Weak JFR Old Object Samples    Min:  0.0, Avg:  0.0, Max:  0.0, Diff:  0.0, Sum:  0.0, Workers: 4
[6278.597s][debug][gc,phases      ] GC(255)     Dead                           Min: 0, Avg:  0.0, Max: 0, Diff: 0, Sum: 0, Workers: 4
[6278.597s][debug][gc,phases      ] GC(255)     Total                          Min: 0, Avg:  0.0, Max: 0, Diff: 0, Sum: 0, Workers: 4
[6278.597s][debug][gc,phases      ] GC(255) Weak Processing 0.466ms
[6278.597s][debug][gc,age         ] GC(255) Desired survivor size 6815744 bytes, new threshold 1 (max threshold 15)
[6278.597s][info ][gc,heap        ] GC(255) PSYoungGen: 2089904K(2090496K)->5952K(2090496K) Eden: 2084352K(2084352K)->0K(2083840K) From: 5552K(6144K)->5952K(6656K)
[6278.597s][info ][gc,heap        ] GC(255) ParOldGen: 638803K(638976K)->639499K(640000K)
[6278.597s][info ][gc,metaspace   ] GC(255) Metaspace: 113046K(114432K)->113046K(114432K) NonClass: 96298K(97088K)->96298K(97088K) Class: 16747K(17344K)->16747K(17344K)
[6278.597s][info ][gc             ] GC(255) Pause Young (Allocation Failure) 2664M->630M(2666M) 6.587ms
[6278.597s][info ][gc,cpu         ] GC(255) User=0.02s Sys=0.00s Real=0.01s
[6278.597s][info ][safepoint      ] Safepoint "ParallelGCFailedAllocation", Time since last: 12538909086 ns, Reaching safepoint: 82702 ns, Cleanup: 4500 ns, At safepoint: 6675417 ns, Total: 6762619 ns
[6305.106s][info ][gc,start       ] GC(256) Pause Young (Allocation Failure)
[6305.113s][debug][gc,phases      ] GC(256) Scavenge 7.117ms
[6305.113s][debug][gc,ref         ] GC(256) ReferenceProcessor::execute queues: 1, RefProcThreadModel::Single, marks_oops_alive: false
[6305.113s][debug][gc,ref         ] GC(256) Skipped KeepAliveFinalRefsPhase of Reference Processing: no references
[6305.113s][debug][gc,ref         ] GC(256) ReferenceProcessor::execute queues: 1, RefProcThreadModel::Single, marks_oops_alive: false
[6305.113s][debug][gc,phases      ] GC(256) Reference Processing 0.115ms
[6305.113s][debug][gc,phases      ] GC(256)   VM Weak                        Min:  0.0, Avg:  0.0, Max:  0.0, Diff:  0.0, Sum:  0.0, Workers: 4
[6305.113s][debug][gc,phases      ] GC(256)     Dead                           Min: 0, Avg:  0.0, Max: 0, Diff: 0, Sum: 0, Workers: 4
[6305.113s][debug][gc,phases      ] GC(256)     Total                          Min: 0, Avg: 261.5, Max: 832, Diff: 832, Sum: 1046, Workers: 4
[6305.113s][debug][gc,phases      ] GC(256)   ObjectSynchronizer Weak        Min:  0.0, Avg:  0.0, Max:  0.0, Diff:  0.0, Sum:  0.0, Workers: 4
[6305.113s][debug][gc,phases      ] GC(256)     Dead                           Min: 0, Avg:  0.0, Max: 0, Diff: 0, Sum: 0, Workers: 4
[6305.113s][debug][gc,phases      ] GC(256)     Total                          Min: 0, Avg:  0.8, Max: 3, Diff: 3, Sum: 3, Workers: 4
[6305.113s][debug][gc,phases      ] GC(256)   JVMTI Tag Weak OopStorage      Min:  0.0, Avg:  0.0, Max:  0.0, Diff:  0.0, Sum:  0.0, Workers: 4
[6305.113s][debug][gc,phases      ] GC(256)     Dead                           Min: 0, Avg:  0.0, Max: 0, Diff: 0, Sum: 0, Workers: 4
[6305.113s][debug][gc,phases      ] GC(256)     Total                          Min: 0, Avg:  0.0, Max: 0, Diff: 0, Sum: 0, Workers: 4
[6305.113s][debug][gc,phases      ] GC(256)   StringTable Weak               Min:  0.0, Avg:  0.1, Max:  0.2, Diff:  0.2, Sum:  0.5, Workers: 4
[6305.113s][debug][gc,phases      ] GC(256)     Dead                           Min: 0, Avg:  0.0, Max: 0, Diff: 0, Sum: 0, Workers: 4
[6305.113s][debug][gc,phases      ] GC(256)     Total                          Min: 0, Avg: 12078.0, Max: 17144, Diff: 17144, Sum: 48312, Workers: 4
[6305.113s][debug][gc,phases      ] GC(256)   ResolvedMethodTable Weak       Min:  0.0, Avg:  0.0, Max:  0.1, Diff:  0.1, Sum:  0.2, Workers: 4
[6305.113s][debug][gc,phases      ] GC(256)     Dead                           Min: 0, Avg:  4.0, Max: 16, Diff: 16, Sum: 16, Workers: 4
[6305.113s][debug][gc,phases      ] GC(256)     Total                          Min: 0, Avg: 4011.5, Max: 5696, Diff: 5696, Sum: 16046, Workers: 4
[6305.113s][debug][gc,phases      ] GC(256)   JNI Weak                       Min:  0.0, Avg:  0.0, Max:  0.0, Diff:  0.0, Sum:  0.0, Workers: 4
[6305.113s][debug][gc,phases      ] GC(256)     Dead                           Min: 0, Avg:  0.0, Max: 0, Diff: 0, Sum: 0, Workers: 4
[6305.113s][debug][gc,phases      ] GC(256)     Total                          Min: 0, Avg: 13.0, Max: 48, Diff: 48, Sum: 52, Workers: 4
[6305.113s][debug][gc,phases      ] GC(256)   StringDedup Table Weak         Min:  0.0, Avg:  0.0, Max:  0.0, Diff:  0.0, Sum:  0.0, Workers: 4
[6305.113s][debug][gc,phases      ] GC(256)     Dead                           Min: 0, Avg:  0.0, Max: 0, Diff: 0, Sum: 0, Workers: 4
[6305.113s][debug][gc,phases      ] GC(256)     Total                          Min: 0, Avg:  0.0, Max: 0, Diff: 0, Sum: 0, Workers: 4
[6305.113s][debug][gc,phases      ] GC(256)   StringDedup Requests0 Weak     Min:  0.0, Avg:  0.0, Max:  0.0, Diff:  0.0, Sum:  0.0, Workers: 4
[6305.113s][debug][gc,phases      ] GC(256)     Dead                           Min: 0, Avg:  0.0, Max: 0, Diff: 0, Sum: 0, Workers: 4
[6305.113s][debug][gc,phases      ] GC(256)     Total                          Min: 0, Avg:  0.0, Max: 0, Diff: 0, Sum: 0, Workers: 4
[6305.113s][debug][gc,phases      ] GC(256)   StringDedup Requests1 Weak     Min:  0.0, Avg:  0.0, Max:  0.0, Diff:  0.0, Sum:  0.0, Workers: 4
[6305.113s][debug][gc,phases      ] GC(256)     Dead                           Min: 0, Avg:  0.0, Max: 0, Diff: 0, Sum: 0, Workers: 4
[6305.113s][debug][gc,phases      ] GC(256)     Total                          Min: 0, Avg:  0.0, Max: 0, Diff: 0, Sum: 0, Workers: 4
[6305.113s][debug][gc,phases      ] GC(256)   Weak JFR Old Object Samples    Min:  0.0, Avg:  0.0, Max:  0.0, Diff:  0.0, Sum:  0.0, Workers: 4
[6305.113s][debug][gc,phases      ] GC(256)     Dead                           Min: 0, Avg:  0.0, Max: 0, Diff: 0, Sum: 0, Workers: 4
[6305.113s][debug][gc,phases      ] GC(256)     Total                          Min: 0, Avg:  0.0, Max: 0, Diff: 0, Sum: 0, Workers: 4
[6305.113s][debug][gc,phases      ] GC(256) Weak Processing 0.471ms
[6305.113s][debug][gc,age         ] GC(256) Desired survivor size 6815744 bytes, new threshold 1 (max threshold 15)
[6305.113s][info ][gc,heap        ] GC(256) PSYoungGen: 2089792K(2090496K)->4672K(2090496K) Eden: 2083840K(2083840K)->0K(2083840K) From: 5952K(6656K)->4672K(6656K)
[6305.113s][info ][gc,heap        ] GC(256) ParOldGen: 639499K(640000K)->641367K(641536K)
[6305.113s][info ][gc,metaspace   ] GC(256) Metaspace: 113049K(114432K)->113049K(114432K) NonClass: 96301K(97088K)->96301K(97088K) Class: 16747K(17344K)->16747K(17344K)
[6305.113s][info ][gc             ] GC(256) Pause Young (Allocation Failure) 2665M->630M(2668M) 7.859ms
[6305.113s][info ][gc,cpu         ] GC(256) User=0.02s Sys=0.00s Real=0.01s
[6305.114s][info ][safepoint      ] Safepoint "ParallelGCFailedAllocation", Time since last: 26508851332 ns, Reaching safepoint: 7900 ns, Cleanup: 6200 ns, At safepoint: 7940657 ns, Total: 7954757 ns
[6331.103s][info ][gc,start       ] GC(257) Pause Young (Allocation Failure)
[6331.110s][debug][gc,phases      ] GC(257) Scavenge 6.755ms
[6331.110s][debug][gc,ref         ] GC(257) ReferenceProcessor::execute queues: 1, RefProcThreadModel::Single, marks_oops_alive: false
[6331.110s][debug][gc,ref         ] GC(257) Skipped KeepAliveFinalRefsPhase of Reference Processing: no references
[6331.110s][debug][gc,ref         ] GC(257) ReferenceProcessor::execute queues: 1, RefProcThreadModel::Single, marks_oops_alive: false
[6331.110s][debug][gc,phases      ] GC(257) Reference Processing 0.117ms
[6331.110s][debug][gc,phases      ] GC(257)   VM Weak                        Min:  0.0, Avg:  0.0, Max:  0.0, Diff:  0.0, Sum:  0.0, Workers: 4
[6331.110s][debug][gc,phases      ] GC(257)     Dead                           Min: 0, Avg:  0.0, Max: 0, Diff: 0, Sum: 0, Workers: 4
[6331.110s][debug][gc,phases      ] GC(257)     Total                          Min: 0, Avg: 261.5, Max: 982, Diff: 982, Sum: 1046, Workers: 4
[6331.110s][debug][gc,phases      ] GC(257)   ObjectSynchronizer Weak        Min:  0.0, Avg:  0.0, Max:  0.0, Diff:  0.0, Sum:  0.0, Workers: 4
[6331.110s][debug][gc,phases      ] GC(257)     Dead                           Min: 0, Avg:  0.0, Max: 0, Diff: 0, Sum: 0, Workers: 4
[6331.110s][debug][gc,phases      ] GC(257)     Total                          Min: 0, Avg:  0.8, Max: 3, Diff: 3, Sum: 3, Workers: 4
[6331.110s][debug][gc,phases      ] GC(257)   JVMTI Tag Weak OopStorage      Min:  0.0, Avg:  0.0, Max:  0.0, Diff:  0.0, Sum:  0.0, Workers: 4
[6331.110s][debug][gc,phases      ] GC(257)     Dead                           Min: 0, Avg:  0.0, Max: 0, Diff: 0, Sum: 0, Workers: 4
[6331.110s][debug][gc,phases      ] GC(257)     Total                          Min: 0, Avg:  0.0, Max: 0, Diff: 0, Sum: 0, Workers: 4
[6331.110s][debug][gc,phases      ] GC(257)   StringTable Weak               Min:  0.0, Avg:  0.1, Max:  0.2, Diff:  0.2, Sum:  0.5, Workers: 4
[6331.110s][debug][gc,phases      ] GC(257)     Dead                           Min: 0, Avg:  0.0, Max: 0, Diff: 0, Sum: 0, Workers: 4
[6331.110s][debug][gc,phases      ] GC(257)     Total                          Min: 0, Avg: 12078.0, Max: 16888, Diff: 16888, Sum: 48312, Workers: 4
[6331.110s][debug][gc,phases      ] GC(257)   ResolvedMethodTable Weak       Min:  0.0, Avg:  0.0, Max:  0.1, Diff:  0.1, Sum:  0.2, Workers: 4
[6331.110s][debug][gc,phases      ] GC(257)     Dead                           Min: 0, Avg:  4.0, Max: 16, Diff: 16, Sum: 16, Workers: 4
[6331.110s][debug][gc,phases      ] GC(257)     Total                          Min: 0, Avg: 4011.5, Max: 5658, Diff: 5658, Sum: 16046, Workers: 4
[6331.110s][debug][gc,phases      ] GC(257)   JNI Weak                       Min:  0.0, Avg:  0.0, Max:  0.0, Diff:  0.0, Sum:  0.0, Workers: 4
[6331.110s][debug][gc,phases      ] GC(257)     Dead                           Min: 0, Avg:  0.0, Max: 0, Diff: 0, Sum: 0, Workers: 4
[6331.110s][debug][gc,phases      ] GC(257)     Total                          Min: 0, Avg: 13.0, Max: 48, Diff: 48, Sum: 52, Workers: 4
[6331.110s][debug][gc,phases      ] GC(257)   StringDedup Table Weak         Min:  0.0, Avg:  0.0, Max:  0.0, Diff:  0.0, Sum:  0.0, Workers: 4
[6331.110s][debug][gc,phases      ] GC(257)     Dead                           Min: 0, Avg:  0.0, Max: 0, Diff: 0, Sum: 0, Workers: 4
[6331.110s][debug][gc,phases      ] GC(257)     Total                          Min: 0, Avg:  0.0, Max: 0, Diff: 0, Sum: 0, Workers: 4
[6331.110s][debug][gc,phases      ] GC(257)   StringDedup Requests0 Weak     Min:  0.0, Avg:  0.0, Max:  0.0, Diff:  0.0, Sum:  0.0, Workers: 4
[6331.110s][debug][gc,phases      ] GC(257)     Dead                           Min: 0, Avg:  0.0, Max: 0, Diff: 0, Sum: 0, Workers: 4
[6331.110s][debug][gc,phases      ] GC(257)     Total                          Min: 0, Avg:  0.0, Max: 0, Diff: 0, Sum: 0, Workers: 4
[6331.110s][debug][gc,phases      ] GC(257)   StringDedup Requests1 Weak     Min:  0.0, Avg:  0.0, Max:  0.0, Diff:  0.0, Sum:  0.0, Workers: 4
[6331.110s][debug][gc,phases      ] GC(257)     Dead                           Min: 0, Avg:  0.0, Max: 0, Diff: 0, Sum: 0, Workers: 4
[6331.110s][debug][gc,phases      ] GC(257)     Total                          Min: 0, Avg:  0.0, Max: 0, Diff: 0, Sum: 0, Workers: 4
[6331.110s][debug][gc,phases      ] GC(257)   Weak JFR Old Object Samples    Min:  0.0, Avg:  0.0, Max:  0.0, Diff:  0.0, Sum:  0.0, Workers: 4
[6331.111s][debug][gc,phases      ] GC(257)     Dead                           Min: 0, Avg:  0.0, Max: 0, Diff: 0, Sum: 0, Workers: 4
[6331.111s][debug][gc,phases      ] GC(257)     Total                          Min: 0, Avg:  0.0, Max: 0, Diff: 0, Sum: 0, Workers: 4
[6331.111s][debug][gc,phases      ] GC(257) Weak Processing 0.471ms
[6331.111s][debug][gc,age         ] GC(257) Desired survivor size 6815744 bytes, new threshold 1 (max threshold 15)
[6331.111s][info ][gc,heap        ] GC(257) PSYoungGen: 2088512K(2090496K)->4784K(2090496K) Eden: 2083840K(2083840K)->0K(2083840K) From: 4672K(6656K)->4784K(6656K)
[6331.111s][info ][gc,heap        ] GC(257) ParOldGen: 641367K(641536K)->642235K(642560K)
[6331.111s][info ][gc,metaspace   ] GC(257) Metaspace: 113057K(114432K)->113057K(114432K) NonClass: 96309K(97088K)->96309K(97088K) Class: 16747K(17344K)->16747K(17344K)
[6331.111s][info ][gc             ] GC(257) Pause Young (Allocation Failure) 2665M->631M(2669M) 7.495ms
[6331.111s][info ][gc,cpu         ] GC(257) User=0.02s Sys=0.00s Real=0.01s
[6331.111s][info ][safepoint      ] Safepoint "ParallelGCFailedAllocation", Time since last: 25989465215 ns, Reaching safepoint: 8600 ns, Cleanup: 4600 ns, At safepoint: 7617345 ns, Total: 7630545 ns
[6357.355s][info ][gc,start       ] GC(258) Pause Young (Allocation Failure)
[6357.363s][debug][gc,phases      ] GC(258) Scavenge 7.658ms
[6357.363s][debug][gc,ref         ] GC(258) ReferenceProcessor::execute queues: 1, RefProcThreadModel::Single, marks_oops_alive: false
[6357.363s][debug][gc,ref         ] GC(258) Skipped KeepAliveFinalRefsPhase of Reference Processing: no references
[6357.363s][debug][gc,ref         ] GC(258) ReferenceProcessor::execute queues: 1, RefProcThreadModel::Single, marks_oops_alive: false
[6357.363s][debug][gc,phases      ] GC(258) Reference Processing 0.119ms
[6357.364s][debug][gc,phases      ] GC(258)   VM Weak                        Min:  0.0, Avg:  0.0, Max:  0.0, Diff:  0.0, Sum:  0.0, Workers: 4
[6357.364s][debug][gc,phases      ] GC(258)     Dead                           Min: 0, Avg:  0.0, Max: 0, Diff: 0, Sum: 0, Workers: 4
[6357.364s][debug][gc,phases      ] GC(258)     Total                          Min: 64, Avg: 261.5, Max: 512, Diff: 448, Sum: 1046, Workers: 4
[6357.364s][debug][gc,phases      ] GC(258)   ObjectSynchronizer Weak        Min:  0.0, Avg:  0.0, Max:  0.0, Diff:  0.0, Sum:  0.0, Workers: 4
[6357.364s][debug][gc,phases      ] GC(258)     Dead                           Min: 0, Avg:  0.0, Max: 0, Diff: 0, Sum: 0, Workers: 4
[6357.364s][debug][gc,phases      ] GC(258)     Total                          Min: 0, Avg:  0.8, Max: 3, Diff: 3, Sum: 3, Workers: 4
[6357.364s][debug][gc,phases      ] GC(258)   JVMTI Tag Weak OopStorage      Min:  0.0, Avg:  0.0, Max:  0.0, Diff:  0.0, Sum:  0.0, Workers: 4
[6357.364s][debug][gc,phases      ] GC(258)     Dead                           Min: 0, Avg:  0.0, Max: 0, Diff: 0, Sum: 0, Workers: 4
[6357.364s][debug][gc,phases      ] GC(258)     Total                          Min: 0, Avg:  0.0, Max: 0, Diff: 0, Sum: 0, Workers: 4
[6357.364s][debug][gc,phases      ] GC(258)   StringTable Weak               Min:  0.2, Avg:  0.2, Max:  0.2, Diff:  0.0, Sum:  0.6, Workers: 4
[6357.364s][debug][gc,phases      ] GC(258)     Dead                           Min: 0, Avg:  0.0, Max: 0, Diff: 0, Sum: 0, Workers: 4
[6357.364s][debug][gc,phases      ] GC(258)     Total                          Min: 8057, Avg: 12078.2, Max: 15040, Diff: 6983, Sum: 48313, Workers: 4
[6357.364s][debug][gc,phases      ] GC(258)   ResolvedMethodTable Weak       Min:  0.0, Avg:  0.1, Max:  0.1, Diff:  0.1, Sum:  0.2, Workers: 4
[6357.364s][debug][gc,phases      ] GC(258)     Dead                           Min: 0, Avg:  4.0, Max: 16, Diff: 16, Sum: 16, Workers: 4
[6357.364s][debug][gc,phases      ] GC(258)     Total                          Min: 1815, Avg: 4012.0, Max: 6153, Diff: 4338, Sum: 16048, Workers: 4
[6357.364s][debug][gc,phases      ] GC(258)   JNI Weak                       Min:  0.0, Avg:  0.0, Max:  0.0, Diff:  0.0, Sum:  0.0, Workers: 4
[6357.364s][debug][gc,phases      ] GC(258)     Dead                           Min: 0, Avg:  0.0, Max: 0, Diff: 0, Sum: 0, Workers: 4
[6357.364s][debug][gc,phases      ] GC(258)     Total                          Min: 0, Avg: 13.0, Max: 48, Diff: 48, Sum: 52, Workers: 4
[6357.364s][debug][gc,phases      ] GC(258)   StringDedup Table Weak         Min:  0.0, Avg:  0.0, Max:  0.0, Diff:  0.0, Sum:  0.0, Workers: 4
[6357.364s][debug][gc,phases      ] GC(258)     Dead                           Min: 0, Avg:  0.0, Max: 0, Diff: 0, Sum: 0, Workers: 4
[6357.364s][debug][gc,phases      ] GC(258)     Total                          Min: 0, Avg:  0.0, Max: 0, Diff: 0, Sum: 0, Workers: 4
[6357.364s][debug][gc,phases      ] GC(258)   StringDedup Requests0 Weak     Min:  0.0, Avg:  0.0, Max:  0.0, Diff:  0.0, Sum:  0.0, Workers: 4
[6357.364s][debug][gc,phases      ] GC(258)     Dead                           Min: 0, Avg:  0.0, Max: 0, Diff: 0, Sum: 0, Workers: 4
[6357.364s][debug][gc,phases      ] GC(258)     Total                          Min: 0, Avg:  0.0, Max: 0, Diff: 0, Sum: 0, Workers: 4
[6357.364s][debug][gc,phases      ] GC(258)   StringDedup Requests1 Weak     Min:  0.0, Avg:  0.0, Max:  0.0, Diff:  0.0, Sum:  0.0, Workers: 4
[6357.364s][debug][gc,phases      ] GC(258)     Dead                           Min: 0, Avg:  0.0, Max: 0, Diff: 0, Sum: 0, Workers: 4
[6357.364s][debug][gc,phases      ] GC(258)     Total                          Min: 0, Avg:  0.0, Max: 0, Diff: 0, Sum: 0, Workers: 4
[6357.364s][debug][gc,phases      ] GC(258)   Weak JFR Old Object Samples    Min:  0.0, Avg:  0.0, Max:  0.0, Diff:  0.0, Sum:  0.0, Workers: 4
[6357.364s][debug][gc,phases      ] GC(258)     Dead                           Min: 0, Avg:  0.0, Max: 0, Diff: 0, Sum: 0, Workers: 4
[6357.364s][debug][gc,phases      ] GC(258)     Total                          Min: 0, Avg:  0.0, Max: 0, Diff: 0, Sum: 0, Workers: 4
[6357.364s][debug][gc,phases      ] GC(258) Weak Processing 0.524ms
[6357.364s][debug][gc,age         ] GC(258) Desired survivor size 7340032 bytes, new threshold 1 (max threshold 15)
[6357.364s][info ][gc,heap        ] GC(258) PSYoungGen: 2088624K(2090496K)->6530K(2090496K) Eden: 2083840K(2083840K)->0K(2083840K) From: 4784K(6656K)->6530K(6656K)
[6357.364s][info ][gc,heap        ] GC(258) ParOldGen: 642235K(642560K)->643084K(643584K)
[6357.364s][info ][gc,metaspace   ] GC(258) Metaspace: 113059K(114432K)->113059K(114432K) NonClass: 96311K(97088K)->96311K(97088K) Class: 16748K(17344K)->16748K(17344K)
[6357.364s][info ][gc             ] GC(258) Pause Young (Allocation Failure) 2666M->634M(2670M) 8.450ms
[6357.364s][info ][gc,cpu         ] GC(258) User=0.01s Sys=0.01s Real=0.01s
[6357.364s][info ][safepoint      ] Safepoint "ParallelGCFailedAllocation", Time since last: 26244708854 ns, Reaching safepoint: 12001 ns, Cleanup: 5700 ns, At safepoint: 8544970 ns, Total: 8562671 ns
[6383.644s][info ][gc,start       ] GC(259) Pause Young (Allocation Failure)
[6383.649s][debug][gc,phases      ] GC(259) Scavenge 5.331ms
[6383.649s][debug][gc,ref         ] GC(259) ReferenceProcessor::execute queues: 1, RefProcThreadModel::Single, marks_oops_alive: false
[6383.649s][debug][gc,ref         ] GC(259) Skipped KeepAliveFinalRefsPhase of Reference Processing: no references
[6383.649s][debug][gc,ref         ] GC(259) ReferenceProcessor::execute queues: 1, RefProcThreadModel::Single, marks_oops_alive: false
[6383.649s][debug][gc,phases      ] GC(259) Reference Processing 0.119ms
[6383.650s][debug][gc,phases      ] GC(259)   VM Weak                        Min:  0.0, Avg:  0.0, Max:  0.0, Diff:  0.0, Sum:  0.0, Workers: 4
[6383.650s][debug][gc,phases      ] GC(259)     Dead                           Min: 0, Avg:  0.0, Max: 0, Diff: 0, Sum: 0, Workers: 4
[6383.650s][debug][gc,phases      ] GC(259)     Total                          Min: 0, Avg: 261.5, Max: 790, Diff: 790, Sum: 1046, Workers: 4
[6383.650s][debug][gc,phases      ] GC(259)   ObjectSynchronizer Weak        Min:  0.0, Avg:  0.0, Max:  0.0, Diff:  0.0, Sum:  0.0, Workers: 4
[6383.650s][debug][gc,phases      ] GC(259)     Dead                           Min: 0, Avg:  0.0, Max: 0, Diff: 0, Sum: 0, Workers: 4
[6383.650s][debug][gc,phases      ] GC(259)     Total                          Min: 0, Avg:  0.8, Max: 3, Diff: 3, Sum: 3, Workers: 4
[6383.650s][debug][gc,phases      ] GC(259)   JVMTI Tag Weak OopStorage      Min:  0.0, Avg:  0.0, Max:  0.0, Diff:  0.0, Sum:  0.0, Workers: 4
[6383.650s][debug][gc,phases      ] GC(259)     Dead                           Min: 0, Avg:  0.0, Max: 0, Diff: 0, Sum: 0, Workers: 4
[6383.650s][debug][gc,phases      ] GC(259)     Total                          Min: 0, Avg:  0.0, Max: 0, Diff: 0, Sum: 0, Workers: 4
[6383.650s][debug][gc,phases      ] GC(259)   StringTable Weak               Min:  0.0, Avg:  0.1, Max:  0.2, Diff:  0.2, Sum:  0.5, Workers: 4
[6383.650s][debug][gc,phases      ] GC(259)     Dead                           Min: 0, Avg:  0.0, Max: 0, Diff: 0, Sum: 0, Workers: 4
[6383.650s][debug][gc,phases      ] GC(259)     Total                          Min: 0, Avg: 12078.2, Max: 26233, Diff: 26233, Sum: 48313, Workers: 4
[6383.650s][debug][gc,phases      ] GC(259)   ResolvedMethodTable Weak       Min:  0.0, Avg:  0.0, Max:  0.1, Diff:  0.1, Sum:  0.2, Workers: 4
[6383.650s][debug][gc,phases      ] GC(259)     Dead                           Min: 0, Avg:  4.0, Max: 16, Diff: 16, Sum: 16, Workers: 4
[6383.650s][debug][gc,phases      ] GC(259)     Total                          Min: 0, Avg: 4012.0, Max: 8689, Diff: 8689, Sum: 16048, Workers: 4
[6383.650s][debug][gc,phases      ] GC(259)   JNI Weak                       Min:  0.0, Avg:  0.0, Max:  0.0, Diff:  0.0, Sum:  0.0, Workers: 4
[6383.650s][debug][gc,phases      ] GC(259)     Dead                           Min: 0, Avg:  0.0, Max: 0, Diff: 0, Sum: 0, Workers: 4
[6383.650s][debug][gc,phases      ] GC(259)     Total                          Min: 0, Avg: 13.0, Max: 48, Diff: 48, Sum: 52, Workers: 4
[6383.650s][debug][gc,phases      ] GC(259)   StringDedup Table Weak         Min:  0.0, Avg:  0.0, Max:  0.0, Diff:  0.0, Sum:  0.0, Workers: 4
[6383.650s][debug][gc,phases      ] GC(259)     Dead                           Min: 0, Avg:  0.0, Max: 0, Diff: 0, Sum: 0, Workers: 4
[6383.650s][debug][gc,phases      ] GC(259)     Total                          Min: 0, Avg:  0.0, Max: 0, Diff: 0, Sum: 0, Workers: 4
[6383.650s][debug][gc,phases      ] GC(259)   StringDedup Requests0 Weak     Min:  0.0, Avg:  0.0, Max:  0.0, Diff:  0.0, Sum:  0.0, Workers: 4
[6383.650s][debug][gc,phases      ] GC(259)     Dead                           Min: 0, Avg:  0.0, Max: 0, Diff: 0, Sum: 0, Workers: 4
[6383.650s][debug][gc,phases      ] GC(259)     Total                          Min: 0, Avg:  0.0, Max: 0, Diff: 0, Sum: 0, Workers: 4
[6383.650s][debug][gc,phases      ] GC(259)   StringDedup Requests1 Weak     Min:  0.0, Avg:  0.0, Max:  0.0, Diff:  0.0, Sum:  0.0, Workers: 4
[6383.650s][debug][gc,phases      ] GC(259)     Dead                           Min: 0, Avg:  0.0, Max: 0, Diff: 0, Sum: 0, Workers: 4
[6383.650s][debug][gc,phases      ] GC(259)     Total                          Min: 0, Avg:  0.0, Max: 0, Diff: 0, Sum: 0, Workers: 4
[6383.650s][debug][gc,phases      ] GC(259)   Weak JFR Old Object Samples    Min:  0.0, Avg:  0.0, Max:  0.0, Diff:  0.0, Sum:  0.0, Workers: 4
[6383.650s][debug][gc,phases      ] GC(259)     Dead                           Min: 0, Avg:  0.0, Max: 0, Diff: 0, Sum: 0, Workers: 4
[6383.650s][debug][gc,phases      ] GC(259)     Total                          Min: 0, Avg:  0.0, Max: 0, Diff: 0, Sum: 0, Workers: 4
[6383.650s][debug][gc,phases      ] GC(259) Weak Processing 0.566ms
[6383.650s][debug][gc,age         ] GC(259) Desired survivor size 6815744 bytes, new threshold 1 (max threshold 15)
[6383.650s][info ][gc,heap        ] GC(259) PSYoungGen: 2090370K(2090496K)->4992K(2090496K) Eden: 2083840K(2083840K)->0K(2083840K) From: 6530K(6656K)->4992K(6656K)
[6383.650s][info ][gc,heap        ] GC(259) ParOldGen: 643084K(643584K)->645466K(645632K)
[6383.650s][info ][gc,metaspace   ] GC(259) Metaspace: 113060K(114432K)->113060K(114432K) NonClass: 96312K(97088K)->96312K(97088K) Class: 16748K(17344K)->16748K(17344K)
[6383.650s][info ][gc             ] GC(259) Pause Young (Allocation Failure) 2669M->635M(2672M) 6.197ms
[6383.650s][info ][gc,cpu         ] GC(259) User=0.02s Sys=0.00s Real=0.00s
[6383.650s][info ][safepoint      ] Safepoint "ParallelGCFailedAllocation", Time since last: 26279962702 ns, Reaching safepoint: 8501 ns, Cleanup: 5000 ns, At safepoint: 6282700 ns, Total: 6296201 ns
[6410.194s][info ][gc,start       ] GC(260) Pause Young (Allocation Failure)
[6410.201s][debug][gc,phases      ] GC(260) Scavenge 6.917ms
[6410.201s][debug][gc,ref         ] GC(260) ReferenceProcessor::execute queues: 1, RefProcThreadModel::Single, marks_oops_alive: false
[6410.202s][debug][gc,ref         ] GC(260) Skipped KeepAliveFinalRefsPhase of Reference Processing: no references
[6410.202s][debug][gc,ref         ] GC(260) Skipped PhantomRefsPhase of Reference Processing: no references
[6410.202s][debug][gc,phases      ] GC(260) Reference Processing 0.120ms
[6410.202s][debug][gc,phases      ] GC(260)   VM Weak                        Min:  0.0, Avg:  0.0, Max:  0.0, Diff:  0.0, Sum:  0.0, Workers: 4
[6410.202s][debug][gc,phases      ] GC(260)     Dead                           Min: 0, Avg:  0.0, Max: 0, Diff: 0, Sum: 0, Workers: 4
[6410.202s][debug][gc,phases      ] GC(260)     Total                          Min: 0, Avg: 261.5, Max: 534, Diff: 534, Sum: 1046, Workers: 4
[6410.202s][debug][gc,phases      ] GC(260)   ObjectSynchronizer Weak        Min:  0.0, Avg:  0.0, Max:  0.0, Diff:  0.0, Sum:  0.0, Workers: 4
[6410.202s][debug][gc,phases      ] GC(260)     Dead                           Min: 0, Avg:  0.0, Max: 0, Diff: 0, Sum: 0, Workers: 4
[6410.202s][debug][gc,phases      ] GC(260)     Total                          Min: 0, Avg:  0.8, Max: 3, Diff: 3, Sum: 3, Workers: 4
[6410.202s][debug][gc,phases      ] GC(260)   JVMTI Tag Weak OopStorage      Min:  0.0, Avg:  0.0, Max:  0.0, Diff:  0.0, Sum:  0.0, Workers: 4
[6410.202s][debug][gc,phases      ] GC(260)     Dead                           Min: 0, Avg:  0.0, Max: 0, Diff: 0, Sum: 0, Workers: 4
[6410.202s][debug][gc,phases      ] GC(260)     Total                          Min: 0, Avg:  0.0, Max: 0, Diff: 0, Sum: 0, Workers: 4
[6410.202s][debug][gc,phases      ] GC(260)   StringTable Weak               Min:  0.0, Avg:  0.1, Max:  0.2, Diff:  0.2, Sum:  0.5, Workers: 4
[6410.202s][debug][gc,phases      ] GC(260)     Dead                           Min: 0, Avg:  0.0, Max: 0, Diff: 0, Sum: 0, Workers: 4
[6410.202s][debug][gc,phases      ] GC(260)     Total                          Min: 0, Avg: 12078.2, Max: 25145, Diff: 25145, Sum: 48313, Workers: 4
[6410.202s][debug][gc,phases      ] GC(260)   ResolvedMethodTable Weak       Min:  0.0, Avg:  0.0, Max:  0.1, Diff:  0.1, Sum:  0.2, Workers: 4
[6410.202s][debug][gc,phases      ] GC(260)     Dead                           Min: 0, Avg:  4.0, Max: 16, Diff: 16, Sum: 16, Workers: 4
[6410.202s][debug][gc,phases      ] GC(260)     Total                          Min: 0, Avg: 4012.0, Max: 8778, Diff: 8778, Sum: 16048, Workers: 4
[6410.202s][debug][gc,phases      ] GC(260)   JNI Weak                       Min:  0.0, Avg:  0.0, Max:  0.0, Diff:  0.0, Sum:  0.0, Workers: 4
[6410.202s][debug][gc,phases      ] GC(260)     Dead                           Min: 0, Avg:  0.0, Max: 0, Diff: 0, Sum: 0, Workers: 4
[6410.202s][debug][gc,phases      ] GC(260)     Total                          Min: 0, Avg: 13.0, Max: 48, Diff: 48, Sum: 52, Workers: 4
[6410.202s][debug][gc,phases      ] GC(260)   StringDedup Table Weak         Min:  0.0, Avg:  0.0, Max:  0.0, Diff:  0.0, Sum:  0.0, Workers: 4
[6410.202s][debug][gc,phases      ] GC(260)     Dead                           Min: 0, Avg:  0.0, Max: 0, Diff: 0, Sum: 0, Workers: 4
[6410.202s][debug][gc,phases      ] GC(260)     Total                          Min: 0, Avg:  0.0, Max: 0, Diff: 0, Sum: 0, Workers: 4
[6410.202s][debug][gc,phases      ] GC(260)   StringDedup Requests0 Weak     Min:  0.0, Avg:  0.0, Max:  0.0, Diff:  0.0, Sum:  0.0, Workers: 4
[6410.202s][debug][gc,phases      ] GC(260)     Dead                           Min: 0, Avg:  0.0, Max: 0, Diff: 0, Sum: 0, Workers: 4
[6410.202s][debug][gc,phases      ] GC(260)     Total                          Min: 0, Avg:  0.0, Max: 0, Diff: 0, Sum: 0, Workers: 4
[6410.202s][debug][gc,phases      ] GC(260)   StringDedup Requests1 Weak     Min:  0.0, Avg:  0.0, Max:  0.0, Diff:  0.0, Sum:  0.0, Workers: 4
[6410.202s][debug][gc,phases      ] GC(260)     Dead                           Min: 0, Avg:  0.0, Max: 0, Diff: 0, Sum: 0, Workers: 4
[6410.202s][debug][gc,phases      ] GC(260)     Total                          Min: 0, Avg:  0.0, Max: 0, Diff: 0, Sum: 0, Workers: 4
[6410.202s][debug][gc,phases      ] GC(260)   Weak JFR Old Object Samples    Min:  0.0, Avg:  0.0, Max:  0.0, Diff:  0.0, Sum:  0.0, Workers: 4
[6410.202s][debug][gc,phases      ] GC(260)     Dead                           Min: 0, Avg:  0.0, Max: 0, Diff: 0, Sum: 0, Workers: 4
[6410.202s][debug][gc,phases      ] GC(260)     Total                          Min: 0, Avg:  0.0, Max: 0, Diff: 0, Sum: 0, Workers: 4
[6410.202s][debug][gc,phases      ] GC(260) Weak Processing 0.570ms
[6410.202s][debug][gc,age         ] GC(260) Desired survivor size 6815744 bytes, new threshold 1 (max threshold 15)
[6410.202s][info ][gc,heap        ] GC(260) PSYoungGen: 2088832K(2090496K)->4816K(2090496K) Eden: 2083840K(2083840K)->0K(2083840K) From: 4992K(6656K)->4816K(6656K)
[6410.202s][info ][gc,heap        ] GC(260) ParOldGen: 645466K(645632K)->646559K(646656K)
[6410.202s][info ][gc,metaspace   ] GC(260) Metaspace: 113060K(114432K)->113060K(114432K) NonClass: 96312K(97088K)->96312K(97088K) Class: 16748K(17344K)->16748K(17344K)
[6410.202s][info ][gc             ] GC(260) Pause Young (Allocation Failure) 2670M->636M(2673M) 7.752ms
[6410.202s][info ][gc,cpu         ] GC(260) User=0.02s Sys=0.00s Real=0.00s
[6410.202s][info ][safepoint      ] Safepoint "ParallelGCFailedAllocation", Time since last: 26544160330 ns, Reaching safepoint: 8800 ns, Cleanup: 4500 ns, At safepoint: 7866550 ns, Total: 7879850 ns
[6426.204s][info ][safepoint      ] Safepoint "Cleanup", Time since last: 16001702835 ns, Reaching safepoint: 85503 ns, Cleanup: 11900 ns, At safepoint: 34402 ns, Total: 131805 ns
[6435.891s][info ][gc,start       ] GC(261) Pause Young (Allocation Failure)
[6435.896s][debug][gc,phases      ] GC(261) Scavenge 5.101ms
[6435.896s][debug][gc,ref         ] GC(261) ReferenceProcessor::execute queues: 1, RefProcThreadModel::Single, marks_oops_alive: false
[6435.896s][debug][gc,ref         ] GC(261) Skipped KeepAliveFinalRefsPhase of Reference Processing: no references
[6435.896s][debug][gc,ref         ] GC(261) Skipped PhantomRefsPhase of Reference Processing: no references
[6435.896s][debug][gc,phases      ] GC(261) Reference Processing 0.120ms
[6435.897s][debug][gc,phases      ] GC(261)   VM Weak                        Min:  0.0, Avg:  0.0, Max:  0.0, Diff:  0.0, Sum:  0.0, Workers: 4
[6435.897s][debug][gc,phases      ] GC(261)     Dead                           Min: 0, Avg:  0.0, Max: 0, Diff: 0, Sum: 0, Workers: 4
[6435.897s][debug][gc,phases      ] GC(261)     Total                          Min: 0, Avg: 261.5, Max: 790, Diff: 790, Sum: 1046, Workers: 4
[6435.897s][debug][gc,phases      ] GC(261)   ObjectSynchronizer Weak        Min:  0.0, Avg:  0.0, Max:  0.0, Diff:  0.0, Sum:  0.0, Workers: 4
[6435.897s][debug][gc,phases      ] GC(261)     Dead                           Min: 0, Avg:  0.0, Max: 0, Diff: 0, Sum: 0, Workers: 4
[6435.897s][debug][gc,phases      ] GC(261)     Total                          Min: 0, Avg:  1.0, Max: 4, Diff: 4, Sum: 4, Workers: 4
[6435.897s][debug][gc,phases      ] GC(261)   JVMTI Tag Weak OopStorage      Min:  0.0, Avg:  0.0, Max:  0.0, Diff:  0.0, Sum:  0.0, Workers: 4
[6435.897s][debug][gc,phases      ] GC(261)     Dead                           Min: 0, Avg:  0.0, Max: 0, Diff: 0, Sum: 0, Workers: 4
[6435.897s][debug][gc,phases      ] GC(261)     Total                          Min: 0, Avg:  0.0, Max: 0, Diff: 0, Sum: 0, Workers: 4
[6435.897s][debug][gc,phases      ] GC(261)   StringTable Weak               Min:  0.0, Avg:  0.1, Max:  0.2, Diff:  0.2, Sum:  0.5, Workers: 4
[6435.897s][debug][gc,phases      ] GC(261)     Dead                           Min: 0, Avg:  0.0, Max: 0, Diff: 0, Sum: 0, Workers: 4
[6435.897s][debug][gc,phases      ] GC(261)     Total                          Min: 0, Avg: 12078.2, Max: 24889, Diff: 24889, Sum: 48313, Workers: 4
[6435.897s][debug][gc,phases      ] GC(261)   ResolvedMethodTable Weak       Min:  0.0, Avg:  0.0, Max:  0.1, Diff:  0.1, Sum:  0.2, Workers: 4
[6435.897s][debug][gc,phases      ] GC(261)     Dead                           Min: 0, Avg:  4.0, Max: 16, Diff: 16, Sum: 16, Workers: 4
[6435.897s][debug][gc,phases      ] GC(261)     Total                          Min: 0, Avg: 4012.0, Max: 8624, Diff: 8624, Sum: 16048, Workers: 4
[6435.897s][debug][gc,phases      ] GC(261)   JNI Weak                       Min:  0.0, Avg:  0.0, Max:  0.0, Diff:  0.0, Sum:  0.0, Workers: 4
[6435.897s][debug][gc,phases      ] GC(261)     Dead                           Min: 0, Avg:  0.0, Max: 0, Diff: 0, Sum: 0, Workers: 4
[6435.897s][debug][gc,phases      ] GC(261)     Total                          Min: 0, Avg: 13.0, Max: 52, Diff: 52, Sum: 52, Workers: 4
[6435.897s][debug][gc,phases      ] GC(261)   StringDedup Table Weak         Min:  0.0, Avg:  0.0, Max:  0.0, Diff:  0.0, Sum:  0.0, Workers: 4
[6435.897s][debug][gc,phases      ] GC(261)     Dead                           Min: 0, Avg:  0.0, Max: 0, Diff: 0, Sum: 0, Workers: 4
[6435.897s][debug][gc,phases      ] GC(261)     Total                          Min: 0, Avg:  0.0, Max: 0, Diff: 0, Sum: 0, Workers: 4
[6435.897s][debug][gc,phases      ] GC(261)   StringDedup Requests0 Weak     Min:  0.0, Avg:  0.0, Max:  0.0, Diff:  0.0, Sum:  0.0, Workers: 4
[6435.897s][debug][gc,phases      ] GC(261)     Dead                           Min: 0, Avg:  0.0, Max: 0, Diff: 0, Sum: 0, Workers: 4
[6435.897s][debug][gc,phases      ] GC(261)     Total                          Min: 0, Avg:  0.0, Max: 0, Diff: 0, Sum: 0, Workers: 4
[6435.897s][debug][gc,phases      ] GC(261)   StringDedup Requests1 Weak     Min:  0.0, Avg:  0.0, Max:  0.0, Diff:  0.0, Sum:  0.0, Workers: 4
[6435.897s][debug][gc,phases      ] GC(261)     Dead                           Min: 0, Avg:  0.0, Max: 0, Diff: 0, Sum: 0, Workers: 4
[6435.897s][debug][gc,phases      ] GC(261)     Total                          Min: 0, Avg:  0.0, Max: 0, Diff: 0, Sum: 0, Workers: 4
[6435.897s][debug][gc,phases      ] GC(261)   Weak JFR Old Object Samples    Min:  0.0, Avg:  0.0, Max:  0.0, Diff:  0.0, Sum:  0.0, Workers: 4
[6435.897s][debug][gc,phases      ] GC(261)     Dead                           Min: 0, Avg:  0.0, Max: 0, Diff: 0, Sum: 0, Workers: 4
[6435.897s][debug][gc,phases      ] GC(261)     Total                          Min: 0, Avg:  0.0, Max: 0, Diff: 0, Sum: 0, Workers: 4
[6435.897s][debug][gc,phases      ] GC(261) Weak Processing 0.608ms
[6435.897s][debug][gc,age         ] GC(261) Desired survivor size 6815744 bytes, new threshold 1 (max threshold 15)
[6435.897s][info ][gc,heap        ] GC(261) PSYoungGen: 2088656K(2090496K)->5696K(2090496K) Eden: 2083840K(2083840K)->0K(2083840K) From: 4816K(6656K)->5696K(6656K)
[6435.897s][info ][gc,heap        ] GC(261) ParOldGen: 646559K(646656K)->647335K(647680K)
[6435.897s][info ][gc,metaspace   ] GC(261) Metaspace: 113060K(114432K)->113060K(114432K) NonClass: 96312K(97088K)->96312K(97088K) Class: 16748K(17344K)->16748K(17344K)
[6435.897s][info ][gc             ] GC(261) Pause Young (Allocation Failure) 2671M->637M(2674M) 5.977ms
[6435.897s][info ][gc,cpu         ] GC(261) User=0.02s Sys=0.01s Real=0.01s
[6435.897s][info ][safepoint      ] Safepoint "ParallelGCFailedAllocation", Time since last: 9686697452 ns, Reaching safepoint: 9100 ns, Cleanup: 5201 ns, At safepoint: 6096684 ns, Total: 6110985 ns
[6462.190s][info ][gc,start       ] GC(262) Pause Young (Allocation Failure)
[6462.198s][debug][gc,phases      ] GC(262) Scavenge 7.297ms
[6462.198s][debug][gc,ref         ] GC(262) ReferenceProcessor::execute queues: 1, RefProcThreadModel::Single, marks_oops_alive: false
[6462.198s][debug][gc,ref         ] GC(262) Skipped KeepAliveFinalRefsPhase of Reference Processing: no references
[6462.198s][debug][gc,ref         ] GC(262) Skipped PhantomRefsPhase of Reference Processing: no references
[6462.198s][debug][gc,phases      ] GC(262) Reference Processing 0.121ms
[6462.198s][debug][gc,phases      ] GC(262)   VM Weak                        Min:  0.0, Avg:  0.0, Max:  0.0, Diff:  0.0, Sum:  0.0, Workers: 4
[6462.198s][debug][gc,phases      ] GC(262)     Dead                           Min: 0, Avg:  0.0, Max: 0, Diff: 0, Sum: 0, Workers: 4
[6462.198s][debug][gc,phases      ] GC(262)     Total                          Min: 0, Avg: 261.5, Max: 576, Diff: 576, Sum: 1046, Workers: 4
[6462.198s][debug][gc,phases      ] GC(262)   ObjectSynchronizer Weak        Min:  0.0, Avg:  0.0, Max:  0.0, Diff:  0.0, Sum:  0.0, Workers: 4
[6462.198s][debug][gc,phases      ] GC(262)     Dead                           Min: 0, Avg:  0.0, Max: 0, Diff: 0, Sum: 0, Workers: 4
[6462.198s][debug][gc,phases      ] GC(262)     Total                          Min: 0, Avg:  1.0, Max: 4, Diff: 4, Sum: 4, Workers: 4
[6462.198s][debug][gc,phases      ] GC(262)   JVMTI Tag Weak OopStorage      Min:  0.0, Avg:  0.0, Max:  0.0, Diff:  0.0, Sum:  0.0, Workers: 4
[6462.198s][debug][gc,phases      ] GC(262)     Dead                           Min: 0, Avg:  0.0, Max: 0, Diff: 0, Sum: 0, Workers: 4
[6462.198s][debug][gc,phases      ] GC(262)     Total                          Min: 0, Avg:  0.0, Max: 0, Diff: 0, Sum: 0, Workers: 4
[6462.198s][debug][gc,phases      ] GC(262)   StringTable Weak               Min:  0.0, Avg:  0.1, Max:  0.2, Diff:  0.2, Sum:  0.6, Workers: 4
[6462.198s][debug][gc,phases      ] GC(262)     Dead                           Min: 0, Avg:  0.0, Max: 0, Diff: 0, Sum: 0, Workers: 4
[6462.198s][debug][gc,phases      ] GC(262)     Total                          Min: 0, Avg: 12078.2, Max: 19392, Diff: 19392, Sum: 48313, Workers: 4
[6462.198s][debug][gc,phases      ] GC(262)   ResolvedMethodTable Weak       Min:  0.0, Avg:  0.0, Max:  0.1, Diff:  0.1, Sum:  0.2, Workers: 4
[6462.198s][debug][gc,phases      ] GC(262)     Dead                           Min: 0, Avg:  4.0, Max: 16, Diff: 16, Sum: 16, Workers: 4
[6462.198s][debug][gc,phases      ] GC(262)     Total                          Min: 0, Avg: 4012.0, Max: 5527, Diff: 5527, Sum: 16048, Workers: 4
[6462.198s][debug][gc,phases      ] GC(262)   JNI Weak                       Min:  0.0, Avg:  0.0, Max:  0.0, Diff:  0.0, Sum:  0.0, Workers: 4
[6462.198s][debug][gc,phases      ] GC(262)     Dead                           Min: 0, Avg:  0.0, Max: 0, Diff: 0, Sum: 0, Workers: 4
[6462.198s][debug][gc,phases      ] GC(262)     Total                          Min: 0, Avg: 13.0, Max: 48, Diff: 48, Sum: 52, Workers: 4
[6462.198s][debug][gc,phases      ] GC(262)   StringDedup Table Weak         Min:  0.0, Avg:  0.0, Max:  0.0, Diff:  0.0, Sum:  0.0, Workers: 4
[6462.198s][debug][gc,phases      ] GC(262)     Dead                           Min: 0, Avg:  0.0, Max: 0, Diff: 0, Sum: 0, Workers: 4
[6462.198s][debug][gc,phases      ] GC(262)     Total                          Min: 0, Avg:  0.0, Max: 0, Diff: 0, Sum: 0, Workers: 4
[6462.198s][debug][gc,phases      ] GC(262)   StringDedup Requests0 Weak     Min:  0.0, Avg:  0.0, Max:  0.0, Diff:  0.0, Sum:  0.0, Workers: 4
[6462.198s][debug][gc,phases      ] GC(262)     Dead                           Min: 0, Avg:  0.0, Max: 0, Diff: 0, Sum: 0, Workers: 4
[6462.198s][debug][gc,phases      ] GC(262)     Total                          Min: 0, Avg:  0.0, Max: 0, Diff: 0, Sum: 0, Workers: 4
[6462.198s][debug][gc,phases      ] GC(262)   StringDedup Requests1 Weak     Min:  0.0, Avg:  0.0, Max:  0.0, Diff:  0.0, Sum:  0.0, Workers: 4
[6462.198s][debug][gc,phases      ] GC(262)     Dead                           Min: 0, Avg:  0.0, Max: 0, Diff: 0, Sum: 0, Workers: 4
[6462.198s][debug][gc,phases      ] GC(262)     Total                          Min: 0, Avg:  0.0, Max: 0, Diff: 0, Sum: 0, Workers: 4
[6462.198s][debug][gc,phases      ] GC(262)   Weak JFR Old Object Samples    Min:  0.0, Avg:  0.0, Max:  0.0, Diff:  0.0, Sum:  0.0, Workers: 4
[6462.198s][debug][gc,phases      ] GC(262)     Dead                           Min: 0, Avg:  0.0, Max: 0, Diff: 0, Sum: 0, Workers: 4
[6462.198s][debug][gc,phases      ] GC(262)     Total                          Min: 0, Avg:  0.0, Max: 0, Diff: 0, Sum: 0, Workers: 4
[6462.199s][debug][gc,phases      ] GC(262) Weak Processing 0.534ms
[6462.199s][debug][gc,age         ] GC(262) Desired survivor size 6815744 bytes, new threshold 1 (max threshold 15)
[6462.199s][info ][gc,heap        ] GC(262) PSYoungGen: 2089536K(2090496K)->4896K(2090496K) Eden: 2083840K(2083840K)->0K(2083840K) From: 5696K(6656K)->4896K(6656K)
[6462.199s][info ][gc,heap        ] GC(262) ParOldGen: 647335K(647680K)->649011K(649216K)
[6462.199s][info ][gc,metaspace   ] GC(262) Metaspace: 113063K(114432K)->113063K(114432K) NonClass: 96314K(97088K)->96314K(97088K) Class: 16748K(17344K)->16748K(17344K)
[6462.199s][info ][gc             ] GC(262) Pause Young (Allocation Failure) 2672M->638M(2675M) 8.130ms
[6462.199s][info ][gc,cpu         ] GC(262) User=0.02s Sys=0.00s Real=0.01s
[6462.199s][info ][safepoint      ] Safepoint "ParallelGCFailedAllocation", Time since last: 26293457611 ns, Reaching safepoint: 82703 ns, Cleanup: 4500 ns, At safepoint: 8260659 ns, Total: 8347862 ns
[6488.404s][info ][gc,start       ] GC(263) Pause Young (Allocation Failure)
[6488.413s][debug][gc,phases      ] GC(263) Scavenge 8.608ms
[6488.413s][debug][gc,ref         ] GC(263) ReferenceProcessor::execute queues: 1, RefProcThreadModel::Single, marks_oops_alive: false
[6488.413s][debug][gc,ref         ] GC(263) Skipped KeepAliveFinalRefsPhase of Reference Processing: no references
[6488.413s][debug][gc,ref         ] GC(263) Skipped PhantomRefsPhase of Reference Processing: no references
[6488.413s][debug][gc,phases      ] GC(263) Reference Processing 0.112ms
[6488.413s][debug][gc,phases      ] GC(263)   VM Weak                        Min:  0.0, Avg:  0.0, Max:  0.0, Diff:  0.0, Sum:  0.0, Workers: 4
[6488.413s][debug][gc,phases      ] GC(263)     Dead                           Min: 0, Avg:  0.0, Max: 0, Diff: 0, Sum: 0, Workers: 4
[6488.413s][debug][gc,phases      ] GC(263)     Total                          Min: 0, Avg: 261.5, Max: 790, Diff: 790, Sum: 1046, Workers: 4
[6488.413s][debug][gc,phases      ] GC(263)   ObjectSynchronizer Weak        Min:  0.0, Avg:  0.0, Max:  0.0, Diff:  0.0, Sum:  0.0, Workers: 4
[6488.413s][debug][gc,phases      ] GC(263)     Dead                           Min: 0, Avg:  0.0, Max: 0, Diff: 0, Sum: 0, Workers: 4
[6488.413s][debug][gc,phases      ] GC(263)     Total                          Min: 0, Avg:  0.8, Max: 3, Diff: 3, Sum: 3, Workers: 4
[6488.413s][debug][gc,phases      ] GC(263)   JVMTI Tag Weak OopStorage      Min:  0.0, Avg:  0.0, Max:  0.0, Diff:  0.0, Sum:  0.0, Workers: 4
[6488.413s][debug][gc,phases      ] GC(263)     Dead                           Min: 0, Avg:  0.0, Max: 0, Diff: 0, Sum: 0, Workers: 4
[6488.413s][debug][gc,phases      ] GC(263)     Total                          Min: 0, Avg:  0.0, Max: 0, Diff: 0, Sum: 0, Workers: 4
[6488.413s][debug][gc,phases      ] GC(263)   StringTable Weak               Min:  0.0, Avg:  0.1, Max:  0.2, Diff:  0.2, Sum:  0.5, Workers: 4
[6488.413s][debug][gc,phases      ] GC(263)     Dead                           Min: 0, Avg:  0.0, Max: 0, Diff: 0, Sum: 0, Workers: 4
[6488.413s][debug][gc,phases      ] GC(263)     Total                          Min: 0, Avg: 12078.2, Max: 25849, Diff: 25849, Sum: 48313, Workers: 4
[6488.413s][debug][gc,phases      ] GC(263)   ResolvedMethodTable Weak       Min:  0.0, Avg:  0.0, Max:  0.1, Diff:  0.1, Sum:  0.2, Workers: 4
[6488.413s][debug][gc,phases      ] GC(263)     Dead                           Min: 0, Avg:  4.0, Max: 16, Diff: 16, Sum: 16, Workers: 4
[6488.413s][debug][gc,phases      ] GC(263)     Total                          Min: 0, Avg: 4012.0, Max: 8836, Diff: 8836, Sum: 16048, Workers: 4
[6488.413s][debug][gc,phases      ] GC(263)   JNI Weak                       Min:  0.0, Avg:  0.0, Max:  0.0, Diff:  0.0, Sum:  0.0, Workers: 4
[6488.413s][debug][gc,phases      ] GC(263)     Dead                           Min: 0, Avg:  0.0, Max: 0, Diff: 0, Sum: 0, Workers: 4
[6488.413s][debug][gc,phases      ] GC(263)     Total                          Min: 0, Avg: 13.0, Max: 48, Diff: 48, Sum: 52, Workers: 4
[6488.413s][debug][gc,phases      ] GC(263)   StringDedup Table Weak         Min:  0.0, Avg:  0.0, Max:  0.0, Diff:  0.0, Sum:  0.0, Workers: 4
[6488.413s][debug][gc,phases      ] GC(263)     Dead                           Min: 0, Avg:  0.0, Max: 0, Diff: 0, Sum: 0, Workers: 4
[6488.413s][debug][gc,phases      ] GC(263)     Total                          Min: 0, Avg:  0.0, Max: 0, Diff: 0, Sum: 0, Workers: 4
[6488.413s][debug][gc,phases      ] GC(263)   StringDedup Requests0 Weak     Min:  0.0, Avg:  0.0, Max:  0.0, Diff:  0.0, Sum:  0.0, Workers: 4
[6488.413s][debug][gc,phases      ] GC(263)     Dead                           Min: 0, Avg:  0.0, Max: 0, Diff: 0, Sum: 0, Workers: 4
[6488.413s][debug][gc,phases      ] GC(263)     Total                          Min: 0, Avg:  0.0, Max: 0, Diff: 0, Sum: 0, Workers: 4
[6488.413s][debug][gc,phases      ] GC(263)   StringDedup Requests1 Weak     Min:  0.0, Avg:  0.0, Max:  0.0, Diff:  0.0, Sum:  0.0, Workers: 4
[6488.413s][debug][gc,phases      ] GC(263)     Dead                           Min: 0, Avg:  0.0, Max: 0, Diff: 0, Sum: 0, Workers: 4
[6488.413s][debug][gc,phases      ] GC(263)     Total                          Min: 0, Avg:  0.0, Max: 0, Diff: 0, Sum: 0, Workers: 4
[6488.413s][debug][gc,phases      ] GC(263)   Weak JFR Old Object Samples    Min:  0.0, Avg:  0.0, Max:  0.0, Diff:  0.0, Sum:  0.0, Workers: 4
[6488.413s][debug][gc,phases      ] GC(263)     Dead                           Min: 0, Avg:  0.0, Max: 0, Diff: 0, Sum: 0, Workers: 4
[6488.413s][debug][gc,phases      ] GC(263)     Total                          Min: 0, Avg:  0.0, Max: 0, Diff: 0, Sum: 0, Workers: 4
[6488.413s][debug][gc,phases      ] GC(263) Weak Processing 0.585ms
[6488.413s][debug][gc,age         ] GC(263) Desired survivor size 7340032 bytes, new threshold 1 (max threshold 15)
[6488.413s][info ][gc,heap        ] GC(263) PSYoungGen: 2088736K(2090496K)->6112K(2089472K) Eden: 2083840K(2083840K)->0K(2082816K) From: 4896K(6656K)->6112K(6656K)
[6488.413s][info ][gc,heap        ] GC(263) ParOldGen: 649011K(649216K)->649703K(649728K)
[6488.413s][info ][gc,metaspace   ] GC(263) Metaspace: 113064K(114432K)->113064K(114432K) NonClass: 96316K(97088K)->96316K(97088K) Class: 16748K(17344K)->16748K(17344K)
[6488.413s][info ][gc             ] GC(263) Pause Young (Allocation Failure) 2673M->640M(2675M) 9.465ms
[6488.413s][info ][gc,cpu         ] GC(263) User=0.02s Sys=0.00s Real=0.01s
[6488.413s][info ][safepoint      ] Safepoint "ParallelGCFailedAllocation", Time since last: 26205246307 ns, Reaching safepoint: 9001 ns, Cleanup: 4800 ns, At safepoint: 9548194 ns, Total: 9561995 ns
[6492.414s][info ][safepoint      ] Safepoint "Cleanup", Time since last: 4000341086 ns, Reaching safepoint: 10200 ns, Cleanup: 14600 ns, At safepoint: 26801 ns, Total: 51601 ns
[6514.905s][info ][gc,start       ] GC(264) Pause Young (Allocation Failure)
[6514.912s][debug][gc,phases      ] GC(264) Scavenge 6.781ms
[6514.912s][debug][gc,ref         ] GC(264) ReferenceProcessor::execute queues: 1, RefProcThreadModel::Single, marks_oops_alive: false
[6514.912s][debug][gc,ref         ] GC(264) Skipped KeepAliveFinalRefsPhase of Reference Processing: no references
[6514.912s][debug][gc,ref         ] GC(264) Skipped PhantomRefsPhase of Reference Processing: no references
[6514.912s][debug][gc,phases      ] GC(264) Reference Processing 0.115ms
[6514.913s][debug][gc,phases      ] GC(264)   VM Weak                        Min:  0.0, Avg:  0.0, Max:  0.0, Diff:  0.0, Sum:  0.0, Workers: 4
[6514.913s][debug][gc,phases      ] GC(264)     Dead                           Min: 0, Avg:  0.0, Max: 0, Diff: 0, Sum: 0, Workers: 4
[6514.913s][debug][gc,phases      ] GC(264)     Total                          Min: 0, Avg: 261.5, Max: 640, Diff: 640, Sum: 1046, Workers: 4
[6514.913s][debug][gc,phases      ] GC(264)   ObjectSynchronizer Weak        Min:  0.0, Avg:  0.0, Max:  0.0, Diff:  0.0, Sum:  0.0, Workers: 4
[6514.913s][debug][gc,phases      ] GC(264)     Dead                           Min: 0, Avg:  0.0, Max: 0, Diff: 0, Sum: 0, Workers: 4
[6514.913s][debug][gc,phases      ] GC(264)     Total                          Min: 0, Avg:  0.8, Max: 3, Diff: 3, Sum: 3, Workers: 4
[6514.913s][debug][gc,phases      ] GC(264)   JVMTI Tag Weak OopStorage      Min:  0.0, Avg:  0.0, Max:  0.0, Diff:  0.0, Sum:  0.0, Workers: 4
[6514.913s][debug][gc,phases      ] GC(264)     Dead                           Min: 0, Avg:  0.0, Max: 0, Diff: 0, Sum: 0, Workers: 4
[6514.913s][debug][gc,phases      ] GC(264)     Total                          Min: 0, Avg:  0.0, Max: 0, Diff: 0, Sum: 0, Workers: 4
[6514.913s][debug][gc,phases      ] GC(264)   StringTable Weak               Min:  0.0, Avg:  0.1, Max:  0.2, Diff:  0.2, Sum:  0.5, Workers: 4
[6514.913s][debug][gc,phases      ] GC(264)     Dead                           Min: 0, Avg:  0.0, Max: 0, Diff: 0, Sum: 0, Workers: 4
[6514.913s][debug][gc,phases      ] GC(264)     Total                          Min: 0, Avg: 12078.2, Max: 16825, Diff: 16825, Sum: 48313, Workers: 4
[6514.913s][debug][gc,phases      ] GC(264)   ResolvedMethodTable Weak       Min:  0.0, Avg:  0.0, Max:  0.1, Diff:  0.1, Sum:  0.2, Workers: 4
[6514.913s][debug][gc,phases      ] GC(264)     Dead                           Min: 0, Avg:  4.0, Max: 16, Diff: 16, Sum: 16, Workers: 4
[6514.913s][debug][gc,phases      ] GC(264)     Total                          Min: 0, Avg: 4012.0, Max: 5962, Diff: 5962, Sum: 16048, Workers: 4
[6514.913s][debug][gc,phases      ] GC(264)   JNI Weak                       Min:  0.0, Avg:  0.0, Max:  0.0, Diff:  0.0, Sum:  0.0, Workers: 4
[6514.913s][debug][gc,phases      ] GC(264)     Dead                           Min: 0, Avg:  0.0, Max: 0, Diff: 0, Sum: 0, Workers: 4
[6514.913s][debug][gc,phases      ] GC(264)     Total                          Min: 0, Avg: 13.0, Max: 48, Diff: 48, Sum: 52, Workers: 4
[6514.913s][debug][gc,phases      ] GC(264)   StringDedup Table Weak         Min:  0.0, Avg:  0.0, Max:  0.0, Diff:  0.0, Sum:  0.0, Workers: 4
[6514.913s][debug][gc,phases      ] GC(264)     Dead                           Min: 0, Avg:  0.0, Max: 0, Diff: 0, Sum: 0, Workers: 4
[6514.913s][debug][gc,phases      ] GC(264)     Total                          Min: 0, Avg:  0.0, Max: 0, Diff: 0, Sum: 0, Workers: 4
[6514.913s][debug][gc,phases      ] GC(264)   StringDedup Requests0 Weak     Min:  0.0, Avg:  0.0, Max:  0.0, Diff:  0.0, Sum:  0.0, Workers: 4
[6514.913s][debug][gc,phases      ] GC(264)     Dead                           Min: 0, Avg:  0.0, Max: 0, Diff: 0, Sum: 0, Workers: 4
[6514.913s][debug][gc,phases      ] GC(264)     Total                          Min: 0, Avg:  0.0, Max: 0, Diff: 0, Sum: 0, Workers: 4
[6514.913s][debug][gc,phases      ] GC(264)   StringDedup Requests1 Weak     Min:  0.0, Avg:  0.0, Max:  0.0, Diff:  0.0, Sum:  0.0, Workers: 4
[6514.913s][debug][gc,phases      ] GC(264)     Dead                           Min: 0, Avg:  0.0, Max: 0, Diff: 0, Sum: 0, Workers: 4
[6514.913s][debug][gc,phases      ] GC(264)     Total                          Min: 0, Avg:  0.0, Max: 0, Diff: 0, Sum: 0, Workers: 4
[6514.913s][debug][gc,phases      ] GC(264)   Weak JFR Old Object Samples    Min:  0.0, Avg:  0.0, Max:  0.0, Diff:  0.0, Sum:  0.0, Workers: 4
[6514.913s][debug][gc,phases      ] GC(264)     Dead                           Min: 0, Avg:  0.0, Max: 0, Diff: 0, Sum: 0, Workers: 4
[6514.913s][debug][gc,phases      ] GC(264)     Total                          Min: 0, Avg:  0.0, Max: 0, Diff: 0, Sum: 0, Workers: 4
[6514.913s][debug][gc,phases      ] GC(264) Weak Processing 0.488ms
[6514.913s][debug][gc,age         ] GC(264) Desired survivor size 7340032 bytes, new threshold 1 (max threshold 15)
[6514.913s][info ][gc,heap        ] GC(264) PSYoungGen: 2088928K(2089472K)->4848K(2089984K) Eden: 2082816K(2082816K)->0K(2082816K) From: 6112K(6656K)->4848K(7168K)
[6514.913s][info ][gc,heap        ] GC(264) ParOldGen: 649703K(649728K)->650876K(651264K)
[6514.913s][info ][gc,metaspace   ] GC(264) Metaspace: 113065K(114432K)->113065K(114432K) NonClass: 96316K(97088K)->96316K(97088K) Class: 16748K(17344K)->16748K(17344K)
[6514.913s][info ][gc             ] GC(264) Pause Young (Allocation Failure) 2674M->640M(2677M) 7.557ms
[6514.913s][info ][gc,cpu         ] GC(264) User=0.02s Sys=0.00s Real=0.01s
[6514.913s][info ][safepoint      ] Safepoint "ParallelGCFailedAllocation", Time since last: 22491541222 ns, Reaching safepoint: 11201 ns, Cleanup: 5500 ns, At safepoint: 7651134 ns, Total: 7667835 ns
[6524.914s][info ][safepoint      ] Safepoint "Cleanup", Time since last: 10000814631 ns, Reaching safepoint: 13101 ns, Cleanup: 19300 ns, At safepoint: 35801 ns, Total: 68202 ns
[6541.407s][info ][gc,start       ] GC(265) Pause Young (Allocation Failure)
[6541.412s][debug][gc,phases      ] GC(265) Scavenge 5.122ms
[6541.412s][debug][gc,ref         ] GC(265) ReferenceProcessor::execute queues: 1, RefProcThreadModel::Single, marks_oops_alive: false
[6541.412s][debug][gc,ref         ] GC(265) Skipped KeepAliveFinalRefsPhase of Reference Processing: no references
[6541.412s][debug][gc,ref         ] GC(265) Skipped PhantomRefsPhase of Reference Processing: no references
[6541.412s][debug][gc,phases      ] GC(265) Reference Processing 0.120ms
[6541.412s][debug][gc,phases      ] GC(265)   VM Weak                        Min:  0.0, Avg:  0.0, Max:  0.0, Diff:  0.0, Sum:  0.0, Workers: 4
[6541.412s][debug][gc,phases      ] GC(265)     Dead                           Min: 0, Avg:  0.0, Max: 0, Diff: 0, Sum: 0, Workers: 4
[6541.412s][debug][gc,phases      ] GC(265)     Total                          Min: 0, Avg: 261.5, Max: 832, Diff: 832, Sum: 1046, Workers: 4
[6541.412s][debug][gc,phases      ] GC(265)   ObjectSynchronizer Weak        Min:  0.0, Avg:  0.0, Max:  0.0, Diff:  0.0, Sum:  0.0, Workers: 4
[6541.412s][debug][gc,phases      ] GC(265)     Dead                           Min: 0, Avg:  0.0, Max: 0, Diff: 0, Sum: 0, Workers: 4
[6541.412s][debug][gc,phases      ] GC(265)     Total                          Min: 0, Avg:  0.8, Max: 3, Diff: 3, Sum: 3, Workers: 4
[6541.412s][debug][gc,phases      ] GC(265)   JVMTI Tag Weak OopStorage      Min:  0.0, Avg:  0.0, Max:  0.0, Diff:  0.0, Sum:  0.0, Workers: 4
[6541.412s][debug][gc,phases      ] GC(265)     Dead                           Min: 0, Avg:  0.0, Max: 0, Diff: 0, Sum: 0, Workers: 4
[6541.412s][debug][gc,phases      ] GC(265)     Total                          Min: 0, Avg:  0.0, Max: 0, Diff: 0, Sum: 0, Workers: 4
[6541.412s][debug][gc,phases      ] GC(265)   StringTable Weak               Min:  0.1, Avg:  0.1, Max:  0.1, Diff:  0.0, Sum:  0.5, Workers: 4
[6541.412s][debug][gc,phases      ] GC(265)     Dead                           Min: 0, Avg:  0.0, Max: 0, Diff: 0, Sum: 0, Workers: 4
[6541.412s][debug][gc,phases      ] GC(265)     Total                          Min: 11840, Avg: 12078.2, Max: 12537, Diff: 697, Sum: 48313, Workers: 4
[6541.412s][debug][gc,phases      ] GC(265)   ResolvedMethodTable Weak       Min:  0.0, Avg:  0.0, Max:  0.0, Diff:  0.0, Sum:  0.2, Workers: 4
[6541.412s][debug][gc,phases      ] GC(265)     Dead                           Min: 0, Avg:  4.0, Max: 16, Diff: 16, Sum: 16, Workers: 4
[6541.412s][debug][gc,phases      ] GC(265)     Total                          Min: 3665, Avg: 4012.0, Max: 4224, Diff: 559, Sum: 16048, Workers: 4
[6541.412s][debug][gc,phases      ] GC(265)   JNI Weak                       Min:  0.0, Avg:  0.0, Max:  0.0, Diff:  0.0, Sum:  0.0, Workers: 4
[6541.412s][debug][gc,phases      ] GC(265)     Dead                           Min: 0, Avg:  0.0, Max: 0, Diff: 0, Sum: 0, Workers: 4
[6541.412s][debug][gc,phases      ] GC(265)     Total                          Min: 0, Avg: 13.0, Max: 48, Diff: 48, Sum: 52, Workers: 4
[6541.412s][debug][gc,phases      ] GC(265)   StringDedup Table Weak         Min:  0.0, Avg:  0.0, Max:  0.0, Diff:  0.0, Sum:  0.0, Workers: 4
[6541.412s][debug][gc,phases      ] GC(265)     Dead                           Min: 0, Avg:  0.0, Max: 0, Diff: 0, Sum: 0, Workers: 4
[6541.412s][debug][gc,phases      ] GC(265)     Total                          Min: 0, Avg:  0.0, Max: 0, Diff: 0, Sum: 0, Workers: 4
[6541.412s][debug][gc,phases      ] GC(265)   StringDedup Requests0 Weak     Min:  0.0, Avg:  0.0, Max:  0.0, Diff:  0.0, Sum:  0.0, Workers: 4
[6541.412s][debug][gc,phases      ] GC(265)     Dead                           Min: 0, Avg:  0.0, Max: 0, Diff: 0, Sum: 0, Workers: 4
[6541.412s][debug][gc,phases      ] GC(265)     Total                          Min: 0, Avg:  0.0, Max: 0, Diff: 0, Sum: 0, Workers: 4
[6541.412s][debug][gc,phases      ] GC(265)   StringDedup Requests1 Weak     Min:  0.0, Avg:  0.0, Max:  0.0, Diff:  0.0, Sum:  0.0, Workers: 4
[6541.412s][debug][gc,phases      ] GC(265)     Dead                           Min: 0, Avg:  0.0, Max: 0, Diff: 0, Sum: 0, Workers: 4
[6541.412s][debug][gc,phases      ] GC(265)     Total                          Min: 0, Avg:  0.0, Max: 0, Diff: 0, Sum: 0, Workers: 4
[6541.412s][debug][gc,phases      ] GC(265)   Weak JFR Old Object Samples    Min:  0.0, Avg:  0.0, Max:  0.0, Diff:  0.0, Sum:  0.0, Workers: 4
[6541.412s][debug][gc,phases      ] GC(265)     Dead                           Min: 0, Avg:  0.0, Max: 0, Diff: 0, Sum: 0, Workers: 4
[6541.412s][debug][gc,phases      ] GC(265)     Total                          Min: 0, Avg:  0.0, Max: 0, Diff: 0, Sum: 0, Workers: 4
[6541.412s][debug][gc,phases      ] GC(265) Weak Processing 0.410ms
[6541.412s][debug][gc,age         ] GC(265) Desired survivor size 6815744 bytes, new threshold 1 (max threshold 15)
[6541.412s][info ][gc,heap        ] GC(265) PSYoungGen: 2087664K(2089984K)->4706K(2090496K) Eden: 2082816K(2082816K)->0K(2083328K) From: 4848K(7168K)->4706K(7168K)
[6541.412s][info ][gc,heap        ] GC(265) ParOldGen: 650876K(651264K)->651768K(651776K)
[6541.412s][info ][gc,metaspace   ] GC(265) Metaspace: 113067K(114432K)->113067K(114432K) NonClass: 96319K(97088K)->96319K(97088K) Class: 16748K(17344K)->16748K(17344K)
[6541.412s][info ][gc             ] GC(265) Pause Young (Allocation Failure) 2674M->641M(2678M) 5.809ms
[6541.413s][info ][gc,cpu         ] GC(265) User=0.01s Sys=0.00s Real=0.01s
[6541.413s][info ][safepoint      ] Safepoint "ParallelGCFailedAllocation", Time since last: 16492620720 ns, Reaching safepoint: 83002 ns, Cleanup: 5000 ns, At safepoint: 5895583 ns, Total: 5983585 ns
[6567.708s][info ][gc,start       ] GC(266) Pause Young (Allocation Failure)
[6567.714s][debug][gc,phases      ] GC(266) Scavenge 6.065ms
[6567.714s][debug][gc,ref         ] GC(266) ReferenceProcessor::execute queues: 1, RefProcThreadModel::Single, marks_oops_alive: false
[6567.714s][debug][gc,ref         ] GC(266) Skipped KeepAliveFinalRefsPhase of Reference Processing: no references
[6567.714s][debug][gc,ref         ] GC(266) ReferenceProcessor::execute queues: 1, RefProcThreadModel::Single, marks_oops_alive: false
[6567.714s][debug][gc,phases      ] GC(266) Reference Processing 0.117ms
[6567.714s][debug][gc,phases      ] GC(266)   VM Weak                        Min:  0.0, Avg:  0.0, Max:  0.0, Diff:  0.0, Sum:  0.0, Workers: 4
[6567.714s][debug][gc,phases      ] GC(266)     Dead                           Min: 0, Avg:  0.0, Max: 0, Diff: 0, Sum: 0, Workers: 4
[6567.714s][debug][gc,phases      ] GC(266)     Total                          Min: 0, Avg: 261.5, Max: 534, Diff: 534, Sum: 1046, Workers: 4
[6567.714s][debug][gc,phases      ] GC(266)   ObjectSynchronizer Weak        Min:  0.0, Avg:  0.0, Max:  0.0, Diff:  0.0, Sum:  0.0, Workers: 4
[6567.714s][debug][gc,phases      ] GC(266)     Dead                           Min: 0, Avg:  0.0, Max: 0, Diff: 0, Sum: 0, Workers: 4
[6567.714s][debug][gc,phases      ] GC(266)     Total                          Min: 0, Avg:  0.8, Max: 3, Diff: 3, Sum: 3, Workers: 4
[6567.714s][debug][gc,phases      ] GC(266)   JVMTI Tag Weak OopStorage      Min:  0.0, Avg:  0.0, Max:  0.0, Diff:  0.0, Sum:  0.0, Workers: 4
[6567.714s][debug][gc,phases      ] GC(266)     Dead                           Min: 0, Avg:  0.0, Max: 0, Diff: 0, Sum: 0, Workers: 4
[6567.714s][debug][gc,phases      ] GC(266)     Total                          Min: 0, Avg:  0.0, Max: 0, Diff: 0, Sum: 0, Workers: 4
[6567.714s][debug][gc,phases      ] GC(266)   StringTable Weak               Min:  0.0, Avg:  0.1, Max:  0.1, Diff:  0.1, Sum:  0.4, Workers: 4
[6567.714s][debug][gc,phases      ] GC(266)     Dead                           Min: 0, Avg:  0.0, Max: 0, Diff: 0, Sum: 0, Workers: 4
[6567.714s][debug][gc,phases      ] GC(266)     Total                          Min: 0, Avg: 12078.2, Max: 18176, Diff: 18176, Sum: 48313, Workers: 4
[6567.714s][debug][gc,phases      ] GC(266)   ResolvedMethodTable Weak       Min:  0.0, Avg:  0.0, Max:  0.0, Diff:  0.0, Sum:  0.1, Workers: 4
[6567.714s][debug][gc,phases      ] GC(266)     Dead                           Min: 0, Avg:  4.0, Max: 16, Diff: 16, Sum: 16, Workers: 4
[6567.714s][debug][gc,phases      ] GC(266)     Total                          Min: 0, Avg: 4012.0, Max: 5627, Diff: 5627, Sum: 16048, Workers: 4
[6567.714s][debug][gc,phases      ] GC(266)   JNI Weak                       Min:  0.0, Avg:  0.0, Max:  0.0, Diff:  0.0, Sum:  0.0, Workers: 4
[6567.714s][debug][gc,phases      ] GC(266)     Dead                           Min: 0, Avg:  0.0, Max: 0, Diff: 0, Sum: 0, Workers: 4
[6567.714s][debug][gc,phases      ] GC(266)     Total                          Min: 0, Avg: 13.0, Max: 48, Diff: 48, Sum: 52, Workers: 4
[6567.714s][debug][gc,phases      ] GC(266)   StringDedup Table Weak         Min:  0.0, Avg:  0.0, Max:  0.0, Diff:  0.0, Sum:  0.0, Workers: 4
[6567.714s][debug][gc,phases      ] GC(266)     Dead                           Min: 0, Avg:  0.0, Max: 0, Diff: 0, Sum: 0, Workers: 4
[6567.714s][debug][gc,phases      ] GC(266)     Total                          Min: 0, Avg:  0.0, Max: 0, Diff: 0, Sum: 0, Workers: 4
[6567.714s][debug][gc,phases      ] GC(266)   StringDedup Requests0 Weak     Min:  0.0, Avg:  0.0, Max:  0.0, Diff:  0.0, Sum:  0.0, Workers: 4
[6567.714s][debug][gc,phases      ] GC(266)     Dead                           Min: 0, Avg:  0.0, Max: 0, Diff: 0, Sum: 0, Workers: 4
[6567.714s][debug][gc,phases      ] GC(266)     Total                          Min: 0, Avg:  0.0, Max: 0, Diff: 0, Sum: 0, Workers: 4
[6567.714s][debug][gc,phases      ] GC(266)   StringDedup Requests1 Weak     Min:  0.0, Avg:  0.0, Max:  0.0, Diff:  0.0, Sum:  0.0, Workers: 4
[6567.714s][debug][gc,phases      ] GC(266)     Dead                           Min: 0, Avg:  0.0, Max: 0, Diff: 0, Sum: 0, Workers: 4
[6567.714s][debug][gc,phases      ] GC(266)     Total                          Min: 0, Avg:  0.0, Max: 0, Diff: 0, Sum: 0, Workers: 4
[6567.714s][debug][gc,phases      ] GC(266)   Weak JFR Old Object Samples    Min:  0.0, Avg:  0.0, Max:  0.0, Diff:  0.0, Sum:  0.0, Workers: 4
[6567.714s][debug][gc,phases      ] GC(266)     Dead                           Min: 0, Avg:  0.0, Max: 0, Diff: 0, Sum: 0, Workers: 4
[6567.714s][debug][gc,phases      ] GC(266)     Total                          Min: 0, Avg:  0.0, Max: 0, Diff: 0, Sum: 0, Workers: 4
[6567.714s][debug][gc,phases      ] GC(266) Weak Processing 0.433ms
[6567.714s][debug][gc,age         ] GC(266) Desired survivor size 6815744 bytes, new threshold 1 (max threshold 15)
[6567.714s][info ][gc,heap        ] GC(266) PSYoungGen: 2088034K(2090496K)->5168K(2089984K) Eden: 2083328K(2083328K)->0K(2083328K) From: 4706K(7168K)->5168K(6656K)
[6567.714s][info ][gc,heap        ] GC(266) ParOldGen: 651768K(651776K)->652682K(652800K)
[6567.714s][info ][gc,metaspace   ] GC(266) Metaspace: 113069K(114432K)->113069K(114432K) NonClass: 96320K(97088K)->96320K(97088K) Class: 16748K(17344K)->16748K(17344K)
[6567.714s][info ][gc             ] GC(266) Pause Young (Allocation Failure) 2675M->642M(2678M) 6.759ms
[6567.714s][info ][gc,cpu         ] GC(266) User=0.01s Sys=0.00s Real=0.01s
[6567.714s][info ][safepoint      ] Safepoint "ParallelGCFailedAllocation", Time since last: 26294863578 ns, Reaching safepoint: 82403 ns, Cleanup: 14900 ns, At safepoint: 6880314 ns, Total: 6977617 ns
[6592.716s][info ][safepoint      ] Safepoint "Cleanup", Time since last: 25002021507 ns, Reaching safepoint: 15100 ns, Cleanup: 17501 ns, At safepoint: 4200 ns, Total: 36801 ns
[6593.310s][info ][gc,start       ] GC(267) Pause Young (Allocation Failure)
[6593.317s][debug][gc,phases      ] GC(267) Scavenge 6.839ms
[6593.317s][debug][gc,ref         ] GC(267) ReferenceProcessor::execute queues: 1, RefProcThreadModel::Single, marks_oops_alive: false
[6593.317s][debug][gc,ref         ] GC(267) Skipped KeepAliveFinalRefsPhase of Reference Processing: no references
[6593.317s][debug][gc,ref         ] GC(267) ReferenceProcessor::execute queues: 1, RefProcThreadModel::Single, marks_oops_alive: false
[6593.317s][debug][gc,phases      ] GC(267) Reference Processing 0.118ms
[6593.317s][debug][gc,phases      ] GC(267)   VM Weak                        Min:  0.0, Avg:  0.0, Max:  0.0, Diff:  0.0, Sum:  0.0, Workers: 4
[6593.317s][debug][gc,phases      ] GC(267)     Dead                           Min: 0, Avg:  0.0, Max: 0, Diff: 0, Sum: 0, Workers: 4
[6593.317s][debug][gc,phases      ] GC(267)     Total                          Min: 0, Avg: 261.5, Max: 640, Diff: 640, Sum: 1046, Workers: 4
[6593.317s][debug][gc,phases      ] GC(267)   ObjectSynchronizer Weak        Min:  0.0, Avg:  0.0, Max:  0.0, Diff:  0.0, Sum:  0.0, Workers: 4
[6593.317s][debug][gc,phases      ] GC(267)     Dead                           Min: 0, Avg:  0.0, Max: 0, Diff: 0, Sum: 0, Workers: 4
[6593.317s][debug][gc,phases      ] GC(267)     Total                          Min: 0, Avg:  1.0, Max: 4, Diff: 4, Sum: 4, Workers: 4
[6593.317s][debug][gc,phases      ] GC(267)   JVMTI Tag Weak OopStorage      Min:  0.0, Avg:  0.0, Max:  0.0, Diff:  0.0, Sum:  0.0, Workers: 4
[6593.317s][debug][gc,phases      ] GC(267)     Dead                           Min: 0, Avg:  0.0, Max: 0, Diff: 0, Sum: 0, Workers: 4
[6593.317s][debug][gc,phases      ] GC(267)     Total                          Min: 0, Avg:  0.0, Max: 0, Diff: 0, Sum: 0, Workers: 4
[6593.317s][debug][gc,phases      ] GC(267)   StringTable Weak               Min:  0.0, Avg:  0.1, Max:  0.1, Diff:  0.1, Sum:  0.4, Workers: 4
[6593.317s][debug][gc,phases      ] GC(267)     Dead                           Min: 0, Avg:  0.0, Max: 0, Diff: 0, Sum: 0, Workers: 4
[6593.317s][debug][gc,phases      ] GC(267)     Total                          Min: 0, Avg: 12079.5, Max: 16896, Diff: 16896, Sum: 48318, Workers: 4
[6593.317s][debug][gc,phases      ] GC(267)   ResolvedMethodTable Weak       Min:  0.0, Avg:  0.0, Max:  0.0, Diff:  0.0, Sum:  0.1, Workers: 4
[6593.317s][debug][gc,phases      ] GC(267)     Dead                           Min: 0, Avg:  4.0, Max: 16, Diff: 16, Sum: 16, Workers: 4
[6593.317s][debug][gc,phases      ] GC(267)     Total                          Min: 0, Avg: 4012.0, Max: 5535, Diff: 5535, Sum: 16048, Workers: 4
[6593.317s][debug][gc,phases      ] GC(267)   JNI Weak                       Min:  0.0, Avg:  0.0, Max:  0.0, Diff:  0.0, Sum:  0.0, Workers: 4
[6593.317s][debug][gc,phases      ] GC(267)     Dead                           Min: 0, Avg:  0.0, Max: 0, Diff: 0, Sum: 0, Workers: 4
[6593.317s][debug][gc,phases      ] GC(267)     Total                          Min: 0, Avg: 13.0, Max: 48, Diff: 48, Sum: 52, Workers: 4
[6593.317s][debug][gc,phases      ] GC(267)   StringDedup Table Weak         Min:  0.0, Avg:  0.0, Max:  0.0, Diff:  0.0, Sum:  0.0, Workers: 4
[6593.317s][debug][gc,phases      ] GC(267)     Dead                           Min: 0, Avg:  0.0, Max: 0, Diff: 0, Sum: 0, Workers: 4
[6593.317s][debug][gc,phases      ] GC(267)     Total                          Min: 0, Avg:  0.0, Max: 0, Diff: 0, Sum: 0, Workers: 4
[6593.317s][debug][gc,phases      ] GC(267)   StringDedup Requests0 Weak     Min:  0.0, Avg:  0.0, Max:  0.0, Diff:  0.0, Sum:  0.0, Workers: 4
[6593.318s][debug][gc,phases      ] GC(267)     Dead                           Min: 0, Avg:  0.0, Max: 0, Diff: 0, Sum: 0, Workers: 4
[6593.318s][debug][gc,phases      ] GC(267)     Total                          Min: 0, Avg:  0.0, Max: 0, Diff: 0, Sum: 0, Workers: 4
[6593.318s][debug][gc,phases      ] GC(267)   StringDedup Requests1 Weak     Min:  0.0, Avg:  0.0, Max:  0.0, Diff:  0.0, Sum:  0.0, Workers: 4
[6593.318s][debug][gc,phases      ] GC(267)     Dead                           Min: 0, Avg:  0.0, Max: 0, Diff: 0, Sum: 0, Workers: 4
[6593.318s][debug][gc,phases      ] GC(267)     Total                          Min: 0, Avg:  0.0, Max: 0, Diff: 0, Sum: 0, Workers: 4
[6593.318s][debug][gc,phases      ] GC(267)   Weak JFR Old Object Samples    Min:  0.0, Avg:  0.0, Max:  0.0, Diff:  0.0, Sum:  0.0, Workers: 4
[6593.318s][debug][gc,phases      ] GC(267)     Dead                           Min: 0, Avg:  0.0, Max: 0, Diff: 0, Sum: 0, Workers: 4
[6593.318s][debug][gc,phases      ] GC(267)     Total                          Min: 0, Avg:  0.0, Max: 0, Diff: 0, Sum: 0, Workers: 4
[6593.318s][debug][gc,phases      ] GC(267) Weak Processing 0.421ms
[6593.318s][debug][gc,age         ] GC(267) Desired survivor size 7340032 bytes, new threshold 1 (max threshold 15)
[6593.318s][info ][gc,heap        ] GC(267) PSYoungGen: 2088496K(2089984K)->6177K(2089472K) Eden: 2083328K(2083328K)->0K(2082816K) From: 5168K(6656K)->6177K(6656K)
[6593.318s][info ][gc,heap        ] GC(267) ParOldGen: 652682K(652800K)->653691K(653824K)
[6593.318s][info ][gc,metaspace   ] GC(267) Metaspace: 113078K(114432K)->113078K(114432K) NonClass: 96330K(97088K)->96330K(97088K) Class: 16748K(17344K)->16748K(17344K)
[6593.318s][info ][gc             ] GC(267) Pause Young (Allocation Failure) 2676M->644M(2679M) 7.549ms
[6593.318s][info ][gc,cpu         ] GC(267) User=0.02s Sys=0.01s Real=0.01s
[6593.318s][info ][safepoint      ] Safepoint "ParallelGCFailedAllocation", Time since last: 593574952 ns, Reaching safepoint: 7600 ns, Cleanup: 4400 ns, At safepoint: 7632640 ns, Total: 7644640 ns
[6598.318s][info ][safepoint      ] Safepoint "Cleanup", Time since last: 5000442629 ns, Reaching safepoint: 12101 ns, Cleanup: 14400 ns, At safepoint: 3200 ns, Total: 29701 ns
[6616.579s][info ][safepoint      ] Safepoint "Cleanup", Time since last: 18261004859 ns, Reaching safepoint: 10800 ns, Cleanup: 16801 ns, At safepoint: 37801 ns, Total: 65402 ns
[6618.748s][info ][gc,start       ] GC(268) Pause Young (Allocation Failure)
[6618.757s][debug][gc,phases      ] GC(268) Scavenge 8.192ms
[6618.757s][debug][gc,ref         ] GC(268) ReferenceProcessor::execute queues: 1, RefProcThreadModel::Single, marks_oops_alive: false
[6618.757s][debug][gc,ref         ] GC(268) Skipped KeepAliveFinalRefsPhase of Reference Processing: no references
[6618.757s][debug][gc,ref         ] GC(268) ReferenceProcessor::execute queues: 1, RefProcThreadModel::Single, marks_oops_alive: false
[6618.757s][debug][gc,phases      ] GC(268) Reference Processing 0.143ms
[6618.757s][debug][gc,phases      ] GC(268)   VM Weak                        Min:  0.0, Avg:  0.0, Max:  0.0, Diff:  0.0, Sum:  0.0, Workers: 4
[6618.757s][debug][gc,phases      ] GC(268)     Dead                           Min: 0, Avg:  0.0, Max: 0, Diff: 0, Sum: 0, Workers: 4
[6618.757s][debug][gc,phases      ] GC(268)     Total                          Min: 0, Avg: 261.5, Max: 534, Diff: 534, Sum: 1046, Workers: 4
[6618.757s][debug][gc,phases      ] GC(268)   ObjectSynchronizer Weak        Min:  0.0, Avg:  0.0, Max:  0.0, Diff:  0.0, Sum:  0.0, Workers: 4
[6618.757s][debug][gc,phases      ] GC(268)     Dead                           Min: 0, Avg:  0.0, Max: 0, Diff: 0, Sum: 0, Workers: 4
[6618.757s][debug][gc,phases      ] GC(268)     Total                          Min: 0, Avg:  1.0, Max: 4, Diff: 4, Sum: 4, Workers: 4
[6618.757s][debug][gc,phases      ] GC(268)   JVMTI Tag Weak OopStorage      Min:  0.0, Avg:  0.0, Max:  0.0, Diff:  0.0, Sum:  0.0, Workers: 4
[6618.757s][debug][gc,phases      ] GC(268)     Dead                           Min: 0, Avg:  0.0, Max: 0, Diff: 0, Sum: 0, Workers: 4
[6618.757s][debug][gc,phases      ] GC(268)     Total                          Min: 0, Avg:  0.0, Max: 0, Diff: 0, Sum: 0, Workers: 4
[6618.757s][debug][gc,phases      ] GC(268)   StringTable Weak               Min:  0.0, Avg:  0.1, Max:  0.2, Diff:  0.2, Sum:  0.5, Workers: 4
[6618.757s][debug][gc,phases      ] GC(268)     Dead                           Min: 0, Avg:  0.0, Max: 0, Diff: 0, Sum: 0, Workers: 4
[6618.757s][debug][gc,phases      ] GC(268)     Total                          Min: 0, Avg: 12079.5, Max: 17920, Diff: 17920, Sum: 48318, Workers: 4
[6618.757s][debug][gc,phases      ] GC(268)   ResolvedMethodTable Weak       Min:  0.0, Avg:  0.0, Max:  0.1, Diff:  0.1, Sum:  0.2, Workers: 4
[6618.757s][debug][gc,phases      ] GC(268)     Dead                           Min: 0, Avg:  4.0, Max: 16, Diff: 16, Sum: 16, Workers: 4
[6618.757s][debug][gc,phases      ] GC(268)     Total                          Min: 0, Avg: 4012.0, Max: 6118, Diff: 6118, Sum: 16048, Workers: 4
[6618.757s][debug][gc,phases      ] GC(268)   JNI Weak                       Min:  0.0, Avg:  0.0, Max:  0.0, Diff:  0.0, Sum:  0.0, Workers: 4
[6618.757s][debug][gc,phases      ] GC(268)     Dead                           Min: 0, Avg:  0.0, Max: 0, Diff: 0, Sum: 0, Workers: 4
[6618.757s][debug][gc,phases      ] GC(268)     Total                          Min: 0, Avg: 13.0, Max: 48, Diff: 48, Sum: 52, Workers: 4
[6618.757s][debug][gc,phases      ] GC(268)   StringDedup Table Weak         Min:  0.0, Avg:  0.0, Max:  0.0, Diff:  0.0, Sum:  0.0, Workers: 4
[6618.757s][debug][gc,phases      ] GC(268)     Dead                           Min: 0, Avg:  0.0, Max: 0, Diff: 0, Sum: 0, Workers: 4
[6618.757s][debug][gc,phases      ] GC(268)     Total                          Min: 0, Avg:  0.0, Max: 0, Diff: 0, Sum: 0, Workers: 4
[6618.757s][debug][gc,phases      ] GC(268)   StringDedup Requests0 Weak     Min:  0.0, Avg:  0.0, Max:  0.0, Diff:  0.0, Sum:  0.0, Workers: 4
[6618.757s][debug][gc,phases      ] GC(268)     Dead                           Min: 0, Avg:  0.0, Max: 0, Diff: 0, Sum: 0, Workers: 4
[6618.757s][debug][gc,phases      ] GC(268)     Total                          Min: 0, Avg:  0.0, Max: 0, Diff: 0, Sum: 0, Workers: 4
[6618.757s][debug][gc,phases      ] GC(268)   StringDedup Requests1 Weak     Min:  0.0, Avg:  0.0, Max:  0.0, Diff:  0.0, Sum:  0.0, Workers: 4
[6618.757s][debug][gc,phases      ] GC(268)     Dead                           Min: 0, Avg:  0.0, Max: 0, Diff: 0, Sum: 0, Workers: 4
[6618.757s][debug][gc,phases      ] GC(268)     Total                          Min: 0, Avg:  0.0, Max: 0, Diff: 0, Sum: 0, Workers: 4
[6618.757s][debug][gc,phases      ] GC(268)   Weak JFR Old Object Samples    Min:  0.0, Avg:  0.0, Max:  0.0, Diff:  0.0, Sum:  0.0, Workers: 4
[6618.757s][debug][gc,phases      ] GC(268)     Dead                           Min: 0, Avg:  0.0, Max: 0, Diff: 0, Sum: 0, Workers: 4
[6618.757s][debug][gc,phases      ] GC(268)     Total                          Min: 0, Avg:  0.0, Max: 0, Diff: 0, Sum: 0, Workers: 4
[6618.757s][debug][gc,phases      ] GC(268) Weak Processing 0.463ms
[6618.757s][debug][gc,age         ] GC(268) Desired survivor size 7340032 bytes, new threshold 1 (max threshold 15)
[6618.757s][info ][gc,heap        ] GC(268) PSYoungGen: 2088993K(2089472K)->5564K(2089984K) Eden: 2082816K(2082816K)->0K(2082816K) From: 6177K(6656K)->5564K(7168K)
[6618.757s][info ][gc,heap        ] GC(268) ParOldGen: 653691K(653824K)->655821K(655872K)
[6618.757s][info ][gc,metaspace   ] GC(268) Metaspace: 113078K(114432K)->113078K(114432K) NonClass: 96330K(97088K)->96330K(97088K) Class: 16748K(17344K)->16748K(17344K)
[6618.757s][info ][gc             ] GC(268) Pause Young (Allocation Failure) 2678M->645M(2681M) 8.982ms
[6618.757s][info ][gc,cpu         ] GC(268) User=0.02s Sys=0.01s Real=0.01s
[6618.757s][info ][safepoint      ] Safepoint "ParallelGCFailedAllocation", Time since last: 2169145345 ns, Reaching safepoint: 10601 ns, Cleanup: 5800 ns, At safepoint: 9073981 ns, Total: 9090382 ns
[6619.758s][info ][safepoint      ] Safepoint "Cleanup", Time since last: 1000118651 ns, Reaching safepoint: 12101 ns, Cleanup: 14400 ns, At safepoint: 2800 ns, Total: 29301 ns
[6622.758s][info ][safepoint      ] Safepoint "Cleanup", Time since last: 3000297650 ns, Reaching safepoint: 13101 ns, Cleanup: 27201 ns, At safepoint: 3400 ns, Total: 43702 ns
[6623.758s][info ][safepoint      ] Safepoint "Cleanup", Time since last: 1000137808 ns, Reaching safepoint: 11801 ns, Cleanup: 17500 ns, At safepoint: 2800 ns, Total: 32101 ns
[6643.590s][info ][gc,start       ] GC(269) Pause Young (Allocation Failure)
[6643.595s][debug][gc,phases      ] GC(269) Scavenge 4.903ms
[6643.595s][debug][gc,ref         ] GC(269) ReferenceProcessor::execute queues: 1, RefProcThreadModel::Single, marks_oops_alive: false
[6643.595s][debug][gc,ref         ] GC(269) Skipped KeepAliveFinalRefsPhase of Reference Processing: no references
[6643.595s][debug][gc,ref         ] GC(269) ReferenceProcessor::execute queues: 1, RefProcThreadModel::Single, marks_oops_alive: false
[6643.595s][debug][gc,phases      ] GC(269) Reference Processing 0.121ms
[6643.596s][debug][gc,phases      ] GC(269)   VM Weak                        Min:  0.0, Avg:  0.0, Max:  0.0, Diff:  0.0, Sum:  0.0, Workers: 4
[6643.596s][debug][gc,phases      ] GC(269)     Dead                           Min: 0, Avg:  0.0, Max: 0, Diff: 0, Sum: 0, Workers: 4
[6643.596s][debug][gc,phases      ] GC(269)     Total                          Min: 0, Avg: 261.5, Max: 726, Diff: 726, Sum: 1046, Workers: 4
[6643.596s][debug][gc,phases      ] GC(269)   ObjectSynchronizer Weak        Min:  0.0, Avg:  0.0, Max:  0.0, Diff:  0.0, Sum:  0.0, Workers: 4
[6643.596s][debug][gc,phases      ] GC(269)     Dead                           Min: 0, Avg:  0.0, Max: 0, Diff: 0, Sum: 0, Workers: 4
[6643.596s][debug][gc,phases      ] GC(269)     Total                          Min: 0, Avg:  1.2, Max: 5, Diff: 5, Sum: 5, Workers: 4
[6643.596s][debug][gc,phases      ] GC(269)   JVMTI Tag Weak OopStorage      Min:  0.0, Avg:  0.0, Max:  0.0, Diff:  0.0, Sum:  0.0, Workers: 4
[6643.596s][debug][gc,phases      ] GC(269)     Dead                           Min: 0, Avg:  0.0, Max: 0, Diff: 0, Sum: 0, Workers: 4
[6643.596s][debug][gc,phases      ] GC(269)     Total                          Min: 0, Avg:  0.0, Max: 0, Diff: 0, Sum: 0, Workers: 4
[6643.596s][debug][gc,phases      ] GC(269)   StringTable Weak               Min:  0.0, Avg:  0.1, Max:  0.2, Diff:  0.2, Sum:  0.5, Workers: 4
[6643.596s][debug][gc,phases      ] GC(269)     Dead                           Min: 0, Avg:  0.0, Max: 0, Diff: 0, Sum: 0, Workers: 4
[6643.596s][debug][gc,phases      ] GC(269)     Total                          Min: 0, Avg: 12079.5, Max: 16448, Diff: 16448, Sum: 48318, Workers: 4
[6643.596s][debug][gc,phases      ] GC(269)   ResolvedMethodTable Weak       Min:  0.0, Avg:  0.0, Max:  0.1, Diff:  0.1, Sum:  0.2, Workers: 4
[6643.596s][debug][gc,phases      ] GC(269)     Dead                           Min: 0, Avg:  0.0, Max: 0, Diff: 0, Sum: 0, Workers: 4
[6643.596s][debug][gc,phases      ] GC(269)     Total                          Min: 0, Avg: 4012.0, Max: 5978, Diff: 5978, Sum: 16048, Workers: 4
[6643.596s][debug][gc,phases      ] GC(269)   JNI Weak                       Min:  0.0, Avg:  0.0, Max:  0.0, Diff:  0.0, Sum:  0.0, Workers: 4
[6643.596s][debug][gc,phases      ] GC(269)     Dead                           Min: 0, Avg:  0.0, Max: 0, Diff: 0, Sum: 0, Workers: 4
[6643.596s][debug][gc,phases      ] GC(269)     Total                          Min: 0, Avg: 13.0, Max: 48, Diff: 48, Sum: 52, Workers: 4
[6643.596s][debug][gc,phases      ] GC(269)   StringDedup Table Weak         Min:  0.0, Avg:  0.0, Max:  0.0, Diff:  0.0, Sum:  0.0, Workers: 4
[6643.596s][debug][gc,phases      ] GC(269)     Dead                           Min: 0, Avg:  0.0, Max: 0, Diff: 0, Sum: 0, Workers: 4
[6643.596s][debug][gc,phases      ] GC(269)     Total                          Min: 0, Avg:  0.0, Max: 0, Diff: 0, Sum: 0, Workers: 4
[6643.596s][debug][gc,phases      ] GC(269)   StringDedup Requests0 Weak     Min:  0.0, Avg:  0.0, Max:  0.0, Diff:  0.0, Sum:  0.0, Workers: 4
[6643.596s][debug][gc,phases      ] GC(269)     Dead                           Min: 0, Avg:  0.0, Max: 0, Diff: 0, Sum: 0, Workers: 4
[6643.596s][debug][gc,phases      ] GC(269)     Total                          Min: 0, Avg:  0.0, Max: 0, Diff: 0, Sum: 0, Workers: 4
[6643.596s][debug][gc,phases      ] GC(269)   StringDedup Requests1 Weak     Min:  0.0, Avg:  0.0, Max:  0.0, Diff:  0.0, Sum:  0.0, Workers: 4
[6643.596s][debug][gc,phases      ] GC(269)     Dead                           Min: 0, Avg:  0.0, Max: 0, Diff: 0, Sum: 0, Workers: 4
[6643.596s][debug][gc,phases      ] GC(269)     Total                          Min: 0, Avg:  0.0, Max: 0, Diff: 0, Sum: 0, Workers: 4
[6643.596s][debug][gc,phases      ] GC(269)   Weak JFR Old Object Samples    Min:  0.0, Avg:  0.0, Max:  0.0, Diff:  0.0, Sum:  0.0, Workers: 4
[6643.596s][debug][gc,phases      ] GC(269)     Dead                           Min: 0, Avg:  0.0, Max: 0, Diff: 0, Sum: 0, Workers: 4
[6643.596s][debug][gc,phases      ] GC(269)     Total                          Min: 0, Avg:  0.0, Max: 0, Diff: 0, Sum: 0, Workers: 4
[6643.596s][debug][gc,phases      ] GC(269) Weak Processing 0.515ms
[6643.596s][debug][gc,age         ] GC(269) Desired survivor size 6815744 bytes, new threshold 1 (max threshold 15)
[6643.596s][info ][gc,heap        ] GC(269) PSYoungGen: 2088380K(2089984K)->5136K(2090496K) Eden: 2082816K(2082816K)->0K(2083328K) From: 5564K(7168K)->5136K(7168K)
[6643.596s][info ][gc,heap        ] GC(269) ParOldGen: 655821K(655872K)->657113K(657408K)
[6643.596s][info ][gc,metaspace   ] GC(269) Metaspace: 113080K(114432K)->113080K(114432K) NonClass: 96331K(97088K)->96331K(97088K) Class: 16748K(17344K)->16748K(17344K)
[6643.596s][info ][gc             ] GC(269) Pause Young (Allocation Failure) 2679M->646M(2683M) 5.691ms
[6643.596s][info ][gc,cpu         ] GC(269) User=0.02s Sys=0.00s Real=0.01s
[6643.596s][info ][safepoint      ] Safepoint "ParallelGCFailedAllocation", Time since last: 19832027298 ns, Reaching safepoint: 80902 ns, Cleanup: 5301 ns, At safepoint: 5815881 ns, Total: 5902084 ns
[6669.074s][info ][gc,start       ] GC(270) Pause Young (Allocation Failure)
[6669.079s][debug][gc,phases      ] GC(270) Scavenge 4.970ms
[6669.079s][debug][gc,ref         ] GC(270) ReferenceProcessor::execute queues: 1, RefProcThreadModel::Single, marks_oops_alive: false
[6669.079s][debug][gc,ref         ] GC(270) Skipped KeepAliveFinalRefsPhase of Reference Processing: no references
[6669.080s][debug][gc,ref         ] GC(270) ReferenceProcessor::execute queues: 1, RefProcThreadModel::Single, marks_oops_alive: false
[6669.080s][debug][gc,phases      ] GC(270) Reference Processing 0.123ms
[6669.080s][debug][gc,phases      ] GC(270)   VM Weak                        Min:  0.0, Avg:  0.0, Max:  0.0, Diff:  0.0, Sum:  0.0, Workers: 4
[6669.080s][debug][gc,phases      ] GC(270)     Dead                           Min: 0, Avg:  0.0, Max: 0, Diff: 0, Sum: 0, Workers: 4
[6669.080s][debug][gc,phases      ] GC(270)     Total                          Min: 0, Avg: 261.5, Max: 982, Diff: 982, Sum: 1046, Workers: 4
[6669.080s][debug][gc,phases      ] GC(270)   ObjectSynchronizer Weak        Min:  0.0, Avg:  0.0, Max:  0.0, Diff:  0.0, Sum:  0.0, Workers: 4
[6669.080s][debug][gc,phases      ] GC(270)     Dead                           Min: 0, Avg:  0.0, Max: 0, Diff: 0, Sum: 0, Workers: 4
[6669.080s][debug][gc,phases      ] GC(270)     Total                          Min: 0, Avg:  0.8, Max: 3, Diff: 3, Sum: 3, Workers: 4
[6669.080s][debug][gc,phases      ] GC(270)   JVMTI Tag Weak OopStorage      Min:  0.0, Avg:  0.0, Max:  0.0, Diff:  0.0, Sum:  0.0, Workers: 4
[6669.080s][debug][gc,phases      ] GC(270)     Dead                           Min: 0, Avg:  0.0, Max: 0, Diff: 0, Sum: 0, Workers: 4
[6669.080s][debug][gc,phases      ] GC(270)     Total                          Min: 0, Avg:  0.0, Max: 0, Diff: 0, Sum: 0, Workers: 4
[6669.080s][debug][gc,phases      ] GC(270)   StringTable Weak               Min:  0.0, Avg:  0.1, Max:  0.2, Diff:  0.2, Sum:  0.5, Workers: 4
[6669.080s][debug][gc,phases      ] GC(270)     Dead                           Min: 0, Avg:  0.0, Max: 0, Diff: 0, Sum: 0, Workers: 4
[6669.080s][debug][gc,phases      ] GC(270)     Total                          Min: 512, Avg: 12079.8, Max: 17407, Diff: 16895, Sum: 48319, Workers: 4
[6669.080s][debug][gc,phases      ] GC(270)   ResolvedMethodTable Weak       Min:  0.0, Avg:  0.0, Max:  0.0, Diff:  0.0, Sum:  0.2, Workers: 4
[6669.080s][debug][gc,phases      ] GC(270)     Dead                           Min: 0, Avg:  4.0, Max: 16, Diff: 16, Sum: 16, Workers: 4
[6669.080s][debug][gc,phases      ] GC(270)     Total                          Min: 3737, Avg: 4012.0, Max: 4275, Diff: 538, Sum: 16048, Workers: 4
[6669.080s][debug][gc,phases      ] GC(270)   JNI Weak                       Min:  0.0, Avg:  0.0, Max:  0.0, Diff:  0.0, Sum:  0.0, Workers: 4
[6669.080s][debug][gc,phases      ] GC(270)     Dead                           Min: 0, Avg:  0.0, Max: 0, Diff: 0, Sum: 0, Workers: 4
[6669.080s][debug][gc,phases      ] GC(270)     Total                          Min: 0, Avg: 13.0, Max: 48, Diff: 48, Sum: 52, Workers: 4
[6669.080s][debug][gc,phases      ] GC(270)   StringDedup Table Weak         Min:  0.0, Avg:  0.0, Max:  0.0, Diff:  0.0, Sum:  0.0, Workers: 4
[6669.080s][debug][gc,phases      ] GC(270)     Dead                           Min: 0, Avg:  0.0, Max: 0, Diff: 0, Sum: 0, Workers: 4
[6669.080s][debug][gc,phases      ] GC(270)     Total                          Min: 0, Avg:  0.0, Max: 0, Diff: 0, Sum: 0, Workers: 4
[6669.080s][debug][gc,phases      ] GC(270)   StringDedup Requests0 Weak     Min:  0.0, Avg:  0.0, Max:  0.0, Diff:  0.0, Sum:  0.0, Workers: 4
[6669.080s][debug][gc,phases      ] GC(270)     Dead                           Min: 0, Avg:  0.0, Max: 0, Diff: 0, Sum: 0, Workers: 4
[6669.080s][debug][gc,phases      ] GC(270)     Total                          Min: 0, Avg:  0.0, Max: 0, Diff: 0, Sum: 0, Workers: 4
[6669.080s][debug][gc,phases      ] GC(270)   StringDedup Requests1 Weak     Min:  0.0, Avg:  0.0, Max:  0.0, Diff:  0.0, Sum:  0.0, Workers: 4
[6669.080s][debug][gc,phases      ] GC(270)     Dead                           Min: 0, Avg:  0.0, Max: 0, Diff: 0, Sum: 0, Workers: 4
[6669.080s][debug][gc,phases      ] GC(270)     Total                          Min: 0, Avg:  0.0, Max: 0, Diff: 0, Sum: 0, Workers: 4
[6669.080s][debug][gc,phases      ] GC(270)   Weak JFR Old Object Samples    Min:  0.0, Avg:  0.0, Max:  0.0, Diff:  0.0, Sum:  0.0, Workers: 4
[6669.080s][debug][gc,phases      ] GC(270)     Dead                           Min: 0, Avg:  0.0, Max: 0, Diff: 0, Sum: 0, Workers: 4
[6669.080s][debug][gc,phases      ] GC(270)     Total                          Min: 0, Avg:  0.0, Max: 0, Diff: 0, Sum: 0, Workers: 4
[6669.080s][debug][gc,phases      ] GC(270) Weak Processing 0.477ms
[6669.080s][debug][gc,age         ] GC(270) Desired survivor size 6815744 bytes, new threshold 1 (max threshold 15)
[6669.080s][info ][gc,heap        ] GC(270) PSYoungGen: 2088464K(2090496K)->4688K(2089984K) Eden: 2083328K(2083328K)->0K(2083328K) From: 5136K(7168K)->4688K(6656K)
[6669.080s][info ][gc,heap        ] GC(270) ParOldGen: 657113K(657408K)->658265K(658432K)
[6669.080s][info ][gc,metaspace   ] GC(270) Metaspace: 113086K(114496K)->113086K(114496K) NonClass: 96338K(97152K)->96338K(97152K) Class: 16748K(17344K)->16748K(17344K)
[6669.080s][info ][gc             ] GC(270) Pause Young (Allocation Failure) 2681M->647M(2684M) 5.737ms
[6669.080s][info ][gc,cpu         ] GC(270) User=0.02s Sys=0.00s Real=0.00s
[6669.080s][info ][safepoint      ] Safepoint "ParallelGCFailedAllocation", Time since last: 25478230906 ns, Reaching safepoint: 8501 ns, Cleanup: 4800 ns, At safepoint: 5829083 ns, Total: 5842384 ns
[6677.081s][info ][safepoint      ] Safepoint "Cleanup", Time since last: 8000681355 ns, Reaching safepoint: 8400 ns, Cleanup: 11401 ns, At safepoint: 3200 ns, Total: 23001 ns
[6693.082s][info ][safepoint      ] Safepoint "Cleanup", Time since last: 16001298668 ns, Reaching safepoint: 7501 ns, Cleanup: 12400 ns, At safepoint: 2700 ns, Total: 22601 ns
[6693.328s][info ][gc,start       ] GC(271) Pause Young (Allocation Failure)
[6693.333s][debug][gc,phases      ] GC(271) Scavenge 4.846ms
[6693.333s][debug][gc,ref         ] GC(271) ReferenceProcessor::execute queues: 1, RefProcThreadModel::Single, marks_oops_alive: false
[6693.333s][debug][gc,ref         ] GC(271) Skipped KeepAliveFinalRefsPhase of Reference Processing: no references
[6693.333s][debug][gc,ref         ] GC(271) ReferenceProcessor::execute queues: 1, RefProcThreadModel::Single, marks_oops_alive: false
[6693.333s][debug][gc,phases      ] GC(271) Reference Processing 0.138ms
[6693.333s][debug][gc,phases      ] GC(271)   VM Weak                        Min:  0.0, Avg:  0.0, Max:  0.0, Diff:  0.0, Sum:  0.0, Workers: 4
[6693.333s][debug][gc,phases      ] GC(271)     Dead                           Min: 0, Avg:  0.0, Max: 0, Diff: 0, Sum: 0, Workers: 4
[6693.333s][debug][gc,phases      ] GC(271)     Total                          Min: 0, Avg: 261.5, Max: 534, Diff: 534, Sum: 1046, Workers: 4
[6693.333s][debug][gc,phases      ] GC(271)   ObjectSynchronizer Weak        Min:  0.0, Avg:  0.0, Max:  0.0, Diff:  0.0, Sum:  0.0, Workers: 4
[6693.333s][debug][gc,phases      ] GC(271)     Dead                           Min: 0, Avg:  0.0, Max: 0, Diff: 0, Sum: 0, Workers: 4
[6693.333s][debug][gc,phases      ] GC(271)     Total                          Min: 0, Avg:  1.0, Max: 4, Diff: 4, Sum: 4, Workers: 4
[6693.333s][debug][gc,phases      ] GC(271)   JVMTI Tag Weak OopStorage      Min:  0.0, Avg:  0.0, Max:  0.0, Diff:  0.0, Sum:  0.0, Workers: 4
[6693.333s][debug][gc,phases      ] GC(271)     Dead                           Min: 0, Avg:  0.0, Max: 0, Diff: 0, Sum: 0, Workers: 4
[6693.333s][debug][gc,phases      ] GC(271)     Total                          Min: 0, Avg:  0.0, Max: 0, Diff: 0, Sum: 0, Workers: 4
[6693.333s][debug][gc,phases      ] GC(271)   StringTable Weak               Min:  0.0, Avg:  0.1, Max:  0.2, Diff:  0.2, Sum:  0.5, Workers: 4
[6693.333s][debug][gc,phases      ] GC(271)     Dead                           Min: 0, Avg:  0.0, Max: 0, Diff: 0, Sum: 0, Workers: 4
[6693.333s][debug][gc,phases      ] GC(271)     Total                          Min: 0, Avg: 12079.8, Max: 16319, Diff: 16319, Sum: 48319, Workers: 4
[6693.333s][debug][gc,phases      ] GC(271)   ResolvedMethodTable Weak       Min:  0.0, Avg:  0.0, Max:  0.1, Diff:  0.1, Sum:  0.2, Workers: 4
[6693.333s][debug][gc,phases      ] GC(271)     Dead                           Min: 0, Avg:  4.0, Max: 16, Diff: 16, Sum: 16, Workers: 4
[6693.333s][debug][gc,phases      ] GC(271)     Total                          Min: 0, Avg: 4012.0, Max: 5998, Diff: 5998, Sum: 16048, Workers: 4
[6693.333s][debug][gc,phases      ] GC(271)   JNI Weak                       Min:  0.0, Avg:  0.0, Max:  0.0, Diff:  0.0, Sum:  0.0, Workers: 4
[6693.333s][debug][gc,phases      ] GC(271)     Dead                           Min: 0, Avg:  0.0, Max: 0, Diff: 0, Sum: 0, Workers: 4
[6693.333s][debug][gc,phases      ] GC(271)     Total                          Min: 0, Avg: 13.0, Max: 48, Diff: 48, Sum: 52, Workers: 4
[6693.333s][debug][gc,phases      ] GC(271)   StringDedup Table Weak         Min:  0.0, Avg:  0.0, Max:  0.0, Diff:  0.0, Sum:  0.0, Workers: 4
[6693.333s][debug][gc,phases      ] GC(271)     Dead                           Min: 0, Avg:  0.0, Max: 0, Diff: 0, Sum: 0, Workers: 4
[6693.333s][debug][gc,phases      ] GC(271)     Total                          Min: 0, Avg:  0.0, Max: 0, Diff: 0, Sum: 0, Workers: 4
[6693.333s][debug][gc,phases      ] GC(271)   StringDedup Requests0 Weak     Min:  0.0, Avg:  0.0, Max:  0.0, Diff:  0.0, Sum:  0.0, Workers: 4
[6693.333s][debug][gc,phases      ] GC(271)     Dead                           Min: 0, Avg:  0.0, Max: 0, Diff: 0, Sum: 0, Workers: 4
[6693.333s][debug][gc,phases      ] GC(271)     Total                          Min: 0, Avg:  0.0, Max: 0, Diff: 0, Sum: 0, Workers: 4
[6693.333s][debug][gc,phases      ] GC(271)   StringDedup Requests1 Weak     Min:  0.0, Avg:  0.0, Max:  0.0, Diff:  0.0, Sum:  0.0, Workers: 4
[6693.333s][debug][gc,phases      ] GC(271)     Dead                           Min: 0, Avg:  0.0, Max: 0, Diff: 0, Sum: 0, Workers: 4
[6693.333s][debug][gc,phases      ] GC(271)     Total                          Min: 0, Avg:  0.0, Max: 0, Diff: 0, Sum: 0, Workers: 4
[6693.333s][debug][gc,phases      ] GC(271)   Weak JFR Old Object Samples    Min:  0.0, Avg:  0.0, Max:  0.0, Diff:  0.0, Sum:  0.0, Workers: 4
[6693.333s][debug][gc,phases      ] GC(271)     Dead                           Min: 0, Avg:  0.0, Max: 0, Diff: 0, Sum: 0, Workers: 4
[6693.333s][debug][gc,phases      ] GC(271)     Total                          Min: 0, Avg:  0.0, Max: 0, Diff: 0, Sum: 0, Workers: 4
[6693.333s][debug][gc,phases      ] GC(271) Weak Processing 0.467ms
[6693.333s][debug][gc,age         ] GC(271) Desired survivor size 6815744 bytes, new threshold 1 (max threshold 15)
[6693.333s][info ][gc,heap        ] GC(271) PSYoungGen: 2088016K(2089984K)->4896K(2090496K) Eden: 2083328K(2083328K)->0K(2083840K) From: 4688K(6656K)->4896K(6656K)
[6693.333s][info ][gc,heap        ] GC(271) ParOldGen: 658265K(658432K)->659117K(659456K)
[6693.333s][info ][gc,metaspace   ] GC(271) Metaspace: 113087K(114496K)->113087K(114496K) NonClass: 96339K(97152K)->96339K(97152K) Class: 16748K(17344K)->16748K(17344K)
[6693.333s][info ][gc             ] GC(271) Pause Young (Allocation Failure) 2681M->648M(2685M) 5.645ms
[6693.333s][info ][gc,cpu         ] GC(271) User=0.02s Sys=0.01s Real=0.01s
[6693.333s][info ][safepoint      ] Safepoint "ParallelGCFailedAllocation", Time since last: 245450834 ns, Reaching safepoint: 8501 ns, Cleanup: 5800 ns, At safepoint: 5742378 ns, Total: 5756679 ns
[6717.945s][info ][gc,start       ] GC(272) Pause Young (Allocation Failure)
[6717.953s][debug][gc,phases      ] GC(272) Scavenge 8.002ms
[6717.953s][debug][gc,ref         ] GC(272) ReferenceProcessor::execute queues: 1, RefProcThreadModel::Single, marks_oops_alive: false
[6717.953s][debug][gc,ref         ] GC(272) Skipped KeepAliveFinalRefsPhase of Reference Processing: no references
[6717.953s][debug][gc,ref         ] GC(272) ReferenceProcessor::execute queues: 1, RefProcThreadModel::Single, marks_oops_alive: false
[6717.953s][debug][gc,phases      ] GC(272) Reference Processing 0.122ms
[6717.954s][debug][gc,phases      ] GC(272)   VM Weak                        Min:  0.0, Avg:  0.0, Max:  0.0, Diff:  0.0, Sum:  0.0, Workers: 4
[6717.954s][debug][gc,phases      ] GC(272)     Dead                           Min: 0, Avg:  0.0, Max: 0, Diff: 0, Sum: 0, Workers: 4
[6717.954s][debug][gc,phases      ] GC(272)     Total                          Min: 0, Avg: 261.5, Max: 598, Diff: 598, Sum: 1046, Workers: 4
[6717.954s][debug][gc,phases      ] GC(272)   ObjectSynchronizer Weak        Min:  0.0, Avg:  0.0, Max:  0.0, Diff:  0.0, Sum:  0.0, Workers: 4
[6717.954s][debug][gc,phases      ] GC(272)     Dead                           Min: 0, Avg:  0.0, Max: 0, Diff: 0, Sum: 0, Workers: 4
[6717.954s][debug][gc,phases      ] GC(272)     Total                          Min: 0, Avg:  1.0, Max: 4, Diff: 4, Sum: 4, Workers: 4
[6717.954s][debug][gc,phases      ] GC(272)   JVMTI Tag Weak OopStorage      Min:  0.0, Avg:  0.0, Max:  0.0, Diff:  0.0, Sum:  0.0, Workers: 4
[6717.954s][debug][gc,phases      ] GC(272)     Dead                           Min: 0, Avg:  0.0, Max: 0, Diff: 0, Sum: 0, Workers: 4
[6717.954s][debug][gc,phases      ] GC(272)     Total                          Min: 0, Avg:  0.0, Max: 0, Diff: 0, Sum: 0, Workers: 4
[6717.954s][debug][gc,phases      ] GC(272)   StringTable Weak               Min:  0.0, Avg:  0.1, Max:  0.2, Diff:  0.2, Sum:  0.5, Workers: 4
[6717.954s][debug][gc,phases      ] GC(272)     Dead                           Min: 0, Avg:  0.0, Max: 0, Diff: 0, Sum: 0, Workers: 4
[6717.954s][debug][gc,phases      ] GC(272)     Total                          Min: 0, Avg: 12079.8, Max: 16640, Diff: 16640, Sum: 48319, Workers: 4
[6717.954s][debug][gc,phases      ] GC(272)   ResolvedMethodTable Weak       Min:  0.0, Avg:  0.0, Max:  0.1, Diff:  0.1, Sum:  0.2, Workers: 4
[6717.954s][debug][gc,phases      ] GC(272)     Dead                           Min: 0, Avg:  0.0, Max: 0, Diff: 0, Sum: 0, Workers: 4
[6717.954s][debug][gc,phases      ] GC(272)     Total                          Min: 0, Avg: 4012.0, Max: 5459, Diff: 5459, Sum: 16048, Workers: 4
[6717.954s][debug][gc,phases      ] GC(272)   JNI Weak                       Min:  0.0, Avg:  0.0, Max:  0.0, Diff:  0.0, Sum:  0.0, Workers: 4
[6717.954s][debug][gc,phases      ] GC(272)     Dead                           Min: 0, Avg:  0.0, Max: 0, Diff: 0, Sum: 0, Workers: 4
[6717.954s][debug][gc,phases      ] GC(272)     Total                          Min: 0, Avg: 13.0, Max: 48, Diff: 48, Sum: 52, Workers: 4
[6717.954s][debug][gc,phases      ] GC(272)   StringDedup Table Weak         Min:  0.0, Avg:  0.0, Max:  0.0, Diff:  0.0, Sum:  0.0, Workers: 4
[6717.954s][debug][gc,phases      ] GC(272)     Dead                           Min: 0, Avg:  0.0, Max: 0, Diff: 0, Sum: 0, Workers: 4
[6717.954s][debug][gc,phases      ] GC(272)     Total                          Min: 0, Avg:  0.0, Max: 0, Diff: 0, Sum: 0, Workers: 4
[6717.954s][debug][gc,phases      ] GC(272)   StringDedup Requests0 Weak     Min:  0.0, Avg:  0.0, Max:  0.0, Diff:  0.0, Sum:  0.0, Workers: 4
[6717.954s][debug][gc,phases      ] GC(272)     Dead                           Min: 0, Avg:  0.0, Max: 0, Diff: 0, Sum: 0, Workers: 4
[6717.954s][debug][gc,phases      ] GC(272)     Total                          Min: 0, Avg:  0.0, Max: 0, Diff: 0, Sum: 0, Workers: 4
[6717.954s][debug][gc,phases      ] GC(272)   StringDedup Requests1 Weak     Min:  0.0, Avg:  0.0, Max:  0.0, Diff:  0.0, Sum:  0.0, Workers: 4
[6717.954s][debug][gc,phases      ] GC(272)     Dead                           Min: 0, Avg:  0.0, Max: 0, Diff: 0, Sum: 0, Workers: 4
[6717.954s][debug][gc,phases      ] GC(272)     Total                          Min: 0, Avg:  0.0, Max: 0, Diff: 0, Sum: 0, Workers: 4
[6717.954s][debug][gc,phases      ] GC(272)   Weak JFR Old Object Samples    Min:  0.0, Avg:  0.0, Max:  0.0, Diff:  0.0, Sum:  0.0, Workers: 4
[6717.954s][debug][gc,phases      ] GC(272)     Dead                           Min: 0, Avg:  0.0, Max: 0, Diff: 0, Sum: 0, Workers: 4
[6717.954s][debug][gc,phases      ] GC(272)     Total                          Min: 0, Avg:  0.0, Max: 0, Diff: 0, Sum: 0, Workers: 4
[6717.954s][debug][gc,phases      ] GC(272) Weak Processing 0.462ms
[6717.954s][debug][gc,age         ] GC(272) Desired survivor size 6815744 bytes, new threshold 1 (max threshold 15)
[6717.954s][info ][gc,heap        ] GC(272) PSYoungGen: 2088736K(2090496K)->4912K(2090496K) Eden: 2083840K(2083840K)->0K(2083840K) From: 4896K(6656K)->4912K(6656K)
[6717.954s][info ][gc,heap        ] GC(272) ParOldGen: 659117K(659456K)->660065K(660480K)
[6717.954s][info ][gc,metaspace   ] GC(272) Metaspace: 113087K(114496K)->113087K(114496K) NonClass: 96339K(97152K)->96339K(97152K) Class: 16748K(17344K)->16748K(17344K)
[6717.954s][info ][gc             ] GC(272) Pause Young (Allocation Failure) 2683M->649M(2686M) 8.724ms
[6717.954s][info ][gc,cpu         ] GC(272) User=0.02s Sys=0.00s Real=0.01s
[6717.954s][info ][safepoint      ] Safepoint "ParallelGCFailedAllocation", Time since last: 24611730054 ns, Reaching safepoint: 98803 ns, Cleanup: 5100 ns, At safepoint: 8827170 ns, Total: 8931073 ns
[6718.954s][info ][safepoint      ] Safepoint "Cleanup", Time since last: 1000093724 ns, Reaching safepoint: 10801 ns, Cleanup: 10500 ns, At safepoint: 2600 ns, Total: 23901 ns
[6742.740s][info ][gc,start       ] GC(273) Pause Young (Allocation Failure)
[6742.745s][debug][gc,phases      ] GC(273) Scavenge 5.121ms
[6742.746s][debug][gc,ref         ] GC(273) ReferenceProcessor::execute queues: 1, RefProcThreadModel::Single, marks_oops_alive: false
[6742.746s][debug][gc,ref         ] GC(273) Skipped KeepAliveFinalRefsPhase of Reference Processing: no references
[6742.746s][debug][gc,ref         ] GC(273) Skipped PhantomRefsPhase of Reference Processing: no references
[6742.746s][debug][gc,phases      ] GC(273) Reference Processing 0.120ms
[6742.746s][debug][gc,phases      ] GC(273)   VM Weak                        Min:  0.0, Avg:  0.0, Max:  0.0, Diff:  0.0, Sum:  0.0, Workers: 4
[6742.746s][debug][gc,phases      ] GC(273)     Dead                           Min: 0, Avg:  0.0, Max: 0, Diff: 0, Sum: 0, Workers: 4
[6742.746s][debug][gc,phases      ] GC(273)     Total                          Min: 0, Avg: 261.5, Max: 960, Diff: 960, Sum: 1046, Workers: 4
[6742.746s][debug][gc,phases      ] GC(273)   ObjectSynchronizer Weak        Min:  0.0, Avg:  0.0, Max:  0.0, Diff:  0.0, Sum:  0.0, Workers: 4
[6742.746s][debug][gc,phases      ] GC(273)     Dead                           Min: 0, Avg:  0.0, Max: 0, Diff: 0, Sum: 0, Workers: 4
[6742.746s][debug][gc,phases      ] GC(273)     Total                          Min: 0, Avg:  1.0, Max: 4, Diff: 4, Sum: 4, Workers: 4
[6742.746s][debug][gc,phases      ] GC(273)   JVMTI Tag Weak OopStorage      Min:  0.0, Avg:  0.0, Max:  0.0, Diff:  0.0, Sum:  0.0, Workers: 4
[6742.746s][debug][gc,phases      ] GC(273)     Dead                           Min: 0, Avg:  0.0, Max: 0, Diff: 0, Sum: 0, Workers: 4
[6742.746s][debug][gc,phases      ] GC(273)     Total                          Min: 0, Avg:  0.0, Max: 0, Diff: 0, Sum: 0, Workers: 4
[6742.746s][debug][gc,phases      ] GC(273)   StringTable Weak               Min:  0.0, Avg:  0.1, Max:  0.1, Diff:  0.1, Sum:  0.4, Workers: 4
[6742.746s][debug][gc,phases      ] GC(273)     Dead                           Min: 0, Avg:  0.0, Max: 0, Diff: 0, Sum: 0, Workers: 4
[6742.746s][debug][gc,phases      ] GC(273)     Total                          Min: 0, Avg: 12079.8, Max: 17024, Diff: 17024, Sum: 48319, Workers: 4
[6742.746s][debug][gc,phases      ] GC(273)   ResolvedMethodTable Weak       Min:  0.0, Avg:  0.0, Max:  0.1, Diff:  0.1, Sum:  0.2, Workers: 4
[6742.746s][debug][gc,phases      ] GC(273)     Dead                           Min: 0, Avg:  4.0, Max: 16, Diff: 16, Sum: 16, Workers: 4
[6742.746s][debug][gc,phases      ] GC(273)     Total                          Min: 0, Avg: 4012.0, Max: 5822, Diff: 5822, Sum: 16048, Workers: 4
[6742.746s][debug][gc,phases      ] GC(273)   JNI Weak                       Min:  0.0, Avg:  0.0, Max:  0.0, Diff:  0.0, Sum:  0.0, Workers: 4
[6742.746s][debug][gc,phases      ] GC(273)     Dead                           Min: 0, Avg:  0.0, Max: 0, Diff: 0, Sum: 0, Workers: 4
[6742.746s][debug][gc,phases      ] GC(273)     Total                          Min: 0, Avg: 13.0, Max: 48, Diff: 48, Sum: 52, Workers: 4
[6742.746s][debug][gc,phases      ] GC(273)   StringDedup Table Weak         Min:  0.0, Avg:  0.0, Max:  0.0, Diff:  0.0, Sum:  0.0, Workers: 4
[6742.746s][debug][gc,phases      ] GC(273)     Dead                           Min: 0, Avg:  0.0, Max: 0, Diff: 0, Sum: 0, Workers: 4
[6742.746s][debug][gc,phases      ] GC(273)     Total                          Min: 0, Avg:  0.0, Max: 0, Diff: 0, Sum: 0, Workers: 4
[6742.746s][debug][gc,phases      ] GC(273)   StringDedup Requests0 Weak     Min:  0.0, Avg:  0.0, Max:  0.0, Diff:  0.0, Sum:  0.0, Workers: 4
[6742.746s][debug][gc,phases      ] GC(273)     Dead                           Min: 0, Avg:  0.0, Max: 0, Diff: 0, Sum: 0, Workers: 4
[6742.746s][debug][gc,phases      ] GC(273)     Total                          Min: 0, Avg:  0.0, Max: 0, Diff: 0, Sum: 0, Workers: 4
[6742.746s][debug][gc,phases      ] GC(273)   StringDedup Requests1 Weak     Min:  0.0, Avg:  0.0, Max:  0.0, Diff:  0.0, Sum:  0.0, Workers: 4
[6742.746s][debug][gc,phases      ] GC(273)     Dead                           Min: 0, Avg:  0.0, Max: 0, Diff: 0, Sum: 0, Workers: 4
[6742.746s][debug][gc,phases      ] GC(273)     Total                          Min: 0, Avg:  0.0, Max: 0, Diff: 0, Sum: 0, Workers: 4
[6742.746s][debug][gc,phases      ] GC(273)   Weak JFR Old Object Samples    Min:  0.0, Avg:  0.0, Max:  0.0, Diff:  0.0, Sum:  0.0, Workers: 4
[6742.746s][debug][gc,phases      ] GC(273)     Dead                           Min: 0, Avg:  0.0, Max: 0, Diff: 0, Sum: 0, Workers: 4
[6742.746s][debug][gc,phases      ] GC(273)     Total                          Min: 0, Avg:  0.0, Max: 0, Diff: 0, Sum: 0, Workers: 4
[6742.746s][debug][gc,phases      ] GC(273) Weak Processing 0.492ms
[6742.746s][debug][gc,age         ] GC(273) Desired survivor size 6815744 bytes, new threshold 1 (max threshold 15)
[6742.746s][info ][gc,heap        ] GC(273) PSYoungGen: 2088752K(2090496K)->5312K(2090496K) Eden: 2083840K(2083840K)->0K(2083840K) From: 4912K(6656K)->5312K(6656K)
[6742.746s][info ][gc,heap        ] GC(273) ParOldGen: 660065K(660480K)->660745K(660992K)
[6742.746s][info ][gc,metaspace   ] GC(273) Metaspace: 113087K(114496K)->113087K(114496K) NonClass: 96339K(97152K)->96339K(97152K) Class: 16748K(17344K)->16748K(17344K)
[6742.746s][info ][gc             ] GC(273) Pause Young (Allocation Failure) 2684M->650M(2687M) 5.899ms
[6742.746s][info ][gc,cpu         ] GC(273) User=0.02s Sys=0.00s Real=0.01s
[6742.746s][info ][safepoint      ] Safepoint "ParallelGCFailedAllocation", Time since last: 23786018935 ns, Reaching safepoint: 80503 ns, Cleanup: 5000 ns, At safepoint: 5994986 ns, Total: 6080489 ns
[6768.466s][info ][gc,start       ] GC(274) Pause Young (Allocation Failure)
[6768.470s][debug][gc,phases      ] GC(274) Scavenge 4.838ms
[6768.471s][debug][gc,ref         ] GC(274) ReferenceProcessor::execute queues: 1, RefProcThreadModel::Single, marks_oops_alive: false
[6768.471s][debug][gc,ref         ] GC(274) Skipped KeepAliveFinalRefsPhase of Reference Processing: no references
[6768.471s][debug][gc,ref         ] GC(274) Skipped PhantomRefsPhase of Reference Processing: no references
[6768.471s][debug][gc,phases      ] GC(274) Reference Processing 0.117ms
[6768.471s][debug][gc,phases      ] GC(274)   VM Weak                        Min:  0.0, Avg:  0.0, Max:  0.0, Diff:  0.0, Sum:  0.0, Workers: 4
[6768.471s][debug][gc,phases      ] GC(274)     Dead                           Min: 0, Avg:  0.0, Max: 0, Diff: 0, Sum: 0, Workers: 4
[6768.471s][debug][gc,phases      ] GC(274)     Total                          Min: 0, Avg: 261.5, Max: 1046, Diff: 1046, Sum: 1046, Workers: 4
[6768.471s][debug][gc,phases      ] GC(274)   ObjectSynchronizer Weak        Min:  0.0, Avg:  0.0, Max:  0.0, Diff:  0.0, Sum:  0.0, Workers: 4
[6768.471s][debug][gc,phases      ] GC(274)     Dead                           Min: 0, Avg:  0.0, Max: 0, Diff: 0, Sum: 0, Workers: 4
[6768.471s][debug][gc,phases      ] GC(274)     Total                          Min: 0, Avg:  1.0, Max: 4, Diff: 4, Sum: 4, Workers: 4
[6768.471s][debug][gc,phases      ] GC(274)   JVMTI Tag Weak OopStorage      Min:  0.0, Avg:  0.0, Max:  0.0, Diff:  0.0, Sum:  0.0, Workers: 4
[6768.471s][debug][gc,phases      ] GC(274)     Dead                           Min: 0, Avg:  0.0, Max: 0, Diff: 0, Sum: 0, Workers: 4
[6768.471s][debug][gc,phases      ] GC(274)     Total                          Min: 0, Avg:  0.0, Max: 0, Diff: 0, Sum: 0, Workers: 4
[6768.471s][debug][gc,phases      ] GC(274)   StringTable Weak               Min:  0.0, Avg:  0.1, Max:  0.1, Diff:  0.1, Sum:  0.4, Workers: 4
[6768.471s][debug][gc,phases      ] GC(274)     Dead                           Min: 0, Avg:  0.0, Max: 0, Diff: 0, Sum: 0, Workers: 4
[6768.471s][debug][gc,phases      ] GC(274)     Total                          Min: 0, Avg: 12079.8, Max: 16639, Diff: 16639, Sum: 48319, Workers: 4
[6768.471s][debug][gc,phases      ] GC(274)   ResolvedMethodTable Weak       Min:  0.0, Avg:  0.0, Max:  0.0, Diff:  0.0, Sum:  0.1, Workers: 4
[6768.471s][debug][gc,phases      ] GC(274)     Dead                           Min: 0, Avg:  4.0, Max: 16, Diff: 16, Sum: 16, Workers: 4
[6768.471s][debug][gc,phases      ] GC(274)     Total                          Min: 0, Avg: 4012.0, Max: 5853, Diff: 5853, Sum: 16048, Workers: 4
[6768.471s][debug][gc,phases      ] GC(274)   JNI Weak                       Min:  0.0, Avg:  0.0, Max:  0.0, Diff:  0.0, Sum:  0.0, Workers: 4
[6768.471s][debug][gc,phases      ] GC(274)     Dead                           Min: 0, Avg:  0.0, Max: 0, Diff: 0, Sum: 0, Workers: 4
[6768.471s][debug][gc,phases      ] GC(274)     Total                          Min: 0, Avg: 13.0, Max: 48, Diff: 48, Sum: 52, Workers: 4
[6768.471s][debug][gc,phases      ] GC(274)   StringDedup Table Weak         Min:  0.0, Avg:  0.0, Max:  0.0, Diff:  0.0, Sum:  0.0, Workers: 4
[6768.471s][debug][gc,phases      ] GC(274)     Dead                           Min: 0, Avg:  0.0, Max: 0, Diff: 0, Sum: 0, Workers: 4
[6768.471s][debug][gc,phases      ] GC(274)     Total                          Min: 0, Avg:  0.0, Max: 0, Diff: 0, Sum: 0, Workers: 4
[6768.471s][debug][gc,phases      ] GC(274)   StringDedup Requests0 Weak     Min:  0.0, Avg:  0.0, Max:  0.0, Diff:  0.0, Sum:  0.0, Workers: 4
[6768.471s][debug][gc,phases      ] GC(274)     Dead                           Min: 0, Avg:  0.0, Max: 0, Diff: 0, Sum: 0, Workers: 4
[6768.471s][debug][gc,phases      ] GC(274)     Total                          Min: 0, Avg:  0.0, Max: 0, Diff: 0, Sum: 0, Workers: 4
[6768.471s][debug][gc,phases      ] GC(274)   StringDedup Requests1 Weak     Min:  0.0, Avg:  0.0, Max:  0.0, Diff:  0.0, Sum:  0.0, Workers: 4
[6768.471s][debug][gc,phases      ] GC(274)     Dead                           Min: 0, Avg:  0.0, Max: 0, Diff: 0, Sum: 0, Workers: 4
[6768.471s][debug][gc,phases      ] GC(274)     Total                          Min: 0, Avg:  0.0, Max: 0, Diff: 0, Sum: 0, Workers: 4
[6768.471s][debug][gc,phases      ] GC(274)   Weak JFR Old Object Samples    Min:  0.0, Avg:  0.0, Max:  0.0, Diff:  0.0, Sum:  0.0, Workers: 4
[6768.471s][debug][gc,phases      ] GC(274)     Dead                           Min: 0, Avg:  0.0, Max: 0, Diff: 0, Sum: 0, Workers: 4
[6768.471s][debug][gc,phases      ] GC(274)     Total                          Min: 0, Avg:  0.0, Max: 0, Diff: 0, Sum: 0, Workers: 4
[6768.471s][debug][gc,phases      ] GC(274) Weak Processing 0.433ms
[6768.471s][debug][gc,age         ] GC(274) Desired survivor size 6815744 bytes, new threshold 1 (max threshold 15)
[6768.471s][info ][gc,heap        ] GC(274) PSYoungGen: 2089152K(2090496K)->4864K(2090496K) Eden: 2083840K(2083840K)->0K(2083840K) From: 5312K(6656K)->4864K(6656K)
[6768.471s][info ][gc,heap        ] GC(274) ParOldGen: 660745K(660992K)->661653K(662016K)
[6768.471s][info ][gc,metaspace   ] GC(274) Metaspace: 113087K(114496K)->113087K(114496K) NonClass: 96339K(97152K)->96339K(97152K) Class: 16748K(17344K)->16748K(17344K)
[6768.471s][info ][gc             ] GC(274) Pause Young (Allocation Failure) 2685M->650M(2688M) 5.527ms
[6768.471s][info ][gc,cpu         ] GC(274) User=0.02s Sys=0.00s Real=0.00s
[6768.471s][info ][safepoint      ] Safepoint "ParallelGCFailedAllocation", Time since last: 25719338804 ns, Reaching safepoint: 7600 ns, Cleanup: 4700 ns, At safepoint: 5606867 ns, Total: 5619167 ns
[6793.353s][info ][gc,start       ] GC(275) Pause Young (Allocation Failure)
[6793.362s][debug][gc,phases      ] GC(275) Scavenge 8.191ms
[6793.362s][debug][gc,ref         ] GC(275) ReferenceProcessor::execute queues: 1, RefProcThreadModel::Single, marks_oops_alive: false
[6793.362s][debug][gc,ref         ] GC(275) Skipped KeepAliveFinalRefsPhase of Reference Processing: no references
[6793.362s][debug][gc,ref         ] GC(275) Skipped PhantomRefsPhase of Reference Processing: no references
[6793.362s][debug][gc,phases      ] GC(275) Reference Processing 0.114ms
[6793.362s][debug][gc,phases      ] GC(275)   VM Weak                        Min:  0.0, Avg:  0.0, Max:  0.0, Diff:  0.0, Sum:  0.0, Workers: 4
[6793.362s][debug][gc,phases      ] GC(275)     Dead                           Min: 0, Avg:  0.0, Max: 0, Diff: 0, Sum: 0, Workers: 4
[6793.362s][debug][gc,phases      ] GC(275)     Total                          Min: 0, Avg: 261.5, Max: 960, Diff: 960, Sum: 1046, Workers: 4
[6793.362s][debug][gc,phases      ] GC(275)   ObjectSynchronizer Weak        Min:  0.0, Avg:  0.0, Max:  0.0, Diff:  0.0, Sum:  0.0, Workers: 4
[6793.362s][debug][gc,phases      ] GC(275)     Dead                           Min: 0, Avg:  0.0, Max: 0, Diff: 0, Sum: 0, Workers: 4
[6793.362s][debug][gc,phases      ] GC(275)     Total                          Min: 0, Avg:  1.0, Max: 4, Diff: 4, Sum: 4, Workers: 4
[6793.362s][debug][gc,phases      ] GC(275)   JVMTI Tag Weak OopStorage      Min:  0.0, Avg:  0.0, Max:  0.0, Diff:  0.0, Sum:  0.0, Workers: 4
[6793.362s][debug][gc,phases      ] GC(275)     Dead                           Min: 0, Avg:  0.0, Max: 0, Diff: 0, Sum: 0, Workers: 4
[6793.362s][debug][gc,phases      ] GC(275)     Total                          Min: 0, Avg:  0.0, Max: 0, Diff: 0, Sum: 0, Workers: 4
[6793.362s][debug][gc,phases      ] GC(275)   StringTable Weak               Min:  0.0, Avg:  0.1, Max:  0.1, Diff:  0.1, Sum:  0.4, Workers: 4
[6793.362s][debug][gc,phases      ] GC(275)     Dead                           Min: 0, Avg:  0.0, Max: 0, Diff: 0, Sum: 0, Workers: 4
[6793.362s][debug][gc,phases      ] GC(275)     Total                          Min: 0, Avg: 12079.8, Max: 17536, Diff: 17536, Sum: 48319, Workers: 4
[6793.362s][debug][gc,phases      ] GC(275)   ResolvedMethodTable Weak       Min:  0.0, Avg:  0.0, Max:  0.0, Diff:  0.0, Sum:  0.1, Workers: 4
[6793.362s][debug][gc,phases      ] GC(275)     Dead                           Min: 0, Avg:  0.0, Max: 0, Diff: 0, Sum: 0, Workers: 4
[6793.362s][debug][gc,phases      ] GC(275)     Total                          Min: 0, Avg: 4012.0, Max: 5516, Diff: 5516, Sum: 16048, Workers: 4
[6793.362s][debug][gc,phases      ] GC(275)   JNI Weak                       Min:  0.0, Avg:  0.0, Max:  0.0, Diff:  0.0, Sum:  0.0, Workers: 4
[6793.362s][debug][gc,phases      ] GC(275)     Dead                           Min: 0, Avg:  0.0, Max: 0, Diff: 0, Sum: 0, Workers: 4
[6793.362s][debug][gc,phases      ] GC(275)     Total                          Min: 0, Avg: 13.0, Max: 48, Diff: 48, Sum: 52, Workers: 4
[6793.362s][debug][gc,phases      ] GC(275)   StringDedup Table Weak         Min:  0.0, Avg:  0.0, Max:  0.0, Diff:  0.0, Sum:  0.0, Workers: 4
[6793.362s][debug][gc,phases      ] GC(275)     Dead                           Min: 0, Avg:  0.0, Max: 0, Diff: 0, Sum: 0, Workers: 4
[6793.362s][debug][gc,phases      ] GC(275)     Total                          Min: 0, Avg:  0.0, Max: 0, Diff: 0, Sum: 0, Workers: 4
[6793.362s][debug][gc,phases      ] GC(275)   StringDedup Requests0 Weak     Min:  0.0, Avg:  0.0, Max:  0.0, Diff:  0.0, Sum:  0.0, Workers: 4
[6793.362s][debug][gc,phases      ] GC(275)     Dead                           Min: 0, Avg:  0.0, Max: 0, Diff: 0, Sum: 0, Workers: 4
[6793.362s][debug][gc,phases      ] GC(275)     Total                          Min: 0, Avg:  0.0, Max: 0, Diff: 0, Sum: 0, Workers: 4
[6793.362s][debug][gc,phases      ] GC(275)   StringDedup Requests1 Weak     Min:  0.0, Avg:  0.0, Max:  0.0, Diff:  0.0, Sum:  0.0, Workers: 4
[6793.362s][debug][gc,phases      ] GC(275)     Dead                           Min: 0, Avg:  0.0, Max: 0, Diff: 0, Sum: 0, Workers: 4
[6793.362s][debug][gc,phases      ] GC(275)     Total                          Min: 0, Avg:  0.0, Max: 0, Diff: 0, Sum: 0, Workers: 4
[6793.362s][debug][gc,phases      ] GC(275)   Weak JFR Old Object Samples    Min:  0.0, Avg:  0.0, Max:  0.0, Diff:  0.0, Sum:  0.0, Workers: 4
[6793.362s][debug][gc,phases      ] GC(275)     Dead                           Min: 0, Avg:  0.0, Max: 0, Diff: 0, Sum: 0, Workers: 4
[6793.362s][debug][gc,phases      ] GC(275)     Total                          Min: 0, Avg:  0.0, Max: 0, Diff: 0, Sum: 0, Workers: 4
[6793.362s][debug][gc,phases      ] GC(275) Weak Processing 0.424ms
[6793.362s][debug][gc,age         ] GC(275) Desired survivor size 6815744 bytes, new threshold 1 (max threshold 15)
[6793.362s][info ][gc,heap        ] GC(275) PSYoungGen: 2088704K(2090496K)->5456K(2090496K) Eden: 2083840K(2083840K)->0K(2083840K) From: 4864K(6656K)->5456K(6656K)
[6793.362s][info ][gc,heap        ] GC(275) ParOldGen: 661653K(662016K)->662213K(662528K)
[6793.362s][info ][gc,metaspace   ] GC(275) Metaspace: 113087K(114496K)->113087K(114496K) NonClass: 96339K(97152K)->96339K(97152K) Class: 16748K(17344K)->16748K(17344K)
[6793.362s][info ][gc             ] GC(275) Pause Young (Allocation Failure) 2685M->652M(2688M) 8.874ms
[6793.362s][info ][gc,cpu         ] GC(275) User=0.02s Sys=0.00s Real=0.00s
[6793.362s][info ][safepoint      ] Safepoint "ParallelGCFailedAllocation", Time since last: 24882064056 ns, Reaching safepoint: 10000 ns, Cleanup: 5400 ns, At safepoint: 8996673 ns, Total: 9012073 ns
[6818.298s][info ][gc,start       ] GC(276) Pause Young (Allocation Failure)
[6818.305s][debug][gc,phases      ] GC(276) Scavenge 7.156ms
[6818.305s][debug][gc,ref         ] GC(276) ReferenceProcessor::execute queues: 1, RefProcThreadModel::Single, marks_oops_alive: false
[6818.305s][debug][gc,ref         ] GC(276) Skipped KeepAliveFinalRefsPhase of Reference Processing: no references
[6818.305s][debug][gc,ref         ] GC(276) Skipped PhantomRefsPhase of Reference Processing: no references
[6818.305s][debug][gc,phases      ] GC(276) Reference Processing 0.164ms
[6818.305s][debug][gc,phases      ] GC(276)   VM Weak                        Min:  0.0, Avg:  0.0, Max:  0.0, Diff:  0.0, Sum:  0.0, Workers: 4
[6818.305s][debug][gc,phases      ] GC(276)     Dead                           Min: 0, Avg:  0.0, Max: 0, Diff: 0, Sum: 0, Workers: 4
[6818.305s][debug][gc,phases      ] GC(276)     Total                          Min: 0, Avg: 261.5, Max: 512, Diff: 512, Sum: 1046, Workers: 4
[6818.305s][debug][gc,phases      ] GC(276)   ObjectSynchronizer Weak        Min:  0.0, Avg:  0.0, Max:  0.0, Diff:  0.0, Sum:  0.0, Workers: 4
[6818.305s][debug][gc,phases      ] GC(276)     Dead                           Min: 0, Avg:  0.0, Max: 0, Diff: 0, Sum: 0, Workers: 4
[6818.305s][debug][gc,phases      ] GC(276)     Total                          Min: 0, Avg:  1.0, Max: 4, Diff: 4, Sum: 4, Workers: 4
[6818.305s][debug][gc,phases      ] GC(276)   JVMTI Tag Weak OopStorage      Min:  0.0, Avg:  0.0, Max:  0.0, Diff:  0.0, Sum:  0.0, Workers: 4
[6818.305s][debug][gc,phases      ] GC(276)     Dead                           Min: 0, Avg:  0.0, Max: 0, Diff: 0, Sum: 0, Workers: 4
[6818.305s][debug][gc,phases      ] GC(276)     Total                          Min: 0, Avg:  0.0, Max: 0, Diff: 0, Sum: 0, Workers: 4
[6818.305s][debug][gc,phases      ] GC(276)   StringTable Weak               Min:  0.0, Avg:  0.1, Max:  0.2, Diff:  0.2, Sum:  0.5, Workers: 4
[6818.305s][debug][gc,phases      ] GC(276)     Dead                           Min: 0, Avg:  0.0, Max: 0, Diff: 0, Sum: 0, Workers: 4
[6818.305s][debug][gc,phases      ] GC(276)     Total                          Min: 0, Avg: 12079.8, Max: 16831, Diff: 16831, Sum: 48319, Workers: 4
[6818.305s][debug][gc,phases      ] GC(276)   ResolvedMethodTable Weak       Min:  0.0, Avg:  0.0, Max:  0.1, Diff:  0.1, Sum:  0.2, Workers: 4
[6818.305s][debug][gc,phases      ] GC(276)     Dead                           Min: 0, Avg:  4.0, Max: 16, Diff: 16, Sum: 16, Workers: 4
[6818.305s][debug][gc,phases      ] GC(276)     Total                          Min: 0, Avg: 4012.0, Max: 5595, Diff: 5595, Sum: 16048, Workers: 4
[6818.305s][debug][gc,phases      ] GC(276)   JNI Weak                       Min:  0.0, Avg:  0.0, Max:  0.0, Diff:  0.0, Sum:  0.0, Workers: 4
[6818.305s][debug][gc,phases      ] GC(276)     Dead                           Min: 0, Avg:  0.0, Max: 0, Diff: 0, Sum: 0, Workers: 4
[6818.305s][debug][gc,phases      ] GC(276)     Total                          Min: 0, Avg: 13.0, Max: 48, Diff: 48, Sum: 52, Workers: 4
[6818.305s][debug][gc,phases      ] GC(276)   StringDedup Table Weak         Min:  0.0, Avg:  0.0, Max:  0.0, Diff:  0.0, Sum:  0.0, Workers: 4
[6818.306s][debug][gc,phases      ] GC(276)     Dead                           Min: 0, Avg:  0.0, Max: 0, Diff: 0, Sum: 0, Workers: 4
[6818.306s][debug][gc,phases      ] GC(276)     Total                          Min: 0, Avg:  0.0, Max: 0, Diff: 0, Sum: 0, Workers: 4
[6818.306s][debug][gc,phases      ] GC(276)   StringDedup Requests0 Weak     Min:  0.0, Avg:  0.0, Max:  0.0, Diff:  0.0, Sum:  0.0, Workers: 4
[6818.306s][debug][gc,phases      ] GC(276)     Dead                           Min: 0, Avg:  0.0, Max: 0, Diff: 0, Sum: 0, Workers: 4
[6818.306s][debug][gc,phases      ] GC(276)     Total                          Min: 0, Avg:  0.0, Max: 0, Diff: 0, Sum: 0, Workers: 4
[6818.306s][debug][gc,phases      ] GC(276)   StringDedup Requests1 Weak     Min:  0.0, Avg:  0.0, Max:  0.0, Diff:  0.0, Sum:  0.0, Workers: 4
[6818.306s][debug][gc,phases      ] GC(276)     Dead                           Min: 0, Avg:  0.0, Max: 0, Diff: 0, Sum: 0, Workers: 4
[6818.306s][debug][gc,phases      ] GC(276)     Total                          Min: 0, Avg:  0.0, Max: 0, Diff: 0, Sum: 0, Workers: 4
[6818.306s][debug][gc,phases      ] GC(276)   Weak JFR Old Object Samples    Min:  0.0, Avg:  0.0, Max:  0.0, Diff:  0.0, Sum:  0.0, Workers: 4
[6818.306s][debug][gc,phases      ] GC(276)     Dead                           Min: 0, Avg:  0.0, Max: 0, Diff: 0, Sum: 0, Workers: 4
[6818.306s][debug][gc,phases      ] GC(276)     Total                          Min: 0, Avg:  0.0, Max: 0, Diff: 0, Sum: 0, Workers: 4
[6818.306s][debug][gc,phases      ] GC(276) Weak Processing 0.521ms
[6818.306s][debug][gc,age         ] GC(276) Desired survivor size 6815744 bytes, new threshold 1 (max threshold 15)
[6818.306s][info ][gc,heap        ] GC(276) PSYoungGen: 2089296K(2090496K)->5136K(2090496K) Eden: 2083840K(2083840K)->0K(2083840K) From: 5456K(6656K)->5136K(6656K)
[6818.306s][info ][gc,heap        ] GC(276) ParOldGen: 662213K(662528K)->663390K(663552K)
[6818.306s][info ][gc,metaspace   ] GC(276) Metaspace: 113090K(114496K)->113090K(114496K) NonClass: 96342K(97152K)->96342K(97152K) Class: 16748K(17344K)->16748K(17344K)
[6818.306s][info ][gc             ] GC(276) Pause Young (Allocation Failure) 2687M->652M(2689M) 8.044ms
[6818.306s][info ][gc,cpu         ] GC(276) User=0.02s Sys=0.00s Real=0.01s
[6818.306s][info ][safepoint      ] Safepoint "ParallelGCFailedAllocation", Time since last: 24935323507 ns, Reaching safepoint: 9201 ns, Cleanup: 5100 ns, At safepoint: 8139448 ns, Total: 8153749 ns
[6829.307s][info ][safepoint      ] Safepoint "Cleanup", Time since last: 11000902028 ns, Reaching safepoint: 85303 ns, Cleanup: 11400 ns, At safepoint: 35101 ns, Total: 131804 ns
[6836.308s][info ][safepoint      ] Safepoint "Cleanup", Time since last: 7000725614 ns, Reaching safepoint: 8800 ns, Cleanup: 14201 ns, At safepoint: 2700 ns, Total: 25701 ns
[6843.305s][info ][gc,start       ] GC(277) Pause Young (Allocation Failure)
[6843.313s][debug][gc,phases      ] GC(277) Scavenge 7.629ms
[6843.313s][debug][gc,ref         ] GC(277) ReferenceProcessor::execute queues: 1, RefProcThreadModel::Single, marks_oops_alive: false
[6843.313s][debug][gc,ref         ] GC(277) Skipped KeepAliveFinalRefsPhase of Reference Processing: no references
[6843.313s][debug][gc,ref         ] GC(277) Skipped PhantomRefsPhase of Reference Processing: no references
[6843.313s][debug][gc,phases      ] GC(277) Reference Processing 0.115ms
[6843.313s][debug][gc,phases      ] GC(277)   VM Weak                        Min:  0.0, Avg:  0.0, Max:  0.0, Diff:  0.0, Sum:  0.0, Workers: 4
[6843.313s][debug][gc,phases      ] GC(277)     Dead                           Min: 0, Avg:  0.0, Max: 0, Diff: 0, Sum: 0, Workers: 4
[6843.313s][debug][gc,phases      ] GC(277)     Total                          Min: 0, Avg: 261.5, Max: 662, Diff: 662, Sum: 1046, Workers: 4
[6843.313s][debug][gc,phases      ] GC(277)   ObjectSynchronizer Weak        Min:  0.0, Avg:  0.0, Max:  0.0, Diff:  0.0, Sum:  0.0, Workers: 4
[6843.313s][debug][gc,phases      ] GC(277)     Dead                           Min: 0, Avg:  0.0, Max: 0, Diff: 0, Sum: 0, Workers: 4
[6843.313s][debug][gc,phases      ] GC(277)     Total                          Min: 0, Avg:  0.8, Max: 3, Diff: 3, Sum: 3, Workers: 4
[6843.313s][debug][gc,phases      ] GC(277)   JVMTI Tag Weak OopStorage      Min:  0.0, Avg:  0.0, Max:  0.0, Diff:  0.0, Sum:  0.0, Workers: 4
[6843.313s][debug][gc,phases      ] GC(277)     Dead                           Min: 0, Avg:  0.0, Max: 0, Diff: 0, Sum: 0, Workers: 4
[6843.313s][debug][gc,phases      ] GC(277)     Total                          Min: 0, Avg:  0.0, Max: 0, Diff: 0, Sum: 0, Workers: 4
[6843.313s][debug][gc,phases      ] GC(277)   StringTable Weak               Min:  0.0, Avg:  0.1, Max:  0.1, Diff:  0.1, Sum:  0.4, Workers: 4
[6843.313s][debug][gc,phases      ] GC(277)     Dead                           Min: 0, Avg:  0.0, Max: 0, Diff: 0, Sum: 0, Workers: 4
[6843.313s][debug][gc,phases      ] GC(277)     Total                          Min: 0, Avg: 12079.8, Max: 16895, Diff: 16895, Sum: 48319, Workers: 4
[6843.313s][debug][gc,phases      ] GC(277)   ResolvedMethodTable Weak       Min:  0.0, Avg:  0.0, Max:  0.0, Diff:  0.0, Sum:  0.1, Workers: 4
[6843.313s][debug][gc,phases      ] GC(277)     Dead                           Min: 0, Avg:  4.0, Max: 16, Diff: 16, Sum: 16, Workers: 4
[6843.313s][debug][gc,phases      ] GC(277)     Total                          Min: 0, Avg: 4012.0, Max: 5584, Diff: 5584, Sum: 16048, Workers: 4
[6843.313s][debug][gc,phases      ] GC(277)   JNI Weak                       Min:  0.0, Avg:  0.0, Max:  0.0, Diff:  0.0, Sum:  0.0, Workers: 4
[6843.313s][debug][gc,phases      ] GC(277)     Dead                           Min: 0, Avg:  0.0, Max: 0, Diff: 0, Sum: 0, Workers: 4
[6843.313s][debug][gc,phases      ] GC(277)     Total                          Min: 0, Avg: 13.0, Max: 48, Diff: 48, Sum: 52, Workers: 4
[6843.313s][debug][gc,phases      ] GC(277)   StringDedup Table Weak         Min:  0.0, Avg:  0.0, Max:  0.0, Diff:  0.0, Sum:  0.0, Workers: 4
[6843.313s][debug][gc,phases      ] GC(277)     Dead                           Min: 0, Avg:  0.0, Max: 0, Diff: 0, Sum: 0, Workers: 4
[6843.313s][debug][gc,phases      ] GC(277)     Total                          Min: 0, Avg:  0.0, Max: 0, Diff: 0, Sum: 0, Workers: 4
[6843.313s][debug][gc,phases      ] GC(277)   StringDedup Requests0 Weak     Min:  0.0, Avg:  0.0, Max:  0.0, Diff:  0.0, Sum:  0.0, Workers: 4
[6843.313s][debug][gc,phases      ] GC(277)     Dead                           Min: 0, Avg:  0.0, Max: 0, Diff: 0, Sum: 0, Workers: 4
[6843.313s][debug][gc,phases      ] GC(277)     Total                          Min: 0, Avg:  0.0, Max: 0, Diff: 0, Sum: 0, Workers: 4
[6843.313s][debug][gc,phases      ] GC(277)   StringDedup Requests1 Weak     Min:  0.0, Avg:  0.0, Max:  0.0, Diff:  0.0, Sum:  0.0, Workers: 4
[6843.313s][debug][gc,phases      ] GC(277)     Dead                           Min: 0, Avg:  0.0, Max: 0, Diff: 0, Sum: 0, Workers: 4
[6843.313s][debug][gc,phases      ] GC(277)     Total                          Min: 0, Avg:  0.0, Max: 0, Diff: 0, Sum: 0, Workers: 4
[6843.313s][debug][gc,phases      ] GC(277)   Weak JFR Old Object Samples    Min:  0.0, Avg:  0.0, Max:  0.0, Diff:  0.0, Sum:  0.0, Workers: 4
[6843.313s][debug][gc,phases      ] GC(277)     Dead                           Min: 0, Avg:  0.0, Max: 0, Diff: 0, Sum: 0, Workers: 4
[6843.313s][debug][gc,phases      ] GC(277)     Total                          Min: 0, Avg:  0.0, Max: 0, Diff: 0, Sum: 0, Workers: 4
[6843.313s][debug][gc,phases      ] GC(277) Weak Processing 0.428ms
[6843.313s][debug][gc,age         ] GC(277) Desired survivor size 6815744 bytes, new threshold 1 (max threshold 15)
[6843.313s][info ][gc,heap        ] GC(277) PSYoungGen: 2088976K(2090496K)->5616K(2090496K) Eden: 2083840K(2083840K)->0K(2083840K) From: 5136K(6656K)->5616K(6656K)
[6843.313s][info ][gc,heap        ] GC(277) ParOldGen: 663390K(663552K)->664198K(664576K)
[6843.313s][info ][gc,metaspace   ] GC(277) Metaspace: 113095K(114496K)->113095K(114496K) NonClass: 96346K(97152K)->96346K(97152K) Class: 16748K(17344K)->16748K(17344K)
[6843.313s][info ][gc             ] GC(277) Pause Young (Allocation Failure) 2687M->654M(2690M) 8.329ms
[6843.313s][info ][gc,cpu         ] GC(277) User=0.03s Sys=0.00s Real=0.01s
[6843.313s][info ][safepoint      ] Safepoint "ParallelGCFailedAllocation", Time since last: 6997430865 ns, Reaching safepoint: 7501 ns, Cleanup: 6000 ns, At safepoint: 8413555 ns, Total: 8427056 ns
[6851.314s][info ][safepoint      ] Safepoint "Cleanup", Time since last: 8000641818 ns, Reaching safepoint: 81602 ns, Cleanup: 13501 ns, At safepoint: 6400 ns, Total: 101503 ns
[6855.315s][info ][safepoint      ] Safepoint "Cleanup", Time since last: 4000384739 ns, Reaching safepoint: 11000 ns, Cleanup: 15601 ns, At safepoint: 3500 ns, Total: 30101 ns
[6861.315s][info ][safepoint      ] Safepoint "Cleanup", Time since last: 6000675265 ns, Reaching safepoint: 8300 ns, Cleanup: 13000 ns, At safepoint: 30501 ns, Total: 51801 ns
[6868.111s][info ][gc,start       ] GC(278) Pause Young (Allocation Failure)
[6868.118s][debug][gc,phases      ] GC(278) Scavenge 7.107ms
[6868.118s][debug][gc,ref         ] GC(278) ReferenceProcessor::execute queues: 1, RefProcThreadModel::Single, marks_oops_alive: false
[6868.118s][debug][gc,ref         ] GC(278) Skipped KeepAliveFinalRefsPhase of Reference Processing: no references
[6868.118s][debug][gc,ref         ] GC(278) Skipped PhantomRefsPhase of Reference Processing: no references
[6868.118s][debug][gc,phases      ] GC(278) Reference Processing 0.134ms
[6868.119s][debug][gc,phases      ] GC(278)   VM Weak                        Min:  0.0, Avg:  0.0, Max:  0.0, Diff:  0.0, Sum:  0.0, Workers: 4
[6868.119s][debug][gc,phases      ] GC(278)     Dead                           Min: 0, Avg:  0.0, Max: 0, Diff: 0, Sum: 0, Workers: 4
[6868.119s][debug][gc,phases      ] GC(278)     Total                          Min: 0, Avg: 261.5, Max: 896, Diff: 896, Sum: 1046, Workers: 4
[6868.119s][debug][gc,phases      ] GC(278)   ObjectSynchronizer Weak        Min:  0.0, Avg:  0.0, Max:  0.0, Diff:  0.0, Sum:  0.0, Workers: 4
[6868.119s][debug][gc,phases      ] GC(278)     Dead                           Min: 0, Avg:  0.0, Max: 0, Diff: 0, Sum: 0, Workers: 4
[6868.119s][debug][gc,phases      ] GC(278)     Total                          Min: 0, Avg:  1.0, Max: 4, Diff: 4, Sum: 4, Workers: 4
[6868.119s][debug][gc,phases      ] GC(278)   JVMTI Tag Weak OopStorage      Min:  0.0, Avg:  0.0, Max:  0.0, Diff:  0.0, Sum:  0.0, Workers: 4
[6868.119s][debug][gc,phases      ] GC(278)     Dead                           Min: 0, Avg:  0.0, Max: 0, Diff: 0, Sum: 0, Workers: 4
[6868.119s][debug][gc,phases      ] GC(278)     Total                          Min: 0, Avg:  0.0, Max: 0, Diff: 0, Sum: 0, Workers: 4
[6868.119s][debug][gc,phases      ] GC(278)   StringTable Weak               Min:  0.0, Avg:  0.1, Max:  0.1, Diff:  0.1, Sum:  0.4, Workers: 4
[6868.119s][debug][gc,phases      ] GC(278)     Dead                           Min: 0, Avg:  0.0, Max: 0, Diff: 0, Sum: 0, Workers: 4
[6868.119s][debug][gc,phases      ] GC(278)     Total                          Min: 0, Avg: 12079.8, Max: 16255, Diff: 16255, Sum: 48319, Workers: 4
[6868.119s][debug][gc,phases      ] GC(278)   ResolvedMethodTable Weak       Min:  0.0, Avg:  0.0, Max:  0.1, Diff:  0.1, Sum:  0.2, Workers: 4
[6868.119s][debug][gc,phases      ] GC(278)     Dead                           Min: 0, Avg:  4.0, Max: 16, Diff: 16, Sum: 16, Workers: 4
[6868.119s][debug][gc,phases      ] GC(278)     Total                          Min: 0, Avg: 4012.0, Max: 5581, Diff: 5581, Sum: 16048, Workers: 4
[6868.119s][debug][gc,phases      ] GC(278)   JNI Weak                       Min:  0.0, Avg:  0.0, Max:  0.0, Diff:  0.0, Sum:  0.0, Workers: 4
[6868.119s][debug][gc,phases      ] GC(278)     Dead                           Min: 0, Avg:  0.0, Max: 0, Diff: 0, Sum: 0, Workers: 4
[6868.119s][debug][gc,phases      ] GC(278)     Total                          Min: 0, Avg: 13.0, Max: 48, Diff: 48, Sum: 52, Workers: 4
[6868.119s][debug][gc,phases      ] GC(278)   StringDedup Table Weak         Min:  0.0, Avg:  0.0, Max:  0.0, Diff:  0.0, Sum:  0.0, Workers: 4
[6868.119s][debug][gc,phases      ] GC(278)     Dead                           Min: 0, Avg:  0.0, Max: 0, Diff: 0, Sum: 0, Workers: 4
[6868.119s][debug][gc,phases      ] GC(278)     Total                          Min: 0, Avg:  0.0, Max: 0, Diff: 0, Sum: 0, Workers: 4
[6868.119s][debug][gc,phases      ] GC(278)   StringDedup Requests0 Weak     Min:  0.0, Avg:  0.0, Max:  0.0, Diff:  0.0, Sum:  0.0, Workers: 4
[6868.119s][debug][gc,phases      ] GC(278)     Dead                           Min: 0, Avg:  0.0, Max: 0, Diff: 0, Sum: 0, Workers: 4
[6868.119s][debug][gc,phases      ] GC(278)     Total                          Min: 0, Avg:  0.0, Max: 0, Diff: 0, Sum: 0, Workers: 4
[6868.119s][debug][gc,phases      ] GC(278)   StringDedup Requests1 Weak     Min:  0.0, Avg:  0.0, Max:  0.0, Diff:  0.0, Sum:  0.0, Workers: 4
[6868.119s][debug][gc,phases      ] GC(278)     Dead                           Min: 0, Avg:  0.0, Max: 0, Diff: 0, Sum: 0, Workers: 4
[6868.119s][debug][gc,phases      ] GC(278)     Total                          Min: 0, Avg:  0.0, Max: 0, Diff: 0, Sum: 0, Workers: 4
[6868.119s][debug][gc,phases      ] GC(278)   Weak JFR Old Object Samples    Min:  0.0, Avg:  0.0, Max:  0.0, Diff:  0.0, Sum:  0.0, Workers: 4
[6868.119s][debug][gc,phases      ] GC(278)     Dead                           Min: 0, Avg:  0.0, Max: 0, Diff: 0, Sum: 0, Workers: 4
[6868.119s][debug][gc,phases      ] GC(278)     Total                          Min: 0, Avg:  0.0, Max: 0, Diff: 0, Sum: 0, Workers: 4
[6868.119s][debug][gc,phases      ] GC(278) Weak Processing 0.468ms
[6868.119s][debug][gc,age         ] GC(278) Desired survivor size 6815744 bytes, new threshold 1 (max threshold 15)
[6868.119s][info ][gc,heap        ] GC(278) PSYoungGen: 2089456K(2090496K)->5216K(2090496K) Eden: 2083840K(2083840K)->0K(2083840K) From: 5616K(6656K)->5216K(6656K)
[6868.119s][info ][gc,heap        ] GC(278) ParOldGen: 664198K(664576K)->665306K(665600K)
[6868.119s][info ][gc,metaspace   ] GC(278) Metaspace: 113095K(114496K)->113095K(114496K) NonClass: 96346K(97152K)->96346K(97152K) Class: 16748K(17344K)->16748K(17344K)
[6868.119s][info ][gc             ] GC(278) Pause Young (Allocation Failure) 2689M->654M(2691M) 7.872ms
[6868.119s][info ][gc,cpu         ] GC(278) User=0.03s Sys=0.00s Real=0.01s
[6868.119s][info ][safepoint      ] Safepoint "ParallelGCFailedAllocation", Time since last: 6795733016 ns, Reaching safepoint: 10401 ns, Cleanup: 6000 ns, At safepoint: 7978643 ns, Total: 7995044 ns
[6871.119s][info ][safepoint      ] Safepoint "Cleanup", Time since last: 3000259316 ns, Reaching safepoint: 7100 ns, Cleanup: 12201 ns, At safepoint: 3000 ns, Total: 22301 ns
[6885.120s][info ][safepoint      ] Safepoint "Cleanup", Time since last: 14001199925 ns, Reaching safepoint: 10700 ns, Cleanup: 20301 ns, At safepoint: 3500 ns, Total: 34501 ns
[6886.121s][info ][safepoint      ] Safepoint "Cleanup", Time since last: 1000146085 ns, Reaching safepoint: 9501 ns, Cleanup: 21800 ns, At safepoint: 2800 ns, Total: 34101 ns
[6892.704s][info ][gc,start       ] GC(279) Pause Young (Allocation Failure)
[6892.711s][debug][gc,phases      ] GC(279) Scavenge 6.701ms
[6892.711s][debug][gc,ref         ] GC(279) ReferenceProcessor::execute queues: 1, RefProcThreadModel::Single, marks_oops_alive: false
[6892.711s][debug][gc,ref         ] GC(279) Skipped KeepAliveFinalRefsPhase of Reference Processing: no references
[6892.711s][debug][gc,ref         ] GC(279) Skipped PhantomRefsPhase of Reference Processing: no references
[6892.711s][debug][gc,phases      ] GC(279) Reference Processing 0.117ms
[6892.711s][debug][gc,phases      ] GC(279)   VM Weak                        Min:  0.0, Avg:  0.0, Max:  0.0, Diff:  0.0, Sum:  0.0, Workers: 4
[6892.711s][debug][gc,phases      ] GC(279)     Dead                           Min: 0, Avg:  0.0, Max: 0, Diff: 0, Sum: 0, Workers: 4
[6892.711s][debug][gc,phases      ] GC(279)     Total                          Min: 0, Avg: 261.5, Max: 790, Diff: 790, Sum: 1046, Workers: 4
[6892.711s][debug][gc,phases      ] GC(279)   ObjectSynchronizer Weak        Min:  0.0, Avg:  0.0, Max:  0.0, Diff:  0.0, Sum:  0.0, Workers: 4
[6892.711s][debug][gc,phases      ] GC(279)     Dead                           Min: 0, Avg:  0.0, Max: 0, Diff: 0, Sum: 0, Workers: 4
[6892.711s][debug][gc,phases      ] GC(279)     Total                          Min: 0, Avg:  1.0, Max: 4, Diff: 4, Sum: 4, Workers: 4
[6892.711s][debug][gc,phases      ] GC(279)   JVMTI Tag Weak OopStorage      Min:  0.0, Avg:  0.0, Max:  0.0, Diff:  0.0, Sum:  0.0, Workers: 4
[6892.711s][debug][gc,phases      ] GC(279)     Dead                           Min: 0, Avg:  0.0, Max: 0, Diff: 0, Sum: 0, Workers: 4
[6892.711s][debug][gc,phases      ] GC(279)     Total                          Min: 0, Avg:  0.0, Max: 0, Diff: 0, Sum: 0, Workers: 4
[6892.711s][debug][gc,phases      ] GC(279)   StringTable Weak               Min:  0.0, Avg:  0.1, Max:  0.1, Diff:  0.1, Sum:  0.4, Workers: 4
[6892.711s][debug][gc,phases      ] GC(279)     Dead                           Min: 0, Avg:  0.0, Max: 0, Diff: 0, Sum: 0, Workers: 4
[6892.711s][debug][gc,phases      ] GC(279)     Total                          Min: 0, Avg: 12079.8, Max: 16831, Diff: 16831, Sum: 48319, Workers: 4
[6892.711s][debug][gc,phases      ] GC(279)   ResolvedMethodTable Weak       Min:  0.0, Avg:  0.0, Max:  0.1, Diff:  0.1, Sum:  0.2, Workers: 4
[6892.711s][debug][gc,phases      ] GC(279)     Dead                           Min: 0, Avg:  0.0, Max: 0, Diff: 0, Sum: 0, Workers: 4
[6892.711s][debug][gc,phases      ] GC(279)     Total                          Min: 0, Avg: 4012.0, Max: 5582, Diff: 5582, Sum: 16048, Workers: 4
[6892.711s][debug][gc,phases      ] GC(279)   JNI Weak                       Min:  0.0, Avg:  0.0, Max:  0.0, Diff:  0.0, Sum:  0.0, Workers: 4
[6892.711s][debug][gc,phases      ] GC(279)     Dead                           Min: 0, Avg:  0.0, Max: 0, Diff: 0, Sum: 0, Workers: 4
[6892.711s][debug][gc,phases      ] GC(279)     Total                          Min: 0, Avg: 13.0, Max: 48, Diff: 48, Sum: 52, Workers: 4
[6892.711s][debug][gc,phases      ] GC(279)   StringDedup Table Weak         Min:  0.0, Avg:  0.0, Max:  0.0, Diff:  0.0, Sum:  0.0, Workers: 4
[6892.711s][debug][gc,phases      ] GC(279)     Dead                           Min: 0, Avg:  0.0, Max: 0, Diff: 0, Sum: 0, Workers: 4
[6892.711s][debug][gc,phases      ] GC(279)     Total                          Min: 0, Avg:  0.0, Max: 0, Diff: 0, Sum: 0, Workers: 4
[6892.711s][debug][gc,phases      ] GC(279)   StringDedup Requests0 Weak     Min:  0.0, Avg:  0.0, Max:  0.0, Diff:  0.0, Sum:  0.0, Workers: 4
[6892.711s][debug][gc,phases      ] GC(279)     Dead                           Min: 0, Avg:  0.0, Max: 0, Diff: 0, Sum: 0, Workers: 4
[6892.711s][debug][gc,phases      ] GC(279)     Total                          Min: 0, Avg:  0.0, Max: 0, Diff: 0, Sum: 0, Workers: 4
[6892.711s][debug][gc,phases      ] GC(279)   StringDedup Requests1 Weak     Min:  0.0, Avg:  0.0, Max:  0.0, Diff:  0.0, Sum:  0.0, Workers: 4
[6892.711s][debug][gc,phases      ] GC(279)     Dead                           Min: 0, Avg:  0.0, Max: 0, Diff: 0, Sum: 0, Workers: 4
[6892.711s][debug][gc,phases      ] GC(279)     Total                          Min: 0, Avg:  0.0, Max: 0, Diff: 0, Sum: 0, Workers: 4
[6892.711s][debug][gc,phases      ] GC(279)   Weak JFR Old Object Samples    Min:  0.0, Avg:  0.0, Max:  0.0, Diff:  0.0, Sum:  0.0, Workers: 4
[6892.711s][debug][gc,phases      ] GC(279)     Dead                           Min: 0, Avg:  0.0, Max: 0, Diff: 0, Sum: 0, Workers: 4
[6892.711s][debug][gc,phases      ] GC(279)     Total                          Min: 0, Avg:  0.0, Max: 0, Diff: 0, Sum: 0, Workers: 4
[6892.711s][debug][gc,phases      ] GC(279) Weak Processing 0.440ms
[6892.711s][debug][gc,age         ] GC(279) Desired survivor size 6291456 bytes, new threshold 1 (max threshold 15)
[6892.711s][info ][gc,heap        ] GC(279) PSYoungGen: 2089014K(2090496K)->5184K(2091008K) Eden: 2083798K(2083840K)->0K(2084352K) From: 5216K(6656K)->5184K(6656K)
[6892.711s][info ][gc,heap        ] GC(279) ParOldGen: 665306K(665600K)->666166K(666624K)
[6892.711s][info ][gc,metaspace   ] GC(279) Metaspace: 113099K(114496K)->113099K(114496K) NonClass: 96350K(97152K)->96350K(97152K) Class: 16748K(17344K)->16748K(17344K)
[6892.711s][info ][gc             ] GC(279) Pause Young (Allocation Failure) 2689M->655M(2693M) 7.400ms
[6892.711s][info ][gc,cpu         ] GC(279) User=0.02s Sys=0.00s Real=0.00s
[6892.711s][info ][safepoint      ] Safepoint "ParallelGCFailedAllocation", Time since last: 6583208007 ns, Reaching safepoint: 7600 ns, Cleanup: 5700 ns, At safepoint: 7518228 ns, Total: 7531528 ns
[6904.682s][info ][safepoint      ] Safepoint "Cleanup", Time since last: 11970938139 ns, Reaching safepoint: 12101 ns, Cleanup: 24601 ns, At safepoint: 4000 ns, Total: 40702 ns
[6910.683s][info ][safepoint      ] Safepoint "Cleanup", Time since last: 6000513540 ns, Reaching safepoint: 8301 ns, Cleanup: 15100 ns, At safepoint: 2800 ns, Total: 26201 ns
[6916.941s][info ][gc,start       ] GC(280) Pause Young (Allocation Failure)
[6916.946s][debug][gc,phases      ] GC(280) Scavenge 5.132ms
[6916.946s][debug][gc,ref         ] GC(280) ReferenceProcessor::execute queues: 1, RefProcThreadModel::Single, marks_oops_alive: false
[6916.946s][debug][gc,ref         ] GC(280) Skipped KeepAliveFinalRefsPhase of Reference Processing: no references
[6916.946s][debug][gc,ref         ] GC(280) Skipped PhantomRefsPhase of Reference Processing: no references
[6916.946s][debug][gc,phases      ] GC(280) Reference Processing 0.151ms
[6916.946s][debug][gc,phases      ] GC(280)   VM Weak                        Min:  0.0, Avg:  0.0, Max:  0.0, Diff:  0.0, Sum:  0.0, Workers: 4
[6916.946s][debug][gc,phases      ] GC(280)     Dead                           Min: 0, Avg:  0.0, Max: 0, Diff: 0, Sum: 0, Workers: 4
[6916.946s][debug][gc,phases      ] GC(280)     Total                          Min: 0, Avg: 261.5, Max: 768, Diff: 768, Sum: 1046, Workers: 4
[6916.946s][debug][gc,phases      ] GC(280)   ObjectSynchronizer Weak        Min:  0.0, Avg:  0.0, Max:  0.0, Diff:  0.0, Sum:  0.0, Workers: 4
[6916.946s][debug][gc,phases      ] GC(280)     Dead                           Min: 0, Avg:  0.0, Max: 0, Diff: 0, Sum: 0, Workers: 4
[6916.946s][debug][gc,phases      ] GC(280)     Total                          Min: 0, Avg:  1.0, Max: 4, Diff: 4, Sum: 4, Workers: 4
[6916.946s][debug][gc,phases      ] GC(280)   JVMTI Tag Weak OopStorage      Min:  0.0, Avg:  0.0, Max:  0.0, Diff:  0.0, Sum:  0.0, Workers: 4
[6916.946s][debug][gc,phases      ] GC(280)     Dead                           Min: 0, Avg:  0.0, Max: 0, Diff: 0, Sum: 0, Workers: 4
[6916.946s][debug][gc,phases      ] GC(280)     Total                          Min: 0, Avg:  0.0, Max: 0, Diff: 0, Sum: 0, Workers: 4
[6916.946s][debug][gc,phases      ] GC(280)   StringTable Weak               Min:  0.0, Avg:  0.1, Max:  0.2, Diff:  0.2, Sum:  0.5, Workers: 4
[6916.946s][debug][gc,phases      ] GC(280)     Dead                           Min: 0, Avg:  0.0, Max: 0, Diff: 0, Sum: 0, Workers: 4
[6916.946s][debug][gc,phases      ] GC(280)     Total                          Min: 0, Avg: 12079.8, Max: 25088, Diff: 25088, Sum: 48319, Workers: 4
[6916.946s][debug][gc,phases      ] GC(280)   ResolvedMethodTable Weak       Min:  0.0, Avg:  0.0, Max:  0.1, Diff:  0.1, Sum:  0.2, Workers: 4
[6916.946s][debug][gc,phases      ] GC(280)     Dead                           Min: 0, Avg:  4.0, Max: 16, Diff: 16, Sum: 16, Workers: 4
[6916.946s][debug][gc,phases      ] GC(280)     Total                          Min: 0, Avg: 4012.0, Max: 9201, Diff: 9201, Sum: 16048, Workers: 4
[6916.946s][debug][gc,phases      ] GC(280)   JNI Weak                       Min:  0.0, Avg:  0.0, Max:  0.0, Diff:  0.0, Sum:  0.0, Workers: 4
[6916.946s][debug][gc,phases      ] GC(280)     Dead                           Min: 0, Avg:  0.0, Max: 0, Diff: 0, Sum: 0, Workers: 4
[6916.946s][debug][gc,phases      ] GC(280)     Total                          Min: 0, Avg: 13.0, Max: 48, Diff: 48, Sum: 52, Workers: 4
[6916.946s][debug][gc,phases      ] GC(280)   StringDedup Table Weak         Min:  0.0, Avg:  0.0, Max:  0.0, Diff:  0.0, Sum:  0.0, Workers: 4
[6916.946s][debug][gc,phases      ] GC(280)     Dead                           Min: 0, Avg:  0.0, Max: 0, Diff: 0, Sum: 0, Workers: 4
[6916.946s][debug][gc,phases      ] GC(280)     Total                          Min: 0, Avg:  0.0, Max: 0, Diff: 0, Sum: 0, Workers: 4
[6916.946s][debug][gc,phases      ] GC(280)   StringDedup Requests0 Weak     Min:  0.0, Avg:  0.0, Max:  0.0, Diff:  0.0, Sum:  0.0, Workers: 4
[6916.946s][debug][gc,phases      ] GC(280)     Dead                           Min: 0, Avg:  0.0, Max: 0, Diff: 0, Sum: 0, Workers: 4
[6916.946s][debug][gc,phases      ] GC(280)     Total                          Min: 0, Avg:  0.0, Max: 0, Diff: 0, Sum: 0, Workers: 4
[6916.946s][debug][gc,phases      ] GC(280)   StringDedup Requests1 Weak     Min:  0.0, Avg:  0.0, Max:  0.0, Diff:  0.0, Sum:  0.0, Workers: 4
[6916.946s][debug][gc,phases      ] GC(280)     Dead                           Min: 0, Avg:  0.0, Max: 0, Diff: 0, Sum: 0, Workers: 4
[6916.947s][debug][gc,phases      ] GC(280)     Total                          Min: 0, Avg:  0.0, Max: 0, Diff: 0, Sum: 0, Workers: 4
[6916.947s][debug][gc,phases      ] GC(280)   Weak JFR Old Object Samples    Min:  0.0, Avg:  0.0, Max:  0.0, Diff:  0.0, Sum:  0.0, Workers: 4
[6916.947s][debug][gc,phases      ] GC(280)     Dead                           Min: 0, Avg:  0.0, Max: 0, Diff: 0, Sum: 0, Workers: 4
[6916.947s][debug][gc,phases      ] GC(280)     Total                          Min: 0, Avg:  0.0, Max: 0, Diff: 0, Sum: 0, Workers: 4
[6916.947s][debug][gc,phases      ] GC(280) Weak Processing 0.596ms
[6916.947s][debug][gc,age         ] GC(280) Desired survivor size 6291456 bytes, new threshold 1 (max threshold 15)
[6916.947s][info ][gc,heap        ] GC(280) PSYoungGen: 2089536K(2091008K)->5536K(2090496K) Eden: 2084352K(2084352K)->0K(2084352K) From: 5184K(6656K)->5536K(6144K)
[6916.947s][info ][gc,heap        ] GC(280) ParOldGen: 666166K(666624K)->666903K(667136K)
[6916.947s][info ][gc,metaspace   ] GC(280) Metaspace: 113103K(114496K)->113103K(114496K) NonClass: 96355K(97152K)->96355K(97152K) Class: 16748K(17344K)->16748K(17344K)
[6916.947s][info ][gc             ] GC(280) Pause Young (Allocation Failure) 2691M->656M(2693M) 6.053ms
[6916.947s][info ][gc,cpu         ] GC(280) User=0.02s Sys=0.00s Real=0.01s
[6916.947s][info ][safepoint      ] Safepoint "ParallelGCFailedAllocation", Time since last: 6257501695 ns, Reaching safepoint: 82503 ns, Cleanup: 4800 ns, At safepoint: 6154986 ns, Total: 6242289 ns
[6920.947s][info ][safepoint      ] Safepoint "Cleanup", Time since last: 4000390192 ns, Reaching safepoint: 87503 ns, Cleanup: 12500 ns, At safepoint: 9100 ns, Total: 109103 ns
[6922.948s][info ][safepoint      ] Safepoint "Cleanup", Time since last: 2000252688 ns, Reaching safepoint: 88202 ns, Cleanup: 14901 ns, At safepoint: 11600 ns, Total: 114703 ns
[6931.949s][info ][safepoint      ] Safepoint "Cleanup", Time since last: 9000972697 ns, Reaching safepoint: 94203 ns, Cleanup: 16301 ns, At safepoint: 9500 ns, Total: 120004 ns
[6941.452s][info ][gc,start       ] GC(281) Pause Young (Allocation Failure)
[6941.462s][debug][gc,phases      ] GC(281) Scavenge 9.732ms
[6941.462s][debug][gc,ref         ] GC(281) ReferenceProcessor::execute queues: 1, RefProcThreadModel::Single, marks_oops_alive: false
[6941.462s][debug][gc,ref         ] GC(281) Skipped KeepAliveFinalRefsPhase of Reference Processing: no references
[6941.462s][debug][gc,ref         ] GC(281) ReferenceProcessor::execute queues: 1, RefProcThreadModel::Single, marks_oops_alive: false
[6941.462s][debug][gc,phases      ] GC(281) Reference Processing 0.116ms
[6941.462s][debug][gc,phases      ] GC(281)   VM Weak                        Min:  0.0, Avg:  0.0, Max:  0.0, Diff:  0.0, Sum:  0.0, Workers: 4
[6941.462s][debug][gc,phases      ] GC(281)     Dead                           Min: 0, Avg:  0.0, Max: 0, Diff: 0, Sum: 0, Workers: 4
[6941.462s][debug][gc,phases      ] GC(281)     Total                          Min: 0, Avg: 261.5, Max: 512, Diff: 512, Sum: 1046, Workers: 4
[6941.462s][debug][gc,phases      ] GC(281)   ObjectSynchronizer Weak        Min:  0.0, Avg:  0.0, Max:  0.0, Diff:  0.0, Sum:  0.0, Workers: 4
[6941.462s][debug][gc,phases      ] GC(281)     Dead                           Min: 0, Avg:  0.0, Max: 0, Diff: 0, Sum: 0, Workers: 4
[6941.462s][debug][gc,phases      ] GC(281)     Total                          Min: 0, Avg:  1.0, Max: 4, Diff: 4, Sum: 4, Workers: 4
[6941.462s][debug][gc,phases      ] GC(281)   JVMTI Tag Weak OopStorage      Min:  0.0, Avg:  0.0, Max:  0.0, Diff:  0.0, Sum:  0.0, Workers: 4
[6941.462s][debug][gc,phases      ] GC(281)     Dead                           Min: 0, Avg:  0.0, Max: 0, Diff: 0, Sum: 0, Workers: 4
[6941.462s][debug][gc,phases      ] GC(281)     Total                          Min: 0, Avg:  0.0, Max: 0, Diff: 0, Sum: 0, Workers: 4
[6941.462s][debug][gc,phases      ] GC(281)   StringTable Weak               Min:  0.1, Avg:  0.1, Max:  0.1, Diff:  0.0, Sum:  0.4, Workers: 4
[6941.462s][debug][gc,phases      ] GC(281)     Dead                           Min: 0, Avg:  0.0, Max: 0, Diff: 0, Sum: 0, Workers: 4
[6941.462s][debug][gc,phases      ] GC(281)     Total                          Min: 11072, Avg: 12079.8, Max: 12799, Diff: 1727, Sum: 48319, Workers: 4
[6941.463s][debug][gc,phases      ] GC(281)   ResolvedMethodTable Weak       Min:  0.0, Avg:  0.0, Max:  0.0, Diff:  0.0, Sum:  0.2, Workers: 4
[6941.463s][debug][gc,phases      ] GC(281)     Dead                           Min: 0, Avg:  4.0, Max: 16, Diff: 16, Sum: 16, Workers: 4
[6941.463s][debug][gc,phases      ] GC(281)     Total                          Min: 3397, Avg: 4012.0, Max: 4597, Diff: 1200, Sum: 16048, Workers: 4
[6941.463s][debug][gc,phases      ] GC(281)   JNI Weak                       Min:  0.0, Avg:  0.0, Max:  0.0, Diff:  0.0, Sum:  0.0, Workers: 4
[6941.463s][debug][gc,phases      ] GC(281)     Dead                           Min: 0, Avg:  0.0, Max: 0, Diff: 0, Sum: 0, Workers: 4
[6941.463s][debug][gc,phases      ] GC(281)     Total                          Min: 0, Avg: 13.0, Max: 48, Diff: 48, Sum: 52, Workers: 4
[6941.463s][debug][gc,phases      ] GC(281)   StringDedup Table Weak         Min:  0.0, Avg:  0.0, Max:  0.0, Diff:  0.0, Sum:  0.0, Workers: 4
[6941.463s][debug][gc,phases      ] GC(281)     Dead                           Min: 0, Avg:  0.0, Max: 0, Diff: 0, Sum: 0, Workers: 4
[6941.463s][debug][gc,phases      ] GC(281)     Total                          Min: 0, Avg:  0.0, Max: 0, Diff: 0, Sum: 0, Workers: 4
[6941.463s][debug][gc,phases      ] GC(281)   StringDedup Requests0 Weak     Min:  0.0, Avg:  0.0, Max:  0.0, Diff:  0.0, Sum:  0.0, Workers: 4
[6941.463s][debug][gc,phases      ] GC(281)     Dead                           Min: 0, Avg:  0.0, Max: 0, Diff: 0, Sum: 0, Workers: 4
[6941.463s][debug][gc,phases      ] GC(281)     Total                          Min: 0, Avg:  0.0, Max: 0, Diff: 0, Sum: 0, Workers: 4
[6941.463s][debug][gc,phases      ] GC(281)   StringDedup Requests1 Weak     Min:  0.0, Avg:  0.0, Max:  0.0, Diff:  0.0, Sum:  0.0, Workers: 4
[6941.463s][debug][gc,phases      ] GC(281)     Dead                           Min: 0, Avg:  0.0, Max: 0, Diff: 0, Sum: 0, Workers: 4
[6941.463s][debug][gc,phases      ] GC(281)     Total                          Min: 0, Avg:  0.0, Max: 0, Diff: 0, Sum: 0, Workers: 4
[6941.463s][debug][gc,phases      ] GC(281)   Weak JFR Old Object Samples    Min:  0.0, Avg:  0.0, Max:  0.0, Diff:  0.0, Sum:  0.0, Workers: 4
[6941.463s][debug][gc,phases      ] GC(281)     Dead                           Min: 0, Avg:  0.0, Max: 0, Diff: 0, Sum: 0, Workers: 4
[6941.463s][debug][gc,phases      ] GC(281)     Total                          Min: 0, Avg:  0.0, Max: 0, Diff: 0, Sum: 0, Workers: 4
[6941.463s][debug][gc,phases      ] GC(281) Weak Processing 0.401ms
[6941.463s][debug][gc,age         ] GC(281) Desired survivor size 6291456 bytes, new threshold 1 (max threshold 15)
[6941.463s][info ][gc,heap        ] GC(281) PSYoungGen: 2089888K(2090496K)->5312K(2091008K) Eden: 2084352K(2084352K)->0K(2084864K) From: 5536K(6144K)->5312K(6144K)
[6941.463s][info ][gc,heap        ] GC(281) ParOldGen: 666903K(667136K)->667967K(668160K)
[6941.463s][info ][gc,metaspace   ] GC(281) Metaspace: 113110K(114496K)->113110K(114496K) NonClass: 96361K(97152K)->96361K(97152K) Class: 16748K(17344K)->16748K(17344K)
[6941.463s][info ][gc             ] GC(281) Pause Young (Allocation Failure) 2692M->657M(2694M) 10.406ms
[6941.463s][info ][gc,cpu         ] GC(281) User=0.03s Sys=0.00s Real=0.00s
[6941.463s][info ][safepoint      ] Safepoint "ParallelGCFailedAllocation", Time since last: 9503586704 ns, Reaching safepoint: 9200 ns, Cleanup: 5400 ns, At safepoint: 10496215 ns, Total: 10510815 ns
[6946.463s][info ][safepoint      ] Safepoint "Cleanup", Time since last: 5000419341 ns, Reaching safepoint: 8100 ns, Cleanup: 15401 ns, At safepoint: 2700 ns, Total: 26201 ns
[6948.463s][info ][safepoint      ] Safepoint "Cleanup", Time since last: 2000216919 ns, Reaching safepoint: 10601 ns, Cleanup: 14600 ns, At safepoint: 3200 ns, Total: 28401 ns
[6954.464s][info ][safepoint      ] Safepoint "Cleanup", Time since last: 6000516682 ns, Reaching safepoint: 9100 ns, Cleanup: 12401 ns, At safepoint: 32801 ns, Total: 54302 ns
[6965.191s][info ][gc,start       ] GC(282) Pause Young (Allocation Failure)
[6965.196s][debug][gc,phases      ] GC(282) Scavenge 4.732ms
[6965.196s][debug][gc,ref         ] GC(282) ReferenceProcessor::execute queues: 1, RefProcThreadModel::Single, marks_oops_alive: false
[6965.196s][debug][gc,ref         ] GC(282) Skipped KeepAliveFinalRefsPhase of Reference Processing: no references
[6965.196s][debug][gc,ref         ] GC(282) ReferenceProcessor::execute queues: 1, RefProcThreadModel::Single, marks_oops_alive: false
[6965.196s][debug][gc,phases      ] GC(282) Reference Processing 0.140ms
[6965.196s][debug][gc,phases      ] GC(282)   VM Weak                        Min:  0.0, Avg:  0.0, Max:  0.0, Diff:  0.0, Sum:  0.0, Workers: 4
[6965.196s][debug][gc,phases      ] GC(282)     Dead                           Min: 0, Avg:  0.0, Max: 0, Diff: 0, Sum: 0, Workers: 4
[6965.196s][debug][gc,phases      ] GC(282)     Total                          Min: 0, Avg: 261.5, Max: 512, Diff: 512, Sum: 1046, Workers: 4
[6965.196s][debug][gc,phases      ] GC(282)   ObjectSynchronizer Weak        Min:  0.0, Avg:  0.0, Max:  0.0, Diff:  0.0, Sum:  0.0, Workers: 4
[6965.196s][debug][gc,phases      ] GC(282)     Dead                           Min: 0, Avg:  0.0, Max: 0, Diff: 0, Sum: 0, Workers: 4
[6965.196s][debug][gc,phases      ] GC(282)     Total                          Min: 0, Avg:  0.8, Max: 3, Diff: 3, Sum: 3, Workers: 4
[6965.196s][debug][gc,phases      ] GC(282)   JVMTI Tag Weak OopStorage      Min:  0.0, Avg:  0.0, Max:  0.0, Diff:  0.0, Sum:  0.0, Workers: 4
[6965.196s][debug][gc,phases      ] GC(282)     Dead                           Min: 0, Avg:  0.0, Max: 0, Diff: 0, Sum: 0, Workers: 4
[6965.196s][debug][gc,phases      ] GC(282)     Total                          Min: 0, Avg:  0.0, Max: 0, Diff: 0, Sum: 0, Workers: 4
[6965.196s][debug][gc,phases      ] GC(282)   StringTable Weak               Min:  0.0, Avg:  0.1, Max:  0.1, Diff:  0.1, Sum:  0.4, Workers: 4
[6965.196s][debug][gc,phases      ] GC(282)     Dead                           Min: 0, Avg:  0.0, Max: 0, Diff: 0, Sum: 0, Workers: 4
[6965.196s][debug][gc,phases      ] GC(282)     Total                          Min: 0, Avg: 12079.8, Max: 17088, Diff: 17088, Sum: 48319, Workers: 4
[6965.196s][debug][gc,phases      ] GC(282)   ResolvedMethodTable Weak       Min:  0.0, Avg:  0.0, Max:  0.0, Diff:  0.0, Sum:  0.1, Workers: 4
[6965.196s][debug][gc,phases      ] GC(282)     Dead                           Min: 0, Avg:  0.0, Max: 0, Diff: 0, Sum: 0, Workers: 4
[6965.196s][debug][gc,phases      ] GC(282)     Total                          Min: 0, Avg: 4012.0, Max: 5558, Diff: 5558, Sum: 16048, Workers: 4
[6965.196s][debug][gc,phases      ] GC(282)   JNI Weak                       Min:  0.0, Avg:  0.0, Max:  0.0, Diff:  0.0, Sum:  0.0, Workers: 4
[6965.196s][debug][gc,phases      ] GC(282)     Dead                           Min: 0, Avg:  0.0, Max: 0, Diff: 0, Sum: 0, Workers: 4
[6965.196s][debug][gc,phases      ] GC(282)     Total                          Min: 0, Avg: 13.0, Max: 48, Diff: 48, Sum: 52, Workers: 4
[6965.196s][debug][gc,phases      ] GC(282)   StringDedup Table Weak         Min:  0.0, Avg:  0.0, Max:  0.0, Diff:  0.0, Sum:  0.0, Workers: 4
[6965.196s][debug][gc,phases      ] GC(282)     Dead                           Min: 0, Avg:  0.0, Max: 0, Diff: 0, Sum: 0, Workers: 4
[6965.196s][debug][gc,phases      ] GC(282)     Total                          Min: 0, Avg:  0.0, Max: 0, Diff: 0, Sum: 0, Workers: 4
[6965.196s][debug][gc,phases      ] GC(282)   StringDedup Requests0 Weak     Min:  0.0, Avg:  0.0, Max:  0.0, Diff:  0.0, Sum:  0.0, Workers: 4
[6965.196s][debug][gc,phases      ] GC(282)     Dead                           Min: 0, Avg:  0.0, Max: 0, Diff: 0, Sum: 0, Workers: 4
[6965.196s][debug][gc,phases      ] GC(282)     Total                          Min: 0, Avg:  0.0, Max: 0, Diff: 0, Sum: 0, Workers: 4
[6965.196s][debug][gc,phases      ] GC(282)   StringDedup Requests1 Weak     Min:  0.0, Avg:  0.0, Max:  0.0, Diff:  0.0, Sum:  0.0, Workers: 4
[6965.196s][debug][gc,phases      ] GC(282)     Dead                           Min: 0, Avg:  0.0, Max: 0, Diff: 0, Sum: 0, Workers: 4
[6965.196s][debug][gc,phases      ] GC(282)     Total                          Min: 0, Avg:  0.0, Max: 0, Diff: 0, Sum: 0, Workers: 4
[6965.196s][debug][gc,phases      ] GC(282)   Weak JFR Old Object Samples    Min:  0.0, Avg:  0.0, Max:  0.0, Diff:  0.0, Sum:  0.0, Workers: 4
[6965.196s][debug][gc,phases      ] GC(282)     Dead                           Min: 0, Avg:  0.0, Max: 0, Diff: 0, Sum: 0, Workers: 4
[6965.196s][debug][gc,phases      ] GC(282)     Total                          Min: 0, Avg:  0.0, Max: 0, Diff: 0, Sum: 0, Workers: 4
[6965.196s][debug][gc,phases      ] GC(282) Weak Processing 0.516ms
[6965.196s][debug][gc,age         ] GC(282) Desired survivor size 6291456 bytes, new threshold 1 (max threshold 15)
[6965.196s][info ][gc,heap        ] GC(282) PSYoungGen: 2090176K(2091008K)->5280K(2091008K) Eden: 2084864K(2084864K)->0K(2084864K) From: 5312K(6144K)->5280K(6144K)
[6965.196s][info ][gc,heap        ] GC(282) ParOldGen: 667967K(668160K)->668995K(669184K)
[6965.196s][info ][gc,metaspace   ] GC(282) Metaspace: 113110K(114496K)->113110K(114496K) NonClass: 96362K(97152K)->96362K(97152K) Class: 16748K(17344K)->16748K(17344K)
[6965.196s][info ][gc             ] GC(282) Pause Young (Allocation Failure) 2693M->658M(2695M) 5.570ms
[6965.196s][info ][gc,cpu         ] GC(282) User=0.01s Sys=0.00s Real=0.01s
[6965.196s][info ][safepoint      ] Safepoint "ParallelGCFailedAllocation", Time since last: 10726809511 ns, Reaching safepoint: 7901 ns, Cleanup: 4300 ns, At safepoint: 5658870 ns, Total: 5671071 ns
[6966.197s][info ][safepoint      ] Safepoint "Cleanup", Time since last: 1000103795 ns, Reaching safepoint: 86803 ns, Cleanup: 12500 ns, At safepoint: 8500 ns, Total: 107803 ns
[6968.197s][info ][safepoint      ] Safepoint "Cleanup", Time since last: 2000214493 ns, Reaching safepoint: 79502 ns, Cleanup: 9600 ns, At safepoint: 7201 ns, Total: 96303 ns
[6988.909s][info ][gc,start       ] GC(283) Pause Young (Allocation Failure)
[6988.916s][debug][gc,phases      ] GC(283) Scavenge 6.513ms
[6988.916s][debug][gc,ref         ] GC(283) ReferenceProcessor::execute queues: 1, RefProcThreadModel::Single, marks_oops_alive: false
[6988.916s][debug][gc,ref         ] GC(283) Skipped KeepAliveFinalRefsPhase of Reference Processing: no references
[6988.916s][debug][gc,ref         ] GC(283) ReferenceProcessor::execute queues: 1, RefProcThreadModel::Single, marks_oops_alive: false
[6988.916s][debug][gc,phases      ] GC(283) Reference Processing 0.118ms
[6988.916s][debug][gc,phases      ] GC(283)   VM Weak                        Min:  0.0, Avg:  0.0, Max:  0.0, Diff:  0.0, Sum:  0.0, Workers: 4
[6988.916s][debug][gc,phases      ] GC(283)     Dead                           Min: 0, Avg:  0.0, Max: 0, Diff: 0, Sum: 0, Workers: 4
[6988.916s][debug][gc,phases      ] GC(283)     Total                          Min: 0, Avg: 261.5, Max: 1046, Diff: 1046, Sum: 1046, Workers: 4
[6988.916s][debug][gc,phases      ] GC(283)   ObjectSynchronizer Weak        Min:  0.0, Avg:  0.0, Max:  0.0, Diff:  0.0, Sum:  0.0, Workers: 4
[6988.916s][debug][gc,phases      ] GC(283)     Dead                           Min: 0, Avg:  0.0, Max: 0, Diff: 0, Sum: 0, Workers: 4
[6988.916s][debug][gc,phases      ] GC(283)     Total                          Min: 0, Avg:  1.0, Max: 4, Diff: 4, Sum: 4, Workers: 4
[6988.916s][debug][gc,phases      ] GC(283)   JVMTI Tag Weak OopStorage      Min:  0.0, Avg:  0.0, Max:  0.0, Diff:  0.0, Sum:  0.0, Workers: 4
[6988.916s][debug][gc,phases      ] GC(283)     Dead                           Min: 0, Avg:  0.0, Max: 0, Diff: 0, Sum: 0, Workers: 4
[6988.916s][debug][gc,phases      ] GC(283)     Total                          Min: 0, Avg:  0.0, Max: 0, Diff: 0, Sum: 0, Workers: 4
[6988.916s][debug][gc,phases      ] GC(283)   StringTable Weak               Min:  0.0, Avg:  0.1, Max:  0.1, Diff:  0.1, Sum:  0.4, Workers: 4
[6988.916s][debug][gc,phases      ] GC(283)     Dead                           Min: 0, Avg:  0.0, Max: 0, Diff: 0, Sum: 0, Workers: 4
[6988.916s][debug][gc,phases      ] GC(283)     Total                          Min: 0, Avg: 12079.8, Max: 17408, Diff: 17408, Sum: 48319, Workers: 4
[6988.916s][debug][gc,phases      ] GC(283)   ResolvedMethodTable Weak       Min:  0.0, Avg:  0.0, Max:  0.1, Diff:  0.1, Sum:  0.1, Workers: 4
[6988.916s][debug][gc,phases      ] GC(283)     Dead                           Min: 0, Avg:  4.0, Max: 16, Diff: 16, Sum: 16, Workers: 4
[6988.916s][debug][gc,phases      ] GC(283)     Total                          Min: 0, Avg: 4012.0, Max: 5961, Diff: 5961, Sum: 16048, Workers: 4
[6988.916s][debug][gc,phases      ] GC(283)   JNI Weak                       Min:  0.0, Avg:  0.0, Max:  0.0, Diff:  0.0, Sum:  0.0, Workers: 4
[6988.916s][debug][gc,phases      ] GC(283)     Dead                           Min: 0, Avg:  0.0, Max: 0, Diff: 0, Sum: 0, Workers: 4
[6988.916s][debug][gc,phases      ] GC(283)     Total                          Min: 0, Avg: 13.0, Max: 48, Diff: 48, Sum: 52, Workers: 4
[6988.916s][debug][gc,phases      ] GC(283)   StringDedup Table Weak         Min:  0.0, Avg:  0.0, Max:  0.0, Diff:  0.0, Sum:  0.0, Workers: 4
[6988.916s][debug][gc,phases      ] GC(283)     Dead                           Min: 0, Avg:  0.0, Max: 0, Diff: 0, Sum: 0, Workers: 4
[6988.916s][debug][gc,phases      ] GC(283)     Total                          Min: 0, Avg:  0.0, Max: 0, Diff: 0, Sum: 0, Workers: 4
[6988.916s][debug][gc,phases      ] GC(283)   StringDedup Requests0 Weak     Min:  0.0, Avg:  0.0, Max:  0.0, Diff:  0.0, Sum:  0.0, Workers: 4
[6988.916s][debug][gc,phases      ] GC(283)     Dead                           Min: 0, Avg:  0.0, Max: 0, Diff: 0, Sum: 0, Workers: 4
[6988.916s][debug][gc,phases      ] GC(283)     Total                          Min: 0, Avg:  0.0, Max: 0, Diff: 0, Sum: 0, Workers: 4
[6988.916s][debug][gc,phases      ] GC(283)   StringDedup Requests1 Weak     Min:  0.0, Avg:  0.0, Max:  0.0, Diff:  0.0, Sum:  0.0, Workers: 4
[6988.916s][debug][gc,phases      ] GC(283)     Dead                           Min: 0, Avg:  0.0, Max: 0, Diff: 0, Sum: 0, Workers: 4
[6988.916s][debug][gc,phases      ] GC(283)     Total                          Min: 0, Avg:  0.0, Max: 0, Diff: 0, Sum: 0, Workers: 4
[6988.916s][debug][gc,phases      ] GC(283)   Weak JFR Old Object Samples    Min:  0.0, Avg:  0.0, Max:  0.0, Diff:  0.0, Sum:  0.0, Workers: 4
[6988.916s][debug][gc,phases      ] GC(283)     Dead                           Min: 0, Avg:  0.0, Max: 0, Diff: 0, Sum: 0, Workers: 4
[6988.916s][debug][gc,phases      ] GC(283)     Total                          Min: 0, Avg:  0.0, Max: 0, Diff: 0, Sum: 0, Workers: 4
[6988.916s][debug][gc,phases      ] GC(283) Weak Processing 0.434ms
[6988.916s][debug][gc,age         ] GC(283) Desired survivor size 6815744 bytes, new threshold 1 (max threshold 15)
[6988.916s][info ][gc,heap        ] GC(283) PSYoungGen: 2090144K(2091008K)->6064K(2089984K) Eden: 2084864K(2084864K)->0K(2083840K) From: 5280K(6144K)->6064K(6144K)
[6988.916s][info ][gc,heap        ] GC(283) ParOldGen: 668995K(669184K)->669823K(670208K)
[6988.916s][info ][gc,metaspace   ] GC(283) Metaspace: 113111K(114496K)->113111K(114496K) NonClass: 96362K(97152K)->96362K(97152K) Class: 16748K(17344K)->16748K(17344K)
[6988.916s][info ][gc             ] GC(283) Pause Young (Allocation Failure) 2694M->660M(2695M) 7.227ms
[6988.916s][info ][gc,cpu         ] GC(283) User=0.02s Sys=0.01s Real=0.01s
[6988.916s][info ][safepoint      ] Safepoint "ParallelGCFailedAllocation", Time since last: 20712016099 ns, Reaching safepoint: 7701 ns, Cleanup: 5700 ns, At safepoint: 7345421 ns, Total: 7358822 ns
[7000.917s][info ][safepoint      ] Safepoint "Cleanup", Time since last: 12000941240 ns, Reaching safepoint: 11101 ns, Cleanup: 17300 ns, At safepoint: 4300 ns, Total: 32701 ns
[7001.917s][info ][safepoint      ] Safepoint "Cleanup", Time since last: 1000133033 ns, Reaching safepoint: 7401 ns, Cleanup: 15000 ns, At safepoint: 2800 ns, Total: 25201 ns
[7003.918s][info ][safepoint      ] Safepoint "Cleanup", Time since last: 2000216364 ns, Reaching safepoint: 9601 ns, Cleanup: 20800 ns, At safepoint: 4300 ns, Total: 34701 ns
[7006.918s][info ][safepoint      ] Safepoint "Cleanup", Time since last: 3000446700 ns, Reaching safepoint: 9001 ns, Cleanup: 15200 ns, At safepoint: 2900 ns, Total: 27101 ns
[7013.524s][info ][gc,start       ] GC(284) Pause Young (Allocation Failure)
[7013.529s][debug][gc,phases      ] GC(284) Scavenge 5.212ms
[7013.529s][debug][gc,ref         ] GC(284) Skipped SoftWeakFinalRefsPhase of Reference Processing: no references
[7013.529s][debug][gc,ref         ] GC(284) Skipped KeepAliveFinalRefsPhase of Reference Processing: no references
[7013.529s][debug][gc,ref         ] GC(284) Skipped PhantomRefsPhase of Reference Processing: no references
[7013.529s][debug][gc,phases      ] GC(284) Reference Processing 0.030ms
[7013.530s][debug][gc,phases      ] GC(284)   VM Weak                        Min:  0.0, Avg:  0.0, Max:  0.0, Diff:  0.0, Sum:  0.0, Workers: 4
[7013.530s][debug][gc,phases      ] GC(284)     Dead                           Min: 0, Avg:  0.0, Max: 0, Diff: 0, Sum: 0, Workers: 4
[7013.530s][debug][gc,phases      ] GC(284)     Total                          Min: 0, Avg: 261.5, Max: 1046, Diff: 1046, Sum: 1046, Workers: 4
[7013.530s][debug][gc,phases      ] GC(284)   ObjectSynchronizer Weak        Min:  0.0, Avg:  0.0, Max:  0.0, Diff:  0.0, Sum:  0.0, Workers: 4
[7013.530s][debug][gc,phases      ] GC(284)     Dead                           Min: 0, Avg:  0.0, Max: 0, Diff: 0, Sum: 0, Workers: 4
[7013.530s][debug][gc,phases      ] GC(284)     Total                          Min: 0, Avg:  1.0, Max: 4, Diff: 4, Sum: 4, Workers: 4
[7013.530s][debug][gc,phases      ] GC(284)   JVMTI Tag Weak OopStorage      Min:  0.0, Avg:  0.0, Max:  0.0, Diff:  0.0, Sum:  0.0, Workers: 4
[7013.530s][debug][gc,phases      ] GC(284)     Dead                           Min: 0, Avg:  0.0, Max: 0, Diff: 0, Sum: 0, Workers: 4
[7013.530s][debug][gc,phases      ] GC(284)     Total                          Min: 0, Avg:  0.0, Max: 0, Diff: 0, Sum: 0, Workers: 4
[7013.530s][debug][gc,phases      ] GC(284)   StringTable Weak               Min:  0.0, Avg:  0.1, Max:  0.2, Diff:  0.2, Sum:  0.4, Workers: 4
[7013.530s][debug][gc,phases      ] GC(284)     Dead                           Min: 0, Avg:  0.0, Max: 0, Diff: 0, Sum: 0, Workers: 4
[7013.530s][debug][gc,phases      ] GC(284)     Total                          Min: 0, Avg: 12079.8, Max: 21568, Diff: 21568, Sum: 48319, Workers: 4
[7013.530s][debug][gc,phases      ] GC(284)   ResolvedMethodTable Weak       Min:  0.0, Avg:  0.0, Max:  0.1, Diff:  0.1, Sum:  0.2, Workers: 4
[7013.530s][debug][gc,phases      ] GC(284)     Dead                           Min: 0, Avg:  4.0, Max: 16, Diff: 16, Sum: 16, Workers: 4
[7013.530s][debug][gc,phases      ] GC(284)     Total                          Min: 0, Avg: 4012.0, Max: 5693, Diff: 5693, Sum: 16048, Workers: 4
[7013.530s][debug][gc,phases      ] GC(284)   JNI Weak                       Min:  0.0, Avg:  0.0, Max:  0.0, Diff:  0.0, Sum:  0.0, Workers: 4
[7013.530s][debug][gc,phases      ] GC(284)     Dead                           Min: 0, Avg:  0.0, Max: 0, Diff: 0, Sum: 0, Workers: 4
[7013.530s][debug][gc,phases      ] GC(284)     Total                          Min: 0, Avg: 13.0, Max: 48, Diff: 48, Sum: 52, Workers: 4
[7013.530s][debug][gc,phases      ] GC(284)   StringDedup Table Weak         Min:  0.0, Avg:  0.0, Max:  0.0, Diff:  0.0, Sum:  0.0, Workers: 4
[7013.530s][debug][gc,phases      ] GC(284)     Dead                           Min: 0, Avg:  0.0, Max: 0, Diff: 0, Sum: 0, Workers: 4
[7013.530s][debug][gc,phases      ] GC(284)     Total                          Min: 0, Avg:  0.0, Max: 0, Diff: 0, Sum: 0, Workers: 4
[7013.530s][debug][gc,phases      ] GC(284)   StringDedup Requests0 Weak     Min:  0.0, Avg:  0.0, Max:  0.0, Diff:  0.0, Sum:  0.0, Workers: 4
[7013.530s][debug][gc,phases      ] GC(284)     Dead                           Min: 0, Avg:  0.0, Max: 0, Diff: 0, Sum: 0, Workers: 4
[7013.530s][debug][gc,phases      ] GC(284)     Total                          Min: 0, Avg:  0.0, Max: 0, Diff: 0, Sum: 0, Workers: 4
[7013.530s][debug][gc,phases      ] GC(284)   StringDedup Requests1 Weak     Min:  0.0, Avg:  0.0, Max:  0.0, Diff:  0.0, Sum:  0.0, Workers: 4
[7013.530s][debug][gc,phases      ] GC(284)     Dead                           Min: 0, Avg:  0.0, Max: 0, Diff: 0, Sum: 0, Workers: 4
[7013.530s][debug][gc,phases      ] GC(284)     Total                          Min: 0, Avg:  0.0, Max: 0, Diff: 0, Sum: 0, Workers: 4
[7013.530s][debug][gc,phases      ] GC(284)   Weak JFR Old Object Samples    Min:  0.0, Avg:  0.0, Max:  0.0, Diff:  0.0, Sum:  0.0, Workers: 4
[7013.530s][debug][gc,phases      ] GC(284)     Dead                           Min: 0, Avg:  0.0, Max: 0, Diff: 0, Sum: 0, Workers: 4
[7013.530s][debug][gc,phases      ] GC(284)     Total                          Min: 0, Avg:  0.0, Max: 0, Diff: 0, Sum: 0, Workers: 4
[7013.530s][debug][gc,phases      ] GC(284) Weak Processing 0.520ms
[7013.530s][debug][gc,age         ] GC(284) Desired survivor size 6815744 bytes, new threshold 1 (max threshold 15)
[7013.530s][info ][gc,heap        ] GC(284) PSYoungGen: 2089904K(2089984K)->6096K(2090496K) Eden: 2083840K(2083840K)->0K(2083840K) From: 6064K(6144K)->6096K(6656K)
[7013.530s][info ][gc,heap        ] GC(284) ParOldGen: 669823K(670208K)->670603K(670720K)
[7013.530s][info ][gc,metaspace   ] GC(284) Metaspace: 113113K(114496K)->113113K(114496K) NonClass: 96365K(97152K)->96365K(97152K) Class: 16748K(17344K)->16748K(17344K)
[7013.530s][info ][gc             ] GC(284) Pause Young (Allocation Failure) 2695M->660M(2696M) 5.905ms
[7013.530s][info ][gc,cpu         ] GC(284) User=0.02s Sys=0.00s Real=0.00s
[7013.530s][info ][safepoint      ] Safepoint "ParallelGCFailedAllocation", Time since last: 6605550006 ns, Reaching safepoint: 8901 ns, Cleanup: 4500 ns, At safepoint: 6007080 ns, Total: 6020481 ns
[7015.530s][info ][safepoint      ] Safepoint "Cleanup", Time since last: 2000164500 ns, Reaching safepoint: 10600 ns, Cleanup: 15900 ns, At safepoint: 3201 ns, Total: 29701 ns
[7018.530s][info ][safepoint      ] Safepoint "Cleanup", Time since last: 3000246039 ns, Reaching safepoint: 6200 ns, Cleanup: 11101 ns, At safepoint: 2200 ns, Total: 19501 ns
[7019.530s][info ][safepoint      ] Safepoint "Cleanup", Time since last: 1000104914 ns, Reaching safepoint: 6600 ns, Cleanup: 9600 ns, At safepoint: 2900 ns, Total: 19100 ns
[7021.531s][info ][safepoint      ] Safepoint "Cleanup", Time since last: 2000185839 ns, Reaching safepoint: 7200 ns, Cleanup: 12100 ns, At safepoint: 2800 ns, Total: 22100 ns
[7028.722s][info ][safepoint      ] Safepoint "Cleanup", Time since last: 7191838024 ns, Reaching safepoint: 10800 ns, Cleanup: 18001 ns, At safepoint: 3400 ns, Total: 32201 ns
[7032.723s][info ][safepoint      ] Safepoint "Cleanup", Time since last: 4000382836 ns, Reaching safepoint: 10400 ns, Cleanup: 15500 ns, At safepoint: 3300 ns, Total: 29200 ns
[7034.407s][info ][gc,start       ] GC(285) Pause Young (Allocation Failure)
[7034.419s][debug][gc,phases      ] GC(285) Scavenge 11.323ms
[7034.419s][debug][gc,ref         ] GC(285) ReferenceProcessor::execute queues: 1, RefProcThreadModel::Single, marks_oops_alive: false
[7034.419s][debug][gc,ref         ] GC(285) Skipped KeepAliveFinalRefsPhase of Reference Processing: no references
[7034.419s][debug][gc,ref         ] GC(285) Skipped PhantomRefsPhase of Reference Processing: no references
[7034.419s][debug][gc,phases      ] GC(285) Reference Processing 0.125ms
[7034.419s][debug][gc,phases      ] GC(285)   VM Weak                        Min:  0.0, Avg:  0.0, Max:  0.0, Diff:  0.0, Sum:  0.0, Workers: 4
[7034.419s][debug][gc,phases      ] GC(285)     Dead                           Min: 0, Avg:  0.0, Max: 0, Diff: 0, Sum: 0, Workers: 4
[7034.419s][debug][gc,phases      ] GC(285)     Total                          Min: 0, Avg: 261.5, Max: 512, Diff: 512, Sum: 1046, Workers: 4
[7034.419s][debug][gc,phases      ] GC(285)   ObjectSynchronizer Weak        Min:  0.0, Avg:  0.0, Max:  0.0, Diff:  0.0, Sum:  0.0, Workers: 4
[7034.419s][debug][gc,phases      ] GC(285)     Dead                           Min: 0, Avg:  0.0, Max: 0, Diff: 0, Sum: 0, Workers: 4
[7034.419s][debug][gc,phases      ] GC(285)     Total                          Min: 0, Avg:  1.0, Max: 4, Diff: 4, Sum: 4, Workers: 4
[7034.419s][debug][gc,phases      ] GC(285)   JVMTI Tag Weak OopStorage      Min:  0.0, Avg:  0.0, Max:  0.0, Diff:  0.0, Sum:  0.0, Workers: 4
[7034.419s][debug][gc,phases      ] GC(285)     Dead                           Min: 0, Avg:  0.0, Max: 0, Diff: 0, Sum: 0, Workers: 4
[7034.419s][debug][gc,phases      ] GC(285)     Total                          Min: 0, Avg:  0.0, Max: 0, Diff: 0, Sum: 0, Workers: 4
[7034.419s][debug][gc,phases      ] GC(285)   StringTable Weak               Min:  0.0, Avg:  0.1, Max:  0.2, Diff:  0.2, Sum:  0.5, Workers: 4
[7034.419s][debug][gc,phases      ] GC(285)     Dead                           Min: 0, Avg:  0.0, Max: 0, Diff: 0, Sum: 0, Workers: 4
[7034.419s][debug][gc,phases      ] GC(285)     Total                          Min: 0, Avg: 12079.8, Max: 16959, Diff: 16959, Sum: 48319, Workers: 4
[7034.419s][debug][gc,phases      ] GC(285)   ResolvedMethodTable Weak       Min:  0.0, Avg:  0.0, Max:  0.1, Diff:  0.1, Sum:  0.2, Workers: 4
[7034.419s][debug][gc,phases      ] GC(285)     Dead                           Min: 0, Avg:  4.0, Max: 16, Diff: 16, Sum: 16, Workers: 4
[7034.419s][debug][gc,phases      ] GC(285)     Total                          Min: 0, Avg: 4012.0, Max: 5498, Diff: 5498, Sum: 16048, Workers: 4
[7034.419s][debug][gc,phases      ] GC(285)   JNI Weak                       Min:  0.0, Avg:  0.0, Max:  0.0, Diff:  0.0, Sum:  0.0, Workers: 4
[7034.419s][debug][gc,phases      ] GC(285)     Dead                           Min: 0, Avg:  0.0, Max: 0, Diff: 0, Sum: 0, Workers: 4
[7034.419s][debug][gc,phases      ] GC(285)     Total                          Min: 0, Avg: 13.0, Max: 48, Diff: 48, Sum: 52, Workers: 4
[7034.419s][debug][gc,phases      ] GC(285)   StringDedup Table Weak         Min:  0.0, Avg:  0.0, Max:  0.0, Diff:  0.0, Sum:  0.0, Workers: 4
[7034.419s][debug][gc,phases      ] GC(285)     Dead                           Min: 0, Avg:  0.0, Max: 0, Diff: 0, Sum: 0, Workers: 4
[7034.419s][debug][gc,phases      ] GC(285)     Total                          Min: 0, Avg:  0.0, Max: 0, Diff: 0, Sum: 0, Workers: 4
[7034.419s][debug][gc,phases      ] GC(285)   StringDedup Requests0 Weak     Min:  0.0, Avg:  0.0, Max:  0.0, Diff:  0.0, Sum:  0.0, Workers: 4
[7034.419s][debug][gc,phases      ] GC(285)     Dead                           Min: 0, Avg:  0.0, Max: 0, Diff: 0, Sum: 0, Workers: 4
[7034.419s][debug][gc,phases      ] GC(285)     Total                          Min: 0, Avg:  0.0, Max: 0, Diff: 0, Sum: 0, Workers: 4
[7034.419s][debug][gc,phases      ] GC(285)   StringDedup Requests1 Weak     Min:  0.0, Avg:  0.0, Max:  0.0, Diff:  0.0, Sum:  0.0, Workers: 4
[7034.419s][debug][gc,phases      ] GC(285)     Dead                           Min: 0, Avg:  0.0, Max: 0, Diff: 0, Sum: 0, Workers: 4
[7034.419s][debug][gc,phases      ] GC(285)     Total                          Min: 0, Avg:  0.0, Max: 0, Diff: 0, Sum: 0, Workers: 4
[7034.419s][debug][gc,phases      ] GC(285)   Weak JFR Old Object Samples    Min:  0.0, Avg:  0.0, Max:  0.0, Diff:  0.0, Sum:  0.0, Workers: 4
[7034.419s][debug][gc,phases      ] GC(285)     Dead                           Min: 0, Avg:  0.0, Max: 0, Diff: 0, Sum: 0, Workers: 4
[7034.419s][debug][gc,phases      ] GC(285)     Total                          Min: 0, Avg:  0.0, Max: 0, Diff: 0, Sum: 0, Workers: 4
[7034.419s][debug][gc,phases      ] GC(285) Weak Processing 0.470ms
[7034.419s][debug][gc,age         ] GC(285) Desired survivor size 9437184 bytes, new threshold 1 (max threshold 15)
[7034.419s][info ][gc,heap        ] GC(285) PSYoungGen: 2089936K(2090496K)->6640K(2085376K) Eden: 2083840K(2083840K)->0K(2078720K) From: 6096K(6656K)->6640K(6656K)
[7034.419s][info ][gc,heap        ] GC(285) ParOldGen: 670603K(670720K)->676412K(676864K)
[7034.419s][info ][gc,metaspace   ] GC(285) Metaspace: 113115K(114496K)->113115K(114496K) NonClass: 96366K(97152K)->96366K(97152K) Class: 16748K(17344K)->16748K(17344K)
[7034.419s][info ][gc             ] GC(285) Pause Young (Allocation Failure) 2695M->667M(2697M) 12.092ms
[7034.419s][info ][gc,cpu         ] GC(285) User=0.04s Sys=0.00s Real=0.01s
[7034.419s][info ][safepoint      ] Safepoint "ParallelGCFailedAllocation", Time since last: 1684272922 ns, Reaching safepoint: 91003 ns, Cleanup: 6300 ns, At safepoint: 12195364 ns, Total: 12292667 ns
[7035.420s][info ][safepoint      ] Safepoint "Cleanup", Time since last: 1000094381 ns, Reaching safepoint: 7200 ns, Cleanup: 12400 ns, At safepoint: 2900 ns, Total: 22500 ns
[7036.420s][info ][safepoint      ] Safepoint "Cleanup", Time since last: 1000152082 ns, Reaching safepoint: 10201 ns, Cleanup: 14200 ns, At safepoint: 3800 ns, Total: 28201 ns
[7042.420s][info ][safepoint      ] Safepoint "Cleanup", Time since last: 6000535996 ns, Reaching safepoint: 10900 ns, Cleanup: 15401 ns, At safepoint: 3100 ns, Total: 29401 ns
[7044.421s][info ][safepoint      ] Safepoint "Cleanup", Time since last: 2000236536 ns, Reaching safepoint: 11000 ns, Cleanup: 15601 ns, At safepoint: 32901 ns, Total: 59502 ns
[7052.421s][info ][safepoint      ] Safepoint "Cleanup", Time since last: 8000686596 ns, Reaching safepoint: 8201 ns, Cleanup: 14500 ns, At safepoint: 3300 ns, Total: 26001 ns
[7053.421s][info ][safepoint      ] Safepoint "Cleanup", Time since last: 1000141711 ns, Reaching safepoint: 10000 ns, Cleanup: 15201 ns, At safepoint: 3000 ns, Total: 28201 ns
[7056.422s][info ][safepoint      ] Safepoint "Cleanup", Time since last: 3000340545 ns, Reaching safepoint: 11301 ns, Cleanup: 16200 ns, At safepoint: 3300 ns, Total: 30801 ns
[7057.422s][info ][safepoint      ] Safepoint "Cleanup", Time since last: 1000121426 ns, Reaching safepoint: 5301 ns, Cleanup: 7000 ns, At safepoint: 2300 ns, Total: 14601 ns
[7057.641s][info ][gc,start       ] GC(286) Pause Young (Allocation Failure)
[7057.648s][debug][gc,phases      ] GC(286) Scavenge 7.011ms
[7057.648s][debug][gc,ref         ] GC(286) ReferenceProcessor::execute queues: 1, RefProcThreadModel::Single, marks_oops_alive: false
[7057.648s][debug][gc,ref         ] GC(286) Skipped KeepAliveFinalRefsPhase of Reference Processing: no references
[7057.648s][debug][gc,ref         ] GC(286) ReferenceProcessor::execute queues: 1, RefProcThreadModel::Single, marks_oops_alive: false
[7057.648s][debug][gc,phases      ] GC(286) Reference Processing 0.118ms
[7057.648s][debug][gc,phases      ] GC(286)   VM Weak                        Min:  0.0, Avg:  0.0, Max:  0.0, Diff:  0.0, Sum:  0.0, Workers: 4
[7057.648s][debug][gc,phases      ] GC(286)     Dead                           Min: 0, Avg:  0.0, Max: 0, Diff: 0, Sum: 0, Workers: 4
[7057.648s][debug][gc,phases      ] GC(286)     Total                          Min: 0, Avg: 261.5, Max: 768, Diff: 768, Sum: 1046, Workers: 4
[7057.648s][debug][gc,phases      ] GC(286)   ObjectSynchronizer Weak        Min:  0.0, Avg:  0.0, Max:  0.0, Diff:  0.0, Sum:  0.0, Workers: 4
[7057.648s][debug][gc,phases      ] GC(286)     Dead                           Min: 0, Avg:  0.0, Max: 0, Diff: 0, Sum: 0, Workers: 4
[7057.648s][debug][gc,phases      ] GC(286)     Total                          Min: 0, Avg:  1.0, Max: 4, Diff: 4, Sum: 4, Workers: 4
[7057.648s][debug][gc,phases      ] GC(286)   JVMTI Tag Weak OopStorage      Min:  0.0, Avg:  0.0, Max:  0.0, Diff:  0.0, Sum:  0.0, Workers: 4
[7057.648s][debug][gc,phases      ] GC(286)     Dead                           Min: 0, Avg:  0.0, Max: 0, Diff: 0, Sum: 0, Workers: 4
[7057.648s][debug][gc,phases      ] GC(286)     Total                          Min: 0, Avg:  0.0, Max: 0, Diff: 0, Sum: 0, Workers: 4
[7057.648s][debug][gc,phases      ] GC(286)   StringTable Weak               Min:  0.0, Avg:  0.1, Max:  0.2, Diff:  0.2, Sum:  0.5, Workers: 4
[7057.648s][debug][gc,phases      ] GC(286)     Dead                           Min: 0, Avg:  0.0, Max: 0, Diff: 0, Sum: 0, Workers: 4
[7057.648s][debug][gc,phases      ] GC(286)     Total                          Min: 0, Avg: 12080.0, Max: 17344, Diff: 17344, Sum: 48320, Workers: 4
[7057.648s][debug][gc,phases      ] GC(286)   ResolvedMethodTable Weak       Min:  0.0, Avg:  0.0, Max:  0.1, Diff:  0.1, Sum:  0.2, Workers: 4
[7057.648s][debug][gc,phases      ] GC(286)     Dead                           Min: 0, Avg:  4.2, Max: 17, Diff: 17, Sum: 17, Workers: 4
[7057.648s][debug][gc,phases      ] GC(286)     Total                          Min: 0, Avg: 4012.2, Max: 5593, Diff: 5593, Sum: 16049, Workers: 4
[7057.648s][debug][gc,phases      ] GC(286)   JNI Weak                       Min:  0.0, Avg:  0.0, Max:  0.0, Diff:  0.0, Sum:  0.0, Workers: 4
[7057.648s][debug][gc,phases      ] GC(286)     Dead                           Min: 0, Avg:  0.0, Max: 0, Diff: 0, Sum: 0, Workers: 4
[7057.648s][debug][gc,phases      ] GC(286)     Total                          Min: 0, Avg: 13.0, Max: 48, Diff: 48, Sum: 52, Workers: 4
[7057.648s][debug][gc,phases      ] GC(286)   StringDedup Table Weak         Min:  0.0, Avg:  0.0, Max:  0.0, Diff:  0.0, Sum:  0.0, Workers: 4
[7057.648s][debug][gc,phases      ] GC(286)     Dead                           Min: 0, Avg:  0.0, Max: 0, Diff: 0, Sum: 0, Workers: 4
[7057.648s][debug][gc,phases      ] GC(286)     Total                          Min: 0, Avg:  0.0, Max: 0, Diff: 0, Sum: 0, Workers: 4
[7057.648s][debug][gc,phases      ] GC(286)   StringDedup Requests0 Weak     Min:  0.0, Avg:  0.0, Max:  0.0, Diff:  0.0, Sum:  0.0, Workers: 4
[7057.648s][debug][gc,phases      ] GC(286)     Dead                           Min: 0, Avg:  0.0, Max: 0, Diff: 0, Sum: 0, Workers: 4
[7057.648s][debug][gc,phases      ] GC(286)     Total                          Min: 0, Avg:  0.0, Max: 0, Diff: 0, Sum: 0, Workers: 4
[7057.648s][debug][gc,phases      ] GC(286)   StringDedup Requests1 Weak     Min:  0.0, Avg:  0.0, Max:  0.0, Diff:  0.0, Sum:  0.0, Workers: 4
[7057.648s][debug][gc,phases      ] GC(286)     Dead                           Min: 0, Avg:  0.0, Max: 0, Diff: 0, Sum: 0, Workers: 4
[7057.648s][debug][gc,phases      ] GC(286)     Total                          Min: 0, Avg:  0.0, Max: 0, Diff: 0, Sum: 0, Workers: 4
[7057.648s][debug][gc,phases      ] GC(286)   Weak JFR Old Object Samples    Min:  0.0, Avg:  0.0, Max:  0.0, Diff:  0.0, Sum:  0.0, Workers: 4
[7057.648s][debug][gc,phases      ] GC(286)     Dead                           Min: 0, Avg:  0.0, Max: 0, Diff: 0, Sum: 0, Workers: 4
[7057.648s][debug][gc,phases      ] GC(286)     Total                          Min: 0, Avg:  0.0, Max: 0, Diff: 0, Sum: 0, Workers: 4
[7057.648s][debug][gc,phases      ] GC(286) Weak Processing 0.446ms
[7057.648s][debug][gc,age         ] GC(286) Desired survivor size 8912896 bytes, new threshold 1 (max threshold 15)
[7057.648s][info ][gc,heap        ] GC(286) PSYoungGen: 2085360K(2085376K)->6112K(2087936K) Eden: 2078720K(2078720K)->0K(2078720K) From: 6640K(6656K)->6112K(9216K)
[7057.648s][info ][gc,heap        ] GC(286) ParOldGen: 676412K(676864K)->680192K(680448K)
[7057.648s][info ][gc,metaspace   ] GC(286) Metaspace: 113119K(114496K)->113119K(114496K) NonClass: 96370K(97152K)->96370K(97152K) Class: 16748K(17344K)->16748K(17344K)
[7057.648s][info ][gc             ] GC(286) Pause Young (Allocation Failure) 2697M->670M(2703M) 7.729ms
[7057.648s][info ][gc,cpu         ] GC(286) User=0.02s Sys=0.01s Real=0.01s
[7057.648s][info ][safepoint      ] Safepoint "ParallelGCFailedAllocation", Time since last: 218613807 ns, Reaching safepoint: 79202 ns, Cleanup: 5200 ns, At safepoint: 7817837 ns, Total: 7902239 ns
[7058.649s][info ][safepoint      ] Safepoint "Cleanup", Time since last: 1000103825 ns, Reaching safepoint: 84803 ns, Cleanup: 13200 ns, At safepoint: 9000 ns, Total: 107003 ns
[7059.649s][info ][safepoint      ] Safepoint "Cleanup", Time since last: 1000148427 ns, Reaching safepoint: 88103 ns, Cleanup: 17701 ns, At safepoint: 9200 ns, Total: 115004 ns
[7061.649s][info ][safepoint      ] Safepoint "Cleanup", Time since last: 2000245252 ns, Reaching safepoint: 84103 ns, Cleanup: 17900 ns, At safepoint: 8300 ns, Total: 110303 ns
[7066.650s][info ][safepoint      ] Safepoint "Cleanup", Time since last: 5000504528 ns, Reaching safepoint: 87403 ns, Cleanup: 21000 ns, At safepoint: 13201 ns, Total: 121604 ns
[7068.650s][info ][safepoint      ] Safepoint "Cleanup", Time since last: 2000299086 ns, Reaching safepoint: 88903 ns, Cleanup: 13700 ns, At safepoint: 11301 ns, Total: 113904 ns
[7069.651s][info ][safepoint      ] Safepoint "Cleanup", Time since last: 1000146593 ns, Reaching safepoint: 86303 ns, Cleanup: 15400 ns, At safepoint: 7800 ns, Total: 109503 ns
[7080.490s][info ][gc,start       ] GC(287) Pause Young (Allocation Failure)
[7080.499s][debug][gc,phases      ] GC(287) Scavenge 8.349ms
[7080.499s][debug][gc,ref         ] GC(287) ReferenceProcessor::execute queues: 1, RefProcThreadModel::Single, marks_oops_alive: false
[7080.499s][debug][gc,ref         ] GC(287) Skipped KeepAliveFinalRefsPhase of Reference Processing: no references
[7080.499s][debug][gc,ref         ] GC(287) Skipped PhantomRefsPhase of Reference Processing: no references
[7080.499s][debug][gc,phases      ] GC(287) Reference Processing 0.123ms
[7080.499s][debug][gc,phases      ] GC(287)   VM Weak                        Min:  0.0, Avg:  0.0, Max:  0.0, Diff:  0.0, Sum:  0.0, Workers: 4
[7080.499s][debug][gc,phases      ] GC(287)     Dead                           Min: 0, Avg:  0.0, Max: 0, Diff: 0, Sum: 0, Workers: 4
[7080.499s][debug][gc,phases      ] GC(287)     Total                          Min: 0, Avg: 261.5, Max: 790, Diff: 790, Sum: 1046, Workers: 4
[7080.499s][debug][gc,phases      ] GC(287)   ObjectSynchronizer Weak        Min:  0.0, Avg:  0.0, Max:  0.0, Diff:  0.0, Sum:  0.0, Workers: 4
[7080.499s][debug][gc,phases      ] GC(287)     Dead                           Min: 0, Avg:  0.0, Max: 0, Diff: 0, Sum: 0, Workers: 4
[7080.499s][debug][gc,phases      ] GC(287)     Total                          Min: 0, Avg:  1.0, Max: 4, Diff: 4, Sum: 4, Workers: 4
[7080.499s][debug][gc,phases      ] GC(287)   JVMTI Tag Weak OopStorage      Min:  0.0, Avg:  0.0, Max:  0.0, Diff:  0.0, Sum:  0.0, Workers: 4
[7080.499s][debug][gc,phases      ] GC(287)     Dead                           Min: 0, Avg:  0.0, Max: 0, Diff: 0, Sum: 0, Workers: 4
[7080.499s][debug][gc,phases      ] GC(287)     Total                          Min: 0, Avg:  0.0, Max: 0, Diff: 0, Sum: 0, Workers: 4
[7080.499s][debug][gc,phases      ] GC(287)   StringTable Weak               Min:  0.0, Avg:  0.1, Max:  0.3, Diff:  0.3, Sum:  0.5, Workers: 4
[7080.499s][debug][gc,phases      ] GC(287)     Dead                           Min: 0, Avg:  0.0, Max: 0, Diff: 0, Sum: 0, Workers: 4
[7080.499s][debug][gc,phases      ] GC(287)     Total                          Min: 0, Avg: 12080.0, Max: 24256, Diff: 24256, Sum: 48320, Workers: 4
[7080.499s][debug][gc,phases      ] GC(287)   ResolvedMethodTable Weak       Min:  0.0, Avg:  0.0, Max:  0.1, Diff:  0.1, Sum:  0.2, Workers: 4
[7080.499s][debug][gc,phases      ] GC(287)     Dead                           Min: 0, Avg:  4.0, Max: 16, Diff: 16, Sum: 16, Workers: 4
[7080.499s][debug][gc,phases      ] GC(287)     Total                          Min: 0, Avg: 4012.2, Max: 8079, Diff: 8079, Sum: 16049, Workers: 4
[7080.499s][debug][gc,phases      ] GC(287)   JNI Weak                       Min:  0.0, Avg:  0.0, Max:  0.0, Diff:  0.0, Sum:  0.0, Workers: 4
[7080.499s][debug][gc,phases      ] GC(287)     Dead                           Min: 0, Avg:  0.0, Max: 0, Diff: 0, Sum: 0, Workers: 4
[7080.499s][debug][gc,phases      ] GC(287)     Total                          Min: 0, Avg: 13.0, Max: 48, Diff: 48, Sum: 52, Workers: 4
[7080.499s][debug][gc,phases      ] GC(287)   StringDedup Table Weak         Min:  0.0, Avg:  0.0, Max:  0.0, Diff:  0.0, Sum:  0.0, Workers: 4
[7080.499s][debug][gc,phases      ] GC(287)     Dead                           Min: 0, Avg:  0.0, Max: 0, Diff: 0, Sum: 0, Workers: 4
[7080.499s][debug][gc,phases      ] GC(287)     Total                          Min: 0, Avg:  0.0, Max: 0, Diff: 0, Sum: 0, Workers: 4
[7080.499s][debug][gc,phases      ] GC(287)   StringDedup Requests0 Weak     Min:  0.0, Avg:  0.0, Max:  0.0, Diff:  0.0, Sum:  0.0, Workers: 4
[7080.499s][debug][gc,phases      ] GC(287)     Dead                           Min: 0, Avg:  0.0, Max: 0, Diff: 0, Sum: 0, Workers: 4
[7080.499s][debug][gc,phases      ] GC(287)     Total                          Min: 0, Avg:  0.0, Max: 0, Diff: 0, Sum: 0, Workers: 4
[7080.499s][debug][gc,phases      ] GC(287)   StringDedup Requests1 Weak     Min:  0.0, Avg:  0.0, Max:  0.0, Diff:  0.0, Sum:  0.0, Workers: 4
[7080.499s][debug][gc,phases      ] GC(287)     Dead                           Min: 0, Avg:  0.0, Max: 0, Diff: 0, Sum: 0, Workers: 4
[7080.499s][debug][gc,phases      ] GC(287)     Total                          Min: 0, Avg:  0.0, Max: 0, Diff: 0, Sum: 0, Workers: 4
[7080.499s][debug][gc,phases      ] GC(287)   Weak JFR Old Object Samples    Min:  0.0, Avg:  0.0, Max:  0.0, Diff:  0.0, Sum:  0.0, Workers: 4
[7080.499s][debug][gc,phases      ] GC(287)     Dead                           Min: 0, Avg:  0.0, Max: 0, Diff: 0, Sum: 0, Workers: 4
[7080.499s][debug][gc,phases      ] GC(287)     Total                          Min: 0, Avg:  0.0, Max: 0, Diff: 0, Sum: 0, Workers: 4
[7080.499s][debug][gc,phases      ] GC(287) Weak Processing 0.652ms
[7080.499s][debug][gc,age         ] GC(287) Desired survivor size 8912896 bytes, new threshold 1 (max threshold 15)
[7080.499s][info ][gc,heap        ] GC(287) PSYoungGen: 2084832K(2087936K)->6688K(2088448K) Eden: 2078720K(2078720K)->0K(2079744K) From: 6112K(9216K)->6688K(8704K)
[7080.499s][info ][gc,heap        ] GC(287) ParOldGen: 680192K(680448K)->681573K(681984K)
[7080.500s][info ][gc,metaspace   ] GC(287) Metaspace: 113121K(114496K)->113121K(114496K) NonClass: 96372K(97152K)->96372K(97152K) Class: 16748K(17344K)->16748K(17344K)
[7080.500s][info ][gc             ] GC(287) Pause Young (Allocation Failure) 2700M->672M(2705M) 9.292ms
[7080.500s][info ][gc,cpu         ] GC(287) User=0.02s Sys=0.00s Real=0.01s
[7080.500s][info ][safepoint      ] Safepoint "ParallelGCFailedAllocation", Time since last: 10839445873 ns, Reaching safepoint: 85603 ns, Cleanup: 5700 ns, At safepoint: 9419698 ns, Total: 9511001 ns
[7082.500s][info ][safepoint      ] Safepoint "Cleanup", Time since last: 2000214543 ns, Reaching safepoint: 86903 ns, Cleanup: 13000 ns, At safepoint: 7601 ns, Total: 107504 ns
[7085.743s][info ][safepoint      ] Safepoint "Cleanup", Time since last: 3242591825 ns, Reaching safepoint: 85603 ns, Cleanup: 21300 ns, At safepoint: 9001 ns, Total: 115904 ns
[7086.743s][info ][safepoint      ] Safepoint "Cleanup", Time since last: 1000161723 ns, Reaching safepoint: 81803 ns, Cleanup: 11600 ns, At safepoint: 9500 ns, Total: 102903 ns
[7087.743s][info ][safepoint      ] Safepoint "Cleanup", Time since last: 1000155049 ns, Reaching safepoint: 86002 ns, Cleanup: 14201 ns, At safepoint: 7800 ns, Total: 108003 ns
[7088.743s][info ][safepoint      ] Safepoint "Cleanup", Time since last: 1000129591 ns, Reaching safepoint: 80803 ns, Cleanup: 9800 ns, At safepoint: 8100 ns, Total: 98703 ns
[7089.744s][info ][safepoint      ] Safepoint "Cleanup", Time since last: 1000135991 ns, Reaching safepoint: 80203 ns, Cleanup: 10500 ns, At safepoint: 8300 ns, Total: 99003 ns
[7090.744s][info ][safepoint      ] Safepoint "Cleanup", Time since last: 1000120891 ns, Reaching safepoint: 79503 ns, Cleanup: 13400 ns, At safepoint: 7200 ns, Total: 100103 ns
[7091.744s][info ][safepoint      ] Safepoint "Cleanup", Time since last: 1000163392 ns, Reaching safepoint: 114604 ns, Cleanup: 18000 ns, At safepoint: 20801 ns, Total: 153405 ns
[7093.745s][info ][safepoint      ] Safepoint "Cleanup", Time since last: 2000295983 ns, Reaching safepoint: 81403 ns, Cleanup: 12900 ns, At safepoint: 8801 ns, Total: 103104 ns
[7103.746s][info ][safepoint      ] Safepoint "Cleanup", Time since last: 10000890486 ns, Reaching safepoint: 79603 ns, Cleanup: 11501 ns, At safepoint: 8000 ns, Total: 99104 ns
[7104.011s][info ][gc,start       ] GC(288) Pause Young (CodeCache GC Threshold)
[7104.018s][debug][gc,phases      ] GC(288) Scavenge 6.239ms
[7104.018s][debug][gc,ref         ] GC(288) ReferenceProcessor::execute queues: 1, RefProcThreadModel::Single, marks_oops_alive: false
[7104.018s][debug][gc,ref         ] GC(288) Skipped KeepAliveFinalRefsPhase of Reference Processing: no references
[7104.018s][debug][gc,ref         ] GC(288) ReferenceProcessor::execute queues: 1, RefProcThreadModel::Single, marks_oops_alive: false
[7104.018s][debug][gc,phases      ] GC(288) Reference Processing 0.133ms
[7104.018s][debug][gc,phases      ] GC(288)   VM Weak                        Min:  0.0, Avg:  0.0, Max:  0.0, Diff:  0.0, Sum:  0.0, Workers: 4
[7104.018s][debug][gc,phases      ] GC(288)     Dead                           Min: 0, Avg:  0.0, Max: 0, Diff: 0, Sum: 0, Workers: 4
[7104.018s][debug][gc,phases      ] GC(288)     Total                          Min: 0, Avg: 262.5, Max: 666, Diff: 666, Sum: 1050, Workers: 4
[7104.018s][debug][gc,phases      ] GC(288)   ObjectSynchronizer Weak        Min:  0.0, Avg:  0.0, Max:  0.0, Diff:  0.0, Sum:  0.0, Workers: 4
[7104.018s][debug][gc,phases      ] GC(288)     Dead                           Min: 0, Avg:  0.0, Max: 0, Diff: 0, Sum: 0, Workers: 4
[7104.018s][debug][gc,phases      ] GC(288)     Total                          Min: 0, Avg:  1.0, Max: 4, Diff: 4, Sum: 4, Workers: 4
[7104.018s][debug][gc,phases      ] GC(288)   JVMTI Tag Weak OopStorage      Min:  0.0, Avg:  0.0, Max:  0.0, Diff:  0.0, Sum:  0.0, Workers: 4
[7104.018s][debug][gc,phases      ] GC(288)     Dead                           Min: 0, Avg:  0.0, Max: 0, Diff: 0, Sum: 0, Workers: 4
[7104.018s][debug][gc,phases      ] GC(288)     Total                          Min: 0, Avg:  0.0, Max: 0, Diff: 0, Sum: 0, Workers: 4
[7104.018s][debug][gc,phases      ] GC(288)   StringTable Weak               Min:  0.0, Avg:  0.1, Max:  0.2, Diff:  0.2, Sum:  0.4, Workers: 4
[7104.018s][debug][gc,phases      ] GC(288)     Dead                           Min: 0, Avg:  0.0, Max: 0, Diff: 0, Sum: 0, Workers: 4
[7104.018s][debug][gc,phases      ] GC(288)     Total                          Min: 0, Avg: 12081.0, Max: 24324, Diff: 24324, Sum: 48324, Workers: 4
[7104.018s][debug][gc,phases      ] GC(288)   ResolvedMethodTable Weak       Min:  0.0, Avg:  0.0, Max:  0.1, Diff:  0.1, Sum:  0.1, Workers: 4
[7104.018s][debug][gc,phases      ] GC(288)     Dead                           Min: 0, Avg:  4.0, Max: 13, Diff: 13, Sum: 16, Workers: 4
[7104.018s][debug][gc,phases      ] GC(288)     Total                          Min: 0, Avg: 4014.8, Max: 8032, Diff: 8032, Sum: 16059, Workers: 4
[7104.018s][debug][gc,phases      ] GC(288)   JNI Weak                       Min:  0.0, Avg:  0.0, Max:  0.0, Diff:  0.0, Sum:  0.0, Workers: 4
[7104.018s][debug][gc,phases      ] GC(288)     Dead                           Min: 0, Avg:  0.0, Max: 0, Diff: 0, Sum: 0, Workers: 4
[7104.018s][debug][gc,phases      ] GC(288)     Total                          Min: 0, Avg: 13.0, Max: 48, Diff: 48, Sum: 52, Workers: 4
[7104.018s][debug][gc,phases      ] GC(288)   StringDedup Table Weak         Min:  0.0, Avg:  0.0, Max:  0.0, Diff:  0.0, Sum:  0.0, Workers: 4
[7104.018s][debug][gc,phases      ] GC(288)     Dead                           Min: 0, Avg:  0.0, Max: 0, Diff: 0, Sum: 0, Workers: 4
[7104.018s][debug][gc,phases      ] GC(288)     Total                          Min: 0, Avg:  0.0, Max: 0, Diff: 0, Sum: 0, Workers: 4
[7104.018s][debug][gc,phases      ] GC(288)   StringDedup Requests0 Weak     Min:  0.0, Avg:  0.0, Max:  0.0, Diff:  0.0, Sum:  0.0, Workers: 4
[7104.018s][debug][gc,phases      ] GC(288)     Dead                           Min: 0, Avg:  0.0, Max: 0, Diff: 0, Sum: 0, Workers: 4
[7104.018s][debug][gc,phases      ] GC(288)     Total                          Min: 0, Avg:  0.0, Max: 0, Diff: 0, Sum: 0, Workers: 4
[7104.018s][debug][gc,phases      ] GC(288)   StringDedup Requests1 Weak     Min:  0.0, Avg:  0.0, Max:  0.0, Diff:  0.0, Sum:  0.0, Workers: 4
[7104.018s][debug][gc,phases      ] GC(288)     Dead                           Min: 0, Avg:  0.0, Max: 0, Diff: 0, Sum: 0, Workers: 4
[7104.018s][debug][gc,phases      ] GC(288)     Total                          Min: 0, Avg:  0.0, Max: 0, Diff: 0, Sum: 0, Workers: 4
[7104.018s][debug][gc,phases      ] GC(288)   Weak JFR Old Object Samples    Min:  0.0, Avg:  0.0, Max:  0.0, Diff:  0.0, Sum:  0.0, Workers: 4
[7104.018s][debug][gc,phases      ] GC(288)     Dead                           Min: 0, Avg:  0.0, Max: 0, Diff: 0, Sum: 0, Workers: 4
[7104.018s][debug][gc,phases      ] GC(288)     Total                          Min: 0, Avg:  0.0, Max: 0, Diff: 0, Sum: 0, Workers: 4
[7104.018s][debug][gc,phases      ] GC(288) Weak Processing 0.518ms
[7104.018s][debug][gc,age         ] GC(288) Desired survivor size 8912896 bytes, new threshold 1 (max threshold 15)
[7104.018s][info ][gc,heap        ] GC(288) PSYoungGen: 2042938K(2088448K)->5168K(2088448K) Eden: 2036249K(2079744K)->0K(2079744K) From: 6688K(8704K)->5168K(8704K)
[7104.018s][info ][gc,heap        ] GC(288) ParOldGen: 681573K(681984K)->683733K(684032K)
[7104.018s][info ][gc,metaspace   ] GC(288) Metaspace: 113138K(114496K)->113138K(114496K) NonClass: 96387K(97152K)->96387K(97152K) Class: 16751K(17344K)->16751K(17344K)
[7104.018s][info ][gc             ] GC(288) Pause Young (CodeCache GC Threshold) 2660M->672M(2707M) 7.042ms
[7104.018s][info ][gc,cpu         ] GC(288) User=0.02s Sys=0.00s Real=0.01s
[7104.018s][debug][gc,phases      ] GC(289) Pre Compact 0.010ms
[7104.018s][info ][gc,start       ] GC(289) Pause Full (CodeCache GC Threshold)
[7104.018s][info ][gc,phases,start] GC(289) Marking Phase
[7104.150s][debug][gc,phases      ] GC(289) Par Mark 131.866ms
[7104.151s][debug][gc,ref         ] GC(289) ReferenceProcessor::execute queues: 4, RefProcThreadModel::Multi, marks_oops_alive: false
[7104.152s][debug][gc,ref         ] GC(289) ReferenceProcessor::execute queues: 4, RefProcThreadModel::Multi, marks_oops_alive: true
[7104.152s][debug][gc,ref         ] GC(289) ReferenceProcessor::execute queues: 1, RefProcThreadModel::Single, marks_oops_alive: false
[7104.152s][debug][gc,phases      ] GC(289) Reference Processing 1.294ms
[7104.152s][debug][gc,phases      ] GC(289)   VM Weak                        Min:  0.0, Avg:  0.0, Max:  0.0, Diff:  0.0, Sum:  0.0, Workers: 4
[7104.152s][debug][gc,phases      ] GC(289)     Dead                           Min: 0, Avg: 37.0, Max: 112, Diff: 112, Sum: 148, Workers: 4
[7104.152s][debug][gc,phases      ] GC(289)     Total                          Min: 0, Avg: 262.5, Max: 602, Diff: 602, Sum: 1050, Workers: 4
[7104.152s][debug][gc,phases      ] GC(289)   ObjectSynchronizer Weak        Min:  0.0, Avg:  0.0, Max:  0.0, Diff:  0.0, Sum:  0.0, Workers: 4
[7104.152s][debug][gc,phases      ] GC(289)     Dead                           Min: 0, Avg:  0.0, Max: 0, Diff: 0, Sum: 0, Workers: 4
[7104.152s][debug][gc,phases      ] GC(289)     Total                          Min: 0, Avg:  1.0, Max: 4, Diff: 4, Sum: 4, Workers: 4
[7104.152s][debug][gc,phases      ] GC(289)   JVMTI Tag Weak OopStorage      Min:  0.0, Avg:  0.0, Max:  0.0, Diff:  0.0, Sum:  0.0, Workers: 4
[7104.152s][debug][gc,phases      ] GC(289)     Dead                           Min: 0, Avg:  0.0, Max: 0, Diff: 0, Sum: 0, Workers: 4
[7104.152s][debug][gc,phases      ] GC(289)     Total                          Min: 0, Avg:  0.0, Max: 0, Diff: 0, Sum: 0, Workers: 4
[7104.152s][debug][gc,phases      ] GC(289)   StringTable Weak               Min:  0.0, Avg:  0.2, Max:  0.3, Diff:  0.3, Sum:  0.8, Workers: 4
[7104.152s][debug][gc,phases      ] GC(289)     Dead                           Min: 0, Avg: 290.0, Max: 576, Diff: 576, Sum: 1160, Workers: 4
[7104.152s][debug][gc,phases      ] GC(289)     Total                          Min: 0, Avg: 12081.0, Max: 18560, Diff: 18560, Sum: 48324, Workers: 4
[7104.152s][debug][gc,phases      ] GC(289)   ResolvedMethodTable Weak       Min:  0.0, Avg:  0.1, Max:  0.1, Diff:  0.1, Sum:  0.2, Workers: 4
[7104.152s][debug][gc,phases      ] GC(289)     Dead                           Min: 0, Avg: 97.2, Max: 179, Diff: 179, Sum: 389, Workers: 4
[7104.152s][debug][gc,phases      ] GC(289)     Total                          Min: 0, Avg: 4014.8, Max: 5392, Diff: 5392, Sum: 16059, Workers: 4
[7104.152s][debug][gc,phases      ] GC(289)   JNI Weak                       Min:  0.0, Avg:  0.0, Max:  0.0, Diff:  0.0, Sum:  0.0, Workers: 4
[7104.152s][debug][gc,phases      ] GC(289)     Dead                           Min: 0, Avg:  0.0, Max: 0, Diff: 0, Sum: 0, Workers: 4
[7104.152s][debug][gc,phases      ] GC(289)     Total                          Min: 0, Avg: 13.0, Max: 48, Diff: 48, Sum: 52, Workers: 4
[7104.152s][debug][gc,phases      ] GC(289)   StringDedup Table Weak         Min:  0.0, Avg:  0.0, Max:  0.0, Diff:  0.0, Sum:  0.0, Workers: 4
[7104.152s][debug][gc,phases      ] GC(289)     Dead                           Min: 0, Avg:  0.0, Max: 0, Diff: 0, Sum: 0, Workers: 4
[7104.152s][debug][gc,phases      ] GC(289)     Total                          Min: 0, Avg:  0.0, Max: 0, Diff: 0, Sum: 0, Workers: 4
[7104.152s][debug][gc,phases      ] GC(289)   StringDedup Requests0 Weak     Min:  0.0, Avg:  0.0, Max:  0.0, Diff:  0.0, Sum:  0.0, Workers: 4
[7104.152s][debug][gc,phases      ] GC(289)     Dead                           Min: 0, Avg:  0.0, Max: 0, Diff: 0, Sum: 0, Workers: 4
[7104.152s][debug][gc,phases      ] GC(289)     Total                          Min: 0, Avg:  0.0, Max: 0, Diff: 0, Sum: 0, Workers: 4
[7104.152s][debug][gc,phases      ] GC(289)   StringDedup Requests1 Weak     Min:  0.0, Avg:  0.0, Max:  0.0, Diff:  0.0, Sum:  0.0, Workers: 4
[7104.152s][debug][gc,phases      ] GC(289)     Dead                           Min: 0, Avg:  0.0, Max: 0, Diff: 0, Sum: 0, Workers: 4
[7104.152s][debug][gc,phases      ] GC(289)     Total                          Min: 0, Avg:  0.0, Max: 0, Diff: 0, Sum: 0, Workers: 4
[7104.152s][debug][gc,phases      ] GC(289)   Weak JFR Old Object Samples    Min:  0.0, Avg:  0.0, Max:  0.0, Diff:  0.0, Sum:  0.0, Workers: 4
[7104.152s][debug][gc,phases      ] GC(289)     Dead                           Min: 0, Avg:  0.0, Max: 0, Diff: 0, Sum: 0, Workers: 4
[7104.152s][debug][gc,phases      ] GC(289)     Total                          Min: 0, Avg:  0.0, Max: 0, Diff: 0, Sum: 0, Workers: 4
[7104.152s][debug][gc,phases      ] GC(289) Weak Processing 0.604ms
[7104.153s][debug][gc,phases      ] GC(289) ClassLoaderData 0.343ms
[7104.153s][debug][gc,phases      ] GC(289) Trigger cleanups 0.008ms
[7104.226s][debug][gc,phases      ] GC(289) Purge Unlinked NMethods 3.169ms
[7104.226s][debug][gc,phases      ] GC(289) Unregister NMethods 0.001ms
[7104.226s][debug][gc,phases      ] GC(289) Free Code Blobs 0.604ms
[7104.241s][debug][gc,phases      ] GC(289) Class Unloading 88.752ms
[7104.241s][debug][gc,phases      ] GC(289) Report Object Count 0.002ms
[7104.241s][info ][gc,phases      ] GC(289) Marking Phase 222.640ms
[7104.241s][info ][gc,phases,start] GC(289) Summary Phase
[7104.241s][info ][gc,phases      ] GC(289) Summary Phase 0.029ms
[7104.241s][info ][gc,phases,start] GC(289) Adjust Roots
[7104.267s][info ][gc,phases      ] GC(289) Adjust Roots 25.822ms
[7104.267s][info ][gc,phases,start] GC(289) Compaction Phase
[7104.470s][info ][gc,phases      ] GC(289) Compaction Phase 203.368ms
[7104.470s][info ][gc,phases,start] GC(289) Post Compact
[7104.475s][debug][gc,phases      ] GC(289) Purge Class Loader Data 1.154ms
[7104.475s][info ][gc,phases      ] GC(289) Post Compact 4.391ms
[7104.475s][info ][gc,heap        ] GC(289) PSYoungGen: 5168K(2088448K)->0K(2088448K) Eden: 0K(2079744K)->0K(2079744K) From: 5168K(8704K)->0K(8704K)
[7104.475s][info ][gc,heap        ] GC(289) ParOldGen: 683733K(684032K)->341751K(684032K)
[7104.475s][info ][gc,metaspace   ] GC(289) Metaspace: 113138K(114496K)->112867K(114496K) NonClass: 96387K(97152K)->96188K(97152K) Class: 16751K(17344K)->16678K(17344K)
[7104.475s][info ][gc             ] GC(289) Pause Full (CodeCache GC Threshold) 672M->333M(2707M) 456.424ms
[7104.475s][info ][gc,cpu         ] GC(289) User=1.25s Sys=0.02s Real=0.46s
[7104.476s][info ][safepoint      ] Safepoint "ParallelGCSystemGC", Time since last: 265696133 ns, Reaching safepoint: 7300 ns, Cleanup: 5000 ns, At safepoint: 464498738 ns, Total: 464511038 ns
[7105.476s][info ][safepoint      ] Safepoint "Cleanup", Time since last: 1000123570 ns, Reaching safepoint: 10300 ns, Cleanup: 98204 ns, At safepoint: 3700 ns, Total: 112204 ns
[7106.476s][info ][safepoint      ] Safepoint "Cleanup", Time since last: 1000161771 ns, Reaching safepoint: 79403 ns, Cleanup: 32201 ns, At safepoint: 9500 ns, Total: 121104 ns
[7107.476s][info ][safepoint      ] Safepoint "Cleanup", Time since last: 1000095468 ns, Reaching safepoint: 7001 ns, Cleanup: 40001 ns, At safepoint: 2600 ns, Total: 49602 ns
[7108.477s][info ][safepoint      ] Safepoint "Cleanup", Time since last: 1000100378 ns, Reaching safepoint: 7800 ns, Cleanup: 26001 ns, At safepoint: 2500 ns, Total: 36301 ns
[7109.477s][info ][safepoint      ] Safepoint "Cleanup", Time since last: 1000117861 ns, Reaching safepoint: 9601 ns, Cleanup: 19700 ns, At safepoint: 2501 ns, Total: 31802 ns
[7110.477s][info ][safepoint      ] Safepoint "Cleanup", Time since last: 1000116361 ns, Reaching safepoint: 8100 ns, Cleanup: 11101 ns, At safepoint: 2900 ns, Total: 22101 ns
[7112.477s][info ][safepoint      ] Safepoint "Cleanup", Time since last: 2000200098 ns, Reaching safepoint: 9701 ns, Cleanup: 23300 ns, At safepoint: 3201 ns, Total: 36202 ns
[7120.478s][info ][safepoint      ] Safepoint "Cleanup", Time since last: 8000623680 ns, Reaching safepoint: 9000 ns, Cleanup: 11600 ns, At safepoint: 2800 ns, Total: 23400 ns
[7123.478s][info ][safepoint      ] Safepoint "Cleanup", Time since last: 3000452510 ns, Reaching safepoint: 12501 ns, Cleanup: 15100 ns, At safepoint: 3000 ns, Total: 30601 ns
[7139.479s][info ][safepoint      ] Safepoint "Cleanup", Time since last: 16001276676 ns, Reaching safepoint: 8300 ns, Cleanup: 12000 ns, At safepoint: 3200 ns, Total: 23500 ns
[7143.241s][info ][gc,start       ] GC(290) Pause Young (Allocation Failure)
[7143.268s][debug][gc,phases      ] GC(290) Scavenge 27.171ms
[7143.268s][debug][gc,ref         ] GC(290) ReferenceProcessor::execute queues: 1, RefProcThreadModel::Single, marks_oops_alive: false
[7143.268s][debug][gc,ref         ] GC(290) Skipped KeepAliveFinalRefsPhase of Reference Processing: no references
[7143.268s][debug][gc,ref         ] GC(290) ReferenceProcessor::execute queues: 1, RefProcThreadModel::Single, marks_oops_alive: false
[7143.268s][debug][gc,phases      ] GC(290) Reference Processing 0.127ms
[7143.269s][debug][gc,phases      ] GC(290)   VM Weak                        Min:  0.0, Avg:  0.0, Max:  0.0, Diff:  0.0, Sum:  0.0, Workers: 4
[7143.269s][debug][gc,phases      ] GC(290)     Dead                           Min: 0, Avg:  0.0, Max: 0, Diff: 0, Sum: 0, Workers: 4
[7143.269s][debug][gc,phases      ] GC(290)     Total                          Min: 0, Avg: 225.5, Max: 902, Diff: 902, Sum: 902, Workers: 4
[7143.269s][debug][gc,phases      ] GC(290)   ObjectSynchronizer Weak        Min:  0.0, Avg:  0.0, Max:  0.0, Diff:  0.0, Sum:  0.0, Workers: 4
[7143.269s][debug][gc,phases      ] GC(290)     Dead                           Min: 0, Avg:  0.0, Max: 0, Diff: 0, Sum: 0, Workers: 4
[7143.269s][debug][gc,phases      ] GC(290)     Total                          Min: 0, Avg:  0.8, Max: 3, Diff: 3, Sum: 3, Workers: 4
[7143.269s][debug][gc,phases      ] GC(290)   JVMTI Tag Weak OopStorage      Min:  0.0, Avg:  0.0, Max:  0.0, Diff:  0.0, Sum:  0.0, Workers: 4
[7143.269s][debug][gc,phases      ] GC(290)     Dead                           Min: 0, Avg:  0.0, Max: 0, Diff: 0, Sum: 0, Workers: 4
[7143.269s][debug][gc,phases      ] GC(290)     Total                          Min: 0, Avg:  0.0, Max: 0, Diff: 0, Sum: 0, Workers: 4
[7143.269s][debug][gc,phases      ] GC(290)   StringTable Weak               Min:  0.0, Avg:  0.1, Max:  0.3, Diff:  0.3, Sum:  0.4, Workers: 4
[7143.269s][debug][gc,phases      ] GC(290)     Dead                           Min: 0, Avg:  0.5, Max: 2, Diff: 2, Sum: 2, Workers: 4
[7143.269s][debug][gc,phases      ] GC(290)     Total                          Min: 0, Avg: 12082.0, Max: 30792, Diff: 30792, Sum: 48328, Workers: 4
[7143.269s][debug][gc,phases      ] GC(290)   ResolvedMethodTable Weak       Min:  0.0, Avg:  0.0, Max:  0.1, Diff:  0.1, Sum:  0.2, Workers: 4
[7143.269s][debug][gc,phases      ] GC(290)     Dead                           Min: 0, Avg:  6.2, Max: 25, Diff: 25, Sum: 25, Workers: 4
[7143.269s][debug][gc,phases      ] GC(290)     Total                          Min: 0, Avg: 4016.0, Max: 8505, Diff: 8505, Sum: 16064, Workers: 4
[7143.269s][debug][gc,phases      ] GC(290)   JNI Weak                       Min:  0.0, Avg:  0.0, Max:  0.0, Diff:  0.0, Sum:  0.0, Workers: 4
[7143.269s][debug][gc,phases      ] GC(290)     Dead                           Min: 0, Avg:  0.0, Max: 0, Diff: 0, Sum: 0, Workers: 4
[7143.269s][debug][gc,phases      ] GC(290)     Total                          Min: 0, Avg: 13.0, Max: 48, Diff: 48, Sum: 52, Workers: 4
[7143.269s][debug][gc,phases      ] GC(290)   StringDedup Table Weak         Min:  0.0, Avg:  0.0, Max:  0.0, Diff:  0.0, Sum:  0.0, Workers: 4
[7143.269s][debug][gc,phases      ] GC(290)     Dead                           Min: 0, Avg:  0.0, Max: 0, Diff: 0, Sum: 0, Workers: 4
[7143.269s][debug][gc,phases      ] GC(290)     Total                          Min: 0, Avg:  0.0, Max: 0, Diff: 0, Sum: 0, Workers: 4
[7143.269s][debug][gc,phases      ] GC(290)   StringDedup Requests0 Weak     Min:  0.0, Avg:  0.0, Max:  0.0, Diff:  0.0, Sum:  0.0, Workers: 4
[7143.269s][debug][gc,phases      ] GC(290)     Dead                           Min: 0, Avg:  0.0, Max: 0, Diff: 0, Sum: 0, Workers: 4
[7143.269s][debug][gc,phases      ] GC(290)     Total                          Min: 0, Avg:  0.0, Max: 0, Diff: 0, Sum: 0, Workers: 4
[7143.269s][debug][gc,phases      ] GC(290)   StringDedup Requests1 Weak     Min:  0.0, Avg:  0.0, Max:  0.0, Diff:  0.0, Sum:  0.0, Workers: 4
[7143.269s][debug][gc,phases      ] GC(290)     Dead                           Min: 0, Avg:  0.0, Max: 0, Diff: 0, Sum: 0, Workers: 4
[7143.269s][debug][gc,phases      ] GC(290)     Total                          Min: 0, Avg:  0.0, Max: 0, Diff: 0, Sum: 0, Workers: 4
[7143.269s][debug][gc,phases      ] GC(290)   Weak JFR Old Object Samples    Min:  0.0, Avg:  0.0, Max:  0.0, Diff:  0.0, Sum:  0.0, Workers: 4
[7143.269s][debug][gc,phases      ] GC(290)     Dead                           Min: 0, Avg:  0.0, Max: 0, Diff: 0, Sum: 0, Workers: 4
[7143.269s][debug][gc,phases      ] GC(290)     Total                          Min: 0, Avg:  0.0, Max: 0, Diff: 0, Sum: 0, Workers: 4
[7143.269s][debug][gc,phases      ] GC(290) Weak Processing 0.587ms
[7143.269s][debug][gc,age         ] GC(290) Desired survivor size 29360128 bytes, new threshold 1 (max threshold 15)
[7143.269s][info ][gc,heap        ] GC(290) PSYoungGen: 2079744K(2088448K)->8672K(2048512K) Eden: 2079744K(2079744K)->0K(2039808K) From: 0K(8704K)->8672K(8704K)
[7143.269s][info ][gc,heap        ] GC(290) ParOldGen: 341751K(684032K)->394252K(684032K)
[7143.269s][info ][gc,metaspace   ] GC(290) Metaspace: 112878K(114496K)->112878K(114496K) NonClass: 96199K(97152K)->96199K(97152K) Class: 16679K(17344K)->16679K(17344K)
[7143.269s][info ][gc             ] GC(290) Pause Young (Allocation Failure) 2364M->393M(2668M) 28.038ms
[7143.269s][info ][gc,cpu         ] GC(290) User=0.09s Sys=0.01s Real=0.03s
[7143.269s][info ][safepoint      ] Safepoint "ParallelGCFailedAllocation", Time since last: 3761327062 ns, Reaching safepoint: 82603 ns, Cleanup: 5100 ns, At safepoint: 28131354 ns, Total: 28219057 ns
[7167.271s][info ][safepoint      ] Safepoint "Cleanup", Time since last: 24001941169 ns, Reaching safepoint: 10101 ns, Cleanup: 17300 ns, At safepoint: 3400 ns, Total: 30801 ns
[7177.272s][info ][safepoint      ] Safepoint "Cleanup", Time since last: 10000840812 ns, Reaching safepoint: 10601 ns, Cleanup: 14100 ns, At safepoint: 33201 ns, Total: 57902 ns
[7187.273s][info ][safepoint      ] Safepoint "Cleanup", Time since last: 10000872748 ns, Reaching safepoint: 12400 ns, Cleanup: 14401 ns, At safepoint: 41501 ns, Total: 68302 ns
[7193.273s][info ][safepoint      ] Safepoint "Cleanup", Time since last: 6000511031 ns, Reaching safepoint: 11300 ns, Cleanup: 14000 ns, At safepoint: 3501 ns, Total: 28801 ns
[7223.276s][info ][safepoint      ] Safepoint "Cleanup", Time since last: 30002426117 ns, Reaching safepoint: 8401 ns, Cleanup: 16100 ns, At safepoint: 2400 ns, Total: 26901 ns
[7227.276s][info ][safepoint      ] Safepoint "Cleanup", Time since last: 4000372141 ns, Reaching safepoint: 9501 ns, Cleanup: 12000 ns, At safepoint: 2800 ns, Total: 24301 ns
[7229.277s][info ][safepoint      ] Safepoint "Cleanup", Time since last: 2000210829 ns, Reaching safepoint: 89903 ns, Cleanup: 114904 ns, At safepoint: 13900 ns, Total: 218707 ns
[7229.327s][info ][safepoint      ] Safepoint "ParallelGCFailedAllocation", Time since last: 50269310 ns, Reaching safepoint: 8900 ns, Cleanup: 9501 ns, At safepoint: 13000 ns, Total: 31401 ns
[7229.327s][info ][gc,start       ] GC(291) Pause Young (GCLocker Initiated GC)
[7229.351s][debug][gc,phases      ] GC(291) Scavenge 23.556ms
[7229.351s][debug][gc,ref         ] GC(291) ReferenceProcessor::execute queues: 1, RefProcThreadModel::Single, marks_oops_alive: false
[7229.351s][debug][gc,ref         ] GC(291) Skipped KeepAliveFinalRefsPhase of Reference Processing: no references
[7229.351s][debug][gc,ref         ] GC(291) ReferenceProcessor::execute queues: 1, RefProcThreadModel::Single, marks_oops_alive: false
[7229.351s][debug][gc,phases      ] GC(291) Reference Processing 0.128ms
[7229.351s][debug][gc,phases      ] GC(291)   VM Weak                        Min:  0.0, Avg:  0.0, Max:  0.0, Diff:  0.0, Sum:  0.0, Workers: 4
[7229.351s][debug][gc,phases      ] GC(291)     Dead                           Min: 0, Avg:  0.0, Max: 0, Diff: 0, Sum: 0, Workers: 4
[7229.351s][debug][gc,phases      ] GC(291)     Total                          Min: 0, Avg: 225.5, Max: 348, Diff: 348, Sum: 902, Workers: 4
[7229.351s][debug][gc,phases      ] GC(291)   ObjectSynchronizer Weak        Min:  0.0, Avg:  0.0, Max:  0.0, Diff:  0.0, Sum:  0.0, Workers: 4
[7229.351s][debug][gc,phases      ] GC(291)     Dead                           Min: 0, Avg:  0.0, Max: 0, Diff: 0, Sum: 0, Workers: 4
[7229.351s][debug][gc,phases      ] GC(291)     Total                          Min: 0, Avg:  1.2, Max: 5, Diff: 5, Sum: 5, Workers: 4
[7229.351s][debug][gc,phases      ] GC(291)   JVMTI Tag Weak OopStorage      Min:  0.0, Avg:  0.0, Max:  0.0, Diff:  0.0, Sum:  0.0, Workers: 4
[7229.351s][debug][gc,phases      ] GC(291)     Dead                           Min: 0, Avg:  0.0, Max: 0, Diff: 0, Sum: 0, Workers: 4
[7229.351s][debug][gc,phases      ] GC(291)     Total                          Min: 0, Avg:  0.0, Max: 0, Diff: 0, Sum: 0, Workers: 4
[7229.351s][debug][gc,phases      ] GC(291)   StringTable Weak               Min:  0.0, Avg:  0.1, Max:  0.2, Diff:  0.2, Sum:  0.5, Workers: 4
[7229.351s][debug][gc,phases      ] GC(291)     Dead                           Min: 0, Avg:  0.2, Max: 1, Diff: 1, Sum: 1, Workers: 4
[7229.351s][debug][gc,phases      ] GC(291)     Total                          Min: 0, Avg: 12083.8, Max: 16638, Diff: 16638, Sum: 48335, Workers: 4
[7229.351s][debug][gc,phases      ] GC(291)   ResolvedMethodTable Weak       Min:  0.0, Avg:  0.0, Max:  0.1, Diff:  0.1, Sum:  0.2, Workers: 4
[7229.351s][debug][gc,phases      ] GC(291)     Dead                           Min: 0, Avg:  4.8, Max: 18, Diff: 18, Sum: 19, Workers: 4
[7229.351s][debug][gc,phases      ] GC(291)     Total                          Min: 0, Avg: 4018.2, Max: 5899, Diff: 5899, Sum: 16073, Workers: 4
[7229.351s][debug][gc,phases      ] GC(291)   JNI Weak                       Min:  0.0, Avg:  0.0, Max:  0.0, Diff:  0.0, Sum:  0.0, Workers: 4
[7229.351s][debug][gc,phases      ] GC(291)     Dead                           Min: 0, Avg:  0.0, Max: 0, Diff: 0, Sum: 0, Workers: 4
[7229.351s][debug][gc,phases      ] GC(291)     Total                          Min: 0, Avg: 13.0, Max: 48, Diff: 48, Sum: 52, Workers: 4
[7229.351s][debug][gc,phases      ] GC(291)   StringDedup Table Weak         Min:  0.0, Avg:  0.0, Max:  0.0, Diff:  0.0, Sum:  0.0, Workers: 4
[7229.351s][debug][gc,phases      ] GC(291)     Dead                           Min: 0, Avg:  0.0, Max: 0, Diff: 0, Sum: 0, Workers: 4
[7229.351s][debug][gc,phases      ] GC(291)     Total                          Min: 0, Avg:  0.0, Max: 0, Diff: 0, Sum: 0, Workers: 4
[7229.351s][debug][gc,phases      ] GC(291)   StringDedup Requests0 Weak     Min:  0.0, Avg:  0.0, Max:  0.0, Diff:  0.0, Sum:  0.0, Workers: 4
[7229.351s][debug][gc,phases      ] GC(291)     Dead                           Min: 0, Avg:  0.0, Max: 0, Diff: 0, Sum: 0, Workers: 4
[7229.351s][debug][gc,phases      ] GC(291)     Total                          Min: 0, Avg:  0.0, Max: 0, Diff: 0, Sum: 0, Workers: 4
[7229.351s][debug][gc,phases      ] GC(291)   StringDedup Requests1 Weak     Min:  0.0, Avg:  0.0, Max:  0.0, Diff:  0.0, Sum:  0.0, Workers: 4
[7229.351s][debug][gc,phases      ] GC(291)     Dead                           Min: 0, Avg:  0.0, Max: 0, Diff: 0, Sum: 0, Workers: 4
[7229.351s][debug][gc,phases      ] GC(291)     Total                          Min: 0, Avg:  0.0, Max: 0, Diff: 0, Sum: 0, Workers: 4
[7229.351s][debug][gc,phases      ] GC(291)   Weak JFR Old Object Samples    Min:  0.0, Avg:  0.0, Max:  0.0, Diff:  0.0, Sum:  0.0, Workers: 4
[7229.351s][debug][gc,phases      ] GC(291)     Dead                           Min: 0, Avg:  0.0, Max: 0, Diff: 0, Sum: 0, Workers: 4
[7229.351s][debug][gc,phases      ] GC(291)     Total                          Min: 0, Avg:  0.0, Max: 0, Diff: 0, Sum: 0, Workers: 4
[7229.351s][debug][gc,phases      ] GC(291) Weak Processing 0.446ms
[7229.351s][debug][gc,age         ] GC(291) Desired survivor size 41943040 bytes, new threshold 1 (max threshold 15)
[7229.351s][info ][gc,heap        ] GC(291) PSYoungGen: 2048480K(2048512K)->28640K(2068480K) Eden: 2039808K(2039808K)->0K(2039808K) From: 8672K(8704K)->28640K(28672K)
[7229.351s][info ][gc,heap        ] GC(291) ParOldGen: 394892K(684032K)->415334K(684032K)
[7229.351s][info ][gc,metaspace   ] GC(291) Metaspace: 112910K(114496K)->112910K(114496K) NonClass: 96228K(97152K)->96228K(97152K) Class: 16682K(17344K)->16682K(17344K)
[7229.351s][info ][gc             ] GC(291) Pause Young (GCLocker Initiated GC) 2386M->433M(2688M) 24.260ms
[7229.351s][info ][gc,cpu         ] GC(291) User=0.07s Sys=0.01s Real=0.02s
[7229.352s][info ][safepoint      ] Safepoint "ParallelGCSystemGC", Time since last: 203807 ns, Reaching safepoint: 2000 ns, Cleanup: 700 ns, At safepoint: 24355228 ns, Total: 24357928 ns
[7230.352s][info ][safepoint      ] Safepoint "Cleanup", Time since last: 1000102715 ns, Reaching safepoint: 86303 ns, Cleanup: 39701 ns, At safepoint: 11000 ns, Total: 137004 ns
[7231.352s][info ][safepoint      ] Safepoint "Cleanup", Time since last: 1000112415 ns, Reaching safepoint: 87503 ns, Cleanup: 18500 ns, At safepoint: 9801 ns, Total: 115804 ns
[7232.352s][info ][safepoint      ] Safepoint "Cleanup", Time since last: 1000148547 ns, Reaching safepoint: 88503 ns, Cleanup: 13501 ns, At safepoint: 8900 ns, Total: 110904 ns
[7235.353s][info ][safepoint      ] Safepoint "Cleanup", Time since last: 3000326859 ns, Reaching safepoint: 86803 ns, Cleanup: 12700 ns, At safepoint: 7401 ns, Total: 106904 ns
[7237.353s][info ][safepoint      ] Safepoint "Cleanup", Time since last: 2000248640 ns, Reaching safepoint: 91803 ns, Cleanup: 15500 ns, At safepoint: 13901 ns, Total: 121204 ns
[7240.354s][info ][safepoint      ] Safepoint "Cleanup", Time since last: 3000340466 ns, Reaching safepoint: 87803 ns, Cleanup: 12801 ns, At safepoint: 8200 ns, Total: 108804 ns
[7240.889s][info ][gc,start       ] GC(292) Pause Young (Allocation Failure)
[7240.914s][debug][gc,phases      ] GC(292) Scavenge 24.781ms
[7240.914s][debug][gc,ref         ] GC(292) ReferenceProcessor::execute queues: 1, RefProcThreadModel::Single, marks_oops_alive: false
[7240.914s][debug][gc,ref         ] GC(292) Skipped KeepAliveFinalRefsPhase of Reference Processing: no references
[7240.914s][debug][gc,ref         ] GC(292) ReferenceProcessor::execute queues: 1, RefProcThreadModel::Single, marks_oops_alive: false
[7240.914s][debug][gc,phases      ] GC(292) Reference Processing 0.149ms
[7240.915s][debug][gc,phases      ] GC(292)   VM Weak                        Min:  0.0, Avg:  0.0, Max:  0.0, Diff:  0.0, Sum:  0.0, Workers: 4
[7240.915s][debug][gc,phases      ] GC(292)     Dead                           Min: 0, Avg:  0.0, Max: 0, Diff: 0, Sum: 0, Workers: 4
[7240.915s][debug][gc,phases      ] GC(292)     Total                          Min: 0, Avg: 226.5, Max: 469, Diff: 469, Sum: 906, Workers: 4
[7240.915s][debug][gc,phases      ] GC(292)   ObjectSynchronizer Weak        Min:  0.0, Avg:  0.0, Max:  0.0, Diff:  0.0, Sum:  0.0, Workers: 4
[7240.915s][debug][gc,phases      ] GC(292)     Dead                           Min: 0, Avg:  0.0, Max: 0, Diff: 0, Sum: 0, Workers: 4
[7240.915s][debug][gc,phases      ] GC(292)     Total                          Min: 0, Avg:  1.2, Max: 5, Diff: 5, Sum: 5, Workers: 4
[7240.915s][debug][gc,phases      ] GC(292)   JVMTI Tag Weak OopStorage      Min:  0.0, Avg:  0.0, Max:  0.0, Diff:  0.0, Sum:  0.0, Workers: 4
[7240.915s][debug][gc,phases      ] GC(292)     Dead                           Min: 0, Avg:  0.0, Max: 0, Diff: 0, Sum: 0, Workers: 4
[7240.915s][debug][gc,phases      ] GC(292)     Total                          Min: 0, Avg:  0.0, Max: 0, Diff: 0, Sum: 0, Workers: 4
[7240.915s][debug][gc,phases      ] GC(292)   StringTable Weak               Min:  0.0, Avg:  0.1, Max:  0.2, Diff:  0.2, Sum:  0.4, Workers: 4
[7240.915s][debug][gc,phases      ] GC(292)     Dead                           Min: 0, Avg:  0.0, Max: 0, Diff: 0, Sum: 0, Workers: 4
[7240.915s][debug][gc,phases      ] GC(292)     Total                          Min: 0, Avg: 12084.0, Max: 24914, Diff: 24914, Sum: 48336, Workers: 4
[7240.915s][debug][gc,phases      ] GC(292)   ResolvedMethodTable Weak       Min:  0.0, Avg:  0.0, Max:  0.1, Diff:  0.1, Sum:  0.2, Workers: 4
[7240.915s][debug][gc,phases      ] GC(292)     Dead                           Min: 0, Avg:  0.0, Max: 0, Diff: 0, Sum: 0, Workers: 4
[7240.915s][debug][gc,phases      ] GC(292)     Total                          Min: 0, Avg: 4018.8, Max: 8089, Diff: 8089, Sum: 16075, Workers: 4
[7240.915s][debug][gc,phases      ] GC(292)   JNI Weak                       Min:  0.0, Avg:  0.0, Max:  0.0, Diff:  0.0, Sum:  0.0, Workers: 4
[7240.915s][debug][gc,phases      ] GC(292)     Dead                           Min: 0, Avg:  0.0, Max: 0, Diff: 0, Sum: 0, Workers: 4
[7240.915s][debug][gc,phases      ] GC(292)     Total                          Min: 0, Avg: 13.0, Max: 48, Diff: 48, Sum: 52, Workers: 4
[7240.915s][debug][gc,phases      ] GC(292)   StringDedup Table Weak         Min:  0.0, Avg:  0.0, Max:  0.0, Diff:  0.0, Sum:  0.0, Workers: 4
[7240.915s][debug][gc,phases      ] GC(292)     Dead                           Min: 0, Avg:  0.0, Max: 0, Diff: 0, Sum: 0, Workers: 4
[7240.915s][debug][gc,phases      ] GC(292)     Total                          Min: 0, Avg:  0.0, Max: 0, Diff: 0, Sum: 0, Workers: 4
[7240.915s][debug][gc,phases      ] GC(292)   StringDedup Requests0 Weak     Min:  0.0, Avg:  0.0, Max:  0.0, Diff:  0.0, Sum:  0.0, Workers: 4
[7240.915s][debug][gc,phases      ] GC(292)     Dead                           Min: 0, Avg:  0.0, Max: 0, Diff: 0, Sum: 0, Workers: 4
[7240.915s][debug][gc,phases      ] GC(292)     Total                          Min: 0, Avg:  0.0, Max: 0, Diff: 0, Sum: 0, Workers: 4
[7240.915s][debug][gc,phases      ] GC(292)   StringDedup Requests1 Weak     Min:  0.0, Avg:  0.0, Max:  0.0, Diff:  0.0, Sum:  0.0, Workers: 4
[7240.915s][debug][gc,phases      ] GC(292)     Dead                           Min: 0, Avg:  0.0, Max: 0, Diff: 0, Sum: 0, Workers: 4
[7240.915s][debug][gc,phases      ] GC(292)     Total                          Min: 0, Avg:  0.0, Max: 0, Diff: 0, Sum: 0, Workers: 4
[7240.915s][debug][gc,phases      ] GC(292)   Weak JFR Old Object Samples    Min:  0.0, Avg:  0.0, Max:  0.0, Diff:  0.0, Sum:  0.0, Workers: 4
[7240.915s][debug][gc,phases      ] GC(292)     Dead                           Min: 0, Avg:  0.0, Max: 0, Diff: 0, Sum: 0, Workers: 4
[7240.915s][debug][gc,phases      ] GC(292)     Total                          Min: 0, Avg:  0.0, Max: 0, Diff: 0, Sum: 0, Workers: 4
[7240.915s][debug][gc,phases      ] GC(292) Weak Processing 0.635ms
[7240.915s][debug][gc,age         ] GC(292) Desired survivor size 57671680 bytes, new threshold 1 (max threshold 15)
[7240.915s][info ][gc,heap        ] GC(292) PSYoungGen: 2068448K(2068480K)->28640K(2013184K) Eden: 2039808K(2039808K)->0K(1984512K) From: 28640K(28672K)->28640K(28672K)
[7240.915s][info ][gc,heap        ] GC(292) ParOldGen: 415336K(684032K)->450075K(684032K)
[7240.915s][info ][gc,metaspace   ] GC(292) Metaspace: 112930K(114496K)->112930K(114496K) NonClass: 96245K(97152K)->96245K(97152K) Class: 16684K(17344K)->16684K(17344K)
[7240.915s][info ][gc             ] GC(292) Pause Young (Allocation Failure) 2425M->467M(2634M) 25.744ms
[7240.915s][info ][gc,cpu         ] GC(292) User=0.09s Sys=0.00s Real=0.03s
[7240.915s][info ][safepoint      ] Safepoint "ParallelGCFailedAllocation", Time since last: 535646572 ns, Reaching safepoint: 7601 ns, Cleanup: 4600 ns, At safepoint: 25837776 ns, Total: 25849977 ns
[7241.915s][info ][safepoint      ] Safepoint "Cleanup", Time since last: 1000106930 ns, Reaching safepoint: 9000 ns, Cleanup: 10201 ns, At safepoint: 2800 ns, Total: 22001 ns
[7242.915s][info ][safepoint      ] Safepoint "Cleanup", Time since last: 1000136831 ns, Reaching safepoint: 91703 ns, Cleanup: 14500 ns, At safepoint: 11301 ns, Total: 117504 ns
[7244.916s][info ][safepoint      ] Safepoint "Cleanup", Time since last: 2000764278 ns, Reaching safepoint: 15200 ns, Cleanup: 26601 ns, At safepoint: 3300 ns, Total: 45101 ns
[7257.923s][info ][safepoint      ] Safepoint "Cleanup", Time since last: 13006727875 ns, Reaching safepoint: 8101 ns, Cleanup: 9400 ns, At safepoint: 2600 ns, Total: 20101 ns
[7260.997s][info ][gc,start       ] GC(293) Pause Young (Allocation Failure)
[7261.017s][debug][gc,phases      ] GC(293) Scavenge 19.634ms
[7261.017s][debug][gc,ref         ] GC(293) ReferenceProcessor::execute queues: 1, RefProcThreadModel::Single, marks_oops_alive: false
[7261.017s][debug][gc,ref         ] GC(293) Skipped KeepAliveFinalRefsPhase of Reference Processing: no references
[7261.017s][debug][gc,ref         ] GC(293) Skipped PhantomRefsPhase of Reference Processing: no references
[7261.017s][debug][gc,phases      ] GC(293) Reference Processing 0.125ms
[7261.017s][debug][gc,phases      ] GC(293)   VM Weak                        Min:  0.0, Avg:  0.0, Max:  0.0, Diff:  0.0, Sum:  0.0, Workers: 4
[7261.017s][debug][gc,phases      ] GC(293)     Dead                           Min: 0, Avg:  0.0, Max: 0, Diff: 0, Sum: 0, Workers: 4
[7261.017s][debug][gc,phases      ] GC(293)     Total                          Min: 0, Avg: 226.5, Max: 716, Diff: 716, Sum: 906, Workers: 4
[7261.017s][debug][gc,phases      ] GC(293)   ObjectSynchronizer Weak        Min:  0.0, Avg:  0.0, Max:  0.0, Diff:  0.0, Sum:  0.0, Workers: 4
[7261.017s][debug][gc,phases      ] GC(293)     Dead                           Min: 0, Avg:  0.0, Max: 0, Diff: 0, Sum: 0, Workers: 4
[7261.017s][debug][gc,phases      ] GC(293)     Total                          Min: 0, Avg:  1.2, Max: 5, Diff: 5, Sum: 5, Workers: 4
[7261.017s][debug][gc,phases      ] GC(293)   JVMTI Tag Weak OopStorage      Min:  0.0, Avg:  0.0, Max:  0.0, Diff:  0.0, Sum:  0.0, Workers: 4
[7261.017s][debug][gc,phases      ] GC(293)     Dead                           Min: 0, Avg:  0.0, Max: 0, Diff: 0, Sum: 0, Workers: 4
[7261.017s][debug][gc,phases      ] GC(293)     Total                          Min: 0, Avg:  0.0, Max: 0, Diff: 0, Sum: 0, Workers: 4
[7261.017s][debug][gc,phases      ] GC(293)   StringTable Weak               Min:  0.0, Avg:  0.1, Max:  0.1, Diff:  0.1, Sum:  0.4, Workers: 4
[7261.017s][debug][gc,phases      ] GC(293)     Dead                           Min: 0, Avg:  0.0, Max: 0, Diff: 0, Sum: 0, Workers: 4
[7261.017s][debug][gc,phases      ] GC(293)     Total                          Min: 0, Avg: 12084.2, Max: 17171, Diff: 17171, Sum: 48337, Workers: 4
[7261.017s][debug][gc,phases      ] GC(293)   ResolvedMethodTable Weak       Min:  0.0, Avg:  0.0, Max:  0.1, Diff:  0.1, Sum:  0.2, Workers: 4
[7261.017s][debug][gc,phases      ] GC(293)     Dead                           Min: 0, Avg:  6.0, Max: 15, Diff: 15, Sum: 24, Workers: 4
[7261.017s][debug][gc,phases      ] GC(293)     Total                          Min: 0, Avg: 4018.8, Max: 6053, Diff: 6053, Sum: 16075, Workers: 4
[7261.017s][debug][gc,phases      ] GC(293)   JNI Weak                       Min:  0.0, Avg:  0.0, Max:  0.0, Diff:  0.0, Sum:  0.0, Workers: 4
[7261.017s][debug][gc,phases      ] GC(293)     Dead                           Min: 0, Avg:  0.0, Max: 0, Diff: 0, Sum: 0, Workers: 4
[7261.017s][debug][gc,phases      ] GC(293)     Total                          Min: 0, Avg: 13.0, Max: 48, Diff: 48, Sum: 52, Workers: 4
[7261.017s][debug][gc,phases      ] GC(293)   StringDedup Table Weak         Min:  0.0, Avg:  0.0, Max:  0.0, Diff:  0.0, Sum:  0.0, Workers: 4
[7261.017s][debug][gc,phases      ] GC(293)     Dead                           Min: 0, Avg:  0.0, Max: 0, Diff: 0, Sum: 0, Workers: 4
[7261.017s][debug][gc,phases      ] GC(293)     Total                          Min: 0, Avg:  0.0, Max: 0, Diff: 0, Sum: 0, Workers: 4
[7261.017s][debug][gc,phases      ] GC(293)   StringDedup Requests0 Weak     Min:  0.0, Avg:  0.0, Max:  0.0, Diff:  0.0, Sum:  0.0, Workers: 4
[7261.017s][debug][gc,phases      ] GC(293)     Dead                           Min: 0, Avg:  0.0, Max: 0, Diff: 0, Sum: 0, Workers: 4
[7261.017s][debug][gc,phases      ] GC(293)     Total                          Min: 0, Avg:  0.0, Max: 0, Diff: 0, Sum: 0, Workers: 4
[7261.017s][debug][gc,phases      ] GC(293)   StringDedup Requests1 Weak     Min:  0.0, Avg:  0.0, Max:  0.0, Diff:  0.0, Sum:  0.0, Workers: 4
[7261.017s][debug][gc,phases      ] GC(293)     Dead                           Min: 0, Avg:  0.0, Max: 0, Diff: 0, Sum: 0, Workers: 4
[7261.017s][debug][gc,phases      ] GC(293)     Total                          Min: 0, Avg:  0.0, Max: 0, Diff: 0, Sum: 0, Workers: 4
[7261.017s][debug][gc,phases      ] GC(293)   Weak JFR Old Object Samples    Min:  0.0, Avg:  0.0, Max:  0.0, Diff:  0.0, Sum:  0.0, Workers: 4
[7261.017s][debug][gc,phases      ] GC(293)     Dead                           Min: 0, Avg:  0.0, Max: 0, Diff: 0, Sum: 0, Workers: 4
[7261.017s][debug][gc,phases      ] GC(293)     Total                          Min: 0, Avg:  0.0, Max: 0, Diff: 0, Sum: 0, Workers: 4
[7261.017s][debug][gc,phases      ] GC(293) Weak Processing 0.444ms
[7261.017s][debug][gc,age         ] GC(293) Desired survivor size 54525952 bytes, new threshold 1 (max threshold 15)
[7261.017s][info ][gc,heap        ] GC(293) PSYoungGen: 2013152K(2013184K)->16544K(2040832K) Eden: 1984512K(1984512K)->0K(1984512K) From: 28640K(28672K)->16544K(56320K)
[7261.017s][info ][gc,heap        ] GC(293) ParOldGen: 450075K(684032K)->476914K(684032K)
[7261.017s][info ][gc,metaspace   ] GC(293) Metaspace: 112930K(114496K)->112930K(114496K) NonClass: 96246K(97152K)->96246K(97152K) Class: 16684K(17344K)->16684K(17344K)
[7261.017s][info ][gc             ] GC(293) Pause Young (Allocation Failure) 2405M->481M(2661M) 20.373ms
[7261.018s][info ][gc,cpu         ] GC(293) User=0.06s Sys=0.00s Real=0.02s
[7261.018s][info ][safepoint      ] Safepoint "ParallelGCFailedAllocation", Time since last: 3074108509 ns, Reaching safepoint: 8901 ns, Cleanup: 5500 ns, At safepoint: 20465882 ns, Total: 20480283 ns
[7270.830s][info ][safepoint      ] Safepoint "Cleanup", Time since last: 9811966767 ns, Reaching safepoint: 8400 ns, Cleanup: 14201 ns, At safepoint: 3100 ns, Total: 25701 ns
[7271.830s][info ][safepoint      ] Safepoint "Cleanup", Time since last: 1000107624 ns, Reaching safepoint: 7900 ns, Cleanup: 20601 ns, At safepoint: 3200 ns, Total: 31701 ns
[7275.830s][info ][safepoint      ] Safepoint "Cleanup", Time since last: 4000347786 ns, Reaching safepoint: 10401 ns, Cleanup: 14300 ns, At safepoint: 2900 ns, Total: 27601 ns
[7278.830s][info ][safepoint      ] Safepoint "Cleanup", Time since last: 3000314617 ns, Reaching safepoint: 11500 ns, Cleanup: 13701 ns, At safepoint: 3200 ns, Total: 28401 ns
[7279.591s][info ][gc,start       ] GC(294) Pause Young (Allocation Failure)
[7279.603s][debug][gc,phases      ] GC(294) Scavenge 12.524ms
[7279.603s][debug][gc,ref         ] GC(294) ReferenceProcessor::execute queues: 1, RefProcThreadModel::Single, marks_oops_alive: false
[7279.603s][debug][gc,ref         ] GC(294) Skipped KeepAliveFinalRefsPhase of Reference Processing: no references
[7279.603s][debug][gc,ref         ] GC(294) Skipped PhantomRefsPhase of Reference Processing: no references
[7279.603s][debug][gc,phases      ] GC(294) Reference Processing 0.128ms
[7279.604s][debug][gc,phases      ] GC(294)   VM Weak                        Min:  0.0, Avg:  0.0, Max:  0.0, Diff:  0.0, Sum:  0.0, Workers: 4
[7279.604s][debug][gc,phases      ] GC(294)     Dead                           Min: 0, Avg:  0.0, Max: 0, Diff: 0, Sum: 0, Workers: 4
[7279.604s][debug][gc,phases      ] GC(294)     Total                          Min: 0, Avg: 226.5, Max: 625, Diff: 625, Sum: 906, Workers: 4
[7279.604s][debug][gc,phases      ] GC(294)   ObjectSynchronizer Weak        Min:  0.0, Avg:  0.0, Max:  0.0, Diff:  0.0, Sum:  0.0, Workers: 4
[7279.604s][debug][gc,phases      ] GC(294)     Dead                           Min: 0, Avg:  0.0, Max: 0, Diff: 0, Sum: 0, Workers: 4
[7279.604s][debug][gc,phases      ] GC(294)     Total                          Min: 0, Avg:  1.0, Max: 4, Diff: 4, Sum: 4, Workers: 4
[7279.604s][debug][gc,phases      ] GC(294)   JVMTI Tag Weak OopStorage      Min:  0.0, Avg:  0.0, Max:  0.0, Diff:  0.0, Sum:  0.0, Workers: 4
[7279.604s][debug][gc,phases      ] GC(294)     Dead                           Min: 0, Avg:  0.0, Max: 0, Diff: 0, Sum: 0, Workers: 4
[7279.604s][debug][gc,phases      ] GC(294)     Total                          Min: 0, Avg:  0.0, Max: 0, Diff: 0, Sum: 0, Workers: 4
[7279.604s][debug][gc,phases      ] GC(294)   StringTable Weak               Min:  0.0, Avg:  0.1, Max:  0.2, Diff:  0.2, Sum:  0.4, Workers: 4
[7279.604s][debug][gc,phases      ] GC(294)     Dead                           Min: 0, Avg:  0.0, Max: 0, Diff: 0, Sum: 0, Workers: 4
[7279.604s][debug][gc,phases      ] GC(294)     Total                          Min: 0, Avg: 12084.2, Max: 25342, Diff: 25342, Sum: 48337, Workers: 4
[7279.604s][debug][gc,phases      ] GC(294)   ResolvedMethodTable Weak       Min:  0.0, Avg:  0.1, Max:  0.1, Diff:  0.1, Sum:  0.2, Workers: 4
[7279.604s][debug][gc,phases      ] GC(294)     Dead                           Min: 0, Avg:  4.0, Max: 12, Diff: 12, Sum: 16, Workers: 4
[7279.604s][debug][gc,phases      ] GC(294)     Total                          Min: 0, Avg: 4018.8, Max: 7172, Diff: 7172, Sum: 16075, Workers: 4
[7279.604s][debug][gc,phases      ] GC(294)   JNI Weak                       Min:  0.0, Avg:  0.0, Max:  0.0, Diff:  0.0, Sum:  0.0, Workers: 4
[7279.604s][debug][gc,phases      ] GC(294)     Dead                           Min: 0, Avg:  0.0, Max: 0, Diff: 0, Sum: 0, Workers: 4
[7279.604s][debug][gc,phases      ] GC(294)     Total                          Min: 0, Avg: 13.0, Max: 48, Diff: 48, Sum: 52, Workers: 4
[7279.604s][debug][gc,phases      ] GC(294)   StringDedup Table Weak         Min:  0.0, Avg:  0.0, Max:  0.0, Diff:  0.0, Sum:  0.0, Workers: 4
[7279.604s][debug][gc,phases      ] GC(294)     Dead                           Min: 0, Avg:  0.0, Max: 0, Diff: 0, Sum: 0, Workers: 4
[7279.604s][debug][gc,phases      ] GC(294)     Total                          Min: 0, Avg:  0.0, Max: 0, Diff: 0, Sum: 0, Workers: 4
[7279.604s][debug][gc,phases      ] GC(294)   StringDedup Requests0 Weak     Min:  0.0, Avg:  0.0, Max:  0.0, Diff:  0.0, Sum:  0.0, Workers: 4
[7279.604s][debug][gc,phases      ] GC(294)     Dead                           Min: 0, Avg:  0.0, Max: 0, Diff: 0, Sum: 0, Workers: 4
[7279.604s][debug][gc,phases      ] GC(294)     Total                          Min: 0, Avg:  0.0, Max: 0, Diff: 0, Sum: 0, Workers: 4
[7279.604s][debug][gc,phases      ] GC(294)   StringDedup Requests1 Weak     Min:  0.0, Avg:  0.0, Max:  0.0, Diff:  0.0, Sum:  0.0, Workers: 4
[7279.604s][debug][gc,phases      ] GC(294)     Dead                           Min: 0, Avg:  0.0, Max: 0, Diff: 0, Sum: 0, Workers: 4
[7279.604s][debug][gc,phases      ] GC(294)     Total                          Min: 0, Avg:  0.0, Max: 0, Diff: 0, Sum: 0, Workers: 4
[7279.604s][debug][gc,phases      ] GC(294)   Weak JFR Old Object Samples    Min:  0.0, Avg:  0.0, Max:  0.0, Diff:  0.0, Sum:  0.0, Workers: 4
[7279.604s][debug][gc,phases      ] GC(294)     Dead                           Min: 0, Avg:  0.0, Max: 0, Diff: 0, Sum: 0, Workers: 4
[7279.604s][debug][gc,phases      ] GC(294)     Total                          Min: 0, Avg:  0.0, Max: 0, Diff: 0, Sum: 0, Workers: 4
[7279.604s][debug][gc,phases      ] GC(294) Weak Processing 0.564ms
[7279.604s][debug][gc,age         ] GC(294) Desired survivor size 51904512 bytes, new threshold 1 (max threshold 15)
[7279.604s][info ][gc,heap        ] GC(294) PSYoungGen: 2001056K(2040832K)->16448K(2046464K) Eden: 1984512K(1984512K)->0K(1993216K) From: 16544K(56320K)->16448K(53248K)
[7279.604s][info ][gc,heap        ] GC(294) ParOldGen: 476914K(684032K)->489507K(684032K)
[7279.604s][info ][gc,metaspace   ] GC(294) Metaspace: 112931K(114496K)->112931K(114496K) NonClass: 96247K(97152K)->96247K(97152K) Class: 16684K(17344K)->16684K(17344K)
[7279.604s][info ][gc             ] GC(294) Pause Young (Allocation Failure) 2419M->494M(2666M) 13.390ms
[7279.604s][info ][gc,cpu         ] GC(294) User=0.04s Sys=0.00s Real=0.02s
[7279.604s][info ][safepoint      ] Safepoint "ParallelGCFailedAllocation", Time since last: 760118184 ns, Reaching safepoint: 81903 ns, Cleanup: 5200 ns, At safepoint: 13492543 ns, Total: 13579646 ns
[7283.604s][info ][safepoint      ] Safepoint "Cleanup", Time since last: 4000345124 ns, Reaching safepoint: 7700 ns, Cleanup: 12900 ns, At safepoint: 3201 ns, Total: 23801 ns
[7285.605s][info ][safepoint      ] Safepoint "Cleanup", Time since last: 2000194976 ns, Reaching safepoint: 7401 ns, Cleanup: 12200 ns, At safepoint: 29301 ns, Total: 48902 ns
[7288.605s][info ][safepoint      ] Safepoint "Cleanup", Time since last: 3000269932 ns, Reaching safepoint: 8701 ns, Cleanup: 13400 ns, At safepoint: 3100 ns, Total: 25201 ns
[7289.605s][info ][safepoint      ] Safepoint "Cleanup", Time since last: 1000113397 ns, Reaching safepoint: 6901 ns, Cleanup: 13500 ns, At safepoint: 2800 ns, Total: 23201 ns
[7293.606s][info ][safepoint      ] Safepoint "Cleanup", Time since last: 4000354886 ns, Reaching safepoint: 8600 ns, Cleanup: 22701 ns, At safepoint: 3100 ns, Total: 34401 ns
[7294.606s][info ][safepoint      ] Safepoint "Cleanup", Time since last: 1000126197 ns, Reaching safepoint: 8801 ns, Cleanup: 12900 ns, At safepoint: 3300 ns, Total: 25001 ns
[7300.609s][info ][gc,start       ] GC(295) Pause Young (Allocation Failure)
[7300.620s][debug][gc,phases      ] GC(295) Scavenge 11.234ms
[7300.620s][debug][gc,ref         ] GC(295) ReferenceProcessor::execute queues: 1, RefProcThreadModel::Single, marks_oops_alive: false
[7300.620s][debug][gc,ref         ] GC(295) Skipped KeepAliveFinalRefsPhase of Reference Processing: no references
[7300.620s][debug][gc,ref         ] GC(295) Skipped PhantomRefsPhase of Reference Processing: no references
[7300.620s][debug][gc,phases      ] GC(295) Reference Processing 0.136ms
[7300.621s][debug][gc,phases      ] GC(295)   VM Weak                        Min:  0.0, Avg:  0.0, Max:  0.0, Diff:  0.0, Sum:  0.0, Workers: 4
[7300.621s][debug][gc,phases      ] GC(295)     Dead                           Min: 0, Avg:  0.0, Max: 0, Diff: 0, Sum: 0, Workers: 4
[7300.621s][debug][gc,phases      ] GC(295)     Total                          Min: 0, Avg: 226.5, Max: 563, Diff: 563, Sum: 906, Workers: 4
[7300.621s][debug][gc,phases      ] GC(295)   ObjectSynchronizer Weak        Min:  0.0, Avg:  0.0, Max:  0.0, Diff:  0.0, Sum:  0.0, Workers: 4
[7300.621s][debug][gc,phases      ] GC(295)     Dead                           Min: 0, Avg:  0.0, Max: 0, Diff: 0, Sum: 0, Workers: 4
[7300.621s][debug][gc,phases      ] GC(295)     Total                          Min: 0, Avg:  1.2, Max: 5, Diff: 5, Sum: 5, Workers: 4
[7300.621s][debug][gc,phases      ] GC(295)   JVMTI Tag Weak OopStorage      Min:  0.0, Avg:  0.0, Max:  0.0, Diff:  0.0, Sum:  0.0, Workers: 4
[7300.621s][debug][gc,phases      ] GC(295)     Dead                           Min: 0, Avg:  0.0, Max: 0, Diff: 0, Sum: 0, Workers: 4
[7300.621s][debug][gc,phases      ] GC(295)     Total                          Min: 0, Avg:  0.0, Max: 0, Diff: 0, Sum: 0, Workers: 4
[7300.621s][debug][gc,phases      ] GC(295)   StringTable Weak               Min:  0.0, Avg:  0.1, Max:  0.2, Diff:  0.2, Sum:  0.5, Workers: 4
[7300.621s][debug][gc,phases      ] GC(295)     Dead                           Min: 0, Avg:  0.0, Max: 0, Diff: 0, Sum: 0, Workers: 4
[7300.621s][debug][gc,phases      ] GC(295)     Total                          Min: 0, Avg: 12084.2, Max: 17681, Diff: 17681, Sum: 48337, Workers: 4
[7300.621s][debug][gc,phases      ] GC(295)   ResolvedMethodTable Weak       Min:  0.0, Avg:  0.0, Max:  0.1, Diff:  0.1, Sum:  0.2, Workers: 4
[7300.621s][debug][gc,phases      ] GC(295)     Dead                           Min: 0, Avg:  4.0, Max: 16, Diff: 16, Sum: 16, Workers: 4
[7300.621s][debug][gc,phases      ] GC(295)     Total                          Min: 0, Avg: 4018.8, Max: 5917, Diff: 5917, Sum: 16075, Workers: 4
[7300.621s][debug][gc,phases      ] GC(295)   JNI Weak                       Min:  0.0, Avg:  0.0, Max:  0.0, Diff:  0.0, Sum:  0.0, Workers: 4
[7300.621s][debug][gc,phases      ] GC(295)     Dead                           Min: 0, Avg:  0.0, Max: 0, Diff: 0, Sum: 0, Workers: 4
[7300.621s][debug][gc,phases      ] GC(295)     Total                          Min: 0, Avg: 13.0, Max: 48, Diff: 48, Sum: 52, Workers: 4
[7300.621s][debug][gc,phases      ] GC(295)   StringDedup Table Weak         Min:  0.0, Avg:  0.0, Max:  0.0, Diff:  0.0, Sum:  0.0, Workers: 4
[7300.621s][debug][gc,phases      ] GC(295)     Dead                           Min: 0, Avg:  0.0, Max: 0, Diff: 0, Sum: 0, Workers: 4
[7300.621s][debug][gc,phases      ] GC(295)     Total                          Min: 0, Avg:  0.0, Max: 0, Diff: 0, Sum: 0, Workers: 4
[7300.621s][debug][gc,phases      ] GC(295)   StringDedup Requests0 Weak     Min:  0.0, Avg:  0.0, Max:  0.0, Diff:  0.0, Sum:  0.0, Workers: 4
[7300.621s][debug][gc,phases      ] GC(295)     Dead                           Min: 0, Avg:  0.0, Max: 0, Diff: 0, Sum: 0, Workers: 4
[7300.621s][debug][gc,phases      ] GC(295)     Total                          Min: 0, Avg:  0.0, Max: 0, Diff: 0, Sum: 0, Workers: 4
[7300.621s][debug][gc,phases      ] GC(295)   StringDedup Requests1 Weak     Min:  0.0, Avg:  0.0, Max:  0.0, Diff:  0.0, Sum:  0.0, Workers: 4
[7300.621s][debug][gc,phases      ] GC(295)     Dead                           Min: 0, Avg:  0.0, Max: 0, Diff: 0, Sum: 0, Workers: 4
[7300.621s][debug][gc,phases      ] GC(295)     Total                          Min: 0, Avg:  0.0, Max: 0, Diff: 0, Sum: 0, Workers: 4
[7300.621s][debug][gc,phases      ] GC(295)   Weak JFR Old Object Samples    Min:  0.0, Avg:  0.0, Max:  0.0, Diff:  0.0, Sum:  0.0, Workers: 4
[7300.621s][debug][gc,phases      ] GC(295)     Dead                           Min: 0, Avg:  0.0, Max: 0, Diff: 0, Sum: 0, Workers: 4
[7300.621s][debug][gc,phases      ] GC(295)     Total                          Min: 0, Avg:  0.0, Max: 0, Diff: 0, Sum: 0, Workers: 4
[7300.621s][debug][gc,phases      ] GC(295) Weak Processing 0.465ms
[7300.621s][debug][gc,age         ] GC(295) Desired survivor size 49807360 bytes, new threshold 1 (max threshold 15)
[7300.621s][info ][gc,heap        ] GC(295) PSYoungGen: 2009664K(2046464K)->12320K(2043904K) Eden: 1993216K(1993216K)->0K(1993216K) From: 16448K(53248K)->12320K(50688K)
[7300.621s][info ][gc,heap        ] GC(295) ParOldGen: 489507K(684032K)->502324K(684032K)
[7300.621s][info ][gc,metaspace   ] GC(295) Metaspace: 112937K(114496K)->112937K(114496K) NonClass: 96253K(97152K)->96253K(97152K) Class: 16684K(17344K)->16684K(17344K)
[7300.621s][info ][gc             ] GC(295) Pause Young (Allocation Failure) 2440M->502M(2664M) 12.014ms
[7300.621s][info ][gc,cpu         ] GC(295) User=0.04s Sys=0.00s Real=0.01s
[7300.621s][info ][safepoint      ] Safepoint "ParallelGCFailedAllocation", Time since last: 6003099254 ns, Reaching safepoint: 9900 ns, Cleanup: 5101 ns, At safepoint: 12135309 ns, Total: 12150310 ns
[7304.621s][info ][safepoint      ] Safepoint "Cleanup", Time since last: 4000373270 ns, Reaching safepoint: 10600 ns, Cleanup: 15100 ns, At safepoint: 2801 ns, Total: 28501 ns
[7315.622s][info ][safepoint      ] Safepoint "Cleanup", Time since last: 11000886970 ns, Reaching safepoint: 9700 ns, Cleanup: 17801 ns, At safepoint: 3600 ns, Total: 31101 ns
[7323.762s][info ][gc,start       ] GC(296) Pause Young (Allocation Failure)
[7323.769s][debug][gc,phases      ] GC(296) Scavenge 7.507ms
[7323.770s][debug][gc,ref         ] GC(296) ReferenceProcessor::execute queues: 1, RefProcThreadModel::Single, marks_oops_alive: false
[7323.770s][debug][gc,ref         ] GC(296) Skipped KeepAliveFinalRefsPhase of Reference Processing: no references
[7323.770s][debug][gc,ref         ] GC(296) Skipped PhantomRefsPhase of Reference Processing: no references
[7323.770s][debug][gc,phases      ] GC(296) Reference Processing 0.126ms
[7323.770s][debug][gc,phases      ] GC(296)   VM Weak                        Min:  0.0, Avg:  0.0, Max:  0.0, Diff:  0.0, Sum:  0.0, Workers: 4
[7323.770s][debug][gc,phases      ] GC(296)     Dead                           Min: 0, Avg:  0.0, Max: 0, Diff: 0, Sum: 0, Workers: 4
[7323.770s][debug][gc,phases      ] GC(296)     Total                          Min: 0, Avg: 226.5, Max: 689, Diff: 689, Sum: 906, Workers: 4
[7323.770s][debug][gc,phases      ] GC(296)   ObjectSynchronizer Weak        Min:  0.0, Avg:  0.0, Max:  0.0, Diff:  0.0, Sum:  0.0, Workers: 4
[7323.770s][debug][gc,phases      ] GC(296)     Dead                           Min: 0, Avg:  0.0, Max: 0, Diff: 0, Sum: 0, Workers: 4
[7323.770s][debug][gc,phases      ] GC(296)     Total                          Min: 0, Avg:  0.8, Max: 3, Diff: 3, Sum: 3, Workers: 4
[7323.770s][debug][gc,phases      ] GC(296)   JVMTI Tag Weak OopStorage      Min:  0.0, Avg:  0.0, Max:  0.0, Diff:  0.0, Sum:  0.0, Workers: 4
[7323.770s][debug][gc,phases      ] GC(296)     Dead                           Min: 0, Avg:  0.0, Max: 0, Diff: 0, Sum: 0, Workers: 4
[7323.770s][debug][gc,phases      ] GC(296)     Total                          Min: 0, Avg:  0.0, Max: 0, Diff: 0, Sum: 0, Workers: 4
[7323.770s][debug][gc,phases      ] GC(296)   StringTable Weak               Min:  0.0, Avg:  0.1, Max:  0.1, Diff:  0.1, Sum:  0.4, Workers: 4
[7323.770s][debug][gc,phases      ] GC(296)     Dead                           Min: 0, Avg:  0.0, Max: 0, Diff: 0, Sum: 0, Workers: 4
[7323.770s][debug][gc,phases      ] GC(296)     Total                          Min: 0, Avg: 12084.2, Max: 17088, Diff: 17088, Sum: 48337, Workers: 4
[7323.770s][debug][gc,phases      ] GC(296)   ResolvedMethodTable Weak       Min:  0.0, Avg:  0.0, Max:  0.1, Diff:  0.1, Sum:  0.1, Workers: 4
[7323.770s][debug][gc,phases      ] GC(296)     Dead                           Min: 0, Avg:  4.0, Max: 16, Diff: 16, Sum: 16, Workers: 4
[7323.770s][debug][gc,phases      ] GC(296)     Total                          Min: 0, Avg: 4018.8, Max: 5672, Diff: 5672, Sum: 16075, Workers: 4
[7323.770s][debug][gc,phases      ] GC(296)   JNI Weak                       Min:  0.0, Avg:  0.0, Max:  0.0, Diff:  0.0, Sum:  0.0, Workers: 4
[7323.770s][debug][gc,phases      ] GC(296)     Dead                           Min: 0, Avg:  0.0, Max: 0, Diff: 0, Sum: 0, Workers: 4
[7323.770s][debug][gc,phases      ] GC(296)     Total                          Min: 0, Avg: 13.0, Max: 48, Diff: 48, Sum: 52, Workers: 4
[7323.770s][debug][gc,phases      ] GC(296)   StringDedup Table Weak         Min:  0.0, Avg:  0.0, Max:  0.0, Diff:  0.0, Sum:  0.0, Workers: 4
[7323.770s][debug][gc,phases      ] GC(296)     Dead                           Min: 0, Avg:  0.0, Max: 0, Diff: 0, Sum: 0, Workers: 4
[7323.770s][debug][gc,phases      ] GC(296)     Total                          Min: 0, Avg:  0.0, Max: 0, Diff: 0, Sum: 0, Workers: 4
[7323.770s][debug][gc,phases      ] GC(296)   StringDedup Requests0 Weak     Min:  0.0, Avg:  0.0, Max:  0.0, Diff:  0.0, Sum:  0.0, Workers: 4
[7323.770s][debug][gc,phases      ] GC(296)     Dead                           Min: 0, Avg:  0.0, Max: 0, Diff: 0, Sum: 0, Workers: 4
[7323.770s][debug][gc,phases      ] GC(296)     Total                          Min: 0, Avg:  0.0, Max: 0, Diff: 0, Sum: 0, Workers: 4
[7323.770s][debug][gc,phases      ] GC(296)   StringDedup Requests1 Weak     Min:  0.0, Avg:  0.0, Max:  0.0, Diff:  0.0, Sum:  0.0, Workers: 4
[7323.770s][debug][gc,phases      ] GC(296)     Dead                           Min: 0, Avg:  0.0, Max: 0, Diff: 0, Sum: 0, Workers: 4
[7323.770s][debug][gc,phases      ] GC(296)     Total                          Min: 0, Avg:  0.0, Max: 0, Diff: 0, Sum: 0, Workers: 4
[7323.770s][debug][gc,phases      ] GC(296)   Weak JFR Old Object Samples    Min:  0.0, Avg:  0.0, Max:  0.0, Diff:  0.0, Sum:  0.0, Workers: 4
[7323.770s][debug][gc,phases      ] GC(296)     Dead                           Min: 0, Avg:  0.0, Max: 0, Diff: 0, Sum: 0, Workers: 4
[7323.770s][debug][gc,phases      ] GC(296)     Total                          Min: 0, Avg:  0.0, Max: 0, Diff: 0, Sum: 0, Workers: 4
[7323.770s][debug][gc,phases      ] GC(296) Weak Processing 0.441ms
[7323.770s][debug][gc,age         ] GC(296) Desired survivor size 48758784 bytes, new threshold 1 (max threshold 15)
[7323.770s][info ][gc,heap        ] GC(296) PSYoungGen: 2005536K(2043904K)->6128K(2049536K) Eden: 1993216K(1993216K)->0K(2000896K) From: 12320K(50688K)->6128K(48640K)
[7323.770s][info ][gc,heap        ] GC(296) ParOldGen: 502324K(684032K)->510297K(684032K)
[7323.770s][info ][gc,metaspace   ] GC(296) Metaspace: 112938K(114496K)->112938K(114496K) NonClass: 96254K(97152K)->96254K(97152K) Class: 16684K(17344K)->16684K(17344K)
[7323.770s][info ][gc             ] GC(296) Pause Young (Allocation Failure) 2449M->504M(2669M) 8.241ms
[7323.770s][info ][gc,cpu         ] GC(296) User=0.03s Sys=0.00s Real=0.01s
[7323.770s][info ][safepoint      ] Safepoint "ParallelGCFailedAllocation", Time since last: 8139608122 ns, Reaching safepoint: 8600 ns, Cleanup: 4700 ns, At safepoint: 8327472 ns, Total: 8340772 ns
[7332.771s][info ][safepoint      ] Safepoint "Cleanup", Time since last: 9000718571 ns, Reaching safepoint: 11101 ns, Cleanup: 15700 ns, At safepoint: 3300 ns, Total: 30101 ns
[7348.891s][info ][gc,start       ] GC(297) Pause Young (Allocation Failure)
[7348.896s][debug][gc,phases      ] GC(297) Scavenge 4.597ms
[7348.896s][debug][gc,ref         ] GC(297) ReferenceProcessor::execute queues: 1, RefProcThreadModel::Single, marks_oops_alive: false
[7348.896s][debug][gc,ref         ] GC(297) Skipped KeepAliveFinalRefsPhase of Reference Processing: no references
[7348.896s][debug][gc,ref         ] GC(297) Skipped PhantomRefsPhase of Reference Processing: no references
[7348.896s][debug][gc,phases      ] GC(297) Reference Processing 0.145ms
[7348.896s][debug][gc,phases      ] GC(297)   VM Weak                        Min:  0.0, Avg:  0.0, Max:  0.0, Diff:  0.0, Sum:  0.0, Workers: 4
[7348.896s][debug][gc,phases      ] GC(297)     Dead                           Min: 0, Avg:  0.0, Max: 0, Diff: 0, Sum: 0, Workers: 4
[7348.896s][debug][gc,phases      ] GC(297)     Total                          Min: 0, Avg: 226.5, Max: 373, Diff: 373, Sum: 906, Workers: 4
[7348.896s][debug][gc,phases      ] GC(297)   ObjectSynchronizer Weak        Min:  0.0, Avg:  0.0, Max:  0.0, Diff:  0.0, Sum:  0.0, Workers: 4
[7348.896s][debug][gc,phases      ] GC(297)     Dead                           Min: 0, Avg:  0.0, Max: 0, Diff: 0, Sum: 0, Workers: 4
[7348.896s][debug][gc,phases      ] GC(297)     Total                          Min: 0, Avg:  1.0, Max: 4, Diff: 4, Sum: 4, Workers: 4
[7348.896s][debug][gc,phases      ] GC(297)   JVMTI Tag Weak OopStorage      Min:  0.0, Avg:  0.0, Max:  0.0, Diff:  0.0, Sum:  0.0, Workers: 4
[7348.896s][debug][gc,phases      ] GC(297)     Dead                           Min: 0, Avg:  0.0, Max: 0, Diff: 0, Sum: 0, Workers: 4
[7348.896s][debug][gc,phases      ] GC(297)     Total                          Min: 0, Avg:  0.0, Max: 0, Diff: 0, Sum: 0, Workers: 4
[7348.896s][debug][gc,phases      ] GC(297)   StringTable Weak               Min:  0.0, Avg:  0.1, Max:  0.1, Diff:  0.1, Sum:  0.4, Workers: 4
[7348.896s][debug][gc,phases      ] GC(297)     Dead                           Min: 0, Avg:  0.0, Max: 0, Diff: 0, Sum: 0, Workers: 4
[7348.896s][debug][gc,phases      ] GC(297)     Total                          Min: 0, Avg: 12084.2, Max: 17299, Diff: 17299, Sum: 48337, Workers: 4
[7348.896s][debug][gc,phases      ] GC(297)   ResolvedMethodTable Weak       Min:  0.0, Avg:  0.0, Max:  0.1, Diff:  0.1, Sum:  0.2, Workers: 4
[7348.896s][debug][gc,phases      ] GC(297)     Dead                           Min: 0, Avg:  4.0, Max: 16, Diff: 16, Sum: 16, Workers: 4
[7348.896s][debug][gc,phases      ] GC(297)     Total                          Min: 0, Avg: 4018.8, Max: 5538, Diff: 5538, Sum: 16075, Workers: 4
[7348.896s][debug][gc,phases      ] GC(297)   JNI Weak                       Min:  0.0, Avg:  0.0, Max:  0.0, Diff:  0.0, Sum:  0.0, Workers: 4
[7348.896s][debug][gc,phases      ] GC(297)     Dead                           Min: 0, Avg:  0.0, Max: 0, Diff: 0, Sum: 0, Workers: 4
[7348.896s][debug][gc,phases      ] GC(297)     Total                          Min: 0, Avg: 13.0, Max: 48, Diff: 48, Sum: 52, Workers: 4
[7348.896s][debug][gc,phases      ] GC(297)   StringDedup Table Weak         Min:  0.0, Avg:  0.0, Max:  0.0, Diff:  0.0, Sum:  0.0, Workers: 4
[7348.896s][debug][gc,phases      ] GC(297)     Dead                           Min: 0, Avg:  0.0, Max: 0, Diff: 0, Sum: 0, Workers: 4
[7348.896s][debug][gc,phases      ] GC(297)     Total                          Min: 0, Avg:  0.0, Max: 0, Diff: 0, Sum: 0, Workers: 4
[7348.896s][debug][gc,phases      ] GC(297)   StringDedup Requests0 Weak     Min:  0.0, Avg:  0.0, Max:  0.0, Diff:  0.0, Sum:  0.0, Workers: 4
[7348.896s][debug][gc,phases      ] GC(297)     Dead                           Min: 0, Avg:  0.0, Max: 0, Diff: 0, Sum: 0, Workers: 4
[7348.896s][debug][gc,phases      ] GC(297)     Total                          Min: 0, Avg:  0.0, Max: 0, Diff: 0, Sum: 0, Workers: 4
[7348.896s][debug][gc,phases      ] GC(297)   StringDedup Requests1 Weak     Min:  0.0, Avg:  0.0, Max:  0.0, Diff:  0.0, Sum:  0.0, Workers: 4
[7348.896s][debug][gc,phases      ] GC(297)     Dead                           Min: 0, Avg:  0.0, Max: 0, Diff: 0, Sum: 0, Workers: 4
[7348.896s][debug][gc,phases      ] GC(297)     Total                          Min: 0, Avg:  0.0, Max: 0, Diff: 0, Sum: 0, Workers: 4
[7348.896s][debug][gc,phases      ] GC(297)   Weak JFR Old Object Samples    Min:  0.0, Avg:  0.0, Max:  0.0, Diff:  0.0, Sum:  0.0, Workers: 4
[7348.896s][debug][gc,phases      ] GC(297)     Dead                           Min: 0, Avg:  0.0, Max: 0, Diff: 0, Sum: 0, Workers: 4
[7348.896s][debug][gc,phases      ] GC(297)     Total                          Min: 0, Avg:  0.0, Max: 0, Diff: 0, Sum: 0, Workers: 4
[7348.896s][debug][gc,phases      ] GC(297) Weak Processing 0.443ms
[7348.896s][debug][gc,age         ] GC(297) Desired survivor size 48234496 bytes, new threshold 1 (max threshold 15)
[7348.896s][info ][gc,heap        ] GC(297) PSYoungGen: 2007024K(2049536K)->4720K(2048512K) Eden: 2000896K(2000896K)->0K(2000896K) From: 6128K(48640K)->4720K(47616K)
[7348.896s][info ][gc,heap        ] GC(297) ParOldGen: 510297K(684032K)->512422K(684032K)
[7348.896s][info ][gc,metaspace   ] GC(297) Metaspace: 112938K(114496K)->112938K(114496K) NonClass: 96254K(97152K)->96254K(97152K) Class: 16684K(17344K)->16684K(17344K)
[7348.896s][info ][gc             ] GC(297) Pause Young (Allocation Failure) 2458M->505M(2668M) 5.348ms
[7348.896s][info ][gc,cpu         ] GC(297) User=0.01s Sys=0.01s Real=0.01s
[7348.896s][info ][safepoint      ] Safepoint "ParallelGCFailedAllocation", Time since last: 16119958787 ns, Reaching safepoint: 6800 ns, Cleanup: 4200 ns, At safepoint: 5428976 ns, Total: 5439976 ns
[7353.897s][info ][safepoint      ] Safepoint "Cleanup", Time since last: 5000447605 ns, Reaching safepoint: 88303 ns, Cleanup: 12200 ns, At safepoint: 8300 ns, Total: 108803 ns
[7361.898s][info ][safepoint      ] Safepoint "Cleanup", Time since last: 8000779063 ns, Reaching safepoint: 86303 ns, Cleanup: 16700 ns, At safepoint: 7700 ns, Total: 110703 ns
[7362.898s][info ][safepoint      ] Safepoint "Cleanup", Time since last: 1000133826 ns, Reaching safepoint: 81203 ns, Cleanup: 14100 ns, At safepoint: 7700 ns, Total: 103003 ns
[7368.899s][info ][safepoint      ] Safepoint "Cleanup", Time since last: 6000643372 ns, Reaching safepoint: 89603 ns, Cleanup: 13001 ns, At safepoint: 7400 ns, Total: 110004 ns
[7372.146s][info ][gc,start       ] GC(298) Pause Young (Allocation Failure)
[7372.154s][debug][gc,phases      ] GC(298) Scavenge 7.833ms
[7372.154s][debug][gc,ref         ] GC(298) ReferenceProcessor::execute queues: 1, RefProcThreadModel::Single, marks_oops_alive: false
[7372.154s][debug][gc,ref         ] GC(298) Skipped KeepAliveFinalRefsPhase of Reference Processing: no references
[7372.154s][debug][gc,ref         ] GC(298) ReferenceProcessor::execute queues: 1, RefProcThreadModel::Single, marks_oops_alive: false
[7372.154s][debug][gc,phases      ] GC(298) Reference Processing 0.155ms
[7372.154s][debug][gc,phases      ] GC(298)   VM Weak                        Min:  0.0, Avg:  0.0, Max:  0.0, Diff:  0.0, Sum:  0.0, Workers: 4
[7372.154s][debug][gc,phases      ] GC(298)     Dead                           Min: 0, Avg:  0.0, Max: 0, Diff: 0, Sum: 0, Workers: 4
[7372.154s][debug][gc,phases      ] GC(298)     Total                          Min: 0, Avg: 226.5, Max: 494, Diff: 494, Sum: 906, Workers: 4
[7372.154s][debug][gc,phases      ] GC(298)   ObjectSynchronizer Weak        Min:  0.0, Avg:  0.0, Max:  0.0, Diff:  0.0, Sum:  0.0, Workers: 4
[7372.154s][debug][gc,phases      ] GC(298)     Dead                           Min: 0, Avg:  0.0, Max: 0, Diff: 0, Sum: 0, Workers: 4
[7372.154s][debug][gc,phases      ] GC(298)     Total                          Min: 0, Avg:  1.0, Max: 4, Diff: 4, Sum: 4, Workers: 4
[7372.154s][debug][gc,phases      ] GC(298)   JVMTI Tag Weak OopStorage      Min:  0.0, Avg:  0.0, Max:  0.0, Diff:  0.0, Sum:  0.0, Workers: 4
[7372.154s][debug][gc,phases      ] GC(298)     Dead                           Min: 0, Avg:  0.0, Max: 0, Diff: 0, Sum: 0, Workers: 4
[7372.154s][debug][gc,phases      ] GC(298)     Total                          Min: 0, Avg:  0.0, Max: 0, Diff: 0, Sum: 0, Workers: 4
[7372.154s][debug][gc,phases      ] GC(298)   StringTable Weak               Min:  0.0, Avg:  0.1, Max:  0.2, Diff:  0.2, Sum:  0.4, Workers: 4
[7372.154s][debug][gc,phases      ] GC(298)     Dead                           Min: 0, Avg:  0.0, Max: 0, Diff: 0, Sum: 0, Workers: 4
[7372.154s][debug][gc,phases      ] GC(298)     Total                          Min: 0, Avg: 12084.8, Max: 25600, Diff: 25600, Sum: 48339, Workers: 4
[7372.154s][debug][gc,phases      ] GC(298)   ResolvedMethodTable Weak       Min:  0.0, Avg:  0.0, Max:  0.1, Diff:  0.1, Sum:  0.2, Workers: 4
[7372.154s][debug][gc,phases      ] GC(298)     Dead                           Min: 0, Avg:  4.0, Max: 16, Diff: 16, Sum: 16, Workers: 4
[7372.154s][debug][gc,phases      ] GC(298)     Total                          Min: 0, Avg: 4019.2, Max: 8441, Diff: 8441, Sum: 16077, Workers: 4
[7372.154s][debug][gc,phases      ] GC(298)   JNI Weak                       Min:  0.0, Avg:  0.0, Max:  0.0, Diff:  0.0, Sum:  0.0, Workers: 4
[7372.155s][debug][gc,phases      ] GC(298)     Dead                           Min: 0, Avg:  0.0, Max: 0, Diff: 0, Sum: 0, Workers: 4
[7372.155s][debug][gc,phases      ] GC(298)     Total                          Min: 0, Avg: 13.0, Max: 48, Diff: 48, Sum: 52, Workers: 4
[7372.155s][debug][gc,phases      ] GC(298)   StringDedup Table Weak         Min:  0.0, Avg:  0.0, Max:  0.0, Diff:  0.0, Sum:  0.0, Workers: 4
[7372.155s][debug][gc,phases      ] GC(298)     Dead                           Min: 0, Avg:  0.0, Max: 0, Diff: 0, Sum: 0, Workers: 4
[7372.155s][debug][gc,phases      ] GC(298)     Total                          Min: 0, Avg:  0.0, Max: 0, Diff: 0, Sum: 0, Workers: 4
[7372.155s][debug][gc,phases      ] GC(298)   StringDedup Requests0 Weak     Min:  0.0, Avg:  0.0, Max:  0.0, Diff:  0.0, Sum:  0.0, Workers: 4
[7372.155s][debug][gc,phases      ] GC(298)     Dead                           Min: 0, Avg:  0.0, Max: 0, Diff: 0, Sum: 0, Workers: 4
[7372.155s][debug][gc,phases      ] GC(298)     Total                          Min: 0, Avg:  0.0, Max: 0, Diff: 0, Sum: 0, Workers: 4
[7372.155s][debug][gc,phases      ] GC(298)   StringDedup Requests1 Weak     Min:  0.0, Avg:  0.0, Max:  0.0, Diff:  0.0, Sum:  0.0, Workers: 4
[7372.155s][debug][gc,phases      ] GC(298)     Dead                           Min: 0, Avg:  0.0, Max: 0, Diff: 0, Sum: 0, Workers: 4
[7372.155s][debug][gc,phases      ] GC(298)     Total                          Min: 0, Avg:  0.0, Max: 0, Diff: 0, Sum: 0, Workers: 4
[7372.155s][debug][gc,phases      ] GC(298)   Weak JFR Old Object Samples    Min:  0.0, Avg:  0.0, Max:  0.0, Diff:  0.0, Sum:  0.0, Workers: 4
[7372.155s][debug][gc,phases      ] GC(298)     Dead                           Min: 0, Avg:  0.0, Max: 0, Diff: 0, Sum: 0, Workers: 4
[7372.155s][debug][gc,phases      ] GC(298)     Total                          Min: 0, Avg:  0.0, Max: 0, Diff: 0, Sum: 0, Workers: 4
[7372.155s][debug][gc,phases      ] GC(298) Weak Processing 0.604ms
[7372.155s][debug][gc,age         ] GC(298) Desired survivor size 46661632 bytes, new threshold 1 (max threshold 15)
[7372.155s][info ][gc,heap        ] GC(298) PSYoungGen: 2005616K(2048512K)->6081K(2051584K) Eden: 2000896K(2000896K)->0K(2004480K) From: 4720K(47616K)->6081K(47104K)
[7372.155s][info ][gc,heap        ] GC(298) ParOldGen: 512422K(684032K)->513017K(684032K)
[7372.155s][info ][gc,metaspace   ] GC(298) Metaspace: 112941K(114496K)->112941K(114496K) NonClass: 96257K(97152K)->96257K(97152K) Class: 16684K(17344K)->16684K(17344K)
[7372.155s][info ][gc             ] GC(298) Pause Young (Allocation Failure) 2459M->506M(2671M) 8.776ms
[7372.155s][info ][gc,cpu         ] GC(298) User=0.02s Sys=0.00s Real=0.01s
[7372.155s][info ][safepoint      ] Safepoint "ParallelGCFailedAllocation", Time since last: 3247077496 ns, Reaching safepoint: 10900 ns, Cleanup: 5100 ns, At safepoint: 8879787 ns, Total: 8895787 ns
[7382.156s][info ][safepoint      ] Safepoint "Cleanup", Time since last: 10000853093 ns, Reaching safepoint: 7900 ns, Cleanup: 12801 ns, At safepoint: 28101 ns, Total: 48802 ns
[7395.629s][info ][gc,start       ] GC(299) Pause Young (Allocation Failure)
[7395.635s][debug][gc,phases      ] GC(299) Scavenge 5.618ms
[7395.635s][debug][gc,ref         ] GC(299) ReferenceProcessor::execute queues: 1, RefProcThreadModel::Single, marks_oops_alive: false
[7395.635s][debug][gc,ref         ] GC(299) Skipped KeepAliveFinalRefsPhase of Reference Processing: no references
[7395.635s][debug][gc,ref         ] GC(299) Skipped PhantomRefsPhase of Reference Processing: no references
[7395.635s][debug][gc,phases      ] GC(299) Reference Processing 0.125ms
[7395.635s][debug][gc,phases      ] GC(299)   VM Weak                        Min:  0.0, Avg:  0.0, Max:  0.0, Diff:  0.0, Sum:  0.0, Workers: 4
[7395.635s][debug][gc,phases      ] GC(299)     Dead                           Min: 0, Avg:  0.0, Max: 0, Diff: 0, Sum: 0, Workers: 4
[7395.635s][debug][gc,phases      ] GC(299)     Total                          Min: 0, Avg: 226.5, Max: 723, Diff: 723, Sum: 906, Workers: 4
[7395.635s][debug][gc,phases      ] GC(299)   ObjectSynchronizer Weak        Min:  0.0, Avg:  0.0, Max:  0.0, Diff:  0.0, Sum:  0.0, Workers: 4
[7395.635s][debug][gc,phases      ] GC(299)     Dead                           Min: 0, Avg:  0.0, Max: 0, Diff: 0, Sum: 0, Workers: 4
[7395.635s][debug][gc,phases      ] GC(299)     Total                          Min: 0, Avg:  1.0, Max: 4, Diff: 4, Sum: 4, Workers: 4
[7395.635s][debug][gc,phases      ] GC(299)   JVMTI Tag Weak OopStorage      Min:  0.0, Avg:  0.0, Max:  0.0, Diff:  0.0, Sum:  0.0, Workers: 4
[7395.635s][debug][gc,phases      ] GC(299)     Dead                           Min: 0, Avg:  0.0, Max: 0, Diff: 0, Sum: 0, Workers: 4
[7395.635s][debug][gc,phases      ] GC(299)     Total                          Min: 0, Avg:  0.0, Max: 0, Diff: 0, Sum: 0, Workers: 4
[7395.635s][debug][gc,phases      ] GC(299)   StringTable Weak               Min:  0.0, Avg:  0.1, Max:  0.1, Diff:  0.1, Sum:  0.4, Workers: 4
[7395.635s][debug][gc,phases      ] GC(299)     Dead                           Min: 0, Avg:  0.0, Max: 0, Diff: 0, Sum: 0, Workers: 4
[7395.635s][debug][gc,phases      ] GC(299)     Total                          Min: 0, Avg: 12084.8, Max: 18558, Diff: 18558, Sum: 48339, Workers: 4
[7395.635s][debug][gc,phases      ] GC(299)   ResolvedMethodTable Weak       Min:  0.0, Avg:  0.0, Max:  0.0, Diff:  0.0, Sum:  0.1, Workers: 4
[7395.635s][debug][gc,phases      ] GC(299)     Dead                           Min: 0, Avg:  4.0, Max: 16, Diff: 16, Sum: 16, Workers: 4
[7395.635s][debug][gc,phases      ] GC(299)     Total                          Min: 0, Avg: 4019.2, Max: 5741, Diff: 5741, Sum: 16077, Workers: 4
[7395.635s][debug][gc,phases      ] GC(299)   JNI Weak                       Min:  0.0, Avg:  0.0, Max:  0.0, Diff:  0.0, Sum:  0.0, Workers: 4
[7395.635s][debug][gc,phases      ] GC(299)     Dead                           Min: 0, Avg:  0.0, Max: 0, Diff: 0, Sum: 0, Workers: 4
[7395.635s][debug][gc,phases      ] GC(299)     Total                          Min: 0, Avg: 13.0, Max: 48, Diff: 48, Sum: 52, Workers: 4
[7395.635s][debug][gc,phases      ] GC(299)   StringDedup Table Weak         Min:  0.0, Avg:  0.0, Max:  0.0, Diff:  0.0, Sum:  0.0, Workers: 4
[7395.635s][debug][gc,phases      ] GC(299)     Dead                           Min: 0, Avg:  0.0, Max: 0, Diff: 0, Sum: 0, Workers: 4
[7395.635s][debug][gc,phases      ] GC(299)     Total                          Min: 0, Avg:  0.0, Max: 0, Diff: 0, Sum: 0, Workers: 4
[7395.635s][debug][gc,phases      ] GC(299)   StringDedup Requests0 Weak     Min:  0.0, Avg:  0.0, Max:  0.0, Diff:  0.0, Sum:  0.0, Workers: 4
[7395.635s][debug][gc,phases      ] GC(299)     Dead                           Min: 0, Avg:  0.0, Max: 0, Diff: 0, Sum: 0, Workers: 4
[7395.635s][debug][gc,phases      ] GC(299)     Total                          Min: 0, Avg:  0.0, Max: 0, Diff: 0, Sum: 0, Workers: 4
[7395.635s][debug][gc,phases      ] GC(299)   StringDedup Requests1 Weak     Min:  0.0, Avg:  0.0, Max:  0.0, Diff:  0.0, Sum:  0.0, Workers: 4
[7395.635s][debug][gc,phases      ] GC(299)     Dead                           Min: 0, Avg:  0.0, Max: 0, Diff: 0, Sum: 0, Workers: 4
[7395.635s][debug][gc,phases      ] GC(299)     Total                          Min: 0, Avg:  0.0, Max: 0, Diff: 0, Sum: 0, Workers: 4
[7395.635s][debug][gc,phases      ] GC(299)   Weak JFR Old Object Samples    Min:  0.0, Avg:  0.0, Max:  0.0, Diff:  0.0, Sum:  0.0, Workers: 4
[7395.635s][debug][gc,phases      ] GC(299)     Dead                           Min: 0, Avg:  0.0, Max: 0, Diff: 0, Sum: 0, Workers: 4
[7395.635s][debug][gc,phases      ] GC(299)     Total                          Min: 0, Avg:  0.0, Max: 0, Diff: 0, Sum: 0, Workers: 4
[7395.635s][debug][gc,phases      ] GC(299) Weak Processing 0.459ms
[7395.635s][debug][gc,age         ] GC(299) Desired survivor size 45088768 bytes, new threshold 1 (max threshold 15)
[7395.635s][info ][gc,heap        ] GC(299) PSYoungGen: 2010561K(2051584K)->5952K(2050048K) Eden: 2004480K(2004480K)->0K(2004480K) From: 6081K(47104K)->5952K(45568K)
[7395.635s][info ][gc,heap        ] GC(299) ParOldGen: 513017K(684032K)->514080K(684032K)
[7395.635s][info ][gc,metaspace   ] GC(299) Metaspace: 112941K(114496K)->112941K(114496K) NonClass: 96257K(97152K)->96257K(97152K) Class: 16684K(17344K)->16684K(17344K)
[7395.635s][info ][gc             ] GC(299) Pause Young (Allocation Failure) 2464M->507M(2670M) 6.344ms
[7395.635s][info ][gc,cpu         ] GC(299) User=0.02s Sys=0.00s Real=0.01s
[7395.635s][info ][safepoint      ] Safepoint "ParallelGCFailedAllocation", Time since last: 13473249593 ns, Reaching safepoint: 8700 ns, Cleanup: 4401 ns, At safepoint: 6429906 ns, Total: 6443007 ns
[7418.595s][info ][gc,start       ] GC(300) Pause Young (Allocation Failure)
[7418.600s][debug][gc,phases      ] GC(300) Scavenge 5.251ms
[7418.601s][debug][gc,ref         ] GC(300) ReferenceProcessor::execute queues: 1, RefProcThreadModel::Single, marks_oops_alive: false
[7418.601s][debug][gc,ref         ] GC(300) Skipped KeepAliveFinalRefsPhase of Reference Processing: no references
[7418.601s][debug][gc,ref         ] GC(300) Skipped PhantomRefsPhase of Reference Processing: no references
[7418.601s][debug][gc,phases      ] GC(300) Reference Processing 0.134ms
[7418.601s][debug][gc,phases      ] GC(300)   VM Weak                        Min:  0.0, Avg:  0.0, Max:  0.0, Diff:  0.0, Sum:  0.0, Workers: 4
[7418.601s][debug][gc,phases      ] GC(300)     Dead                           Min: 0, Avg:  0.0, Max: 0, Diff: 0, Sum: 0, Workers: 4
[7418.601s][debug][gc,phases      ] GC(300)     Total                          Min: 0, Avg: 226.5, Max: 689, Diff: 689, Sum: 906, Workers: 4
[7418.601s][debug][gc,phases      ] GC(300)   ObjectSynchronizer Weak        Min:  0.0, Avg:  0.0, Max:  0.0, Diff:  0.0, Sum:  0.0, Workers: 4
[7418.601s][debug][gc,phases      ] GC(300)     Dead                           Min: 0, Avg:  0.0, Max: 0, Diff: 0, Sum: 0, Workers: 4
[7418.601s][debug][gc,phases      ] GC(300)     Total                          Min: 0, Avg:  1.0, Max: 4, Diff: 4, Sum: 4, Workers: 4
[7418.601s][debug][gc,phases      ] GC(300)   JVMTI Tag Weak OopStorage      Min:  0.0, Avg:  0.0, Max:  0.0, Diff:  0.0, Sum:  0.0, Workers: 4
[7418.601s][debug][gc,phases      ] GC(300)     Dead                           Min: 0, Avg:  0.0, Max: 0, Diff: 0, Sum: 0, Workers: 4
[7418.601s][debug][gc,phases      ] GC(300)     Total                          Min: 0, Avg:  0.0, Max: 0, Diff: 0, Sum: 0, Workers: 4
[7418.601s][debug][gc,phases      ] GC(300)   StringTable Weak               Min:  0.0, Avg:  0.1, Max:  0.2, Diff:  0.2, Sum:  0.5, Workers: 4
[7418.601s][debug][gc,phases      ] GC(300)     Dead                           Min: 0, Avg:  0.0, Max: 0, Diff: 0, Sum: 0, Workers: 4
[7418.601s][debug][gc,phases      ] GC(300)     Total                          Min: 0, Avg: 12084.8, Max: 16896, Diff: 16896, Sum: 48339, Workers: 4
[7418.601s][debug][gc,phases      ] GC(300)   ResolvedMethodTable Weak       Min:  0.0, Avg:  0.0, Max:  0.1, Diff:  0.1, Sum:  0.2, Workers: 4
[7418.601s][debug][gc,phases      ] GC(300)     Dead                           Min: 0, Avg:  4.0, Max: 9, Diff: 9, Sum: 16, Workers: 4
[7418.601s][debug][gc,phases      ] GC(300)     Total                          Min: 0, Avg: 4019.2, Max: 5588, Diff: 5588, Sum: 16077, Workers: 4
[7418.601s][debug][gc,phases      ] GC(300)   JNI Weak                       Min:  0.0, Avg:  0.0, Max:  0.0, Diff:  0.0, Sum:  0.0, Workers: 4
[7418.601s][debug][gc,phases      ] GC(300)     Dead                           Min: 0, Avg:  0.0, Max: 0, Diff: 0, Sum: 0, Workers: 4
[7418.601s][debug][gc,phases      ] GC(300)     Total                          Min: 0, Avg: 13.0, Max: 48, Diff: 48, Sum: 52, Workers: 4
[7418.601s][debug][gc,phases      ] GC(300)   StringDedup Table Weak         Min:  0.0, Avg:  0.0, Max:  0.0, Diff:  0.0, Sum:  0.0, Workers: 4
[7418.601s][debug][gc,phases      ] GC(300)     Dead                           Min: 0, Avg:  0.0, Max: 0, Diff: 0, Sum: 0, Workers: 4
[7418.601s][debug][gc,phases      ] GC(300)     Total                          Min: 0, Avg:  0.0, Max: 0, Diff: 0, Sum: 0, Workers: 4
[7418.601s][debug][gc,phases      ] GC(300)   StringDedup Requests0 Weak     Min:  0.0, Avg:  0.0, Max:  0.0, Diff:  0.0, Sum:  0.0, Workers: 4
[7418.601s][debug][gc,phases      ] GC(300)     Dead                           Min: 0, Avg:  0.0, Max: 0, Diff: 0, Sum: 0, Workers: 4
[7418.601s][debug][gc,phases      ] GC(300)     Total                          Min: 0, Avg:  0.0, Max: 0, Diff: 0, Sum: 0, Workers: 4
[7418.601s][debug][gc,phases      ] GC(300)   StringDedup Requests1 Weak     Min:  0.0, Avg:  0.0, Max:  0.0, Diff:  0.0, Sum:  0.0, Workers: 4
[7418.601s][debug][gc,phases      ] GC(300)     Dead                           Min: 0, Avg:  0.0, Max: 0, Diff: 0, Sum: 0, Workers: 4
[7418.601s][debug][gc,phases      ] GC(300)     Total                          Min: 0, Avg:  0.0, Max: 0, Diff: 0, Sum: 0, Workers: 4
[7418.601s][debug][gc,phases      ] GC(300)   Weak JFR Old Object Samples    Min:  0.0, Avg:  0.0, Max:  0.0, Diff:  0.0, Sum:  0.0, Workers: 4
[7418.601s][debug][gc,phases      ] GC(300)     Dead                           Min: 0, Avg:  0.0, Max: 0, Diff: 0, Sum: 0, Workers: 4
[7418.601s][debug][gc,phases      ] GC(300)     Total                          Min: 0, Avg:  0.0, Max: 0, Diff: 0, Sum: 0, Workers: 4
[7418.601s][debug][gc,phases      ] GC(300) Weak Processing 0.503ms
[7418.601s][debug][gc,age         ] GC(300) Desired survivor size 43515904 bytes, new threshold 1 (max threshold 15)
[7418.601s][info ][gc,heap        ] GC(300) PSYoungGen: 2010432K(2050048K)->5472K(2054656K) Eden: 2004480K(2004480K)->0K(2010624K) From: 5952K(45568K)->5472K(44032K)
[7418.601s][info ][gc,heap        ] GC(300) ParOldGen: 514080K(684032K)->515400K(684032K)
[7418.601s][info ][gc,metaspace   ] GC(300) Metaspace: 112944K(114496K)->112944K(114496K) NonClass: 96259K(97152K)->96259K(97152K) Class: 16684K(17344K)->16684K(17344K)
[7418.601s][info ][gc             ] GC(300) Pause Young (Allocation Failure) 2465M->508M(2674M) 6.077ms
[7418.601s][info ][gc,cpu         ] GC(300) User=0.02s Sys=0.00s Real=0.00s
[7418.601s][info ][safepoint      ] Safepoint "ParallelGCFailedAllocation", Time since last: 22959682341 ns, Reaching safepoint: 7400 ns, Cleanup: 4900 ns, At safepoint: 6206390 ns, Total: 6218690 ns
[7420.602s][info ][safepoint      ] Safepoint "Cleanup", Time since last: 2000255060 ns, Reaching safepoint: 90103 ns, Cleanup: 15900 ns, At safepoint: 10501 ns, Total: 116504 ns
[7442.639s][info ][gc,start       ] GC(301) Pause Young (Allocation Failure)
[7442.644s][debug][gc,phases      ] GC(301) Scavenge 4.650ms
[7442.644s][debug][gc,ref         ] GC(301) ReferenceProcessor::execute queues: 1, RefProcThreadModel::Single, marks_oops_alive: false
[7442.644s][debug][gc,ref         ] GC(301) Skipped KeepAliveFinalRefsPhase of Reference Processing: no references
[7442.644s][debug][gc,ref         ] GC(301) Skipped PhantomRefsPhase of Reference Processing: no references
[7442.644s][debug][gc,phases      ] GC(301) Reference Processing 0.146ms
[7442.644s][debug][gc,phases      ] GC(301)   VM Weak                        Min:  0.0, Avg:  0.0, Max:  0.0, Diff:  0.0, Sum:  0.0, Workers: 4
[7442.644s][debug][gc,phases      ] GC(301)     Dead                           Min: 0, Avg:  0.0, Max: 0, Diff: 0, Sum: 0, Workers: 4
[7442.644s][debug][gc,phases      ] GC(301)     Total                          Min: 0, Avg: 226.5, Max: 689, Diff: 689, Sum: 906, Workers: 4
[7442.644s][debug][gc,phases      ] GC(301)   ObjectSynchronizer Weak        Min:  0.0, Avg:  0.0, Max:  0.0, Diff:  0.0, Sum:  0.0, Workers: 4
[7442.644s][debug][gc,phases      ] GC(301)     Dead                           Min: 0, Avg:  0.0, Max: 0, Diff: 0, Sum: 0, Workers: 4
[7442.644s][debug][gc,phases      ] GC(301)     Total                          Min: 0, Avg:  1.0, Max: 4, Diff: 4, Sum: 4, Workers: 4
[7442.644s][debug][gc,phases      ] GC(301)   JVMTI Tag Weak OopStorage      Min:  0.0, Avg:  0.0, Max:  0.0, Diff:  0.0, Sum:  0.0, Workers: 4
[7442.644s][debug][gc,phases      ] GC(301)     Dead                           Min: 0, Avg:  0.0, Max: 0, Diff: 0, Sum: 0, Workers: 4
[7442.644s][debug][gc,phases      ] GC(301)     Total                          Min: 0, Avg:  0.0, Max: 0, Diff: 0, Sum: 0, Workers: 4
[7442.644s][debug][gc,phases      ] GC(301)   StringTable Weak               Min:  0.0, Avg:  0.1, Max:  0.2, Diff:  0.2, Sum:  0.5, Workers: 4
[7442.644s][debug][gc,phases      ] GC(301)     Dead                           Min: 0, Avg:  0.0, Max: 0, Diff: 0, Sum: 0, Workers: 4
[7442.644s][debug][gc,phases      ] GC(301)     Total                          Min: 0, Avg: 12084.8, Max: 16896, Diff: 16896, Sum: 48339, Workers: 4
[7442.644s][debug][gc,phases      ] GC(301)   ResolvedMethodTable Weak       Min:  0.0, Avg:  0.0, Max:  0.1, Diff:  0.1, Sum:  0.2, Workers: 4
[7442.644s][debug][gc,phases      ] GC(301)     Dead                           Min: 0, Avg:  0.0, Max: 0, Diff: 0, Sum: 0, Workers: 4
[7442.644s][debug][gc,phases      ] GC(301)     Total                          Min: 0, Avg: 4019.2, Max: 5842, Diff: 5842, Sum: 16077, Workers: 4
[7442.644s][debug][gc,phases      ] GC(301)   JNI Weak                       Min:  0.0, Avg:  0.0, Max:  0.0, Diff:  0.0, Sum:  0.0, Workers: 4
[7442.644s][debug][gc,phases      ] GC(301)     Dead                           Min: 0, Avg:  0.0, Max: 0, Diff: 0, Sum: 0, Workers: 4
[7442.644s][debug][gc,phases      ] GC(301)     Total                          Min: 0, Avg: 13.0, Max: 48, Diff: 48, Sum: 52, Workers: 4
[7442.644s][debug][gc,phases      ] GC(301)   StringDedup Table Weak         Min:  0.0, Avg:  0.0, Max:  0.0, Diff:  0.0, Sum:  0.0, Workers: 4
[7442.644s][debug][gc,phases      ] GC(301)     Dead                           Min: 0, Avg:  0.0, Max: 0, Diff: 0, Sum: 0, Workers: 4
[7442.644s][debug][gc,phases      ] GC(301)     Total                          Min: 0, Avg:  0.0, Max: 0, Diff: 0, Sum: 0, Workers: 4
[7442.644s][debug][gc,phases      ] GC(301)   StringDedup Requests0 Weak     Min:  0.0, Avg:  0.0, Max:  0.0, Diff:  0.0, Sum:  0.0, Workers: 4
[7442.644s][debug][gc,phases      ] GC(301)     Dead                           Min: 0, Avg:  0.0, Max: 0, Diff: 0, Sum: 0, Workers: 4
[7442.644s][debug][gc,phases      ] GC(301)     Total                          Min: 0, Avg:  0.0, Max: 0, Diff: 0, Sum: 0, Workers: 4
[7442.644s][debug][gc,phases      ] GC(301)   StringDedup Requests1 Weak     Min:  0.0, Avg:  0.0, Max:  0.0, Diff:  0.0, Sum:  0.0, Workers: 4
[7442.644s][debug][gc,phases      ] GC(301)     Dead                           Min: 0, Avg:  0.0, Max: 0, Diff: 0, Sum: 0, Workers: 4
[7442.644s][debug][gc,phases      ] GC(301)     Total                          Min: 0, Avg:  0.0, Max: 0, Diff: 0, Sum: 0, Workers: 4
[7442.644s][debug][gc,phases      ] GC(301)   Weak JFR Old Object Samples    Min:  0.0, Avg:  0.0, Max:  0.0, Diff:  0.0, Sum:  0.0, Workers: 4
[7442.644s][debug][gc,phases      ] GC(301)     Dead                           Min: 0, Avg:  0.0, Max: 0, Diff: 0, Sum: 0, Workers: 4
[7442.644s][debug][gc,phases      ] GC(301)     Total                          Min: 0, Avg:  0.0, Max: 0, Diff: 0, Sum: 0, Workers: 4
[7442.644s][debug][gc,phases      ] GC(301) Weak Processing 0.482ms
[7442.644s][debug][gc,age         ] GC(301) Desired survivor size 42467328 bytes, new threshold 1 (max threshold 15)
[7442.644s][info ][gc,heap        ] GC(301) PSYoungGen: 2016096K(2054656K)->4738K(2053120K) Eden: 2010624K(2010624K)->0K(2010624K) From: 5472K(44032K)->4738K(42496K)
[7442.644s][info ][gc,heap        ] GC(301) ParOldGen: 515400K(684032K)->517025K(684032K)
[7442.644s][info ][gc,metaspace   ] GC(301) Metaspace: 112944K(114496K)->112944K(114496K) NonClass: 96259K(97152K)->96259K(97152K) Class: 16684K(17344K)->16684K(17344K)
[7442.644s][info ][gc             ] GC(301) Pause Young (Allocation Failure) 2472M->509M(2673M) 5.415ms
[7442.644s][info ][gc,cpu         ] GC(301) User=0.01s Sys=0.00s Real=0.01s
[7442.644s][info ][safepoint      ] Safepoint "ParallelGCFailedAllocation", Time since last: 22037137623 ns, Reaching safepoint: 79003 ns, Cleanup: 4500 ns, At safepoint: 5498970 ns, Total: 5582473 ns
[7460.891s][info ][safepoint      ] Safepoint "Cleanup", Time since last: 18246457323 ns, Reaching safepoint: 84602 ns, Cleanup: 13701 ns, At safepoint: 7900 ns, Total: 106203 ns
[7461.891s][info ][safepoint      ] Safepoint "Cleanup", Time since last: 1000155835 ns, Reaching safepoint: 81303 ns, Cleanup: 12500 ns, At safepoint: 7100 ns, Total: 100903 ns
[7467.558s][info ][gc,start       ] GC(302) Pause Young (Allocation Failure)
[7467.564s][debug][gc,phases      ] GC(302) Scavenge 6.516ms
[7467.564s][debug][gc,ref         ] GC(302) ReferenceProcessor::execute queues: 1, RefProcThreadModel::Single, marks_oops_alive: false
[7467.564s][debug][gc,ref         ] GC(302) Skipped KeepAliveFinalRefsPhase of Reference Processing: no references
[7467.565s][debug][gc,ref         ] GC(302) Skipped PhantomRefsPhase of Reference Processing: no references
[7467.565s][debug][gc,phases      ] GC(302) Reference Processing 0.135ms
[7467.565s][debug][gc,phases      ] GC(302)   VM Weak                        Min:  0.0, Avg:  0.0, Max:  0.0, Diff:  0.0, Sum:  0.0, Workers: 4
[7467.565s][debug][gc,phases      ] GC(302)     Dead                           Min: 0, Avg:  0.0, Max: 0, Diff: 0, Sum: 0, Workers: 4
[7467.565s][debug][gc,phases      ] GC(302)     Total                          Min: 126, Avg: 226.5, Max: 316, Diff: 190, Sum: 906, Workers: 4
[7467.565s][debug][gc,phases      ] GC(302)   ObjectSynchronizer Weak        Min:  0.0, Avg:  0.0, Max:  0.0, Diff:  0.0, Sum:  0.0, Workers: 4
[7467.565s][debug][gc,phases      ] GC(302)     Dead                           Min: 0, Avg:  0.0, Max: 0, Diff: 0, Sum: 0, Workers: 4
[7467.565s][debug][gc,phases      ] GC(302)     Total                          Min: 0, Avg:  1.0, Max: 4, Diff: 4, Sum: 4, Workers: 4
[7467.565s][debug][gc,phases      ] GC(302)   JVMTI Tag Weak OopStorage      Min:  0.0, Avg:  0.0, Max:  0.0, Diff:  0.0, Sum:  0.0, Workers: 4
[7467.565s][debug][gc,phases      ] GC(302)     Dead                           Min: 0, Avg:  0.0, Max: 0, Diff: 0, Sum: 0, Workers: 4
[7467.565s][debug][gc,phases      ] GC(302)     Total                          Min: 0, Avg:  0.0, Max: 0, Diff: 0, Sum: 0, Workers: 4
[7467.565s][debug][gc,phases      ] GC(302)   StringTable Weak               Min:  0.1, Avg:  0.1, Max:  0.1, Diff:  0.0, Sum:  0.5, Workers: 4
[7467.565s][debug][gc,phases      ] GC(302)     Dead                           Min: 0, Avg:  0.0, Max: 0, Diff: 0, Sum: 0, Workers: 4
[7467.565s][debug][gc,phases      ] GC(302)     Total                          Min: 11349, Avg: 12084.8, Max: 12608, Diff: 1259, Sum: 48339, Workers: 4
[7467.565s][debug][gc,phases      ] GC(302)   ResolvedMethodTable Weak       Min:  0.0, Avg:  0.0, Max:  0.0, Diff:  0.0, Sum:  0.2, Workers: 4
[7467.565s][debug][gc,phases      ] GC(302)     Dead                           Min: 0, Avg:  4.0, Max: 16, Diff: 16, Sum: 16, Workers: 4
[7467.565s][debug][gc,phases      ] GC(302)     Total                          Min: 3559, Avg: 4019.2, Max: 4408, Diff: 849, Sum: 16077, Workers: 4
[7467.565s][debug][gc,phases      ] GC(302)   JNI Weak                       Min:  0.0, Avg:  0.0, Max:  0.0, Diff:  0.0, Sum:  0.0, Workers: 4
[7467.565s][debug][gc,phases      ] GC(302)     Dead                           Min: 0, Avg:  0.0, Max: 0, Diff: 0, Sum: 0, Workers: 4
[7467.565s][debug][gc,phases      ] GC(302)     Total                          Min: 0, Avg: 13.0, Max: 48, Diff: 48, Sum: 52, Workers: 4
[7467.565s][debug][gc,phases      ] GC(302)   StringDedup Table Weak         Min:  0.0, Avg:  0.0, Max:  0.0, Diff:  0.0, Sum:  0.0, Workers: 4
[7467.565s][debug][gc,phases      ] GC(302)     Dead                           Min: 0, Avg:  0.0, Max: 0, Diff: 0, Sum: 0, Workers: 4
[7467.565s][debug][gc,phases      ] GC(302)     Total                          Min: 0, Avg:  0.0, Max: 0, Diff: 0, Sum: 0, Workers: 4
[7467.565s][debug][gc,phases      ] GC(302)   StringDedup Requests0 Weak     Min:  0.0, Avg:  0.0, Max:  0.0, Diff:  0.0, Sum:  0.0, Workers: 4
[7467.565s][debug][gc,phases      ] GC(302)     Dead                           Min: 0, Avg:  0.0, Max: 0, Diff: 0, Sum: 0, Workers: 4
[7467.565s][debug][gc,phases      ] GC(302)     Total                          Min: 0, Avg:  0.0, Max: 0, Diff: 0, Sum: 0, Workers: 4
[7467.565s][debug][gc,phases      ] GC(302)   StringDedup Requests1 Weak     Min:  0.0, Avg:  0.0, Max:  0.0, Diff:  0.0, Sum:  0.0, Workers: 4
[7467.565s][debug][gc,phases      ] GC(302)     Dead                           Min: 0, Avg:  0.0, Max: 0, Diff: 0, Sum: 0, Workers: 4
[7467.565s][debug][gc,phases      ] GC(302)     Total                          Min: 0, Avg:  0.0, Max: 0, Diff: 0, Sum: 0, Workers: 4
[7467.565s][debug][gc,phases      ] GC(302)   Weak JFR Old Object Samples    Min:  0.0, Avg:  0.0, Max:  0.0, Diff:  0.0, Sum:  0.0, Workers: 4
[7467.565s][debug][gc,phases      ] GC(302)     Dead                           Min: 0, Avg:  0.0, Max: 0, Diff: 0, Sum: 0, Workers: 4
[7467.565s][debug][gc,phases      ] GC(302)     Total                          Min: 0, Avg:  0.0, Max: 0, Diff: 0, Sum: 0, Workers: 4
[7467.565s][debug][gc,phases      ] GC(302) Weak Processing 0.404ms
[7467.565s][debug][gc,age         ] GC(302) Desired survivor size 40370176 bytes, new threshold 1 (max threshold 15)
[7467.565s][info ][gc,heap        ] GC(302) PSYoungGen: 2015362K(2053120K)->5392K(2057728K) Eden: 2010624K(2010624K)->0K(2016256K) From: 4738K(42496K)->5392K(41472K)
[7467.565s][info ][gc,heap        ] GC(302) ParOldGen: 517025K(684032K)->517932K(684032K)
[7467.565s][info ][gc,metaspace   ] GC(302) Metaspace: 112944K(114496K)->112944K(114496K) NonClass: 96259K(97152K)->96259K(97152K) Class: 16684K(17344K)->16684K(17344K)
[7467.565s][info ][gc             ] GC(302) Pause Young (Allocation Failure) 2473M->511M(2677M) 7.219ms
[7467.565s][info ][gc,cpu         ] GC(302) User=0.02s Sys=0.00s Real=0.01s
[7467.565s][info ][safepoint      ] Safepoint "ParallelGCFailedAllocation", Time since last: 5666481804 ns, Reaching safepoint: 85403 ns, Cleanup: 4800 ns, At safepoint: 7315028 ns, Total: 7405231 ns
[7491.340s][info ][gc,start       ] GC(303) Pause Young (Allocation Failure)
[7491.346s][debug][gc,phases      ] GC(303) Scavenge 5.607ms
[7491.346s][debug][gc,ref         ] GC(303) ReferenceProcessor::execute queues: 1, RefProcThreadModel::Single, marks_oops_alive: false
[7491.346s][debug][gc,ref         ] GC(303) Skipped KeepAliveFinalRefsPhase of Reference Processing: no references
[7491.346s][debug][gc,ref         ] GC(303) Skipped PhantomRefsPhase of Reference Processing: no references
[7491.346s][debug][gc,phases      ] GC(303) Reference Processing 0.121ms
[7491.346s][debug][gc,phases      ] GC(303)   VM Weak                        Min:  0.0, Avg:  0.0, Max:  0.0, Diff:  0.0, Sum:  0.0, Workers: 4
[7491.346s][debug][gc,phases      ] GC(303)     Dead                           Min: 0, Avg:  0.0, Max: 0, Diff: 0, Sum: 0, Workers: 4
[7491.346s][debug][gc,phases      ] GC(303)     Total                          Min: 0, Avg: 226.5, Max: 469, Diff: 469, Sum: 906, Workers: 4
[7491.346s][debug][gc,phases      ] GC(303)   ObjectSynchronizer Weak        Min:  0.0, Avg:  0.0, Max:  0.0, Diff:  0.0, Sum:  0.0, Workers: 4
[7491.346s][debug][gc,phases      ] GC(303)     Dead                           Min: 0, Avg:  0.0, Max: 0, Diff: 0, Sum: 0, Workers: 4
[7491.346s][debug][gc,phases      ] GC(303)     Total                          Min: 0, Avg:  1.0, Max: 4, Diff: 4, Sum: 4, Workers: 4
[7491.346s][debug][gc,phases      ] GC(303)   JVMTI Tag Weak OopStorage      Min:  0.0, Avg:  0.0, Max:  0.0, Diff:  0.0, Sum:  0.0, Workers: 4
[7491.346s][debug][gc,phases      ] GC(303)     Dead                           Min: 0, Avg:  0.0, Max: 0, Diff: 0, Sum: 0, Workers: 4
[7491.346s][debug][gc,phases      ] GC(303)     Total                          Min: 0, Avg:  0.0, Max: 0, Diff: 0, Sum: 0, Workers: 4
[7491.346s][debug][gc,phases      ] GC(303)   StringTable Weak               Min:  0.0, Avg:  0.1, Max:  0.2, Diff:  0.2, Sum:  0.4, Workers: 4
[7491.346s][debug][gc,phases      ] GC(303)     Dead                           Min: 0, Avg:  0.0, Max: 0, Diff: 0, Sum: 0, Workers: 4
[7491.346s][debug][gc,phases      ] GC(303)     Total                          Min: 0, Avg: 12084.8, Max: 24318, Diff: 24318, Sum: 48339, Workers: 4
[7491.346s][debug][gc,phases      ] GC(303)   ResolvedMethodTable Weak       Min:  0.0, Avg:  0.0, Max:  0.1, Diff:  0.1, Sum:  0.1, Workers: 4
[7491.346s][debug][gc,phases      ] GC(303)     Dead                           Min: 0, Avg:  4.0, Max: 16, Diff: 16, Sum: 16, Workers: 4
[7491.346s][debug][gc,phases      ] GC(303)     Total                          Min: 0, Avg: 4019.2, Max: 8554, Diff: 8554, Sum: 16077, Workers: 4
[7491.346s][debug][gc,phases      ] GC(303)   JNI Weak                       Min:  0.0, Avg:  0.0, Max:  0.0, Diff:  0.0, Sum:  0.0, Workers: 4
[7491.346s][debug][gc,phases      ] GC(303)     Dead                           Min: 0, Avg:  0.0, Max: 0, Diff: 0, Sum: 0, Workers: 4
[7491.346s][debug][gc,phases      ] GC(303)     Total                          Min: 0, Avg: 13.0, Max: 48, Diff: 48, Sum: 52, Workers: 4
[7491.346s][debug][gc,phases      ] GC(303)   StringDedup Table Weak         Min:  0.0, Avg:  0.0, Max:  0.0, Diff:  0.0, Sum:  0.0, Workers: 4
[7491.346s][debug][gc,phases      ] GC(303)     Dead                           Min: 0, Avg:  0.0, Max: 0, Diff: 0, Sum: 0, Workers: 4
[7491.346s][debug][gc,phases      ] GC(303)     Total                          Min: 0, Avg:  0.0, Max: 0, Diff: 0, Sum: 0, Workers: 4
[7491.346s][debug][gc,phases      ] GC(303)   StringDedup Requests0 Weak     Min:  0.0, Avg:  0.0, Max:  0.0, Diff:  0.0, Sum:  0.0, Workers: 4
[7491.346s][debug][gc,phases      ] GC(303)     Dead                           Min: 0, Avg:  0.0, Max: 0, Diff: 0, Sum: 0, Workers: 4
[7491.346s][debug][gc,phases      ] GC(303)     Total                          Min: 0, Avg:  0.0, Max: 0, Diff: 0, Sum: 0, Workers: 4
[7491.346s][debug][gc,phases      ] GC(303)   StringDedup Requests1 Weak     Min:  0.0, Avg:  0.0, Max:  0.0, Diff:  0.0, Sum:  0.0, Workers: 4
[7491.346s][debug][gc,phases      ] GC(303)     Dead                           Min: 0, Avg:  0.0, Max: 0, Diff: 0, Sum: 0, Workers: 4
[7491.346s][debug][gc,phases      ] GC(303)     Total                          Min: 0, Avg:  0.0, Max: 0, Diff: 0, Sum: 0, Workers: 4
[7491.346s][debug][gc,phases      ] GC(303)   Weak JFR Old Object Samples    Min:  0.0, Avg:  0.0, Max:  0.0, Diff:  0.0, Sum:  0.0, Workers: 4
[7491.346s][debug][gc,phases      ] GC(303)     Dead                           Min: 0, Avg:  0.0, Max: 0, Diff: 0, Sum: 0, Workers: 4
[7491.346s][debug][gc,phases      ] GC(303)     Total                          Min: 0, Avg:  0.0, Max: 0, Diff: 0, Sum: 0, Workers: 4
[7491.346s][debug][gc,phases      ] GC(303) Weak Processing 0.527ms
[7491.346s][debug][gc,age         ] GC(303) Desired survivor size 38797312 bytes, new threshold 1 (max threshold 15)
[7491.346s][info ][gc,heap        ] GC(303) PSYoungGen: 2021648K(2057728K)->5240K(2055680K) Eden: 2016256K(2016256K)->0K(2016256K) From: 5392K(41472K)->5240K(39424K)
[7491.347s][info ][gc,heap        ] GC(303) ParOldGen: 517932K(684032K)->519069K(684032K)
[7491.347s][info ][gc,metaspace   ] GC(303) Metaspace: 112945K(114496K)->112945K(114496K) NonClass: 96260K(97152K)->96260K(97152K) Class: 16684K(17344K)->16684K(17344K)
[7491.347s][info ][gc             ] GC(303) Pause Young (Allocation Failure) 2480M->512M(2675M) 6.409ms
[7491.347s][info ][gc,cpu         ] GC(303) User=0.02s Sys=0.00s Real=0.01s
[7491.347s][info ][safepoint      ] Safepoint "ParallelGCFailedAllocation", Time since last: 23774942977 ns, Reaching safepoint: 86003 ns, Cleanup: 4300 ns, At safepoint: 6496502 ns, Total: 6586805 ns
[7515.491s][info ][gc,start       ] GC(304) Pause Young (Allocation Failure)
[7515.496s][debug][gc,phases      ] GC(304) Scavenge 4.703ms
[7515.496s][debug][gc,ref         ] GC(304) ReferenceProcessor::execute queues: 1, RefProcThreadModel::Single, marks_oops_alive: false
[7515.496s][debug][gc,ref         ] GC(304) Skipped KeepAliveFinalRefsPhase of Reference Processing: no references
[7515.496s][debug][gc,ref         ] GC(304) Skipped PhantomRefsPhase of Reference Processing: no references
[7515.496s][debug][gc,phases      ] GC(304) Reference Processing 0.122ms
[7515.496s][debug][gc,phases      ] GC(304)   VM Weak                        Min:  0.0, Avg:  0.0, Max:  0.0, Diff:  0.0, Sum:  0.0, Workers: 4
[7515.496s][debug][gc,phases      ] GC(304)     Dead                           Min: 0, Avg:  0.0, Max: 0, Diff: 0, Sum: 0, Workers: 4
[7515.496s][debug][gc,phases      ] GC(304)     Total                          Min: 0, Avg: 226.5, Max: 373, Diff: 373, Sum: 906, Workers: 4
[7515.496s][debug][gc,phases      ] GC(304)   ObjectSynchronizer Weak        Min:  0.0, Avg:  0.0, Max:  0.0, Diff:  0.0, Sum:  0.0, Workers: 4
[7515.496s][debug][gc,phases      ] GC(304)     Dead                           Min: 0, Avg:  0.0, Max: 0, Diff: 0, Sum: 0, Workers: 4
[7515.496s][debug][gc,phases      ] GC(304)     Total                          Min: 0, Avg:  0.8, Max: 3, Diff: 3, Sum: 3, Workers: 4
[7515.496s][debug][gc,phases      ] GC(304)   JVMTI Tag Weak OopStorage      Min:  0.0, Avg:  0.0, Max:  0.0, Diff:  0.0, Sum:  0.0, Workers: 4
[7515.496s][debug][gc,phases      ] GC(304)     Dead                           Min: 0, Avg:  0.0, Max: 0, Diff: 0, Sum: 0, Workers: 4
[7515.496s][debug][gc,phases      ] GC(304)     Total                          Min: 0, Avg:  0.0, Max: 0, Diff: 0, Sum: 0, Workers: 4
[7515.496s][debug][gc,phases      ] GC(304)   StringTable Weak               Min:  0.0, Avg:  0.1, Max:  0.2, Diff:  0.2, Sum:  0.5, Workers: 4
[7515.496s][debug][gc,phases      ] GC(304)     Dead                           Min: 0, Avg:  0.0, Max: 0, Diff: 0, Sum: 0, Workers: 4
[7515.496s][debug][gc,phases      ] GC(304)     Total                          Min: 0, Avg: 12084.8, Max: 17024, Diff: 17024, Sum: 48339, Workers: 4
[7515.496s][debug][gc,phases      ] GC(304)   ResolvedMethodTable Weak       Min:  0.0, Avg:  0.0, Max:  0.1, Diff:  0.1, Sum:  0.2, Workers: 4
