[0.003s][info][gc,init] CardTable entry size: 512
[0.003s][info][gc     ] Using Parallel
[0.005s][info][gc,init] Version: 21.0.6+7-LTS (release)
[0.005s][info][gc,init] CPUs: 4 total, 4 available
[0.005s][info][gc,init] Memory: 15991M
[0.005s][info][gc,init] Large Page Support: Disabled
[0.005s][info][gc,init] NUMA Support: Disabled
[0.005s][info][gc,init] Compressed Oops: Enabled (Zero based)
[0.005s][info][gc,init] Alignments: Space 512K, Generation 512K, Heap 2M
[0.005s][info][gc,init] Heap Min Capacity: 2054M
[0.005s][info][gc,init] Heap Initial Capacity: 2054M
[0.005s][info][gc,init] Heap Max Capacity: 5G
[0.005s][info][gc,init] Pre-touch: Disabled
[0.005s][info][gc,init] Parallel Workers: 4
[0.011s][info][gc,metaspace] CDS archive(s) mapped at: [0x00007f853d000000-0x00007f853dc97000-0x00007f853dc97000), size 13201408, SharedBaseAddress: 0x00007f853d000000, ArchiveRelocationMode: 1.
[0.011s][info][gc,metaspace] Compressed class space mapped at: 0x00007f853e000000-0x00007f857e000000, reserved size: 1073741824
[0.011s][info][gc,metaspace] Narrow klass base: 0x00007f853d000000, Narrow klass shift: 0, Narrow klass range: 0x100000000
[0.308s][info][safepoint   ] Safepoint "ICBufferFull", Time since last: 289249593 ns, Reaching safepoint: 75800 ns, Cleanup: 101201 ns, At safepoint: 8700 ns, Total: 185701 ns
[0.431s][info][safepoint   ] Safepoint "RedefineClasses", Time since last: 116338659 ns, Reaching safepoint: 2800 ns, Cleanup: 138900 ns, At safepoint: 6705121 ns, Total: 6846821 ns
[0.570s][info][safepoint   ] Safepoint "JFRCheckpoint", Time since last: 138897829 ns, Reaching safepoint: 2600 ns, Cleanup: 70800 ns, At safepoint: 6000 ns, Total: 79400 ns
[1.250s][info][safepoint   ] Safepoint "ICBufferFull", Time since last: 679103697 ns, Reaching safepoint: 2400 ns, Cleanup: 100500 ns, At safepoint: 5100 ns, Total: 108000 ns
[1.627s][info][safepoint   ] Safepoint "ICBufferFull", Time since last: 377666567 ns, Reaching safepoint: 3300 ns, Cleanup: 118700 ns, At safepoint: 4200 ns, Total: 126200 ns
[1.804s][info][gc,start    ] GC(0) Pause Young (Metadata GC Threshold)
[1.823s][debug][gc,phases   ] GC(0) Scavenge 18.572ms
[1.823s][debug][gc,ref      ] GC(0) ReferenceProcessor::execute queues: 2, RefProcThreadModel::Multi, marks_oops_alive: false
[1.823s][debug][gc,ref      ] GC(0) ReferenceProcessor::execute queues: 4, RefProcThreadModel::Multi, marks_oops_alive: true
[1.823s][debug][gc,ref      ] GC(0) ReferenceProcessor::execute queues: 1, RefProcThreadModel::Single, marks_oops_alive: false
[1.823s][debug][gc,phases   ] GC(0) Reference Processing 0.792ms
[1.824s][debug][gc,phases   ] GC(0)   VM Weak                        Min:  0.0, Avg:  0.0, Max:  0.0, Diff:  0.0, Sum:  0.0, Workers: 4
[1.824s][debug][gc,phases   ] GC(0)     Dead                           Min: 0, Avg:  0.0, Max: 0, Diff: 0, Sum: 0, Workers: 4
[1.824s][debug][gc,phases   ] GC(0)     Total                          Min: 0, Avg: 60.0, Max: 128, Diff: 128, Sum: 240, Workers: 4
[1.824s][debug][gc,phases   ] GC(0)   ObjectSynchronizer Weak        Min:  0.0, Avg:  0.0, Max:  0.0, Diff:  0.0, Sum:  0.0, Workers: 4
[1.824s][debug][gc,phases   ] GC(0)     Dead                           Min: 0, Avg:  0.5, Max: 2, Diff: 2, Sum: 2, Workers: 4
[1.824s][debug][gc,phases   ] GC(0)     Total                          Min: 0, Avg:  2.5, Max: 10, Diff: 10, Sum: 10, Workers: 4
[1.824s][debug][gc,phases   ] GC(0)   JVMTI Tag Weak OopStorage      Min:  0.0, Avg:  0.0, Max:  0.0, Diff:  0.0, Sum:  0.0, Workers: 4
[1.824s][debug][gc,phases   ] GC(0)     Dead                           Min: 0, Avg:  0.0, Max: 0, Diff: 0, Sum: 0, Workers: 4
[1.824s][debug][gc,phases   ] GC(0)     Total                          Min: 0, Avg:  0.0, Max: 0, Diff: 0, Sum: 0, Workers: 4
[1.824s][debug][gc,phases   ] GC(0)   StringTable Weak               Min:  0.0, Avg:  0.0, Max:  0.1, Diff:  0.1, Sum:  0.2, Workers: 4
[1.824s][debug][gc,phases   ] GC(0)     Dead                           Min: 0, Avg:  7.8, Max: 25, Diff: 25, Sum: 31, Workers: 4
[1.824s][debug][gc,phases   ] GC(0)     Total                          Min: 0, Avg: 1994.5, Max: 4330, Diff: 4330, Sum: 7978, Workers: 4
[1.824s][debug][gc,phases   ] GC(0)   ResolvedMethodTable Weak       Min:  0.0, Avg:  0.0, Max:  0.0, Diff:  0.0, Sum:  0.1, Workers: 4
[1.824s][debug][gc,phases   ] GC(0)     Dead                           Min: 0, Avg: 96.0, Max: 207, Diff: 207, Sum: 384, Workers: 4
[1.824s][debug][gc,phases   ] GC(0)     Total                          Min: 0, Avg: 469.2, Max: 981, Diff: 981, Sum: 1877, Workers: 4
[1.824s][debug][gc,phases   ] GC(0)   JNI Weak                       Min:  0.0, Avg:  0.0, Max:  0.0, Diff:  0.0, Sum:  0.0, Workers: 4
[1.824s][debug][gc,phases   ] GC(0)     Dead                           Min: 0, Avg:  0.0, Max: 0, Diff: 0, Sum: 0, Workers: 4
[1.824s][debug][gc,phases   ] GC(0)     Total                          Min: 0, Avg: 12.2, Max: 49, Diff: 49, Sum: 49, Workers: 4
[1.824s][debug][gc,phases   ] GC(0)   StringDedup Table Weak         Min:  0.0, Avg:  0.0, Max:  0.0, Diff:  0.0, Sum:  0.0, Workers: 4
[1.824s][debug][gc,phases   ] GC(0)     Dead                           Min: 0, Avg:  0.0, Max: 0, Diff: 0, Sum: 0, Workers: 4
[1.824s][debug][gc,phases   ] GC(0)     Total                          Min: 0, Avg:  0.0, Max: 0, Diff: 0, Sum: 0, Workers: 4
[1.824s][debug][gc,phases   ] GC(0)   StringDedup Requests0 Weak     Min:  0.0, Avg:  0.0, Max:  0.0, Diff:  0.0, Sum:  0.0, Workers: 4
[1.824s][debug][gc,phases   ] GC(0)     Dead                           Min: 0, Avg:  0.0, Max: 0, Diff: 0, Sum: 0, Workers: 4
[1.824s][debug][gc,phases   ] GC(0)     Total                          Min: 0, Avg:  0.0, Max: 0, Diff: 0, Sum: 0, Workers: 4
[1.824s][debug][gc,phases   ] GC(0)   StringDedup Requests1 Weak     Min:  0.0, Avg:  0.0, Max:  0.0, Diff:  0.0, Sum:  0.0, Workers: 4
[1.824s][debug][gc,phases   ] GC(0)     Dead                           Min: 0, Avg:  0.0, Max: 0, Diff: 0, Sum: 0, Workers: 4
[1.824s][debug][gc,phases   ] GC(0)     Total                          Min: 0, Avg:  0.0, Max: 0, Diff: 0, Sum: 0, Workers: 4
[1.824s][debug][gc,phases   ] GC(0)   Weak JFR Old Object Samples    Min:  0.0, Avg:  0.0, Max:  0.0, Diff:  0.0, Sum:  0.0, Workers: 4
[1.824s][debug][gc,phases   ] GC(0)     Dead                           Min: 0, Avg:  0.0, Max: 0, Diff: 0, Sum: 0, Workers: 4
[1.824s][debug][gc,phases   ] GC(0)     Total                          Min: 0, Avg:  0.0, Max: 0, Diff: 0, Sum: 0, Workers: 4
[1.824s][debug][gc,phases   ] GC(0) Weak Processing 0.399ms
[1.824s][debug][gc,age      ] GC(0) Desired survivor size 536870912 bytes, new threshold 7 (max threshold 15)
[1.824s][info ][gc,heap     ] GC(0) PSYoungGen: 382831K(1572864K)->37779K(1572864K) Eden: 382831K(1048576K)->0K(1048576K) From: 0K(524288K)->37779K(524288K)
[1.824s][info ][gc,heap     ] GC(0) ParOldGen: 1073K(6144K)->1153K(6144K)
[1.824s][info ][gc,metaspace] GC(0) Metaspace: 21086K(21504K)->21086K(21504K) NonClass: 18762K(18944K)->18762K(18944K) Class: 2323K(2560K)->2323K(2560K)
[1.824s][info ][gc          ] GC(0) Pause Young (Metadata GC Threshold) 374M->38M(1542M) 20.162ms
[1.824s][info ][gc,cpu      ] GC(0) User=0.04s Sys=0.02s Real=0.02s
[1.824s][debug][gc,phases   ] GC(1) Pre Compact 0.011ms
[1.824s][info ][gc,start    ] GC(1) Pause Full (Metadata GC Threshold)
[1.824s][info ][gc,phases,start] GC(1) Marking Phase
[1.835s][debug][gc,phases      ] GC(1) Par Mark 10.917ms
[1.835s][debug][gc,ref         ] GC(1) ReferenceProcessor::execute queues: 2, RefProcThreadModel::Multi, marks_oops_alive: false
[1.841s][debug][gc,ref         ] GC(1) ReferenceProcessor::execute queues: 4, RefProcThreadModel::Multi, marks_oops_alive: true
[1.841s][debug][gc,ref         ] GC(1) ReferenceProcessor::execute queues: 1, RefProcThreadModel::Single, marks_oops_alive: false
[1.841s][debug][gc,phases      ] GC(1) Reference Processing 6.622ms
[1.842s][debug][gc,phases      ] GC(1)   VM Weak                        Min:  0.0, Avg:  0.0, Max:  0.0, Diff:  0.0, Sum:  0.0, Workers: 4
[1.842s][debug][gc,phases      ] GC(1)     Dead                           Min: 0, Avg:  0.0, Max: 0, Diff: 0, Sum: 0, Workers: 4
[1.842s][debug][gc,phases      ] GC(1)     Total                          Min: 0, Avg: 60.0, Max: 240, Diff: 240, Sum: 240, Workers: 4
[1.842s][debug][gc,phases      ] GC(1)   ObjectSynchronizer Weak        Min:  0.0, Avg:  0.0, Max:  0.0, Diff:  0.0, Sum:  0.0, Workers: 4
[1.842s][debug][gc,phases      ] GC(1)     Dead                           Min: 0, Avg:  0.0, Max: 0, Diff: 0, Sum: 0, Workers: 4
[1.842s][debug][gc,phases      ] GC(1)     Total                          Min: 0, Avg:  2.5, Max: 10, Diff: 10, Sum: 10, Workers: 4
[1.842s][debug][gc,phases      ] GC(1)   JVMTI Tag Weak OopStorage      Min:  0.0, Avg:  0.0, Max:  0.0, Diff:  0.0, Sum:  0.0, Workers: 4
[1.842s][debug][gc,phases      ] GC(1)     Dead                           Min: 0, Avg:  0.0, Max: 0, Diff: 0, Sum: 0, Workers: 4
[1.842s][debug][gc,phases      ] GC(1)     Total                          Min: 0, Avg:  0.0, Max: 0, Diff: 0, Sum: 0, Workers: 4
[1.842s][debug][gc,phases      ] GC(1)   StringTable Weak               Min:  0.0, Avg:  0.0, Max:  0.1, Diff:  0.1, Sum:  0.1, Workers: 4
[1.842s][debug][gc,phases      ] GC(1)     Dead                           Min: 0, Avg:  0.0, Max: 0, Diff: 0, Sum: 0, Workers: 4
[1.842s][debug][gc,phases      ] GC(1)     Total                          Min: 0, Avg: 1994.5, Max: 4266, Diff: 4266, Sum: 7978, Workers: 4
[1.842s][debug][gc,phases      ] GC(1)   ResolvedMethodTable Weak       Min:  0.0, Avg:  0.0, Max:  0.0, Diff:  0.0, Sum:  0.0, Workers: 4
[1.842s][debug][gc,phases      ] GC(1)     Dead                           Min: 0, Avg:  0.0, Max: 0, Diff: 0, Sum: 0, Workers: 4
[1.842s][debug][gc,phases      ] GC(1)     Total                          Min: 0, Avg: 469.2, Max: 960, Diff: 960, Sum: 1877, Workers: 4
[1.842s][debug][gc,phases      ] GC(1)   JNI Weak                       Min:  0.0, Avg:  0.0, Max:  0.0, Diff:  0.0, Sum:  0.0, Workers: 4
[1.842s][debug][gc,phases      ] GC(1)     Dead                           Min: 0, Avg:  0.0, Max: 0, Diff: 0, Sum: 0, Workers: 4
[1.842s][debug][gc,phases      ] GC(1)     Total                          Min: 0, Avg: 12.2, Max: 49, Diff: 49, Sum: 49, Workers: 4
[1.842s][debug][gc,phases      ] GC(1)   StringDedup Table Weak         Min:  0.0, Avg:  0.0, Max:  0.0, Diff:  0.0, Sum:  0.0, Workers: 4
[1.842s][debug][gc,phases      ] GC(1)     Dead                           Min: 0, Avg:  0.0, Max: 0, Diff: 0, Sum: 0, Workers: 4
[1.842s][debug][gc,phases      ] GC(1)     Total                          Min: 0, Avg:  0.0, Max: 0, Diff: 0, Sum: 0, Workers: 4
[1.842s][debug][gc,phases      ] GC(1)   StringDedup Requests0 Weak     Min:  0.0, Avg:  0.0, Max:  0.0, Diff:  0.0, Sum:  0.0, Workers: 4
[1.842s][debug][gc,phases      ] GC(1)     Dead                           Min: 0, Avg:  0.0, Max: 0, Diff: 0, Sum: 0, Workers: 4
[1.842s][debug][gc,phases      ] GC(1)     Total                          Min: 0, Avg:  0.0, Max: 0, Diff: 0, Sum: 0, Workers: 4
[1.842s][debug][gc,phases      ] GC(1)   StringDedup Requests1 Weak     Min:  0.0, Avg:  0.0, Max:  0.0, Diff:  0.0, Sum:  0.0, Workers: 4
[1.842s][debug][gc,phases      ] GC(1)     Dead                           Min: 0, Avg:  0.0, Max: 0, Diff: 0, Sum: 0, Workers: 4
[1.842s][debug][gc,phases      ] GC(1)     Total                          Min: 0, Avg:  0.0, Max: 0, Diff: 0, Sum: 0, Workers: 4
[1.842s][debug][gc,phases      ] GC(1)   Weak JFR Old Object Samples    Min:  0.0, Avg:  0.0, Max:  0.0, Diff:  0.0, Sum:  0.0, Workers: 4
[1.842s][debug][gc,phases      ] GC(1)     Dead                           Min: 0, Avg:  0.0, Max: 0, Diff: 0, Sum: 0, Workers: 4
[1.842s][debug][gc,phases      ] GC(1)     Total                          Min: 0, Avg:  0.0, Max: 0, Diff: 0, Sum: 0, Workers: 4
[1.842s][debug][gc,phases      ] GC(1) Weak Processing 0.377ms
[1.842s][debug][gc,phases      ] GC(1) ClassLoaderData 0.029ms
[1.842s][debug][gc,phases      ] GC(1) Trigger cleanups 0.000ms
[1.848s][debug][gc,phases      ] GC(1) Purge Unlinked NMethods 0.002ms
[1.848s][debug][gc,phases      ] GC(1) Unregister NMethods 0.013ms
[1.848s][debug][gc,phases      ] GC(1) Free Code Blobs 0.002ms
[1.848s][debug][gc,phases      ] GC(1) Class Unloading 6.363ms
[1.848s][debug][gc,phases      ] GC(1) Report Object Count 0.001ms
[1.848s][info ][gc,phases      ] GC(1) Marking Phase 24.354ms
[1.848s][info ][gc,phases,start] GC(1) Summary Phase
[1.848s][info ][gc,phases      ] GC(1) Summary Phase 0.008ms
[1.848s][info ][gc,phases,start] GC(1) Adjust Roots
[1.853s][info ][gc,phases      ] GC(1) Adjust Roots 4.598ms
[1.853s][info ][gc,phases,start] GC(1) Compaction Phase
[1.877s][info ][gc,phases      ] GC(1) Compaction Phase 24.636ms
[1.878s][info ][gc,phases,start] GC(1) Post Compact
[1.879s][debug][gc,phases      ] GC(1) Purge Class Loader Data 0.785ms
[1.879s][info ][gc,phases      ] GC(1) Post Compact 1.550ms
[1.879s][info ][gc,heap        ] GC(1) PSYoungGen: 37779K(1572864K)->32505K(1572864K) Eden: 0K(1048576K)->0K(1048576K) From: 37779K(524288K)->32505K(524288K)
[1.879s][info ][gc,heap        ] GC(1) ParOldGen: 1153K(6144K)->6122K(6144K)
[1.879s][info ][gc,metaspace   ] GC(1) Metaspace: 21086K(21504K)->21086K(21504K) NonClass: 18762K(18944K)->18762K(18944K) Class: 2323K(2560K)->2323K(2560K)
[1.879s][info ][gc             ] GC(1) Pause Full (Metadata GC Threshold) 38M->37M(1542M) 55.252ms
[1.879s][info ][gc,cpu         ] GC(1) User=0.12s Sys=0.00s Real=0.05s
[1.879s][info ][safepoint      ] Safepoint "CollectForMetadataAllocation", Time since last: 176092744 ns, Reaching safepoint: 3000 ns, Cleanup: 67200 ns, At safepoint: 75537133 ns, Total: 75607333 ns
[2.232s][info ][safepoint      ] Safepoint "ICBufferFull", Time since last: 352613989 ns, Reaching safepoint: 2900 ns, Cleanup: 101700 ns, At safepoint: 5800 ns, Total: 110400 ns
[2.441s][info ][safepoint      ] Safepoint "ICBufferFull", Time since last: 208819245 ns, Reaching safepoint: 3600 ns, Cleanup: 122000 ns, At safepoint: 7500 ns, Total: 133100 ns
[2.571s][info ][safepoint      ] Safepoint "ICBufferFull", Time since last: 129789501 ns, Reaching safepoint: 2700 ns, Cleanup: 135001 ns, At safepoint: 5100 ns, Total: 142801 ns
[2.671s][info ][safepoint      ] Safepoint "ICBufferFull", Time since last: 100502410 ns, Reaching safepoint: 3400 ns, Cleanup: 118100 ns, At safepoint: 2100 ns, Total: 123600 ns
[3.113s][info ][gc,start       ] GC(2) Pause Young (Metadata GC Threshold)
[3.142s][debug][gc,phases      ] GC(2) Scavenge 29.036ms
[3.142s][debug][gc,ref         ] GC(2) ReferenceProcessor::execute queues: 4, RefProcThreadModel::Multi, marks_oops_alive: false
[3.143s][debug][gc,ref         ] GC(2) Skipped KeepAliveFinalRefsPhase of Reference Processing: no references
[3.143s][debug][gc,ref         ] GC(2) ReferenceProcessor::execute queues: 2, RefProcThreadModel::Multi, marks_oops_alive: false
[3.143s][debug][gc,phases      ] GC(2) Reference Processing 0.440ms
[3.143s][debug][gc,phases      ] GC(2)   VM Weak                        Min:  0.0, Avg:  0.0, Max:  0.0, Diff:  0.0, Sum:  0.0, Workers: 4
[3.143s][debug][gc,phases      ] GC(2)     Dead                           Min: 0, Avg:  0.0, Max: 0, Diff: 0, Sum: 0, Workers: 4
[3.143s][debug][gc,phases      ] GC(2)     Total                          Min: 34, Avg: 72.5, Max: 128, Diff: 94, Sum: 290, Workers: 4
[3.143s][debug][gc,phases      ] GC(2)   ObjectSynchronizer Weak        Min:  0.0, Avg:  0.0, Max:  0.0, Diff:  0.0, Sum:  0.0, Workers: 4
[3.143s][debug][gc,phases      ] GC(2)     Dead                           Min: 0, Avg:  0.0, Max: 0, Diff: 0, Sum: 0, Workers: 4
[3.143s][debug][gc,phases      ] GC(2)     Total                          Min: 0, Avg:  2.5, Max: 10, Diff: 10, Sum: 10, Workers: 4
[3.143s][debug][gc,phases      ] GC(2)   JVMTI Tag Weak OopStorage      Min:  0.0, Avg:  0.0, Max:  0.0, Diff:  0.0, Sum:  0.0, Workers: 4
[3.143s][debug][gc,phases      ] GC(2)     Dead                           Min: 0, Avg:  0.0, Max: 0, Diff: 0, Sum: 0, Workers: 4
[3.143s][debug][gc,phases      ] GC(2)     Total                          Min: 0, Avg:  0.0, Max: 0, Diff: 0, Sum: 0, Workers: 4
[3.143s][debug][gc,phases      ] GC(2)   StringTable Weak               Min:  0.1, Avg:  0.1, Max:  0.1, Diff:  0.0, Sum:  0.4, Workers: 4
[3.143s][debug][gc,phases      ] GC(2)     Dead                           Min: 1, Avg:  2.8, Max: 5, Diff: 4, Sum: 11, Workers: 4
[3.143s][debug][gc,phases      ] GC(2)     Total                          Min: 3456, Avg: 3674.8, Max: 4160, Diff: 704, Sum: 14699, Workers: 4
[3.143s][debug][gc,phases      ] GC(2)   ResolvedMethodTable Weak       Min:  0.0, Avg:  0.0, Max:  0.0, Diff:  0.0, Sum:  0.1, Workers: 4
[3.143s][debug][gc,phases      ] GC(2)     Dead                           Min: 361, Avg: 439.5, Max: 612, Diff: 251, Sum: 1758, Workers: 4
[3.143s][debug][gc,phases      ] GC(2)     Total                          Min: 1152, Avg: 1197.5, Max: 1270, Diff: 118, Sum: 4790, Workers: 4
[3.143s][debug][gc,phases      ] GC(2)   JNI Weak                       Min:  0.0, Avg:  0.0, Max:  0.0, Diff:  0.0, Sum:  0.0, Workers: 4
[3.143s][debug][gc,phases      ] GC(2)     Dead                           Min: 0, Avg:  0.0, Max: 0, Diff: 0, Sum: 0, Workers: 4
[3.143s][debug][gc,phases      ] GC(2)     Total                          Min: 0, Avg: 12.5, Max: 48, Diff: 48, Sum: 50, Workers: 4
[3.143s][debug][gc,phases      ] GC(2)   StringDedup Table Weak         Min:  0.0, Avg:  0.0, Max:  0.0, Diff:  0.0, Sum:  0.0, Workers: 4
[3.143s][debug][gc,phases      ] GC(2)     Dead                           Min: 0, Avg:  0.0, Max: 0, Diff: 0, Sum: 0, Workers: 4
[3.143s][debug][gc,phases      ] GC(2)     Total                          Min: 0, Avg:  0.0, Max: 0, Diff: 0, Sum: 0, Workers: 4
[3.143s][debug][gc,phases      ] GC(2)   StringDedup Requests0 Weak     Min:  0.0, Avg:  0.0, Max:  0.0, Diff:  0.0, Sum:  0.0, Workers: 4
[3.143s][debug][gc,phases      ] GC(2)     Dead                           Min: 0, Avg:  0.0, Max: 0, Diff: 0, Sum: 0, Workers: 4
[3.143s][debug][gc,phases      ] GC(2)     Total                          Min: 0, Avg:  0.0, Max: 0, Diff: 0, Sum: 0, Workers: 4
[3.143s][debug][gc,phases      ] GC(2)   StringDedup Requests1 Weak     Min:  0.0, Avg:  0.0, Max:  0.0, Diff:  0.0, Sum:  0.0, Workers: 4
[3.143s][debug][gc,phases      ] GC(2)     Dead                           Min: 0, Avg:  0.0, Max: 0, Diff: 0, Sum: 0, Workers: 4
[3.143s][debug][gc,phases      ] GC(2)     Total                          Min: 0, Avg:  0.0, Max: 0, Diff: 0, Sum: 0, Workers: 4
[3.143s][debug][gc,phases      ] GC(2)   Weak JFR Old Object Samples    Min:  0.0, Avg:  0.0, Max:  0.0, Diff:  0.0, Sum:  0.0, Workers: 4
[3.143s][debug][gc,phases      ] GC(2)     Dead                           Min: 0, Avg:  0.0, Max: 0, Diff: 0, Sum: 0, Workers: 4
[3.143s][debug][gc,phases      ] GC(2)     Total                          Min: 0, Avg:  0.0, Max: 0, Diff: 0, Sum: 0, Workers: 4
[3.143s][debug][gc,phases      ] GC(2) Weak Processing 0.331ms
[3.143s][debug][gc,age         ] GC(2) Desired survivor size 536870912 bytes, new threshold 7 (max threshold 15)
[3.143s][info ][gc,heap        ] GC(2) PSYoungGen: 577831K(1572864K)->55395K(1572864K) Eden: 545325K(1048576K)->0K(1048576K) From: 32505K(524288K)->55395K(524288K)
[3.143s][info ][gc,heap        ] GC(2) ParOldGen: 6122K(6144K)->6130K(6144K)
[3.143s][info ][gc,metaspace   ] GC(2) Metaspace: 35407K(35840K)->35407K(35840K) NonClass: 30866K(31104K)->30866K(31104K) Class: 4541K(4736K)->4541K(4736K)
[3.143s][info ][gc             ] GC(2) Pause Young (Metadata GC Threshold) 570M->60M(1542M) 29.929ms
[3.143s][info ][gc,cpu         ] GC(2) User=0.08s Sys=0.03s Real=0.04s
[3.143s][debug][gc,phases      ] GC(3) Pre Compact 0.008ms
[3.143s][info ][gc,start       ] GC(3) Pause Full (Metadata GC Threshold)
[3.143s][info ][gc,phases,start] GC(3) Marking Phase
[3.162s][debug][gc,phases      ] GC(3) Par Mark 18.860ms
[3.162s][debug][gc,ref         ] GC(3) ReferenceProcessor::execute queues: 4, RefProcThreadModel::Multi, marks_oops_alive: false
[3.162s][debug][gc,ref         ] GC(3) ReferenceProcessor::execute queues: 4, RefProcThreadModel::Multi, marks_oops_alive: true
[3.163s][debug][gc,ref         ] GC(3) ReferenceProcessor::execute queues: 1, RefProcThreadModel::Single, marks_oops_alive: false
[3.163s][debug][gc,phases      ] GC(3) Reference Processing 0.606ms
[3.163s][debug][gc,phases      ] GC(3)   VM Weak                        Min:  0.0, Avg:  0.0, Max:  0.0, Diff:  0.0, Sum:  0.0, Workers: 4
[3.163s][debug][gc,phases      ] GC(3)     Dead                           Min: 0, Avg:  0.0, Max: 0, Diff: 0, Sum: 0, Workers: 4
[3.163s][debug][gc,phases      ] GC(3)     Total                          Min: 0, Avg: 72.5, Max: 226, Diff: 226, Sum: 290, Workers: 4
[3.163s][debug][gc,phases      ] GC(3)   ObjectSynchronizer Weak        Min:  0.0, Avg:  0.0, Max:  0.0, Diff:  0.0, Sum:  0.0, Workers: 4
[3.163s][debug][gc,phases      ] GC(3)     Dead                           Min: 0, Avg:  0.0, Max: 0, Diff: 0, Sum: 0, Workers: 4
[3.163s][debug][gc,phases      ] GC(3)     Total                          Min: 0, Avg:  2.5, Max: 10, Diff: 10, Sum: 10, Workers: 4
[3.163s][debug][gc,phases      ] GC(3)   JVMTI Tag Weak OopStorage      Min:  0.0, Avg:  0.0, Max:  0.0, Diff:  0.0, Sum:  0.0, Workers: 4
[3.163s][debug][gc,phases      ] GC(3)     Dead                           Min: 0, Avg:  0.0, Max: 0, Diff: 0, Sum: 0, Workers: 4
[3.163s][debug][gc,phases      ] GC(3)     Total                          Min: 0, Avg:  0.0, Max: 0, Diff: 0, Sum: 0, Workers: 4
[3.163s][debug][gc,phases      ] GC(3)   StringTable Weak               Min:  0.0, Avg:  0.0, Max:  0.1, Diff:  0.1, Sum:  0.2, Workers: 4
[3.163s][debug][gc,phases      ] GC(3)     Dead                           Min: 0, Avg:  0.0, Max: 0, Diff: 0, Sum: 0, Workers: 4
[3.163s][debug][gc,phases      ] GC(3)     Total                          Min: 0, Avg: 3674.8, Max: 5248, Diff: 5248, Sum: 14699, Workers: 4
[3.163s][debug][gc,phases      ] GC(3)   ResolvedMethodTable Weak       Min:  0.0, Avg:  0.0, Max:  0.0, Diff:  0.0, Sum:  0.1, Workers: 4
[3.163s][debug][gc,phases      ] GC(3)     Dead                           Min: 0, Avg:  0.0, Max: 0, Diff: 0, Sum: 0, Workers: 4
[3.163s][debug][gc,phases      ] GC(3)     Total                          Min: 0, Avg: 1197.5, Max: 1718, Diff: 1718, Sum: 4790, Workers: 4
[3.163s][debug][gc,phases      ] GC(3)   JNI Weak                       Min:  0.0, Avg:  0.0, Max:  0.0, Diff:  0.0, Sum:  0.0, Workers: 4
[3.163s][debug][gc,phases      ] GC(3)     Dead                           Min: 0, Avg:  0.0, Max: 0, Diff: 0, Sum: 0, Workers: 4
[3.163s][debug][gc,phases      ] GC(3)     Total                          Min: 0, Avg: 12.5, Max: 48, Diff: 48, Sum: 50, Workers: 4
[3.163s][debug][gc,phases      ] GC(3)   StringDedup Table Weak         Min:  0.0, Avg:  0.0, Max:  0.0, Diff:  0.0, Sum:  0.0, Workers: 4
[3.163s][debug][gc,phases      ] GC(3)     Dead                           Min: 0, Avg:  0.0, Max: 0, Diff: 0, Sum: 0, Workers: 4
[3.163s][debug][gc,phases      ] GC(3)     Total                          Min: 0, Avg:  0.0, Max: 0, Diff: 0, Sum: 0, Workers: 4
[3.163s][debug][gc,phases      ] GC(3)   StringDedup Requests0 Weak     Min:  0.0, Avg:  0.0, Max:  0.0, Diff:  0.0, Sum:  0.0, Workers: 4
[3.163s][debug][gc,phases      ] GC(3)     Dead                           Min: 0, Avg:  0.0, Max: 0, Diff: 0, Sum: 0, Workers: 4
[3.163s][debug][gc,phases      ] GC(3)     Total                          Min: 0, Avg:  0.0, Max: 0, Diff: 0, Sum: 0, Workers: 4
[3.163s][debug][gc,phases      ] GC(3)   StringDedup Requests1 Weak     Min:  0.0, Avg:  0.0, Max:  0.0, Diff:  0.0, Sum:  0.0, Workers: 4
[3.163s][debug][gc,phases      ] GC(3)     Dead                           Min: 0, Avg:  0.0, Max: 0, Diff: 0, Sum: 0, Workers: 4
[3.163s][debug][gc,phases      ] GC(3)     Total                          Min: 0, Avg:  0.0, Max: 0, Diff: 0, Sum: 0, Workers: 4
[3.163s][debug][gc,phases      ] GC(3)   Weak JFR Old Object Samples    Min:  0.0, Avg:  0.0, Max:  0.0, Diff:  0.0, Sum:  0.0, Workers: 4
[3.163s][debug][gc,phases      ] GC(3)     Dead                           Min: 0, Avg:  0.0, Max: 0, Diff: 0, Sum: 0, Workers: 4
[3.163s][debug][gc,phases      ] GC(3)     Total                          Min: 0, Avg:  0.0, Max: 0, Diff: 0, Sum: 0, Workers: 4
[3.163s][debug][gc,phases      ] GC(3) Weak Processing 0.258ms
[3.163s][debug][gc,phases      ] GC(3) ClassLoaderData 0.026ms
[3.163s][debug][gc,phases      ] GC(3) Trigger cleanups 0.000ms
[3.170s][debug][gc,phases      ] GC(3) Purge Unlinked NMethods 0.409ms
[3.170s][debug][gc,phases      ] GC(3) Unregister NMethods 0.008ms
[3.171s][debug][gc,phases      ] GC(3) Free Code Blobs 0.114ms
[3.171s][debug][gc,phases      ] GC(3) Class Unloading 7.496ms
[3.171s][debug][gc,phases      ] GC(3) Report Object Count 0.001ms
[3.171s][info ][gc,phases      ] GC(3) Marking Phase 27.285ms
[3.171s][info ][gc,phases,start] GC(3) Summary Phase
[3.171s][info ][gc,phases      ] GC(3) Summary Phase 0.006ms
[3.171s][info ][gc,phases,start] GC(3) Adjust Roots
[3.175s][info ][gc,phases      ] GC(3) Adjust Roots 4.308ms
[3.175s][info ][gc,phases,start] GC(3) Compaction Phase
[3.348s][info ][gc,phases      ] GC(3) Compaction Phase 173.300ms
[3.348s][info ][gc,phases,start] GC(3) Post Compact
[3.350s][debug][gc,phases      ] GC(3) Purge Class Loader Data 1.036ms
[3.350s][info ][gc,phases      ] GC(3) Post Compact 1.674ms
[3.350s][info ][gc,heap        ] GC(3) PSYoungGen: 55395K(1572864K)->55192K(1572864K) Eden: 0K(1048576K)->0K(1048576K) From: 55395K(524288K)->55192K(524288K)
[3.350s][info ][gc,heap        ] GC(3) ParOldGen: 6130K(6144K)->6086K(6144K)
[3.350s][info ][gc,metaspace   ] GC(3) Metaspace: 35407K(35840K)->35407K(35840K) NonClass: 30866K(31104K)->30866K(31104K) Class: 4541K(4736K)->4541K(4736K)
[3.350s][info ][gc             ] GC(3) Pause Full (Metadata GC Threshold) 60M->59M(1542M) 206.676ms
[3.350s][info ][gc,cpu         ] GC(3) User=0.44s Sys=0.01s Real=0.20s
[3.350s][info ][safepoint      ] Safepoint "CollectForMetadataAllocation", Time since last: 441727064 ns, Reaching safepoint: 3000 ns, Cleanup: 145201 ns, At safepoint: 236726231 ns, Total: 236874432 ns
[3.466s][info ][safepoint      ] Safepoint "ICBufferFull", Time since last: 115750357 ns, Reaching safepoint: 2600 ns, Cleanup: 150200 ns, At safepoint: 8200 ns, Total: 161000 ns
[3.630s][info ][safepoint      ] Safepoint "ICBufferFull", Time since last: 163910907 ns, Reaching safepoint: 3600 ns, Cleanup: 117600 ns, At safepoint: 4900 ns, Total: 126100 ns
[3.847s][info ][safepoint      ] Safepoint "ICBufferFull", Time since last: 217369171 ns, Reaching safepoint: 2200 ns, Cleanup: 154201 ns, At safepoint: 2000 ns, Total: 158401 ns
[4.262s][info ][safepoint      ] Safepoint "ICBufferFull", Time since last: 414800380 ns, Reaching safepoint: 75701 ns, Cleanup: 125600 ns, At safepoint: 7400 ns, Total: 208701 ns
[4.382s][info ][safepoint      ] Safepoint "ICBufferFull", Time since last: 119815070 ns, Reaching safepoint: 79300 ns, Cleanup: 114301 ns, At safepoint: 6000 ns, Total: 199601 ns
[4.625s][info ][safepoint      ] Safepoint "ICBufferFull", Time since last: 242060447 ns, Reaching safepoint: 3200 ns, Cleanup: 132900 ns, At safepoint: 2100 ns, Total: 138200 ns
[4.732s][info ][safepoint      ] Safepoint "ICBufferFull", Time since last: 107556633 ns, Reaching safepoint: 3100 ns, Cleanup: 116200 ns, At safepoint: 10300 ns, Total: 129600 ns
[4.998s][info ][safepoint      ] Safepoint "ICBufferFull", Time since last: 265710620 ns, Reaching safepoint: 84801 ns, Cleanup: 148600 ns, At safepoint: 2000 ns, Total: 235401 ns
[5.426s][info ][gc,start       ] GC(4) Pause Young (Metadata GC Threshold)
[5.463s][debug][gc,phases      ] GC(4) Scavenge 37.099ms
[5.463s][debug][gc,ref         ] GC(4) ReferenceProcessor::execute queues: 4, RefProcThreadModel::Multi, marks_oops_alive: false
[5.463s][debug][gc,ref         ] GC(4) Skipped KeepAliveFinalRefsPhase of Reference Processing: no references
[5.463s][debug][gc,ref         ] GC(4) ReferenceProcessor::execute queues: 4, RefProcThreadModel::Multi, marks_oops_alive: false
[5.464s][debug][gc,phases      ] GC(4) Reference Processing 0.815ms
[5.464s][debug][gc,phases      ] GC(4)   VM Weak                        Min:  0.0, Avg:  0.0, Max:  0.0, Diff:  0.0, Sum:  0.0, Workers: 4
[5.464s][debug][gc,phases      ] GC(4)     Dead                           Min: 0, Avg:  0.0, Max: 0, Diff: 0, Sum: 0, Workers: 4
[5.464s][debug][gc,phases      ] GC(4)     Total                          Min: 0, Avg: 116.0, Max: 256, Diff: 256, Sum: 464, Workers: 4
[5.464s][debug][gc,phases      ] GC(4)   ObjectSynchronizer Weak        Min:  0.0, Avg:  0.0, Max:  0.0, Diff:  0.0, Sum:  0.0, Workers: 4
[5.464s][debug][gc,phases      ] GC(4)     Dead                           Min: 0, Avg:  0.0, Max: 0, Diff: 0, Sum: 0, Workers: 4
[5.464s][debug][gc,phases      ] GC(4)     Total                          Min: 0, Avg:  2.5, Max: 10, Diff: 10, Sum: 10, Workers: 4
[5.464s][debug][gc,phases      ] GC(4)   JVMTI Tag Weak OopStorage      Min:  0.0, Avg:  0.0, Max:  0.0, Diff:  0.0, Sum:  0.0, Workers: 4
[5.464s][debug][gc,phases      ] GC(4)     Dead                           Min: 0, Avg:  0.0, Max: 0, Diff: 0, Sum: 0, Workers: 4
[5.464s][debug][gc,phases      ] GC(4)     Total                          Min: 0, Avg:  0.0, Max: 0, Diff: 0, Sum: 0, Workers: 4
[5.464s][debug][gc,phases      ] GC(4)   StringTable Weak               Min:  0.2, Avg:  0.2, Max:  0.2, Diff:  0.0, Sum:  0.7, Workers: 4
[5.464s][debug][gc,phases      ] GC(4)     Dead                           Min: 1, Avg:  3.8, Max: 7, Diff: 6, Sum: 15, Workers: 4
[5.464s][debug][gc,phases      ] GC(4)     Total                          Min: 6621, Avg: 6951.2, Max: 7232, Diff: 611, Sum: 27805, Workers: 4
[5.464s][debug][gc,phases      ] GC(4)   ResolvedMethodTable Weak       Min:  0.1, Avg:  0.1, Max:  0.1, Diff:  0.0, Sum:  0.3, Workers: 4
[5.464s][debug][gc,phases      ] GC(4)     Dead                           Min: 820, Avg: 979.8, Max: 1188, Diff: 368, Sum: 3919, Workers: 4
[5.464s][debug][gc,phases      ] GC(4)     Total                          Min: 2752, Avg: 2863.0, Max: 3004, Diff: 252, Sum: 11452, Workers: 4
[5.464s][debug][gc,phases      ] GC(4)   JNI Weak                       Min:  0.0, Avg:  0.0, Max:  0.0, Diff:  0.0, Sum:  0.0, Workers: 4
[5.464s][debug][gc,phases      ] GC(4)     Dead                           Min: 0, Avg:  0.0, Max: 0, Diff: 0, Sum: 0, Workers: 4
[5.464s][debug][gc,phases      ] GC(4)     Total                          Min: 0, Avg: 12.0, Max: 48, Diff: 48, Sum: 48, Workers: 4
[5.464s][debug][gc,phases      ] GC(4)   StringDedup Table Weak         Min:  0.0, Avg:  0.0, Max:  0.0, Diff:  0.0, Sum:  0.0, Workers: 4
[5.464s][debug][gc,phases      ] GC(4)     Dead                           Min: 0, Avg:  0.0, Max: 0, Diff: 0, Sum: 0, Workers: 4
[5.464s][debug][gc,phases      ] GC(4)     Total                          Min: 0, Avg:  0.0, Max: 0, Diff: 0, Sum: 0, Workers: 4
[5.464s][debug][gc,phases      ] GC(4)   StringDedup Requests0 Weak     Min:  0.0, Avg:  0.0, Max:  0.0, Diff:  0.0, Sum:  0.0, Workers: 4
[5.464s][debug][gc,phases      ] GC(4)     Dead                           Min: 0, Avg:  0.0, Max: 0, Diff: 0, Sum: 0, Workers: 4
[5.464s][debug][gc,phases      ] GC(4)     Total                          Min: 0, Avg:  0.0, Max: 0, Diff: 0, Sum: 0, Workers: 4
[5.464s][debug][gc,phases      ] GC(4)   StringDedup Requests1 Weak     Min:  0.0, Avg:  0.0, Max:  0.0, Diff:  0.0, Sum:  0.0, Workers: 4
[5.464s][debug][gc,phases      ] GC(4)     Dead                           Min: 0, Avg:  0.0, Max: 0, Diff: 0, Sum: 0, Workers: 4
[5.464s][debug][gc,phases      ] GC(4)     Total                          Min: 0, Avg:  0.0, Max: 0, Diff: 0, Sum: 0, Workers: 4
[5.464s][debug][gc,phases      ] GC(4)   Weak JFR Old Object Samples    Min:  0.0, Avg:  0.0, Max:  0.0, Diff:  0.0, Sum:  0.0, Workers: 4
[5.464s][debug][gc,phases      ] GC(4)     Dead                           Min: 0, Avg:  0.0, Max: 0, Diff: 0, Sum: 0, Workers: 4
[5.464s][debug][gc,phases      ] GC(4)     Total                          Min: 0, Avg:  0.0, Max: 0, Diff: 0, Sum: 0, Workers: 4
[5.464s][debug][gc,phases      ] GC(4) Weak Processing 0.460ms
[5.464s][debug][gc,age         ] GC(4) Desired survivor size 536870912 bytes, new threshold 7 (max threshold 15)
[5.464s][info ][gc,heap        ] GC(4) PSYoungGen: 452034K(1572864K)->77174K(1572864K) Eden: 396842K(1048576K)->0K(1048576K) From: 55192K(524288K)->77174K(524288K)
[5.464s][info ][gc,heap        ] GC(4) ParOldGen: 6086K(6144K)->6110K(6144K)
[5.464s][info ][gc,metaspace   ] GC(4) Metaspace: 59132K(59776K)->59132K(59776K) NonClass: 49693K(50048K)->49693K(50048K) Class: 9438K(9728K)->9438K(9728K)
[5.464s][info ][gc             ] GC(4) Pause Young (Metadata GC Threshold) 447M->81M(1542M) 38.494ms
[5.464s][info ][gc,cpu         ] GC(4) User=0.12s Sys=0.03s Real=0.04s
[5.464s][debug][gc,phases      ] GC(5) Pre Compact 0.008ms
[5.464s][info ][gc,start       ] GC(5) Pause Full (Metadata GC Threshold)
[5.464s][info ][gc,phases,start] GC(5) Marking Phase
[5.495s][debug][gc,phases      ] GC(5) Par Mark 30.746ms
[5.495s][debug][gc,ref         ] GC(5) ReferenceProcessor::execute queues: 4, RefProcThreadModel::Multi, marks_oops_alive: false
[5.495s][debug][gc,ref         ] GC(5) ReferenceProcessor::execute queues: 4, RefProcThreadModel::Multi, marks_oops_alive: true
[5.495s][debug][gc,ref         ] GC(5) ReferenceProcessor::execute queues: 1, RefProcThreadModel::Single, marks_oops_alive: false
[5.495s][debug][gc,phases      ] GC(5) Reference Processing 0.431ms
[5.496s][debug][gc,phases      ] GC(5)   VM Weak                        Min:  0.0, Avg:  0.0, Max:  0.0, Diff:  0.0, Sum:  0.0, Workers: 4
[5.496s][debug][gc,phases      ] GC(5)     Dead                           Min: 0, Avg:  0.0, Max: 0, Diff: 0, Sum: 0, Workers: 4
[5.496s][debug][gc,phases      ] GC(5)     Total                          Min: 0, Avg: 116.0, Max: 192, Diff: 192, Sum: 464, Workers: 4
[5.496s][debug][gc,phases      ] GC(5)   ObjectSynchronizer Weak        Min:  0.0, Avg:  0.0, Max:  0.0, Diff:  0.0, Sum:  0.0, Workers: 4
[5.496s][debug][gc,phases      ] GC(5)     Dead                           Min: 0, Avg:  0.0, Max: 0, Diff: 0, Sum: 0, Workers: 4
[5.496s][debug][gc,phases      ] GC(5)     Total                          Min: 0, Avg:  2.5, Max: 10, Diff: 10, Sum: 10, Workers: 4
[5.496s][debug][gc,phases      ] GC(5)   JVMTI Tag Weak OopStorage      Min:  0.0, Avg:  0.0, Max:  0.0, Diff:  0.0, Sum:  0.0, Workers: 4
[5.496s][debug][gc,phases      ] GC(5)     Dead                           Min: 0, Avg:  0.0, Max: 0, Diff: 0, Sum: 0, Workers: 4
[5.496s][debug][gc,phases      ] GC(5)     Total                          Min: 0, Avg:  0.0, Max: 0, Diff: 0, Sum: 0, Workers: 4
[5.496s][debug][gc,phases      ] GC(5)   StringTable Weak               Min:  0.1, Avg:  0.1, Max:  0.1, Diff:  0.0, Sum:  0.3, Workers: 4
[5.496s][debug][gc,phases      ] GC(5)     Dead                           Min: 0, Avg:  0.0, Max: 0, Diff: 0, Sum: 0, Workers: 4
[5.496s][debug][gc,phases      ] GC(5)     Total                          Min: 6784, Avg: 6951.2, Max: 7197, Diff: 413, Sum: 27805, Workers: 4
[5.496s][debug][gc,phases      ] GC(5)   ResolvedMethodTable Weak       Min:  0.0, Avg:  0.0, Max:  0.0, Diff:  0.0, Sum:  0.1, Workers: 4
[5.496s][debug][gc,phases      ] GC(5)     Dead                           Min: 0, Avg:  0.0, Max: 0, Diff: 0, Sum: 0, Workers: 4
[5.496s][debug][gc,phases      ] GC(5)     Total                          Min: 2812, Avg: 2863.0, Max: 3008, Diff: 196, Sum: 11452, Workers: 4
[5.496s][debug][gc,phases      ] GC(5)   JNI Weak                       Min:  0.0, Avg:  0.0, Max:  0.0, Diff:  0.0, Sum:  0.0, Workers: 4
[5.496s][debug][gc,phases      ] GC(5)     Dead                           Min: 0, Avg:  0.0, Max: 0, Diff: 0, Sum: 0, Workers: 4
[5.496s][debug][gc,phases      ] GC(5)     Total                          Min: 0, Avg: 12.0, Max: 48, Diff: 48, Sum: 48, Workers: 4
[5.496s][debug][gc,phases      ] GC(5)   StringDedup Table Weak         Min:  0.0, Avg:  0.0, Max:  0.0, Diff:  0.0, Sum:  0.0, Workers: 4
[5.496s][debug][gc,phases      ] GC(5)     Dead                           Min: 0, Avg:  0.0, Max: 0, Diff: 0, Sum: 0, Workers: 4
[5.496s][debug][gc,phases      ] GC(5)     Total                          Min: 0, Avg:  0.0, Max: 0, Diff: 0, Sum: 0, Workers: 4
[5.496s][debug][gc,phases      ] GC(5)   StringDedup Requests0 Weak     Min:  0.0, Avg:  0.0, Max:  0.0, Diff:  0.0, Sum:  0.0, Workers: 4
[5.496s][debug][gc,phases      ] GC(5)     Dead                           Min: 0, Avg:  0.0, Max: 0, Diff: 0, Sum: 0, Workers: 4
[5.496s][debug][gc,phases      ] GC(5)     Total                          Min: 0, Avg:  0.0, Max: 0, Diff: 0, Sum: 0, Workers: 4
[5.496s][debug][gc,phases      ] GC(5)   StringDedup Requests1 Weak     Min:  0.0, Avg:  0.0, Max:  0.0, Diff:  0.0, Sum:  0.0, Workers: 4
[5.496s][debug][gc,phases      ] GC(5)     Dead                           Min: 0, Avg:  0.0, Max: 0, Diff: 0, Sum: 0, Workers: 4
[5.496s][debug][gc,phases      ] GC(5)     Total                          Min: 0, Avg:  0.0, Max: 0, Diff: 0, Sum: 0, Workers: 4
[5.496s][debug][gc,phases      ] GC(5)   Weak JFR Old Object Samples    Min:  0.0, Avg:  0.0, Max:  0.0, Diff:  0.0, Sum:  0.0, Workers: 4
[5.496s][debug][gc,phases      ] GC(5)     Dead                           Min: 0, Avg:  0.0, Max: 0, Diff: 0, Sum: 0, Workers: 4
[5.496s][debug][gc,phases      ] GC(5)     Total                          Min: 0, Avg:  0.0, Max: 0, Diff: 0, Sum: 0, Workers: 4
[5.496s][debug][gc,phases      ] GC(5) Weak Processing 0.304ms
[5.496s][debug][gc,phases      ] GC(5) ClassLoaderData 0.051ms
[5.496s][debug][gc,phases      ] GC(5) Trigger cleanups 0.000ms
[5.504s][debug][gc,phases      ] GC(5) Purge Unlinked NMethods 0.170ms
[5.504s][debug][gc,phases      ] GC(5) Unregister NMethods 0.014ms
[5.504s][debug][gc,phases      ] GC(5) Free Code Blobs 0.046ms
[5.504s][debug][gc,phases      ] GC(5) Class Unloading 8.351ms
[5.504s][debug][gc,phases      ] GC(5) Report Object Count 0.001ms
[5.504s][info ][gc,phases      ] GC(5) Marking Phase 39.893ms
[5.504s][info ][gc,phases,start] GC(5) Summary Phase
[5.504s][info ][gc,phases      ] GC(5) Summary Phase 0.006ms
[5.504s][info ][gc,phases,start] GC(5) Adjust Roots
[5.511s][info ][gc,phases      ] GC(5) Adjust Roots 7.249ms
[5.511s][info ][gc,phases,start] GC(5) Compaction Phase
[5.814s][info ][gc,phases      ] GC(5) Compaction Phase 303.071ms
[5.814s][info ][gc,phases,start] GC(5) Post Compact
[5.815s][debug][gc,phases      ] GC(5) Purge Class Loader Data 0.269ms
[5.815s][info ][gc,phases      ] GC(5) Post Compact 0.820ms
[5.815s][info ][gc,heap        ] GC(5) PSYoungGen: 77174K(1572864K)->76994K(1572864K) Eden: 0K(1048576K)->0K(1048576K) From: 77174K(524288K)->76994K(524288K)
[5.815s][info ][gc,heap        ] GC(5) ParOldGen: 6110K(6144K)->6059K(6144K)
[5.815s][info ][gc,metaspace   ] GC(5) Metaspace: 59132K(59776K)->59132K(59776K) NonClass: 49693K(50048K)->49693K(50048K) Class: 9438K(9728K)->9438K(9728K)
[5.815s][info ][gc             ] GC(5) Pause Full (Metadata GC Threshold) 81M->81M(1542M) 351.135ms
[5.815s][info ][gc,cpu         ] GC(5) User=0.74s Sys=0.00s Real=0.35s
[5.815s][info ][safepoint      ] Safepoint "CollectForMetadataAllocation", Time since last: 427223019 ns, Reaching safepoint: 2800 ns, Cleanup: 86701 ns, At safepoint: 389748436 ns, Total: 389837937 ns
[6.218s][info ][safepoint      ] Safepoint "ICBufferFull", Time since last: 402289692 ns, Reaching safepoint: 77500 ns, Cleanup: 141001 ns, At safepoint: 5700 ns, Total: 224201 ns
[6.387s][info ][safepoint      ] Safepoint "ICBufferFull", Time since last: 168610183 ns, Reaching safepoint: 85300 ns, Cleanup: 146101 ns, At safepoint: 6400 ns, Total: 237801 ns
[6.477s][info ][safepoint      ] Safepoint "ICBufferFull", Time since last: 90012611 ns, Reaching safepoint: 3600 ns, Cleanup: 137200 ns, At safepoint: 2100 ns, Total: 142900 ns
[6.597s][info ][safepoint      ] Safepoint "ICBufferFull", Time since last: 119509314 ns, Reaching safepoint: 4100 ns, Cleanup: 129900 ns, At safepoint: 8000 ns, Total: 142000 ns
[6.763s][info ][safepoint      ] Safepoint "ICBufferFull", Time since last: 166429576 ns, Reaching safepoint: 2900 ns, Cleanup: 107200 ns, At safepoint: 1400 ns, Total: 111500 ns
[6.983s][info ][safepoint      ] Safepoint "ICBufferFull", Time since last: 219515560 ns, Reaching safepoint: 3500 ns, Cleanup: 103400 ns, At safepoint: 5600 ns, Total: 112500 ns
[7.105s][info ][safepoint      ] Safepoint "ICBufferFull", Time since last: 122231123 ns, Reaching safepoint: 3800 ns, Cleanup: 121200 ns, At safepoint: 5100 ns, Total: 130100 ns
[7.368s][info ][safepoint      ] Safepoint "ICBufferFull", Time since last: 262933910 ns, Reaching safepoint: 79900 ns, Cleanup: 124200 ns, At safepoint: 7300 ns, Total: 211400 ns
[7.491s][info ][safepoint      ] Safepoint "ICBufferFull", Time since last: 122484524 ns, Reaching safepoint: 4400 ns, Cleanup: 116601 ns, At safepoint: 9200 ns, Total: 130201 ns
[7.491s][info ][safepoint      ] Safepoint "ICBufferFull", Time since last: 61800 ns, Reaching safepoint: 74800 ns, Cleanup: 2500 ns, At safepoint: 5100 ns, Total: 82400 ns
[7.690s][info ][safepoint      ] Safepoint "ICBufferFull", Time since last: 198958688 ns, Reaching safepoint: 4500 ns, Cleanup: 120001 ns, At safepoint: 7000 ns, Total: 131501 ns
[8.160s][info ][safepoint      ] Safepoint "ICBufferFull", Time since last: 470119726 ns, Reaching safepoint: 83300 ns, Cleanup: 147301 ns, At safepoint: 8600 ns, Total: 239201 ns
[8.377s][info ][safepoint      ] Safepoint "ICBufferFull", Time since last: 216748249 ns, Reaching safepoint: 77301 ns, Cleanup: 114700 ns, At safepoint: 14600 ns, Total: 206601 ns
[9.378s][info ][safepoint      ] Safepoint "Cleanup", Time since last: 1000098859 ns, Reaching safepoint: 79401 ns, Cleanup: 49700 ns, At safepoint: 10000 ns, Total: 139101 ns
[10.378s][info ][safepoint      ] Safepoint "Cleanup", Time since last: 1000102159 ns, Reaching safepoint: 80200 ns, Cleanup: 11200 ns, At safepoint: 11101 ns, Total: 102501 ns
[11.448s][info ][safepoint      ] Safepoint "ICBufferFull", Time since last: 1069801600 ns, Reaching safepoint: 83400 ns, Cleanup: 110601 ns, At safepoint: 15200 ns, Total: 209201 ns
[11.678s][info ][safepoint      ] Safepoint "ICBufferFull", Time since last: 230019595 ns, Reaching safepoint: 5700 ns, Cleanup: 139401 ns, At safepoint: 7900 ns, Total: 153001 ns
[11.833s][info ][safepoint      ] Safepoint "ICBufferFull", Time since last: 154780435 ns, Reaching safepoint: 79800 ns, Cleanup: 109301 ns, At safepoint: 13700 ns, Total: 202801 ns
[12.833s][info ][safepoint      ] Safepoint "Cleanup", Time since last: 1000107259 ns, Reaching safepoint: 4600 ns, Cleanup: 85200 ns, At safepoint: 2200 ns, Total: 92000 ns
[13.999s][info ][safepoint      ] Safepoint "Cleanup", Time since last: 1165836693 ns, Reaching safepoint: 5500 ns, Cleanup: 36400 ns, At safepoint: 2200 ns, Total: 44100 ns
[14.999s][info ][safepoint      ] Safepoint "Cleanup", Time since last: 1000100109 ns, Reaching safepoint: 6300 ns, Cleanup: 44500 ns, At safepoint: 2500 ns, Total: 53300 ns
[16.555s][info ][safepoint      ] Safepoint "Cleanup", Time since last: 1555500147 ns, Reaching safepoint: 5600 ns, Cleanup: 116200 ns, At safepoint: 2600 ns, Total: 124400 ns
[17.410s][info ][safepoint      ] Safepoint "ICBufferFull", Time since last: 855426530 ns, Reaching safepoint: 4600 ns, Cleanup: 121901 ns, At safepoint: 1500 ns, Total: 128001 ns
[17.476s][info ][safepoint      ] Safepoint "ICBufferFull", Time since last: 65306816 ns, Reaching safepoint: 80200 ns, Cleanup: 100700 ns, At safepoint: 9300 ns, Total: 190200 ns
[17.570s][info ][safepoint      ] Safepoint "ICBufferFull", Time since last: 93557210 ns, Reaching safepoint: 83300 ns, Cleanup: 122500 ns, At safepoint: 14700 ns, Total: 220500 ns
[17.732s][info ][safepoint      ] Safepoint "ICBufferFull", Time since last: 162395138 ns, Reaching safepoint: 77700 ns, Cleanup: 128300 ns, At safepoint: 9300 ns, Total: 215300 ns
[17.902s][info ][safepoint      ] Safepoint "ICBufferFull", Time since last: 169652462 ns, Reaching safepoint: 76500 ns, Cleanup: 127800 ns, At safepoint: 8800 ns, Total: 213100 ns
[18.057s][info ][safepoint      ] Safepoint "ICBufferFull", Time since last: 154651112 ns, Reaching safepoint: 80100 ns, Cleanup: 129401 ns, At safepoint: 11300 ns, Total: 220801 ns
[18.166s][info ][gc,start       ] GC(6) Pause Young (Metadata GC Threshold)
[18.228s][debug][gc,phases      ] GC(6) Scavenge 61.503ms
[18.228s][debug][gc,ref         ] GC(6) ReferenceProcessor::execute queues: 4, RefProcThreadModel::Multi, marks_oops_alive: false
[18.229s][debug][gc,ref         ] GC(6) Skipped KeepAliveFinalRefsPhase of Reference Processing: no references
[18.229s][debug][gc,ref         ] GC(6) ReferenceProcessor::execute queues: 4, RefProcThreadModel::Multi, marks_oops_alive: false
[18.229s][debug][gc,phases      ] GC(6) Reference Processing 1.109ms
[18.229s][debug][gc,phases      ] GC(6)   VM Weak                        Min:  0.0, Avg:  0.0, Max:  0.0, Diff:  0.0, Sum:  0.0, Workers: 4
[18.229s][debug][gc,phases      ] GC(6)     Dead                           Min: 0, Avg:  0.0, Max: 0, Diff: 0, Sum: 0, Workers: 4
[18.229s][debug][gc,phases      ] GC(6)     Total                          Min: 0, Avg: 222.5, Max: 384, Diff: 384, Sum: 890, Workers: 4
[18.229s][debug][gc,phases      ] GC(6)   ObjectSynchronizer Weak        Min:  0.0, Avg:  0.0, Max:  0.0, Diff:  0.0, Sum:  0.0, Workers: 4
[18.229s][debug][gc,phases      ] GC(6)     Dead                           Min: 0, Avg:  6.2, Max: 25, Diff: 25, Sum: 25, Workers: 4
[18.229s][debug][gc,phases      ] GC(6)     Total                          Min: 0, Avg: 15.2, Max: 61, Diff: 61, Sum: 61, Workers: 4
[18.229s][debug][gc,phases      ] GC(6)   JVMTI Tag Weak OopStorage      Min:  0.0, Avg:  0.0, Max:  0.0, Diff:  0.0, Sum:  0.0, Workers: 4
[18.229s][debug][gc,phases      ] GC(6)     Dead                           Min: 0, Avg:  0.0, Max: 0, Diff: 0, Sum: 0, Workers: 4
[18.229s][debug][gc,phases      ] GC(6)     Total                          Min: 0, Avg:  0.0, Max: 0, Diff: 0, Sum: 0, Workers: 4
[18.229s][debug][gc,phases      ] GC(6)   StringTable Weak               Min:  0.3, Avg:  0.3, Max:  0.3, Diff:  0.0, Sum:  1.1, Workers: 4
[18.229s][debug][gc,phases      ] GC(6)     Dead                           Min: 6, Avg:  9.8, Max: 15, Diff: 9, Sum: 39, Workers: 4
[18.229s][debug][gc,phases      ] GC(6)     Total                          Min: 10688, Avg: 10980.5, Max: 11200, Diff: 512, Sum: 43922, Workers: 4
[18.229s][debug][gc,phases      ] GC(6)   ResolvedMethodTable Weak       Min:  0.1, Avg:  0.1, Max:  0.1, Diff:  0.0, Sum:  0.5, Workers: 4
[18.229s][debug][gc,phases      ] GC(6)     Dead                           Min: 811, Avg: 1041.5, Max: 1239, Diff: 428, Sum: 4166, Workers: 4
[18.229s][debug][gc,phases      ] GC(6)     Total                          Min: 4416, Avg: 4496.0, Max: 4544, Diff: 128, Sum: 17984, Workers: 4
[18.229s][debug][gc,phases      ] GC(6)   JNI Weak                       Min:  0.0, Avg:  0.0, Max:  0.0, Diff:  0.0, Sum:  0.0, Workers: 4
[18.229s][debug][gc,phases      ] GC(6)     Dead                           Min: 0, Avg:  0.0, Max: 0, Diff: 0, Sum: 0, Workers: 4
[18.229s][debug][gc,phases      ] GC(6)     Total                          Min: 0, Avg: 26.8, Max: 87, Diff: 87, Sum: 107, Workers: 4
[18.229s][debug][gc,phases      ] GC(6)   StringDedup Table Weak         Min:  0.0, Avg:  0.0, Max:  0.0, Diff:  0.0, Sum:  0.0, Workers: 4
[18.229s][debug][gc,phases      ] GC(6)     Dead                           Min: 0, Avg:  0.0, Max: 0, Diff: 0, Sum: 0, Workers: 4
[18.229s][debug][gc,phases      ] GC(6)     Total                          Min: 0, Avg:  0.0, Max: 0, Diff: 0, Sum: 0, Workers: 4
[18.229s][debug][gc,phases      ] GC(6)   StringDedup Requests0 Weak     Min:  0.0, Avg:  0.0, Max:  0.0, Diff:  0.0, Sum:  0.0, Workers: 4
[18.229s][debug][gc,phases      ] GC(6)     Dead                           Min: 0, Avg:  0.0, Max: 0, Diff: 0, Sum: 0, Workers: 4
[18.229s][debug][gc,phases      ] GC(6)     Total                          Min: 0, Avg:  0.0, Max: 0, Diff: 0, Sum: 0, Workers: 4
[18.229s][debug][gc,phases      ] GC(6)   StringDedup Requests1 Weak     Min:  0.0, Avg:  0.0, Max:  0.0, Diff:  0.0, Sum:  0.0, Workers: 4
[18.229s][debug][gc,phases      ] GC(6)     Dead                           Min: 0, Avg:  0.0, Max: 0, Diff: 0, Sum: 0, Workers: 4
[18.229s][debug][gc,phases      ] GC(6)     Total                          Min: 0, Avg:  0.0, Max: 0, Diff: 0, Sum: 0, Workers: 4
[18.229s][debug][gc,phases      ] GC(6)   Weak JFR Old Object Samples    Min:  0.0, Avg:  0.0, Max:  0.0, Diff:  0.0, Sum:  0.0, Workers: 4
[18.229s][debug][gc,phases      ] GC(6)     Dead                           Min: 0, Avg:  0.0, Max: 0, Diff: 0, Sum: 0, Workers: 4
[18.229s][debug][gc,phases      ] GC(6)     Total                          Min: 0, Avg:  0.0, Max: 0, Diff: 0, Sum: 0, Workers: 4
[18.229s][debug][gc,phases      ] GC(6) Weak Processing 0.605ms
[18.230s][debug][gc,age         ] GC(6) Desired survivor size 536870912 bytes, new threshold 7 (max threshold 15)
[18.230s][info ][gc,heap        ] GC(6) PSYoungGen: 959095K(1572864K)->134440K(1572864K) Eden: 882100K(1048576K)->0K(1048576K) From: 76994K(524288K)->134440K(524288K)
[18.230s][info ][gc,heap        ] GC(6) ParOldGen: 6059K(6144K)->6380K(6656K)
[18.230s][info ][gc,metaspace   ] GC(6) Metaspace: 98446K(99648K)->98446K(99648K) NonClass: 83014K(83648K)->83014K(83648K) Class: 15431K(16000K)->15431K(16000K)
[18.230s][info ][gc             ] GC(6) Pause Young (Metadata GC Threshold) 942M->137M(1542M) 63.342ms
[18.230s][info ][gc,cpu         ] GC(6) User=0.21s Sys=0.03s Real=0.06s
[18.230s][debug][gc,phases      ] GC(7) Pre Compact 0.009ms
[18.230s][info ][gc,start       ] GC(7) Pause Full (Metadata GC Threshold)
[18.230s][info ][gc,phases,start] GC(7) Marking Phase
[18.280s][debug][gc,phases      ] GC(7) Par Mark 50.615ms
[18.280s][debug][gc,ref         ] GC(7) ReferenceProcessor::execute queues: 4, RefProcThreadModel::Multi, marks_oops_alive: false
[18.281s][debug][gc,ref         ] GC(7) Skipped KeepAliveFinalRefsPhase of Reference Processing: no references
[18.281s][debug][gc,ref         ] GC(7) ReferenceProcessor::execute queues: 1, RefProcThreadModel::Single, marks_oops_alive: false
[18.281s][debug][gc,phases      ] GC(7) Reference Processing 0.496ms
[18.281s][debug][gc,phases      ] GC(7)   VM Weak                        Min:  0.0, Avg:  0.0, Max:  0.0, Diff:  0.0, Sum:  0.0, Workers: 4
[18.281s][debug][gc,phases      ] GC(7)     Dead                           Min: 0, Avg:  0.2, Max: 1, Diff: 1, Sum: 1, Workers: 4
[18.281s][debug][gc,phases      ] GC(7)     Total                          Min: 0, Avg: 222.5, Max: 506, Diff: 506, Sum: 890, Workers: 4
[18.281s][debug][gc,phases      ] GC(7)   ObjectSynchronizer Weak        Min:  0.0, Avg:  0.0, Max:  0.0, Diff:  0.0, Sum:  0.0, Workers: 4
[18.281s][debug][gc,phases      ] GC(7)     Dead                           Min: 0, Avg:  0.0, Max: 0, Diff: 0, Sum: 0, Workers: 4
[18.281s][debug][gc,phases      ] GC(7)     Total                          Min: 0, Avg: 15.2, Max: 61, Diff: 61, Sum: 61, Workers: 4
[18.281s][debug][gc,phases      ] GC(7)   JVMTI Tag Weak OopStorage      Min:  0.0, Avg:  0.0, Max:  0.0, Diff:  0.0, Sum:  0.0, Workers: 4
[18.281s][debug][gc,phases      ] GC(7)     Dead                           Min: 0, Avg:  0.0, Max: 0, Diff: 0, Sum: 0, Workers: 4
[18.281s][debug][gc,phases      ] GC(7)     Total                          Min: 0, Avg:  0.0, Max: 0, Diff: 0, Sum: 0, Workers: 4
[18.281s][debug][gc,phases      ] GC(7)   StringTable Weak               Min:  0.1, Avg:  0.1, Max:  0.1, Diff:  0.0, Sum:  0.5, Workers: 4
[18.281s][debug][gc,phases      ] GC(7)     Dead                           Min: 0, Avg:  0.0, Max: 0, Diff: 0, Sum: 0, Workers: 4
[18.281s][debug][gc,phases      ] GC(7)     Total                          Min: 10432, Avg: 10980.5, Max: 11648, Diff: 1216, Sum: 43922, Workers: 4
[18.281s][debug][gc,phases      ] GC(7)   ResolvedMethodTable Weak       Min:  0.0, Avg:  0.0, Max:  0.0, Diff:  0.0, Sum:  0.2, Workers: 4
[18.281s][debug][gc,phases      ] GC(7)     Dead                           Min: 0, Avg:  0.2, Max: 1, Diff: 1, Sum: 1, Workers: 4
[18.281s][debug][gc,phases      ] GC(7)     Total                          Min: 4416, Avg: 4496.0, Max: 4608, Diff: 192, Sum: 17984, Workers: 4
[18.281s][debug][gc,phases      ] GC(7)   JNI Weak                       Min:  0.0, Avg:  0.0, Max:  0.0, Diff:  0.0, Sum:  0.0, Workers: 4
[18.281s][debug][gc,phases      ] GC(7)     Dead                           Min: 0, Avg:  0.0, Max: 0, Diff: 0, Sum: 0, Workers: 4
[18.281s][debug][gc,phases      ] GC(7)     Total                          Min: 0, Avg: 26.8, Max: 54, Diff: 54, Sum: 107, Workers: 4
[18.281s][debug][gc,phases      ] GC(7)   StringDedup Table Weak         Min:  0.0, Avg:  0.0, Max:  0.0, Diff:  0.0, Sum:  0.0, Workers: 4
[18.281s][debug][gc,phases      ] GC(7)     Dead                           Min: 0, Avg:  0.0, Max: 0, Diff: 0, Sum: 0, Workers: 4
[18.281s][debug][gc,phases      ] GC(7)     Total                          Min: 0, Avg:  0.0, Max: 0, Diff: 0, Sum: 0, Workers: 4
[18.281s][debug][gc,phases      ] GC(7)   StringDedup Requests0 Weak     Min:  0.0, Avg:  0.0, Max:  0.0, Diff:  0.0, Sum:  0.0, Workers: 4
[18.281s][debug][gc,phases      ] GC(7)     Dead                           Min: 0, Avg:  0.0, Max: 0, Diff: 0, Sum: 0, Workers: 4
[18.281s][debug][gc,phases      ] GC(7)     Total                          Min: 0, Avg:  0.0, Max: 0, Diff: 0, Sum: 0, Workers: 4
[18.281s][debug][gc,phases      ] GC(7)   StringDedup Requests1 Weak     Min:  0.0, Avg:  0.0, Max:  0.0, Diff:  0.0, Sum:  0.0, Workers: 4
[18.281s][debug][gc,phases      ] GC(7)     Dead                           Min: 0, Avg:  0.0, Max: 0, Diff: 0, Sum: 0, Workers: 4
[18.281s][debug][gc,phases      ] GC(7)     Total                          Min: 0, Avg:  0.0, Max: 0, Diff: 0, Sum: 0, Workers: 4
[18.281s][debug][gc,phases      ] GC(7)   Weak JFR Old Object Samples    Min:  0.0, Avg:  0.0, Max:  0.0, Diff:  0.0, Sum:  0.0, Workers: 4
[18.281s][debug][gc,phases      ] GC(7)     Dead                           Min: 0, Avg:  0.0, Max: 0, Diff: 0, Sum: 0, Workers: 4
[18.281s][debug][gc,phases      ] GC(7)     Total                          Min: 0, Avg:  0.0, Max: 0, Diff: 0, Sum: 0, Workers: 4
[18.281s][debug][gc,phases      ] GC(7) Weak Processing 0.382ms
[18.281s][debug][gc,phases      ] GC(7) ClassLoaderData 0.169ms
[18.281s][debug][gc,phases      ] GC(7) Trigger cleanups 0.001ms
[18.305s][debug][gc,phases      ] GC(7) Purge Unlinked NMethods 0.306ms
[18.305s][debug][gc,phases      ] GC(7) Unregister NMethods 0.063ms
[18.305s][debug][gc,phases      ] GC(7) Free Code Blobs 0.068ms
[18.313s][debug][gc,phases      ] GC(7) Class Unloading 32.004ms
[18.313s][debug][gc,phases      ] GC(7) Report Object Count 0.001ms
[18.313s][info ][gc,phases      ] GC(7) Marking Phase 83.580ms
[18.313s][info ][gc,phases,start] GC(7) Summary Phase
[18.313s][info ][gc,phases      ] GC(7) Summary Phase 0.008ms
[18.313s][info ][gc,phases,start] GC(7) Adjust Roots
[18.329s][info ][gc,phases      ] GC(7) Adjust Roots 15.954ms
[18.329s][info ][gc,phases,start] GC(7) Compaction Phase
[18.814s][info ][gc,phases      ] GC(7) Compaction Phase 484.425ms
[18.814s][info ][gc,phases,start] GC(7) Post Compact
[18.815s][debug][gc,phases      ] GC(7) Purge Class Loader Data 1.271ms
[18.817s][info ][gc,phases      ] GC(7) Post Compact 2.935ms
[18.817s][info ][gc,heap        ] GC(7) PSYoungGen: 134440K(1572864K)->133940K(1572864K) Eden: 0K(1048576K)->0K(1048576K) From: 134440K(524288K)->133940K(524288K)
[18.817s][info ][gc,heap        ] GC(7) ParOldGen: 6380K(6656K)->6353K(6656K)
[18.817s][info ][gc,metaspace   ] GC(7) Metaspace: 98446K(99648K)->98444K(99648K) NonClass: 83014K(83648K)->83013K(83648K) Class: 15431K(16000K)->15431K(16000K)
[18.817s][info ][gc             ] GC(7) Pause Full (Metadata GC Threshold) 137M->137M(1542M) 587.021ms
[18.817s][info ][gc,cpu         ] GC(7) User=1.21s Sys=0.01s Real=0.59s
[18.827s][info ][safepoint      ] Safepoint "CollectForMetadataAllocation", Time since last: 108997360 ns, Reaching safepoint: 77401 ns, Cleanup: 78600 ns, At safepoint: 660529285 ns, Total: 660685286 ns
[18.985s][info ][safepoint      ] Safepoint "ICBufferFull", Time since last: 158149023 ns, Reaching safepoint: 82801 ns, Cleanup: 172300 ns, At safepoint: 15400 ns, Total: 270501 ns
[19.124s][info ][safepoint      ] Safepoint "ICBufferFull", Time since last: 138472559 ns, Reaching safepoint: 5100 ns, Cleanup: 125000 ns, At safepoint: 7200 ns, Total: 137300 ns
[19.239s][info ][safepoint      ] Safepoint "ICBufferFull", Time since last: 114906980 ns, Reaching safepoint: 76900 ns, Cleanup: 115901 ns, At safepoint: 22300 ns, Total: 215101 ns
[19.309s][info ][safepoint      ] Safepoint "ICBufferFull", Time since last: 69552930 ns, Reaching safepoint: 80000 ns, Cleanup: 115401 ns, At safepoint: 7800 ns, Total: 203201 ns
[19.420s][info ][safepoint      ] Safepoint "ICBufferFull", Time since last: 110902267 ns, Reaching safepoint: 86000 ns, Cleanup: 140600 ns, At safepoint: 19800 ns, Total: 246400 ns
[19.503s][info ][safepoint      ] Safepoint "ICBufferFull", Time since last: 82617574 ns, Reaching safepoint: 79000 ns, Cleanup: 132000 ns, At safepoint: 14200 ns, Total: 225200 ns
[19.601s][info ][safepoint      ] Safepoint "ICBufferFull", Time since last: 98292426 ns, Reaching safepoint: 4900 ns, Cleanup: 127500 ns, At safepoint: 4600 ns, Total: 137000 ns
[19.893s][info ][safepoint      ] Safepoint "ICBufferFull", Time since last: 292172967 ns, Reaching safepoint: 5700 ns, Cleanup: 146200 ns, At safepoint: 2900 ns, Total: 154800 ns
[20.167s][info ][safepoint      ] Safepoint "ICBufferFull", Time since last: 273377905 ns, Reaching safepoint: 5300 ns, Cleanup: 156400 ns, At safepoint: 8100 ns, Total: 169800 ns
[20.265s][info ][safepoint      ] Safepoint "ICBufferFull", Time since last: 97505023 ns, Reaching safepoint: 154600 ns, Cleanup: 155601 ns, At safepoint: 10600 ns, Total: 320801 ns
[20.395s][info ][safepoint      ] Safepoint "ICBufferFull", Time since last: 130012130 ns, Reaching safepoint: 4900 ns, Cleanup: 143701 ns, At safepoint: 2400 ns, Total: 151001 ns
[20.582s][info ][safepoint      ] Safepoint "ICBufferFull", Time since last: 186678517 ns, Reaching safepoint: 78400 ns, Cleanup: 119201 ns, At safepoint: 6500 ns, Total: 204101 ns
[21.071s][info ][safepoint      ] Safepoint "ICBufferFull", Time since last: 489199518 ns, Reaching safepoint: 86601 ns, Cleanup: 136300 ns, At safepoint: 10100 ns, Total: 233001 ns
[21.360s][info ][safepoint      ] Safepoint "ICBufferFull", Time since last: 288393454 ns, Reaching safepoint: 5000 ns, Cleanup: 151201 ns, At safepoint: 2600 ns, Total: 158801 ns
[21.976s][info ][safepoint      ] Safepoint "ICBufferFull", Time since last: 616289546 ns, Reaching safepoint: 5300 ns, Cleanup: 143402 ns, At safepoint: 7900 ns, Total: 156602 ns
[22.376s][info ][safepoint      ] Safepoint "ICBufferFull", Time since last: 399618230 ns, Reaching safepoint: 4400 ns, Cleanup: 135202 ns, At safepoint: 5000 ns, Total: 144602 ns
[22.591s][info ][safepoint      ] Safepoint "ICBufferFull", Time since last: 214809872 ns, Reaching safepoint: 100501 ns, Cleanup: 180303 ns, At safepoint: 20401 ns, Total: 301205 ns
[22.596s][info ][safepoint      ] Safepoint "ICBufferFull", Time since last: 4675780 ns, Reaching safepoint: 76501 ns, Cleanup: 1400 ns, At safepoint: 7100 ns, Total: 85001 ns
[22.983s][info ][safepoint      ] Safepoint "ICBufferFull", Time since last: 387158117 ns, Reaching safepoint: 82501 ns, Cleanup: 131102 ns, At safepoint: 6201 ns, Total: 219804 ns
[23.368s][info ][safepoint      ] Safepoint "ICBufferFull", Time since last: 384349468 ns, Reaching safepoint: 79202 ns, Cleanup: 128702 ns, At safepoint: 8600 ns, Total: 216504 ns
[23.564s][info ][safepoint      ] Safepoint "ICBufferFull", Time since last: 195820547 ns, Reaching safepoint: 88601 ns, Cleanup: 143102 ns, At safepoint: 14501 ns, Total: 246204 ns
[23.839s][info ][safepoint      ] Safepoint "ICBufferFull", Time since last: 275437580 ns, Reaching safepoint: 5800 ns, Cleanup: 151601 ns, At safepoint: 9700 ns, Total: 167101 ns
[24.370s][info ][gc,start       ] GC(8) Pause Young (Allocation Failure)
[24.446s][debug][gc,phases      ] GC(8) Scavenge 76.035ms
[24.446s][debug][gc,ref         ] GC(8) ReferenceProcessor::execute queues: 4, RefProcThreadModel::Multi, marks_oops_alive: false
[24.447s][debug][gc,ref         ] GC(8) Skipped KeepAliveFinalRefsPhase of Reference Processing: no references
[24.447s][debug][gc,ref         ] GC(8) ReferenceProcessor::execute queues: 1, RefProcThreadModel::Single, marks_oops_alive: false
[24.447s][debug][gc,phases      ] GC(8) Reference Processing 0.952ms
[24.447s][debug][gc,phases      ] GC(8)   VM Weak                        Min:  0.0, Avg:  0.0, Max:  0.0, Diff:  0.0, Sum:  0.0, Workers: 4
[24.447s][debug][gc,phases      ] GC(8)     Dead                           Min: 0, Avg:  0.0, Max: 0, Diff: 0, Sum: 0, Workers: 4
[24.447s][debug][gc,phases      ] GC(8)     Total                          Min: 113, Avg: 236.2, Max: 384, Diff: 271, Sum: 945, Workers: 4
[24.447s][debug][gc,phases      ] GC(8)   ObjectSynchronizer Weak        Min:  0.0, Avg:  0.0, Max:  0.0, Diff:  0.0, Sum:  0.0, Workers: 4
[24.447s][debug][gc,phases      ] GC(8)     Dead                           Min: 0, Avg:  0.0, Max: 0, Diff: 0, Sum: 0, Workers: 4
[24.447s][debug][gc,phases      ] GC(8)     Total                          Min: 0, Avg: 15.2, Max: 61, Diff: 61, Sum: 61, Workers: 4
[24.447s][debug][gc,phases      ] GC(8)   JVMTI Tag Weak OopStorage      Min:  0.0, Avg:  0.0, Max:  0.0, Diff:  0.0, Sum:  0.0, Workers: 4
[24.447s][debug][gc,phases      ] GC(8)     Dead                           Min: 0, Avg:  0.0, Max: 0, Diff: 0, Sum: 0, Workers: 4
[24.447s][debug][gc,phases      ] GC(8)     Total                          Min: 0, Avg:  0.0, Max: 0, Diff: 0, Sum: 0, Workers: 4
[24.447s][debug][gc,phases      ] GC(8)   StringTable Weak               Min:  0.3, Avg:  0.3, Max:  0.3, Diff:  0.0, Sum:  1.1, Workers: 4
[24.447s][debug][gc,phases      ] GC(8)     Dead                           Min: 0, Avg:  1.8, Max: 4, Diff: 4, Sum: 7, Workers: 4
[24.447s][debug][gc,phases      ] GC(8)     Total                          Min: 10939, Avg: 11150.8, Max: 11328, Diff: 389, Sum: 44603, Workers: 4
[24.447s][debug][gc,phases      ] GC(8)   ResolvedMethodTable Weak       Min:  0.1, Avg:  0.1, Max:  0.1, Diff:  0.0, Sum:  0.4, Workers: 4
[24.447s][debug][gc,phases      ] GC(8)     Dead                           Min: 13, Avg: 29.2, Max: 44, Diff: 31, Sum: 117, Workers: 4
[24.447s][debug][gc,phases      ] GC(8)     Total                          Min: 3552, Avg: 3592.5, Max: 3628, Diff: 76, Sum: 14370, Workers: 4
[24.447s][debug][gc,phases      ] GC(8)   JNI Weak                       Min:  0.0, Avg:  0.0, Max:  0.0, Diff:  0.0, Sum:  0.0, Workers: 4
[24.447s][debug][gc,phases      ] GC(8)     Dead                           Min: 0, Avg:  0.0, Max: 0, Diff: 0, Sum: 0, Workers: 4
[24.447s][debug][gc,phases      ] GC(8)     Total                          Min: 0, Avg: 18.5, Max: 52, Diff: 52, Sum: 74, Workers: 4
[24.447s][debug][gc,phases      ] GC(8)   StringDedup Table Weak         Min:  0.0, Avg:  0.0, Max:  0.0, Diff:  0.0, Sum:  0.0, Workers: 4
[24.447s][debug][gc,phases      ] GC(8)     Dead                           Min: 0, Avg:  0.0, Max: 0, Diff: 0, Sum: 0, Workers: 4
[24.447s][debug][gc,phases      ] GC(8)     Total                          Min: 0, Avg:  0.0, Max: 0, Diff: 0, Sum: 0, Workers: 4
[24.447s][debug][gc,phases      ] GC(8)   StringDedup Requests0 Weak     Min:  0.0, Avg:  0.0, Max:  0.0, Diff:  0.0, Sum:  0.0, Workers: 4
[24.447s][debug][gc,phases      ] GC(8)     Dead                           Min: 0, Avg:  0.0, Max: 0, Diff: 0, Sum: 0, Workers: 4
[24.447s][debug][gc,phases      ] GC(8)     Total                          Min: 0, Avg:  0.0, Max: 0, Diff: 0, Sum: 0, Workers: 4
[24.447s][debug][gc,phases      ] GC(8)   StringDedup Requests1 Weak     Min:  0.0, Avg:  0.0, Max:  0.0, Diff:  0.0, Sum:  0.0, Workers: 4
[24.447s][debug][gc,phases      ] GC(8)     Dead                           Min: 0, Avg:  0.0, Max: 0, Diff: 0, Sum: 0, Workers: 4
[24.447s][debug][gc,phases      ] GC(8)     Total                          Min: 0, Avg:  0.0, Max: 0, Diff: 0, Sum: 0, Workers: 4
[24.447s][debug][gc,phases      ] GC(8)   Weak JFR Old Object Samples    Min:  0.0, Avg:  0.0, Max:  0.0, Diff:  0.0, Sum:  0.0, Workers: 4
[24.447s][debug][gc,phases      ] GC(8)     Dead                           Min: 0, Avg:  0.0, Max: 0, Diff: 0, Sum: 0, Workers: 4
[24.447s][debug][gc,phases      ] GC(8)     Total                          Min: 0, Avg:  0.0, Max: 0, Diff: 0, Sum: 0, Workers: 4
[24.447s][debug][gc,phases      ] GC(8) Weak Processing 0.582ms
[24.447s][debug][gc,age         ] GC(8) Desired survivor size 206045184 bytes, new threshold 6 (max threshold 15)
[24.447s][info ][gc,heap        ] GC(8) PSYoungGen: 1182516K(1572864K)->182388K(1572864K) Eden: 1048576K(1048576K)->0K(1048576K) From: 133940K(524288K)->182388K(524288K)
[24.447s][info ][gc,heap        ] GC(8) ParOldGen: 6353K(6656K)->6393K(6656K)
[24.447s][info ][gc,metaspace   ] GC(8) Metaspace: 101476K(102784K)->101476K(102784K) NonClass: 85838K(86592K)->85838K(86592K) Class: 15638K(16192K)->15638K(16192K)
[24.447s][info ][gc             ] GC(8) Pause Young (Allocation Failure) 1161M->184M(1542M) 77.703ms
[24.447s][info ][gc,cpu         ] GC(8) User=0.24s Sys=0.04s Real=0.08s
[24.447s][info ][safepoint      ] Safepoint "ParallelGCFailedAllocation", Time since last: 529571633 ns, Reaching safepoint: 560502 ns, Cleanup: 109700 ns, At safepoint: 77776540 ns, Total: 78446742 ns
[24.757s][info ][safepoint      ] Safepoint "ICBufferFull", Time since last: 308989453 ns, Reaching safepoint: 4700 ns, Cleanup: 124401 ns, At safepoint: 5200 ns, Total: 134301 ns
[25.112s][info ][safepoint      ] Safepoint "ICBufferFull", Time since last: 355271796 ns, Reaching safepoint: 81900 ns, Cleanup: 148100 ns, At safepoint: 7000 ns, Total: 237000 ns
[25.401s][info ][safepoint      ] Safepoint "ICBufferFull", Time since last: 288818991 ns, Reaching safepoint: 4500 ns, Cleanup: 141001 ns, At safepoint: 9000 ns, Total: 154501 ns
[25.922s][info ][safepoint      ] Safepoint "ICBufferFull", Time since last: 520814606 ns, Reaching safepoint: 80700 ns, Cleanup: 127201 ns, At safepoint: 14400 ns, Total: 222301 ns
[26.497s][info ][safepoint      ] Safepoint "ICBufferFull", Time since last: 574752873 ns, Reaching safepoint: 4500 ns, Cleanup: 130100 ns, At safepoint: 6000 ns, Total: 140600 ns
[26.907s][info ][gc,start       ] GC(9) Pause Young (Allocation Failure)
[27.002s][debug][gc,phases      ] GC(9) Scavenge 94.652ms
[27.002s][debug][gc,ref         ] GC(9) ReferenceProcessor::execute queues: 4, RefProcThreadModel::Multi, marks_oops_alive: false
[27.003s][debug][gc,ref         ] GC(9) Skipped KeepAliveFinalRefsPhase of Reference Processing: no references
[27.003s][debug][gc,ref         ] GC(9) ReferenceProcessor::execute queues: 1, RefProcThreadModel::Single, marks_oops_alive: false
[27.003s][debug][gc,phases      ] GC(9) Reference Processing 0.928ms
[27.003s][debug][gc,phases      ] GC(9)   VM Weak                        Min:  0.0, Avg:  0.0, Max:  0.0, Diff:  0.0, Sum:  0.0, Workers: 4
[27.003s][debug][gc,phases      ] GC(9)     Dead                           Min: 0, Avg:  0.0, Max: 0, Diff: 0, Sum: 0, Workers: 4
[27.003s][debug][gc,phases      ] GC(9)     Total                          Min: 0, Avg: 237.0, Max: 640, Diff: 640, Sum: 948, Workers: 4
[27.003s][debug][gc,phases      ] GC(9)   ObjectSynchronizer Weak        Min:  0.0, Avg:  0.0, Max:  0.0, Diff:  0.0, Sum:  0.0, Workers: 4
[27.003s][debug][gc,phases      ] GC(9)     Dead                           Min: 0, Avg:  0.0, Max: 0, Diff: 0, Sum: 0, Workers: 4
[27.003s][debug][gc,phases      ] GC(9)     Total                          Min: 0, Avg: 15.2, Max: 61, Diff: 61, Sum: 61, Workers: 4
[27.003s][debug][gc,phases      ] GC(9)   JVMTI Tag Weak OopStorage      Min:  0.0, Avg:  0.0, Max:  0.0, Diff:  0.0, Sum:  0.0, Workers: 4
[27.003s][debug][gc,phases      ] GC(9)     Dead                           Min: 0, Avg:  0.0, Max: 0, Diff: 0, Sum: 0, Workers: 4
[27.003s][debug][gc,phases      ] GC(9)     Total                          Min: 0, Avg:  0.0, Max: 0, Diff: 0, Sum: 0, Workers: 4
[27.003s][debug][gc,phases      ] GC(9)   StringTable Weak               Min:  0.3, Avg:  0.3, Max:  0.3, Diff:  0.0, Sum:  1.1, Workers: 4
[27.003s][debug][gc,phases      ] GC(9)     Dead                           Min: 0, Avg:  0.8, Max: 2, Diff: 2, Sum: 3, Workers: 4
[27.003s][debug][gc,phases      ] GC(9)     Total                          Min: 11008, Avg: 11216.0, Max: 11392, Diff: 384, Sum: 44864, Workers: 4
[27.003s][debug][gc,phases      ] GC(9)   ResolvedMethodTable Weak       Min:  0.1, Avg:  0.1, Max:  0.1, Diff:  0.0, Sum:  0.4, Workers: 4
[27.003s][debug][gc,phases      ] GC(9)     Dead                           Min: 0, Avg:  2.5, Max: 6, Diff: 6, Sum: 10, Workers: 4
[27.003s][debug][gc,phases      ] GC(9)     Total                          Min: 3566, Avg: 3608.2, Max: 3661, Diff: 95, Sum: 14433, Workers: 4
[27.003s][debug][gc,phases      ] GC(9)   JNI Weak                       Min:  0.0, Avg:  0.0, Max:  0.0, Diff:  0.0, Sum:  0.0, Workers: 4
[27.003s][debug][gc,phases      ] GC(9)     Dead                           Min: 0, Avg:  0.0, Max: 0, Diff: 0, Sum: 0, Workers: 4
[27.003s][debug][gc,phases      ] GC(9)     Total                          Min: 0, Avg: 16.2, Max: 52, Diff: 52, Sum: 65, Workers: 4
[27.003s][debug][gc,phases      ] GC(9)   StringDedup Table Weak         Min:  0.0, Avg:  0.0, Max:  0.0, Diff:  0.0, Sum:  0.0, Workers: 4
[27.003s][debug][gc,phases      ] GC(9)     Dead                           Min: 0, Avg:  0.0, Max: 0, Diff: 0, Sum: 0, Workers: 4
[27.003s][debug][gc,phases      ] GC(9)     Total                          Min: 0, Avg:  0.0, Max: 0, Diff: 0, Sum: 0, Workers: 4
[27.003s][debug][gc,phases      ] GC(9)   StringDedup Requests0 Weak     Min:  0.0, Avg:  0.0, Max:  0.0, Diff:  0.0, Sum:  0.0, Workers: 4
[27.003s][debug][gc,phases      ] GC(9)     Dead                           Min: 0, Avg:  0.0, Max: 0, Diff: 0, Sum: 0, Workers: 4
[27.003s][debug][gc,phases      ] GC(9)     Total                          Min: 0, Avg:  0.0, Max: 0, Diff: 0, Sum: 0, Workers: 4
[27.003s][debug][gc,phases      ] GC(9)   StringDedup Requests1 Weak     Min:  0.0, Avg:  0.0, Max:  0.0, Diff:  0.0, Sum:  0.0, Workers: 4
[27.003s][debug][gc,phases      ] GC(9)     Dead                           Min: 0, Avg:  0.0, Max: 0, Diff: 0, Sum: 0, Workers: 4
[27.003s][debug][gc,phases      ] GC(9)     Total                          Min: 0, Avg:  0.0, Max: 0, Diff: 0, Sum: 0, Workers: 4
[27.003s][debug][gc,phases      ] GC(9)   Weak JFR Old Object Samples    Min:  0.0, Avg:  0.0, Max:  0.0, Diff:  0.0, Sum:  0.0, Workers: 4
[27.003s][debug][gc,phases      ] GC(9)     Dead                           Min: 0, Avg:  0.0, Max: 0, Diff: 0, Sum: 0, Workers: 4
[27.003s][debug][gc,phases      ] GC(9)     Total                          Min: 0, Avg:  0.0, Max: 0, Diff: 0, Sum: 0, Workers: 4
[27.003s][debug][gc,phases      ] GC(9) Weak Processing 0.594ms
[27.003s][debug][gc,age         ] GC(9) Desired survivor size 260046848 bytes, new threshold 5 (max threshold 15)
[27.003s][info ][gc,heap        ] GC(9) PSYoungGen: 1230964K(1572864K)->201214K(1790464K) Eden: 1048576K(1048576K)->0K(1589248K) From: 182388K(524288K)->201214K(201216K)
[27.003s][info ][gc,heap        ] GC(9) ParOldGen: 6393K(6656K)->25777K(26112K)
[27.003s][info ][gc,metaspace   ] GC(9) Metaspace: 102048K(103360K)->102048K(103360K) NonClass: 86374K(87104K)->86374K(87104K) Class: 15673K(16256K)->15673K(16256K)
[27.003s][info ][gc             ] GC(9) Pause Young (Allocation Failure) 1208M->221M(1774M) 96.293ms
[27.003s][info ][gc,cpu         ] GC(9) User=0.27s Sys=0.09s Real=0.10s
[27.003s][info ][safepoint      ] Safepoint "ParallelGCFailedAllocation", Time since last: 409803264 ns, Reaching safepoint: 85300 ns, Cleanup: 135501 ns, At safepoint: 96374897 ns, Total: 96595698 ns
[28.004s][info ][safepoint      ] Safepoint "Cleanup", Time since last: 1000100585 ns, Reaching safepoint: 77500 ns, Cleanup: 127100 ns, At safepoint: 10401 ns, Total: 215001 ns
[28.917s][info ][safepoint      ] Safepoint "ICBufferFull", Time since last: 913553717 ns, Reaching safepoint: 5700 ns, Cleanup: 147801 ns, At safepoint: 5300 ns, Total: 158801 ns
[29.288s][info ][safepoint      ] Safepoint "ICBufferFull", Time since last: 370519843 ns, Reaching safepoint: 4200 ns, Cleanup: 125800 ns, At safepoint: 1700 ns, Total: 131700 ns
[30.288s][info ][safepoint      ] Safepoint "Cleanup", Time since last: 1000099405 ns, Reaching safepoint: 6200 ns, Cleanup: 100601 ns, At safepoint: 2900 ns, Total: 109701 ns
[31.289s][info ][safepoint      ] Safepoint "Cleanup", Time since last: 1000105596 ns, Reaching safepoint: 5100 ns, Cleanup: 105300 ns, At safepoint: 1700 ns, Total: 112100 ns
[32.289s][info ][safepoint      ] Safepoint "Cleanup", Time since last: 1000110496 ns, Reaching safepoint: 5000 ns, Cleanup: 123800 ns, At safepoint: 3100 ns, Total: 131900 ns
[33.289s][info ][safepoint      ] Safepoint "Cleanup", Time since last: 1000117496 ns, Reaching safepoint: 5400 ns, Cleanup: 101501 ns, At safepoint: 7000 ns, Total: 113901 ns
[34.289s][info ][safepoint      ] Safepoint "Cleanup", Time since last: 1000131096 ns, Reaching safepoint: 5700 ns, Cleanup: 102900 ns, At safepoint: 2400 ns, Total: 111000 ns
[35.289s][info ][safepoint      ] Safepoint "Cleanup", Time since last: 1000110496 ns, Reaching safepoint: 5200 ns, Cleanup: 46600 ns, At safepoint: 2100 ns, Total: 53900 ns
[36.290s][info ][safepoint      ] Safepoint "Cleanup", Time since last: 1000108496 ns, Reaching safepoint: 6000 ns, Cleanup: 59801 ns, At safepoint: 2200 ns, Total: 68001 ns
[37.290s][info ][safepoint      ] Safepoint "Cleanup", Time since last: 1000100596 ns, Reaching safepoint: 5000 ns, Cleanup: 27000 ns, At safepoint: 1600 ns, Total: 33600 ns
[38.290s][info ][safepoint      ] Safepoint "Cleanup", Time since last: 1000104579 ns, Reaching safepoint: 5300 ns, Cleanup: 35200 ns, At safepoint: 2400 ns, Total: 42900 ns
[39.290s][info ][safepoint      ] Safepoint "Cleanup", Time since last: 1000111655 ns, Reaching safepoint: 5300 ns, Cleanup: 96300 ns, At safepoint: 3300 ns, Total: 104900 ns
[39.605s][info ][gc,start       ] GC(10) Pause Young (Allocation Failure)
[39.679s][debug][gc,phases      ] GC(10) Scavenge 74.638ms
[39.679s][debug][gc,ref         ] GC(10) ReferenceProcessor::execute queues: 4, RefProcThreadModel::Multi, marks_oops_alive: false
[39.680s][debug][gc,ref         ] GC(10) Skipped KeepAliveFinalRefsPhase of Reference Processing: no references
[39.680s][debug][gc,ref         ] GC(10) ReferenceProcessor::execute queues: 1, RefProcThreadModel::Single, marks_oops_alive: false
[39.680s][debug][gc,phases      ] GC(10) Reference Processing 0.696ms
[39.681s][debug][gc,phases      ] GC(10)   VM Weak                        Min:  0.0, Avg:  0.0, Max:  0.0, Diff:  0.0, Sum:  0.0, Workers: 4
[39.681s][debug][gc,phases      ] GC(10)     Dead                           Min: 0, Avg:  0.0, Max: 0, Diff: 0, Sum: 0, Workers: 4
[39.681s][debug][gc,phases      ] GC(10)     Total                          Min: 0, Avg: 239.2, Max: 448, Diff: 448, Sum: 957, Workers: 4
[39.681s][debug][gc,phases      ] GC(10)   ObjectSynchronizer Weak        Min:  0.0, Avg:  0.0, Max:  0.0, Diff:  0.0, Sum:  0.0, Workers: 4
[39.681s][debug][gc,phases      ] GC(10)     Dead                           Min: 0, Avg:  0.0, Max: 0, Diff: 0, Sum: 0, Workers: 4
[39.681s][debug][gc,phases      ] GC(10)     Total                          Min: 0, Avg: 15.2, Max: 61, Diff: 61, Sum: 61, Workers: 4
[39.681s][debug][gc,phases      ] GC(10)   JVMTI Tag Weak OopStorage      Min:  0.0, Avg:  0.0, Max:  0.0, Diff:  0.0, Sum:  0.0, Workers: 4
[39.681s][debug][gc,phases      ] GC(10)     Dead                           Min: 0, Avg:  0.0, Max: 0, Diff: 0, Sum: 0, Workers: 4
[39.681s][debug][gc,phases      ] GC(10)     Total                          Min: 0, Avg:  0.0, Max: 0, Diff: 0, Sum: 0, Workers: 4
[39.681s][debug][gc,phases      ] GC(10)   StringTable Weak               Min:  0.0, Avg:  0.2, Max:  0.3, Diff:  0.3, Sum:  1.0, Workers: 4
[39.681s][debug][gc,phases      ] GC(10)     Dead                           Min: 0, Avg:  0.8, Max: 3, Diff: 3, Sum: 3, Workers: 4
[39.681s][debug][gc,phases      ] GC(10)     Total                          Min: 0, Avg: 11296.5, Max: 19840, Diff: 19840, Sum: 45186, Workers: 4
[39.681s][debug][gc,phases      ] GC(10)   ResolvedMethodTable Weak       Min:  0.0, Avg:  0.1, Max:  0.1, Diff:  0.1, Sum:  0.3, Workers: 4
[39.681s][debug][gc,phases      ] GC(10)     Dead                           Min: 0, Avg: 11.8, Max: 24, Diff: 24, Sum: 47, Workers: 4
[39.681s][debug][gc,phases      ] GC(10)     Total                          Min: 0, Avg: 3641.8, Max: 6314, Diff: 6314, Sum: 14567, Workers: 4
[39.681s][debug][gc,phases      ] GC(10)   JNI Weak                       Min:  0.0, Avg:  0.0, Max:  0.0, Diff:  0.0, Sum:  0.0, Workers: 4
[39.681s][debug][gc,phases      ] GC(10)     Dead                           Min: 0, Avg:  0.0, Max: 0, Diff: 0, Sum: 0, Workers: 4
[39.681s][debug][gc,phases      ] GC(10)     Total                          Min: 0, Avg: 13.0, Max: 52, Diff: 52, Sum: 52, Workers: 4
[39.681s][debug][gc,phases      ] GC(10)   StringDedup Table Weak         Min:  0.0, Avg:  0.0, Max:  0.0, Diff:  0.0, Sum:  0.0, Workers: 4
[39.681s][debug][gc,phases      ] GC(10)     Dead                           Min: 0, Avg:  0.0, Max: 0, Diff: 0, Sum: 0, Workers: 4
[39.681s][debug][gc,phases      ] GC(10)     Total                          Min: 0, Avg:  0.0, Max: 0, Diff: 0, Sum: 0, Workers: 4
[39.681s][debug][gc,phases      ] GC(10)   StringDedup Requests0 Weak     Min:  0.0, Avg:  0.0, Max:  0.0, Diff:  0.0, Sum:  0.0, Workers: 4
[39.681s][debug][gc,phases      ] GC(10)     Dead                           Min: 0, Avg:  0.0, Max: 0, Diff: 0, Sum: 0, Workers: 4
[39.681s][debug][gc,phases      ] GC(10)     Total                          Min: 0, Avg:  0.0, Max: 0, Diff: 0, Sum: 0, Workers: 4
[39.681s][debug][gc,phases      ] GC(10)   StringDedup Requests1 Weak     Min:  0.0, Avg:  0.0, Max:  0.0, Diff:  0.0, Sum:  0.0, Workers: 4
[39.681s][debug][gc,phases      ] GC(10)     Dead                           Min: 0, Avg:  0.0, Max: 0, Diff: 0, Sum: 0, Workers: 4
[39.681s][debug][gc,phases      ] GC(10)     Total                          Min: 0, Avg:  0.0, Max: 0, Diff: 0, Sum: 0, Workers: 4
[39.681s][debug][gc,phases      ] GC(10)   Weak JFR Old Object Samples    Min:  0.0, Avg:  0.0, Max:  0.0, Diff:  0.0, Sum:  0.0, Workers: 4
[39.681s][debug][gc,phases      ] GC(10)     Dead                           Min: 0, Avg:  0.0, Max: 0, Diff: 0, Sum: 0, Workers: 4
[39.681s][debug][gc,phases      ] GC(10)     Total                          Min: 0, Avg:  0.0, Max: 0, Diff: 0, Sum: 0, Workers: 4
[39.681s][debug][gc,phases      ] GC(10) Weak Processing 0.642ms
[39.681s][debug][gc,age         ] GC(10) Desired survivor size 253755392 bytes, new threshold 4 (max threshold 15)
[39.681s][info ][gc,heap        ] GC(10) PSYoungGen: 1790462K(1790464K)->142780K(1843200K) Eden: 1589248K(1589248K)->0K(1589248K) From: 201214K(201216K)->142780K(253952K)
[39.681s][info ][gc,heap        ] GC(10) ParOldGen: 25777K(26112K)->79839K(79872K)
[39.681s][info ][gc,metaspace   ] GC(10) Metaspace: 102867K(104192K)->102867K(104192K) NonClass: 87145K(87872K)->87145K(87872K) Class: 15721K(16320K)->15721K(16320K)
[39.681s][info ][gc             ] GC(10) Pause Young (Allocation Failure) 1773M->217M(1878M) 76.100ms
[39.681s][info ][gc,cpu         ] GC(10) User=0.26s Sys=0.03s Real=0.07s
[39.681s][info ][safepoint      ] Safepoint "ParallelGCFailedAllocation", Time since last: 314486149 ns, Reaching safepoint: 5300 ns, Cleanup: 17400 ns, At safepoint: 76168178 ns, Total: 76190878 ns
[40.681s][info ][safepoint      ] Safepoint "Cleanup", Time since last: 1000086055 ns, Reaching safepoint: 5500 ns, Cleanup: 66200 ns, At safepoint: 2000 ns, Total: 73700 ns
[41.681s][info ][safepoint      ] Safepoint "Cleanup", Time since last: 1000110854 ns, Reaching safepoint: 5800 ns, Cleanup: 59200 ns, At safepoint: 2100 ns, Total: 67100 ns
[42.681s][info ][safepoint      ] Safepoint "Cleanup", Time since last: 1000111154 ns, Reaching safepoint: 23801 ns, Cleanup: 22700 ns, At safepoint: 5800 ns, Total: 52301 ns
[43.681s][info ][safepoint      ] Safepoint "Cleanup", Time since last: 1000104754 ns, Reaching safepoint: 5900 ns, Cleanup: 63100 ns, At safepoint: 2100 ns, Total: 71100 ns
[44.682s][info ][safepoint      ] Safepoint "Cleanup", Time since last: 1000102054 ns, Reaching safepoint: 5000 ns, Cleanup: 26800 ns, At safepoint: 1600 ns, Total: 33400 ns
[45.682s][info ][safepoint      ] Safepoint "Cleanup", Time since last: 1000107055 ns, Reaching safepoint: 5800 ns, Cleanup: 34700 ns, At safepoint: 2100 ns, Total: 42600 ns
[46.682s][info ][safepoint      ] Safepoint "Cleanup", Time since last: 1000107446 ns, Reaching safepoint: 5600 ns, Cleanup: 30500 ns, At safepoint: 2100 ns, Total: 38200 ns
[47.682s][info ][safepoint      ] Safepoint "Cleanup", Time since last: 1000120835 ns, Reaching safepoint: 6200 ns, Cleanup: 17200 ns, At safepoint: 2100 ns, Total: 25500 ns
[48.682s][info ][safepoint      ] Safepoint "Cleanup", Time since last: 1000113335 ns, Reaching safepoint: 5901 ns, Cleanup: 20800 ns, At safepoint: 2100 ns, Total: 28801 ns
[49.682s][info ][safepoint      ] Safepoint "Cleanup", Time since last: 1000101235 ns, Reaching safepoint: 5100 ns, Cleanup: 21100 ns, At safepoint: 1500 ns, Total: 27700 ns
[50.682s][info ][safepoint      ] Safepoint "Cleanup", Time since last: 1000106535 ns, Reaching safepoint: 5400 ns, Cleanup: 71901 ns, At safepoint: 1900 ns, Total: 79201 ns
[51.683s][info ][safepoint      ] Safepoint "Cleanup", Time since last: 1000102535 ns, Reaching safepoint: 5700 ns, Cleanup: 50200 ns, At safepoint: 2100 ns, Total: 58000 ns
[52.683s][info ][safepoint      ] Safepoint "Cleanup", Time since last: 1000104535 ns, Reaching safepoint: 5900 ns, Cleanup: 19600 ns, At safepoint: 2200 ns, Total: 27700 ns
[53.683s][info ][safepoint      ] Safepoint "Cleanup", Time since last: 1000105436 ns, Reaching safepoint: 5800 ns, Cleanup: 19500 ns, At safepoint: 2200 ns, Total: 27500 ns
[54.683s][info ][safepoint      ] Safepoint "Cleanup", Time since last: 1000112584 ns, Reaching safepoint: 5900 ns, Cleanup: 23000 ns, At safepoint: 2100 ns, Total: 31000 ns
[55.683s][info ][safepoint      ] Safepoint "Cleanup", Time since last: 1000117979 ns, Reaching safepoint: 7600 ns, Cleanup: 19700 ns, At safepoint: 2800 ns, Total: 30100 ns
[56.683s][info ][safepoint      ] Safepoint "Cleanup", Time since last: 1000118779 ns, Reaching safepoint: 5300 ns, Cleanup: 27900 ns, At safepoint: 1600 ns, Total: 34800 ns
[56.955s][info ][gc,start       ] GC(11) Pause Young (Allocation Failure)
[57.022s][debug][gc,phases      ] GC(11) Scavenge 66.820ms
[57.022s][debug][gc,ref         ] GC(11) ReferenceProcessor::execute queues: 1, RefProcThreadModel::Single, marks_oops_alive: false
[57.022s][debug][gc,ref         ] GC(11) Skipped KeepAliveFinalRefsPhase of Reference Processing: no references
[57.022s][debug][gc,ref         ] GC(11) ReferenceProcessor::execute queues: 1, RefProcThreadModel::Single, marks_oops_alive: false
[57.022s][debug][gc,phases      ] GC(11) Reference Processing 0.112ms
[57.023s][debug][gc,phases      ] GC(11)   VM Weak                        Min:  0.0, Avg:  0.0, Max:  0.0, Diff:  0.0, Sum:  0.0, Workers: 4
[57.023s][debug][gc,phases      ] GC(11)     Dead                           Min: 0, Avg:  0.0, Max: 0, Diff: 0, Sum: 0, Workers: 4
[57.023s][debug][gc,phases      ] GC(11)     Total                          Min: 0, Avg: 239.5, Max: 702, Diff: 702, Sum: 958, Workers: 4
[57.023s][debug][gc,phases      ] GC(11)   ObjectSynchronizer Weak        Min:  0.0, Avg:  0.0, Max:  0.0, Diff:  0.0, Sum:  0.0, Workers: 4
[57.023s][debug][gc,phases      ] GC(11)     Dead                           Min: 0, Avg:  0.0, Max: 0, Diff: 0, Sum: 0, Workers: 4
[57.023s][debug][gc,phases      ] GC(11)     Total                          Min: 0, Avg: 15.2, Max: 61, Diff: 61, Sum: 61, Workers: 4
[57.023s][debug][gc,phases      ] GC(11)   JVMTI Tag Weak OopStorage      Min:  0.0, Avg:  0.0, Max:  0.0, Diff:  0.0, Sum:  0.0, Workers: 4
[57.023s][debug][gc,phases      ] GC(11)     Dead                           Min: 0, Avg:  0.0, Max: 0, Diff: 0, Sum: 0, Workers: 4
[57.023s][debug][gc,phases      ] GC(11)     Total                          Min: 0, Avg:  0.0, Max: 0, Diff: 0, Sum: 0, Workers: 4
[57.023s][debug][gc,phases      ] GC(11)   StringTable Weak               Min:  0.0, Avg:  0.2, Max:  0.3, Diff:  0.3, Sum:  0.8, Workers: 4
[57.023s][debug][gc,phases      ] GC(11)     Dead                           Min: 0, Avg:  0.5, Max: 2, Diff: 2, Sum: 2, Workers: 4
[57.023s][debug][gc,phases      ] GC(11)     Total                          Min: 0, Avg: 11328.2, Max: 19841, Diff: 19841, Sum: 45313, Workers: 4
[57.023s][debug][gc,phases      ] GC(11)   ResolvedMethodTable Weak       Min:  0.0, Avg:  0.1, Max:  0.1, Diff:  0.1, Sum:  0.4, Workers: 4
[57.023s][debug][gc,phases      ] GC(11)     Dead                           Min: 0, Avg:  6.5, Max: 13, Diff: 13, Sum: 26, Workers: 4
[57.023s][debug][gc,phases      ] GC(11)     Total                          Min: 0, Avg: 3657.5, Max: 5980, Diff: 5980, Sum: 14630, Workers: 4
[57.023s][debug][gc,phases      ] GC(11)   JNI Weak                       Min:  0.0, Avg:  0.0, Max:  0.0, Diff:  0.0, Sum:  0.0, Workers: 4
[57.023s][debug][gc,phases      ] GC(11)     Dead                           Min: 0, Avg:  0.0, Max: 0, Diff: 0, Sum: 0, Workers: 4
[57.023s][debug][gc,phases      ] GC(11)     Total                          Min: 0, Avg: 13.0, Max: 52, Diff: 52, Sum: 52, Workers: 4
[57.023s][debug][gc,phases      ] GC(11)   StringDedup Table Weak         Min:  0.0, Avg:  0.0, Max:  0.0, Diff:  0.0, Sum:  0.0, Workers: 4
[57.023s][debug][gc,phases      ] GC(11)     Dead                           Min: 0, Avg:  0.0, Max: 0, Diff: 0, Sum: 0, Workers: 4
[57.023s][debug][gc,phases      ] GC(11)     Total                          Min: 0, Avg:  0.0, Max: 0, Diff: 0, Sum: 0, Workers: 4
[57.023s][debug][gc,phases      ] GC(11)   StringDedup Requests0 Weak     Min:  0.0, Avg:  0.0, Max:  0.0, Diff:  0.0, Sum:  0.0, Workers: 4
[57.023s][debug][gc,phases      ] GC(11)     Dead                           Min: 0, Avg:  0.0, Max: 0, Diff: 0, Sum: 0, Workers: 4
[57.023s][debug][gc,phases      ] GC(11)     Total                          Min: 0, Avg:  0.0, Max: 0, Diff: 0, Sum: 0, Workers: 4
[57.023s][debug][gc,phases      ] GC(11)   StringDedup Requests1 Weak     Min:  0.0, Avg:  0.0, Max:  0.0, Diff:  0.0, Sum:  0.0, Workers: 4
[57.023s][debug][gc,phases      ] GC(11)     Dead                           Min: 0, Avg:  0.0, Max: 0, Diff: 0, Sum: 0, Workers: 4
[57.023s][debug][gc,phases      ] GC(11)     Total                          Min: 0, Avg:  0.0, Max: 0, Diff: 0, Sum: 0, Workers: 4
[57.023s][debug][gc,phases      ] GC(11)   Weak JFR Old Object Samples    Min:  0.0, Avg:  0.0, Max:  0.0, Diff:  0.0, Sum:  0.0, Workers: 4
[57.023s][debug][gc,phases      ] GC(11)     Dead                           Min: 0, Avg:  0.0, Max: 0, Diff: 0, Sum: 0, Workers: 4
[57.023s][debug][gc,phases      ] GC(11)     Total                          Min: 0, Avg:  0.0, Max: 0, Diff: 0, Sum: 0, Workers: 4
[57.023s][debug][gc,phases      ] GC(11) Weak Processing 0.589ms
[57.023s][debug][gc,age         ] GC(11) Desired survivor size 247463936 bytes, new threshold 3 (max threshold 15)
[57.023s][info ][gc,heap        ] GC(11) PSYoungGen: 1732028K(1843200K)->74472K(1855488K) Eden: 1589248K(1589248K)->0K(1607680K) From: 142780K(253952K)->74472K(247808K)
[57.023s][info ][gc,heap        ] GC(11) ParOldGen: 79839K(79872K)->155114K(155136K)
[57.023s][info ][gc,metaspace   ] GC(11) Metaspace: 103225K(104576K)->103225K(104576K) NonClass: 87474K(88192K)->87474K(88192K) Class: 15751K(16384K)->15751K(16384K)
[57.023s][info ][gc             ] GC(11) Pause Young (Allocation Failure) 1769M->224M(1963M) 67.641ms
[57.023s][info ][gc,cpu         ] GC(11) User=0.20s Sys=0.06s Real=0.07s
[57.023s][info ][safepoint      ] Safepoint "ParallelGCFailedAllocation", Time since last: 271932546 ns, Reaching safepoint: 5100 ns, Cleanup: 5900 ns, At safepoint: 67708936 ns, Total: 67719936 ns
[58.023s][info ][safepoint      ] Safepoint "Cleanup", Time since last: 1000091678 ns, Reaching safepoint: 5400 ns, Cleanup: 12600 ns, At safepoint: 2100 ns, Total: 20100 ns
[59.023s][info ][safepoint      ] Safepoint "Cleanup", Time since last: 1000105479 ns, Reaching safepoint: 5100 ns, Cleanup: 53900 ns, At safepoint: 1900 ns, Total: 60900 ns
[60.023s][info ][safepoint      ] Safepoint "Cleanup", Time since last: 1000102679 ns, Reaching safepoint: 6000 ns, Cleanup: 47500 ns, At safepoint: 2000 ns, Total: 55500 ns
[61.048s][info ][safepoint      ] Safepoint "Cleanup", Time since last: 1025008466 ns, Reaching safepoint: 5300 ns, Cleanup: 18600 ns, At safepoint: 2000 ns, Total: 25900 ns
[62.049s][info ][safepoint      ] Safepoint "Cleanup", Time since last: 1000096969 ns, Reaching safepoint: 5700 ns, Cleanup: 35700 ns, At safepoint: 2300 ns, Total: 43700 ns
[63.049s][info ][safepoint      ] Safepoint "Cleanup", Time since last: 1000124043 ns, Reaching safepoint: 5300 ns, Cleanup: 24500 ns, At safepoint: 1900 ns, Total: 31700 ns
[64.049s][info ][safepoint      ] Safepoint "Cleanup", Time since last: 1000098643 ns, Reaching safepoint: 6100 ns, Cleanup: 38300 ns, At safepoint: 2400 ns, Total: 46800 ns
[65.049s][info ][safepoint      ] Safepoint "Cleanup", Time since last: 1000104643 ns, Reaching safepoint: 5500 ns, Cleanup: 44300 ns, At safepoint: 2100 ns, Total: 51900 ns
[66.049s][info ][safepoint      ] Safepoint "Cleanup", Time since last: 1000115743 ns, Reaching safepoint: 6000 ns, Cleanup: 18900 ns, At safepoint: 2600 ns, Total: 27500 ns
[67.049s][info ][safepoint      ] Safepoint "Cleanup", Time since last: 1000108143 ns, Reaching safepoint: 5200 ns, Cleanup: 12600 ns, At safepoint: 1600 ns, Total: 19400 ns
[68.049s][info ][safepoint      ] Safepoint "Cleanup", Time since last: 1000101643 ns, Reaching safepoint: 5100 ns, Cleanup: 16100 ns, At safepoint: 1700 ns, Total: 22900 ns
[69.050s][info ][safepoint      ] Safepoint "Cleanup", Time since last: 1000102542 ns, Reaching safepoint: 5800 ns, Cleanup: 11600 ns, At safepoint: 2000 ns, Total: 19400 ns
[70.050s][info ][safepoint      ] Safepoint "Cleanup", Time since last: 1000103822 ns, Reaching safepoint: 5200 ns, Cleanup: 9900 ns, At safepoint: 1600 ns, Total: 16700 ns
[71.567s][info ][safepoint      ] Safepoint "Cleanup", Time since last: 1517527197 ns, Reaching safepoint: 4900 ns, Cleanup: 35100 ns, At safepoint: 1600 ns, Total: 41600 ns
[72.567s][info ][safepoint      ] Safepoint "Cleanup", Time since last: 1000098759 ns, Reaching safepoint: 5900 ns, Cleanup: 15700 ns, At safepoint: 2100 ns, Total: 23700 ns
[73.568s][info ][safepoint      ] Safepoint "Cleanup", Time since last: 1000106160 ns, Reaching safepoint: 5500 ns, Cleanup: 14600 ns, At safepoint: 2000 ns, Total: 22100 ns
[74.568s][info ][safepoint      ] Safepoint "Cleanup", Time since last: 1000107059 ns, Reaching safepoint: 4900 ns, Cleanup: 12500 ns, At safepoint: 1900 ns, Total: 19300 ns
[75.568s][info ][safepoint      ] Safepoint "Cleanup", Time since last: 1000107259 ns, Reaching safepoint: 5600 ns, Cleanup: 12700 ns, At safepoint: 2100 ns, Total: 20400 ns
[76.455s][info ][gc,start       ] GC(12) Pause Young (Allocation Failure)
[76.487s][debug][gc,phases      ] GC(12) Scavenge 32.014ms
[76.487s][debug][gc,ref         ] GC(12) ReferenceProcessor::execute queues: 1, RefProcThreadModel::Single, marks_oops_alive: false
[76.487s][debug][gc,ref         ] GC(12) Skipped KeepAliveFinalRefsPhase of Reference Processing: no references
[76.487s][debug][gc,ref         ] GC(12) ReferenceProcessor::execute queues: 1, RefProcThreadModel::Single, marks_oops_alive: false
[76.487s][debug][gc,phases      ] GC(12) Reference Processing 0.101ms
[76.487s][debug][gc,phases      ] GC(12)   VM Weak                        Min:  0.0, Avg:  0.0, Max:  0.0, Diff:  0.0, Sum:  0.0, Workers: 4
[76.487s][debug][gc,phases      ] GC(12)     Dead                           Min: 0, Avg:  0.0, Max: 0, Diff: 0, Sum: 0, Workers: 4
[76.487s][debug][gc,phases      ] GC(12)     Total                          Min: 0, Avg: 239.5, Max: 512, Diff: 512, Sum: 958, Workers: 4
[76.487s][debug][gc,phases      ] GC(12)   ObjectSynchronizer Weak        Min:  0.0, Avg:  0.0, Max:  0.0, Diff:  0.0, Sum:  0.0, Workers: 4
[76.487s][debug][gc,phases      ] GC(12)     Dead                           Min: 0, Avg:  0.0, Max: 0, Diff: 0, Sum: 0, Workers: 4
[76.487s][debug][gc,phases      ] GC(12)     Total                          Min: 0, Avg:  1.0, Max: 4, Diff: 4, Sum: 4, Workers: 4
[76.487s][debug][gc,phases      ] GC(12)   JVMTI Tag Weak OopStorage      Min:  0.0, Avg:  0.0, Max:  0.0, Diff:  0.0, Sum:  0.0, Workers: 4
[76.487s][debug][gc,phases      ] GC(12)     Dead                           Min: 0, Avg:  0.0, Max: 0, Diff: 0, Sum: 0, Workers: 4
[76.487s][debug][gc,phases      ] GC(12)     Total                          Min: 0, Avg:  0.0, Max: 0, Diff: 0, Sum: 0, Workers: 4
[76.487s][debug][gc,phases      ] GC(12)   StringTable Weak               Min:  0.0, Avg:  0.1, Max:  0.2, Diff:  0.2, Sum:  0.4, Workers: 4
[76.487s][debug][gc,phases      ] GC(12)     Dead                           Min: 0, Avg:  0.0, Max: 0, Diff: 0, Sum: 0, Workers: 4
[76.487s][debug][gc,phases      ] GC(12)     Total                          Min: 0, Avg: 11345.2, Max: 27136, Diff: 27136, Sum: 45381, Workers: 4
[76.487s][debug][gc,phases      ] GC(12)   ResolvedMethodTable Weak       Min:  0.0, Avg:  0.0, Max:  0.1, Diff:  0.1, Sum:  0.1, Workers: 4
[76.488s][debug][gc,phases      ] GC(12)     Dead                           Min: 0, Avg:  0.0, Max: 0, Diff: 0, Sum: 0, Workers: 4
[76.488s][debug][gc,phases      ] GC(12)     Total                          Min: 0, Avg: 3658.5, Max: 8770, Diff: 8770, Sum: 14634, Workers: 4
[76.488s][debug][gc,phases      ] GC(12)   JNI Weak                       Min:  0.0, Avg:  0.0, Max:  0.0, Diff:  0.0, Sum:  0.0, Workers: 4
[76.488s][debug][gc,phases      ] GC(12)     Dead                           Min: 0, Avg:  0.0, Max: 0, Diff: 0, Sum: 0, Workers: 4
[76.488s][debug][gc,phases      ] GC(12)     Total                          Min: 0, Avg: 13.0, Max: 52, Diff: 52, Sum: 52, Workers: 4
[76.488s][debug][gc,phases      ] GC(12)   StringDedup Table Weak         Min:  0.0, Avg:  0.0, Max:  0.0, Diff:  0.0, Sum:  0.0, Workers: 4
[76.488s][debug][gc,phases      ] GC(12)     Dead                           Min: 0, Avg:  0.0, Max: 0, Diff: 0, Sum: 0, Workers: 4
[76.488s][debug][gc,phases      ] GC(12)     Total                          Min: 0, Avg:  0.0, Max: 0, Diff: 0, Sum: 0, Workers: 4
[76.488s][debug][gc,phases      ] GC(12)   StringDedup Requests0 Weak     Min:  0.0, Avg:  0.0, Max:  0.0, Diff:  0.0, Sum:  0.0, Workers: 4
[76.488s][debug][gc,phases      ] GC(12)     Dead                           Min: 0, Avg:  0.0, Max: 0, Diff: 0, Sum: 0, Workers: 4
[76.488s][debug][gc,phases      ] GC(12)     Total                          Min: 0, Avg:  0.0, Max: 0, Diff: 0, Sum: 0, Workers: 4
[76.488s][debug][gc,phases      ] GC(12)   StringDedup Requests1 Weak     Min:  0.0, Avg:  0.0, Max:  0.0, Diff:  0.0, Sum:  0.0, Workers: 4
[76.488s][debug][gc,phases      ] GC(12)     Dead                           Min: 0, Avg:  0.0, Max: 0, Diff: 0, Sum: 0, Workers: 4
[76.488s][debug][gc,phases      ] GC(12)     Total                          Min: 0, Avg:  0.0, Max: 0, Diff: 0, Sum: 0, Workers: 4
[76.488s][debug][gc,phases      ] GC(12)   Weak JFR Old Object Samples    Min:  0.0, Avg:  0.0, Max:  0.0, Diff:  0.0, Sum:  0.0, Workers: 4
[76.488s][debug][gc,phases      ] GC(12)     Dead                           Min: 0, Avg:  0.0, Max: 0, Diff: 0, Sum: 0, Workers: 4
[76.488s][debug][gc,phases      ] GC(12)     Total                          Min: 0, Avg:  0.0, Max: 0, Diff: 0, Sum: 0, Workers: 4
[76.488s][debug][gc,phases      ] GC(12) Weak Processing 0.466ms
[76.488s][debug][gc,age         ] GC(12) Desired survivor size 251658240 bytes, new threshold 2 (max threshold 15)
[76.488s][info ][gc,heap        ] GC(12) PSYoungGen: 1682152K(1855488K)->17927K(1849344K) Eden: 1607680K(1607680K)->0K(1607680K) From: 74472K(247808K)->17927K(241664K)
[76.488s][info ][gc,heap        ] GC(12) ParOldGen: 155114K(155136K)->215865K(216064K)
[76.488s][info ][gc,metaspace   ] GC(12) Metaspace: 103376K(104704K)->103376K(104704K) NonClass: 87611K(88320K)->87611K(88320K) Class: 15765K(16384K)->15765K(16384K)
[76.488s][info ][gc             ] GC(12) Pause Young (Allocation Failure) 1794M->228M(2017M) 32.706ms
[76.488s][info ][gc,cpu         ] GC(12) User=0.07s Sys=0.04s Real=0.03s
[76.488s][info ][safepoint      ] Safepoint "ParallelGCFailedAllocation", Time since last: 887098380 ns, Reaching safepoint: 5600 ns, Cleanup: 24700 ns, At safepoint: 32784310 ns, Total: 32814610 ns
[77.488s][info ][safepoint      ] Safepoint "Cleanup", Time since last: 1000091459 ns, Reaching safepoint: 5600 ns, Cleanup: 9000 ns, At safepoint: 1700 ns, Total: 16300 ns
[78.488s][info ][safepoint      ] Safepoint "Cleanup", Time since last: 1000115278 ns, Reaching safepoint: 4900 ns, Cleanup: 11900 ns, At safepoint: 1500 ns, Total: 18300 ns
[79.488s][info ][safepoint      ] Safepoint "Cleanup", Time since last: 1000098888 ns, Reaching safepoint: 5200 ns, Cleanup: 19900 ns, At safepoint: 1800 ns, Total: 26900 ns
[80.488s][info ][safepoint      ] Safepoint "Cleanup", Time since last: 1000115187 ns, Reaching safepoint: 6000 ns, Cleanup: 19401 ns, At safepoint: 2300 ns, Total: 27701 ns
[81.488s][info ][safepoint      ] Safepoint "Cleanup", Time since last: 1000104387 ns, Reaching safepoint: 6300 ns, Cleanup: 14000 ns, At safepoint: 2400 ns, Total: 22700 ns
[82.488s][info ][safepoint      ] Safepoint "Cleanup", Time since last: 1000117088 ns, Reaching safepoint: 5500 ns, Cleanup: 19100 ns, At safepoint: 1700 ns, Total: 26300 ns
[83.003s][info ][gc,start       ] GC(13) Pause Young (CodeCache GC Threshold)
[83.013s][debug][gc,phases      ] GC(13) Scavenge 9.660ms
[83.013s][debug][gc,ref         ] GC(13) ReferenceProcessor::execute queues: 1, RefProcThreadModel::Single, marks_oops_alive: false
[83.013s][debug][gc,ref         ] GC(13) Skipped KeepAliveFinalRefsPhase of Reference Processing: no references
[83.013s][debug][gc,ref         ] GC(13) ReferenceProcessor::execute queues: 1, RefProcThreadModel::Single, marks_oops_alive: false
[83.013s][debug][gc,phases      ] GC(13) Reference Processing 0.104ms
[83.014s][debug][gc,phases      ] GC(13)   VM Weak                        Min:  0.0, Avg:  0.0, Max:  0.0, Diff:  0.0, Sum:  0.0, Workers: 4
[83.014s][debug][gc,phases      ] GC(13)     Dead                           Min: 0, Avg:  0.0, Max: 0, Diff: 0, Sum: 0, Workers: 4
[83.014s][debug][gc,phases      ] GC(13)     Total                          Min: 0, Avg: 239.5, Max: 958, Diff: 958, Sum: 958, Workers: 4
[83.014s][debug][gc,phases      ] GC(13)   ObjectSynchronizer Weak        Min:  0.0, Avg:  0.0, Max:  0.0, Diff:  0.0, Sum:  0.0, Workers: 4
[83.014s][debug][gc,phases      ] GC(13)     Dead                           Min: 0, Avg:  0.0, Max: 0, Diff: 0, Sum: 0, Workers: 4
[83.014s][debug][gc,phases      ] GC(13)     Total                          Min: 0, Avg:  1.0, Max: 4, Diff: 4, Sum: 4, Workers: 4
[83.014s][debug][gc,phases      ] GC(13)   JVMTI Tag Weak OopStorage      Min:  0.0, Avg:  0.0, Max:  0.0, Diff:  0.0, Sum:  0.0, Workers: 4
[83.014s][debug][gc,phases      ] GC(13)     Dead                           Min: 0, Avg:  0.0, Max: 0, Diff: 0, Sum: 0, Workers: 4
[83.014s][debug][gc,phases      ] GC(13)     Total                          Min: 0, Avg:  0.0, Max: 0, Diff: 0, Sum: 0, Workers: 4
[83.014s][debug][gc,phases      ] GC(13)   StringTable Weak               Min:  0.0, Avg:  0.1, Max:  0.1, Diff:  0.1, Sum:  0.4, Workers: 4
[83.014s][debug][gc,phases      ] GC(13)     Dead                           Min: 0, Avg:  0.2, Max: 1, Diff: 1, Sum: 1, Workers: 4
[83.014s][debug][gc,phases      ] GC(13)     Total                          Min: 0, Avg: 11349.0, Max: 16661, Diff: 16661, Sum: 45396, Workers: 4
[83.014s][debug][gc,phases      ] GC(13)   ResolvedMethodTable Weak       Min:  0.0, Avg:  0.0, Max:  0.0, Diff:  0.0, Sum:  0.1, Workers: 4
[83.014s][debug][gc,phases      ] GC(13)     Dead                           Min: 0, Avg:  4.5, Max: 17, Diff: 17, Sum: 18, Workers: 4
[83.014s][debug][gc,phases      ] GC(13)     Total                          Min: 0, Avg: 3660.2, Max: 6223, Diff: 6223, Sum: 14641, Workers: 4
[83.014s][debug][gc,phases      ] GC(13)   JNI Weak                       Min:  0.0, Avg:  0.0, Max:  0.0, Diff:  0.0, Sum:  0.0, Workers: 4
[83.014s][debug][gc,phases      ] GC(13)     Dead                           Min: 0, Avg:  0.0, Max: 0, Diff: 0, Sum: 0, Workers: 4
[83.014s][debug][gc,phases      ] GC(13)     Total                          Min: 0, Avg: 13.0, Max: 52, Diff: 52, Sum: 52, Workers: 4
[83.014s][debug][gc,phases      ] GC(13)   StringDedup Table Weak         Min:  0.0, Avg:  0.0, Max:  0.0, Diff:  0.0, Sum:  0.0, Workers: 4
[83.014s][debug][gc,phases      ] GC(13)     Dead                           Min: 0, Avg:  0.0, Max: 0, Diff: 0, Sum: 0, Workers: 4
[83.014s][debug][gc,phases      ] GC(13)     Total                          Min: 0, Avg:  0.0, Max: 0, Diff: 0, Sum: 0, Workers: 4
[83.014s][debug][gc,phases      ] GC(13)   StringDedup Requests0 Weak     Min:  0.0, Avg:  0.0, Max:  0.0, Diff:  0.0, Sum:  0.0, Workers: 4
[83.014s][debug][gc,phases      ] GC(13)     Dead                           Min: 0, Avg:  0.0, Max: 0, Diff: 0, Sum: 0, Workers: 4
[83.014s][debug][gc,phases      ] GC(13)     Total                          Min: 0, Avg:  0.0, Max: 0, Diff: 0, Sum: 0, Workers: 4
[83.014s][debug][gc,phases      ] GC(13)   StringDedup Requests1 Weak     Min:  0.0, Avg:  0.0, Max:  0.0, Diff:  0.0, Sum:  0.0, Workers: 4
[83.014s][debug][gc,phases      ] GC(13)     Dead                           Min: 0, Avg:  0.0, Max: 0, Diff: 0, Sum: 0, Workers: 4
[83.014s][debug][gc,phases      ] GC(13)     Total                          Min: 0, Avg:  0.0, Max: 0, Diff: 0, Sum: 0, Workers: 4
[83.014s][debug][gc,phases      ] GC(13)   Weak JFR Old Object Samples    Min:  0.0, Avg:  0.0, Max:  0.0, Diff:  0.0, Sum:  0.0, Workers: 4
[83.014s][debug][gc,phases      ] GC(13)     Dead                           Min: 0, Avg:  0.0, Max: 0, Diff: 0, Sum: 0, Workers: 4
[83.014s][debug][gc,phases      ] GC(13)     Total                          Min: 0, Avg:  0.0, Max: 0, Diff: 0, Sum: 0, Workers: 4
[83.014s][debug][gc,phases      ] GC(13) Weak Processing 0.404ms
[83.014s][debug][gc,age         ] GC(13) Desired survivor size 254279680 bytes, new threshold 1 (max threshold 15)
[83.014s][info ][gc,heap        ] GC(13) PSYoungGen: 556129K(1849344K)->4816K(1846272K) Eden: 538201K(1607680K)->0K(1600512K) From: 17927K(241664K)->4816K(245760K)
[83.014s][info ][gc,heap        ] GC(13) ParOldGen: 215865K(216064K)->229981K(230400K)
[83.014s][info ][gc,metaspace   ] GC(13) Metaspace: 103406K(104704K)->103406K(104704K) NonClass: 87638K(88320K)->87638K(88320K) Class: 15767K(16384K)->15767K(16384K)
[83.014s][info ][gc             ] GC(13) Pause Young (CodeCache GC Threshold) 753M->229M(2028M) 10.281ms
[83.014s][info ][gc,cpu         ] GC(13) User=0.03s Sys=0.01s Real=0.00s
[83.014s][debug][gc,phases      ] GC(14) Pre Compact 0.007ms
[83.014s][info ][gc,start       ] GC(14) Pause Full (CodeCache GC Threshold)
[83.014s][info ][gc,phases,start] GC(14) Marking Phase
[83.089s][debug][gc,phases      ] GC(14) Par Mark 75.391ms
[83.089s][debug][gc,ref         ] GC(14) ReferenceProcessor::execute queues: 4, RefProcThreadModel::Multi, marks_oops_alive: false
[83.090s][debug][gc,ref         ] GC(14) Skipped KeepAliveFinalRefsPhase of Reference Processing: no references
[83.090s][debug][gc,ref         ] GC(14) ReferenceProcessor::execute queues: 1, RefProcThreadModel::Single, marks_oops_alive: false
[83.090s][debug][gc,phases      ] GC(14) Reference Processing 0.780ms
[83.090s][debug][gc,phases      ] GC(14)   VM Weak                        Min:  0.0, Avg:  0.0, Max:  0.0, Diff:  0.0, Sum:  0.0, Workers: 4
[83.090s][debug][gc,phases      ] GC(14)     Dead                           Min: 0, Avg:  0.0, Max: 0, Diff: 0, Sum: 0, Workers: 4
[83.090s][debug][gc,phases      ] GC(14)     Total                          Min: 0, Avg: 239.5, Max: 512, Diff: 512, Sum: 958, Workers: 4
[83.090s][debug][gc,phases      ] GC(14)   ObjectSynchronizer Weak        Min:  0.0, Avg:  0.0, Max:  0.0, Diff:  0.0, Sum:  0.0, Workers: 4
[83.090s][debug][gc,phases      ] GC(14)     Dead                           Min: 0, Avg:  0.0, Max: 0, Diff: 0, Sum: 0, Workers: 4
[83.090s][debug][gc,phases      ] GC(14)     Total                          Min: 0, Avg:  1.0, Max: 4, Diff: 4, Sum: 4, Workers: 4
[83.090s][debug][gc,phases      ] GC(14)   JVMTI Tag Weak OopStorage      Min:  0.0, Avg:  0.0, Max:  0.0, Diff:  0.0, Sum:  0.0, Workers: 4
[83.090s][debug][gc,phases      ] GC(14)     Dead                           Min: 0, Avg:  0.0, Max: 0, Diff: 0, Sum: 0, Workers: 4
[83.090s][debug][gc,phases      ] GC(14)     Total                          Min: 0, Avg:  0.0, Max: 0, Diff: 0, Sum: 0, Workers: 4
[83.090s][debug][gc,phases      ] GC(14)   StringTable Weak               Min:  0.0, Avg:  0.1, Max:  0.2, Diff:  0.2, Sum:  0.5, Workers: 4
[83.090s][debug][gc,phases      ] GC(14)     Dead                           Min: 0, Avg:  0.0, Max: 0, Diff: 0, Sum: 0, Workers: 4
[83.090s][debug][gc,phases      ] GC(14)     Total                          Min: 0, Avg: 11349.0, Max: 16895, Diff: 16895, Sum: 45396, Workers: 4
[83.090s][debug][gc,phases      ] GC(14)   ResolvedMethodTable Weak       Min:  0.0, Avg:  0.0, Max:  0.1, Diff:  0.1, Sum:  0.2, Workers: 4
[83.090s][debug][gc,phases      ] GC(14)     Dead                           Min: 0, Avg:  0.0, Max: 0, Diff: 0, Sum: 0, Workers: 4
[83.090s][debug][gc,phases      ] GC(14)     Total                          Min: 0, Avg: 3660.2, Max: 5714, Diff: 5714, Sum: 14641, Workers: 4
[83.090s][debug][gc,phases      ] GC(14)   JNI Weak                       Min:  0.0, Avg:  0.0, Max:  0.0, Diff:  0.0, Sum:  0.0, Workers: 4
[83.090s][debug][gc,phases      ] GC(14)     Dead                           Min: 0, Avg:  0.0, Max: 0, Diff: 0, Sum: 0, Workers: 4
[83.090s][debug][gc,phases      ] GC(14)     Total                          Min: 0, Avg: 13.0, Max: 52, Diff: 52, Sum: 52, Workers: 4
[83.090s][debug][gc,phases      ] GC(14)   StringDedup Table Weak         Min:  0.0, Avg:  0.0, Max:  0.0, Diff:  0.0, Sum:  0.0, Workers: 4
[83.090s][debug][gc,phases      ] GC(14)     Dead                           Min: 0, Avg:  0.0, Max: 0, Diff: 0, Sum: 0, Workers: 4
[83.090s][debug][gc,phases      ] GC(14)     Total                          Min: 0, Avg:  0.0, Max: 0, Diff: 0, Sum: 0, Workers: 4
[83.090s][debug][gc,phases      ] GC(14)   StringDedup Requests0 Weak     Min:  0.0, Avg:  0.0, Max:  0.0, Diff:  0.0, Sum:  0.0, Workers: 4
[83.090s][debug][gc,phases      ] GC(14)     Dead                           Min: 0, Avg:  0.0, Max: 0, Diff: 0, Sum: 0, Workers: 4
[83.090s][debug][gc,phases      ] GC(14)     Total                          Min: 0, Avg:  0.0, Max: 0, Diff: 0, Sum: 0, Workers: 4
[83.090s][debug][gc,phases      ] GC(14)   StringDedup Requests1 Weak     Min:  0.0, Avg:  0.0, Max:  0.0, Diff:  0.0, Sum:  0.0, Workers: 4
[83.090s][debug][gc,phases      ] GC(14)     Dead                           Min: 0, Avg:  0.0, Max: 0, Diff: 0, Sum: 0, Workers: 4
[83.090s][debug][gc,phases      ] GC(14)     Total                          Min: 0, Avg:  0.0, Max: 0, Diff: 0, Sum: 0, Workers: 4
[83.090s][debug][gc,phases      ] GC(14)   Weak JFR Old Object Samples    Min:  0.0, Avg:  0.0, Max:  0.0, Diff:  0.0, Sum:  0.0, Workers: 4
[83.090s][debug][gc,phases      ] GC(14)     Dead                           Min: 0, Avg:  0.0, Max: 0, Diff: 0, Sum: 0, Workers: 4
[83.090s][debug][gc,phases      ] GC(14)     Total                          Min: 0, Avg:  0.0, Max: 0, Diff: 0, Sum: 0, Workers: 4
[83.090s][debug][gc,phases      ] GC(14) Weak Processing 0.445ms
[83.091s][debug][gc,phases      ] GC(14) ClassLoaderData 0.113ms
[83.091s][debug][gc,phases      ] GC(14) Trigger cleanups 0.000ms
[83.130s][debug][gc,phases      ] GC(14) Purge Unlinked NMethods 0.937ms
[83.130s][debug][gc,phases      ] GC(14) Unregister NMethods 0.001ms
[83.130s][debug][gc,phases      ] GC(14) Free Code Blobs 0.163ms
[83.130s][debug][gc,phases      ] GC(14) Class Unloading 39.419ms
[83.130s][debug][gc,phases      ] GC(14) Report Object Count 0.001ms
[83.130s][info ][gc,phases      ] GC(14) Marking Phase 116.098ms
[83.130s][info ][gc,phases,start] GC(14) Summary Phase
[83.130s][info ][gc,phases      ] GC(14) Summary Phase 0.011ms
[83.130s][info ][gc,phases,start] GC(14) Adjust Roots
[83.154s][info ][gc,phases      ] GC(14) Adjust Roots 24.360ms
[83.154s][info ][gc,phases,start] GC(14) Compaction Phase
[83.371s][info ][gc,phases      ] GC(14) Compaction Phase 217.098ms
[83.371s][info ][gc,phases,start] GC(14) Post Compact
[83.373s][debug][gc,phases      ] GC(14) Purge Class Loader Data 0.302ms
[83.373s][info ][gc,phases      ] GC(14) Post Compact 1.130ms
[83.373s][info ][gc,heap        ] GC(14) PSYoungGen: 4816K(1846272K)->0K(1846272K) Eden: 0K(1600512K)->0K(1600512K) From: 4816K(245760K)->0K(245760K)
[83.373s][info ][gc,heap        ] GC(14) ParOldGen: 229981K(230400K)->226119K(230400K)
[83.373s][info ][gc,metaspace   ] GC(14) Metaspace: 103406K(104704K)->103406K(104704K) NonClass: 87638K(88320K)->87638K(88320K) Class: 15767K(16384K)->15767K(16384K)
[83.373s][info ][gc             ] GC(14) Pause Full (CodeCache GC Threshold) 229M->220M(2028M) 358.823ms
[83.373s][info ][gc,cpu         ] GC(14) User=1.19s Sys=0.01s Real=0.36s
[83.373s][info ][safepoint      ] Safepoint "ParallelGCSystemGC", Time since last: 514874744 ns, Reaching safepoint: 75300 ns, Cleanup: 10600 ns, At safepoint: 369221951 ns, Total: 369307851 ns
[84.373s][info ][safepoint      ] Safepoint "Cleanup", Time since last: 1000092787 ns, Reaching safepoint: 5800 ns, Cleanup: 86600 ns, At safepoint: 2300 ns, Total: 94700 ns
[85.373s][info ][safepoint      ] Safepoint "Cleanup", Time since last: 1000106488 ns, Reaching safepoint: 5800 ns, Cleanup: 17800 ns, At safepoint: 1900 ns, Total: 25500 ns
[86.373s][info ][safepoint      ] Safepoint "Cleanup", Time since last: 1000105507 ns, Reaching safepoint: 5700 ns, Cleanup: 37100 ns, At safepoint: 2200 ns, Total: 45000 ns
[87.373s][info ][safepoint      ] Safepoint "Cleanup", Time since last: 1000111562 ns, Reaching safepoint: 5100 ns, Cleanup: 13800 ns, At safepoint: 2000 ns, Total: 20900 ns
[88.373s][info ][safepoint      ] Safepoint "Cleanup", Time since last: 1000103762 ns, Reaching safepoint: 5400 ns, Cleanup: 17800 ns, At safepoint: 1700 ns, Total: 24900 ns
[89.374s][info ][safepoint      ] Safepoint "Cleanup", Time since last: 1000102663 ns, Reaching safepoint: 4600 ns, Cleanup: 23700 ns, At safepoint: 1500 ns, Total: 29800 ns
[90.374s][info ][safepoint      ] Safepoint "Cleanup", Time since last: 1000103762 ns, Reaching safepoint: 5300 ns, Cleanup: 36500 ns, At safepoint: 2000 ns, Total: 43800 ns
[91.374s][info ][safepoint      ] Safepoint "Cleanup", Time since last: 1000104863 ns, Reaching safepoint: 4400 ns, Cleanup: 19400 ns, At safepoint: 1800 ns, Total: 25600 ns
[92.374s][info ][safepoint      ] Safepoint "Cleanup", Time since last: 1000102162 ns, Reaching safepoint: 5500 ns, Cleanup: 21200 ns, At safepoint: 2100 ns, Total: 28800 ns
[93.374s][info ][safepoint      ] Safepoint "Cleanup", Time since last: 1000108253 ns, Reaching safepoint: 5400 ns, Cleanup: 10600 ns, At safepoint: 1600 ns, Total: 17600 ns
[94.374s][info ][safepoint      ] Safepoint "Cleanup", Time since last: 1000107538 ns, Reaching safepoint: 6000 ns, Cleanup: 19200 ns, At safepoint: 2100 ns, Total: 27300 ns
[95.374s][info ][safepoint      ] Safepoint "Cleanup", Time since last: 1000105534 ns, Reaching safepoint: 4600 ns, Cleanup: 14200 ns, At safepoint: 1900 ns, Total: 20700 ns
[96.374s][info ][safepoint      ] Safepoint "Cleanup", Time since last: 1000102033 ns, Reaching safepoint: 5700 ns, Cleanup: 11700 ns, At safepoint: 2300 ns, Total: 19700 ns
[97.375s][info ][safepoint      ] Safepoint "Cleanup", Time since last: 1000108934 ns, Reaching safepoint: 6000 ns, Cleanup: 12600 ns, At safepoint: 1900 ns, Total: 20500 ns
[98.375s][info ][safepoint      ] Safepoint "Cleanup", Time since last: 1000113133 ns, Reaching safepoint: 5701 ns, Cleanup: 50100 ns, At safepoint: 2400 ns, Total: 58201 ns
[99.375s][info ][safepoint      ] Safepoint "Cleanup", Time since last: 1000104933 ns, Reaching safepoint: 4800 ns, Cleanup: 50300 ns, At safepoint: 1700 ns, Total: 56800 ns
[100.375s][info ][safepoint      ] Safepoint "Cleanup", Time since last: 1000097934 ns, Reaching safepoint: 5500 ns, Cleanup: 35300 ns, At safepoint: 2100 ns, Total: 42900 ns
[101.375s][info ][safepoint      ] Safepoint "Cleanup", Time since last: 1000099433 ns, Reaching safepoint: 5000 ns, Cleanup: 33900 ns, At safepoint: 1600 ns, Total: 40500 ns
[101.504s][info ][gc,start       ] GC(15) Pause Young (Allocation Failure)
[101.511s][debug][gc,phases      ] GC(15) Scavenge 6.875ms
[101.511s][debug][gc,ref         ] GC(15) ReferenceProcessor::execute queues: 1, RefProcThreadModel::Single, marks_oops_alive: false
[101.511s][debug][gc,ref         ] GC(15) Skipped KeepAliveFinalRefsPhase of Reference Processing: no references
[101.511s][debug][gc,ref         ] GC(15) ReferenceProcessor::execute queues: 1, RefProcThreadModel::Single, marks_oops_alive: false
[101.511s][debug][gc,phases      ] GC(15) Reference Processing 0.182ms
[101.511s][debug][gc,phases      ] GC(15)   VM Weak                        Min:  0.0, Avg:  0.0, Max:  0.0, Diff:  0.0, Sum:  0.0, Workers: 4
[101.511s][debug][gc,phases      ] GC(15)     Dead                           Min: 0, Avg:  0.0, Max: 0, Diff: 0, Sum: 0, Workers: 4
[101.511s][debug][gc,phases      ] GC(15)     Total                          Min: 0, Avg: 242.8, Max: 971, Diff: 971, Sum: 971, Workers: 4
[101.511s][debug][gc,phases      ] GC(15)   ObjectSynchronizer Weak        Min:  0.0, Avg:  0.0, Max:  0.0, Diff:  0.0, Sum:  0.0, Workers: 4
[101.511s][debug][gc,phases      ] GC(15)     Dead                           Min: 0, Avg:  0.0, Max: 0, Diff: 0, Sum: 0, Workers: 4
[101.511s][debug][gc,phases      ] GC(15)     Total                          Min: 0, Avg:  1.0, Max: 4, Diff: 4, Sum: 4, Workers: 4
[101.511s][debug][gc,phases      ] GC(15)   JVMTI Tag Weak OopStorage      Min:  0.0, Avg:  0.0, Max:  0.0, Diff:  0.0, Sum:  0.0, Workers: 4
[101.511s][debug][gc,phases      ] GC(15)     Dead                           Min: 0, Avg:  0.0, Max: 0, Diff: 0, Sum: 0, Workers: 4
[101.511s][debug][gc,phases      ] GC(15)     Total                          Min: 0, Avg:  0.0, Max: 0, Diff: 0, Sum: 0, Workers: 4
[101.511s][debug][gc,phases      ] GC(15)   StringTable Weak               Min:  0.0, Avg:  0.1, Max:  0.4, Diff:  0.4, Sum:  0.4, Workers: 4
[101.511s][debug][gc,phases      ] GC(15)     Dead                           Min: 0, Avg:  0.8, Max: 3, Diff: 3, Sum: 3, Workers: 4
[101.511s][debug][gc,phases      ] GC(15)     Total                          Min: 0, Avg: 11370.0, Max: 42280, Diff: 42280, Sum: 45480, Workers: 4
[101.511s][debug][gc,phases      ] GC(15)   ResolvedMethodTable Weak       Min:  0.0, Avg:  0.0, Max:  0.1, Diff:  0.1, Sum:  0.1, Workers: 4
[101.511s][debug][gc,phases      ] GC(15)     Dead                           Min: 0, Avg:  2.0, Max: 5, Diff: 5, Sum: 8, Workers: 4
[101.511s][debug][gc,phases      ] GC(15)     Total                          Min: 0, Avg: 3679.8, Max: 7707, Diff: 7707, Sum: 14719, Workers: 4
[101.511s][debug][gc,phases      ] GC(15)   JNI Weak                       Min:  0.0, Avg:  0.0, Max:  0.0, Diff:  0.0, Sum:  0.0, Workers: 4
[101.511s][debug][gc,phases      ] GC(15)     Dead                           Min: 0, Avg:  0.0, Max: 0, Diff: 0, Sum: 0, Workers: 4
[101.511s][debug][gc,phases      ] GC(15)     Total                          Min: 0, Avg: 13.2, Max: 53, Diff: 53, Sum: 53, Workers: 4
[101.511s][debug][gc,phases      ] GC(15)   StringDedup Table Weak         Min:  0.0, Avg:  0.0, Max:  0.0, Diff:  0.0, Sum:  0.0, Workers: 4
[101.511s][debug][gc,phases      ] GC(15)     Dead                           Min: 0, Avg:  0.0, Max: 0, Diff: 0, Sum: 0, Workers: 4
[101.511s][debug][gc,phases      ] GC(15)     Total                          Min: 0, Avg:  0.0, Max: 0, Diff: 0, Sum: 0, Workers: 4
[101.511s][debug][gc,phases      ] GC(15)   StringDedup Requests0 Weak     Min:  0.0, Avg:  0.0, Max:  0.0, Diff:  0.0, Sum:  0.0, Workers: 4
[101.511s][debug][gc,phases      ] GC(15)     Dead                           Min: 0, Avg:  0.0, Max: 0, Diff: 0, Sum: 0, Workers: 4
[101.511s][debug][gc,phases      ] GC(15)     Total                          Min: 0, Avg:  0.0, Max: 0, Diff: 0, Sum: 0, Workers: 4
[101.511s][debug][gc,phases      ] GC(15)   StringDedup Requests1 Weak     Min:  0.0, Avg:  0.0, Max:  0.0, Diff:  0.0, Sum:  0.0, Workers: 4
[101.511s][debug][gc,phases      ] GC(15)     Dead                           Min: 0, Avg:  0.0, Max: 0, Diff: 0, Sum: 0, Workers: 4
[101.512s][debug][gc,phases      ] GC(15)     Total                          Min: 0, Avg:  0.0, Max: 0, Diff: 0, Sum: 0, Workers: 4
[101.512s][debug][gc,phases      ] GC(15)   Weak JFR Old Object Samples    Min:  0.0, Avg:  0.0, Max:  0.0, Diff:  0.0, Sum:  0.0, Workers: 4
[101.512s][debug][gc,phases      ] GC(15)     Dead                           Min: 0, Avg:  0.0, Max: 0, Diff: 0, Sum: 0, Workers: 4
[101.512s][debug][gc,phases      ] GC(15)     Total                          Min: 0, Avg:  0.0, Max: 0, Diff: 0, Sum: 0, Workers: 4
[101.512s][debug][gc,phases      ] GC(15) Weak Processing 0.664ms
[101.512s][debug][gc,age         ] GC(15) Desired survivor size 254279680 bytes, new threshold 1 (max threshold 15)
[101.512s][info ][gc,heap        ] GC(15) PSYoungGen: 1600512K(1846272K)->5008K(1848832K) Eden: 1600512K(1600512K)->0K(1600512K) From: 0K(245760K)->5008K(248320K)
[101.512s][info ][gc,heap        ] GC(15) ParOldGen: 226119K(230400K)->226127K(230400K)
[101.512s][info ][gc,metaspace   ] GC(15) Metaspace: 103584K(104896K)->103584K(104896K) NonClass: 87795K(88512K)->87795K(88512K) Class: 15789K(16384K)->15789K(16384K)
[101.512s][info ][gc             ] GC(15) Pause Young (Allocation Failure) 1783M->225M(2030M) 7.836ms
[101.512s][info ][gc,cpu         ] GC(15) User=0.02s Sys=0.00s Real=0.00s
[101.512s][info ][safepoint      ] Safepoint "ParallelGCFailedAllocation", Time since last: 128534842 ns, Reaching safepoint: 5200 ns, Cleanup: 3000 ns, At safepoint: 7895227 ns, Total: 7903427 ns
[102.512s][info ][safepoint      ] Safepoint "Cleanup", Time since last: 1000082842 ns, Reaching safepoint: 73901 ns, Cleanup: 42100 ns, At safepoint: 5600 ns, Total: 121601 ns
[103.512s][info ][safepoint      ] Safepoint "Cleanup", Time since last: 1000097747 ns, Reaching safepoint: 74100 ns, Cleanup: 25800 ns, At safepoint: 5100 ns, Total: 105000 ns
[104.512s][info ][safepoint      ] Safepoint "Cleanup", Time since last: 1000098647 ns, Reaching safepoint: 74900 ns, Cleanup: 22201 ns, At safepoint: 4800 ns, Total: 101901 ns
[105.512s][info ][safepoint      ] Safepoint "Cleanup", Time since last: 1000115047 ns, Reaching safepoint: 79200 ns, Cleanup: 12200 ns, At safepoint: 6300 ns, Total: 97700 ns
[106.513s][info ][safepoint      ] Safepoint "Cleanup", Time since last: 1000104747 ns, Reaching safepoint: 5300 ns, Cleanup: 29700 ns, At safepoint: 1600 ns, Total: 36600 ns
[107.513s][info ][safepoint      ] Safepoint "Cleanup", Time since last: 1000099947 ns, Reaching safepoint: 73700 ns, Cleanup: 19300 ns, At safepoint: 5600 ns, Total: 98600 ns
[108.513s][info ][safepoint      ] Safepoint "Cleanup", Time since last: 1000105047 ns, Reaching safepoint: 4600 ns, Cleanup: 13501 ns, At safepoint: 1500 ns, Total: 19601 ns
[109.513s][info ][safepoint      ] Safepoint "Cleanup", Time since last: 1000116847 ns, Reaching safepoint: 78600 ns, Cleanup: 10100 ns, At safepoint: 6600 ns, Total: 95300 ns
[110.513s][info ][safepoint      ] Safepoint "Cleanup", Time since last: 1000112241 ns, Reaching safepoint: 6100 ns, Cleanup: 29500 ns, At safepoint: 2100 ns, Total: 37700 ns
[111.513s][info ][safepoint      ] Safepoint "Cleanup", Time since last: 1000106437 ns, Reaching safepoint: 79200 ns, Cleanup: 23401 ns, At safepoint: 6400 ns, Total: 109001 ns
[112.514s][info ][safepoint      ] Safepoint "Cleanup", Time since last: 1000103637 ns, Reaching safepoint: 5400 ns, Cleanup: 28500 ns, At safepoint: 1800 ns, Total: 35700 ns
[113.514s][info ][safepoint      ] Safepoint "Cleanup", Time since last: 1000109738 ns, Reaching safepoint: 77900 ns, Cleanup: 23900 ns, At safepoint: 6100 ns, Total: 107900 ns
[114.514s][info ][safepoint      ] Safepoint "Cleanup", Time since last: 1000105937 ns, Reaching safepoint: 76301 ns, Cleanup: 23500 ns, At safepoint: 5700 ns, Total: 105501 ns
[115.514s][info ][safepoint      ] Safepoint "Cleanup", Time since last: 1000100937 ns, Reaching safepoint: 5300 ns, Cleanup: 6600 ns, At safepoint: 1500 ns, Total: 13400 ns
[116.017s][info ][safepoint      ] Safepoint "ParallelGCFailedAllocation", Time since last: 502886229 ns, Reaching safepoint: 5600 ns, Cleanup: 23600 ns, At safepoint: 18700 ns, Total: 47900 ns
[116.018s][info ][gc,start       ] GC(16) Pause Young (GCLocker Initiated GC)
[116.025s][debug][gc,phases      ] GC(16) Scavenge 6.759ms
[116.025s][debug][gc,ref         ] GC(16) ReferenceProcessor::execute queues: 1, RefProcThreadModel::Single, marks_oops_alive: false
[116.025s][debug][gc,ref         ] GC(16) Skipped KeepAliveFinalRefsPhase of Reference Processing: no references
[116.025s][debug][gc,ref         ] GC(16) ReferenceProcessor::execute queues: 1, RefProcThreadModel::Single, marks_oops_alive: false
[116.025s][debug][gc,phases      ] GC(16) Reference Processing 0.102ms
[116.025s][debug][gc,phases      ] GC(16)   VM Weak                        Min:  0.0, Avg:  0.0, Max:  0.0, Diff:  0.0, Sum:  0.0, Workers: 4
[116.025s][debug][gc,phases      ] GC(16)     Dead                           Min: 0, Avg:  0.0, Max: 0, Diff: 0, Sum: 0, Workers: 4
[116.025s][debug][gc,phases      ] GC(16)     Total                          Min: 0, Avg: 242.8, Max: 971, Diff: 971, Sum: 971, Workers: 4
[116.025s][debug][gc,phases      ] GC(16)   ObjectSynchronizer Weak        Min:  0.0, Avg:  0.0, Max:  0.0, Diff:  0.0, Sum:  0.0, Workers: 4
[116.025s][debug][gc,phases      ] GC(16)     Dead                           Min: 0, Avg:  0.0, Max: 0, Diff: 0, Sum: 0, Workers: 4
[116.025s][debug][gc,phases      ] GC(16)     Total                          Min: 0, Avg:  1.2, Max: 5, Diff: 5, Sum: 5, Workers: 4
[116.025s][debug][gc,phases      ] GC(16)   JVMTI Tag Weak OopStorage      Min:  0.0, Avg:  0.0, Max:  0.0, Diff:  0.0, Sum:  0.0, Workers: 4
[116.025s][debug][gc,phases      ] GC(16)     Dead                           Min: 0, Avg:  0.0, Max: 0, Diff: 0, Sum: 0, Workers: 4
[116.025s][debug][gc,phases      ] GC(16)     Total                          Min: 0, Avg:  0.0, Max: 0, Diff: 0, Sum: 0, Workers: 4
[116.025s][debug][gc,phases      ] GC(16)   StringTable Weak               Min:  0.1, Avg:  0.1, Max:  0.1, Diff:  0.0, Sum:  0.5, Workers: 4
[116.025s][debug][gc,phases      ] GC(16)     Dead                           Min: 0, Avg:  0.0, Max: 0, Diff: 0, Sum: 0, Workers: 4
[116.025s][debug][gc,phases      ] GC(16)     Total                          Min: 7334, Avg: 11385.5, Max: 12928, Diff: 5594, Sum: 45542, Workers: 4
[116.025s][debug][gc,phases      ] GC(16)   ResolvedMethodTable Weak       Min:  0.0, Avg:  0.0, Max:  0.0, Diff:  0.0, Sum:  0.2, Workers: 4
[116.025s][debug][gc,phases      ] GC(16)     Dead                           Min: 0, Avg:  4.5, Max: 10, Diff: 10, Sum: 18, Workers: 4
[116.025s][debug][gc,phases      ] GC(16)     Total                          Min: 3550, Avg: 3680.8, Max: 3786, Diff: 236, Sum: 14723, Workers: 4
[116.025s][debug][gc,phases      ] GC(16)   JNI Weak                       Min:  0.0, Avg:  0.0, Max:  0.0, Diff:  0.0, Sum:  0.0, Workers: 4
[116.025s][debug][gc,phases      ] GC(16)     Dead                           Min: 0, Avg:  0.0, Max: 0, Diff: 0, Sum: 0, Workers: 4
[116.025s][debug][gc,phases      ] GC(16)     Total                          Min: 0, Avg: 13.0, Max: 52, Diff: 52, Sum: 52, Workers: 4
[116.025s][debug][gc,phases      ] GC(16)   StringDedup Table Weak         Min:  0.0, Avg:  0.0, Max:  0.0, Diff:  0.0, Sum:  0.0, Workers: 4
[116.025s][debug][gc,phases      ] GC(16)     Dead                           Min: 0, Avg:  0.0, Max: 0, Diff: 0, Sum: 0, Workers: 4
[116.025s][debug][gc,phases      ] GC(16)     Total                          Min: 0, Avg:  0.0, Max: 0, Diff: 0, Sum: 0, Workers: 4
[116.025s][debug][gc,phases      ] GC(16)   StringDedup Requests0 Weak     Min:  0.0, Avg:  0.0, Max:  0.0, Diff:  0.0, Sum:  0.0, Workers: 4
[116.025s][debug][gc,phases      ] GC(16)     Dead                           Min: 0, Avg:  0.0, Max: 0, Diff: 0, Sum: 0, Workers: 4
[116.025s][debug][gc,phases      ] GC(16)     Total                          Min: 0, Avg:  0.0, Max: 0, Diff: 0, Sum: 0, Workers: 4
[116.025s][debug][gc,phases      ] GC(16)   StringDedup Requests1 Weak     Min:  0.0, Avg:  0.0, Max:  0.0, Diff:  0.0, Sum:  0.0, Workers: 4
[116.025s][debug][gc,phases      ] GC(16)     Dead                           Min: 0, Avg:  0.0, Max: 0, Diff: 0, Sum: 0, Workers: 4
[116.025s][debug][gc,phases      ] GC(16)     Total                          Min: 0, Avg:  0.0, Max: 0, Diff: 0, Sum: 0, Workers: 4
[116.025s][debug][gc,phases      ] GC(16)   Weak JFR Old Object Samples    Min:  0.0, Avg:  0.0, Max:  0.0, Diff:  0.0, Sum:  0.0, Workers: 4
[116.025s][debug][gc,phases      ] GC(16)     Dead                           Min: 0, Avg:  0.0, Max: 0, Diff: 0, Sum: 0, Workers: 4
[116.025s][debug][gc,phases      ] GC(16)     Total                          Min: 0, Avg:  0.0, Max: 0, Diff: 0, Sum: 0, Workers: 4
[116.025s][debug][gc,phases      ] GC(16) Weak Processing 0.362ms
[116.025s][debug][gc,age         ] GC(16) Desired survivor size 250085376 bytes, new threshold 1 (max threshold 15)
[116.025s][info ][gc,heap        ] GC(16) PSYoungGen: 1605520K(1848832K)->14090K(1852928K) Eden: 1600512K(1600512K)->0K(1604608K) From: 5008K(248320K)->14090K(248320K)
[116.025s][info ][gc,heap        ] GC(16) ParOldGen: 226255K(230400K)->227442K(230400K)
[116.025s][info ][gc,metaspace   ] GC(16) Metaspace: 103690K(105024K)->103690K(105024K) NonClass: 87898K(88640K)->87898K(88640K) Class: 15792K(16384K)->15792K(16384K)
[116.025s][info ][gc             ] GC(16) Pause Young (GCLocker Initiated GC) 1788M->235M(2034M) 7.338ms
[116.025s][info ][gc,cpu         ] GC(16) User=0.03s Sys=0.00s Real=0.01s
[116.025s][info ][safepoint      ] Safepoint "ParallelGCSystemGC", Time since last: 684202 ns, Reaching safepoint: 1800 ns, Cleanup: 1200 ns, At safepoint: 7405826 ns, Total: 7408826 ns
[117.982s][info ][safepoint      ] Safepoint "Cleanup", Time since last: 1956773628 ns, Reaching safepoint: 5400 ns, Cleanup: 50501 ns, At safepoint: 1600 ns, Total: 57501 ns
[118.982s][info ][safepoint      ] Safepoint "Cleanup", Time since last: 1000096862 ns, Reaching safepoint: 4500 ns, Cleanup: 10600 ns, At safepoint: 1600 ns, Total: 16700 ns
[119.982s][info ][safepoint      ] Safepoint "Cleanup", Time since last: 1000107263 ns, Reaching safepoint: 81600 ns, Cleanup: 15000 ns, At safepoint: 9400 ns, Total: 106000 ns
[121.066s][info ][safepoint      ] Safepoint "Cleanup", Time since last: 1083910253 ns, Reaching safepoint: 79600 ns, Cleanup: 24600 ns, At safepoint: 6200 ns, Total: 110400 ns
[122.067s][info ][safepoint      ] Safepoint "Cleanup", Time since last: 1000114362 ns, Reaching safepoint: 6400 ns, Cleanup: 33301 ns, At safepoint: 2000 ns, Total: 41701 ns
[123.067s][info ][safepoint      ] Safepoint "Cleanup", Time since last: 1000108262 ns, Reaching safepoint: 5100 ns, Cleanup: 14500 ns, At safepoint: 1800 ns, Total: 21400 ns
[124.067s][info ][safepoint      ] Safepoint "Cleanup", Time since last: 1000090063 ns, Reaching safepoint: 5200 ns, Cleanup: 16800 ns, At safepoint: 1800 ns, Total: 23800 ns
[125.067s][info ][safepoint      ] Safepoint "Cleanup", Time since last: 1000092562 ns, Reaching safepoint: 5900 ns, Cleanup: 31700 ns, At safepoint: 2200 ns, Total: 39800 ns
[126.067s][info ][safepoint      ] Safepoint "Cleanup", Time since last: 1000101757 ns, Reaching safepoint: 5800 ns, Cleanup: 22800 ns, At safepoint: 2000 ns, Total: 30600 ns
[127.067s][info ][safepoint      ] Safepoint "Cleanup", Time since last: 1000096238 ns, Reaching safepoint: 5100 ns, Cleanup: 15000 ns, At safepoint: 1500 ns, Total: 21600 ns
[128.067s][info ][safepoint      ] Safepoint "Cleanup", Time since last: 1000103937 ns, Reaching safepoint: 6500 ns, Cleanup: 10600 ns, At safepoint: 2000 ns, Total: 19100 ns
[129.067s][info ][safepoint      ] Safepoint "Cleanup", Time since last: 1000104337 ns, Reaching safepoint: 6200 ns, Cleanup: 71500 ns, At safepoint: 1900 ns, Total: 79600 ns
[130.068s][info ][safepoint      ] Safepoint "Cleanup", Time since last: 1000098337 ns, Reaching safepoint: 5100 ns, Cleanup: 30001 ns, At safepoint: 1700 ns, Total: 36801 ns
[131.068s][info ][safepoint      ] Safepoint "Cleanup", Time since last: 1000097037 ns, Reaching safepoint: 6000 ns, Cleanup: 12000 ns, At safepoint: 2100 ns, Total: 20100 ns
[131.253s][info ][gc,start       ] GC(17) Pause Young (Allocation Failure)
[131.262s][debug][gc,phases      ] GC(17) Scavenge 9.643ms
[131.262s][debug][gc,ref         ] GC(17) ReferenceProcessor::execute queues: 1, RefProcThreadModel::Single, marks_oops_alive: false
[131.262s][debug][gc,ref         ] GC(17) Skipped KeepAliveFinalRefsPhase of Reference Processing: no references
[131.262s][debug][gc,ref         ] GC(17) ReferenceProcessor::execute queues: 1, RefProcThreadModel::Single, marks_oops_alive: false
[131.262s][debug][gc,phases      ] GC(17) Reference Processing 0.115ms
[131.263s][debug][gc,phases      ] GC(17)   VM Weak                        Min:  0.0, Avg:  0.0, Max:  0.0, Diff:  0.0, Sum:  0.0, Workers: 4
[131.263s][debug][gc,phases      ] GC(17)     Dead                           Min: 0, Avg:  0.0, Max: 0, Diff: 0, Sum: 0, Workers: 4
[131.263s][debug][gc,phases      ] GC(17)     Total                          Min: 0, Avg: 245.0, Max: 788, Diff: 788, Sum: 980, Workers: 4
[131.263s][debug][gc,phases      ] GC(17)   ObjectSynchronizer Weak        Min:  0.0, Avg:  0.0, Max:  0.0, Diff:  0.0, Sum:  0.0, Workers: 4
[131.263s][debug][gc,phases      ] GC(17)     Dead                           Min: 0, Avg:  0.0, Max: 0, Diff: 0, Sum: 0, Workers: 4
[131.263s][debug][gc,phases      ] GC(17)     Total                          Min: 0, Avg:  1.0, Max: 4, Diff: 4, Sum: 4, Workers: 4
[131.263s][debug][gc,phases      ] GC(17)   JVMTI Tag Weak OopStorage      Min:  0.0, Avg:  0.0, Max:  0.0, Diff:  0.0, Sum:  0.0, Workers: 4
[131.263s][debug][gc,phases      ] GC(17)     Dead                           Min: 0, Avg:  0.0, Max: 0, Diff: 0, Sum: 0, Workers: 4
[131.263s][debug][gc,phases      ] GC(17)     Total                          Min: 0, Avg:  0.0, Max: 0, Diff: 0, Sum: 0, Workers: 4
[131.263s][debug][gc,phases      ] GC(17)   StringTable Weak               Min:  0.0, Avg:  0.1, Max:  0.1, Diff:  0.1, Sum:  0.4, Workers: 4
[131.263s][debug][gc,phases      ] GC(17)     Dead                           Min: 0, Avg:  0.2, Max: 1, Diff: 1, Sum: 1, Workers: 4
[131.263s][debug][gc,phases      ] GC(17)     Total                          Min: 0, Avg: 11402.5, Max: 19904, Diff: 19904, Sum: 45610, Workers: 4
[131.263s][debug][gc,phases      ] GC(17)   ResolvedMethodTable Weak       Min:  0.0, Avg:  0.0, Max:  0.0, Diff:  0.0, Sum:  0.1, Workers: 4
[131.263s][debug][gc,phases      ] GC(17)     Dead                           Min: 0, Avg:  6.8, Max: 16, Diff: 16, Sum: 27, Workers: 4
[131.263s][debug][gc,phases      ] GC(17)     Total                          Min: 0, Avg: 3700.2, Max: 6224, Diff: 6224, Sum: 14801, Workers: 4
[131.263s][debug][gc,phases      ] GC(17)   JNI Weak                       Min:  0.0, Avg:  0.0, Max:  0.0, Diff:  0.0, Sum:  0.0, Workers: 4
[131.263s][debug][gc,phases      ] GC(17)     Dead                           Min: 0, Avg:  0.0, Max: 0, Diff: 0, Sum: 0, Workers: 4
[131.263s][debug][gc,phases      ] GC(17)     Total                          Min: 0, Avg: 13.0, Max: 52, Diff: 52, Sum: 52, Workers: 4
[131.263s][debug][gc,phases      ] GC(17)   StringDedup Table Weak         Min:  0.0, Avg:  0.0, Max:  0.0, Diff:  0.0, Sum:  0.0, Workers: 4
[131.263s][debug][gc,phases      ] GC(17)     Dead                           Min: 0, Avg:  0.0, Max: 0, Diff: 0, Sum: 0, Workers: 4
[131.263s][debug][gc,phases      ] GC(17)     Total                          Min: 0, Avg:  0.0, Max: 0, Diff: 0, Sum: 0, Workers: 4
[131.263s][debug][gc,phases      ] GC(17)   StringDedup Requests0 Weak     Min:  0.0, Avg:  0.0, Max:  0.0, Diff:  0.0, Sum:  0.0, Workers: 4
[131.263s][debug][gc,phases      ] GC(17)     Dead                           Min: 0, Avg:  0.0, Max: 0, Diff: 0, Sum: 0, Workers: 4
[131.263s][debug][gc,phases      ] GC(17)     Total                          Min: 0, Avg:  0.0, Max: 0, Diff: 0, Sum: 0, Workers: 4
[131.263s][debug][gc,phases      ] GC(17)   StringDedup Requests1 Weak     Min:  0.0, Avg:  0.0, Max:  0.0, Diff:  0.0, Sum:  0.0, Workers: 4
[131.263s][debug][gc,phases      ] GC(17)     Dead                           Min: 0, Avg:  0.0, Max: 0, Diff: 0, Sum: 0, Workers: 4
[131.263s][debug][gc,phases      ] GC(17)     Total                          Min: 0, Avg:  0.0, Max: 0, Diff: 0, Sum: 0, Workers: 4
[131.263s][debug][gc,phases      ] GC(17)   Weak JFR Old Object Samples    Min:  0.0, Avg:  0.0, Max:  0.0, Diff:  0.0, Sum:  0.0, Workers: 4
[131.263s][debug][gc,phases      ] GC(17)     Dead                           Min: 0, Avg:  0.0, Max: 0, Diff: 0, Sum: 0, Workers: 4
[131.263s][debug][gc,phases      ] GC(17)     Total                          Min: 0, Avg:  0.0, Max: 0, Diff: 0, Sum: 0, Workers: 4
[131.263s][debug][gc,phases      ] GC(17) Weak Processing 0.392ms
[131.263s][debug][gc,age         ] GC(17) Desired survivor size 244318208 bytes, new threshold 1 (max threshold 15)
[131.263s][info ][gc,heap        ] GC(17) PSYoungGen: 1618698K(1852928K)->12336K(1848832K) Eden: 1604608K(1604608K)->0K(1604608K) From: 14090K(248320K)->12336K(244224K)
[131.263s][info ][gc,heap        ] GC(17) ParOldGen: 227460K(230400K)->237964K(238080K)
[131.263s][info ][gc,metaspace   ] GC(17) Metaspace: 103887K(105280K)->103887K(105280K) NonClass: 88065K(88832K)->88065K(88832K) Class: 15821K(16448K)->15821K(16448K)
[131.263s][info ][gc             ] GC(17) Pause Young (Allocation Failure) 1802M->244M(2038M) 10.265ms
[131.263s][info ][gc,cpu         ] GC(17) User=0.04s Sys=0.01s Real=0.02s
[131.263s][info ][safepoint      ] Safepoint "ParallelGCFailedAllocation", Time since last: 184726135 ns, Reaching safepoint: 77200 ns, Cleanup: 12300 ns, At safepoint: 10328135 ns, Total: 10417635 ns
[132.263s][info ][safepoint      ] Safepoint "Cleanup", Time since last: 1000094738 ns, Reaching safepoint: 78700 ns, Cleanup: 26500 ns, At safepoint: 6200 ns, Total: 111400 ns
[133.263s][info ][safepoint      ] Safepoint "Cleanup", Time since last: 1000109037 ns, Reaching safepoint: 6000 ns, Cleanup: 16100 ns, At safepoint: 1700 ns, Total: 23800 ns
[134.263s][info ][safepoint      ] Safepoint "Cleanup", Time since last: 1000098144 ns, Reaching safepoint: 5300 ns, Cleanup: 18400 ns, At safepoint: 1600 ns, Total: 25300 ns
[135.263s][info ][safepoint      ] Safepoint "Cleanup", Time since last: 1000096753 ns, Reaching safepoint: 5900 ns, Cleanup: 23500 ns, At safepoint: 1900 ns, Total: 31300 ns
[136.264s][info ][safepoint      ] Safepoint "Cleanup", Time since last: 1000117653 ns, Reaching safepoint: 5900 ns, Cleanup: 34900 ns, At safepoint: 6500 ns, Total: 47300 ns
[137.264s][info ][safepoint      ] Safepoint "Cleanup", Time since last: 1000109753 ns, Reaching safepoint: 76100 ns, Cleanup: 29300 ns, At safepoint: 4701 ns, Total: 110101 ns
[138.264s][info ][safepoint      ] Safepoint "Cleanup", Time since last: 1000098353 ns, Reaching safepoint: 5300 ns, Cleanup: 13400 ns, At safepoint: 1700 ns, Total: 20400 ns
[139.264s][info ][safepoint      ] Safepoint "Cleanup", Time since last: 1000133653 ns, Reaching safepoint: 5800 ns, Cleanup: 9200 ns, At safepoint: 2300 ns, Total: 17300 ns
[140.264s][info ][safepoint      ] Safepoint "Cleanup", Time since last: 1000110453 ns, Reaching safepoint: 5300 ns, Cleanup: 11700 ns, At safepoint: 1600 ns, Total: 18600 ns
[141.264s][info ][safepoint      ] Safepoint "Cleanup", Time since last: 1000098853 ns, Reaching safepoint: 5600 ns, Cleanup: 15200 ns, At safepoint: 2100 ns, Total: 22900 ns
[143.265s][info ][safepoint      ] Safepoint "Cleanup", Time since last: 2000188398 ns, Reaching safepoint: 5500 ns, Cleanup: 12500 ns, At safepoint: 2100 ns, Total: 20100 ns
[144.265s][info ][safepoint      ] Safepoint "Cleanup", Time since last: 1000113247 ns, Reaching safepoint: 5800 ns, Cleanup: 35000 ns, At safepoint: 1700 ns, Total: 42500 ns
[145.265s][info ][safepoint      ] Safepoint "Cleanup", Time since last: 1000115647 ns, Reaching safepoint: 6400 ns, Cleanup: 11300 ns, At safepoint: 21100 ns, Total: 38800 ns
[146.265s][info ][safepoint      ] Safepoint "Cleanup", Time since last: 1000102147 ns, Reaching safepoint: 5500 ns, Cleanup: 6000 ns, At safepoint: 1500 ns, Total: 13000 ns
[148.265s][info ][safepoint      ] Safepoint "Cleanup", Time since last: 2000177393 ns, Reaching safepoint: 4500 ns, Cleanup: 4800 ns, At safepoint: 1500 ns, Total: 10800 ns
[149.265s][info ][safepoint      ] Safepoint "Cleanup", Time since last: 1000107847 ns, Reaching safepoint: 5900 ns, Cleanup: 26100 ns, At safepoint: 2100 ns, Total: 34100 ns
[150.265s][info ][safepoint      ] Safepoint "Cleanup", Time since last: 1000125852 ns, Reaching safepoint: 6200 ns, Cleanup: 9700 ns, At safepoint: 16200 ns, Total: 32100 ns
[150.309s][info ][gc,start       ] GC(18) Pause Young (Allocation Failure)
[150.318s][debug][gc,phases      ] GC(18) Scavenge 8.899ms
[150.318s][debug][gc,ref         ] GC(18) ReferenceProcessor::execute queues: 1, RefProcThreadModel::Single, marks_oops_alive: false
[150.318s][debug][gc,ref         ] GC(18) Skipped KeepAliveFinalRefsPhase of Reference Processing: no references
[150.318s][debug][gc,ref         ] GC(18) ReferenceProcessor::execute queues: 1, RefProcThreadModel::Single, marks_oops_alive: false
[150.318s][debug][gc,phases      ] GC(18) Reference Processing 0.098ms
[150.318s][debug][gc,phases      ] GC(18)   VM Weak                        Min:  0.0, Avg:  0.0, Max:  0.0, Diff:  0.0, Sum:  0.0, Workers: 4
[150.318s][debug][gc,phases      ] GC(18)     Dead                           Min: 0, Avg:  0.0, Max: 0, Diff: 0, Sum: 0, Workers: 4
[150.318s][debug][gc,phases      ] GC(18)     Total                          Min: 0, Avg: 245.0, Max: 852, Diff: 852, Sum: 980, Workers: 4
[150.318s][debug][gc,phases      ] GC(18)   ObjectSynchronizer Weak        Min:  0.0, Avg:  0.0, Max:  0.0, Diff:  0.0, Sum:  0.0, Workers: 4
[150.318s][debug][gc,phases      ] GC(18)     Dead                           Min: 0, Avg:  0.0, Max: 0, Diff: 0, Sum: 0, Workers: 4
[150.318s][debug][gc,phases      ] GC(18)     Total                          Min: 0, Avg:  1.2, Max: 5, Diff: 5, Sum: 5, Workers: 4
[150.318s][debug][gc,phases      ] GC(18)   JVMTI Tag Weak OopStorage      Min:  0.0, Avg:  0.0, Max:  0.0, Diff:  0.0, Sum:  0.0, Workers: 4
[150.318s][debug][gc,phases      ] GC(18)     Dead                           Min: 0, Avg:  0.0, Max: 0, Diff: 0, Sum: 0, Workers: 4
[150.318s][debug][gc,phases      ] GC(18)     Total                          Min: 0, Avg:  0.0, Max: 0, Diff: 0, Sum: 0, Workers: 4
[150.318s][debug][gc,phases      ] GC(18)   StringTable Weak               Min:  0.0, Avg:  0.1, Max:  0.1, Diff:  0.1, Sum:  0.4, Workers: 4
[150.318s][debug][gc,phases      ] GC(18)     Dead                           Min: 0, Avg:  0.0, Max: 0, Diff: 0, Sum: 0, Workers: 4
[150.318s][debug][gc,phases      ] GC(18)     Total                          Min: 0, Avg: 11404.5, Max: 19570, Diff: 19570, Sum: 45618, Workers: 4
[150.318s][debug][gc,phases      ] GC(18)   ResolvedMethodTable Weak       Min:  0.0, Avg:  0.0, Max:  0.0, Diff:  0.0, Sum:  0.1, Workers: 4
[150.318s][debug][gc,phases      ] GC(18)     Dead                           Min: 0, Avg:  0.2, Max: 1, Diff: 1, Sum: 1, Workers: 4
[150.318s][debug][gc,phases      ] GC(18)     Total                          Min: 0, Avg: 3702.0, Max: 6285, Diff: 6285, Sum: 14808, Workers: 4
[150.318s][debug][gc,phases      ] GC(18)   JNI Weak                       Min:  0.0, Avg:  0.0, Max:  0.0, Diff:  0.0, Sum:  0.0, Workers: 4
[150.318s][debug][gc,phases      ] GC(18)     Dead                           Min: 0, Avg:  0.0, Max: 0, Diff: 0, Sum: 0, Workers: 4
[150.318s][debug][gc,phases      ] GC(18)     Total                          Min: 0, Avg: 13.0, Max: 52, Diff: 52, Sum: 52, Workers: 4
[150.318s][debug][gc,phases      ] GC(18)   StringDedup Table Weak         Min:  0.0, Avg:  0.0, Max:  0.0, Diff:  0.0, Sum:  0.0, Workers: 4
[150.318s][debug][gc,phases      ] GC(18)     Dead                           Min: 0, Avg:  0.0, Max: 0, Diff: 0, Sum: 0, Workers: 4
[150.318s][debug][gc,phases      ] GC(18)     Total                          Min: 0, Avg:  0.0, Max: 0, Diff: 0, Sum: 0, Workers: 4
[150.318s][debug][gc,phases      ] GC(18)   StringDedup Requests0 Weak     Min:  0.0, Avg:  0.0, Max:  0.0, Diff:  0.0, Sum:  0.0, Workers: 4
[150.318s][debug][gc,phases      ] GC(18)     Dead                           Min: 0, Avg:  0.0, Max: 0, Diff: 0, Sum: 0, Workers: 4
[150.318s][debug][gc,phases      ] GC(18)     Total                          Min: 0, Avg:  0.0, Max: 0, Diff: 0, Sum: 0, Workers: 4
[150.318s][debug][gc,phases      ] GC(18)   StringDedup Requests1 Weak     Min:  0.0, Avg:  0.0, Max:  0.0, Diff:  0.0, Sum:  0.0, Workers: 4
[150.318s][debug][gc,phases      ] GC(18)     Dead                           Min: 0, Avg:  0.0, Max: 0, Diff: 0, Sum: 0, Workers: 4
[150.318s][debug][gc,phases      ] GC(18)     Total                          Min: 0, Avg:  0.0, Max: 0, Diff: 0, Sum: 0, Workers: 4
[150.318s][debug][gc,phases      ] GC(18)   Weak JFR Old Object Samples    Min:  0.0, Avg:  0.0, Max:  0.0, Diff:  0.0, Sum:  0.0, Workers: 4
[150.318s][debug][gc,phases      ] GC(18)     Dead                           Min: 0, Avg:  0.0, Max: 0, Diff: 0, Sum: 0, Workers: 4
[150.318s][debug][gc,phases      ] GC(18)     Total                          Min: 0, Avg:  0.0, Max: 0, Diff: 0, Sum: 0, Workers: 4
[150.318s][debug][gc,phases      ] GC(18) Weak Processing 0.378ms
[150.318s][debug][gc,age         ] GC(18) Desired survivor size 238551040 bytes, new threshold 1 (max threshold 15)
[150.318s][info ][gc,heap        ] GC(18) PSYoungGen: 1616944K(1848832K)->6768K(1864192K) Eden: 1604608K(1604608K)->0K(1625600K) From: 12336K(244224K)->6768K(238592K)
[150.318s][info ][gc,heap        ] GC(18) ParOldGen: 237964K(238080K)->246848K(247296K)
[150.318s][info ][gc,metaspace   ] GC(18) Metaspace: 103942K(105344K)->103942K(105344K) NonClass: 88118K(88896K)->88118K(88896K) Class: 15824K(16448K)->15824K(16448K)
[150.318s][info ][gc             ] GC(18) Pause Young (Allocation Failure) 1811M->247M(2062M) 9.483ms
[150.318s][info ][gc,cpu         ] GC(18) User=0.03s Sys=0.00s Real=0.01s
[150.318s][info ][safepoint      ] Safepoint "ParallelGCFailedAllocation", Time since last: 43479350 ns, Reaching safepoint: 4500 ns, Cleanup: 2300 ns, At safepoint: 9543433 ns, Total: 9550233 ns
[151.319s][info ][safepoint      ] Safepoint "Cleanup", Time since last: 1000084058 ns, Reaching safepoint: 5400 ns, Cleanup: 17700 ns, At safepoint: 2000 ns, Total: 25100 ns
[153.319s][info ][safepoint      ] Safepoint "Cleanup", Time since last: 2000178216 ns, Reaching safepoint: 5600 ns, Cleanup: 9200 ns, At safepoint: 2100 ns, Total: 16900 ns
[154.319s][info ][safepoint      ] Safepoint "Cleanup", Time since last: 1000113458 ns, Reaching safepoint: 5600 ns, Cleanup: 26100 ns, At safepoint: 2100 ns, Total: 33800 ns
[155.319s][info ][safepoint      ] Safepoint "Cleanup", Time since last: 1000105958 ns, Reaching safepoint: 5501 ns, Cleanup: 13700 ns, At safepoint: 2100 ns, Total: 21301 ns
[156.319s][info ][safepoint      ] Safepoint "Cleanup", Time since last: 1000109858 ns, Reaching safepoint: 5700 ns, Cleanup: 9700 ns, At safepoint: 2000 ns, Total: 17400 ns
[157.319s][info ][safepoint      ] Safepoint "Cleanup", Time since last: 1000111658 ns, Reaching safepoint: 5700 ns, Cleanup: 9900 ns, At safepoint: 2100 ns, Total: 17700 ns
[158.319s][info ][safepoint      ] Safepoint "Cleanup", Time since last: 1000102173 ns, Reaching safepoint: 5200 ns, Cleanup: 9800 ns, At safepoint: 1500 ns, Total: 16500 ns
[159.320s][info ][safepoint      ] Safepoint "Cleanup", Time since last: 1000091394 ns, Reaching safepoint: 5600 ns, Cleanup: 14900 ns, At safepoint: 1800 ns, Total: 22300 ns
[160.320s][info ][safepoint      ] Safepoint "Cleanup", Time since last: 1000102094 ns, Reaching safepoint: 5700 ns, Cleanup: 17601 ns, At safepoint: 2200 ns, Total: 25501 ns
[161.320s][info ][safepoint      ] Safepoint "Cleanup", Time since last: 1000120794 ns, Reaching safepoint: 6500 ns, Cleanup: 8800 ns, At safepoint: 2100 ns, Total: 17400 ns
[163.320s][info ][safepoint      ] Safepoint "Cleanup", Time since last: 2000177888 ns, Reaching safepoint: 6100 ns, Cleanup: 10100 ns, At safepoint: 1900 ns, Total: 18100 ns
[164.754s][info ][safepoint      ] Safepoint "Cleanup", Time since last: 1433628209 ns, Reaching safepoint: 3300 ns, Cleanup: 6300 ns, At safepoint: 1200 ns, Total: 10800 ns
[165.754s][info ][safepoint      ] Safepoint "Cleanup", Time since last: 1000130894 ns, Reaching safepoint: 105000 ns, Cleanup: 54701 ns, At safepoint: 8300 ns, Total: 168001 ns
[166.754s][info ][safepoint      ] Safepoint "Cleanup", Time since last: 1000117455 ns, Reaching safepoint: 78600 ns, Cleanup: 18600 ns, At safepoint: 7500 ns, Total: 104700 ns
[167.754s][info ][safepoint      ] Safepoint "Cleanup", Time since last: 1000123048 ns, Reaching safepoint: 78400 ns, Cleanup: 34000 ns, At safepoint: 5700 ns, Total: 118100 ns
[168.755s][info ][safepoint      ] Safepoint "Cleanup", Time since last: 1000098748 ns, Reaching safepoint: 77700 ns, Cleanup: 16700 ns, At safepoint: 6600 ns, Total: 101000 ns
[169.755s][info ][safepoint      ] Safepoint "Cleanup", Time since last: 1000100448 ns, Reaching safepoint: 78800 ns, Cleanup: 19700 ns, At safepoint: 5900 ns, Total: 104400 ns
[170.659s][info ][gc,start       ] GC(19) Pause Young (Allocation Failure)
[170.665s][debug][gc,phases      ] GC(19) Scavenge 5.609ms
[170.665s][debug][gc,ref         ] GC(19) ReferenceProcessor::execute queues: 1, RefProcThreadModel::Single, marks_oops_alive: false
[170.665s][debug][gc,ref         ] GC(19) Skipped KeepAliveFinalRefsPhase of Reference Processing: no references
[170.665s][debug][gc,ref         ] GC(19) ReferenceProcessor::execute queues: 1, RefProcThreadModel::Single, marks_oops_alive: false
[170.665s][debug][gc,phases      ] GC(19) Reference Processing 0.100ms
[170.665s][debug][gc,phases      ] GC(19)   VM Weak                        Min:  0.0, Avg:  0.0, Max:  0.0, Diff:  0.0, Sum:  0.0, Workers: 4
[170.665s][debug][gc,phases      ] GC(19)     Dead                           Min: 0, Avg:  0.0, Max: 0, Diff: 0, Sum: 0, Workers: 4
[170.665s][debug][gc,phases      ] GC(19)     Total                          Min: 0, Avg: 245.0, Max: 640, Diff: 640, Sum: 980, Workers: 4
[170.665s][debug][gc,phases      ] GC(19)   ObjectSynchronizer Weak        Min:  0.0, Avg:  0.0, Max:  0.0, Diff:  0.0, Sum:  0.0, Workers: 4
[170.665s][debug][gc,phases      ] GC(19)     Dead                           Min: 0, Avg:  0.0, Max: 0, Diff: 0, Sum: 0, Workers: 4
[170.665s][debug][gc,phases      ] GC(19)     Total                          Min: 0, Avg:  1.2, Max: 5, Diff: 5, Sum: 5, Workers: 4
[170.665s][debug][gc,phases      ] GC(19)   JVMTI Tag Weak OopStorage      Min:  0.0, Avg:  0.0, Max:  0.0, Diff:  0.0, Sum:  0.0, Workers: 4
[170.665s][debug][gc,phases      ] GC(19)     Dead                           Min: 0, Avg:  0.0, Max: 0, Diff: 0, Sum: 0, Workers: 4
[170.665s][debug][gc,phases      ] GC(19)     Total                          Min: 0, Avg:  0.0, Max: 0, Diff: 0, Sum: 0, Workers: 4
[170.665s][debug][gc,phases      ] GC(19)   StringTable Weak               Min:  0.0, Avg:  0.1, Max:  0.1, Diff:  0.1, Sum:  0.4, Workers: 4
[170.665s][debug][gc,phases      ] GC(19)     Dead                           Min: 0, Avg:  0.0, Max: 0, Diff: 0, Sum: 0, Workers: 4
[170.665s][debug][gc,phases      ] GC(19)     Total                          Min: 0, Avg: 11410.5, Max: 19850, Diff: 19850, Sum: 45642, Workers: 4
[170.665s][debug][gc,phases      ] GC(19)   ResolvedMethodTable Weak       Min:  0.0, Avg:  0.0, Max:  0.0, Diff:  0.0, Sum:  0.1, Workers: 4
[170.665s][debug][gc,phases      ] GC(19)     Dead                           Min: 0, Avg:  4.2, Max: 17, Diff: 17, Sum: 17, Workers: 4
[170.665s][debug][gc,phases      ] GC(19)     Total                          Min: 0, Avg: 3703.2, Max: 6201, Diff: 6201, Sum: 14813, Workers: 4
[170.665s][debug][gc,phases      ] GC(19)   JNI Weak                       Min:  0.0, Avg:  0.0, Max:  0.0, Diff:  0.0, Sum:  0.0, Workers: 4
[170.665s][debug][gc,phases      ] GC(19)     Dead                           Min: 0, Avg:  0.0, Max: 0, Diff: 0, Sum: 0, Workers: 4
[170.665s][debug][gc,phases      ] GC(19)     Total                          Min: 0, Avg: 13.0, Max: 52, Diff: 52, Sum: 52, Workers: 4
[170.665s][debug][gc,phases      ] GC(19)   StringDedup Table Weak         Min:  0.0, Avg:  0.0, Max:  0.0, Diff:  0.0, Sum:  0.0, Workers: 4
[170.665s][debug][gc,phases      ] GC(19)     Dead                           Min: 0, Avg:  0.0, Max: 0, Diff: 0, Sum: 0, Workers: 4
[170.665s][debug][gc,phases      ] GC(19)     Total                          Min: 0, Avg:  0.0, Max: 0, Diff: 0, Sum: 0, Workers: 4
[170.665s][debug][gc,phases      ] GC(19)   StringDedup Requests0 Weak     Min:  0.0, Avg:  0.0, Max:  0.0, Diff:  0.0, Sum:  0.0, Workers: 4
[170.665s][debug][gc,phases      ] GC(19)     Dead                           Min: 0, Avg:  0.0, Max: 0, Diff: 0, Sum: 0, Workers: 4
[170.665s][debug][gc,phases      ] GC(19)     Total                          Min: 0, Avg:  0.0, Max: 0, Diff: 0, Sum: 0, Workers: 4
[170.665s][debug][gc,phases      ] GC(19)   StringDedup Requests1 Weak     Min:  0.0, Avg:  0.0, Max:  0.0, Diff:  0.0, Sum:  0.0, Workers: 4
[170.665s][debug][gc,phases      ] GC(19)     Dead                           Min: 0, Avg:  0.0, Max: 0, Diff: 0, Sum: 0, Workers: 4
[170.665s][debug][gc,phases      ] GC(19)     Total                          Min: 0, Avg:  0.0, Max: 0, Diff: 0, Sum: 0, Workers: 4
[170.665s][debug][gc,phases      ] GC(19)   Weak JFR Old Object Samples    Min:  0.0, Avg:  0.0, Max:  0.0, Diff:  0.0, Sum:  0.0, Workers: 4
[170.665s][debug][gc,phases      ] GC(19)     Dead                           Min: 0, Avg:  0.0, Max: 0, Diff: 0, Sum: 0, Workers: 4
[170.665s][debug][gc,phases      ] GC(19)     Total                          Min: 0, Avg:  0.0, Max: 0, Diff: 0, Sum: 0, Workers: 4
[170.665s][debug][gc,phases      ] GC(19) Weak Processing 0.375ms
[170.665s][debug][gc,age         ] GC(19) Desired survivor size 232259584 bytes, new threshold 1 (max threshold 15)
[170.665s][info ][gc,heap        ] GC(19) PSYoungGen: 1632368K(1864192K)->5088K(1858560K) Eden: 1625600K(1625600K)->0K(1625600K) From: 6768K(238592K)->5088K(232960K)
[170.665s][info ][gc,heap        ] GC(19) ParOldGen: 246848K(247296K)->250801K(250880K)
[170.665s][info ][gc,metaspace   ] GC(19) Metaspace: 104003K(105344K)->104003K(105344K) NonClass: 88177K(88896K)->88177K(88896K) Class: 15826K(16448K)->15826K(16448K)
[170.665s][info ][gc             ] GC(19) Pause Young (Allocation Failure) 1835M->249M(2060M) 6.198ms
[170.665s][info ][gc,cpu         ] GC(19) User=0.02s Sys=0.00s Real=0.01s
[170.665s][info ][safepoint      ] Safepoint "ParallelGCFailedAllocation", Time since last: 904237517 ns, Reaching safepoint: 6000 ns, Cleanup: 8600 ns, At safepoint: 6263822 ns, Total: 6278422 ns
[171.666s][info ][safepoint      ] Safepoint "Cleanup", Time since last: 1000093048 ns, Reaching safepoint: 77800 ns, Cleanup: 17800 ns, At safepoint: 6600 ns, Total: 102200 ns
[172.666s][info ][safepoint      ] Safepoint "Cleanup", Time since last: 1000104248 ns, Reaching safepoint: 6000 ns, Cleanup: 20900 ns, At safepoint: 2200 ns, Total: 29100 ns
[173.666s][info ][safepoint      ] Safepoint "Cleanup", Time since last: 1000112547 ns, Reaching safepoint: 75201 ns, Cleanup: 26200 ns, At safepoint: 5000 ns, Total: 106401 ns
[174.666s][info ][safepoint      ] Safepoint "Cleanup", Time since last: 1000100728 ns, Reaching safepoint: 5200 ns, Cleanup: 35100 ns, At safepoint: 1600 ns, Total: 41900 ns
[175.666s][info ][safepoint      ] Safepoint "Cleanup", Time since last: 1000105655 ns, Reaching safepoint: 5800 ns, Cleanup: 16000 ns, At safepoint: 2100 ns, Total: 23900 ns
[177.666s][info ][safepoint      ] Safepoint "Cleanup", Time since last: 2000193110 ns, Reaching safepoint: 5200 ns, Cleanup: 7500 ns, At safepoint: 2000 ns, Total: 14700 ns
[178.666s][info ][safepoint      ] Safepoint "Cleanup", Time since last: 1000111355 ns, Reaching safepoint: 5900 ns, Cleanup: 11600 ns, At safepoint: 2000 ns, Total: 19500 ns
[179.667s][info ][safepoint      ] Safepoint "Cleanup", Time since last: 1000120955 ns, Reaching safepoint: 81201 ns, Cleanup: 14400 ns, At safepoint: 6900 ns, Total: 102501 ns
[181.083s][info ][safepoint      ] Safepoint "Cleanup", Time since last: 1416572535 ns, Reaching safepoint: 6400 ns, Cleanup: 17700 ns, At safepoint: 17200 ns, Total: 41300 ns
[184.084s][info ][safepoint      ] Safepoint "Cleanup", Time since last: 3000252519 ns, Reaching safepoint: 6200 ns, Cleanup: 11901 ns, At safepoint: 2200 ns, Total: 20301 ns
[185.084s][info ][safepoint      ] Safepoint "Cleanup", Time since last: 1000105187 ns, Reaching safepoint: 5400 ns, Cleanup: 6900 ns, At safepoint: 2000 ns, Total: 14300 ns
[186.084s][info ][safepoint      ] Safepoint "Cleanup", Time since last: 1000130888 ns, Reaching safepoint: 6000 ns, Cleanup: 8300 ns, At safepoint: 2200 ns, Total: 16500 ns
[188.084s][info ][safepoint      ] Safepoint "Cleanup", Time since last: 2000186675 ns, Reaching safepoint: 6200 ns, Cleanup: 9500 ns, At safepoint: 2600 ns, Total: 18300 ns
[189.084s][info ][safepoint      ] Safepoint "Cleanup", Time since last: 1000112087 ns, Reaching safepoint: 6400 ns, Cleanup: 12400 ns, At safepoint: 2200 ns, Total: 21000 ns
[190.084s][info ][safepoint      ] Safepoint "Cleanup", Time since last: 1000107207 ns, Reaching safepoint: 6100 ns, Cleanup: 10100 ns, At safepoint: 2200 ns, Total: 18400 ns
[190.299s][info ][gc,start       ] GC(20) Pause Young (Allocation Failure)
[190.303s][debug][gc,phases      ] GC(20) Scavenge 4.111ms
[190.303s][debug][gc,ref         ] GC(20) ReferenceProcessor::execute queues: 1, RefProcThreadModel::Single, marks_oops_alive: false
[190.303s][debug][gc,ref         ] GC(20) Skipped KeepAliveFinalRefsPhase of Reference Processing: no references
[190.303s][debug][gc,ref         ] GC(20) ReferenceProcessor::execute queues: 1, RefProcThreadModel::Single, marks_oops_alive: false
[190.303s][debug][gc,phases      ] GC(20) Reference Processing 0.096ms
[190.303s][debug][gc,phases      ] GC(20)   VM Weak                        Min:  0.0, Avg:  0.0, Max:  0.0, Diff:  0.0, Sum:  0.0, Workers: 4
[190.303s][debug][gc,phases      ] GC(20)     Dead                           Min: 0, Avg:  0.0, Max: 0, Diff: 0, Sum: 0, Workers: 4
[190.303s][debug][gc,phases      ] GC(20)     Total                          Min: 0, Avg: 245.0, Max: 596, Diff: 596, Sum: 980, Workers: 4
[190.303s][debug][gc,phases      ] GC(20)   ObjectSynchronizer Weak        Min:  0.0, Avg:  0.0, Max:  0.0, Diff:  0.0, Sum:  0.0, Workers: 4
[190.303s][debug][gc,phases      ] GC(20)     Dead                           Min: 0, Avg:  0.0, Max: 0, Diff: 0, Sum: 0, Workers: 4
[190.303s][debug][gc,phases      ] GC(20)     Total                          Min: 0, Avg:  1.0, Max: 4, Diff: 4, Sum: 4, Workers: 4
[190.303s][debug][gc,phases      ] GC(20)   JVMTI Tag Weak OopStorage      Min:  0.0, Avg:  0.0, Max:  0.0, Diff:  0.0, Sum:  0.0, Workers: 4
[190.303s][debug][gc,phases      ] GC(20)     Dead                           Min: 0, Avg:  0.0, Max: 0, Diff: 0, Sum: 0, Workers: 4
[190.303s][debug][gc,phases      ] GC(20)     Total                          Min: 0, Avg:  0.0, Max: 0, Diff: 0, Sum: 0, Workers: 4
[190.303s][debug][gc,phases      ] GC(20)   StringTable Weak               Min:  0.0, Avg:  0.1, Max:  0.1, Diff:  0.1, Sum:  0.4, Workers: 4
[190.303s][debug][gc,phases      ] GC(20)     Dead                           Min: 0, Avg:  0.2, Max: 1, Diff: 1, Sum: 1, Workers: 4
[190.303s][debug][gc,phases      ] GC(20)     Total                          Min: 0, Avg: 11412.2, Max: 19712, Diff: 19712, Sum: 45649, Workers: 4
[190.303s][debug][gc,phases      ] GC(20)   ResolvedMethodTable Weak       Min:  0.0, Avg:  0.0, Max:  0.0, Diff:  0.0, Sum:  0.1, Workers: 4
[190.303s][debug][gc,phases      ] GC(20)     Dead                           Min: 0, Avg:  4.0, Max: 10, Diff: 10, Sum: 16, Workers: 4
[190.303s][debug][gc,phases      ] GC(20)     Total                          Min: 0, Avg: 3703.5, Max: 6384, Diff: 6384, Sum: 14814, Workers: 4
[190.303s][debug][gc,phases      ] GC(20)   JNI Weak                       Min:  0.0, Avg:  0.0, Max:  0.0, Diff:  0.0, Sum:  0.0, Workers: 4
[190.303s][debug][gc,phases      ] GC(20)     Dead                           Min: 0, Avg:  0.0, Max: 0, Diff: 0, Sum: 0, Workers: 4
[190.303s][debug][gc,phases      ] GC(20)     Total                          Min: 0, Avg: 13.0, Max: 52, Diff: 52, Sum: 52, Workers: 4
[190.303s][debug][gc,phases      ] GC(20)   StringDedup Table Weak         Min:  0.0, Avg:  0.0, Max:  0.0, Diff:  0.0, Sum:  0.0, Workers: 4
[190.303s][debug][gc,phases      ] GC(20)     Dead                           Min: 0, Avg:  0.0, Max: 0, Diff: 0, Sum: 0, Workers: 4
[190.303s][debug][gc,phases      ] GC(20)     Total                          Min: 0, Avg:  0.0, Max: 0, Diff: 0, Sum: 0, Workers: 4
[190.303s][debug][gc,phases      ] GC(20)   StringDedup Requests0 Weak     Min:  0.0, Avg:  0.0, Max:  0.0, Diff:  0.0, Sum:  0.0, Workers: 4
[190.303s][debug][gc,phases      ] GC(20)     Dead                           Min: 0, Avg:  0.0, Max: 0, Diff: 0, Sum: 0, Workers: 4
[190.303s][debug][gc,phases      ] GC(20)     Total                          Min: 0, Avg:  0.0, Max: 0, Diff: 0, Sum: 0, Workers: 4
[190.303s][debug][gc,phases      ] GC(20)   StringDedup Requests1 Weak     Min:  0.0, Avg:  0.0, Max:  0.0, Diff:  0.0, Sum:  0.0, Workers: 4
[190.303s][debug][gc,phases      ] GC(20)     Dead                           Min: 0, Avg:  0.0, Max: 0, Diff: 0, Sum: 0, Workers: 4
[190.303s][debug][gc,phases      ] GC(20)     Total                          Min: 0, Avg:  0.0, Max: 0, Diff: 0, Sum: 0, Workers: 4
[190.303s][debug][gc,phases      ] GC(20)   Weak JFR Old Object Samples    Min:  0.0, Avg:  0.0, Max:  0.0, Diff:  0.0, Sum:  0.0, Workers: 4
[190.303s][debug][gc,phases      ] GC(20)     Dead                           Min: 0, Avg:  0.0, Max: 0, Diff: 0, Sum: 0, Workers: 4
[190.303s][debug][gc,phases      ] GC(20)     Total                          Min: 0, Avg:  0.0, Max: 0, Diff: 0, Sum: 0, Workers: 4
[190.303s][debug][gc,phases      ] GC(20) Weak Processing 0.369ms
[190.303s][debug][gc,age         ] GC(20) Desired survivor size 224395264 bytes, new threshold 1 (max threshold 15)
[190.303s][info ][gc,heap        ] GC(20) PSYoungGen: 1630688K(1858560K)->3936K(1878016K) Eden: 1625600K(1625600K)->0K(1651200K) From: 5088K(232960K)->3936K(226816K)
[190.303s][info ][gc,heap        ] GC(20) ParOldGen: 250801K(250880K)->252499K(252928K)
[190.303s][info ][gc,metaspace   ] GC(20) Metaspace: 104030K(105408K)->104030K(105408K) NonClass: 88204K(88960K)->88204K(88960K) Class: 15826K(16448K)->15826K(16448K)
[190.303s][info ][gc             ] GC(20) Pause Young (Allocation Failure) 1837M->250M(2081M) 4.687ms
[190.303s][info ][gc,cpu         ] GC(20) User=0.01s Sys=0.01s Real=0.01s
[190.303s][info ][safepoint      ] Safepoint "ParallelGCFailedAllocation", Time since last: 214400176 ns, Reaching safepoint: 5600 ns, Cleanup: 4200 ns, At safepoint: 4749517 ns, Total: 4759317 ns
[191.304s][info ][safepoint      ] Safepoint "Cleanup", Time since last: 1000085817 ns, Reaching safepoint: 75501 ns, Cleanup: 20600 ns, At safepoint: 6400 ns, Total: 102501 ns
[192.304s][info ][safepoint      ] Safepoint "Cleanup", Time since last: 1000099617 ns, Reaching safepoint: 76101 ns, Cleanup: 25600 ns, At safepoint: 6800 ns, Total: 108501 ns
[193.304s][info ][safepoint      ] Safepoint "Cleanup", Time since last: 1000122317 ns, Reaching safepoint: 80101 ns, Cleanup: 8700 ns, At safepoint: 8100 ns, Total: 96901 ns
[194.304s][info ][safepoint      ] Safepoint "Cleanup", Time since last: 1000121017 ns, Reaching safepoint: 79201 ns, Cleanup: 9800 ns, At safepoint: 6400 ns, Total: 95401 ns
[195.305s][info ][safepoint      ] Safepoint "Cleanup", Time since last: 1000113817 ns, Reaching safepoint: 77001 ns, Cleanup: 19200 ns, At safepoint: 6500 ns, Total: 102701 ns
[196.305s][info ][safepoint      ] Safepoint "Cleanup", Time since last: 1000110817 ns, Reaching safepoint: 77601 ns, Cleanup: 21000 ns, At safepoint: 5900 ns, Total: 104501 ns
[197.305s][info ][safepoint      ] Safepoint "Cleanup", Time since last: 1000101317 ns, Reaching safepoint: 78900 ns, Cleanup: 12600 ns, At safepoint: 6301 ns, Total: 97801 ns
[198.305s][info ][safepoint      ] Safepoint "Cleanup", Time since last: 1000101698 ns, Reaching safepoint: 75200 ns, Cleanup: 7400 ns, At safepoint: 5400 ns, Total: 88000 ns
[199.305s][info ][safepoint      ] Safepoint "Cleanup", Time since last: 1000107665 ns, Reaching safepoint: 81800 ns, Cleanup: 12800 ns, At safepoint: 6800 ns, Total: 101400 ns
[200.306s][info ][safepoint      ] Safepoint "Cleanup", Time since last: 1000119765 ns, Reaching safepoint: 80600 ns, Cleanup: 12900 ns, At safepoint: 6001 ns, Total: 99501 ns
[201.306s][info ][safepoint      ] Safepoint "Cleanup", Time since last: 1000139164 ns, Reaching safepoint: 79301 ns, Cleanup: 10600 ns, At safepoint: 9900 ns, Total: 99801 ns
[202.306s][info ][safepoint      ] Safepoint "Cleanup", Time since last: 1000118865 ns, Reaching safepoint: 78800 ns, Cleanup: 12600 ns, At safepoint: 8600 ns, Total: 100000 ns
[203.306s][info ][safepoint      ] Safepoint "Cleanup", Time since last: 1000128465 ns, Reaching safepoint: 97100 ns, Cleanup: 9200 ns, At safepoint: 7300 ns, Total: 113600 ns
[204.306s][info ][safepoint      ] Safepoint "Cleanup", Time since last: 1000095365 ns, Reaching safepoint: 78600 ns, Cleanup: 16300 ns, At safepoint: 6200 ns, Total: 101100 ns
[205.307s][info ][safepoint      ] Safepoint "Cleanup", Time since last: 1000119265 ns, Reaching safepoint: 78500 ns, Cleanup: 26200 ns, At safepoint: 5800 ns, Total: 110500 ns
[208.101s][info ][gc,start       ] GC(21) Pause Young (Allocation Failure)
[208.107s][debug][gc,phases      ] GC(21) Scavenge 5.452ms
[208.107s][debug][gc,ref         ] GC(21) ReferenceProcessor::execute queues: 1, RefProcThreadModel::Single, marks_oops_alive: false
[208.107s][debug][gc,ref         ] GC(21) Skipped KeepAliveFinalRefsPhase of Reference Processing: no references
[208.107s][debug][gc,ref         ] GC(21) Skipped PhantomRefsPhase of Reference Processing: no references
[208.107s][debug][gc,phases      ] GC(21) Reference Processing 0.117ms
[208.107s][debug][gc,phases      ] GC(21)   VM Weak                        Min:  0.0, Avg:  0.0, Max:  0.0, Diff:  0.0, Sum:  0.0, Workers: 4
[208.107s][debug][gc,phases      ] GC(21)     Dead                           Min: 0, Avg:  0.0, Max: 0, Diff: 0, Sum: 0, Workers: 4
[208.107s][debug][gc,phases      ] GC(21)     Total                          Min: 0, Avg: 245.0, Max: 596, Diff: 596, Sum: 980, Workers: 4
[208.107s][debug][gc,phases      ] GC(21)   ObjectSynchronizer Weak        Min:  0.0, Avg:  0.0, Max:  0.0, Diff:  0.0, Sum:  0.0, Workers: 4
[208.107s][debug][gc,phases      ] GC(21)     Dead                           Min: 0, Avg:  0.0, Max: 0, Diff: 0, Sum: 0, Workers: 4
[208.107s][debug][gc,phases      ] GC(21)     Total                          Min: 0, Avg:  1.2, Max: 5, Diff: 5, Sum: 5, Workers: 4
[208.107s][debug][gc,phases      ] GC(21)   JVMTI Tag Weak OopStorage      Min:  0.0, Avg:  0.0, Max:  0.0, Diff:  0.0, Sum:  0.0, Workers: 4
[208.107s][debug][gc,phases      ] GC(21)     Dead                           Min: 0, Avg:  0.0, Max: 0, Diff: 0, Sum: 0, Workers: 4
[208.107s][debug][gc,phases      ] GC(21)     Total                          Min: 0, Avg:  0.0, Max: 0, Diff: 0, Sum: 0, Workers: 4
[208.107s][debug][gc,phases      ] GC(21)   StringTable Weak               Min:  0.0, Avg:  0.1, Max:  0.1, Diff:  0.1, Sum:  0.4, Workers: 4
[208.107s][debug][gc,phases      ] GC(21)     Dead                           Min: 0, Avg:  0.0, Max: 0, Diff: 0, Sum: 0, Workers: 4
[208.107s][debug][gc,phases      ] GC(21)     Total                          Min: 0, Avg: 11414.8, Max: 19455, Diff: 19455, Sum: 45659, Workers: 4
[208.107s][debug][gc,phases      ] GC(21)   ResolvedMethodTable Weak       Min:  0.0, Avg:  0.0, Max:  0.0, Diff:  0.0, Sum:  0.1, Workers: 4
[208.107s][debug][gc,phases      ] GC(21)     Dead                           Min: 0, Avg:  4.0, Max: 12, Diff: 12, Sum: 16, Workers: 4
[208.107s][debug][gc,phases      ] GC(21)     Total                          Min: 0, Avg: 3703.5, Max: 6165, Diff: 6165, Sum: 14814, Workers: 4
[208.107s][debug][gc,phases      ] GC(21)   JNI Weak                       Min:  0.0, Avg:  0.0, Max:  0.0, Diff:  0.0, Sum:  0.0, Workers: 4
[208.107s][debug][gc,phases      ] GC(21)     Dead                           Min: 0, Avg:  0.0, Max: 0, Diff: 0, Sum: 0, Workers: 4
[208.107s][debug][gc,phases      ] GC(21)     Total                          Min: 0, Avg: 13.0, Max: 52, Diff: 52, Sum: 52, Workers: 4
[208.107s][debug][gc,phases      ] GC(21)   StringDedup Table Weak         Min:  0.0, Avg:  0.0, Max:  0.0, Diff:  0.0, Sum:  0.0, Workers: 4
[208.107s][debug][gc,phases      ] GC(21)     Dead                           Min: 0, Avg:  0.0, Max: 0, Diff: 0, Sum: 0, Workers: 4
[208.107s][debug][gc,phases      ] GC(21)     Total                          Min: 0, Avg:  0.0, Max: 0, Diff: 0, Sum: 0, Workers: 4
[208.107s][debug][gc,phases      ] GC(21)   StringDedup Requests0 Weak     Min:  0.0, Avg:  0.0, Max:  0.0, Diff:  0.0, Sum:  0.0, Workers: 4
[208.107s][debug][gc,phases      ] GC(21)     Dead                           Min: 0, Avg:  0.0, Max: 0, Diff: 0, Sum: 0, Workers: 4
[208.107s][debug][gc,phases      ] GC(21)     Total                          Min: 0, Avg:  0.0, Max: 0, Diff: 0, Sum: 0, Workers: 4
[208.107s][debug][gc,phases      ] GC(21)   StringDedup Requests1 Weak     Min:  0.0, Avg:  0.0, Max:  0.0, Diff:  0.0, Sum:  0.0, Workers: 4
[208.107s][debug][gc,phases      ] GC(21)     Dead                           Min: 0, Avg:  0.0, Max: 0, Diff: 0, Sum: 0, Workers: 4
[208.107s][debug][gc,phases      ] GC(21)     Total                          Min: 0, Avg:  0.0, Max: 0, Diff: 0, Sum: 0, Workers: 4
[208.107s][debug][gc,phases      ] GC(21)   Weak JFR Old Object Samples    Min:  0.0, Avg:  0.0, Max:  0.0, Diff:  0.0, Sum:  0.0, Workers: 4
[208.107s][debug][gc,phases      ] GC(21)     Dead                           Min: 0, Avg:  0.0, Max: 0, Diff: 0, Sum: 0, Workers: 4
[208.107s][debug][gc,phases      ] GC(21)     Total                          Min: 0, Avg:  0.0, Max: 0, Diff: 0, Sum: 0, Workers: 4
[208.107s][debug][gc,phases      ] GC(21) Weak Processing 0.370ms
[208.108s][debug][gc,age         ] GC(21) Desired survivor size 215482368 bytes, new threshold 1 (max threshold 15)
[208.108s][info ][gc,heap        ] GC(21) PSYoungGen: 1655136K(1878016K)->8304K(1870336K) Eden: 1651200K(1651200K)->0K(1651200K) From: 3936K(226816K)->8304K(219136K)
[208.108s][info ][gc,heap        ] GC(21) ParOldGen: 252499K(252928K)->253263K(253440K)
[208.108s][info ][gc,metaspace   ] GC(21) Metaspace: 104083K(105408K)->104083K(105408K) NonClass: 88257K(88960K)->88257K(88960K) Class: 15826K(16448K)->15826K(16448K)
[208.108s][info ][gc             ] GC(21) Pause Young (Allocation Failure) 1862M->255M(2074M) 6.043ms
[208.108s][info ][gc,cpu         ] GC(21) User=0.02s Sys=0.00s Real=0.01s
[208.108s][info ][safepoint      ] Safepoint "ParallelGCFailedAllocation", Time since last: 2794674921 ns, Reaching safepoint: 76200 ns, Cleanup: 8900 ns, At safepoint: 6108522 ns, Total: 6193622 ns
[209.108s][info ][safepoint      ] Safepoint "Cleanup", Time since last: 1000081146 ns, Reaching safepoint: 74900 ns, Cleanup: 11000 ns, At safepoint: 5300 ns, Total: 91200 ns
[210.108s][info ][safepoint      ] Safepoint "Cleanup", Time since last: 1000096446 ns, Reaching safepoint: 77700 ns, Cleanup: 8800 ns, At safepoint: 6301 ns, Total: 92801 ns
[211.108s][info ][safepoint      ] Safepoint "Cleanup", Time since last: 1000098745 ns, Reaching safepoint: 77101 ns, Cleanup: 10300 ns, At safepoint: 6800 ns, Total: 94201 ns
[212.108s][info ][safepoint      ] Safepoint "Cleanup", Time since last: 1000108646 ns, Reaching safepoint: 76500 ns, Cleanup: 27200 ns, At safepoint: 6100 ns, Total: 109800 ns
[213.109s][info ][safepoint      ] Safepoint "Cleanup", Time since last: 1000093146 ns, Reaching safepoint: 76100 ns, Cleanup: 14000 ns, At safepoint: 6300 ns, Total: 96400 ns
[214.109s][info ][safepoint      ] Safepoint "Cleanup", Time since last: 1000108666 ns, Reaching safepoint: 79001 ns, Cleanup: 11600 ns, At safepoint: 6300 ns, Total: 96901 ns
[215.109s][info ][safepoint      ] Safepoint "Cleanup", Time since last: 1000113343 ns, Reaching safepoint: 81001 ns, Cleanup: 6500 ns, At safepoint: 6800 ns, Total: 94301 ns
[217.109s][info ][safepoint      ] Safepoint "Cleanup", Time since last: 2000193229 ns, Reaching safepoint: 77600 ns, Cleanup: 9100 ns, At safepoint: 6300 ns, Total: 93000 ns
[219.110s][info ][safepoint      ] Safepoint "Cleanup", Time since last: 2000186526 ns, Reaching safepoint: 78400 ns, Cleanup: 29700 ns, At safepoint: 6500 ns, Total: 114600 ns
[220.110s][info ][safepoint      ] Safepoint "Cleanup", Time since last: 1000111313 ns, Reaching safepoint: 76201 ns, Cleanup: 25400 ns, At safepoint: 5900 ns, Total: 107501 ns
[221.110s][info ][safepoint      ] Safepoint "Cleanup", Time since last: 1000108413 ns, Reaching safepoint: 75900 ns, Cleanup: 7800 ns, At safepoint: 6500 ns, Total: 90200 ns
[222.110s][info ][safepoint      ] Safepoint "Cleanup", Time since last: 1000095916 ns, Reaching safepoint: 76801 ns, Cleanup: 24900 ns, At safepoint: 5700 ns, Total: 107401 ns
[223.110s][info ][safepoint      ] Safepoint "Cleanup", Time since last: 1000105238 ns, Reaching safepoint: 79900 ns, Cleanup: 15600 ns, At safepoint: 5900 ns, Total: 101400 ns
[224.111s][info ][safepoint      ] Safepoint "Cleanup", Time since last: 1000098338 ns, Reaching safepoint: 76500 ns, Cleanup: 8400 ns, At safepoint: 6500 ns, Total: 91400 ns
[226.111s][info ][safepoint      ] Safepoint "Cleanup", Time since last: 2000170876 ns, Reaching safepoint: 78200 ns, Cleanup: 12400 ns, At safepoint: 6300 ns, Total: 96900 ns
[226.452s][info ][gc,start       ] GC(22) Pause Young (Allocation Failure)
[226.458s][debug][gc,phases      ] GC(22) Scavenge 6.133ms
[226.458s][debug][gc,ref         ] GC(22) ReferenceProcessor::execute queues: 1, RefProcThreadModel::Single, marks_oops_alive: false
[226.458s][debug][gc,ref         ] GC(22) Skipped KeepAliveFinalRefsPhase of Reference Processing: no references
[226.458s][debug][gc,ref         ] GC(22) ReferenceProcessor::execute queues: 1, RefProcThreadModel::Single, marks_oops_alive: false
[226.458s][debug][gc,phases      ] GC(22) Reference Processing 0.098ms
[226.458s][debug][gc,phases      ] GC(22)   VM Weak                        Min:  0.0, Avg:  0.0, Max:  0.0, Diff:  0.0, Sum:  0.0, Workers: 4
[226.458s][debug][gc,phases      ] GC(22)     Dead                           Min: 0, Avg:  0.0, Max: 0, Diff: 0, Sum: 0, Workers: 4
[226.458s][debug][gc,phases      ] GC(22)     Total                          Min: 0, Avg: 245.0, Max: 512, Diff: 512, Sum: 980, Workers: 4
[226.458s][debug][gc,phases      ] GC(22)   ObjectSynchronizer Weak        Min:  0.0, Avg:  0.0, Max:  0.0, Diff:  0.0, Sum:  0.0, Workers: 4
[226.458s][debug][gc,phases      ] GC(22)     Dead                           Min: 0, Avg:  0.0, Max: 0, Diff: 0, Sum: 0, Workers: 4
[226.458s][debug][gc,phases      ] GC(22)     Total                          Min: 0, Avg:  1.2, Max: 5, Diff: 5, Sum: 5, Workers: 4
[226.458s][debug][gc,phases      ] GC(22)   JVMTI Tag Weak OopStorage      Min:  0.0, Avg:  0.0, Max:  0.0, Diff:  0.0, Sum:  0.0, Workers: 4
[226.458s][debug][gc,phases      ] GC(22)     Dead                           Min: 0, Avg:  0.0, Max: 0, Diff: 0, Sum: 0, Workers: 4
[226.458s][debug][gc,phases      ] GC(22)     Total                          Min: 0, Avg:  0.0, Max: 0, Diff: 0, Sum: 0, Workers: 4
[226.458s][debug][gc,phases      ] GC(22)   StringTable Weak               Min:  0.0, Avg:  0.1, Max:  0.1, Diff:  0.1, Sum:  0.4, Workers: 4
[226.458s][debug][gc,phases      ] GC(22)     Dead                           Min: 0, Avg:  0.2, Max: 1, Diff: 1, Sum: 1, Workers: 4
[226.458s][debug][gc,phases      ] GC(22)     Total                          Min: 0, Avg: 11420.2, Max: 19583, Diff: 19583, Sum: 45681, Workers: 4
[226.458s][debug][gc,phases      ] GC(22)   ResolvedMethodTable Weak       Min:  0.0, Avg:  0.0, Max:  0.0, Diff:  0.0, Sum:  0.1, Workers: 4
[226.458s][debug][gc,phases      ] GC(22)     Dead                           Min: 0, Avg:  0.2, Max: 1, Diff: 1, Sum: 1, Workers: 4
[226.458s][debug][gc,phases      ] GC(22)     Total                          Min: 0, Avg: 3704.5, Max: 6221, Diff: 6221, Sum: 14818, Workers: 4
[226.458s][debug][gc,phases      ] GC(22)   JNI Weak                       Min:  0.0, Avg:  0.0, Max:  0.0, Diff:  0.0, Sum:  0.0, Workers: 4
[226.458s][debug][gc,phases      ] GC(22)     Dead                           Min: 0, Avg:  0.0, Max: 0, Diff: 0, Sum: 0, Workers: 4
[226.458s][debug][gc,phases      ] GC(22)     Total                          Min: 0, Avg: 13.0, Max: 52, Diff: 52, Sum: 52, Workers: 4
[226.458s][debug][gc,phases      ] GC(22)   StringDedup Table Weak         Min:  0.0, Avg:  0.0, Max:  0.0, Diff:  0.0, Sum:  0.0, Workers: 4
[226.458s][debug][gc,phases      ] GC(22)     Dead                           Min: 0, Avg:  0.0, Max: 0, Diff: 0, Sum: 0, Workers: 4
[226.458s][debug][gc,phases      ] GC(22)     Total                          Min: 0, Avg:  0.0, Max: 0, Diff: 0, Sum: 0, Workers: 4
[226.458s][debug][gc,phases      ] GC(22)   StringDedup Requests0 Weak     Min:  0.0, Avg:  0.0, Max:  0.0, Diff:  0.0, Sum:  0.0, Workers: 4
[226.458s][debug][gc,phases      ] GC(22)     Dead                           Min: 0, Avg:  0.0, Max: 0, Diff: 0, Sum: 0, Workers: 4
[226.458s][debug][gc,phases      ] GC(22)     Total                          Min: 0, Avg:  0.0, Max: 0, Diff: 0, Sum: 0, Workers: 4
[226.458s][debug][gc,phases      ] GC(22)   StringDedup Requests1 Weak     Min:  0.0, Avg:  0.0, Max:  0.0, Diff:  0.0, Sum:  0.0, Workers: 4
[226.458s][debug][gc,phases      ] GC(22)     Dead                           Min: 0, Avg:  0.0, Max: 0, Diff: 0, Sum: 0, Workers: 4
[226.458s][debug][gc,phases      ] GC(22)     Total                          Min: 0, Avg:  0.0, Max: 0, Diff: 0, Sum: 0, Workers: 4
[226.458s][debug][gc,phases      ] GC(22)   Weak JFR Old Object Samples    Min:  0.0, Avg:  0.0, Max:  0.0, Diff:  0.0, Sum:  0.0, Workers: 4
[226.458s][debug][gc,phases      ] GC(22)     Dead                           Min: 0, Avg:  0.0, Max: 0, Diff: 0, Sum: 0, Workers: 4
[226.458s][debug][gc,phases      ] GC(22)     Total                          Min: 0, Avg:  0.0, Max: 0, Diff: 0, Sum: 0, Workers: 4
[226.458s][debug][gc,phases      ] GC(22) Weak Processing 0.370ms
[226.458s][debug][gc,age         ] GC(22) Desired survivor size 206569472 bytes, new threshold 1 (max threshold 15)
[226.458s][info ][gc,heap        ] GC(22) PSYoungGen: 1659504K(1870336K)->5032K(1895424K) Eden: 1651200K(1651200K)->0K(1684992K) From: 8304K(219136K)->5032K(210432K)
[226.458s][info ][gc,heap        ] GC(22) ParOldGen: 253263K(253440K)->257619K(258048K)
[226.458s][info ][gc,metaspace   ] GC(22) Metaspace: 104107K(105472K)->104107K(105472K) NonClass: 88279K(89024K)->88279K(89024K) Class: 15827K(16448K)->15827K(16448K)
[226.458s][info ][gc             ] GC(22) Pause Young (Allocation Failure) 1867M->256M(2103M) 6.713ms
[226.458s][info ][gc,cpu         ] GC(22) User=0.03s Sys=0.01s Real=0.01s
[226.458s][info ][safepoint      ] Safepoint "ParallelGCFailedAllocation", Time since last: 340658605 ns, Reaching safepoint: 78400 ns, Cleanup: 4001 ns, At safepoint: 6777123 ns, Total: 6859524 ns
[227.749s][info ][safepoint      ] Safepoint "Cleanup", Time since last: 1290487466 ns, Reaching safepoint: 5900 ns, Cleanup: 25600 ns, At safepoint: 2600 ns, Total: 34100 ns
[228.749s][info ][safepoint      ] Safepoint "Cleanup", Time since last: 1000108938 ns, Reaching safepoint: 7100 ns, Cleanup: 14700 ns, At safepoint: 2000 ns, Total: 23800 ns
[229.749s][info ][safepoint      ] Safepoint "Cleanup", Time since last: 1000104538 ns, Reaching safepoint: 5200 ns, Cleanup: 13900 ns, At safepoint: 1600 ns, Total: 20700 ns
[230.749s][info ][safepoint      ] Safepoint "Cleanup", Time since last: 1000100842 ns, Reaching safepoint: 5700 ns, Cleanup: 14700 ns, At safepoint: 2000 ns, Total: 22400 ns
[231.749s][info ][safepoint      ] Safepoint "Cleanup", Time since last: 1000101244 ns, Reaching safepoint: 5200 ns, Cleanup: 9200 ns, At safepoint: 2700 ns, Total: 17100 ns
[232.749s][info ][safepoint      ] Safepoint "Cleanup", Time since last: 1000111343 ns, Reaching safepoint: 6000 ns, Cleanup: 8100 ns, At safepoint: 2000 ns, Total: 16100 ns
[233.750s][info ][safepoint      ] Safepoint "Cleanup", Time since last: 1000107044 ns, Reaching safepoint: 5700 ns, Cleanup: 8700 ns, At safepoint: 2000 ns, Total: 16400 ns
[236.750s][info ][safepoint      ] Safepoint "Cleanup", Time since last: 3000242730 ns, Reaching safepoint: 5600 ns, Cleanup: 8900 ns, At safepoint: 1600 ns, Total: 16100 ns
[237.750s][info ][safepoint      ] Safepoint "Cleanup", Time since last: 1000103344 ns, Reaching safepoint: 4500 ns, Cleanup: 16200 ns, At safepoint: 1600 ns, Total: 22300 ns
[240.100s][info ][safepoint      ] Safepoint "Cleanup", Time since last: 2349963535 ns, Reaching safepoint: 4500 ns, Cleanup: 8700 ns, At safepoint: 1900 ns, Total: 15100 ns
[241.100s][info ][safepoint      ] Safepoint "Cleanup", Time since last: 1000140616 ns, Reaching safepoint: 74400 ns, Cleanup: 7900 ns, At safepoint: 5200 ns, Total: 87500 ns
[242.100s][info ][safepoint      ] Safepoint "Cleanup", Time since last: 1000094616 ns, Reaching safepoint: 75301 ns, Cleanup: 12400 ns, At safepoint: 5500 ns, Total: 93201 ns
[243.101s][info ][safepoint      ] Safepoint "Cleanup", Time since last: 1000095316 ns, Reaching safepoint: 77100 ns, Cleanup: 29100 ns, At safepoint: 5600 ns, Total: 111800 ns
[244.101s][info ][safepoint      ] Safepoint "Cleanup", Time since last: 1000095168 ns, Reaching safepoint: 78101 ns, Cleanup: 12600 ns, At safepoint: 5900 ns, Total: 96601 ns
[245.101s][info ][safepoint      ] Safepoint "Cleanup", Time since last: 1000099057 ns, Reaching safepoint: 78800 ns, Cleanup: 22200 ns, At safepoint: 6600 ns, Total: 107600 ns
[246.101s][info ][safepoint      ] Safepoint "Cleanup", Time since last: 1000113761 ns, Reaching safepoint: 87700 ns, Cleanup: 31500 ns, At safepoint: 8200 ns, Total: 127400 ns
[246.554s][info ][gc,start       ] GC(23) Pause Young (Allocation Failure)
[246.559s][debug][gc,phases      ] GC(23) Scavenge 4.473ms
[246.559s][debug][gc,ref         ] GC(23) ReferenceProcessor::execute queues: 1, RefProcThreadModel::Single, marks_oops_alive: false
[246.559s][debug][gc,ref         ] GC(23) Skipped KeepAliveFinalRefsPhase of Reference Processing: no references
[246.559s][debug][gc,ref         ] GC(23) ReferenceProcessor::execute queues: 1, RefProcThreadModel::Single, marks_oops_alive: false
[246.559s][debug][gc,phases      ] GC(23) Reference Processing 0.099ms
[246.559s][debug][gc,phases      ] GC(23)   VM Weak                        Min:  0.0, Avg:  0.0, Max:  0.0, Diff:  0.0, Sum:  0.0, Workers: 4
[246.559s][debug][gc,phases      ] GC(23)     Dead                           Min: 0, Avg:  0.0, Max: 0, Diff: 0, Sum: 0, Workers: 4
[246.559s][debug][gc,phases      ] GC(23)     Total                          Min: 0, Avg: 247.0, Max: 512, Diff: 512, Sum: 988, Workers: 4
[246.559s][debug][gc,phases      ] GC(23)   ObjectSynchronizer Weak        Min:  0.0, Avg:  0.0, Max:  0.0, Diff:  0.0, Sum:  0.0, Workers: 4
[246.559s][debug][gc,phases      ] GC(23)     Dead                           Min: 0, Avg:  0.0, Max: 0, Diff: 0, Sum: 0, Workers: 4
[246.559s][debug][gc,phases      ] GC(23)     Total                          Min: 0, Avg:  1.0, Max: 4, Diff: 4, Sum: 4, Workers: 4
[246.559s][debug][gc,phases      ] GC(23)   JVMTI Tag Weak OopStorage      Min:  0.0, Avg:  0.0, Max:  0.0, Diff:  0.0, Sum:  0.0, Workers: 4
[246.559s][debug][gc,phases      ] GC(23)     Dead                           Min: 0, Avg:  0.0, Max: 0, Diff: 0, Sum: 0, Workers: 4
[246.559s][debug][gc,phases      ] GC(23)     Total                          Min: 0, Avg:  0.0, Max: 0, Diff: 0, Sum: 0, Workers: 4
[246.559s][debug][gc,phases      ] GC(23)   StringTable Weak               Min:  0.1, Avg:  0.1, Max:  0.1, Diff:  0.0, Sum:  0.4, Workers: 4
[246.559s][debug][gc,phases      ] GC(23)     Dead                           Min: 0, Avg:  0.2, Max: 1, Diff: 1, Sum: 1, Workers: 4
[246.559s][debug][gc,phases      ] GC(23)     Total                          Min: 11008, Avg: 11429.0, Max: 11840, Diff: 832, Sum: 45716, Workers: 4
[246.559s][debug][gc,phases      ] GC(23)   ResolvedMethodTable Weak       Min:  0.0, Avg:  0.0, Max:  0.0, Diff:  0.0, Sum:  0.2, Workers: 4
[246.559s][debug][gc,phases      ] GC(23)     Dead                           Min: 0, Avg:  5.8, Max: 19, Diff: 19, Sum: 23, Workers: 4
[246.559s][debug][gc,phases      ] GC(23)     Total                          Min: 3682, Avg: 3720.0, Max: 3763, Diff: 81, Sum: 14880, Workers: 4
[246.559s][debug][gc,phases      ] GC(23)   JNI Weak                       Min:  0.0, Avg:  0.0, Max:  0.0, Diff:  0.0, Sum:  0.0, Workers: 4
[246.559s][debug][gc,phases      ] GC(23)     Dead                           Min: 0, Avg:  0.0, Max: 0, Diff: 0, Sum: 0, Workers: 4
[246.559s][debug][gc,phases      ] GC(23)     Total                          Min: 0, Avg: 13.0, Max: 52, Diff: 52, Sum: 52, Workers: 4
[246.559s][debug][gc,phases      ] GC(23)   StringDedup Table Weak         Min:  0.0, Avg:  0.0, Max:  0.0, Diff:  0.0, Sum:  0.0, Workers: 4
[246.559s][debug][gc,phases      ] GC(23)     Dead                           Min: 0, Avg:  0.0, Max: 0, Diff: 0, Sum: 0, Workers: 4
[246.559s][debug][gc,phases      ] GC(23)     Total                          Min: 0, Avg:  0.0, Max: 0, Diff: 0, Sum: 0, Workers: 4
[246.559s][debug][gc,phases      ] GC(23)   StringDedup Requests0 Weak     Min:  0.0, Avg:  0.0, Max:  0.0, Diff:  0.0, Sum:  0.0, Workers: 4
[246.559s][debug][gc,phases      ] GC(23)     Dead                           Min: 0, Avg:  0.0, Max: 0, Diff: 0, Sum: 0, Workers: 4
[246.559s][debug][gc,phases      ] GC(23)     Total                          Min: 0, Avg:  0.0, Max: 0, Diff: 0, Sum: 0, Workers: 4
[246.559s][debug][gc,phases      ] GC(23)   StringDedup Requests1 Weak     Min:  0.0, Avg:  0.0, Max:  0.0, Diff:  0.0, Sum:  0.0, Workers: 4
[246.559s][debug][gc,phases      ] GC(23)     Dead                           Min: 0, Avg:  0.0, Max: 0, Diff: 0, Sum: 0, Workers: 4
[246.559s][debug][gc,phases      ] GC(23)     Total                          Min: 0, Avg:  0.0, Max: 0, Diff: 0, Sum: 0, Workers: 4
[246.559s][debug][gc,phases      ] GC(23)   Weak JFR Old Object Samples    Min:  0.0, Avg:  0.0, Max:  0.0, Diff:  0.0, Sum:  0.0, Workers: 4
[246.559s][debug][gc,phases      ] GC(23)     Dead                           Min: 0, Avg:  0.0, Max: 0, Diff: 0, Sum: 0, Workers: 4
[246.559s][debug][gc,phases      ] GC(23)     Total                          Min: 0, Avg:  0.0, Max: 0, Diff: 0, Sum: 0, Workers: 4
[246.559s][debug][gc,phases      ] GC(23) Weak Processing 0.360ms
[246.559s][debug][gc,age         ] GC(23) Desired survivor size 197656576 bytes, new threshold 1 (max threshold 15)
[246.559s][info ][gc,heap        ] GC(23) PSYoungGen: 1690024K(1895424K)->5001K(1886720K) Eden: 1684992K(1684992K)->0K(1684992K) From: 5032K(210432K)->5001K(201728K)
[246.559s][info ][gc,heap        ] GC(23) ParOldGen: 257619K(258048K)->258544K(258560K)
[246.560s][info ][gc,metaspace   ] GC(23) Metaspace: 104221K(105536K)->104221K(105536K) NonClass: 88372K(89088K)->88372K(89088K) Class: 15848K(16448K)->15848K(16448K)
[246.560s][info ][gc             ] GC(23) Pause Young (Allocation Failure) 1901M->257M(2095M) 5.049ms
[246.560s][info ][gc,cpu         ] GC(23) User=0.02s Sys=0.00s Real=0.01s
[246.560s][info ][safepoint      ] Safepoint "ParallelGCFailedAllocation", Time since last: 453190227 ns, Reaching safepoint: 5900 ns, Cleanup: 3400 ns, At safepoint: 5111718 ns, Total: 5121018 ns
[247.560s][info ][safepoint      ] Safepoint "Cleanup", Time since last: 1000081490 ns, Reaching safepoint: 76001 ns, Cleanup: 11000 ns, At safepoint: 4700 ns, Total: 91701 ns
[248.560s][info ][safepoint      ] Safepoint "Cleanup", Time since last: 1000096690 ns, Reaching safepoint: 6500 ns, Cleanup: 14700 ns, At safepoint: 2000 ns, Total: 23200 ns
[249.560s][info ][safepoint      ] Safepoint "Cleanup", Time since last: 1000130490 ns, Reaching safepoint: 81600 ns, Cleanup: 52700 ns, At safepoint: 6900 ns, Total: 141200 ns
[250.560s][info ][safepoint      ] Safepoint "Cleanup", Time since last: 1000102090 ns, Reaching safepoint: 74000 ns, Cleanup: 79701 ns, At safepoint: 5700 ns, Total: 159401 ns
[251.561s][info ][safepoint      ] Safepoint "Cleanup", Time since last: 1000115090 ns, Reaching safepoint: 82000 ns, Cleanup: 64700 ns, At safepoint: 7000 ns, Total: 153700 ns
[252.561s][info ][safepoint      ] Safepoint "Cleanup", Time since last: 1000116790 ns, Reaching safepoint: 77800 ns, Cleanup: 7900 ns, At safepoint: 6500 ns, Total: 92200 ns
[253.561s][info ][safepoint      ] Safepoint "Cleanup", Time since last: 1000126690 ns, Reaching safepoint: 80801 ns, Cleanup: 19000 ns, At safepoint: 6200 ns, Total: 106001 ns
[254.561s][info ][safepoint      ] Safepoint "Cleanup", Time since last: 1000110801 ns, Reaching safepoint: 76300 ns, Cleanup: 16900 ns, At safepoint: 5400 ns, Total: 98600 ns
[255.562s][info ][safepoint      ] Safepoint "Cleanup", Time since last: 1000121009 ns, Reaching safepoint: 75401 ns, Cleanup: 29600 ns, At safepoint: 9100 ns, Total: 114101 ns
[256.562s][info ][safepoint      ] Safepoint "Cleanup", Time since last: 1000111409 ns, Reaching safepoint: 76600 ns, Cleanup: 39301 ns, At safepoint: 5100 ns, Total: 121001 ns
[257.562s][info ][safepoint      ] Safepoint "Cleanup", Time since last: 1000096509 ns, Reaching safepoint: 75500 ns, Cleanup: 20200 ns, At safepoint: 6400 ns, Total: 102100 ns
[258.562s][info ][safepoint      ] Safepoint "Cleanup", Time since last: 1000102910 ns, Reaching safepoint: 4900 ns, Cleanup: 25300 ns, At safepoint: 1800 ns, Total: 32000 ns
[259.562s][info ][safepoint      ] Safepoint "Cleanup", Time since last: 1000109509 ns, Reaching safepoint: 76500 ns, Cleanup: 23201 ns, At safepoint: 5000 ns, Total: 104701 ns
[260.563s][info ][safepoint      ] Safepoint "Cleanup", Time since last: 1000114809 ns, Reaching safepoint: 80000 ns, Cleanup: 22800 ns, At safepoint: 6300 ns, Total: 109100 ns
[262.563s][info ][safepoint      ] Safepoint "Cleanup", Time since last: 2000183168 ns, Reaching safepoint: 80601 ns, Cleanup: 8200 ns, At safepoint: 7000 ns, Total: 95801 ns
[263.563s][info ][safepoint      ] Safepoint "Cleanup", Time since last: 1000114100 ns, Reaching safepoint: 78400 ns, Cleanup: 8300 ns, At safepoint: 6200 ns, Total: 92900 ns
[264.563s][info ][safepoint      ] Safepoint "Cleanup", Time since last: 1000124700 ns, Reaching safepoint: 80900 ns, Cleanup: 8801 ns, At safepoint: 5900 ns, Total: 95601 ns
[264.852s][info ][gc,start       ] GC(24) Pause Young (Allocation Failure)
[264.857s][debug][gc,phases      ] GC(24) Scavenge 5.277ms
[264.857s][debug][gc,ref         ] GC(24) ReferenceProcessor::execute queues: 1, RefProcThreadModel::Single, marks_oops_alive: false
[264.857s][debug][gc,ref         ] GC(24) Skipped KeepAliveFinalRefsPhase of Reference Processing: no references
[264.857s][debug][gc,ref         ] GC(24) ReferenceProcessor::execute queues: 1, RefProcThreadModel::Single, marks_oops_alive: false
[264.857s][debug][gc,phases      ] GC(24) Reference Processing 0.104ms
[264.857s][debug][gc,phases      ] GC(24)   VM Weak                        Min:  0.0, Avg:  0.0, Max:  0.0, Diff:  0.0, Sum:  0.0, Workers: 4
[264.857s][debug][gc,phases      ] GC(24)     Dead                           Min: 0, Avg:  0.0, Max: 0, Diff: 0, Sum: 0, Workers: 4
[264.857s][debug][gc,phases      ] GC(24)     Total                          Min: 0, Avg: 247.0, Max: 732, Diff: 732, Sum: 988, Workers: 4
[264.857s][debug][gc,phases      ] GC(24)   ObjectSynchronizer Weak        Min:  0.0, Avg:  0.0, Max:  0.0, Diff:  0.0, Sum:  0.0, Workers: 4
[264.857s][debug][gc,phases      ] GC(24)     Dead                           Min: 0, Avg:  0.0, Max: 0, Diff: 0, Sum: 0, Workers: 4
[264.857s][debug][gc,phases      ] GC(24)     Total                          Min: 0, Avg:  1.0, Max: 4, Diff: 4, Sum: 4, Workers: 4
[264.857s][debug][gc,phases      ] GC(24)   JVMTI Tag Weak OopStorage      Min:  0.0, Avg:  0.0, Max:  0.0, Diff:  0.0, Sum:  0.0, Workers: 4
[264.857s][debug][gc,phases      ] GC(24)     Dead                           Min: 0, Avg:  0.0, Max: 0, Diff: 0, Sum: 0, Workers: 4
[264.857s][debug][gc,phases      ] GC(24)     Total                          Min: 0, Avg:  0.0, Max: 0, Diff: 0, Sum: 0, Workers: 4
[264.857s][debug][gc,phases      ] GC(24)   StringTable Weak               Min:  0.1, Avg:  0.1, Max:  0.1, Diff:  0.1, Sum:  0.4, Workers: 4
[264.857s][debug][gc,phases      ] GC(24)     Dead                           Min: 0, Avg:  0.5, Max: 2, Diff: 2, Sum: 2, Workers: 4
[264.857s][debug][gc,phases      ] GC(24)     Total                          Min: 5375, Avg: 11435.5, Max: 14207, Diff: 8832, Sum: 45742, Workers: 4
[264.857s][debug][gc,phases      ] GC(24)   ResolvedMethodTable Weak       Min:  0.0, Avg:  0.0, Max:  0.0, Diff:  0.0, Sum:  0.2, Workers: 4
[264.857s][debug][gc,phases      ] GC(24)     Dead                           Min: 0, Avg:  6.5, Max: 18, Diff: 18, Sum: 26, Workers: 4
[264.857s][debug][gc,phases      ] GC(24)     Total                          Min: 3527, Avg: 3725.8, Max: 4028, Diff: 501, Sum: 14903, Workers: 4
[264.857s][debug][gc,phases      ] GC(24)   JNI Weak                       Min:  0.0, Avg:  0.0, Max:  0.0, Diff:  0.0, Sum:  0.0, Workers: 4
[264.857s][debug][gc,phases      ] GC(24)     Dead                           Min: 0, Avg:  0.0, Max: 0, Diff: 0, Sum: 0, Workers: 4
[264.857s][debug][gc,phases      ] GC(24)     Total                          Min: 0, Avg: 13.0, Max: 52, Diff: 52, Sum: 52, Workers: 4
[264.857s][debug][gc,phases      ] GC(24)   StringDedup Table Weak         Min:  0.0, Avg:  0.0, Max:  0.0, Diff:  0.0, Sum:  0.0, Workers: 4
[264.857s][debug][gc,phases      ] GC(24)     Dead                           Min: 0, Avg:  0.0, Max: 0, Diff: 0, Sum: 0, Workers: 4
[264.857s][debug][gc,phases      ] GC(24)     Total                          Min: 0, Avg:  0.0, Max: 0, Diff: 0, Sum: 0, Workers: 4
[264.857s][debug][gc,phases      ] GC(24)   StringDedup Requests0 Weak     Min:  0.0, Avg:  0.0, Max:  0.0, Diff:  0.0, Sum:  0.0, Workers: 4
[264.857s][debug][gc,phases      ] GC(24)     Dead                           Min: 0, Avg:  0.0, Max: 0, Diff: 0, Sum: 0, Workers: 4
[264.857s][debug][gc,phases      ] GC(24)     Total                          Min: 0, Avg:  0.0, Max: 0, Diff: 0, Sum: 0, Workers: 4
[264.857s][debug][gc,phases      ] GC(24)   StringDedup Requests1 Weak     Min:  0.0, Avg:  0.0, Max:  0.0, Diff:  0.0, Sum:  0.0, Workers: 4
[264.857s][debug][gc,phases      ] GC(24)     Dead                           Min: 0, Avg:  0.0, Max: 0, Diff: 0, Sum: 0, Workers: 4
[264.857s][debug][gc,phases      ] GC(24)     Total                          Min: 0, Avg:  0.0, Max: 0, Diff: 0, Sum: 0, Workers: 4
[264.857s][debug][gc,phases      ] GC(24)   Weak JFR Old Object Samples    Min:  0.0, Avg:  0.0, Max:  0.0, Diff:  0.0, Sum:  0.0, Workers: 4
[264.857s][debug][gc,phases      ] GC(24)     Dead                           Min: 0, Avg:  0.0, Max: 0, Diff: 0, Sum: 0, Workers: 4
[264.857s][debug][gc,phases      ] GC(24)     Total                          Min: 0, Avg:  0.0, Max: 0, Diff: 0, Sum: 0, Workers: 4
[264.857s][debug][gc,phases      ] GC(24) Weak Processing 0.371ms
[264.857s][debug][gc,age         ] GC(24) Desired survivor size 188219392 bytes, new threshold 1 (max threshold 15)
[264.857s][info ][gc,heap        ] GC(24) PSYoungGen: 1689993K(1886720K)->5376K(1913344K) Eden: 1684992K(1684992K)->0K(1720320K) From: 5001K(201728K)->5376K(193024K)
[264.857s][info ][gc,heap        ] GC(24) ParOldGen: 258544K(258560K)->259657K(260096K)
[264.857s][info ][gc,metaspace   ] GC(24) Metaspace: 104318K(105600K)->104318K(105600K) NonClass: 88460K(89152K)->88460K(89152K) Class: 15858K(16448K)->15858K(16448K)
[264.857s][info ][gc             ] GC(24) Pause Young (Allocation Failure) 1902M->258M(2122M) 5.871ms
[264.857s][info ][gc,cpu         ] GC(24) User=0.02s Sys=0.00s Real=0.01s
[264.857s][info ][safepoint      ] Safepoint "ParallelGCFailedAllocation", Time since last: 288200866 ns, Reaching safepoint: 79500 ns, Cleanup: 8600 ns, At safepoint: 5938522 ns, Total: 6026622 ns
[265.858s][info ][safepoint      ] Safepoint "Cleanup", Time since last: 1000095400 ns, Reaching safepoint: 88700 ns, Cleanup: 20000 ns, At safepoint: 7600 ns, Total: 116300 ns
[266.858s][info ][safepoint      ] Safepoint "Cleanup", Time since last: 1000115600 ns, Reaching safepoint: 79101 ns, Cleanup: 7700 ns, At safepoint: 7000 ns, Total: 93801 ns
[267.858s][info ][safepoint      ] Safepoint "Cleanup", Time since last: 1000110800 ns, Reaching safepoint: 80300 ns, Cleanup: 9100 ns, At safepoint: 5900 ns, Total: 95300 ns
[268.858s][info ][safepoint      ] Safepoint "Cleanup", Time since last: 1000122900 ns, Reaching safepoint: 80900 ns, Cleanup: 15101 ns, At safepoint: 6300 ns, Total: 102301 ns
[269.859s][info ][safepoint      ] Safepoint "Cleanup", Time since last: 1000123700 ns, Reaching safepoint: 80700 ns, Cleanup: 9500 ns, At safepoint: 6100 ns, Total: 96300 ns
[271.859s][info ][safepoint      ] Safepoint "Cleanup", Time since last: 2000174825 ns, Reaching safepoint: 76200 ns, Cleanup: 19500 ns, At safepoint: 6700 ns, Total: 102400 ns
[272.859s][info ][safepoint      ] Safepoint "Cleanup", Time since last: 1000110568 ns, Reaching safepoint: 79601 ns, Cleanup: 20400 ns, At safepoint: 6200 ns, Total: 106201 ns
[274.859s][info ][safepoint      ] Safepoint "Cleanup", Time since last: 2000202636 ns, Reaching safepoint: 79201 ns, Cleanup: 16800 ns, At safepoint: 6500 ns, Total: 102501 ns
[275.860s][info ][safepoint      ] Safepoint "Cleanup", Time since last: 1000113068 ns, Reaching safepoint: 74800 ns, Cleanup: 10800 ns, At safepoint: 5600 ns, Total: 91200 ns
[276.860s][info ][safepoint      ] Safepoint "Cleanup", Time since last: 1000100668 ns, Reaching safepoint: 76801 ns, Cleanup: 11700 ns, At safepoint: 8700 ns, Total: 97201 ns
[277.860s][info ][safepoint      ] Safepoint "Cleanup", Time since last: 1000107468 ns, Reaching safepoint: 78800 ns, Cleanup: 22500 ns, At safepoint: 8700 ns, Total: 110000 ns
[278.860s][info ][safepoint      ] Safepoint "Cleanup", Time since last: 1000117265 ns, Reaching safepoint: 78001 ns, Cleanup: 19900 ns, At safepoint: 6900 ns, Total: 104801 ns
[279.860s][info ][safepoint      ] Safepoint "Cleanup", Time since last: 1000109843 ns, Reaching safepoint: 4900 ns, Cleanup: 6400 ns, At safepoint: 2600 ns, Total: 13900 ns
[280.860s][info ][safepoint      ] Safepoint "Cleanup", Time since last: 1000100943 ns, Reaching safepoint: 74500 ns, Cleanup: 14100 ns, At safepoint: 5800 ns, Total: 94400 ns
[281.861s][info ][safepoint      ] Safepoint "Cleanup", Time since last: 1000121143 ns, Reaching safepoint: 81801 ns, Cleanup: 14300 ns, At safepoint: 5700 ns, Total: 101801 ns
[282.702s][info ][gc,start       ] GC(25) Pause Young (Allocation Failure)
[282.706s][debug][gc,phases      ] GC(25) Scavenge 4.773ms
[282.707s][debug][gc,ref         ] GC(25) ReferenceProcessor::execute queues: 1, RefProcThreadModel::Single, marks_oops_alive: false
[282.707s][debug][gc,ref         ] GC(25) Skipped KeepAliveFinalRefsPhase of Reference Processing: no references
[282.707s][debug][gc,ref         ] GC(25) ReferenceProcessor::execute queues: 1, RefProcThreadModel::Single, marks_oops_alive: false
[282.707s][debug][gc,phases      ] GC(25) Reference Processing 0.092ms
[282.707s][debug][gc,phases      ] GC(25)   VM Weak                        Min:  0.0, Avg:  0.0, Max:  0.0, Diff:  0.0, Sum:  0.0, Workers: 4
[282.707s][debug][gc,phases      ] GC(25)     Dead                           Min: 0, Avg:  0.0, Max: 0, Diff: 0, Sum: 0, Workers: 4
[282.707s][debug][gc,phases      ] GC(25)     Total                          Min: 0, Avg: 247.0, Max: 540, Diff: 540, Sum: 988, Workers: 4
[282.707s][debug][gc,phases      ] GC(25)   ObjectSynchronizer Weak        Min:  0.0, Avg:  0.0, Max:  0.0, Diff:  0.0, Sum:  0.0, Workers: 4
[282.707s][debug][gc,phases      ] GC(25)     Dead                           Min: 0, Avg:  0.0, Max: 0, Diff: 0, Sum: 0, Workers: 4
[282.707s][debug][gc,phases      ] GC(25)     Total                          Min: 0, Avg:  1.0, Max: 4, Diff: 4, Sum: 4, Workers: 4
[282.707s][debug][gc,phases      ] GC(25)   JVMTI Tag Weak OopStorage      Min:  0.0, Avg:  0.0, Max:  0.0, Diff:  0.0, Sum:  0.0, Workers: 4
[282.707s][debug][gc,phases      ] GC(25)     Dead                           Min: 0, Avg:  0.0, Max: 0, Diff: 0, Sum: 0, Workers: 4
[282.707s][debug][gc,phases      ] GC(25)     Total                          Min: 0, Avg:  0.0, Max: 0, Diff: 0, Sum: 0, Workers: 4
[282.707s][debug][gc,phases      ] GC(25)   StringTable Weak               Min:  0.0, Avg:  0.1, Max:  0.1, Diff:  0.1, Sum:  0.5, Workers: 4
[282.707s][debug][gc,phases      ] GC(25)     Dead                           Min: 0, Avg:  0.0, Max: 0, Diff: 0, Sum: 0, Workers: 4
[282.707s][debug][gc,phases      ] GC(25)     Total                          Min: 4544, Avg: 11435.5, Max: 15551, Diff: 11007, Sum: 45742, Workers: 4
[282.707s][debug][gc,phases      ] GC(25)   ResolvedMethodTable Weak       Min:  0.0, Avg:  0.0, Max:  0.0, Diff:  0.0, Sum:  0.2, Workers: 4
[282.707s][debug][gc,phases      ] GC(25)     Dead                           Min: 0, Avg:  4.0, Max: 16, Diff: 16, Sum: 16, Workers: 4
[282.707s][debug][gc,phases      ] GC(25)     Total                          Min: 3537, Avg: 3725.8, Max: 3837, Diff: 300, Sum: 14903, Workers: 4
[282.707s][debug][gc,phases      ] GC(25)   JNI Weak                       Min:  0.0, Avg:  0.0, Max:  0.0, Diff:  0.0, Sum:  0.0, Workers: 4
[282.707s][debug][gc,phases      ] GC(25)     Dead                           Min: 0, Avg:  0.0, Max: 0, Diff: 0, Sum: 0, Workers: 4
[282.707s][debug][gc,phases      ] GC(25)     Total                          Min: 0, Avg: 13.0, Max: 52, Diff: 52, Sum: 52, Workers: 4
[282.707s][debug][gc,phases      ] GC(25)   StringDedup Table Weak         Min:  0.0, Avg:  0.0, Max:  0.0, Diff:  0.0, Sum:  0.0, Workers: 4
[282.707s][debug][gc,phases      ] GC(25)     Dead                           Min: 0, Avg:  0.0, Max: 0, Diff: 0, Sum: 0, Workers: 4
[282.707s][debug][gc,phases      ] GC(25)     Total                          Min: 0, Avg:  0.0, Max: 0, Diff: 0, Sum: 0, Workers: 4
[282.707s][debug][gc,phases      ] GC(25)   StringDedup Requests0 Weak     Min:  0.0, Avg:  0.0, Max:  0.0, Diff:  0.0, Sum:  0.0, Workers: 4
[282.707s][debug][gc,phases      ] GC(25)     Dead                           Min: 0, Avg:  0.0, Max: 0, Diff: 0, Sum: 0, Workers: 4
[282.707s][debug][gc,phases      ] GC(25)     Total                          Min: 0, Avg:  0.0, Max: 0, Diff: 0, Sum: 0, Workers: 4
[282.707s][debug][gc,phases      ] GC(25)   StringDedup Requests1 Weak     Min:  0.0, Avg:  0.0, Max:  0.0, Diff:  0.0, Sum:  0.0, Workers: 4
[282.707s][debug][gc,phases      ] GC(25)     Dead                           Min: 0, Avg:  0.0, Max: 0, Diff: 0, Sum: 0, Workers: 4
[282.707s][debug][gc,phases      ] GC(25)     Total                          Min: 0, Avg:  0.0, Max: 0, Diff: 0, Sum: 0, Workers: 4
[282.707s][debug][gc,phases      ] GC(25)   Weak JFR Old Object Samples    Min:  0.0, Avg:  0.0, Max:  0.0, Diff:  0.0, Sum:  0.0, Workers: 4
[282.707s][debug][gc,phases      ] GC(25)     Dead                           Min: 0, Avg:  0.0, Max: 0, Diff: 0, Sum: 0, Workers: 4
[282.707s][debug][gc,phases      ] GC(25)     Total                          Min: 0, Avg:  0.0, Max: 0, Diff: 0, Sum: 0, Workers: 4
[282.707s][debug][gc,phases      ] GC(25) Weak Processing 0.386ms
[282.707s][debug][gc,age         ] GC(25) Desired survivor size 178782208 bytes, new threshold 1 (max threshold 15)
[282.707s][info ][gc,heap        ] GC(25) PSYoungGen: 1725696K(1913344K)->4976K(1904128K) Eden: 1720320K(1720320K)->0K(1720320K) From: 5376K(193024K)->4976K(183808K)
[282.707s][info ][gc,heap        ] GC(25) ParOldGen: 259657K(260096K)->261161K(261632K)
[282.707s][info ][gc,metaspace   ] GC(25) Metaspace: 104372K(105664K)->104372K(105664K) NonClass: 88514K(89216K)->88514K(89216K) Class: 15858K(16448K)->15858K(16448K)
[282.707s][info ][gc             ] GC(25) Pause Young (Allocation Failure) 1938M->259M(2115M) 5.356ms
[282.707s][info ][gc,cpu         ] GC(25) User=0.02s Sys=0.00s Real=0.01s
[282.707s][info ][safepoint      ] Safepoint "ParallelGCFailedAllocation", Time since last: 840835363 ns, Reaching safepoint: 78900 ns, Cleanup: 8700 ns, At safepoint: 5421320 ns, Total: 5508920 ns
[283.707s][info ][safepoint      ] Safepoint "Cleanup", Time since last: 1000091743 ns, Reaching safepoint: 78600 ns, Cleanup: 8600 ns, At safepoint: 6000 ns, Total: 93200 ns
[284.707s][info ][safepoint      ] Safepoint "Cleanup", Time since last: 1000108443 ns, Reaching safepoint: 78200 ns, Cleanup: 9000 ns, At safepoint: 6000 ns, Total: 93200 ns
[285.708s][info ][safepoint      ] Safepoint "Cleanup", Time since last: 1000097543 ns, Reaching safepoint: 78101 ns, Cleanup: 8500 ns, At safepoint: 5800 ns, Total: 92401 ns
[287.708s][info ][safepoint      ] Safepoint "Cleanup", Time since last: 2000182249 ns, Reaching safepoint: 80601 ns, Cleanup: 16500 ns, At safepoint: 12200 ns, Total: 109301 ns
[288.708s][info ][safepoint      ] Safepoint "Cleanup", Time since last: 1000136441 ns, Reaching safepoint: 75300 ns, Cleanup: 14900 ns, At safepoint: 5101 ns, Total: 95301 ns
[289.708s][info ][safepoint      ] Safepoint "Cleanup", Time since last: 1000113503 ns, Reaching safepoint: 78600 ns, Cleanup: 11700 ns, At safepoint: 6700 ns, Total: 97000 ns
[291.709s][info ][safepoint      ] Safepoint "Cleanup", Time since last: 2000186207 ns, Reaching safepoint: 77901 ns, Cleanup: 10100 ns, At safepoint: 8900 ns, Total: 96901 ns
[292.709s][info ][safepoint      ] Safepoint "Cleanup", Time since last: 1000101703 ns, Reaching safepoint: 74000 ns, Cleanup: 5701 ns, At safepoint: 4600 ns, Total: 84301 ns
[293.709s][info ][safepoint      ] Safepoint "Cleanup", Time since last: 1000113803 ns, Reaching safepoint: 78800 ns, Cleanup: 32600 ns, At safepoint: 8301 ns, Total: 119701 ns
[295.709s][info ][safepoint      ] Safepoint "Cleanup", Time since last: 2000179873 ns, Reaching safepoint: 77700 ns, Cleanup: 11400 ns, At safepoint: 5900 ns, Total: 95000 ns
[296.710s][info ][safepoint      ] Safepoint "Cleanup", Time since last: 1000106844 ns, Reaching safepoint: 78201 ns, Cleanup: 8500 ns, At safepoint: 9500 ns, Total: 96201 ns
[298.710s][info ][safepoint      ] Safepoint "Cleanup", Time since last: 2000180387 ns, Reaching safepoint: 78001 ns, Cleanup: 6800 ns, At safepoint: 6500 ns, Total: 91301 ns
[299.710s][info ][safepoint      ] Safepoint "Cleanup", Time since last: 1000117743 ns, Reaching safepoint: 80301 ns, Cleanup: 8500 ns, At safepoint: 6500 ns, Total: 95301 ns
[300.404s][info ][gc,start       ] GC(26) Pause Young (Allocation Failure)
[300.408s][debug][gc,phases      ] GC(26) Scavenge 4.682ms
[300.408s][debug][gc,ref         ] GC(26) ReferenceProcessor::execute queues: 1, RefProcThreadModel::Single, marks_oops_alive: false
[300.409s][debug][gc,ref         ] GC(26) Skipped KeepAliveFinalRefsPhase of Reference Processing: no references
[300.409s][debug][gc,ref         ] GC(26) ReferenceProcessor::execute queues: 1, RefProcThreadModel::Single, marks_oops_alive: false
[300.409s][debug][gc,phases      ] GC(26) Reference Processing 0.097ms
[300.409s][debug][gc,phases      ] GC(26)   VM Weak                        Min:  0.0, Avg:  0.0, Max:  0.0, Diff:  0.0, Sum:  0.0, Workers: 4
[300.409s][debug][gc,phases      ] GC(26)     Dead                           Min: 0, Avg:  0.0, Max: 0, Diff: 0, Sum: 0, Workers: 4
[300.409s][debug][gc,phases      ] GC(26)     Total                          Min: 0, Avg: 247.0, Max: 704, Diff: 704, Sum: 988, Workers: 4
[300.409s][debug][gc,phases      ] GC(26)   ObjectSynchronizer Weak        Min:  0.0, Avg:  0.0, Max:  0.0, Diff:  0.0, Sum:  0.0, Workers: 4
[300.409s][debug][gc,phases      ] GC(26)     Dead                           Min: 0, Avg:  0.0, Max: 0, Diff: 0, Sum: 0, Workers: 4
[300.409s][debug][gc,phases      ] GC(26)     Total                          Min: 0, Avg:  0.8, Max: 3, Diff: 3, Sum: 3, Workers: 4
[300.409s][debug][gc,phases      ] GC(26)   JVMTI Tag Weak OopStorage      Min:  0.0, Avg:  0.0, Max:  0.0, Diff:  0.0, Sum:  0.0, Workers: 4
[300.409s][debug][gc,phases      ] GC(26)     Dead                           Min: 0, Avg:  0.0, Max: 0, Diff: 0, Sum: 0, Workers: 4
[300.409s][debug][gc,phases      ] GC(26)     Total                          Min: 0, Avg:  0.0, Max: 0, Diff: 0, Sum: 0, Workers: 4
[300.409s][debug][gc,phases      ] GC(26)   StringTable Weak               Min:  0.0, Avg:  0.1, Max:  0.1, Diff:  0.1, Sum:  0.4, Workers: 4
[300.409s][debug][gc,phases      ] GC(26)     Dead                           Min: 0, Avg:  0.0, Max: 0, Diff: 0, Sum: 0, Workers: 4
[300.409s][debug][gc,phases      ] GC(26)     Total                          Min: 0, Avg: 11437.0, Max: 19967, Diff: 19967, Sum: 45748, Workers: 4
[300.409s][debug][gc,phases      ] GC(26)   ResolvedMethodTable Weak       Min:  0.0, Avg:  0.0, Max:  0.0, Diff:  0.0, Sum:  0.1, Workers: 4
[300.409s][debug][gc,phases      ] GC(26)     Dead                           Min: 0, Avg:  0.0, Max: 0, Diff: 0, Sum: 0, Workers: 4
[300.409s][debug][gc,phases      ] GC(26)     Total                          Min: 0, Avg: 3726.2, Max: 6249, Diff: 6249, Sum: 14905, Workers: 4
[300.409s][debug][gc,phases      ] GC(26)   JNI Weak                       Min:  0.0, Avg:  0.0, Max:  0.0, Diff:  0.0, Sum:  0.0, Workers: 4
[300.409s][debug][gc,phases      ] GC(26)     Dead                           Min: 0, Avg:  0.0, Max: 0, Diff: 0, Sum: 0, Workers: 4
[300.409s][debug][gc,phases      ] GC(26)     Total                          Min: 0, Avg: 13.0, Max: 52, Diff: 52, Sum: 52, Workers: 4
[300.409s][debug][gc,phases      ] GC(26)   StringDedup Table Weak         Min:  0.0, Avg:  0.0, Max:  0.0, Diff:  0.0, Sum:  0.0, Workers: 4
[300.409s][debug][gc,phases      ] GC(26)     Dead                           Min: 0, Avg:  0.0, Max: 0, Diff: 0, Sum: 0, Workers: 4
[300.409s][debug][gc,phases      ] GC(26)     Total                          Min: 0, Avg:  0.0, Max: 0, Diff: 0, Sum: 0, Workers: 4
[300.409s][debug][gc,phases      ] GC(26)   StringDedup Requests0 Weak     Min:  0.0, Avg:  0.0, Max:  0.0, Diff:  0.0, Sum:  0.0, Workers: 4
[300.409s][debug][gc,phases      ] GC(26)     Dead                           Min: 0, Avg:  0.0, Max: 0, Diff: 0, Sum: 0, Workers: 4
[300.409s][debug][gc,phases      ] GC(26)     Total                          Min: 0, Avg:  0.0, Max: 0, Diff: 0, Sum: 0, Workers: 4
[300.409s][debug][gc,phases      ] GC(26)   StringDedup Requests1 Weak     Min:  0.0, Avg:  0.0, Max:  0.0, Diff:  0.0, Sum:  0.0, Workers: 4
[300.409s][debug][gc,phases      ] GC(26)     Dead                           Min: 0, Avg:  0.0, Max: 0, Diff: 0, Sum: 0, Workers: 4
[300.409s][debug][gc,phases      ] GC(26)     Total                          Min: 0, Avg:  0.0, Max: 0, Diff: 0, Sum: 0, Workers: 4
[300.409s][debug][gc,phases      ] GC(26)   Weak JFR Old Object Samples    Min:  0.0, Avg:  0.0, Max:  0.0, Diff:  0.0, Sum:  0.0, Workers: 4
[300.409s][debug][gc,phases      ] GC(26)     Dead                           Min: 0, Avg:  0.0, Max: 0, Diff: 0, Sum: 0, Workers: 4
[300.409s][debug][gc,phases      ] GC(26)     Total                          Min: 0, Avg:  0.0, Max: 0, Diff: 0, Sum: 0, Workers: 4
[300.409s][debug][gc,phases      ] GC(26) Weak Processing 0.377ms
[300.409s][debug][gc,age         ] GC(26) Desired survivor size 169345024 bytes, new threshold 1 (max threshold 15)
[300.409s][info ][gc,heap        ] GC(26) PSYoungGen: 1725296K(1904128K)->5168K(1931776K) Eden: 1720320K(1720320K)->0K(1757184K) From: 4976K(183808K)->5168K(174592K)
[300.409s][info ][gc,heap        ] GC(26) ParOldGen: 261161K(261632K)->262098K(262144K)
[300.409s][info ][gc,metaspace   ] GC(26) Metaspace: 104407K(105792K)->104407K(105792K) NonClass: 88547K(89344K)->88547K(89344K) Class: 15860K(16448K)->15860K(16448K)
[300.409s][info ][gc             ] GC(26) Pause Young (Allocation Failure) 1939M->261M(2142M) 5.265ms
[300.409s][info ][gc,cpu         ] GC(26) User=0.02s Sys=0.00s Real=0.00s
[300.409s][info ][safepoint      ] Safepoint "ParallelGCFailedAllocation", Time since last: 693599896 ns, Reaching safepoint: 5800 ns, Cleanup: 3300 ns, At safepoint: 5326520 ns, Total: 5335620 ns
[301.409s][info ][safepoint      ] Safepoint "Cleanup", Time since last: 1000085444 ns, Reaching safepoint: 73200 ns, Cleanup: 37800 ns, At safepoint: 5200 ns, Total: 116200 ns
[302.409s][info ][safepoint      ] Safepoint "Cleanup", Time since last: 1000100438 ns, Reaching safepoint: 77900 ns, Cleanup: 23200 ns, At safepoint: 6500 ns, Total: 107600 ns
[303.410s][info ][safepoint      ] Safepoint "Cleanup", Time since last: 1000133826 ns, Reaching safepoint: 81800 ns, Cleanup: 10300 ns, At safepoint: 7000 ns, Total: 99100 ns
[304.410s][info ][safepoint      ] Safepoint "Cleanup", Time since last: 1000111325 ns, Reaching safepoint: 78301 ns, Cleanup: 7900 ns, At safepoint: 5900 ns, Total: 92101 ns
[306.410s][info ][safepoint      ] Safepoint "Cleanup", Time since last: 2000176550 ns, Reaching safepoint: 74101 ns, Cleanup: 9200 ns, At safepoint: 5400 ns, Total: 88701 ns
[307.410s][info ][safepoint      ] Safepoint "Cleanup", Time since last: 1000122825 ns, Reaching safepoint: 82101 ns, Cleanup: 13400 ns, At safepoint: 6600 ns, Total: 102101 ns
[308.411s][info ][safepoint      ] Safepoint "Cleanup", Time since last: 1000138325 ns, Reaching safepoint: 78800 ns, Cleanup: 7101 ns, At safepoint: 6300 ns, Total: 92201 ns
[309.411s][info ][safepoint      ] Safepoint "Cleanup", Time since last: 1000122325 ns, Reaching safepoint: 80400 ns, Cleanup: 25700 ns, At safepoint: 6200 ns, Total: 112300 ns
[311.411s][info ][safepoint      ] Safepoint "Cleanup", Time since last: 2000176250 ns, Reaching safepoint: 5100 ns, Cleanup: 13900 ns, At safepoint: 1600 ns, Total: 20600 ns
[311.765s][info ][safepoint      ] Safepoint "ICBufferFull", Time since last: 353908565 ns, Reaching safepoint: 5100 ns, Cleanup: 127201 ns, At safepoint: 6800 ns, Total: 139101 ns
[312.779s][info ][safepoint      ] Safepoint "Cleanup", Time since last: 1013754124 ns, Reaching safepoint: 5800 ns, Cleanup: 80200 ns, At safepoint: 2200 ns, Total: 88200 ns
[314.779s][info ][safepoint      ] Safepoint "Cleanup", Time since last: 2000173051 ns, Reaching safepoint: 5000 ns, Cleanup: 16100 ns, At safepoint: 1700 ns, Total: 22800 ns
[315.779s][info ][safepoint      ] Safepoint "Cleanup", Time since last: 1000097075 ns, Reaching safepoint: 5500 ns, Cleanup: 17600 ns, At safepoint: 2200 ns, Total: 25300 ns
[316.779s][info ][safepoint      ] Safepoint "Cleanup", Time since last: 1000099375 ns, Reaching safepoint: 5000 ns, Cleanup: 11200 ns, At safepoint: 1500 ns, Total: 17700 ns
[317.779s][info ][safepoint      ] Safepoint "Cleanup", Time since last: 1000109740 ns, Reaching safepoint: 5400 ns, Cleanup: 8500 ns, At safepoint: 1500 ns, Total: 15400 ns
[318.780s][info ][safepoint      ] Safepoint "Cleanup", Time since last: 1000103680 ns, Reaching safepoint: 6300 ns, Cleanup: 9300 ns, At safepoint: 2000 ns, Total: 17600 ns
[320.256s][info ][gc,start       ] GC(27) Pause Young (Allocation Failure)
[320.262s][debug][gc,phases      ] GC(27) Scavenge 5.761ms
[320.262s][debug][gc,ref         ] GC(27) ReferenceProcessor::execute queues: 1, RefProcThreadModel::Single, marks_oops_alive: false
[320.262s][debug][gc,ref         ] GC(27) Skipped KeepAliveFinalRefsPhase of Reference Processing: no references
[320.262s][debug][gc,ref         ] GC(27) ReferenceProcessor::execute queues: 1, RefProcThreadModel::Single, marks_oops_alive: false
[320.262s][debug][gc,phases      ] GC(27) Reference Processing 0.102ms
[320.263s][debug][gc,phases      ] GC(27)   VM Weak                        Min:  0.0, Avg:  0.0, Max:  0.0, Diff:  0.0, Sum:  0.0, Workers: 4
[320.263s][debug][gc,phases      ] GC(27)     Dead                           Min: 0, Avg:  0.0, Max: 0, Diff: 0, Sum: 0, Workers: 4
[320.263s][debug][gc,phases      ] GC(27)     Total                          Min: 0, Avg: 248.2, Max: 993, Diff: 993, Sum: 993, Workers: 4
[320.263s][debug][gc,phases      ] GC(27)   ObjectSynchronizer Weak        Min:  0.0, Avg:  0.0, Max:  0.0, Diff:  0.0, Sum:  0.0, Workers: 4
[320.263s][debug][gc,phases      ] GC(27)     Dead                           Min: 0, Avg:  0.0, Max: 0, Diff: 0, Sum: 0, Workers: 4
[320.263s][debug][gc,phases      ] GC(27)     Total                          Min: 0, Avg:  1.0, Max: 4, Diff: 4, Sum: 4, Workers: 4
[320.263s][debug][gc,phases      ] GC(27)   JVMTI Tag Weak OopStorage      Min:  0.0, Avg:  0.0, Max:  0.0, Diff:  0.0, Sum:  0.0, Workers: 4
[320.263s][debug][gc,phases      ] GC(27)     Dead                           Min: 0, Avg:  0.0, Max: 0, Diff: 0, Sum: 0, Workers: 4
[320.263s][debug][gc,phases      ] GC(27)     Total                          Min: 0, Avg:  0.0, Max: 0, Diff: 0, Sum: 0, Workers: 4
[320.263s][debug][gc,phases      ] GC(27)   StringTable Weak               Min:  0.0, Avg:  0.1, Max:  0.1, Diff:  0.1, Sum:  0.4, Workers: 4
[320.263s][debug][gc,phases      ] GC(27)     Dead                           Min: 0, Avg:  0.5, Max: 2, Diff: 2, Sum: 2, Workers: 4
[320.263s][debug][gc,phases      ] GC(27)     Total                          Min: 0, Avg: 11484.2, Max: 19392, Diff: 19392, Sum: 45937, Workers: 4
[320.263s][debug][gc,phases      ] GC(27)   ResolvedMethodTable Weak       Min:  0.0, Avg:  0.0, Max:  0.0, Diff:  0.0, Sum:  0.1, Workers: 4
[320.263s][debug][gc,phases      ] GC(27)     Dead                           Min: 0, Avg: 10.8, Max: 37, Diff: 37, Sum: 43, Workers: 4
[320.263s][debug][gc,phases      ] GC(27)     Total                          Min: 0, Avg: 3755.8, Max: 6142, Diff: 6142, Sum: 15023, Workers: 4
[320.263s][debug][gc,phases      ] GC(27)   JNI Weak                       Min:  0.0, Avg:  0.0, Max:  0.0, Diff:  0.0, Sum:  0.0, Workers: 4
[320.263s][debug][gc,phases      ] GC(27)     Dead                           Min: 0, Avg:  0.0, Max: 0, Diff: 0, Sum: 0, Workers: 4
[320.263s][debug][gc,phases      ] GC(27)     Total                          Min: 0, Avg: 13.0, Max: 52, Diff: 52, Sum: 52, Workers: 4
[320.263s][debug][gc,phases      ] GC(27)   StringDedup Table Weak         Min:  0.0, Avg:  0.0, Max:  0.0, Diff:  0.0, Sum:  0.0, Workers: 4
[320.263s][debug][gc,phases      ] GC(27)     Dead                           Min: 0, Avg:  0.0, Max: 0, Diff: 0, Sum: 0, Workers: 4
[320.263s][debug][gc,phases      ] GC(27)     Total                          Min: 0, Avg:  0.0, Max: 0, Diff: 0, Sum: 0, Workers: 4
[320.263s][debug][gc,phases      ] GC(27)   StringDedup Requests0 Weak     Min:  0.0, Avg:  0.0, Max:  0.0, Diff:  0.0, Sum:  0.0, Workers: 4
[320.263s][debug][gc,phases      ] GC(27)     Dead                           Min: 0, Avg:  0.0, Max: 0, Diff: 0, Sum: 0, Workers: 4
[320.263s][debug][gc,phases      ] GC(27)     Total                          Min: 0, Avg:  0.0, Max: 0, Diff: 0, Sum: 0, Workers: 4
[320.263s][debug][gc,phases      ] GC(27)   StringDedup Requests1 Weak     Min:  0.0, Avg:  0.0, Max:  0.0, Diff:  0.0, Sum:  0.0, Workers: 4
[320.263s][debug][gc,phases      ] GC(27)     Dead                           Min: 0, Avg:  0.0, Max: 0, Diff: 0, Sum: 0, Workers: 4
[320.263s][debug][gc,phases      ] GC(27)     Total                          Min: 0, Avg:  0.0, Max: 0, Diff: 0, Sum: 0, Workers: 4
[320.263s][debug][gc,phases      ] GC(27)   Weak JFR Old Object Samples    Min:  0.0, Avg:  0.0, Max:  0.0, Diff:  0.0, Sum:  0.0, Workers: 4
[320.263s][debug][gc,phases      ] GC(27)     Dead                           Min: 0, Avg:  0.0, Max: 0, Diff: 0, Sum: 0, Workers: 4
[320.263s][debug][gc,phases      ] GC(27)     Total                          Min: 0, Avg:  0.0, Max: 0, Diff: 0, Sum: 0, Workers: 4
[320.263s][debug][gc,phases      ] GC(27) Weak Processing 0.395ms
[320.263s][debug][gc,age         ] GC(27) Desired survivor size 160432128 bytes, new threshold 1 (max threshold 15)
[320.263s][info ][gc,heap        ] GC(27) PSYoungGen: 1762352K(1931776K)->5088K(1922560K) Eden: 1757184K(1757184K)->0K(1757184K) From: 5168K(174592K)->5088K(165376K)
[320.263s][info ][gc,heap        ] GC(27) ParOldGen: 262098K(262144K)->263246K(263680K)
[320.263s][info ][gc,metaspace   ] GC(27) Metaspace: 104980K(106304K)->104980K(106304K) NonClass: 89052K(89792K)->89052K(89792K) Class: 15928K(16512K)->15928K(16512K)
[320.263s][info ][gc             ] GC(27) Pause Young (Allocation Failure) 1977M->262M(2135M) 6.377ms
[320.263s][info ][gc,cpu         ] GC(27) User=0.01s Sys=0.02s Real=0.01s
[320.263s][info ][safepoint      ] Safepoint "ParallelGCFailedAllocation", Time since last: 1476832227 ns, Reaching safepoint: 6100 ns, Cleanup: 3800 ns, At safepoint: 6442925 ns, Total: 6452825 ns
[321.263s][info ][safepoint      ] Safepoint "Cleanup", Time since last: 1000082711 ns, Reaching safepoint: 4700 ns, Cleanup: 12400 ns, At safepoint: 1700 ns, Total: 18800 ns
[322.263s][info ][safepoint      ] Safepoint "Cleanup", Time since last: 1000109611 ns, Reaching safepoint: 79900 ns, Cleanup: 12000 ns, At safepoint: 6900 ns, Total: 98800 ns
[323.263s][info ][safepoint      ] Safepoint "Cleanup", Time since last: 1000107511 ns, Reaching safepoint: 5200 ns, Cleanup: 8800 ns, At safepoint: 5300 ns, Total: 19300 ns
[324.263s][info ][safepoint      ] Safepoint "Cleanup", Time since last: 1000106711 ns, Reaching safepoint: 5800 ns, Cleanup: 7500 ns, At safepoint: 1800 ns, Total: 15100 ns
[325.264s][info ][safepoint      ] Safepoint "Cleanup", Time since last: 1000117011 ns, Reaching safepoint: 5700 ns, Cleanup: 10900 ns, At safepoint: 2100 ns, Total: 18700 ns
[326.264s][info ][safepoint      ] Safepoint "Cleanup", Time since last: 1000103765 ns, Reaching safepoint: 5300 ns, Cleanup: 16200 ns, At safepoint: 1600 ns, Total: 23100 ns
[327.264s][info ][safepoint      ] Safepoint "Cleanup", Time since last: 1000126848 ns, Reaching safepoint: 32600 ns, Cleanup: 7600 ns, At safepoint: 2700 ns, Total: 42900 ns
[328.264s][info ][safepoint      ] Safepoint "Cleanup", Time since last: 1000108248 ns, Reaching safepoint: 5600 ns, Cleanup: 10300 ns, At safepoint: 1600 ns, Total: 17500 ns
[329.264s][info ][safepoint      ] Safepoint "Cleanup", Time since last: 1000102247 ns, Reaching safepoint: 4900 ns, Cleanup: 7000 ns, At safepoint: 1600 ns, Total: 13500 ns
[330.264s][info ][safepoint      ] Safepoint "Cleanup", Time since last: 1000101848 ns, Reaching safepoint: 5100 ns, Cleanup: 7700 ns, At safepoint: 2300 ns, Total: 15100 ns
[332.264s][info ][safepoint      ] Safepoint "Cleanup", Time since last: 2000167095 ns, Reaching safepoint: 4700 ns, Cleanup: 18400 ns, At safepoint: 2400 ns, Total: 25500 ns
[333.264s][info ][safepoint      ] Safepoint "Cleanup", Time since last: 1000110248 ns, Reaching safepoint: 5700 ns, Cleanup: 8600 ns, At safepoint: 1700 ns, Total: 16000 ns
[334.265s][info ][safepoint      ] Safepoint "Cleanup", Time since last: 1000105740 ns, Reaching safepoint: 5701 ns, Cleanup: 35500 ns, At safepoint: 1900 ns, Total: 43101 ns
[335.265s][info ][safepoint      ] Safepoint "Cleanup", Time since last: 1000118498 ns, Reaching safepoint: 5600 ns, Cleanup: 16000 ns, At safepoint: 2400 ns, Total: 24000 ns
[336.265s][info ][safepoint      ] Safepoint "Cleanup", Time since last: 1000107998 ns, Reaching safepoint: 5600 ns, Cleanup: 7500 ns, At safepoint: 1700 ns, Total: 14800 ns
[337.265s][info ][safepoint      ] Safepoint "Cleanup", Time since last: 1000101298 ns, Reaching safepoint: 5400 ns, Cleanup: 8400 ns, At safepoint: 1500 ns, Total: 15300 ns
[338.265s][info ][safepoint      ] Safepoint "Cleanup", Time since last: 1000103898 ns, Reaching safepoint: 79700 ns, Cleanup: 49500 ns, At safepoint: 7800 ns, Total: 137000 ns
[339.265s][info ][safepoint      ] Safepoint "Cleanup", Time since last: 1000118199 ns, Reaching safepoint: 5400 ns, Cleanup: 47200 ns, At safepoint: 2700 ns, Total: 55300 ns
[340.266s][info ][safepoint      ] Safepoint "Cleanup", Time since last: 1000117898 ns, Reaching safepoint: 78200 ns, Cleanup: 18100 ns, At safepoint: 6600 ns, Total: 102900 ns
[340.919s][info ][gc,start       ] GC(28) Pause Young (Allocation Failure)
[340.925s][debug][gc,phases      ] GC(28) Scavenge 5.237ms
[340.925s][debug][gc,ref         ] GC(28) ReferenceProcessor::execute queues: 1, RefProcThreadModel::Single, marks_oops_alive: false
[340.925s][debug][gc,ref         ] GC(28) Skipped KeepAliveFinalRefsPhase of Reference Processing: no references
[340.925s][debug][gc,ref         ] GC(28) ReferenceProcessor::execute queues: 1, RefProcThreadModel::Single, marks_oops_alive: false
[340.925s][debug][gc,phases      ] GC(28) Reference Processing 0.131ms
[340.925s][debug][gc,phases      ] GC(28)   VM Weak                        Min:  0.0, Avg:  0.0, Max:  0.0, Diff:  0.0, Sum:  0.0, Workers: 4
[340.925s][debug][gc,phases      ] GC(28)     Dead                           Min: 0, Avg:  0.0, Max: 0, Diff: 0, Sum: 0, Workers: 4
[340.925s][debug][gc,phases      ] GC(28)     Total                          Min: 0, Avg: 251.5, Max: 1006, Diff: 1006, Sum: 1006, Workers: 4
[340.925s][debug][gc,phases      ] GC(28)   ObjectSynchronizer Weak        Min:  0.0, Avg:  0.0, Max:  0.0, Diff:  0.0, Sum:  0.0, Workers: 4
[340.925s][debug][gc,phases      ] GC(28)     Dead                           Min: 0, Avg:  0.0, Max: 0, Diff: 0, Sum: 0, Workers: 4
[340.925s][debug][gc,phases      ] GC(28)     Total                          Min: 0, Avg:  1.0, Max: 4, Diff: 4, Sum: 4, Workers: 4
[340.925s][debug][gc,phases      ] GC(28)   JVMTI Tag Weak OopStorage      Min:  0.0, Avg:  0.0, Max:  0.0, Diff:  0.0, Sum:  0.0, Workers: 4
[340.925s][debug][gc,phases      ] GC(28)     Dead                           Min: 0, Avg:  0.0, Max: 0, Diff: 0, Sum: 0, Workers: 4
[340.925s][debug][gc,phases      ] GC(28)     Total                          Min: 0, Avg:  0.0, Max: 0, Diff: 0, Sum: 0, Workers: 4
[340.925s][debug][gc,phases      ] GC(28)   StringTable Weak               Min:  0.0, Avg:  0.1, Max:  0.3, Diff:  0.3, Sum:  0.6, Workers: 4
[340.925s][debug][gc,phases      ] GC(28)     Dead                           Min: 0, Avg:  0.2, Max: 1, Diff: 1, Sum: 1, Workers: 4
[340.925s][debug][gc,phases      ] GC(28)     Total                          Min: 0, Avg: 11487.8, Max: 23551, Diff: 23551, Sum: 45951, Workers: 4
[340.925s][debug][gc,phases      ] GC(28)   ResolvedMethodTable Weak       Min:  0.0, Avg:  0.0, Max:  0.1, Diff:  0.1, Sum:  0.2, Workers: 4
[340.925s][debug][gc,phases      ] GC(28)     Dead                           Min: 0, Avg:  4.5, Max: 16, Diff: 16, Sum: 18, Workers: 4
[340.925s][debug][gc,phases      ] GC(28)     Total                          Min: 0, Avg: 3767.8, Max: 8959, Diff: 8959, Sum: 15071, Workers: 4
[340.925s][debug][gc,phases      ] GC(28)   JNI Weak                       Min:  0.0, Avg:  0.0, Max:  0.0, Diff:  0.0, Sum:  0.0, Workers: 4
[340.925s][debug][gc,phases      ] GC(28)     Dead                           Min: 0, Avg:  0.0, Max: 0, Diff: 0, Sum: 0, Workers: 4
[340.925s][debug][gc,phases      ] GC(28)     Total                          Min: 0, Avg: 13.0, Max: 52, Diff: 52, Sum: 52, Workers: 4
[340.925s][debug][gc,phases      ] GC(28)   StringDedup Table Weak         Min:  0.0, Avg:  0.0, Max:  0.0, Diff:  0.0, Sum:  0.0, Workers: 4
[340.925s][debug][gc,phases      ] GC(28)     Dead                           Min: 0, Avg:  0.0, Max: 0, Diff: 0, Sum: 0, Workers: 4
[340.925s][debug][gc,phases      ] GC(28)     Total                          Min: 0, Avg:  0.0, Max: 0, Diff: 0, Sum: 0, Workers: 4
[340.925s][debug][gc,phases      ] GC(28)   StringDedup Requests0 Weak     Min:  0.0, Avg:  0.0, Max:  0.0, Diff:  0.0, Sum:  0.0, Workers: 4
[340.925s][debug][gc,phases      ] GC(28)     Dead                           Min: 0, Avg:  0.0, Max: 0, Diff: 0, Sum: 0, Workers: 4
[340.925s][debug][gc,phases      ] GC(28)     Total                          Min: 0, Avg:  0.0, Max: 0, Diff: 0, Sum: 0, Workers: 4
[340.925s][debug][gc,phases      ] GC(28)   StringDedup Requests1 Weak     Min:  0.0, Avg:  0.0, Max:  0.0, Diff:  0.0, Sum:  0.0, Workers: 4
[340.925s][debug][gc,phases      ] GC(28)     Dead                           Min: 0, Avg:  0.0, Max: 0, Diff: 0, Sum: 0, Workers: 4
[340.925s][debug][gc,phases      ] GC(28)     Total                          Min: 0, Avg:  0.0, Max: 0, Diff: 0, Sum: 0, Workers: 4
[340.925s][debug][gc,phases      ] GC(28)   Weak JFR Old Object Samples    Min:  0.0, Avg:  0.0, Max:  0.0, Diff:  0.0, Sum:  0.0, Workers: 4
[340.925s][debug][gc,phases      ] GC(28)     Dead                           Min: 0, Avg:  0.0, Max: 0, Diff: 0, Sum: 0, Workers: 4
[340.925s][debug][gc,phases      ] GC(28)     Total                          Min: 0, Avg:  0.0, Max: 0, Diff: 0, Sum: 0, Workers: 4
[340.925s][debug][gc,phases      ] GC(28) Weak Processing 0.631ms
[340.925s][debug][gc,age         ] GC(28) Desired survivor size 151519232 bytes, new threshold 1 (max threshold 15)
[340.925s][info ][gc,heap        ] GC(28) PSYoungGen: 1762272K(1922560K)->5390K(1949184K) Eden: 1757184K(1757184K)->0K(1792512K) From: 5088K(165376K)->5390K(156672K)
[340.925s][info ][gc,heap        ] GC(28) ParOldGen: 263246K(263680K)->264202K(264704K)
[340.925s][info ][gc,metaspace   ] GC(28) Metaspace: 105106K(106496K)->105106K(106496K) NonClass: 89164K(89920K)->89164K(89920K) Class: 15942K(16576K)->15942K(16576K)
[340.925s][info ][gc             ] GC(28) Pause Young (Allocation Failure) 1978M->263M(2162M) 6.119ms
[340.925s][info ][gc,cpu         ] GC(28) User=0.02s Sys=0.00s Real=0.01s
[340.925s][info ][safepoint      ] Safepoint "ParallelGCFailedAllocation", Time since last: 653535155 ns, Reaching safepoint: 6100 ns, Cleanup: 17600 ns, At safepoint: 6187323 ns, Total: 6211023 ns
[341.926s][info ][safepoint      ] Safepoint "Cleanup", Time since last: 1000089580 ns, Reaching safepoint: 5200 ns, Cleanup: 11800 ns, At safepoint: 1800 ns, Total: 18800 ns
[342.926s][info ][safepoint      ] Safepoint "Cleanup", Time since last: 1000096910 ns, Reaching safepoint: 5000 ns, Cleanup: 6400 ns, At safepoint: 1700 ns, Total: 13100 ns
[343.926s][info ][safepoint      ] Safepoint "Cleanup", Time since last: 1000093761 ns, Reaching safepoint: 4600 ns, Cleanup: 14300 ns, At safepoint: 1600 ns, Total: 20500 ns
[344.926s][info ][safepoint      ] Safepoint "Cleanup", Time since last: 1000097861 ns, Reaching safepoint: 4700 ns, Cleanup: 7500 ns, At safepoint: 15400 ns, Total: 27600 ns
[345.926s][info ][safepoint      ] Safepoint "Cleanup", Time since last: 1000094261 ns, Reaching safepoint: 4800 ns, Cleanup: 11200 ns, At safepoint: 1800 ns, Total: 17800 ns
[346.926s][info ][safepoint      ] Safepoint "Cleanup", Time since last: 1000113861 ns, Reaching safepoint: 5000 ns, Cleanup: 8900 ns, At safepoint: 1500 ns, Total: 15400 ns
[347.926s][info ][safepoint      ] Safepoint "Cleanup", Time since last: 1000094961 ns, Reaching safepoint: 5300 ns, Cleanup: 6700 ns, At safepoint: 1700 ns, Total: 13700 ns
[348.926s][info ][safepoint      ] Safepoint "Cleanup", Time since last: 1000094161 ns, Reaching safepoint: 5200 ns, Cleanup: 7400 ns, At safepoint: 1600 ns, Total: 14200 ns
[349.926s][info ][safepoint      ] Safepoint "Cleanup", Time since last: 1000095262 ns, Reaching safepoint: 5000 ns, Cleanup: 20600 ns, At safepoint: 1700 ns, Total: 27300 ns
[350.927s][info ][safepoint      ] Safepoint "Cleanup", Time since last: 1000100081 ns, Reaching safepoint: 5100 ns, Cleanup: 7600 ns, At safepoint: 1600 ns, Total: 14300 ns
[351.927s][info ][safepoint      ] Safepoint "Cleanup", Time since last: 1000092571 ns, Reaching safepoint: 5100 ns, Cleanup: 6400 ns, At safepoint: 1700 ns, Total: 13200 ns
[352.927s][info ][safepoint      ] Safepoint "Cleanup", Time since last: 1000105771 ns, Reaching safepoint: 5300 ns, Cleanup: 18601 ns, At safepoint: 1800 ns, Total: 25701 ns
[353.927s][info ][safepoint      ] Safepoint "Cleanup", Time since last: 1000100971 ns, Reaching safepoint: 4900 ns, Cleanup: 11500 ns, At safepoint: 2300 ns, Total: 18700 ns
[354.927s][info ][safepoint      ] Safepoint "Cleanup", Time since last: 1000099871 ns, Reaching safepoint: 5500 ns, Cleanup: 11700 ns, At safepoint: 2000 ns, Total: 19200 ns
[355.927s][info ][safepoint      ] Safepoint "Cleanup", Time since last: 1000102472 ns, Reaching safepoint: 5500 ns, Cleanup: 10900 ns, At safepoint: 1900 ns, Total: 18300 ns
[356.927s][info ][safepoint      ] Safepoint "Cleanup", Time since last: 1000098071 ns, Reaching safepoint: 5100 ns, Cleanup: 5500 ns, At safepoint: 1500 ns, Total: 12100 ns
[358.927s][info ][safepoint      ] Safepoint "Cleanup", Time since last: 2000151140 ns, Reaching safepoint: 5100 ns, Cleanup: 23900 ns, At safepoint: 1600 ns, Total: 30600 ns
[359.928s][info ][safepoint      ] Safepoint "Cleanup", Time since last: 1000092868 ns, Reaching safepoint: 5100 ns, Cleanup: 11000 ns, At safepoint: 1700 ns, Total: 17800 ns
[360.763s][info ][gc,start       ] GC(29) Pause Young (Allocation Failure)
[360.769s][debug][gc,phases      ] GC(29) Scavenge 5.780ms
[360.769s][debug][gc,ref         ] GC(29) ReferenceProcessor::execute queues: 1, RefProcThreadModel::Single, marks_oops_alive: false
[360.769s][debug][gc,ref         ] GC(29) Skipped KeepAliveFinalRefsPhase of Reference Processing: no references
[360.769s][debug][gc,ref         ] GC(29) ReferenceProcessor::execute queues: 1, RefProcThreadModel::Single, marks_oops_alive: false
[360.769s][debug][gc,phases      ] GC(29) Reference Processing 0.100ms
[360.769s][debug][gc,phases      ] GC(29)   VM Weak                        Min:  0.0, Avg:  0.0, Max:  0.0, Diff:  0.0, Sum:  0.0, Workers: 4
[360.769s][debug][gc,phases      ] GC(29)     Dead                           Min: 0, Avg:  0.0, Max: 0, Diff: 0, Sum: 0, Workers: 4
[360.769s][debug][gc,phases      ] GC(29)     Total                          Min: 0, Avg: 251.8, Max: 623, Diff: 623, Sum: 1007, Workers: 4
[360.769s][debug][gc,phases      ] GC(29)   ObjectSynchronizer Weak        Min:  0.0, Avg:  0.0, Max:  0.0, Diff:  0.0, Sum:  0.0, Workers: 4
[360.769s][debug][gc,phases      ] GC(29)     Dead                           Min: 0, Avg:  0.0, Max: 0, Diff: 0, Sum: 0, Workers: 4
[360.769s][debug][gc,phases      ] GC(29)     Total                          Min: 0, Avg:  0.8, Max: 3, Diff: 3, Sum: 3, Workers: 4
[360.769s][debug][gc,phases      ] GC(29)   JVMTI Tag Weak OopStorage      Min:  0.0, Avg:  0.0, Max:  0.0, Diff:  0.0, Sum:  0.0, Workers: 4
[360.769s][debug][gc,phases      ] GC(29)     Dead                           Min: 0, Avg:  0.0, Max: 0, Diff: 0, Sum: 0, Workers: 4
[360.769s][debug][gc,phases      ] GC(29)     Total                          Min: 0, Avg:  0.0, Max: 0, Diff: 0, Sum: 0, Workers: 4
[360.769s][debug][gc,phases      ] GC(29)   StringTable Weak               Min:  0.0, Avg:  0.1, Max:  0.1, Diff:  0.1, Sum:  0.4, Workers: 4
[360.769s][debug][gc,phases      ] GC(29)     Dead                           Min: 0, Avg:  0.2, Max: 1, Diff: 1, Sum: 1, Workers: 4
[360.769s][debug][gc,phases      ] GC(29)     Total                          Min: 0, Avg: 11492.2, Max: 20224, Diff: 20224, Sum: 45969, Workers: 4
[360.769s][debug][gc,phases      ] GC(29)   ResolvedMethodTable Weak       Min:  0.0, Avg:  0.0, Max:  0.0, Diff:  0.0, Sum:  0.1, Workers: 4
[360.769s][debug][gc,phases      ] GC(29)     Dead                           Min: 0, Avg:  4.8, Max: 12, Diff: 12, Sum: 19, Workers: 4
[360.769s][debug][gc,phases      ] GC(29)     Total                          Min: 0, Avg: 3773.2, Max: 6312, Diff: 6312, Sum: 15093, Workers: 4
[360.769s][debug][gc,phases      ] GC(29)   JNI Weak                       Min:  0.0, Avg:  0.0, Max:  0.0, Diff:  0.0, Sum:  0.0, Workers: 4
[360.769s][debug][gc,phases      ] GC(29)     Dead                           Min: 0, Avg:  0.0, Max: 0, Diff: 0, Sum: 0, Workers: 4
[360.769s][debug][gc,phases      ] GC(29)     Total                          Min: 0, Avg: 13.0, Max: 52, Diff: 52, Sum: 52, Workers: 4
[360.769s][debug][gc,phases      ] GC(29)   StringDedup Table Weak         Min:  0.0, Avg:  0.0, Max:  0.0, Diff:  0.0, Sum:  0.0, Workers: 4
[360.769s][debug][gc,phases      ] GC(29)     Dead                           Min: 0, Avg:  0.0, Max: 0, Diff: 0, Sum: 0, Workers: 4
[360.769s][debug][gc,phases      ] GC(29)     Total                          Min: 0, Avg:  0.0, Max: 0, Diff: 0, Sum: 0, Workers: 4
[360.769s][debug][gc,phases      ] GC(29)   StringDedup Requests0 Weak     Min:  0.0, Avg:  0.0, Max:  0.0, Diff:  0.0, Sum:  0.0, Workers: 4
[360.769s][debug][gc,phases      ] GC(29)     Dead                           Min: 0, Avg:  0.0, Max: 0, Diff: 0, Sum: 0, Workers: 4
[360.769s][debug][gc,phases      ] GC(29)     Total                          Min: 0, Avg:  0.0, Max: 0, Diff: 0, Sum: 0, Workers: 4
[360.769s][debug][gc,phases      ] GC(29)   StringDedup Requests1 Weak     Min:  0.0, Avg:  0.0, Max:  0.0, Diff:  0.0, Sum:  0.0, Workers: 4
[360.769s][debug][gc,phases      ] GC(29)     Dead                           Min: 0, Avg:  0.0, Max: 0, Diff: 0, Sum: 0, Workers: 4
[360.769s][debug][gc,phases      ] GC(29)     Total                          Min: 0, Avg:  0.0, Max: 0, Diff: 0, Sum: 0, Workers: 4
[360.769s][debug][gc,phases      ] GC(29)   Weak JFR Old Object Samples    Min:  0.0, Avg:  0.0, Max:  0.0, Diff:  0.0, Sum:  0.0, Workers: 4
[360.769s][debug][gc,phases      ] GC(29)     Dead                           Min: 0, Avg:  0.0, Max: 0, Diff: 0, Sum: 0, Workers: 4
[360.769s][debug][gc,phases      ] GC(29)     Total                          Min: 0, Avg:  0.0, Max: 0, Diff: 0, Sum: 0, Workers: 4
[360.769s][debug][gc,phases      ] GC(29) Weak Processing 0.377ms
[360.769s][debug][gc,age         ] GC(29) Desired survivor size 142606336 bytes, new threshold 1 (max threshold 15)
[360.769s][info ][gc,heap        ] GC(29) PSYoungGen: 1797902K(1949184K)->5156K(1940480K) Eden: 1792512K(1792512K)->0K(1792512K) From: 5390K(156672K)->5156K(147968K)
[360.769s][info ][gc,heap        ] GC(29) ParOldGen: 264202K(264704K)->265524K(265728K)
[360.769s][info ][gc,metaspace   ] GC(29) Metaspace: 105205K(106560K)->105205K(106560K) NonClass: 89254K(89984K)->89254K(89984K) Class: 15951K(16576K)->15951K(16576K)
[360.769s][info ][gc             ] GC(29) Pause Young (Allocation Failure) 2013M->264M(2154M) 6.384ms
[360.769s][info ][gc,cpu         ] GC(29) User=0.01s Sys=0.02s Real=0.00s
[360.769s][info ][safepoint      ] Safepoint "ParallelGCFailedAllocation", Time since last: 835386263 ns, Reaching safepoint: 81401 ns, Cleanup: 7600 ns, At safepoint: 6450623 ns, Total: 6539624 ns
[361.770s][info ][safepoint      ] Safepoint "Cleanup", Time since last: 1000090168 ns, Reaching safepoint: 5100 ns, Cleanup: 5900 ns, At safepoint: 1600 ns, Total: 12600 ns
[362.770s][info ][safepoint      ] Safepoint "Cleanup", Time since last: 1000100868 ns, Reaching safepoint: 5600 ns, Cleanup: 12200 ns, At safepoint: 1700 ns, Total: 19500 ns
[363.770s][info ][safepoint      ] Safepoint "Cleanup", Time since last: 1000107567 ns, Reaching safepoint: 5600 ns, Cleanup: 10600 ns, At safepoint: 1900 ns, Total: 18100 ns
[364.770s][info ][safepoint      ] Safepoint "Cleanup", Time since last: 1000112768 ns, Reaching safepoint: 5700 ns, Cleanup: 9700 ns, At safepoint: 2000 ns, Total: 17400 ns
[366.770s][info ][safepoint      ] Safepoint "Cleanup", Time since last: 2000196240 ns, Reaching safepoint: 6900 ns, Cleanup: 14500 ns, At safepoint: 3700 ns, Total: 25100 ns
[367.770s][info ][safepoint      ] Safepoint "Cleanup", Time since last: 1000115676 ns, Reaching safepoint: 6000 ns, Cleanup: 15800 ns, At safepoint: 2300 ns, Total: 24100 ns
[368.770s][info ][safepoint      ] Safepoint "Cleanup", Time since last: 1000107275 ns, Reaching safepoint: 5000 ns, Cleanup: 30701 ns, At safepoint: 2200 ns, Total: 37901 ns
[369.771s][info ][safepoint      ] Safepoint "Cleanup", Time since last: 1000109075 ns, Reaching safepoint: 5600 ns, Cleanup: 48200 ns, At safepoint: 2200 ns, Total: 56000 ns
[370.771s][info ][safepoint      ] Safepoint "Cleanup", Time since last: 1000076876 ns, Reaching safepoint: 5600 ns, Cleanup: 9300 ns, At safepoint: 2000 ns, Total: 16900 ns
[371.771s][info ][safepoint      ] Safepoint "Cleanup", Time since last: 1000112675 ns, Reaching safepoint: 6100 ns, Cleanup: 43300 ns, At safepoint: 2000 ns, Total: 51400 ns
[372.771s][info ][safepoint      ] Safepoint "Cleanup", Time since last: 1000121276 ns, Reaching safepoint: 5700 ns, Cleanup: 43400 ns, At safepoint: 2000 ns, Total: 51100 ns
[373.771s][info ][safepoint      ] Safepoint "Cleanup", Time since last: 1000101775 ns, Reaching safepoint: 5201 ns, Cleanup: 9500 ns, At safepoint: 1800 ns, Total: 16501 ns
[374.771s][info ][safepoint      ] Safepoint "Cleanup", Time since last: 1000103687 ns, Reaching safepoint: 5000 ns, Cleanup: 7700 ns, At safepoint: 1700 ns, Total: 14400 ns
[375.771s][info ][safepoint      ] Safepoint "Cleanup", Time since last: 1000105694 ns, Reaching safepoint: 6000 ns, Cleanup: 28900 ns, At safepoint: 2000 ns, Total: 36900 ns
[376.772s][info ][safepoint      ] Safepoint "Cleanup", Time since last: 1000125594 ns, Reaching safepoint: 5600 ns, Cleanup: 25200 ns, At safepoint: 1600 ns, Total: 32400 ns
[377.772s][info ][safepoint      ] Safepoint "Cleanup", Time since last: 1000099294 ns, Reaching safepoint: 4800 ns, Cleanup: 8200 ns, At safepoint: 1500 ns, Total: 14500 ns
[378.755s][info ][gc,start       ] GC(30) Pause Young (Allocation Failure)
[378.761s][debug][gc,phases      ] GC(30) Scavenge 6.141ms
[378.761s][debug][gc,ref         ] GC(30) ReferenceProcessor::execute queues: 1, RefProcThreadModel::Single, marks_oops_alive: false
[378.761s][debug][gc,ref         ] GC(30) Skipped KeepAliveFinalRefsPhase of Reference Processing: no references
[378.761s][debug][gc,ref         ] GC(30) ReferenceProcessor::execute queues: 1, RefProcThreadModel::Single, marks_oops_alive: false
[378.761s][debug][gc,phases      ] GC(30) Reference Processing 0.104ms
[378.761s][debug][gc,phases      ] GC(30)   VM Weak                        Min:  0.0, Avg:  0.0, Max:  0.0, Diff:  0.0, Sum:  0.0, Workers: 4
[378.761s][debug][gc,phases      ] GC(30)     Dead                           Min: 0, Avg:  0.0, Max: 0, Diff: 0, Sum: 0, Workers: 4
[378.761s][debug][gc,phases      ] GC(30)     Total                          Min: 0, Avg: 251.8, Max: 815, Diff: 815, Sum: 1007, Workers: 4
[378.762s][debug][gc,phases      ] GC(30)   ObjectSynchronizer Weak        Min:  0.0, Avg:  0.0, Max:  0.0, Diff:  0.0, Sum:  0.0, Workers: 4
[378.762s][debug][gc,phases      ] GC(30)     Dead                           Min: 0, Avg:  0.0, Max: 0, Diff: 0, Sum: 0, Workers: 4
[378.762s][debug][gc,phases      ] GC(30)     Total                          Min: 0, Avg:  1.0, Max: 4, Diff: 4, Sum: 4, Workers: 4
[378.762s][debug][gc,phases      ] GC(30)   JVMTI Tag Weak OopStorage      Min:  0.0, Avg:  0.0, Max:  0.0, Diff:  0.0, Sum:  0.0, Workers: 4
[378.762s][debug][gc,phases      ] GC(30)     Dead                           Min: 0, Avg:  0.0, Max: 0, Diff: 0, Sum: 0, Workers: 4
[378.762s][debug][gc,phases      ] GC(30)     Total                          Min: 0, Avg:  0.0, Max: 0, Diff: 0, Sum: 0, Workers: 4
[378.762s][debug][gc,phases      ] GC(30)   StringTable Weak               Min:  0.0, Avg:  0.1, Max:  0.1, Diff:  0.1, Sum:  0.4, Workers: 4
[378.762s][debug][gc,phases      ] GC(30)     Dead                           Min: 0, Avg:  0.2, Max: 1, Diff: 1, Sum: 1, Workers: 4
[378.762s][debug][gc,phases      ] GC(30)     Total                          Min: 0, Avg: 11497.5, Max: 19584, Diff: 19584, Sum: 45990, Workers: 4
[378.762s][debug][gc,phases      ] GC(30)   ResolvedMethodTable Weak       Min:  0.0, Avg:  0.0, Max:  0.0, Diff:  0.0, Sum:  0.1, Workers: 4
[378.762s][debug][gc,phases      ] GC(30)     Dead                           Min: 0, Avg:  0.0, Max: 0, Diff: 0, Sum: 0, Workers: 4
[378.762s][debug][gc,phases      ] GC(30)     Total                          Min: 0, Avg: 3774.8, Max: 6295, Diff: 6295, Sum: 15099, Workers: 4
[378.762s][debug][gc,phases      ] GC(30)   JNI Weak                       Min:  0.0, Avg:  0.0, Max:  0.0, Diff:  0.0, Sum:  0.0, Workers: 4
[378.762s][debug][gc,phases      ] GC(30)     Dead                           Min: 0, Avg:  0.0, Max: 0, Diff: 0, Sum: 0, Workers: 4
[378.762s][debug][gc,phases      ] GC(30)     Total                          Min: 0, Avg: 13.0, Max: 52, Diff: 52, Sum: 52, Workers: 4
[378.762s][debug][gc,phases      ] GC(30)   StringDedup Table Weak         Min:  0.0, Avg:  0.0, Max:  0.0, Diff:  0.0, Sum:  0.0, Workers: 4
[378.762s][debug][gc,phases      ] GC(30)     Dead                           Min: 0, Avg:  0.0, Max: 0, Diff: 0, Sum: 0, Workers: 4
[378.762s][debug][gc,phases      ] GC(30)     Total                          Min: 0, Avg:  0.0, Max: 0, Diff: 0, Sum: 0, Workers: 4
[378.762s][debug][gc,phases      ] GC(30)   StringDedup Requests0 Weak     Min:  0.0, Avg:  0.0, Max:  0.0, Diff:  0.0, Sum:  0.0, Workers: 4
[378.762s][debug][gc,phases      ] GC(30)     Dead                           Min: 0, Avg:  0.0, Max: 0, Diff: 0, Sum: 0, Workers: 4
[378.762s][debug][gc,phases      ] GC(30)     Total                          Min: 0, Avg:  0.0, Max: 0, Diff: 0, Sum: 0, Workers: 4
[378.762s][debug][gc,phases      ] GC(30)   StringDedup Requests1 Weak     Min:  0.0, Avg:  0.0, Max:  0.0, Diff:  0.0, Sum:  0.0, Workers: 4
[378.762s][debug][gc,phases      ] GC(30)     Dead                           Min: 0, Avg:  0.0, Max: 0, Diff: 0, Sum: 0, Workers: 4
[378.762s][debug][gc,phases      ] GC(30)     Total                          Min: 0, Avg:  0.0, Max: 0, Diff: 0, Sum: 0, Workers: 4
[378.762s][debug][gc,phases      ] GC(30)   Weak JFR Old Object Samples    Min:  0.0, Avg:  0.0, Max:  0.0, Diff:  0.0, Sum:  0.0, Workers: 4
[378.762s][debug][gc,phases      ] GC(30)     Dead                           Min: 0, Avg:  0.0, Max: 0, Diff: 0, Sum: 0, Workers: 4
[378.762s][debug][gc,phases      ] GC(30)     Total                          Min: 0, Avg:  0.0, Max: 0, Diff: 0, Sum: 0, Workers: 4
[378.762s][debug][gc,phases      ] GC(30) Weak Processing 0.373ms
[378.762s][debug][gc,age         ] GC(30) Desired survivor size 133169152 bytes, new threshold 1 (max threshold 15)
[378.762s][info ][gc,heap        ] GC(30) PSYoungGen: 1797668K(1940480K)->11232K(1967104K) Eden: 1792512K(1792512K)->0K(1827840K) From: 5156K(147968K)->11232K(139264K)
[378.762s][info ][gc,heap        ] GC(30) ParOldGen: 265524K(265728K)->266481K(266752K)
[378.762s][info ][gc,metaspace   ] GC(30) Metaspace: 105236K(106624K)->105236K(106624K) NonClass: 89283K(90048K)->89283K(90048K) Class: 15952K(16576K)->15952K(16576K)
[378.762s][info ][gc             ] GC(30) Pause Young (Allocation Failure) 2014M->271M(2181M) 6.742ms
[378.762s][info ][gc,cpu         ] GC(30) User=0.03s Sys=0.00s Real=0.00s
[378.762s][info ][safepoint      ] Safepoint "ParallelGCFailedAllocation", Time since last: 983089031 ns, Reaching safepoint: 80601 ns, Cleanup: 19300 ns, At safepoint: 6821125 ns, Total: 6921026 ns
[379.762s][info ][safepoint      ] Safepoint "Cleanup", Time since last: 1000091594 ns, Reaching safepoint: 78100 ns, Cleanup: 15900 ns, At safepoint: 6400 ns, Total: 100400 ns
[380.762s][info ][safepoint      ] Safepoint "Cleanup", Time since last: 1000135194 ns, Reaching safepoint: 79500 ns, Cleanup: 13601 ns, At safepoint: 6700 ns, Total: 99801 ns
[381.762s][info ][safepoint      ] Safepoint "Cleanup", Time since last: 1000118894 ns, Reaching safepoint: 79600 ns, Cleanup: 22600 ns, At safepoint: 6200 ns, Total: 108400 ns
[383.763s][info ][safepoint      ] Safepoint "Cleanup", Time since last: 2000193187 ns, Reaching safepoint: 6300 ns, Cleanup: 13400 ns, At safepoint: 3000 ns, Total: 22700 ns
[386.763s][info ][safepoint      ] Safepoint "Cleanup", Time since last: 3000248481 ns, Reaching safepoint: 79600 ns, Cleanup: 25000 ns, At safepoint: 6000 ns, Total: 110600 ns
[387.763s][info ][safepoint      ] Safepoint "Cleanup", Time since last: 1000095494 ns, Reaching safepoint: 75400 ns, Cleanup: 7300 ns, At safepoint: 5100 ns, Total: 87800 ns
[388.763s][info ][safepoint      ] Safepoint "Cleanup", Time since last: 1000094193 ns, Reaching safepoint: 4200 ns, Cleanup: 6700 ns, At safepoint: 1500 ns, Total: 12400 ns
[389.763s][info ][safepoint      ] Safepoint "Cleanup", Time since last: 1000100194 ns, Reaching safepoint: 77400 ns, Cleanup: 8200 ns, At safepoint: 6000 ns, Total: 91600 ns
[390.764s][info ][safepoint      ] Safepoint "Cleanup", Time since last: 1000128895 ns, Reaching safepoint: 4700 ns, Cleanup: 7700 ns, At safepoint: 1700 ns, Total: 14100 ns
[391.764s][info ][safepoint      ] Safepoint "Cleanup", Time since last: 1000115795 ns, Reaching safepoint: 78301 ns, Cleanup: 10500 ns, At safepoint: 8800 ns, Total: 97601 ns
[392.764s][info ][safepoint      ] Safepoint "Cleanup", Time since last: 1000107695 ns, Reaching safepoint: 77900 ns, Cleanup: 24800 ns, At safepoint: 6300 ns, Total: 109000 ns
[393.764s][info ][safepoint      ] Safepoint "Cleanup", Time since last: 1000106796 ns, Reaching safepoint: 77800 ns, Cleanup: 20700 ns, At safepoint: 5900 ns, Total: 104400 ns
[395.456s][info ][gc,start       ] GC(31) Pause Young (Allocation Failure)
[395.466s][debug][gc,phases      ] GC(31) Scavenge 9.724ms
[395.466s][debug][gc,ref         ] GC(31) ReferenceProcessor::execute queues: 1, RefProcThreadModel::Single, marks_oops_alive: false
[395.466s][debug][gc,ref         ] GC(31) Skipped KeepAliveFinalRefsPhase of Reference Processing: no references
[395.466s][debug][gc,ref         ] GC(31) ReferenceProcessor::execute queues: 1, RefProcThreadModel::Single, marks_oops_alive: false
[395.466s][debug][gc,phases      ] GC(31) Reference Processing 0.105ms
[395.466s][debug][gc,phases      ] GC(31)   VM Weak                        Min:  0.0, Avg:  0.0, Max:  0.0, Diff:  0.0, Sum:  0.0, Workers: 4
[395.466s][debug][gc,phases      ] GC(31)     Dead                           Min: 0, Avg:  0.0, Max: 0, Diff: 0, Sum: 0, Workers: 4
[395.466s][debug][gc,phases      ] GC(31)     Total                          Min: 0, Avg: 252.0, Max: 624, Diff: 624, Sum: 1008, Workers: 4
[395.466s][debug][gc,phases      ] GC(31)   ObjectSynchronizer Weak        Min:  0.0, Avg:  0.0, Max:  0.0, Diff:  0.0, Sum:  0.0, Workers: 4
[395.466s][debug][gc,phases      ] GC(31)     Dead                           Min: 0, Avg:  0.0, Max: 0, Diff: 0, Sum: 0, Workers: 4
[395.466s][debug][gc,phases      ] GC(31)     Total                          Min: 0, Avg:  1.2, Max: 5, Diff: 5, Sum: 5, Workers: 4
[395.466s][debug][gc,phases      ] GC(31)   JVMTI Tag Weak OopStorage      Min:  0.0, Avg:  0.0, Max:  0.0, Diff:  0.0, Sum:  0.0, Workers: 4
[395.466s][debug][gc,phases      ] GC(31)     Dead                           Min: 0, Avg:  0.0, Max: 0, Diff: 0, Sum: 0, Workers: 4
[395.466s][debug][gc,phases      ] GC(31)     Total                          Min: 0, Avg:  0.0, Max: 0, Diff: 0, Sum: 0, Workers: 4
[395.466s][debug][gc,phases      ] GC(31)   StringTable Weak               Min:  0.0, Avg:  0.1, Max:  0.1, Diff:  0.1, Sum:  0.4, Workers: 4
[395.466s][debug][gc,phases      ] GC(31)     Dead                           Min: 0, Avg:  0.2, Max: 1, Diff: 1, Sum: 1, Workers: 4
[395.466s][debug][gc,phases      ] GC(31)     Total                          Min: 0, Avg: 11501.5, Max: 20023, Diff: 20023, Sum: 46006, Workers: 4
[395.466s][debug][gc,phases      ] GC(31)   ResolvedMethodTable Weak       Min:  0.0, Avg:  0.0, Max:  0.0, Diff:  0.0, Sum:  0.1, Workers: 4
[395.466s][debug][gc,phases      ] GC(31)     Dead                           Min: 0, Avg:  4.5, Max: 18, Diff: 18, Sum: 18, Workers: 4
[395.466s][debug][gc,phases      ] GC(31)     Total                          Min: 0, Avg: 3777.8, Max: 6350, Diff: 6350, Sum: 15111, Workers: 4
[395.466s][debug][gc,phases      ] GC(31)   JNI Weak                       Min:  0.0, Avg:  0.0, Max:  0.0, Diff:  0.0, Sum:  0.0, Workers: 4
[395.466s][debug][gc,phases      ] GC(31)     Dead                           Min: 0, Avg:  0.0, Max: 0, Diff: 0, Sum: 0, Workers: 4
[395.466s][debug][gc,phases      ] GC(31)     Total                          Min: 0, Avg: 13.0, Max: 52, Diff: 52, Sum: 52, Workers: 4
[395.466s][debug][gc,phases      ] GC(31)   StringDedup Table Weak         Min:  0.0, Avg:  0.0, Max:  0.0, Diff:  0.0, Sum:  0.0, Workers: 4
[395.466s][debug][gc,phases      ] GC(31)     Dead                           Min: 0, Avg:  0.0, Max: 0, Diff: 0, Sum: 0, Workers: 4
[395.466s][debug][gc,phases      ] GC(31)     Total                          Min: 0, Avg:  0.0, Max: 0, Diff: 0, Sum: 0, Workers: 4
[395.466s][debug][gc,phases      ] GC(31)   StringDedup Requests0 Weak     Min:  0.0, Avg:  0.0, Max:  0.0, Diff:  0.0, Sum:  0.0, Workers: 4
[395.466s][debug][gc,phases      ] GC(31)     Dead                           Min: 0, Avg:  0.0, Max: 0, Diff: 0, Sum: 0, Workers: 4
[395.466s][debug][gc,phases      ] GC(31)     Total                          Min: 0, Avg:  0.0, Max: 0, Diff: 0, Sum: 0, Workers: 4
[395.466s][debug][gc,phases      ] GC(31)   StringDedup Requests1 Weak     Min:  0.0, Avg:  0.0, Max:  0.0, Diff:  0.0, Sum:  0.0, Workers: 4
[395.466s][debug][gc,phases      ] GC(31)     Dead                           Min: 0, Avg:  0.0, Max: 0, Diff: 0, Sum: 0, Workers: 4
[395.466s][debug][gc,phases      ] GC(31)     Total                          Min: 0, Avg:  0.0, Max: 0, Diff: 0, Sum: 0, Workers: 4
[395.466s][debug][gc,phases      ] GC(31)   Weak JFR Old Object Samples    Min:  0.0, Avg:  0.0, Max:  0.0, Diff:  0.0, Sum:  0.0, Workers: 4
[395.466s][debug][gc,phases      ] GC(31)     Dead                           Min: 0, Avg:  0.0, Max: 0, Diff: 0, Sum: 0, Workers: 4
[395.466s][debug][gc,phases      ] GC(31)     Total                          Min: 0, Avg:  0.0, Max: 0, Diff: 0, Sum: 0, Workers: 4
[395.466s][debug][gc,phases      ] GC(31) Weak Processing 0.376ms
[395.466s][debug][gc,age         ] GC(31) Desired survivor size 123731968 bytes, new threshold 1 (max threshold 15)
[395.466s][info ][gc,heap        ] GC(31) PSYoungGen: 1839072K(1967104K)->11872K(1957888K) Eden: 1827840K(1827840K)->0K(1827840K) From: 11232K(139264K)->11872K(130048K)
[395.466s][info ][gc,heap        ] GC(31) ParOldGen: 266481K(266752K)->272625K(272896K)
[395.466s][info ][gc,metaspace   ] GC(31) Metaspace: 105289K(106624K)->105289K(106624K) NonClass: 89332K(90048K)->89332K(90048K) Class: 15956K(16576K)->15956K(16576K)
[395.466s][info ][gc             ] GC(31) Pause Young (Allocation Failure) 2056M->277M(2178M) 10.327ms
[395.466s][info ][gc,cpu         ] GC(31) User=0.03s Sys=0.00s Real=0.01s
[395.466s][info ][safepoint      ] Safepoint "ParallelGCFailedAllocation", Time since last: 1691689251 ns, Reaching safepoint: 5700 ns, Cleanup: 8100 ns, At safepoint: 10393238 ns, Total: 10407038 ns
[396.466s][info ][safepoint      ] Safepoint "Cleanup", Time since last: 1000079195 ns, Reaching safepoint: 4700 ns, Cleanup: 15400 ns, At safepoint: 1600 ns, Total: 21700 ns
[398.467s][info ][safepoint      ] Safepoint "Cleanup", Time since last: 2000166716 ns, Reaching safepoint: 5100 ns, Cleanup: 11500 ns, At safepoint: 1700 ns, Total: 18300 ns
[399.467s][info ][safepoint      ] Safepoint "Cleanup", Time since last: 1000104481 ns, Reaching safepoint: 5500 ns, Cleanup: 15300 ns, At safepoint: 2000 ns, Total: 22800 ns
[400.467s][info ][safepoint      ] Safepoint "Cleanup", Time since last: 1000102181 ns, Reaching safepoint: 5800 ns, Cleanup: 8100 ns, At safepoint: 1500 ns, Total: 15400 ns
[401.467s][info ][safepoint      ] Safepoint "Cleanup", Time since last: 1000114581 ns, Reaching safepoint: 6000 ns, Cleanup: 9200 ns, At safepoint: 2200 ns, Total: 17400 ns
[402.467s][info ][safepoint      ] Safepoint "Cleanup", Time since last: 1000111781 ns, Reaching safepoint: 5700 ns, Cleanup: 18701 ns, At safepoint: 2100 ns, Total: 26501 ns
[403.467s][info ][safepoint      ] Safepoint "Cleanup", Time since last: 1000104181 ns, Reaching safepoint: 5400 ns, Cleanup: 15900 ns, At safepoint: 1800 ns, Total: 23100 ns
[405.467s][info ][safepoint      ] Safepoint "Cleanup", Time since last: 2000164062 ns, Reaching safepoint: 4900 ns, Cleanup: 7200 ns, At safepoint: 1600 ns, Total: 13700 ns
[406.468s][info ][safepoint      ] Safepoint "Cleanup", Time since last: 1000110696 ns, Reaching safepoint: 5700 ns, Cleanup: 61200 ns, At safepoint: 2100 ns, Total: 69000 ns
[407.468s][info ][safepoint      ] Safepoint "Cleanup", Time since last: 1000101085 ns, Reaching safepoint: 4900 ns, Cleanup: 14400 ns, At safepoint: 1600 ns, Total: 20900 ns
[408.468s][info ][safepoint      ] Safepoint "Cleanup", Time since last: 1000100084 ns, Reaching safepoint: 5100 ns, Cleanup: 17900 ns, At safepoint: 1500 ns, Total: 24500 ns
[409.468s][info ][safepoint      ] Safepoint "Cleanup", Time since last: 1000110485 ns, Reaching safepoint: 5100 ns, Cleanup: 12000 ns, At safepoint: 2000 ns, Total: 19100 ns
[410.468s][info ][safepoint      ] Safepoint "Cleanup", Time since last: 1000098985 ns, Reaching safepoint: 4400 ns, Cleanup: 41800 ns, At safepoint: 1600 ns, Total: 47800 ns
[411.468s][info ][safepoint      ] Safepoint "Cleanup", Time since last: 1000100284 ns, Reaching safepoint: 4900 ns, Cleanup: 18400 ns, At safepoint: 1900 ns, Total: 25200 ns
[412.468s][info ][safepoint      ] Safepoint "Cleanup", Time since last: 1000103085 ns, Reaching safepoint: 5200 ns, Cleanup: 14600 ns, At safepoint: 1700 ns, Total: 21500 ns
[413.469s][info ][safepoint      ] Safepoint "Cleanup", Time since last: 1000103585 ns, Reaching safepoint: 5500 ns, Cleanup: 13800 ns, At safepoint: 1900 ns, Total: 21200 ns
[414.469s][info ][safepoint      ] Safepoint "Cleanup", Time since last: 1000103434 ns, Reaching safepoint: 5700 ns, Cleanup: 9500 ns, At safepoint: 1600 ns, Total: 16800 ns
[415.252s][info ][gc,start       ] GC(32) Pause Young (Allocation Failure)
[415.259s][debug][gc,phases      ] GC(32) Scavenge 7.453ms
[415.259s][debug][gc,ref         ] GC(32) ReferenceProcessor::execute queues: 1, RefProcThreadModel::Single, marks_oops_alive: false
[415.259s][debug][gc,ref         ] GC(32) Skipped KeepAliveFinalRefsPhase of Reference Processing: no references
[415.259s][debug][gc,ref         ] GC(32) ReferenceProcessor::execute queues: 1, RefProcThreadModel::Single, marks_oops_alive: false
[415.259s][debug][gc,phases      ] GC(32) Reference Processing 0.099ms
[415.259s][debug][gc,phases      ] GC(32)   VM Weak                        Min:  0.0, Avg:  0.0, Max:  0.0, Diff:  0.0, Sum:  0.0, Workers: 4
[415.259s][debug][gc,phases      ] GC(32)     Dead                           Min: 0, Avg:  0.0, Max: 0, Diff: 0, Sum: 0, Workers: 4
[415.259s][debug][gc,phases      ] GC(32)     Total                          Min: 0, Avg: 252.0, Max: 768, Diff: 768, Sum: 1008, Workers: 4
[415.259s][debug][gc,phases      ] GC(32)   ObjectSynchronizer Weak        Min:  0.0, Avg:  0.0, Max:  0.0, Diff:  0.0, Sum:  0.0, Workers: 4
[415.259s][debug][gc,phases      ] GC(32)     Dead                           Min: 0, Avg:  0.0, Max: 0, Diff: 0, Sum: 0, Workers: 4
[415.259s][debug][gc,phases      ] GC(32)     Total                          Min: 0, Avg:  1.2, Max: 5, Diff: 5, Sum: 5, Workers: 4
[415.259s][debug][gc,phases      ] GC(32)   JVMTI Tag Weak OopStorage      Min:  0.0, Avg:  0.0, Max:  0.0, Diff:  0.0, Sum:  0.0, Workers: 4
[415.259s][debug][gc,phases      ] GC(32)     Dead                           Min: 0, Avg:  0.0, Max: 0, Diff: 0, Sum: 0, Workers: 4
[415.259s][debug][gc,phases      ] GC(32)     Total                          Min: 0, Avg:  0.0, Max: 0, Diff: 0, Sum: 0, Workers: 4
[415.259s][debug][gc,phases      ] GC(32)   StringTable Weak               Min:  0.0, Avg:  0.1, Max:  0.1, Diff:  0.1, Sum:  0.4, Workers: 4
[415.259s][debug][gc,phases      ] GC(32)     Dead                           Min: 0, Avg:  0.2, Max: 1, Diff: 1, Sum: 1, Workers: 4
[415.259s][debug][gc,phases      ] GC(32)     Total                          Min: 0, Avg: 11506.0, Max: 20032, Diff: 20032, Sum: 46024, Workers: 4
[415.259s][debug][gc,phases      ] GC(32)   ResolvedMethodTable Weak       Min:  0.0, Avg:  0.0, Max:  0.0, Diff:  0.0, Sum:  0.1, Workers: 4
[415.259s][debug][gc,phases      ] GC(32)     Dead                           Min: 0, Avg:  4.2, Max: 12, Diff: 12, Sum: 17, Workers: 4
[415.259s][debug][gc,phases      ] GC(32)     Total                          Min: 0, Avg: 3781.8, Max: 6407, Diff: 6407, Sum: 15127, Workers: 4
[415.259s][debug][gc,phases      ] GC(32)   JNI Weak                       Min:  0.0, Avg:  0.0, Max:  0.0, Diff:  0.0, Sum:  0.0, Workers: 4
[415.259s][debug][gc,phases      ] GC(32)     Dead                           Min: 0, Avg:  0.0, Max: 0, Diff: 0, Sum: 0, Workers: 4
[415.259s][debug][gc,phases      ] GC(32)     Total                          Min: 0, Avg: 13.0, Max: 52, Diff: 52, Sum: 52, Workers: 4
[415.259s][debug][gc,phases      ] GC(32)   StringDedup Table Weak         Min:  0.0, Avg:  0.0, Max:  0.0, Diff:  0.0, Sum:  0.0, Workers: 4
[415.259s][debug][gc,phases      ] GC(32)     Dead                           Min: 0, Avg:  0.0, Max: 0, Diff: 0, Sum: 0, Workers: 4
[415.260s][debug][gc,phases      ] GC(32)     Total                          Min: 0, Avg:  0.0, Max: 0, Diff: 0, Sum: 0, Workers: 4
[415.260s][debug][gc,phases      ] GC(32)   StringDedup Requests0 Weak     Min:  0.0, Avg:  0.0, Max:  0.0, Diff:  0.0, Sum:  0.0, Workers: 4
[415.260s][debug][gc,phases      ] GC(32)     Dead                           Min: 0, Avg:  0.0, Max: 0, Diff: 0, Sum: 0, Workers: 4
[415.260s][debug][gc,phases      ] GC(32)     Total                          Min: 0, Avg:  0.0, Max: 0, Diff: 0, Sum: 0, Workers: 4
[415.260s][debug][gc,phases      ] GC(32)   StringDedup Requests1 Weak     Min:  0.0, Avg:  0.0, Max:  0.0, Diff:  0.0, Sum:  0.0, Workers: 4
[415.260s][debug][gc,phases      ] GC(32)     Dead                           Min: 0, Avg:  0.0, Max: 0, Diff: 0, Sum: 0, Workers: 4
[415.260s][debug][gc,phases      ] GC(32)     Total                          Min: 0, Avg:  0.0, Max: 0, Diff: 0, Sum: 0, Workers: 4
[415.260s][debug][gc,phases      ] GC(32)   Weak JFR Old Object Samples    Min:  0.0, Avg:  0.0, Max:  0.0, Diff:  0.0, Sum:  0.0, Workers: 4
[415.260s][debug][gc,phases      ] GC(32)     Dead                           Min: 0, Avg:  0.0, Max: 0, Diff: 0, Sum: 0, Workers: 4
[415.260s][debug][gc,phases      ] GC(32)     Total                          Min: 0, Avg:  0.0, Max: 0, Diff: 0, Sum: 0, Workers: 4
[415.260s][debug][gc,phases      ] GC(32) Weak Processing 0.375ms
[415.260s][debug][gc,age         ] GC(32) Desired survivor size 116916224 bytes, new threshold 1 (max threshold 15)
[415.260s][info ][gc,heap        ] GC(32) PSYoungGen: 1839712K(1957888K)->4640K(1982976K) Eden: 1827840K(1827840K)->0K(1862144K) From: 11872K(130048K)->4640K(120832K)
[415.260s][info ][gc,heap        ] GC(32) ParOldGen: 272625K(272896K)->281222K(281600K)
[415.260s][info ][gc,metaspace   ] GC(32) Metaspace: 105324K(106688K)->105324K(106688K) NonClass: 89363K(90112K)->89363K(90112K) Class: 15961K(16576K)->15961K(16576K)
[415.260s][info ][gc             ] GC(32) Pause Young (Allocation Failure) 2062M->279M(2211M) 8.046ms
[415.260s][info ][gc,cpu         ] GC(32) User=0.01s Sys=0.02s Real=0.01s
[415.260s][info ][safepoint      ] Safepoint "ParallelGCFailedAllocation", Time since last: 782819969 ns, Reaching safepoint: 75300 ns, Cleanup: 3300 ns, At safepoint: 8109230 ns, Total: 8187830 ns
[416.260s][info ][safepoint      ] Safepoint "Cleanup", Time since last: 1000087164 ns, Reaching safepoint: 76300 ns, Cleanup: 8400 ns, At safepoint: 5600 ns, Total: 90300 ns
[417.260s][info ][safepoint      ] Safepoint "Cleanup", Time since last: 1000100164 ns, Reaching safepoint: 77301 ns, Cleanup: 6600 ns, At safepoint: 5500 ns, Total: 89401 ns
[418.260s][info ][safepoint      ] Safepoint "Cleanup", Time since last: 1000095964 ns, Reaching safepoint: 76400 ns, Cleanup: 8600 ns, At safepoint: 6700 ns, Total: 91700 ns
[419.260s][info ][safepoint      ] Safepoint "Cleanup", Time since last: 1000110765 ns, Reaching safepoint: 87800 ns, Cleanup: 29900 ns, At safepoint: 6700 ns, Total: 124400 ns
[421.152s][info ][safepoint      ] Safepoint "Cleanup", Time since last: 1891296330 ns, Reaching safepoint: 74100 ns, Cleanup: 31600 ns, At safepoint: 5400 ns, Total: 111100 ns
[422.152s][info ][safepoint      ] Safepoint "Cleanup", Time since last: 1000104064 ns, Reaching safepoint: 75201 ns, Cleanup: 10700 ns, At safepoint: 5600 ns, Total: 91501 ns
[423.152s][info ][safepoint      ] Safepoint "Cleanup", Time since last: 1000095594 ns, Reaching safepoint: 76300 ns, Cleanup: 26800 ns, At safepoint: 6300 ns, Total: 109400 ns
[424.152s][info ][safepoint      ] Safepoint "Cleanup", Time since last: 1000099386 ns, Reaching safepoint: 76501 ns, Cleanup: 21800 ns, At safepoint: 5500 ns, Total: 103801 ns
[425.153s][info ][safepoint      ] Safepoint "Cleanup", Time since last: 1000093986 ns, Reaching safepoint: 74600 ns, Cleanup: 9000 ns, At safepoint: 5100 ns, Total: 88700 ns
[426.153s][info ][safepoint      ] Safepoint "Cleanup", Time since last: 1000104386 ns, Reaching safepoint: 79000 ns, Cleanup: 10600 ns, At safepoint: 6100 ns, Total: 95700 ns
[427.153s][info ][safepoint      ] Safepoint "Cleanup", Time since last: 1000125286 ns, Reaching safepoint: 80600 ns, Cleanup: 8700 ns, At safepoint: 6100 ns, Total: 95400 ns
[429.153s][info ][safepoint      ] Safepoint "Cleanup", Time since last: 2000182772 ns, Reaching safepoint: 78200 ns, Cleanup: 13501 ns, At safepoint: 6200 ns, Total: 97901 ns
[430.154s][info ][safepoint      ] Safepoint "Cleanup", Time since last: 1000105285 ns, Reaching safepoint: 74401 ns, Cleanup: 19400 ns, At safepoint: 5200 ns, Total: 99001 ns
[431.154s][info ][safepoint      ] Safepoint "Cleanup", Time since last: 1000111270 ns, Reaching safepoint: 81700 ns, Cleanup: 16200 ns, At safepoint: 6000 ns, Total: 103900 ns
[432.154s][info ][safepoint      ] Safepoint "Cleanup", Time since last: 1000125664 ns, Reaching safepoint: 79100 ns, Cleanup: 10200 ns, At safepoint: 5700 ns, Total: 95000 ns
[433.154s][info ][safepoint      ] Safepoint "Cleanup", Time since last: 1000106264 ns, Reaching safepoint: 75600 ns, Cleanup: 7900 ns, At safepoint: 5600 ns, Total: 89100 ns
[434.940s][info ][gc,start       ] GC(33) Pause Young (Allocation Failure)
[434.945s][debug][gc,phases      ] GC(33) Scavenge 5.277ms
[434.945s][debug][gc,ref         ] GC(33) ReferenceProcessor::execute queues: 1, RefProcThreadModel::Single, marks_oops_alive: false
[434.945s][debug][gc,ref         ] GC(33) Skipped KeepAliveFinalRefsPhase of Reference Processing: no references
[434.945s][debug][gc,ref         ] GC(33) ReferenceProcessor::execute queues: 1, RefProcThreadModel::Single, marks_oops_alive: false
[434.945s][debug][gc,phases      ] GC(33) Reference Processing 0.096ms
[434.945s][debug][gc,phases      ] GC(33)   VM Weak                        Min:  0.0, Avg:  0.0, Max:  0.0, Diff:  0.0, Sum:  0.0, Workers: 4
[434.945s][debug][gc,phases      ] GC(33)     Dead                           Min: 0, Avg:  0.0, Max: 0, Diff: 0, Sum: 0, Workers: 4
[434.945s][debug][gc,phases      ] GC(33)     Total                          Min: 0, Avg: 252.0, Max: 640, Diff: 640, Sum: 1008, Workers: 4
[434.945s][debug][gc,phases      ] GC(33)   ObjectSynchronizer Weak        Min:  0.0, Avg:  0.0, Max:  0.0, Diff:  0.0, Sum:  0.0, Workers: 4
[434.945s][debug][gc,phases      ] GC(33)     Dead                           Min: 0, Avg:  0.0, Max: 0, Diff: 0, Sum: 0, Workers: 4
[434.945s][debug][gc,phases      ] GC(33)     Total                          Min: 0, Avg:  1.0, Max: 4, Diff: 4, Sum: 4, Workers: 4
[434.945s][debug][gc,phases      ] GC(33)   JVMTI Tag Weak OopStorage      Min:  0.0, Avg:  0.0, Max:  0.0, Diff:  0.0, Sum:  0.0, Workers: 4
[434.945s][debug][gc,phases      ] GC(33)     Dead                           Min: 0, Avg:  0.0, Max: 0, Diff: 0, Sum: 0, Workers: 4
[434.945s][debug][gc,phases      ] GC(33)     Total                          Min: 0, Avg:  0.0, Max: 0, Diff: 0, Sum: 0, Workers: 4
[434.945s][debug][gc,phases      ] GC(33)   StringTable Weak               Min:  0.0, Avg:  0.1, Max:  0.1, Diff:  0.1, Sum:  0.4, Workers: 4
[434.945s][debug][gc,phases      ] GC(33)     Dead                           Min: 0, Avg:  0.2, Max: 1, Diff: 1, Sum: 1, Workers: 4
[434.945s][debug][gc,phases      ] GC(33)     Total                          Min: 0, Avg: 11506.5, Max: 20224, Diff: 20224, Sum: 46026, Workers: 4
[434.945s][debug][gc,phases      ] GC(33)   ResolvedMethodTable Weak       Min:  0.0, Avg:  0.0, Max:  0.0, Diff:  0.0, Sum:  0.1, Workers: 4
[434.945s][debug][gc,phases      ] GC(33)     Dead                           Min: 0, Avg:  4.2, Max: 17, Diff: 17, Sum: 17, Workers: 4
[434.945s][debug][gc,phases      ] GC(33)     Total                          Min: 0, Avg: 3782.2, Max: 6377, Diff: 6377, Sum: 15129, Workers: 4
[434.945s][debug][gc,phases      ] GC(33)   JNI Weak                       Min:  0.0, Avg:  0.0, Max:  0.0, Diff:  0.0, Sum:  0.0, Workers: 4
[434.945s][debug][gc,phases      ] GC(33)     Dead                           Min: 0, Avg:  0.0, Max: 0, Diff: 0, Sum: 0, Workers: 4
[434.945s][debug][gc,phases      ] GC(33)     Total                          Min: 0, Avg: 13.0, Max: 52, Diff: 52, Sum: 52, Workers: 4
[434.945s][debug][gc,phases      ] GC(33)   StringDedup Table Weak         Min:  0.0, Avg:  0.0, Max:  0.0, Diff:  0.0, Sum:  0.0, Workers: 4
[434.945s][debug][gc,phases      ] GC(33)     Dead                           Min: 0, Avg:  0.0, Max: 0, Diff: 0, Sum: 0, Workers: 4
[434.945s][debug][gc,phases      ] GC(33)     Total                          Min: 0, Avg:  0.0, Max: 0, Diff: 0, Sum: 0, Workers: 4
[434.945s][debug][gc,phases      ] GC(33)   StringDedup Requests0 Weak     Min:  0.0, Avg:  0.0, Max:  0.0, Diff:  0.0, Sum:  0.0, Workers: 4
[434.945s][debug][gc,phases      ] GC(33)     Dead                           Min: 0, Avg:  0.0, Max: 0, Diff: 0, Sum: 0, Workers: 4
[434.945s][debug][gc,phases      ] GC(33)     Total                          Min: 0, Avg:  0.0, Max: 0, Diff: 0, Sum: 0, Workers: 4
[434.945s][debug][gc,phases      ] GC(33)   StringDedup Requests1 Weak     Min:  0.0, Avg:  0.0, Max:  0.0, Diff:  0.0, Sum:  0.0, Workers: 4
[434.945s][debug][gc,phases      ] GC(33)     Dead                           Min: 0, Avg:  0.0, Max: 0, Diff: 0, Sum: 0, Workers: 4
[434.945s][debug][gc,phases      ] GC(33)     Total                          Min: 0, Avg:  0.0, Max: 0, Diff: 0, Sum: 0, Workers: 4
[434.945s][debug][gc,phases      ] GC(33)   Weak JFR Old Object Samples    Min:  0.0, Avg:  0.0, Max:  0.0, Diff:  0.0, Sum:  0.0, Workers: 4
[434.945s][debug][gc,phases      ] GC(33)     Dead                           Min: 0, Avg:  0.0, Max: 0, Diff: 0, Sum: 0, Workers: 4
[434.945s][debug][gc,phases      ] GC(33)     Total                          Min: 0, Avg:  0.0, Max: 0, Diff: 0, Sum: 0, Workers: 4
[434.945s][debug][gc,phases      ] GC(33) Weak Processing 0.372ms
[434.945s][debug][gc,age         ] GC(33) Desired survivor size 109576192 bytes, new threshold 1 (max threshold 15)
[434.945s][info ][gc,heap        ] GC(33) PSYoungGen: 1866784K(1982976K)->5952K(1976320K) Eden: 1862144K(1862144K)->0K(1862144K) From: 4640K(120832K)->5952K(114176K)
[434.945s][info ][gc,heap        ] GC(33) ParOldGen: 281222K(281600K)->281970K(282112K)
[434.945s][info ][gc,metaspace   ] GC(33) Metaspace: 105347K(106688K)->105347K(106688K) NonClass: 89385K(90112K)->89385K(90112K) Class: 15962K(16576K)->15962K(16576K)
[434.945s][info ][gc             ] GC(33) Pause Young (Allocation Failure) 2097M->281M(2205M) 5.840ms
[434.945s][info ][gc,cpu         ] GC(33) User=0.02s Sys=0.00s Real=0.01s
[434.946s][info ][safepoint      ] Safepoint "ParallelGCFailedAllocation", Time since last: 1785448905 ns, Reaching safepoint: 4600 ns, Cleanup: 8000 ns, At safepoint: 5903020 ns, Total: 5915620 ns
[435.946s][info ][safepoint      ] Safepoint "Cleanup", Time since last: 1000078763 ns, Reaching safepoint: 5400 ns, Cleanup: 6800 ns, At safepoint: 1900 ns, Total: 14100 ns
[436.946s][info ][safepoint      ] Safepoint "Cleanup", Time since last: 1000099964 ns, Reaching safepoint: 5200 ns, Cleanup: 10600 ns, At safepoint: 2000 ns, Total: 17800 ns
[437.946s][info ][safepoint      ] Safepoint "Cleanup", Time since last: 1000109963 ns, Reaching safepoint: 5200 ns, Cleanup: 10800 ns, At safepoint: 1900 ns, Total: 17900 ns
[438.946s][info ][safepoint      ] Safepoint "Cleanup", Time since last: 1000104660 ns, Reaching safepoint: 5200 ns, Cleanup: 27200 ns, At safepoint: 2200 ns, Total: 34600 ns
[439.946s][info ][safepoint      ] Safepoint "Cleanup", Time since last: 1000106064 ns, Reaching safepoint: 5400 ns, Cleanup: 22900 ns, At safepoint: 2300 ns, Total: 30600 ns
[440.946s][info ][safepoint      ] Safepoint "Cleanup", Time since last: 1000101864 ns, Reaching safepoint: 4800 ns, Cleanup: 23100 ns, At safepoint: 1700 ns, Total: 29600 ns
[442.946s][info ][safepoint      ] Safepoint "Cleanup", Time since last: 2000165364 ns, Reaching safepoint: 6000 ns, Cleanup: 10000 ns, At safepoint: 2000 ns, Total: 18000 ns
[443.947s][info ][safepoint      ] Safepoint "Cleanup", Time since last: 1000097242 ns, Reaching safepoint: 4700 ns, Cleanup: 8200 ns, At safepoint: 1500 ns, Total: 14400 ns
[447.947s][info ][safepoint      ] Safepoint "Cleanup", Time since last: 4000291905 ns, Reaching safepoint: 5500 ns, Cleanup: 9100 ns, At safepoint: 2000 ns, Total: 16600 ns
[448.947s][info ][safepoint      ] Safepoint "Cleanup", Time since last: 1000110165 ns, Reaching safepoint: 5600 ns, Cleanup: 10800 ns, At safepoint: 2100 ns, Total: 18500 ns
[449.947s][info ][safepoint      ] Safepoint "Cleanup", Time since last: 1000119566 ns, Reaching safepoint: 4500 ns, Cleanup: 7100 ns, At safepoint: 1600 ns, Total: 13200 ns
[450.947s][info ][safepoint      ] Safepoint "Cleanup", Time since last: 1000098065 ns, Reaching safepoint: 5300 ns, Cleanup: 15400 ns, At safepoint: 1700 ns, Total: 22400 ns
[451.947s][info ][safepoint      ] Safepoint "Cleanup", Time since last: 1000097365 ns, Reaching safepoint: 5200 ns, Cleanup: 11700 ns, At safepoint: 1900 ns, Total: 18800 ns
[452.947s][info ][safepoint      ] Safepoint "Cleanup", Time since last: 1000103565 ns, Reaching safepoint: 5600 ns, Cleanup: 8900 ns, At safepoint: 2100 ns, Total: 16600 ns
[453.948s][info ][safepoint      ] Safepoint "Cleanup", Time since last: 1000109526 ns, Reaching safepoint: 6200 ns, Cleanup: 13900 ns, At safepoint: 2000 ns, Total: 22100 ns
[454.948s][info ][safepoint      ] Safepoint "Cleanup", Time since last: 1000097899 ns, Reaching safepoint: 4800 ns, Cleanup: 12500 ns, At safepoint: 1800 ns, Total: 19100 ns
[455.562s][info ][gc,start       ] GC(34) Pause Young (Allocation Failure)
[455.567s][debug][gc,phases      ] GC(34) Scavenge 4.641ms
[455.567s][debug][gc,ref         ] GC(34) ReferenceProcessor::execute queues: 1, RefProcThreadModel::Single, marks_oops_alive: false
[455.567s][debug][gc,ref         ] GC(34) Skipped KeepAliveFinalRefsPhase of Reference Processing: no references
[455.567s][debug][gc,ref         ] GC(34) ReferenceProcessor::execute queues: 1, RefProcThreadModel::Single, marks_oops_alive: false
[455.567s][debug][gc,phases      ] GC(34) Reference Processing 0.102ms
[455.567s][debug][gc,phases      ] GC(34)   VM Weak                        Min:  0.0, Avg:  0.0, Max:  0.0, Diff:  0.0, Sum:  0.0, Workers: 4
[455.567s][debug][gc,phases      ] GC(34)     Dead                           Min: 0, Avg:  0.0, Max: 0, Diff: 0, Sum: 0, Workers: 4
[455.567s][debug][gc,phases      ] GC(34)     Total                          Min: 0, Avg: 256.0, Max: 832, Diff: 832, Sum: 1024, Workers: 4
[455.567s][debug][gc,phases      ] GC(34)   ObjectSynchronizer Weak        Min:  0.0, Avg:  0.0, Max:  0.0, Diff:  0.0, Sum:  0.0, Workers: 4
[455.567s][debug][gc,phases      ] GC(34)     Dead                           Min: 0, Avg:  0.0, Max: 0, Diff: 0, Sum: 0, Workers: 4
[455.567s][debug][gc,phases      ] GC(34)     Total                          Min: 0, Avg:  1.0, Max: 4, Diff: 4, Sum: 4, Workers: 4
[455.567s][debug][gc,phases      ] GC(34)   JVMTI Tag Weak OopStorage      Min:  0.0, Avg:  0.0, Max:  0.0, Diff:  0.0, Sum:  0.0, Workers: 4
[455.567s][debug][gc,phases      ] GC(34)     Dead                           Min: 0, Avg:  0.0, Max: 0, Diff: 0, Sum: 0, Workers: 4
[455.567s][debug][gc,phases      ] GC(34)     Total                          Min: 0, Avg:  0.0, Max: 0, Diff: 0, Sum: 0, Workers: 4
[455.567s][debug][gc,phases      ] GC(34)   StringTable Weak               Min:  0.1, Avg:  0.1, Max:  0.1, Diff:  0.0, Sum:  0.5, Workers: 4
[455.567s][debug][gc,phases      ] GC(34)     Dead                           Min: 0, Avg:  0.2, Max: 1, Diff: 1, Sum: 1, Workers: 4
[455.567s][debug][gc,phases      ] GC(34)     Total                          Min: 11264, Avg: 11519.8, Max: 11712, Diff: 448, Sum: 46079, Workers: 4
[455.567s][debug][gc,phases      ] GC(34)   ResolvedMethodTable Weak       Min:  0.0, Avg:  0.0, Max:  0.0, Diff:  0.0, Sum:  0.2, Workers: 4
[455.567s][debug][gc,phases      ] GC(34)     Dead                           Min: 0, Avg:  4.5, Max: 16, Diff: 16, Sum: 18, Workers: 4
[455.567s][debug][gc,phases      ] GC(34)     Total                          Min: 3624, Avg: 3797.0, Max: 3984, Diff: 360, Sum: 15188, Workers: 4
[455.567s][debug][gc,phases      ] GC(34)   JNI Weak                       Min:  0.0, Avg:  0.0, Max:  0.0, Diff:  0.0, Sum:  0.0, Workers: 4
[455.567s][debug][gc,phases      ] GC(34)     Dead                           Min: 0, Avg:  0.0, Max: 0, Diff: 0, Sum: 0, Workers: 4
[455.567s][debug][gc,phases      ] GC(34)     Total                          Min: 0, Avg: 13.0, Max: 52, Diff: 52, Sum: 52, Workers: 4
[455.567s][debug][gc,phases      ] GC(34)   StringDedup Table Weak         Min:  0.0, Avg:  0.0, Max:  0.0, Diff:  0.0, Sum:  0.0, Workers: 4
[455.567s][debug][gc,phases      ] GC(34)     Dead                           Min: 0, Avg:  0.0, Max: 0, Diff: 0, Sum: 0, Workers: 4
[455.567s][debug][gc,phases      ] GC(34)     Total                          Min: 0, Avg:  0.0, Max: 0, Diff: 0, Sum: 0, Workers: 4
[455.567s][debug][gc,phases      ] GC(34)   StringDedup Requests0 Weak     Min:  0.0, Avg:  0.0, Max:  0.0, Diff:  0.0, Sum:  0.0, Workers: 4
[455.567s][debug][gc,phases      ] GC(34)     Dead                           Min: 0, Avg:  0.0, Max: 0, Diff: 0, Sum: 0, Workers: 4
[455.567s][debug][gc,phases      ] GC(34)     Total                          Min: 0, Avg:  0.0, Max: 0, Diff: 0, Sum: 0, Workers: 4
[455.567s][debug][gc,phases      ] GC(34)   StringDedup Requests1 Weak     Min:  0.0, Avg:  0.0, Max:  0.0, Diff:  0.0, Sum:  0.0, Workers: 4
[455.567s][debug][gc,phases      ] GC(34)     Dead                           Min: 0, Avg:  0.0, Max: 0, Diff: 0, Sum: 0, Workers: 4
[455.567s][debug][gc,phases      ] GC(34)     Total                          Min: 0, Avg:  0.0, Max: 0, Diff: 0, Sum: 0, Workers: 4
[455.567s][debug][gc,phases      ] GC(34)   Weak JFR Old Object Samples    Min:  0.0, Avg:  0.0, Max:  0.0, Diff:  0.0, Sum:  0.0, Workers: 4
[455.567s][debug][gc,phases      ] GC(34)     Dead                           Min: 0, Avg:  0.0, Max: 0, Diff: 0, Sum: 0, Workers: 4
[455.567s][debug][gc,phases      ] GC(34)     Total                          Min: 0, Avg:  0.0, Max: 0, Diff: 0, Sum: 0, Workers: 4
[455.567s][debug][gc,phases      ] GC(34) Weak Processing 0.360ms
[455.567s][debug][gc,age         ] GC(34) Desired survivor size 103284736 bytes, new threshold 1 (max threshold 15)
[455.567s][info ][gc,heap        ] GC(34) PSYoungGen: 1868029K(1976320K)->4512K(1996288K) Eden: 1862077K(1862144K)->0K(1889280K) From: 5952K(114176K)->4512K(107008K)
[455.567s][info ][gc,heap        ] GC(34) ParOldGen: 281970K(282112K)->284346K(284672K)
[455.567s][info ][gc,metaspace   ] GC(34) Metaspace: 105473K(106816K)->105473K(106816K) NonClass: 89495K(90240K)->89495K(90240K) Class: 15978K(16576K)->15978K(16576K)
[455.567s][info ][gc             ] GC(34) Pause Young (Allocation Failure) 2099M->282M(2227M) 5.211ms
[455.567s][info ][gc,cpu         ] GC(34) User=0.02s Sys=0.00s Real=0.01s
[455.567s][info ][safepoint      ] Safepoint "ParallelGCFailedAllocation", Time since last: 614427890 ns, Reaching safepoint: 4700 ns, Cleanup: 9600 ns, At safepoint: 5270716 ns, Total: 5285016 ns
[460.568s][info ][safepoint      ] Safepoint "Cleanup", Time since last: 5000354769 ns, Reaching safepoint: 5500 ns, Cleanup: 6100 ns, At safepoint: 1500 ns, Total: 13100 ns
[462.568s][info ][safepoint      ] Safepoint "Cleanup", Time since last: 2000165566 ns, Reaching safepoint: 5300 ns, Cleanup: 6600 ns, At safepoint: 1500 ns, Total: 13400 ns
[463.568s][info ][safepoint      ] Safepoint "Cleanup", Time since last: 1000108901 ns, Reaching safepoint: 5900 ns, Cleanup: 11900 ns, At safepoint: 2100 ns, Total: 19900 ns
[466.568s][info ][safepoint      ] Safepoint "Cleanup", Time since last: 3000254104 ns, Reaching safepoint: 5600 ns, Cleanup: 7100 ns, At safepoint: 1700 ns, Total: 14400 ns
[468.569s][info ][safepoint      ] Safepoint "Cleanup", Time since last: 2000174403 ns, Reaching safepoint: 5500 ns, Cleanup: 8900 ns, At safepoint: 2000 ns, Total: 16400 ns
[471.569s][info ][safepoint      ] Safepoint "Cleanup", Time since last: 3000254254 ns, Reaching safepoint: 5200 ns, Cleanup: 7401 ns, At safepoint: 1600 ns, Total: 14201 ns
[472.569s][info ][safepoint      ] Safepoint "Cleanup", Time since last: 1000099459 ns, Reaching safepoint: 6000 ns, Cleanup: 8500 ns, At safepoint: 2000 ns, Total: 16500 ns
[474.569s][info ][safepoint      ] Safepoint "Cleanup", Time since last: 2000185119 ns, Reaching safepoint: 5500 ns, Cleanup: 14100 ns, At safepoint: 2000 ns, Total: 21600 ns
[476.806s][info ][gc,start       ] GC(35) Pause Young (Allocation Failure)
[476.810s][debug][gc,phases      ] GC(35) Scavenge 3.750ms
[476.810s][debug][gc,ref         ] GC(35) ReferenceProcessor::execute queues: 1, RefProcThreadModel::Single, marks_oops_alive: false
[476.810s][debug][gc,ref         ] GC(35) Skipped KeepAliveFinalRefsPhase of Reference Processing: no references
[476.810s][debug][gc,ref         ] GC(35) ReferenceProcessor::execute queues: 1, RefProcThreadModel::Single, marks_oops_alive: false
[476.810s][debug][gc,phases      ] GC(35) Reference Processing 0.099ms
[476.811s][debug][gc,phases      ] GC(35)   VM Weak                        Min:  0.0, Avg:  0.0, Max:  0.0, Diff:  0.0, Sum:  0.0, Workers: 4
[476.811s][debug][gc,phases      ] GC(35)     Dead                           Min: 0, Avg:  0.0, Max: 0, Diff: 0, Sum: 0, Workers: 4
[476.811s][debug][gc,phases      ] GC(35)     Total                          Min: 0, Avg: 256.0, Max: 1024, Diff: 1024, Sum: 1024, Workers: 4
[476.811s][debug][gc,phases      ] GC(35)   ObjectSynchronizer Weak        Min:  0.0, Avg:  0.0, Max:  0.0, Diff:  0.0, Sum:  0.0, Workers: 4
[476.811s][debug][gc,phases      ] GC(35)     Dead                           Min: 0, Avg:  0.0, Max: 0, Diff: 0, Sum: 0, Workers: 4
[476.811s][debug][gc,phases      ] GC(35)     Total                          Min: 0, Avg:  1.0, Max: 4, Diff: 4, Sum: 4, Workers: 4
[476.811s][debug][gc,phases      ] GC(35)   JVMTI Tag Weak OopStorage      Min:  0.0, Avg:  0.0, Max:  0.0, Diff:  0.0, Sum:  0.0, Workers: 4
[476.811s][debug][gc,phases      ] GC(35)     Dead                           Min: 0, Avg:  0.0, Max: 0, Diff: 0, Sum: 0, Workers: 4
[476.811s][debug][gc,phases      ] GC(35)     Total                          Min: 0, Avg:  0.0, Max: 0, Diff: 0, Sum: 0, Workers: 4
[476.811s][debug][gc,phases      ] GC(35)   StringTable Weak               Min:  0.0, Avg:  0.1, Max:  0.1, Diff:  0.1, Sum:  0.4, Workers: 4
[476.811s][debug][gc,phases      ] GC(35)     Dead                           Min: 0, Avg:  0.5, Max: 2, Diff: 2, Sum: 2, Workers: 4
[476.811s][debug][gc,phases      ] GC(35)     Total                          Min: 0, Avg: 11522.0, Max: 19711, Diff: 19711, Sum: 46088, Workers: 4
[476.811s][debug][gc,phases      ] GC(35)   ResolvedMethodTable Weak       Min:  0.0, Avg:  0.0, Max:  0.0, Diff:  0.0, Sum:  0.1, Workers: 4
[476.811s][debug][gc,phases      ] GC(35)     Dead                           Min: 0, Avg:  0.0, Max: 0, Diff: 0, Sum: 0, Workers: 4
[476.811s][debug][gc,phases      ] GC(35)     Total                          Min: 0, Avg: 3798.8, Max: 6570, Diff: 6570, Sum: 15195, Workers: 4
[476.811s][debug][gc,phases      ] GC(35)   JNI Weak                       Min:  0.0, Avg:  0.0, Max:  0.0, Diff:  0.0, Sum:  0.0, Workers: 4
[476.811s][debug][gc,phases      ] GC(35)     Dead                           Min: 0, Avg:  0.0, Max: 0, Diff: 0, Sum: 0, Workers: 4
[476.811s][debug][gc,phases      ] GC(35)     Total                          Min: 0, Avg: 13.0, Max: 52, Diff: 52, Sum: 52, Workers: 4
[476.811s][debug][gc,phases      ] GC(35)   StringDedup Table Weak         Min:  0.0, Avg:  0.0, Max:  0.0, Diff:  0.0, Sum:  0.0, Workers: 4
[476.811s][debug][gc,phases      ] GC(35)     Dead                           Min: 0, Avg:  0.0, Max: 0, Diff: 0, Sum: 0, Workers: 4
[476.811s][debug][gc,phases      ] GC(35)     Total                          Min: 0, Avg:  0.0, Max: 0, Diff: 0, Sum: 0, Workers: 4
[476.811s][debug][gc,phases      ] GC(35)   StringDedup Requests0 Weak     Min:  0.0, Avg:  0.0, Max:  0.0, Diff:  0.0, Sum:  0.0, Workers: 4
[476.811s][debug][gc,phases      ] GC(35)     Dead                           Min: 0, Avg:  0.0, Max: 0, Diff: 0, Sum: 0, Workers: 4
[476.811s][debug][gc,phases      ] GC(35)     Total                          Min: 0, Avg:  0.0, Max: 0, Diff: 0, Sum: 0, Workers: 4
[476.811s][debug][gc,phases      ] GC(35)   StringDedup Requests1 Weak     Min:  0.0, Avg:  0.0, Max:  0.0, Diff:  0.0, Sum:  0.0, Workers: 4
[476.811s][debug][gc,phases      ] GC(35)     Dead                           Min: 0, Avg:  0.0, Max: 0, Diff: 0, Sum: 0, Workers: 4
[476.811s][debug][gc,phases      ] GC(35)     Total                          Min: 0, Avg:  0.0, Max: 0, Diff: 0, Sum: 0, Workers: 4
[476.811s][debug][gc,phases      ] GC(35)   Weak JFR Old Object Samples    Min:  0.0, Avg:  0.0, Max:  0.0, Diff:  0.0, Sum:  0.0, Workers: 4
[476.811s][debug][gc,phases      ] GC(35)     Dead                           Min: 0, Avg:  0.0, Max: 0, Diff: 0, Sum: 0, Workers: 4
[476.811s][debug][gc,phases      ] GC(35)     Total                          Min: 0, Avg:  0.0, Max: 0, Diff: 0, Sum: 0, Workers: 4
[476.811s][debug][gc,phases      ] GC(35) Weak Processing 0.413ms
[476.811s][debug][gc,age         ] GC(35) Desired survivor size 96993280 bytes, new threshold 1 (max threshold 15)
[476.811s][info ][gc,heap        ] GC(35) PSYoungGen: 1893792K(1996288K)->4176K(1990144K) Eden: 1889280K(1889280K)->0K(1889280K) From: 4512K(107008K)->4176K(100864K)
[476.811s][info ][gc,heap        ] GC(35) ParOldGen: 284346K(284672K)->285271K(285696K)
[476.811s][info ][gc,metaspace   ] GC(35) Metaspace: 105506K(106816K)->105506K(106816K) NonClass: 89523K(90240K)->89523K(90240K) Class: 15982K(16576K)->15982K(16576K)
[476.811s][info ][gc             ] GC(35) Pause Young (Allocation Failure) 2127M->282M(2222M) 4.377ms
[476.811s][info ][gc,cpu         ] GC(35) User=0.01s Sys=0.00s Real=0.00s
[476.811s][info ][safepoint      ] Safepoint "ParallelGCFailedAllocation", Time since last: 2237202297 ns, Reaching safepoint: 5800 ns, Cleanup: 3500 ns, At safepoint: 4439913 ns, Total: 4449213 ns
[483.170s][info ][safepoint      ] Safepoint "Cleanup", Time since last: 6359001710 ns, Reaching safepoint: 5800 ns, Cleanup: 7200 ns, At safepoint: 18900 ns, Total: 31900 ns
[488.170s][info ][safepoint      ] Safepoint "Cleanup", Time since last: 5000385243 ns, Reaching safepoint: 4800 ns, Cleanup: 9100 ns, At safepoint: 2000 ns, Total: 15900 ns
[489.170s][info ][safepoint      ] Safepoint "Cleanup", Time since last: 1000099741 ns, Reaching safepoint: 5000 ns, Cleanup: 8600 ns, At safepoint: 1400 ns, Total: 15000 ns
[492.171s][info ][safepoint      ] Safepoint "Cleanup", Time since last: 3000230424 ns, Reaching safepoint: 5200 ns, Cleanup: 24600 ns, At safepoint: 1900 ns, Total: 31700 ns
[493.171s][info ][safepoint      ] Safepoint "Cleanup", Time since last: 1000100742 ns, Reaching safepoint: 5800 ns, Cleanup: 6800 ns, At safepoint: 2000 ns, Total: 14600 ns
[494.171s][info ][safepoint      ] Safepoint "Cleanup", Time since last: 1000102241 ns, Reaching safepoint: 4800 ns, Cleanup: 10100 ns, At safepoint: 1600 ns, Total: 16500 ns
[495.171s][info ][safepoint      ] Safepoint "Cleanup", Time since last: 1000092256 ns, Reaching safepoint: 4500 ns, Cleanup: 10600 ns, At safepoint: 1500 ns, Total: 16600 ns
[496.171s][info ][safepoint      ] Safepoint "Cleanup", Time since last: 1000096331 ns, Reaching safepoint: 5400 ns, Cleanup: 8700 ns, At safepoint: 2000 ns, Total: 16100 ns
[497.171s][info ][safepoint      ] Safepoint "Cleanup", Time since last: 1000109832 ns, Reaching safepoint: 6200 ns, Cleanup: 9800 ns, At safepoint: 2800 ns, Total: 18800 ns
[498.171s][info ][safepoint      ] Safepoint "Cleanup", Time since last: 1000108932 ns, Reaching safepoint: 5200 ns, Cleanup: 8700 ns, At safepoint: 1700 ns, Total: 15600 ns
[498.412s][info ][gc,start       ] GC(36) Pause Young (Allocation Failure)
[498.416s][debug][gc,phases      ] GC(36) Scavenge 3.605ms
[498.416s][debug][gc,ref         ] GC(36) ReferenceProcessor::execute queues: 1, RefProcThreadModel::Single, marks_oops_alive: false
[498.416s][debug][gc,ref         ] GC(36) Skipped KeepAliveFinalRefsPhase of Reference Processing: no references
[498.416s][debug][gc,ref         ] GC(36) ReferenceProcessor::execute queues: 1, RefProcThreadModel::Single, marks_oops_alive: false
[498.416s][debug][gc,phases      ] GC(36) Reference Processing 0.097ms
[498.416s][debug][gc,phases      ] GC(36)   VM Weak                        Min:  0.0, Avg:  0.0, Max:  0.0, Diff:  0.0, Sum:  0.0, Workers: 4
[498.416s][debug][gc,phases      ] GC(36)     Dead                           Min: 0, Avg:  0.0, Max: 0, Diff: 0, Sum: 0, Workers: 4
[498.416s][debug][gc,phases      ] GC(36)     Total                          Min: 0, Avg: 257.2, Max: 901, Diff: 901, Sum: 1029, Workers: 4
[498.416s][debug][gc,phases      ] GC(36)   ObjectSynchronizer Weak        Min:  0.0, Avg:  0.0, Max:  0.0, Diff:  0.0, Sum:  0.0, Workers: 4
[498.416s][debug][gc,phases      ] GC(36)     Dead                           Min: 0, Avg:  0.0, Max: 0, Diff: 0, Sum: 0, Workers: 4
[498.416s][debug][gc,phases      ] GC(36)     Total                          Min: 0, Avg:  1.0, Max: 4, Diff: 4, Sum: 4, Workers: 4
[498.416s][debug][gc,phases      ] GC(36)   JVMTI Tag Weak OopStorage      Min:  0.0, Avg:  0.0, Max:  0.0, Diff:  0.0, Sum:  0.0, Workers: 4
[498.416s][debug][gc,phases      ] GC(36)     Dead                           Min: 0, Avg:  0.0, Max: 0, Diff: 0, Sum: 0, Workers: 4
[498.416s][debug][gc,phases      ] GC(36)     Total                          Min: 0, Avg:  0.0, Max: 0, Diff: 0, Sum: 0, Workers: 4
[498.416s][debug][gc,phases      ] GC(36)   StringTable Weak               Min:  0.0, Avg:  0.1, Max:  0.1, Diff:  0.1, Sum:  0.4, Workers: 4
[498.416s][debug][gc,phases      ] GC(36)     Dead                           Min: 0, Avg:  0.5, Max: 2, Diff: 2, Sum: 2, Workers: 4
[498.416s][debug][gc,phases      ] GC(36)     Total                          Min: 0, Avg: 11526.8, Max: 20187, Diff: 20187, Sum: 46107, Workers: 4
[498.416s][debug][gc,phases      ] GC(36)   ResolvedMethodTable Weak       Min:  0.0, Avg:  0.0, Max:  0.0, Diff:  0.0, Sum:  0.1, Workers: 4
[498.416s][debug][gc,phases      ] GC(36)     Dead                           Min: 0, Avg:  6.2, Max: 25, Diff: 25, Sum: 25, Workers: 4
[498.416s][debug][gc,phases      ] GC(36)     Total                          Min: 0, Avg: 3808.5, Max: 6479, Diff: 6479, Sum: 15234, Workers: 4
[498.416s][debug][gc,phases      ] GC(36)   JNI Weak                       Min:  0.0, Avg:  0.0, Max:  0.0, Diff:  0.0, Sum:  0.0, Workers: 4
[498.416s][debug][gc,phases      ] GC(36)     Dead                           Min: 0, Avg:  0.0, Max: 0, Diff: 0, Sum: 0, Workers: 4
[498.416s][debug][gc,phases      ] GC(36)     Total                          Min: 0, Avg: 13.0, Max: 52, Diff: 52, Sum: 52, Workers: 4
[498.416s][debug][gc,phases      ] GC(36)   StringDedup Table Weak         Min:  0.0, Avg:  0.0, Max:  0.0, Diff:  0.0, Sum:  0.0, Workers: 4
[498.416s][debug][gc,phases      ] GC(36)     Dead                           Min: 0, Avg:  0.0, Max: 0, Diff: 0, Sum: 0, Workers: 4
[498.416s][debug][gc,phases      ] GC(36)     Total                          Min: 0, Avg:  0.0, Max: 0, Diff: 0, Sum: 0, Workers: 4
[498.416s][debug][gc,phases      ] GC(36)   StringDedup Requests0 Weak     Min:  0.0, Avg:  0.0, Max:  0.0, Diff:  0.0, Sum:  0.0, Workers: 4
[498.416s][debug][gc,phases      ] GC(36)     Dead                           Min: 0, Avg:  0.0, Max: 0, Diff: 0, Sum: 0, Workers: 4
[498.416s][debug][gc,phases      ] GC(36)     Total                          Min: 0, Avg:  0.0, Max: 0, Diff: 0, Sum: 0, Workers: 4
[498.416s][debug][gc,phases      ] GC(36)   StringDedup Requests1 Weak     Min:  0.0, Avg:  0.0, Max:  0.0, Diff:  0.0, Sum:  0.0, Workers: 4
[498.416s][debug][gc,phases      ] GC(36)     Dead                           Min: 0, Avg:  0.0, Max: 0, Diff: 0, Sum: 0, Workers: 4
[498.416s][debug][gc,phases      ] GC(36)     Total                          Min: 0, Avg:  0.0, Max: 0, Diff: 0, Sum: 0, Workers: 4
[498.416s][debug][gc,phases      ] GC(36)   Weak JFR Old Object Samples    Min:  0.0, Avg:  0.0, Max:  0.0, Diff:  0.0, Sum:  0.0, Workers: 4
[498.416s][debug][gc,phases      ] GC(36)     Dead                           Min: 0, Avg:  0.0, Max: 0, Diff: 0, Sum: 0, Workers: 4
[498.416s][debug][gc,phases      ] GC(36)     Total                          Min: 0, Avg:  0.0, Max: 0, Diff: 0, Sum: 0, Workers: 4
[498.416s][debug][gc,phases      ] GC(36) Weak Processing 0.377ms
[498.416s][debug][gc,age         ] GC(36) Desired survivor size 90701824 bytes, new threshold 1 (max threshold 15)
[498.417s][info ][gc,heap        ] GC(36) PSYoungGen: 1893456K(1990144K)->4517K(2008576K) Eden: 1889280K(1889280K)->0K(1913856K) From: 4176K(100864K)->4517K(94720K)
[498.417s][info ][gc,heap        ] GC(36) ParOldGen: 285271K(285696K)->285923K(286208K)
[498.417s][info ][gc,metaspace   ] GC(36) Metaspace: 105593K(106944K)->105593K(106944K) NonClass: 89597K(90304K)->89597K(90304K) Class: 15995K(16640K)->15995K(16640K)
[498.417s][info ][gc             ] GC(36) Pause Young (Allocation Failure) 2127M->283M(2241M) 4.186ms
[498.417s][info ][gc,cpu         ] GC(36) User=0.01s Sys=0.00s Real=0.01s
[498.417s][info ][safepoint      ] Safepoint "ParallelGCFailedAllocation", Time since last: 240881075 ns, Reaching safepoint: 80200 ns, Cleanup: 3600 ns, At safepoint: 4250915 ns, Total: 4334715 ns
[499.417s][info ][safepoint      ] Safepoint "Cleanup", Time since last: 1000082332 ns, Reaching safepoint: 5000 ns, Cleanup: 9500 ns, At safepoint: 1700 ns, Total: 16200 ns
[500.417s][info ][safepoint      ] Safepoint "Cleanup", Time since last: 1000101532 ns, Reaching safepoint: 4900 ns, Cleanup: 12000 ns, At safepoint: 1600 ns, Total: 18500 ns
[505.417s][info ][safepoint      ] Safepoint "Cleanup", Time since last: 5000374068 ns, Reaching safepoint: 6000 ns, Cleanup: 9600 ns, At safepoint: 2000 ns, Total: 17600 ns
[507.417s][info ][safepoint      ] Safepoint "Cleanup", Time since last: 2000207279 ns, Reaching safepoint: 5200 ns, Cleanup: 7200 ns, At safepoint: 1600 ns, Total: 14000 ns
[510.418s][info ][safepoint      ] Safepoint "Cleanup", Time since last: 3000228552 ns, Reaching safepoint: 4601 ns, Cleanup: 7200 ns, At safepoint: 1600 ns, Total: 13401 ns
[513.418s][info ][safepoint      ] Safepoint "Cleanup", Time since last: 3000235564 ns, Reaching safepoint: 4800 ns, Cleanup: 8300 ns, At safepoint: 1700 ns, Total: 14800 ns
[514.418s][info ][safepoint      ] Safepoint "Cleanup", Time since last: 1000098821 ns, Reaching safepoint: 5301 ns, Cleanup: 7800 ns, At safepoint: 2200 ns, Total: 15301 ns
[515.418s][info ][safepoint      ] Safepoint "Cleanup", Time since last: 1000101521 ns, Reaching safepoint: 4700 ns, Cleanup: 11100 ns, At safepoint: 26700 ns, Total: 42500 ns
[516.418s][info ][safepoint      ] Safepoint "Cleanup", Time since last: 1000105822 ns, Reaching safepoint: 5800 ns, Cleanup: 16900 ns, At safepoint: 2100 ns, Total: 24800 ns
[517.418s][info ][safepoint      ] Safepoint "Cleanup", Time since last: 1000100921 ns, Reaching safepoint: 4700 ns, Cleanup: 16000 ns, At safepoint: 1700 ns, Total: 22400 ns
[518.419s][info ][safepoint      ] Safepoint "Cleanup", Time since last: 1000108524 ns, Reaching safepoint: 4900 ns, Cleanup: 13700 ns, At safepoint: 1500 ns, Total: 20100 ns
[519.419s][info ][safepoint      ] Safepoint "Cleanup", Time since last: 1000109942 ns, Reaching safepoint: 5100 ns, Cleanup: 19700 ns, At safepoint: 2000 ns, Total: 26800 ns
[519.957s][info ][gc,start       ] GC(37) Pause Young (Allocation Failure)
[519.960s][debug][gc,phases      ] GC(37) Scavenge 3.827ms
[519.960s][debug][gc,ref         ] GC(37) ReferenceProcessor::execute queues: 1, RefProcThreadModel::Single, marks_oops_alive: false
[519.961s][debug][gc,ref         ] GC(37) Skipped KeepAliveFinalRefsPhase of Reference Processing: no references
[519.961s][debug][gc,ref         ] GC(37) Skipped PhantomRefsPhase of Reference Processing: no references
[519.961s][debug][gc,phases      ] GC(37) Reference Processing 0.098ms
[519.961s][debug][gc,phases      ] GC(37)   VM Weak                        Min:  0.0, Avg:  0.0, Max:  0.0, Diff:  0.0, Sum:  0.0, Workers: 4
[519.961s][debug][gc,phases      ] GC(37)     Dead                           Min: 0, Avg:  0.0, Max: 0, Diff: 0, Sum: 0, Workers: 4
[519.961s][debug][gc,phases      ] GC(37)     Total                          Min: 0, Avg: 257.2, Max: 960, Diff: 960, Sum: 1029, Workers: 4
[519.961s][debug][gc,phases      ] GC(37)   ObjectSynchronizer Weak        Min:  0.0, Avg:  0.0, Max:  0.0, Diff:  0.0, Sum:  0.0, Workers: 4
[519.961s][debug][gc,phases      ] GC(37)     Dead                           Min: 0, Avg:  0.0, Max: 0, Diff: 0, Sum: 0, Workers: 4
[519.961s][debug][gc,phases      ] GC(37)     Total                          Min: 0, Avg:  1.0, Max: 4, Diff: 4, Sum: 4, Workers: 4
[519.961s][debug][gc,phases      ] GC(37)   JVMTI Tag Weak OopStorage      Min:  0.0, Avg:  0.0, Max:  0.0, Diff:  0.0, Sum:  0.0, Workers: 4
[519.961s][debug][gc,phases      ] GC(37)     Dead                           Min: 0, Avg:  0.0, Max: 0, Diff: 0, Sum: 0, Workers: 4
[519.961s][debug][gc,phases      ] GC(37)     Total                          Min: 0, Avg:  0.0, Max: 0, Diff: 0, Sum: 0, Workers: 4
[519.961s][debug][gc,phases      ] GC(37)   StringTable Weak               Min:  0.0, Avg:  0.1, Max:  0.1, Diff:  0.1, Sum:  0.4, Workers: 4
[519.961s][debug][gc,phases      ] GC(37)     Dead                           Min: 0, Avg:  0.0, Max: 0, Diff: 0, Sum: 0, Workers: 4
[519.961s][debug][gc,phases      ] GC(37)     Total                          Min: 0, Avg: 11527.2, Max: 19838, Diff: 19838, Sum: 46109, Workers: 4
[519.961s][debug][gc,phases      ] GC(37)   ResolvedMethodTable Weak       Min:  0.0, Avg:  0.0, Max:  0.0, Diff:  0.0, Sum:  0.1, Workers: 4
[519.961s][debug][gc,phases      ] GC(37)     Dead                           Min: 0, Avg:  4.0, Max: 14, Diff: 14, Sum: 16, Workers: 4
[519.961s][debug][gc,phases      ] GC(37)     Total                          Min: 0, Avg: 3808.5, Max: 6351, Diff: 6351, Sum: 15234, Workers: 4
[519.961s][debug][gc,phases      ] GC(37)   JNI Weak                       Min:  0.0, Avg:  0.0, Max:  0.0, Diff:  0.0, Sum:  0.0, Workers: 4
[519.961s][debug][gc,phases      ] GC(37)     Dead                           Min: 0, Avg:  0.0, Max: 0, Diff: 0, Sum: 0, Workers: 4
[519.961s][debug][gc,phases      ] GC(37)     Total                          Min: 0, Avg: 13.0, Max: 52, Diff: 52, Sum: 52, Workers: 4
[519.961s][debug][gc,phases      ] GC(37)   StringDedup Table Weak         Min:  0.0, Avg:  0.0, Max:  0.0, Diff:  0.0, Sum:  0.0, Workers: 4
[519.961s][debug][gc,phases      ] GC(37)     Dead                           Min: 0, Avg:  0.0, Max: 0, Diff: 0, Sum: 0, Workers: 4
[519.961s][debug][gc,phases      ] GC(37)     Total                          Min: 0, Avg:  0.0, Max: 0, Diff: 0, Sum: 0, Workers: 4
[519.961s][debug][gc,phases      ] GC(37)   StringDedup Requests0 Weak     Min:  0.0, Avg:  0.0, Max:  0.0, Diff:  0.0, Sum:  0.0, Workers: 4
[519.961s][debug][gc,phases      ] GC(37)     Dead                           Min: 0, Avg:  0.0, Max: 0, Diff: 0, Sum: 0, Workers: 4
[519.961s][debug][gc,phases      ] GC(37)     Total                          Min: 0, Avg:  0.0, Max: 0, Diff: 0, Sum: 0, Workers: 4
[519.961s][debug][gc,phases      ] GC(37)   StringDedup Requests1 Weak     Min:  0.0, Avg:  0.0, Max:  0.0, Diff:  0.0, Sum:  0.0, Workers: 4
[519.961s][debug][gc,phases      ] GC(37)     Dead                           Min: 0, Avg:  0.0, Max: 0, Diff: 0, Sum: 0, Workers: 4
[519.961s][debug][gc,phases      ] GC(37)     Total                          Min: 0, Avg:  0.0, Max: 0, Diff: 0, Sum: 0, Workers: 4
[519.961s][debug][gc,phases      ] GC(37)   Weak JFR Old Object Samples    Min:  0.0, Avg:  0.0, Max:  0.0, Diff:  0.0, Sum:  0.0, Workers: 4
[519.961s][debug][gc,phases      ] GC(37)     Dead                           Min: 0, Avg:  0.0, Max: 0, Diff: 0, Sum: 0, Workers: 4
[519.961s][debug][gc,phases      ] GC(37)     Total                          Min: 0, Avg:  0.0, Max: 0, Diff: 0, Sum: 0, Workers: 4
[519.961s][debug][gc,phases      ] GC(37) Weak Processing 0.401ms
[519.961s][debug][gc,age         ] GC(37) Desired survivor size 84934656 bytes, new threshold 1 (max threshold 15)
[519.961s][info ][gc,heap        ] GC(37) PSYoungGen: 1918373K(2008576K)->4135K(2002432K) Eden: 1913856K(1913856K)->0K(1913856K) From: 4517K(94720K)->4135K(88576K)
[519.961s][info ][gc,heap        ] GC(37) ParOldGen: 285923K(286208K)->287172K(287232K)
[519.961s][info ][gc,metaspace   ] GC(37) Metaspace: 105607K(107008K)->105607K(107008K) NonClass: 89611K(90368K)->89611K(90368K) Class: 15995K(16640K)->15995K(16640K)
[519.961s][info ][gc             ] GC(37) Pause Young (Allocation Failure) 2152M->284M(2236M) 4.425ms
[519.961s][info ][gc,cpu         ] GC(37) User=0.02s Sys=0.00s Real=0.00s
[519.961s][info ][safepoint      ] Safepoint "ParallelGCFailedAllocation", Time since last: 537748051 ns, Reaching safepoint: 77500 ns, Cleanup: 15200 ns, At safepoint: 4488816 ns, Total: 4581516 ns
[520.961s][info ][safepoint      ] Safepoint "Cleanup", Time since last: 1000084742 ns, Reaching safepoint: 77600 ns, Cleanup: 9300 ns, At safepoint: 5900 ns, Total: 92800 ns
[521.961s][info ][safepoint      ] Safepoint "Cleanup", Time since last: 1000096442 ns, Reaching safepoint: 4900 ns, Cleanup: 9900 ns, At safepoint: 1500 ns, Total: 16300 ns
[522.961s][info ][safepoint      ] Safepoint "Cleanup", Time since last: 1000099142 ns, Reaching safepoint: 5200 ns, Cleanup: 16300 ns, At safepoint: 1600 ns, Total: 23100 ns
[523.962s][info ][safepoint      ] Safepoint "Cleanup", Time since last: 1000106742 ns, Reaching safepoint: 77500 ns, Cleanup: 11600 ns, At safepoint: 6300 ns, Total: 95400 ns
[525.962s][info ][safepoint      ] Safepoint "Cleanup", Time since last: 2000191884 ns, Reaching safepoint: 4900 ns, Cleanup: 14700 ns, At safepoint: 1500 ns, Total: 21100 ns
[526.962s][info ][safepoint      ] Safepoint "Cleanup", Time since last: 1000127001 ns, Reaching safepoint: 80700 ns, Cleanup: 11700 ns, At safepoint: 6200 ns, Total: 98600 ns
[528.962s][info ][safepoint      ] Safepoint "Cleanup", Time since last: 2000195447 ns, Reaching safepoint: 84800 ns, Cleanup: 8700 ns, At safepoint: 5400 ns, Total: 98900 ns
[529.963s][info ][safepoint      ] Safepoint "Cleanup", Time since last: 1000131823 ns, Reaching safepoint: 79700 ns, Cleanup: 9800 ns, At safepoint: 5700 ns, Total: 95200 ns
[530.963s][info ][safepoint      ] Safepoint "Cleanup", Time since last: 1000112923 ns, Reaching safepoint: 86301 ns, Cleanup: 6600 ns, At safepoint: 6500 ns, Total: 99401 ns
[533.963s][info ][safepoint      ] Safepoint "Cleanup", Time since last: 3000238869 ns, Reaching safepoint: 4700 ns, Cleanup: 8300 ns, At safepoint: 1700 ns, Total: 14700 ns
[536.963s][info ][safepoint      ] Safepoint "Cleanup", Time since last: 3000240208 ns, Reaching safepoint: 4800 ns, Cleanup: 6800 ns, At safepoint: 1700 ns, Total: 13300 ns
[538.963s][info ][safepoint      ] Safepoint "Cleanup", Time since last: 2000167703 ns, Reaching safepoint: 5000 ns, Cleanup: 25400 ns, At safepoint: 1800 ns, Total: 32200 ns
[541.452s][info ][gc,start       ] GC(38) Pause Young (Allocation Failure)
[541.455s][debug][gc,phases      ] GC(38) Scavenge 3.694ms
[541.455s][debug][gc,ref         ] GC(38) ReferenceProcessor::execute queues: 1, RefProcThreadModel::Single, marks_oops_alive: false
[541.455s][debug][gc,ref         ] GC(38) Skipped KeepAliveFinalRefsPhase of Reference Processing: no references
[541.455s][debug][gc,ref         ] GC(38) ReferenceProcessor::execute queues: 1, RefProcThreadModel::Single, marks_oops_alive: false
[541.455s][debug][gc,phases      ] GC(38) Reference Processing 0.087ms
[541.456s][debug][gc,phases      ] GC(38)   VM Weak                        Min:  0.0, Avg:  0.0, Max:  0.0, Diff:  0.0, Sum:  0.0, Workers: 4
[541.456s][debug][gc,phases      ] GC(38)     Dead                           Min: 0, Avg:  0.0, Max: 0, Diff: 0, Sum: 0, Workers: 4
[541.456s][debug][gc,phases      ] GC(38)     Total                          Min: 0, Avg: 257.2, Max: 896, Diff: 896, Sum: 1029, Workers: 4
[541.456s][debug][gc,phases      ] GC(38)   ObjectSynchronizer Weak        Min:  0.0, Avg:  0.0, Max:  0.0, Diff:  0.0, Sum:  0.0, Workers: 4
[541.456s][debug][gc,phases      ] GC(38)     Dead                           Min: 0, Avg:  0.0, Max: 0, Diff: 0, Sum: 0, Workers: 4
[541.456s][debug][gc,phases      ] GC(38)     Total                          Min: 0, Avg:  0.8, Max: 3, Diff: 3, Sum: 3, Workers: 4
[541.456s][debug][gc,phases      ] GC(38)   JVMTI Tag Weak OopStorage      Min:  0.0, Avg:  0.0, Max:  0.0, Diff:  0.0, Sum:  0.0, Workers: 4
[541.456s][debug][gc,phases      ] GC(38)     Dead                           Min: 0, Avg:  0.0, Max: 0, Diff: 0, Sum: 0, Workers: 4
[541.456s][debug][gc,phases      ] GC(38)     Total                          Min: 0, Avg:  0.0, Max: 0, Diff: 0, Sum: 0, Workers: 4
[541.456s][debug][gc,phases      ] GC(38)   StringTable Weak               Min:  0.0, Avg:  0.1, Max:  0.1, Diff:  0.1, Sum:  0.4, Workers: 4
[541.456s][debug][gc,phases      ] GC(38)     Dead                           Min: 0, Avg:  0.0, Max: 0, Diff: 0, Sum: 0, Workers: 4
[541.456s][debug][gc,phases      ] GC(38)     Total                          Min: 0, Avg: 11527.5, Max: 19584, Diff: 19584, Sum: 46110, Workers: 4
[541.456s][debug][gc,phases      ] GC(38)   ResolvedMethodTable Weak       Min:  0.0, Avg:  0.0, Max:  0.0, Diff:  0.0, Sum:  0.1, Workers: 4
[541.456s][debug][gc,phases      ] GC(38)     Dead                           Min: 0, Avg:  4.0, Max: 16, Diff: 16, Sum: 16, Workers: 4
[541.456s][debug][gc,phases      ] GC(38)     Total                          Min: 0, Avg: 3808.5, Max: 6285, Diff: 6285, Sum: 15234, Workers: 4
[541.456s][debug][gc,phases      ] GC(38)   JNI Weak                       Min:  0.0, Avg:  0.0, Max:  0.0, Diff:  0.0, Sum:  0.0, Workers: 4
[541.456s][debug][gc,phases      ] GC(38)     Dead                           Min: 0, Avg:  0.0, Max: 0, Diff: 0, Sum: 0, Workers: 4
[541.456s][debug][gc,phases      ] GC(38)     Total                          Min: 0, Avg: 13.0, Max: 52, Diff: 52, Sum: 52, Workers: 4
[541.456s][debug][gc,phases      ] GC(38)   StringDedup Table Weak         Min:  0.0, Avg:  0.0, Max:  0.0, Diff:  0.0, Sum:  0.0, Workers: 4
[541.456s][debug][gc,phases      ] GC(38)     Dead                           Min: 0, Avg:  0.0, Max: 0, Diff: 0, Sum: 0, Workers: 4
[541.456s][debug][gc,phases      ] GC(38)     Total                          Min: 0, Avg:  0.0, Max: 0, Diff: 0, Sum: 0, Workers: 4
[541.456s][debug][gc,phases      ] GC(38)   StringDedup Requests0 Weak     Min:  0.0, Avg:  0.0, Max:  0.0, Diff:  0.0, Sum:  0.0, Workers: 4
[541.456s][debug][gc,phases      ] GC(38)     Dead                           Min: 0, Avg:  0.0, Max: 0, Diff: 0, Sum: 0, Workers: 4
[541.456s][debug][gc,phases      ] GC(38)     Total                          Min: 0, Avg:  0.0, Max: 0, Diff: 0, Sum: 0, Workers: 4
[541.456s][debug][gc,phases      ] GC(38)   StringDedup Requests1 Weak     Min:  0.0, Avg:  0.0, Max:  0.0, Diff:  0.0, Sum:  0.0, Workers: 4
[541.456s][debug][gc,phases      ] GC(38)     Dead                           Min: 0, Avg:  0.0, Max: 0, Diff: 0, Sum: 0, Workers: 4
[541.456s][debug][gc,phases      ] GC(38)     Total                          Min: 0, Avg:  0.0, Max: 0, Diff: 0, Sum: 0, Workers: 4
[541.456s][debug][gc,phases      ] GC(38)   Weak JFR Old Object Samples    Min:  0.0, Avg:  0.0, Max:  0.0, Diff:  0.0, Sum:  0.0, Workers: 4
[541.456s][debug][gc,phases      ] GC(38)     Dead                           Min: 0, Avg:  0.0, Max: 0, Diff: 0, Sum: 0, Workers: 4
[541.456s][debug][gc,phases      ] GC(38)     Total                          Min: 0, Avg:  0.0, Max: 0, Diff: 0, Sum: 0, Workers: 4
[541.456s][debug][gc,phases      ] GC(38) Weak Processing 0.382ms
[541.456s][debug][gc,age         ] GC(38) Desired survivor size 79691776 bytes, new threshold 1 (max threshold 15)
[541.456s][info ][gc,heap        ] GC(38) PSYoungGen: 1917991K(2002432K)->4160K(2019328K) Eden: 1913856K(1913856K)->0K(1936384K) From: 4135K(88576K)->4160K(82944K)
[541.456s][info ][gc,heap        ] GC(38) ParOldGen: 287172K(287232K)->287946K(288256K)
[541.456s][info ][gc,metaspace   ] GC(38) Metaspace: 105637K(107008K)->105637K(107008K) NonClass: 89641K(90368K)->89641K(90368K) Class: 15995K(16640K)->15995K(16640K)
[541.456s][info ][gc             ] GC(38) Pause Young (Allocation Failure) 2153M->285M(2253M) 4.267ms
[541.456s][info ][gc,cpu         ] GC(38) User=0.01s Sys=0.00s Real=0.01s
[541.456s][info ][safepoint      ] Safepoint "ParallelGCFailedAllocation", Time since last: 2487986638 ns, Reaching safepoint: 78201 ns, Cleanup: 3600 ns, At safepoint: 4332414 ns, Total: 4414215 ns
[545.456s][info ][safepoint      ] Safepoint "Cleanup", Time since last: 4000278099 ns, Reaching safepoint: 77700 ns, Cleanup: 7400 ns, At safepoint: 27601 ns, Total: 112701 ns
[549.457s][info ][safepoint      ] Safepoint "Cleanup", Time since last: 4000324284 ns, Reaching safepoint: 76600 ns, Cleanup: 12200 ns, At safepoint: 6000 ns, Total: 94800 ns
[550.457s][info ][safepoint      ] Safepoint "Cleanup", Time since last: 1000125029 ns, Reaching safepoint: 80500 ns, Cleanup: 10800 ns, At safepoint: 5900 ns, Total: 97200 ns
[558.458s][info ][safepoint      ] Safepoint "Cleanup", Time since last: 8000655231 ns, Reaching safepoint: 81701 ns, Cleanup: 14400 ns, At safepoint: 6500 ns, Total: 102601 ns
[559.458s][info ][safepoint      ] Safepoint "Cleanup", Time since last: 1000107953 ns, Reaching safepoint: 74300 ns, Cleanup: 13900 ns, At safepoint: 4700 ns, Total: 92900 ns
[560.458s][info ][safepoint      ] Safepoint "Cleanup", Time since last: 1000119653 ns, Reaching safepoint: 78800 ns, Cleanup: 9300 ns, At safepoint: 5900 ns, Total: 94000 ns
[561.458s][info ][safepoint      ] Safepoint "Cleanup", Time since last: 1000114553 ns, Reaching safepoint: 78301 ns, Cleanup: 9500 ns, At safepoint: 6200 ns, Total: 94001 ns
[562.906s][info ][gc,start       ] GC(39) Pause Young (Allocation Failure)
[562.909s][debug][gc,phases      ] GC(39) Scavenge 3.671ms
[562.909s][debug][gc,ref         ] GC(39) ReferenceProcessor::execute queues: 1, RefProcThreadModel::Single, marks_oops_alive: false
[562.909s][debug][gc,ref         ] GC(39) Skipped KeepAliveFinalRefsPhase of Reference Processing: no references
[562.909s][debug][gc,ref         ] GC(39) ReferenceProcessor::execute queues: 1, RefProcThreadModel::Single, marks_oops_alive: false
[562.909s][debug][gc,phases      ] GC(39) Reference Processing 0.095ms
[562.910s][debug][gc,phases      ] GC(39)   VM Weak                        Min:  0.0, Avg:  0.0, Max:  0.0, Diff:  0.0, Sum:  0.0, Workers: 4
[562.910s][debug][gc,phases      ] GC(39)     Dead                           Min: 0, Avg:  0.0, Max: 0, Diff: 0, Sum: 0, Workers: 4
[562.910s][debug][gc,phases      ] GC(39)     Total                          Min: 0, Avg: 257.2, Max: 581, Diff: 581, Sum: 1029, Workers: 4
[562.910s][debug][gc,phases      ] GC(39)   ObjectSynchronizer Weak        Min:  0.0, Avg:  0.0, Max:  0.0, Diff:  0.0, Sum:  0.0, Workers: 4
[562.910s][debug][gc,phases      ] GC(39)     Dead                           Min: 0, Avg:  0.0, Max: 0, Diff: 0, Sum: 0, Workers: 4
[562.910s][debug][gc,phases      ] GC(39)     Total                          Min: 0, Avg:  0.8, Max: 3, Diff: 3, Sum: 3, Workers: 4
[562.910s][debug][gc,phases      ] GC(39)   JVMTI Tag Weak OopStorage      Min:  0.0, Avg:  0.0, Max:  0.0, Diff:  0.0, Sum:  0.0, Workers: 4
[562.910s][debug][gc,phases      ] GC(39)     Dead                           Min: 0, Avg:  0.0, Max: 0, Diff: 0, Sum: 0, Workers: 4
[562.910s][debug][gc,phases      ] GC(39)     Total                          Min: 0, Avg:  0.0, Max: 0, Diff: 0, Sum: 0, Workers: 4
[562.910s][debug][gc,phases      ] GC(39)   StringTable Weak               Min:  0.1, Avg:  0.1, Max:  0.1, Diff:  0.0, Sum:  0.4, Workers: 4
[562.910s][debug][gc,phases      ] GC(39)     Dead                           Min: 0, Avg:  0.0, Max: 0, Diff: 0, Sum: 0, Workers: 4
[562.910s][debug][gc,phases      ] GC(39)     Total                          Min: 11233, Avg: 11527.8, Max: 11711, Diff: 478, Sum: 46111, Workers: 4
[562.910s][debug][gc,phases      ] GC(39)   ResolvedMethodTable Weak       Min:  0.0, Avg:  0.0, Max:  0.0, Diff:  0.0, Sum:  0.2, Workers: 4
[562.910s][debug][gc,phases      ] GC(39)     Dead                           Min: 0, Avg:  4.0, Max: 16, Diff: 16, Sum: 16, Workers: 4
[562.910s][debug][gc,phases      ] GC(39)     Total                          Min: 3685, Avg: 3808.8, Max: 3979, Diff: 294, Sum: 15235, Workers: 4
[562.910s][debug][gc,phases      ] GC(39)   JNI Weak                       Min:  0.0, Avg:  0.0, Max:  0.0, Diff:  0.0, Sum:  0.0, Workers: 4
[562.910s][debug][gc,phases      ] GC(39)     Dead                           Min: 0, Avg:  0.0, Max: 0, Diff: 0, Sum: 0, Workers: 4
[562.910s][debug][gc,phases      ] GC(39)     Total                          Min: 0, Avg: 13.0, Max: 52, Diff: 52, Sum: 52, Workers: 4
[562.910s][debug][gc,phases      ] GC(39)   StringDedup Table Weak         Min:  0.0, Avg:  0.0, Max:  0.0, Diff:  0.0, Sum:  0.0, Workers: 4
[562.910s][debug][gc,phases      ] GC(39)     Dead                           Min: 0, Avg:  0.0, Max: 0, Diff: 0, Sum: 0, Workers: 4
[562.910s][debug][gc,phases      ] GC(39)     Total                          Min: 0, Avg:  0.0, Max: 0, Diff: 0, Sum: 0, Workers: 4
[562.910s][debug][gc,phases      ] GC(39)   StringDedup Requests0 Weak     Min:  0.0, Avg:  0.0, Max:  0.0, Diff:  0.0, Sum:  0.0, Workers: 4
[562.910s][debug][gc,phases      ] GC(39)     Dead                           Min: 0, Avg:  0.0, Max: 0, Diff: 0, Sum: 0, Workers: 4
[562.910s][debug][gc,phases      ] GC(39)     Total                          Min: 0, Avg:  0.0, Max: 0, Diff: 0, Sum: 0, Workers: 4
[562.910s][debug][gc,phases      ] GC(39)   StringDedup Requests1 Weak     Min:  0.0, Avg:  0.0, Max:  0.0, Diff:  0.0, Sum:  0.0, Workers: 4
[562.910s][debug][gc,phases      ] GC(39)     Dead                           Min: 0, Avg:  0.0, Max: 0, Diff: 0, Sum: 0, Workers: 4
[562.910s][debug][gc,phases      ] GC(39)     Total                          Min: 0, Avg:  0.0, Max: 0, Diff: 0, Sum: 0, Workers: 4
[562.910s][debug][gc,phases      ] GC(39)   Weak JFR Old Object Samples    Min:  0.0, Avg:  0.0, Max:  0.0, Diff:  0.0, Sum:  0.0, Workers: 4
[562.910s][debug][gc,phases      ] GC(39)     Dead                           Min: 0, Avg:  0.0, Max: 0, Diff: 0, Sum: 0, Workers: 4
[562.910s][debug][gc,phases      ] GC(39)     Total                          Min: 0, Avg:  0.0, Max: 0, Diff: 0, Sum: 0, Workers: 4
[562.910s][debug][gc,phases      ] GC(39) Weak Processing 0.356ms
[562.910s][debug][gc,age         ] GC(39) Desired survivor size 74448896 bytes, new threshold 1 (max threshold 15)
[562.910s][info ][gc,heap        ] GC(39) PSYoungGen: 1940544K(2019328K)->3904K(2014208K) Eden: 1936384K(1936384K)->0K(1936384K) From: 4160K(82944K)->3904K(77824K)
[562.910s][info ][gc,heap        ] GC(39) ParOldGen: 287946K(288256K)->288778K(289280K)
[562.910s][info ][gc,metaspace   ] GC(39) Metaspace: 105652K(107008K)->105652K(107008K) NonClass: 89655K(90368K)->89655K(90368K) Class: 15996K(16640K)->15996K(16640K)
[562.910s][info ][gc             ] GC(39) Pause Young (Allocation Failure) 2176M->285M(2249M) 4.227ms
[562.910s][info ][gc,cpu         ] GC(39) User=0.01s Sys=0.01s Real=0.00s
[562.910s][info ][safepoint      ] Safepoint "ParallelGCFailedAllocation", Time since last: 1447324241 ns, Reaching safepoint: 5500 ns, Cleanup: 3500 ns, At safepoint: 4285016 ns, Total: 4294016 ns
[563.910s][info ][safepoint      ] Safepoint "Cleanup", Time since last: 1000120952 ns, Reaching safepoint: 85401 ns, Cleanup: 9000 ns, At safepoint: 7200 ns, Total: 101601 ns
[565.910s][info ][safepoint      ] Safepoint "Cleanup", Time since last: 2000212006 ns, Reaching safepoint: 78100 ns, Cleanup: 13600 ns, At safepoint: 6100 ns, Total: 97800 ns
[566.911s][info ][safepoint      ] Safepoint "Cleanup", Time since last: 1000120048 ns, Reaching safepoint: 78300 ns, Cleanup: 7400 ns, At safepoint: 6400 ns, Total: 92100 ns
[567.911s][info ][safepoint      ] Safepoint "Cleanup", Time since last: 1000138218 ns, Reaching safepoint: 79100 ns, Cleanup: 12400 ns, At safepoint: 6600 ns, Total: 98100 ns
[568.911s][info ][safepoint      ] Safepoint "Cleanup", Time since last: 1000126019 ns, Reaching safepoint: 77900 ns, Cleanup: 9700 ns, At safepoint: 6600 ns, Total: 94200 ns
[570.911s][info ][safepoint      ] Safepoint "Cleanup", Time since last: 2000200336 ns, Reaching safepoint: 79500 ns, Cleanup: 9200 ns, At safepoint: 6700 ns, Total: 95400 ns
[572.912s][info ][safepoint      ] Safepoint "Cleanup", Time since last: 2000201436 ns, Reaching safepoint: 80401 ns, Cleanup: 8200 ns, At safepoint: 6300 ns, Total: 94901 ns
[575.912s][info ][safepoint      ] Safepoint "Cleanup", Time since last: 3000260903 ns, Reaching safepoint: 79500 ns, Cleanup: 10100 ns, At safepoint: 29600 ns, Total: 119200 ns
[577.927s][info ][safepoint      ] Safepoint "Cleanup", Time since last: 2014399370 ns, Reaching safepoint: 5500 ns, Cleanup: 8600 ns, At safepoint: 2100 ns, Total: 16200 ns
[579.927s][info ][safepoint      ] Safepoint "Cleanup", Time since last: 2000203120 ns, Reaching safepoint: 5800 ns, Cleanup: 9800 ns, At safepoint: 2700 ns, Total: 18300 ns
[582.927s][info ][safepoint      ] Safepoint "Cleanup", Time since last: 3000254375 ns, Reaching safepoint: 5900 ns, Cleanup: 10400 ns, At safepoint: 2000 ns, Total: 18300 ns
[584.802s][info ][gc,start       ] GC(40) Pause Young (Allocation Failure)
[584.806s][debug][gc,phases      ] GC(40) Scavenge 3.901ms
[584.806s][debug][gc,ref         ] GC(40) ReferenceProcessor::execute queues: 1, RefProcThreadModel::Single, marks_oops_alive: false
[584.806s][debug][gc,ref         ] GC(40) Skipped KeepAliveFinalRefsPhase of Reference Processing: no references
[584.806s][debug][gc,ref         ] GC(40) ReferenceProcessor::execute queues: 1, RefProcThreadModel::Single, marks_oops_alive: false
[584.806s][debug][gc,phases      ] GC(40) Reference Processing 0.092ms
[584.807s][debug][gc,phases      ] GC(40)   VM Weak                        Min:  0.0, Avg:  0.0, Max:  0.0, Diff:  0.0, Sum:  0.0, Workers: 4
[584.807s][debug][gc,phases      ] GC(40)     Dead                           Min: 0, Avg:  0.0, Max: 0, Diff: 0, Sum: 0, Workers: 4
[584.807s][debug][gc,phases      ] GC(40)     Total                          Min: 0, Avg: 257.2, Max: 581, Diff: 581, Sum: 1029, Workers: 4
[584.807s][debug][gc,phases      ] GC(40)   ObjectSynchronizer Weak        Min:  0.0, Avg:  0.0, Max:  0.0, Diff:  0.0, Sum:  0.0, Workers: 4
[584.807s][debug][gc,phases      ] GC(40)     Dead                           Min: 0, Avg:  0.0, Max: 0, Diff: 0, Sum: 0, Workers: 4
[584.807s][debug][gc,phases      ] GC(40)     Total                          Min: 0, Avg:  0.8, Max: 3, Diff: 3, Sum: 3, Workers: 4
[584.807s][debug][gc,phases      ] GC(40)   JVMTI Tag Weak OopStorage      Min:  0.0, Avg:  0.0, Max:  0.0, Diff:  0.0, Sum:  0.0, Workers: 4
[584.807s][debug][gc,phases      ] GC(40)     Dead                           Min: 0, Avg:  0.0, Max: 0, Diff: 0, Sum: 0, Workers: 4
[584.807s][debug][gc,phases      ] GC(40)     Total                          Min: 0, Avg:  0.0, Max: 0, Diff: 0, Sum: 0, Workers: 4
[584.807s][debug][gc,phases      ] GC(40)   StringTable Weak               Min:  0.1, Avg:  0.1, Max:  0.1, Diff:  0.0, Sum:  0.5, Workers: 4
[584.807s][debug][gc,phases      ] GC(40)     Dead                           Min: 0, Avg:  0.0, Max: 0, Diff: 0, Sum: 0, Workers: 4
[584.807s][debug][gc,phases      ] GC(40)     Total                          Min: 7331, Avg: 11528.2, Max: 13247, Diff: 5916, Sum: 46113, Workers: 4
[584.807s][debug][gc,phases      ] GC(40)   ResolvedMethodTable Weak       Min:  0.0, Avg:  0.0, Max:  0.0, Diff:  0.0, Sum:  0.2, Workers: 4
[584.807s][debug][gc,phases      ] GC(40)     Dead                           Min: 0, Avg:  4.0, Max: 16, Diff: 16, Sum: 16, Workers: 4
[584.807s][debug][gc,phases      ] GC(40)     Total                          Min: 3713, Avg: 3808.8, Max: 3913, Diff: 200, Sum: 15235, Workers: 4
[584.807s][debug][gc,phases      ] GC(40)   JNI Weak                       Min:  0.0, Avg:  0.0, Max:  0.0, Diff:  0.0, Sum:  0.0, Workers: 4
[584.807s][debug][gc,phases      ] GC(40)     Dead                           Min: 0, Avg:  0.0, Max: 0, Diff: 0, Sum: 0, Workers: 4
[584.807s][debug][gc,phases      ] GC(40)     Total                          Min: 0, Avg: 13.0, Max: 52, Diff: 52, Sum: 52, Workers: 4
[584.807s][debug][gc,phases      ] GC(40)   StringDedup Table Weak         Min:  0.0, Avg:  0.0, Max:  0.0, Diff:  0.0, Sum:  0.0, Workers: 4
[584.807s][debug][gc,phases      ] GC(40)     Dead                           Min: 0, Avg:  0.0, Max: 0, Diff: 0, Sum: 0, Workers: 4
[584.807s][debug][gc,phases      ] GC(40)     Total                          Min: 0, Avg:  0.0, Max: 0, Diff: 0, Sum: 0, Workers: 4
[584.807s][debug][gc,phases      ] GC(40)   StringDedup Requests0 Weak     Min:  0.0, Avg:  0.0, Max:  0.0, Diff:  0.0, Sum:  0.0, Workers: 4
[584.807s][debug][gc,phases      ] GC(40)     Dead                           Min: 0, Avg:  0.0, Max: 0, Diff: 0, Sum: 0, Workers: 4
[584.807s][debug][gc,phases      ] GC(40)     Total                          Min: 0, Avg:  0.0, Max: 0, Diff: 0, Sum: 0, Workers: 4
[584.807s][debug][gc,phases      ] GC(40)   StringDedup Requests1 Weak     Min:  0.0, Avg:  0.0, Max:  0.0, Diff:  0.0, Sum:  0.0, Workers: 4
[584.807s][debug][gc,phases      ] GC(40)     Dead                           Min: 0, Avg:  0.0, Max: 0, Diff: 0, Sum: 0, Workers: 4
[584.807s][debug][gc,phases      ] GC(40)     Total                          Min: 0, Avg:  0.0, Max: 0, Diff: 0, Sum: 0, Workers: 4
[584.807s][debug][gc,phases      ] GC(40)   Weak JFR Old Object Samples    Min:  0.0, Avg:  0.0, Max:  0.0, Diff:  0.0, Sum:  0.0, Workers: 4
[584.807s][debug][gc,phases      ] GC(40)     Dead                           Min: 0, Avg:  0.0, Max: 0, Diff: 0, Sum: 0, Workers: 4
[584.807s][debug][gc,phases      ] GC(40)     Total                          Min: 0, Avg:  0.0, Max: 0, Diff: 0, Sum: 0, Workers: 4
[584.807s][debug][gc,phases      ] GC(40) Weak Processing 0.399ms
[584.807s][debug][gc,age         ] GC(40) Desired survivor size 69730304 bytes, new threshold 1 (max threshold 15)
[584.807s][info ][gc,heap        ] GC(40) PSYoungGen: 1940288K(2014208K)->4064K(2029056K) Eden: 1936384K(1936384K)->0K(1956352K) From: 3904K(77824K)->4064K(72704K)
[584.807s][info ][gc,heap        ] GC(40) ParOldGen: 288778K(289280K)->289551K(289792K)
[584.807s][info ][gc,metaspace   ] GC(40) Metaspace: 105669K(107072K)->105669K(107072K) NonClass: 89672K(90432K)->89672K(90432K) Class: 15997K(16640K)->15997K(16640K)
[584.807s][info ][gc             ] GC(40) Pause Young (Allocation Failure) 2176M->286M(2264M) 4.498ms
[584.807s][info ][gc,cpu         ] GC(40) User=0.01s Sys=0.01s Real=0.01s
[584.807s][info ][safepoint      ] Safepoint "ParallelGCFailedAllocation", Time since last: 1875281949 ns, Reaching safepoint: 4600 ns, Cleanup: 7500 ns, At safepoint: 4554314 ns, Total: 4566414 ns
[592.808s][info ][safepoint      ] Safepoint "Cleanup", Time since last: 8000651278 ns, Reaching safepoint: 75500 ns, Cleanup: 14300 ns, At safepoint: 5300 ns, Total: 95100 ns
[595.808s][info ][safepoint      ] Safepoint "Cleanup", Time since last: 3000268222 ns, Reaching safepoint: 77300 ns, Cleanup: 9400 ns, At safepoint: 5800 ns, Total: 92500 ns
[599.808s][info ][safepoint      ] Safepoint "Cleanup", Time since last: 4000341932 ns, Reaching safepoint: 75799 ns, Cleanup: 7000 ns, At safepoint: 5400 ns, Total: 88199 ns
[600.809s][info ][safepoint      ] Safepoint "Cleanup", Time since last: 1000127114 ns, Reaching safepoint: 82400 ns, Cleanup: 9200 ns, At safepoint: 7000 ns, Total: 98600 ns
[601.809s][info ][safepoint      ] Safepoint "Cleanup", Time since last: 1000112605 ns, Reaching safepoint: 79900 ns, Cleanup: 9200 ns, At safepoint: 6900 ns, Total: 96000 ns
[605.809s][info ][safepoint      ] Safepoint "Cleanup", Time since last: 4000314586 ns, Reaching safepoint: 75800 ns, Cleanup: 34901 ns, At safepoint: 6100 ns, Total: 116801 ns
[606.252s][info ][gc,start       ] GC(41) Pause Young (Allocation Failure)
[606.256s][debug][gc,phases      ] GC(41) Scavenge 4.147ms
[606.256s][debug][gc,ref         ] GC(41) ReferenceProcessor::execute queues: 1, RefProcThreadModel::Single, marks_oops_alive: false
[606.256s][debug][gc,ref         ] GC(41) Skipped KeepAliveFinalRefsPhase of Reference Processing: no references
[606.256s][debug][gc,ref         ] GC(41) ReferenceProcessor::execute queues: 1, RefProcThreadModel::Single, marks_oops_alive: false
[606.256s][debug][gc,phases      ] GC(41) Reference Processing 0.099ms
[606.256s][debug][gc,phases      ] GC(41)   VM Weak                        Min:  0.0, Avg:  0.0, Max:  0.0, Diff:  0.0, Sum:  0.0, Workers: 4
[606.256s][debug][gc,phases      ] GC(41)     Dead                           Min: 0, Avg:  0.0, Max: 0, Diff: 0, Sum: 0, Workers: 4
[606.256s][debug][gc,phases      ] GC(41)     Total                          Min: 0, Avg: 257.2, Max: 640, Diff: 640, Sum: 1029, Workers: 4
[606.256s][debug][gc,phases      ] GC(41)   ObjectSynchronizer Weak        Min:  0.0, Avg:  0.0, Max:  0.0, Diff:  0.0, Sum:  0.0, Workers: 4
[606.256s][debug][gc,phases      ] GC(41)     Dead                           Min: 0, Avg:  0.0, Max: 0, Diff: 0, Sum: 0, Workers: 4
[606.256s][debug][gc,phases      ] GC(41)     Total                          Min: 0, Avg:  1.2, Max: 5, Diff: 5, Sum: 5, Workers: 4
[606.256s][debug][gc,phases      ] GC(41)   JVMTI Tag Weak OopStorage      Min:  0.0, Avg:  0.0, Max:  0.0, Diff:  0.0, Sum:  0.0, Workers: 4
[606.256s][debug][gc,phases      ] GC(41)     Dead                           Min: 0, Avg:  0.0, Max: 0, Diff: 0, Sum: 0, Workers: 4
[606.256s][debug][gc,phases      ] GC(41)     Total                          Min: 0, Avg:  0.0, Max: 0, Diff: 0, Sum: 0, Workers: 4
[606.256s][debug][gc,phases      ] GC(41)   StringTable Weak               Min:  0.0, Avg:  0.1, Max:  0.1, Diff:  0.1, Sum:  0.4, Workers: 4
[606.256s][debug][gc,phases      ] GC(41)     Dead                           Min: 0, Avg:  0.0, Max: 0, Diff: 0, Sum: 0, Workers: 4
[606.256s][debug][gc,phases      ] GC(41)     Total                          Min: 0, Avg: 11529.0, Max: 20068, Diff: 20068, Sum: 46116, Workers: 4
[606.256s][debug][gc,phases      ] GC(41)   ResolvedMethodTable Weak       Min:  0.0, Avg:  0.0, Max:  0.0, Diff:  0.0, Sum:  0.1, Workers: 4
[606.256s][debug][gc,phases      ] GC(41)     Dead                           Min: 0, Avg:  4.2, Max: 17, Diff: 17, Sum: 17, Workers: 4
[606.256s][debug][gc,phases      ] GC(41)     Total                          Min: 0, Avg: 3810.0, Max: 6534, Diff: 6534, Sum: 15240, Workers: 4
[606.256s][debug][gc,phases      ] GC(41)   JNI Weak                       Min:  0.0, Avg:  0.0, Max:  0.0, Diff:  0.0, Sum:  0.0, Workers: 4
[606.256s][debug][gc,phases      ] GC(41)     Dead                           Min: 0, Avg:  0.0, Max: 0, Diff: 0, Sum: 0, Workers: 4
[606.256s][debug][gc,phases      ] GC(41)     Total                          Min: 0, Avg: 13.0, Max: 52, Diff: 52, Sum: 52, Workers: 4
[606.256s][debug][gc,phases      ] GC(41)   StringDedup Table Weak         Min:  0.0, Avg:  0.0, Max:  0.0, Diff:  0.0, Sum:  0.0, Workers: 4
[606.256s][debug][gc,phases      ] GC(41)     Dead                           Min: 0, Avg:  0.0, Max: 0, Diff: 0, Sum: 0, Workers: 4
[606.256s][debug][gc,phases      ] GC(41)     Total                          Min: 0, Avg:  0.0, Max: 0, Diff: 0, Sum: 0, Workers: 4
[606.256s][debug][gc,phases      ] GC(41)   StringDedup Requests0 Weak     Min:  0.0, Avg:  0.0, Max:  0.0, Diff:  0.0, Sum:  0.0, Workers: 4
[606.256s][debug][gc,phases      ] GC(41)     Dead                           Min: 0, Avg:  0.0, Max: 0, Diff: 0, Sum: 0, Workers: 4
[606.256s][debug][gc,phases      ] GC(41)     Total                          Min: 0, Avg:  0.0, Max: 0, Diff: 0, Sum: 0, Workers: 4
[606.256s][debug][gc,phases      ] GC(41)   StringDedup Requests1 Weak     Min:  0.0, Avg:  0.0, Max:  0.0, Diff:  0.0, Sum:  0.0, Workers: 4
[606.256s][debug][gc,phases      ] GC(41)     Dead                           Min: 0, Avg:  0.0, Max: 0, Diff: 0, Sum: 0, Workers: 4
[606.256s][debug][gc,phases      ] GC(41)     Total                          Min: 0, Avg:  0.0, Max: 0, Diff: 0, Sum: 0, Workers: 4
[606.256s][debug][gc,phases      ] GC(41)   Weak JFR Old Object Samples    Min:  0.0, Avg:  0.0, Max:  0.0, Diff:  0.0, Sum:  0.0, Workers: 4
[606.256s][debug][gc,phases      ] GC(41)     Dead                           Min: 0, Avg:  0.0, Max: 0, Diff: 0, Sum: 0, Workers: 4
[606.256s][debug][gc,phases      ] GC(41)     Total                          Min: 0, Avg:  0.0, Max: 0, Diff: 0, Sum: 0, Workers: 4
[606.256s][debug][gc,phases      ] GC(41) Weak Processing 0.379ms
[606.256s][debug][gc,age         ] GC(41) Desired survivor size 65011712 bytes, new threshold 1 (max threshold 15)
[606.256s][info ][gc,heap        ] GC(41) PSYoungGen: 1960416K(2029056K)->4928K(2024448K) Eden: 1956352K(1956352K)->0K(1956352K) From: 4064K(72704K)->4928K(68096K)
[606.256s][info ][gc,heap        ] GC(41) ParOldGen: 289551K(289792K)->290419K(290816K)
[606.256s][info ][gc,metaspace   ] GC(41) Metaspace: 105683K(107136K)->105683K(107136K) NonClass: 89684K(90496K)->89684K(90496K) Class: 15998K(16640K)->15998K(16640K)
[606.256s][info ][gc             ] GC(41) Pause Young (Allocation Failure) 2197M->288M(2261M) 4.732ms
[606.256s][info ][gc,cpu         ] GC(41) User=0.01s Sys=0.00s Real=0.01s
[606.256s][info ][safepoint      ] Safepoint "ParallelGCFailedAllocation", Time since last: 442204924 ns, Reaching safepoint: 78500 ns, Cleanup: 13700 ns, At safepoint: 4798316 ns, Total: 4890516 ns
[607.257s][info ][safepoint      ] Safepoint "Cleanup", Time since last: 1000085243 ns, Reaching safepoint: 77699 ns, Cleanup: 24800 ns, At safepoint: 6200 ns, Total: 108699 ns
[608.257s][info ][safepoint      ] Safepoint "Cleanup", Time since last: 1000109029 ns, Reaching safepoint: 78000 ns, Cleanup: 20200 ns, At safepoint: 6500 ns, Total: 104700 ns
[609.257s][info ][safepoint      ] Safepoint "Cleanup", Time since last: 1000134969 ns, Reaching safepoint: 83600 ns, Cleanup: 9000 ns, At safepoint: 7200 ns, Total: 99800 ns
[610.257s][info ][safepoint      ] Safepoint "Cleanup", Time since last: 1000117466 ns, Reaching safepoint: 73501 ns, Cleanup: 14800 ns, At safepoint: 5400 ns, Total: 93701 ns
[611.257s][info ][safepoint      ] Safepoint "Cleanup", Time since last: 1000116466 ns, Reaching safepoint: 78100 ns, Cleanup: 8900 ns, At safepoint: 5500 ns, Total: 92500 ns
[612.258s][info ][safepoint      ] Safepoint "Cleanup", Time since last: 1000099066 ns, Reaching safepoint: 78300 ns, Cleanup: 79400 ns, At safepoint: 4900 ns, Total: 162600 ns
[613.258s][info ][safepoint      ] Safepoint "Cleanup", Time since last: 1000112366 ns, Reaching safepoint: 79201 ns, Cleanup: 12900 ns, At safepoint: 6400 ns, Total: 98501 ns
[614.258s][info ][safepoint      ] Safepoint "Cleanup", Time since last: 1000107166 ns, Reaching safepoint: 78700 ns, Cleanup: 13100 ns, At safepoint: 6300 ns, Total: 98100 ns
[616.258s][info ][safepoint      ] Safepoint "Cleanup", Time since last: 2000188309 ns, Reaching safepoint: 75000 ns, Cleanup: 7700 ns, At safepoint: 5000 ns, Total: 87700 ns
[617.259s][info ][safepoint      ] Safepoint "Cleanup", Time since last: 1000101457 ns, Reaching safepoint: 78100 ns, Cleanup: 9400 ns, At safepoint: 6200 ns, Total: 93700 ns
[618.259s][info ][safepoint      ] Safepoint "Cleanup", Time since last: 1000107658 ns, Reaching safepoint: 26200 ns, Cleanup: 10500 ns, At safepoint: 6400 ns, Total: 43100 ns
[623.259s][info ][safepoint      ] Safepoint "Cleanup", Time since last: 5000369272 ns, Reaching safepoint: 74300 ns, Cleanup: 11300 ns, At safepoint: 5200 ns, Total: 90800 ns
[626.979s][info ][gc,start       ] GC(42) Pause Young (Allocation Failure)
[626.985s][debug][gc,phases      ] GC(42) Scavenge 5.988ms
[626.985s][debug][gc,ref         ] GC(42) ReferenceProcessor::execute queues: 1, RefProcThreadModel::Single, marks_oops_alive: false
[626.985s][debug][gc,ref         ] GC(42) Skipped KeepAliveFinalRefsPhase of Reference Processing: no references
[626.985s][debug][gc,ref         ] GC(42) ReferenceProcessor::execute queues: 1, RefProcThreadModel::Single, marks_oops_alive: false
[626.985s][debug][gc,phases      ] GC(42) Reference Processing 0.096ms
[626.985s][debug][gc,phases      ] GC(42)   VM Weak                        Min:  0.0, Avg:  0.0, Max:  0.0, Diff:  0.0, Sum:  0.0, Workers: 4
[626.985s][debug][gc,phases      ] GC(42)     Dead                           Min: 0, Avg:  0.0, Max: 0, Diff: 0, Sum: 0, Workers: 4
[626.985s][debug][gc,phases      ] GC(42)     Total                          Min: 0, Avg: 257.2, Max: 512, Diff: 512, Sum: 1029, Workers: 4
[626.985s][debug][gc,phases      ] GC(42)   ObjectSynchronizer Weak        Min:  0.0, Avg:  0.0, Max:  0.0, Diff:  0.0, Sum:  0.0, Workers: 4
[626.985s][debug][gc,phases      ] GC(42)     Dead                           Min: 0, Avg:  0.0, Max: 0, Diff: 0, Sum: 0, Workers: 4
[626.985s][debug][gc,phases      ] GC(42)     Total                          Min: 0, Avg:  1.2, Max: 5, Diff: 5, Sum: 5, Workers: 4
[626.985s][debug][gc,phases      ] GC(42)   JVMTI Tag Weak OopStorage      Min:  0.0, Avg:  0.0, Max:  0.0, Diff:  0.0, Sum:  0.0, Workers: 4
[626.985s][debug][gc,phases      ] GC(42)     Dead                           Min: 0, Avg:  0.0, Max: 0, Diff: 0, Sum: 0, Workers: 4
[626.985s][debug][gc,phases      ] GC(42)     Total                          Min: 0, Avg:  0.0, Max: 0, Diff: 0, Sum: 0, Workers: 4
[626.985s][debug][gc,phases      ] GC(42)   StringTable Weak               Min:  0.0, Avg:  0.1, Max:  0.1, Diff:  0.1, Sum:  0.4, Workers: 4
[626.985s][debug][gc,phases      ] GC(42)     Dead                           Min: 0, Avg:  0.0, Max: 0, Diff: 0, Sum: 0, Workers: 4
[626.985s][debug][gc,phases      ] GC(42)     Total                          Min: 0, Avg: 11530.8, Max: 15595, Diff: 15595, Sum: 46123, Workers: 4
[626.985s][debug][gc,phases      ] GC(42)   ResolvedMethodTable Weak       Min:  0.0, Avg:  0.0, Max:  0.1, Diff:  0.1, Sum:  0.2, Workers: 4
[626.985s][debug][gc,phases      ] GC(42)     Dead                           Min: 0, Avg:  0.0, Max: 0, Diff: 0, Sum: 0, Workers: 4
[626.985s][debug][gc,phases      ] GC(42)     Total                          Min: 0, Avg: 3810.5, Max: 5219, Diff: 5219, Sum: 15242, Workers: 4
[626.985s][debug][gc,phases      ] GC(42)   JNI Weak                       Min:  0.0, Avg:  0.0, Max:  0.0, Diff:  0.0, Sum:  0.0, Workers: 4
[626.985s][debug][gc,phases      ] GC(42)     Dead                           Min: 0, Avg:  0.0, Max: 0, Diff: 0, Sum: 0, Workers: 4
[626.985s][debug][gc,phases      ] GC(42)     Total                          Min: 0, Avg: 13.0, Max: 52, Diff: 52, Sum: 52, Workers: 4
[626.985s][debug][gc,phases      ] GC(42)   StringDedup Table Weak         Min:  0.0, Avg:  0.0, Max:  0.0, Diff:  0.0, Sum:  0.0, Workers: 4
[626.985s][debug][gc,phases      ] GC(42)     Dead                           Min: 0, Avg:  0.0, Max: 0, Diff: 0, Sum: 0, Workers: 4
[626.985s][debug][gc,phases      ] GC(42)     Total                          Min: 0, Avg:  0.0, Max: 0, Diff: 0, Sum: 0, Workers: 4
[626.985s][debug][gc,phases      ] GC(42)   StringDedup Requests0 Weak     Min:  0.0, Avg:  0.0, Max:  0.0, Diff:  0.0, Sum:  0.0, Workers: 4
[626.985s][debug][gc,phases      ] GC(42)     Dead                           Min: 0, Avg:  0.0, Max: 0, Diff: 0, Sum: 0, Workers: 4
[626.985s][debug][gc,phases      ] GC(42)     Total                          Min: 0, Avg:  0.0, Max: 0, Diff: 0, Sum: 0, Workers: 4
[626.985s][debug][gc,phases      ] GC(42)   StringDedup Requests1 Weak     Min:  0.0, Avg:  0.0, Max:  0.0, Diff:  0.0, Sum:  0.0, Workers: 4
[626.985s][debug][gc,phases      ] GC(42)     Dead                           Min: 0, Avg:  0.0, Max: 0, Diff: 0, Sum: 0, Workers: 4
[626.985s][debug][gc,phases      ] GC(42)     Total                          Min: 0, Avg:  0.0, Max: 0, Diff: 0, Sum: 0, Workers: 4
[626.985s][debug][gc,phases      ] GC(42)   Weak JFR Old Object Samples    Min:  0.0, Avg:  0.0, Max:  0.0, Diff:  0.0, Sum:  0.0, Workers: 4
[626.985s][debug][gc,phases      ] GC(42)     Dead                           Min: 0, Avg:  0.0, Max: 0, Diff: 0, Sum: 0, Workers: 4
[626.985s][debug][gc,phases      ] GC(42)     Total                          Min: 0, Avg:  0.0, Max: 0, Diff: 0, Sum: 0, Workers: 4
[626.985s][debug][gc,phases      ] GC(42) Weak Processing 0.412ms
[626.985s][debug][gc,age         ] GC(42) Desired survivor size 60293120 bytes, new threshold 1 (max threshold 15)
[626.985s][info ][gc,heap        ] GC(42) PSYoungGen: 1961280K(2024448K)->6160K(2038272K) Eden: 1956352K(1956352K)->0K(1974784K) From: 4928K(68096K)->6160K(63488K)
[626.985s][info ][gc,heap        ] GC(42) ParOldGen: 290419K(290816K)->291415K(291840K)
[626.985s][info ][gc,metaspace   ] GC(42) Metaspace: 105735K(107136K)->105735K(107136K) NonClass: 89736K(90496K)->89736K(90496K) Class: 15999K(16640K)->15999K(16640K)
[626.985s][info ][gc             ] GC(42) Pause Young (Allocation Failure) 2198M->290M(2275M) 6.607ms
[626.985s][info ][gc,cpu         ] GC(42) User=0.02s Sys=0.00s Real=0.01s
[626.985s][info ][safepoint      ] Safepoint "ParallelGCFailedAllocation", Time since last: 3719254870 ns, Reaching safepoint: 5200 ns, Cleanup: 3200 ns, At safepoint: 6778312 ns, Total: 6786712 ns
[631.986s][info ][safepoint      ] Safepoint "Cleanup", Time since last: 5000403701 ns, Reaching safepoint: 6100 ns, Cleanup: 10200 ns, At safepoint: 2400 ns, Total: 18700 ns
[637.986s][info ][safepoint      ] Safepoint "Cleanup", Time since last: 6000497515 ns, Reaching safepoint: 5500 ns, Cleanup: 9700 ns, At safepoint: 2400 ns, Total: 17600 ns
[640.986s][info ][safepoint      ] Safepoint "Cleanup", Time since last: 3000262713 ns, Reaching safepoint: 6300 ns, Cleanup: 7800 ns, At safepoint: 2400 ns, Total: 16500 ns
[642.987s][info ][safepoint      ] Safepoint "Cleanup", Time since last: 2000168834 ns, Reaching safepoint: 4800 ns, Cleanup: 8600 ns, At safepoint: 1800 ns, Total: 15200 ns
[643.987s][info ][safepoint      ] Safepoint "Cleanup", Time since last: 1000093417 ns, Reaching safepoint: 5100 ns, Cleanup: 8000 ns, At safepoint: 2000 ns, Total: 15100 ns
[648.987s][info ][safepoint      ] Safepoint "Cleanup", Time since last: 5000371013 ns, Reaching safepoint: 5100 ns, Cleanup: 11000 ns, At safepoint: 2000 ns, Total: 18100 ns
[649.152s][info ][gc,start       ] GC(43) Pause Young (Allocation Failure)
[649.156s][debug][gc,phases      ] GC(43) Scavenge 4.813ms
[649.157s][debug][gc,ref         ] GC(43) ReferenceProcessor::execute queues: 1, RefProcThreadModel::Single, marks_oops_alive: false
[649.157s][debug][gc,ref         ] GC(43) Skipped KeepAliveFinalRefsPhase of Reference Processing: no references
[649.157s][debug][gc,ref         ] GC(43) Skipped PhantomRefsPhase of Reference Processing: no references
[649.157s][debug][gc,phases      ] GC(43) Reference Processing 0.094ms
[649.157s][debug][gc,phases      ] GC(43)   VM Weak                        Min:  0.0, Avg:  0.0, Max:  0.0, Diff:  0.0, Sum:  0.0, Workers: 4
[649.157s][debug][gc,phases      ] GC(43)     Dead                           Min: 0, Avg:  0.0, Max: 0, Diff: 0, Sum: 0, Workers: 4
[649.157s][debug][gc,phases      ] GC(43)     Total                          Min: 0, Avg: 257.2, Max: 640, Diff: 640, Sum: 1029, Workers: 4
[649.157s][debug][gc,phases      ] GC(43)   ObjectSynchronizer Weak        Min:  0.0, Avg:  0.0, Max:  0.0, Diff:  0.0, Sum:  0.0, Workers: 4
[649.157s][debug][gc,phases      ] GC(43)     Dead                           Min: 0, Avg:  0.0, Max: 0, Diff: 0, Sum: 0, Workers: 4
[649.157s][debug][gc,phases      ] GC(43)     Total                          Min: 0, Avg:  1.2, Max: 5, Diff: 5, Sum: 5, Workers: 4
[649.157s][debug][gc,phases      ] GC(43)   JVMTI Tag Weak OopStorage      Min:  0.0, Avg:  0.0, Max:  0.0, Diff:  0.0, Sum:  0.0, Workers: 4
[649.157s][debug][gc,phases      ] GC(43)     Dead                           Min: 0, Avg:  0.0, Max: 0, Diff: 0, Sum: 0, Workers: 4
[649.157s][debug][gc,phases      ] GC(43)     Total                          Min: 0, Avg:  0.0, Max: 0, Diff: 0, Sum: 0, Workers: 4
[649.157s][debug][gc,phases      ] GC(43)   StringTable Weak               Min:  0.0, Avg:  0.1, Max:  0.1, Diff:  0.1, Sum:  0.4, Workers: 4
[649.157s][debug][gc,phases      ] GC(43)     Dead                           Min: 0, Avg:  0.0, Max: 0, Diff: 0, Sum: 0, Workers: 4
[649.157s][debug][gc,phases      ] GC(43)     Total                          Min: 0, Avg: 11531.2, Max: 20205, Diff: 20205, Sum: 46125, Workers: 4
[649.157s][debug][gc,phases      ] GC(43)   ResolvedMethodTable Weak       Min:  0.0, Avg:  0.0, Max:  0.0, Diff:  0.0, Sum:  0.1, Workers: 4
[649.157s][debug][gc,phases      ] GC(43)     Dead                           Min: 0, Avg:  4.0, Max: 16, Diff: 16, Sum: 16, Workers: 4
[649.157s][debug][gc,phases      ] GC(43)     Total                          Min: 0, Avg: 3810.5, Max: 6408, Diff: 6408, Sum: 15242, Workers: 4
[649.157s][debug][gc,phases      ] GC(43)   JNI Weak                       Min:  0.0, Avg:  0.0, Max:  0.0, Diff:  0.0, Sum:  0.0, Workers: 4
[649.157s][debug][gc,phases      ] GC(43)     Dead                           Min: 0, Avg:  0.0, Max: 0, Diff: 0, Sum: 0, Workers: 4
[649.157s][debug][gc,phases      ] GC(43)     Total                          Min: 0, Avg: 13.0, Max: 52, Diff: 52, Sum: 52, Workers: 4
[649.157s][debug][gc,phases      ] GC(43)   StringDedup Table Weak         Min:  0.0, Avg:  0.0, Max:  0.0, Diff:  0.0, Sum:  0.0, Workers: 4
[649.157s][debug][gc,phases      ] GC(43)     Dead                           Min: 0, Avg:  0.0, Max: 0, Diff: 0, Sum: 0, Workers: 4
[649.157s][debug][gc,phases      ] GC(43)     Total                          Min: 0, Avg:  0.0, Max: 0, Diff: 0, Sum: 0, Workers: 4
[649.157s][debug][gc,phases      ] GC(43)   StringDedup Requests0 Weak     Min:  0.0, Avg:  0.0, Max:  0.0, Diff:  0.0, Sum:  0.0, Workers: 4
[649.157s][debug][gc,phases      ] GC(43)     Dead                           Min: 0, Avg:  0.0, Max: 0, Diff: 0, Sum: 0, Workers: 4
[649.157s][debug][gc,phases      ] GC(43)     Total                          Min: 0, Avg:  0.0, Max: 0, Diff: 0, Sum: 0, Workers: 4
[649.157s][debug][gc,phases      ] GC(43)   StringDedup Requests1 Weak     Min:  0.0, Avg:  0.0, Max:  0.0, Diff:  0.0, Sum:  0.0, Workers: 4
[649.157s][debug][gc,phases      ] GC(43)     Dead                           Min: 0, Avg:  0.0, Max: 0, Diff: 0, Sum: 0, Workers: 4
[649.157s][debug][gc,phases      ] GC(43)     Total                          Min: 0, Avg:  0.0, Max: 0, Diff: 0, Sum: 0, Workers: 4
[649.157s][debug][gc,phases      ] GC(43)   Weak JFR Old Object Samples    Min:  0.0, Avg:  0.0, Max:  0.0, Diff:  0.0, Sum:  0.0, Workers: 4
[649.157s][debug][gc,phases      ] GC(43)     Dead                           Min: 0, Avg:  0.0, Max: 0, Diff: 0, Sum: 0, Workers: 4
[649.157s][debug][gc,phases      ] GC(43)     Total                          Min: 0, Avg:  0.0, Max: 0, Diff: 0, Sum: 0, Workers: 4
[649.157s][debug][gc,phases      ] GC(43) Weak Processing 0.375ms
[649.157s][debug][gc,age         ] GC(43) Desired survivor size 56098816 bytes, new threshold 1 (max threshold 15)
[649.157s][info ][gc,heap        ] GC(43) PSYoungGen: 1980944K(2038272K)->4544K(2033664K) Eden: 1974784K(1974784K)->0K(1974784K) From: 6160K(63488K)->4544K(58880K)
[649.157s][info ][gc,heap        ] GC(43) ParOldGen: 291415K(291840K)->293408K(293888K)
[649.157s][info ][gc,metaspace   ] GC(43) Metaspace: 105748K(107200K)->105748K(107200K) NonClass: 89749K(90560K)->89749K(90560K) Class: 15999K(16640K)->15999K(16640K)
[649.157s][info ][gc             ] GC(43) Pause Young (Allocation Failure) 2219M->290M(2273M) 5.377ms
[649.157s][info ][gc,cpu         ] GC(43) User=0.02s Sys=0.00s Real=0.01s
[649.157s][info ][safepoint      ] Safepoint "ParallelGCFailedAllocation", Time since last: 164406395 ns, Reaching safepoint: 77700 ns, Cleanup: 7100 ns, At safepoint: 5440409 ns, Total: 5525209 ns
[650.157s][info ][safepoint      ] Safepoint "Cleanup", Time since last: 1000113289 ns, Reaching safepoint: 82500 ns, Cleanup: 7800 ns, At safepoint: 7100 ns, Total: 97400 ns
[652.158s][info ][safepoint      ] Safepoint "Cleanup", Time since last: 2000183078 ns, Reaching safepoint: 79100 ns, Cleanup: 12400 ns, At safepoint: 27800 ns, Total: 119300 ns
[654.158s][info ][safepoint      ] Safepoint "Cleanup", Time since last: 2000170878 ns, Reaching safepoint: 77000 ns, Cleanup: 48500 ns, At safepoint: 6800 ns, Total: 132300 ns
[655.158s][info ][safepoint      ] Safepoint "Cleanup", Time since last: 1000384833 ns, Reaching safepoint: 78300 ns, Cleanup: 24200 ns, At safepoint: 5800 ns, Total: 108300 ns
[656.159s][info ][safepoint      ] Safepoint "Cleanup", Time since last: 1000107402 ns, Reaching safepoint: 77501 ns, Cleanup: 7600 ns, At safepoint: 6300 ns, Total: 91401 ns
[657.159s][info ][safepoint      ] Safepoint "Cleanup", Time since last: 1000108102 ns, Reaching safepoint: 77200 ns, Cleanup: 9000 ns, At safepoint: 21300 ns, Total: 107500 ns
[658.159s][info ][safepoint      ] Safepoint "Cleanup", Time since last: 1000103503 ns, Reaching safepoint: 78800 ns, Cleanup: 12700 ns, At safepoint: 6800 ns, Total: 98300 ns
[664.222s][info ][safepoint      ] Safepoint "Cleanup", Time since last: 6063123124 ns, Reaching safepoint: 5900 ns, Cleanup: 9600 ns, At safepoint: 2200 ns, Total: 17700 ns
[666.222s][info ][safepoint      ] Safepoint "Cleanup", Time since last: 2000180967 ns, Reaching safepoint: 5600 ns, Cleanup: 9400 ns, At safepoint: 2000 ns, Total: 17000 ns
[670.223s][info ][safepoint      ] Safepoint "Cleanup", Time since last: 4000308805 ns, Reaching safepoint: 6100 ns, Cleanup: 9900 ns, At safepoint: 2700 ns, Total: 18700 ns
[672.223s][info ][safepoint      ] Safepoint "Cleanup", Time since last: 2000151275 ns, Reaching safepoint: 5500 ns, Cleanup: 8300 ns, At safepoint: 2200 ns, Total: 16000 ns
[672.308s][info ][gc,start       ] GC(44) Pause Young (Allocation Failure)
[672.312s][debug][gc,phases      ] GC(44) Scavenge 3.818ms
[672.312s][debug][gc,ref         ] GC(44) ReferenceProcessor::execute queues: 1, RefProcThreadModel::Single, marks_oops_alive: false
[672.312s][debug][gc,ref         ] GC(44) Skipped KeepAliveFinalRefsPhase of Reference Processing: no references
[672.312s][debug][gc,ref         ] GC(44) ReferenceProcessor::execute queues: 1, RefProcThreadModel::Single, marks_oops_alive: false
[672.312s][debug][gc,phases      ] GC(44) Reference Processing 0.097ms
[672.312s][debug][gc,phases      ] GC(44)   VM Weak                        Min:  0.0, Avg:  0.0, Max:  0.0, Diff:  0.0, Sum:  0.0, Workers: 4
[672.312s][debug][gc,phases      ] GC(44)     Dead                           Min: 0, Avg:  0.0, Max: 0, Diff: 0, Sum: 0, Workers: 4
[672.312s][debug][gc,phases      ] GC(44)     Total                          Min: 0, Avg: 257.2, Max: 1029, Diff: 1029, Sum: 1029, Workers: 4
[672.312s][debug][gc,phases      ] GC(44)   ObjectSynchronizer Weak        Min:  0.0, Avg:  0.0, Max:  0.0, Diff:  0.0, Sum:  0.0, Workers: 4
[672.312s][debug][gc,phases      ] GC(44)     Dead                           Min: 0, Avg:  0.0, Max: 0, Diff: 0, Sum: 0, Workers: 4
[672.312s][debug][gc,phases      ] GC(44)     Total                          Min: 0, Avg:  0.8, Max: 3, Diff: 3, Sum: 3, Workers: 4
[672.312s][debug][gc,phases      ] GC(44)   JVMTI Tag Weak OopStorage      Min:  0.0, Avg:  0.0, Max:  0.0, Diff:  0.0, Sum:  0.0, Workers: 4
[672.312s][debug][gc,phases      ] GC(44)     Dead                           Min: 0, Avg:  0.0, Max: 0, Diff: 0, Sum: 0, Workers: 4
[672.312s][debug][gc,phases      ] GC(44)     Total                          Min: 0, Avg:  0.0, Max: 0, Diff: 0, Sum: 0, Workers: 4
[672.312s][debug][gc,phases      ] GC(44)   StringTable Weak               Min:  0.0, Avg:  0.1, Max:  0.1, Diff:  0.1, Sum:  0.4, Workers: 4
[672.312s][debug][gc,phases      ] GC(44)     Dead                           Min: 0, Avg:  0.0, Max: 0, Diff: 0, Sum: 0, Workers: 4
[672.312s][debug][gc,phases      ] GC(44)     Total                          Min: 0, Avg: 11532.5, Max: 20082, Diff: 20082, Sum: 46130, Workers: 4
[672.312s][debug][gc,phases      ] GC(44)   ResolvedMethodTable Weak       Min:  0.0, Avg:  0.0, Max:  0.0, Diff:  0.0, Sum:  0.1, Workers: 4
[672.312s][debug][gc,phases      ] GC(44)     Dead                           Min: 0, Avg:  4.0, Max: 14, Diff: 14, Sum: 16, Workers: 4
[672.312s][debug][gc,phases      ] GC(44)     Total                          Min: 0, Avg: 3810.5, Max: 6489, Diff: 6489, Sum: 15242, Workers: 4
[672.312s][debug][gc,phases      ] GC(44)   JNI Weak                       Min:  0.0, Avg:  0.0, Max:  0.0, Diff:  0.0, Sum:  0.0, Workers: 4
[672.312s][debug][gc,phases      ] GC(44)     Dead                           Min: 0, Avg:  0.0, Max: 0, Diff: 0, Sum: 0, Workers: 4
[672.312s][debug][gc,phases      ] GC(44)     Total                          Min: 0, Avg: 13.0, Max: 52, Diff: 52, Sum: 52, Workers: 4
[672.312s][debug][gc,phases      ] GC(44)   StringDedup Table Weak         Min:  0.0, Avg:  0.0, Max:  0.0, Diff:  0.0, Sum:  0.0, Workers: 4
[672.312s][debug][gc,phases      ] GC(44)     Dead                           Min: 0, Avg:  0.0, Max: 0, Diff: 0, Sum: 0, Workers: 4
[672.312s][debug][gc,phases      ] GC(44)     Total                          Min: 0, Avg:  0.0, Max: 0, Diff: 0, Sum: 0, Workers: 4
[672.312s][debug][gc,phases      ] GC(44)   StringDedup Requests0 Weak     Min:  0.0, Avg:  0.0, Max:  0.0, Diff:  0.0, Sum:  0.0, Workers: 4
[672.312s][debug][gc,phases      ] GC(44)     Dead                           Min: 0, Avg:  0.0, Max: 0, Diff: 0, Sum: 0, Workers: 4
[672.312s][debug][gc,phases      ] GC(44)     Total                          Min: 0, Avg:  0.0, Max: 0, Diff: 0, Sum: 0, Workers: 4
[672.312s][debug][gc,phases      ] GC(44)   StringDedup Requests1 Weak     Min:  0.0, Avg:  0.0, Max:  0.0, Diff:  0.0, Sum:  0.0, Workers: 4
[672.312s][debug][gc,phases      ] GC(44)     Dead                           Min: 0, Avg:  0.0, Max: 0, Diff: 0, Sum: 0, Workers: 4
[672.312s][debug][gc,phases      ] GC(44)     Total                          Min: 0, Avg:  0.0, Max: 0, Diff: 0, Sum: 0, Workers: 4
[672.312s][debug][gc,phases      ] GC(44)   Weak JFR Old Object Samples    Min:  0.0, Avg:  0.0, Max:  0.0, Diff:  0.0, Sum:  0.0, Workers: 4
[672.312s][debug][gc,phases      ] GC(44)     Dead                           Min: 0, Avg:  0.0, Max: 0, Diff: 0, Sum: 0, Workers: 4
[672.312s][debug][gc,phases      ] GC(44)     Total                          Min: 0, Avg:  0.0, Max: 0, Diff: 0, Sum: 0, Workers: 4
[672.312s][debug][gc,phases      ] GC(44) Weak Processing 0.377ms
[672.312s][debug][gc,age         ] GC(44) Desired survivor size 52428800 bytes, new threshold 1 (max threshold 15)
[672.312s][info ][gc,heap        ] GC(44) PSYoungGen: 1979328K(2033664K)->4048K(2045952K) Eden: 1974784K(1974784K)->0K(1991168K) From: 4544K(58880K)->4048K(54784K)
[672.312s][info ][gc,heap        ] GC(44) ParOldGen: 293408K(293888K)->294631K(294912K)
[672.312s][info ][gc,metaspace   ] GC(44) Metaspace: 105758K(107200K)->105758K(107200K) NonClass: 89759K(90560K)->89759K(90560K) Class: 15999K(16640K)->15999K(16640K)
[672.312s][info ][gc             ] GC(44) Pause Young (Allocation Failure) 2219M->291M(2286M) 4.402ms
[672.313s][info ][gc,cpu         ] GC(44) User=0.02s Sys=0.00s Real=0.00s
[672.313s][info ][safepoint      ] Safepoint "ParallelGCFailedAllocation", Time since last: 85246876 ns, Reaching safepoint: 4300 ns, Cleanup: 3700 ns, At safepoint: 4464409 ns, Total: 4472409 ns
[675.313s][info ][safepoint      ] Safepoint "Cleanup", Time since last: 3000213378 ns, Reaching safepoint: 4400 ns, Cleanup: 11000 ns, At safepoint: 1800 ns, Total: 17200 ns
[677.313s][info ][safepoint      ] Safepoint "Cleanup", Time since last: 2000172520 ns, Reaching safepoint: 5300 ns, Cleanup: 9400 ns, At safepoint: 2200 ns, Total: 16900 ns
[686.314s][info ][safepoint      ] Safepoint "Cleanup", Time since last: 9000664854 ns, Reaching safepoint: 5300 ns, Cleanup: 8300 ns, At safepoint: 1800 ns, Total: 15400 ns
[688.314s][info ][safepoint      ] Safepoint "Cleanup", Time since last: 2000174857 ns, Reaching safepoint: 5400 ns, Cleanup: 8300 ns, At safepoint: 2100 ns, Total: 15800 ns
[689.314s][info ][safepoint      ] Safepoint "Cleanup", Time since last: 1000112946 ns, Reaching safepoint: 5500 ns, Cleanup: 8700 ns, At safepoint: 1600 ns, Total: 15800 ns
[690.314s][info ][safepoint      ] Safepoint "Cleanup", Time since last: 1000104246 ns, Reaching safepoint: 5000 ns, Cleanup: 13700 ns, At safepoint: 2200 ns, Total: 20900 ns
[693.314s][info ][safepoint      ] Safepoint "Cleanup", Time since last: 3000239937 ns, Reaching safepoint: 4800 ns, Cleanup: 8800 ns, At safepoint: 1900 ns, Total: 15500 ns
[694.314s][info ][safepoint      ] Safepoint "Cleanup", Time since last: 1000106546 ns, Reaching safepoint: 5100 ns, Cleanup: 26000 ns, At safepoint: 1700 ns, Total: 32800 ns
[695.315s][info ][safepoint      ] Safepoint "Cleanup", Time since last: 1000104801 ns, Reaching safepoint: 4900 ns, Cleanup: 15800 ns, At safepoint: 1700 ns, Total: 22400 ns
[695.318s][info ][gc,start       ] GC(45) Pause Young (Allocation Failure)
[695.323s][debug][gc,phases      ] GC(45) Scavenge 4.832ms
[695.323s][debug][gc,ref         ] GC(45) ReferenceProcessor::execute queues: 1, RefProcThreadModel::Single, marks_oops_alive: false
[695.323s][debug][gc,ref         ] GC(45) Skipped KeepAliveFinalRefsPhase of Reference Processing: no references
[695.323s][debug][gc,ref         ] GC(45) ReferenceProcessor::execute queues: 1, RefProcThreadModel::Single, marks_oops_alive: false
[695.323s][debug][gc,phases      ] GC(45) Reference Processing 0.099ms
[695.324s][debug][gc,phases      ] GC(45)   VM Weak                        Min:  0.0, Avg:  0.0, Max:  0.0, Diff:  0.0, Sum:  0.0, Workers: 4
[695.324s][debug][gc,phases      ] GC(45)     Dead                           Min: 0, Avg:  0.0, Max: 0, Diff: 0, Sum: 0, Workers: 4
[695.324s][debug][gc,phases      ] GC(45)     Total                          Min: 0, Avg: 257.2, Max: 768, Diff: 768, Sum: 1029, Workers: 4
[695.324s][debug][gc,phases      ] GC(45)   ObjectSynchronizer Weak        Min:  0.0, Avg:  0.0, Max:  0.0, Diff:  0.0, Sum:  0.0, Workers: 4
[695.324s][debug][gc,phases      ] GC(45)     Dead                           Min: 0, Avg:  0.0, Max: 0, Diff: 0, Sum: 0, Workers: 4
[695.324s][debug][gc,phases      ] GC(45)     Total                          Min: 0, Avg:  1.0, Max: 4, Diff: 4, Sum: 4, Workers: 4
[695.324s][debug][gc,phases      ] GC(45)   JVMTI Tag Weak OopStorage      Min:  0.0, Avg:  0.0, Max:  0.0, Diff:  0.0, Sum:  0.0, Workers: 4
[695.324s][debug][gc,phases      ] GC(45)     Dead                           Min: 0, Avg:  0.0, Max: 0, Diff: 0, Sum: 0, Workers: 4
[695.324s][debug][gc,phases      ] GC(45)     Total                          Min: 0, Avg:  0.0, Max: 0, Diff: 0, Sum: 0, Workers: 4
[695.324s][debug][gc,phases      ] GC(45)   StringTable Weak               Min:  0.0, Avg:  0.1, Max:  0.1, Diff:  0.1, Sum:  0.4, Workers: 4
[695.324s][debug][gc,phases      ] GC(45)     Dead                           Min: 0, Avg:  0.0, Max: 0, Diff: 0, Sum: 0, Workers: 4
[695.324s][debug][gc,phases      ] GC(45)     Total                          Min: 0, Avg: 11532.8, Max: 19763, Diff: 19763, Sum: 46131, Workers: 4
[695.324s][debug][gc,phases      ] GC(45)   ResolvedMethodTable Weak       Min:  0.0, Avg:  0.0, Max:  0.0, Diff:  0.0, Sum:  0.1, Workers: 4
[695.324s][debug][gc,phases      ] GC(45)     Dead                           Min: 0, Avg:  0.2, Max: 1, Diff: 1, Sum: 1, Workers: 4
[695.324s][debug][gc,phases      ] GC(45)     Total                          Min: 0, Avg: 3811.2, Max: 6432, Diff: 6432, Sum: 15245, Workers: 4
[695.324s][debug][gc,phases      ] GC(45)   JNI Weak                       Min:  0.0, Avg:  0.0, Max:  0.0, Diff:  0.0, Sum:  0.0, Workers: 4
[695.324s][debug][gc,phases      ] GC(45)     Dead                           Min: 0, Avg:  0.0, Max: 0, Diff: 0, Sum: 0, Workers: 4
[695.324s][debug][gc,phases      ] GC(45)     Total                          Min: 0, Avg: 13.0, Max: 52, Diff: 52, Sum: 52, Workers: 4
[695.324s][debug][gc,phases      ] GC(45)   StringDedup Table Weak         Min:  0.0, Avg:  0.0, Max:  0.0, Diff:  0.0, Sum:  0.0, Workers: 4
[695.324s][debug][gc,phases      ] GC(45)     Dead                           Min: 0, Avg:  0.0, Max: 0, Diff: 0, Sum: 0, Workers: 4
[695.324s][debug][gc,phases      ] GC(45)     Total                          Min: 0, Avg:  0.0, Max: 0, Diff: 0, Sum: 0, Workers: 4
[695.324s][debug][gc,phases      ] GC(45)   StringDedup Requests0 Weak     Min:  0.0, Avg:  0.0, Max:  0.0, Diff:  0.0, Sum:  0.0, Workers: 4
[695.324s][debug][gc,phases      ] GC(45)     Dead                           Min: 0, Avg:  0.0, Max: 0, Diff: 0, Sum: 0, Workers: 4
[695.324s][debug][gc,phases      ] GC(45)     Total                          Min: 0, Avg:  0.0, Max: 0, Diff: 0, Sum: 0, Workers: 4
[695.324s][debug][gc,phases      ] GC(45)   StringDedup Requests1 Weak     Min:  0.0, Avg:  0.0, Max:  0.0, Diff:  0.0, Sum:  0.0, Workers: 4
[695.324s][debug][gc,phases      ] GC(45)     Dead                           Min: 0, Avg:  0.0, Max: 0, Diff: 0, Sum: 0, Workers: 4
[695.324s][debug][gc,phases      ] GC(45)     Total                          Min: 0, Avg:  0.0, Max: 0, Diff: 0, Sum: 0, Workers: 4
[695.324s][debug][gc,phases      ] GC(45)   Weak JFR Old Object Samples    Min:  0.0, Avg:  0.0, Max:  0.0, Diff:  0.0, Sum:  0.0, Workers: 4
[695.324s][debug][gc,phases      ] GC(45)     Dead                           Min: 0, Avg:  0.0, Max: 0, Diff: 0, Sum: 0, Workers: 4
[695.324s][debug][gc,phases      ] GC(45)     Total                          Min: 0, Avg:  0.0, Max: 0, Diff: 0, Sum: 0, Workers: 4
[695.324s][debug][gc,phases      ] GC(45) Weak Processing 0.376ms
[695.324s][debug][gc,age         ] GC(45) Desired survivor size 48758784 bytes, new threshold 1 (max threshold 15)
[695.324s][info ][gc,heap        ] GC(45) PSYoungGen: 1995216K(2045952K)->5088K(2042368K) Eden: 1991168K(1991168K)->0K(1991168K) From: 4048K(54784K)->5088K(51200K)
[695.324s][info ][gc,heap        ] GC(45) ParOldGen: 294631K(294912K)->295311K(295424K)
[695.324s][info ][gc,metaspace   ] GC(45) Metaspace: 105770K(107200K)->105770K(107200K) NonClass: 89770K(90560K)->89770K(90560K) Class: 15999K(16640K)->15999K(16640K)
[695.324s][info ][gc             ] GC(45) Pause Young (Allocation Failure) 2236M->293M(2283M) 5.397ms
[695.324s][info ][gc,cpu         ] GC(45) User=0.02s Sys=0.00s Real=0.01s
[695.324s][info ][safepoint      ] Safepoint "ParallelGCFailedAllocation", Time since last: 3859811 ns, Reaching safepoint: 2700 ns, Cleanup: 2100 ns, At safepoint: 5468514 ns, Total: 5473314 ns
[696.324s][info ][safepoint      ] Safepoint "Cleanup", Time since last: 1000089787 ns, Reaching safepoint: 5500 ns, Cleanup: 19000 ns, At safepoint: 2400 ns, Total: 26900 ns
[697.324s][info ][safepoint      ] Safepoint "Cleanup", Time since last: 1000107286 ns, Reaching safepoint: 5200 ns, Cleanup: 7700 ns, At safepoint: 2100 ns, Total: 15000 ns
[702.325s][info ][safepoint      ] Safepoint "Cleanup", Time since last: 5000407837 ns, Reaching safepoint: 4700 ns, Cleanup: 7000 ns, At safepoint: 1600 ns, Total: 13300 ns
[705.325s][info ][safepoint      ] Safepoint "Cleanup", Time since last: 3000241695 ns, Reaching safepoint: 4900 ns, Cleanup: 6600 ns, At safepoint: 1700 ns, Total: 13200 ns
[706.325s][info ][safepoint      ] Safepoint "Cleanup", Time since last: 1000114399 ns, Reaching safepoint: 5600 ns, Cleanup: 9300 ns, At safepoint: 2100 ns, Total: 17000 ns
[707.325s][info ][safepoint      ] Safepoint "Cleanup", Time since last: 1000107099 ns, Reaching safepoint: 5500 ns, Cleanup: 9600 ns, At safepoint: 2400 ns, Total: 17500 ns
[716.326s][info ][safepoint      ] Safepoint "Cleanup", Time since last: 9000671691 ns, Reaching safepoint: 6100 ns, Cleanup: 10100 ns, At safepoint: 2300 ns, Total: 18500 ns
[718.605s][info ][gc,start       ] GC(46) Pause Young (Allocation Failure)
[718.609s][debug][gc,phases      ] GC(46) Scavenge 4.245ms
[718.609s][debug][gc,ref         ] GC(46) ReferenceProcessor::execute queues: 1, RefProcThreadModel::Single, marks_oops_alive: false
[718.609s][debug][gc,ref         ] GC(46) Skipped KeepAliveFinalRefsPhase of Reference Processing: no references
[718.609s][debug][gc,ref         ] GC(46) Skipped PhantomRefsPhase of Reference Processing: no references
[718.609s][debug][gc,phases      ] GC(46) Reference Processing 0.099ms
[718.609s][debug][gc,phases      ] GC(46)   VM Weak                        Min:  0.0, Avg:  0.0, Max:  0.0, Diff:  0.0, Sum:  0.0, Workers: 4
[718.609s][debug][gc,phases      ] GC(46)     Dead                           Min: 0, Avg:  0.0, Max: 0, Diff: 0, Sum: 0, Workers: 4
[718.609s][debug][gc,phases      ] GC(46)     Total                          Min: 5, Avg: 257.2, Max: 448, Diff: 443, Sum: 1029, Workers: 4
[718.609s][debug][gc,phases      ] GC(46)   ObjectSynchronizer Weak        Min:  0.0, Avg:  0.0, Max:  0.0, Diff:  0.0, Sum:  0.0, Workers: 4
[718.609s][debug][gc,phases      ] GC(46)     Dead                           Min: 0, Avg:  0.0, Max: 0, Diff: 0, Sum: 0, Workers: 4
[718.609s][debug][gc,phases      ] GC(46)     Total                          Min: 0, Avg:  1.0, Max: 4, Diff: 4, Sum: 4, Workers: 4
[718.609s][debug][gc,phases      ] GC(46)   JVMTI Tag Weak OopStorage      Min:  0.0, Avg:  0.0, Max:  0.0, Diff:  0.0, Sum:  0.0, Workers: 4
[718.609s][debug][gc,phases      ] GC(46)     Dead                           Min: 0, Avg:  0.0, Max: 0, Diff: 0, Sum: 0, Workers: 4
[718.609s][debug][gc,phases      ] GC(46)     Total                          Min: 0, Avg:  0.0, Max: 0, Diff: 0, Sum: 0, Workers: 4
[718.609s][debug][gc,phases      ] GC(46)   StringTable Weak               Min:  0.1, Avg:  0.1, Max:  0.1, Diff:  0.0, Sum:  0.4, Workers: 4
[718.609s][debug][gc,phases      ] GC(46)     Dead                           Min: 0, Avg:  0.0, Max: 0, Diff: 0, Sum: 0, Workers: 4
[718.609s][debug][gc,phases      ] GC(46)     Total                          Min: 11264, Avg: 11533.8, Max: 11712, Diff: 448, Sum: 46135, Workers: 4
[718.609s][debug][gc,phases      ] GC(46)   ResolvedMethodTable Weak       Min:  0.0, Avg:  0.0, Max:  0.0, Diff:  0.0, Sum:  0.2, Workers: 4
[718.609s][debug][gc,phases      ] GC(46)     Dead                           Min: 0, Avg:  4.0, Max: 8, Diff: 8, Sum: 16, Workers: 4
[718.609s][debug][gc,phases      ] GC(46)     Total                          Min: 3708, Avg: 3811.2, Max: 3934, Diff: 226, Sum: 15245, Workers: 4
[718.609s][debug][gc,phases      ] GC(46)   JNI Weak                       Min:  0.0, Avg:  0.0, Max:  0.0, Diff:  0.0, Sum:  0.0, Workers: 4
[718.609s][debug][gc,phases      ] GC(46)     Dead                           Min: 0, Avg:  0.0, Max: 0, Diff: 0, Sum: 0, Workers: 4
[718.609s][debug][gc,phases      ] GC(46)     Total                          Min: 0, Avg: 13.0, Max: 52, Diff: 52, Sum: 52, Workers: 4
[718.609s][debug][gc,phases      ] GC(46)   StringDedup Table Weak         Min:  0.0, Avg:  0.0, Max:  0.0, Diff:  0.0, Sum:  0.0, Workers: 4
[718.609s][debug][gc,phases      ] GC(46)     Dead                           Min: 0, Avg:  0.0, Max: 0, Diff: 0, Sum: 0, Workers: 4
[718.609s][debug][gc,phases      ] GC(46)     Total                          Min: 0, Avg:  0.0, Max: 0, Diff: 0, Sum: 0, Workers: 4
[718.609s][debug][gc,phases      ] GC(46)   StringDedup Requests0 Weak     Min:  0.0, Avg:  0.0, Max:  0.0, Diff:  0.0, Sum:  0.0, Workers: 4
[718.609s][debug][gc,phases      ] GC(46)     Dead                           Min: 0, Avg:  0.0, Max: 0, Diff: 0, Sum: 0, Workers: 4
[718.609s][debug][gc,phases      ] GC(46)     Total                          Min: 0, Avg:  0.0, Max: 0, Diff: 0, Sum: 0, Workers: 4
[718.609s][debug][gc,phases      ] GC(46)   StringDedup Requests1 Weak     Min:  0.0, Avg:  0.0, Max:  0.0, Diff:  0.0, Sum:  0.0, Workers: 4
[718.609s][debug][gc,phases      ] GC(46)     Dead                           Min: 0, Avg:  0.0, Max: 0, Diff: 0, Sum: 0, Workers: 4
[718.609s][debug][gc,phases      ] GC(46)     Total                          Min: 0, Avg:  0.0, Max: 0, Diff: 0, Sum: 0, Workers: 4
[718.609s][debug][gc,phases      ] GC(46)   Weak JFR Old Object Samples    Min:  0.0, Avg:  0.0, Max:  0.0, Diff:  0.0, Sum:  0.0, Workers: 4
[718.609s][debug][gc,phases      ] GC(46)     Dead                           Min: 0, Avg:  0.0, Max: 0, Diff: 0, Sum: 0, Workers: 4
[718.609s][debug][gc,phases      ] GC(46)     Total                          Min: 0, Avg:  0.0, Max: 0, Diff: 0, Sum: 0, Workers: 4
[718.609s][debug][gc,phases      ] GC(46) Weak Processing 0.354ms
[718.609s][debug][gc,age         ] GC(46) Desired survivor size 45613056 bytes, new threshold 1 (max threshold 15)
[718.609s][info ][gc,heap        ] GC(46) PSYoungGen: 1996256K(2042368K)->4688K(2052608K) Eden: 1991168K(1991168K)->0K(2004992K) From: 5088K(51200K)->4688K(47616K)
[718.609s][info ][gc,heap        ] GC(46) ParOldGen: 295311K(295424K)->296330K(296448K)
[718.609s][info ][gc,metaspace   ] GC(46) Metaspace: 105775K(107200K)->105775K(107200K) NonClass: 89775K(90560K)->89775K(90560K) Class: 15999K(16640K)->15999K(16640K)
[718.609s][info ][gc             ] GC(46) Pause Young (Allocation Failure) 2237M->293M(2294M) 4.811ms
[718.609s][info ][gc,cpu         ] GC(46) User=0.02s Sys=0.00s Real=0.00s
[718.610s][info ][safepoint      ] Safepoint "ParallelGCFailedAllocation", Time since last: 2278843151 ns, Reaching safepoint: 4900 ns, Cleanup: 4000 ns, At safepoint: 4873811 ns, Total: 4882711 ns
[719.610s][info ][safepoint      ] Safepoint "Cleanup", Time since last: 1000100685 ns, Reaching safepoint: 81200 ns, Cleanup: 14900 ns, At safepoint: 6000 ns, Total: 102100 ns
[721.239s][info ][safepoint      ] Safepoint "Cleanup", Time since last: 1629204223 ns, Reaching safepoint: 5700 ns, Cleanup: 17000 ns, At safepoint: 2200 ns, Total: 24900 ns
[727.239s][info ][safepoint      ] Safepoint "Cleanup", Time since last: 6000434284 ns, Reaching safepoint: 5500 ns, Cleanup: 9400 ns, At safepoint: 1700 ns, Total: 16600 ns
[730.240s][info ][safepoint      ] Safepoint "Cleanup", Time since last: 3000252330 ns, Reaching safepoint: 4700 ns, Cleanup: 8800 ns, At safepoint: 1700 ns, Total: 15200 ns
[732.240s][info ][safepoint      ] Safepoint "Cleanup", Time since last: 2000162960 ns, Reaching safepoint: 5300 ns, Cleanup: 8000 ns, At safepoint: 1700 ns, Total: 15000 ns
[733.240s][info ][safepoint      ] Safepoint "Cleanup", Time since last: 1000099231 ns, Reaching safepoint: 4800 ns, Cleanup: 8800 ns, At safepoint: 1600 ns, Total: 15200 ns
[735.240s][info ][safepoint      ] Safepoint "Cleanup", Time since last: 2000169569 ns, Reaching safepoint: 5000 ns, Cleanup: 8200 ns, At safepoint: 1800 ns, Total: 15000 ns
[738.240s][info ][safepoint      ] Safepoint "Cleanup", Time since last: 3000227163 ns, Reaching safepoint: 5200 ns, Cleanup: 8100 ns, At safepoint: 1700 ns, Total: 15000 ns
[741.663s][info ][gc,start       ] GC(47) Pause Young (Allocation Failure)
[741.667s][debug][gc,phases      ] GC(47) Scavenge 4.214ms
[741.667s][debug][gc,ref         ] GC(47) ReferenceProcessor::execute queues: 1, RefProcThreadModel::Single, marks_oops_alive: false
[741.667s][debug][gc,ref         ] GC(47) Skipped KeepAliveFinalRefsPhase of Reference Processing: no references
[741.667s][debug][gc,ref         ] GC(47) Skipped PhantomRefsPhase of Reference Processing: no references
[741.667s][debug][gc,phases      ] GC(47) Reference Processing 0.100ms
[741.667s][debug][gc,phases      ] GC(47)   VM Weak                        Min:  0.0, Avg:  0.0, Max:  0.0, Diff:  0.0, Sum:  0.0, Workers: 4
[741.667s][debug][gc,phases      ] GC(47)     Dead                           Min: 0, Avg:  0.0, Max: 0, Diff: 0, Sum: 0, Workers: 4
[741.667s][debug][gc,phases      ] GC(47)     Total                          Min: 0, Avg: 257.2, Max: 581, Diff: 581, Sum: 1029, Workers: 4
[741.667s][debug][gc,phases      ] GC(47)   ObjectSynchronizer Weak        Min:  0.0, Avg:  0.0, Max:  0.0, Diff:  0.0, Sum:  0.0, Workers: 4
[741.667s][debug][gc,phases      ] GC(47)     Dead                           Min: 0, Avg:  0.0, Max: 0, Diff: 0, Sum: 0, Workers: 4
[741.667s][debug][gc,phases      ] GC(47)     Total                          Min: 0, Avg:  1.0, Max: 4, Diff: 4, Sum: 4, Workers: 4
[741.667s][debug][gc,phases      ] GC(47)   JVMTI Tag Weak OopStorage      Min:  0.0, Avg:  0.0, Max:  0.0, Diff:  0.0, Sum:  0.0, Workers: 4
[741.667s][debug][gc,phases      ] GC(47)     Dead                           Min: 0, Avg:  0.0, Max: 0, Diff: 0, Sum: 0, Workers: 4
[741.667s][debug][gc,phases      ] GC(47)     Total                          Min: 0, Avg:  0.0, Max: 0, Diff: 0, Sum: 0, Workers: 4
[741.667s][debug][gc,phases      ] GC(47)   StringTable Weak               Min:  0.0, Avg:  0.1, Max:  0.1, Diff:  0.1, Sum:  0.4, Workers: 4
[741.667s][debug][gc,phases      ] GC(47)     Dead                           Min: 0, Avg:  0.0, Max: 0, Diff: 0, Sum: 0, Workers: 4
[741.667s][debug][gc,phases      ] GC(47)     Total                          Min: 0, Avg: 11534.0, Max: 19960, Diff: 19960, Sum: 46136, Workers: 4
[741.667s][debug][gc,phases      ] GC(47)   ResolvedMethodTable Weak       Min:  0.0, Avg:  0.0, Max:  0.0, Diff:  0.0, Sum:  0.1, Workers: 4
[741.667s][debug][gc,phases      ] GC(47)     Dead                           Min: 0, Avg:  4.0, Max: 15, Diff: 15, Sum: 16, Workers: 4
[741.667s][debug][gc,phases      ] GC(47)     Total                          Min: 0, Avg: 3811.2, Max: 6478, Diff: 6478, Sum: 15245, Workers: 4
[741.667s][debug][gc,phases      ] GC(47)   JNI Weak                       Min:  0.0, Avg:  0.0, Max:  0.0, Diff:  0.0, Sum:  0.0, Workers: 4
[741.667s][debug][gc,phases      ] GC(47)     Dead                           Min: 0, Avg:  0.0, Max: 0, Diff: 0, Sum: 0, Workers: 4
[741.667s][debug][gc,phases      ] GC(47)     Total                          Min: 0, Avg: 13.0, Max: 52, Diff: 52, Sum: 52, Workers: 4
[741.668s][debug][gc,phases      ] GC(47)   StringDedup Table Weak         Min:  0.0, Avg:  0.0, Max:  0.0, Diff:  0.0, Sum:  0.0, Workers: 4
[741.668s][debug][gc,phases      ] GC(47)     Dead                           Min: 0, Avg:  0.0, Max: 0, Diff: 0, Sum: 0, Workers: 4
[741.668s][debug][gc,phases      ] GC(47)     Total                          Min: 0, Avg:  0.0, Max: 0, Diff: 0, Sum: 0, Workers: 4
[741.668s][debug][gc,phases      ] GC(47)   StringDedup Requests0 Weak     Min:  0.0, Avg:  0.0, Max:  0.0, Diff:  0.0, Sum:  0.0, Workers: 4
[741.668s][debug][gc,phases      ] GC(47)     Dead                           Min: 0, Avg:  0.0, Max: 0, Diff: 0, Sum: 0, Workers: 4
[741.668s][debug][gc,phases      ] GC(47)     Total                          Min: 0, Avg:  0.0, Max: 0, Diff: 0, Sum: 0, Workers: 4
[741.668s][debug][gc,phases      ] GC(47)   StringDedup Requests1 Weak     Min:  0.0, Avg:  0.0, Max:  0.0, Diff:  0.0, Sum:  0.0, Workers: 4
[741.668s][debug][gc,phases      ] GC(47)     Dead                           Min: 0, Avg:  0.0, Max: 0, Diff: 0, Sum: 0, Workers: 4
[741.668s][debug][gc,phases      ] GC(47)     Total                          Min: 0, Avg:  0.0, Max: 0, Diff: 0, Sum: 0, Workers: 4
[741.668s][debug][gc,phases      ] GC(47)   Weak JFR Old Object Samples    Min:  0.0, Avg:  0.0, Max:  0.0, Diff:  0.0, Sum:  0.0, Workers: 4
[741.668s][debug][gc,phases      ] GC(47)     Dead                           Min: 0, Avg:  0.0, Max: 0, Diff: 0, Sum: 0, Workers: 4
[741.668s][debug][gc,phases      ] GC(47)     Total                          Min: 0, Avg:  0.0, Max: 0, Diff: 0, Sum: 0, Workers: 4
[741.668s][debug][gc,phases      ] GC(47) Weak Processing 0.400ms
[741.668s][debug][gc,age         ] GC(47) Desired survivor size 42467328 bytes, new threshold 1 (max threshold 15)
[741.668s][info ][gc,heap        ] GC(47) PSYoungGen: 2009680K(2052608K)->5550K(2049536K) Eden: 2004992K(2004992K)->0K(2004992K) From: 4688K(47616K)->5550K(44544K)
[741.668s][info ][gc,heap        ] GC(47) ParOldGen: 296330K(296448K)->296978K(297472K)
[741.668s][info ][gc,metaspace   ] GC(47) Metaspace: 105785K(107200K)->105785K(107200K) NonClass: 89785K(90560K)->89785K(90560K) Class: 15999K(16640K)->15999K(16640K)
[741.668s][info ][gc             ] GC(47) Pause Young (Allocation Failure) 2251M->295M(2292M) 4.827ms
[741.668s][info ][gc,cpu         ] GC(47) User=0.02s Sys=0.00s Real=0.00s
[741.668s][info ][safepoint      ] Safepoint "ParallelGCFailedAllocation", Time since last: 3422395732 ns, Reaching safepoint: 4500 ns, Cleanup: 3600 ns, At safepoint: 4886211 ns, Total: 4894311 ns
[744.668s][info ][safepoint      ] Safepoint "Cleanup", Time since last: 3000222261 ns, Reaching safepoint: 5300 ns, Cleanup: 10900 ns, At safepoint: 2200 ns, Total: 18400 ns
[750.668s][info ][safepoint      ] Safepoint "Cleanup", Time since last: 6000476018 ns, Reaching safepoint: 4300 ns, Cleanup: 6300 ns, At safepoint: 1700 ns, Total: 12300 ns
[754.669s][info ][safepoint      ] Safepoint "Cleanup", Time since last: 4000317208 ns, Reaching safepoint: 5100 ns, Cleanup: 8600 ns, At safepoint: 2000 ns, Total: 15700 ns
[757.669s][info ][safepoint      ] Safepoint "Cleanup", Time since last: 3000284265 ns, Reaching safepoint: 4900 ns, Cleanup: 8700 ns, At safepoint: 1900 ns, Total: 15500 ns
[764.670s][info ][safepoint      ] Safepoint "Cleanup", Time since last: 7000531035 ns, Reaching safepoint: 5700 ns, Cleanup: 11500 ns, At safepoint: 2100 ns, Total: 19300 ns
[764.952s][info ][gc,start       ] GC(48) Pause Young (Allocation Failure)
[764.956s][debug][gc,phases      ] GC(48) Scavenge 4.456ms
[764.956s][debug][gc,ref         ] GC(48) ReferenceProcessor::execute queues: 1, RefProcThreadModel::Single, marks_oops_alive: false
[764.956s][debug][gc,ref         ] GC(48) Skipped KeepAliveFinalRefsPhase of Reference Processing: no references
[764.956s][debug][gc,ref         ] GC(48) Skipped PhantomRefsPhase of Reference Processing: no references
[764.956s][debug][gc,phases      ] GC(48) Reference Processing 0.092ms
[764.957s][debug][gc,phases      ] GC(48)   VM Weak                        Min:  0.0, Avg:  0.0, Max:  0.0, Diff:  0.0, Sum:  0.0, Workers: 4
[764.957s][debug][gc,phases      ] GC(48)     Dead                           Min: 0, Avg:  0.0, Max: 0, Diff: 0, Sum: 0, Workers: 4
[764.957s][debug][gc,phases      ] GC(48)     Total                          Min: 64, Avg: 257.2, Max: 512, Diff: 448, Sum: 1029, Workers: 4
[764.957s][debug][gc,phases      ] GC(48)   ObjectSynchronizer Weak        Min:  0.0, Avg:  0.0, Max:  0.0, Diff:  0.0, Sum:  0.0, Workers: 4
[764.957s][debug][gc,phases      ] GC(48)     Dead                           Min: 0, Avg:  0.0, Max: 0, Diff: 0, Sum: 0, Workers: 4
[764.957s][debug][gc,phases      ] GC(48)     Total                          Min: 0, Avg:  1.0, Max: 4, Diff: 4, Sum: 4, Workers: 4
[764.957s][debug][gc,phases      ] GC(48)   JVMTI Tag Weak OopStorage      Min:  0.0, Avg:  0.0, Max:  0.0, Diff:  0.0, Sum:  0.0, Workers: 4
[764.957s][debug][gc,phases      ] GC(48)     Dead                           Min: 0, Avg:  0.0, Max: 0, Diff: 0, Sum: 0, Workers: 4
[764.957s][debug][gc,phases      ] GC(48)     Total                          Min: 0, Avg:  0.0, Max: 0, Diff: 0, Sum: 0, Workers: 4
[764.957s][debug][gc,phases      ] GC(48)   StringTable Weak               Min:  0.1, Avg:  0.1, Max:  0.1, Diff:  0.0, Sum:  0.4, Workers: 4
[764.957s][debug][gc,phases      ] GC(48)     Dead                           Min: 0, Avg:  0.0, Max: 0, Diff: 0, Sum: 0, Workers: 4
[764.957s][debug][gc,phases      ] GC(48)     Total                          Min: 11200, Avg: 11534.2, Max: 12096, Diff: 896, Sum: 46137, Workers: 4
[764.957s][debug][gc,phases      ] GC(48)   ResolvedMethodTable Weak       Min:  0.0, Avg:  0.0, Max:  0.0, Diff:  0.0, Sum:  0.2, Workers: 4
[764.957s][debug][gc,phases      ] GC(48)     Dead                           Min: 0, Avg:  4.0, Max: 11, Diff: 11, Sum: 16, Workers: 4
[764.957s][debug][gc,phases      ] GC(48)     Total                          Min: 3331, Avg: 3811.2, Max: 4109, Diff: 778, Sum: 15245, Workers: 4
[764.957s][debug][gc,phases      ] GC(48)   JNI Weak                       Min:  0.0, Avg:  0.0, Max:  0.0, Diff:  0.0, Sum:  0.0, Workers: 4
[764.957s][debug][gc,phases      ] GC(48)     Dead                           Min: 0, Avg:  0.0, Max: 0, Diff: 0, Sum: 0, Workers: 4
[764.957s][debug][gc,phases      ] GC(48)     Total                          Min: 0, Avg: 13.0, Max: 52, Diff: 52, Sum: 52, Workers: 4
[764.957s][debug][gc,phases      ] GC(48)   StringDedup Table Weak         Min:  0.0, Avg:  0.0, Max:  0.0, Diff:  0.0, Sum:  0.0, Workers: 4
[764.957s][debug][gc,phases      ] GC(48)     Dead                           Min: 0, Avg:  0.0, Max: 0, Diff: 0, Sum: 0, Workers: 4
[764.957s][debug][gc,phases      ] GC(48)     Total                          Min: 0, Avg:  0.0, Max: 0, Diff: 0, Sum: 0, Workers: 4
[764.957s][debug][gc,phases      ] GC(48)   StringDedup Requests0 Weak     Min:  0.0, Avg:  0.0, Max:  0.0, Diff:  0.0, Sum:  0.0, Workers: 4
[764.957s][debug][gc,phases      ] GC(48)     Dead                           Min: 0, Avg:  0.0, Max: 0, Diff: 0, Sum: 0, Workers: 4
[764.957s][debug][gc,phases      ] GC(48)     Total                          Min: 0, Avg:  0.0, Max: 0, Diff: 0, Sum: 0, Workers: 4
[764.957s][debug][gc,phases      ] GC(48)   StringDedup Requests1 Weak     Min:  0.0, Avg:  0.0, Max:  0.0, Diff:  0.0, Sum:  0.0, Workers: 4
[764.957s][debug][gc,phases      ] GC(48)     Dead                           Min: 0, Avg:  0.0, Max: 0, Diff: 0, Sum: 0, Workers: 4
[764.957s][debug][gc,phases      ] GC(48)     Total                          Min: 0, Avg:  0.0, Max: 0, Diff: 0, Sum: 0, Workers: 4
[764.957s][debug][gc,phases      ] GC(48)   Weak JFR Old Object Samples    Min:  0.0, Avg:  0.0, Max:  0.0, Diff:  0.0, Sum:  0.0, Workers: 4
[764.957s][debug][gc,phases      ] GC(48)     Dead                           Min: 0, Avg:  0.0, Max: 0, Diff: 0, Sum: 0, Workers: 4
[764.957s][debug][gc,phases      ] GC(48)     Total                          Min: 0, Avg:  0.0, Max: 0, Diff: 0, Sum: 0, Workers: 4
[764.957s][debug][gc,phases      ] GC(48) Weak Processing 0.370ms
[764.957s][debug][gc,age         ] GC(48) Desired survivor size 39321600 bytes, new threshold 1 (max threshold 15)
[764.957s][info ][gc,heap        ] GC(48) PSYoungGen: 2010542K(2049536K)->4864K(2058752K) Eden: 2004992K(2004992K)->0K(2017280K) From: 5550K(44544K)->4864K(41472K)
[764.957s][info ][gc,heap        ] GC(48) ParOldGen: 296978K(297472K)->298305K(298496K)
[764.957s][info ][gc,metaspace   ] GC(48) Metaspace: 105790K(107200K)->105790K(107200K) NonClass: 89791K(90560K)->89791K(90560K) Class: 15999K(16640K)->15999K(16640K)
[764.957s][info ][gc             ] GC(48) Pause Young (Allocation Failure) 2253M->296M(2302M) 5.022ms
[764.957s][info ][gc,cpu         ] GC(48) User=0.02s Sys=0.00s Real=0.01s
[764.957s][info ][safepoint      ] Safepoint "ParallelGCFailedAllocation", Time since last: 282067550 ns, Reaching safepoint: 77501 ns, Cleanup: 16000 ns, At safepoint: 5087413 ns, Total: 5180914 ns
[775.958s][info ][safepoint      ] Safepoint "Cleanup", Time since last: 11000863671 ns, Reaching safepoint: 79600 ns, Cleanup: 7500 ns, At safepoint: 6300 ns, Total: 93400 ns
[776.958s][info ][safepoint      ] Safepoint "Cleanup", Time since last: 1000143182 ns, Reaching safepoint: 80401 ns, Cleanup: 8600 ns, At safepoint: 6800 ns, Total: 95801 ns
[777.958s][info ][safepoint      ] Safepoint "Cleanup", Time since last: 1000122282 ns, Reaching safepoint: 78700 ns, Cleanup: 11700 ns, At safepoint: 5700 ns, Total: 96100 ns
[785.257s][info ][safepoint      ] Safepoint "Cleanup", Time since last: 7298467042 ns, Reaching safepoint: 82000 ns, Cleanup: 8900 ns, At safepoint: 6800 ns, Total: 97700 ns
[788.802s][info ][gc,start       ] GC(49) Pause Young (Allocation Failure)
[788.806s][debug][gc,phases      ] GC(49) Scavenge 4.213ms
[788.806s][debug][gc,ref         ] GC(49) ReferenceProcessor::execute queues: 1, RefProcThreadModel::Single, marks_oops_alive: false
[788.806s][debug][gc,ref         ] GC(49) Skipped KeepAliveFinalRefsPhase of Reference Processing: no references
[788.806s][debug][gc,ref         ] GC(49) Skipped PhantomRefsPhase of Reference Processing: no references
[788.806s][debug][gc,phases      ] GC(49) Reference Processing 0.096ms
[788.806s][debug][gc,phases      ] GC(49)   VM Weak                        Min:  0.0, Avg:  0.0, Max:  0.0, Diff:  0.0, Sum:  0.0, Workers: 4
[788.806s][debug][gc,phases      ] GC(49)     Dead                           Min: 0, Avg:  0.0, Max: 0, Diff: 0, Sum: 0, Workers: 4
[788.806s][debug][gc,phases      ] GC(49)     Total                          Min: 0, Avg: 257.2, Max: 1029, Diff: 1029, Sum: 1029, Workers: 4
[788.806s][debug][gc,phases      ] GC(49)   ObjectSynchronizer Weak        Min:  0.0, Avg:  0.0, Max:  0.0, Diff:  0.0, Sum:  0.0, Workers: 4
[788.806s][debug][gc,phases      ] GC(49)     Dead                           Min: 0, Avg:  0.0, Max: 0, Diff: 0, Sum: 0, Workers: 4
[788.806s][debug][gc,phases      ] GC(49)     Total                          Min: 0, Avg:  0.8, Max: 3, Diff: 3, Sum: 3, Workers: 4
[788.806s][debug][gc,phases      ] GC(49)   JVMTI Tag Weak OopStorage      Min:  0.0, Avg:  0.0, Max:  0.0, Diff:  0.0, Sum:  0.0, Workers: 4
[788.806s][debug][gc,phases      ] GC(49)     Dead                           Min: 0, Avg:  0.0, Max: 0, Diff: 0, Sum: 0, Workers: 4
[788.806s][debug][gc,phases      ] GC(49)     Total                          Min: 0, Avg:  0.0, Max: 0, Diff: 0, Sum: 0, Workers: 4
[788.806s][debug][gc,phases      ] GC(49)   StringTable Weak               Min:  0.0, Avg:  0.1, Max:  0.1, Diff:  0.1, Sum:  0.4, Workers: 4
[788.806s][debug][gc,phases      ] GC(49)     Dead                           Min: 0, Avg:  0.0, Max: 0, Diff: 0, Sum: 0, Workers: 4
[788.806s][debug][gc,phases      ] GC(49)     Total                          Min: 0, Avg: 11534.2, Max: 19641, Diff: 19641, Sum: 46137, Workers: 4
[788.806s][debug][gc,phases      ] GC(49)   ResolvedMethodTable Weak       Min:  0.0, Avg:  0.0, Max:  0.0, Diff:  0.0, Sum:  0.1, Workers: 4
[788.806s][debug][gc,phases      ] GC(49)     Dead                           Min: 0, Avg:  4.0, Max: 8, Diff: 8, Sum: 16, Workers: 4
[788.806s][debug][gc,phases      ] GC(49)     Total                          Min: 0, Avg: 3811.2, Max: 6623, Diff: 6623, Sum: 15245, Workers: 4
[788.806s][debug][gc,phases      ] GC(49)   JNI Weak                       Min:  0.0, Avg:  0.0, Max:  0.0, Diff:  0.0, Sum:  0.0, Workers: 4
[788.806s][debug][gc,phases      ] GC(49)     Dead                           Min: 0, Avg:  0.0, Max: 0, Diff: 0, Sum: 0, Workers: 4
[788.806s][debug][gc,phases      ] GC(49)     Total                          Min: 0, Avg: 13.0, Max: 52, Diff: 52, Sum: 52, Workers: 4
[788.806s][debug][gc,phases      ] GC(49)   StringDedup Table Weak         Min:  0.0, Avg:  0.0, Max:  0.0, Diff:  0.0, Sum:  0.0, Workers: 4
[788.806s][debug][gc,phases      ] GC(49)     Dead                           Min: 0, Avg:  0.0, Max: 0, Diff: 0, Sum: 0, Workers: 4
[788.806s][debug][gc,phases      ] GC(49)     Total                          Min: 0, Avg:  0.0, Max: 0, Diff: 0, Sum: 0, Workers: 4
[788.806s][debug][gc,phases      ] GC(49)   StringDedup Requests0 Weak     Min:  0.0, Avg:  0.0, Max:  0.0, Diff:  0.0, Sum:  0.0, Workers: 4
[788.806s][debug][gc,phases      ] GC(49)     Dead                           Min: 0, Avg:  0.0, Max: 0, Diff: 0, Sum: 0, Workers: 4
[788.806s][debug][gc,phases      ] GC(49)     Total                          Min: 0, Avg:  0.0, Max: 0, Diff: 0, Sum: 0, Workers: 4
[788.806s][debug][gc,phases      ] GC(49)   StringDedup Requests1 Weak     Min:  0.0, Avg:  0.0, Max:  0.0, Diff:  0.0, Sum:  0.0, Workers: 4
[788.806s][debug][gc,phases      ] GC(49)     Dead                           Min: 0, Avg:  0.0, Max: 0, Diff: 0, Sum: 0, Workers: 4
[788.806s][debug][gc,phases      ] GC(49)     Total                          Min: 0, Avg:  0.0, Max: 0, Diff: 0, Sum: 0, Workers: 4
[788.806s][debug][gc,phases      ] GC(49)   Weak JFR Old Object Samples    Min:  0.0, Avg:  0.0, Max:  0.0, Diff:  0.0, Sum:  0.0, Workers: 4
[788.806s][debug][gc,phases      ] GC(49)     Dead                           Min: 0, Avg:  0.0, Max: 0, Diff: 0, Sum: 0, Workers: 4
[788.806s][debug][gc,phases      ] GC(49)     Total                          Min: 0, Avg:  0.0, Max: 0, Diff: 0, Sum: 0, Workers: 4
[788.806s][debug][gc,phases      ] GC(49) Weak Processing 0.383ms
[788.806s][debug][gc,age         ] GC(49) Desired survivor size 36700160 bytes, new threshold 1 (max threshold 15)
[788.806s][info ][gc,heap        ] GC(49) PSYoungGen: 2022144K(2058752K)->4656K(2055680K) Eden: 2017280K(2017280K)->0K(2017280K) From: 4864K(41472K)->4656K(38400K)
[788.807s][info ][gc,heap        ] GC(49) ParOldGen: 298305K(298496K)->299283K(299520K)
[788.807s][info ][gc,metaspace   ] GC(49) Metaspace: 105796K(107200K)->105796K(107200K) NonClass: 89797K(90560K)->89797K(90560K) Class: 15999K(16640K)->15999K(16640K)
[788.807s][info ][gc             ] GC(49) Pause Young (Allocation Failure) 2266M->296M(2300M) 4.805ms
[788.807s][info ][gc,cpu         ] GC(49) User=0.01s Sys=0.00s Real=0.01s
[788.807s][info ][safepoint      ] Safepoint "ParallelGCFailedAllocation", Time since last: 3544789598 ns, Reaching safepoint: 81001 ns, Cleanup: 4200 ns, At safepoint: 4872211 ns, Total: 4957412 ns
[790.807s][info ][safepoint      ] Safepoint "Cleanup", Time since last: 2000158413 ns, Reaching safepoint: 77400 ns, Cleanup: 8100 ns, At safepoint: 6200 ns, Total: 91700 ns
[791.807s][info ][safepoint      ] Safepoint "Cleanup", Time since last: 1000098508 ns, Reaching safepoint: 76800 ns, Cleanup: 10900 ns, At safepoint: 6400 ns, Total: 94100 ns
[795.807s][info ][safepoint      ] Safepoint "Cleanup", Time since last: 4000323630 ns, Reaching safepoint: 78300 ns, Cleanup: 8600 ns, At safepoint: 5900 ns, Total: 92800 ns
[800.808s][info ][safepoint      ] Safepoint "Cleanup", Time since last: 5000436348 ns, Reaching safepoint: 75800 ns, Cleanup: 8800 ns, At safepoint: 5500 ns, Total: 90100 ns
[801.808s][info ][safepoint      ] Safepoint "Cleanup", Time since last: 1000101758 ns, Reaching safepoint: 75600 ns, Cleanup: 8400 ns, At safepoint: 5100 ns, Total: 89100 ns
[807.809s][info ][safepoint      ] Safepoint "Cleanup", Time since last: 6000496330 ns, Reaching safepoint: 75000 ns, Cleanup: 14000 ns, At safepoint: 5600 ns, Total: 94600 ns
[810.809s][info ][safepoint      ] Safepoint "Cleanup", Time since last: 3000258505 ns, Reaching safepoint: 79601 ns, Cleanup: 7500 ns, At safepoint: 7500 ns, Total: 94601 ns
[811.809s][info ][safepoint      ] Safepoint "Cleanup", Time since last: 1000116401 ns, Reaching safepoint: 77300 ns, Cleanup: 10801 ns, At safepoint: 6600 ns, Total: 94701 ns
[812.656s][info ][gc,start       ] GC(50) Pause Young (Allocation Failure)
[812.660s][debug][gc,phases      ] GC(50) Scavenge 3.841ms
[812.660s][debug][gc,ref         ] GC(50) ReferenceProcessor::execute queues: 1, RefProcThreadModel::Single, marks_oops_alive: false
[812.660s][debug][gc,ref         ] GC(50) Skipped KeepAliveFinalRefsPhase of Reference Processing: no references
[812.660s][debug][gc,ref         ] GC(50) Skipped PhantomRefsPhase of Reference Processing: no references
[812.660s][debug][gc,phases      ] GC(50) Reference Processing 0.106ms
[812.660s][debug][gc,phases      ] GC(50)   VM Weak                        Min:  0.0, Avg:  0.0, Max:  0.0, Diff:  0.0, Sum:  0.0, Workers: 4
[812.660s][debug][gc,phases      ] GC(50)     Dead                           Min: 0, Avg:  0.0, Max: 0, Diff: 0, Sum: 0, Workers: 4
[812.660s][debug][gc,phases      ] GC(50)     Total                          Min: 0, Avg: 257.2, Max: 576, Diff: 576, Sum: 1029, Workers: 4
[812.660s][debug][gc,phases      ] GC(50)   ObjectSynchronizer Weak        Min:  0.0, Avg:  0.0, Max:  0.0, Diff:  0.0, Sum:  0.0, Workers: 4
[812.660s][debug][gc,phases      ] GC(50)     Dead                           Min: 0, Avg:  0.0, Max: 0, Diff: 0, Sum: 0, Workers: 4
[812.660s][debug][gc,phases      ] GC(50)     Total                          Min: 0, Avg:  0.8, Max: 3, Diff: 3, Sum: 3, Workers: 4
[812.660s][debug][gc,phases      ] GC(50)   JVMTI Tag Weak OopStorage      Min:  0.0, Avg:  0.0, Max:  0.0, Diff:  0.0, Sum:  0.0, Workers: 4
[812.660s][debug][gc,phases      ] GC(50)     Dead                           Min: 0, Avg:  0.0, Max: 0, Diff: 0, Sum: 0, Workers: 4
[812.660s][debug][gc,phases      ] GC(50)     Total                          Min: 0, Avg:  0.0, Max: 0, Diff: 0, Sum: 0, Workers: 4
[812.660s][debug][gc,phases      ] GC(50)   StringTable Weak               Min:  0.1, Avg:  0.1, Max:  0.1, Diff:  0.0, Sum:  0.4, Workers: 4
[812.660s][debug][gc,phases      ] GC(50)     Dead                           Min: 0, Avg:  0.0, Max: 0, Diff: 0, Sum: 0, Workers: 4
[812.660s][debug][gc,phases      ] GC(50)     Total                          Min: 11392, Avg: 11534.2, Max: 11641, Diff: 249, Sum: 46137, Workers: 4
[812.660s][debug][gc,phases      ] GC(50)   ResolvedMethodTable Weak       Min:  0.0, Avg:  0.0, Max:  0.0, Diff:  0.0, Sum:  0.2, Workers: 4
[812.660s][debug][gc,phases      ] GC(50)     Dead                           Min: 0, Avg:  4.0, Max: 10, Diff: 10, Sum: 16, Workers: 4
[812.660s][debug][gc,phases      ] GC(50)     Total                          Min: 3746, Avg: 3811.2, Max: 3933, Diff: 187, Sum: 15245, Workers: 4
[812.660s][debug][gc,phases      ] GC(50)   JNI Weak                       Min:  0.0, Avg:  0.0, Max:  0.0, Diff:  0.0, Sum:  0.0, Workers: 4
[812.660s][debug][gc,phases      ] GC(50)     Dead                           Min: 0, Avg:  0.0, Max: 0, Diff: 0, Sum: 0, Workers: 4
[812.660s][debug][gc,phases      ] GC(50)     Total                          Min: 0, Avg: 13.0, Max: 52, Diff: 52, Sum: 52, Workers: 4
[812.660s][debug][gc,phases      ] GC(50)   StringDedup Table Weak         Min:  0.0, Avg:  0.0, Max:  0.0, Diff:  0.0, Sum:  0.0, Workers: 4
[812.660s][debug][gc,phases      ] GC(50)     Dead                           Min: 0, Avg:  0.0, Max: 0, Diff: 0, Sum: 0, Workers: 4
[812.660s][debug][gc,phases      ] GC(50)     Total                          Min: 0, Avg:  0.0, Max: 0, Diff: 0, Sum: 0, Workers: 4
[812.660s][debug][gc,phases      ] GC(50)   StringDedup Requests0 Weak     Min:  0.0, Avg:  0.0, Max:  0.0, Diff:  0.0, Sum:  0.0, Workers: 4
[812.660s][debug][gc,phases      ] GC(50)     Dead                           Min: 0, Avg:  0.0, Max: 0, Diff: 0, Sum: 0, Workers: 4
[812.660s][debug][gc,phases      ] GC(50)     Total                          Min: 0, Avg:  0.0, Max: 0, Diff: 0, Sum: 0, Workers: 4
[812.660s][debug][gc,phases      ] GC(50)   StringDedup Requests1 Weak     Min:  0.0, Avg:  0.0, Max:  0.0, Diff:  0.0, Sum:  0.0, Workers: 4
[812.660s][debug][gc,phases      ] GC(50)     Dead                           Min: 0, Avg:  0.0, Max: 0, Diff: 0, Sum: 0, Workers: 4
[812.660s][debug][gc,phases      ] GC(50)     Total                          Min: 0, Avg:  0.0, Max: 0, Diff: 0, Sum: 0, Workers: 4
[812.660s][debug][gc,phases      ] GC(50)   Weak JFR Old Object Samples    Min:  0.0, Avg:  0.0, Max:  0.0, Diff:  0.0, Sum:  0.0, Workers: 4
[812.660s][debug][gc,phases      ] GC(50)     Dead                           Min: 0, Avg:  0.0, Max: 0, Diff: 0, Sum: 0, Workers: 4
[812.660s][debug][gc,phases      ] GC(50)     Total                          Min: 0, Avg:  0.0, Max: 0, Diff: 0, Sum: 0, Workers: 4
[812.660s][debug][gc,phases      ] GC(50) Weak Processing 0.356ms
[812.660s][debug][gc,age         ] GC(50) Desired survivor size 34603008 bytes, new threshold 1 (max threshold 15)
[812.660s][info ][gc,heap        ] GC(50) PSYoungGen: 2021936K(2055680K)->4216K(2063360K) Eden: 2017280K(2017280K)->0K(2027520K) From: 4656K(38400K)->4216K(35840K)
[812.660s][info ][gc,heap        ] GC(50) ParOldGen: 299283K(299520K)->300379K(300544K)
[812.660s][info ][gc,metaspace   ] GC(50) Metaspace: 105800K(107200K)->105800K(107200K) NonClass: 89800K(90560K)->89800K(90560K) Class: 15999K(16640K)->15999K(16640K)
[812.660s][info ][gc             ] GC(50) Pause Young (Allocation Failure) 2266M->297M(2308M) 4.412ms
[812.660s][info ][gc,cpu         ] GC(50) User=0.01s Sys=0.00s Real=0.00s
[812.660s][info ][safepoint      ] Safepoint "ParallelGCFailedAllocation", Time since last: 846289286 ns, Reaching safepoint: 5600 ns, Cleanup: 13100 ns, At safepoint: 4477212 ns, Total: 4495912 ns
[814.660s][info ][safepoint      ] Safepoint "Cleanup", Time since last: 2000174606 ns, Reaching safepoint: 5200 ns, Cleanup: 11300 ns, At safepoint: 5500 ns, Total: 22000 ns
[815.660s][info ][safepoint      ] Safepoint "Cleanup", Time since last: 1000123481 ns, Reaching safepoint: 83600 ns, Cleanup: 9700 ns, At safepoint: 6800 ns, Total: 100100 ns
[819.661s][info ][safepoint      ] Safepoint "Cleanup", Time since last: 4000330825 ns, Reaching safepoint: 76500 ns, Cleanup: 6500 ns, At safepoint: 6500 ns, Total: 89500 ns
[822.661s][info ][safepoint      ] Safepoint "Cleanup", Time since last: 3000236242 ns, Reaching safepoint: 5200 ns, Cleanup: 9300 ns, At safepoint: 1800 ns, Total: 16300 ns
[835.662s][info ][safepoint      ] Safepoint "Cleanup", Time since last: 13000980836 ns, Reaching safepoint: 4900 ns, Cleanup: 14400 ns, At safepoint: 1800 ns, Total: 21100 ns
[836.709s][info ][gc,start       ] GC(51) Pause Young (Allocation Failure)
[836.713s][debug][gc,phases      ] GC(51) Scavenge 3.696ms
[836.713s][debug][gc,ref         ] GC(51) ReferenceProcessor::execute queues: 1, RefProcThreadModel::Single, marks_oops_alive: false
[836.713s][debug][gc,ref         ] GC(51) Skipped KeepAliveFinalRefsPhase of Reference Processing: no references
[836.713s][debug][gc,ref         ] GC(51) Skipped PhantomRefsPhase of Reference Processing: no references
[836.713s][debug][gc,phases      ] GC(51) Reference Processing 0.098ms
[836.713s][debug][gc,phases      ] GC(51)   VM Weak                        Min:  0.0, Avg:  0.0, Max:  0.0, Diff:  0.0, Sum:  0.0, Workers: 4
[836.713s][debug][gc,phases      ] GC(51)     Dead                           Min: 0, Avg:  0.0, Max: 0, Diff: 0, Sum: 0, Workers: 4
[836.713s][debug][gc,phases      ] GC(51)     Total                          Min: 0, Avg: 257.2, Max: 832, Diff: 832, Sum: 1029, Workers: 4
[836.713s][debug][gc,phases      ] GC(51)   ObjectSynchronizer Weak        Min:  0.0, Avg:  0.0, Max:  0.0, Diff:  0.0, Sum:  0.0, Workers: 4
[836.713s][debug][gc,phases      ] GC(51)     Dead                           Min: 0, Avg:  0.0, Max: 0, Diff: 0, Sum: 0, Workers: 4
[836.713s][debug][gc,phases      ] GC(51)     Total                          Min: 0, Avg:  0.8, Max: 3, Diff: 3, Sum: 3, Workers: 4
[836.713s][debug][gc,phases      ] GC(51)   JVMTI Tag Weak OopStorage      Min:  0.0, Avg:  0.0, Max:  0.0, Diff:  0.0, Sum:  0.0, Workers: 4
[836.713s][debug][gc,phases      ] GC(51)     Dead                           Min: 0, Avg:  0.0, Max: 0, Diff: 0, Sum: 0, Workers: 4
[836.713s][debug][gc,phases      ] GC(51)     Total                          Min: 0, Avg:  0.0, Max: 0, Diff: 0, Sum: 0, Workers: 4
[836.713s][debug][gc,phases      ] GC(51)   StringTable Weak               Min:  0.0, Avg:  0.1, Max:  0.1, Diff:  0.1, Sum:  0.4, Workers: 4
[836.713s][debug][gc,phases      ] GC(51)     Dead                           Min: 0, Avg:  0.0, Max: 0, Diff: 0, Sum: 0, Workers: 4
[836.713s][debug][gc,phases      ] GC(51)     Total                          Min: 0, Avg: 11534.2, Max: 19840, Diff: 19840, Sum: 46137, Workers: 4
[836.713s][debug][gc,phases      ] GC(51)   ResolvedMethodTable Weak       Min:  0.0, Avg:  0.0, Max:  0.0, Diff:  0.0, Sum:  0.1, Workers: 4
[836.713s][debug][gc,phases      ] GC(51)     Dead                           Min: 0, Avg:  4.0, Max: 16, Diff: 16, Sum: 16, Workers: 4
[836.713s][debug][gc,phases      ] GC(51)     Total                          Min: 0, Avg: 3811.2, Max: 6349, Diff: 6349, Sum: 15245, Workers: 4
[836.713s][debug][gc,phases      ] GC(51)   JNI Weak                       Min:  0.0, Avg:  0.0, Max:  0.0, Diff:  0.0, Sum:  0.0, Workers: 4
[836.713s][debug][gc,phases      ] GC(51)     Dead                           Min: 0, Avg:  0.0, Max: 0, Diff: 0, Sum: 0, Workers: 4
[836.713s][debug][gc,phases      ] GC(51)     Total                          Min: 0, Avg: 13.0, Max: 52, Diff: 52, Sum: 52, Workers: 4
[836.713s][debug][gc,phases      ] GC(51)   StringDedup Table Weak         Min:  0.0, Avg:  0.0, Max:  0.0, Diff:  0.0, Sum:  0.0, Workers: 4
[836.714s][debug][gc,phases      ] GC(51)     Dead                           Min: 0, Avg:  0.0, Max: 0, Diff: 0, Sum: 0, Workers: 4
[836.714s][debug][gc,phases      ] GC(51)     Total                          Min: 0, Avg:  0.0, Max: 0, Diff: 0, Sum: 0, Workers: 4
[836.714s][debug][gc,phases      ] GC(51)   StringDedup Requests0 Weak     Min:  0.0, Avg:  0.0, Max:  0.0, Diff:  0.0, Sum:  0.0, Workers: 4
[836.714s][debug][gc,phases      ] GC(51)     Dead                           Min: 0, Avg:  0.0, Max: 0, Diff: 0, Sum: 0, Workers: 4
[836.714s][debug][gc,phases      ] GC(51)     Total                          Min: 0, Avg:  0.0, Max: 0, Diff: 0, Sum: 0, Workers: 4
[836.714s][debug][gc,phases      ] GC(51)   StringDedup Requests1 Weak     Min:  0.0, Avg:  0.0, Max:  0.0, Diff:  0.0, Sum:  0.0, Workers: 4
[836.714s][debug][gc,phases      ] GC(51)     Dead                           Min: 0, Avg:  0.0, Max: 0, Diff: 0, Sum: 0, Workers: 4
[836.714s][debug][gc,phases      ] GC(51)     Total                          Min: 0, Avg:  0.0, Max: 0, Diff: 0, Sum: 0, Workers: 4
[836.714s][debug][gc,phases      ] GC(51)   Weak JFR Old Object Samples    Min:  0.0, Avg:  0.0, Max:  0.0, Diff:  0.0, Sum:  0.0, Workers: 4
[836.714s][debug][gc,phases      ] GC(51)     Dead                           Min: 0, Avg:  0.0, Max: 0, Diff: 0, Sum: 0, Workers: 4
[836.714s][debug][gc,phases      ] GC(51)     Total                          Min: 0, Avg:  0.0, Max: 0, Diff: 0, Sum: 0, Workers: 4
[836.714s][debug][gc,phases      ] GC(51) Weak Processing 0.382ms
[836.714s][debug][gc,age         ] GC(51) Desired survivor size 32505856 bytes, new threshold 1 (max threshold 15)
[836.714s][info ][gc,heap        ] GC(51) PSYoungGen: 2031736K(2063360K)->4264K(2061312K) Eden: 2027520K(2027520K)->0K(2027520K) From: 4216K(35840K)->4264K(33792K)
[836.714s][info ][gc,heap        ] GC(51) ParOldGen: 300379K(300544K)->301260K(301568K)
[836.714s][info ][gc,metaspace   ] GC(51) Metaspace: 105801K(107200K)->105801K(107200K) NonClass: 89801K(90560K)->89801K(90560K) Class: 15999K(16640K)->15999K(16640K)
[836.714s][info ][gc             ] GC(51) Pause Young (Allocation Failure) 2277M->298M(2307M) 4.283ms
[836.714s][info ][gc,cpu         ] GC(51) User=0.01s Sys=0.00s Real=0.00s
[836.714s][info ][safepoint      ] Safepoint "ParallelGCFailedAllocation", Time since last: 1047103499 ns, Reaching safepoint: 5100 ns, Cleanup: 3600 ns, At safepoint: 4352811 ns, Total: 4361511 ns
[838.714s][info ][safepoint      ] Safepoint "Cleanup", Time since last: 2000149765 ns, Reaching safepoint: 5000 ns, Cleanup: 14501 ns, At safepoint: 1700 ns, Total: 21201 ns
[840.274s][info ][safepoint      ] Safepoint "Cleanup", Time since last: 1559979715 ns, Reaching safepoint: 3100 ns, Cleanup: 9800 ns, At safepoint: 1600 ns, Total: 14500 ns
[841.274s][info ][safepoint      ] Safepoint "Cleanup", Time since last: 1000133431 ns, Reaching safepoint: 6200 ns, Cleanup: 8500 ns, At safepoint: 2000 ns, Total: 16700 ns
[845.274s][info ][safepoint      ] Safepoint "Cleanup", Time since last: 4000325022 ns, Reaching safepoint: 5801 ns, Cleanup: 8300 ns, At safepoint: 1700 ns, Total: 15801 ns
[846.274s][info ][safepoint      ] Safepoint "Cleanup", Time since last: 1000133530 ns, Reaching safepoint: 5800 ns, Cleanup: 15100 ns, At safepoint: 2500 ns, Total: 23400 ns
[848.275s][info ][safepoint      ] Safepoint "Cleanup", Time since last: 2000179036 ns, Reaching safepoint: 5200 ns, Cleanup: 15201 ns, At safepoint: 2200 ns, Total: 22601 ns
[849.275s][info ][safepoint      ] Safepoint "Cleanup", Time since last: 1000102854 ns, Reaching safepoint: 5200 ns, Cleanup: 11200 ns, At safepoint: 1700 ns, Total: 18100 ns
[850.275s][info ][safepoint      ] Safepoint "Cleanup", Time since last: 1000100955 ns, Reaching safepoint: 5400 ns, Cleanup: 17500 ns, At safepoint: 1600 ns, Total: 24500 ns
[852.275s][info ][safepoint      ] Safepoint "Cleanup", Time since last: 2000180209 ns, Reaching safepoint: 5300 ns, Cleanup: 13400 ns, At safepoint: 2100 ns, Total: 20800 ns
[854.275s][info ][safepoint      ] Safepoint "Cleanup", Time since last: 2000182310 ns, Reaching safepoint: 5100 ns, Cleanup: 7600 ns, At safepoint: 1700 ns, Total: 14400 ns
[856.275s][info ][safepoint      ] Safepoint "Cleanup", Time since last: 2000164194 ns, Reaching safepoint: 5200 ns, Cleanup: 8700 ns, At safepoint: 1700 ns, Total: 15600 ns
[859.276s][info ][safepoint      ] Safepoint "Cleanup", Time since last: 3000247578 ns, Reaching safepoint: 5400 ns, Cleanup: 9600 ns, At safepoint: 2200 ns, Total: 17200 ns
[859.961s][info ][gc,start       ] GC(52) Pause Young (Allocation Failure)
[859.965s][debug][gc,phases      ] GC(52) Scavenge 4.028ms
[859.965s][debug][gc,ref         ] GC(52) ReferenceProcessor::execute queues: 1, RefProcThreadModel::Single, marks_oops_alive: false
[859.965s][debug][gc,ref         ] GC(52) Skipped KeepAliveFinalRefsPhase of Reference Processing: no references
[859.965s][debug][gc,ref         ] GC(52) ReferenceProcessor::execute queues: 1, RefProcThreadModel::Single, marks_oops_alive: false
[859.965s][debug][gc,phases      ] GC(52) Reference Processing 0.096ms
[859.965s][debug][gc,phases      ] GC(52)   VM Weak                        Min:  0.0, Avg:  0.0, Max:  0.0, Diff:  0.0, Sum:  0.0, Workers: 4
[859.965s][debug][gc,phases      ] GC(52)     Dead                           Min: 0, Avg:  0.0, Max: 0, Diff: 0, Sum: 0, Workers: 4
[859.965s][debug][gc,phases      ] GC(52)     Total                          Min: 0, Avg: 257.2, Max: 709, Diff: 709, Sum: 1029, Workers: 4
[859.965s][debug][gc,phases      ] GC(52)   ObjectSynchronizer Weak        Min:  0.0, Avg:  0.0, Max:  0.0, Diff:  0.0, Sum:  0.0, Workers: 4
[859.965s][debug][gc,phases      ] GC(52)     Dead                           Min: 0, Avg:  0.0, Max: 0, Diff: 0, Sum: 0, Workers: 4
[859.965s][debug][gc,phases      ] GC(52)     Total                          Min: 0, Avg:  0.8, Max: 3, Diff: 3, Sum: 3, Workers: 4
[859.965s][debug][gc,phases      ] GC(52)   JVMTI Tag Weak OopStorage      Min:  0.0, Avg:  0.0, Max:  0.0, Diff:  0.0, Sum:  0.0, Workers: 4
[859.965s][debug][gc,phases      ] GC(52)     Dead                           Min: 0, Avg:  0.0, Max: 0, Diff: 0, Sum: 0, Workers: 4
[859.965s][debug][gc,phases      ] GC(52)     Total                          Min: 0, Avg:  0.0, Max: 0, Diff: 0, Sum: 0, Workers: 4
[859.965s][debug][gc,phases      ] GC(52)   StringTable Weak               Min:  0.0, Avg:  0.1, Max:  0.1, Diff:  0.1, Sum:  0.4, Workers: 4
[859.965s][debug][gc,phases      ] GC(52)     Dead                           Min: 0, Avg:  0.0, Max: 0, Diff: 0, Sum: 0, Workers: 4
[859.965s][debug][gc,phases      ] GC(52)     Total                          Min: 0, Avg: 11535.0, Max: 20224, Diff: 20224, Sum: 46140, Workers: 4
[859.965s][debug][gc,phases      ] GC(52)   ResolvedMethodTable Weak       Min:  0.0, Avg:  0.0, Max:  0.0, Diff:  0.0, Sum:  0.1, Workers: 4
[859.965s][debug][gc,phases      ] GC(52)     Dead                           Min: 0, Avg:  4.0, Max: 16, Diff: 16, Sum: 16, Workers: 4
[859.965s][debug][gc,phases      ] GC(52)     Total                          Min: 0, Avg: 3811.2, Max: 6361, Diff: 6361, Sum: 15245, Workers: 4
[859.965s][debug][gc,phases      ] GC(52)   JNI Weak                       Min:  0.0, Avg:  0.0, Max:  0.0, Diff:  0.0, Sum:  0.0, Workers: 4
[859.965s][debug][gc,phases      ] GC(52)     Dead                           Min: 0, Avg:  0.0, Max: 0, Diff: 0, Sum: 0, Workers: 4
[859.965s][debug][gc,phases      ] GC(52)     Total                          Min: 0, Avg: 13.0, Max: 52, Diff: 52, Sum: 52, Workers: 4
[859.965s][debug][gc,phases      ] GC(52)   StringDedup Table Weak         Min:  0.0, Avg:  0.0, Max:  0.0, Diff:  0.0, Sum:  0.0, Workers: 4
[859.965s][debug][gc,phases      ] GC(52)     Dead                           Min: 0, Avg:  0.0, Max: 0, Diff: 0, Sum: 0, Workers: 4
[859.965s][debug][gc,phases      ] GC(52)     Total                          Min: 0, Avg:  0.0, Max: 0, Diff: 0, Sum: 0, Workers: 4
[859.965s][debug][gc,phases      ] GC(52)   StringDedup Requests0 Weak     Min:  0.0, Avg:  0.0, Max:  0.0, Diff:  0.0, Sum:  0.0, Workers: 4
[859.965s][debug][gc,phases      ] GC(52)     Dead                           Min: 0, Avg:  0.0, Max: 0, Diff: 0, Sum: 0, Workers: 4
[859.965s][debug][gc,phases      ] GC(52)     Total                          Min: 0, Avg:  0.0, Max: 0, Diff: 0, Sum: 0, Workers: 4
[859.965s][debug][gc,phases      ] GC(52)   StringDedup Requests1 Weak     Min:  0.0, Avg:  0.0, Max:  0.0, Diff:  0.0, Sum:  0.0, Workers: 4
[859.965s][debug][gc,phases      ] GC(52)     Dead                           Min: 0, Avg:  0.0, Max: 0, Diff: 0, Sum: 0, Workers: 4
[859.965s][debug][gc,phases      ] GC(52)     Total                          Min: 0, Avg:  0.0, Max: 0, Diff: 0, Sum: 0, Workers: 4
[859.965s][debug][gc,phases      ] GC(52)   Weak JFR Old Object Samples    Min:  0.0, Avg:  0.0, Max:  0.0, Diff:  0.0, Sum:  0.0, Workers: 4
[859.965s][debug][gc,phases      ] GC(52)     Dead                           Min: 0, Avg:  0.0, Max: 0, Diff: 0, Sum: 0, Workers: 4
[859.965s][debug][gc,phases      ] GC(52)     Total                          Min: 0, Avg:  0.0, Max: 0, Diff: 0, Sum: 0, Workers: 4
[859.965s][debug][gc,phases      ] GC(52) Weak Processing 0.384ms
[859.965s][debug][gc,age         ] GC(52) Desired survivor size 30408704 bytes, new threshold 1 (max threshold 15)
[859.965s][info ][gc,heap        ] GC(52) PSYoungGen: 2031784K(2061312K)->4224K(2067456K) Eden: 2027520K(2027520K)->0K(2035712K) From: 4264K(33792K)->4224K(31744K)
[859.965s][info ][gc,heap        ] GC(52) ParOldGen: 301260K(301568K)->302277K(302592K)
[859.965s][info ][gc,metaspace   ] GC(52) Metaspace: 105817K(107200K)->105817K(107200K) NonClass: 89817K(90560K)->89817K(90560K) Class: 16000K(16640K)->16000K(16640K)
[859.965s][info ][gc             ] GC(52) Pause Young (Allocation Failure) 2278M->299M(2314M) 4.605ms
[859.965s][info ][gc,cpu         ] GC(52) User=0.01s Sys=0.00s Real=0.01s
[859.965s][info ][safepoint      ] Safepoint "ParallelGCFailedAllocation", Time since last: 684868750 ns, Reaching safepoint: 5000 ns, Cleanup: 12300 ns, At safepoint: 4669014 ns, Total: 4686314 ns
[865.966s][info ][safepoint      ] Safepoint "Cleanup", Time since last: 6000429024 ns, Reaching safepoint: 5600 ns, Cleanup: 7900 ns, At safepoint: 1700 ns, Total: 15200 ns
[868.966s][info ][safepoint      ] Safepoint "Cleanup", Time since last: 3000229092 ns, Reaching safepoint: 5000 ns, Cleanup: 8200 ns, At safepoint: 1800 ns, Total: 15000 ns
[869.966s][info ][safepoint      ] Safepoint "Cleanup", Time since last: 1000110797 ns, Reaching safepoint: 5500 ns, Cleanup: 12100 ns, At safepoint: 2400 ns, Total: 20000 ns
[877.967s][info ][safepoint      ] Safepoint "Cleanup", Time since last: 8000606144 ns, Reaching safepoint: 6100 ns, Cleanup: 10300 ns, At safepoint: 2400 ns, Total: 18800 ns
[881.967s][info ][safepoint      ] Safepoint "Cleanup", Time since last: 4000317658 ns, Reaching safepoint: 5000 ns, Cleanup: 11700 ns, At safepoint: 2000 ns, Total: 18700 ns
[882.967s][info ][safepoint      ] Safepoint "Cleanup", Time since last: 1000113165 ns, Reaching safepoint: 5200 ns, Cleanup: 12300 ns, At safepoint: 1900 ns, Total: 19400 ns
[883.906s][info ][gc,start       ] GC(53) Pause Young (Allocation Failure)
[883.910s][debug][gc,phases      ] GC(53) Scavenge 4.023ms
[883.910s][debug][gc,ref         ] GC(53) ReferenceProcessor::execute queues: 1, RefProcThreadModel::Single, marks_oops_alive: false
[883.910s][debug][gc,ref         ] GC(53) Skipped KeepAliveFinalRefsPhase of Reference Processing: no references
[883.910s][debug][gc,ref         ] GC(53) Skipped PhantomRefsPhase of Reference Processing: no references
[883.910s][debug][gc,phases      ] GC(53) Reference Processing 0.107ms
[883.910s][debug][gc,phases      ] GC(53)   VM Weak                        Min:  0.0, Avg:  0.0, Max:  0.0, Diff:  0.0, Sum:  0.0, Workers: 4
[883.910s][debug][gc,phases      ] GC(53)     Dead                           Min: 0, Avg:  0.0, Max: 0, Diff: 0, Sum: 0, Workers: 4
[883.910s][debug][gc,phases      ] GC(53)     Total                          Min: 0, Avg: 257.2, Max: 896, Diff: 896, Sum: 1029, Workers: 4
[883.910s][debug][gc,phases      ] GC(53)   ObjectSynchronizer Weak        Min:  0.0, Avg:  0.0, Max:  0.0, Diff:  0.0, Sum:  0.0, Workers: 4
[883.910s][debug][gc,phases      ] GC(53)     Dead                           Min: 0, Avg:  0.0, Max: 0, Diff: 0, Sum: 0, Workers: 4
[883.910s][debug][gc,phases      ] GC(53)     Total                          Min: 0, Avg:  0.8, Max: 3, Diff: 3, Sum: 3, Workers: 4
[883.910s][debug][gc,phases      ] GC(53)   JVMTI Tag Weak OopStorage      Min:  0.0, Avg:  0.0, Max:  0.0, Diff:  0.0, Sum:  0.0, Workers: 4
[883.910s][debug][gc,phases      ] GC(53)     Dead                           Min: 0, Avg:  0.0, Max: 0, Diff: 0, Sum: 0, Workers: 4
[883.910s][debug][gc,phases      ] GC(53)     Total                          Min: 0, Avg:  0.0, Max: 0, Diff: 0, Sum: 0, Workers: 4
[883.910s][debug][gc,phases      ] GC(53)   StringTable Weak               Min:  0.0, Avg:  0.1, Max:  0.1, Diff:  0.1, Sum:  0.4, Workers: 4
[883.910s][debug][gc,phases      ] GC(53)     Dead                           Min: 0, Avg:  0.0, Max: 0, Diff: 0, Sum: 0, Workers: 4
[883.910s][debug][gc,phases      ] GC(53)     Total                          Min: 0, Avg: 11535.0, Max: 19904, Diff: 19904, Sum: 46140, Workers: 4
[883.910s][debug][gc,phases      ] GC(53)   ResolvedMethodTable Weak       Min:  0.0, Avg:  0.0, Max:  0.0, Diff:  0.0, Sum:  0.1, Workers: 4
[883.910s][debug][gc,phases      ] GC(53)     Dead                           Min: 0, Avg:  4.0, Max: 16, Diff: 16, Sum: 16, Workers: 4
[883.910s][debug][gc,phases      ] GC(53)     Total                          Min: 0, Avg: 3811.2, Max: 6451, Diff: 6451, Sum: 15245, Workers: 4
[883.910s][debug][gc,phases      ] GC(53)   JNI Weak                       Min:  0.0, Avg:  0.0, Max:  0.0, Diff:  0.0, Sum:  0.0, Workers: 4
[883.910s][debug][gc,phases      ] GC(53)     Dead                           Min: 0, Avg:  0.0, Max: 0, Diff: 0, Sum: 0, Workers: 4
[883.910s][debug][gc,phases      ] GC(53)     Total                          Min: 0, Avg: 13.0, Max: 52, Diff: 52, Sum: 52, Workers: 4
[883.910s][debug][gc,phases      ] GC(53)   StringDedup Table Weak         Min:  0.0, Avg:  0.0, Max:  0.0, Diff:  0.0, Sum:  0.0, Workers: 4
[883.910s][debug][gc,phases      ] GC(53)     Dead                           Min: 0, Avg:  0.0, Max: 0, Diff: 0, Sum: 0, Workers: 4
[883.910s][debug][gc,phases      ] GC(53)     Total                          Min: 0, Avg:  0.0, Max: 0, Diff: 0, Sum: 0, Workers: 4
[883.910s][debug][gc,phases      ] GC(53)   StringDedup Requests0 Weak     Min:  0.0, Avg:  0.0, Max:  0.0, Diff:  0.0, Sum:  0.0, Workers: 4
[883.910s][debug][gc,phases      ] GC(53)     Dead                           Min: 0, Avg:  0.0, Max: 0, Diff: 0, Sum: 0, Workers: 4
[883.910s][debug][gc,phases      ] GC(53)     Total                          Min: 0, Avg:  0.0, Max: 0, Diff: 0, Sum: 0, Workers: 4
[883.910s][debug][gc,phases      ] GC(53)   StringDedup Requests1 Weak     Min:  0.0, Avg:  0.0, Max:  0.0, Diff:  0.0, Sum:  0.0, Workers: 4
[883.910s][debug][gc,phases      ] GC(53)     Dead                           Min: 0, Avg:  0.0, Max: 0, Diff: 0, Sum: 0, Workers: 4
[883.910s][debug][gc,phases      ] GC(53)     Total                          Min: 0, Avg:  0.0, Max: 0, Diff: 0, Sum: 0, Workers: 4
[883.910s][debug][gc,phases      ] GC(53)   Weak JFR Old Object Samples    Min:  0.0, Avg:  0.0, Max:  0.0, Diff:  0.0, Sum:  0.0, Workers: 4
[883.910s][debug][gc,phases      ] GC(53)     Dead                           Min: 0, Avg:  0.0, Max: 0, Diff: 0, Sum: 0, Workers: 4
[883.910s][debug][gc,phases      ] GC(53)     Total                          Min: 0, Avg:  0.0, Max: 0, Diff: 0, Sum: 0, Workers: 4
[883.910s][debug][gc,phases      ] GC(53) Weak Processing 0.375ms
[883.910s][debug][gc,age         ] GC(53) Desired survivor size 28311552 bytes, new threshold 1 (max threshold 15)
[883.910s][info ][gc,heap        ] GC(53) PSYoungGen: 2039936K(2067456K)->4528K(2065408K) Eden: 2035712K(2035712K)->0K(2035712K) From: 4224K(31744K)->4528K(29696K)
[883.910s][info ][gc,heap        ] GC(53) ParOldGen: 302277K(302592K)->303309K(303616K)
[883.910s][info ][gc,metaspace   ] GC(53) Metaspace: 105841K(107264K)->105841K(107264K) NonClass: 89840K(90624K)->89840K(90624K) Class: 16000K(16640K)->16000K(16640K)
[883.910s][info ][gc             ] GC(53) Pause Young (Allocation Failure) 2287M->300M(2313M) 4.606ms
[883.910s][info ][gc,cpu         ] GC(53) User=0.01s Sys=0.00s Real=0.00s
[883.910s][info ][safepoint      ] Safepoint "ParallelGCFailedAllocation", Time since last: 938323368 ns, Reaching safepoint: 5500 ns, Cleanup: 3100 ns, At safepoint: 4667415 ns, Total: 4676015 ns
[895.911s][info ][safepoint      ] Safepoint "Cleanup", Time since last: 12000892955 ns, Reaching safepoint: 76400 ns, Cleanup: 14300 ns, At safepoint: 5600 ns, Total: 96300 ns
[896.911s][info ][safepoint      ] Safepoint "Cleanup", Time since last: 1000117038 ns, Reaching safepoint: 79801 ns, Cleanup: 12600 ns, At safepoint: 5800 ns, Total: 98201 ns
[899.912s][info ][safepoint      ] Safepoint "Cleanup", Time since last: 3000291214 ns, Reaching safepoint: 82800 ns, Cleanup: 11300 ns, At safepoint: 7200 ns, Total: 101300 ns
[902.291s][info ][safepoint      ] Safepoint "Cleanup", Time since last: 2379201590 ns, Reaching safepoint: 5900 ns, Cleanup: 8400 ns, At safepoint: 2100 ns, Total: 16400 ns
[905.291s][info ][safepoint      ] Safepoint "Cleanup", Time since last: 3000280721 ns, Reaching safepoint: 6000 ns, Cleanup: 9100 ns, At safepoint: 2100 ns, Total: 17200 ns
[906.291s][info ][safepoint      ] Safepoint "Cleanup", Time since last: 1000102637 ns, Reaching safepoint: 5000 ns, Cleanup: 8000 ns, At safepoint: 2200 ns, Total: 15200 ns
[907.402s][info ][gc,start       ] GC(54) Pause Young (Allocation Failure)
[907.406s][debug][gc,phases      ] GC(54) Scavenge 4.145ms
[907.406s][debug][gc,ref         ] GC(54) ReferenceProcessor::execute queues: 1, RefProcThreadModel::Single, marks_oops_alive: false
[907.406s][debug][gc,ref         ] GC(54) Skipped KeepAliveFinalRefsPhase of Reference Processing: no references
[907.406s][debug][gc,ref         ] GC(54) ReferenceProcessor::execute queues: 1, RefProcThreadModel::Single, marks_oops_alive: false
[907.406s][debug][gc,phases      ] GC(54) Reference Processing 0.101ms
[907.406s][debug][gc,phases      ] GC(54)   VM Weak                        Min:  0.0, Avg:  0.0, Max:  0.0, Diff:  0.0, Sum:  0.0, Workers: 4
[907.406s][debug][gc,phases      ] GC(54)     Dead                           Min: 0, Avg:  0.0, Max: 0, Diff: 0, Sum: 0, Workers: 4
[907.406s][debug][gc,phases      ] GC(54)     Total                          Min: 0, Avg: 257.2, Max: 645, Diff: 645, Sum: 1029, Workers: 4
[907.406s][debug][gc,phases      ] GC(54)   ObjectSynchronizer Weak        Min:  0.0, Avg:  0.0, Max:  0.0, Diff:  0.0, Sum:  0.0, Workers: 4
[907.406s][debug][gc,phases      ] GC(54)     Dead                           Min: 0, Avg:  0.0, Max: 0, Diff: 0, Sum: 0, Workers: 4
[907.406s][debug][gc,phases      ] GC(54)     Total                          Min: 0, Avg:  1.0, Max: 4, Diff: 4, Sum: 4, Workers: 4
[907.406s][debug][gc,phases      ] GC(54)   JVMTI Tag Weak OopStorage      Min:  0.0, Avg:  0.0, Max:  0.0, Diff:  0.0, Sum:  0.0, Workers: 4
[907.406s][debug][gc,phases      ] GC(54)     Dead                           Min: 0, Avg:  0.0, Max: 0, Diff: 0, Sum: 0, Workers: 4
[907.406s][debug][gc,phases      ] GC(54)     Total                          Min: 0, Avg:  0.0, Max: 0, Diff: 0, Sum: 0, Workers: 4
[907.406s][debug][gc,phases      ] GC(54)   StringTable Weak               Min:  0.0, Avg:  0.1, Max:  0.1, Diff:  0.1, Sum:  0.4, Workers: 4
[907.406s][debug][gc,phases      ] GC(54)     Dead                           Min: 0, Avg:  0.0, Max: 0, Diff: 0, Sum: 0, Workers: 4
[907.406s][debug][gc,phases      ] GC(54)     Total                          Min: 0, Avg: 11535.0, Max: 20160, Diff: 20160, Sum: 46140, Workers: 4
[907.406s][debug][gc,phases      ] GC(54)   ResolvedMethodTable Weak       Min:  0.0, Avg:  0.0, Max:  0.0, Diff:  0.0, Sum:  0.1, Workers: 4
[907.406s][debug][gc,phases      ] GC(54)     Dead                           Min: 0, Avg:  4.0, Max: 16, Diff: 16, Sum: 16, Workers: 4
[907.406s][debug][gc,phases      ] GC(54)     Total                          Min: 0, Avg: 3811.2, Max: 6480, Diff: 6480, Sum: 15245, Workers: 4
[907.406s][debug][gc,phases      ] GC(54)   JNI Weak                       Min:  0.0, Avg:  0.0, Max:  0.0, Diff:  0.0, Sum:  0.0, Workers: 4
[907.406s][debug][gc,phases      ] GC(54)     Dead                           Min: 0, Avg:  0.0, Max: 0, Diff: 0, Sum: 0, Workers: 4
[907.406s][debug][gc,phases      ] GC(54)     Total                          Min: 0, Avg: 13.0, Max: 52, Diff: 52, Sum: 52, Workers: 4
[907.406s][debug][gc,phases      ] GC(54)   StringDedup Table Weak         Min:  0.0, Avg:  0.0, Max:  0.0, Diff:  0.0, Sum:  0.0, Workers: 4
[907.406s][debug][gc,phases      ] GC(54)     Dead                           Min: 0, Avg:  0.0, Max: 0, Diff: 0, Sum: 0, Workers: 4
[907.406s][debug][gc,phases      ] GC(54)     Total                          Min: 0, Avg:  0.0, Max: 0, Diff: 0, Sum: 0, Workers: 4
[907.406s][debug][gc,phases      ] GC(54)   StringDedup Requests0 Weak     Min:  0.0, Avg:  0.0, Max:  0.0, Diff:  0.0, Sum:  0.0, Workers: 4
[907.406s][debug][gc,phases      ] GC(54)     Dead                           Min: 0, Avg:  0.0, Max: 0, Diff: 0, Sum: 0, Workers: 4
[907.406s][debug][gc,phases      ] GC(54)     Total                          Min: 0, Avg:  0.0, Max: 0, Diff: 0, Sum: 0, Workers: 4
[907.406s][debug][gc,phases      ] GC(54)   StringDedup Requests1 Weak     Min:  0.0, Avg:  0.0, Max:  0.0, Diff:  0.0, Sum:  0.0, Workers: 4
[907.406s][debug][gc,phases      ] GC(54)     Dead                           Min: 0, Avg:  0.0, Max: 0, Diff: 0, Sum: 0, Workers: 4
[907.406s][debug][gc,phases      ] GC(54)     Total                          Min: 0, Avg:  0.0, Max: 0, Diff: 0, Sum: 0, Workers: 4
[907.406s][debug][gc,phases      ] GC(54)   Weak JFR Old Object Samples    Min:  0.0, Avg:  0.0, Max:  0.0, Diff:  0.0, Sum:  0.0, Workers: 4
[907.406s][debug][gc,phases      ] GC(54)     Dead                           Min: 0, Avg:  0.0, Max: 0, Diff: 0, Sum: 0, Workers: 4
[907.406s][debug][gc,phases      ] GC(54)     Total                          Min: 0, Avg:  0.0, Max: 0, Diff: 0, Sum: 0, Workers: 4
[907.406s][debug][gc,phases      ] GC(54) Weak Processing 0.384ms
[907.406s][debug][gc,age         ] GC(54) Desired survivor size 26214400 bytes, new threshold 1 (max threshold 15)
[907.406s][info ][gc,heap        ] GC(54) PSYoungGen: 2040240K(2065408K)->4491K(2071552K) Eden: 2035712K(2035712K)->0K(2043904K) From: 4528K(29696K)->4491K(27648K)
[907.406s][info ][gc,heap        ] GC(54) ParOldGen: 303309K(303616K)->304169K(304640K)
[907.406s][info ][gc,metaspace   ] GC(54) Metaspace: 105843K(107264K)->105843K(107264K) NonClass: 89843K(90624K)->89843K(90624K) Class: 16000K(16640K)->16000K(16640K)
[907.406s][info ][gc             ] GC(54) Pause Young (Allocation Failure) 2288M->301M(2320M) 4.747ms
[907.406s][info ][gc,cpu         ] GC(54) User=0.01s Sys=0.00s Real=0.01s
[907.406s][info ][safepoint      ] Safepoint "ParallelGCFailedAllocation", Time since last: 1109998582 ns, Reaching safepoint: 108101 ns, Cleanup: 4500 ns, At safepoint: 4819215 ns, Total: 4931816 ns
[909.407s][info ][safepoint      ] Safepoint "Cleanup", Time since last: 2000179975 ns, Reaching safepoint: 77400 ns, Cleanup: 18700 ns, At safepoint: 5800 ns, Total: 101900 ns
[911.656s][info ][safepoint      ] Safepoint "Cleanup", Time since last: 2249676968 ns, Reaching safepoint: 3400 ns, Cleanup: 7300 ns, At safepoint: 2400 ns, Total: 13100 ns
[912.657s][info ][safepoint      ] Safepoint "Cleanup", Time since last: 1000109550 ns, Reaching safepoint: 81100 ns, Cleanup: 50600 ns, At safepoint: 6700 ns, Total: 138400 ns
[913.657s][info ][safepoint      ] Safepoint "Cleanup", Time since last: 1000109549 ns, Reaching safepoint: 75601 ns, Cleanup: 15300 ns, At safepoint: 5000 ns, Total: 95901 ns
[914.657s][info ][safepoint      ] Safepoint "Cleanup", Time since last: 1000103049 ns, Reaching safepoint: 76800 ns, Cleanup: 9200 ns, At safepoint: 6200 ns, Total: 92200 ns
[917.657s][info ][safepoint      ] Safepoint "Cleanup", Time since last: 3000265248 ns, Reaching safepoint: 78200 ns, Cleanup: 23201 ns, At safepoint: 6200 ns, Total: 107601 ns
[919.658s][info ][safepoint      ] Safepoint "Cleanup", Time since last: 2000174896 ns, Reaching safepoint: 74001 ns, Cleanup: 10100 ns, At safepoint: 5300 ns, Total: 89401 ns
[922.658s][info ][safepoint      ] Safepoint "Cleanup", Time since last: 3000259141 ns, Reaching safepoint: 78601 ns, Cleanup: 9800 ns, At safepoint: 6400 ns, Total: 94801 ns
[924.658s][info ][safepoint      ] Safepoint "Cleanup", Time since last: 2000179794 ns, Reaching safepoint: 75100 ns, Cleanup: 11500 ns, At safepoint: 6000 ns, Total: 92600 ns
[926.659s][info ][safepoint      ] Safepoint "Cleanup", Time since last: 2000170495 ns, Reaching safepoint: 77500 ns, Cleanup: 7600 ns, At safepoint: 5900 ns, Total: 91000 ns
[927.659s][info ][safepoint      ] Safepoint "Cleanup", Time since last: 1000110304 ns, Reaching safepoint: 81501 ns, Cleanup: 9900 ns, At safepoint: 7600 ns, Total: 99001 ns
[928.659s][info ][safepoint      ] Safepoint "Cleanup", Time since last: 1000114998 ns, Reaching safepoint: 76300 ns, Cleanup: 9400 ns, At safepoint: 6400 ns, Total: 92100 ns
[929.659s][info ][safepoint      ] Safepoint "Cleanup", Time since last: 1000122599 ns, Reaching safepoint: 80100 ns, Cleanup: 15200 ns, At safepoint: 6100 ns, Total: 101400 ns
[931.043s][info ][gc,start       ] GC(55) Pause Young (Allocation Failure)
[931.047s][debug][gc,phases      ] GC(55) Scavenge 4.172ms
[931.047s][debug][gc,ref         ] GC(55) ReferenceProcessor::execute queues: 1, RefProcThreadModel::Single, marks_oops_alive: false
[931.047s][debug][gc,ref         ] GC(55) Skipped KeepAliveFinalRefsPhase of Reference Processing: no references
[931.047s][debug][gc,ref         ] GC(55) ReferenceProcessor::execute queues: 1, RefProcThreadModel::Single, marks_oops_alive: false
[931.047s][debug][gc,phases      ] GC(55) Reference Processing 0.099ms
[931.047s][debug][gc,phases      ] GC(55)   VM Weak                        Min:  0.0, Avg:  0.0, Max:  0.0, Diff:  0.0, Sum:  0.0, Workers: 4
[931.047s][debug][gc,phases      ] GC(55)     Dead                           Min: 0, Avg:  0.0, Max: 0, Diff: 0, Sum: 0, Workers: 4
[931.047s][debug][gc,phases      ] GC(55)     Total                          Min: 0, Avg: 257.5, Max: 838, Diff: 838, Sum: 1030, Workers: 4
[931.047s][debug][gc,phases      ] GC(55)   ObjectSynchronizer Weak        Min:  0.0, Avg:  0.0, Max:  0.0, Diff:  0.0, Sum:  0.0, Workers: 4
[931.047s][debug][gc,phases      ] GC(55)     Dead                           Min: 0, Avg:  0.0, Max: 0, Diff: 0, Sum: 0, Workers: 4
[931.047s][debug][gc,phases      ] GC(55)     Total                          Min: 0, Avg:  1.0, Max: 4, Diff: 4, Sum: 4, Workers: 4
[931.047s][debug][gc,phases      ] GC(55)   JVMTI Tag Weak OopStorage      Min:  0.0, Avg:  0.0, Max:  0.0, Diff:  0.0, Sum:  0.0, Workers: 4
[931.047s][debug][gc,phases      ] GC(55)     Dead                           Min: 0, Avg:  0.0, Max: 0, Diff: 0, Sum: 0, Workers: 4
[931.047s][debug][gc,phases      ] GC(55)     Total                          Min: 0, Avg:  0.0, Max: 0, Diff: 0, Sum: 0, Workers: 4
[931.047s][debug][gc,phases      ] GC(55)   StringTable Weak               Min:  0.0, Avg:  0.1, Max:  0.2, Diff:  0.2, Sum:  0.5, Workers: 4
[931.047s][debug][gc,phases      ] GC(55)     Dead                           Min: 0, Avg:  0.5, Max: 2, Diff: 2, Sum: 2, Workers: 4
[931.047s][debug][gc,phases      ] GC(55)     Total                          Min: 0, Avg: 11542.2, Max: 20672, Diff: 20672, Sum: 46169, Workers: 4
[931.047s][debug][gc,phases      ] GC(55)   ResolvedMethodTable Weak       Min:  0.0, Avg:  0.0, Max:  0.0, Diff:  0.0, Sum:  0.1, Workers: 4
[931.047s][debug][gc,phases      ] GC(55)     Dead                           Min: 0, Avg:  4.8, Max: 19, Diff: 19, Sum: 19, Workers: 4
[931.047s][debug][gc,phases      ] GC(55)     Total                          Min: 0, Avg: 3816.2, Max: 6573, Diff: 6573, Sum: 15265, Workers: 4
[931.047s][debug][gc,phases      ] GC(55)   JNI Weak                       Min:  0.0, Avg:  0.0, Max:  0.0, Diff:  0.0, Sum:  0.0, Workers: 4
[931.047s][debug][gc,phases      ] GC(55)     Dead                           Min: 0, Avg:  0.0, Max: 0, Diff: 0, Sum: 0, Workers: 4
[931.047s][debug][gc,phases      ] GC(55)     Total                          Min: 0, Avg: 13.0, Max: 52, Diff: 52, Sum: 52, Workers: 4
[931.047s][debug][gc,phases      ] GC(55)   StringDedup Table Weak         Min:  0.0, Avg:  0.0, Max:  0.0, Diff:  0.0, Sum:  0.0, Workers: 4
[931.047s][debug][gc,phases      ] GC(55)     Dead                           Min: 0, Avg:  0.0, Max: 0, Diff: 0, Sum: 0, Workers: 4
[931.047s][debug][gc,phases      ] GC(55)     Total                          Min: 0, Avg:  0.0, Max: 0, Diff: 0, Sum: 0, Workers: 4
[931.047s][debug][gc,phases      ] GC(55)   StringDedup Requests0 Weak     Min:  0.0, Avg:  0.0, Max:  0.0, Diff:  0.0, Sum:  0.0, Workers: 4
[931.047s][debug][gc,phases      ] GC(55)     Dead                           Min: 0, Avg:  0.0, Max: 0, Diff: 0, Sum: 0, Workers: 4
[931.047s][debug][gc,phases      ] GC(55)     Total                          Min: 0, Avg:  0.0, Max: 0, Diff: 0, Sum: 0, Workers: 4
[931.047s][debug][gc,phases      ] GC(55)   StringDedup Requests1 Weak     Min:  0.0, Avg:  0.0, Max:  0.0, Diff:  0.0, Sum:  0.0, Workers: 4
[931.047s][debug][gc,phases      ] GC(55)     Dead                           Min: 0, Avg:  0.0, Max: 0, Diff: 0, Sum: 0, Workers: 4
[931.047s][debug][gc,phases      ] GC(55)     Total                          Min: 0, Avg:  0.0, Max: 0, Diff: 0, Sum: 0, Workers: 4
[931.047s][debug][gc,phases      ] GC(55)   Weak JFR Old Object Samples    Min:  0.0, Avg:  0.0, Max:  0.0, Diff:  0.0, Sum:  0.0, Workers: 4
[931.047s][debug][gc,phases      ] GC(55)     Dead                           Min: 0, Avg:  0.0, Max: 0, Diff: 0, Sum: 0, Workers: 4
[931.047s][debug][gc,phases      ] GC(55)     Total                          Min: 0, Avg:  0.0, Max: 0, Diff: 0, Sum: 0, Workers: 4
[931.047s][debug][gc,phases      ] GC(55) Weak Processing 0.403ms
[931.047s][debug][gc,age         ] GC(55) Desired survivor size 24641536 bytes, new threshold 1 (max threshold 15)
[931.047s][info ][gc,heap        ] GC(55) PSYoungGen: 2048395K(2071552K)->4489K(2069504K) Eden: 2043904K(2043904K)->0K(2043904K) From: 4491K(27648K)->4489K(25600K)
[931.047s][info ][gc,heap        ] GC(55) ParOldGen: 304169K(304640K)->305289K(305664K)
[931.047s][info ][gc,metaspace   ] GC(55) Metaspace: 105904K(107264K)->105904K(107264K) NonClass: 89898K(90624K)->89898K(90624K) Class: 16006K(16640K)->16006K(16640K)
[931.047s][info ][gc             ] GC(55) Pause Young (Allocation Failure) 2297M->302M(2319M) 4.776ms
[931.047s][info ][gc,cpu         ] GC(55) User=0.01s Sys=0.01s Real=0.01s
[931.047s][info ][safepoint      ] Safepoint "ParallelGCFailedAllocation", Time since last: 1383378186 ns, Reaching safepoint: 5400 ns, Cleanup: 9800 ns, At safepoint: 4841715 ns, Total: 4856915 ns
[933.048s][info ][safepoint      ] Safepoint "Cleanup", Time since last: 2000150797 ns, Reaching safepoint: 5900 ns, Cleanup: 17300 ns, At safepoint: 2200 ns, Total: 25400 ns
[934.048s][info ][safepoint      ] Safepoint "Cleanup", Time since last: 1000100998 ns, Reaching safepoint: 5100 ns, Cleanup: 12400 ns, At safepoint: 2100 ns, Total: 19600 ns
[935.048s][info ][safepoint      ] Safepoint "Cleanup", Time since last: 1000124310 ns, Reaching safepoint: 5400 ns, Cleanup: 8700 ns, At safepoint: 1900 ns, Total: 16000 ns
[938.048s][info ][safepoint      ] Safepoint "Cleanup", Time since last: 3000230027 ns, Reaching safepoint: 4800 ns, Cleanup: 9500 ns, At safepoint: 2100 ns, Total: 16400 ns
[939.048s][info ][safepoint      ] Safepoint "Cleanup", Time since last: 1000131543 ns, Reaching safepoint: 5800 ns, Cleanup: 18700 ns, At safepoint: 2100 ns, Total: 26600 ns
[940.048s][info ][safepoint      ] Safepoint "Cleanup", Time since last: 1000114842 ns, Reaching safepoint: 6000 ns, Cleanup: 17000 ns, At safepoint: 2200 ns, Total: 25200 ns
[941.048s][info ][safepoint      ] Safepoint "Cleanup", Time since last: 1000100242 ns, Reaching safepoint: 4700 ns, Cleanup: 14300 ns, At safepoint: 1700 ns, Total: 20700 ns
[942.049s][info ][safepoint      ] Safepoint "Cleanup", Time since last: 1000094943 ns, Reaching safepoint: 4900 ns, Cleanup: 9500 ns, At safepoint: 2000 ns, Total: 16400 ns
[943.049s][info ][safepoint      ] Safepoint "Cleanup", Time since last: 1000103044 ns, Reaching safepoint: 6000 ns, Cleanup: 16300 ns, At safepoint: 2200 ns, Total: 24500 ns
[948.049s][info ][safepoint      ] Safepoint "Cleanup", Time since last: 5000367648 ns, Reaching safepoint: 4500 ns, Cleanup: 6400 ns, At safepoint: 1600 ns, Total: 12500 ns
[949.049s][info ][safepoint      ] Safepoint "Cleanup", Time since last: 1000096149 ns, Reaching safepoint: 5600 ns, Cleanup: 13100 ns, At safepoint: 2100 ns, Total: 20800 ns
[950.049s][info ][safepoint      ] Safepoint "Cleanup", Time since last: 1000104750 ns, Reaching safepoint: 5500 ns, Cleanup: 10100 ns, At safepoint: 2000 ns, Total: 17600 ns
[953.463s][info ][gc,start       ] GC(56) Pause Young (Allocation Failure)
[953.468s][debug][gc,phases      ] GC(56) Scavenge 4.350ms
[953.468s][debug][gc,ref         ] GC(56) ReferenceProcessor::execute queues: 1, RefProcThreadModel::Single, marks_oops_alive: false
[953.468s][debug][gc,ref         ] GC(56) Skipped KeepAliveFinalRefsPhase of Reference Processing: no references
[953.468s][debug][gc,ref         ] GC(56) ReferenceProcessor::execute queues: 1, RefProcThreadModel::Single, marks_oops_alive: false
[953.468s][debug][gc,phases      ] GC(56) Reference Processing 0.101ms
[953.468s][debug][gc,phases      ] GC(56)   VM Weak                        Min:  0.0, Avg:  0.0, Max:  0.0, Diff:  0.0, Sum:  0.0, Workers: 4
[953.468s][debug][gc,phases      ] GC(56)     Dead                           Min: 0, Avg:  0.0, Max: 0, Diff: 0, Sum: 0, Workers: 4
[953.468s][debug][gc,phases      ] GC(56)     Total                          Min: 0, Avg: 257.8, Max: 896, Diff: 896, Sum: 1031, Workers: 4
[953.468s][debug][gc,phases      ] GC(56)   ObjectSynchronizer Weak        Min:  0.0, Avg:  0.0, Max:  0.0, Diff:  0.0, Sum:  0.0, Workers: 4
[953.468s][debug][gc,phases      ] GC(56)     Dead                           Min: 0, Avg:  0.0, Max: 0, Diff: 0, Sum: 0, Workers: 4
[953.468s][debug][gc,phases      ] GC(56)     Total                          Min: 0, Avg:  1.0, Max: 4, Diff: 4, Sum: 4, Workers: 4
[953.468s][debug][gc,phases      ] GC(56)   JVMTI Tag Weak OopStorage      Min:  0.0, Avg:  0.0, Max:  0.0, Diff:  0.0, Sum:  0.0, Workers: 4
[953.468s][debug][gc,phases      ] GC(56)     Dead                           Min: 0, Avg:  0.0, Max: 0, Diff: 0, Sum: 0, Workers: 4
[953.468s][debug][gc,phases      ] GC(56)     Total                          Min: 0, Avg:  0.0, Max: 0, Diff: 0, Sum: 0, Workers: 4
[953.468s][debug][gc,phases      ] GC(56)   StringTable Weak               Min:  0.0, Avg:  0.1, Max:  0.1, Diff:  0.1, Sum:  0.4, Workers: 4
[953.468s][debug][gc,phases      ] GC(56)     Dead                           Min: 0, Avg:  0.2, Max: 1, Diff: 1, Sum: 1, Workers: 4
[953.468s][debug][gc,phases      ] GC(56)     Total                          Min: 0, Avg: 11543.5, Max: 20064, Diff: 20064, Sum: 46174, Workers: 4
[953.468s][debug][gc,phases      ] GC(56)   ResolvedMethodTable Weak       Min:  0.0, Avg:  0.0, Max:  0.0, Diff:  0.0, Sum:  0.1, Workers: 4
[953.468s][debug][gc,phases      ] GC(56)     Dead                           Min: 0, Avg:  0.0, Max: 0, Diff: 0, Sum: 0, Workers: 4
[953.468s][debug][gc,phases      ] GC(56)     Total                          Min: 0, Avg: 3818.2, Max: 6446, Diff: 6446, Sum: 15273, Workers: 4
[953.468s][debug][gc,phases      ] GC(56)   JNI Weak                       Min:  0.0, Avg:  0.0, Max:  0.0, Diff:  0.0, Sum:  0.0, Workers: 4
[953.468s][debug][gc,phases      ] GC(56)     Dead                           Min: 0, Avg:  0.0, Max: 0, Diff: 0, Sum: 0, Workers: 4
[953.468s][debug][gc,phases      ] GC(56)     Total                          Min: 0, Avg: 13.0, Max: 52, Diff: 52, Sum: 52, Workers: 4
[953.468s][debug][gc,phases      ] GC(56)   StringDedup Table Weak         Min:  0.0, Avg:  0.0, Max:  0.0, Diff:  0.0, Sum:  0.0, Workers: 4
[953.468s][debug][gc,phases      ] GC(56)     Dead                           Min: 0, Avg:  0.0, Max: 0, Diff: 0, Sum: 0, Workers: 4
[953.468s][debug][gc,phases      ] GC(56)     Total                          Min: 0, Avg:  0.0, Max: 0, Diff: 0, Sum: 0, Workers: 4
[953.468s][debug][gc,phases      ] GC(56)   StringDedup Requests0 Weak     Min:  0.0, Avg:  0.0, Max:  0.0, Diff:  0.0, Sum:  0.0, Workers: 4
[953.468s][debug][gc,phases      ] GC(56)     Dead                           Min: 0, Avg:  0.0, Max: 0, Diff: 0, Sum: 0, Workers: 4
[953.468s][debug][gc,phases      ] GC(56)     Total                          Min: 0, Avg:  0.0, Max: 0, Diff: 0, Sum: 0, Workers: 4
[953.468s][debug][gc,phases      ] GC(56)   StringDedup Requests1 Weak     Min:  0.0, Avg:  0.0, Max:  0.0, Diff:  0.0, Sum:  0.0, Workers: 4
[953.468s][debug][gc,phases      ] GC(56)     Dead                           Min: 0, Avg:  0.0, Max: 0, Diff: 0, Sum: 0, Workers: 4
[953.468s][debug][gc,phases      ] GC(56)     Total                          Min: 0, Avg:  0.0, Max: 0, Diff: 0, Sum: 0, Workers: 4
[953.468s][debug][gc,phases      ] GC(56)   Weak JFR Old Object Samples    Min:  0.0, Avg:  0.0, Max:  0.0, Diff:  0.0, Sum:  0.0, Workers: 4
[953.468s][debug][gc,phases      ] GC(56)     Dead                           Min: 0, Avg:  0.0, Max: 0, Diff: 0, Sum: 0, Workers: 4
[953.468s][debug][gc,phases      ] GC(56)     Total                          Min: 0, Avg:  0.0, Max: 0, Diff: 0, Sum: 0, Workers: 4
[953.468s][debug][gc,phases      ] GC(56) Weak Processing 0.376ms
[953.468s][debug][gc,age         ] GC(56) Desired survivor size 23068672 bytes, new threshold 1 (max threshold 15)
[953.468s][info ][gc,heap        ] GC(56) PSYoungGen: 2048393K(2069504K)->4608K(2074624K) Eden: 2043904K(2043904K)->0K(2050560K) From: 4489K(25600K)->4608K(24064K)
[953.468s][info ][gc,heap        ] GC(56) ParOldGen: 305289K(305664K)->306462K(306688K)
[953.468s][info ][gc,metaspace   ] GC(56) Metaspace: 105930K(107328K)->105930K(107328K) NonClass: 89917K(90688K)->89917K(90688K) Class: 16013K(16640K)->16013K(16640K)
[953.468s][info ][gc             ] GC(56) Pause Young (Allocation Failure) 2298M->303M(2325M) 4.934ms
[953.468s][info ][gc,cpu         ] GC(56) User=0.02s Sys=0.00s Real=0.00s
[953.468s][info ][safepoint      ] Safepoint "ParallelGCFailedAllocation", Time since last: 3413845287 ns, Reaching safepoint: 5200 ns, Cleanup: 3200 ns, At safepoint: 4995216 ns, Total: 5003616 ns
[960.308s][info ][safepoint      ] Safepoint "Cleanup", Time since last: 6840193007 ns, Reaching safepoint: 78300 ns, Cleanup: 7700 ns, At safepoint: 7800 ns, Total: 93800 ns
[964.309s][info ][safepoint      ] Safepoint "Cleanup", Time since last: 4000339745 ns, Reaching safepoint: 76900 ns, Cleanup: 8900 ns, At safepoint: 20600 ns, Total: 106400 ns
[965.309s][info ][safepoint      ] Safepoint "Cleanup", Time since last: 1000095412 ns, Reaching safepoint: 73600 ns, Cleanup: 5900 ns, At safepoint: 5300 ns, Total: 84800 ns
[972.310s][info ][safepoint      ] Safepoint "Cleanup", Time since last: 7000572157 ns, Reaching safepoint: 76400 ns, Cleanup: 9400 ns, At safepoint: 5600 ns, Total: 91400 ns
[973.310s][info ][safepoint      ] Safepoint "Cleanup", Time since last: 1000134284 ns, Reaching safepoint: 80300 ns, Cleanup: 11300 ns, At safepoint: 6500 ns, Total: 98100 ns
[976.052s][info ][gc,start       ] GC(57) Pause Young (Allocation Failure)
[976.057s][debug][gc,phases      ] GC(57) Scavenge 4.762ms
[976.057s][debug][gc,ref         ] GC(57) ReferenceProcessor::execute queues: 1, RefProcThreadModel::Single, marks_oops_alive: false
[976.057s][debug][gc,ref         ] GC(57) Skipped KeepAliveFinalRefsPhase of Reference Processing: no references
[976.057s][debug][gc,ref         ] GC(57) Skipped PhantomRefsPhase of Reference Processing: no references
[976.057s][debug][gc,phases      ] GC(57) Reference Processing 0.094ms
[976.057s][debug][gc,phases      ] GC(57)   VM Weak                        Min:  0.0, Avg:  0.0, Max:  0.0, Diff:  0.0, Sum:  0.0, Workers: 4
[976.057s][debug][gc,phases      ] GC(57)     Dead                           Min: 0, Avg:  0.0, Max: 0, Diff: 0, Sum: 0, Workers: 4
[976.057s][debug][gc,phases      ] GC(57)     Total                          Min: 0, Avg: 257.8, Max: 640, Diff: 640, Sum: 1031, Workers: 4
[976.057s][debug][gc,phases      ] GC(57)   ObjectSynchronizer Weak        Min:  0.0, Avg:  0.0, Max:  0.0, Diff:  0.0, Sum:  0.0, Workers: 4
[976.057s][debug][gc,phases      ] GC(57)     Dead                           Min: 0, Avg:  0.0, Max: 0, Diff: 0, Sum: 0, Workers: 4
[976.057s][debug][gc,phases      ] GC(57)     Total                          Min: 0, Avg:  0.8, Max: 3, Diff: 3, Sum: 3, Workers: 4
[976.057s][debug][gc,phases      ] GC(57)   JVMTI Tag Weak OopStorage      Min:  0.0, Avg:  0.0, Max:  0.0, Diff:  0.0, Sum:  0.0, Workers: 4
[976.057s][debug][gc,phases      ] GC(57)     Dead                           Min: 0, Avg:  0.0, Max: 0, Diff: 0, Sum: 0, Workers: 4
[976.057s][debug][gc,phases      ] GC(57)     Total                          Min: 0, Avg:  0.0, Max: 0, Diff: 0, Sum: 0, Workers: 4
[976.057s][debug][gc,phases      ] GC(57)   StringTable Weak               Min:  0.0, Avg:  0.1, Max:  0.1, Diff:  0.1, Sum:  0.4, Workers: 4
[976.057s][debug][gc,phases      ] GC(57)     Dead                           Min: 0, Avg:  0.0, Max: 0, Diff: 0, Sum: 0, Workers: 4
[976.057s][debug][gc,phases      ] GC(57)     Total                          Min: 0, Avg: 11543.5, Max: 20222, Diff: 20222, Sum: 46174, Workers: 4
[976.057s][debug][gc,phases      ] GC(57)   ResolvedMethodTable Weak       Min:  0.0, Avg:  0.0, Max:  0.0, Diff:  0.0, Sum:  0.1, Workers: 4
[976.057s][debug][gc,phases      ] GC(57)     Dead                           Min: 0, Avg:  4.0, Max: 16, Diff: 16, Sum: 16, Workers: 4
[976.057s][debug][gc,phases      ] GC(57)     Total                          Min: 0, Avg: 3818.2, Max: 6269, Diff: 6269, Sum: 15273, Workers: 4
[976.057s][debug][gc,phases      ] GC(57)   JNI Weak                       Min:  0.0, Avg:  0.0, Max:  0.0, Diff:  0.0, Sum:  0.0, Workers: 4
[976.057s][debug][gc,phases      ] GC(57)     Dead                           Min: 0, Avg:  0.0, Max: 0, Diff: 0, Sum: 0, Workers: 4
[976.057s][debug][gc,phases      ] GC(57)     Total                          Min: 0, Avg: 13.0, Max: 52, Diff: 52, Sum: 52, Workers: 4
[976.057s][debug][gc,phases      ] GC(57)   StringDedup Table Weak         Min:  0.0, Avg:  0.0, Max:  0.0, Diff:  0.0, Sum:  0.0, Workers: 4
[976.057s][debug][gc,phases      ] GC(57)     Dead                           Min: 0, Avg:  0.0, Max: 0, Diff: 0, Sum: 0, Workers: 4
[976.057s][debug][gc,phases      ] GC(57)     Total                          Min: 0, Avg:  0.0, Max: 0, Diff: 0, Sum: 0, Workers: 4
[976.057s][debug][gc,phases      ] GC(57)   StringDedup Requests0 Weak     Min:  0.0, Avg:  0.0, Max:  0.0, Diff:  0.0, Sum:  0.0, Workers: 4
[976.057s][debug][gc,phases      ] GC(57)     Dead                           Min: 0, Avg:  0.0, Max: 0, Diff: 0, Sum: 0, Workers: 4
[976.057s][debug][gc,phases      ] GC(57)     Total                          Min: 0, Avg:  0.0, Max: 0, Diff: 0, Sum: 0, Workers: 4
[976.057s][debug][gc,phases      ] GC(57)   StringDedup Requests1 Weak     Min:  0.0, Avg:  0.0, Max:  0.0, Diff:  0.0, Sum:  0.0, Workers: 4
[976.057s][debug][gc,phases      ] GC(57)     Dead                           Min: 0, Avg:  0.0, Max: 0, Diff: 0, Sum: 0, Workers: 4
[976.057s][debug][gc,phases      ] GC(57)     Total                          Min: 0, Avg:  0.0, Max: 0, Diff: 0, Sum: 0, Workers: 4
[976.057s][debug][gc,phases      ] GC(57)   Weak JFR Old Object Samples    Min:  0.0, Avg:  0.0, Max:  0.0, Diff:  0.0, Sum:  0.0, Workers: 4
[976.057s][debug][gc,phases      ] GC(57)     Dead                           Min: 0, Avg:  0.0, Max: 0, Diff: 0, Sum: 0, Workers: 4
[976.057s][debug][gc,phases      ] GC(57)     Total                          Min: 0, Avg:  0.0, Max: 0, Diff: 0, Sum: 0, Workers: 4
[976.057s][debug][gc,phases      ] GC(57) Weak Processing 0.372ms
[976.057s][debug][gc,age         ] GC(57) Desired survivor size 21495808 bytes, new threshold 1 (max threshold 15)
[976.057s][info ][gc,heap        ] GC(57) PSYoungGen: 2055168K(2074624K)->4432K(2073088K) Eden: 2050560K(2050560K)->0K(2050560K) From: 4608K(24064K)->4432K(22528K)
[976.057s][info ][gc,heap        ] GC(57) ParOldGen: 306462K(306688K)->307578K(307712K)
[976.057s][info ][gc,metaspace   ] GC(57) Metaspace: 105932K(107328K)->105932K(107328K) NonClass: 89919K(90688K)->89919K(90688K) Class: 16013K(16640K)->16013K(16640K)
[976.057s][info ][gc             ] GC(57) Pause Young (Allocation Failure) 2306M->304M(2325M) 5.326ms
[976.057s][info ][gc,cpu         ] GC(57) User=0.02s Sys=0.00s Real=0.01s
[976.057s][info ][safepoint      ] Safepoint "ParallelGCFailedAllocation", Time since last: 2741989229 ns, Reaching safepoint: 77100 ns, Cleanup: 3400 ns, At safepoint: 5390319 ns, Total: 5470819 ns
[979.058s][info ][safepoint      ] Safepoint "Cleanup", Time since last: 3000219532 ns, Reaching safepoint: 75900 ns, Cleanup: 8400 ns, At safepoint: 5300 ns, Total: 89600 ns
[980.058s][info ][safepoint      ] Safepoint "Cleanup", Time since last: 1000126311 ns, Reaching safepoint: 82900 ns, Cleanup: 11300 ns, At safepoint: 7300 ns, Total: 101500 ns
[981.058s][info ][safepoint      ] Safepoint "Cleanup", Time since last: 1000098611 ns, Reaching safepoint: 76300 ns, Cleanup: 20101 ns, At safepoint: 5900 ns, Total: 102301 ns
[984.059s][info ][safepoint      ] Safepoint "Cleanup", Time since last: 3000248253 ns, Reaching safepoint: 79300 ns, Cleanup: 8700 ns, At safepoint: 5900 ns, Total: 93900 ns
[989.059s][info ][safepoint      ] Safepoint "Cleanup", Time since last: 5000393707 ns, Reaching safepoint: 76700 ns, Cleanup: 8400 ns, At safepoint: 5800 ns, Total: 90900 ns
[998.060s][info ][safepoint      ] Safepoint "Cleanup", Time since last: 9000720395 ns, Reaching safepoint: 78600 ns, Cleanup: 24601 ns, At safepoint: 6800 ns, Total: 110001 ns
[999.601s][info ][gc,start       ] GC(58) Pause Young (Allocation Failure)
[999.605s][debug][gc,phases      ] GC(58) Scavenge 4.006ms
[999.606s][debug][gc,ref         ] GC(58) ReferenceProcessor::execute queues: 1, RefProcThreadModel::Single, marks_oops_alive: false
[999.606s][debug][gc,ref         ] GC(58) Skipped KeepAliveFinalRefsPhase of Reference Processing: no references
[999.606s][debug][gc,ref         ] GC(58) ReferenceProcessor::execute queues: 1, RefProcThreadModel::Single, marks_oops_alive: false
[999.606s][debug][gc,phases      ] GC(58) Reference Processing 0.098ms
[999.606s][debug][gc,phases      ] GC(58)   VM Weak                        Min:  0.0, Avg:  0.0, Max:  0.0, Diff:  0.0, Sum:  0.0, Workers: 4
[999.606s][debug][gc,phases      ] GC(58)     Dead                           Min: 0, Avg:  0.0, Max: 0, Diff: 0, Sum: 0, Workers: 4
[999.606s][debug][gc,phases      ] GC(58)     Total                          Min: 0, Avg: 257.8, Max: 775, Diff: 775, Sum: 1031, Workers: 4
[999.606s][debug][gc,phases      ] GC(58)   ObjectSynchronizer Weak        Min:  0.0, Avg:  0.0, Max:  0.0, Diff:  0.0, Sum:  0.0, Workers: 4
[999.606s][debug][gc,phases      ] GC(58)     Dead                           Min: 0, Avg:  0.0, Max: 0, Diff: 0, Sum: 0, Workers: 4
[999.606s][debug][gc,phases      ] GC(58)     Total                          Min: 0, Avg:  0.8, Max: 3, Diff: 3, Sum: 3, Workers: 4
[999.606s][debug][gc,phases      ] GC(58)   JVMTI Tag Weak OopStorage      Min:  0.0, Avg:  0.0, Max:  0.0, Diff:  0.0, Sum:  0.0, Workers: 4
[999.606s][debug][gc,phases      ] GC(58)     Dead                           Min: 0, Avg:  0.0, Max: 0, Diff: 0, Sum: 0, Workers: 4
[999.606s][debug][gc,phases      ] GC(58)     Total                          Min: 0, Avg:  0.0, Max: 0, Diff: 0, Sum: 0, Workers: 4
[999.606s][debug][gc,phases      ] GC(58)   StringTable Weak               Min:  0.0, Avg:  0.1, Max:  0.1, Diff:  0.1, Sum:  0.4, Workers: 4
[999.606s][debug][gc,phases      ] GC(58)     Dead                           Min: 0, Avg:  0.2, Max: 1, Diff: 1, Sum: 1, Workers: 4
[999.606s][debug][gc,phases      ] GC(58)     Total                          Min: 0, Avg: 11552.0, Max: 20160, Diff: 20160, Sum: 46208, Workers: 4
[999.606s][debug][gc,phases      ] GC(58)   ResolvedMethodTable Weak       Min:  0.0, Avg:  0.0, Max:  0.0, Diff:  0.0, Sum:  0.1, Workers: 4
[999.606s][debug][gc,phases      ] GC(58)     Dead                           Min: 0, Avg:  6.8, Max: 14, Diff: 14, Sum: 27, Workers: 4
[999.606s][debug][gc,phases      ] GC(58)     Total                          Min: 0, Avg: 3828.0, Max: 6606, Diff: 6606, Sum: 15312, Workers: 4
[999.606s][debug][gc,phases      ] GC(58)   JNI Weak                       Min:  0.0, Avg:  0.0, Max:  0.0, Diff:  0.0, Sum:  0.0, Workers: 4
[999.606s][debug][gc,phases      ] GC(58)     Dead                           Min: 0, Avg:  0.0, Max: 0, Diff: 0, Sum: 0, Workers: 4
[999.606s][debug][gc,phases      ] GC(58)     Total                          Min: 0, Avg: 13.0, Max: 52, Diff: 52, Sum: 52, Workers: 4
[999.606s][debug][gc,phases      ] GC(58)   StringDedup Table Weak         Min:  0.0, Avg:  0.0, Max:  0.0, Diff:  0.0, Sum:  0.0, Workers: 4
[999.606s][debug][gc,phases      ] GC(58)     Dead                           Min: 0, Avg:  0.0, Max: 0, Diff: 0, Sum: 0, Workers: 4
[999.606s][debug][gc,phases      ] GC(58)     Total                          Min: 0, Avg:  0.0, Max: 0, Diff: 0, Sum: 0, Workers: 4
[999.606s][debug][gc,phases      ] GC(58)   StringDedup Requests0 Weak     Min:  0.0, Avg:  0.0, Max:  0.0, Diff:  0.0, Sum:  0.0, Workers: 4
[999.606s][debug][gc,phases      ] GC(58)     Dead                           Min: 0, Avg:  0.0, Max: 0, Diff: 0, Sum: 0, Workers: 4
[999.606s][debug][gc,phases      ] GC(58)     Total                          Min: 0, Avg:  0.0, Max: 0, Diff: 0, Sum: 0, Workers: 4
[999.606s][debug][gc,phases      ] GC(58)   StringDedup Requests1 Weak     Min:  0.0, Avg:  0.0, Max:  0.0, Diff:  0.0, Sum:  0.0, Workers: 4
[999.606s][debug][gc,phases      ] GC(58)     Dead                           Min: 0, Avg:  0.0, Max: 0, Diff: 0, Sum: 0, Workers: 4
[999.606s][debug][gc,phases      ] GC(58)     Total                          Min: 0, Avg:  0.0, Max: 0, Diff: 0, Sum: 0, Workers: 4
[999.606s][debug][gc,phases      ] GC(58)   Weak JFR Old Object Samples    Min:  0.0, Avg:  0.0, Max:  0.0, Diff:  0.0, Sum:  0.0, Workers: 4
[999.606s][debug][gc,phases      ] GC(58)     Dead                           Min: 0, Avg:  0.0, Max: 0, Diff: 0, Sum: 0, Workers: 4
[999.606s][debug][gc,phases      ] GC(58)     Total                          Min: 0, Avg:  0.0, Max: 0, Diff: 0, Sum: 0, Workers: 4
[999.606s][debug][gc,phases      ] GC(58) Weak Processing 0.374ms
[999.606s][debug][gc,age         ] GC(58) Desired survivor size 20447232 bytes, new threshold 1 (max threshold 15)
[999.606s][info ][gc,heap        ] GC(58) PSYoungGen: 2054992K(2073088K)->4320K(2077184K) Eden: 2050560K(2050560K)->0K(2056192K) From: 4432K(22528K)->4320K(20992K)
[999.606s][info ][gc,heap        ] GC(58) ParOldGen: 307578K(307712K)->308563K(308736K)
[999.606s][info ][gc,metaspace   ] GC(58) Metaspace: 106040K(107392K)->106040K(107392K) NonClass: 90010K(90752K)->90010K(90752K) Class: 16029K(16640K)->16029K(16640K)
[999.606s][info ][gc             ] GC(58) Pause Young (Allocation Failure) 2307M->305M(2330M) 4.588ms
[999.606s][info ][gc,cpu         ] GC(58) User=0.01s Sys=0.00s Real=0.01s
[999.606s][info ][safepoint      ] Safepoint "ParallelGCFailedAllocation", Time since last: 1541393965 ns, Reaching safepoint: 79001 ns, Cleanup: 3800 ns, At safepoint: 4658519 ns, Total: 4741320 ns
[1000.606s][info ][safepoint      ] Safepoint "Cleanup", Time since last: 1000082050 ns, Reaching safepoint: 75100 ns, Cleanup: 6000 ns, At safepoint: 4600 ns, Total: 85700 ns
[1002.606s][info ][safepoint      ] Safepoint "Cleanup", Time since last: 2000182900 ns, Reaching safepoint: 79301 ns, Cleanup: 10500 ns, At safepoint: 6100 ns, Total: 95901 ns
[1004.607s][info ][safepoint      ] Safepoint "Cleanup", Time since last: 2000212120 ns, Reaching safepoint: 81101 ns, Cleanup: 8600 ns, At safepoint: 6800 ns, Total: 96501 ns
[1005.607s][info ][safepoint      ] Safepoint "Cleanup", Time since last: 1000122052 ns, Reaching safepoint: 78101 ns, Cleanup: 6700 ns, At safepoint: 5900 ns, Total: 90701 ns
[1006.607s][info ][safepoint      ] Safepoint "Cleanup", Time since last: 1000104252 ns, Reaching safepoint: 75100 ns, Cleanup: 11200 ns, At safepoint: 6200 ns, Total: 92500 ns
[1009.608s][info ][safepoint      ] Safepoint "Cleanup", Time since last: 3000257139 ns, Reaching safepoint: 78500 ns, Cleanup: 12000 ns, At safepoint: 6000 ns, Total: 96500 ns
[1019.608s][info ][safepoint      ] Safepoint "Cleanup", Time since last: 10000776899 ns, Reaching safepoint: 79100 ns, Cleanup: 10600 ns, At safepoint: 6600 ns, Total: 96300 ns
[1021.326s][info ][safepoint      ] Safepoint "Cleanup", Time since last: 1717695019 ns, Reaching safepoint: 5400 ns, Cleanup: 12200 ns, At safepoint: 2100 ns, Total: 19700 ns
[1021.802s][info ][gc,start       ] GC(59) Pause Young (Allocation Failure)
[1021.807s][debug][gc,phases      ] GC(59) Scavenge 4.668ms
[1021.807s][debug][gc,ref         ] GC(59) ReferenceProcessor::execute queues: 1, RefProcThreadModel::Single, marks_oops_alive: false
[1021.807s][debug][gc,ref         ] GC(59) Skipped KeepAliveFinalRefsPhase of Reference Processing: no references
[1021.807s][debug][gc,ref         ] GC(59) Skipped PhantomRefsPhase of Reference Processing: no references
[1021.807s][debug][gc,phases      ] GC(59) Reference Processing 0.093ms
[1021.807s][debug][gc,phases      ] GC(59)   VM Weak                        Min:  0.0, Avg:  0.0, Max:  0.0, Diff:  0.0, Sum:  0.0, Workers: 4
[1021.807s][debug][gc,phases      ] GC(59)     Dead                           Min: 0, Avg:  0.0, Max: 0, Diff: 0, Sum: 0, Workers: 4
[1021.807s][debug][gc,phases      ] GC(59)     Total                          Min: 0, Avg: 257.8, Max: 647, Diff: 647, Sum: 1031, Workers: 4
[1021.807s][debug][gc,phases      ] GC(59)   ObjectSynchronizer Weak        Min:  0.0, Avg:  0.0, Max:  0.0, Diff:  0.0, Sum:  0.0, Workers: 4
[1021.807s][debug][gc,phases      ] GC(59)     Dead                           Min: 0, Avg:  0.0, Max: 0, Diff: 0, Sum: 0, Workers: 4
[1021.807s][debug][gc,phases      ] GC(59)     Total                          Min: 0, Avg:  0.8, Max: 3, Diff: 3, Sum: 3, Workers: 4
[1021.807s][debug][gc,phases      ] GC(59)   JVMTI Tag Weak OopStorage      Min:  0.0, Avg:  0.0, Max:  0.0, Diff:  0.0, Sum:  0.0, Workers: 4
[1021.807s][debug][gc,phases      ] GC(59)     Dead                           Min: 0, Avg:  0.0, Max: 0, Diff: 0, Sum: 0, Workers: 4
[1021.807s][debug][gc,phases      ] GC(59)     Total                          Min: 0, Avg:  0.0, Max: 0, Diff: 0, Sum: 0, Workers: 4
[1021.807s][debug][gc,phases      ] GC(59)   StringTable Weak               Min:  0.0, Avg:  0.1, Max:  0.1, Diff:  0.1, Sum:  0.4, Workers: 4
[1021.807s][debug][gc,phases      ] GC(59)     Dead                           Min: 0, Avg:  0.0, Max: 0, Diff: 0, Sum: 0, Workers: 4
[1021.807s][debug][gc,phases      ] GC(59)     Total                          Min: 0, Avg: 11552.5, Max: 22082, Diff: 22082, Sum: 46210, Workers: 4
[1021.807s][debug][gc,phases      ] GC(59)   ResolvedMethodTable Weak       Min:  0.0, Avg:  0.0, Max:  0.0, Diff:  0.0, Sum:  0.1, Workers: 4
[1021.807s][debug][gc,phases      ] GC(59)     Dead                           Min: 0, Avg:  4.0, Max: 10, Diff: 10, Sum: 16, Workers: 4
[1021.807s][debug][gc,phases      ] GC(59)     Total                          Min: 0, Avg: 3828.0, Max: 6378, Diff: 6378, Sum: 15312, Workers: 4
[1021.807s][debug][gc,phases      ] GC(59)   JNI Weak                       Min:  0.0, Avg:  0.0, Max:  0.0, Diff:  0.0, Sum:  0.0, Workers: 4
[1021.807s][debug][gc,phases      ] GC(59)     Dead                           Min: 0, Avg:  0.0, Max: 0, Diff: 0, Sum: 0, Workers: 4
[1021.807s][debug][gc,phases      ] GC(59)     Total                          Min: 0, Avg: 13.0, Max: 52, Diff: 52, Sum: 52, Workers: 4
[1021.807s][debug][gc,phases      ] GC(59)   StringDedup Table Weak         Min:  0.0, Avg:  0.0, Max:  0.0, Diff:  0.0, Sum:  0.0, Workers: 4
[1021.807s][debug][gc,phases      ] GC(59)     Dead                           Min: 0, Avg:  0.0, Max: 0, Diff: 0, Sum: 0, Workers: 4
[1021.807s][debug][gc,phases      ] GC(59)     Total                          Min: 0, Avg:  0.0, Max: 0, Diff: 0, Sum: 0, Workers: 4
[1021.807s][debug][gc,phases      ] GC(59)   StringDedup Requests0 Weak     Min:  0.0, Avg:  0.0, Max:  0.0, Diff:  0.0, Sum:  0.0, Workers: 4
[1021.807s][debug][gc,phases      ] GC(59)     Dead                           Min: 0, Avg:  0.0, Max: 0, Diff: 0, Sum: 0, Workers: 4
[1021.807s][debug][gc,phases      ] GC(59)     Total                          Min: 0, Avg:  0.0, Max: 0, Diff: 0, Sum: 0, Workers: 4
[1021.807s][debug][gc,phases      ] GC(59)   StringDedup Requests1 Weak     Min:  0.0, Avg:  0.0, Max:  0.0, Diff:  0.0, Sum:  0.0, Workers: 4
[1021.807s][debug][gc,phases      ] GC(59)     Dead                           Min: 0, Avg:  0.0, Max: 0, Diff: 0, Sum: 0, Workers: 4
[1021.807s][debug][gc,phases      ] GC(59)     Total                          Min: 0, Avg:  0.0, Max: 0, Diff: 0, Sum: 0, Workers: 4
[1021.807s][debug][gc,phases      ] GC(59)   Weak JFR Old Object Samples    Min:  0.0, Avg:  0.0, Max:  0.0, Diff:  0.0, Sum:  0.0, Workers: 4
[1021.807s][debug][gc,phases      ] GC(59)     Dead                           Min: 0, Avg:  0.0, Max: 0, Diff: 0, Sum: 0, Workers: 4
[1021.807s][debug][gc,phases      ] GC(59)     Total                          Min: 0, Avg:  0.0, Max: 0, Diff: 0, Sum: 0, Workers: 4
[1021.807s][debug][gc,phases      ] GC(59) Weak Processing 0.420ms
[1021.807s][debug][gc,age         ] GC(59) Desired survivor size 18874368 bytes, new threshold 1 (max threshold 15)
[1021.807s][info ][gc,heap        ] GC(59) PSYoungGen: 2060512K(2077184K)->5120K(2076160K) Eden: 2056192K(2056192K)->0K(2056192K) From: 4320K(20992K)->5120K(19968K)
[1021.807s][info ][gc,heap        ] GC(59) ParOldGen: 308563K(308736K)->309259K(309760K)
[1021.807s][info ][gc,metaspace   ] GC(59) Metaspace: 106063K(107456K)->106063K(107456K) NonClass: 90034K(90816K)->90034K(90816K) Class: 16029K(16640K)->16029K(16640K)
[1021.807s][info ][gc             ] GC(59) Pause Young (Allocation Failure) 2313M->307M(2330M) 5.296ms
[1021.807s][info ][gc,cpu         ] GC(59) User=0.02s Sys=0.00s Real=0.01s
[1021.807s][info ][safepoint      ] Safepoint "ParallelGCFailedAllocation", Time since last: 475724567 ns, Reaching safepoint: 111101 ns, Cleanup: 4400 ns, At safepoint: 5370818 ns, Total: 5486319 ns
[1023.808s][info ][safepoint      ] Safepoint "Cleanup", Time since last: 2000157007 ns, Reaching safepoint: 78600 ns, Cleanup: 13300 ns, At safepoint: 5600 ns, Total: 97500 ns
[1024.808s][info ][safepoint      ] Safepoint "Cleanup", Time since last: 1000114694 ns, Reaching safepoint: 78800 ns, Cleanup: 9600 ns, At safepoint: 5800 ns, Total: 94200 ns
[1025.808s][info ][safepoint      ] Safepoint "Cleanup", Time since last: 1000116694 ns, Reaching safepoint: 79500 ns, Cleanup: 14901 ns, At safepoint: 23800 ns, Total: 118201 ns
[1026.808s][info ][safepoint      ] Safepoint "Cleanup", Time since last: 1000104493 ns, Reaching safepoint: 76701 ns, Cleanup: 27800 ns, At safepoint: 5700 ns, Total: 110201 ns
[1027.808s][info ][safepoint      ] Safepoint "Cleanup", Time since last: 1000112794 ns, Reaching safepoint: 79000 ns, Cleanup: 23500 ns, At safepoint: 6700 ns, Total: 109200 ns
[1028.809s][info ][safepoint      ] Safepoint "Cleanup", Time since last: 1000143194 ns, Reaching safepoint: 77400 ns, Cleanup: 43900 ns, At safepoint: 6200 ns, Total: 127500 ns
[1029.809s][info ][safepoint      ] Safepoint "Cleanup", Time since last: 1000111994 ns, Reaching safepoint: 80000 ns, Cleanup: 15401 ns, At safepoint: 6600 ns, Total: 102001 ns
[1030.809s][info ][safepoint      ] Safepoint "Cleanup", Time since last: 1000106693 ns, Reaching safepoint: 5300 ns, Cleanup: 24900 ns, At safepoint: 1800 ns, Total: 32000 ns
[1031.809s][info ][safepoint      ] Safepoint "Cleanup", Time since last: 1000110408 ns, Reaching safepoint: 5700 ns, Cleanup: 8600 ns, At safepoint: 2000 ns, Total: 16300 ns
[1032.809s][info ][safepoint      ] Safepoint "Cleanup", Time since last: 1000098764 ns, Reaching safepoint: 6000 ns, Cleanup: 10300 ns, At safepoint: 1900 ns, Total: 18200 ns
[1033.809s][info ][safepoint      ] Safepoint "Cleanup", Time since last: 1000114664 ns, Reaching safepoint: 5400 ns, Cleanup: 11901 ns, At safepoint: 1800 ns, Total: 19101 ns
[1034.810s][info ][safepoint      ] Safepoint "Cleanup", Time since last: 1000105964 ns, Reaching safepoint: 6100 ns, Cleanup: 15900 ns, At safepoint: 2200 ns, Total: 24200 ns
[1036.810s][info ][safepoint      ] Safepoint "Cleanup", Time since last: 2000177457 ns, Reaching safepoint: 6200 ns, Cleanup: 13600 ns, At safepoint: 2200 ns, Total: 22000 ns
[1043.810s][info ][safepoint      ] Safepoint "Cleanup", Time since last: 7000529789 ns, Reaching safepoint: 5900 ns, Cleanup: 11900 ns, At safepoint: 2000 ns, Total: 19800 ns
[1044.810s][info ][safepoint      ] Safepoint "Cleanup", Time since last: 1000117666 ns, Reaching safepoint: 6100 ns, Cleanup: 12400 ns, At safepoint: 1900 ns, Total: 20400 ns
[1045.811s][info ][safepoint      ] Safepoint "Cleanup", Time since last: 1000112765 ns, Reaching safepoint: 5700 ns, Cleanup: 6300 ns, At safepoint: 2800 ns, Total: 14800 ns
[1046.811s][info ][safepoint      ] Safepoint "Cleanup", Time since last: 1000110866 ns, Reaching safepoint: 5800 ns, Cleanup: 7400 ns, At safepoint: 2200 ns, Total: 15400 ns
[1048.811s][info ][safepoint      ] Safepoint "Cleanup", Time since last: 2000172402 ns, Reaching safepoint: 5800 ns, Cleanup: 15500 ns, At safepoint: 1700 ns, Total: 23000 ns
[1049.811s][info ][safepoint      ] Safepoint "Cleanup", Time since last: 1000106981 ns, Reaching safepoint: 4800 ns, Cleanup: 7300 ns, At safepoint: 2000 ns, Total: 14100 ns
[1051.811s][info ][safepoint      ] Safepoint "Cleanup", Time since last: 2000171263 ns, Reaching safepoint: 5700 ns, Cleanup: 10000 ns, At safepoint: 2200 ns, Total: 17900 ns
[1053.811s][info ][safepoint      ] Safepoint "Cleanup", Time since last: 2000184339 ns, Reaching safepoint: 5600 ns, Cleanup: 7500 ns, At safepoint: 2100 ns, Total: 15200 ns
[1060.155s][info ][gc,start       ] GC(60) Pause Young (Allocation Failure)
[1060.163s][debug][gc,phases      ] GC(60) Scavenge 8.390ms
[1060.163s][debug][gc,ref         ] GC(60) ReferenceProcessor::execute queues: 1, RefProcThreadModel::Single, marks_oops_alive: false
[1060.163s][debug][gc,ref         ] GC(60) Skipped KeepAliveFinalRefsPhase of Reference Processing: no references
[1060.163s][debug][gc,ref         ] GC(60) ReferenceProcessor::execute queues: 1, RefProcThreadModel::Single, marks_oops_alive: false
[1060.163s][debug][gc,phases      ] GC(60) Reference Processing 0.108ms
[1060.164s][debug][gc,phases      ] GC(60)   VM Weak                        Min:  0.0, Avg:  0.0, Max:  0.0, Diff:  0.0, Sum:  0.0, Workers: 4
[1060.164s][debug][gc,phases      ] GC(60)     Dead                           Min: 0, Avg:  0.0, Max: 0, Diff: 0, Sum: 0, Workers: 4
[1060.164s][debug][gc,phases      ] GC(60)     Total                          Min: 0, Avg: 257.8, Max: 960, Diff: 960, Sum: 1031, Workers: 4
[1060.164s][debug][gc,phases      ] GC(60)   ObjectSynchronizer Weak        Min:  0.0, Avg:  0.0, Max:  0.0, Diff:  0.0, Sum:  0.0, Workers: 4
[1060.164s][debug][gc,phases      ] GC(60)     Dead                           Min: 0, Avg:  0.0, Max: 0, Diff: 0, Sum: 0, Workers: 4
[1060.164s][debug][gc,phases      ] GC(60)     Total                          Min: 0, Avg:  1.5, Max: 6, Diff: 6, Sum: 6, Workers: 4
[1060.164s][debug][gc,phases      ] GC(60)   JVMTI Tag Weak OopStorage      Min:  0.0, Avg:  0.0, Max:  0.0, Diff:  0.0, Sum:  0.0, Workers: 4
[1060.164s][debug][gc,phases      ] GC(60)     Dead                           Min: 0, Avg:  0.0, Max: 0, Diff: 0, Sum: 0, Workers: 4
[1060.164s][debug][gc,phases      ] GC(60)     Total                          Min: 0, Avg:  0.0, Max: 0, Diff: 0, Sum: 0, Workers: 4
[1060.164s][debug][gc,phases      ] GC(60)   StringTable Weak               Min:  0.0, Avg:  0.1, Max:  0.1, Diff:  0.1, Sum:  0.4, Workers: 4
[1060.164s][debug][gc,phases      ] GC(60)     Dead                           Min: 0, Avg:  0.2, Max: 1, Diff: 1, Sum: 1, Workers: 4
[1060.164s][debug][gc,phases      ] GC(60)     Total                          Min: 0, Avg: 11556.0, Max: 19008, Diff: 19008, Sum: 46224, Workers: 4
[1060.164s][debug][gc,phases      ] GC(60)   ResolvedMethodTable Weak       Min:  0.0, Avg:  0.0, Max:  0.0, Diff:  0.0, Sum:  0.1, Workers: 4
[1060.164s][debug][gc,phases      ] GC(60)     Dead                           Min: 0, Avg:  5.8, Max: 19, Diff: 19, Sum: 23, Workers: 4
[1060.164s][debug][gc,phases      ] GC(60)     Total                          Min: 0, Avg: 3834.0, Max: 6396, Diff: 6396, Sum: 15336, Workers: 4
[1060.164s][debug][gc,phases      ] GC(60)   JNI Weak                       Min:  0.0, Avg:  0.0, Max:  0.0, Diff:  0.0, Sum:  0.0, Workers: 4
[1060.164s][debug][gc,phases      ] GC(60)     Dead                           Min: 0, Avg:  0.0, Max: 0, Diff: 0, Sum: 0, Workers: 4
[1060.164s][debug][gc,phases      ] GC(60)     Total                          Min: 0, Avg: 13.0, Max: 52, Diff: 52, Sum: 52, Workers: 4
[1060.164s][debug][gc,phases      ] GC(60)   StringDedup Table Weak         Min:  0.0, Avg:  0.0, Max:  0.0, Diff:  0.0, Sum:  0.0, Workers: 4
[1060.164s][debug][gc,phases      ] GC(60)     Dead                           Min: 0, Avg:  0.0, Max: 0, Diff: 0, Sum: 0, Workers: 4
[1060.164s][debug][gc,phases      ] GC(60)     Total                          Min: 0, Avg:  0.0, Max: 0, Diff: 0, Sum: 0, Workers: 4
[1060.164s][debug][gc,phases      ] GC(60)   StringDedup Requests0 Weak     Min:  0.0, Avg:  0.0, Max:  0.0, Diff:  0.0, Sum:  0.0, Workers: 4
[1060.164s][debug][gc,phases      ] GC(60)     Dead                           Min: 0, Avg:  0.0, Max: 0, Diff: 0, Sum: 0, Workers: 4
[1060.164s][debug][gc,phases      ] GC(60)     Total                          Min: 0, Avg:  0.0, Max: 0, Diff: 0, Sum: 0, Workers: 4
[1060.164s][debug][gc,phases      ] GC(60)   StringDedup Requests1 Weak     Min:  0.0, Avg:  0.0, Max:  0.0, Diff:  0.0, Sum:  0.0, Workers: 4
[1060.164s][debug][gc,phases      ] GC(60)     Dead                           Min: 0, Avg:  0.0, Max: 0, Diff: 0, Sum: 0, Workers: 4
[1060.164s][debug][gc,phases      ] GC(60)     Total                          Min: 0, Avg:  0.0, Max: 0, Diff: 0, Sum: 0, Workers: 4
[1060.164s][debug][gc,phases      ] GC(60)   Weak JFR Old Object Samples    Min:  0.0, Avg:  0.0, Max:  0.0, Diff:  0.0, Sum:  0.0, Workers: 4
[1060.164s][debug][gc,phases      ] GC(60)     Dead                           Min: 0, Avg:  0.0, Max: 0, Diff: 0, Sum: 0, Workers: 4
[1060.164s][debug][gc,phases      ] GC(60)     Total                          Min: 0, Avg:  0.0, Max: 0, Diff: 0, Sum: 0, Workers: 4
[1060.164s][debug][gc,phases      ] GC(60) Weak Processing 0.376ms
[1060.164s][debug][gc,age         ] GC(60) Desired survivor size 22020096 bytes, new threshold 1 (max threshold 15)
[1060.164s][info ][gc,heap        ] GC(60) PSYoungGen: 2061312K(2076160K)->17584K(2072576K) Eden: 2056192K(2056192K)->0K(2054144K) From: 5120K(19968K)->17584K(18432K)
[1060.164s][info ][gc,heap        ] GC(60) ParOldGen: 309259K(309760K)->309883K(310272K)
[1060.164s][info ][gc,metaspace   ] GC(60) Metaspace: 106119K(107456K)->106119K(107456K) NonClass: 90082K(90816K)->90082K(90816K) Class: 16036K(16640K)->16036K(16640K)
[1060.164s][info ][gc             ] GC(60) Pause Young (Allocation Failure) 2315M->319M(2327M) 9.009ms
[1060.164s][info ][gc,cpu         ] GC(60) User=0.03s Sys=0.00s Real=0.01s
[1060.164s][info ][safepoint      ] Safepoint "ParallelGCFailedAllocation", Time since last: 6343375081 ns, Reaching safepoint: 5500 ns, Cleanup: 3400 ns, At safepoint: 9078531 ns, Total: 9087431 ns
[1083.344s][info ][safepoint      ] Safepoint "Cleanup", Time since last: 23180114320 ns, Reaching safepoint: 5600 ns, Cleanup: 27000 ns, At safepoint: 2200 ns, Total: 34800 ns
[1084.344s][info ][safepoint      ] Safepoint "Cleanup", Time since last: 1000096318 ns, Reaching safepoint: 5800 ns, Cleanup: 12100 ns, At safepoint: 1800 ns, Total: 19700 ns
[1085.344s][info ][safepoint      ] Safepoint "Cleanup", Time since last: 1000100419 ns, Reaching safepoint: 5300 ns, Cleanup: 10700 ns, At safepoint: 2100 ns, Total: 18100 ns
[1088.345s][info ][safepoint      ] Safepoint "Cleanup", Time since last: 3000259207 ns, Reaching safepoint: 5600 ns, Cleanup: 11401 ns, At safepoint: 2000 ns, Total: 19001 ns
[1089.345s][info ][safepoint      ] Safepoint "Cleanup", Time since last: 1000116665 ns, Reaching safepoint: 5000 ns, Cleanup: 32900 ns, At safepoint: 2700 ns, Total: 40600 ns
[1090.345s][info ][safepoint      ] Safepoint "Cleanup", Time since last: 1000105666 ns, Reaching safepoint: 5000 ns, Cleanup: 24700 ns, At safepoint: 2000 ns, Total: 31700 ns
[1092.345s][info ][safepoint      ] Safepoint "Cleanup", Time since last: 2000169531 ns, Reaching safepoint: 5000 ns, Cleanup: 14101 ns, At safepoint: 2100 ns, Total: 21201 ns
[1093.345s][info ][safepoint      ] Safepoint "Cleanup", Time since last: 1000106065 ns, Reaching safepoint: 5700 ns, Cleanup: 13300 ns, At safepoint: 2300 ns, Total: 21300 ns
[1095.345s][info ][safepoint      ] Safepoint "Cleanup", Time since last: 2000197416 ns, Reaching safepoint: 5100 ns, Cleanup: 13800 ns, At safepoint: 2200 ns, Total: 21100 ns
[1096.346s][info ][safepoint      ] Safepoint "Cleanup", Time since last: 1000108087 ns, Reaching safepoint: 5300 ns, Cleanup: 11301 ns, At safepoint: 2100 ns, Total: 18701 ns
[1097.346s][info ][safepoint      ] Safepoint "Cleanup", Time since last: 1000102387 ns, Reaching safepoint: 4700 ns, Cleanup: 8100 ns, At safepoint: 2100 ns, Total: 14900 ns
[1098.346s][info ][safepoint      ] Safepoint "Cleanup", Time since last: 1000064988 ns, Reaching safepoint: 4700 ns, Cleanup: 9900 ns, At safepoint: 2000 ns, Total: 16600 ns
[1098.652s][info ][gc,start       ] GC(61) Pause Young (Allocation Failure)
[1098.662s][debug][gc,phases      ] GC(61) Scavenge 10.315ms
[1098.662s][debug][gc,ref         ] GC(61) ReferenceProcessor::execute queues: 1, RefProcThreadModel::Single, marks_oops_alive: false
[1098.662s][debug][gc,ref         ] GC(61) Skipped KeepAliveFinalRefsPhase of Reference Processing: no references
[1098.662s][debug][gc,ref         ] GC(61) Skipped PhantomRefsPhase of Reference Processing: no references
[1098.662s][debug][gc,phases      ] GC(61) Reference Processing 0.100ms
[1098.662s][debug][gc,phases      ] GC(61)   VM Weak                        Min:  0.0, Avg:  0.0, Max:  0.0, Diff:  0.0, Sum:  0.0, Workers: 4
[1098.662s][debug][gc,phases      ] GC(61)     Dead                           Min: 0, Avg:  0.0, Max: 0, Diff: 0, Sum: 0, Workers: 4
[1098.662s][debug][gc,phases      ] GC(61)     Total                          Min: 0, Avg: 257.8, Max: 583, Diff: 583, Sum: 1031, Workers: 4
[1098.662s][debug][gc,phases      ] GC(61)   ObjectSynchronizer Weak        Min:  0.0, Avg:  0.0, Max:  0.0, Diff:  0.0, Sum:  0.0, Workers: 4
[1098.662s][debug][gc,phases      ] GC(61)     Dead                           Min: 0, Avg:  0.0, Max: 0, Diff: 0, Sum: 0, Workers: 4
[1098.662s][debug][gc,phases      ] GC(61)     Total                          Min: 0, Avg:  1.0, Max: 4, Diff: 4, Sum: 4, Workers: 4
[1098.662s][debug][gc,phases      ] GC(61)   JVMTI Tag Weak OopStorage      Min:  0.0, Avg:  0.0, Max:  0.0, Diff:  0.0, Sum:  0.0, Workers: 4
[1098.662s][debug][gc,phases      ] GC(61)     Dead                           Min: 0, Avg:  0.0, Max: 0, Diff: 0, Sum: 0, Workers: 4
[1098.662s][debug][gc,phases      ] GC(61)     Total                          Min: 0, Avg:  0.0, Max: 0, Diff: 0, Sum: 0, Workers: 4
[1098.662s][debug][gc,phases      ] GC(61)   StringTable Weak               Min:  0.0, Avg:  0.1, Max:  0.1, Diff:  0.1, Sum:  0.4, Workers: 4
[1098.662s][debug][gc,phases      ] GC(61)     Dead                           Min: 0, Avg:  0.0, Max: 0, Diff: 0, Sum: 0, Workers: 4
[1098.662s][debug][gc,phases      ] GC(61)     Total                          Min: 0, Avg: 11557.8, Max: 19032, Diff: 19032, Sum: 46231, Workers: 4
[1098.662s][debug][gc,phases      ] GC(61)   ResolvedMethodTable Weak       Min:  0.0, Avg:  0.0, Max:  0.0, Diff:  0.0, Sum:  0.1, Workers: 4
[1098.662s][debug][gc,phases      ] GC(61)     Dead                           Min: 0, Avg:  4.0, Max: 16, Diff: 16, Sum: 16, Workers: 4
[1098.662s][debug][gc,phases      ] GC(61)     Total                          Min: 0, Avg: 3834.0, Max: 6185, Diff: 6185, Sum: 15336, Workers: 4
[1098.662s][debug][gc,phases      ] GC(61)   JNI Weak                       Min:  0.0, Avg:  0.0, Max:  0.0, Diff:  0.0, Sum:  0.0, Workers: 4
[1098.662s][debug][gc,phases      ] GC(61)     Dead                           Min: 0, Avg:  0.0, Max: 0, Diff: 0, Sum: 0, Workers: 4
[1098.662s][debug][gc,phases      ] GC(61)     Total                          Min: 0, Avg: 13.0, Max: 52, Diff: 52, Sum: 52, Workers: 4
[1098.662s][debug][gc,phases      ] GC(61)   StringDedup Table Weak         Min:  0.0, Avg:  0.0, Max:  0.0, Diff:  0.0, Sum:  0.0, Workers: 4
[1098.662s][debug][gc,phases      ] GC(61)     Dead                           Min: 0, Avg:  0.0, Max: 0, Diff: 0, Sum: 0, Workers: 4
[1098.662s][debug][gc,phases      ] GC(61)     Total                          Min: 0, Avg:  0.0, Max: 0, Diff: 0, Sum: 0, Workers: 4
[1098.662s][debug][gc,phases      ] GC(61)   StringDedup Requests0 Weak     Min:  0.0, Avg:  0.0, Max:  0.0, Diff:  0.0, Sum:  0.0, Workers: 4
[1098.662s][debug][gc,phases      ] GC(61)     Dead                           Min: 0, Avg:  0.0, Max: 0, Diff: 0, Sum: 0, Workers: 4
[1098.662s][debug][gc,phases      ] GC(61)     Total                          Min: 0, Avg:  0.0, Max: 0, Diff: 0, Sum: 0, Workers: 4
[1098.662s][debug][gc,phases      ] GC(61)   StringDedup Requests1 Weak     Min:  0.0, Avg:  0.0, Max:  0.0, Diff:  0.0, Sum:  0.0, Workers: 4
[1098.662s][debug][gc,phases      ] GC(61)     Dead                           Min: 0, Avg:  0.0, Max: 0, Diff: 0, Sum: 0, Workers: 4
[1098.662s][debug][gc,phases      ] GC(61)     Total                          Min: 0, Avg:  0.0, Max: 0, Diff: 0, Sum: 0, Workers: 4
[1098.662s][debug][gc,phases      ] GC(61)   Weak JFR Old Object Samples    Min:  0.0, Avg:  0.0, Max:  0.0, Diff:  0.0, Sum:  0.0, Workers: 4
[1098.662s][debug][gc,phases      ] GC(61)     Dead                           Min: 0, Avg:  0.0, Max: 0, Diff: 0, Sum: 0, Workers: 4
[1098.663s][debug][gc,phases      ] GC(61)     Total                          Min: 0, Avg:  0.0, Max: 0, Diff: 0, Sum: 0, Workers: 4
[1098.663s][debug][gc,phases      ] GC(61) Weak Processing 0.377ms
[1098.663s][debug][gc,age         ] GC(61) Desired survivor size 20971520 bytes, new threshold 1 (max threshold 15)
[1098.663s][info ][gc,heap        ] GC(61) PSYoungGen: 2071728K(2072576K)->7424K(2075648K) Eden: 2054144K(2054144K)->0K(2054144K) From: 17584K(18432K)->7424K(21504K)
[1098.663s][info ][gc,heap        ] GC(61) ParOldGen: 309883K(310272K)->321795K(322048K)
[1098.663s][info ][gc,metaspace   ] GC(61) Metaspace: 106136K(107520K)->106136K(107520K) NonClass: 90100K(90880K)->90100K(90880K) Class: 16036K(16640K)->16036K(16640K)
[1098.663s][info ][gc             ] GC(61) Pause Young (Allocation Failure) 2325M->321M(2341M) 10.911ms
[1098.663s][info ][gc,cpu         ] GC(61) User=0.03s Sys=0.01s Real=0.01s
[1098.663s][info ][safepoint      ] Safepoint "ParallelGCFailedAllocation", Time since last: 305821167 ns, Reaching safepoint: 79300 ns, Cleanup: 10000 ns, At safepoint: 10978438 ns, Total: 11067738 ns
[1099.663s][info ][safepoint      ] Safepoint "Cleanup", Time since last: 1000108788 ns, Reaching safepoint: 77100 ns, Cleanup: 29000 ns, At safepoint: 4700 ns, Total: 110800 ns
[1101.663s][info ][safepoint      ] Safepoint "Cleanup", Time since last: 2000177776 ns, Reaching safepoint: 78800 ns, Cleanup: 9400 ns, At safepoint: 6600 ns, Total: 94800 ns
[1102.663s][info ][safepoint      ] Safepoint "Cleanup", Time since last: 1000117888 ns, Reaching safepoint: 5200 ns, Cleanup: 21200 ns, At safepoint: 2200 ns, Total: 28600 ns
[1104.663s][info ][safepoint      ] Safepoint "Cleanup", Time since last: 2000173034 ns, Reaching safepoint: 74600 ns, Cleanup: 6100 ns, At safepoint: 5200 ns, Total: 85900 ns
[1119.665s][info ][safepoint      ] Safepoint "Cleanup", Time since last: 15001120718 ns, Reaching safepoint: 4900 ns, Cleanup: 11600 ns, At safepoint: 1900 ns, Total: 18400 ns
[1120.602s][info ][gc,start       ] GC(62) Pause Young (Allocation Failure)
[1120.608s][debug][gc,phases      ] GC(62) Scavenge 5.813ms
[1120.608s][debug][gc,ref         ] GC(62) ReferenceProcessor::execute queues: 1, RefProcThreadModel::Single, marks_oops_alive: false
[1120.608s][debug][gc,ref         ] GC(62) Skipped KeepAliveFinalRefsPhase of Reference Processing: no references
[1120.608s][debug][gc,ref         ] GC(62) Skipped PhantomRefsPhase of Reference Processing: no references
[1120.608s][debug][gc,phases      ] GC(62) Reference Processing 0.089ms
[1120.608s][debug][gc,phases      ] GC(62)   VM Weak                        Min:  0.0, Avg:  0.0, Max:  0.0, Diff:  0.0, Sum:  0.0, Workers: 4
[1120.608s][debug][gc,phases      ] GC(62)     Dead                           Min: 0, Avg:  0.0, Max: 0, Diff: 0, Sum: 0, Workers: 4
[1120.608s][debug][gc,phases      ] GC(62)     Total                          Min: 0, Avg: 257.8, Max: 775, Diff: 775, Sum: 1031, Workers: 4
[1120.608s][debug][gc,phases      ] GC(62)   ObjectSynchronizer Weak        Min:  0.0, Avg:  0.0, Max:  0.0, Diff:  0.0, Sum:  0.0, Workers: 4
[1120.608s][debug][gc,phases      ] GC(62)     Dead                           Min: 0, Avg:  0.0, Max: 0, Diff: 0, Sum: 0, Workers: 4
[1120.608s][debug][gc,phases      ] GC(62)     Total                          Min: 0, Avg:  1.0, Max: 4, Diff: 4, Sum: 4, Workers: 4
[1120.608s][debug][gc,phases      ] GC(62)   JVMTI Tag Weak OopStorage      Min:  0.0, Avg:  0.0, Max:  0.0, Diff:  0.0, Sum:  0.0, Workers: 4
[1120.608s][debug][gc,phases      ] GC(62)     Dead                           Min: 0, Avg:  0.0, Max: 0, Diff: 0, Sum: 0, Workers: 4
[1120.608s][debug][gc,phases      ] GC(62)     Total                          Min: 0, Avg:  0.0, Max: 0, Diff: 0, Sum: 0, Workers: 4
[1120.608s][debug][gc,phases      ] GC(62)   StringTable Weak               Min:  0.0, Avg:  0.1, Max:  0.1, Diff:  0.1, Sum:  0.4, Workers: 4
[1120.608s][debug][gc,phases      ] GC(62)     Dead                           Min: 0, Avg:  0.0, Max: 0, Diff: 0, Sum: 0, Workers: 4
[1120.608s][debug][gc,phases      ] GC(62)     Total                          Min: 0, Avg: 11557.8, Max: 20031, Diff: 20031, Sum: 46231, Workers: 4
[1120.608s][debug][gc,phases      ] GC(62)   ResolvedMethodTable Weak       Min:  0.0, Avg:  0.0, Max:  0.0, Diff:  0.0, Sum:  0.1, Workers: 4
[1120.608s][debug][gc,phases      ] GC(62)     Dead                           Min: 0, Avg:  4.0, Max: 16, Diff: 16, Sum: 16, Workers: 4
[1120.608s][debug][gc,phases      ] GC(62)     Total                          Min: 0, Avg: 3834.0, Max: 6436, Diff: 6436, Sum: 15336, Workers: 4
[1120.608s][debug][gc,phases      ] GC(62)   JNI Weak                       Min:  0.0, Avg:  0.0, Max:  0.0, Diff:  0.0, Sum:  0.0, Workers: 4
[1120.608s][debug][gc,phases      ] GC(62)     Dead                           Min: 0, Avg:  0.0, Max: 0, Diff: 0, Sum: 0, Workers: 4
[1120.608s][debug][gc,phases      ] GC(62)     Total                          Min: 0, Avg: 13.0, Max: 52, Diff: 52, Sum: 52, Workers: 4
[1120.608s][debug][gc,phases      ] GC(62)   StringDedup Table Weak         Min:  0.0, Avg:  0.0, Max:  0.0, Diff:  0.0, Sum:  0.0, Workers: 4
[1120.608s][debug][gc,phases      ] GC(62)     Dead                           Min: 0, Avg:  0.0, Max: 0, Diff: 0, Sum: 0, Workers: 4
[1120.608s][debug][gc,phases      ] GC(62)     Total                          Min: 0, Avg:  0.0, Max: 0, Diff: 0, Sum: 0, Workers: 4
[1120.608s][debug][gc,phases      ] GC(62)   StringDedup Requests0 Weak     Min:  0.0, Avg:  0.0, Max:  0.0, Diff:  0.0, Sum:  0.0, Workers: 4
[1120.608s][debug][gc,phases      ] GC(62)     Dead                           Min: 0, Avg:  0.0, Max: 0, Diff: 0, Sum: 0, Workers: 4
[1120.608s][debug][gc,phases      ] GC(62)     Total                          Min: 0, Avg:  0.0, Max: 0, Diff: 0, Sum: 0, Workers: 4
[1120.608s][debug][gc,phases      ] GC(62)   StringDedup Requests1 Weak     Min:  0.0, Avg:  0.0, Max:  0.0, Diff:  0.0, Sum:  0.0, Workers: 4
[1120.608s][debug][gc,phases      ] GC(62)     Dead                           Min: 0, Avg:  0.0, Max: 0, Diff: 0, Sum: 0, Workers: 4
[1120.608s][debug][gc,phases      ] GC(62)     Total                          Min: 0, Avg:  0.0, Max: 0, Diff: 0, Sum: 0, Workers: 4
[1120.608s][debug][gc,phases      ] GC(62)   Weak JFR Old Object Samples    Min:  0.0, Avg:  0.0, Max:  0.0, Diff:  0.0, Sum:  0.0, Workers: 4
[1120.608s][debug][gc,phases      ] GC(62)     Dead                           Min: 0, Avg:  0.0, Max: 0, Diff: 0, Sum: 0, Workers: 4
[1120.608s][debug][gc,phases      ] GC(62)     Total                          Min: 0, Avg:  0.0, Max: 0, Diff: 0, Sum: 0, Workers: 4
[1120.608s][debug][gc,phases      ] GC(62) Weak Processing 0.385ms
[1120.608s][debug][gc,age         ] GC(62) Desired survivor size 19922944 bytes, new threshold 1 (max threshold 15)
[1120.608s][info ][gc,heap        ] GC(62) PSYoungGen: 2061568K(2075648K)->5408K(2077696K) Eden: 2054144K(2054144K)->0K(2057216K) From: 7424K(21504K)->5408K(20480K)
[1120.608s][info ][gc,heap        ] GC(62) ParOldGen: 321795K(322048K)->325471K(325632K)
[1120.608s][info ][gc,metaspace   ] GC(62) Metaspace: 106142K(107520K)->106142K(107520K) NonClass: 90106K(90880K)->90106K(90880K) Class: 16036K(16640K)->16036K(16640K)
[1120.608s][info ][gc             ] GC(62) Pause Young (Allocation Failure) 2327M->323M(2347M) 6.399ms
[1120.608s][info ][gc,cpu         ] GC(62) User=0.02s Sys=0.00s Real=0.01s
[1120.608s][info ][safepoint      ] Safepoint "ParallelGCFailedAllocation", Time since last: 937147094 ns, Reaching safepoint: 75401 ns, Cleanup: 9800 ns, At safepoint: 6463223 ns, Total: 6548424 ns
[1129.609s][info ][safepoint      ] Safepoint "Cleanup", Time since last: 9000701987 ns, Reaching safepoint: 79500 ns, Cleanup: 11700 ns, At safepoint: 6600 ns, Total: 97800 ns
[1133.610s][info ][safepoint      ] Safepoint "Cleanup", Time since last: 4000324918 ns, Reaching safepoint: 79400 ns, Cleanup: 7900 ns, At safepoint: 6000 ns, Total: 93300 ns
[1134.610s][info ][safepoint      ] Safepoint "Cleanup", Time since last: 1000125504 ns, Reaching safepoint: 78501 ns, Cleanup: 12500 ns, At safepoint: 4800 ns, Total: 95801 ns
[1139.610s][info ][safepoint      ] Safepoint "Cleanup", Time since last: 5000396767 ns, Reaching safepoint: 79600 ns, Cleanup: 11800 ns, At safepoint: 22100 ns, Total: 113500 ns
[1141.361s][info ][safepoint      ] Safepoint "Cleanup", Time since last: 1751073315 ns, Reaching safepoint: 80900 ns, Cleanup: 32500 ns, At safepoint: 7000 ns, Total: 120400 ns
[1144.513s][info ][gc,start       ] GC(63) Pause Young (Allocation Failure)
[1144.518s][debug][gc,phases      ] GC(63) Scavenge 4.550ms
[1144.518s][debug][gc,ref         ] GC(63) ReferenceProcessor::execute queues: 1, RefProcThreadModel::Single, marks_oops_alive: false
[1144.518s][debug][gc,ref         ] GC(63) Skipped KeepAliveFinalRefsPhase of Reference Processing: no references
[1144.518s][debug][gc,ref         ] GC(63) ReferenceProcessor::execute queues: 1, RefProcThreadModel::Single, marks_oops_alive: false
[1144.518s][debug][gc,phases      ] GC(63) Reference Processing 0.094ms
[1144.518s][debug][gc,phases      ] GC(63)   VM Weak                        Min:  0.0, Avg:  0.0, Max:  0.0, Diff:  0.0, Sum:  0.0, Workers: 4
[1144.518s][debug][gc,phases      ] GC(63)     Dead                           Min: 0, Avg:  0.0, Max: 0, Diff: 0, Sum: 0, Workers: 4
[1144.518s][debug][gc,phases      ] GC(63)     Total                          Min: 0, Avg: 257.8, Max: 896, Diff: 896, Sum: 1031, Workers: 4
[1144.518s][debug][gc,phases      ] GC(63)   ObjectSynchronizer Weak        Min:  0.0, Avg:  0.0, Max:  0.0, Diff:  0.0, Sum:  0.0, Workers: 4
[1144.518s][debug][gc,phases      ] GC(63)     Dead                           Min: 0, Avg:  0.0, Max: 0, Diff: 0, Sum: 0, Workers: 4
[1144.518s][debug][gc,phases      ] GC(63)     Total                          Min: 0, Avg:  0.8, Max: 3, Diff: 3, Sum: 3, Workers: 4
[1144.518s][debug][gc,phases      ] GC(63)   JVMTI Tag Weak OopStorage      Min:  0.0, Avg:  0.0, Max:  0.0, Diff:  0.0, Sum:  0.0, Workers: 4
[1144.518s][debug][gc,phases      ] GC(63)     Dead                           Min: 0, Avg:  0.0, Max: 0, Diff: 0, Sum: 0, Workers: 4
[1144.518s][debug][gc,phases      ] GC(63)     Total                          Min: 0, Avg:  0.0, Max: 0, Diff: 0, Sum: 0, Workers: 4
[1144.518s][debug][gc,phases      ] GC(63)   StringTable Weak               Min:  0.0, Avg:  0.1, Max:  0.1, Diff:  0.1, Sum:  0.4, Workers: 4
[1144.518s][debug][gc,phases      ] GC(63)     Dead                           Min: 0, Avg:  0.0, Max: 0, Diff: 0, Sum: 0, Workers: 4
[1144.518s][debug][gc,phases      ] GC(63)     Total                          Min: 0, Avg: 11558.0, Max: 17280, Diff: 17280, Sum: 46232, Workers: 4
[1144.518s][debug][gc,phases      ] GC(63)   ResolvedMethodTable Weak       Min:  0.0, Avg:  0.0, Max:  0.0, Diff:  0.0, Sum:  0.1, Workers: 4
[1144.518s][debug][gc,phases      ] GC(63)     Dead                           Min: 0, Avg:  4.0, Max: 12, Diff: 12, Sum: 16, Workers: 4
[1144.518s][debug][gc,phases      ] GC(63)     Total                          Min: 0, Avg: 3834.2, Max: 6387, Diff: 6387, Sum: 15337, Workers: 4
[1144.518s][debug][gc,phases      ] GC(63)   JNI Weak                       Min:  0.0, Avg:  0.0, Max:  0.0, Diff:  0.0, Sum:  0.0, Workers: 4
[1144.518s][debug][gc,phases      ] GC(63)     Dead                           Min: 0, Avg:  0.0, Max: 0, Diff: 0, Sum: 0, Workers: 4
[1144.518s][debug][gc,phases      ] GC(63)     Total                          Min: 0, Avg: 13.0, Max: 52, Diff: 52, Sum: 52, Workers: 4
[1144.518s][debug][gc,phases      ] GC(63)   StringDedup Table Weak         Min:  0.0, Avg:  0.0, Max:  0.0, Diff:  0.0, Sum:  0.0, Workers: 4
[1144.518s][debug][gc,phases      ] GC(63)     Dead                           Min: 0, Avg:  0.0, Max: 0, Diff: 0, Sum: 0, Workers: 4
[1144.518s][debug][gc,phases      ] GC(63)     Total                          Min: 0, Avg:  0.0, Max: 0, Diff: 0, Sum: 0, Workers: 4
[1144.518s][debug][gc,phases      ] GC(63)   StringDedup Requests0 Weak     Min:  0.0, Avg:  0.0, Max:  0.0, Diff:  0.0, Sum:  0.0, Workers: 4
[1144.518s][debug][gc,phases      ] GC(63)     Dead                           Min: 0, Avg:  0.0, Max: 0, Diff: 0, Sum: 0, Workers: 4
[1144.518s][debug][gc,phases      ] GC(63)     Total                          Min: 0, Avg:  0.0, Max: 0, Diff: 0, Sum: 0, Workers: 4
[1144.518s][debug][gc,phases      ] GC(63)   StringDedup Requests1 Weak     Min:  0.0, Avg:  0.0, Max:  0.0, Diff:  0.0, Sum:  0.0, Workers: 4
[1144.518s][debug][gc,phases      ] GC(63)     Dead                           Min: 0, Avg:  0.0, Max: 0, Diff: 0, Sum: 0, Workers: 4
[1144.518s][debug][gc,phases      ] GC(63)     Total                          Min: 0, Avg:  0.0, Max: 0, Diff: 0, Sum: 0, Workers: 4
[1144.518s][debug][gc,phases      ] GC(63)   Weak JFR Old Object Samples    Min:  0.0, Avg:  0.0, Max:  0.0, Diff:  0.0, Sum:  0.0, Workers: 4
[1144.518s][debug][gc,phases      ] GC(63)     Dead                           Min: 0, Avg:  0.0, Max: 0, Diff: 0, Sum: 0, Workers: 4
[1144.518s][debug][gc,phases      ] GC(63)     Total                          Min: 0, Avg:  0.0, Max: 0, Diff: 0, Sum: 0, Workers: 4
[1144.518s][debug][gc,phases      ] GC(63) Weak Processing 0.395ms
[1144.518s][debug][gc,age         ] GC(63) Desired survivor size 18874368 bytes, new threshold 1 (max threshold 15)
[1144.518s][info ][gc,heap        ] GC(63) PSYoungGen: 2062624K(2077696K)->4578K(2076672K) Eden: 2057216K(2057216K)->0K(2057216K) From: 5408K(20480K)->4578K(19456K)
[1144.518s][info ][gc,heap        ] GC(63) ParOldGen: 325471K(325632K)->327667K(327680K)
[1144.518s][info ][gc,metaspace   ] GC(63) Metaspace: 106153K(107520K)->106153K(107520K) NonClass: 90116K(90880K)->90116K(90880K) Class: 16036K(16640K)->16036K(16640K)
[1144.518s][info ][gc             ] GC(63) Pause Young (Allocation Failure) 2332M->324M(2348M) 5.145ms
[1144.518s][info ][gc,cpu         ] GC(63) User=0.01s Sys=0.00s Real=0.01s
[1144.518s][info ][safepoint      ] Safepoint "ParallelGCFailedAllocation", Time since last: 3151583155 ns, Reaching safepoint: 5200 ns, Cleanup: 3700 ns, At safepoint: 5227419 ns, Total: 5236319 ns
[1152.519s][info ][safepoint      ] Safepoint "Cleanup", Time since last: 8000619781 ns, Reaching safepoint: 5400 ns, Cleanup: 30100 ns, At safepoint: 2100 ns, Total: 37600 ns
[1153.519s][info ][safepoint      ] Safepoint "Cleanup", Time since last: 1000106394 ns, Reaching safepoint: 4401 ns, Cleanup: 25900 ns, At safepoint: 1900 ns, Total: 32201 ns
[1154.519s][info ][safepoint      ] Safepoint "Cleanup", Time since last: 1000107394 ns, Reaching safepoint: 5100 ns, Cleanup: 13000 ns, At safepoint: 2100 ns, Total: 20200 ns
[1159.520s][info ][safepoint      ] Safepoint "Cleanup", Time since last: 5000387737 ns, Reaching safepoint: 5600 ns, Cleanup: 9800 ns, At safepoint: 24900 ns, Total: 40300 ns
[1169.010s][info ][gc,start       ] GC(64) Pause Young (Allocation Failure)
[1169.019s][debug][gc,phases      ] GC(64) Scavenge 9.417ms
[1169.019s][debug][gc,ref         ] GC(64) ReferenceProcessor::execute queues: 1, RefProcThreadModel::Single, marks_oops_alive: false
[1169.019s][debug][gc,ref         ] GC(64) Skipped KeepAliveFinalRefsPhase of Reference Processing: no references
[1169.019s][debug][gc,ref         ] GC(64) Skipped PhantomRefsPhase of Reference Processing: no references
[1169.019s][debug][gc,phases      ] GC(64) Reference Processing 0.114ms
[1169.019s][debug][gc,phases      ] GC(64)   VM Weak                        Min:  0.0, Avg:  0.0, Max:  0.0, Diff:  0.0, Sum:  0.0, Workers: 4
[1169.019s][debug][gc,phases      ] GC(64)     Dead                           Min: 0, Avg:  0.0, Max: 0, Diff: 0, Sum: 0, Workers: 4
[1169.020s][debug][gc,phases      ] GC(64)     Total                          Min: 0, Avg: 257.8, Max: 967, Diff: 967, Sum: 1031, Workers: 4
[1169.020s][debug][gc,phases      ] GC(64)   ObjectSynchronizer Weak        Min:  0.0, Avg:  0.0, Max:  0.0, Diff:  0.0, Sum:  0.0, Workers: 4
[1169.020s][debug][gc,phases      ] GC(64)     Dead                           Min: 0, Avg:  0.0, Max: 0, Diff: 0, Sum: 0, Workers: 4
[1169.020s][debug][gc,phases      ] GC(64)     Total                          Min: 0, Avg:  0.8, Max: 3, Diff: 3, Sum: 3, Workers: 4
[1169.020s][debug][gc,phases      ] GC(64)   JVMTI Tag Weak OopStorage      Min:  0.0, Avg:  0.0, Max:  0.0, Diff:  0.0, Sum:  0.0, Workers: 4
[1169.020s][debug][gc,phases      ] GC(64)     Dead                           Min: 0, Avg:  0.0, Max: 0, Diff: 0, Sum: 0, Workers: 4
[1169.020s][debug][gc,phases      ] GC(64)     Total                          Min: 0, Avg:  0.0, Max: 0, Diff: 0, Sum: 0, Workers: 4
[1169.020s][debug][gc,phases      ] GC(64)   StringTable Weak               Min:  0.1, Avg:  0.1, Max:  0.1, Diff:  0.0, Sum:  0.4, Workers: 4
[1169.020s][debug][gc,phases      ] GC(64)     Dead                           Min: 0, Avg:  0.0, Max: 0, Diff: 0, Sum: 0, Workers: 4
[1169.020s][debug][gc,phases      ] GC(64)     Total                          Min: 11288, Avg: 11558.0, Max: 11776, Diff: 488, Sum: 46232, Workers: 4
[1169.020s][debug][gc,phases      ] GC(64)   ResolvedMethodTable Weak       Min:  0.0, Avg:  0.0, Max:  0.0, Diff:  0.0, Sum:  0.2, Workers: 4
[1169.020s][debug][gc,phases      ] GC(64)     Dead                           Min: 0, Avg:  4.0, Max: 9, Diff: 9, Sum: 16, Workers: 4
[1169.020s][debug][gc,phases      ] GC(64)     Total                          Min: 3750, Avg: 3834.2, Max: 3902, Diff: 152, Sum: 15337, Workers: 4
[1169.020s][debug][gc,phases      ] GC(64)   JNI Weak                       Min:  0.0, Avg:  0.0, Max:  0.0, Diff:  0.0, Sum:  0.0, Workers: 4
[1169.020s][debug][gc,phases      ] GC(64)     Dead                           Min: 0, Avg:  0.0, Max: 0, Diff: 0, Sum: 0, Workers: 4
[1169.020s][debug][gc,phases      ] GC(64)     Total                          Min: 0, Avg: 13.0, Max: 52, Diff: 52, Sum: 52, Workers: 4
[1169.020s][debug][gc,phases      ] GC(64)   StringDedup Table Weak         Min:  0.0, Avg:  0.0, Max:  0.0, Diff:  0.0, Sum:  0.0, Workers: 4
[1169.020s][debug][gc,phases      ] GC(64)     Dead                           Min: 0, Avg:  0.0, Max: 0, Diff: 0, Sum: 0, Workers: 4
[1169.020s][debug][gc,phases      ] GC(64)     Total                          Min: 0, Avg:  0.0, Max: 0, Diff: 0, Sum: 0, Workers: 4
[1169.020s][debug][gc,phases      ] GC(64)   StringDedup Requests0 Weak     Min:  0.0, Avg:  0.0, Max:  0.0, Diff:  0.0, Sum:  0.0, Workers: 4
[1169.020s][debug][gc,phases      ] GC(64)     Dead                           Min: 0, Avg:  0.0, Max: 0, Diff: 0, Sum: 0, Workers: 4
[1169.020s][debug][gc,phases      ] GC(64)     Total                          Min: 0, Avg:  0.0, Max: 0, Diff: 0, Sum: 0, Workers: 4
[1169.020s][debug][gc,phases      ] GC(64)   StringDedup Requests1 Weak     Min:  0.0, Avg:  0.0, Max:  0.0, Diff:  0.0, Sum:  0.0, Workers: 4
[1169.020s][debug][gc,phases      ] GC(64)     Dead                           Min: 0, Avg:  0.0, Max: 0, Diff: 0, Sum: 0, Workers: 4
[1169.020s][debug][gc,phases      ] GC(64)     Total                          Min: 0, Avg:  0.0, Max: 0, Diff: 0, Sum: 0, Workers: 4
[1169.020s][debug][gc,phases      ] GC(64)   Weak JFR Old Object Samples    Min:  0.0, Avg:  0.0, Max:  0.0, Diff:  0.0, Sum:  0.0, Workers: 4
[1169.020s][debug][gc,phases      ] GC(64)     Dead                           Min: 0, Avg:  0.0, Max: 0, Diff: 0, Sum: 0, Workers: 4
[1169.020s][debug][gc,phases      ] GC(64)     Total                          Min: 0, Avg:  0.0, Max: 0, Diff: 0, Sum: 0, Workers: 4
[1169.020s][debug][gc,phases      ] GC(64) Weak Processing 0.433ms
[1169.020s][debug][gc,age         ] GC(64) Desired survivor size 17825792 bytes, new threshold 1 (max threshold 15)
[1169.020s][info ][gc,heap        ] GC(64) PSYoungGen: 2061794K(2076672K)->4299K(2079744K) Eden: 2057216K(2057216K)->0K(2061312K) From: 4578K(19456K)->4299K(18432K)
[1169.020s][info ][gc,heap        ] GC(64) ParOldGen: 327667K(327680K)->328686K(328704K)
[1169.020s][info ][gc,metaspace   ] GC(64) Metaspace: 106155K(107520K)->106155K(107520K) NonClass: 90118K(90880K)->90118K(90880K) Class: 16036K(16640K)->16036K(16640K)
[1169.020s][info ][gc             ] GC(64) Pause Young (Allocation Failure) 2333M->325M(2352M) 10.089ms
[1169.020s][info ][gc,cpu         ] GC(64) User=0.01s Sys=0.01s Real=0.01s
[1169.020s][info ][safepoint      ] Safepoint "ParallelGCFailedAllocation", Time since last: 9489995581 ns, Reaching safepoint: 6200 ns, Cleanup: 3800 ns, At safepoint: 10164629 ns, Total: 10174629 ns
[1170.020s][info ][safepoint      ] Safepoint "Cleanup", Time since last: 1000090888 ns, Reaching safepoint: 4700 ns, Cleanup: 25000 ns, At safepoint: 1700 ns, Total: 31400 ns
[1171.020s][info ][safepoint      ] Safepoint "Cleanup", Time since last: 1000110989 ns, Reaching safepoint: 242600 ns, Cleanup: 29400 ns, At safepoint: 9400 ns, Total: 281400 ns
[1172.020s][info ][safepoint      ] Safepoint "Cleanup", Time since last: 1000109713 ns, Reaching safepoint: 4900 ns, Cleanup: 8400 ns, At safepoint: 2100 ns, Total: 15400 ns
[1174.021s][info ][safepoint      ] Safepoint "Cleanup", Time since last: 2000176713 ns, Reaching safepoint: 5300 ns, Cleanup: 12900 ns, At safepoint: 2200 ns, Total: 20400 ns
[1174.367s][info ][gc,start       ] GC(65) Pause Young (CodeCache GC Threshold)
[1174.371s][debug][gc,phases      ] GC(65) Scavenge 3.327ms
[1174.371s][debug][gc,ref         ] GC(65) ReferenceProcessor::execute queues: 1, RefProcThreadModel::Single, marks_oops_alive: false
[1174.371s][debug][gc,ref         ] GC(65) Skipped KeepAliveFinalRefsPhase of Reference Processing: no references
[1174.371s][debug][gc,ref         ] GC(65) Skipped PhantomRefsPhase of Reference Processing: no references
[1174.371s][debug][gc,phases      ] GC(65) Reference Processing 0.120ms
[1174.371s][debug][gc,phases      ] GC(65)   VM Weak                        Min:  0.0, Avg:  0.0, Max:  0.0, Diff:  0.0, Sum:  0.0, Workers: 4
[1174.371s][debug][gc,phases      ] GC(65)     Dead                           Min: 0, Avg:  0.0, Max: 0, Diff: 0, Sum: 0, Workers: 4
[1174.371s][debug][gc,phases      ] GC(65)     Total                          Min: 0, Avg: 257.8, Max: 967, Diff: 967, Sum: 1031, Workers: 4
[1174.371s][debug][gc,phases      ] GC(65)   ObjectSynchronizer Weak        Min:  0.0, Avg:  0.0, Max:  0.0, Diff:  0.0, Sum:  0.0, Workers: 4
[1174.371s][debug][gc,phases      ] GC(65)     Dead                           Min: 0, Avg:  0.0, Max: 0, Diff: 0, Sum: 0, Workers: 4
[1174.371s][debug][gc,phases      ] GC(65)     Total                          Min: 0, Avg:  0.8, Max: 3, Diff: 3, Sum: 3, Workers: 4
[1174.371s][debug][gc,phases      ] GC(65)   JVMTI Tag Weak OopStorage      Min:  0.0, Avg:  0.0, Max:  0.0, Diff:  0.0, Sum:  0.0, Workers: 4
[1174.371s][debug][gc,phases      ] GC(65)     Dead                           Min: 0, Avg:  0.0, Max: 0, Diff: 0, Sum: 0, Workers: 4
[1174.371s][debug][gc,phases      ] GC(65)     Total                          Min: 0, Avg:  0.0, Max: 0, Diff: 0, Sum: 0, Workers: 4
[1174.371s][debug][gc,phases      ] GC(65)   StringTable Weak               Min:  0.0, Avg:  0.1, Max:  0.1, Diff:  0.1, Sum:  0.4, Workers: 4
[1174.371s][debug][gc,phases      ] GC(65)     Dead                           Min: 0, Avg:  0.0, Max: 0, Diff: 0, Sum: 0, Workers: 4
[1174.371s][debug][gc,phases      ] GC(65)     Total                          Min: 0, Avg: 11558.0, Max: 19200, Diff: 19200, Sum: 46232, Workers: 4
[1174.371s][debug][gc,phases      ] GC(65)   ResolvedMethodTable Weak       Min:  0.0, Avg:  0.0, Max:  0.0, Diff:  0.0, Sum:  0.1, Workers: 4
[1174.371s][debug][gc,phases      ] GC(65)     Dead                           Min: 0, Avg:  0.0, Max: 0, Diff: 0, Sum: 0, Workers: 4
[1174.371s][debug][gc,phases      ] GC(65)     Total                          Min: 0, Avg: 3834.2, Max: 6465, Diff: 6465, Sum: 15337, Workers: 4
[1174.371s][debug][gc,phases      ] GC(65)   JNI Weak                       Min:  0.0, Avg:  0.0, Max:  0.0, Diff:  0.0, Sum:  0.0, Workers: 4
[1174.371s][debug][gc,phases      ] GC(65)     Dead                           Min: 0, Avg:  0.0, Max: 0, Diff: 0, Sum: 0, Workers: 4
[1174.371s][debug][gc,phases      ] GC(65)     Total                          Min: 0, Avg: 13.0, Max: 52, Diff: 52, Sum: 52, Workers: 4
[1174.371s][debug][gc,phases      ] GC(65)   StringDedup Table Weak         Min:  0.0, Avg:  0.0, Max:  0.0, Diff:  0.0, Sum:  0.0, Workers: 4
[1174.371s][debug][gc,phases      ] GC(65)     Dead                           Min: 0, Avg:  0.0, Max: 0, Diff: 0, Sum: 0, Workers: 4
[1174.371s][debug][gc,phases      ] GC(65)     Total                          Min: 0, Avg:  0.0, Max: 0, Diff: 0, Sum: 0, Workers: 4
[1174.371s][debug][gc,phases      ] GC(65)   StringDedup Requests0 Weak     Min:  0.0, Avg:  0.0, Max:  0.0, Diff:  0.0, Sum:  0.0, Workers: 4
[1174.371s][debug][gc,phases      ] GC(65)     Dead                           Min: 0, Avg:  0.0, Max: 0, Diff: 0, Sum: 0, Workers: 4
[1174.371s][debug][gc,phases      ] GC(65)     Total                          Min: 0, Avg:  0.0, Max: 0, Diff: 0, Sum: 0, Workers: 4
[1174.371s][debug][gc,phases      ] GC(65)   StringDedup Requests1 Weak     Min:  0.0, Avg:  0.0, Max:  0.0, Diff:  0.0, Sum:  0.0, Workers: 4
[1174.371s][debug][gc,phases      ] GC(65)     Dead                           Min: 0, Avg:  0.0, Max: 0, Diff: 0, Sum: 0, Workers: 4
[1174.371s][debug][gc,phases      ] GC(65)     Total                          Min: 0, Avg:  0.0, Max: 0, Diff: 0, Sum: 0, Workers: 4
[1174.371s][debug][gc,phases      ] GC(65)   Weak JFR Old Object Samples    Min:  0.0, Avg:  0.0, Max:  0.0, Diff:  0.0, Sum:  0.0, Workers: 4
[1174.371s][debug][gc,phases      ] GC(65)     Dead                           Min: 0, Avg:  0.0, Max: 0, Diff: 0, Sum: 0, Workers: 4
[1174.371s][debug][gc,phases      ] GC(65)     Total                          Min: 0, Avg:  0.0, Max: 0, Diff: 0, Sum: 0, Workers: 4
[1174.371s][debug][gc,phases      ] GC(65) Weak Processing 0.376ms
[1174.371s][debug][gc,age         ] GC(65) Desired survivor size 17301504 bytes, new threshold 1 (max threshold 15)
[1174.371s][info ][gc,heap        ] GC(65) PSYoungGen: 499834K(2079744K)->3344K(2078720K) Eden: 495535K(2061312K)->0K(2061312K) From: 4299K(18432K)->3344K(17408K)
[1174.371s][info ][gc,heap        ] GC(65) ParOldGen: 328686K(328704K)->329781K(330240K)
[1174.371s][info ][gc,metaspace   ] GC(65) Metaspace: 106155K(107520K)->106155K(107520K) NonClass: 90118K(90880K)->90118K(90880K) Class: 16036K(16640K)->16036K(16640K)
[1174.371s][info ][gc             ] GC(65) Pause Young (CodeCache GC Threshold) 809M->325M(2352M) 3.918ms
[1174.371s][info ][gc,cpu         ] GC(65) User=0.01s Sys=0.00s Real=0.00s
[1174.371s][debug][gc,phases      ] GC(66) Pre Compact 0.007ms
[1174.371s][info ][gc,start       ] GC(66) Pause Full (CodeCache GC Threshold)
[1174.371s][info ][gc,phases,start] GC(66) Marking Phase
[1174.456s][debug][gc,phases      ] GC(66) Par Mark 85.031ms
[1174.457s][debug][gc,ref         ] GC(66) ReferenceProcessor::execute queues: 4, RefProcThreadModel::Multi, marks_oops_alive: false
[1174.457s][debug][gc,ref         ] GC(66) ReferenceProcessor::execute queues: 4, RefProcThreadModel::Multi, marks_oops_alive: true
[1174.457s][debug][gc,ref         ] GC(66) ReferenceProcessor::execute queues: 1, RefProcThreadModel::Single, marks_oops_alive: false
[1174.457s][debug][gc,phases      ] GC(66) Reference Processing 0.835ms
[1174.457s][debug][gc,phases      ] GC(66)   VM Weak                        Min:  0.0, Avg:  0.0, Max:  0.0, Diff:  0.0, Sum:  0.0, Workers: 4
[1174.457s][debug][gc,phases      ] GC(66)     Dead                           Min: 0, Avg:  0.0, Max: 0, Diff: 0, Sum: 0, Workers: 4
[1174.457s][debug][gc,phases      ] GC(66)     Total                          Min: 128, Avg: 257.8, Max: 512, Diff: 384, Sum: 1031, Workers: 4
[1174.457s][debug][gc,phases      ] GC(66)   ObjectSynchronizer Weak        Min:  0.0, Avg:  0.0, Max:  0.0, Diff:  0.0, Sum:  0.0, Workers: 4
[1174.457s][debug][gc,phases      ] GC(66)     Dead                           Min: 0, Avg:  0.0, Max: 0, Diff: 0, Sum: 0, Workers: 4
[1174.457s][debug][gc,phases      ] GC(66)     Total                          Min: 0, Avg:  0.8, Max: 3, Diff: 3, Sum: 3, Workers: 4
[1174.457s][debug][gc,phases      ] GC(66)   JVMTI Tag Weak OopStorage      Min:  0.0, Avg:  0.0, Max:  0.0, Diff:  0.0, Sum:  0.0, Workers: 4
[1174.457s][debug][gc,phases      ] GC(66)     Dead                           Min: 0, Avg:  0.0, Max: 0, Diff: 0, Sum: 0, Workers: 4
[1174.457s][debug][gc,phases      ] GC(66)     Total                          Min: 0, Avg:  0.0, Max: 0, Diff: 0, Sum: 0, Workers: 4
[1174.457s][debug][gc,phases      ] GC(66)   StringTable Weak               Min:  0.2, Avg:  0.2, Max:  0.2, Diff:  0.0, Sum:  0.6, Workers: 4
[1174.457s][debug][gc,phases      ] GC(66)     Dead                           Min: 0, Avg:  0.0, Max: 0, Diff: 0, Sum: 0, Workers: 4
[1174.457s][debug][gc,phases      ] GC(66)     Total                          Min: 11136, Avg: 11558.0, Max: 11840, Diff: 704, Sum: 46232, Workers: 4
[1174.457s][debug][gc,phases      ] GC(66)   ResolvedMethodTable Weak       Min:  0.0, Avg:  0.0, Max:  0.0, Diff:  0.0, Sum:  0.2, Workers: 4
[1174.457s][debug][gc,phases      ] GC(66)     Dead                           Min: 0, Avg:  0.0, Max: 0, Diff: 0, Sum: 0, Workers: 4
[1174.458s][debug][gc,phases      ] GC(66)     Total                          Min: 3693, Avg: 3834.2, Max: 3974, Diff: 281, Sum: 15337, Workers: 4
[1174.458s][debug][gc,phases      ] GC(66)   JNI Weak                       Min:  0.0, Avg:  0.0, Max:  0.0, Diff:  0.0, Sum:  0.0, Workers: 4
[1174.458s][debug][gc,phases      ] GC(66)     Dead                           Min: 0, Avg:  0.0, Max: 0, Diff: 0, Sum: 0, Workers: 4
[1174.458s][debug][gc,phases      ] GC(66)     Total                          Min: 0, Avg: 13.0, Max: 52, Diff: 52, Sum: 52, Workers: 4
[1174.458s][debug][gc,phases      ] GC(66)   StringDedup Table Weak         Min:  0.0, Avg:  0.0, Max:  0.0, Diff:  0.0, Sum:  0.0, Workers: 4
[1174.458s][debug][gc,phases      ] GC(66)     Dead                           Min: 0, Avg:  0.0, Max: 0, Diff: 0, Sum: 0, Workers: 4
[1174.458s][debug][gc,phases      ] GC(66)     Total                          Min: 0, Avg:  0.0, Max: 0, Diff: 0, Sum: 0, Workers: 4
[1174.458s][debug][gc,phases      ] GC(66)   StringDedup Requests0 Weak     Min:  0.0, Avg:  0.0, Max:  0.0, Diff:  0.0, Sum:  0.0, Workers: 4
[1174.458s][debug][gc,phases      ] GC(66)     Dead                           Min: 0, Avg:  0.0, Max: 0, Diff: 0, Sum: 0, Workers: 4
[1174.458s][debug][gc,phases      ] GC(66)     Total                          Min: 0, Avg:  0.0, Max: 0, Diff: 0, Sum: 0, Workers: 4
[1174.458s][debug][gc,phases      ] GC(66)   StringDedup Requests1 Weak     Min:  0.0, Avg:  0.0, Max:  0.0, Diff:  0.0, Sum:  0.0, Workers: 4
[1174.458s][debug][gc,phases      ] GC(66)     Dead                           Min: 0, Avg:  0.0, Max: 0, Diff: 0, Sum: 0, Workers: 4
[1174.458s][debug][gc,phases      ] GC(66)     Total                          Min: 0, Avg:  0.0, Max: 0, Diff: 0, Sum: 0, Workers: 4
[1174.458s][debug][gc,phases      ] GC(66)   Weak JFR Old Object Samples    Min:  0.0, Avg:  0.0, Max:  0.0, Diff:  0.0, Sum:  0.0, Workers: 4
[1174.458s][debug][gc,phases      ] GC(66)     Dead                           Min: 0, Avg:  0.0, Max: 0, Diff: 0, Sum: 0, Workers: 4
[1174.458s][debug][gc,phases      ] GC(66)     Total                          Min: 0, Avg:  0.0, Max: 0, Diff: 0, Sum: 0, Workers: 4
[1174.458s][debug][gc,phases      ] GC(66) Weak Processing 0.415ms
[1174.458s][debug][gc,phases      ] GC(66) ClassLoaderData 0.124ms
[1174.458s][debug][gc,phases      ] GC(66) Trigger cleanups 0.000ms
[1174.513s][debug][gc,phases      ] GC(66) Purge Unlinked NMethods 2.074ms
[1174.513s][debug][gc,phases      ] GC(66) Unregister NMethods 0.001ms
[1174.514s][debug][gc,phases      ] GC(66) Free Code Blobs 0.392ms
[1174.514s][debug][gc,phases      ] GC(66) Class Unloading 56.051ms
[1174.514s][debug][gc,phases      ] GC(66) Report Object Count 0.001ms
[1174.514s][info ][gc,phases      ] GC(66) Marking Phase 142.398ms
[1174.514s][info ][gc,phases,start] GC(66) Summary Phase
[1174.514s][info ][gc,phases      ] GC(66) Summary Phase 0.013ms
[1174.514s][info ][gc,phases,start] GC(66) Adjust Roots
[1174.533s][info ][gc,phases      ] GC(66) Adjust Roots 18.833ms
[1174.533s][info ][gc,phases,start] GC(66) Compaction Phase
[1174.607s][info ][gc,phases      ] GC(66) Compaction Phase 74.430ms
[1174.607s][info ][gc,phases,start] GC(66) Post Compact
[1174.609s][debug][gc,phases      ] GC(66) Purge Class Loader Data 0.735ms
[1174.609s][info ][gc,phases      ] GC(66) Post Compact 1.546ms
[1174.609s][info ][gc,heap        ] GC(66) PSYoungGen: 3344K(2078720K)->0K(2078720K) Eden: 0K(2061312K)->0K(2061312K) From: 3344K(17408K)->0K(17408K)
[1174.609s][info ][gc,heap        ] GC(66) ParOldGen: 329781K(330240K)->272424K(330240K)
[1174.609s][info ][gc,metaspace   ] GC(66) Metaspace: 106155K(107520K)->106155K(107520K) NonClass: 90118K(90880K)->90118K(90880K) Class: 16036K(16640K)->16036K(16640K)
[1174.609s][info ][gc             ] GC(66) Pause Full (CodeCache GC Threshold) 325M->266M(2352M) 237.328ms
[1174.609s][info ][gc,cpu         ] GC(66) User=0.66s Sys=0.01s Real=0.24s
[1174.609s][info ][safepoint      ] Safepoint "ParallelGCSystemGC", Time since last: 346606433 ns, Reaching safepoint: 4600 ns, Cleanup: 3100 ns, At safepoint: 241362458 ns, Total: 241370158 ns
[1175.609s][info ][safepoint      ] Safepoint "Cleanup", Time since last: 1000092783 ns, Reaching safepoint: 78400 ns, Cleanup: 86600 ns, At safepoint: 6700 ns, Total: 171700 ns
[1186.610s][info ][safepoint      ] Safepoint "Cleanup", Time since last: 11000956864 ns, Reaching safepoint: 75201 ns, Cleanup: 9400 ns, At safepoint: 6400 ns, Total: 91001 ns
[1189.610s][info ][safepoint      ] Safepoint "Cleanup", Time since last: 3000297709 ns, Reaching safepoint: 83100 ns, Cleanup: 11401 ns, At safepoint: 19600 ns, Total: 114101 ns
[1190.611s][info ][safepoint      ] Safepoint "Cleanup", Time since last: 1000126436 ns, Reaching safepoint: 107901 ns, Cleanup: 9800 ns, At safepoint: 8200 ns, Total: 125901 ns
[1195.611s][info ][safepoint      ] Safepoint "Cleanup", Time since last: 5000474171 ns, Reaching safepoint: 107400 ns, Cleanup: 11400 ns, At safepoint: 8700 ns, Total: 127500 ns
[1196.852s][info ][gc,start       ] GC(67) Pause Young (Allocation Failure)
[1196.856s][debug][gc,phases      ] GC(67) Scavenge 4.618ms
[1196.856s][debug][gc,ref         ] GC(67) ReferenceProcessor::execute queues: 1, RefProcThreadModel::Single, marks_oops_alive: false
[1196.856s][debug][gc,ref         ] GC(67) Skipped KeepAliveFinalRefsPhase of Reference Processing: no references
[1196.856s][debug][gc,ref         ] GC(67) Skipped PhantomRefsPhase of Reference Processing: no references
[1196.856s][debug][gc,phases      ] GC(67) Reference Processing 0.098ms
[1196.857s][debug][gc,phases      ] GC(67)   VM Weak                        Min:  0.0, Avg:  0.0, Max:  0.0, Diff:  0.0, Sum:  0.0, Workers: 4
[1196.857s][debug][gc,phases      ] GC(67)     Dead                           Min: 0, Avg:  0.0, Max: 0, Diff: 0, Sum: 0, Workers: 4
[1196.857s][debug][gc,phases      ] GC(67)     Total                          Min: 0, Avg: 257.8, Max: 391, Diff: 391, Sum: 1031, Workers: 4
[1196.857s][debug][gc,phases      ] GC(67)   ObjectSynchronizer Weak        Min:  0.0, Avg:  0.0, Max:  0.0, Diff:  0.0, Sum:  0.0, Workers: 4
[1196.857s][debug][gc,phases      ] GC(67)     Dead                           Min: 0, Avg:  0.0, Max: 0, Diff: 0, Sum: 0, Workers: 4
[1196.857s][debug][gc,phases      ] GC(67)     Total                          Min: 0, Avg:  0.8, Max: 3, Diff: 3, Sum: 3, Workers: 4
[1196.857s][debug][gc,phases      ] GC(67)   JVMTI Tag Weak OopStorage      Min:  0.0, Avg:  0.0, Max:  0.0, Diff:  0.0, Sum:  0.0, Workers: 4
[1196.857s][debug][gc,phases      ] GC(67)     Dead                           Min: 0, Avg:  0.0, Max: 0, Diff: 0, Sum: 0, Workers: 4
[1196.857s][debug][gc,phases      ] GC(67)     Total                          Min: 0, Avg:  0.0, Max: 0, Diff: 0, Sum: 0, Workers: 4
[1196.857s][debug][gc,phases      ] GC(67)   StringTable Weak               Min:  0.1, Avg:  0.1, Max:  0.1, Diff:  0.0, Sum:  0.5, Workers: 4
[1196.857s][debug][gc,phases      ] GC(67)     Dead                           Min: 0, Avg:  0.0, Max: 0, Diff: 0, Sum: 0, Workers: 4
[1196.857s][debug][gc,phases      ] GC(67)     Total                          Min: 8408, Avg: 11558.0, Max: 13568, Diff: 5160, Sum: 46232, Workers: 4
[1196.857s][debug][gc,phases      ] GC(67)   ResolvedMethodTable Weak       Min:  0.0, Avg:  0.0, Max:  0.0, Diff:  0.0, Sum:  0.2, Workers: 4
[1196.857s][debug][gc,phases      ] GC(67)     Dead                           Min: 0, Avg:  4.0, Max: 13, Diff: 13, Sum: 16, Workers: 4
[1196.857s][debug][gc,phases      ] GC(67)     Total                          Min: 3505, Avg: 3834.2, Max: 4182, Diff: 677, Sum: 15337, Workers: 4
[1196.857s][debug][gc,phases      ] GC(67)   JNI Weak                       Min:  0.0, Avg:  0.0, Max:  0.0, Diff:  0.0, Sum:  0.0, Workers: 4
[1196.857s][debug][gc,phases      ] GC(67)     Dead                           Min: 0, Avg:  0.0, Max: 0, Diff: 0, Sum: 0, Workers: 4
[1196.857s][debug][gc,phases      ] GC(67)     Total                          Min: 0, Avg: 13.0, Max: 52, Diff: 52, Sum: 52, Workers: 4
[1196.857s][debug][gc,phases      ] GC(67)   StringDedup Table Weak         Min:  0.0, Avg:  0.0, Max:  0.0, Diff:  0.0, Sum:  0.0, Workers: 4
[1196.857s][debug][gc,phases      ] GC(67)     Dead                           Min: 0, Avg:  0.0, Max: 0, Diff: 0, Sum: 0, Workers: 4
[1196.857s][debug][gc,phases      ] GC(67)     Total                          Min: 0, Avg:  0.0, Max: 0, Diff: 0, Sum: 0, Workers: 4
[1196.857s][debug][gc,phases      ] GC(67)   StringDedup Requests0 Weak     Min:  0.0, Avg:  0.0, Max:  0.0, Diff:  0.0, Sum:  0.0, Workers: 4
[1196.857s][debug][gc,phases      ] GC(67)     Dead                           Min: 0, Avg:  0.0, Max: 0, Diff: 0, Sum: 0, Workers: 4
[1196.857s][debug][gc,phases      ] GC(67)     Total                          Min: 0, Avg:  0.0, Max: 0, Diff: 0, Sum: 0, Workers: 4
[1196.857s][debug][gc,phases      ] GC(67)   StringDedup Requests1 Weak     Min:  0.0, Avg:  0.0, Max:  0.0, Diff:  0.0, Sum:  0.0, Workers: 4
[1196.857s][debug][gc,phases      ] GC(67)     Dead                           Min: 0, Avg:  0.0, Max: 0, Diff: 0, Sum: 0, Workers: 4
[1196.857s][debug][gc,phases      ] GC(67)     Total                          Min: 0, Avg:  0.0, Max: 0, Diff: 0, Sum: 0, Workers: 4
[1196.857s][debug][gc,phases      ] GC(67)   Weak JFR Old Object Samples    Min:  0.0, Avg:  0.0, Max:  0.0, Diff:  0.0, Sum:  0.0, Workers: 4
[1196.857s][debug][gc,phases      ] GC(67)     Dead                           Min: 0, Avg:  0.0, Max: 0, Diff: 0, Sum: 0, Workers: 4
[1196.857s][debug][gc,phases      ] GC(67)     Total                          Min: 0, Avg:  0.0, Max: 0, Diff: 0, Sum: 0, Workers: 4
[1196.857s][debug][gc,phases      ] GC(67) Weak Processing 0.371ms
[1196.857s][debug][gc,age         ] GC(67) Desired survivor size 16777216 bytes, new threshold 1 (max threshold 15)
[1196.857s][info ][gc,heap        ] GC(67) PSYoungGen: 2061312K(2078720K)->4352K(2080768K) Eden: 2061312K(2061312K)->0K(2063872K) From: 0K(17408K)->4352K(16896K)
[1196.857s][info ][gc,heap        ] GC(67) ParOldGen: 272424K(330240K)->272424K(330240K)
[1196.857s][info ][gc,metaspace   ] GC(67) Metaspace: 106165K(107520K)->106165K(107520K) NonClass: 90128K(90880K)->90128K(90880K) Class: 16036K(16640K)->16036K(16640K)
[1196.857s][info ][gc             ] GC(67) Pause Young (Allocation Failure) 2279M->270M(2354M) 5.188ms
[1196.857s][info ][gc,cpu         ] GC(67) User=0.02s Sys=0.00s Real=0.01s
[1196.857s][info ][safepoint      ] Safepoint "ParallelGCFailedAllocation", Time since last: 1240266923 ns, Reaching safepoint: 81101 ns, Cleanup: 8600 ns, At safepoint: 5254018 ns, Total: 5343719 ns
[1198.857s][info ][safepoint      ] Safepoint "Cleanup", Time since last: 2000149334 ns, Reaching safepoint: 77900 ns, Cleanup: 11800 ns, At safepoint: 6200 ns, Total: 95900 ns
[1211.858s][info ][safepoint      ] Safepoint "Cleanup", Time since last: 13001125079 ns, Reaching safepoint: 80101 ns, Cleanup: 33700 ns, At safepoint: 6800 ns, Total: 120601 ns
[1212.859s][info ][safepoint      ] Safepoint "Cleanup", Time since last: 1000119401 ns, Reaching safepoint: 79800 ns, Cleanup: 10100 ns, At safepoint: 6800 ns, Total: 96700 ns
[1215.859s][info ][safepoint      ] Safepoint "Cleanup", Time since last: 3000278553 ns, Reaching safepoint: 83300 ns, Cleanup: 10800 ns, At safepoint: 7200 ns, Total: 101300 ns
[1219.917s][info ][gc,start       ] GC(68) Pause Young (Allocation Failure)
[1219.921s][debug][gc,phases      ] GC(68) Scavenge 3.745ms
[1219.921s][debug][gc,ref         ] GC(68) ReferenceProcessor::execute queues: 1, RefProcThreadModel::Single, marks_oops_alive: false
[1219.921s][debug][gc,ref         ] GC(68) Skipped KeepAliveFinalRefsPhase of Reference Processing: no references
[1219.921s][debug][gc,ref         ] GC(68) ReferenceProcessor::execute queues: 1, RefProcThreadModel::Single, marks_oops_alive: false
[1219.921s][debug][gc,phases      ] GC(68) Reference Processing 0.103ms
[1219.921s][debug][gc,phases      ] GC(68)   VM Weak                        Min:  0.0, Avg:  0.0, Max:  0.0, Diff:  0.0, Sum:  0.0, Workers: 4
[1219.921s][debug][gc,phases      ] GC(68)     Dead                           Min: 0, Avg:  0.0, Max: 0, Diff: 0, Sum: 0, Workers: 4
[1219.921s][debug][gc,phases      ] GC(68)     Total                          Min: 0, Avg: 257.8, Max: 768, Diff: 768, Sum: 1031, Workers: 4
[1219.921s][debug][gc,phases      ] GC(68)   ObjectSynchronizer Weak        Min:  0.0, Avg:  0.0, Max:  0.0, Diff:  0.0, Sum:  0.0, Workers: 4
[1219.921s][debug][gc,phases      ] GC(68)     Dead                           Min: 0, Avg:  0.0, Max: 0, Diff: 0, Sum: 0, Workers: 4
[1219.921s][debug][gc,phases      ] GC(68)     Total                          Min: 0, Avg:  0.8, Max: 3, Diff: 3, Sum: 3, Workers: 4
[1219.921s][debug][gc,phases      ] GC(68)   JVMTI Tag Weak OopStorage      Min:  0.0, Avg:  0.0, Max:  0.0, Diff:  0.0, Sum:  0.0, Workers: 4
[1219.921s][debug][gc,phases      ] GC(68)     Dead                           Min: 0, Avg:  0.0, Max: 0, Diff: 0, Sum: 0, Workers: 4
[1219.921s][debug][gc,phases      ] GC(68)     Total                          Min: 0, Avg:  0.0, Max: 0, Diff: 0, Sum: 0, Workers: 4
[1219.921s][debug][gc,phases      ] GC(68)   StringTable Weak               Min:  0.1, Avg:  0.1, Max:  0.1, Diff:  0.0, Sum:  0.5, Workers: 4
[1219.921s][debug][gc,phases      ] GC(68)     Dead                           Min: 0, Avg:  0.0, Max: 0, Diff: 0, Sum: 0, Workers: 4
[1219.921s][debug][gc,phases      ] GC(68)     Total                          Min: 11264, Avg: 11559.0, Max: 11968, Diff: 704, Sum: 46236, Workers: 4
[1219.921s][debug][gc,phases      ] GC(68)   ResolvedMethodTable Weak       Min:  0.0, Avg:  0.0, Max:  0.0, Diff:  0.0, Sum:  0.2, Workers: 4
[1219.921s][debug][gc,phases      ] GC(68)     Dead                           Min: 0, Avg:  4.0, Max: 14, Diff: 14, Sum: 16, Workers: 4
[1219.921s][debug][gc,phases      ] GC(68)     Total                          Min: 3744, Avg: 3836.2, Max: 3968, Diff: 224, Sum: 15345, Workers: 4
[1219.921s][debug][gc,phases      ] GC(68)   JNI Weak                       Min:  0.0, Avg:  0.0, Max:  0.0, Diff:  0.0, Sum:  0.0, Workers: 4
[1219.921s][debug][gc,phases      ] GC(68)     Dead                           Min: 0, Avg:  0.0, Max: 0, Diff: 0, Sum: 0, Workers: 4
[1219.921s][debug][gc,phases      ] GC(68)     Total                          Min: 0, Avg: 13.0, Max: 52, Diff: 52, Sum: 52, Workers: 4
[1219.921s][debug][gc,phases      ] GC(68)   StringDedup Table Weak         Min:  0.0, Avg:  0.0, Max:  0.0, Diff:  0.0, Sum:  0.0, Workers: 4
[1219.921s][debug][gc,phases      ] GC(68)     Dead                           Min: 0, Avg:  0.0, Max: 0, Diff: 0, Sum: 0, Workers: 4
[1219.921s][debug][gc,phases      ] GC(68)     Total                          Min: 0, Avg:  0.0, Max: 0, Diff: 0, Sum: 0, Workers: 4
[1219.921s][debug][gc,phases      ] GC(68)   StringDedup Requests0 Weak     Min:  0.0, Avg:  0.0, Max:  0.0, Diff:  0.0, Sum:  0.0, Workers: 4
[1219.921s][debug][gc,phases      ] GC(68)     Dead                           Min: 0, Avg:  0.0, Max: 0, Diff: 0, Sum: 0, Workers: 4
[1219.921s][debug][gc,phases      ] GC(68)     Total                          Min: 0, Avg:  0.0, Max: 0, Diff: 0, Sum: 0, Workers: 4
[1219.921s][debug][gc,phases      ] GC(68)   StringDedup Requests1 Weak     Min:  0.0, Avg:  0.0, Max:  0.0, Diff:  0.0, Sum:  0.0, Workers: 4
[1219.921s][debug][gc,phases      ] GC(68)     Dead                           Min: 0, Avg:  0.0, Max: 0, Diff: 0, Sum: 0, Workers: 4
[1219.921s][debug][gc,phases      ] GC(68)     Total                          Min: 0, Avg:  0.0, Max: 0, Diff: 0, Sum: 0, Workers: 4
[1219.921s][debug][gc,phases      ] GC(68)   Weak JFR Old Object Samples    Min:  0.0, Avg:  0.0, Max:  0.0, Diff:  0.0, Sum:  0.0, Workers: 4
[1219.921s][debug][gc,phases      ] GC(68)     Dead                           Min: 0, Avg:  0.0, Max: 0, Diff: 0, Sum: 0, Workers: 4
[1219.921s][debug][gc,phases      ] GC(68)     Total                          Min: 0, Avg:  0.0, Max: 0, Diff: 0, Sum: 0, Workers: 4
[1219.921s][debug][gc,phases      ] GC(68) Weak Processing 0.375ms
[1219.921s][debug][gc,age         ] GC(68) Desired survivor size 15728640 bytes, new threshold 1 (max threshold 15)
[1219.921s][info ][gc,heap        ] GC(68) PSYoungGen: 2068224K(2080768K)->4208K(2080256K) Eden: 2063872K(2063872K)->0K(2063872K) From: 4352K(16896K)->4208K(16384K)
[1219.921s][info ][gc,heap        ] GC(68) ParOldGen: 272424K(330240K)->273296K(330240K)
[1219.921s][info ][gc,metaspace   ] GC(68) Metaspace: 106185K(107520K)->106185K(107520K) NonClass: 90145K(90880K)->90145K(90880K) Class: 16039K(16640K)->16039K(16640K)
[1219.921s][info ][gc             ] GC(68) Pause Young (Allocation Failure) 2285M->271M(2354M) 4.332ms
[1219.921s][info ][gc,cpu         ] GC(68) User=0.02s Sys=0.00s Real=0.00s
[1219.921s][info ][safepoint      ] Safepoint "ParallelGCFailedAllocation", Time since last: 4058092542 ns, Reaching safepoint: 6100 ns, Cleanup: 3800 ns, At safepoint: 4399316 ns, Total: 4409216 ns
[1221.922s][info ][safepoint      ] Safepoint "Cleanup", Time since last: 2000162418 ns, Reaching safepoint: 6100 ns, Cleanup: 9700 ns, At safepoint: 2000 ns, Total: 17800 ns
[1234.923s][info ][safepoint      ] Safepoint "Cleanup", Time since last: 13000988444 ns, Reaching safepoint: 5900 ns, Cleanup: 9500 ns, At safepoint: 2100 ns, Total: 17500 ns
[1238.923s][info ][safepoint      ] Safepoint "Cleanup", Time since last: 4000348115 ns, Reaching safepoint: 5900 ns, Cleanup: 8800 ns, At safepoint: 1700 ns, Total: 16400 ns
[1244.055s][info ][gc,start       ] GC(69) Pause Young (Allocation Failure)
[1244.058s][debug][gc,phases      ] GC(69) Scavenge 3.315ms
[1244.058s][debug][gc,ref         ] GC(69) ReferenceProcessor::execute queues: 1, RefProcThreadModel::Single, marks_oops_alive: false
[1244.058s][debug][gc,ref         ] GC(69) Skipped KeepAliveFinalRefsPhase of Reference Processing: no references
[1244.058s][debug][gc,ref         ] GC(69) ReferenceProcessor::execute queues: 1, RefProcThreadModel::Single, marks_oops_alive: false
[1244.058s][debug][gc,phases      ] GC(69) Reference Processing 0.094ms
[1244.059s][debug][gc,phases      ] GC(69)   VM Weak                        Min:  0.0, Avg:  0.0, Max:  0.0, Diff:  0.0, Sum:  0.0, Workers: 4
[1244.059s][debug][gc,phases      ] GC(69)     Dead                           Min: 0, Avg:  0.0, Max: 0, Diff: 0, Sum: 0, Workers: 4
[1244.059s][debug][gc,phases      ] GC(69)     Total                          Min: 0, Avg: 257.8, Max: 519, Diff: 519, Sum: 1031, Workers: 4
[1244.059s][debug][gc,phases      ] GC(69)   ObjectSynchronizer Weak        Min:  0.0, Avg:  0.0, Max:  0.0, Diff:  0.0, Sum:  0.0, Workers: 4
[1244.059s][debug][gc,phases      ] GC(69)     Dead                           Min: 0, Avg:  0.0, Max: 0, Diff: 0, Sum: 0, Workers: 4
[1244.059s][debug][gc,phases      ] GC(69)     Total                          Min: 0, Avg:  0.8, Max: 3, Diff: 3, Sum: 3, Workers: 4
[1244.059s][debug][gc,phases      ] GC(69)   JVMTI Tag Weak OopStorage      Min:  0.0, Avg:  0.0, Max:  0.0, Diff:  0.0, Sum:  0.0, Workers: 4
[1244.059s][debug][gc,phases      ] GC(69)     Dead                           Min: 0, Avg:  0.0, Max: 0, Diff: 0, Sum: 0, Workers: 4
[1244.059s][debug][gc,phases      ] GC(69)     Total                          Min: 0, Avg:  0.0, Max: 0, Diff: 0, Sum: 0, Workers: 4
[1244.059s][debug][gc,phases      ] GC(69)   StringTable Weak               Min:  0.1, Avg:  0.1, Max:  0.1, Diff:  0.0, Sum:  0.4, Workers: 4
[1244.059s][debug][gc,phases      ] GC(69)     Dead                           Min: 0, Avg:  0.0, Max: 0, Diff: 0, Sum: 0, Workers: 4
[1244.059s][debug][gc,phases      ] GC(69)     Total                          Min: 10944, Avg: 11559.0, Max: 12288, Diff: 1344, Sum: 46236, Workers: 4
[1244.059s][debug][gc,phases      ] GC(69)   ResolvedMethodTable Weak       Min:  0.0, Avg:  0.0, Max:  0.0, Diff:  0.0, Sum:  0.2, Workers: 4
[1244.059s][debug][gc,phases      ] GC(69)     Dead                           Min: 0, Avg:  0.0, Max: 0, Diff: 0, Sum: 0, Workers: 4
[1244.059s][debug][gc,phases      ] GC(69)     Total                          Min: 3709, Avg: 3836.2, Max: 3926, Diff: 217, Sum: 15345, Workers: 4
[1244.059s][debug][gc,phases      ] GC(69)   JNI Weak                       Min:  0.0, Avg:  0.0, Max:  0.0, Diff:  0.0, Sum:  0.0, Workers: 4
[1244.059s][debug][gc,phases      ] GC(69)     Dead                           Min: 0, Avg:  0.0, Max: 0, Diff: 0, Sum: 0, Workers: 4
[1244.059s][debug][gc,phases      ] GC(69)     Total                          Min: 0, Avg: 13.0, Max: 52, Diff: 52, Sum: 52, Workers: 4
[1244.059s][debug][gc,phases      ] GC(69)   StringDedup Table Weak         Min:  0.0, Avg:  0.0, Max:  0.0, Diff:  0.0, Sum:  0.0, Workers: 4
[1244.059s][debug][gc,phases      ] GC(69)     Dead                           Min: 0, Avg:  0.0, Max: 0, Diff: 0, Sum: 0, Workers: 4
[1244.059s][debug][gc,phases      ] GC(69)     Total                          Min: 0, Avg:  0.0, Max: 0, Diff: 0, Sum: 0, Workers: 4
[1244.059s][debug][gc,phases      ] GC(69)   StringDedup Requests0 Weak     Min:  0.0, Avg:  0.0, Max:  0.0, Diff:  0.0, Sum:  0.0, Workers: 4
[1244.059s][debug][gc,phases      ] GC(69)     Dead                           Min: 0, Avg:  0.0, Max: 0, Diff: 0, Sum: 0, Workers: 4
[1244.059s][debug][gc,phases      ] GC(69)     Total                          Min: 0, Avg:  0.0, Max: 0, Diff: 0, Sum: 0, Workers: 4
[1244.059s][debug][gc,phases      ] GC(69)   StringDedup Requests1 Weak     Min:  0.0, Avg:  0.0, Max:  0.0, Diff:  0.0, Sum:  0.0, Workers: 4
[1244.059s][debug][gc,phases      ] GC(69)     Dead                           Min: 0, Avg:  0.0, Max: 0, Diff: 0, Sum: 0, Workers: 4
[1244.059s][debug][gc,phases      ] GC(69)     Total                          Min: 0, Avg:  0.0, Max: 0, Diff: 0, Sum: 0, Workers: 4
[1244.059s][debug][gc,phases      ] GC(69)   Weak JFR Old Object Samples    Min:  0.0, Avg:  0.0, Max:  0.0, Diff:  0.0, Sum:  0.0, Workers: 4
[1244.059s][debug][gc,phases      ] GC(69)     Dead                           Min: 0, Avg:  0.0, Max: 0, Diff: 0, Sum: 0, Workers: 4
[1244.059s][debug][gc,phases      ] GC(69)     Total                          Min: 0, Avg:  0.0, Max: 0, Diff: 0, Sum: 0, Workers: 4
[1244.059s][debug][gc,phases      ] GC(69) Weak Processing 0.392ms
[1244.059s][debug][gc,age         ] GC(69) Desired survivor size 15204352 bytes, new threshold 1 (max threshold 15)
[1244.059s][info ][gc,heap        ] GC(69) PSYoungGen: 2068080K(2080256K)->4064K(2082304K) Eden: 2063872K(2063872K)->0K(2066944K) From: 4208K(16384K)->4064K(15360K)
[1244.059s][info ][gc,heap        ] GC(69) ParOldGen: 273296K(330240K)->274090K(330240K)
[1244.059s][info ][gc,metaspace   ] GC(69) Metaspace: 106191K(107520K)->106191K(107520K) NonClass: 90152K(90880K)->90152K(90880K) Class: 16039K(16640K)->16039K(16640K)
[1244.059s][info ][gc             ] GC(69) Pause Young (Allocation Failure) 2286M->271M(2356M) 3.905ms
[1244.059s][info ][gc,cpu         ] GC(69) User=0.01s Sys=0.00s Real=0.00s
[1244.059s][info ][safepoint      ] Safepoint "ParallelGCFailedAllocation", Time since last: 5131866012 ns, Reaching safepoint: 6300 ns, Cleanup: 3700 ns, At safepoint: 3967814 ns, Total: 3977814 ns
[1245.059s][info ][safepoint      ] Safepoint "Cleanup", Time since last: 1000107805 ns, Reaching safepoint: 98100 ns, Cleanup: 13701 ns, At safepoint: 7900 ns, Total: 119701 ns
[1250.060s][info ][safepoint      ] Safepoint "Cleanup", Time since last: 5000425522 ns, Reaching safepoint: 76600 ns, Cleanup: 8100 ns, At safepoint: 5900 ns, Total: 90600 ns
[1252.060s][info ][safepoint      ] Safepoint "Cleanup", Time since last: 2000192983 ns, Reaching safepoint: 78700 ns, Cleanup: 8701 ns, At safepoint: 26300 ns, Total: 113701 ns
[1258.060s][info ][safepoint      ] Safepoint "Cleanup", Time since last: 6000493019 ns, Reaching safepoint: 80800 ns, Cleanup: 9300 ns, At safepoint: 6600 ns, Total: 96700 ns
[1261.061s][info ][safepoint      ] Safepoint "Cleanup", Time since last: 3000287364 ns, Reaching safepoint: 80100 ns, Cleanup: 7100 ns, At safepoint: 6800 ns, Total: 94000 ns
[1262.061s][info ][safepoint      ] Safepoint "Cleanup", Time since last: 1000115221 ns, Reaching safepoint: 81100 ns, Cleanup: 8900 ns, At safepoint: 6500 ns, Total: 96500 ns
[1266.061s][info ][safepoint      ] Safepoint "Cleanup", Time since last: 4000350779 ns, Reaching safepoint: 84600 ns, Cleanup: 12800 ns, At safepoint: 7000 ns, Total: 104400 ns
[1267.115s][info ][gc,start       ] GC(70) Pause Young (Allocation Failure)
[1267.118s][debug][gc,phases      ] GC(70) Scavenge 3.511ms
[1267.118s][debug][gc,ref         ] GC(70) ReferenceProcessor::execute queues: 1, RefProcThreadModel::Single, marks_oops_alive: false
[1267.118s][debug][gc,ref         ] GC(70) Skipped KeepAliveFinalRefsPhase of Reference Processing: no references
[1267.118s][debug][gc,ref         ] GC(70) Skipped PhantomRefsPhase of Reference Processing: no references
[1267.118s][debug][gc,phases      ] GC(70) Reference Processing 0.106ms
[1267.119s][debug][gc,phases      ] GC(70)   VM Weak                        Min:  0.0, Avg:  0.0, Max:  0.0, Diff:  0.0, Sum:  0.0, Workers: 4
[1267.119s][debug][gc,phases      ] GC(70)     Dead                           Min: 0, Avg:  0.0, Max: 0, Diff: 0, Sum: 0, Workers: 4
[1267.119s][debug][gc,phases      ] GC(70)     Total                          Min: 0, Avg: 257.8, Max: 1031, Diff: 1031, Sum: 1031, Workers: 4
[1267.119s][debug][gc,phases      ] GC(70)   ObjectSynchronizer Weak        Min:  0.0, Avg:  0.0, Max:  0.0, Diff:  0.0, Sum:  0.0, Workers: 4
[1267.119s][debug][gc,phases      ] GC(70)     Dead                           Min: 0, Avg:  0.0, Max: 0, Diff: 0, Sum: 0, Workers: 4
[1267.119s][debug][gc,phases      ] GC(70)     Total                          Min: 0, Avg:  0.8, Max: 3, Diff: 3, Sum: 3, Workers: 4
[1267.119s][debug][gc,phases      ] GC(70)   JVMTI Tag Weak OopStorage      Min:  0.0, Avg:  0.0, Max:  0.0, Diff:  0.0, Sum:  0.0, Workers: 4
[1267.119s][debug][gc,phases      ] GC(70)     Dead                           Min: 0, Avg:  0.0, Max: 0, Diff: 0, Sum: 0, Workers: 4
[1267.119s][debug][gc,phases      ] GC(70)     Total                          Min: 0, Avg:  0.0, Max: 0, Diff: 0, Sum: 0, Workers: 4
[1267.119s][debug][gc,phases      ] GC(70)   StringTable Weak               Min:  0.0, Avg:  0.1, Max:  0.1, Diff:  0.1, Sum:  0.4, Workers: 4
[1267.119s][debug][gc,phases      ] GC(70)     Dead                           Min: 0, Avg:  0.0, Max: 0, Diff: 0, Sum: 0, Workers: 4
[1267.119s][debug][gc,phases      ] GC(70)     Total                          Min: 0, Avg: 11559.0, Max: 20224, Diff: 20224, Sum: 46236, Workers: 4
[1267.119s][debug][gc,phases      ] GC(70)   ResolvedMethodTable Weak       Min:  0.0, Avg:  0.0, Max:  0.0, Diff:  0.0, Sum:  0.1, Workers: 4
[1267.119s][debug][gc,phases      ] GC(70)     Dead                           Min: 0, Avg:  4.0, Max: 16, Diff: 16, Sum: 16, Workers: 4
[1267.119s][debug][gc,phases      ] GC(70)     Total                          Min: 0, Avg: 3836.2, Max: 6432, Diff: 6432, Sum: 15345, Workers: 4
[1267.119s][debug][gc,phases      ] GC(70)   JNI Weak                       Min:  0.0, Avg:  0.0, Max:  0.0, Diff:  0.0, Sum:  0.0, Workers: 4
[1267.119s][debug][gc,phases      ] GC(70)     Dead                           Min: 0, Avg:  0.0, Max: 0, Diff: 0, Sum: 0, Workers: 4
[1267.119s][debug][gc,phases      ] GC(70)     Total                          Min: 0, Avg: 13.0, Max: 52, Diff: 52, Sum: 52, Workers: 4
[1267.119s][debug][gc,phases      ] GC(70)   StringDedup Table Weak         Min:  0.0, Avg:  0.0, Max:  0.0, Diff:  0.0, Sum:  0.0, Workers: 4
[1267.119s][debug][gc,phases      ] GC(70)     Dead                           Min: 0, Avg:  0.0, Max: 0, Diff: 0, Sum: 0, Workers: 4
[1267.119s][debug][gc,phases      ] GC(70)     Total                          Min: 0, Avg:  0.0, Max: 0, Diff: 0, Sum: 0, Workers: 4
[1267.119s][debug][gc,phases      ] GC(70)   StringDedup Requests0 Weak     Min:  0.0, Avg:  0.0, Max:  0.0, Diff:  0.0, Sum:  0.0, Workers: 4
[1267.119s][debug][gc,phases      ] GC(70)     Dead                           Min: 0, Avg:  0.0, Max: 0, Diff: 0, Sum: 0, Workers: 4
[1267.119s][debug][gc,phases      ] GC(70)     Total                          Min: 0, Avg:  0.0, Max: 0, Diff: 0, Sum: 0, Workers: 4
[1267.119s][debug][gc,phases      ] GC(70)   StringDedup Requests1 Weak     Min:  0.0, Avg:  0.0, Max:  0.0, Diff:  0.0, Sum:  0.0, Workers: 4
[1267.119s][debug][gc,phases      ] GC(70)     Dead                           Min: 0, Avg:  0.0, Max: 0, Diff: 0, Sum: 0, Workers: 4
[1267.119s][debug][gc,phases      ] GC(70)     Total                          Min: 0, Avg:  0.0, Max: 0, Diff: 0, Sum: 0, Workers: 4
[1267.119s][debug][gc,phases      ] GC(70)   Weak JFR Old Object Samples    Min:  0.0, Avg:  0.0, Max:  0.0, Diff:  0.0, Sum:  0.0, Workers: 4
[1267.119s][debug][gc,phases      ] GC(70)     Dead                           Min: 0, Avg:  0.0, Max: 0, Diff: 0, Sum: 0, Workers: 4
[1267.119s][debug][gc,phases      ] GC(70)     Total                          Min: 0, Avg:  0.0, Max: 0, Diff: 0, Sum: 0, Workers: 4
[1267.119s][debug][gc,phases      ] GC(70) Weak Processing 0.395ms
[1267.119s][debug][gc,age         ] GC(70) Desired survivor size 14155776 bytes, new threshold 1 (max threshold 15)
[1267.119s][info ][gc,heap        ] GC(70) PSYoungGen: 2071008K(2082304K)->4256K(2081792K) Eden: 2066944K(2066944K)->0K(2066944K) From: 4064K(15360K)->4256K(14848K)
[1267.119s][info ][gc,heap        ] GC(70) ParOldGen: 274090K(330240K)->275015K(330240K)
[1267.119s][info ][gc,metaspace   ] GC(70) Metaspace: 106201K(107520K)->106201K(107520K) NonClass: 90161K(90880K)->90161K(90880K) Class: 16039K(16640K)->16039K(16640K)
[1267.119s][info ][gc             ] GC(70) Pause Young (Allocation Failure) 2290M->272M(2355M) 4.112ms
[1267.119s][info ][gc,cpu         ] GC(70) User=0.01s Sys=0.00s Real=0.00s
[1267.119s][info ][safepoint      ] Safepoint "ParallelGCFailedAllocation", Time since last: 1053271056 ns, Reaching safepoint: 5600 ns, Cleanup: 3500 ns, At safepoint: 4173111 ns, Total: 4182211 ns
[1272.119s][info ][safepoint      ] Safepoint "Cleanup", Time since last: 5000367704 ns, Reaching safepoint: 5400 ns, Cleanup: 7500 ns, At safepoint: 2100 ns, Total: 15000 ns
[1275.120s][info ][safepoint      ] Safepoint "Cleanup", Time since last: 3000253904 ns, Reaching safepoint: 5300 ns, Cleanup: 10100 ns, At safepoint: 2000 ns, Total: 17400 ns
[1283.120s][info ][safepoint      ] Safepoint "Cleanup", Time since last: 8000585466 ns, Reaching safepoint: 4200 ns, Cleanup: 7500 ns, At safepoint: 1700 ns, Total: 13400 ns
[1289.810s][info ][gc,start       ] GC(71) Pause Young (Allocation Failure)
[1289.814s][debug][gc,phases      ] GC(71) Scavenge 3.402ms
[1289.814s][debug][gc,ref         ] GC(71) ReferenceProcessor::execute queues: 1, RefProcThreadModel::Single, marks_oops_alive: false
[1289.814s][debug][gc,ref         ] GC(71) Skipped KeepAliveFinalRefsPhase of Reference Processing: no references
[1289.814s][debug][gc,ref         ] GC(71) Skipped PhantomRefsPhase of Reference Processing: no references
[1289.814s][debug][gc,phases      ] GC(71) Reference Processing 0.102ms
[1289.814s][debug][gc,phases      ] GC(71)   VM Weak                        Min:  0.0, Avg:  0.0, Max:  0.0, Diff:  0.0, Sum:  0.0, Workers: 4
[1289.814s][debug][gc,phases      ] GC(71)     Dead                           Min: 0, Avg:  0.0, Max: 0, Diff: 0, Sum: 0, Workers: 4
[1289.814s][debug][gc,phases      ] GC(71)     Total                          Min: 0, Avg: 257.8, Max: 519, Diff: 519, Sum: 1031, Workers: 4
[1289.814s][debug][gc,phases      ] GC(71)   ObjectSynchronizer Weak        Min:  0.0, Avg:  0.0, Max:  0.0, Diff:  0.0, Sum:  0.0, Workers: 4
[1289.814s][debug][gc,phases      ] GC(71)     Dead                           Min: 0, Avg:  0.0, Max: 0, Diff: 0, Sum: 0, Workers: 4
[1289.814s][debug][gc,phases      ] GC(71)     Total                          Min: 0, Avg:  0.8, Max: 3, Diff: 3, Sum: 3, Workers: 4
[1289.814s][debug][gc,phases      ] GC(71)   JVMTI Tag Weak OopStorage      Min:  0.0, Avg:  0.0, Max:  0.0, Diff:  0.0, Sum:  0.0, Workers: 4
[1289.814s][debug][gc,phases      ] GC(71)     Dead                           Min: 0, Avg:  0.0, Max: 0, Diff: 0, Sum: 0, Workers: 4
[1289.814s][debug][gc,phases      ] GC(71)     Total                          Min: 0, Avg:  0.0, Max: 0, Diff: 0, Sum: 0, Workers: 4
[1289.814s][debug][gc,phases      ] GC(71)   StringTable Weak               Min:  0.0, Avg:  0.1, Max:  0.1, Diff:  0.1, Sum:  0.4, Workers: 4
[1289.814s][debug][gc,phases      ] GC(71)     Dead                           Min: 0, Avg:  0.0, Max: 0, Diff: 0, Sum: 0, Workers: 4
[1289.814s][debug][gc,phases      ] GC(71)     Total                          Min: 0, Avg: 11559.0, Max: 20252, Diff: 20252, Sum: 46236, Workers: 4
[1289.814s][debug][gc,phases      ] GC(71)   ResolvedMethodTable Weak       Min:  0.0, Avg:  0.0, Max:  0.0, Diff:  0.0, Sum:  0.1, Workers: 4
[1289.814s][debug][gc,phases      ] GC(71)     Dead                           Min: 0, Avg:  0.0, Max: 0, Diff: 0, Sum: 0, Workers: 4
[1289.814s][debug][gc,phases      ] GC(71)     Total                          Min: 0, Avg: 3836.2, Max: 6538, Diff: 6538, Sum: 15345, Workers: 4
[1289.814s][debug][gc,phases      ] GC(71)   JNI Weak                       Min:  0.0, Avg:  0.0, Max:  0.0, Diff:  0.0, Sum:  0.0, Workers: 4
[1289.814s][debug][gc,phases      ] GC(71)     Dead                           Min: 0, Avg:  0.0, Max: 0, Diff: 0, Sum: 0, Workers: 4
[1289.814s][debug][gc,phases      ] GC(71)     Total                          Min: 0, Avg: 13.0, Max: 52, Diff: 52, Sum: 52, Workers: 4
[1289.814s][debug][gc,phases      ] GC(71)   StringDedup Table Weak         Min:  0.0, Avg:  0.0, Max:  0.0, Diff:  0.0, Sum:  0.0, Workers: 4
[1289.814s][debug][gc,phases      ] GC(71)     Dead                           Min: 0, Avg:  0.0, Max: 0, Diff: 0, Sum: 0, Workers: 4
[1289.814s][debug][gc,phases      ] GC(71)     Total                          Min: 0, Avg:  0.0, Max: 0, Diff: 0, Sum: 0, Workers: 4
[1289.814s][debug][gc,phases      ] GC(71)   StringDedup Requests0 Weak     Min:  0.0, Avg:  0.0, Max:  0.0, Diff:  0.0, Sum:  0.0, Workers: 4
[1289.814s][debug][gc,phases      ] GC(71)     Dead                           Min: 0, Avg:  0.0, Max: 0, Diff: 0, Sum: 0, Workers: 4
[1289.814s][debug][gc,phases      ] GC(71)     Total                          Min: 0, Avg:  0.0, Max: 0, Diff: 0, Sum: 0, Workers: 4
[1289.814s][debug][gc,phases      ] GC(71)   StringDedup Requests1 Weak     Min:  0.0, Avg:  0.0, Max:  0.0, Diff:  0.0, Sum:  0.0, Workers: 4
[1289.814s][debug][gc,phases      ] GC(71)     Dead                           Min: 0, Avg:  0.0, Max: 0, Diff: 0, Sum: 0, Workers: 4
[1289.814s][debug][gc,phases      ] GC(71)     Total                          Min: 0, Avg:  0.0, Max: 0, Diff: 0, Sum: 0, Workers: 4
[1289.814s][debug][gc,phases      ] GC(71)   Weak JFR Old Object Samples    Min:  0.0, Avg:  0.0, Max:  0.0, Diff:  0.0, Sum:  0.0, Workers: 4
[1289.814s][debug][gc,phases      ] GC(71)     Dead                           Min: 0, Avg:  0.0, Max: 0, Diff: 0, Sum: 0, Workers: 4
[1289.814s][debug][gc,phases      ] GC(71)     Total                          Min: 0, Avg:  0.0, Max: 0, Diff: 0, Sum: 0, Workers: 4
[1289.814s][debug][gc,phases      ] GC(71) Weak Processing 0.382ms
[1289.814s][debug][gc,age         ] GC(71) Desired survivor size 13631488 bytes, new threshold 1 (max threshold 15)
[1289.814s][info ][gc,heap        ] GC(71) PSYoungGen: 2071200K(2081792K)->3936K(2083840K) Eden: 2066944K(2066944K)->0K(2070016K) From: 4256K(14848K)->3936K(13824K)
[1289.814s][info ][gc,heap        ] GC(71) ParOldGen: 275015K(330240K)->275992K(330240K)
[1289.814s][info ][gc,metaspace   ] GC(71) Metaspace: 106210K(107520K)->106210K(107520K) NonClass: 90171K(90880K)->90171K(90880K) Class: 16039K(16640K)->16039K(16640K)
[1289.814s][info ][gc             ] GC(71) Pause Young (Allocation Failure) 2291M->273M(2357M) 3.996ms
[1289.814s][info ][gc,cpu         ] GC(71) User=0.01s Sys=0.00s Real=0.00s
[1289.814s][info ][safepoint      ] Safepoint "ParallelGCFailedAllocation", Time since last: 6689919299 ns, Reaching safepoint: 4700 ns, Cleanup: 3400 ns, At safepoint: 4054415 ns, Total: 4062515 ns
[1290.814s][info ][safepoint      ] Safepoint "Cleanup", Time since last: 1000091553 ns, Reaching safepoint: 5600 ns, Cleanup: 8900 ns, At safepoint: 2100 ns, Total: 16600 ns
[1295.815s][info ][safepoint      ] Safepoint "Cleanup", Time since last: 5000420316 ns, Reaching safepoint: 5700 ns, Cleanup: 10200 ns, At safepoint: 2400 ns, Total: 18300 ns
[1296.815s][info ][safepoint      ] Safepoint "Cleanup", Time since last: 1000133229 ns, Reaching safepoint: 103700 ns, Cleanup: 8800 ns, At safepoint: 8200 ns, Total: 120700 ns
[1298.815s][info ][safepoint      ] Safepoint "Cleanup", Time since last: 2000204558 ns, Reaching safepoint: 4500 ns, Cleanup: 8900 ns, At safepoint: 1600 ns, Total: 15000 ns
[1301.815s][info ][safepoint      ] Safepoint "Cleanup", Time since last: 3000238885 ns, Reaching safepoint: 4200 ns, Cleanup: 6600 ns, At safepoint: 1500 ns, Total: 12300 ns
[1302.816s][info ][safepoint      ] Safepoint "Cleanup", Time since last: 1000121729 ns, Reaching safepoint: 5100 ns, Cleanup: 9900 ns, At safepoint: 1700 ns, Total: 16700 ns
[1313.510s][info ][gc,start       ] GC(72) Pause Young (Allocation Failure)
[1313.514s][debug][gc,phases      ] GC(72) Scavenge 3.652ms
[1313.514s][debug][gc,ref         ] GC(72) ReferenceProcessor::execute queues: 1, RefProcThreadModel::Single, marks_oops_alive: false
[1313.514s][debug][gc,ref         ] GC(72) Skipped KeepAliveFinalRefsPhase of Reference Processing: no references
[1313.514s][debug][gc,ref         ] GC(72) Skipped PhantomRefsPhase of Reference Processing: no references
[1313.514s][debug][gc,phases      ] GC(72) Reference Processing 0.099ms
[1313.514s][debug][gc,phases      ] GC(72)   VM Weak                        Min:  0.0, Avg:  0.0, Max:  0.0, Diff:  0.0, Sum:  0.0, Workers: 4
[1313.514s][debug][gc,phases      ] GC(72)     Dead                           Min: 0, Avg:  0.0, Max: 0, Diff: 0, Sum: 0, Workers: 4
[1313.514s][debug][gc,phases      ] GC(72)     Total                          Min: 0, Avg: 257.8, Max: 1031, Diff: 1031, Sum: 1031, Workers: 4
[1313.514s][debug][gc,phases      ] GC(72)   ObjectSynchronizer Weak        Min:  0.0, Avg:  0.0, Max:  0.0, Diff:  0.0, Sum:  0.0, Workers: 4
[1313.514s][debug][gc,phases      ] GC(72)     Dead                           Min: 0, Avg:  0.0, Max: 0, Diff: 0, Sum: 0, Workers: 4
[1313.514s][debug][gc,phases      ] GC(72)     Total                          Min: 0, Avg:  0.8, Max: 3, Diff: 3, Sum: 3, Workers: 4
[1313.514s][debug][gc,phases      ] GC(72)   JVMTI Tag Weak OopStorage      Min:  0.0, Avg:  0.0, Max:  0.0, Diff:  0.0, Sum:  0.0, Workers: 4
[1313.514s][debug][gc,phases      ] GC(72)     Dead                           Min: 0, Avg:  0.0, Max: 0, Diff: 0, Sum: 0, Workers: 4
[1313.514s][debug][gc,phases      ] GC(72)     Total                          Min: 0, Avg:  0.0, Max: 0, Diff: 0, Sum: 0, Workers: 4
[1313.514s][debug][gc,phases      ] GC(72)   StringTable Weak               Min:  0.0, Avg:  0.1, Max:  0.1, Diff:  0.1, Sum:  0.4, Workers: 4
[1313.514s][debug][gc,phases      ] GC(72)     Dead                           Min: 0, Avg:  0.0, Max: 0, Diff: 0, Sum: 0, Workers: 4
[1313.514s][debug][gc,phases      ] GC(72)     Total                          Min: 0, Avg: 11559.0, Max: 20060, Diff: 20060, Sum: 46236, Workers: 4
[1313.514s][debug][gc,phases      ] GC(72)   ResolvedMethodTable Weak       Min:  0.0, Avg:  0.0, Max:  0.0, Diff:  0.0, Sum:  0.1, Workers: 4
[1313.514s][debug][gc,phases      ] GC(72)     Dead                           Min: 0, Avg:  4.0, Max: 15, Diff: 15, Sum: 16, Workers: 4
[1313.514s][debug][gc,phases      ] GC(72)     Total                          Min: 0, Avg: 3836.2, Max: 6402, Diff: 6402, Sum: 15345, Workers: 4
[1313.514s][debug][gc,phases      ] GC(72)   JNI Weak                       Min:  0.0, Avg:  0.0, Max:  0.0, Diff:  0.0, Sum:  0.0, Workers: 4
[1313.514s][debug][gc,phases      ] GC(72)     Dead                           Min: 0, Avg:  0.0, Max: 0, Diff: 0, Sum: 0, Workers: 4
[1313.514s][debug][gc,phases      ] GC(72)     Total                          Min: 0, Avg: 13.0, Max: 52, Diff: 52, Sum: 52, Workers: 4
[1313.514s][debug][gc,phases      ] GC(72)   StringDedup Table Weak         Min:  0.0, Avg:  0.0, Max:  0.0, Diff:  0.0, Sum:  0.0, Workers: 4
[1313.514s][debug][gc,phases      ] GC(72)     Dead                           Min: 0, Avg:  0.0, Max: 0, Diff: 0, Sum: 0, Workers: 4
[1313.514s][debug][gc,phases      ] GC(72)     Total                          Min: 0, Avg:  0.0, Max: 0, Diff: 0, Sum: 0, Workers: 4
[1313.514s][debug][gc,phases      ] GC(72)   StringDedup Requests0 Weak     Min:  0.0, Avg:  0.0, Max:  0.0, Diff:  0.0, Sum:  0.0, Workers: 4
[1313.514s][debug][gc,phases      ] GC(72)     Dead                           Min: 0, Avg:  0.0, Max: 0, Diff: 0, Sum: 0, Workers: 4
[1313.514s][debug][gc,phases      ] GC(72)     Total                          Min: 0, Avg:  0.0, Max: 0, Diff: 0, Sum: 0, Workers: 4
[1313.514s][debug][gc,phases      ] GC(72)   StringDedup Requests1 Weak     Min:  0.0, Avg:  0.0, Max:  0.0, Diff:  0.0, Sum:  0.0, Workers: 4
[1313.514s][debug][gc,phases      ] GC(72)     Dead                           Min: 0, Avg:  0.0, Max: 0, Diff: 0, Sum: 0, Workers: 4
[1313.514s][debug][gc,phases      ] GC(72)     Total                          Min: 0, Avg:  0.0, Max: 0, Diff: 0, Sum: 0, Workers: 4
[1313.514s][debug][gc,phases      ] GC(72)   Weak JFR Old Object Samples    Min:  0.0, Avg:  0.0, Max:  0.0, Diff:  0.0, Sum:  0.0, Workers: 4
[1313.514s][debug][gc,phases      ] GC(72)     Dead                           Min: 0, Avg:  0.0, Max: 0, Diff: 0, Sum: 0, Workers: 4
[1313.514s][debug][gc,phases      ] GC(72)     Total                          Min: 0, Avg:  0.0, Max: 0, Diff: 0, Sum: 0, Workers: 4
[1313.514s][debug][gc,phases      ] GC(72) Weak Processing 0.382ms
[1313.514s][debug][gc,age         ] GC(72) Desired survivor size 13107200 bytes, new threshold 1 (max threshold 15)
[1313.514s][info ][gc,heap        ] GC(72) PSYoungGen: 2073952K(2083840K)->4297K(2083328K) Eden: 2070016K(2070016K)->0K(2070016K) From: 3936K(13824K)->4297K(13312K)
[1313.514s][info ][gc,heap        ] GC(72) ParOldGen: 275992K(330240K)->276572K(330240K)
[1313.514s][info ][gc,metaspace   ] GC(72) Metaspace: 106214K(107520K)->106214K(107520K) NonClass: 90175K(90880K)->90175K(90880K) Class: 16039K(16640K)->16039K(16640K)
[1313.514s][info ][gc             ] GC(72) Pause Young (Allocation Failure) 2294M->274M(2357M) 4.239ms
[1313.514s][info ][gc,cpu         ] GC(72) User=0.01s Sys=0.00s Real=0.00s
[1313.514s][info ][safepoint      ] Safepoint "ParallelGCFailedAllocation", Time since last: 10694443565 ns, Reaching safepoint: 4700 ns, Cleanup: 3800 ns, At safepoint: 4316916 ns, Total: 4325416 ns
[1331.516s][info ][safepoint      ] Safepoint "Cleanup", Time since last: 18001307151 ns, Reaching safepoint: 5400 ns, Cleanup: 9300 ns, At safepoint: 2200 ns, Total: 16900 ns
[1337.516s][info ][safepoint      ] Safepoint "Cleanup", Time since last: 6000487554 ns, Reaching safepoint: 5000 ns, Cleanup: 9800 ns, At safepoint: 1900 ns, Total: 16700 ns
[1337.855s][info ][gc,start       ] GC(73) Pause Young (Allocation Failure)
[1337.858s][debug][gc,phases      ] GC(73) Scavenge 3.510ms
[1337.858s][debug][gc,ref         ] GC(73) ReferenceProcessor::execute queues: 1, RefProcThreadModel::Single, marks_oops_alive: false
[1337.859s][debug][gc,ref         ] GC(73) Skipped KeepAliveFinalRefsPhase of Reference Processing: no references
[1337.859s][debug][gc,ref         ] GC(73) Skipped PhantomRefsPhase of Reference Processing: no references
[1337.859s][debug][gc,phases      ] GC(73) Reference Processing 0.090ms
[1337.859s][debug][gc,phases      ] GC(73)   VM Weak                        Min:  0.0, Avg:  0.0, Max:  0.0, Diff:  0.0, Sum:  0.0, Workers: 4
[1337.859s][debug][gc,phases      ] GC(73)     Dead                           Min: 0, Avg:  0.0, Max: 0, Diff: 0, Sum: 0, Workers: 4
[1337.859s][debug][gc,phases      ] GC(73)     Total                          Min: 0, Avg: 257.8, Max: 896, Diff: 896, Sum: 1031, Workers: 4
[1337.859s][debug][gc,phases      ] GC(73)   ObjectSynchronizer Weak        Min:  0.0, Avg:  0.0, Max:  0.0, Diff:  0.0, Sum:  0.0, Workers: 4
[1337.859s][debug][gc,phases      ] GC(73)     Dead                           Min: 0, Avg:  0.0, Max: 0, Diff: 0, Sum: 0, Workers: 4
[1337.859s][debug][gc,phases      ] GC(73)     Total                          Min: 0, Avg:  0.8, Max: 3, Diff: 3, Sum: 3, Workers: 4
[1337.859s][debug][gc,phases      ] GC(73)   JVMTI Tag Weak OopStorage      Min:  0.0, Avg:  0.0, Max:  0.0, Diff:  0.0, Sum:  0.0, Workers: 4
[1337.859s][debug][gc,phases      ] GC(73)     Dead                           Min: 0, Avg:  0.0, Max: 0, Diff: 0, Sum: 0, Workers: 4
[1337.859s][debug][gc,phases      ] GC(73)     Total                          Min: 0, Avg:  0.0, Max: 0, Diff: 0, Sum: 0, Workers: 4
[1337.859s][debug][gc,phases      ] GC(73)   StringTable Weak               Min:  0.0, Avg:  0.1, Max:  0.1, Diff:  0.1, Sum:  0.4, Workers: 4
[1337.859s][debug][gc,phases      ] GC(73)     Dead                           Min: 0, Avg:  0.0, Max: 0, Diff: 0, Sum: 0, Workers: 4
[1337.859s][debug][gc,phases      ] GC(73)     Total                          Min: 0, Avg: 11559.0, Max: 19968, Diff: 19968, Sum: 46236, Workers: 4
[1337.859s][debug][gc,phases      ] GC(73)   ResolvedMethodTable Weak       Min:  0.0, Avg:  0.0, Max:  0.0, Diff:  0.0, Sum:  0.1, Workers: 4
[1337.859s][debug][gc,phases      ] GC(73)     Dead                           Min: 0, Avg:  4.0, Max: 15, Diff: 15, Sum: 16, Workers: 4
[1337.859s][debug][gc,phases      ] GC(73)     Total                          Min: 0, Avg: 3836.2, Max: 5601, Diff: 5601, Sum: 15345, Workers: 4
[1337.859s][debug][gc,phases      ] GC(73)   JNI Weak                       Min:  0.0, Avg:  0.0, Max:  0.0, Diff:  0.0, Sum:  0.0, Workers: 4
[1337.859s][debug][gc,phases      ] GC(73)     Dead                           Min: 0, Avg:  0.0, Max: 0, Diff: 0, Sum: 0, Workers: 4
[1337.859s][debug][gc,phases      ] GC(73)     Total                          Min: 0, Avg: 13.0, Max: 52, Diff: 52, Sum: 52, Workers: 4
[1337.859s][debug][gc,phases      ] GC(73)   StringDedup Table Weak         Min:  0.0, Avg:  0.0, Max:  0.0, Diff:  0.0, Sum:  0.0, Workers: 4
[1337.859s][debug][gc,phases      ] GC(73)     Dead                           Min: 0, Avg:  0.0, Max: 0, Diff: 0, Sum: 0, Workers: 4
[1337.859s][debug][gc,phases      ] GC(73)     Total                          Min: 0, Avg:  0.0, Max: 0, Diff: 0, Sum: 0, Workers: 4
[1337.859s][debug][gc,phases      ] GC(73)   StringDedup Requests0 Weak     Min:  0.0, Avg:  0.0, Max:  0.0, Diff:  0.0, Sum:  0.0, Workers: 4
[1337.859s][debug][gc,phases      ] GC(73)     Dead                           Min: 0, Avg:  0.0, Max: 0, Diff: 0, Sum: 0, Workers: 4
[1337.859s][debug][gc,phases      ] GC(73)     Total                          Min: 0, Avg:  0.0, Max: 0, Diff: 0, Sum: 0, Workers: 4
[1337.859s][debug][gc,phases      ] GC(73)   StringDedup Requests1 Weak     Min:  0.0, Avg:  0.0, Max:  0.0, Diff:  0.0, Sum:  0.0, Workers: 4
[1337.859s][debug][gc,phases      ] GC(73)     Dead                           Min: 0, Avg:  0.0, Max: 0, Diff: 0, Sum: 0, Workers: 4
[1337.859s][debug][gc,phases      ] GC(73)     Total                          Min: 0, Avg:  0.0, Max: 0, Diff: 0, Sum: 0, Workers: 4
[1337.859s][debug][gc,phases      ] GC(73)   Weak JFR Old Object Samples    Min:  0.0, Avg:  0.0, Max:  0.0, Diff:  0.0, Sum:  0.0, Workers: 4
[1337.859s][debug][gc,phases      ] GC(73)     Dead                           Min: 0, Avg:  0.0, Max: 0, Diff: 0, Sum: 0, Workers: 4
[1337.859s][debug][gc,phases      ] GC(73)     Total                          Min: 0, Avg:  0.0, Max: 0, Diff: 0, Sum: 0, Workers: 4
[1337.859s][debug][gc,phases      ] GC(73) Weak Processing 0.403ms
[1337.859s][debug][gc,age         ] GC(73) Desired survivor size 12582912 bytes, new threshold 1 (max threshold 15)
[1337.859s][info ][gc,heap        ] GC(73) PSYoungGen: 2074313K(2083328K)->4280K(2084864K) Eden: 2070016K(2070016K)->0K(2072064K) From: 4297K(13312K)->4280K(12800K)
[1337.859s][info ][gc,heap        ] GC(73) ParOldGen: 276572K(330240K)->277474K(330240K)
[1337.859s][info ][gc,metaspace   ] GC(73) Metaspace: 106216K(107520K)->106216K(107520K) NonClass: 90177K(90880K)->90177K(90880K) Class: 16039K(16640K)->16039K(16640K)
[1337.859s][info ][gc             ] GC(73) Pause Young (Allocation Failure) 2295M->275M(2358M) 4.095ms
[1337.859s][info ][gc,cpu         ] GC(73) User=0.02s Sys=0.00s Real=0.00s
[1337.859s][info ][safepoint      ] Safepoint "ParallelGCFailedAllocation", Time since last: 338662652 ns, Reaching safepoint: 5000 ns, Cleanup: 3800 ns, At safepoint: 4151715 ns, Total: 4160515 ns
[1351.860s][info ][safepoint      ] Safepoint "Cleanup", Time since last: 14001074452 ns, Reaching safepoint: 77100 ns, Cleanup: 8900 ns, At safepoint: 5500 ns, Total: 91500 ns
[1360.951s][info ][gc,start       ] GC(74) Pause Young (Allocation Failure)
[1360.954s][debug][gc,phases      ] GC(74) Scavenge 3.552ms
[1360.954s][debug][gc,ref         ] GC(74) ReferenceProcessor::execute queues: 1, RefProcThreadModel::Single, marks_oops_alive: false
[1360.954s][debug][gc,ref         ] GC(74) Skipped KeepAliveFinalRefsPhase of Reference Processing: no references
[1360.954s][debug][gc,ref         ] GC(74) Skipped PhantomRefsPhase of Reference Processing: no references
[1360.954s][debug][gc,phases      ] GC(74) Reference Processing 0.093ms
[1360.955s][debug][gc,phases      ] GC(74)   VM Weak                        Min:  0.0, Avg:  0.0, Max:  0.0, Diff:  0.0, Sum:  0.0, Workers: 4
[1360.955s][debug][gc,phases      ] GC(74)     Dead                           Min: 0, Avg:  0.0, Max: 0, Diff: 0, Sum: 0, Workers: 4
[1360.955s][debug][gc,phases      ] GC(74)     Total                          Min: 0, Avg: 257.8, Max: 832, Diff: 832, Sum: 1031, Workers: 4
[1360.955s][debug][gc,phases      ] GC(74)   ObjectSynchronizer Weak        Min:  0.0, Avg:  0.0, Max:  0.0, Diff:  0.0, Sum:  0.0, Workers: 4
[1360.955s][debug][gc,phases      ] GC(74)     Dead                           Min: 0, Avg:  0.0, Max: 0, Diff: 0, Sum: 0, Workers: 4
[1360.955s][debug][gc,phases      ] GC(74)     Total                          Min: 0, Avg:  0.8, Max: 3, Diff: 3, Sum: 3, Workers: 4
[1360.955s][debug][gc,phases      ] GC(74)   JVMTI Tag Weak OopStorage      Min:  0.0, Avg:  0.0, Max:  0.0, Diff:  0.0, Sum:  0.0, Workers: 4
[1360.955s][debug][gc,phases      ] GC(74)     Dead                           Min: 0, Avg:  0.0, Max: 0, Diff: 0, Sum: 0, Workers: 4
[1360.955s][debug][gc,phases      ] GC(74)     Total                          Min: 0, Avg:  0.0, Max: 0, Diff: 0, Sum: 0, Workers: 4
[1360.955s][debug][gc,phases      ] GC(74)   StringTable Weak               Min:  0.0, Avg:  0.1, Max:  0.1, Diff:  0.1, Sum:  0.4, Workers: 4
[1360.955s][debug][gc,phases      ] GC(74)     Dead                           Min: 0, Avg:  0.0, Max: 0, Diff: 0, Sum: 0, Workers: 4
[1360.955s][debug][gc,phases      ] GC(74)     Total                          Min: 0, Avg: 11560.2, Max: 19617, Diff: 19617, Sum: 46241, Workers: 4
[1360.955s][debug][gc,phases      ] GC(74)   ResolvedMethodTable Weak       Min:  0.0, Avg:  0.0, Max:  0.1, Diff:  0.1, Sum:  0.2, Workers: 4
[1360.955s][debug][gc,phases      ] GC(74)     Dead                           Min: 0, Avg:  4.0, Max: 15, Diff: 15, Sum: 16, Workers: 4
[1360.955s][debug][gc,phases      ] GC(74)     Total                          Min: 343, Avg: 3836.2, Max: 5956, Diff: 5613, Sum: 15345, Workers: 4
[1360.955s][debug][gc,phases      ] GC(74)   JNI Weak                       Min:  0.0, Avg:  0.0, Max:  0.0, Diff:  0.0, Sum:  0.0, Workers: 4
[1360.955s][debug][gc,phases      ] GC(74)     Dead                           Min: 0, Avg:  0.0, Max: 0, Diff: 0, Sum: 0, Workers: 4
[1360.955s][debug][gc,phases      ] GC(74)     Total                          Min: 0, Avg: 13.0, Max: 52, Diff: 52, Sum: 52, Workers: 4
[1360.955s][debug][gc,phases      ] GC(74)   StringDedup Table Weak         Min:  0.0, Avg:  0.0, Max:  0.0, Diff:  0.0, Sum:  0.0, Workers: 4
[1360.955s][debug][gc,phases      ] GC(74)     Dead                           Min: 0, Avg:  0.0, Max: 0, Diff: 0, Sum: 0, Workers: 4
[1360.955s][debug][gc,phases      ] GC(74)     Total                          Min: 0, Avg:  0.0, Max: 0, Diff: 0, Sum: 0, Workers: 4
[1360.955s][debug][gc,phases      ] GC(74)   StringDedup Requests0 Weak     Min:  0.0, Avg:  0.0, Max:  0.0, Diff:  0.0, Sum:  0.0, Workers: 4
[1360.955s][debug][gc,phases      ] GC(74)     Dead                           Min: 0, Avg:  0.0, Max: 0, Diff: 0, Sum: 0, Workers: 4
[1360.955s][debug][gc,phases      ] GC(74)     Total                          Min: 0, Avg:  0.0, Max: 0, Diff: 0, Sum: 0, Workers: 4
[1360.955s][debug][gc,phases      ] GC(74)   StringDedup Requests1 Weak     Min:  0.0, Avg:  0.0, Max:  0.0, Diff:  0.0, Sum:  0.0, Workers: 4
[1360.955s][debug][gc,phases      ] GC(74)     Dead                           Min: 0, Avg:  0.0, Max: 0, Diff: 0, Sum: 0, Workers: 4
[1360.955s][debug][gc,phases      ] GC(74)     Total                          Min: 0, Avg:  0.0, Max: 0, Diff: 0, Sum: 0, Workers: 4
[1360.955s][debug][gc,phases      ] GC(74)   Weak JFR Old Object Samples    Min:  0.0, Avg:  0.0, Max:  0.0, Diff:  0.0, Sum:  0.0, Workers: 4
[1360.955s][debug][gc,phases      ] GC(74)     Dead                           Min: 0, Avg:  0.0, Max: 0, Diff: 0, Sum: 0, Workers: 4
[1360.955s][debug][gc,phases      ] GC(74)     Total                          Min: 0, Avg:  0.0, Max: 0, Diff: 0, Sum: 0, Workers: 4
[1360.955s][debug][gc,phases      ] GC(74) Weak Processing 0.417ms
[1360.955s][debug][gc,age         ] GC(74) Desired survivor size 12058624 bytes, new threshold 1 (max threshold 15)
[1360.955s][info ][gc,heap        ] GC(74) PSYoungGen: 2076344K(2084864K)->4176K(2084352K) Eden: 2072064K(2072064K)->0K(2072064K) From: 4280K(12800K)->4176K(12288K)
[1360.955s][info ][gc,heap        ] GC(74) ParOldGen: 277474K(330240K)->278435K(330240K)
[1360.955s][info ][gc,metaspace   ] GC(74) Metaspace: 106223K(107584K)->106223K(107584K) NonClass: 90184K(90944K)->90184K(90944K) Class: 16039K(16640K)->16039K(16640K)
[1360.955s][info ][gc             ] GC(74) Pause Young (Allocation Failure) 2298M->275M(2358M) 4.167ms
[1360.955s][info ][gc,cpu         ] GC(74) User=0.02s Sys=0.00s Real=0.01s
[1360.955s][info ][safepoint      ] Safepoint "ParallelGCFailedAllocation", Time since last: 9090589130 ns, Reaching safepoint: 4800 ns, Cleanup: 3900 ns, At safepoint: 4224016 ns, Total: 4232716 ns
[1364.955s][info ][safepoint      ] Safepoint "Cleanup", Time since last: 4000297864 ns, Reaching safepoint: 77800 ns, Cleanup: 9200 ns, At safepoint: 5800 ns, Total: 92800 ns
[1381.957s][info ][safepoint      ] Safepoint "Cleanup", Time since last: 17001333563 ns, Reaching safepoint: 74100 ns, Cleanup: 7400 ns, At safepoint: 5200 ns, Total: 86700 ns
[1383.711s][info ][gc,start       ] GC(75) Pause Young (Allocation Failure)
[1383.715s][debug][gc,phases      ] GC(75) Scavenge 3.421ms
[1383.715s][debug][gc,ref         ] GC(75) ReferenceProcessor::execute queues: 1, RefProcThreadModel::Single, marks_oops_alive: false
[1383.715s][debug][gc,ref         ] GC(75) Skipped KeepAliveFinalRefsPhase of Reference Processing: no references
[1383.715s][debug][gc,ref         ] GC(75) Skipped PhantomRefsPhase of Reference Processing: no references
[1383.715s][debug][gc,phases      ] GC(75) Reference Processing 0.098ms
[1383.715s][debug][gc,phases      ] GC(75)   VM Weak                        Min:  0.0, Avg:  0.0, Max:  0.0, Diff:  0.0, Sum:  0.0, Workers: 4
[1383.715s][debug][gc,phases      ] GC(75)     Dead                           Min: 0, Avg:  0.0, Max: 0, Diff: 0, Sum: 0, Workers: 4
[1383.715s][debug][gc,phases      ] GC(75)     Total                          Min: 0, Avg: 257.8, Max: 967, Diff: 967, Sum: 1031, Workers: 4
[1383.715s][debug][gc,phases      ] GC(75)   ObjectSynchronizer Weak        Min:  0.0, Avg:  0.0, Max:  0.0, Diff:  0.0, Sum:  0.0, Workers: 4
[1383.715s][debug][gc,phases      ] GC(75)     Dead                           Min: 0, Avg:  0.0, Max: 0, Diff: 0, Sum: 0, Workers: 4
[1383.715s][debug][gc,phases      ] GC(75)     Total                          Min: 0, Avg:  0.8, Max: 3, Diff: 3, Sum: 3, Workers: 4
[1383.715s][debug][gc,phases      ] GC(75)   JVMTI Tag Weak OopStorage      Min:  0.0, Avg:  0.0, Max:  0.0, Diff:  0.0, Sum:  0.0, Workers: 4
[1383.715s][debug][gc,phases      ] GC(75)     Dead                           Min: 0, Avg:  0.0, Max: 0, Diff: 0, Sum: 0, Workers: 4
[1383.715s][debug][gc,phases      ] GC(75)     Total                          Min: 0, Avg:  0.0, Max: 0, Diff: 0, Sum: 0, Workers: 4
[1383.715s][debug][gc,phases      ] GC(75)   StringTable Weak               Min:  0.0, Avg:  0.1, Max:  0.1, Diff:  0.1, Sum:  0.4, Workers: 4
[1383.715s][debug][gc,phases      ] GC(75)     Dead                           Min: 0, Avg:  0.0, Max: 0, Diff: 0, Sum: 0, Workers: 4
[1383.715s][debug][gc,phases      ] GC(75)     Total                          Min: 0, Avg: 11560.2, Max: 19520, Diff: 19520, Sum: 46241, Workers: 4
[1383.715s][debug][gc,phases      ] GC(75)   ResolvedMethodTable Weak       Min:  0.0, Avg:  0.0, Max:  0.0, Diff:  0.0, Sum:  0.1, Workers: 4
[1383.715s][debug][gc,phases      ] GC(75)     Dead                           Min: 0, Avg:  4.0, Max: 15, Diff: 15, Sum: 16, Workers: 4
[1383.715s][debug][gc,phases      ] GC(75)     Total                          Min: 0, Avg: 3836.2, Max: 6217, Diff: 6217, Sum: 15345, Workers: 4
[1383.715s][debug][gc,phases      ] GC(75)   JNI Weak                       Min:  0.0, Avg:  0.0, Max:  0.0, Diff:  0.0, Sum:  0.0, Workers: 4
[1383.715s][debug][gc,phases      ] GC(75)     Dead                           Min: 0, Avg:  0.0, Max: 0, Diff: 0, Sum: 0, Workers: 4
[1383.715s][debug][gc,phases      ] GC(75)     Total                          Min: 0, Avg: 13.0, Max: 52, Diff: 52, Sum: 52, Workers: 4
[1383.715s][debug][gc,phases      ] GC(75)   StringDedup Table Weak         Min:  0.0, Avg:  0.0, Max:  0.0, Diff:  0.0, Sum:  0.0, Workers: 4
[1383.715s][debug][gc,phases      ] GC(75)     Dead                           Min: 0, Avg:  0.0, Max: 0, Diff: 0, Sum: 0, Workers: 4
[1383.715s][debug][gc,phases      ] GC(75)     Total                          Min: 0, Avg:  0.0, Max: 0, Diff: 0, Sum: 0, Workers: 4
[1383.715s][debug][gc,phases      ] GC(75)   StringDedup Requests0 Weak     Min:  0.0, Avg:  0.0, Max:  0.0, Diff:  0.0, Sum:  0.0, Workers: 4
[1383.715s][debug][gc,phases      ] GC(75)     Dead                           Min: 0, Avg:  0.0, Max: 0, Diff: 0, Sum: 0, Workers: 4
[1383.715s][debug][gc,phases      ] GC(75)     Total                          Min: 0, Avg:  0.0, Max: 0, Diff: 0, Sum: 0, Workers: 4
[1383.715s][debug][gc,phases      ] GC(75)   StringDedup Requests1 Weak     Min:  0.0, Avg:  0.0, Max:  0.0, Diff:  0.0, Sum:  0.0, Workers: 4
[1383.715s][debug][gc,phases      ] GC(75)     Dead                           Min: 0, Avg:  0.0, Max: 0, Diff: 0, Sum: 0, Workers: 4
[1383.715s][debug][gc,phases      ] GC(75)     Total                          Min: 0, Avg:  0.0, Max: 0, Diff: 0, Sum: 0, Workers: 4
[1383.715s][debug][gc,phases      ] GC(75)   Weak JFR Old Object Samples    Min:  0.0, Avg:  0.0, Max:  0.0, Diff:  0.0, Sum:  0.0, Workers: 4
[1383.715s][debug][gc,phases      ] GC(75)     Dead                           Min: 0, Avg:  0.0, Max: 0, Diff: 0, Sum: 0, Workers: 4
[1383.715s][debug][gc,phases      ] GC(75)     Total                          Min: 0, Avg:  0.0, Max: 0, Diff: 0, Sum: 0, Workers: 4
[1383.715s][debug][gc,phases      ] GC(75) Weak Processing 0.378ms
[1383.715s][debug][gc,age         ] GC(75) Desired survivor size 11534336 bytes, new threshold 1 (max threshold 15)
[1383.715s][info ][gc,heap        ] GC(75) PSYoungGen: 2076177K(2084352K)->4288K(2085888K) Eden: 2072001K(2072064K)->0K(2074112K) From: 4176K(12288K)->4288K(11776K)
[1383.715s][info ][gc,heap        ] GC(75) ParOldGen: 278435K(330240K)->279303K(330240K)
[1383.715s][info ][gc,metaspace   ] GC(75) Metaspace: 106233K(107584K)->106233K(107584K) NonClass: 90193K(90944K)->90193K(90944K) Class: 16039K(16640K)->16039K(16640K)
[1383.715s][info ][gc             ] GC(75) Pause Young (Allocation Failure) 2299M->276M(2359M) 3.997ms
[1383.715s][info ][gc,cpu         ] GC(75) User=0.01s Sys=0.00s Real=0.01s
[1383.715s][info ][safepoint      ] Safepoint "ParallelGCFailedAllocation", Time since last: 1754529900 ns, Reaching safepoint: 4900 ns, Cleanup: 3800 ns, At safepoint: 4053715 ns, Total: 4062415 ns
[1395.716s][info ][safepoint      ] Safepoint "Cleanup", Time since last: 12000876517 ns, Reaching safepoint: 4800 ns, Cleanup: 6700 ns, At safepoint: 2200 ns, Total: 13700 ns
[1397.716s][info ][safepoint      ] Safepoint "Cleanup", Time since last: 2000184581 ns, Reaching safepoint: 5600 ns, Cleanup: 8600 ns, At safepoint: 2100 ns, Total: 16300 ns
[1407.402s][info ][gc,start       ] GC(76) Pause Young (Allocation Failure)
[1407.405s][debug][gc,phases      ] GC(76) Scavenge 3.671ms
[1407.405s][debug][gc,ref         ] GC(76) ReferenceProcessor::execute queues: 1, RefProcThreadModel::Single, marks_oops_alive: false
[1407.405s][debug][gc,ref         ] GC(76) Skipped KeepAliveFinalRefsPhase of Reference Processing: no references
[1407.405s][debug][gc,ref         ] GC(76) Skipped PhantomRefsPhase of Reference Processing: no references
[1407.405s][debug][gc,phases      ] GC(76) Reference Processing 0.110ms
[1407.406s][debug][gc,phases      ] GC(76)   VM Weak                        Min:  0.0, Avg:  0.0, Max:  0.0, Diff:  0.0, Sum:  0.0, Workers: 4
[1407.406s][debug][gc,phases      ] GC(76)     Dead                           Min: 0, Avg:  0.0, Max: 0, Diff: 0, Sum: 0, Workers: 4
[1407.406s][debug][gc,phases      ] GC(76)     Total                          Min: 0, Avg: 257.8, Max: 1031, Diff: 1031, Sum: 1031, Workers: 4
[1407.406s][debug][gc,phases      ] GC(76)   ObjectSynchronizer Weak        Min:  0.0, Avg:  0.0, Max:  0.0, Diff:  0.0, Sum:  0.0, Workers: 4
[1407.406s][debug][gc,phases      ] GC(76)     Dead                           Min: 0, Avg:  0.0, Max: 0, Diff: 0, Sum: 0, Workers: 4
[1407.406s][debug][gc,phases      ] GC(76)     Total                          Min: 0, Avg:  0.8, Max: 3, Diff: 3, Sum: 3, Workers: 4
[1407.406s][debug][gc,phases      ] GC(76)   JVMTI Tag Weak OopStorage      Min:  0.0, Avg:  0.0, Max:  0.0, Diff:  0.0, Sum:  0.0, Workers: 4
[1407.406s][debug][gc,phases      ] GC(76)     Dead                           Min: 0, Avg:  0.0, Max: 0, Diff: 0, Sum: 0, Workers: 4
[1407.406s][debug][gc,phases      ] GC(76)     Total                          Min: 0, Avg:  0.0, Max: 0, Diff: 0, Sum: 0, Workers: 4
[1407.406s][debug][gc,phases      ] GC(76)   StringTable Weak               Min:  0.0, Avg:  0.1, Max:  0.1, Diff:  0.1, Sum:  0.4, Workers: 4
[1407.406s][debug][gc,phases      ] GC(76)     Dead                           Min: 0, Avg:  0.0, Max: 0, Diff: 0, Sum: 0, Workers: 4
[1407.406s][debug][gc,phases      ] GC(76)     Total                          Min: 0, Avg: 11560.2, Max: 19681, Diff: 19681, Sum: 46241, Workers: 4
[1407.406s][debug][gc,phases      ] GC(76)   ResolvedMethodTable Weak       Min:  0.0, Avg:  0.0, Max:  0.0, Diff:  0.0, Sum:  0.1, Workers: 4
[1407.406s][debug][gc,phases      ] GC(76)     Dead                           Min: 0, Avg:  4.0, Max: 8, Diff: 8, Sum: 16, Workers: 4
[1407.406s][debug][gc,phases      ] GC(76)     Total                          Min: 0, Avg: 3836.2, Max: 6447, Diff: 6447, Sum: 15345, Workers: 4
[1407.406s][debug][gc,phases      ] GC(76)   JNI Weak                       Min:  0.0, Avg:  0.0, Max:  0.0, Diff:  0.0, Sum:  0.0, Workers: 4
[1407.406s][debug][gc,phases      ] GC(76)     Dead                           Min: 0, Avg:  0.0, Max: 0, Diff: 0, Sum: 0, Workers: 4
[1407.406s][debug][gc,phases      ] GC(76)     Total                          Min: 0, Avg: 13.0, Max: 52, Diff: 52, Sum: 52, Workers: 4
[1407.406s][debug][gc,phases      ] GC(76)   StringDedup Table Weak         Min:  0.0, Avg:  0.0, Max:  0.0, Diff:  0.0, Sum:  0.0, Workers: 4
[1407.406s][debug][gc,phases      ] GC(76)     Dead                           Min: 0, Avg:  0.0, Max: 0, Diff: 0, Sum: 0, Workers: 4
[1407.406s][debug][gc,phases      ] GC(76)     Total                          Min: 0, Avg:  0.0, Max: 0, Diff: 0, Sum: 0, Workers: 4
[1407.406s][debug][gc,phases      ] GC(76)   StringDedup Requests0 Weak     Min:  0.0, Avg:  0.0, Max:  0.0, Diff:  0.0, Sum:  0.0, Workers: 4
[1407.406s][debug][gc,phases      ] GC(76)     Dead                           Min: 0, Avg:  0.0, Max: 0, Diff: 0, Sum: 0, Workers: 4
[1407.406s][debug][gc,phases      ] GC(76)     Total                          Min: 0, Avg:  0.0, Max: 0, Diff: 0, Sum: 0, Workers: 4
[1407.406s][debug][gc,phases      ] GC(76)   StringDedup Requests1 Weak     Min:  0.0, Avg:  0.0, Max:  0.0, Diff:  0.0, Sum:  0.0, Workers: 4
[1407.406s][debug][gc,phases      ] GC(76)     Dead                           Min: 0, Avg:  0.0, Max: 0, Diff: 0, Sum: 0, Workers: 4
[1407.406s][debug][gc,phases      ] GC(76)     Total                          Min: 0, Avg:  0.0, Max: 0, Diff: 0, Sum: 0, Workers: 4
[1407.406s][debug][gc,phases      ] GC(76)   Weak JFR Old Object Samples    Min:  0.0, Avg:  0.0, Max:  0.0, Diff:  0.0, Sum:  0.0, Workers: 4
[1407.406s][debug][gc,phases      ] GC(76)     Dead                           Min: 0, Avg:  0.0, Max: 0, Diff: 0, Sum: 0, Workers: 4
[1407.406s][debug][gc,phases      ] GC(76)     Total                          Min: 0, Avg:  0.0, Max: 0, Diff: 0, Sum: 0, Workers: 4
[1407.406s][debug][gc,phases      ] GC(76) Weak Processing 0.375ms
[1407.406s][debug][gc,age         ] GC(76) Desired survivor size 11010048 bytes, new threshold 1 (max threshold 15)
[1407.406s][info ][gc,heap        ] GC(76) PSYoungGen: 2078400K(2085888K)->4866K(2085376K) Eden: 2074112K(2074112K)->0K(2074112K) From: 4288K(11776K)->4866K(11264K)
[1407.406s][info ][gc,heap        ] GC(76) ParOldGen: 279303K(330240K)->279975K(330240K)
[1407.406s][info ][gc,metaspace   ] GC(76) Metaspace: 106236K(107648K)->106236K(107648K) NonClass: 90197K(91008K)->90197K(91008K) Class: 16039K(16640K)->16039K(16640K)
[1407.406s][info ][gc             ] GC(76) Pause Young (Allocation Failure) 2302M->278M(2359M) 4.257ms
[1407.406s][info ][gc,cpu         ] GC(76) User=0.01s Sys=0.00s Real=0.01s
[1407.406s][info ][safepoint      ] Safepoint "ParallelGCFailedAllocation", Time since last: 9685019984 ns, Reaching safepoint: 85000 ns, Cleanup: 4100 ns, At safepoint: 4327916 ns, Total: 4417016 ns
[1414.407s][info ][safepoint      ] Safepoint "Cleanup", Time since last: 7000516849 ns, Reaching safepoint: 79800 ns, Cleanup: 9000 ns, At safepoint: 5800 ns, Total: 94600 ns
[1425.407s][info ][safepoint      ] Safepoint "Cleanup", Time since last: 11000858648 ns, Reaching safepoint: 75900 ns, Cleanup: 8000 ns, At safepoint: 4800 ns, Total: 88700 ns
[1430.954s][info ][gc,start       ] GC(77) Pause Young (Allocation Failure)
[1430.958s][debug][gc,phases      ] GC(77) Scavenge 3.554ms
[1430.958s][debug][gc,ref         ] GC(77) ReferenceProcessor::execute queues: 1, RefProcThreadModel::Single, marks_oops_alive: false
[1430.958s][debug][gc,ref         ] GC(77) Skipped KeepAliveFinalRefsPhase of Reference Processing: no references
[1430.958s][debug][gc,ref         ] GC(77) Skipped PhantomRefsPhase of Reference Processing: no references
[1430.958s][debug][gc,phases      ] GC(77) Reference Processing 0.099ms
[1430.958s][debug][gc,phases      ] GC(77)   VM Weak                        Min:  0.0, Avg:  0.0, Max:  0.0, Diff:  0.0, Sum:  0.0, Workers: 4
[1430.958s][debug][gc,phases      ] GC(77)     Dead                           Min: 0, Avg:  0.0, Max: 0, Diff: 0, Sum: 0, Workers: 4
[1430.958s][debug][gc,phases      ] GC(77)     Total                          Min: 0, Avg: 257.8, Max: 647, Diff: 647, Sum: 1031, Workers: 4
[1430.958s][debug][gc,phases      ] GC(77)   ObjectSynchronizer Weak        Min:  0.0, Avg:  0.0, Max:  0.0, Diff:  0.0, Sum:  0.0, Workers: 4
[1430.958s][debug][gc,phases      ] GC(77)     Dead                           Min: 0, Avg:  0.0, Max: 0, Diff: 0, Sum: 0, Workers: 4
[1430.958s][debug][gc,phases      ] GC(77)     Total                          Min: 0, Avg:  0.8, Max: 3, Diff: 3, Sum: 3, Workers: 4
[1430.958s][debug][gc,phases      ] GC(77)   JVMTI Tag Weak OopStorage      Min:  0.0, Avg:  0.0, Max:  0.0, Diff:  0.0, Sum:  0.0, Workers: 4
[1430.958s][debug][gc,phases      ] GC(77)     Dead                           Min: 0, Avg:  0.0, Max: 0, Diff: 0, Sum: 0, Workers: 4
[1430.958s][debug][gc,phases      ] GC(77)     Total                          Min: 0, Avg:  0.0, Max: 0, Diff: 0, Sum: 0, Workers: 4
[1430.958s][debug][gc,phases      ] GC(77)   StringTable Weak               Min:  0.1, Avg:  0.1, Max:  0.1, Diff:  0.0, Sum:  0.5, Workers: 4
[1430.958s][debug][gc,phases      ] GC(77)     Dead                           Min: 0, Avg:  0.0, Max: 0, Diff: 0, Sum: 0, Workers: 4
[1430.958s][debug][gc,phases      ] GC(77)     Total                          Min: 11008, Avg: 11560.2, Max: 11904, Diff: 896, Sum: 46241, Workers: 4
[1430.958s][debug][gc,phases      ] GC(77)   ResolvedMethodTable Weak       Min:  0.0, Avg:  0.0, Max:  0.0, Diff:  0.0, Sum:  0.2, Workers: 4
[1430.958s][debug][gc,phases      ] GC(77)     Dead                           Min: 0, Avg:  4.0, Max: 8, Diff: 8, Sum: 16, Workers: 4
[1430.958s][debug][gc,phases      ] GC(77)     Total                          Min: 3760, Avg: 3836.2, Max: 3901, Diff: 141, Sum: 15345, Workers: 4
[1430.958s][debug][gc,phases      ] GC(77)   JNI Weak                       Min:  0.0, Avg:  0.0, Max:  0.0, Diff:  0.0, Sum:  0.0, Workers: 4
[1430.958s][debug][gc,phases      ] GC(77)     Dead                           Min: 0, Avg:  0.0, Max: 0, Diff: 0, Sum: 0, Workers: 4
[1430.958s][debug][gc,phases      ] GC(77)     Total                          Min: 0, Avg: 13.0, Max: 52, Diff: 52, Sum: 52, Workers: 4
[1430.958s][debug][gc,phases      ] GC(77)   StringDedup Table Weak         Min:  0.0, Avg:  0.0, Max:  0.0, Diff:  0.0, Sum:  0.0, Workers: 4
[1430.958s][debug][gc,phases      ] GC(77)     Dead                           Min: 0, Avg:  0.0, Max: 0, Diff: 0, Sum: 0, Workers: 4
[1430.958s][debug][gc,phases      ] GC(77)     Total                          Min: 0, Avg:  0.0, Max: 0, Diff: 0, Sum: 0, Workers: 4
[1430.958s][debug][gc,phases      ] GC(77)   StringDedup Requests0 Weak     Min:  0.0, Avg:  0.0, Max:  0.0, Diff:  0.0, Sum:  0.0, Workers: 4
[1430.958s][debug][gc,phases      ] GC(77)     Dead                           Min: 0, Avg:  0.0, Max: 0, Diff: 0, Sum: 0, Workers: 4
[1430.958s][debug][gc,phases      ] GC(77)     Total                          Min: 0, Avg:  0.0, Max: 0, Diff: 0, Sum: 0, Workers: 4
[1430.958s][debug][gc,phases      ] GC(77)   StringDedup Requests1 Weak     Min:  0.0, Avg:  0.0, Max:  0.0, Diff:  0.0, Sum:  0.0, Workers: 4
[1430.958s][debug][gc,phases      ] GC(77)     Dead                           Min: 0, Avg:  0.0, Max: 0, Diff: 0, Sum: 0, Workers: 4
[1430.958s][debug][gc,phases      ] GC(77)     Total                          Min: 0, Avg:  0.0, Max: 0, Diff: 0, Sum: 0, Workers: 4
[1430.958s][debug][gc,phases      ] GC(77)   Weak JFR Old Object Samples    Min:  0.0, Avg:  0.0, Max:  0.0, Diff:  0.0, Sum:  0.0, Workers: 4
[1430.958s][debug][gc,phases      ] GC(77)     Dead                           Min: 0, Avg:  0.0, Max: 0, Diff: 0, Sum: 0, Workers: 4
[1430.958s][debug][gc,phases      ] GC(77)     Total                          Min: 0, Avg:  0.0, Max: 0, Diff: 0, Sum: 0, Workers: 4
[1430.958s][debug][gc,phases      ] GC(77) Weak Processing 0.369ms
[1430.958s][debug][gc,age         ] GC(77) Desired survivor size 10485760 bytes, new threshold 1 (max threshold 15)
[1430.958s][info ][gc,heap        ] GC(77) PSYoungGen: 2078978K(2085376K)->4233K(2086912K) Eden: 2074112K(2074112K)->0K(2076160K) From: 4866K(11264K)->4233K(10752K)
[1430.958s][info ][gc,heap        ] GC(77) ParOldGen: 279975K(330240K)->281342K(330240K)
[1430.958s][info ][gc,metaspace   ] GC(77) Metaspace: 106237K(107648K)->106237K(107648K) NonClass: 90198K(91008K)->90198K(91008K) Class: 16039K(16640K)->16039K(16640K)
[1430.958s][info ][gc             ] GC(77) Pause Young (Allocation Failure) 2303M->278M(2360M) 4.135ms
[1430.958s][info ][gc,cpu         ] GC(77) User=0.02s Sys=0.00s Real=0.01s
[1430.958s][info ][safepoint      ] Safepoint "ParallelGCFailedAllocation", Time since last: 5546497978 ns, Reaching safepoint: 5000 ns, Cleanup: 3500 ns, At safepoint: 4193915 ns, Total: 4202415 ns
[1453.913s][info ][gc,start       ] GC(78) Pause Young (Allocation Failure)
[1453.917s][debug][gc,phases      ] GC(78) Scavenge 3.882ms
[1453.917s][debug][gc,ref         ] GC(78) ReferenceProcessor::execute queues: 1, RefProcThreadModel::Single, marks_oops_alive: false
[1453.917s][debug][gc,ref         ] GC(78) Skipped KeepAliveFinalRefsPhase of Reference Processing: no references
[1453.917s][debug][gc,ref         ] GC(78) Skipped PhantomRefsPhase of Reference Processing: no references
[1453.917s][debug][gc,phases      ] GC(78) Reference Processing 0.098ms
[1453.917s][debug][gc,phases      ] GC(78)   VM Weak                        Min:  0.0, Avg:  0.0, Max:  0.0, Diff:  0.0, Sum:  0.0, Workers: 4
[1453.917s][debug][gc,phases      ] GC(78)     Dead                           Min: 0, Avg:  0.0, Max: 0, Diff: 0, Sum: 0, Workers: 4
[1453.917s][debug][gc,phases      ] GC(78)     Total                          Min: 0, Avg: 257.8, Max: 775, Diff: 775, Sum: 1031, Workers: 4
[1453.917s][debug][gc,phases      ] GC(78)   ObjectSynchronizer Weak        Min:  0.0, Avg:  0.0, Max:  0.0, Diff:  0.0, Sum:  0.0, Workers: 4
[1453.917s][debug][gc,phases      ] GC(78)     Dead                           Min: 0, Avg:  0.0, Max: 0, Diff: 0, Sum: 0, Workers: 4
[1453.917s][debug][gc,phases      ] GC(78)     Total                          Min: 0, Avg:  0.8, Max: 3, Diff: 3, Sum: 3, Workers: 4
[1453.917s][debug][gc,phases      ] GC(78)   JVMTI Tag Weak OopStorage      Min:  0.0, Avg:  0.0, Max:  0.0, Diff:  0.0, Sum:  0.0, Workers: 4
[1453.917s][debug][gc,phases      ] GC(78)     Dead                           Min: 0, Avg:  0.0, Max: 0, Diff: 0, Sum: 0, Workers: 4
[1453.917s][debug][gc,phases      ] GC(78)     Total                          Min: 0, Avg:  0.0, Max: 0, Diff: 0, Sum: 0, Workers: 4
[1453.917s][debug][gc,phases      ] GC(78)   StringTable Weak               Min:  0.0, Avg:  0.1, Max:  0.1, Diff:  0.1, Sum:  0.4, Workers: 4
[1453.917s][debug][gc,phases      ] GC(78)     Dead                           Min: 0, Avg:  0.0, Max: 0, Diff: 0, Sum: 0, Workers: 4
[1453.917s][debug][gc,phases      ] GC(78)     Total                          Min: 0, Avg: 11560.2, Max: 19584, Diff: 19584, Sum: 46241, Workers: 4
[1453.917s][debug][gc,phases      ] GC(78)   ResolvedMethodTable Weak       Min:  0.0, Avg:  0.0, Max:  0.0, Diff:  0.0, Sum:  0.1, Workers: 4
[1453.917s][debug][gc,phases      ] GC(78)     Dead                           Min: 0, Avg:  0.0, Max: 0, Diff: 0, Sum: 0, Workers: 4
[1453.917s][debug][gc,phases      ] GC(78)     Total                          Min: 0, Avg: 3836.2, Max: 6578, Diff: 6578, Sum: 15345, Workers: 4
[1453.917s][debug][gc,phases      ] GC(78)   JNI Weak                       Min:  0.0, Avg:  0.0, Max:  0.0, Diff:  0.0, Sum:  0.0, Workers: 4
[1453.917s][debug][gc,phases      ] GC(78)     Dead                           Min: 0, Avg:  0.0, Max: 0, Diff: 0, Sum: 0, Workers: 4
[1453.917s][debug][gc,phases      ] GC(78)     Total                          Min: 0, Avg: 13.0, Max: 52, Diff: 52, Sum: 52, Workers: 4
[1453.917s][debug][gc,phases      ] GC(78)   StringDedup Table Weak         Min:  0.0, Avg:  0.0, Max:  0.0, Diff:  0.0, Sum:  0.0, Workers: 4
[1453.917s][debug][gc,phases      ] GC(78)     Dead                           Min: 0, Avg:  0.0, Max: 0, Diff: 0, Sum: 0, Workers: 4
[1453.917s][debug][gc,phases      ] GC(78)     Total                          Min: 0, Avg:  0.0, Max: 0, Diff: 0, Sum: 0, Workers: 4
[1453.917s][debug][gc,phases      ] GC(78)   StringDedup Requests0 Weak     Min:  0.0, Avg:  0.0, Max:  0.0, Diff:  0.0, Sum:  0.0, Workers: 4
[1453.917s][debug][gc,phases      ] GC(78)     Dead                           Min: 0, Avg:  0.0, Max: 0, Diff: 0, Sum: 0, Workers: 4
[1453.917s][debug][gc,phases      ] GC(78)     Total                          Min: 0, Avg:  0.0, Max: 0, Diff: 0, Sum: 0, Workers: 4
[1453.917s][debug][gc,phases      ] GC(78)   StringDedup Requests1 Weak     Min:  0.0, Avg:  0.0, Max:  0.0, Diff:  0.0, Sum:  0.0, Workers: 4
[1453.917s][debug][gc,phases      ] GC(78)     Dead                           Min: 0, Avg:  0.0, Max: 0, Diff: 0, Sum: 0, Workers: 4
[1453.917s][debug][gc,phases      ] GC(78)     Total                          Min: 0, Avg:  0.0, Max: 0, Diff: 0, Sum: 0, Workers: 4
[1453.917s][debug][gc,phases      ] GC(78)   Weak JFR Old Object Samples    Min:  0.0, Avg:  0.0, Max:  0.0, Diff:  0.0, Sum:  0.0, Workers: 4
[1453.917s][debug][gc,phases      ] GC(78)     Dead                           Min: 0, Avg:  0.0, Max: 0, Diff: 0, Sum: 0, Workers: 4
[1453.917s][debug][gc,phases      ] GC(78)     Total                          Min: 0, Avg:  0.0, Max: 0, Diff: 0, Sum: 0, Workers: 4
[1453.917s][debug][gc,phases      ] GC(78) Weak Processing 0.389ms
[1453.917s][debug][gc,age         ] GC(78) Desired survivor size 9961472 bytes, new threshold 1 (max threshold 15)
[1453.917s][info ][gc,heap        ] GC(78) PSYoungGen: 2080224K(2086912K)->4624K(2086400K) Eden: 2075991K(2076160K)->0K(2076160K) From: 4233K(10752K)->4624K(10240K)
[1453.917s][info ][gc,heap        ] GC(78) ParOldGen: 281342K(330240K)->282135K(330240K)
[1453.917s][info ][gc,metaspace   ] GC(78) Metaspace: 106241K(107648K)->106241K(107648K) NonClass: 90202K(91008K)->90202K(91008K) Class: 16039K(16640K)->16039K(16640K)
[1453.917s][info ][gc             ] GC(78) Pause Young (Allocation Failure) 2306M->280M(2360M) 4.482ms
[1453.917s][info ][gc,cpu         ] GC(78) User=0.02s Sys=0.00s Real=0.01s
[1453.917s][info ][safepoint      ] Safepoint "ParallelGCFailedAllocation", Time since last: 22954587648 ns, Reaching safepoint: 5200 ns, Cleanup: 3200 ns, At safepoint: 4540517 ns, Total: 4548917 ns
[1467.919s][info ][safepoint      ] Safepoint "Cleanup", Time since last: 14001181138 ns, Reaching safepoint: 5900 ns, Cleanup: 9500 ns, At safepoint: 2100 ns, Total: 17500 ns
[1468.919s][info ][safepoint      ] Safepoint "Cleanup", Time since last: 1000116304 ns, Reaching safepoint: 5400 ns, Cleanup: 7800 ns, At safepoint: 2400 ns, Total: 15600 ns
[1471.919s][info ][safepoint      ] Safepoint "Cleanup", Time since last: 3000289675 ns, Reaching safepoint: 5700 ns, Cleanup: 11800 ns, At safepoint: 2200 ns, Total: 19700 ns
[1477.093s][info ][gc,start       ] GC(79) Pause Young (Allocation Failure)
[1477.097s][debug][gc,phases      ] GC(79) Scavenge 3.658ms
[1477.097s][debug][gc,ref         ] GC(79) ReferenceProcessor::execute queues: 1, RefProcThreadModel::Single, marks_oops_alive: false
[1477.097s][debug][gc,ref         ] GC(79) Skipped KeepAliveFinalRefsPhase of Reference Processing: no references
[1477.097s][debug][gc,ref         ] GC(79) Skipped PhantomRefsPhase of Reference Processing: no references
[1477.097s][debug][gc,phases      ] GC(79) Reference Processing 0.100ms
[1477.097s][debug][gc,phases      ] GC(79)   VM Weak                        Min:  0.0, Avg:  0.0, Max:  0.0, Diff:  0.0, Sum:  0.0, Workers: 4
[1477.097s][debug][gc,phases      ] GC(79)     Dead                           Min: 0, Avg:  0.0, Max: 0, Diff: 0, Sum: 0, Workers: 4
[1477.097s][debug][gc,phases      ] GC(79)     Total                          Min: 0, Avg: 257.8, Max: 576, Diff: 576, Sum: 1031, Workers: 4
[1477.097s][debug][gc,phases      ] GC(79)   ObjectSynchronizer Weak        Min:  0.0, Avg:  0.0, Max:  0.0, Diff:  0.0, Sum:  0.0, Workers: 4
[1477.097s][debug][gc,phases      ] GC(79)     Dead                           Min: 0, Avg:  0.0, Max: 0, Diff: 0, Sum: 0, Workers: 4
[1477.097s][debug][gc,phases      ] GC(79)     Total                          Min: 0, Avg:  0.8, Max: 3, Diff: 3, Sum: 3, Workers: 4
[1477.097s][debug][gc,phases      ] GC(79)   JVMTI Tag Weak OopStorage      Min:  0.0, Avg:  0.0, Max:  0.0, Diff:  0.0, Sum:  0.0, Workers: 4
[1477.097s][debug][gc,phases      ] GC(79)     Dead                           Min: 0, Avg:  0.0, Max: 0, Diff: 0, Sum: 0, Workers: 4
[1477.097s][debug][gc,phases      ] GC(79)     Total                          Min: 0, Avg:  0.0, Max: 0, Diff: 0, Sum: 0, Workers: 4
[1477.097s][debug][gc,phases      ] GC(79)   StringTable Weak               Min:  0.0, Avg:  0.1, Max:  0.1, Diff:  0.1, Sum:  0.4, Workers: 4
[1477.097s][debug][gc,phases      ] GC(79)     Dead                           Min: 0, Avg:  0.0, Max: 0, Diff: 0, Sum: 0, Workers: 4
[1477.097s][debug][gc,phases      ] GC(79)     Total                          Min: 0, Avg: 11560.2, Max: 20480, Diff: 20480, Sum: 46241, Workers: 4
[1477.097s][debug][gc,phases      ] GC(79)   ResolvedMethodTable Weak       Min:  0.0, Avg:  0.0, Max:  0.0, Diff:  0.0, Sum:  0.1, Workers: 4
[1477.097s][debug][gc,phases      ] GC(79)     Dead                           Min: 0, Avg:  4.0, Max: 16, Diff: 16, Sum: 16, Workers: 4
[1477.097s][debug][gc,phases      ] GC(79)     Total                          Min: 0, Avg: 3836.2, Max: 6599, Diff: 6599, Sum: 15345, Workers: 4
[1477.097s][debug][gc,phases      ] GC(79)   JNI Weak                       Min:  0.0, Avg:  0.0, Max:  0.0, Diff:  0.0, Sum:  0.0, Workers: 4
[1477.097s][debug][gc,phases      ] GC(79)     Dead                           Min: 0, Avg:  0.0, Max: 0, Diff: 0, Sum: 0, Workers: 4
[1477.097s][debug][gc,phases      ] GC(79)     Total                          Min: 0, Avg: 13.0, Max: 52, Diff: 52, Sum: 52, Workers: 4
[1477.097s][debug][gc,phases      ] GC(79)   StringDedup Table Weak         Min:  0.0, Avg:  0.0, Max:  0.0, Diff:  0.0, Sum:  0.0, Workers: 4
[1477.097s][debug][gc,phases      ] GC(79)     Dead                           Min: 0, Avg:  0.0, Max: 0, Diff: 0, Sum: 0, Workers: 4
[1477.097s][debug][gc,phases      ] GC(79)     Total                          Min: 0, Avg:  0.0, Max: 0, Diff: 0, Sum: 0, Workers: 4
[1477.097s][debug][gc,phases      ] GC(79)   StringDedup Requests0 Weak     Min:  0.0, Avg:  0.0, Max:  0.0, Diff:  0.0, Sum:  0.0, Workers: 4
[1477.097s][debug][gc,phases      ] GC(79)     Dead                           Min: 0, Avg:  0.0, Max: 0, Diff: 0, Sum: 0, Workers: 4
[1477.097s][debug][gc,phases      ] GC(79)     Total                          Min: 0, Avg:  0.0, Max: 0, Diff: 0, Sum: 0, Workers: 4
[1477.097s][debug][gc,phases      ] GC(79)   StringDedup Requests1 Weak     Min:  0.0, Avg:  0.0, Max:  0.0, Diff:  0.0, Sum:  0.0, Workers: 4
[1477.097s][debug][gc,phases      ] GC(79)     Dead                           Min: 0, Avg:  0.0, Max: 0, Diff: 0, Sum: 0, Workers: 4
[1477.097s][debug][gc,phases      ] GC(79)     Total                          Min: 0, Avg:  0.0, Max: 0, Diff: 0, Sum: 0, Workers: 4
[1477.097s][debug][gc,phases      ] GC(79)   Weak JFR Old Object Samples    Min:  0.0, Avg:  0.0, Max:  0.0, Diff:  0.0, Sum:  0.0, Workers: 4
[1477.097s][debug][gc,phases      ] GC(79)     Dead                           Min: 0, Avg:  0.0, Max: 0, Diff: 0, Sum: 0, Workers: 4
[1477.097s][debug][gc,phases      ] GC(79)     Total                          Min: 0, Avg:  0.0, Max: 0, Diff: 0, Sum: 0, Workers: 4
[1477.097s][debug][gc,phases      ] GC(79) Weak Processing 0.396ms
[1477.097s][debug][gc,age         ] GC(79) Desired survivor size 9437184 bytes, new threshold 1 (max threshold 15)
[1477.097s][info ][gc,heap        ] GC(79) PSYoungGen: 2080784K(2086400K)->3968K(2087936K) Eden: 2076160K(2076160K)->0K(2078208K) From: 4624K(10240K)->3968K(9728K)
[1477.097s][info ][gc,heap        ] GC(79) ParOldGen: 282135K(330240K)->283219K(330240K)
[1477.097s][info ][gc,metaspace   ] GC(79) Metaspace: 106250K(107648K)->106250K(107648K) NonClass: 90210K(91008K)->90210K(91008K) Class: 16039K(16640K)->16039K(16640K)
[1477.097s][info ][gc             ] GC(79) Pause Young (Allocation Failure) 2307M->280M(2361M) 4.259ms
[1477.097s][info ][gc,cpu         ] GC(79) User=0.02s Sys=0.00s Real=0.01s
[1477.097s][info ][safepoint      ] Safepoint "ParallelGCFailedAllocation", Time since last: 5174049413 ns, Reaching safepoint: 5200 ns, Cleanup: 3700 ns, At safepoint: 4320415 ns, Total: 4329315 ns
[1485.098s][info ][safepoint      ] Safepoint "Cleanup", Time since last: 8000571993 ns, Reaching safepoint: 5600 ns, Cleanup: 8600 ns, At safepoint: 2000 ns, Total: 16200 ns
[1493.099s][info ][safepoint      ] Safepoint "Cleanup", Time since last: 8000599463 ns, Reaching safepoint: 5400 ns, Cleanup: 10200 ns, At safepoint: 2200 ns, Total: 17800 ns
[1500.352s][info ][gc,start       ] GC(80) Pause Young (Allocation Failure)
[1500.355s][debug][gc,phases      ] GC(80) Scavenge 3.489ms
[1500.356s][debug][gc,ref         ] GC(80) ReferenceProcessor::execute queues: 1, RefProcThreadModel::Single, marks_oops_alive: false
[1500.356s][debug][gc,ref         ] GC(80) Skipped KeepAliveFinalRefsPhase of Reference Processing: no references
[1500.356s][debug][gc,ref         ] GC(80) Skipped PhantomRefsPhase of Reference Processing: no references
[1500.356s][debug][gc,phases      ] GC(80) Reference Processing 0.098ms
[1500.356s][debug][gc,phases      ] GC(80)   VM Weak                        Min:  0.0, Avg:  0.0, Max:  0.0, Diff:  0.0, Sum:  0.0, Workers: 4
[1500.356s][debug][gc,phases      ] GC(80)     Dead                           Min: 0, Avg:  0.0, Max: 0, Diff: 0, Sum: 0, Workers: 4
[1500.356s][debug][gc,phases      ] GC(80)     Total                          Min: 0, Avg: 257.8, Max: 1024, Diff: 1024, Sum: 1031, Workers: 4
[1500.356s][debug][gc,phases      ] GC(80)   ObjectSynchronizer Weak        Min:  0.0, Avg:  0.0, Max:  0.0, Diff:  0.0, Sum:  0.0, Workers: 4
[1500.356s][debug][gc,phases      ] GC(80)     Dead                           Min: 0, Avg:  0.0, Max: 0, Diff: 0, Sum: 0, Workers: 4
[1500.356s][debug][gc,phases      ] GC(80)     Total                          Min: 0, Avg:  0.8, Max: 3, Diff: 3, Sum: 3, Workers: 4
[1500.356s][debug][gc,phases      ] GC(80)   JVMTI Tag Weak OopStorage      Min:  0.0, Avg:  0.0, Max:  0.0, Diff:  0.0, Sum:  0.0, Workers: 4
[1500.356s][debug][gc,phases      ] GC(80)     Dead                           Min: 0, Avg:  0.0, Max: 0, Diff: 0, Sum: 0, Workers: 4
[1500.356s][debug][gc,phases      ] GC(80)     Total                          Min: 0, Avg:  0.0, Max: 0, Diff: 0, Sum: 0, Workers: 4
[1500.356s][debug][gc,phases      ] GC(80)   StringTable Weak               Min:  0.0, Avg:  0.1, Max:  0.1, Diff:  0.1, Sum:  0.4, Workers: 4
[1500.356s][debug][gc,phases      ] GC(80)     Dead                           Min: 0, Avg:  0.0, Max: 0, Diff: 0, Sum: 0, Workers: 4
[1500.356s][debug][gc,phases      ] GC(80)     Total                          Min: 0, Avg: 11560.2, Max: 19840, Diff: 19840, Sum: 46241, Workers: 4
[1500.356s][debug][gc,phases      ] GC(80)   ResolvedMethodTable Weak       Min:  0.0, Avg:  0.0, Max:  0.0, Diff:  0.0, Sum:  0.1, Workers: 4
[1500.356s][debug][gc,phases      ] GC(80)     Dead                           Min: 0, Avg:  4.0, Max: 16, Diff: 16, Sum: 16, Workers: 4
[1500.356s][debug][gc,phases      ] GC(80)     Total                          Min: 0, Avg: 3836.2, Max: 6435, Diff: 6435, Sum: 15345, Workers: 4
[1500.356s][debug][gc,phases      ] GC(80)   JNI Weak                       Min:  0.0, Avg:  0.0, Max:  0.0, Diff:  0.0, Sum:  0.0, Workers: 4
[1500.356s][debug][gc,phases      ] GC(80)     Dead                           Min: 0, Avg:  0.0, Max: 0, Diff: 0, Sum: 0, Workers: 4
[1500.356s][debug][gc,phases      ] GC(80)     Total                          Min: 0, Avg: 13.0, Max: 52, Diff: 52, Sum: 52, Workers: 4
[1500.356s][debug][gc,phases      ] GC(80)   StringDedup Table Weak         Min:  0.0, Avg:  0.0, Max:  0.0, Diff:  0.0, Sum:  0.0, Workers: 4
[1500.356s][debug][gc,phases      ] GC(80)     Dead                           Min: 0, Avg:  0.0, Max: 0, Diff: 0, Sum: 0, Workers: 4
[1500.356s][debug][gc,phases      ] GC(80)     Total                          Min: 0, Avg:  0.0, Max: 0, Diff: 0, Sum: 0, Workers: 4
[1500.356s][debug][gc,phases      ] GC(80)   StringDedup Requests0 Weak     Min:  0.0, Avg:  0.0, Max:  0.0, Diff:  0.0, Sum:  0.0, Workers: 4
[1500.356s][debug][gc,phases      ] GC(80)     Dead                           Min: 0, Avg:  0.0, Max: 0, Diff: 0, Sum: 0, Workers: 4
[1500.356s][debug][gc,phases      ] GC(80)     Total                          Min: 0, Avg:  0.0, Max: 0, Diff: 0, Sum: 0, Workers: 4
[1500.356s][debug][gc,phases      ] GC(80)   StringDedup Requests1 Weak     Min:  0.0, Avg:  0.0, Max:  0.0, Diff:  0.0, Sum:  0.0, Workers: 4
[1500.356s][debug][gc,phases      ] GC(80)     Dead                           Min: 0, Avg:  0.0, Max: 0, Diff: 0, Sum: 0, Workers: 4
[1500.356s][debug][gc,phases      ] GC(80)     Total                          Min: 0, Avg:  0.0, Max: 0, Diff: 0, Sum: 0, Workers: 4
[1500.356s][debug][gc,phases      ] GC(80)   Weak JFR Old Object Samples    Min:  0.0, Avg:  0.0, Max:  0.0, Diff:  0.0, Sum:  0.0, Workers: 4
[1500.356s][debug][gc,phases      ] GC(80)     Dead                           Min: 0, Avg:  0.0, Max: 0, Diff: 0, Sum: 0, Workers: 4
[1500.356s][debug][gc,phases      ] GC(80)     Total                          Min: 0, Avg:  0.0, Max: 0, Diff: 0, Sum: 0, Workers: 4
[1500.356s][debug][gc,phases      ] GC(80) Weak Processing 0.385ms
[1500.356s][debug][gc,age         ] GC(80) Desired survivor size 8912896 bytes, new threshold 1 (max threshold 15)
[1500.356s][info ][gc,heap        ] GC(80) PSYoungGen: 2082176K(2087936K)->4256K(2087424K) Eden: 2078208K(2078208K)->0K(2078208K) From: 3968K(9728K)->4256K(9216K)
[1500.356s][info ][gc,heap        ] GC(80) ParOldGen: 283219K(330240K)->283659K(330240K)
[1500.356s][info ][gc,metaspace   ] GC(80) Metaspace: 106261K(107648K)->106261K(107648K) NonClass: 90222K(91008K)->90222K(91008K) Class: 16039K(16640K)->16039K(16640K)
[1500.356s][info ][gc             ] GC(80) Pause Young (Allocation Failure) 2309M->281M(2361M) 4.075ms
[1500.356s][info ][gc,cpu         ] GC(80) User=0.01s Sys=0.00s Real=0.01s
[1500.356s][info ][safepoint      ] Safepoint "ParallelGCFailedAllocation", Time since last: 7253274781 ns, Reaching safepoint: 81600 ns, Cleanup: 4200 ns, At safepoint: 4139815 ns, Total: 4225615 ns
[1504.356s][info ][safepoint      ] Safepoint "Cleanup", Time since last: 4000326254 ns, Reaching safepoint: 75099 ns, Cleanup: 11500 ns, At safepoint: 4900 ns, Total: 91499 ns
[1510.357s][info ][safepoint      ] Safepoint "Cleanup", Time since last: 6000451298 ns, Reaching safepoint: 79000 ns, Cleanup: 8800 ns, At safepoint: 6000 ns, Total: 93800 ns
[1511.357s][info ][safepoint      ] Safepoint "Cleanup", Time since last: 1000095641 ns, Reaching safepoint: 74901 ns, Cleanup: 7400 ns, At safepoint: 4800 ns, Total: 87101 ns
[1512.357s][info ][safepoint      ] Safepoint "Cleanup", Time since last: 1000095128 ns, Reaching safepoint: 75500 ns, Cleanup: 16600 ns, At safepoint: 5400 ns, Total: 97500 ns
[1522.814s][info ][gc,start       ] GC(81) Pause Young (Allocation Failure)
[1522.817s][debug][gc,phases      ] GC(81) Scavenge 3.768ms
[1522.818s][debug][gc,ref         ] GC(81) ReferenceProcessor::execute queues: 1, RefProcThreadModel::Single, marks_oops_alive: false
[1522.818s][debug][gc,ref         ] GC(81) Skipped KeepAliveFinalRefsPhase of Reference Processing: no references
[1522.818s][debug][gc,ref         ] GC(81) ReferenceProcessor::execute queues: 1, RefProcThreadModel::Single, marks_oops_alive: false
[1522.818s][debug][gc,phases      ] GC(81) Reference Processing 0.103ms
[1522.818s][debug][gc,phases      ] GC(81)   VM Weak                        Min:  0.0, Avg:  0.0, Max:  0.0, Diff:  0.0, Sum:  0.0, Workers: 4
[1522.818s][debug][gc,phases      ] GC(81)     Dead                           Min: 0, Avg:  0.0, Max: 0, Diff: 0, Sum: 0, Workers: 4
[1522.818s][debug][gc,phases      ] GC(81)     Total                          Min: 0, Avg: 257.8, Max: 448, Diff: 448, Sum: 1031, Workers: 4
[1522.818s][debug][gc,phases      ] GC(81)   ObjectSynchronizer Weak        Min:  0.0, Avg:  0.0, Max:  0.0, Diff:  0.0, Sum:  0.0, Workers: 4
[1522.818s][debug][gc,phases      ] GC(81)     Dead                           Min: 0, Avg:  0.0, Max: 0, Diff: 0, Sum: 0, Workers: 4
[1522.818s][debug][gc,phases      ] GC(81)     Total                          Min: 0, Avg:  0.8, Max: 3, Diff: 3, Sum: 3, Workers: 4
[1522.818s][debug][gc,phases      ] GC(81)   JVMTI Tag Weak OopStorage      Min:  0.0, Avg:  0.0, Max:  0.0, Diff:  0.0, Sum:  0.0, Workers: 4
[1522.818s][debug][gc,phases      ] GC(81)     Dead                           Min: 0, Avg:  0.0, Max: 0, Diff: 0, Sum: 0, Workers: 4
[1522.818s][debug][gc,phases      ] GC(81)     Total                          Min: 0, Avg:  0.0, Max: 0, Diff: 0, Sum: 0, Workers: 4
[1522.818s][debug][gc,phases      ] GC(81)   StringTable Weak               Min:  0.0, Avg:  0.1, Max:  0.1, Diff:  0.1, Sum:  0.4, Workers: 4
[1522.818s][debug][gc,phases      ] GC(81)     Dead                           Min: 0, Avg:  0.0, Max: 0, Diff: 0, Sum: 0, Workers: 4
[1522.818s][debug][gc,phases      ] GC(81)     Total                          Min: 0, Avg: 11560.8, Max: 19840, Diff: 19840, Sum: 46243, Workers: 4
[1522.818s][debug][gc,phases      ] GC(81)   ResolvedMethodTable Weak       Min:  0.0, Avg:  0.0, Max:  0.0, Diff:  0.0, Sum:  0.1, Workers: 4
[1522.818s][debug][gc,phases      ] GC(81)     Dead                           Min: 0, Avg:  4.0, Max: 16, Diff: 16, Sum: 16, Workers: 4
[1522.818s][debug][gc,phases      ] GC(81)     Total                          Min: 0, Avg: 3836.2, Max: 6403, Diff: 6403, Sum: 15345, Workers: 4
[1522.818s][debug][gc,phases      ] GC(81)   JNI Weak                       Min:  0.0, Avg:  0.0, Max:  0.0, Diff:  0.0, Sum:  0.0, Workers: 4
[1522.818s][debug][gc,phases      ] GC(81)     Dead                           Min: 0, Avg:  0.0, Max: 0, Diff: 0, Sum: 0, Workers: 4
[1522.818s][debug][gc,phases      ] GC(81)     Total                          Min: 0, Avg: 13.0, Max: 52, Diff: 52, Sum: 52, Workers: 4
[1522.818s][debug][gc,phases      ] GC(81)   StringDedup Table Weak         Min:  0.0, Avg:  0.0, Max:  0.0, Diff:  0.0, Sum:  0.0, Workers: 4
[1522.818s][debug][gc,phases      ] GC(81)     Dead                           Min: 0, Avg:  0.0, Max: 0, Diff: 0, Sum: 0, Workers: 4
[1522.818s][debug][gc,phases      ] GC(81)     Total                          Min: 0, Avg:  0.0, Max: 0, Diff: 0, Sum: 0, Workers: 4
[1522.818s][debug][gc,phases      ] GC(81)   StringDedup Requests0 Weak     Min:  0.0, Avg:  0.0, Max:  0.0, Diff:  0.0, Sum:  0.0, Workers: 4
[1522.818s][debug][gc,phases      ] GC(81)     Dead                           Min: 0, Avg:  0.0, Max: 0, Diff: 0, Sum: 0, Workers: 4
[1522.818s][debug][gc,phases      ] GC(81)     Total                          Min: 0, Avg:  0.0, Max: 0, Diff: 0, Sum: 0, Workers: 4
[1522.818s][debug][gc,phases      ] GC(81)   StringDedup Requests1 Weak     Min:  0.0, Avg:  0.0, Max:  0.0, Diff:  0.0, Sum:  0.0, Workers: 4
[1522.818s][debug][gc,phases      ] GC(81)     Dead                           Min: 0, Avg:  0.0, Max: 0, Diff: 0, Sum: 0, Workers: 4
[1522.818s][debug][gc,phases      ] GC(81)     Total                          Min: 0, Avg:  0.0, Max: 0, Diff: 0, Sum: 0, Workers: 4
[1522.818s][debug][gc,phases      ] GC(81)   Weak JFR Old Object Samples    Min:  0.0, Avg:  0.0, Max:  0.0, Diff:  0.0, Sum:  0.0, Workers: 4
[1522.818s][debug][gc,phases      ] GC(81)     Dead                           Min: 0, Avg:  0.0, Max: 0, Diff: 0, Sum: 0, Workers: 4
[1522.818s][debug][gc,phases      ] GC(81)     Total                          Min: 0, Avg:  0.0, Max: 0, Diff: 0, Sum: 0, Workers: 4
[1522.818s][debug][gc,phases      ] GC(81) Weak Processing 0.387ms
[1522.818s][debug][gc,age         ] GC(81) Desired survivor size 8912896 bytes, new threshold 1 (max threshold 15)
[1522.818s][info ][gc,heap        ] GC(81) PSYoungGen: 2082464K(2087424K)->4336K(2088448K) Eden: 2078208K(2078208K)->0K(2079744K) From: 4256K(9216K)->4336K(8704K)
[1522.818s][info ][gc,heap        ] GC(81) ParOldGen: 283659K(330240K)->284435K(330240K)
[1522.818s][info ][gc,metaspace   ] GC(81) Metaspace: 106292K(107648K)->106292K(107648K) NonClass: 90252K(91008K)->90252K(91008K) Class: 16039K(16640K)->16039K(16640K)
[1522.818s][info ][gc             ] GC(81) Pause Young (Allocation Failure) 2310M->282M(2362M) 4.373ms
[1522.818s][info ][gc,cpu         ] GC(81) User=0.01s Sys=0.00s Real=0.01s
[1522.818s][info ][safepoint      ] Safepoint "ParallelGCFailedAllocation", Time since last: 10456247437 ns, Reaching safepoint: 6100 ns, Cleanup: 3900 ns, At safepoint: 4437715 ns, Total: 4447715 ns
[1545.402s][info ][gc,start       ] GC(82) Pause Young (Allocation Failure)
[1545.406s][debug][gc,phases      ] GC(82) Scavenge 3.915ms
[1545.406s][debug][gc,ref         ] GC(82) ReferenceProcessor::execute queues: 1, RefProcThreadModel::Single, marks_oops_alive: false
[1545.406s][debug][gc,ref         ] GC(82) Skipped KeepAliveFinalRefsPhase of Reference Processing: no references
[1545.406s][debug][gc,ref         ] GC(82) ReferenceProcessor::execute queues: 1, RefProcThreadModel::Single, marks_oops_alive: false
[1545.406s][debug][gc,phases      ] GC(82) Reference Processing 0.101ms
[1545.406s][debug][gc,phases      ] GC(82)   VM Weak                        Min:  0.0, Avg:  0.0, Max:  0.0, Diff:  0.0, Sum:  0.0, Workers: 4
[1545.406s][debug][gc,phases      ] GC(82)     Dead                           Min: 0, Avg:  0.0, Max: 0, Diff: 0, Sum: 0, Workers: 4
[1545.406s][debug][gc,phases      ] GC(82)     Total                          Min: 0, Avg: 257.8, Max: 839, Diff: 839, Sum: 1031, Workers: 4
[1545.406s][debug][gc,phases      ] GC(82)   ObjectSynchronizer Weak        Min:  0.0, Avg:  0.0, Max:  0.0, Diff:  0.0, Sum:  0.0, Workers: 4
[1545.406s][debug][gc,phases      ] GC(82)     Dead                           Min: 0, Avg:  0.0, Max: 0, Diff: 0, Sum: 0, Workers: 4
[1545.406s][debug][gc,phases      ] GC(82)     Total                          Min: 0, Avg:  0.8, Max: 3, Diff: 3, Sum: 3, Workers: 4
[1545.406s][debug][gc,phases      ] GC(82)   JVMTI Tag Weak OopStorage      Min:  0.0, Avg:  0.0, Max:  0.0, Diff:  0.0, Sum:  0.0, Workers: 4
[1545.406s][debug][gc,phases      ] GC(82)     Dead                           Min: 0, Avg:  0.0, Max: 0, Diff: 0, Sum: 0, Workers: 4
[1545.406s][debug][gc,phases      ] GC(82)     Total                          Min: 0, Avg:  0.0, Max: 0, Diff: 0, Sum: 0, Workers: 4
[1545.406s][debug][gc,phases      ] GC(82)   StringTable Weak               Min:  0.0, Avg:  0.1, Max:  0.1, Diff:  0.1, Sum:  0.4, Workers: 4
[1545.406s][debug][gc,phases      ] GC(82)     Dead                           Min: 0, Avg:  0.0, Max: 0, Diff: 0, Sum: 0, Workers: 4
[1545.406s][debug][gc,phases      ] GC(82)     Total                          Min: 0, Avg: 11560.8, Max: 20096, Diff: 20096, Sum: 46243, Workers: 4
[1545.406s][debug][gc,phases      ] GC(82)   ResolvedMethodTable Weak       Min:  0.0, Avg:  0.0, Max:  0.0, Diff:  0.0, Sum:  0.1, Workers: 4
[1545.406s][debug][gc,phases      ] GC(82)     Dead                           Min: 0, Avg:  4.0, Max: 16, Diff: 16, Sum: 16, Workers: 4
[1545.406s][debug][gc,phases      ] GC(82)     Total                          Min: 0, Avg: 3836.2, Max: 6112, Diff: 6112, Sum: 15345, Workers: 4
[1545.406s][debug][gc,phases      ] GC(82)   JNI Weak                       Min:  0.0, Avg:  0.0, Max:  0.0, Diff:  0.0, Sum:  0.0, Workers: 4
[1545.406s][debug][gc,phases      ] GC(82)     Dead                           Min: 0, Avg:  0.0, Max: 0, Diff: 0, Sum: 0, Workers: 4
[1545.406s][debug][gc,phases      ] GC(82)     Total                          Min: 0, Avg: 13.0, Max: 52, Diff: 52, Sum: 52, Workers: 4
[1545.406s][debug][gc,phases      ] GC(82)   StringDedup Table Weak         Min:  0.0, Avg:  0.0, Max:  0.0, Diff:  0.0, Sum:  0.0, Workers: 4
[1545.406s][debug][gc,phases      ] GC(82)     Dead                           Min: 0, Avg:  0.0, Max: 0, Diff: 0, Sum: 0, Workers: 4
[1545.406s][debug][gc,phases      ] GC(82)     Total                          Min: 0, Avg:  0.0, Max: 0, Diff: 0, Sum: 0, Workers: 4
[1545.406s][debug][gc,phases      ] GC(82)   StringDedup Requests0 Weak     Min:  0.0, Avg:  0.0, Max:  0.0, Diff:  0.0, Sum:  0.0, Workers: 4
[1545.406s][debug][gc,phases      ] GC(82)     Dead                           Min: 0, Avg:  0.0, Max: 0, Diff: 0, Sum: 0, Workers: 4
[1545.406s][debug][gc,phases      ] GC(82)     Total                          Min: 0, Avg:  0.0, Max: 0, Diff: 0, Sum: 0, Workers: 4
[1545.406s][debug][gc,phases      ] GC(82)   StringDedup Requests1 Weak     Min:  0.0, Avg:  0.0, Max:  0.0, Diff:  0.0, Sum:  0.0, Workers: 4
[1545.406s][debug][gc,phases      ] GC(82)     Dead                           Min: 0, Avg:  0.0, Max: 0, Diff: 0, Sum: 0, Workers: 4
[1545.406s][debug][gc,phases      ] GC(82)     Total                          Min: 0, Avg:  0.0, Max: 0, Diff: 0, Sum: 0, Workers: 4
[1545.406s][debug][gc,phases      ] GC(82)   Weak JFR Old Object Samples    Min:  0.0, Avg:  0.0, Max:  0.0, Diff:  0.0, Sum:  0.0, Workers: 4
[1545.406s][debug][gc,phases      ] GC(82)     Dead                           Min: 0, Avg:  0.0, Max: 0, Diff: 0, Sum: 0, Workers: 4
[1545.406s][debug][gc,phases      ] GC(82)     Total                          Min: 0, Avg:  0.0, Max: 0, Diff: 0, Sum: 0, Workers: 4
[1545.406s][debug][gc,phases      ] GC(82) Weak Processing 0.403ms
[1545.406s][debug][gc,age         ] GC(82) Desired survivor size 8388608 bytes, new threshold 1 (max threshold 15)
[1545.406s][info ][gc,heap        ] GC(82) PSYoungGen: 2084080K(2088448K)->4208K(2088448K) Eden: 2079744K(2079744K)->0K(2079744K) From: 4336K(8704K)->4208K(8704K)
[1545.406s][info ][gc,heap        ] GC(82) ParOldGen: 284435K(330240K)->285275K(330240K)
[1545.406s][info ][gc,metaspace   ] GC(82) Metaspace: 106292K(107648K)->106292K(107648K) NonClass: 90252K(91008K)->90252K(91008K) Class: 16039K(16640K)->16039K(16640K)
[1545.406s][info ][gc             ] GC(82) Pause Young (Allocation Failure) 2313M->282M(2362M) 4.534ms
[1545.406s][info ][gc,cpu         ] GC(82) User=0.01s Sys=0.00s Real=0.01s
[1545.406s][info ][safepoint      ] Safepoint "ParallelGCFailedAllocation", Time since last: 22583371884 ns, Reaching safepoint: 79001 ns, Cleanup: 3600 ns, At safepoint: 4599216 ns, Total: 4681817 ns
[1554.407s][info ][safepoint      ] Safepoint "Cleanup", Time since last: 9000708465 ns, Reaching safepoint: 80401 ns, Cleanup: 6900 ns, At safepoint: 6000 ns, Total: 93301 ns
[1560.408s][info ][safepoint      ] Safepoint "Cleanup", Time since last: 6000508912 ns, Reaching safepoint: 79800 ns, Cleanup: 9101 ns, At safepoint: 22700 ns, Total: 111601 ns
[1565.483s][info ][safepoint      ] Safepoint "Cleanup", Time since last: 5075098495 ns, Reaching safepoint: 5900 ns, Cleanup: 9800 ns, At safepoint: 2000 ns, Total: 17700 ns
[1567.650s][info ][gc,start       ] GC(83) Pause Young (Allocation Failure)
[1567.654s][debug][gc,phases      ] GC(83) Scavenge 4.132ms
[1567.655s][debug][gc,ref         ] GC(83) ReferenceProcessor::execute queues: 1, RefProcThreadModel::Single, marks_oops_alive: false
[1567.655s][debug][gc,ref         ] GC(83) Skipped KeepAliveFinalRefsPhase of Reference Processing: no references
[1567.655s][debug][gc,ref         ] GC(83) Skipped PhantomRefsPhase of Reference Processing: no references
[1567.655s][debug][gc,phases      ] GC(83) Reference Processing 0.098ms
[1567.655s][debug][gc,phases      ] GC(83)   VM Weak                        Min:  0.0, Avg:  0.0, Max:  0.0, Diff:  0.0, Sum:  0.0, Workers: 4
[1567.655s][debug][gc,phases      ] GC(83)     Dead                           Min: 0, Avg:  0.0, Max: 0, Diff: 0, Sum: 0, Workers: 4
[1567.655s][debug][gc,phases      ] GC(83)     Total                          Min: 0, Avg: 257.8, Max: 576, Diff: 576, Sum: 1031, Workers: 4
[1567.655s][debug][gc,phases      ] GC(83)   ObjectSynchronizer Weak        Min:  0.0, Avg:  0.0, Max:  0.0, Diff:  0.0, Sum:  0.0, Workers: 4
[1567.655s][debug][gc,phases      ] GC(83)     Dead                           Min: 0, Avg:  0.0, Max: 0, Diff: 0, Sum: 0, Workers: 4
[1567.655s][debug][gc,phases      ] GC(83)     Total                          Min: 0, Avg:  1.0, Max: 4, Diff: 4, Sum: 4, Workers: 4
[1567.655s][debug][gc,phases      ] GC(83)   JVMTI Tag Weak OopStorage      Min:  0.0, Avg:  0.0, Max:  0.0, Diff:  0.0, Sum:  0.0, Workers: 4
[1567.655s][debug][gc,phases      ] GC(83)     Dead                           Min: 0, Avg:  0.0, Max: 0, Diff: 0, Sum: 0, Workers: 4
[1567.655s][debug][gc,phases      ] GC(83)     Total                          Min: 0, Avg:  0.0, Max: 0, Diff: 0, Sum: 0, Workers: 4
[1567.655s][debug][gc,phases      ] GC(83)   StringTable Weak               Min:  0.1, Avg:  0.1, Max:  0.1, Diff:  0.0, Sum:  0.5, Workers: 4
[1567.655s][debug][gc,phases      ] GC(83)     Dead                           Min: 0, Avg:  0.0, Max: 0, Diff: 0, Sum: 0, Workers: 4
[1567.655s][debug][gc,phases      ] GC(83)     Total                          Min: 11072, Avg: 11560.8, Max: 12096, Diff: 1024, Sum: 46243, Workers: 4
[1567.655s][debug][gc,phases      ] GC(83)   ResolvedMethodTable Weak       Min:  0.0, Avg:  0.0, Max:  0.0, Diff:  0.0, Sum:  0.2, Workers: 4
[1567.655s][debug][gc,phases      ] GC(83)     Dead                           Min: 0, Avg:  4.0, Max: 16, Diff: 16, Sum: 16, Workers: 4
[1567.655s][debug][gc,phases      ] GC(83)     Total                          Min: 3688, Avg: 3836.2, Max: 4018, Diff: 330, Sum: 15345, Workers: 4
[1567.655s][debug][gc,phases      ] GC(83)   JNI Weak                       Min:  0.0, Avg:  0.0, Max:  0.0, Diff:  0.0, Sum:  0.0, Workers: 4
[1567.655s][debug][gc,phases      ] GC(83)     Dead                           Min: 0, Avg:  0.0, Max: 0, Diff: 0, Sum: 0, Workers: 4
[1567.655s][debug][gc,phases      ] GC(83)     Total                          Min: 0, Avg: 13.0, Max: 52, Diff: 52, Sum: 52, Workers: 4
[1567.655s][debug][gc,phases      ] GC(83)   StringDedup Table Weak         Min:  0.0, Avg:  0.0, Max:  0.0, Diff:  0.0, Sum:  0.0, Workers: 4
[1567.655s][debug][gc,phases      ] GC(83)     Dead                           Min: 0, Avg:  0.0, Max: 0, Diff: 0, Sum: 0, Workers: 4
[1567.655s][debug][gc,phases      ] GC(83)     Total                          Min: 0, Avg:  0.0, Max: 0, Diff: 0, Sum: 0, Workers: 4
[1567.655s][debug][gc,phases      ] GC(83)   StringDedup Requests0 Weak     Min:  0.0, Avg:  0.0, Max:  0.0, Diff:  0.0, Sum:  0.0, Workers: 4
[1567.655s][debug][gc,phases      ] GC(83)     Dead                           Min: 0, Avg:  0.0, Max: 0, Diff: 0, Sum: 0, Workers: 4
[1567.655s][debug][gc,phases      ] GC(83)     Total                          Min: 0, Avg:  0.0, Max: 0, Diff: 0, Sum: 0, Workers: 4
[1567.655s][debug][gc,phases      ] GC(83)   StringDedup Requests1 Weak     Min:  0.0, Avg:  0.0, Max:  0.0, Diff:  0.0, Sum:  0.0, Workers: 4
[1567.655s][debug][gc,phases      ] GC(83)     Dead                           Min: 0, Avg:  0.0, Max: 0, Diff: 0, Sum: 0, Workers: 4
[1567.655s][debug][gc,phases      ] GC(83)     Total                          Min: 0, Avg:  0.0, Max: 0, Diff: 0, Sum: 0, Workers: 4
[1567.655s][debug][gc,phases      ] GC(83)   Weak JFR Old Object Samples    Min:  0.0, Avg:  0.0, Max:  0.0, Diff:  0.0, Sum:  0.0, Workers: 4
[1567.655s][debug][gc,phases      ] GC(83)     Dead                           Min: 0, Avg:  0.0, Max: 0, Diff: 0, Sum: 0, Workers: 4
[1567.655s][debug][gc,phases      ] GC(83)     Total                          Min: 0, Avg:  0.0, Max: 0, Diff: 0, Sum: 0, Workers: 4
[1567.655s][debug][gc,phases      ] GC(83) Weak Processing 0.384ms
[1567.655s][debug][gc,age         ] GC(83) Desired survivor size 8388608 bytes, new threshold 1 (max threshold 15)
[1567.655s][info ][gc,heap        ] GC(83) PSYoungGen: 2083952K(2088448K)->5035K(2088960K) Eden: 2079744K(2079744K)->0K(2080768K) From: 4208K(8704K)->5035K(8192K)
[1567.655s][info ][gc,heap        ] GC(83) ParOldGen: 285275K(330240K)->286147K(330240K)
[1567.655s][info ][gc,metaspace   ] GC(83) Metaspace: 106293K(107648K)->106293K(107648K) NonClass: 90254K(91008K)->90254K(91008K) Class: 16039K(16640K)->16039K(16640K)
[1567.655s][info ][gc             ] GC(83) Pause Young (Allocation Failure) 2313M->284M(2362M) 4.719ms
[1567.655s][info ][gc,cpu         ] GC(83) User=0.02s Sys=0.00s Real=0.01s
[1567.655s][info ][safepoint      ] Safepoint "ParallelGCFailedAllocation", Time since last: 2167486724 ns, Reaching safepoint: 83100 ns, Cleanup: 3400 ns, At safepoint: 4784714 ns, Total: 4871214 ns
[1570.655s][info ][safepoint      ] Safepoint "Cleanup", Time since last: 3000239713 ns, Reaching safepoint: 80600 ns, Cleanup: 8900 ns, At safepoint: 6000 ns, Total: 95500 ns
[1573.656s][info ][safepoint      ] Safepoint "Cleanup", Time since last: 3000251645 ns, Reaching safepoint: 76100 ns, Cleanup: 8900 ns, At safepoint: 5700 ns, Total: 90700 ns
[1580.656s][info ][safepoint      ] Safepoint "Cleanup", Time since last: 7000531107 ns, Reaching safepoint: 76200 ns, Cleanup: 9300 ns, At safepoint: 6100 ns, Total: 91600 ns
[1582.657s][info ][safepoint      ] Safepoint "Cleanup", Time since last: 2000197482 ns, Reaching safepoint: 78700 ns, Cleanup: 7500 ns, At safepoint: 6700 ns, Total: 92900 ns
[1583.657s][info ][safepoint      ] Safepoint "Cleanup", Time since last: 1000123937 ns, Reaching safepoint: 80200 ns, Cleanup: 8900 ns, At safepoint: 6200 ns, Total: 95300 ns
[1587.657s][info ][safepoint      ] Safepoint "Cleanup", Time since last: 4000339068 ns, Reaching safepoint: 80200 ns, Cleanup: 9000 ns, At safepoint: 6700 ns, Total: 95900 ns
[1590.803s][info ][gc,start       ] GC(84) Pause Young (Allocation Failure)
[1590.807s][debug][gc,phases      ] GC(84) Scavenge 3.892ms
[1590.807s][debug][gc,ref         ] GC(84) ReferenceProcessor::execute queues: 1, RefProcThreadModel::Single, marks_oops_alive: false
[1590.807s][debug][gc,ref         ] GC(84) Skipped KeepAliveFinalRefsPhase of Reference Processing: no references
[1590.807s][debug][gc,ref         ] GC(84) Skipped PhantomRefsPhase of Reference Processing: no references
[1590.807s][debug][gc,phases      ] GC(84) Reference Processing 0.108ms
[1590.807s][debug][gc,phases      ] GC(84)   VM Weak                        Min:  0.0, Avg:  0.0, Max:  0.0, Diff:  0.0, Sum:  0.0, Workers: 4
[1590.807s][debug][gc,phases      ] GC(84)     Dead                           Min: 0, Avg:  0.0, Max: 0, Diff: 0, Sum: 0, Workers: 4
[1590.807s][debug][gc,phases      ] GC(84)     Total                          Min: 0, Avg: 257.8, Max: 775, Diff: 775, Sum: 1031, Workers: 4
[1590.807s][debug][gc,phases      ] GC(84)   ObjectSynchronizer Weak        Min:  0.0, Avg:  0.0, Max:  0.0, Diff:  0.0, Sum:  0.0, Workers: 4
[1590.807s][debug][gc,phases      ] GC(84)     Dead                           Min: 0, Avg:  0.0, Max: 0, Diff: 0, Sum: 0, Workers: 4
[1590.807s][debug][gc,phases      ] GC(84)     Total                          Min: 0, Avg:  1.0, Max: 4, Diff: 4, Sum: 4, Workers: 4
[1590.807s][debug][gc,phases      ] GC(84)   JVMTI Tag Weak OopStorage      Min:  0.0, Avg:  0.0, Max:  0.0, Diff:  0.0, Sum:  0.0, Workers: 4
[1590.807s][debug][gc,phases      ] GC(84)     Dead                           Min: 0, Avg:  0.0, Max: 0, Diff: 0, Sum: 0, Workers: 4
[1590.807s][debug][gc,phases      ] GC(84)     Total                          Min: 0, Avg:  0.0, Max: 0, Diff: 0, Sum: 0, Workers: 4
[1590.807s][debug][gc,phases      ] GC(84)   StringTable Weak               Min:  0.0, Avg:  0.1, Max:  0.1, Diff:  0.1, Sum:  0.4, Workers: 4
[1590.807s][debug][gc,phases      ] GC(84)     Dead                           Min: 0, Avg:  0.0, Max: 0, Diff: 0, Sum: 0, Workers: 4
[1590.807s][debug][gc,phases      ] GC(84)     Total                          Min: 0, Avg: 11560.8, Max: 19712, Diff: 19712, Sum: 46243, Workers: 4
[1590.807s][debug][gc,phases      ] GC(84)   ResolvedMethodTable Weak       Min:  0.0, Avg:  0.0, Max:  0.0, Diff:  0.0, Sum:  0.1, Workers: 4
[1590.807s][debug][gc,phases      ] GC(84)     Dead                           Min: 0, Avg:  0.0, Max: 0, Diff: 0, Sum: 0, Workers: 4
[1590.807s][debug][gc,phases      ] GC(84)     Total                          Min: 0, Avg: 3836.2, Max: 6392, Diff: 6392, Sum: 15345, Workers: 4
[1590.807s][debug][gc,phases      ] GC(84)   JNI Weak                       Min:  0.0, Avg:  0.0, Max:  0.0, Diff:  0.0, Sum:  0.0, Workers: 4
[1590.807s][debug][gc,phases      ] GC(84)     Dead                           Min: 0, Avg:  0.0, Max: 0, Diff: 0, Sum: 0, Workers: 4
[1590.807s][debug][gc,phases      ] GC(84)     Total                          Min: 0, Avg: 13.0, Max: 52, Diff: 52, Sum: 52, Workers: 4
[1590.807s][debug][gc,phases      ] GC(84)   StringDedup Table Weak         Min:  0.0, Avg:  0.0, Max:  0.0, Diff:  0.0, Sum:  0.0, Workers: 4
[1590.807s][debug][gc,phases      ] GC(84)     Dead                           Min: 0, Avg:  0.0, Max: 0, Diff: 0, Sum: 0, Workers: 4
[1590.807s][debug][gc,phases      ] GC(84)     Total                          Min: 0, Avg:  0.0, Max: 0, Diff: 0, Sum: 0, Workers: 4
[1590.807s][debug][gc,phases      ] GC(84)   StringDedup Requests0 Weak     Min:  0.0, Avg:  0.0, Max:  0.0, Diff:  0.0, Sum:  0.0, Workers: 4
[1590.807s][debug][gc,phases      ] GC(84)     Dead                           Min: 0, Avg:  0.0, Max: 0, Diff: 0, Sum: 0, Workers: 4
[1590.807s][debug][gc,phases      ] GC(84)     Total                          Min: 0, Avg:  0.0, Max: 0, Diff: 0, Sum: 0, Workers: 4
[1590.807s][debug][gc,phases      ] GC(84)   StringDedup Requests1 Weak     Min:  0.0, Avg:  0.0, Max:  0.0, Diff:  0.0, Sum:  0.0, Workers: 4
[1590.807s][debug][gc,phases      ] GC(84)     Dead                           Min: 0, Avg:  0.0, Max: 0, Diff: 0, Sum: 0, Workers: 4
[1590.807s][debug][gc,phases      ] GC(84)     Total                          Min: 0, Avg:  0.0, Max: 0, Diff: 0, Sum: 0, Workers: 4
[1590.807s][debug][gc,phases      ] GC(84)   Weak JFR Old Object Samples    Min:  0.0, Avg:  0.0, Max:  0.0, Diff:  0.0, Sum:  0.0, Workers: 4
[1590.807s][debug][gc,phases      ] GC(84)     Dead                           Min: 0, Avg:  0.0, Max: 0, Diff: 0, Sum: 0, Workers: 4
[1590.807s][debug][gc,phases      ] GC(84)     Total                          Min: 0, Avg:  0.0, Max: 0, Diff: 0, Sum: 0, Workers: 4
[1590.807s][debug][gc,phases      ] GC(84) Weak Processing 0.374ms
[1590.807s][debug][gc,age         ] GC(84) Desired survivor size 7864320 bytes, new threshold 1 (max threshold 15)
[1590.807s][info ][gc,heap        ] GC(84) PSYoungGen: 2085803K(2088960K)->4048K(2088960K) Eden: 2080768K(2080768K)->0K(2080768K) From: 5035K(8192K)->4048K(8192K)
[1590.807s][info ][gc,heap        ] GC(84) ParOldGen: 286147K(330240K)->287619K(330240K)
[1590.807s][info ][gc,metaspace   ] GC(84) Metaspace: 106295K(107648K)->106295K(107648K) NonClass: 90256K(91008K)->90256K(91008K) Class: 16039K(16640K)->16039K(16640K)
[1590.807s][info ][gc             ] GC(84) Pause Young (Allocation Failure) 2316M->284M(2362M) 4.473ms
[1590.807s][info ][gc,cpu         ] GC(84) User=0.01s Sys=0.00s Real=0.00s
[1590.807s][info ][safepoint      ] Safepoint "ParallelGCFailedAllocation", Time since last: 3145640023 ns, Reaching safepoint: 5500 ns, Cleanup: 3600 ns, At safepoint: 4559516 ns, Total: 4568616 ns
[1610.809s][info ][safepoint      ] Safepoint "Cleanup", Time since last: 20001530762 ns, Reaching safepoint: 79700 ns, Cleanup: 8600 ns, At safepoint: 6200 ns, Total: 94500 ns
[1613.615s][info ][gc,start       ] GC(85) Pause Young (Allocation Failure)
[1613.619s][debug][gc,phases      ] GC(85) Scavenge 3.700ms
[1613.619s][debug][gc,ref         ] GC(85) ReferenceProcessor::execute queues: 1, RefProcThreadModel::Single, marks_oops_alive: false
[1613.619s][debug][gc,ref         ] GC(85) Skipped KeepAliveFinalRefsPhase of Reference Processing: no references
[1613.619s][debug][gc,ref         ] GC(85) Skipped PhantomRefsPhase of Reference Processing: no references
[1613.619s][debug][gc,phases      ] GC(85) Reference Processing 0.098ms
[1613.620s][debug][gc,phases      ] GC(85)   VM Weak                        Min:  0.0, Avg:  0.0, Max:  0.0, Diff:  0.0, Sum:  0.0, Workers: 4
[1613.620s][debug][gc,phases      ] GC(85)     Dead                           Min: 0, Avg:  0.0, Max: 0, Diff: 0, Sum: 0, Workers: 4
[1613.620s][debug][gc,phases      ] GC(85)     Total                          Min: 0, Avg: 257.8, Max: 647, Diff: 647, Sum: 1031, Workers: 4
[1613.620s][debug][gc,phases      ] GC(85)   ObjectSynchronizer Weak        Min:  0.0, Avg:  0.0, Max:  0.0, Diff:  0.0, Sum:  0.0, Workers: 4
[1613.620s][debug][gc,phases      ] GC(85)     Dead                           Min: 0, Avg:  0.0, Max: 0, Diff: 0, Sum: 0, Workers: 4
[1613.620s][debug][gc,phases      ] GC(85)     Total                          Min: 0, Avg:  1.0, Max: 4, Diff: 4, Sum: 4, Workers: 4
[1613.620s][debug][gc,phases      ] GC(85)   JVMTI Tag Weak OopStorage      Min:  0.0, Avg:  0.0, Max:  0.0, Diff:  0.0, Sum:  0.0, Workers: 4
[1613.620s][debug][gc,phases      ] GC(85)     Dead                           Min: 0, Avg:  0.0, Max: 0, Diff: 0, Sum: 0, Workers: 4
[1613.620s][debug][gc,phases      ] GC(85)     Total                          Min: 0, Avg:  0.0, Max: 0, Diff: 0, Sum: 0, Workers: 4
[1613.620s][debug][gc,phases      ] GC(85)   StringTable Weak               Min:  0.0, Avg:  0.1, Max:  0.1, Diff:  0.1, Sum:  0.4, Workers: 4
[1613.620s][debug][gc,phases      ] GC(85)     Dead                           Min: 0, Avg:  0.0, Max: 0, Diff: 0, Sum: 0, Workers: 4
[1613.620s][debug][gc,phases      ] GC(85)     Total                          Min: 0, Avg: 11560.8, Max: 20195, Diff: 20195, Sum: 46243, Workers: 4
[1613.620s][debug][gc,phases      ] GC(85)   ResolvedMethodTable Weak       Min:  0.0, Avg:  0.0, Max:  0.0, Diff:  0.0, Sum:  0.1, Workers: 4
[1613.620s][debug][gc,phases      ] GC(85)     Dead                           Min: 0, Avg:  0.0, Max: 0, Diff: 0, Sum: 0, Workers: 4
[1613.620s][debug][gc,phases      ] GC(85)     Total                          Min: 0, Avg: 3836.2, Max: 6403, Diff: 6403, Sum: 15345, Workers: 4
[1613.620s][debug][gc,phases      ] GC(85)   JNI Weak                       Min:  0.0, Avg:  0.0, Max:  0.0, Diff:  0.0, Sum:  0.0, Workers: 4
[1613.620s][debug][gc,phases      ] GC(85)     Dead                           Min: 0, Avg:  0.0, Max: 0, Diff: 0, Sum: 0, Workers: 4
[1613.620s][debug][gc,phases      ] GC(85)     Total                          Min: 0, Avg: 13.0, Max: 52, Diff: 52, Sum: 52, Workers: 4
[1613.620s][debug][gc,phases      ] GC(85)   StringDedup Table Weak         Min:  0.0, Avg:  0.0, Max:  0.0, Diff:  0.0, Sum:  0.0, Workers: 4
[1613.620s][debug][gc,phases      ] GC(85)     Dead                           Min: 0, Avg:  0.0, Max: 0, Diff: 0, Sum: 0, Workers: 4
[1613.620s][debug][gc,phases      ] GC(85)     Total                          Min: 0, Avg:  0.0, Max: 0, Diff: 0, Sum: 0, Workers: 4
[1613.620s][debug][gc,phases      ] GC(85)   StringDedup Requests0 Weak     Min:  0.0, Avg:  0.0, Max:  0.0, Diff:  0.0, Sum:  0.0, Workers: 4
[1613.620s][debug][gc,phases      ] GC(85)     Dead                           Min: 0, Avg:  0.0, Max: 0, Diff: 0, Sum: 0, Workers: 4
[1613.620s][debug][gc,phases      ] GC(85)     Total                          Min: 0, Avg:  0.0, Max: 0, Diff: 0, Sum: 0, Workers: 4
[1613.620s][debug][gc,phases      ] GC(85)   StringDedup Requests1 Weak     Min:  0.0, Avg:  0.0, Max:  0.0, Diff:  0.0, Sum:  0.0, Workers: 4
[1613.620s][debug][gc,phases      ] GC(85)     Dead                           Min: 0, Avg:  0.0, Max: 0, Diff: 0, Sum: 0, Workers: 4
[1613.620s][debug][gc,phases      ] GC(85)     Total                          Min: 0, Avg:  0.0, Max: 0, Diff: 0, Sum: 0, Workers: 4
[1613.620s][debug][gc,phases      ] GC(85)   Weak JFR Old Object Samples    Min:  0.0, Avg:  0.0, Max:  0.0, Diff:  0.0, Sum:  0.0, Workers: 4
[1613.620s][debug][gc,phases      ] GC(85)     Dead                           Min: 0, Avg:  0.0, Max: 0, Diff: 0, Sum: 0, Workers: 4
[1613.620s][debug][gc,phases      ] GC(85)     Total                          Min: 0, Avg:  0.0, Max: 0, Diff: 0, Sum: 0, Workers: 4
[1613.620s][debug][gc,phases      ] GC(85) Weak Processing 0.376ms
[1613.620s][debug][gc,age         ] GC(85) Desired survivor size 7864320 bytes, new threshold 1 (max threshold 15)
[1613.620s][info ][gc,heap        ] GC(85) PSYoungGen: 2084816K(2088960K)->4560K(2089472K) Eden: 2080768K(2080768K)->0K(2081792K) From: 4048K(8192K)->4560K(7680K)
[1613.620s][info ][gc,heap        ] GC(85) ParOldGen: 287619K(330240K)->288347K(330240K)
[1613.620s][info ][gc,metaspace   ] GC(85) Metaspace: 106297K(107648K)->106297K(107648K) NonClass: 90258K(91008K)->90258K(91008K) Class: 16039K(16640K)->16039K(16640K)
[1613.620s][info ][gc             ] GC(85) Pause Young (Allocation Failure) 2316M->286M(2363M) 4.294ms
[1613.620s][info ][gc,cpu         ] GC(85) User=0.02s Sys=0.00s Real=0.00s
[1613.620s][info ][safepoint      ] Safepoint "ParallelGCFailedAllocation", Time since last: 2806283466 ns, Reaching safepoint: 5500 ns, Cleanup: 3500 ns, At safepoint: 4354015 ns, Total: 4363015 ns
[1625.500s][info ][safepoint      ] Safepoint "Cleanup", Time since last: 11879787551 ns, Reaching safepoint: 5500 ns, Cleanup: 8700 ns, At safepoint: 1900 ns, Total: 16100 ns
[1632.500s][info ][safepoint      ] Safepoint "Cleanup", Time since last: 7000579588 ns, Reaching safepoint: 79400 ns, Cleanup: 10300 ns, At safepoint: 7300 ns, Total: 97000 ns
[1635.714s][info ][gc,start       ] GC(86) Pause Young (Allocation Failure)
[1635.718s][debug][gc,phases      ] GC(86) Scavenge 4.128ms
[1635.719s][debug][gc,ref         ] GC(86) ReferenceProcessor::execute queues: 1, RefProcThreadModel::Single, marks_oops_alive: false
[1635.719s][debug][gc,ref         ] GC(86) Skipped KeepAliveFinalRefsPhase of Reference Processing: no references
[1635.719s][debug][gc,ref         ] GC(86) ReferenceProcessor::execute queues: 1, RefProcThreadModel::Single, marks_oops_alive: false
[1635.719s][debug][gc,phases      ] GC(86) Reference Processing 0.091ms
[1635.719s][debug][gc,phases      ] GC(86)   VM Weak                        Min:  0.0, Avg:  0.0, Max:  0.0, Diff:  0.0, Sum:  0.0, Workers: 4
[1635.719s][debug][gc,phases      ] GC(86)     Dead                           Min: 0, Avg:  0.0, Max: 0, Diff: 0, Sum: 0, Workers: 4
[1635.719s][debug][gc,phases      ] GC(86)     Total                          Min: 0, Avg: 257.8, Max: 1031, Diff: 1031, Sum: 1031, Workers: 4
[1635.719s][debug][gc,phases      ] GC(86)   ObjectSynchronizer Weak        Min:  0.0, Avg:  0.0, Max:  0.0, Diff:  0.0, Sum:  0.0, Workers: 4
[1635.719s][debug][gc,phases      ] GC(86)     Dead                           Min: 0, Avg:  0.0, Max: 0, Diff: 0, Sum: 0, Workers: 4
[1635.719s][debug][gc,phases      ] GC(86)     Total                          Min: 0, Avg:  1.0, Max: 4, Diff: 4, Sum: 4, Workers: 4
[1635.719s][debug][gc,phases      ] GC(86)   JVMTI Tag Weak OopStorage      Min:  0.0, Avg:  0.0, Max:  0.0, Diff:  0.0, Sum:  0.0, Workers: 4
[1635.719s][debug][gc,phases      ] GC(86)     Dead                           Min: 0, Avg:  0.0, Max: 0, Diff: 0, Sum: 0, Workers: 4
[1635.719s][debug][gc,phases      ] GC(86)     Total                          Min: 0, Avg:  0.0, Max: 0, Diff: 0, Sum: 0, Workers: 4
[1635.719s][debug][gc,phases      ] GC(86)   StringTable Weak               Min:  0.0, Avg:  0.1, Max:  0.1, Diff:  0.1, Sum:  0.5, Workers: 4
[1635.719s][debug][gc,phases      ] GC(86)     Dead                           Min: 0, Avg:  0.0, Max: 0, Diff: 0, Sum: 0, Workers: 4
[1635.719s][debug][gc,phases      ] GC(86)     Total                          Min: 3619, Avg: 11560.8, Max: 16640, Diff: 13021, Sum: 46243, Workers: 4
[1635.719s][debug][gc,phases      ] GC(86)   ResolvedMethodTable Weak       Min:  0.0, Avg:  0.0, Max:  0.0, Diff:  0.0, Sum:  0.2, Workers: 4
[1635.719s][debug][gc,phases      ] GC(86)     Dead                           Min: 0, Avg:  4.0, Max: 16, Diff: 16, Sum: 16, Workers: 4
[1635.719s][debug][gc,phases      ] GC(86)     Total                          Min: 3743, Avg: 3836.2, Max: 3940, Diff: 197, Sum: 15345, Workers: 4
[1635.719s][debug][gc,phases      ] GC(86)   JNI Weak                       Min:  0.0, Avg:  0.0, Max:  0.0, Diff:  0.0, Sum:  0.0, Workers: 4
[1635.719s][debug][gc,phases      ] GC(86)     Dead                           Min: 0, Avg:  0.0, Max: 0, Diff: 0, Sum: 0, Workers: 4
[1635.719s][debug][gc,phases      ] GC(86)     Total                          Min: 0, Avg: 13.0, Max: 52, Diff: 52, Sum: 52, Workers: 4
[1635.719s][debug][gc,phases      ] GC(86)   StringDedup Table Weak         Min:  0.0, Avg:  0.0, Max:  0.0, Diff:  0.0, Sum:  0.0, Workers: 4
[1635.719s][debug][gc,phases      ] GC(86)     Dead                           Min: 0, Avg:  0.0, Max: 0, Diff: 0, Sum: 0, Workers: 4
[1635.719s][debug][gc,phases      ] GC(86)     Total                          Min: 0, Avg:  0.0, Max: 0, Diff: 0, Sum: 0, Workers: 4
[1635.719s][debug][gc,phases      ] GC(86)   StringDedup Requests0 Weak     Min:  0.0, Avg:  0.0, Max:  0.0, Diff:  0.0, Sum:  0.0, Workers: 4
[1635.719s][debug][gc,phases      ] GC(86)     Dead                           Min: 0, Avg:  0.0, Max: 0, Diff: 0, Sum: 0, Workers: 4
[1635.719s][debug][gc,phases      ] GC(86)     Total                          Min: 0, Avg:  0.0, Max: 0, Diff: 0, Sum: 0, Workers: 4
[1635.719s][debug][gc,phases      ] GC(86)   StringDedup Requests1 Weak     Min:  0.0, Avg:  0.0, Max:  0.0, Diff:  0.0, Sum:  0.0, Workers: 4
[1635.719s][debug][gc,phases      ] GC(86)     Dead                           Min: 0, Avg:  0.0, Max: 0, Diff: 0, Sum: 0, Workers: 4
[1635.719s][debug][gc,phases      ] GC(86)     Total                          Min: 0, Avg:  0.0, Max: 0, Diff: 0, Sum: 0, Workers: 4
[1635.719s][debug][gc,phases      ] GC(86)   Weak JFR Old Object Samples    Min:  0.0, Avg:  0.0, Max:  0.0, Diff:  0.0, Sum:  0.0, Workers: 4
[1635.719s][debug][gc,phases      ] GC(86)     Dead                           Min: 0, Avg:  0.0, Max: 0, Diff: 0, Sum: 0, Workers: 4
[1635.719s][debug][gc,phases      ] GC(86)     Total                          Min: 0, Avg:  0.0, Max: 0, Diff: 0, Sum: 0, Workers: 4
[1635.719s][debug][gc,phases      ] GC(86) Weak Processing 0.401ms
[1635.719s][debug][gc,age         ] GC(86) Desired survivor size 7340032 bytes, new threshold 1 (max threshold 15)
[1635.719s][info ][gc,heap        ] GC(86) PSYoungGen: 2086352K(2089472K)->4800K(2089472K) Eden: 2081792K(2081792K)->0K(2081792K) From: 4560K(7680K)->4800K(7680K)
[1635.719s][info ][gc,heap        ] GC(86) ParOldGen: 288347K(330240K)->289192K(330240K)
[1635.719s][info ][gc,metaspace   ] GC(86) Metaspace: 106299K(107648K)->106299K(107648K) NonClass: 90260K(91008K)->90260K(91008K) Class: 16039K(16640K)->16039K(16640K)
[1635.719s][info ][gc             ] GC(86) Pause Young (Allocation Failure) 2319M->287M(2363M) 4.733ms
[1635.719s][info ][gc,cpu         ] GC(86) User=0.02s Sys=0.00s Real=0.01s
[1635.719s][info ][safepoint      ] Safepoint "ParallelGCFailedAllocation", Time since last: 3214017052 ns, Reaching safepoint: 5900 ns, Cleanup: 3700 ns, At safepoint: 4795915 ns, Total: 4805515 ns
[1639.719s][info ][safepoint      ] Safepoint "Cleanup", Time since last: 4000293636 ns, Reaching safepoint: 5800 ns, Cleanup: 11400 ns, At safepoint: 2300 ns, Total: 19500 ns
[1640.720s][info ][safepoint      ] Safepoint "Cleanup", Time since last: 1000116866 ns, Reaching safepoint: 6000 ns, Cleanup: 13400 ns, At safepoint: 2200 ns, Total: 21600 ns
[1641.720s][info ][safepoint      ] Safepoint "Cleanup", Time since last: 1000114566 ns, Reaching safepoint: 5000 ns, Cleanup: 6600 ns, At safepoint: 1700 ns, Total: 13300 ns
[1642.720s][info ][safepoint      ] Safepoint "Cleanup", Time since last: 1000108267 ns, Reaching safepoint: 5300 ns, Cleanup: 8400 ns, At safepoint: 2200 ns, Total: 15900 ns
[1646.720s][info ][safepoint      ] Safepoint "Cleanup", Time since last: 4000311964 ns, Reaching safepoint: 5300 ns, Cleanup: 9100 ns, At safepoint: 1600 ns, Total: 16000 ns
[1654.721s][info ][safepoint      ] Safepoint "Cleanup", Time since last: 8000568627 ns, Reaching safepoint: 4900 ns, Cleanup: 7800 ns, At safepoint: 17100 ns, Total: 29800 ns
[1658.609s][info ][gc,start       ] GC(87) Pause Young (Allocation Failure)
[1658.613s][debug][gc,phases      ] GC(87) Scavenge 4.489ms
[1658.613s][debug][gc,ref         ] GC(87) ReferenceProcessor::execute queues: 1, RefProcThreadModel::Single, marks_oops_alive: false
[1658.613s][debug][gc,ref         ] GC(87) Skipped KeepAliveFinalRefsPhase of Reference Processing: no references
[1658.613s][debug][gc,ref         ] GC(87) Skipped PhantomRefsPhase of Reference Processing: no references
[1658.613s][debug][gc,phases      ] GC(87) Reference Processing 0.099ms
[1658.614s][debug][gc,phases      ] GC(87)   VM Weak                        Min:  0.0, Avg:  0.0, Max:  0.0, Diff:  0.0, Sum:  0.0, Workers: 4
[1658.614s][debug][gc,phases      ] GC(87)     Dead                           Min: 0, Avg:  0.0, Max: 0, Diff: 0, Sum: 0, Workers: 4
[1658.614s][debug][gc,phases      ] GC(87)     Total                          Min: 0, Avg: 257.8, Max: 768, Diff: 768, Sum: 1031, Workers: 4
[1658.614s][debug][gc,phases      ] GC(87)   ObjectSynchronizer Weak        Min:  0.0, Avg:  0.0, Max:  0.0, Diff:  0.0, Sum:  0.0, Workers: 4
[1658.614s][debug][gc,phases      ] GC(87)     Dead                           Min: 0, Avg:  0.0, Max: 0, Diff: 0, Sum: 0, Workers: 4
[1658.614s][debug][gc,phases      ] GC(87)     Total                          Min: 0, Avg:  1.0, Max: 4, Diff: 4, Sum: 4, Workers: 4
[1658.614s][debug][gc,phases      ] GC(87)   JVMTI Tag Weak OopStorage      Min:  0.0, Avg:  0.0, Max:  0.0, Diff:  0.0, Sum:  0.0, Workers: 4
[1658.614s][debug][gc,phases      ] GC(87)     Dead                           Min: 0, Avg:  0.0, Max: 0, Diff: 0, Sum: 0, Workers: 4
[1658.614s][debug][gc,phases      ] GC(87)     Total                          Min: 0, Avg:  0.0, Max: 0, Diff: 0, Sum: 0, Workers: 4
[1658.614s][debug][gc,phases      ] GC(87)   StringTable Weak               Min:  0.0, Avg:  0.1, Max:  0.1, Diff:  0.1, Sum:  0.4, Workers: 4
[1658.614s][debug][gc,phases      ] GC(87)     Dead                           Min: 0, Avg:  0.0, Max: 0, Diff: 0, Sum: 0, Workers: 4
[1658.614s][debug][gc,phases      ] GC(87)     Total                          Min: 0, Avg: 11560.8, Max: 20352, Diff: 20352, Sum: 46243, Workers: 4
[1658.614s][debug][gc,phases      ] GC(87)   ResolvedMethodTable Weak       Min:  0.0, Avg:  0.0, Max:  0.0, Diff:  0.0, Sum:  0.1, Workers: 4
[1658.614s][debug][gc,phases      ] GC(87)     Dead                           Min: 0, Avg:  8.2, Max: 33, Diff: 33, Sum: 33, Workers: 4
[1658.614s][debug][gc,phases      ] GC(87)     Total                          Min: 0, Avg: 3837.8, Max: 6561, Diff: 6561, Sum: 15351, Workers: 4
[1658.614s][debug][gc,phases      ] GC(87)   JNI Weak                       Min:  0.0, Avg:  0.0, Max:  0.0, Diff:  0.0, Sum:  0.0, Workers: 4
[1658.614s][debug][gc,phases      ] GC(87)     Dead                           Min: 0, Avg:  0.0, Max: 0, Diff: 0, Sum: 0, Workers: 4
[1658.614s][debug][gc,phases      ] GC(87)     Total                          Min: 0, Avg: 13.0, Max: 52, Diff: 52, Sum: 52, Workers: 4
[1658.614s][debug][gc,phases      ] GC(87)   StringDedup Table Weak         Min:  0.0, Avg:  0.0, Max:  0.0, Diff:  0.0, Sum:  0.0, Workers: 4
[1658.614s][debug][gc,phases      ] GC(87)     Dead                           Min: 0, Avg:  0.0, Max: 0, Diff: 0, Sum: 0, Workers: 4
[1658.614s][debug][gc,phases      ] GC(87)     Total                          Min: 0, Avg:  0.0, Max: 0, Diff: 0, Sum: 0, Workers: 4
[1658.614s][debug][gc,phases      ] GC(87)   StringDedup Requests0 Weak     Min:  0.0, Avg:  0.0, Max:  0.0, Diff:  0.0, Sum:  0.0, Workers: 4
[1658.614s][debug][gc,phases      ] GC(87)     Dead                           Min: 0, Avg:  0.0, Max: 0, Diff: 0, Sum: 0, Workers: 4
[1658.614s][debug][gc,phases      ] GC(87)     Total                          Min: 0, Avg:  0.0, Max: 0, Diff: 0, Sum: 0, Workers: 4
[1658.614s][debug][gc,phases      ] GC(87)   StringDedup Requests1 Weak     Min:  0.0, Avg:  0.0, Max:  0.0, Diff:  0.0, Sum:  0.0, Workers: 4
[1658.614s][debug][gc,phases      ] GC(87)     Dead                           Min: 0, Avg:  0.0, Max: 0, Diff: 0, Sum: 0, Workers: 4
[1658.614s][debug][gc,phases      ] GC(87)     Total                          Min: 0, Avg:  0.0, Max: 0, Diff: 0, Sum: 0, Workers: 4
[1658.614s][debug][gc,phases      ] GC(87)   Weak JFR Old Object Samples    Min:  0.0, Avg:  0.0, Max:  0.0, Diff:  0.0, Sum:  0.0, Workers: 4
[1658.614s][debug][gc,phases      ] GC(87)     Dead                           Min: 0, Avg:  0.0, Max: 0, Diff: 0, Sum: 0, Workers: 4
[1658.614s][debug][gc,phases      ] GC(87)     Total                          Min: 0, Avg:  0.0, Max: 0, Diff: 0, Sum: 0, Workers: 4
[1658.614s][debug][gc,phases      ] GC(87) Weak Processing 0.386ms
[1658.614s][debug][gc,age         ] GC(87) Desired survivor size 7340032 bytes, new threshold 1 (max threshold 15)
[1658.614s][info ][gc,heap        ] GC(87) PSYoungGen: 2086592K(2089472K)->5017K(2089984K) Eden: 2081792K(2081792K)->0K(2082816K) From: 4800K(7680K)->5017K(7168K)
[1658.614s][info ][gc,heap        ] GC(87) ParOldGen: 289192K(330240K)->290204K(330240K)
[1658.614s][info ][gc,metaspace   ] GC(87) Metaspace: 106317K(107712K)->106317K(107712K) NonClass: 90278K(91072K)->90278K(91072K) Class: 16039K(16640K)->16039K(16640K)
[1658.614s][info ][gc             ] GC(87) Pause Young (Allocation Failure) 2320M->288M(2363M) 5.085ms
[1658.614s][info ][gc,cpu         ] GC(87) User=0.02s Sys=0.00s Real=0.00s
[1658.614s][info ][safepoint      ] Safepoint "ParallelGCFailedAllocation", Time since last: 3888033243 ns, Reaching safepoint: 5700 ns, Cleanup: 3500 ns, At safepoint: 5146015 ns, Total: 5155215 ns
[1665.614s][info ][safepoint      ] Safepoint "Cleanup", Time since last: 7000566245 ns, Reaching safepoint: 5300 ns, Cleanup: 10600 ns, At safepoint: 2200 ns, Total: 18100 ns
[1680.517s][info ][safepoint      ] Safepoint "Cleanup", Time since last: 14902380662 ns, Reaching safepoint: 3800 ns, Cleanup: 8400 ns, At safepoint: 5100 ns, Total: 17300 ns
[1681.756s][info ][gc,start       ] GC(88) Pause Young (Allocation Failure)
[1681.761s][debug][gc,phases      ] GC(88) Scavenge 4.519ms
[1681.761s][debug][gc,ref         ] GC(88) ReferenceProcessor::execute queues: 1, RefProcThreadModel::Single, marks_oops_alive: false
[1681.761s][debug][gc,ref         ] GC(88) Skipped KeepAliveFinalRefsPhase of Reference Processing: no references
[1681.761s][debug][gc,ref         ] GC(88) Skipped PhantomRefsPhase of Reference Processing: no references
[1681.761s][debug][gc,phases      ] GC(88) Reference Processing 0.105ms
[1681.761s][debug][gc,phases      ] GC(88)   VM Weak                        Min:  0.0, Avg:  0.0, Max:  0.0, Diff:  0.0, Sum:  0.0, Workers: 4
[1681.761s][debug][gc,phases      ] GC(88)     Dead                           Min: 0, Avg:  0.0, Max: 0, Diff: 0, Sum: 0, Workers: 4
[1681.761s][debug][gc,phases      ] GC(88)     Total                          Min: 0, Avg: 257.8, Max: 391, Diff: 391, Sum: 1031, Workers: 4
[1681.761s][debug][gc,phases      ] GC(88)   ObjectSynchronizer Weak        Min:  0.0, Avg:  0.0, Max:  0.0, Diff:  0.0, Sum:  0.0, Workers: 4
[1681.761s][debug][gc,phases      ] GC(88)     Dead                           Min: 0, Avg:  0.0, Max: 0, Diff: 0, Sum: 0, Workers: 4
[1681.761s][debug][gc,phases      ] GC(88)     Total                          Min: 0, Avg:  0.8, Max: 3, Diff: 3, Sum: 3, Workers: 4
[1681.761s][debug][gc,phases      ] GC(88)   JVMTI Tag Weak OopStorage      Min:  0.0, Avg:  0.0, Max:  0.0, Diff:  0.0, Sum:  0.0, Workers: 4
[1681.761s][debug][gc,phases      ] GC(88)     Dead                           Min: 0, Avg:  0.0, Max: 0, Diff: 0, Sum: 0, Workers: 4
[1681.761s][debug][gc,phases      ] GC(88)     Total                          Min: 0, Avg:  0.0, Max: 0, Diff: 0, Sum: 0, Workers: 4
[1681.761s][debug][gc,phases      ] GC(88)   StringTable Weak               Min:  0.0, Avg:  0.1, Max:  0.1, Diff:  0.1, Sum:  0.4, Workers: 4
[1681.761s][debug][gc,phases      ] GC(88)     Dead                           Min: 0, Avg:  0.0, Max: 0, Diff: 0, Sum: 0, Workers: 4
[1681.761s][debug][gc,phases      ] GC(88)     Total                          Min: 0, Avg: 11560.8, Max: 19968, Diff: 19968, Sum: 46243, Workers: 4
[1681.761s][debug][gc,phases      ] GC(88)   ResolvedMethodTable Weak       Min:  0.0, Avg:  0.0, Max:  0.0, Diff:  0.0, Sum:  0.1, Workers: 4
[1681.761s][debug][gc,phases      ] GC(88)     Dead                           Min: 0, Avg:  4.0, Max: 16, Diff: 16, Sum: 16, Workers: 4
[1681.761s][debug][gc,phases      ] GC(88)     Total                          Min: 0, Avg: 3837.5, Max: 6251, Diff: 6251, Sum: 15350, Workers: 4
[1681.761s][debug][gc,phases      ] GC(88)   JNI Weak                       Min:  0.0, Avg:  0.0, Max:  0.0, Diff:  0.0, Sum:  0.0, Workers: 4
[1681.761s][debug][gc,phases      ] GC(88)     Dead                           Min: 0, Avg:  0.0, Max: 0, Diff: 0, Sum: 0, Workers: 4
[1681.761s][debug][gc,phases      ] GC(88)     Total                          Min: 0, Avg: 13.0, Max: 52, Diff: 52, Sum: 52, Workers: 4
[1681.761s][debug][gc,phases      ] GC(88)   StringDedup Table Weak         Min:  0.0, Avg:  0.0, Max:  0.0, Diff:  0.0, Sum:  0.0, Workers: 4
[1681.761s][debug][gc,phases      ] GC(88)     Dead                           Min: 0, Avg:  0.0, Max: 0, Diff: 0, Sum: 0, Workers: 4
[1681.761s][debug][gc,phases      ] GC(88)     Total                          Min: 0, Avg:  0.0, Max: 0, Diff: 0, Sum: 0, Workers: 4
[1681.761s][debug][gc,phases      ] GC(88)   StringDedup Requests0 Weak     Min:  0.0, Avg:  0.0, Max:  0.0, Diff:  0.0, Sum:  0.0, Workers: 4
[1681.761s][debug][gc,phases      ] GC(88)     Dead                           Min: 0, Avg:  0.0, Max: 0, Diff: 0, Sum: 0, Workers: 4
[1681.761s][debug][gc,phases      ] GC(88)     Total                          Min: 0, Avg:  0.0, Max: 0, Diff: 0, Sum: 0, Workers: 4
[1681.761s][debug][gc,phases      ] GC(88)   StringDedup Requests1 Weak     Min:  0.0, Avg:  0.0, Max:  0.0, Diff:  0.0, Sum:  0.0, Workers: 4
[1681.761s][debug][gc,phases      ] GC(88)     Dead                           Min: 0, Avg:  0.0, Max: 0, Diff: 0, Sum: 0, Workers: 4
[1681.761s][debug][gc,phases      ] GC(88)     Total                          Min: 0, Avg:  0.0, Max: 0, Diff: 0, Sum: 0, Workers: 4
[1681.761s][debug][gc,phases      ] GC(88)   Weak JFR Old Object Samples    Min:  0.0, Avg:  0.0, Max:  0.0, Diff:  0.0, Sum:  0.0, Workers: 4
[1681.762s][debug][gc,phases      ] GC(88)     Dead                           Min: 0, Avg:  0.0, Max: 0, Diff: 0, Sum: 0, Workers: 4
[1681.762s][debug][gc,phases      ] GC(88)     Total                          Min: 0, Avg:  0.0, Max: 0, Diff: 0, Sum: 0, Workers: 4
[1681.762s][debug][gc,phases      ] GC(88) Weak Processing 0.381ms
[1681.762s][debug][gc,age         ] GC(88) Desired survivor size 7864320 bytes, new threshold 1 (max threshold 15)
[1681.762s][info ][gc,heap        ] GC(88) PSYoungGen: 2087833K(2089984K)->5724K(2088960K) Eden: 2082816K(2082816K)->0K(2082816K) From: 5017K(7168K)->5724K(6144K)
[1681.762s][info ][gc,heap        ] GC(88) ParOldGen: 290204K(330240K)->291157K(330240K)
[1681.762s][info ][gc,metaspace   ] GC(88) Metaspace: 106330K(107712K)->106330K(107712K) NonClass: 90291K(91072K)->90291K(91072K) Class: 16039K(16640K)->16039K(16640K)
[1681.762s][info ][gc             ] GC(88) Pause Young (Allocation Failure) 2322M->289M(2362M) 5.100ms
[1681.762s][info ][gc,cpu         ] GC(88) User=0.02s Sys=0.00s Real=0.00s
[1681.762s][info ][safepoint      ] Safepoint "ParallelGCFailedAllocation", Time since last: 1239544881 ns, Reaching safepoint: 4700 ns, Cleanup: 3700 ns, At safepoint: 5177116 ns, Total: 5185516 ns
[1690.762s][info ][safepoint      ] Safepoint "Cleanup", Time since last: 9000698024 ns, Reaching safepoint: 78400 ns, Cleanup: 8700 ns, At safepoint: 7800 ns, Total: 94900 ns
[1692.763s][info ][safepoint      ] Safepoint "Cleanup", Time since last: 2000208400 ns, Reaching safepoint: 78900 ns, Cleanup: 9300 ns, At safepoint: 6400 ns, Total: 94600 ns
[1704.208s][info ][gc,start       ] GC(89) Pause Young (Allocation Failure)
[1704.212s][debug][gc,phases      ] GC(89) Scavenge 4.011ms
[1704.212s][debug][gc,ref         ] GC(89) ReferenceProcessor::execute queues: 1, RefProcThreadModel::Single, marks_oops_alive: false
[1704.213s][debug][gc,ref         ] GC(89) Skipped KeepAliveFinalRefsPhase of Reference Processing: no references
[1704.213s][debug][gc,ref         ] GC(89) Skipped PhantomRefsPhase of Reference Processing: no references
[1704.213s][debug][gc,phases      ] GC(89) Reference Processing 0.093ms
[1704.213s][debug][gc,phases      ] GC(89)   VM Weak                        Min:  0.0, Avg:  0.0, Max:  0.0, Diff:  0.0, Sum:  0.0, Workers: 4
[1704.213s][debug][gc,phases      ] GC(89)     Dead                           Min: 0, Avg:  0.0, Max: 0, Diff: 0, Sum: 0, Workers: 4
[1704.213s][debug][gc,phases      ] GC(89)     Total                          Min: 0, Avg: 257.8, Max: 576, Diff: 576, Sum: 1031, Workers: 4
[1704.213s][debug][gc,phases      ] GC(89)   ObjectSynchronizer Weak        Min:  0.0, Avg:  0.0, Max:  0.0, Diff:  0.0, Sum:  0.0, Workers: 4
[1704.213s][debug][gc,phases      ] GC(89)     Dead                           Min: 0, Avg:  0.0, Max: 0, Diff: 0, Sum: 0, Workers: 4
[1704.213s][debug][gc,phases      ] GC(89)     Total                          Min: 0, Avg:  0.8, Max: 3, Diff: 3, Sum: 3, Workers: 4
[1704.213s][debug][gc,phases      ] GC(89)   JVMTI Tag Weak OopStorage      Min:  0.0, Avg:  0.0, Max:  0.0, Diff:  0.0, Sum:  0.0, Workers: 4
[1704.213s][debug][gc,phases      ] GC(89)     Dead                           Min: 0, Avg:  0.0, Max: 0, Diff: 0, Sum: 0, Workers: 4
[1704.213s][debug][gc,phases      ] GC(89)     Total                          Min: 0, Avg:  0.0, Max: 0, Diff: 0, Sum: 0, Workers: 4
[1704.213s][debug][gc,phases      ] GC(89)   StringTable Weak               Min:  0.1, Avg:  0.1, Max:  0.1, Diff:  0.0, Sum:  0.5, Workers: 4
[1704.213s][debug][gc,phases      ] GC(89)     Dead                           Min: 0, Avg:  0.0, Max: 0, Diff: 0, Sum: 0, Workers: 4
[1704.213s][debug][gc,phases      ] GC(89)     Total                          Min: 11072, Avg: 11560.8, Max: 12160, Diff: 1088, Sum: 46243, Workers: 4
[1704.213s][debug][gc,phases      ] GC(89)   ResolvedMethodTable Weak       Min:  0.0, Avg:  0.0, Max:  0.0, Diff:  0.0, Sum:  0.2, Workers: 4
[1704.213s][debug][gc,phases      ] GC(89)     Dead                           Min: 0, Avg:  4.0, Max: 16, Diff: 16, Sum: 16, Workers: 4
[1704.213s][debug][gc,phases      ] GC(89)     Total                          Min: 3740, Avg: 3837.5, Max: 3935, Diff: 195, Sum: 15350, Workers: 4
[1704.213s][debug][gc,phases      ] GC(89)   JNI Weak                       Min:  0.0, Avg:  0.0, Max:  0.0, Diff:  0.0, Sum:  0.0, Workers: 4
[1704.213s][debug][gc,phases      ] GC(89)     Dead                           Min: 0, Avg:  0.0, Max: 0, Diff: 0, Sum: 0, Workers: 4
[1704.213s][debug][gc,phases      ] GC(89)     Total                          Min: 0, Avg: 13.0, Max: 52, Diff: 52, Sum: 52, Workers: 4
[1704.213s][debug][gc,phases      ] GC(89)   StringDedup Table Weak         Min:  0.0, Avg:  0.0, Max:  0.0, Diff:  0.0, Sum:  0.0, Workers: 4
[1704.213s][debug][gc,phases      ] GC(89)     Dead                           Min: 0, Avg:  0.0, Max: 0, Diff: 0, Sum: 0, Workers: 4
[1704.213s][debug][gc,phases      ] GC(89)     Total                          Min: 0, Avg:  0.0, Max: 0, Diff: 0, Sum: 0, Workers: 4
[1704.213s][debug][gc,phases      ] GC(89)   StringDedup Requests0 Weak     Min:  0.0, Avg:  0.0, Max:  0.0, Diff:  0.0, Sum:  0.0, Workers: 4
[1704.213s][debug][gc,phases      ] GC(89)     Dead                           Min: 0, Avg:  0.0, Max: 0, Diff: 0, Sum: 0, Workers: 4
[1704.213s][debug][gc,phases      ] GC(89)     Total                          Min: 0, Avg:  0.0, Max: 0, Diff: 0, Sum: 0, Workers: 4
[1704.213s][debug][gc,phases      ] GC(89)   StringDedup Requests1 Weak     Min:  0.0, Avg:  0.0, Max:  0.0, Diff:  0.0, Sum:  0.0, Workers: 4
[1704.213s][debug][gc,phases      ] GC(89)     Dead                           Min: 0, Avg:  0.0, Max: 0, Diff: 0, Sum: 0, Workers: 4
[1704.213s][debug][gc,phases      ] GC(89)     Total                          Min: 0, Avg:  0.0, Max: 0, Diff: 0, Sum: 0, Workers: 4
[1704.213s][debug][gc,phases      ] GC(89)   Weak JFR Old Object Samples    Min:  0.0, Avg:  0.0, Max:  0.0, Diff:  0.0, Sum:  0.0, Workers: 4
[1704.213s][debug][gc,phases      ] GC(89)     Dead                           Min: 0, Avg:  0.0, Max: 0, Diff: 0, Sum: 0, Workers: 4
[1704.213s][debug][gc,phases      ] GC(89)     Total                          Min: 0, Avg:  0.0, Max: 0, Diff: 0, Sum: 0, Workers: 4
[1704.213s][debug][gc,phases      ] GC(89) Weak Processing 0.355ms
[1704.213s][debug][gc,age         ] GC(89) Desired survivor size 7340032 bytes, new threshold 1 (max threshold 15)
[1704.213s][info ][gc,heap        ] GC(89) PSYoungGen: 2088540K(2088960K)->4109K(2089984K) Eden: 2082816K(2082816K)->0K(2082304K) From: 5724K(6144K)->4109K(7680K)
[1704.213s][info ][gc,heap        ] GC(89) ParOldGen: 291157K(330240K)->293297K(330240K)
[1704.213s][info ][gc,metaspace   ] GC(89) Metaspace: 106336K(107712K)->106336K(107712K) NonClass: 90297K(91072K)->90297K(91072K) Class: 16039K(16640K)->16039K(16640K)
[1704.213s][info ][gc             ] GC(89) Pause Young (Allocation Failure) 2323M->290M(2363M) 4.554ms
[1704.213s][info ][gc,cpu         ] GC(89) User=0.01s Sys=0.00s Real=0.00s
[1704.213s][info ][safepoint      ] Safepoint "ParallelGCFailedAllocation", Time since last: 11445573244 ns, Reaching safepoint: 80500 ns, Cleanup: 3900 ns, At safepoint: 4618213 ns, Total: 4702613 ns
[1705.213s][info ][safepoint      ] Safepoint "Cleanup", Time since last: 1000096365 ns, Reaching safepoint: 78800 ns, Cleanup: 10300 ns, At safepoint: 5800 ns, Total: 94900 ns
[1716.214s][info ][safepoint      ] Safepoint "Cleanup", Time since last: 11000849874 ns, Reaching safepoint: 4600 ns, Cleanup: 7900 ns, At safepoint: 1700 ns, Total: 14200 ns
[1718.214s][info ][safepoint      ] Safepoint "Cleanup", Time since last: 2000176013 ns, Reaching safepoint: 4500 ns, Cleanup: 6500 ns, At safepoint: 1700 ns, Total: 12700 ns
[1722.215s][info ][safepoint      ] Safepoint "Cleanup", Time since last: 4000292073 ns, Reaching safepoint: 4500 ns, Cleanup: 8700 ns, At safepoint: 2100 ns, Total: 15300 ns
[1726.510s][info ][gc,start       ] GC(90) Pause Young (Allocation Failure)
[1726.514s][debug][gc,phases      ] GC(90) Scavenge 3.512ms
[1726.514s][debug][gc,ref         ] GC(90) ReferenceProcessor::execute queues: 1, RefProcThreadModel::Single, marks_oops_alive: false
[1726.514s][debug][gc,ref         ] GC(90) Skipped KeepAliveFinalRefsPhase of Reference Processing: no references
[1726.514s][debug][gc,ref         ] GC(90) ReferenceProcessor::execute queues: 1, RefProcThreadModel::Single, marks_oops_alive: false
[1726.514s][debug][gc,phases      ] GC(90) Reference Processing 0.113ms
[1726.514s][debug][gc,phases      ] GC(90)   VM Weak                        Min:  0.0, Avg:  0.0, Max:  0.0, Diff:  0.0, Sum:  0.0, Workers: 4
[1726.514s][debug][gc,phases      ] GC(90)     Dead                           Min: 0, Avg:  0.0, Max: 0, Diff: 0, Sum: 0, Workers: 4
[1726.514s][debug][gc,phases      ] GC(90)     Total                          Min: 0, Avg: 257.8, Max: 1031, Diff: 1031, Sum: 1031, Workers: 4
[1726.514s][debug][gc,phases      ] GC(90)   ObjectSynchronizer Weak        Min:  0.0, Avg:  0.0, Max:  0.0, Diff:  0.0, Sum:  0.0, Workers: 4
[1726.514s][debug][gc,phases      ] GC(90)     Dead                           Min: 0, Avg:  0.0, Max: 0, Diff: 0, Sum: 0, Workers: 4
[1726.514s][debug][gc,phases      ] GC(90)     Total                          Min: 0, Avg:  0.8, Max: 3, Diff: 3, Sum: 3, Workers: 4
[1726.514s][debug][gc,phases      ] GC(90)   JVMTI Tag Weak OopStorage      Min:  0.0, Avg:  0.0, Max:  0.0, Diff:  0.0, Sum:  0.0, Workers: 4
[1726.514s][debug][gc,phases      ] GC(90)     Dead                           Min: 0, Avg:  0.0, Max: 0, Diff: 0, Sum: 0, Workers: 4
[1726.514s][debug][gc,phases      ] GC(90)     Total                          Min: 0, Avg:  0.0, Max: 0, Diff: 0, Sum: 0, Workers: 4
[1726.514s][debug][gc,phases      ] GC(90)   StringTable Weak               Min:  0.0, Avg:  0.1, Max:  0.1, Diff:  0.1, Sum:  0.4, Workers: 4
[1726.514s][debug][gc,phases      ] GC(90)     Dead                           Min: 0, Avg:  0.0, Max: 0, Diff: 0, Sum: 0, Workers: 4
[1726.514s][debug][gc,phases      ] GC(90)     Total                          Min: 0, Avg: 11560.8, Max: 20160, Diff: 20160, Sum: 46243, Workers: 4
[1726.514s][debug][gc,phases      ] GC(90)   ResolvedMethodTable Weak       Min:  0.0, Avg:  0.0, Max:  0.0, Diff:  0.0, Sum:  0.1, Workers: 4
[1726.514s][debug][gc,phases      ] GC(90)     Dead                           Min: 0, Avg:  0.0, Max: 0, Diff: 0, Sum: 0, Workers: 4
[1726.514s][debug][gc,phases      ] GC(90)     Total                          Min: 0, Avg: 3837.5, Max: 6515, Diff: 6515, Sum: 15350, Workers: 4
[1726.514s][debug][gc,phases      ] GC(90)   JNI Weak                       Min:  0.0, Avg:  0.0, Max:  0.0, Diff:  0.0, Sum:  0.0, Workers: 4
[1726.514s][debug][gc,phases      ] GC(90)     Dead                           Min: 0, Avg:  0.0, Max: 0, Diff: 0, Sum: 0, Workers: 4
[1726.514s][debug][gc,phases      ] GC(90)     Total                          Min: 0, Avg: 13.0, Max: 52, Diff: 52, Sum: 52, Workers: 4
[1726.514s][debug][gc,phases      ] GC(90)   StringDedup Table Weak         Min:  0.0, Avg:  0.0, Max:  0.0, Diff:  0.0, Sum:  0.0, Workers: 4
[1726.514s][debug][gc,phases      ] GC(90)     Dead                           Min: 0, Avg:  0.0, Max: 0, Diff: 0, Sum: 0, Workers: 4
[1726.514s][debug][gc,phases      ] GC(90)     Total                          Min: 0, Avg:  0.0, Max: 0, Diff: 0, Sum: 0, Workers: 4
[1726.514s][debug][gc,phases      ] GC(90)   StringDedup Requests0 Weak     Min:  0.0, Avg:  0.0, Max:  0.0, Diff:  0.0, Sum:  0.0, Workers: 4
[1726.514s][debug][gc,phases      ] GC(90)     Dead                           Min: 0, Avg:  0.0, Max: 0, Diff: 0, Sum: 0, Workers: 4
[1726.514s][debug][gc,phases      ] GC(90)     Total                          Min: 0, Avg:  0.0, Max: 0, Diff: 0, Sum: 0, Workers: 4
[1726.514s][debug][gc,phases      ] GC(90)   StringDedup Requests1 Weak     Min:  0.0, Avg:  0.0, Max:  0.0, Diff:  0.0, Sum:  0.0, Workers: 4
[1726.514s][debug][gc,phases      ] GC(90)     Dead                           Min: 0, Avg:  0.0, Max: 0, Diff: 0, Sum: 0, Workers: 4
[1726.515s][debug][gc,phases      ] GC(90)     Total                          Min: 0, Avg:  0.0, Max: 0, Diff: 0, Sum: 0, Workers: 4
[1726.515s][debug][gc,phases      ] GC(90)   Weak JFR Old Object Samples    Min:  0.0, Avg:  0.0, Max:  0.0, Diff:  0.0, Sum:  0.0, Workers: 4
[1726.515s][debug][gc,phases      ] GC(90)     Dead                           Min: 0, Avg:  0.0, Max: 0, Diff: 0, Sum: 0, Workers: 4
[1726.515s][debug][gc,phases      ] GC(90)     Total                          Min: 0, Avg:  0.0, Max: 0, Diff: 0, Sum: 0, Workers: 4
[1726.515s][debug][gc,phases      ] GC(90) Weak Processing 0.373ms
[1726.515s][debug][gc,age         ] GC(90) Desired survivor size 7340032 bytes, new threshold 1 (max threshold 15)
[1726.515s][info ][gc,heap        ] GC(90) PSYoungGen: 2086413K(2089984K)->4400K(2089472K) Eden: 2082304K(2082304K)->0K(2082304K) From: 4109K(7680K)->4400K(7168K)
[1726.515s][info ][gc,heap        ] GC(90) ParOldGen: 293297K(330240K)->293903K(330240K)
[1726.515s][info ][gc,metaspace   ] GC(90) Metaspace: 106336K(107712K)->106336K(107712K) NonClass: 90297K(91072K)->90297K(91072K) Class: 16039K(16640K)->16039K(16640K)
[1726.515s][info ][gc             ] GC(90) Pause Young (Allocation Failure) 2323M->291M(2363M) 4.110ms
[1726.515s][info ][gc,cpu         ] GC(90) User=0.01s Sys=0.00s Real=0.00s
[1726.515s][info ][safepoint      ] Safepoint "ParallelGCFailedAllocation", Time since last: 4295908031 ns, Reaching safepoint: 5700 ns, Cleanup: 3700 ns, At safepoint: 4171413 ns, Total: 4180813 ns
[1739.516s][info ][safepoint      ] Safepoint "Cleanup", Time since last: 13001108492 ns, Reaching safepoint: 5800 ns, Cleanup: 9100 ns, At safepoint: 1700 ns, Total: 16600 ns
[1746.534s][info ][safepoint      ] Safepoint "Cleanup", Time since last: 7018557729 ns, Reaching safepoint: 5800 ns, Cleanup: 9200 ns, At safepoint: 1900 ns, Total: 16900 ns
[1748.466s][info ][gc,start       ] GC(91) Pause Young (Allocation Failure)
[1748.471s][debug][gc,phases      ] GC(91) Scavenge 4.717ms
[1748.471s][debug][gc,ref         ] GC(91) ReferenceProcessor::execute queues: 1, RefProcThreadModel::Single, marks_oops_alive: false
[1748.471s][debug][gc,ref         ] GC(91) Skipped KeepAliveFinalRefsPhase of Reference Processing: no references
[1748.471s][debug][gc,ref         ] GC(91) ReferenceProcessor::execute queues: 1, RefProcThreadModel::Single, marks_oops_alive: false
[1748.471s][debug][gc,phases      ] GC(91) Reference Processing 0.099ms
[1748.471s][debug][gc,phases      ] GC(91)   VM Weak                        Min:  0.0, Avg:  0.0, Max:  0.0, Diff:  0.0, Sum:  0.0, Workers: 4
[1748.471s][debug][gc,phases      ] GC(91)     Dead                           Min: 0, Avg:  0.0, Max: 0, Diff: 0, Sum: 0, Workers: 4
[1748.471s][debug][gc,phases      ] GC(91)     Total                          Min: 0, Avg: 257.8, Max: 903, Diff: 903, Sum: 1031, Workers: 4
[1748.471s][debug][gc,phases      ] GC(91)   ObjectSynchronizer Weak        Min:  0.0, Avg:  0.0, Max:  0.0, Diff:  0.0, Sum:  0.0, Workers: 4
[1748.471s][debug][gc,phases      ] GC(91)     Dead                           Min: 0, Avg:  0.0, Max: 0, Diff: 0, Sum: 0, Workers: 4
[1748.471s][debug][gc,phases      ] GC(91)     Total                          Min: 0, Avg:  1.0, Max: 4, Diff: 4, Sum: 4, Workers: 4
[1748.471s][debug][gc,phases      ] GC(91)   JVMTI Tag Weak OopStorage      Min:  0.0, Avg:  0.0, Max:  0.0, Diff:  0.0, Sum:  0.0, Workers: 4
[1748.471s][debug][gc,phases      ] GC(91)     Dead                           Min: 0, Avg:  0.0, Max: 0, Diff: 0, Sum: 0, Workers: 4
[1748.471s][debug][gc,phases      ] GC(91)     Total                          Min: 0, Avg:  0.0, Max: 0, Diff: 0, Sum: 0, Workers: 4
[1748.471s][debug][gc,phases      ] GC(91)   StringTable Weak               Min:  0.0, Avg:  0.1, Max:  0.1, Diff:  0.1, Sum:  0.4, Workers: 4
[1748.471s][debug][gc,phases      ] GC(91)     Dead                           Min: 0, Avg:  0.0, Max: 0, Diff: 0, Sum: 0, Workers: 4
[1748.471s][debug][gc,phases      ] GC(91)     Total                          Min: 0, Avg: 11561.2, Max: 19648, Diff: 19648, Sum: 46245, Workers: 4
[1748.471s][debug][gc,phases      ] GC(91)   ResolvedMethodTable Weak       Min:  0.0, Avg:  0.0, Max:  0.0, Diff:  0.0, Sum:  0.1, Workers: 4
[1748.471s][debug][gc,phases      ] GC(91)     Dead                           Min: 0, Avg:  4.0, Max: 16, Diff: 16, Sum: 16, Workers: 4
[1748.471s][debug][gc,phases      ] GC(91)     Total                          Min: 0, Avg: 3837.5, Max: 6633, Diff: 6633, Sum: 15350, Workers: 4
[1748.471s][debug][gc,phases      ] GC(91)   JNI Weak                       Min:  0.0, Avg:  0.0, Max:  0.0, Diff:  0.0, Sum:  0.0, Workers: 4
[1748.471s][debug][gc,phases      ] GC(91)     Dead                           Min: 0, Avg:  0.0, Max: 0, Diff: 0, Sum: 0, Workers: 4
[1748.471s][debug][gc,phases      ] GC(91)     Total                          Min: 0, Avg: 13.0, Max: 52, Diff: 52, Sum: 52, Workers: 4
[1748.471s][debug][gc,phases      ] GC(91)   StringDedup Table Weak         Min:  0.0, Avg:  0.0, Max:  0.0, Diff:  0.0, Sum:  0.0, Workers: 4
[1748.471s][debug][gc,phases      ] GC(91)     Dead                           Min: 0, Avg:  0.0, Max: 0, Diff: 0, Sum: 0, Workers: 4
[1748.471s][debug][gc,phases      ] GC(91)     Total                          Min: 0, Avg:  0.0, Max: 0, Diff: 0, Sum: 0, Workers: 4
[1748.471s][debug][gc,phases      ] GC(91)   StringDedup Requests0 Weak     Min:  0.0, Avg:  0.0, Max:  0.0, Diff:  0.0, Sum:  0.0, Workers: 4
[1748.471s][debug][gc,phases      ] GC(91)     Dead                           Min: 0, Avg:  0.0, Max: 0, Diff: 0, Sum: 0, Workers: 4
[1748.471s][debug][gc,phases      ] GC(91)     Total                          Min: 0, Avg:  0.0, Max: 0, Diff: 0, Sum: 0, Workers: 4
[1748.471s][debug][gc,phases      ] GC(91)   StringDedup Requests1 Weak     Min:  0.0, Avg:  0.0, Max:  0.0, Diff:  0.0, Sum:  0.0, Workers: 4
[1748.471s][debug][gc,phases      ] GC(91)     Dead                           Min: 0, Avg:  0.0, Max: 0, Diff: 0, Sum: 0, Workers: 4
[1748.471s][debug][gc,phases      ] GC(91)     Total                          Min: 0, Avg:  0.0, Max: 0, Diff: 0, Sum: 0, Workers: 4
[1748.471s][debug][gc,phases      ] GC(91)   Weak JFR Old Object Samples    Min:  0.0, Avg:  0.0, Max:  0.0, Diff:  0.0, Sum:  0.0, Workers: 4
[1748.471s][debug][gc,phases      ] GC(91)     Dead                           Min: 0, Avg:  0.0, Max: 0, Diff: 0, Sum: 0, Workers: 4
[1748.471s][debug][gc,phases      ] GC(91)     Total                          Min: 0, Avg:  0.0, Max: 0, Diff: 0, Sum: 0, Workers: 4
[1748.471s][debug][gc,phases      ] GC(91) Weak Processing 0.400ms
[1748.471s][debug][gc,age         ] GC(91) Desired survivor size 7340032 bytes, new threshold 1 (max threshold 15)
[1748.471s][info ][gc,heap        ] GC(91) PSYoungGen: 2086704K(2089472K)->4992K(2089984K) Eden: 2082304K(2082304K)->0K(2082816K) From: 4400K(7168K)->4992K(7168K)
[1748.471s][info ][gc,heap        ] GC(91) ParOldGen: 293903K(330240K)->294675K(330240K)
[1748.471s][info ][gc,metaspace   ] GC(91) Metaspace: 106342K(107712K)->106342K(107712K) NonClass: 90303K(91072K)->90303K(91072K) Class: 16039K(16640K)->16039K(16640K)
[1748.471s][info ][gc             ] GC(91) Pause Young (Allocation Failure) 2324M->292M(2363M) 5.317ms
[1748.471s][info ][gc,cpu         ] GC(91) User=0.02s Sys=0.00s Real=0.00s
[1748.472s][info ][safepoint      ] Safepoint "ParallelGCFailedAllocation", Time since last: 1931808885 ns, Reaching safepoint: 5600 ns, Cleanup: 14200 ns, At safepoint: 5384216 ns, Total: 5404016 ns
[1771.213s][info ][gc,start       ] GC(92) Pause Young (Allocation Failure)
[1771.218s][debug][gc,phases      ] GC(92) Scavenge 4.074ms
[1771.218s][debug][gc,ref         ] GC(92) ReferenceProcessor::execute queues: 1, RefProcThreadModel::Single, marks_oops_alive: false
[1771.218s][debug][gc,ref         ] GC(92) Skipped KeepAliveFinalRefsPhase of Reference Processing: no references
[1771.218s][debug][gc,ref         ] GC(92) Skipped PhantomRefsPhase of Reference Processing: no references
[1771.218s][debug][gc,phases      ] GC(92) Reference Processing 0.102ms
[1771.218s][debug][gc,phases      ] GC(92)   VM Weak                        Min:  0.0, Avg:  0.0, Max:  0.0, Diff:  0.0, Sum:  0.0, Workers: 4
[1771.218s][debug][gc,phases      ] GC(92)     Dead                           Min: 0, Avg:  0.0, Max: 0, Diff: 0, Sum: 0, Workers: 4
[1771.218s][debug][gc,phases      ] GC(92)     Total                          Min: 0, Avg: 257.8, Max: 1031, Diff: 1031, Sum: 1031, Workers: 4
[1771.218s][debug][gc,phases      ] GC(92)   ObjectSynchronizer Weak        Min:  0.0, Avg:  0.0, Max:  0.0, Diff:  0.0, Sum:  0.0, Workers: 4
[1771.218s][debug][gc,phases      ] GC(92)     Dead                           Min: 0, Avg:  0.0, Max: 0, Diff: 0, Sum: 0, Workers: 4
[1771.218s][debug][gc,phases      ] GC(92)     Total                          Min: 0, Avg:  1.0, Max: 4, Diff: 4, Sum: 4, Workers: 4
[1771.218s][debug][gc,phases      ] GC(92)   JVMTI Tag Weak OopStorage      Min:  0.0, Avg:  0.0, Max:  0.0, Diff:  0.0, Sum:  0.0, Workers: 4
[1771.218s][debug][gc,phases      ] GC(92)     Dead                           Min: 0, Avg:  0.0, Max: 0, Diff: 0, Sum: 0, Workers: 4
[1771.218s][debug][gc,phases      ] GC(92)     Total                          Min: 0, Avg:  0.0, Max: 0, Diff: 0, Sum: 0, Workers: 4
[1771.218s][debug][gc,phases      ] GC(92)   StringTable Weak               Min:  0.0, Avg:  0.1, Max:  0.1, Diff:  0.1, Sum:  0.4, Workers: 4
[1771.218s][debug][gc,phases      ] GC(92)     Dead                           Min: 0, Avg:  0.0, Max: 0, Diff: 0, Sum: 0, Workers: 4
[1771.218s][debug][gc,phases      ] GC(92)     Total                          Min: 0, Avg: 11561.2, Max: 19712, Diff: 19712, Sum: 46245, Workers: 4
[1771.218s][debug][gc,phases      ] GC(92)   ResolvedMethodTable Weak       Min:  0.0, Avg:  0.0, Max:  0.0, Diff:  0.0, Sum:  0.1, Workers: 4
[1771.218s][debug][gc,phases      ] GC(92)     Dead                           Min: 0, Avg:  4.0, Max: 16, Diff: 16, Sum: 16, Workers: 4
[1771.218s][debug][gc,phases      ] GC(92)     Total                          Min: 0, Avg: 3837.5, Max: 6514, Diff: 6514, Sum: 15350, Workers: 4
[1771.218s][debug][gc,phases      ] GC(92)   JNI Weak                       Min:  0.0, Avg:  0.0, Max:  0.0, Diff:  0.0, Sum:  0.0, Workers: 4
[1771.218s][debug][gc,phases      ] GC(92)     Dead                           Min: 0, Avg:  0.0, Max: 0, Diff: 0, Sum: 0, Workers: 4
[1771.218s][debug][gc,phases      ] GC(92)     Total                          Min: 0, Avg: 13.0, Max: 52, Diff: 52, Sum: 52, Workers: 4
[1771.218s][debug][gc,phases      ] GC(92)   StringDedup Table Weak         Min:  0.0, Avg:  0.0, Max:  0.0, Diff:  0.0, Sum:  0.0, Workers: 4
[1771.218s][debug][gc,phases      ] GC(92)     Dead                           Min: 0, Avg:  0.0, Max: 0, Diff: 0, Sum: 0, Workers: 4
[1771.218s][debug][gc,phases      ] GC(92)     Total                          Min: 0, Avg:  0.0, Max: 0, Diff: 0, Sum: 0, Workers: 4
[1771.218s][debug][gc,phases      ] GC(92)   StringDedup Requests0 Weak     Min:  0.0, Avg:  0.0, Max:  0.0, Diff:  0.0, Sum:  0.0, Workers: 4
[1771.218s][debug][gc,phases      ] GC(92)     Dead                           Min: 0, Avg:  0.0, Max: 0, Diff: 0, Sum: 0, Workers: 4
[1771.218s][debug][gc,phases      ] GC(92)     Total                          Min: 0, Avg:  0.0, Max: 0, Diff: 0, Sum: 0, Workers: 4
[1771.218s][debug][gc,phases      ] GC(92)   StringDedup Requests1 Weak     Min:  0.0, Avg:  0.0, Max:  0.0, Diff:  0.0, Sum:  0.0, Workers: 4
[1771.218s][debug][gc,phases      ] GC(92)     Dead                           Min: 0, Avg:  0.0, Max: 0, Diff: 0, Sum: 0, Workers: 4
[1771.218s][debug][gc,phases      ] GC(92)     Total                          Min: 0, Avg:  0.0, Max: 0, Diff: 0, Sum: 0, Workers: 4
[1771.218s][debug][gc,phases      ] GC(92)   Weak JFR Old Object Samples    Min:  0.0, Avg:  0.0, Max:  0.0, Diff:  0.0, Sum:  0.0, Workers: 4
[1771.218s][debug][gc,phases      ] GC(92)     Dead                           Min: 0, Avg:  0.0, Max: 0, Diff: 0, Sum: 0, Workers: 4
[1771.218s][debug][gc,phases      ] GC(92)     Total                          Min: 0, Avg:  0.0, Max: 0, Diff: 0, Sum: 0, Workers: 4
[1771.218s][debug][gc,phases      ] GC(92) Weak Processing 0.378ms
[1771.218s][debug][gc,age         ] GC(92) Desired survivor size 6815744 bytes, new threshold 1 (max threshold 15)
[1771.218s][info ][gc,heap        ] GC(92) PSYoungGen: 2087808K(2089984K)->4688K(2089984K) Eden: 2082816K(2082816K)->0K(2082816K) From: 4992K(7168K)->4688K(7168K)
[1771.218s][info ][gc,heap        ] GC(92) ParOldGen: 294675K(330240K)->295847K(330240K)
[1771.218s][info ][gc,metaspace   ] GC(92) Metaspace: 106342K(107712K)->106342K(107712K) NonClass: 90303K(91072K)->90303K(91072K) Class: 16039K(16640K)->16039K(16640K)
[1771.218s][info ][gc             ] GC(92) Pause Young (Allocation Failure) 2326M->293M(2363M) 4.669ms
[1771.218s][info ][gc,cpu         ] GC(92) User=0.02s Sys=0.00s Real=0.01s
[1771.218s][info ][safepoint      ] Safepoint "ParallelGCFailedAllocation", Time since last: 22741855212 ns, Reaching safepoint: 6000 ns, Cleanup: 3900 ns, At safepoint: 4731016 ns, Total: 4740916 ns
[1774.218s][info ][safepoint      ] Safepoint "Cleanup", Time since last: 3000237894 ns, Reaching safepoint: 5900 ns, Cleanup: 9000 ns, At safepoint: 2200 ns, Total: 17100 ns
[1775.218s][info ][safepoint      ] Safepoint "Cleanup", Time since last: 1000110998 ns, Reaching safepoint: 5500 ns, Cleanup: 11100 ns, At safepoint: 2000 ns, Total: 18600 ns
[1784.219s][info ][safepoint      ] Safepoint "Cleanup", Time since last: 9000763572 ns, Reaching safepoint: 6200 ns, Cleanup: 9600 ns, At safepoint: 2000 ns, Total: 17800 ns
[1793.215s][info ][gc,start       ] GC(93) Pause Young (Allocation Failure)
[1793.220s][debug][gc,phases      ] GC(93) Scavenge 4.118ms
[1793.220s][debug][gc,ref         ] GC(93) ReferenceProcessor::execute queues: 1, RefProcThreadModel::Single, marks_oops_alive: false
[1793.220s][debug][gc,ref         ] GC(93) Skipped KeepAliveFinalRefsPhase of Reference Processing: no references
[1793.220s][debug][gc,ref         ] GC(93) Skipped PhantomRefsPhase of Reference Processing: no references
[1793.220s][debug][gc,phases      ] GC(93) Reference Processing 0.098ms
[1793.220s][debug][gc,phases      ] GC(93)   VM Weak                        Min:  0.0, Avg:  0.0, Max:  0.0, Diff:  0.0, Sum:  0.0, Workers: 4
[1793.220s][debug][gc,phases      ] GC(93)     Dead                           Min: 0, Avg:  0.0, Max: 0, Diff: 0, Sum: 0, Workers: 4
[1793.220s][debug][gc,phases      ] GC(93)     Total                          Min: 0, Avg: 257.8, Max: 519, Diff: 519, Sum: 1031, Workers: 4
[1793.220s][debug][gc,phases      ] GC(93)   ObjectSynchronizer Weak        Min:  0.0, Avg:  0.0, Max:  0.0, Diff:  0.0, Sum:  0.0, Workers: 4
[1793.220s][debug][gc,phases      ] GC(93)     Dead                           Min: 0, Avg:  0.0, Max: 0, Diff: 0, Sum: 0, Workers: 4
[1793.220s][debug][gc,phases      ] GC(93)     Total                          Min: 0, Avg:  1.0, Max: 4, Diff: 4, Sum: 4, Workers: 4
[1793.220s][debug][gc,phases      ] GC(93)   JVMTI Tag Weak OopStorage      Min:  0.0, Avg:  0.0, Max:  0.0, Diff:  0.0, Sum:  0.0, Workers: 4
[1793.220s][debug][gc,phases      ] GC(93)     Dead                           Min: 0, Avg:  0.0, Max: 0, Diff: 0, Sum: 0, Workers: 4
[1793.220s][debug][gc,phases      ] GC(93)     Total                          Min: 0, Avg:  0.0, Max: 0, Diff: 0, Sum: 0, Workers: 4
[1793.220s][debug][gc,phases      ] GC(93)   StringTable Weak               Min:  0.0, Avg:  0.1, Max:  0.1, Diff:  0.1, Sum:  0.4, Workers: 4
[1793.220s][debug][gc,phases      ] GC(93)     Dead                           Min: 0, Avg:  0.0, Max: 0, Diff: 0, Sum: 0, Workers: 4
[1793.220s][debug][gc,phases      ] GC(93)     Total                          Min: 0, Avg: 11561.2, Max: 19109, Diff: 19109, Sum: 46245, Workers: 4
[1793.220s][debug][gc,phases      ] GC(93)   ResolvedMethodTable Weak       Min:  0.0, Avg:  0.0, Max:  0.0, Diff:  0.0, Sum:  0.1, Workers: 4
[1793.220s][debug][gc,phases      ] GC(93)     Dead                           Min: 0, Avg:  4.0, Max: 16, Diff: 16, Sum: 16, Workers: 4
[1793.220s][debug][gc,phases      ] GC(93)     Total                          Min: 0, Avg: 3837.5, Max: 6388, Diff: 6388, Sum: 15350, Workers: 4
[1793.220s][debug][gc,phases      ] GC(93)   JNI Weak                       Min:  0.0, Avg:  0.0, Max:  0.0, Diff:  0.0, Sum:  0.0, Workers: 4
[1793.220s][debug][gc,phases      ] GC(93)     Dead                           Min: 0, Avg:  0.0, Max: 0, Diff: 0, Sum: 0, Workers: 4
[1793.220s][debug][gc,phases      ] GC(93)     Total                          Min: 0, Avg: 13.0, Max: 52, Diff: 52, Sum: 52, Workers: 4
[1793.220s][debug][gc,phases      ] GC(93)   StringDedup Table Weak         Min:  0.0, Avg:  0.0, Max:  0.0, Diff:  0.0, Sum:  0.0, Workers: 4
[1793.220s][debug][gc,phases      ] GC(93)     Dead                           Min: 0, Avg:  0.0, Max: 0, Diff: 0, Sum: 0, Workers: 4
[1793.220s][debug][gc,phases      ] GC(93)     Total                          Min: 0, Avg:  0.0, Max: 0, Diff: 0, Sum: 0, Workers: 4
[1793.220s][debug][gc,phases      ] GC(93)   StringDedup Requests0 Weak     Min:  0.0, Avg:  0.0, Max:  0.0, Diff:  0.0, Sum:  0.0, Workers: 4
[1793.220s][debug][gc,phases      ] GC(93)     Dead                           Min: 0, Avg:  0.0, Max: 0, Diff: 0, Sum: 0, Workers: 4
[1793.220s][debug][gc,phases      ] GC(93)     Total                          Min: 0, Avg:  0.0, Max: 0, Diff: 0, Sum: 0, Workers: 4
[1793.220s][debug][gc,phases      ] GC(93)   StringDedup Requests1 Weak     Min:  0.0, Avg:  0.0, Max:  0.0, Diff:  0.0, Sum:  0.0, Workers: 4
[1793.220s][debug][gc,phases      ] GC(93)     Dead                           Min: 0, Avg:  0.0, Max: 0, Diff: 0, Sum: 0, Workers: 4
[1793.220s][debug][gc,phases      ] GC(93)     Total                          Min: 0, Avg:  0.0, Max: 0, Diff: 0, Sum: 0, Workers: 4
[1793.220s][debug][gc,phases      ] GC(93)   Weak JFR Old Object Samples    Min:  0.0, Avg:  0.0, Max:  0.0, Diff:  0.0, Sum:  0.0, Workers: 4
[1793.220s][debug][gc,phases      ] GC(93)     Dead                           Min: 0, Avg:  0.0, Max: 0, Diff: 0, Sum: 0, Workers: 4
[1793.220s][debug][gc,phases      ] GC(93)     Total                          Min: 0, Avg:  0.0, Max: 0, Diff: 0, Sum: 0, Workers: 4
[1793.220s][debug][gc,phases      ] GC(93) Weak Processing 0.383ms
[1793.220s][debug][gc,age         ] GC(93) Desired survivor size 6815744 bytes, new threshold 1 (max threshold 15)
[1793.220s][info ][gc,heap        ] GC(93) PSYoungGen: 2087504K(2089984K)->5136K(2090496K) Eden: 2082816K(2082816K)->0K(2083840K) From: 4688K(7168K)->5136K(6656K)
[1793.220s][info ][gc,heap        ] GC(93) ParOldGen: 295847K(330240K)->296620K(330240K)
[1793.220s][info ][gc,metaspace   ] GC(93) Metaspace: 106347K(107712K)->106347K(107712K) NonClass: 90307K(91072K)->90307K(91072K) Class: 16039K(16640K)->16039K(16640K)
[1793.220s][info ][gc             ] GC(93) Pause Young (Allocation Failure) 2327M->294M(2364M) 4.720ms
[1793.220s][info ][gc,cpu         ] GC(93) User=0.01s Sys=0.01s Real=0.00s
[1793.220s][info ][safepoint      ] Safepoint "ParallelGCFailedAllocation", Time since last: 8996018497 ns, Reaching safepoint: 5000 ns, Cleanup: 3600 ns, At safepoint: 4780710 ns, Total: 4789310 ns
[1800.221s][info ][safepoint      ] Safepoint "Cleanup", Time since last: 7000517875 ns, Reaching safepoint: 78400 ns, Cleanup: 8900 ns, At safepoint: 6600 ns, Total: 93900 ns
[1801.551s][info ][safepoint      ] Safepoint "Cleanup", Time since last: 1330431413 ns, Reaching safepoint: 76100 ns, Cleanup: 24400 ns, At safepoint: 7200 ns, Total: 107700 ns
[1802.553s][info ][safepoint      ] Safepoint "Cleanup", Time since last: 1001935448 ns, Reaching safepoint: 79400 ns, Cleanup: 9900 ns, At safepoint: 6500 ns, Total: 95800 ns
[1805.554s][info ][safepoint      ] Safepoint "Cleanup", Time since last: 3000247325 ns, Reaching safepoint: 78401 ns, Cleanup: 10000 ns, At safepoint: 5200 ns, Total: 93601 ns
[1808.554s][info ][safepoint      ] Safepoint "Cleanup", Time since last: 3000243400 ns, Reaching safepoint: 91400 ns, Cleanup: 11800 ns, At safepoint: 7900 ns, Total: 111100 ns
[1812.555s][info ][safepoint      ] Safepoint "Cleanup", Time since last: 4000788812 ns, Reaching safepoint: 80400 ns, Cleanup: 13000 ns, At safepoint: 6500 ns, Total: 99900 ns
[1815.315s][info ][gc,start       ] GC(94) Pause Young (Allocation Failure)
[1815.319s][debug][gc,phases      ] GC(94) Scavenge 4.145ms
[1815.319s][debug][gc,ref         ] GC(94) ReferenceProcessor::execute queues: 1, RefProcThreadModel::Single, marks_oops_alive: false
[1815.319s][debug][gc,ref         ] GC(94) Skipped KeepAliveFinalRefsPhase of Reference Processing: no references
[1815.319s][debug][gc,ref         ] GC(94) ReferenceProcessor::execute queues: 1, RefProcThreadModel::Single, marks_oops_alive: false
[1815.319s][debug][gc,phases      ] GC(94) Reference Processing 0.096ms
[1815.319s][debug][gc,phases      ] GC(94)   VM Weak                        Min:  0.0, Avg:  0.0, Max:  0.0, Diff:  0.0, Sum:  0.0, Workers: 4
[1815.319s][debug][gc,phases      ] GC(94)     Dead                           Min: 0, Avg:  0.0, Max: 0, Diff: 0, Sum: 0, Workers: 4
[1815.319s][debug][gc,phases      ] GC(94)     Total                          Min: 0, Avg: 257.8, Max: 1031, Diff: 1031, Sum: 1031, Workers: 4
[1815.319s][debug][gc,phases      ] GC(94)   ObjectSynchronizer Weak        Min:  0.0, Avg:  0.0, Max:  0.0, Diff:  0.0, Sum:  0.0, Workers: 4
[1815.319s][debug][gc,phases      ] GC(94)     Dead                           Min: 0, Avg:  0.0, Max: 0, Diff: 0, Sum: 0, Workers: 4
[1815.319s][debug][gc,phases      ] GC(94)     Total                          Min: 0, Avg:  0.8, Max: 3, Diff: 3, Sum: 3, Workers: 4
[1815.319s][debug][gc,phases      ] GC(94)   JVMTI Tag Weak OopStorage      Min:  0.0, Avg:  0.0, Max:  0.0, Diff:  0.0, Sum:  0.0, Workers: 4
[1815.319s][debug][gc,phases      ] GC(94)     Dead                           Min: 0, Avg:  0.0, Max: 0, Diff: 0, Sum: 0, Workers: 4
[1815.319s][debug][gc,phases      ] GC(94)     Total                          Min: 0, Avg:  0.0, Max: 0, Diff: 0, Sum: 0, Workers: 4
[1815.319s][debug][gc,phases      ] GC(94)   StringTable Weak               Min:  0.0, Avg:  0.1, Max:  0.1, Diff:  0.1, Sum:  0.4, Workers: 4
[1815.319s][debug][gc,phases      ] GC(94)     Dead                           Min: 0, Avg:  0.5, Max: 2, Diff: 2, Sum: 2, Workers: 4
[1815.319s][debug][gc,phases      ] GC(94)     Total                          Min: 0, Avg: 11570.0, Max: 19784, Diff: 19784, Sum: 46280, Workers: 4
[1815.319s][debug][gc,phases      ] GC(94)   ResolvedMethodTable Weak       Min:  0.0, Avg:  0.0, Max:  0.0, Diff:  0.0, Sum:  0.1, Workers: 4
[1815.319s][debug][gc,phases      ] GC(94)     Dead                           Min: 0, Avg:  9.0, Max: 20, Diff: 20, Sum: 36, Workers: 4
[1815.319s][debug][gc,phases      ] GC(94)     Total                          Min: 0, Avg: 3849.2, Max: 6435, Diff: 6435, Sum: 15397, Workers: 4
[1815.319s][debug][gc,phases      ] GC(94)   JNI Weak                       Min:  0.0, Avg:  0.0, Max:  0.0, Diff:  0.0, Sum:  0.0, Workers: 4
[1815.319s][debug][gc,phases      ] GC(94)     Dead                           Min: 0, Avg:  0.0, Max: 0, Diff: 0, Sum: 0, Workers: 4
[1815.319s][debug][gc,phases      ] GC(94)     Total                          Min: 0, Avg: 13.0, Max: 52, Diff: 52, Sum: 52, Workers: 4
[1815.319s][debug][gc,phases      ] GC(94)   StringDedup Table Weak         Min:  0.0, Avg:  0.0, Max:  0.0, Diff:  0.0, Sum:  0.0, Workers: 4
[1815.319s][debug][gc,phases      ] GC(94)     Dead                           Min: 0, Avg:  0.0, Max: 0, Diff: 0, Sum: 0, Workers: 4
[1815.319s][debug][gc,phases      ] GC(94)     Total                          Min: 0, Avg:  0.0, Max: 0, Diff: 0, Sum: 0, Workers: 4
[1815.319s][debug][gc,phases      ] GC(94)   StringDedup Requests0 Weak     Min:  0.0, Avg:  0.0, Max:  0.0, Diff:  0.0, Sum:  0.0, Workers: 4
[1815.319s][debug][gc,phases      ] GC(94)     Dead                           Min: 0, Avg:  0.0, Max: 0, Diff: 0, Sum: 0, Workers: 4
[1815.319s][debug][gc,phases      ] GC(94)     Total                          Min: 0, Avg:  0.0, Max: 0, Diff: 0, Sum: 0, Workers: 4
[1815.319s][debug][gc,phases      ] GC(94)   StringDedup Requests1 Weak     Min:  0.0, Avg:  0.0, Max:  0.0, Diff:  0.0, Sum:  0.0, Workers: 4
[1815.320s][debug][gc,phases      ] GC(94)     Dead                           Min: 0, Avg:  0.0, Max: 0, Diff: 0, Sum: 0, Workers: 4
[1815.320s][debug][gc,phases      ] GC(94)     Total                          Min: 0, Avg:  0.0, Max: 0, Diff: 0, Sum: 0, Workers: 4
[1815.320s][debug][gc,phases      ] GC(94)   Weak JFR Old Object Samples    Min:  0.0, Avg:  0.0, Max:  0.0, Diff:  0.0, Sum:  0.0, Workers: 4
[1815.320s][debug][gc,phases      ] GC(94)     Dead                           Min: 0, Avg:  0.0, Max: 0, Diff: 0, Sum: 0, Workers: 4
[1815.320s][debug][gc,phases      ] GC(94)     Total                          Min: 0, Avg:  0.0, Max: 0, Diff: 0, Sum: 0, Workers: 4
[1815.320s][debug][gc,phases      ] GC(94) Weak Processing 0.372ms
[1815.320s][debug][gc,age         ] GC(94) Desired survivor size 6815744 bytes, new threshold 1 (max threshold 15)
[1815.320s][info ][gc,heap        ] GC(94) PSYoungGen: 2088976K(2090496K)->4649K(2090496K) Eden: 2083840K(2083840K)->0K(2083840K) From: 5136K(6656K)->4649K(6656K)
[1815.320s][info ][gc,heap        ] GC(94) ParOldGen: 296620K(330240K)->297948K(330240K)
[1815.320s][info ][gc,metaspace   ] GC(94) Metaspace: 106435K(107840K)->106435K(107840K) NonClass: 90380K(91136K)->90380K(91136K) Class: 16055K(16704K)->16055K(16704K)
[1815.320s][info ][gc             ] GC(94) Pause Young (Allocation Failure) 2329M->295M(2364M) 4.740ms
[1815.320s][info ][gc,cpu         ] GC(94) User=0.02s Sys=0.00s Real=0.00s
[1815.320s][info ][safepoint      ] Safepoint "ParallelGCFailedAllocation", Time since last: 2759955910 ns, Reaching safepoint: 5600 ns, Cleanup: 2800 ns, At safepoint: 4802015 ns, Total: 4810415 ns
[1817.320s][info ][safepoint      ] Safepoint "Cleanup", Time since last: 2000151633 ns, Reaching safepoint: 6200 ns, Cleanup: 7200 ns, At safepoint: 2400 ns, Total: 15800 ns
[1820.320s][info ][safepoint      ] Safepoint "Cleanup", Time since last: 3000248057 ns, Reaching safepoint: 6400 ns, Cleanup: 7500 ns, At safepoint: 2000 ns, Total: 15900 ns
[1821.320s][info ][safepoint      ] Safepoint "Cleanup", Time since last: 1000112552 ns, Reaching safepoint: 7900 ns, Cleanup: 7100 ns, At safepoint: 2600 ns, Total: 17600 ns
[1823.320s][info ][safepoint      ] Safepoint "Cleanup", Time since last: 2000168205 ns, Reaching safepoint: 5500 ns, Cleanup: 6600 ns, At safepoint: 1900 ns, Total: 14000 ns
[1825.321s][info ][safepoint      ] Safepoint "Cleanup", Time since last: 2000180705 ns, Reaching safepoint: 6200 ns, Cleanup: 8900 ns, At safepoint: 2100 ns, Total: 17200 ns
[1826.321s][info ][safepoint      ] Safepoint "Cleanup", Time since last: 1000110875 ns, Reaching safepoint: 5900 ns, Cleanup: 15600 ns, At safepoint: 2400 ns, Total: 23900 ns
[1828.321s][info ][safepoint      ] Safepoint "Cleanup", Time since last: 2000175849 ns, Reaching safepoint: 5700 ns, Cleanup: 8300 ns, At safepoint: 2300 ns, Total: 16300 ns
[1837.368s][info ][gc,start       ] GC(95) Pause Young (Allocation Failure)
[1837.373s][debug][gc,phases      ] GC(95) Scavenge 4.701ms
[1837.373s][debug][gc,ref         ] GC(95) ReferenceProcessor::execute queues: 1, RefProcThreadModel::Single, marks_oops_alive: false
[1837.373s][debug][gc,ref         ] GC(95) Skipped KeepAliveFinalRefsPhase of Reference Processing: no references
[1837.373s][debug][gc,ref         ] GC(95) ReferenceProcessor::execute queues: 1, RefProcThreadModel::Single, marks_oops_alive: false
[1837.373s][debug][gc,phases      ] GC(95) Reference Processing 0.120ms
[1837.373s][debug][gc,phases      ] GC(95)   VM Weak                        Min:  0.0, Avg:  0.0, Max:  0.0, Diff:  0.0, Sum:  0.0, Workers: 4
[1837.373s][debug][gc,phases      ] GC(95)     Dead                           Min: 0, Avg:  0.0, Max: 0, Diff: 0, Sum: 0, Workers: 4
[1837.373s][debug][gc,phases      ] GC(95)     Total                          Min: 0, Avg: 257.8, Max: 967, Diff: 967, Sum: 1031, Workers: 4
[1837.373s][debug][gc,phases      ] GC(95)   ObjectSynchronizer Weak        Min:  0.0, Avg:  0.0, Max:  0.0, Diff:  0.0, Sum:  0.0, Workers: 4
[1837.373s][debug][gc,phases      ] GC(95)     Dead                           Min: 0, Avg:  0.0, Max: 0, Diff: 0, Sum: 0, Workers: 4
[1837.373s][debug][gc,phases      ] GC(95)     Total                          Min: 0, Avg:  1.0, Max: 4, Diff: 4, Sum: 4, Workers: 4
[1837.373s][debug][gc,phases      ] GC(95)   JVMTI Tag Weak OopStorage      Min:  0.0, Avg:  0.0, Max:  0.0, Diff:  0.0, Sum:  0.0, Workers: 4
[1837.373s][debug][gc,phases      ] GC(95)     Dead                           Min: 0, Avg:  0.0, Max: 0, Diff: 0, Sum: 0, Workers: 4
[1837.373s][debug][gc,phases      ] GC(95)     Total                          Min: 0, Avg:  0.0, Max: 0, Diff: 0, Sum: 0, Workers: 4
[1837.373s][debug][gc,phases      ] GC(95)   StringTable Weak               Min:  0.0, Avg:  0.1, Max:  0.1, Diff:  0.1, Sum:  0.4, Workers: 4
[1837.373s][debug][gc,phases      ] GC(95)     Dead                           Min: 0, Avg:  0.0, Max: 0, Diff: 0, Sum: 0, Workers: 4
[1837.373s][debug][gc,phases      ] GC(95)     Total                          Min: 0, Avg: 11570.0, Max: 20032, Diff: 20032, Sum: 46280, Workers: 4
[1837.373s][debug][gc,phases      ] GC(95)   ResolvedMethodTable Weak       Min:  0.0, Avg:  0.0, Max:  0.0, Diff:  0.0, Sum:  0.1, Workers: 4
[1837.373s][debug][gc,phases      ] GC(95)     Dead                           Min: 0, Avg:  4.0, Max: 10, Diff: 10, Sum: 16, Workers: 4
[1837.373s][debug][gc,phases      ] GC(95)     Total                          Min: 0, Avg: 3849.2, Max: 6418, Diff: 6418, Sum: 15397, Workers: 4
[1837.373s][debug][gc,phases      ] GC(95)   JNI Weak                       Min:  0.0, Avg:  0.0, Max:  0.0, Diff:  0.0, Sum:  0.0, Workers: 4
[1837.373s][debug][gc,phases      ] GC(95)     Dead                           Min: 0, Avg:  0.0, Max: 0, Diff: 0, Sum: 0, Workers: 4
[1837.373s][debug][gc,phases      ] GC(95)     Total                          Min: 0, Avg: 13.0, Max: 52, Diff: 52, Sum: 52, Workers: 4
[1837.373s][debug][gc,phases      ] GC(95)   StringDedup Table Weak         Min:  0.0, Avg:  0.0, Max:  0.0, Diff:  0.0, Sum:  0.0, Workers: 4
[1837.373s][debug][gc,phases      ] GC(95)     Dead                           Min: 0, Avg:  0.0, Max: 0, Diff: 0, Sum: 0, Workers: 4
[1837.373s][debug][gc,phases      ] GC(95)     Total                          Min: 0, Avg:  0.0, Max: 0, Diff: 0, Sum: 0, Workers: 4
[1837.373s][debug][gc,phases      ] GC(95)   StringDedup Requests0 Weak     Min:  0.0, Avg:  0.0, Max:  0.0, Diff:  0.0, Sum:  0.0, Workers: 4
[1837.373s][debug][gc,phases      ] GC(95)     Dead                           Min: 0, Avg:  0.0, Max: 0, Diff: 0, Sum: 0, Workers: 4
[1837.373s][debug][gc,phases      ] GC(95)     Total                          Min: 0, Avg:  0.0, Max: 0, Diff: 0, Sum: 0, Workers: 4
[1837.373s][debug][gc,phases      ] GC(95)   StringDedup Requests1 Weak     Min:  0.0, Avg:  0.0, Max:  0.0, Diff:  0.0, Sum:  0.0, Workers: 4
[1837.373s][debug][gc,phases      ] GC(95)     Dead                           Min: 0, Avg:  0.0, Max: 0, Diff: 0, Sum: 0, Workers: 4
[1837.373s][debug][gc,phases      ] GC(95)     Total                          Min: 0, Avg:  0.0, Max: 0, Diff: 0, Sum: 0, Workers: 4
[1837.373s][debug][gc,phases      ] GC(95)   Weak JFR Old Object Samples    Min:  0.0, Avg:  0.0, Max:  0.0, Diff:  0.0, Sum:  0.0, Workers: 4
[1837.373s][debug][gc,phases      ] GC(95)     Dead                           Min: 0, Avg:  0.0, Max: 0, Diff: 0, Sum: 0, Workers: 4
[1837.373s][debug][gc,phases      ] GC(95)     Total                          Min: 0, Avg:  0.0, Max: 0, Diff: 0, Sum: 0, Workers: 4
[1837.373s][debug][gc,phases      ] GC(95) Weak Processing 0.380ms
[1837.373s][debug][gc,age         ] GC(95) Desired survivor size 6815744 bytes, new threshold 1 (max threshold 15)
[1837.373s][info ][gc,heap        ] GC(95) PSYoungGen: 2088489K(2090496K)->5516K(2090496K) Eden: 2083840K(2083840K)->0K(2083840K) From: 4649K(6656K)->5516K(6656K)
[1837.373s][info ][gc,heap        ] GC(95) ParOldGen: 297948K(330240K)->298925K(330240K)
[1837.373s][info ][gc,metaspace   ] GC(95) Metaspace: 106437K(107840K)->106437K(107840K) NonClass: 90381K(91136K)->90381K(91136K) Class: 16055K(16704K)->16055K(16704K)
[1837.373s][info ][gc             ] GC(95) Pause Young (Allocation Failure) 2330M->297M(2364M) 5.321ms
[1837.373s][info ][gc,cpu         ] GC(95) User=0.02s Sys=0.00s Real=0.00s
[1837.373s][info ][safepoint      ] Safepoint "ParallelGCFailedAllocation", Time since last: 9046833744 ns, Reaching safepoint: 6500 ns, Cleanup: 3400 ns, At safepoint: 5397318 ns, Total: 5407218 ns
[1841.373s][info ][safepoint      ] Safepoint "Cleanup", Time since last: 4000294646 ns, Reaching safepoint: 5400 ns, Cleanup: 7900 ns, At safepoint: 1800 ns, Total: 15100 ns
[1843.374s][info ][safepoint      ] Safepoint "Cleanup", Time since last: 2000215333 ns, Reaching safepoint: 5901 ns, Cleanup: 9100 ns, At safepoint: 2100 ns, Total: 17101 ns
[1848.374s][info ][safepoint      ] Safepoint "Cleanup", Time since last: 5000411862 ns, Reaching safepoint: 6400 ns, Cleanup: 9000 ns, At safepoint: 2200 ns, Total: 17600 ns
[1849.374s][info ][safepoint      ] Safepoint "Cleanup", Time since last: 1000115838 ns, Reaching safepoint: 6200 ns, Cleanup: 8200 ns, At safepoint: 2200 ns, Total: 16600 ns
[1850.374s][info ][safepoint      ] Safepoint "Cleanup", Time since last: 1000111237 ns, Reaching safepoint: 6101 ns, Cleanup: 9700 ns, At safepoint: 2100 ns, Total: 17901 ns
[1854.375s][info ][safepoint      ] Safepoint "Cleanup", Time since last: 4000319949 ns, Reaching safepoint: 5300 ns, Cleanup: 25600 ns, At safepoint: 2100 ns, Total: 33000 ns
[1858.375s][info ][safepoint      ] Safepoint "Cleanup", Time since last: 4000306389 ns, Reaching safepoint: 5800 ns, Cleanup: 9400 ns, At safepoint: 2200 ns, Total: 17400 ns
[1860.209s][info ][gc,start       ] GC(96) Pause Young (Allocation Failure)
[1860.214s][debug][gc,phases      ] GC(96) Scavenge 4.422ms
[1860.214s][debug][gc,ref         ] GC(96) ReferenceProcessor::execute queues: 1, RefProcThreadModel::Single, marks_oops_alive: false
[1860.214s][debug][gc,ref         ] GC(96) Skipped KeepAliveFinalRefsPhase of Reference Processing: no references
[1860.214s][debug][gc,ref         ] GC(96) ReferenceProcessor::execute queues: 1, RefProcThreadModel::Single, marks_oops_alive: false
[1860.214s][debug][gc,phases      ] GC(96) Reference Processing 0.102ms
[1860.214s][debug][gc,phases      ] GC(96)   VM Weak                        Min:  0.0, Avg:  0.0, Max:  0.0, Diff:  0.0, Sum:  0.0, Workers: 4
[1860.214s][debug][gc,phases      ] GC(96)     Dead                           Min: 0, Avg:  0.0, Max: 0, Diff: 0, Sum: 0, Workers: 4
[1860.214s][debug][gc,phases      ] GC(96)     Total                          Min: 0, Avg: 257.8, Max: 967, Diff: 967, Sum: 1031, Workers: 4
[1860.214s][debug][gc,phases      ] GC(96)   ObjectSynchronizer Weak        Min:  0.0, Avg:  0.0, Max:  0.0, Diff:  0.0, Sum:  0.0, Workers: 4
[1860.214s][debug][gc,phases      ] GC(96)     Dead                           Min: 0, Avg:  0.0, Max: 0, Diff: 0, Sum: 0, Workers: 4
[1860.214s][debug][gc,phases      ] GC(96)     Total                          Min: 0, Avg:  1.0, Max: 4, Diff: 4, Sum: 4, Workers: 4
[1860.214s][debug][gc,phases      ] GC(96)   JVMTI Tag Weak OopStorage      Min:  0.0, Avg:  0.0, Max:  0.0, Diff:  0.0, Sum:  0.0, Workers: 4
[1860.214s][debug][gc,phases      ] GC(96)     Dead                           Min: 0, Avg:  0.0, Max: 0, Diff: 0, Sum: 0, Workers: 4
[1860.214s][debug][gc,phases      ] GC(96)     Total                          Min: 0, Avg:  0.0, Max: 0, Diff: 0, Sum: 0, Workers: 4
[1860.214s][debug][gc,phases      ] GC(96)   StringTable Weak               Min:  0.0, Avg:  0.1, Max:  0.1, Diff:  0.1, Sum:  0.4, Workers: 4
[1860.214s][debug][gc,phases      ] GC(96)     Dead                           Min: 0, Avg:  0.0, Max: 0, Diff: 0, Sum: 0, Workers: 4
[1860.214s][debug][gc,phases      ] GC(96)     Total                          Min: 0, Avg: 11570.0, Max: 19592, Diff: 19592, Sum: 46280, Workers: 4
[1860.214s][debug][gc,phases      ] GC(96)   ResolvedMethodTable Weak       Min:  0.0, Avg:  0.0, Max:  0.0, Diff:  0.0, Sum:  0.1, Workers: 4
[1860.214s][debug][gc,phases      ] GC(96)     Dead                           Min: 0, Avg:  4.0, Max: 16, Diff: 16, Sum: 16, Workers: 4
[1860.214s][debug][gc,phases      ] GC(96)     Total                          Min: 0, Avg: 3849.2, Max: 6505, Diff: 6505, Sum: 15397, Workers: 4
[1860.214s][debug][gc,phases      ] GC(96)   JNI Weak                       Min:  0.0, Avg:  0.0, Max:  0.0, Diff:  0.0, Sum:  0.0, Workers: 4
[1860.214s][debug][gc,phases      ] GC(96)     Dead                           Min: 0, Avg:  0.0, Max: 0, Diff: 0, Sum: 0, Workers: 4
[1860.214s][debug][gc,phases      ] GC(96)     Total                          Min: 0, Avg: 13.0, Max: 52, Diff: 52, Sum: 52, Workers: 4
[1860.214s][debug][gc,phases      ] GC(96)   StringDedup Table Weak         Min:  0.0, Avg:  0.0, Max:  0.0, Diff:  0.0, Sum:  0.0, Workers: 4
[1860.214s][debug][gc,phases      ] GC(96)     Dead                           Min: 0, Avg:  0.0, Max: 0, Diff: 0, Sum: 0, Workers: 4
[1860.214s][debug][gc,phases      ] GC(96)     Total                          Min: 0, Avg:  0.0, Max: 0, Diff: 0, Sum: 0, Workers: 4
[1860.214s][debug][gc,phases      ] GC(96)   StringDedup Requests0 Weak     Min:  0.0, Avg:  0.0, Max:  0.0, Diff:  0.0, Sum:  0.0, Workers: 4
[1860.214s][debug][gc,phases      ] GC(96)     Dead                           Min: 0, Avg:  0.0, Max: 0, Diff: 0, Sum: 0, Workers: 4
[1860.214s][debug][gc,phases      ] GC(96)     Total                          Min: 0, Avg:  0.0, Max: 0, Diff: 0, Sum: 0, Workers: 4
[1860.214s][debug][gc,phases      ] GC(96)   StringDedup Requests1 Weak     Min:  0.0, Avg:  0.0, Max:  0.0, Diff:  0.0, Sum:  0.0, Workers: 4
[1860.214s][debug][gc,phases      ] GC(96)     Dead                           Min: 0, Avg:  0.0, Max: 0, Diff: 0, Sum: 0, Workers: 4
[1860.214s][debug][gc,phases      ] GC(96)     Total                          Min: 0, Avg:  0.0, Max: 0, Diff: 0, Sum: 0, Workers: 4
[1860.214s][debug][gc,phases      ] GC(96)   Weak JFR Old Object Samples    Min:  0.0, Avg:  0.0, Max:  0.0, Diff:  0.0, Sum:  0.0, Workers: 4
[1860.214s][debug][gc,phases      ] GC(96)     Dead                           Min: 0, Avg:  0.0, Max: 0, Diff: 0, Sum: 0, Workers: 4
[1860.214s][debug][gc,phases      ] GC(96)     Total                          Min: 0, Avg:  0.0, Max: 0, Diff: 0, Sum: 0, Workers: 4
[1860.214s][debug][gc,phases      ] GC(96) Weak Processing 0.382ms
[1860.214s][debug][gc,age         ] GC(96) Desired survivor size 6815744 bytes, new threshold 1 (max threshold 15)
[1860.214s][info ][gc,heap        ] GC(96) PSYoungGen: 2089356K(2090496K)->4672K(2090496K) Eden: 2083840K(2083840K)->0K(2083840K) From: 5516K(6656K)->4672K(6656K)
[1860.214s][info ][gc,heap        ] GC(96) ParOldGen: 298925K(330240K)->299889K(330240K)
[1860.214s][info ][gc,metaspace   ] GC(96) Metaspace: 106439K(107840K)->106439K(107840K) NonClass: 90383K(91136K)->90383K(91136K) Class: 16055K(16704K)->16055K(16704K)
[1860.214s][info ][gc             ] GC(96) Pause Young (Allocation Failure) 2332M->297M(2364M) 5.016ms
[1860.214s][info ][gc,cpu         ] GC(96) User=0.02s Sys=0.00s Real=0.00s
[1860.214s][info ][safepoint      ] Safepoint "ParallelGCFailedAllocation", Time since last: 1834347494 ns, Reaching safepoint: 6100 ns, Cleanup: 3500 ns, At safepoint: 5082917 ns, Total: 5092517 ns
[1864.572s][info ][safepoint      ] Safepoint "Cleanup", Time since last: 4357677348 ns, Reaching safepoint: 5600 ns, Cleanup: 8200 ns, At safepoint: 1800 ns, Total: 15600 ns
[1865.572s][info ][safepoint      ] Safepoint "Cleanup", Time since last: 1000109025 ns, Reaching safepoint: 6200 ns, Cleanup: 10000 ns, At safepoint: 23700 ns, Total: 39900 ns
[1867.573s][info ][safepoint      ] Safepoint "Cleanup", Time since last: 2000202650 ns, Reaching safepoint: 6100 ns, Cleanup: 18200 ns, At safepoint: 2100 ns, Total: 26400 ns
[1869.573s][info ][safepoint      ] Safepoint "Cleanup", Time since last: 2000187549 ns, Reaching safepoint: 6400 ns, Cleanup: 11900 ns, At safepoint: 2100 ns, Total: 20400 ns
[1872.573s][info ][safepoint      ] Safepoint "Cleanup", Time since last: 3000261376 ns, Reaching safepoint: 5500 ns, Cleanup: 10500 ns, At safepoint: 2300 ns, Total: 18300 ns
[1874.573s][info ][safepoint      ] Safepoint "Cleanup", Time since last: 2000184502 ns, Reaching safepoint: 5000 ns, Cleanup: 9300 ns, At safepoint: 2400 ns, Total: 16700 ns
[1882.601s][info ][gc,start       ] GC(97) Pause Young (Allocation Failure)
[1882.606s][debug][gc,phases      ] GC(97) Scavenge 4.348ms
[1882.606s][debug][gc,ref         ] GC(97) ReferenceProcessor::execute queues: 1, RefProcThreadModel::Single, marks_oops_alive: false
[1882.606s][debug][gc,ref         ] GC(97) Skipped KeepAliveFinalRefsPhase of Reference Processing: no references
[1882.606s][debug][gc,ref         ] GC(97) ReferenceProcessor::execute queues: 1, RefProcThreadModel::Single, marks_oops_alive: false
[1882.606s][debug][gc,phases      ] GC(97) Reference Processing 0.116ms
[1882.607s][debug][gc,phases      ] GC(97)   VM Weak                        Min:  0.0, Avg:  0.0, Max:  0.0, Diff:  0.0, Sum:  0.0, Workers: 4
[1882.607s][debug][gc,phases      ] GC(97)     Dead                           Min: 0, Avg:  0.0, Max: 0, Diff: 0, Sum: 0, Workers: 4
[1882.607s][debug][gc,phases      ] GC(97)     Total                          Min: 0, Avg: 257.8, Max: 519, Diff: 519, Sum: 1031, Workers: 4
[1882.607s][debug][gc,phases      ] GC(97)   ObjectSynchronizer Weak        Min:  0.0, Avg:  0.0, Max:  0.0, Diff:  0.0, Sum:  0.0, Workers: 4
[1882.607s][debug][gc,phases      ] GC(97)     Dead                           Min: 0, Avg:  0.0, Max: 0, Diff: 0, Sum: 0, Workers: 4
[1882.607s][debug][gc,phases      ] GC(97)     Total                          Min: 0, Avg:  1.2, Max: 5, Diff: 5, Sum: 5, Workers: 4
[1882.607s][debug][gc,phases      ] GC(97)   JVMTI Tag Weak OopStorage      Min:  0.0, Avg:  0.0, Max:  0.0, Diff:  0.0, Sum:  0.0, Workers: 4
[1882.607s][debug][gc,phases      ] GC(97)     Dead                           Min: 0, Avg:  0.0, Max: 0, Diff: 0, Sum: 0, Workers: 4
[1882.607s][debug][gc,phases      ] GC(97)     Total                          Min: 0, Avg:  0.0, Max: 0, Diff: 0, Sum: 0, Workers: 4
[1882.607s][debug][gc,phases      ] GC(97)   StringTable Weak               Min:  0.0, Avg:  0.1, Max:  0.1, Diff:  0.1, Sum:  0.4, Workers: 4
[1882.607s][debug][gc,phases      ] GC(97)     Dead                           Min: 0, Avg:  0.0, Max: 0, Diff: 0, Sum: 0, Workers: 4
[1882.607s][debug][gc,phases      ] GC(97)     Total                          Min: 0, Avg: 11570.0, Max: 20096, Diff: 20096, Sum: 46280, Workers: 4
[1882.607s][debug][gc,phases      ] GC(97)   ResolvedMethodTable Weak       Min:  0.0, Avg:  0.0, Max:  0.1, Diff:  0.1, Sum:  0.2, Workers: 4
[1882.607s][debug][gc,phases      ] GC(97)     Dead                           Min: 0, Avg:  4.0, Max: 16, Diff: 16, Sum: 16, Workers: 4
[1882.607s][debug][gc,phases      ] GC(97)     Total                          Min: 0, Avg: 3849.2, Max: 5973, Diff: 5973, Sum: 15397, Workers: 4
[1882.607s][debug][gc,phases      ] GC(97)   JNI Weak                       Min:  0.0, Avg:  0.0, Max:  0.0, Diff:  0.0, Sum:  0.0, Workers: 4
[1882.607s][debug][gc,phases      ] GC(97)     Dead                           Min: 0, Avg:  0.0, Max: 0, Diff: 0, Sum: 0, Workers: 4
[1882.607s][debug][gc,phases      ] GC(97)     Total                          Min: 0, Avg: 13.0, Max: 52, Diff: 52, Sum: 52, Workers: 4
[1882.607s][debug][gc,phases      ] GC(97)   StringDedup Table Weak         Min:  0.0, Avg:  0.0, Max:  0.0, Diff:  0.0, Sum:  0.0, Workers: 4
[1882.607s][debug][gc,phases      ] GC(97)     Dead                           Min: 0, Avg:  0.0, Max: 0, Diff: 0, Sum: 0, Workers: 4
[1882.607s][debug][gc,phases      ] GC(97)     Total                          Min: 0, Avg:  0.0, Max: 0, Diff: 0, Sum: 0, Workers: 4
[1882.607s][debug][gc,phases      ] GC(97)   StringDedup Requests0 Weak     Min:  0.0, Avg:  0.0, Max:  0.0, Diff:  0.0, Sum:  0.0, Workers: 4
[1882.607s][debug][gc,phases      ] GC(97)     Dead                           Min: 0, Avg:  0.0, Max: 0, Diff: 0, Sum: 0, Workers: 4
[1882.607s][debug][gc,phases      ] GC(97)     Total                          Min: 0, Avg:  0.0, Max: 0, Diff: 0, Sum: 0, Workers: 4
[1882.607s][debug][gc,phases      ] GC(97)   StringDedup Requests1 Weak     Min:  0.0, Avg:  0.0, Max:  0.0, Diff:  0.0, Sum:  0.0, Workers: 4
[1882.607s][debug][gc,phases      ] GC(97)     Dead                           Min: 0, Avg:  0.0, Max: 0, Diff: 0, Sum: 0, Workers: 4
[1882.607s][debug][gc,phases      ] GC(97)     Total                          Min: 0, Avg:  0.0, Max: 0, Diff: 0, Sum: 0, Workers: 4
[1882.607s][debug][gc,phases      ] GC(97)   Weak JFR Old Object Samples    Min:  0.0, Avg:  0.0, Max:  0.0, Diff:  0.0, Sum:  0.0, Workers: 4
[1882.607s][debug][gc,phases      ] GC(97)     Dead                           Min: 0, Avg:  0.0, Max: 0, Diff: 0, Sum: 0, Workers: 4
[1882.607s][debug][gc,phases      ] GC(97)     Total                          Min: 0, Avg:  0.0, Max: 0, Diff: 0, Sum: 0, Workers: 4
[1882.607s][debug][gc,phases      ] GC(97) Weak Processing 0.978ms
[1882.607s][debug][gc,age         ] GC(97) Desired survivor size 6815744 bytes, new threshold 1 (max threshold 15)
[1882.607s][info ][gc,heap        ] GC(97) PSYoungGen: 2088512K(2090496K)->4944K(2090496K) Eden: 2083840K(2083840K)->0K(2083840K) From: 4672K(6656K)->4944K(6656K)
[1882.607s][info ][gc,heap        ] GC(97) ParOldGen: 299889K(330240K)->300590K(330240K)
[1882.607s][info ][gc,metaspace   ] GC(97) Metaspace: 106442K(107840K)->106442K(107840K) NonClass: 90386K(91136K)->90386K(91136K) Class: 16055K(16704K)->16055K(16704K)
[1882.607s][info ][gc             ] GC(97) Pause Young (Allocation Failure) 2332M->298M(2364M) 5.555ms
[1882.607s][info ][gc,cpu         ] GC(97) User=0.02s Sys=0.00s Real=0.01s
[1882.607s][info ][safepoint      ] Safepoint "ParallelGCFailedAllocation", Time since last: 8028039075 ns, Reaching safepoint: 79301 ns, Cleanup: 3200 ns, At safepoint: 5624419 ns, Total: 5706920 ns
[1887.608s][info ][safepoint      ] Safepoint "Cleanup", Time since last: 5000433942 ns, Reaching safepoint: 80500 ns, Cleanup: 9100 ns, At safepoint: 10100 ns, Total: 99700 ns
[1888.608s][info ][safepoint      ] Safepoint "Cleanup", Time since last: 1000134057 ns, Reaching safepoint: 83101 ns, Cleanup: 13200 ns, At safepoint: 7200 ns, Total: 103501 ns
[1890.608s][info ][safepoint      ] Safepoint "Cleanup", Time since last: 2000158606 ns, Reaching safepoint: 77200 ns, Cleanup: 19300 ns, At safepoint: 5000 ns, Total: 101500 ns
[1891.608s][info ][safepoint      ] Safepoint "Cleanup", Time since last: 1000128153 ns, Reaching safepoint: 78900 ns, Cleanup: 11500 ns, At safepoint: 6000 ns, Total: 96400 ns
[1893.609s][info ][safepoint      ] Safepoint "Cleanup", Time since last: 2000195806 ns, Reaching safepoint: 79700 ns, Cleanup: 9101 ns, At safepoint: 6400 ns, Total: 95201 ns
[1902.609s][info ][safepoint      ] Safepoint "Cleanup", Time since last: 9000801407 ns, Reaching safepoint: 78200 ns, Cleanup: 10900 ns, At safepoint: 6400 ns, Total: 95500 ns
[1903.610s][info ][safepoint      ] Safepoint "Cleanup", Time since last: 1000116710 ns, Reaching safepoint: 4700 ns, Cleanup: 9200 ns, At safepoint: 1600 ns, Total: 15500 ns
[1904.902s][info ][gc,start       ] GC(98) Pause Young (Allocation Failure)
[1904.906s][debug][gc,phases      ] GC(98) Scavenge 4.030ms
[1904.906s][debug][gc,ref         ] GC(98) ReferenceProcessor::execute queues: 1, RefProcThreadModel::Single, marks_oops_alive: false
[1904.906s][debug][gc,ref         ] GC(98) Skipped KeepAliveFinalRefsPhase of Reference Processing: no references
[1904.906s][debug][gc,ref         ] GC(98) Skipped PhantomRefsPhase of Reference Processing: no references
[1904.906s][debug][gc,phases      ] GC(98) Reference Processing 0.095ms
[1904.906s][debug][gc,phases      ] GC(98)   VM Weak                        Min:  0.0, Avg:  0.0, Max:  0.0, Diff:  0.0, Sum:  0.0, Workers: 4
[1904.906s][debug][gc,phases      ] GC(98)     Dead                           Min: 0, Avg:  0.0, Max: 0, Diff: 0, Sum: 0, Workers: 4
[1904.906s][debug][gc,phases      ] GC(98)     Total                          Min: 0, Avg: 257.8, Max: 960, Diff: 960, Sum: 1031, Workers: 4
[1904.906s][debug][gc,phases      ] GC(98)   ObjectSynchronizer Weak        Min:  0.0, Avg:  0.0, Max:  0.0, Diff:  0.0, Sum:  0.0, Workers: 4
[1904.906s][debug][gc,phases      ] GC(98)     Dead                           Min: 0, Avg:  0.0, Max: 0, Diff: 0, Sum: 0, Workers: 4
[1904.906s][debug][gc,phases      ] GC(98)     Total                          Min: 0, Avg:  1.2, Max: 5, Diff: 5, Sum: 5, Workers: 4
[1904.906s][debug][gc,phases      ] GC(98)   JVMTI Tag Weak OopStorage      Min:  0.0, Avg:  0.0, Max:  0.0, Diff:  0.0, Sum:  0.0, Workers: 4
[1904.906s][debug][gc,phases      ] GC(98)     Dead                           Min: 0, Avg:  0.0, Max: 0, Diff: 0, Sum: 0, Workers: 4
[1904.906s][debug][gc,phases      ] GC(98)     Total                          Min: 0, Avg:  0.0, Max: 0, Diff: 0, Sum: 0, Workers: 4
[1904.906s][debug][gc,phases      ] GC(98)   StringTable Weak               Min:  0.0, Avg:  0.1, Max:  0.1, Diff:  0.1, Sum:  0.4, Workers: 4
[1904.906s][debug][gc,phases      ] GC(98)     Dead                           Min: 0, Avg:  0.0, Max: 0, Diff: 0, Sum: 0, Workers: 4
[1904.906s][debug][gc,phases      ] GC(98)     Total                          Min: 0, Avg: 11570.2, Max: 19657, Diff: 19657, Sum: 46281, Workers: 4
[1904.906s][debug][gc,phases      ] GC(98)   ResolvedMethodTable Weak       Min:  0.0, Avg:  0.0, Max:  0.0, Diff:  0.0, Sum:  0.1, Workers: 4
[1904.906s][debug][gc,phases      ] GC(98)     Dead                           Min: 0, Avg:  4.0, Max: 14, Diff: 14, Sum: 16, Workers: 4
[1904.906s][debug][gc,phases      ] GC(98)     Total                          Min: 0, Avg: 3849.2, Max: 6128, Diff: 6128, Sum: 15397, Workers: 4
[1904.906s][debug][gc,phases      ] GC(98)   JNI Weak                       Min:  0.0, Avg:  0.0, Max:  0.0, Diff:  0.0, Sum:  0.0, Workers: 4
[1904.906s][debug][gc,phases      ] GC(98)     Dead                           Min: 0, Avg:  0.0, Max: 0, Diff: 0, Sum: 0, Workers: 4
[1904.906s][debug][gc,phases      ] GC(98)     Total                          Min: 0, Avg: 13.0, Max: 52, Diff: 52, Sum: 52, Workers: 4
[1904.906s][debug][gc,phases      ] GC(98)   StringDedup Table Weak         Min:  0.0, Avg:  0.0, Max:  0.0, Diff:  0.0, Sum:  0.0, Workers: 4
[1904.906s][debug][gc,phases      ] GC(98)     Dead                           Min: 0, Avg:  0.0, Max: 0, Diff: 0, Sum: 0, Workers: 4
[1904.906s][debug][gc,phases      ] GC(98)     Total                          Min: 0, Avg:  0.0, Max: 0, Diff: 0, Sum: 0, Workers: 4
[1904.906s][debug][gc,phases      ] GC(98)   StringDedup Requests0 Weak     Min:  0.0, Avg:  0.0, Max:  0.0, Diff:  0.0, Sum:  0.0, Workers: 4
[1904.906s][debug][gc,phases      ] GC(98)     Dead                           Min: 0, Avg:  0.0, Max: 0, Diff: 0, Sum: 0, Workers: 4
[1904.906s][debug][gc,phases      ] GC(98)     Total                          Min: 0, Avg:  0.0, Max: 0, Diff: 0, Sum: 0, Workers: 4
[1904.906s][debug][gc,phases      ] GC(98)   StringDedup Requests1 Weak     Min:  0.0, Avg:  0.0, Max:  0.0, Diff:  0.0, Sum:  0.0, Workers: 4
[1904.906s][debug][gc,phases      ] GC(98)     Dead                           Min: 0, Avg:  0.0, Max: 0, Diff: 0, Sum: 0, Workers: 4
[1904.906s][debug][gc,phases      ] GC(98)     Total                          Min: 0, Avg:  0.0, Max: 0, Diff: 0, Sum: 0, Workers: 4
[1904.906s][debug][gc,phases      ] GC(98)   Weak JFR Old Object Samples    Min:  0.0, Avg:  0.0, Max:  0.0, Diff:  0.0, Sum:  0.0, Workers: 4
[1904.906s][debug][gc,phases      ] GC(98)     Dead                           Min: 0, Avg:  0.0, Max: 0, Diff: 0, Sum: 0, Workers: 4
[1904.906s][debug][gc,phases      ] GC(98)     Total                          Min: 0, Avg:  0.0, Max: 0, Diff: 0, Sum: 0, Workers: 4
[1904.906s][debug][gc,phases      ] GC(98) Weak Processing 0.381ms
[1904.906s][debug][gc,age         ] GC(98) Desired survivor size 6815744 bytes, new threshold 1 (max threshold 15)
[1904.906s][info ][gc,heap        ] GC(98) PSYoungGen: 2088784K(2090496K)->4608K(2090496K) Eden: 2083840K(2083840K)->0K(2083840K) From: 4944K(6656K)->4608K(6656K)
[1904.906s][info ][gc,heap        ] GC(98) ParOldGen: 300590K(330240K)->301718K(330240K)
[1904.906s][info ][gc,metaspace   ] GC(98) Metaspace: 106445K(107840K)->106445K(107840K) NonClass: 90389K(91136K)->90389K(91136K) Class: 16055K(16704K)->16055K(16704K)
[1904.906s][info ][gc             ] GC(98) Pause Young (Allocation Failure) 2333M->299M(2364M) 4.624ms
[1904.906s][info ][gc,cpu         ] GC(98) User=0.02s Sys=0.00s Real=0.01s
[1904.906s][info ][safepoint      ] Safepoint "ParallelGCFailedAllocation", Time since last: 1291946167 ns, Reaching safepoint: 79301 ns, Cleanup: 3400 ns, At safepoint: 4687615 ns, Total: 4770316 ns
[1905.906s][info ][safepoint      ] Safepoint "Cleanup", Time since last: 1000089183 ns, Reaching safepoint: 78000 ns, Cleanup: 10501 ns, At safepoint: 5900 ns, Total: 94401 ns
[1906.907s][info ][safepoint      ] Safepoint "Cleanup", Time since last: 1000111282 ns, Reaching safepoint: 79701 ns, Cleanup: 10100 ns, At safepoint: 6400 ns, Total: 96201 ns
[1908.907s][info ][safepoint      ] Safepoint "Cleanup", Time since last: 2000212365 ns, Reaching safepoint: 78101 ns, Cleanup: 8700 ns, At safepoint: 6700 ns, Total: 93501 ns
[1912.907s][info ][safepoint      ] Safepoint "Cleanup", Time since last: 4000322627 ns, Reaching safepoint: 74501 ns, Cleanup: 8700 ns, At safepoint: 5000 ns, Total: 88201 ns
[1916.908s][info ][safepoint      ] Safepoint "Cleanup", Time since last: 4000324723 ns, Reaching safepoint: 76600 ns, Cleanup: 9100 ns, At safepoint: 5000 ns, Total: 90700 ns
[1917.908s][info ][safepoint      ] Safepoint "Cleanup", Time since last: 1000107081 ns, Reaching safepoint: 78500 ns, Cleanup: 10000 ns, At safepoint: 6000 ns, Total: 94500 ns
[1927.757s][info ][gc,start       ] GC(99) Pause Young (Allocation Failure)
[1927.762s][debug][gc,phases      ] GC(99) Scavenge 4.210ms
[1927.762s][debug][gc,ref         ] GC(99) ReferenceProcessor::execute queues: 1, RefProcThreadModel::Single, marks_oops_alive: false
[1927.762s][debug][gc,ref         ] GC(99) Skipped KeepAliveFinalRefsPhase of Reference Processing: no references
[1927.762s][debug][gc,ref         ] GC(99) ReferenceProcessor::execute queues: 1, RefProcThreadModel::Single, marks_oops_alive: false
[1927.762s][debug][gc,phases      ] GC(99) Reference Processing 0.092ms
[1927.762s][debug][gc,phases      ] GC(99)   VM Weak                        Min:  0.0, Avg:  0.0, Max:  0.0, Diff:  0.0, Sum:  0.0, Workers: 4
[1927.762s][debug][gc,phases      ] GC(99)     Dead                           Min: 0, Avg:  0.0, Max: 0, Diff: 0, Sum: 0, Workers: 4
[1927.762s][debug][gc,phases      ] GC(99)     Total                          Min: 0, Avg: 257.8, Max: 967, Diff: 967, Sum: 1031, Workers: 4
[1927.762s][debug][gc,phases      ] GC(99)   ObjectSynchronizer Weak        Min:  0.0, Avg:  0.0, Max:  0.0, Diff:  0.0, Sum:  0.0, Workers: 4
[1927.762s][debug][gc,phases      ] GC(99)     Dead                           Min: 0, Avg:  0.0, Max: 0, Diff: 0, Sum: 0, Workers: 4
[1927.762s][debug][gc,phases      ] GC(99)     Total                          Min: 0, Avg:  1.0, Max: 4, Diff: 4, Sum: 4, Workers: 4
[1927.762s][debug][gc,phases      ] GC(99)   JVMTI Tag Weak OopStorage      Min:  0.0, Avg:  0.0, Max:  0.0, Diff:  0.0, Sum:  0.0, Workers: 4
[1927.762s][debug][gc,phases      ] GC(99)     Dead                           Min: 0, Avg:  0.0, Max: 0, Diff: 0, Sum: 0, Workers: 4
[1927.762s][debug][gc,phases      ] GC(99)     Total                          Min: 0, Avg:  0.0, Max: 0, Diff: 0, Sum: 0, Workers: 4
[1927.762s][debug][gc,phases      ] GC(99)   StringTable Weak               Min:  0.0, Avg:  0.1, Max:  0.1, Diff:  0.1, Sum:  0.4, Workers: 4
[1927.762s][debug][gc,phases      ] GC(99)     Dead                           Min: 0, Avg:  0.0, Max: 0, Diff: 0, Sum: 0, Workers: 4
[1927.762s][debug][gc,phases      ] GC(99)     Total                          Min: 0, Avg: 11570.5, Max: 19914, Diff: 19914, Sum: 46282, Workers: 4
[1927.762s][debug][gc,phases      ] GC(99)   ResolvedMethodTable Weak       Min:  0.0, Avg:  0.0, Max:  0.0, Diff:  0.0, Sum:  0.1, Workers: 4
[1927.762s][debug][gc,phases      ] GC(99)     Dead                           Min: 0, Avg:  0.0, Max: 0, Diff: 0, Sum: 0, Workers: 4
[1927.762s][debug][gc,phases      ] GC(99)     Total                          Min: 0, Avg: 3849.2, Max: 6520, Diff: 6520, Sum: 15397, Workers: 4
[1927.762s][debug][gc,phases      ] GC(99)   JNI Weak                       Min:  0.0, Avg:  0.0, Max:  0.0, Diff:  0.0, Sum:  0.0, Workers: 4
[1927.762s][debug][gc,phases      ] GC(99)     Dead                           Min: 0, Avg:  0.0, Max: 0, Diff: 0, Sum: 0, Workers: 4
[1927.762s][debug][gc,phases      ] GC(99)     Total                          Min: 0, Avg: 13.0, Max: 52, Diff: 52, Sum: 52, Workers: 4
[1927.762s][debug][gc,phases      ] GC(99)   StringDedup Table Weak         Min:  0.0, Avg:  0.0, Max:  0.0, Diff:  0.0, Sum:  0.0, Workers: 4
[1927.762s][debug][gc,phases      ] GC(99)     Dead                           Min: 0, Avg:  0.0, Max: 0, Diff: 0, Sum: 0, Workers: 4
[1927.762s][debug][gc,phases      ] GC(99)     Total                          Min: 0, Avg:  0.0, Max: 0, Diff: 0, Sum: 0, Workers: 4
[1927.762s][debug][gc,phases      ] GC(99)   StringDedup Requests0 Weak     Min:  0.0, Avg:  0.0, Max:  0.0, Diff:  0.0, Sum:  0.0, Workers: 4
[1927.762s][debug][gc,phases      ] GC(99)     Dead                           Min: 0, Avg:  0.0, Max: 0, Diff: 0, Sum: 0, Workers: 4
[1927.762s][debug][gc,phases      ] GC(99)     Total                          Min: 0, Avg:  0.0, Max: 0, Diff: 0, Sum: 0, Workers: 4
[1927.762s][debug][gc,phases      ] GC(99)   StringDedup Requests1 Weak     Min:  0.0, Avg:  0.0, Max:  0.0, Diff:  0.0, Sum:  0.0, Workers: 4
[1927.762s][debug][gc,phases      ] GC(99)     Dead                           Min: 0, Avg:  0.0, Max: 0, Diff: 0, Sum: 0, Workers: 4
[1927.762s][debug][gc,phases      ] GC(99)     Total                          Min: 0, Avg:  0.0, Max: 0, Diff: 0, Sum: 0, Workers: 4
[1927.762s][debug][gc,phases      ] GC(99)   Weak JFR Old Object Samples    Min:  0.0, Avg:  0.0, Max:  0.0, Diff:  0.0, Sum:  0.0, Workers: 4
[1927.762s][debug][gc,phases      ] GC(99)     Dead                           Min: 0, Avg:  0.0, Max: 0, Diff: 0, Sum: 0, Workers: 4
[1927.762s][debug][gc,phases      ] GC(99)     Total                          Min: 0, Avg:  0.0, Max: 0, Diff: 0, Sum: 0, Workers: 4
[1927.762s][debug][gc,phases      ] GC(99) Weak Processing 0.383ms
[1927.762s][debug][gc,age         ] GC(99) Desired survivor size 6291456 bytes, new threshold 1 (max threshold 15)
[1927.762s][info ][gc,heap        ] GC(99) PSYoungGen: 2088448K(2090496K)->4784K(2091008K) Eden: 2083840K(2083840K)->0K(2084352K) From: 4608K(6656K)->4784K(6656K)
[1927.762s][info ][gc,heap        ] GC(99) ParOldGen: 301718K(330240K)->302466K(330240K)
[1927.762s][info ][gc,metaspace   ] GC(99) Metaspace: 106448K(107840K)->106448K(107840K) NonClass: 90392K(91136K)->90392K(91136K) Class: 16055K(16704K)->16055K(16704K)
[1927.762s][info ][gc             ] GC(99) Pause Young (Allocation Failure) 2334M->300M(2364M) 4.781ms
[1927.762s][info ][gc,cpu         ] GC(99) User=0.02s Sys=0.00s Real=0.00s
[1927.762s][info ][safepoint      ] Safepoint "ParallelGCFailedAllocation", Time since last: 9849393059 ns, Reaching safepoint: 4700 ns, Cleanup: 3900 ns, At safepoint: 4862817 ns, Total: 4871417 ns
[1936.763s][info ][safepoint      ] Safepoint "Cleanup", Time since last: 9000670117 ns, Reaching safepoint: 77601 ns, Cleanup: 14800 ns, At safepoint: 6200 ns, Total: 98601 ns
[1937.763s][info ][safepoint      ] Safepoint "Cleanup", Time since last: 1000110602 ns, Reaching safepoint: 4800 ns, Cleanup: 7000 ns, At safepoint: 1700 ns, Total: 13500 ns
[1940.764s][info ][safepoint      ] Safepoint "Cleanup", Time since last: 3000262805 ns, Reaching safepoint: 76300 ns, Cleanup: 9700 ns, At safepoint: 5800 ns, Total: 91800 ns
[1943.764s][info ][safepoint      ] Safepoint "Cleanup", Time since last: 3000226363 ns, Reaching safepoint: 74701 ns, Cleanup: 8500 ns, At safepoint: 5200 ns, Total: 88401 ns
[1945.764s][info ][safepoint      ] Safepoint "Cleanup", Time since last: 2000172366 ns, Reaching safepoint: 73800 ns, Cleanup: 8700 ns, At safepoint: 5700 ns, Total: 88200 ns
[1948.764s][info ][safepoint      ] Safepoint "Cleanup", Time since last: 3000256331 ns, Reaching safepoint: 77501 ns, Cleanup: 11100 ns, At safepoint: 27200 ns, Total: 115801 ns
[1950.251s][info ][gc,start       ] GC(100) Pause Young (Allocation Failure)
[1950.257s][debug][gc,phases      ] GC(100) Scavenge 5.727ms
[1950.257s][debug][gc,ref         ] GC(100) ReferenceProcessor::execute queues: 1, RefProcThreadModel::Single, marks_oops_alive: false
[1950.257s][debug][gc,ref         ] GC(100) Skipped KeepAliveFinalRefsPhase of Reference Processing: no references
[1950.257s][debug][gc,ref         ] GC(100) ReferenceProcessor::execute queues: 1, RefProcThreadModel::Single, marks_oops_alive: false
[1950.257s][debug][gc,phases      ] GC(100) Reference Processing 0.097ms
[1950.257s][debug][gc,phases      ] GC(100)   VM Weak                        Min:  0.0, Avg:  0.0, Max:  0.0, Diff:  0.0, Sum:  0.0, Workers: 4
[1950.257s][debug][gc,phases      ] GC(100)     Dead                           Min: 0, Avg:  0.0, Max: 0, Diff: 0, Sum: 0, Workers: 4
[1950.257s][debug][gc,phases      ] GC(100)     Total                          Min: 0, Avg: 257.8, Max: 711, Diff: 711, Sum: 1031, Workers: 4
[1950.257s][debug][gc,phases      ] GC(100)   ObjectSynchronizer Weak        Min:  0.0, Avg:  0.0, Max:  0.0, Diff:  0.0, Sum:  0.0, Workers: 4
[1950.257s][debug][gc,phases      ] GC(100)     Dead                           Min: 0, Avg:  0.0, Max: 0, Diff: 0, Sum: 0, Workers: 4
[1950.257s][debug][gc,phases      ] GC(100)     Total                          Min: 0, Avg:  1.0, Max: 4, Diff: 4, Sum: 4, Workers: 4
[1950.257s][debug][gc,phases      ] GC(100)   JVMTI Tag Weak OopStorage      Min:  0.0, Avg:  0.0, Max:  0.0, Diff:  0.0, Sum:  0.0, Workers: 4
[1950.257s][debug][gc,phases      ] GC(100)     Dead                           Min: 0, Avg:  0.0, Max: 0, Diff: 0, Sum: 0, Workers: 4
[1950.257s][debug][gc,phases      ] GC(100)     Total                          Min: 0, Avg:  0.0, Max: 0, Diff: 0, Sum: 0, Workers: 4
[1950.257s][debug][gc,phases      ] GC(100)   StringTable Weak               Min:  0.0, Avg:  0.1, Max:  0.1, Diff:  0.1, Sum:  0.4, Workers: 4
[1950.257s][debug][gc,phases      ] GC(100)     Dead                           Min: 0, Avg:  0.0, Max: 0, Diff: 0, Sum: 0, Workers: 4
[1950.257s][debug][gc,phases      ] GC(100)     Total                          Min: 0, Avg: 11570.8, Max: 19723, Diff: 19723, Sum: 46283, Workers: 4
[1950.257s][debug][gc,phases      ] GC(100)   ResolvedMethodTable Weak       Min:  0.0, Avg:  0.0, Max:  0.0, Diff:  0.0, Sum:  0.1, Workers: 4
[1950.257s][debug][gc,phases      ] GC(100)     Dead                           Min: 0, Avg:  4.0, Max: 11, Diff: 11, Sum: 16, Workers: 4
[1950.257s][debug][gc,phases      ] GC(100)     Total                          Min: 0, Avg: 3849.2, Max: 6530, Diff: 6530, Sum: 15397, Workers: 4
[1950.257s][debug][gc,phases      ] GC(100)   JNI Weak                       Min:  0.0, Avg:  0.0, Max:  0.0, Diff:  0.0, Sum:  0.0, Workers: 4
[1950.257s][debug][gc,phases      ] GC(100)     Dead                           Min: 0, Avg:  0.0, Max: 0, Diff: 0, Sum: 0, Workers: 4
[1950.257s][debug][gc,phases      ] GC(100)     Total                          Min: 0, Avg: 13.0, Max: 52, Diff: 52, Sum: 52, Workers: 4
[1950.257s][debug][gc,phases      ] GC(100)   StringDedup Table Weak         Min:  0.0, Avg:  0.0, Max:  0.0, Diff:  0.0, Sum:  0.0, Workers: 4
[1950.257s][debug][gc,phases      ] GC(100)     Dead                           Min: 0, Avg:  0.0, Max: 0, Diff: 0, Sum: 0, Workers: 4
[1950.257s][debug][gc,phases      ] GC(100)     Total                          Min: 0, Avg:  0.0, Max: 0, Diff: 0, Sum: 0, Workers: 4
[1950.257s][debug][gc,phases      ] GC(100)   StringDedup Requests0 Weak     Min:  0.0, Avg:  0.0, Max:  0.0, Diff:  0.0, Sum:  0.0, Workers: 4
[1950.257s][debug][gc,phases      ] GC(100)     Dead                           Min: 0, Avg:  0.0, Max: 0, Diff: 0, Sum: 0, Workers: 4
[1950.257s][debug][gc,phases      ] GC(100)     Total                          Min: 0, Avg:  0.0, Max: 0, Diff: 0, Sum: 0, Workers: 4
[1950.257s][debug][gc,phases      ] GC(100)   StringDedup Requests1 Weak     Min:  0.0, Avg:  0.0, Max:  0.0, Diff:  0.0, Sum:  0.0, Workers: 4
[1950.257s][debug][gc,phases      ] GC(100)     Dead                           Min: 0, Avg:  0.0, Max: 0, Diff: 0, Sum: 0, Workers: 4
[1950.257s][debug][gc,phases      ] GC(100)     Total                          Min: 0, Avg:  0.0, Max: 0, Diff: 0, Sum: 0, Workers: 4
[1950.257s][debug][gc,phases      ] GC(100)   Weak JFR Old Object Samples    Min:  0.0, Avg:  0.0, Max:  0.0, Diff:  0.0, Sum:  0.0, Workers: 4
[1950.257s][debug][gc,phases      ] GC(100)     Dead                           Min: 0, Avg:  0.0, Max: 0, Diff: 0, Sum: 0, Workers: 4
[1950.257s][debug][gc,phases      ] GC(100)     Total                          Min: 0, Avg:  0.0, Max: 0, Diff: 0, Sum: 0, Workers: 4
[1950.257s][debug][gc,phases      ] GC(100) Weak Processing 0.384ms
[1950.257s][debug][gc,age         ] GC(100) Desired survivor size 6291456 bytes, new threshold 1 (max threshold 15)
[1950.257s][info ][gc,heap        ] GC(100) PSYoungGen: 2089136K(2091008K)->5328K(2090496K) Eden: 2084352K(2084352K)->0K(2084352K) From: 4784K(6656K)->5328K(6144K)
[1950.257s][info ][gc,heap        ] GC(100) ParOldGen: 302466K(330240K)->303314K(330240K)
[1950.257s][info ][gc,metaspace   ] GC(100) Metaspace: 106450K(107840K)->106450K(107840K) NonClass: 90394K(91136K)->90394K(91136K) Class: 16055K(16704K)->16055K(16704K)
[1950.257s][info ][gc             ] GC(100) Pause Young (Allocation Failure) 2335M->301M(2364M) 6.314ms
[1950.257s][info ][gc,cpu         ] GC(100) User=0.02s Sys=0.00s Real=0.01s
[1950.258s][info ][safepoint      ] Safepoint "ParallelGCFailedAllocation", Time since last: 1486684968 ns, Reaching safepoint: 4800 ns, Cleanup: 3100 ns, At safepoint: 6374022 ns, Total: 6381922 ns
[1951.258s][info ][safepoint      ] Safepoint "Cleanup", Time since last: 1000095844 ns, Reaching safepoint: 79200 ns, Cleanup: 9900 ns, At safepoint: 6701 ns, Total: 95801 ns
[1952.258s][info ][safepoint      ] Safepoint "Cleanup", Time since last: 1000118737 ns, Reaching safepoint: 78300 ns, Cleanup: 8800 ns, At safepoint: 6100 ns, Total: 93200 ns
[1953.258s][info ][safepoint      ] Safepoint "Cleanup", Time since last: 1000115322 ns, Reaching safepoint: 77501 ns, Cleanup: 10000 ns, At safepoint: 6600 ns, Total: 94101 ns
[1954.258s][info ][safepoint      ] Safepoint "Cleanup", Time since last: 1000114322 ns, Reaching safepoint: 78200 ns, Cleanup: 10100 ns, At safepoint: 5400 ns, Total: 93700 ns
[1960.259s][info ][safepoint      ] Safepoint "Cleanup", Time since last: 6000494938 ns, Reaching safepoint: 77901 ns, Cleanup: 10700 ns, At safepoint: 6100 ns, Total: 94701 ns
[1969.260s][info ][safepoint      ] Safepoint "Cleanup", Time since last: 9000718330 ns, Reaching safepoint: 81601 ns, Cleanup: 22900 ns, At safepoint: 6200 ns, Total: 110701 ns
[1970.260s][info ][safepoint      ] Safepoint "Cleanup", Time since last: 1000108933 ns, Reaching safepoint: 74900 ns, Cleanup: 10200 ns, At safepoint: 5400 ns, Total: 90500 ns
[1972.402s][info ][gc,start       ] GC(101) Pause Young (Allocation Failure)
[1972.406s][debug][gc,phases      ] GC(101) Scavenge 4.435ms
[1972.406s][debug][gc,ref         ] GC(101) ReferenceProcessor::execute queues: 1, RefProcThreadModel::Single, marks_oops_alive: false
[1972.406s][debug][gc,ref         ] GC(101) Skipped KeepAliveFinalRefsPhase of Reference Processing: no references
[1972.406s][debug][gc,ref         ] GC(101) ReferenceProcessor::execute queues: 1, RefProcThreadModel::Single, marks_oops_alive: false
[1972.406s][debug][gc,phases      ] GC(101) Reference Processing 0.100ms
[1972.406s][debug][gc,phases      ] GC(101)   VM Weak                        Min:  0.0, Avg:  0.0, Max:  0.0, Diff:  0.0, Sum:  0.0, Workers: 4
[1972.406s][debug][gc,phases      ] GC(101)     Dead                           Min: 0, Avg:  0.0, Max: 0, Diff: 0, Sum: 0, Workers: 4
[1972.406s][debug][gc,phases      ] GC(101)     Total                          Min: 0, Avg: 257.8, Max: 640, Diff: 640, Sum: 1031, Workers: 4
[1972.406s][debug][gc,phases      ] GC(101)   ObjectSynchronizer Weak        Min:  0.0, Avg:  0.0, Max:  0.0, Diff:  0.0, Sum:  0.0, Workers: 4
[1972.406s][debug][gc,phases      ] GC(101)     Dead                           Min: 0, Avg:  0.0, Max: 0, Diff: 0, Sum: 0, Workers: 4
[1972.406s][debug][gc,phases      ] GC(101)     Total                          Min: 0, Avg:  1.0, Max: 4, Diff: 4, Sum: 4, Workers: 4
[1972.406s][debug][gc,phases      ] GC(101)   JVMTI Tag Weak OopStorage      Min:  0.0, Avg:  0.0, Max:  0.0, Diff:  0.0, Sum:  0.0, Workers: 4
[1972.406s][debug][gc,phases      ] GC(101)     Dead                           Min: 0, Avg:  0.0, Max: 0, Diff: 0, Sum: 0, Workers: 4
[1972.406s][debug][gc,phases      ] GC(101)     Total                          Min: 0, Avg:  0.0, Max: 0, Diff: 0, Sum: 0, Workers: 4
[1972.406s][debug][gc,phases      ] GC(101)   StringTable Weak               Min:  0.0, Avg:  0.1, Max:  0.1, Diff:  0.1, Sum:  0.4, Workers: 4
[1972.406s][debug][gc,phases      ] GC(101)     Dead                           Min: 0, Avg:  0.0, Max: 0, Diff: 0, Sum: 0, Workers: 4
[1972.406s][debug][gc,phases      ] GC(101)     Total                          Min: 0, Avg: 11570.8, Max: 20043, Diff: 20043, Sum: 46283, Workers: 4
[1972.406s][debug][gc,phases      ] GC(101)   ResolvedMethodTable Weak       Min:  0.0, Avg:  0.0, Max:  0.0, Diff:  0.0, Sum:  0.1, Workers: 4
[1972.406s][debug][gc,phases      ] GC(101)     Dead                           Min: 0, Avg:  0.0, Max: 0, Diff: 0, Sum: 0, Workers: 4
[1972.406s][debug][gc,phases      ] GC(101)     Total                          Min: 0, Avg: 3849.2, Max: 6425, Diff: 6425, Sum: 15397, Workers: 4
[1972.406s][debug][gc,phases      ] GC(101)   JNI Weak                       Min:  0.0, Avg:  0.0, Max:  0.0, Diff:  0.0, Sum:  0.0, Workers: 4
[1972.407s][debug][gc,phases      ] GC(101)     Dead                           Min: 0, Avg:  0.0, Max: 0, Diff: 0, Sum: 0, Workers: 4
[1972.407s][debug][gc,phases      ] GC(101)     Total                          Min: 0, Avg: 13.0, Max: 52, Diff: 52, Sum: 52, Workers: 4
[1972.407s][debug][gc,phases      ] GC(101)   StringDedup Table Weak         Min:  0.0, Avg:  0.0, Max:  0.0, Diff:  0.0, Sum:  0.0, Workers: 4
[1972.407s][debug][gc,phases      ] GC(101)     Dead                           Min: 0, Avg:  0.0, Max: 0, Diff: 0, Sum: 0, Workers: 4
[1972.407s][debug][gc,phases      ] GC(101)     Total                          Min: 0, Avg:  0.0, Max: 0, Diff: 0, Sum: 0, Workers: 4
[1972.407s][debug][gc,phases      ] GC(101)   StringDedup Requests0 Weak     Min:  0.0, Avg:  0.0, Max:  0.0, Diff:  0.0, Sum:  0.0, Workers: 4
[1972.407s][debug][gc,phases      ] GC(101)     Dead                           Min: 0, Avg:  0.0, Max: 0, Diff: 0, Sum: 0, Workers: 4
[1972.407s][debug][gc,phases      ] GC(101)     Total                          Min: 0, Avg:  0.0, Max: 0, Diff: 0, Sum: 0, Workers: 4
[1972.407s][debug][gc,phases      ] GC(101)   StringDedup Requests1 Weak     Min:  0.0, Avg:  0.0, Max:  0.0, Diff:  0.0, Sum:  0.0, Workers: 4
[1972.407s][debug][gc,phases      ] GC(101)     Dead                           Min: 0, Avg:  0.0, Max: 0, Diff: 0, Sum: 0, Workers: 4
[1972.407s][debug][gc,phases      ] GC(101)     Total                          Min: 0, Avg:  0.0, Max: 0, Diff: 0, Sum: 0, Workers: 4
[1972.407s][debug][gc,phases      ] GC(101)   Weak JFR Old Object Samples    Min:  0.0, Avg:  0.0, Max:  0.0, Diff:  0.0, Sum:  0.0, Workers: 4
[1972.407s][debug][gc,phases      ] GC(101)     Dead                           Min: 0, Avg:  0.0, Max: 0, Diff: 0, Sum: 0, Workers: 4
[1972.407s][debug][gc,phases      ] GC(101)     Total                          Min: 0, Avg:  0.0, Max: 0, Diff: 0, Sum: 0, Workers: 4
[1972.407s][debug][gc,phases      ] GC(101) Weak Processing 0.379ms
[1972.407s][debug][gc,age         ] GC(101) Desired survivor size 6291456 bytes, new threshold 1 (max threshold 15)
[1972.407s][info ][gc,heap        ] GC(101) PSYoungGen: 2089680K(2090496K)->4512K(2091008K) Eden: 2084352K(2084352K)->0K(2084864K) From: 5328K(6144K)->4512K(6144K)
[1972.407s][info ][gc,heap        ] GC(101) ParOldGen: 303314K(330240K)->304514K(330240K)
[1972.407s][info ][gc,metaspace   ] GC(101) Metaspace: 106452K(107840K)->106452K(107840K) NonClass: 90396K(91136K)->90396K(91136K) Class: 16055K(16704K)->16055K(16704K)
[1972.407s][info ][gc             ] GC(101) Pause Young (Allocation Failure) 2336M->301M(2364M) 5.033ms
[1972.407s][info ][gc,cpu         ] GC(101) User=0.02s Sys=0.00s Real=0.01s
[1972.407s][info ][safepoint      ] Safepoint "ParallelGCFailedAllocation", Time since last: 2141508665 ns, Reaching safepoint: 78300 ns, Cleanup: 3500 ns, At safepoint: 5099918 ns, Total: 5181718 ns
[1987.608s][info ][safepoint      ] Safepoint "Cleanup", Time since last: 15201502433 ns, Reaching safepoint: 76401 ns, Cleanup: 9500 ns, At safepoint: 6000 ns, Total: 91901 ns
[1988.608s][info ][safepoint      ] Safepoint "Cleanup", Time since last: 1000114557 ns, Reaching safepoint: 76400 ns, Cleanup: 10200 ns, At safepoint: 5700 ns, Total: 92300 ns
[1993.609s][info ][safepoint      ] Safepoint "Cleanup", Time since last: 5000400188 ns, Reaching safepoint: 75300 ns, Cleanup: 9700 ns, At safepoint: 6000 ns, Total: 91000 ns
[1994.271s][info ][gc,start       ] GC(102) Pause Young (Allocation Failure)
[1994.275s][debug][gc,phases      ] GC(102) Scavenge 4.132ms
[1994.275s][debug][gc,ref         ] GC(102) ReferenceProcessor::execute queues: 1, RefProcThreadModel::Single, marks_oops_alive: false
[1994.275s][debug][gc,ref         ] GC(102) Skipped KeepAliveFinalRefsPhase of Reference Processing: no references
[1994.275s][debug][gc,ref         ] GC(102) Skipped PhantomRefsPhase of Reference Processing: no references
[1994.275s][debug][gc,phases      ] GC(102) Reference Processing 0.098ms
[1994.276s][debug][gc,phases      ] GC(102)   VM Weak                        Min:  0.0, Avg:  0.0, Max:  0.0, Diff:  0.0, Sum:  0.0, Workers: 4
[1994.276s][debug][gc,phases      ] GC(102)     Dead                           Min: 0, Avg:  0.0, Max: 0, Diff: 0, Sum: 0, Workers: 4
[1994.276s][debug][gc,phases      ] GC(102)     Total                          Min: 0, Avg: 257.8, Max: 512, Diff: 512, Sum: 1031, Workers: 4
[1994.276s][debug][gc,phases      ] GC(102)   ObjectSynchronizer Weak        Min:  0.0, Avg:  0.0, Max:  0.0, Diff:  0.0, Sum:  0.0, Workers: 4
[1994.276s][debug][gc,phases      ] GC(102)     Dead                           Min: 0, Avg:  0.0, Max: 0, Diff: 0, Sum: 0, Workers: 4
[1994.276s][debug][gc,phases      ] GC(102)     Total                          Min: 0, Avg:  1.0, Max: 4, Diff: 4, Sum: 4, Workers: 4
[1994.276s][debug][gc,phases      ] GC(102)   JVMTI Tag Weak OopStorage      Min:  0.0, Avg:  0.0, Max:  0.0, Diff:  0.0, Sum:  0.0, Workers: 4
[1994.276s][debug][gc,phases      ] GC(102)     Dead                           Min: 0, Avg:  0.0, Max: 0, Diff: 0, Sum: 0, Workers: 4
[1994.276s][debug][gc,phases      ] GC(102)     Total                          Min: 0, Avg:  0.0, Max: 0, Diff: 0, Sum: 0, Workers: 4
[1994.276s][debug][gc,phases      ] GC(102)   StringTable Weak               Min:  0.0, Avg:  0.1, Max:  0.1, Diff:  0.1, Sum:  0.4, Workers: 4
[1994.276s][debug][gc,phases      ] GC(102)     Dead                           Min: 0, Avg:  0.0, Max: 0, Diff: 0, Sum: 0, Workers: 4
[1994.276s][debug][gc,phases      ] GC(102)     Total                          Min: 0, Avg: 11571.2, Max: 20160, Diff: 20160, Sum: 46285, Workers: 4
[1994.276s][debug][gc,phases      ] GC(102)   ResolvedMethodTable Weak       Min:  0.0, Avg:  0.0, Max:  0.0, Diff:  0.0, Sum:  0.1, Workers: 4
[1994.276s][debug][gc,phases      ] GC(102)     Dead                           Min: 0, Avg:  4.0, Max: 16, Diff: 16, Sum: 16, Workers: 4
[1994.276s][debug][gc,phases      ] GC(102)     Total                          Min: 0, Avg: 3849.2, Max: 6693, Diff: 6693, Sum: 15397, Workers: 4
[1994.276s][debug][gc,phases      ] GC(102)   JNI Weak                       Min:  0.0, Avg:  0.0, Max:  0.0, Diff:  0.0, Sum:  0.0, Workers: 4
[1994.276s][debug][gc,phases      ] GC(102)     Dead                           Min: 0, Avg:  0.0, Max: 0, Diff: 0, Sum: 0, Workers: 4
[1994.276s][debug][gc,phases      ] GC(102)     Total                          Min: 0, Avg: 13.0, Max: 52, Diff: 52, Sum: 52, Workers: 4
[1994.276s][debug][gc,phases      ] GC(102)   StringDedup Table Weak         Min:  0.0, Avg:  0.0, Max:  0.0, Diff:  0.0, Sum:  0.0, Workers: 4
[1994.276s][debug][gc,phases      ] GC(102)     Dead                           Min: 0, Avg:  0.0, Max: 0, Diff: 0, Sum: 0, Workers: 4
[1994.276s][debug][gc,phases      ] GC(102)     Total                          Min: 0, Avg:  0.0, Max: 0, Diff: 0, Sum: 0, Workers: 4
[1994.276s][debug][gc,phases      ] GC(102)   StringDedup Requests0 Weak     Min:  0.0, Avg:  0.0, Max:  0.0, Diff:  0.0, Sum:  0.0, Workers: 4
[1994.276s][debug][gc,phases      ] GC(102)     Dead                           Min: 0, Avg:  0.0, Max: 0, Diff: 0, Sum: 0, Workers: 4
[1994.276s][debug][gc,phases      ] GC(102)     Total                          Min: 0, Avg:  0.0, Max: 0, Diff: 0, Sum: 0, Workers: 4
[1994.276s][debug][gc,phases      ] GC(102)   StringDedup Requests1 Weak     Min:  0.0, Avg:  0.0, Max:  0.0, Diff:  0.0, Sum:  0.0, Workers: 4
[1994.276s][debug][gc,phases      ] GC(102)     Dead                           Min: 0, Avg:  0.0, Max: 0, Diff: 0, Sum: 0, Workers: 4
[1994.276s][debug][gc,phases      ] GC(102)     Total                          Min: 0, Avg:  0.0, Max: 0, Diff: 0, Sum: 0, Workers: 4
[1994.276s][debug][gc,phases      ] GC(102)   Weak JFR Old Object Samples    Min:  0.0, Avg:  0.0, Max:  0.0, Diff:  0.0, Sum:  0.0, Workers: 4
[1994.276s][debug][gc,phases      ] GC(102)     Dead                           Min: 0, Avg:  0.0, Max: 0, Diff: 0, Sum: 0, Workers: 4
[1994.276s][debug][gc,phases      ] GC(102)     Total                          Min: 0, Avg:  0.0, Max: 0, Diff: 0, Sum: 0, Workers: 4
[1994.276s][debug][gc,phases      ] GC(102) Weak Processing 0.386ms
[1994.276s][debug][gc,age         ] GC(102) Desired survivor size 6291456 bytes, new threshold 1 (max threshold 15)
[1994.276s][info ][gc,heap        ] GC(102) PSYoungGen: 2089376K(2091008K)->4640K(2091008K) Eden: 2084864K(2084864K)->0K(2084864K) From: 4512K(6144K)->4640K(6144K)
[1994.276s][info ][gc,heap        ] GC(102) ParOldGen: 304514K(330240K)->305254K(330240K)
[1994.276s][info ][gc,metaspace   ] GC(102) Metaspace: 106459K(107840K)->106459K(107840K) NonClass: 90403K(91136K)->90403K(91136K) Class: 16055K(16704K)->16055K(16704K)
[1994.276s][info ][gc             ] GC(102) Pause Young (Allocation Failure) 2337M->302M(2364M) 4.726ms
[1994.276s][info ][gc,cpu         ] GC(102) User=0.02s Sys=0.01s Real=0.01s
[1994.276s][info ][safepoint      ] Safepoint "ParallelGCFailedAllocation", Time since last: 662181827 ns, Reaching safepoint: 4300 ns, Cleanup: 3200 ns, At safepoint: 4784719 ns, Total: 4792219 ns
[1996.276s][info ][safepoint      ] Safepoint "Cleanup", Time since last: 2000181635 ns, Reaching safepoint: 5100 ns, Cleanup: 8900 ns, At safepoint: 2100 ns, Total: 16100 ns
[2002.277s][info ][safepoint      ] Safepoint "Cleanup", Time since last: 6000467191 ns, Reaching safepoint: 5000 ns, Cleanup: 9200 ns, At safepoint: 2200 ns, Total: 16400 ns
[2009.277s][info ][safepoint      ] Safepoint "Cleanup", Time since last: 7000529980 ns, Reaching safepoint: 4500 ns, Cleanup: 8200 ns, At safepoint: 16000 ns, Total: 28700 ns
[2010.277s][info ][safepoint      ] Safepoint "Cleanup", Time since last: 1000103127 ns, Reaching safepoint: 5100 ns, Cleanup: 8400 ns, At safepoint: 2000 ns, Total: 15500 ns
[2012.277s][info ][safepoint      ] Safepoint "Cleanup", Time since last: 2000189953 ns, Reaching safepoint: 5100 ns, Cleanup: 8900 ns, At safepoint: 2200 ns, Total: 16200 ns
[2016.257s][info ][gc,start       ] GC(103) Pause Young (Allocation Failure)
[2016.262s][debug][gc,phases      ] GC(103) Scavenge 4.564ms
[2016.262s][debug][gc,ref         ] GC(103) ReferenceProcessor::execute queues: 1, RefProcThreadModel::Single, marks_oops_alive: false
[2016.262s][debug][gc,ref         ] GC(103) Skipped KeepAliveFinalRefsPhase of Reference Processing: no references
[2016.262s][debug][gc,ref         ] GC(103) Skipped PhantomRefsPhase of Reference Processing: no references
[2016.262s][debug][gc,phases      ] GC(103) Reference Processing 0.096ms
[2016.262s][debug][gc,phases      ] GC(103)   VM Weak                        Min:  0.0, Avg:  0.0, Max:  0.0, Diff:  0.0, Sum:  0.0, Workers: 4
[2016.262s][debug][gc,phases      ] GC(103)     Dead                           Min: 0, Avg:  0.0, Max: 0, Diff: 0, Sum: 0, Workers: 4
[2016.262s][debug][gc,phases      ] GC(103)     Total                          Min: 0, Avg: 257.8, Max: 839, Diff: 839, Sum: 1031, Workers: 4
[2016.262s][debug][gc,phases      ] GC(103)   ObjectSynchronizer Weak        Min:  0.0, Avg:  0.0, Max:  0.0, Diff:  0.0, Sum:  0.0, Workers: 4
[2016.262s][debug][gc,phases      ] GC(103)     Dead                           Min: 0, Avg:  0.0, Max: 0, Diff: 0, Sum: 0, Workers: 4
[2016.262s][debug][gc,phases      ] GC(103)     Total                          Min: 0, Avg:  1.0, Max: 4, Diff: 4, Sum: 4, Workers: 4
[2016.262s][debug][gc,phases      ] GC(103)   JVMTI Tag Weak OopStorage      Min:  0.0, Avg:  0.0, Max:  0.0, Diff:  0.0, Sum:  0.0, Workers: 4
[2016.262s][debug][gc,phases      ] GC(103)     Dead                           Min: 0, Avg:  0.0, Max: 0, Diff: 0, Sum: 0, Workers: 4
[2016.262s][debug][gc,phases      ] GC(103)     Total                          Min: 0, Avg:  0.0, Max: 0, Diff: 0, Sum: 0, Workers: 4
[2016.262s][debug][gc,phases      ] GC(103)   StringTable Weak               Min:  0.0, Avg:  0.1, Max:  0.1, Diff:  0.1, Sum:  0.4, Workers: 4
[2016.262s][debug][gc,phases      ] GC(103)     Dead                           Min: 0, Avg:  0.0, Max: 0, Diff: 0, Sum: 0, Workers: 4
[2016.262s][debug][gc,phases      ] GC(103)     Total                          Min: 0, Avg: 11571.2, Max: 19648, Diff: 19648, Sum: 46285, Workers: 4
[2016.262s][debug][gc,phases      ] GC(103)   ResolvedMethodTable Weak       Min:  0.0, Avg:  0.0, Max:  0.0, Diff:  0.0, Sum:  0.1, Workers: 4
[2016.262s][debug][gc,phases      ] GC(103)     Dead                           Min: 0, Avg:  4.0, Max: 16, Diff: 16, Sum: 16, Workers: 4
[2016.262s][debug][gc,phases      ] GC(103)     Total                          Min: 0, Avg: 3849.2, Max: 6453, Diff: 6453, Sum: 15397, Workers: 4
[2016.262s][debug][gc,phases      ] GC(103)   JNI Weak                       Min:  0.0, Avg:  0.0, Max:  0.0, Diff:  0.0, Sum:  0.0, Workers: 4
[2016.262s][debug][gc,phases      ] GC(103)     Dead                           Min: 0, Avg:  0.0, Max: 0, Diff: 0, Sum: 0, Workers: 4
[2016.262s][debug][gc,phases      ] GC(103)     Total                          Min: 0, Avg: 13.0, Max: 52, Diff: 52, Sum: 52, Workers: 4
[2016.262s][debug][gc,phases      ] GC(103)   StringDedup Table Weak         Min:  0.0, Avg:  0.0, Max:  0.0, Diff:  0.0, Sum:  0.0, Workers: 4
[2016.262s][debug][gc,phases      ] GC(103)     Dead                           Min: 0, Avg:  0.0, Max: 0, Diff: 0, Sum: 0, Workers: 4
[2016.262s][debug][gc,phases      ] GC(103)     Total                          Min: 0, Avg:  0.0, Max: 0, Diff: 0, Sum: 0, Workers: 4
[2016.262s][debug][gc,phases      ] GC(103)   StringDedup Requests0 Weak     Min:  0.0, Avg:  0.0, Max:  0.0, Diff:  0.0, Sum:  0.0, Workers: 4
[2016.262s][debug][gc,phases      ] GC(103)     Dead                           Min: 0, Avg:  0.0, Max: 0, Diff: 0, Sum: 0, Workers: 4
[2016.262s][debug][gc,phases      ] GC(103)     Total                          Min: 0, Avg:  0.0, Max: 0, Diff: 0, Sum: 0, Workers: 4
[2016.262s][debug][gc,phases      ] GC(103)   StringDedup Requests1 Weak     Min:  0.0, Avg:  0.0, Max:  0.0, Diff:  0.0, Sum:  0.0, Workers: 4
[2016.262s][debug][gc,phases      ] GC(103)     Dead                           Min: 0, Avg:  0.0, Max: 0, Diff: 0, Sum: 0, Workers: 4
[2016.262s][debug][gc,phases      ] GC(103)     Total                          Min: 0, Avg:  0.0, Max: 0, Diff: 0, Sum: 0, Workers: 4
[2016.262s][debug][gc,phases      ] GC(103)   Weak JFR Old Object Samples    Min:  0.0, Avg:  0.0, Max:  0.0, Diff:  0.0, Sum:  0.0, Workers: 4
[2016.262s][debug][gc,phases      ] GC(103)     Dead                           Min: 0, Avg:  0.0, Max: 0, Diff: 0, Sum: 0, Workers: 4
[2016.262s][debug][gc,phases      ] GC(103)     Total                          Min: 0, Avg:  0.0, Max: 0, Diff: 0, Sum: 0, Workers: 4
[2016.262s][debug][gc,phases      ] GC(103) Weak Processing 0.390ms
[2016.262s][debug][gc,age         ] GC(103) Desired survivor size 6291456 bytes, new threshold 1 (max threshold 15)
[2016.262s][info ][gc,heap        ] GC(103) PSYoungGen: 2089504K(2091008K)->5156K(2091008K) Eden: 2084864K(2084864K)->0K(2084864K) From: 4640K(6144K)->5156K(6144K)
[2016.262s][info ][gc,heap        ] GC(103) ParOldGen: 305254K(330240K)->305918K(330240K)
[2016.262s][info ][gc,metaspace   ] GC(103) Metaspace: 106469K(107840K)->106469K(107840K) NonClass: 90413K(91136K)->90413K(91136K) Class: 16055K(16704K)->16055K(16704K)
[2016.262s][info ][gc             ] GC(103) Pause Young (Allocation Failure) 2338M->303M(2364M) 5.156ms
[2016.262s][info ][gc,cpu         ] GC(103) User=0.01s Sys=0.00s Real=0.00s
[2016.262s][info ][safepoint      ] Safepoint "ParallelGCFailedAllocation", Time since last: 3979641798 ns, Reaching safepoint: 5300 ns, Cleanup: 3300 ns, At safepoint: 5218220 ns, Total: 5226820 ns
[2017.263s][info ][safepoint      ] Safepoint "Cleanup", Time since last: 1000084712 ns, Reaching safepoint: 77800 ns, Cleanup: 8700 ns, At safepoint: 5600 ns, Total: 92100 ns
[2022.263s][info ][safepoint      ] Safepoint "Cleanup", Time since last: 5000404859 ns, Reaching safepoint: 76601 ns, Cleanup: 10400 ns, At safepoint: 5900 ns, Total: 92901 ns
[2033.264s][info ][safepoint      ] Safepoint "Cleanup", Time since last: 11000808312 ns, Reaching safepoint: 78000 ns, Cleanup: 9300 ns, At safepoint: 6100 ns, Total: 93400 ns
[2035.264s][info ][safepoint      ] Safepoint "Cleanup", Time since last: 2000185435 ns, Reaching safepoint: 75800 ns, Cleanup: 8700 ns, At safepoint: 6200 ns, Total: 90700 ns
[2038.280s][info ][gc,start       ] GC(104) Pause Young (Allocation Failure)
[2038.285s][debug][gc,phases      ] GC(104) Scavenge 4.600ms
[2038.285s][debug][gc,ref         ] GC(104) ReferenceProcessor::execute queues: 1, RefProcThreadModel::Single, marks_oops_alive: false
[2038.285s][debug][gc,ref         ] GC(104) Skipped KeepAliveFinalRefsPhase of Reference Processing: no references
[2038.285s][debug][gc,ref         ] GC(104) Skipped PhantomRefsPhase of Reference Processing: no references
[2038.285s][debug][gc,phases      ] GC(104) Reference Processing 0.123ms
[2038.285s][debug][gc,phases      ] GC(104)   VM Weak                        Min:  0.0, Avg:  0.0, Max:  0.0, Diff:  0.0, Sum:  0.0, Workers: 4
[2038.285s][debug][gc,phases      ] GC(104)     Dead                           Min: 0, Avg:  0.0, Max: 0, Diff: 0, Sum: 0, Workers: 4
[2038.285s][debug][gc,phases      ] GC(104)     Total                          Min: 0, Avg: 257.8, Max: 583, Diff: 583, Sum: 1031, Workers: 4
[2038.285s][debug][gc,phases      ] GC(104)   ObjectSynchronizer Weak        Min:  0.0, Avg:  0.0, Max:  0.0, Diff:  0.0, Sum:  0.0, Workers: 4
[2038.285s][debug][gc,phases      ] GC(104)     Dead                           Min: 0, Avg:  0.0, Max: 0, Diff: 0, Sum: 0, Workers: 4
[2038.285s][debug][gc,phases      ] GC(104)     Total                          Min: 0, Avg:  1.0, Max: 4, Diff: 4, Sum: 4, Workers: 4
[2038.285s][debug][gc,phases      ] GC(104)   JVMTI Tag Weak OopStorage      Min:  0.0, Avg:  0.0, Max:  0.0, Diff:  0.0, Sum:  0.0, Workers: 4
[2038.285s][debug][gc,phases      ] GC(104)     Dead                           Min: 0, Avg:  0.0, Max: 0, Diff: 0, Sum: 0, Workers: 4
[2038.285s][debug][gc,phases      ] GC(104)     Total                          Min: 0, Avg:  0.0, Max: 0, Diff: 0, Sum: 0, Workers: 4
[2038.285s][debug][gc,phases      ] GC(104)   StringTable Weak               Min:  0.0, Avg:  0.1, Max:  0.2, Diff:  0.2, Sum:  0.5, Workers: 4
[2038.285s][debug][gc,phases      ] GC(104)     Dead                           Min: 0, Avg:  0.0, Max: 0, Diff: 0, Sum: 0, Workers: 4
[2038.285s][debug][gc,phases      ] GC(104)     Total                          Min: 0, Avg: 11571.8, Max: 15631, Diff: 15631, Sum: 46287, Workers: 4
[2038.285s][debug][gc,phases      ] GC(104)   ResolvedMethodTable Weak       Min:  0.0, Avg:  0.0, Max:  0.1, Diff:  0.1, Sum:  0.2, Workers: 4
[2038.285s][debug][gc,phases      ] GC(104)     Dead                           Min: 0, Avg:  4.0, Max: 16, Diff: 16, Sum: 16, Workers: 4
[2038.285s][debug][gc,phases      ] GC(104)     Total                          Min: 0, Avg: 3849.2, Max: 5273, Diff: 5273, Sum: 15397, Workers: 4
[2038.285s][debug][gc,phases      ] GC(104)   JNI Weak                       Min:  0.0, Avg:  0.0, Max:  0.0, Diff:  0.0, Sum:  0.0, Workers: 4
[2038.285s][debug][gc,phases      ] GC(104)     Dead                           Min: 0, Avg:  0.0, Max: 0, Diff: 0, Sum: 0, Workers: 4
[2038.285s][debug][gc,phases      ] GC(104)     Total                          Min: 0, Avg: 13.0, Max: 52, Diff: 52, Sum: 52, Workers: 4
[2038.285s][debug][gc,phases      ] GC(104)   StringDedup Table Weak         Min:  0.0, Avg:  0.0, Max:  0.0, Diff:  0.0, Sum:  0.0, Workers: 4
[2038.285s][debug][gc,phases      ] GC(104)     Dead                           Min: 0, Avg:  0.0, Max: 0, Diff: 0, Sum: 0, Workers: 4
[2038.285s][debug][gc,phases      ] GC(104)     Total                          Min: 0, Avg:  0.0, Max: 0, Diff: 0, Sum: 0, Workers: 4
[2038.285s][debug][gc,phases      ] GC(104)   StringDedup Requests0 Weak     Min:  0.0, Avg:  0.0, Max:  0.0, Diff:  0.0, Sum:  0.0, Workers: 4
[2038.285s][debug][gc,phases      ] GC(104)     Dead                           Min: 0, Avg:  0.0, Max: 0, Diff: 0, Sum: 0, Workers: 4
[2038.285s][debug][gc,phases      ] GC(104)     Total                          Min: 0, Avg:  0.0, Max: 0, Diff: 0, Sum: 0, Workers: 4
[2038.285s][debug][gc,phases      ] GC(104)   StringDedup Requests1 Weak     Min:  0.0, Avg:  0.0, Max:  0.0, Diff:  0.0, Sum:  0.0, Workers: 4
[2038.285s][debug][gc,phases      ] GC(104)     Dead                           Min: 0, Avg:  0.0, Max: 0, Diff: 0, Sum: 0, Workers: 4
[2038.285s][debug][gc,phases      ] GC(104)     Total                          Min: 0, Avg:  0.0, Max: 0, Diff: 0, Sum: 0, Workers: 4
[2038.285s][debug][gc,phases      ] GC(104)   Weak JFR Old Object Samples    Min:  0.0, Avg:  0.0, Max:  0.0, Diff:  0.0, Sum:  0.0, Workers: 4
[2038.285s][debug][gc,phases      ] GC(104)     Dead                           Min: 0, Avg:  0.0, Max: 0, Diff: 0, Sum: 0, Workers: 4
[2038.285s][debug][gc,phases      ] GC(104)     Total                          Min: 0, Avg:  0.0, Max: 0, Diff: 0, Sum: 0, Workers: 4
[2038.285s][debug][gc,phases      ] GC(104) Weak Processing 0.502ms
[2038.285s][debug][gc,age         ] GC(104) Desired survivor size 6291456 bytes, new threshold 1 (max threshold 15)
[2038.285s][info ][gc,heap        ] GC(104) PSYoungGen: 2090020K(2091008K)->4800K(2091008K) Eden: 2084864K(2084864K)->0K(2084864K) From: 5156K(6144K)->4800K(6144K)
[2038.285s][info ][gc,heap        ] GC(104) ParOldGen: 305918K(330240K)->307203K(330240K)
[2038.285s][info ][gc,metaspace   ] GC(104) Metaspace: 106481K(107904K)->106481K(107904K) NonClass: 90425K(91200K)->90425K(91200K) Class: 16055K(16704K)->16055K(16704K)
[2038.285s][info ][gc             ] GC(104) Pause Young (Allocation Failure) 2339M->304M(2364M) 5.349ms
[2038.285s][info ][gc,cpu         ] GC(104) User=0.02s Sys=0.00s Real=0.01s
[2038.285s][info ][safepoint      ] Safepoint "ParallelGCFailedAllocation", Time since last: 3015718258 ns, Reaching safepoint: 5100 ns, Cleanup: 3700 ns, At safepoint: 5423020 ns, Total: 5431820 ns
[2049.626s][info ][safepoint      ] Safepoint "Cleanup", Time since last: 11340218587 ns, Reaching safepoint: 4300 ns, Cleanup: 8700 ns, At safepoint: 1800 ns, Total: 14800 ns
[2052.626s][info ][safepoint      ] Safepoint "Cleanup", Time since last: 3000247716 ns, Reaching safepoint: 5400 ns, Cleanup: 9700 ns, At safepoint: 2100 ns, Total: 17200 ns
[2059.626s][info ][safepoint      ] Safepoint "Cleanup", Time since last: 7000577195 ns, Reaching safepoint: 5000 ns, Cleanup: 15600 ns, At safepoint: 2100 ns, Total: 22700 ns
[2060.551s][info ][gc,start       ] GC(105) Pause Young (Allocation Failure)
[2060.556s][debug][gc,phases      ] GC(105) Scavenge 4.156ms
[2060.556s][debug][gc,ref         ] GC(105) ReferenceProcessor::execute queues: 1, RefProcThreadModel::Single, marks_oops_alive: false
[2060.556s][debug][gc,ref         ] GC(105) Skipped KeepAliveFinalRefsPhase of Reference Processing: no references
[2060.556s][debug][gc,ref         ] GC(105) Skipped PhantomRefsPhase of Reference Processing: no references
[2060.556s][debug][gc,phases      ] GC(105) Reference Processing 0.111ms
[2060.556s][debug][gc,phases      ] GC(105)   VM Weak                        Min:  0.0, Avg:  0.0, Max:  0.0, Diff:  0.0, Sum:  0.0, Workers: 4
[2060.556s][debug][gc,phases      ] GC(105)     Dead                           Min: 0, Avg:  0.0, Max: 0, Diff: 0, Sum: 0, Workers: 4
[2060.556s][debug][gc,phases      ] GC(105)     Total                          Min: 0, Avg: 257.8, Max: 711, Diff: 711, Sum: 1031, Workers: 4
[2060.556s][debug][gc,phases      ] GC(105)   ObjectSynchronizer Weak        Min:  0.0, Avg:  0.0, Max:  0.0, Diff:  0.0, Sum:  0.0, Workers: 4
[2060.556s][debug][gc,phases      ] GC(105)     Dead                           Min: 0, Avg:  0.0, Max: 0, Diff: 0, Sum: 0, Workers: 4
[2060.556s][debug][gc,phases      ] GC(105)     Total                          Min: 0, Avg:  1.0, Max: 4, Diff: 4, Sum: 4, Workers: 4
[2060.556s][debug][gc,phases      ] GC(105)   JVMTI Tag Weak OopStorage      Min:  0.0, Avg:  0.0, Max:  0.0, Diff:  0.0, Sum:  0.0, Workers: 4
[2060.556s][debug][gc,phases      ] GC(105)     Dead                           Min: 0, Avg:  0.0, Max: 0, Diff: 0, Sum: 0, Workers: 4
[2060.556s][debug][gc,phases      ] GC(105)     Total                          Min: 0, Avg:  0.0, Max: 0, Diff: 0, Sum: 0, Workers: 4
[2060.556s][debug][gc,phases      ] GC(105)   StringTable Weak               Min:  0.0, Avg:  0.1, Max:  0.1, Diff:  0.1, Sum:  0.4, Workers: 4
[2060.556s][debug][gc,phases      ] GC(105)     Dead                           Min: 0, Avg:  0.0, Max: 0, Diff: 0, Sum: 0, Workers: 4
[2060.556s][debug][gc,phases      ] GC(105)     Total                          Min: 0, Avg: 11571.8, Max: 18447, Diff: 18447, Sum: 46287, Workers: 4
[2060.556s][debug][gc,phases      ] GC(105)   ResolvedMethodTable Weak       Min:  0.0, Avg:  0.0, Max:  0.0, Diff:  0.0, Sum:  0.1, Workers: 4
[2060.556s][debug][gc,phases      ] GC(105)     Dead                           Min: 0, Avg:  4.0, Max: 16, Diff: 16, Sum: 16, Workers: 4
[2060.556s][debug][gc,phases      ] GC(105)     Total                          Min: 0, Avg: 3849.2, Max: 6289, Diff: 6289, Sum: 15397, Workers: 4
[2060.556s][debug][gc,phases      ] GC(105)   JNI Weak                       Min:  0.0, Avg:  0.0, Max:  0.0, Diff:  0.0, Sum:  0.0, Workers: 4
[2060.556s][debug][gc,phases      ] GC(105)     Dead                           Min: 0, Avg:  0.0, Max: 0, Diff: 0, Sum: 0, Workers: 4
[2060.556s][debug][gc,phases      ] GC(105)     Total                          Min: 0, Avg: 13.0, Max: 52, Diff: 52, Sum: 52, Workers: 4
[2060.556s][debug][gc,phases      ] GC(105)   StringDedup Table Weak         Min:  0.0, Avg:  0.0, Max:  0.0, Diff:  0.0, Sum:  0.0, Workers: 4
[2060.556s][debug][gc,phases      ] GC(105)     Dead                           Min: 0, Avg:  0.0, Max: 0, Diff: 0, Sum: 0, Workers: 4
[2060.556s][debug][gc,phases      ] GC(105)     Total                          Min: 0, Avg:  0.0, Max: 0, Diff: 0, Sum: 0, Workers: 4
[2060.556s][debug][gc,phases      ] GC(105)   StringDedup Requests0 Weak     Min:  0.0, Avg:  0.0, Max:  0.0, Diff:  0.0, Sum:  0.0, Workers: 4
[2060.556s][debug][gc,phases      ] GC(105)     Dead                           Min: 0, Avg:  0.0, Max: 0, Diff: 0, Sum: 0, Workers: 4
[2060.556s][debug][gc,phases      ] GC(105)     Total                          Min: 0, Avg:  0.0, Max: 0, Diff: 0, Sum: 0, Workers: 4
[2060.556s][debug][gc,phases      ] GC(105)   StringDedup Requests1 Weak     Min:  0.0, Avg:  0.0, Max:  0.0, Diff:  0.0, Sum:  0.0, Workers: 4
[2060.556s][debug][gc,phases      ] GC(105)     Dead                           Min: 0, Avg:  0.0, Max: 0, Diff: 0, Sum: 0, Workers: 4
[2060.556s][debug][gc,phases      ] GC(105)     Total                          Min: 0, Avg:  0.0, Max: 0, Diff: 0, Sum: 0, Workers: 4
[2060.556s][debug][gc,phases      ] GC(105)   Weak JFR Old Object Samples    Min:  0.0, Avg:  0.0, Max:  0.0, Diff:  0.0, Sum:  0.0, Workers: 4
[2060.556s][debug][gc,phases      ] GC(105)     Dead                           Min: 0, Avg:  0.0, Max: 0, Diff: 0, Sum: 0, Workers: 4
[2060.556s][debug][gc,phases      ] GC(105)     Total                          Min: 0, Avg:  0.0, Max: 0, Diff: 0, Sum: 0, Workers: 4
[2060.556s][debug][gc,phases      ] GC(105) Weak Processing 0.388ms
[2060.556s][debug][gc,age         ] GC(105) Desired survivor size 6291456 bytes, new threshold 1 (max threshold 15)
[2060.556s][info ][gc,heap        ] GC(105) PSYoungGen: 2089664K(2091008K)->4736K(2091008K) Eden: 2084864K(2084864K)->0K(2084864K) From: 4800K(6144K)->4736K(6144K)
[2060.556s][info ][gc,heap        ] GC(105) ParOldGen: 307203K(330240K)->308031K(330240K)
[2060.556s][info ][gc,metaspace   ] GC(105) Metaspace: 106482K(107904K)->106482K(107904K) NonClass: 90427K(91200K)->90427K(91200K) Class: 16055K(16704K)->16055K(16704K)
[2060.556s][info ][gc             ] GC(105) Pause Young (Allocation Failure) 2340M->305M(2364M) 4.760ms
[2060.556s][info ][gc,cpu         ] GC(105) User=0.02s Sys=0.00s Real=0.01s
[2060.556s][info ][safepoint      ] Safepoint "ParallelGCFailedAllocation", Time since last: 924787779 ns, Reaching safepoint: 102501 ns, Cleanup: 5000 ns, At safepoint: 4830318 ns, Total: 4937819 ns
[2062.556s][info ][safepoint      ] Safepoint "Cleanup", Time since last: 2000201925 ns, Reaching safepoint: 79400 ns, Cleanup: 10800 ns, At safepoint: 6000 ns, Total: 96200 ns
[2071.557s][info ][safepoint      ] Safepoint "Cleanup", Time since last: 9000771283 ns, Reaching safepoint: 79700 ns, Cleanup: 10000 ns, At safepoint: 6700 ns, Total: 96400 ns
[2079.558s][info ][safepoint      ] Safepoint "Cleanup", Time since last: 8000685450 ns, Reaching safepoint: 79201 ns, Cleanup: 8000 ns, At safepoint: 6600 ns, Total: 93801 ns
[2082.289s][info ][gc,start       ] GC(106) Pause Young (Allocation Failure)
[2082.294s][debug][gc,phases      ] GC(106) Scavenge 4.613ms
[2082.294s][debug][gc,ref         ] GC(106) ReferenceProcessor::execute queues: 1, RefProcThreadModel::Single, marks_oops_alive: false
[2082.294s][debug][gc,ref         ] GC(106) Skipped KeepAliveFinalRefsPhase of Reference Processing: no references
[2082.294s][debug][gc,ref         ] GC(106) Skipped PhantomRefsPhase of Reference Processing: no references
[2082.294s][debug][gc,phases      ] GC(106) Reference Processing 0.098ms
[2082.294s][debug][gc,phases      ] GC(106)   VM Weak                        Min:  0.0, Avg:  0.0, Max:  0.0, Diff:  0.0, Sum:  0.0, Workers: 4
[2082.294s][debug][gc,phases      ] GC(106)     Dead                           Min: 0, Avg:  0.0, Max: 0, Diff: 0, Sum: 0, Workers: 4
[2082.294s][debug][gc,phases      ] GC(106)     Total                          Min: 0, Avg: 257.8, Max: 839, Diff: 839, Sum: 1031, Workers: 4
[2082.294s][debug][gc,phases      ] GC(106)   ObjectSynchronizer Weak        Min:  0.0, Avg:  0.0, Max:  0.0, Diff:  0.0, Sum:  0.0, Workers: 4
[2082.294s][debug][gc,phases      ] GC(106)     Dead                           Min: 0, Avg:  0.0, Max: 0, Diff: 0, Sum: 0, Workers: 4
[2082.294s][debug][gc,phases      ] GC(106)     Total                          Min: 0, Avg:  1.0, Max: 4, Diff: 4, Sum: 4, Workers: 4
[2082.294s][debug][gc,phases      ] GC(106)   JVMTI Tag Weak OopStorage      Min:  0.0, Avg:  0.0, Max:  0.0, Diff:  0.0, Sum:  0.0, Workers: 4
[2082.294s][debug][gc,phases      ] GC(106)     Dead                           Min: 0, Avg:  0.0, Max: 0, Diff: 0, Sum: 0, Workers: 4
[2082.294s][debug][gc,phases      ] GC(106)     Total                          Min: 0, Avg:  0.0, Max: 0, Diff: 0, Sum: 0, Workers: 4
[2082.294s][debug][gc,phases      ] GC(106)   StringTable Weak               Min:  0.0, Avg:  0.1, Max:  0.1, Diff:  0.1, Sum:  0.4, Workers: 4
[2082.294s][debug][gc,phases      ] GC(106)     Dead                           Min: 0, Avg:  0.0, Max: 0, Diff: 0, Sum: 0, Workers: 4
[2082.294s][debug][gc,phases      ] GC(106)     Total                          Min: 0, Avg: 11571.8, Max: 20096, Diff: 20096, Sum: 46287, Workers: 4
[2082.294s][debug][gc,phases      ] GC(106)   ResolvedMethodTable Weak       Min:  0.0, Avg:  0.0, Max:  0.0, Diff:  0.0, Sum:  0.1, Workers: 4
[2082.294s][debug][gc,phases      ] GC(106)     Dead                           Min: 0, Avg:  4.0, Max: 16, Diff: 16, Sum: 16, Workers: 4
[2082.294s][debug][gc,phases      ] GC(106)     Total                          Min: 0, Avg: 3849.2, Max: 6427, Diff: 6427, Sum: 15397, Workers: 4
[2082.294s][debug][gc,phases      ] GC(106)   JNI Weak                       Min:  0.0, Avg:  0.0, Max:  0.0, Diff:  0.0, Sum:  0.0, Workers: 4
[2082.294s][debug][gc,phases      ] GC(106)     Dead                           Min: 0, Avg:  0.0, Max: 0, Diff: 0, Sum: 0, Workers: 4
[2082.294s][debug][gc,phases      ] GC(106)     Total                          Min: 0, Avg: 13.0, Max: 52, Diff: 52, Sum: 52, Workers: 4
[2082.294s][debug][gc,phases      ] GC(106)   StringDedup Table Weak         Min:  0.0, Avg:  0.0, Max:  0.0, Diff:  0.0, Sum:  0.0, Workers: 4
[2082.294s][debug][gc,phases      ] GC(106)     Dead                           Min: 0, Avg:  0.0, Max: 0, Diff: 0, Sum: 0, Workers: 4
[2082.294s][debug][gc,phases      ] GC(106)     Total                          Min: 0, Avg:  0.0, Max: 0, Diff: 0, Sum: 0, Workers: 4
[2082.294s][debug][gc,phases      ] GC(106)   StringDedup Requests0 Weak     Min:  0.0, Avg:  0.0, Max:  0.0, Diff:  0.0, Sum:  0.0, Workers: 4
[2082.294s][debug][gc,phases      ] GC(106)     Dead                           Min: 0, Avg:  0.0, Max: 0, Diff: 0, Sum: 0, Workers: 4
[2082.294s][debug][gc,phases      ] GC(106)     Total                          Min: 0, Avg:  0.0, Max: 0, Diff: 0, Sum: 0, Workers: 4
[2082.294s][debug][gc,phases      ] GC(106)   StringDedup Requests1 Weak     Min:  0.0, Avg:  0.0, Max:  0.0, Diff:  0.0, Sum:  0.0, Workers: 4
[2082.295s][debug][gc,phases      ] GC(106)     Dead                           Min: 0, Avg:  0.0, Max: 0, Diff: 0, Sum: 0, Workers: 4
[2082.295s][debug][gc,phases      ] GC(106)     Total                          Min: 0, Avg:  0.0, Max: 0, Diff: 0, Sum: 0, Workers: 4
[2082.295s][debug][gc,phases      ] GC(106)   Weak JFR Old Object Samples    Min:  0.0, Avg:  0.0, Max:  0.0, Diff:  0.0, Sum:  0.0, Workers: 4
[2082.295s][debug][gc,phases      ] GC(106)     Dead                           Min: 0, Avg:  0.0, Max: 0, Diff: 0, Sum: 0, Workers: 4
[2082.295s][debug][gc,phases      ] GC(106)     Total                          Min: 0, Avg:  0.0, Max: 0, Diff: 0, Sum: 0, Workers: 4
[2082.295s][debug][gc,phases      ] GC(106) Weak Processing 0.385ms
[2082.295s][debug][gc,age         ] GC(106) Desired survivor size 6291456 bytes, new threshold 1 (max threshold 15)
[2082.295s][info ][gc,heap        ] GC(106) PSYoungGen: 2089600K(2091008K)->4768K(2091008K) Eden: 2084864K(2084864K)->0K(2084864K) From: 4736K(6144K)->4768K(6144K)
[2082.295s][info ][gc,heap        ] GC(106) ParOldGen: 308031K(330240K)->308863K(330240K)
[2082.295s][info ][gc,metaspace   ] GC(106) Metaspace: 106482K(107904K)->106482K(107904K) NonClass: 90427K(91200K)->90427K(91200K) Class: 16055K(16704K)->16055K(16704K)
[2082.295s][info ][gc             ] GC(106) Pause Young (Allocation Failure) 2341M->306M(2364M) 5.216ms
[2082.295s][info ][gc,cpu         ] GC(106) User=0.02s Sys=0.00s Real=0.00s
[2082.295s][info ][safepoint      ] Safepoint "ParallelGCFailedAllocation", Time since last: 2731182935 ns, Reaching safepoint: 4700 ns, Cleanup: 4100 ns, At safepoint: 5285420 ns, Total: 5294220 ns
[2091.295s][info ][safepoint      ] Safepoint "Cleanup", Time since last: 9000674672 ns, Reaching safepoint: 4900 ns, Cleanup: 7300 ns, At safepoint: 2100 ns, Total: 14300 ns
[2103.913s][info ][gc,start       ] GC(107) Pause Young (Allocation Failure)
[2103.918s][debug][gc,phases      ] GC(107) Scavenge 4.506ms
[2103.918s][debug][gc,ref         ] GC(107) ReferenceProcessor::execute queues: 1, RefProcThreadModel::Single, marks_oops_alive: false
[2103.918s][debug][gc,ref         ] GC(107) Skipped KeepAliveFinalRefsPhase of Reference Processing: no references
[2103.918s][debug][gc,ref         ] GC(107) Skipped PhantomRefsPhase of Reference Processing: no references
[2103.918s][debug][gc,phases      ] GC(107) Reference Processing 0.106ms
[2103.918s][debug][gc,phases      ] GC(107)   VM Weak                        Min:  0.0, Avg:  0.0, Max:  0.0, Diff:  0.0, Sum:  0.0, Workers: 4
[2103.918s][debug][gc,phases      ] GC(107)     Dead                           Min: 0, Avg:  0.0, Max: 0, Diff: 0, Sum: 0, Workers: 4
[2103.918s][debug][gc,phases      ] GC(107)     Total                          Min: 0, Avg: 257.8, Max: 576, Diff: 576, Sum: 1031, Workers: 4
[2103.918s][debug][gc,phases      ] GC(107)   ObjectSynchronizer Weak        Min:  0.0, Avg:  0.0, Max:  0.0, Diff:  0.0, Sum:  0.0, Workers: 4
[2103.918s][debug][gc,phases      ] GC(107)     Dead                           Min: 0, Avg:  0.0, Max: 0, Diff: 0, Sum: 0, Workers: 4
[2103.918s][debug][gc,phases      ] GC(107)     Total                          Min: 0, Avg:  1.0, Max: 4, Diff: 4, Sum: 4, Workers: 4
[2103.918s][debug][gc,phases      ] GC(107)   JVMTI Tag Weak OopStorage      Min:  0.0, Avg:  0.0, Max:  0.0, Diff:  0.0, Sum:  0.0, Workers: 4
[2103.918s][debug][gc,phases      ] GC(107)     Dead                           Min: 0, Avg:  0.0, Max: 0, Diff: 0, Sum: 0, Workers: 4
[2103.918s][debug][gc,phases      ] GC(107)     Total                          Min: 0, Avg:  0.0, Max: 0, Diff: 0, Sum: 0, Workers: 4
[2103.918s][debug][gc,phases      ] GC(107)   StringTable Weak               Min:  0.0, Avg:  0.1, Max:  0.1, Diff:  0.1, Sum:  0.4, Workers: 4
[2103.918s][debug][gc,phases      ] GC(107)     Dead                           Min: 0, Avg:  0.0, Max: 0, Diff: 0, Sum: 0, Workers: 4
[2103.918s][debug][gc,phases      ] GC(107)     Total                          Min: 0, Avg: 11571.8, Max: 20416, Diff: 20416, Sum: 46287, Workers: 4
[2103.918s][debug][gc,phases      ] GC(107)   ResolvedMethodTable Weak       Min:  0.0, Avg:  0.0, Max:  0.0, Diff:  0.0, Sum:  0.1, Workers: 4
[2103.918s][debug][gc,phases      ] GC(107)     Dead                           Min: 0, Avg:  0.0, Max: 0, Diff: 0, Sum: 0, Workers: 4
[2103.918s][debug][gc,phases      ] GC(107)     Total                          Min: 0, Avg: 3849.2, Max: 6400, Diff: 6400, Sum: 15397, Workers: 4
[2103.918s][debug][gc,phases      ] GC(107)   JNI Weak                       Min:  0.0, Avg:  0.0, Max:  0.0, Diff:  0.0, Sum:  0.0, Workers: 4
[2103.918s][debug][gc,phases      ] GC(107)     Dead                           Min: 0, Avg:  0.0, Max: 0, Diff: 0, Sum: 0, Workers: 4
[2103.918s][debug][gc,phases      ] GC(107)     Total                          Min: 0, Avg: 13.0, Max: 52, Diff: 52, Sum: 52, Workers: 4
[2103.918s][debug][gc,phases      ] GC(107)   StringDedup Table Weak         Min:  0.0, Avg:  0.0, Max:  0.0, Diff:  0.0, Sum:  0.0, Workers: 4
[2103.918s][debug][gc,phases      ] GC(107)     Dead                           Min: 0, Avg:  0.0, Max: 0, Diff: 0, Sum: 0, Workers: 4
[2103.918s][debug][gc,phases      ] GC(107)     Total                          Min: 0, Avg:  0.0, Max: 0, Diff: 0, Sum: 0, Workers: 4
[2103.918s][debug][gc,phases      ] GC(107)   StringDedup Requests0 Weak     Min:  0.0, Avg:  0.0, Max:  0.0, Diff:  0.0, Sum:  0.0, Workers: 4
[2103.918s][debug][gc,phases      ] GC(107)     Dead                           Min: 0, Avg:  0.0, Max: 0, Diff: 0, Sum: 0, Workers: 4
[2103.918s][debug][gc,phases      ] GC(107)     Total                          Min: 0, Avg:  0.0, Max: 0, Diff: 0, Sum: 0, Workers: 4
[2103.918s][debug][gc,phases      ] GC(107)   StringDedup Requests1 Weak     Min:  0.0, Avg:  0.0, Max:  0.0, Diff:  0.0, Sum:  0.0, Workers: 4
[2103.918s][debug][gc,phases      ] GC(107)     Dead                           Min: 0, Avg:  0.0, Max: 0, Diff: 0, Sum: 0, Workers: 4
[2103.918s][debug][gc,phases      ] GC(107)     Total                          Min: 0, Avg:  0.0, Max: 0, Diff: 0, Sum: 0, Workers: 4
[2103.918s][debug][gc,phases      ] GC(107)   Weak JFR Old Object Samples    Min:  0.0, Avg:  0.0, Max:  0.0, Diff:  0.0, Sum:  0.0, Workers: 4
[2103.918s][debug][gc,phases      ] GC(107)     Dead                           Min: 0, Avg:  0.0, Max: 0, Diff: 0, Sum: 0, Workers: 4
[2103.918s][debug][gc,phases      ] GC(107)     Total                          Min: 0, Avg:  0.0, Max: 0, Diff: 0, Sum: 0, Workers: 4
[2103.918s][debug][gc,phases      ] GC(107) Weak Processing 0.378ms
[2103.918s][debug][gc,age         ] GC(107) Desired survivor size 5767168 bytes, new threshold 1 (max threshold 15)
[2103.918s][info ][gc,heap        ] GC(107) PSYoungGen: 2089632K(2091008K)->4688K(2091520K) Eden: 2084864K(2084864K)->0K(2085376K) From: 4768K(6144K)->4688K(6144K)
[2103.918s][info ][gc,heap        ] GC(107) ParOldGen: 308863K(330240K)->309659K(330240K)
[2103.918s][info ][gc,metaspace   ] GC(107) Metaspace: 106485K(107904K)->106485K(107904K) NonClass: 90429K(91200K)->90429K(91200K) Class: 16055K(16704K)->16055K(16704K)
[2103.918s][info ][gc             ] GC(107) Pause Young (Allocation Failure) 2342M->306M(2365M) 5.090ms
[2103.918s][info ][gc,cpu         ] GC(107) User=0.02s Sys=0.00s Real=0.01s
[2103.918s][info ][safepoint      ] Safepoint "ParallelGCFailedAllocation", Time since last: 12617899436 ns, Reaching safepoint: 4700 ns, Cleanup: 3100 ns, At safepoint: 5166919 ns, Total: 5174719 ns
[2104.918s][info ][safepoint      ] Safepoint "Cleanup", Time since last: 1000096333 ns, Reaching safepoint: 5200 ns, Cleanup: 8600 ns, At safepoint: 2200 ns, Total: 16000 ns
[2111.919s][info ][safepoint      ] Safepoint "Cleanup", Time since last: 7000563920 ns, Reaching safepoint: 5400 ns, Cleanup: 27600 ns, At safepoint: 2300 ns, Total: 35300 ns
[2116.919s][info ][safepoint      ] Safepoint "Cleanup", Time since last: 5000394754 ns, Reaching safepoint: 5800 ns, Cleanup: 9000 ns, At safepoint: 2100 ns, Total: 16900 ns
[2117.920s][info ][safepoint      ] Safepoint "Cleanup", Time since last: 1000119451 ns, Reaching safepoint: 6100 ns, Cleanup: 12800 ns, At safepoint: 2100 ns, Total: 21000 ns
[2122.920s][info ][safepoint      ] Safepoint "Cleanup", Time since last: 5000399414 ns, Reaching safepoint: 5600 ns, Cleanup: 7800 ns, At safepoint: 1900 ns, Total: 15300 ns
[2124.920s][info ][safepoint      ] Safepoint "Cleanup", Time since last: 2000201915 ns, Reaching safepoint: 5200 ns, Cleanup: 8800 ns, At safepoint: 1900 ns, Total: 15900 ns
[2125.299s][info ][gc,start       ] GC(108) Pause Young (Allocation Failure)
[2125.303s][debug][gc,phases      ] GC(108) Scavenge 4.413ms
[2125.303s][debug][gc,ref         ] GC(108) ReferenceProcessor::execute queues: 1, RefProcThreadModel::Single, marks_oops_alive: false
[2125.303s][debug][gc,ref         ] GC(108) Skipped KeepAliveFinalRefsPhase of Reference Processing: no references
[2125.303s][debug][gc,ref         ] GC(108) ReferenceProcessor::execute queues: 1, RefProcThreadModel::Single, marks_oops_alive: false
[2125.303s][debug][gc,phases      ] GC(108) Reference Processing 0.093ms
[2125.304s][debug][gc,phases      ] GC(108)   VM Weak                        Min:  0.0, Avg:  0.0, Max:  0.0, Diff:  0.0, Sum:  0.0, Workers: 4
[2125.304s][debug][gc,phases      ] GC(108)     Dead                           Min: 0, Avg:  0.0, Max: 0, Diff: 0, Sum: 0, Workers: 4
[2125.304s][debug][gc,phases      ] GC(108)     Total                          Min: 0, Avg: 257.8, Max: 640, Diff: 640, Sum: 1031, Workers: 4
[2125.304s][debug][gc,phases      ] GC(108)   ObjectSynchronizer Weak        Min:  0.0, Avg:  0.0, Max:  0.0, Diff:  0.0, Sum:  0.0, Workers: 4
[2125.304s][debug][gc,phases      ] GC(108)     Dead                           Min: 0, Avg:  0.0, Max: 0, Diff: 0, Sum: 0, Workers: 4
[2125.304s][debug][gc,phases      ] GC(108)     Total                          Min: 0, Avg:  1.0, Max: 4, Diff: 4, Sum: 4, Workers: 4
[2125.304s][debug][gc,phases      ] GC(108)   JVMTI Tag Weak OopStorage      Min:  0.0, Avg:  0.0, Max:  0.0, Diff:  0.0, Sum:  0.0, Workers: 4
[2125.304s][debug][gc,phases      ] GC(108)     Dead                           Min: 0, Avg:  0.0, Max: 0, Diff: 0, Sum: 0, Workers: 4
[2125.304s][debug][gc,phases      ] GC(108)     Total                          Min: 0, Avg:  0.0, Max: 0, Diff: 0, Sum: 0, Workers: 4
[2125.304s][debug][gc,phases      ] GC(108)   StringTable Weak               Min:  0.0, Avg:  0.1, Max:  0.1, Diff:  0.1, Sum:  0.4, Workers: 4
[2125.304s][debug][gc,phases      ] GC(108)     Dead                           Min: 0, Avg:  0.0, Max: 0, Diff: 0, Sum: 0, Workers: 4
[2125.304s][debug][gc,phases      ] GC(108)     Total                          Min: 0, Avg: 11572.2, Max: 20288, Diff: 20288, Sum: 46289, Workers: 4
[2125.304s][debug][gc,phases      ] GC(108)   ResolvedMethodTable Weak       Min:  0.0, Avg:  0.0, Max:  0.0, Diff:  0.0, Sum:  0.1, Workers: 4
[2125.304s][debug][gc,phases      ] GC(108)     Dead                           Min: 0, Avg:  4.0, Max: 16, Diff: 16, Sum: 16, Workers: 4
[2125.304s][debug][gc,phases      ] GC(108)     Total                          Min: 0, Avg: 3849.2, Max: 6395, Diff: 6395, Sum: 15397, Workers: 4
[2125.304s][debug][gc,phases      ] GC(108)   JNI Weak                       Min:  0.0, Avg:  0.0, Max:  0.0, Diff:  0.0, Sum:  0.0, Workers: 4
[2125.304s][debug][gc,phases      ] GC(108)     Dead                           Min: 0, Avg:  0.0, Max: 0, Diff: 0, Sum: 0, Workers: 4
[2125.304s][debug][gc,phases      ] GC(108)     Total                          Min: 0, Avg: 13.0, Max: 52, Diff: 52, Sum: 52, Workers: 4
[2125.304s][debug][gc,phases      ] GC(108)   StringDedup Table Weak         Min:  0.0, Avg:  0.0, Max:  0.0, Diff:  0.0, Sum:  0.0, Workers: 4
[2125.304s][debug][gc,phases      ] GC(108)     Dead                           Min: 0, Avg:  0.0, Max: 0, Diff: 0, Sum: 0, Workers: 4
[2125.304s][debug][gc,phases      ] GC(108)     Total                          Min: 0, Avg:  0.0, Max: 0, Diff: 0, Sum: 0, Workers: 4
[2125.304s][debug][gc,phases      ] GC(108)   StringDedup Requests0 Weak     Min:  0.0, Avg:  0.0, Max:  0.0, Diff:  0.0, Sum:  0.0, Workers: 4
[2125.304s][debug][gc,phases      ] GC(108)     Dead                           Min: 0, Avg:  0.0, Max: 0, Diff: 0, Sum: 0, Workers: 4
[2125.304s][debug][gc,phases      ] GC(108)     Total                          Min: 0, Avg:  0.0, Max: 0, Diff: 0, Sum: 0, Workers: 4
[2125.304s][debug][gc,phases      ] GC(108)   StringDedup Requests1 Weak     Min:  0.0, Avg:  0.0, Max:  0.0, Diff:  0.0, Sum:  0.0, Workers: 4
[2125.304s][debug][gc,phases      ] GC(108)     Dead                           Min: 0, Avg:  0.0, Max: 0, Diff: 0, Sum: 0, Workers: 4
[2125.304s][debug][gc,phases      ] GC(108)     Total                          Min: 0, Avg:  0.0, Max: 0, Diff: 0, Sum: 0, Workers: 4
[2125.304s][debug][gc,phases      ] GC(108)   Weak JFR Old Object Samples    Min:  0.0, Avg:  0.0, Max:  0.0, Diff:  0.0, Sum:  0.0, Workers: 4
[2125.304s][debug][gc,phases      ] GC(108)     Dead                           Min: 0, Avg:  0.0, Max: 0, Diff: 0, Sum: 0, Workers: 4
[2125.304s][debug][gc,phases      ] GC(108)     Total                          Min: 0, Avg:  0.0, Max: 0, Diff: 0, Sum: 0, Workers: 4
[2125.304s][debug][gc,phases      ] GC(108) Weak Processing 0.381ms
[2125.304s][debug][gc,age         ] GC(108) Desired survivor size 6291456 bytes, new threshold 1 (max threshold 15)
[2125.304s][info ][gc,heap        ] GC(108) PSYoungGen: 2090064K(2091520K)->5104K(2091008K) Eden: 2085376K(2085376K)->0K(2085376K) From: 4688K(6144K)->5104K(5632K)
[2125.304s][info ][gc,heap        ] GC(108) ParOldGen: 309659K(330240K)->310296K(330240K)
[2125.304s][info ][gc,metaspace   ] GC(108) Metaspace: 106506K(107968K)->106506K(107968K) NonClass: 90450K(91264K)->90450K(91264K) Class: 16055K(16704K)->16055K(16704K)
[2125.304s][info ][gc             ] GC(108) Pause Young (Allocation Failure) 2343M->308M(2364M) 4.992ms
[2125.304s][info ][gc,cpu         ] GC(108) User=0.01s Sys=0.00s Real=0.01s
[2125.304s][info ][safepoint      ] Safepoint "ParallelGCFailedAllocation", Time since last: 378458765 ns, Reaching safepoint: 5300 ns, Cleanup: 3700 ns, At safepoint: 5063519 ns, Total: 5072519 ns
[2137.305s][info ][safepoint      ] Safepoint "Cleanup", Time since last: 12000949103 ns, Reaching safepoint: 75300 ns, Cleanup: 8100 ns, At safepoint: 5400 ns, Total: 88800 ns
[2147.304s][info ][gc,start       ] GC(109) Pause Young (Allocation Failure)
[2147.308s][debug][gc,phases      ] GC(109) Scavenge 4.425ms
[2147.308s][debug][gc,ref         ] GC(109) ReferenceProcessor::execute queues: 1, RefProcThreadModel::Single, marks_oops_alive: false
[2147.308s][debug][gc,ref         ] GC(109) Skipped KeepAliveFinalRefsPhase of Reference Processing: no references
[2147.308s][debug][gc,ref         ] GC(109) ReferenceProcessor::execute queues: 1, RefProcThreadModel::Single, marks_oops_alive: false
[2147.308s][debug][gc,phases      ] GC(109) Reference Processing 0.100ms
[2147.308s][debug][gc,phases      ] GC(109)   VM Weak                        Min:  0.0, Avg:  0.0, Max:  0.0, Diff:  0.0, Sum:  0.0, Workers: 4
[2147.308s][debug][gc,phases      ] GC(109)     Dead                           Min: 0, Avg:  0.0, Max: 0, Diff: 0, Sum: 0, Workers: 4
[2147.308s][debug][gc,phases      ] GC(109)     Total                          Min: 0, Avg: 257.8, Max: 967, Diff: 967, Sum: 1031, Workers: 4
[2147.308s][debug][gc,phases      ] GC(109)   ObjectSynchronizer Weak        Min:  0.0, Avg:  0.0, Max:  0.0, Diff:  0.0, Sum:  0.0, Workers: 4
[2147.308s][debug][gc,phases      ] GC(109)     Dead                           Min: 0, Avg:  0.0, Max: 0, Diff: 0, Sum: 0, Workers: 4
[2147.308s][debug][gc,phases      ] GC(109)     Total                          Min: 0, Avg:  1.0, Max: 4, Diff: 4, Sum: 4, Workers: 4
[2147.308s][debug][gc,phases      ] GC(109)   JVMTI Tag Weak OopStorage      Min:  0.0, Avg:  0.0, Max:  0.0, Diff:  0.0, Sum:  0.0, Workers: 4
[2147.308s][debug][gc,phases      ] GC(109)     Dead                           Min: 0, Avg:  0.0, Max: 0, Diff: 0, Sum: 0, Workers: 4
[2147.308s][debug][gc,phases      ] GC(109)     Total                          Min: 0, Avg:  0.0, Max: 0, Diff: 0, Sum: 0, Workers: 4
[2147.308s][debug][gc,phases      ] GC(109)   StringTable Weak               Min:  0.0, Avg:  0.1, Max:  0.1, Diff:  0.1, Sum:  0.4, Workers: 4
[2147.308s][debug][gc,phases      ] GC(109)     Dead                           Min: 0, Avg:  0.0, Max: 0, Diff: 0, Sum: 0, Workers: 4
[2147.308s][debug][gc,phases      ] GC(109)     Total                          Min: 0, Avg: 11572.2, Max: 20288, Diff: 20288, Sum: 46289, Workers: 4
[2147.308s][debug][gc,phases      ] GC(109)   ResolvedMethodTable Weak       Min:  0.0, Avg:  0.0, Max:  0.0, Diff:  0.0, Sum:  0.1, Workers: 4
[2147.308s][debug][gc,phases      ] GC(109)     Dead                           Min: 0, Avg:  4.0, Max: 16, Diff: 16, Sum: 16, Workers: 4
[2147.308s][debug][gc,phases      ] GC(109)     Total                          Min: 0, Avg: 3849.2, Max: 6631, Diff: 6631, Sum: 15397, Workers: 4
[2147.308s][debug][gc,phases      ] GC(109)   JNI Weak                       Min:  0.0, Avg:  0.0, Max:  0.0, Diff:  0.0, Sum:  0.0, Workers: 4
[2147.308s][debug][gc,phases      ] GC(109)     Dead                           Min: 0, Avg:  0.0, Max: 0, Diff: 0, Sum: 0, Workers: 4
[2147.308s][debug][gc,phases      ] GC(109)     Total                          Min: 0, Avg: 13.0, Max: 52, Diff: 52, Sum: 52, Workers: 4
[2147.308s][debug][gc,phases      ] GC(109)   StringDedup Table Weak         Min:  0.0, Avg:  0.0, Max:  0.0, Diff:  0.0, Sum:  0.0, Workers: 4
[2147.308s][debug][gc,phases      ] GC(109)     Dead                           Min: 0, Avg:  0.0, Max: 0, Diff: 0, Sum: 0, Workers: 4
[2147.308s][debug][gc,phases      ] GC(109)     Total                          Min: 0, Avg:  0.0, Max: 0, Diff: 0, Sum: 0, Workers: 4
[2147.308s][debug][gc,phases      ] GC(109)   StringDedup Requests0 Weak     Min:  0.0, Avg:  0.0, Max:  0.0, Diff:  0.0, Sum:  0.0, Workers: 4
[2147.308s][debug][gc,phases      ] GC(109)     Dead                           Min: 0, Avg:  0.0, Max: 0, Diff: 0, Sum: 0, Workers: 4
[2147.308s][debug][gc,phases      ] GC(109)     Total                          Min: 0, Avg:  0.0, Max: 0, Diff: 0, Sum: 0, Workers: 4
[2147.308s][debug][gc,phases      ] GC(109)   StringDedup Requests1 Weak     Min:  0.0, Avg:  0.0, Max:  0.0, Diff:  0.0, Sum:  0.0, Workers: 4
[2147.308s][debug][gc,phases      ] GC(109)     Dead                           Min: 0, Avg:  0.0, Max: 0, Diff: 0, Sum: 0, Workers: 4
[2147.308s][debug][gc,phases      ] GC(109)     Total                          Min: 0, Avg:  0.0, Max: 0, Diff: 0, Sum: 0, Workers: 4
[2147.309s][debug][gc,phases      ] GC(109)   Weak JFR Old Object Samples    Min:  0.0, Avg:  0.0, Max:  0.0, Diff:  0.0, Sum:  0.0, Workers: 4
[2147.309s][debug][gc,phases      ] GC(109)     Dead                           Min: 0, Avg:  0.0, Max: 0, Diff: 0, Sum: 0, Workers: 4
[2147.309s][debug][gc,phases      ] GC(109)     Total                          Min: 0, Avg:  0.0, Max: 0, Diff: 0, Sum: 0, Workers: 4
[2147.309s][debug][gc,phases      ] GC(109) Weak Processing 0.390ms
[2147.309s][debug][gc,age         ] GC(109) Desired survivor size 6291456 bytes, new threshold 1 (max threshold 15)
[2147.309s][info ][gc,heap        ] GC(109) PSYoungGen: 2090480K(2091008K)->5582K(2091008K) Eden: 2085376K(2085376K)->0K(2084864K) From: 5104K(5632K)->5582K(6144K)
[2147.309s][info ][gc,heap        ] GC(109) ParOldGen: 310296K(330240K)->311176K(330240K)
[2147.309s][info ][gc,metaspace   ] GC(109) Metaspace: 106507K(107968K)->106507K(107968K) NonClass: 90451K(91264K)->90451K(91264K) Class: 16055K(16704K)->16055K(16704K)
[2147.309s][info ][gc             ] GC(109) Pause Young (Allocation Failure) 2344M->309M(2364M) 5.026ms
[2147.309s][info ][gc,cpu         ] GC(109) User=0.02s Sys=0.00s Real=0.00s
[2147.309s][info ][safepoint      ] Safepoint "ParallelGCFailedAllocation", Time since last: 9998593717 ns, Reaching safepoint: 75100 ns, Cleanup: 3600 ns, At safepoint: 5099618 ns, Total: 5178318 ns
[2149.309s][info ][safepoint      ] Safepoint "Cleanup", Time since last: 2000146665 ns, Reaching safepoint: 73901 ns, Cleanup: 7800 ns, At safepoint: 4900 ns, Total: 86601 ns
[2150.309s][info ][safepoint      ] Safepoint "Cleanup", Time since last: 1000101782 ns, Reaching safepoint: 78501 ns, Cleanup: 9100 ns, At safepoint: 6400 ns, Total: 94001 ns
[2160.310s][info ][safepoint      ] Safepoint "Cleanup", Time since last: 10000795685 ns, Reaching safepoint: 75801 ns, Cleanup: 7100 ns, At safepoint: 5100 ns, Total: 88001 ns
[2162.662s][info ][safepoint      ] Safepoint "Cleanup", Time since last: 2352079241 ns, Reaching safepoint: 79600 ns, Cleanup: 8700 ns, At safepoint: 8000 ns, Total: 96300 ns
[2163.662s][info ][safepoint      ] Safepoint "Cleanup", Time since last: 1000205689 ns, Reaching safepoint: 82601 ns, Cleanup: 8900 ns, At safepoint: 7400 ns, Total: 98901 ns
[2168.914s][info ][gc,start       ] GC(110) Pause Young (Allocation Failure)
[2168.919s][debug][gc,phases      ] GC(110) Scavenge 4.739ms
[2168.919s][debug][gc,ref         ] GC(110) ReferenceProcessor::execute queues: 1, RefProcThreadModel::Single, marks_oops_alive: false
[2168.919s][debug][gc,ref         ] GC(110) Skipped KeepAliveFinalRefsPhase of Reference Processing: no references
[2168.919s][debug][gc,ref         ] GC(110) ReferenceProcessor::execute queues: 1, RefProcThreadModel::Single, marks_oops_alive: false
[2168.919s][debug][gc,phases      ] GC(110) Reference Processing 0.101ms
[2168.919s][debug][gc,phases      ] GC(110)   VM Weak                        Min:  0.0, Avg:  0.0, Max:  0.0, Diff:  0.0, Sum:  0.0, Workers: 4
[2168.919s][debug][gc,phases      ] GC(110)     Dead                           Min: 0, Avg:  0.0, Max: 0, Diff: 0, Sum: 0, Workers: 4
[2168.919s][debug][gc,phases      ] GC(110)     Total                          Min: 0, Avg: 257.8, Max: 775, Diff: 775, Sum: 1031, Workers: 4
[2168.919s][debug][gc,phases      ] GC(110)   ObjectSynchronizer Weak        Min:  0.0, Avg:  0.0, Max:  0.0, Diff:  0.0, Sum:  0.0, Workers: 4
[2168.919s][debug][gc,phases      ] GC(110)     Dead                           Min: 0, Avg:  0.0, Max: 0, Diff: 0, Sum: 0, Workers: 4
[2168.919s][debug][gc,phases      ] GC(110)     Total                          Min: 0, Avg:  1.0, Max: 4, Diff: 4, Sum: 4, Workers: 4
[2168.919s][debug][gc,phases      ] GC(110)   JVMTI Tag Weak OopStorage      Min:  0.0, Avg:  0.0, Max:  0.0, Diff:  0.0, Sum:  0.0, Workers: 4
[2168.919s][debug][gc,phases      ] GC(110)     Dead                           Min: 0, Avg:  0.0, Max: 0, Diff: 0, Sum: 0, Workers: 4
[2168.919s][debug][gc,phases      ] GC(110)     Total                          Min: 0, Avg:  0.0, Max: 0, Diff: 0, Sum: 0, Workers: 4
[2168.919s][debug][gc,phases      ] GC(110)   StringTable Weak               Min:  0.0, Avg:  0.1, Max:  0.1, Diff:  0.1, Sum:  0.4, Workers: 4
[2168.919s][debug][gc,phases      ] GC(110)     Dead                           Min: 0, Avg:  0.0, Max: 0, Diff: 0, Sum: 0, Workers: 4
[2168.919s][debug][gc,phases      ] GC(110)     Total                          Min: 0, Avg: 11572.2, Max: 20224, Diff: 20224, Sum: 46289, Workers: 4
[2168.919s][debug][gc,phases      ] GC(110)   ResolvedMethodTable Weak       Min:  0.0, Avg:  0.0, Max:  0.0, Diff:  0.0, Sum:  0.1, Workers: 4
[2168.919s][debug][gc,phases      ] GC(110)     Dead                           Min: 0, Avg:  4.0, Max: 14, Diff: 14, Sum: 16, Workers: 4
[2168.919s][debug][gc,phases      ] GC(110)     Total                          Min: 0, Avg: 3849.2, Max: 6576, Diff: 6576, Sum: 15397, Workers: 4
[2168.919s][debug][gc,phases      ] GC(110)   JNI Weak                       Min:  0.0, Avg:  0.0, Max:  0.0, Diff:  0.0, Sum:  0.0, Workers: 4
[2168.919s][debug][gc,phases      ] GC(110)     Dead                           Min: 0, Avg:  0.0, Max: 0, Diff: 0, Sum: 0, Workers: 4
[2168.919s][debug][gc,phases      ] GC(110)     Total                          Min: 0, Avg: 13.0, Max: 52, Diff: 52, Sum: 52, Workers: 4
[2168.919s][debug][gc,phases      ] GC(110)   StringDedup Table Weak         Min:  0.0, Avg:  0.0, Max:  0.0, Diff:  0.0, Sum:  0.0, Workers: 4
[2168.919s][debug][gc,phases      ] GC(110)     Dead                           Min: 0, Avg:  0.0, Max: 0, Diff: 0, Sum: 0, Workers: 4
[2168.919s][debug][gc,phases      ] GC(110)     Total                          Min: 0, Avg:  0.0, Max: 0, Diff: 0, Sum: 0, Workers: 4
[2168.919s][debug][gc,phases      ] GC(110)   StringDedup Requests0 Weak     Min:  0.0, Avg:  0.0, Max:  0.0, Diff:  0.0, Sum:  0.0, Workers: 4
[2168.919s][debug][gc,phases      ] GC(110)     Dead                           Min: 0, Avg:  0.0, Max: 0, Diff: 0, Sum: 0, Workers: 4
[2168.919s][debug][gc,phases      ] GC(110)     Total                          Min: 0, Avg:  0.0, Max: 0, Diff: 0, Sum: 0, Workers: 4
[2168.919s][debug][gc,phases      ] GC(110)   StringDedup Requests1 Weak     Min:  0.0, Avg:  0.0, Max:  0.0, Diff:  0.0, Sum:  0.0, Workers: 4
[2168.919s][debug][gc,phases      ] GC(110)     Dead                           Min: 0, Avg:  0.0, Max: 0, Diff: 0, Sum: 0, Workers: 4
[2168.919s][debug][gc,phases      ] GC(110)     Total                          Min: 0, Avg:  0.0, Max: 0, Diff: 0, Sum: 0, Workers: 4
[2168.919s][debug][gc,phases      ] GC(110)   Weak JFR Old Object Samples    Min:  0.0, Avg:  0.0, Max:  0.0, Diff:  0.0, Sum:  0.0, Workers: 4
[2168.919s][debug][gc,phases      ] GC(110)     Dead                           Min: 0, Avg:  0.0, Max: 0, Diff: 0, Sum: 0, Workers: 4
[2168.919s][debug][gc,phases      ] GC(110)     Total                          Min: 0, Avg:  0.0, Max: 0, Diff: 0, Sum: 0, Workers: 4
[2168.919s][debug][gc,phases      ] GC(110) Weak Processing 0.383ms
[2168.919s][debug][gc,age         ] GC(110) Desired survivor size 6291456 bytes, new threshold 1 (max threshold 15)
[2168.919s][info ][gc,heap        ] GC(110) PSYoungGen: 2090446K(2091008K)->5232K(2091008K) Eden: 2084864K(2084864K)->0K(2084864K) From: 5582K(6144K)->5232K(6144K)
[2168.919s][info ][gc,heap        ] GC(110) ParOldGen: 311176K(330240K)->312642K(330240K)
[2168.919s][info ][gc,metaspace   ] GC(110) Metaspace: 106507K(107968K)->106507K(107968K) NonClass: 90451K(91264K)->90451K(91264K) Class: 16055K(16704K)->16055K(16704K)
[2168.919s][info ][gc             ] GC(110) Pause Young (Allocation Failure) 2345M->310M(2364M) 5.336ms
[2168.919s][info ][gc,cpu         ] GC(110) User=0.01s Sys=0.00s Real=0.01s
[2168.919s][info ][safepoint      ] Safepoint "ParallelGCFailedAllocation", Time since last: 5251509286 ns, Reaching safepoint: 5700 ns, Cleanup: 16400 ns, At safepoint: 5402520 ns, Total: 5424620 ns
[2190.901s][info ][gc,start       ] GC(111) Pause Young (Allocation Failure)
[2190.906s][debug][gc,phases      ] GC(111) Scavenge 4.894ms
[2190.906s][debug][gc,ref         ] GC(111) ReferenceProcessor::execute queues: 1, RefProcThreadModel::Single, marks_oops_alive: false
[2190.906s][debug][gc,ref         ] GC(111) Skipped KeepAliveFinalRefsPhase of Reference Processing: no references
[2190.906s][debug][gc,ref         ] GC(111) ReferenceProcessor::execute queues: 1, RefProcThreadModel::Single, marks_oops_alive: false
[2190.906s][debug][gc,phases      ] GC(111) Reference Processing 0.104ms
[2190.907s][debug][gc,phases      ] GC(111)   VM Weak                        Min:  0.0, Avg:  0.0, Max:  0.0, Diff:  0.0, Sum:  0.0, Workers: 4
[2190.907s][debug][gc,phases      ] GC(111)     Dead                           Min: 0, Avg:  0.0, Max: 0, Diff: 0, Sum: 0, Workers: 4
[2190.907s][debug][gc,phases      ] GC(111)     Total                          Min: 0, Avg: 257.8, Max: 775, Diff: 775, Sum: 1031, Workers: 4
[2190.907s][debug][gc,phases      ] GC(111)   ObjectSynchronizer Weak        Min:  0.0, Avg:  0.0, Max:  0.0, Diff:  0.0, Sum:  0.0, Workers: 4
[2190.907s][debug][gc,phases      ] GC(111)     Dead                           Min: 0, Avg:  0.0, Max: 0, Diff: 0, Sum: 0, Workers: 4
[2190.907s][debug][gc,phases      ] GC(111)     Total                          Min: 0, Avg:  1.0, Max: 4, Diff: 4, Sum: 4, Workers: 4
[2190.907s][debug][gc,phases      ] GC(111)   JVMTI Tag Weak OopStorage      Min:  0.0, Avg:  0.0, Max:  0.0, Diff:  0.0, Sum:  0.0, Workers: 4
[2190.907s][debug][gc,phases      ] GC(111)     Dead                           Min: 0, Avg:  0.0, Max: 0, Diff: 0, Sum: 0, Workers: 4
[2190.907s][debug][gc,phases      ] GC(111)     Total                          Min: 0, Avg:  0.0, Max: 0, Diff: 0, Sum: 0, Workers: 4
[2190.907s][debug][gc,phases      ] GC(111)   StringTable Weak               Min:  0.0, Avg:  0.1, Max:  0.1, Diff:  0.1, Sum:  0.4, Workers: 4
[2190.907s][debug][gc,phases      ] GC(111)     Dead                           Min: 0, Avg:  0.0, Max: 0, Diff: 0, Sum: 0, Workers: 4
[2190.907s][debug][gc,phases      ] GC(111)     Total                          Min: 0, Avg: 11572.5, Max: 20224, Diff: 20224, Sum: 46290, Workers: 4
[2190.907s][debug][gc,phases      ] GC(111)   ResolvedMethodTable Weak       Min:  0.0, Avg:  0.0, Max:  0.0, Diff:  0.0, Sum:  0.1, Workers: 4
[2190.907s][debug][gc,phases      ] GC(111)     Dead                           Min: 0, Avg:  4.0, Max: 8, Diff: 8, Sum: 16, Workers: 4
[2190.907s][debug][gc,phases      ] GC(111)     Total                          Min: 0, Avg: 3849.2, Max: 6531, Diff: 6531, Sum: 15397, Workers: 4
[2190.907s][debug][gc,phases      ] GC(111)   JNI Weak                       Min:  0.0, Avg:  0.0, Max:  0.0, Diff:  0.0, Sum:  0.0, Workers: 4
[2190.907s][debug][gc,phases      ] GC(111)     Dead                           Min: 0, Avg:  0.0, Max: 0, Diff: 0, Sum: 0, Workers: 4
[2190.907s][debug][gc,phases      ] GC(111)     Total                          Min: 0, Avg: 13.0, Max: 52, Diff: 52, Sum: 52, Workers: 4
[2190.907s][debug][gc,phases      ] GC(111)   StringDedup Table Weak         Min:  0.0, Avg:  0.0, Max:  0.0, Diff:  0.0, Sum:  0.0, Workers: 4
[2190.907s][debug][gc,phases      ] GC(111)     Dead                           Min: 0, Avg:  0.0, Max: 0, Diff: 0, Sum: 0, Workers: 4
[2190.907s][debug][gc,phases      ] GC(111)     Total                          Min: 0, Avg:  0.0, Max: 0, Diff: 0, Sum: 0, Workers: 4
[2190.907s][debug][gc,phases      ] GC(111)   StringDedup Requests0 Weak     Min:  0.0, Avg:  0.0, Max:  0.0, Diff:  0.0, Sum:  0.0, Workers: 4
[2190.907s][debug][gc,phases      ] GC(111)     Dead                           Min: 0, Avg:  0.0, Max: 0, Diff: 0, Sum: 0, Workers: 4
[2190.907s][debug][gc,phases      ] GC(111)     Total                          Min: 0, Avg:  0.0, Max: 0, Diff: 0, Sum: 0, Workers: 4
[2190.907s][debug][gc,phases      ] GC(111)   StringDedup Requests1 Weak     Min:  0.0, Avg:  0.0, Max:  0.0, Diff:  0.0, Sum:  0.0, Workers: 4
[2190.907s][debug][gc,phases      ] GC(111)     Dead                           Min: 0, Avg:  0.0, Max: 0, Diff: 0, Sum: 0, Workers: 4
[2190.907s][debug][gc,phases      ] GC(111)     Total                          Min: 0, Avg:  0.0, Max: 0, Diff: 0, Sum: 0, Workers: 4
[2190.907s][debug][gc,phases      ] GC(111)   Weak JFR Old Object Samples    Min:  0.0, Avg:  0.0, Max:  0.0, Diff:  0.0, Sum:  0.0, Workers: 4
[2190.907s][debug][gc,phases      ] GC(111)     Dead                           Min: 0, Avg:  0.0, Max: 0, Diff: 0, Sum: 0, Workers: 4
[2190.907s][debug][gc,phases      ] GC(111)     Total                          Min: 0, Avg:  0.0, Max: 0, Diff: 0, Sum: 0, Workers: 4
[2190.907s][debug][gc,phases      ] GC(111) Weak Processing 0.400ms
[2190.907s][debug][gc,age         ] GC(111) Desired survivor size 6291456 bytes, new threshold 1 (max threshold 15)
[2190.907s][info ][gc,heap        ] GC(111) PSYoungGen: 2090096K(2091008K)->5120K(2091008K) Eden: 2084864K(2084864K)->0K(2084864K) From: 5232K(6144K)->5120K(6144K)
[2190.907s][info ][gc,heap        ] GC(111) ParOldGen: 312642K(330240K)->313542K(330240K)
[2190.907s][info ][gc,metaspace   ] GC(111) Metaspace: 106508K(107968K)->106508K(107968K) NonClass: 90453K(91264K)->90453K(91264K) Class: 16055K(16704K)->16055K(16704K)
[2190.907s][info ][gc             ] GC(111) Pause Young (Allocation Failure) 2346M->311M(2364M) 5.520ms
[2190.907s][info ][gc,cpu         ] GC(111) User=0.01s Sys=0.01s Real=0.01s
[2190.907s][info ][safepoint      ] Safepoint "ParallelGCFailedAllocation", Time since last: 21981903690 ns, Reaching safepoint: 103900 ns, Cleanup: 4601 ns, At safepoint: 5590821 ns, Total: 5699322 ns
[2193.907s][info ][safepoint      ] Safepoint "Cleanup", Time since last: 3000268759 ns, Reaching safepoint: 79800 ns, Cleanup: 5500 ns, At safepoint: 5800 ns, Total: 91100 ns
[2194.907s][info ][safepoint      ] Safepoint "Cleanup", Time since last: 1000111525 ns, Reaching safepoint: 76900 ns, Cleanup: 12500 ns, At safepoint: 5900 ns, Total: 95300 ns
[2196.908s][info ][safepoint      ] Safepoint "Cleanup", Time since last: 2000218150 ns, Reaching safepoint: 104800 ns, Cleanup: 9600 ns, At safepoint: 8300 ns, Total: 122700 ns
[2199.908s][info ][safepoint      ] Safepoint "Cleanup", Time since last: 3000314874 ns, Reaching safepoint: 78500 ns, Cleanup: 11000 ns, At safepoint: 7000 ns, Total: 96500 ns
[2201.909s][info ][safepoint      ] Safepoint "Cleanup", Time since last: 2000222349 ns, Reaching safepoint: 6000 ns, Cleanup: 51500 ns, At safepoint: 2200 ns, Total: 59700 ns
[2321.690s][info ][safepoint      ] Safepoint "Cleanup", Time since last: 119781662967 ns, Reaching safepoint: 5700 ns, Cleanup: 9800 ns, At safepoint: 2400 ns, Total: 17900 ns
[2322.449s][info ][safepoint      ] Safepoint "JFRCheckpoint", Time since last: 753003074 ns, Reaching safepoint: 5612821 ns, Cleanup: 22500 ns, At safepoint: 31700 ns, Total: 5667021 ns
[2322.452s][info ][gc,heap,exit   ] Heap
[2322.452s][info ][gc,heap,exit   ]  PSYoungGen      total 2091008K, used 1076075K [0x0000000780000000, 0x0000000800000000, 0x0000000800000000)
[2322.452s][info ][gc,heap,exit   ]   eden space 2084864K, 51% used [0x0000000780000000,0x00000007c15dadb0,0x00000007ff400000)
[2322.452s][info ][gc,heap,exit   ]   from space 6144K, 83% used [0x00000007ffa00000,0x00000007fff000c0,0x0000000800000000)
[2322.452s][info ][gc,heap,exit   ]   to   space 6144K, 0% used [0x00000007ff400000,0x00000007ff400000,0x00000007ffa00000)
[2322.452s][info ][gc,heap,exit   ]  ParOldGen       total 330240K, used 313542K [0x00000006c0000000, 0x00000006d4280000, 0x0000000780000000)
[2322.452s][info ][gc,heap,exit   ]   object space 330240K, 94% used [0x00000006c0000000,0x00000006d3231a90,0x00000006d4280000)
[2322.452s][info ][gc,heap,exit   ]  Metaspace       used 106636K, committed 108032K, reserved 1179648K
[2322.452s][info ][gc,heap,exit   ]   class space    used 16069K, committed 16704K, reserved 1048576K
