[0.004s][info][gc,init] CardTable entry size: 512
[0.004s][info][gc     ] Using Parallel
[0.005s][info][gc,init] Version: 21.0.6+7-LTS (release)
[0.005s][info][gc,init] CPUs: 4 total, 4 available
[0.005s][info][gc,init] Memory: 15991M
[0.005s][info][gc,init] Large Page Support: Disabled
[0.005s][info][gc,init] NUMA Support: Disabled
[0.005s][info][gc,init] Compressed Oops: Enabled (Zero based)
[0.005s][info][gc,init] Alignments: Space 512K, Generation 512K, Heap 2M
[0.005s][info][gc,init] Heap Min Capacity: 2054M
[0.005s][info][gc,init] Heap Initial Capacity: 2054M
[0.005s][info][gc,init] Heap Max Capacity: 5G
[0.005s][info][gc,init] Pre-touch: Disabled
[0.005s][info][gc,init] Parallel Workers: 4
[0.013s][info][gc,metaspace] CDS archive(s) mapped at: [0x00007fa27d000000-0x00007fa27dc97000-0x00007fa27dc97000), size 13201408, SharedBaseAddress: 0x00007fa27d000000, ArchiveRelocationMode: 1.
[0.013s][info][gc,metaspace] Compressed class space mapped at: 0x00007fa27e000000-0x00007fa2be000000, reserved size: 1073741824
[0.013s][info][gc,metaspace] Narrow klass base: 0x00007fa27d000000, Narrow klass shift: 0, Narrow klass range: 0x100000000
[0.297s][info][safepoint   ] Safepoint "ICBufferFull", Time since last: 277537296 ns, Reaching safepoint: 4700 ns, Cleanup: 109508 ns, At safepoint: 2400 ns, Total: 116608 ns
[0.443s][info][safepoint   ] Safepoint "RedefineClasses", Time since last: 137350350 ns, Reaching safepoint: 3600 ns, Cleanup: 139410 ns, At safepoint: 8512992 ns, Total: 8656002 ns
[0.569s][info][safepoint   ] Safepoint "JFRCheckpoint", Time since last: 126033762 ns, Reaching safepoint: 2501 ns, Cleanup: 54703 ns, At safepoint: 9401 ns, Total: 66605 ns
[1.327s][info][safepoint   ] Safepoint "ICBufferFull", Time since last: 757603174 ns, Reaching safepoint: 85606 ns, Cleanup: 116608 ns, At safepoint: 11301 ns, Total: 213515 ns
[1.820s][info][safepoint   ] Safepoint "ICBufferFull", Time since last: 493146987 ns, Reaching safepoint: 4201 ns, Cleanup: 130509 ns, At safepoint: 2000 ns, Total: 136710 ns
[2.002s][info][gc,start    ] GC(0) Pause Young (Metadata GC Threshold)
[2.024s][debug][gc,phases   ] GC(0) Scavenge 21.522ms
[2.024s][debug][gc,ref      ] GC(0) ReferenceProcessor::execute queues: 2, RefProcThreadModel::Multi, marks_oops_alive: false
[2.024s][debug][gc,ref      ] GC(0) ReferenceProcessor::execute queues: 4, RefProcThreadModel::Multi, marks_oops_alive: true
[2.024s][debug][gc,ref      ] GC(0) ReferenceProcessor::execute queues: 1, RefProcThreadModel::Single, marks_oops_alive: false
[2.025s][debug][gc,phases   ] GC(0) Reference Processing 0.765ms
[2.025s][debug][gc,phases   ] GC(0)   VM Weak                        Min:  0.0, Avg:  0.0, Max:  0.0, Diff:  0.0, Sum:  0.0, Workers: 4
[2.025s][debug][gc,phases   ] GC(0)     Dead                           Min: 0, Avg:  0.0, Max: 0, Diff: 0, Sum: 0, Workers: 4
[2.025s][debug][gc,phases   ] GC(0)     Total                          Min: 0, Avg: 60.0, Max: 128, Diff: 128, Sum: 240, Workers: 4
[2.025s][debug][gc,phases   ] GC(0)   ObjectSynchronizer Weak        Min:  0.0, Avg:  0.0, Max:  0.0, Diff:  0.0, Sum:  0.0, Workers: 4
[2.025s][debug][gc,phases   ] GC(0)     Dead                           Min: 0, Avg:  0.2, Max: 1, Diff: 1, Sum: 1, Workers: 4
[2.025s][debug][gc,phases   ] GC(0)     Total                          Min: 0, Avg:  2.2, Max: 9, Diff: 9, Sum: 9, Workers: 4
[2.025s][debug][gc,phases   ] GC(0)   JVMTI Tag Weak OopStorage      Min:  0.0, Avg:  0.0, Max:  0.0, Diff:  0.0, Sum:  0.0, Workers: 4
[2.025s][debug][gc,phases   ] GC(0)     Dead                           Min: 0, Avg:  0.0, Max: 0, Diff: 0, Sum: 0, Workers: 4
[2.025s][debug][gc,phases   ] GC(0)     Total                          Min: 0, Avg:  0.0, Max: 0, Diff: 0, Sum: 0, Workers: 4
[2.025s][debug][gc,phases   ] GC(0)   StringTable Weak               Min:  0.0, Avg:  0.1, Max:  0.1, Diff:  0.1, Sum:  0.2, Workers: 4
[2.025s][debug][gc,phases   ] GC(0)     Dead                           Min: 0, Avg:  7.8, Max: 26, Diff: 26, Sum: 31, Workers: 4
[2.025s][debug][gc,phases   ] GC(0)     Total                          Min: 0, Avg: 1992.0, Max: 4256, Diff: 4256, Sum: 7968, Workers: 4
[2.025s][debug][gc,phases   ] GC(0)   ResolvedMethodTable Weak       Min:  0.0, Avg:  0.0, Max:  0.0, Diff:  0.0, Sum:  0.1, Workers: 4
[2.025s][debug][gc,phases   ] GC(0)     Dead                           Min: 0, Avg: 94.5, Max: 205, Diff: 205, Sum: 378, Workers: 4
[2.025s][debug][gc,phases   ] GC(0)     Total                          Min: 0, Avg: 466.2, Max: 1097, Diff: 1097, Sum: 1865, Workers: 4
[2.025s][debug][gc,phases   ] GC(0)   JNI Weak                       Min:  0.0, Avg:  0.0, Max:  0.0, Diff:  0.0, Sum:  0.0, Workers: 4
[2.025s][debug][gc,phases   ] GC(0)     Dead                           Min: 0, Avg:  0.0, Max: 0, Diff: 0, Sum: 0, Workers: 4
[2.025s][debug][gc,phases   ] GC(0)     Total                          Min: 0, Avg: 12.0, Max: 48, Diff: 48, Sum: 48, Workers: 4
[2.025s][debug][gc,phases   ] GC(0)   StringDedup Table Weak         Min:  0.0, Avg:  0.0, Max:  0.0, Diff:  0.0, Sum:  0.0, Workers: 4
[2.025s][debug][gc,phases   ] GC(0)     Dead                           Min: 0, Avg:  0.0, Max: 0, Diff: 0, Sum: 0, Workers: 4
[2.025s][debug][gc,phases   ] GC(0)     Total                          Min: 0, Avg:  0.0, Max: 0, Diff: 0, Sum: 0, Workers: 4
[2.025s][debug][gc,phases   ] GC(0)   StringDedup Requests0 Weak     Min:  0.0, Avg:  0.0, Max:  0.0, Diff:  0.0, Sum:  0.0, Workers: 4
[2.025s][debug][gc,phases   ] GC(0)     Dead                           Min: 0, Avg:  0.0, Max: 0, Diff: 0, Sum: 0, Workers: 4
[2.025s][debug][gc,phases   ] GC(0)     Total                          Min: 0, Avg:  0.0, Max: 0, Diff: 0, Sum: 0, Workers: 4
[2.025s][debug][gc,phases   ] GC(0)   StringDedup Requests1 Weak     Min:  0.0, Avg:  0.0, Max:  0.0, Diff:  0.0, Sum:  0.0, Workers: 4
[2.025s][debug][gc,phases   ] GC(0)     Dead                           Min: 0, Avg:  0.0, Max: 0, Diff: 0, Sum: 0, Workers: 4
[2.025s][debug][gc,phases   ] GC(0)     Total                          Min: 0, Avg:  0.0, Max: 0, Diff: 0, Sum: 0, Workers: 4
[2.025s][debug][gc,phases   ] GC(0)   Weak JFR Old Object Samples    Min:  0.0, Avg:  0.0, Max:  0.0, Diff:  0.0, Sum:  0.0, Workers: 4
[2.025s][debug][gc,phases   ] GC(0)     Dead                           Min: 0, Avg:  0.0, Max: 0, Diff: 0, Sum: 0, Workers: 4
[2.025s][debug][gc,phases   ] GC(0)     Total                          Min: 0, Avg:  0.0, Max: 0, Diff: 0, Sum: 0, Workers: 4
[2.025s][debug][gc,phases   ] GC(0) Weak Processing 0.421ms
[2.025s][debug][gc,age      ] GC(0) Desired survivor size 536870912 bytes, new threshold 7 (max threshold 15)
[2.025s][info ][gc,heap     ] GC(0) PSYoungGen: 372088K(1572864K)->37754K(1572864K) Eden: 372088K(1048576K)->0K(1048576K) From: 0K(524288K)->37754K(524288K)
[2.025s][info ][gc,heap     ] GC(0) ParOldGen: 1073K(6144K)->1145K(6144K)
[2.025s][info ][gc,metaspace] GC(0) Metaspace: 21096K(21504K)->21096K(21504K) NonClass: 18781K(19008K)->18781K(19008K) Class: 2315K(2496K)->2315K(2496K)
[2.025s][info ][gc          ] GC(0) Pause Young (Metadata GC Threshold) 364M->37M(1542M) 23.195ms
[2.025s][info ][gc,cpu      ] GC(0) User=0.06s Sys=0.00s Real=0.03s
[2.025s][debug][gc,phases   ] GC(1) Pre Compact 0.009ms
[2.025s][info ][gc,start    ] GC(1) Pause Full (Metadata GC Threshold)
[2.025s][info ][gc,phases,start] GC(1) Marking Phase
[2.041s][debug][gc,phases      ] GC(1) Par Mark 16.345ms
[2.041s][debug][gc,ref         ] GC(1) ReferenceProcessor::execute queues: 1, RefProcThreadModel::Single, marks_oops_alive: false
[2.042s][debug][gc,ref         ] GC(1) ReferenceProcessor::execute queues: 4, RefProcThreadModel::Multi, marks_oops_alive: true
[2.042s][debug][gc,ref         ] GC(1) ReferenceProcessor::execute queues: 1, RefProcThreadModel::Single, marks_oops_alive: false
[2.042s][debug][gc,phases      ] GC(1) Reference Processing 0.460ms
[2.042s][debug][gc,phases      ] GC(1)   VM Weak                        Min:  0.0, Avg:  0.0, Max:  0.0, Diff:  0.0, Sum:  0.0, Workers: 4
[2.042s][debug][gc,phases      ] GC(1)     Dead                           Min: 0, Avg:  0.0, Max: 0, Diff: 0, Sum: 0, Workers: 4
[2.042s][debug][gc,phases      ] GC(1)     Total                          Min: 0, Avg: 60.0, Max: 128, Diff: 128, Sum: 240, Workers: 4
[2.042s][debug][gc,phases      ] GC(1)   ObjectSynchronizer Weak        Min:  0.0, Avg:  0.0, Max:  0.0, Diff:  0.0, Sum:  0.0, Workers: 4
[2.042s][debug][gc,phases      ] GC(1)     Dead                           Min: 0, Avg:  0.0, Max: 0, Diff: 0, Sum: 0, Workers: 4
[2.042s][debug][gc,phases      ] GC(1)     Total                          Min: 0, Avg:  2.2, Max: 9, Diff: 9, Sum: 9, Workers: 4
[2.042s][debug][gc,phases      ] GC(1)   JVMTI Tag Weak OopStorage      Min:  0.0, Avg:  0.0, Max:  0.0, Diff:  0.0, Sum:  0.0, Workers: 4
[2.042s][debug][gc,phases      ] GC(1)     Dead                           Min: 0, Avg:  0.0, Max: 0, Diff: 0, Sum: 0, Workers: 4
[2.042s][debug][gc,phases      ] GC(1)     Total                          Min: 0, Avg:  0.0, Max: 0, Diff: 0, Sum: 0, Workers: 4
[2.042s][debug][gc,phases      ] GC(1)   StringTable Weak               Min:  0.0, Avg:  0.0, Max:  0.1, Diff:  0.1, Sum:  0.1, Workers: 4
[2.042s][debug][gc,phases      ] GC(1)     Dead                           Min: 0, Avg:  0.0, Max: 0, Diff: 0, Sum: 0, Workers: 4
[2.042s][debug][gc,phases      ] GC(1)     Total                          Min: 0, Avg: 1992.0, Max: 4416, Diff: 4416, Sum: 7968, Workers: 4
[2.042s][debug][gc,phases      ] GC(1)   ResolvedMethodTable Weak       Min:  0.0, Avg:  0.0, Max:  0.0, Diff:  0.0, Sum:  0.0, Workers: 4
[2.042s][debug][gc,phases      ] GC(1)     Dead                           Min: 0, Avg:  0.0, Max: 0, Diff: 0, Sum: 0, Workers: 4
[2.042s][debug][gc,phases      ] GC(1)     Total                          Min: 0, Avg: 466.2, Max: 969, Diff: 969, Sum: 1865, Workers: 4
[2.042s][debug][gc,phases      ] GC(1)   JNI Weak                       Min:  0.0, Avg:  0.0, Max:  0.0, Diff:  0.0, Sum:  0.0, Workers: 4
[2.042s][debug][gc,phases      ] GC(1)     Dead                           Min: 0, Avg:  0.0, Max: 0, Diff: 0, Sum: 0, Workers: 4
[2.042s][debug][gc,phases      ] GC(1)     Total                          Min: 0, Avg: 12.0, Max: 48, Diff: 48, Sum: 48, Workers: 4
[2.042s][debug][gc,phases      ] GC(1)   StringDedup Table Weak         Min:  0.0, Avg:  0.0, Max:  0.0, Diff:  0.0, Sum:  0.0, Workers: 4
[2.042s][debug][gc,phases      ] GC(1)     Dead                           Min: 0, Avg:  0.0, Max: 0, Diff: 0, Sum: 0, Workers: 4
[2.042s][debug][gc,phases      ] GC(1)     Total                          Min: 0, Avg:  0.0, Max: 0, Diff: 0, Sum: 0, Workers: 4
[2.042s][debug][gc,phases      ] GC(1)   StringDedup Requests0 Weak     Min:  0.0, Avg:  0.0, Max:  0.0, Diff:  0.0, Sum:  0.0, Workers: 4
[2.042s][debug][gc,phases      ] GC(1)     Dead                           Min: 0, Avg:  0.0, Max: 0, Diff: 0, Sum: 0, Workers: 4
[2.042s][debug][gc,phases      ] GC(1)     Total                          Min: 0, Avg:  0.0, Max: 0, Diff: 0, Sum: 0, Workers: 4
[2.042s][debug][gc,phases      ] GC(1)   StringDedup Requests1 Weak     Min:  0.0, Avg:  0.0, Max:  0.0, Diff:  0.0, Sum:  0.0, Workers: 4
[2.042s][debug][gc,phases      ] GC(1)     Dead                           Min: 0, Avg:  0.0, Max: 0, Diff: 0, Sum: 0, Workers: 4
[2.042s][debug][gc,phases      ] GC(1)     Total                          Min: 0, Avg:  0.0, Max: 0, Diff: 0, Sum: 0, Workers: 4
[2.042s][debug][gc,phases      ] GC(1)   Weak JFR Old Object Samples    Min:  0.0, Avg:  0.0, Max:  0.0, Diff:  0.0, Sum:  0.0, Workers: 4
[2.042s][debug][gc,phases      ] GC(1)     Dead                           Min: 0, Avg:  0.0, Max: 0, Diff: 0, Sum: 0, Workers: 4
[2.042s][debug][gc,phases      ] GC(1)     Total                          Min: 0, Avg:  0.0, Max: 0, Diff: 0, Sum: 0, Workers: 4
[2.042s][debug][gc,phases      ] GC(1) Weak Processing 0.310ms
[2.042s][debug][gc,phases      ] GC(1) ClassLoaderData 0.035ms
[2.042s][debug][gc,phases      ] GC(1) Trigger cleanups 0.000ms
[2.048s][debug][gc,phases      ] GC(1) Purge Unlinked NMethods 0.003ms
[2.048s][debug][gc,phases      ] GC(1) Unregister NMethods 0.031ms
[2.048s][debug][gc,phases      ] GC(1) Free Code Blobs 0.001ms
[2.048s][debug][gc,phases      ] GC(1) Class Unloading 6.258ms
[2.048s][debug][gc,phases      ] GC(1) Report Object Count 0.004ms
[2.049s][info ][gc,phases      ] GC(1) Marking Phase 23.448ms
[2.049s][info ][gc,phases,start] GC(1) Summary Phase
[2.049s][info ][gc,phases      ] GC(1) Summary Phase 0.008ms
[2.049s][info ][gc,phases,start] GC(1) Adjust Roots
[2.054s][info ][gc,phases      ] GC(1) Adjust Roots 5.261ms
[2.054s][info ][gc,phases,start] GC(1) Compaction Phase
[2.081s][info ][gc,phases      ] GC(1) Compaction Phase 27.615ms
[2.081s][info ][gc,phases,start] GC(1) Post Compact
[2.083s][debug][gc,phases      ] GC(1) Purge Class Loader Data 1.022ms
[2.083s][info ][gc,phases      ] GC(1) Post Compact 1.951ms
[2.083s][info ][gc,heap        ] GC(1) PSYoungGen: 37754K(1572864K)->32533K(1572864K) Eden: 0K(1048576K)->0K(1048576K) From: 37754K(524288K)->32533K(524288K)
[2.083s][info ][gc,heap        ] GC(1) ParOldGen: 1145K(6144K)->6068K(6144K)
[2.083s][info ][gc,metaspace   ] GC(1) Metaspace: 21096K(21504K)->21096K(21504K) NonClass: 18781K(19008K)->18781K(19008K) Class: 2315K(2496K)->2315K(2496K)
[2.083s][info ][gc             ] GC(1) Pause Full (Metadata GC Threshold) 37M->37M(1542M) 58.416ms
[2.083s][info ][gc,cpu         ] GC(1) User=0.14s Sys=0.00s Real=0.06s
[2.084s][info ][safepoint      ] Safepoint "CollectForMetadataAllocation", Time since last: 181579924 ns, Reaching safepoint: 4301 ns, Cleanup: 69505 ns, At safepoint: 81743883 ns, Total: 81817689 ns
[2.458s][info ][safepoint      ] Safepoint "ICBufferFull", Time since last: 374135213 ns, Reaching safepoint: 4500 ns, Cleanup: 111108 ns, At safepoint: 2100 ns, Total: 117708 ns
[2.682s][info ][safepoint      ] Safepoint "ICBufferFull", Time since last: 223821962 ns, Reaching safepoint: 4800 ns, Cleanup: 118408 ns, At safepoint: 7401 ns, Total: 130609 ns
[2.868s][info ][safepoint      ] Safepoint "ICBufferFull", Time since last: 186401060 ns, Reaching safepoint: 4900 ns, Cleanup: 128309 ns, At safepoint: 4700 ns, Total: 137909 ns
[3.251s][info ][safepoint      ] Safepoint "ICBufferFull", Time since last: 382460192 ns, Reaching safepoint: 5100 ns, Cleanup: 129809 ns, At safepoint: 2700 ns, Total: 137609 ns
[3.465s][info ][gc,start       ] GC(2) Pause Young (Metadata GC Threshold)
[3.499s][debug][gc,phases      ] GC(2) Scavenge 33.282ms
[3.499s][debug][gc,ref         ] GC(2) ReferenceProcessor::execute queues: 4, RefProcThreadModel::Multi, marks_oops_alive: false
[3.499s][debug][gc,ref         ] GC(2) Skipped KeepAliveFinalRefsPhase of Reference Processing: no references
[3.499s][debug][gc,ref         ] GC(2) ReferenceProcessor::execute queues: 2, RefProcThreadModel::Multi, marks_oops_alive: false
[3.500s][debug][gc,phases      ] GC(2) Reference Processing 0.869ms
[3.500s][debug][gc,phases      ] GC(2)   VM Weak                        Min:  0.0, Avg:  0.0, Max:  0.0, Diff:  0.0, Sum:  0.0, Workers: 4
[3.500s][debug][gc,phases      ] GC(2)     Dead                           Min: 0, Avg:  0.0, Max: 0, Diff: 0, Sum: 0, Workers: 4
[3.500s][debug][gc,phases      ] GC(2)     Total                          Min: 0, Avg: 72.8, Max: 192, Diff: 192, Sum: 291, Workers: 4
[3.500s][debug][gc,phases      ] GC(2)   ObjectSynchronizer Weak        Min:  0.0, Avg:  0.0, Max:  0.0, Diff:  0.0, Sum:  0.0, Workers: 4
[3.500s][debug][gc,phases      ] GC(2)     Dead                           Min: 0, Avg:  0.0, Max: 0, Diff: 0, Sum: 0, Workers: 4
[3.500s][debug][gc,phases      ] GC(2)     Total                          Min: 0, Avg:  2.2, Max: 9, Diff: 9, Sum: 9, Workers: 4
[3.500s][debug][gc,phases      ] GC(2)   JVMTI Tag Weak OopStorage      Min:  0.0, Avg:  0.0, Max:  0.0, Diff:  0.0, Sum:  0.0, Workers: 4
[3.500s][debug][gc,phases      ] GC(2)     Dead                           Min: 0, Avg:  0.0, Max: 0, Diff: 0, Sum: 0, Workers: 4
[3.500s][debug][gc,phases      ] GC(2)     Total                          Min: 0, Avg:  0.0, Max: 0, Diff: 0, Sum: 0, Workers: 4
[3.500s][debug][gc,phases      ] GC(2)   StringTable Weak               Min:  0.0, Avg:  0.2, Max:  0.2, Diff:  0.2, Sum:  0.6, Workers: 4
[3.500s][debug][gc,phases      ] GC(2)     Dead                           Min: 0, Avg:  2.8, Max: 5, Diff: 5, Sum: 11, Workers: 4
[3.500s][debug][gc,phases      ] GC(2)     Total                          Min: 0, Avg: 3669.8, Max: 5120, Diff: 5120, Sum: 14679, Workers: 4
[3.500s][debug][gc,phases      ] GC(2)   ResolvedMethodTable Weak       Min:  0.0, Avg:  0.1, Max:  0.1, Diff:  0.1, Sum:  0.2, Workers: 4
[3.500s][debug][gc,phases      ] GC(2)     Dead                           Min: 0, Avg: 438.2, Max: 601, Diff: 601, Sum: 1753, Workers: 4
[3.500s][debug][gc,phases      ] GC(2)     Total                          Min: 0, Avg: 1197.5, Max: 1662, Diff: 1662, Sum: 4790, Workers: 4
[3.500s][debug][gc,phases      ] GC(2)   JNI Weak                       Min:  0.0, Avg:  0.0, Max:  0.0, Diff:  0.0, Sum:  0.0, Workers: 4
[3.500s][debug][gc,phases      ] GC(2)     Dead                           Min: 0, Avg:  0.0, Max: 0, Diff: 0, Sum: 0, Workers: 4
[3.500s][debug][gc,phases      ] GC(2)     Total                          Min: 0, Avg: 14.0, Max: 56, Diff: 56, Sum: 56, Workers: 4
[3.500s][debug][gc,phases      ] GC(2)   StringDedup Table Weak         Min:  0.0, Avg:  0.0, Max:  0.0, Diff:  0.0, Sum:  0.0, Workers: 4
[3.500s][debug][gc,phases      ] GC(2)     Dead                           Min: 0, Avg:  0.0, Max: 0, Diff: 0, Sum: 0, Workers: 4
[3.500s][debug][gc,phases      ] GC(2)     Total                          Min: 0, Avg:  0.0, Max: 0, Diff: 0, Sum: 0, Workers: 4
[3.500s][debug][gc,phases      ] GC(2)   StringDedup Requests0 Weak     Min:  0.0, Avg:  0.0, Max:  0.0, Diff:  0.0, Sum:  0.0, Workers: 4
[3.500s][debug][gc,phases      ] GC(2)     Dead                           Min: 0, Avg:  0.0, Max: 0, Diff: 0, Sum: 0, Workers: 4
[3.500s][debug][gc,phases      ] GC(2)     Total                          Min: 0, Avg:  0.0, Max: 0, Diff: 0, Sum: 0, Workers: 4
[3.500s][debug][gc,phases      ] GC(2)   StringDedup Requests1 Weak     Min:  0.0, Avg:  0.0, Max:  0.0, Diff:  0.0, Sum:  0.0, Workers: 4
[3.500s][debug][gc,phases      ] GC(2)     Dead                           Min: 0, Avg:  0.0, Max: 0, Diff: 0, Sum: 0, Workers: 4
[3.500s][debug][gc,phases      ] GC(2)     Total                          Min: 0, Avg:  0.0, Max: 0, Diff: 0, Sum: 0, Workers: 4
[3.500s][debug][gc,phases      ] GC(2)   Weak JFR Old Object Samples    Min:  0.0, Avg:  0.0, Max:  0.0, Diff:  0.0, Sum:  0.0, Workers: 4
[3.500s][debug][gc,phases      ] GC(2)     Dead                           Min: 0, Avg:  0.0, Max: 0, Diff: 0, Sum: 0, Workers: 4
[3.500s][debug][gc,phases      ] GC(2)     Total                          Min: 0, Avg:  0.0, Max: 0, Diff: 0, Sum: 0, Workers: 4
[3.500s][debug][gc,phases      ] GC(2) Weak Processing 0.553ms
[3.500s][debug][gc,age         ] GC(2) Desired survivor size 536870912 bytes, new threshold 7 (max threshold 15)
[3.500s][info ][gc,heap        ] GC(2) PSYoungGen: 556821K(1572864K)->55351K(1572864K) Eden: 524288K(1048576K)->0K(1048576K) From: 32533K(524288K)->55351K(524288K)
[3.500s][info ][gc,heap        ] GC(2) ParOldGen: 6068K(6144K)->6084K(6144K)
[3.500s][info ][gc,metaspace   ] GC(2) Metaspace: 35384K(35840K)->35384K(35840K) NonClass: 30860K(31104K)->30860K(31104K) Class: 4524K(4736K)->4524K(4736K)
[3.500s][info ][gc             ] GC(2) Pause Young (Metadata GC Threshold) 549M->59M(1542M) 34.871ms
[3.500s][info ][gc,cpu         ] GC(2) User=0.12s Sys=0.01s Real=0.03s
[3.500s][debug][gc,phases      ] GC(3) Pre Compact 0.105ms
[3.500s][info ][gc,start       ] GC(3) Pause Full (Metadata GC Threshold)
[3.500s][info ][gc,phases,start] GC(3) Marking Phase
[3.522s][debug][gc,phases      ] GC(3) Par Mark 21.553ms
[3.522s][debug][gc,ref         ] GC(3) ReferenceProcessor::execute queues: 4, RefProcThreadModel::Multi, marks_oops_alive: false
[3.522s][debug][gc,ref         ] GC(3) ReferenceProcessor::execute queues: 4, RefProcThreadModel::Multi, marks_oops_alive: true
[3.522s][debug][gc,ref         ] GC(3) ReferenceProcessor::execute queues: 1, RefProcThreadModel::Single, marks_oops_alive: false
[3.522s][debug][gc,phases      ] GC(3) Reference Processing 0.326ms
[3.522s][debug][gc,phases      ] GC(3)   VM Weak                        Min:  0.0, Avg:  0.0, Max:  0.0, Diff:  0.0, Sum:  0.0, Workers: 4
[3.522s][debug][gc,phases      ] GC(3)     Dead                           Min: 0, Avg:  0.0, Max: 0, Diff: 0, Sum: 0, Workers: 4
[3.522s][debug][gc,phases      ] GC(3)     Total                          Min: 0, Avg: 72.8, Max: 227, Diff: 227, Sum: 291, Workers: 4
[3.522s][debug][gc,phases      ] GC(3)   ObjectSynchronizer Weak        Min:  0.0, Avg:  0.0, Max:  0.0, Diff:  0.0, Sum:  0.0, Workers: 4
[3.522s][debug][gc,phases      ] GC(3)     Dead                           Min: 0, Avg:  0.0, Max: 0, Diff: 0, Sum: 0, Workers: 4
[3.522s][debug][gc,phases      ] GC(3)     Total                          Min: 0, Avg:  2.2, Max: 9, Diff: 9, Sum: 9, Workers: 4
[3.523s][debug][gc,phases      ] GC(3)   JVMTI Tag Weak OopStorage      Min:  0.0, Avg:  0.0, Max:  0.0, Diff:  0.0, Sum:  0.0, Workers: 4
[3.523s][debug][gc,phases      ] GC(3)     Dead                           Min: 0, Avg:  0.0, Max: 0, Diff: 0, Sum: 0, Workers: 4
[3.523s][debug][gc,phases      ] GC(3)     Total                          Min: 0, Avg:  0.0, Max: 0, Diff: 0, Sum: 0, Workers: 4
[3.523s][debug][gc,phases      ] GC(3)   StringTable Weak               Min:  0.1, Avg:  0.1, Max:  0.1, Diff:  0.0, Sum:  0.2, Workers: 4
[3.523s][debug][gc,phases      ] GC(3)     Dead                           Min: 0, Avg:  0.0, Max: 0, Diff: 0, Sum: 0, Workers: 4
[3.523s][debug][gc,phases      ] GC(3)     Total                          Min: 3456, Avg: 3669.8, Max: 3968, Diff: 512, Sum: 14679, Workers: 4
[3.523s][debug][gc,phases      ] GC(3)   ResolvedMethodTable Weak       Min:  0.0, Avg:  0.0, Max:  0.0, Diff:  0.0, Sum:  0.1, Workers: 4
[3.523s][debug][gc,phases      ] GC(3)     Dead                           Min: 0, Avg:  0.0, Max: 0, Diff: 0, Sum: 0, Workers: 4
[3.523s][debug][gc,phases      ] GC(3)     Total                          Min: 1150, Avg: 1197.5, Max: 1216, Diff: 66, Sum: 4790, Workers: 4
[3.523s][debug][gc,phases      ] GC(3)   JNI Weak                       Min:  0.0, Avg:  0.0, Max:  0.0, Diff:  0.0, Sum:  0.0, Workers: 4
[3.523s][debug][gc,phases      ] GC(3)     Dead                           Min: 0, Avg:  0.0, Max: 0, Diff: 0, Sum: 0, Workers: 4
[3.523s][debug][gc,phases      ] GC(3)     Total                          Min: 0, Avg: 14.0, Max: 56, Diff: 56, Sum: 56, Workers: 4
[3.523s][debug][gc,phases      ] GC(3)   StringDedup Table Weak         Min:  0.0, Avg:  0.0, Max:  0.0, Diff:  0.0, Sum:  0.0, Workers: 4
[3.523s][debug][gc,phases      ] GC(3)     Dead                           Min: 0, Avg:  0.0, Max: 0, Diff: 0, Sum: 0, Workers: 4
[3.523s][debug][gc,phases      ] GC(3)     Total                          Min: 0, Avg:  0.0, Max: 0, Diff: 0, Sum: 0, Workers: 4
[3.523s][debug][gc,phases      ] GC(3)   StringDedup Requests0 Weak     Min:  0.0, Avg:  0.0, Max:  0.0, Diff:  0.0, Sum:  0.0, Workers: 4
[3.523s][debug][gc,phases      ] GC(3)     Dead                           Min: 0, Avg:  0.0, Max: 0, Diff: 0, Sum: 0, Workers: 4
[3.523s][debug][gc,phases      ] GC(3)     Total                          Min: 0, Avg:  0.0, Max: 0, Diff: 0, Sum: 0, Workers: 4
[3.523s][debug][gc,phases      ] GC(3)   StringDedup Requests1 Weak     Min:  0.0, Avg:  0.0, Max:  0.0, Diff:  0.0, Sum:  0.0, Workers: 4
[3.523s][debug][gc,phases      ] GC(3)     Dead                           Min: 0, Avg:  0.0, Max: 0, Diff: 0, Sum: 0, Workers: 4
[3.523s][debug][gc,phases      ] GC(3)     Total                          Min: 0, Avg:  0.0, Max: 0, Diff: 0, Sum: 0, Workers: 4
[3.523s][debug][gc,phases      ] GC(3)   Weak JFR Old Object Samples    Min:  0.0, Avg:  0.0, Max:  0.0, Diff:  0.0, Sum:  0.0, Workers: 4
[3.523s][debug][gc,phases      ] GC(3)     Dead                           Min: 0, Avg:  0.0, Max: 0, Diff: 0, Sum: 0, Workers: 4
[3.523s][debug][gc,phases      ] GC(3)     Total                          Min: 0, Avg:  0.0, Max: 0, Diff: 0, Sum: 0, Workers: 4
[3.523s][debug][gc,phases      ] GC(3) Weak Processing 0.288ms
[3.523s][debug][gc,phases      ] GC(3) ClassLoaderData 0.040ms
[3.523s][debug][gc,phases      ] GC(3) Trigger cleanups 0.000ms
[3.531s][debug][gc,phases      ] GC(3) Purge Unlinked NMethods 0.927ms
[3.531s][debug][gc,phases      ] GC(3) Unregister NMethods 0.008ms
[3.531s][debug][gc,phases      ] GC(3) Free Code Blobs 0.128ms
[3.531s][debug][gc,phases      ] GC(3) Class Unloading 8.692ms
[3.531s][debug][gc,phases      ] GC(3) Report Object Count 0.001ms
[3.531s][info ][gc,phases      ] GC(3) Marking Phase 30.985ms
[3.531s][info ][gc,phases,start] GC(3) Summary Phase
[3.531s][info ][gc,phases      ] GC(3) Summary Phase 0.008ms
[3.531s][info ][gc,phases,start] GC(3) Adjust Roots
[3.536s][info ][gc,phases      ] GC(3) Adjust Roots 4.563ms
[3.536s][info ][gc,phases,start] GC(3) Compaction Phase
[3.729s][info ][gc,phases      ] GC(3) Compaction Phase 193.063ms
[3.729s][info ][gc,phases,start] GC(3) Post Compact
[3.731s][debug][gc,phases      ] GC(3) Purge Class Loader Data 1.406ms
[3.731s][info ][gc,phases      ] GC(3) Post Compact 2.173ms
[3.731s][info ][gc,heap        ] GC(3) PSYoungGen: 55351K(1572864K)->55194K(1572864K) Eden: 0K(1048576K)->0K(1048576K) From: 55351K(524288K)->55194K(524288K)
[3.731s][info ][gc,heap        ] GC(3) ParOldGen: 6084K(6144K)->6039K(6144K)
[3.731s][info ][gc,metaspace   ] GC(3) Metaspace: 35384K(35840K)->35384K(35840K) NonClass: 30860K(31104K)->30860K(31104K) Class: 4524K(4736K)->4524K(4736K)
[3.731s][info ][gc             ] GC(3) Pause Full (Metadata GC Threshold) 59M->59M(1542M) 230.911ms
[3.731s][info ][gc,cpu         ] GC(3) User=0.49s Sys=0.00s Real=0.23s
[3.731s][info ][safepoint      ] Safepoint "CollectForMetadataAllocation", Time since last: 214297800 ns, Reaching safepoint: 4200 ns, Cleanup: 134710 ns, At safepoint: 266022995 ns, Total: 266161905 ns
[3.910s][info ][safepoint      ] Safepoint "ICBufferFull", Time since last: 178460808 ns, Reaching safepoint: 4401 ns, Cleanup: 171912 ns, At safepoint: 2400 ns, Total: 178713 ns
[4.094s][info ][safepoint      ] Safepoint "ICBufferFull", Time since last: 183661469 ns, Reaching safepoint: 4001 ns, Cleanup: 140909 ns, At safepoint: 6601 ns, Total: 151511 ns
[4.211s][info ][safepoint      ] Safepoint "ICBufferFull", Time since last: 117223950 ns, Reaching safepoint: 4500 ns, Cleanup: 136410 ns, At safepoint: 10201 ns, Total: 151111 ns
[4.615s][info ][safepoint      ] Safepoint "ICBufferFull", Time since last: 403367945 ns, Reaching safepoint: 4200 ns, Cleanup: 138110 ns, At safepoint: 5500 ns, Total: 147810 ns
[4.844s][info ][safepoint      ] Safepoint "ICBufferFull", Time since last: 229526758 ns, Reaching safepoint: 4901 ns, Cleanup: 122508 ns, At safepoint: 8901 ns, Total: 136310 ns
[4.994s][info ][safepoint      ] Safepoint "ICBufferFull", Time since last: 149944625 ns, Reaching safepoint: 3400 ns, Cleanup: 148711 ns, At safepoint: 2600 ns, Total: 154711 ns
[5.380s][info ][safepoint      ] Safepoint "ICBufferFull", Time since last: 385373294 ns, Reaching safepoint: 77705 ns, Cleanup: 142010 ns, At safepoint: 5701 ns, Total: 225416 ns
[6.006s][info ][gc,start       ] GC(4) Pause Young (Metadata GC Threshold)
[6.054s][debug][gc,phases      ] GC(4) Scavenge 47.839ms
[6.054s][debug][gc,ref         ] GC(4) ReferenceProcessor::execute queues: 4, RefProcThreadModel::Multi, marks_oops_alive: false
[6.055s][debug][gc,ref         ] GC(4) Skipped KeepAliveFinalRefsPhase of Reference Processing: no references
[6.055s][debug][gc,ref         ] GC(4) ReferenceProcessor::execute queues: 4, RefProcThreadModel::Multi, marks_oops_alive: false
[6.055s][debug][gc,phases      ] GC(4) Reference Processing 1.391ms
[6.056s][debug][gc,phases      ] GC(4)   VM Weak                        Min:  0.0, Avg:  0.0, Max:  0.0, Diff:  0.0, Sum:  0.0, Workers: 4
[6.056s][debug][gc,phases      ] GC(4)     Dead                           Min: 0, Avg:  0.0, Max: 0, Diff: 0, Sum: 0, Workers: 4
[6.056s][debug][gc,phases      ] GC(4)     Total                          Min: 0, Avg: 115.8, Max: 320, Diff: 320, Sum: 463, Workers: 4
[6.056s][debug][gc,phases      ] GC(4)   ObjectSynchronizer Weak        Min:  0.0, Avg:  0.0, Max:  0.0, Diff:  0.0, Sum:  0.0, Workers: 4
[6.056s][debug][gc,phases      ] GC(4)     Dead                           Min: 0, Avg:  0.0, Max: 0, Diff: 0, Sum: 0, Workers: 4
[6.056s][debug][gc,phases      ] GC(4)     Total                          Min: 0, Avg:  2.2, Max: 9, Diff: 9, Sum: 9, Workers: 4
[6.056s][debug][gc,phases      ] GC(4)   JVMTI Tag Weak OopStorage      Min:  0.0, Avg:  0.0, Max:  0.0, Diff:  0.0, Sum:  0.0, Workers: 4
[6.056s][debug][gc,phases      ] GC(4)     Dead                           Min: 0, Avg:  0.0, Max: 0, Diff: 0, Sum: 0, Workers: 4
[6.056s][debug][gc,phases      ] GC(4)     Total                          Min: 0, Avg:  0.0, Max: 0, Diff: 0, Sum: 0, Workers: 4
[6.056s][debug][gc,phases      ] GC(4)   StringTable Weak               Min:  0.0, Avg:  0.3, Max:  0.3, Diff:  0.3, Sum:  1.0, Workers: 4
[6.056s][debug][gc,phases      ] GC(4)     Dead                           Min: 0, Avg:  3.5, Max: 10, Diff: 10, Sum: 14, Workers: 4
[6.056s][debug][gc,phases      ] GC(4)     Total                          Min: 0, Avg: 6936.2, Max: 9664, Diff: 9664, Sum: 27745, Workers: 4
[6.056s][debug][gc,phases      ] GC(4)   ResolvedMethodTable Weak       Min:  0.0, Avg:  0.1, Max:  0.2, Diff:  0.2, Sum:  0.5, Workers: 4
[6.056s][debug][gc,phases      ] GC(4)     Dead                           Min: 0, Avg: 973.2, Max: 1540, Diff: 1540, Sum: 3893, Workers: 4
[6.056s][debug][gc,phases      ] GC(4)     Total                          Min: 0, Avg: 2847.5, Max: 4222, Diff: 4222, Sum: 11390, Workers: 4
[6.056s][debug][gc,phases      ] GC(4)   JNI Weak                       Min:  0.0, Avg:  0.0, Max:  0.0, Diff:  0.0, Sum:  0.0, Workers: 4
[6.056s][debug][gc,phases      ] GC(4)     Dead                           Min: 0, Avg:  0.0, Max: 0, Diff: 0, Sum: 0, Workers: 4
[6.056s][debug][gc,phases      ] GC(4)     Total                          Min: 0, Avg: 12.0, Max: 48, Diff: 48, Sum: 48, Workers: 4
[6.056s][debug][gc,phases      ] GC(4)   StringDedup Table Weak         Min:  0.0, Avg:  0.0, Max:  0.0, Diff:  0.0, Sum:  0.0, Workers: 4
[6.056s][debug][gc,phases      ] GC(4)     Dead                           Min: 0, Avg:  0.0, Max: 0, Diff: 0, Sum: 0, Workers: 4
[6.056s][debug][gc,phases      ] GC(4)     Total                          Min: 0, Avg:  0.0, Max: 0, Diff: 0, Sum: 0, Workers: 4
[6.056s][debug][gc,phases      ] GC(4)   StringDedup Requests0 Weak     Min:  0.0, Avg:  0.0, Max:  0.0, Diff:  0.0, Sum:  0.0, Workers: 4
[6.056s][debug][gc,phases      ] GC(4)     Dead                           Min: 0, Avg:  0.0, Max: 0, Diff: 0, Sum: 0, Workers: 4
[6.056s][debug][gc,phases      ] GC(4)     Total                          Min: 0, Avg:  0.0, Max: 0, Diff: 0, Sum: 0, Workers: 4
[6.056s][debug][gc,phases      ] GC(4)   StringDedup Requests1 Weak     Min:  0.0, Avg:  0.0, Max:  0.0, Diff:  0.0, Sum:  0.0, Workers: 4
[6.056s][debug][gc,phases      ] GC(4)     Dead                           Min: 0, Avg:  0.0, Max: 0, Diff: 0, Sum: 0, Workers: 4
[6.056s][debug][gc,phases      ] GC(4)     Total                          Min: 0, Avg:  0.0, Max: 0, Diff: 0, Sum: 0, Workers: 4
[6.056s][debug][gc,phases      ] GC(4)   Weak JFR Old Object Samples    Min:  0.0, Avg:  0.0, Max:  0.0, Diff:  0.0, Sum:  0.0, Workers: 4
[6.056s][debug][gc,phases      ] GC(4)     Dead                           Min: 0, Avg:  0.0, Max: 0, Diff: 0, Sum: 0, Workers: 4
[6.056s][debug][gc,phases      ] GC(4)     Total                          Min: 0, Avg:  0.0, Max: 0, Diff: 0, Sum: 0, Workers: 4
[6.056s][debug][gc,phases      ] GC(4) Weak Processing 0.762ms
[6.056s][debug][gc,age         ] GC(4) Desired survivor size 536870912 bytes, new threshold 7 (max threshold 15)
[6.056s][info ][gc,heap        ] GC(4) PSYoungGen: 439817K(1572864K)->77182K(1572864K) Eden: 384623K(1048576K)->0K(1048576K) From: 55194K(524288K)->77182K(524288K)
[6.056s][info ][gc,heap        ] GC(4) ParOldGen: 6039K(6144K)->6063K(6144K)
[6.056s][info ][gc,metaspace   ] GC(4) Metaspace: 59103K(59776K)->59103K(59776K) NonClass: 49690K(50048K)->49690K(50048K) Class: 9413K(9728K)->9413K(9728K)
[6.056s][info ][gc             ] GC(4) Pause Young (Metadata GC Threshold) 435M->81M(1542M) 50.146ms
[6.056s][info ][gc,cpu         ] GC(4) User=0.14s Sys=0.02s Real=0.05s
[6.056s][debug][gc,phases      ] GC(5) Pre Compact 0.009ms
[6.056s][info ][gc,start       ] GC(5) Pause Full (Metadata GC Threshold)
[6.056s][info ][gc,phases,start] GC(5) Marking Phase
[6.097s][debug][gc,phases      ] GC(5) Par Mark 40.548ms
[6.097s][debug][gc,ref         ] GC(5) ReferenceProcessor::execute queues: 4, RefProcThreadModel::Multi, marks_oops_alive: false
[6.097s][debug][gc,ref         ] GC(5) ReferenceProcessor::execute queues: 4, RefProcThreadModel::Multi, marks_oops_alive: true
[6.097s][debug][gc,ref         ] GC(5) ReferenceProcessor::execute queues: 1, RefProcThreadModel::Single, marks_oops_alive: false
[6.097s][debug][gc,phases      ] GC(5) Reference Processing 0.499ms
[6.097s][debug][gc,phases      ] GC(5)   VM Weak                        Min:  0.0, Avg:  0.0, Max:  0.0, Diff:  0.0, Sum:  0.0, Workers: 4
[6.097s][debug][gc,phases      ] GC(5)     Dead                           Min: 0, Avg:  0.0, Max: 0, Diff: 0, Sum: 0, Workers: 4
[6.097s][debug][gc,phases      ] GC(5)     Total                          Min: 0, Avg: 115.8, Max: 256, Diff: 256, Sum: 463, Workers: 4
[6.097s][debug][gc,phases      ] GC(5)   ObjectSynchronizer Weak        Min:  0.0, Avg:  0.0, Max:  0.0, Diff:  0.0, Sum:  0.0, Workers: 4
[6.097s][debug][gc,phases      ] GC(5)     Dead                           Min: 0, Avg:  0.0, Max: 0, Diff: 0, Sum: 0, Workers: 4
[6.097s][debug][gc,phases      ] GC(5)     Total                          Min: 0, Avg:  2.2, Max: 9, Diff: 9, Sum: 9, Workers: 4
[6.097s][debug][gc,phases      ] GC(5)   JVMTI Tag Weak OopStorage      Min:  0.0, Avg:  0.0, Max:  0.0, Diff:  0.0, Sum:  0.0, Workers: 4
[6.097s][debug][gc,phases      ] GC(5)     Dead                           Min: 0, Avg:  0.0, Max: 0, Diff: 0, Sum: 0, Workers: 4
[6.097s][debug][gc,phases      ] GC(5)     Total                          Min: 0, Avg:  0.0, Max: 0, Diff: 0, Sum: 0, Workers: 4
[6.097s][debug][gc,phases      ] GC(5)   StringTable Weak               Min:  0.1, Avg:  0.1, Max:  0.1, Diff:  0.0, Sum:  0.4, Workers: 4
[6.097s][debug][gc,phases      ] GC(5)     Dead                           Min: 0, Avg:  0.0, Max: 0, Diff: 0, Sum: 0, Workers: 4
[6.097s][debug][gc,phases      ] GC(5)     Total                          Min: 5760, Avg: 6936.2, Max: 7808, Diff: 2048, Sum: 27745, Workers: 4
[6.097s][debug][gc,phases      ] GC(5)   ResolvedMethodTable Weak       Min:  0.0, Avg:  0.0, Max:  0.0, Diff:  0.0, Sum:  0.1, Workers: 4
[6.097s][debug][gc,phases      ] GC(5)     Dead                           Min: 0, Avg:  0.0, Max: 0, Diff: 0, Sum: 0, Workers: 4
[6.097s][debug][gc,phases      ] GC(5)     Total                          Min: 2688, Avg: 2847.5, Max: 3200, Diff: 512, Sum: 11390, Workers: 4
[6.097s][debug][gc,phases      ] GC(5)   JNI Weak                       Min:  0.0, Avg:  0.0, Max:  0.0, Diff:  0.0, Sum:  0.0, Workers: 4
[6.097s][debug][gc,phases      ] GC(5)     Dead                           Min: 0, Avg:  0.0, Max: 0, Diff: 0, Sum: 0, Workers: 4
[6.097s][debug][gc,phases      ] GC(5)     Total                          Min: 0, Avg: 12.0, Max: 48, Diff: 48, Sum: 48, Workers: 4
[6.097s][debug][gc,phases      ] GC(5)   StringDedup Table Weak         Min:  0.0, Avg:  0.0, Max:  0.0, Diff:  0.0, Sum:  0.0, Workers: 4
[6.097s][debug][gc,phases      ] GC(5)     Dead                           Min: 0, Avg:  0.0, Max: 0, Diff: 0, Sum: 0, Workers: 4
[6.097s][debug][gc,phases      ] GC(5)     Total                          Min: 0, Avg:  0.0, Max: 0, Diff: 0, Sum: 0, Workers: 4
[6.097s][debug][gc,phases      ] GC(5)   StringDedup Requests0 Weak     Min:  0.0, Avg:  0.0, Max:  0.0, Diff:  0.0, Sum:  0.0, Workers: 4
[6.097s][debug][gc,phases      ] GC(5)     Dead                           Min: 0, Avg:  0.0, Max: 0, Diff: 0, Sum: 0, Workers: 4
[6.097s][debug][gc,phases      ] GC(5)     Total                          Min: 0, Avg:  0.0, Max: 0, Diff: 0, Sum: 0, Workers: 4
[6.098s][debug][gc,phases      ] GC(5)   StringDedup Requests1 Weak     Min:  0.0, Avg:  0.0, Max:  0.0, Diff:  0.0, Sum:  0.0, Workers: 4
[6.098s][debug][gc,phases      ] GC(5)     Dead                           Min: 0, Avg:  0.0, Max: 0, Diff: 0, Sum: 0, Workers: 4
[6.098s][debug][gc,phases      ] GC(5)     Total                          Min: 0, Avg:  0.0, Max: 0, Diff: 0, Sum: 0, Workers: 4
[6.098s][debug][gc,phases      ] GC(5)   Weak JFR Old Object Samples    Min:  0.0, Avg:  0.0, Max:  0.0, Diff:  0.0, Sum:  0.0, Workers: 4
[6.098s][debug][gc,phases      ] GC(5)     Dead                           Min: 0, Avg:  0.0, Max: 0, Diff: 0, Sum: 0, Workers: 4
[6.098s][debug][gc,phases      ] GC(5)     Total                          Min: 0, Avg:  0.0, Max: 0, Diff: 0, Sum: 0, Workers: 4
[6.098s][debug][gc,phases      ] GC(5) Weak Processing 0.389ms
[6.098s][debug][gc,phases      ] GC(5) ClassLoaderData 0.065ms
[6.098s][debug][gc,phases      ] GC(5) Trigger cleanups 0.000ms
[6.107s][debug][gc,phases      ] GC(5) Purge Unlinked NMethods 0.178ms
[6.107s][debug][gc,phases      ] GC(5) Unregister NMethods 0.013ms
[6.107s][debug][gc,phases      ] GC(5) Free Code Blobs 0.041ms
[6.107s][debug][gc,phases      ] GC(5) Class Unloading 9.147ms
[6.107s][debug][gc,phases      ] GC(5) Report Object Count 0.001ms
[6.107s][info ][gc,phases      ] GC(5) Marking Phase 50.657ms
[6.107s][info ][gc,phases,start] GC(5) Summary Phase
[6.107s][info ][gc,phases      ] GC(5) Summary Phase 0.008ms
[6.107s][info ][gc,phases,start] GC(5) Adjust Roots
[6.115s][info ][gc,phases      ] GC(5) Adjust Roots 7.887ms
[6.115s][info ][gc,phases,start] GC(5) Compaction Phase
[6.438s][info ][gc,phases      ] GC(5) Compaction Phase 323.594ms
[6.438s][info ][gc,phases,start] GC(5) Post Compact
[6.439s][debug][gc,phases      ] GC(5) Purge Class Loader Data 0.406ms
[6.439s][info ][gc,phases      ] GC(5) Post Compact 1.172ms
[6.439s][info ][gc,heap        ] GC(5) PSYoungGen: 77182K(1572864K)->76987K(1572864K) Eden: 0K(1048576K)->0K(1048576K) From: 77182K(524288K)->76987K(524288K)
[6.439s][info ][gc,heap        ] GC(5) ParOldGen: 6063K(6144K)->6028K(6144K)
[6.439s][info ][gc,metaspace   ] GC(5) Metaspace: 59103K(59776K)->59103K(59776K) NonClass: 49690K(50048K)->49690K(50048K) Class: 9413K(9728K)->9413K(9728K)
[6.440s][info ][gc             ] GC(5) Pause Full (Metadata GC Threshold) 81M->81M(1542M) 383.476ms
[6.440s][info ][gc,cpu         ] GC(5) User=0.79s Sys=0.01s Real=0.38s
[6.440s][info ][safepoint      ] Safepoint "CollectForMetadataAllocation", Time since last: 625654200 ns, Reaching safepoint: 3200 ns, Cleanup: 133509 ns, At safepoint: 433763959 ns, Total: 433900668 ns
[6.868s][info ][safepoint      ] Safepoint "ICBufferFull", Time since last: 428507393 ns, Reaching safepoint: 148110 ns, Cleanup: 149910 ns, At safepoint: 5401 ns, Total: 303421 ns
[7.054s][info ][safepoint      ] Safepoint "ICBufferFull", Time since last: 185570995 ns, Reaching safepoint: 84406 ns, Cleanup: 123509 ns, At safepoint: 10100 ns, Total: 218015 ns
[7.186s][info ][safepoint      ] Safepoint "ICBufferFull", Time since last: 131190474 ns, Reaching safepoint: 85805 ns, Cleanup: 111108 ns, At safepoint: 11501 ns, Total: 208414 ns
[7.300s][info ][safepoint      ] Safepoint "ICBufferFull", Time since last: 114168509 ns, Reaching safepoint: 4500 ns, Cleanup: 106307 ns, At safepoint: 8101 ns, Total: 118908 ns
[7.379s][info ][safepoint      ] Safepoint "ICBufferFull", Time since last: 78573374 ns, Reaching safepoint: 2900 ns, Cleanup: 110008 ns, At safepoint: 4700 ns, Total: 117608 ns
[7.594s][info ][safepoint      ] Safepoint "ICBufferFull", Time since last: 215035308 ns, Reaching safepoint: 5001 ns, Cleanup: 99006 ns, At safepoint: 7901 ns, Total: 111908 ns
[7.710s][info ][safepoint      ] Safepoint "ICBufferFull", Time since last: 116137344 ns, Reaching safepoint: 5400 ns, Cleanup: 133209 ns, At safepoint: 5901 ns, Total: 144510 ns
[7.923s][info ][safepoint      ] Safepoint "ICBufferFull", Time since last: 213167080 ns, Reaching safepoint: 80105 ns, Cleanup: 136010 ns, At safepoint: 5700 ns, Total: 221815 ns
[8.177s][info ][safepoint      ] Safepoint "ICBufferFull", Time since last: 253500239 ns, Reaching safepoint: 89206 ns, Cleanup: 133209 ns, At safepoint: 13301 ns, Total: 235716 ns
[8.454s][info ][safepoint      ] Safepoint "ICBufferFull", Time since last: 276311799 ns, Reaching safepoint: 82606 ns, Cleanup: 172912 ns, At safepoint: 7700 ns, Total: 263218 ns
[8.950s][info ][safepoint      ] Safepoint "ICBufferFull", Time since last: 496135835 ns, Reaching safepoint: 7801 ns, Cleanup: 159311 ns, At safepoint: 6400 ns, Total: 173512 ns
[9.211s][info ][safepoint      ] Safepoint "ICBufferFull", Time since last: 260857842 ns, Reaching safepoint: 83006 ns, Cleanup: 113208 ns, At safepoint: 12701 ns, Total: 208915 ns
[10.211s][info ][safepoint      ] Safepoint "Cleanup", Time since last: 1000130707 ns, Reaching safepoint: 88306 ns, Cleanup: 87406 ns, At safepoint: 15301 ns, Total: 191013 ns
[11.212s][info ][safepoint      ] Safepoint "Cleanup", Time since last: 1000119507 ns, Reaching safepoint: 87206 ns, Cleanup: 17001 ns, At safepoint: 11000 ns, Total: 115207 ns
[12.212s][info ][safepoint      ] Safepoint "Cleanup", Time since last: 1000117707 ns, Reaching safepoint: 84006 ns, Cleanup: 9700 ns, At safepoint: 10901 ns, Total: 104607 ns
[13.212s][info ][safepoint      ] Safepoint "Cleanup", Time since last: 1000117607 ns, Reaching safepoint: 85405 ns, Cleanup: 13401 ns, At safepoint: 9701 ns, Total: 108507 ns
[13.726s][info ][safepoint      ] Safepoint "ICBufferFull", Time since last: 514118065 ns, Reaching safepoint: 86206 ns, Cleanup: 130709 ns, At safepoint: 14401 ns, Total: 231316 ns
[13.944s][info ][safepoint      ] Safepoint "ICBufferFull", Time since last: 217056746 ns, Reaching safepoint: 7100 ns, Cleanup: 286420 ns, At safepoint: 7000 ns, Total: 300520 ns
[14.172s][info ][safepoint      ] Safepoint "ICBufferFull", Time since last: 227905589 ns, Reaching safepoint: 7600 ns, Cleanup: 123309 ns, At safepoint: 7100 ns, Total: 138009 ns
[15.172s][info ][safepoint      ] Safepoint "Cleanup", Time since last: 1000124466 ns, Reaching safepoint: 7700 ns, Cleanup: 54104 ns, At safepoint: 2500 ns, Total: 64304 ns
[16.172s][info ][safepoint      ] Safepoint "Cleanup", Time since last: 1000136909 ns, Reaching safepoint: 7400 ns, Cleanup: 12301 ns, At safepoint: 2200 ns, Total: 21901 ns
[17.172s][info ][safepoint      ] Safepoint "Cleanup", Time since last: 1000112507 ns, Reaching safepoint: 6700 ns, Cleanup: 18702 ns, At safepoint: 2200 ns, Total: 27602 ns
[18.766s][info ][safepoint      ] Safepoint "Cleanup", Time since last: 1593485188 ns, Reaching safepoint: 5500 ns, Cleanup: 90406 ns, At safepoint: 2300 ns, Total: 98206 ns
[19.702s][info ][safepoint      ] Safepoint "ICBufferFull", Time since last: 935826352 ns, Reaching safepoint: 6200 ns, Cleanup: 150710 ns, At safepoint: 2300 ns, Total: 159210 ns
[19.781s][info ][safepoint      ] Safepoint "ICBufferFull", Time since last: 78643206 ns, Reaching safepoint: 7801 ns, Cleanup: 135909 ns, At safepoint: 9101 ns, Total: 152811 ns
[19.855s][info ][safepoint      ] Safepoint "ICBufferFull", Time since last: 74177010 ns, Reaching safepoint: 78005 ns, Cleanup: 124108 ns, At safepoint: 7701 ns, Total: 209814 ns
[19.981s][info ][safepoint      ] Safepoint "ICBufferFull", Time since last: 125284894 ns, Reaching safepoint: 92406 ns, Cleanup: 124408 ns, At safepoint: 25002 ns, Total: 241816 ns
[20.146s][info ][safepoint      ] Safepoint "ICBufferFull", Time since last: 165260440 ns, Reaching safepoint: 7000 ns, Cleanup: 129209 ns, At safepoint: 13001 ns, Total: 149210 ns
[20.244s][info ][safepoint      ] Safepoint "ICBufferFull", Time since last: 98144197 ns, Reaching safepoint: 86106 ns, Cleanup: 127108 ns, At safepoint: 11301 ns, Total: 224515 ns
[20.416s][info ][safepoint      ] Safepoint "ICBufferFull", Time since last: 171119528 ns, Reaching safepoint: 86406 ns, Cleanup: 149809 ns, At safepoint: 10801 ns, Total: 247016 ns
[20.461s][info ][gc,start       ] GC(6) Pause Young (Metadata GC Threshold)
[20.530s][debug][gc,phases      ] GC(6) Scavenge 69.047ms
[20.530s][debug][gc,ref         ] GC(6) ReferenceProcessor::execute queues: 4, RefProcThreadModel::Multi, marks_oops_alive: false
[20.531s][debug][gc,ref         ] GC(6) Skipped KeepAliveFinalRefsPhase of Reference Processing: no references
[20.531s][debug][gc,ref         ] GC(6) ReferenceProcessor::execute queues: 4, RefProcThreadModel::Multi, marks_oops_alive: false
[20.531s][debug][gc,phases      ] GC(6) Reference Processing 1.168ms
[20.532s][debug][gc,phases      ] GC(6)   VM Weak                        Min:  0.0, Avg:  0.0, Max:  0.0, Diff:  0.0, Sum:  0.0, Workers: 4
[20.532s][debug][gc,phases      ] GC(6)     Dead                           Min: 0, Avg:  0.0, Max: 0, Diff: 0, Sum: 0, Workers: 4
[20.532s][debug][gc,phases      ] GC(6)     Total                          Min: 64, Avg: 218.2, Max: 425, Diff: 361, Sum: 873, Workers: 4
[20.532s][debug][gc,phases      ] GC(6)   ObjectSynchronizer Weak        Min:  0.0, Avg:  0.0, Max:  0.0, Diff:  0.0, Sum:  0.0, Workers: 4
[20.532s][debug][gc,phases      ] GC(6)     Dead                           Min: 0, Avg: 12.2, Max: 29, Diff: 29, Sum: 49, Workers: 4
[20.532s][debug][gc,phases      ] GC(6)     Total                          Min: 0, Avg: 23.5, Max: 64, Diff: 64, Sum: 94, Workers: 4
[20.532s][debug][gc,phases      ] GC(6)   JVMTI Tag Weak OopStorage      Min:  0.0, Avg:  0.0, Max:  0.0, Diff:  0.0, Sum:  0.0, Workers: 4
[20.532s][debug][gc,phases      ] GC(6)     Dead                           Min: 0, Avg:  0.0, Max: 0, Diff: 0, Sum: 0, Workers: 4
[20.532s][debug][gc,phases      ] GC(6)     Total                          Min: 0, Avg:  0.0, Max: 0, Diff: 0, Sum: 0, Workers: 4
[20.532s][debug][gc,phases      ] GC(6)   StringTable Weak               Min:  0.5, Avg:  0.5, Max:  0.5, Diff:  0.0, Sum:  1.8, Workers: 4
[20.532s][debug][gc,phases      ] GC(6)     Dead                           Min: 3, Avg:  9.8, Max: 14, Diff: 11, Sum: 39, Workers: 4
[20.532s][debug][gc,phases      ] GC(6)     Total                          Min: 9216, Avg: 10973.8, Max: 11895, Diff: 2679, Sum: 43895, Workers: 4
[20.532s][debug][gc,phases      ] GC(6)   ResolvedMethodTable Weak       Min:  0.2, Avg:  0.2, Max:  0.2, Diff:  0.0, Sum:  0.8, Workers: 4
[20.532s][debug][gc,phases      ] GC(6)     Dead                           Min: 1021, Avg: 1054.8, Max: 1087, Diff: 66, Sum: 4219, Workers: 4
[20.532s][debug][gc,phases      ] GC(6)     Total                          Min: 4263, Avg: 4489.8, Max: 4608, Diff: 345, Sum: 17959, Workers: 4
[20.532s][debug][gc,phases      ] GC(6)   JNI Weak                       Min:  0.0, Avg:  0.0, Max:  0.0, Diff:  0.0, Sum:  0.0, Workers: 4
[20.532s][debug][gc,phases      ] GC(6)     Dead                           Min: 0, Avg:  0.0, Max: 0, Diff: 0, Sum: 0, Workers: 4
[20.532s][debug][gc,phases      ] GC(6)     Total                          Min: 0, Avg: 17.5, Max: 48, Diff: 48, Sum: 70, Workers: 4
[20.532s][debug][gc,phases      ] GC(6)   StringDedup Table Weak         Min:  0.0, Avg:  0.0, Max:  0.0, Diff:  0.0, Sum:  0.0, Workers: 4
[20.532s][debug][gc,phases      ] GC(6)     Dead                           Min: 0, Avg:  0.0, Max: 0, Diff: 0, Sum: 0, Workers: 4
[20.532s][debug][gc,phases      ] GC(6)     Total                          Min: 0, Avg:  0.0, Max: 0, Diff: 0, Sum: 0, Workers: 4
[20.532s][debug][gc,phases      ] GC(6)   StringDedup Requests0 Weak     Min:  0.0, Avg:  0.0, Max:  0.0, Diff:  0.0, Sum:  0.0, Workers: 4
[20.532s][debug][gc,phases      ] GC(6)     Dead                           Min: 0, Avg:  0.0, Max: 0, Diff: 0, Sum: 0, Workers: 4
[20.532s][debug][gc,phases      ] GC(6)     Total                          Min: 0, Avg:  0.0, Max: 0, Diff: 0, Sum: 0, Workers: 4
[20.532s][debug][gc,phases      ] GC(6)   StringDedup Requests1 Weak     Min:  0.0, Avg:  0.0, Max:  0.0, Diff:  0.0, Sum:  0.0, Workers: 4
[20.532s][debug][gc,phases      ] GC(6)     Dead                           Min: 0, Avg:  0.0, Max: 0, Diff: 0, Sum: 0, Workers: 4
[20.532s][debug][gc,phases      ] GC(6)     Total                          Min: 0, Avg:  0.0, Max: 0, Diff: 0, Sum: 0, Workers: 4
[20.532s][debug][gc,phases      ] GC(6)   Weak JFR Old Object Samples    Min:  0.0, Avg:  0.0, Max:  0.0, Diff:  0.0, Sum:  0.0, Workers: 4
[20.532s][debug][gc,phases      ] GC(6)     Dead                           Min: 0, Avg:  0.0, Max: 0, Diff: 0, Sum: 0, Workers: 4
[20.532s][debug][gc,phases      ] GC(6)     Total                          Min: 0, Avg:  0.0, Max: 0, Diff: 0, Sum: 0, Workers: 4
[20.532s][debug][gc,phases      ] GC(6) Weak Processing 0.913ms
[20.532s][debug][gc,age         ] GC(6) Desired survivor size 536870912 bytes, new threshold 7 (max threshold 15)
[20.532s][info ][gc,heap        ] GC(6) PSYoungGen: 962392K(1572864K)->132249K(1572864K) Eden: 885404K(1048576K)->0K(1048576K) From: 76987K(524288K)->132249K(524288K)
[20.532s][info ][gc,heap        ] GC(6) ParOldGen: 6028K(6144K)->6085K(6144K)
[20.532s][info ][gc,metaspace   ] GC(6) Metaspace: 98464K(99648K)->98464K(99648K) NonClass: 83043K(83712K)->83043K(83712K) Class: 15420K(15936K)->15420K(15936K)
[20.532s][info ][gc             ] GC(6) Pause Young (Metadata GC Threshold) 945M->135M(1542M) 71.290ms
[20.532s][info ][gc,cpu         ] GC(6) User=0.20s Sys=0.06s Real=0.07s
[20.532s][debug][gc,phases      ] GC(7) Pre Compact 0.010ms
[20.532s][info ][gc,start       ] GC(7) Pause Full (Metadata GC Threshold)
[20.532s][info ][gc,phases,start] GC(7) Marking Phase
[20.591s][debug][gc,phases      ] GC(7) Par Mark 59.167ms
[20.592s][debug][gc,ref         ] GC(7) ReferenceProcessor::execute queues: 4, RefProcThreadModel::Multi, marks_oops_alive: false
[20.592s][debug][gc,ref         ] GC(7) Skipped KeepAliveFinalRefsPhase of Reference Processing: no references
[20.592s][debug][gc,ref         ] GC(7) ReferenceProcessor::execute queues: 1, RefProcThreadModel::Single, marks_oops_alive: false
[20.592s][debug][gc,phases      ] GC(7) Reference Processing 0.657ms
[20.592s][debug][gc,phases      ] GC(7)   VM Weak                        Min:  0.0, Avg:  0.0, Max:  0.0, Diff:  0.0, Sum:  0.0, Workers: 4
[20.592s][debug][gc,phases      ] GC(7)     Dead                           Min: 0, Avg:  0.2, Max: 1, Diff: 1, Sum: 1, Workers: 4
[20.592s][debug][gc,phases      ] GC(7)     Total                          Min: 0, Avg: 218.2, Max: 448, Diff: 448, Sum: 873, Workers: 4
[20.592s][debug][gc,phases      ] GC(7)   ObjectSynchronizer Weak        Min:  0.0, Avg:  0.0, Max:  0.0, Diff:  0.0, Sum:  0.0, Workers: 4
[20.592s][debug][gc,phases      ] GC(7)     Dead                           Min: 0, Avg:  0.0, Max: 0, Diff: 0, Sum: 0, Workers: 4
[20.592s][debug][gc,phases      ] GC(7)     Total                          Min: 0, Avg: 23.5, Max: 64, Diff: 64, Sum: 94, Workers: 4
[20.592s][debug][gc,phases      ] GC(7)   JVMTI Tag Weak OopStorage      Min:  0.0, Avg:  0.0, Max:  0.0, Diff:  0.0, Sum:  0.0, Workers: 4
[20.592s][debug][gc,phases      ] GC(7)     Dead                           Min: 0, Avg:  0.0, Max: 0, Diff: 0, Sum: 0, Workers: 4
[20.592s][debug][gc,phases      ] GC(7)     Total                          Min: 0, Avg:  0.0, Max: 0, Diff: 0, Sum: 0, Workers: 4
[20.592s][debug][gc,phases      ] GC(7)   StringTable Weak               Min:  0.1, Avg:  0.3, Max:  0.4, Diff:  0.2, Sum:  1.0, Workers: 4
[20.592s][debug][gc,phases      ] GC(7)     Dead                           Min: 0, Avg:  0.0, Max: 0, Diff: 0, Sum: 0, Workers: 4
[20.593s][debug][gc,phases      ] GC(7)     Total                          Min: 3200, Avg: 10973.8, Max: 16247, Diff: 13047, Sum: 43895, Workers: 4
[20.593s][debug][gc,phases      ] GC(7)   ResolvedMethodTable Weak       Min:  0.0, Avg:  0.1, Max:  0.1, Diff:  0.1, Sum:  0.2, Workers: 4
[20.593s][debug][gc,phases      ] GC(7)     Dead                           Min: 0, Avg:  0.2, Max: 1, Diff: 1, Sum: 1, Workers: 4
[20.593s][debug][gc,phases      ] GC(7)     Total                          Min: 0, Avg: 4489.8, Max: 6080, Diff: 6080, Sum: 17959, Workers: 4
[20.593s][debug][gc,phases      ] GC(7)   JNI Weak                       Min:  0.0, Avg:  0.0, Max:  0.0, Diff:  0.0, Sum:  0.0, Workers: 4
[20.593s][debug][gc,phases      ] GC(7)     Dead                           Min: 0, Avg:  0.0, Max: 0, Diff: 0, Sum: 0, Workers: 4
[20.593s][debug][gc,phases      ] GC(7)     Total                          Min: 0, Avg: 17.5, Max: 48, Diff: 48, Sum: 70, Workers: 4
[20.593s][debug][gc,phases      ] GC(7)   StringDedup Table Weak         Min:  0.0, Avg:  0.0, Max:  0.0, Diff:  0.0, Sum:  0.0, Workers: 4
[20.593s][debug][gc,phases      ] GC(7)     Dead                           Min: 0, Avg:  0.0, Max: 0, Diff: 0, Sum: 0, Workers: 4
[20.593s][debug][gc,phases      ] GC(7)     Total                          Min: 0, Avg:  0.0, Max: 0, Diff: 0, Sum: 0, Workers: 4
[20.593s][debug][gc,phases      ] GC(7)   StringDedup Requests0 Weak     Min:  0.0, Avg:  0.0, Max:  0.0, Diff:  0.0, Sum:  0.0, Workers: 4
[20.593s][debug][gc,phases      ] GC(7)     Dead                           Min: 0, Avg:  0.0, Max: 0, Diff: 0, Sum: 0, Workers: 4
[20.593s][debug][gc,phases      ] GC(7)     Total                          Min: 0, Avg:  0.0, Max: 0, Diff: 0, Sum: 0, Workers: 4
[20.593s][debug][gc,phases      ] GC(7)   StringDedup Requests1 Weak     Min:  0.0, Avg:  0.0, Max:  0.0, Diff:  0.0, Sum:  0.0, Workers: 4
[20.593s][debug][gc,phases      ] GC(7)     Dead                           Min: 0, Avg:  0.0, Max: 0, Diff: 0, Sum: 0, Workers: 4
[20.593s][debug][gc,phases      ] GC(7)     Total                          Min: 0, Avg:  0.0, Max: 0, Diff: 0, Sum: 0, Workers: 4
[20.593s][debug][gc,phases      ] GC(7)   Weak JFR Old Object Samples    Min:  0.0, Avg:  0.0, Max:  0.0, Diff:  0.0, Sum:  0.0, Workers: 4
[20.593s][debug][gc,phases      ] GC(7)     Dead                           Min: 0, Avg:  0.0, Max: 0, Diff: 0, Sum: 0, Workers: 4
[20.593s][debug][gc,phases      ] GC(7)     Total                          Min: 0, Avg:  0.0, Max: 0, Diff: 0, Sum: 0, Workers: 4
[20.593s][debug][gc,phases      ] GC(7) Weak Processing 0.604ms
[20.593s][debug][gc,phases      ] GC(7) ClassLoaderData 0.225ms
[20.593s][debug][gc,phases      ] GC(7) Trigger cleanups 0.001ms
[20.616s][debug][gc,phases      ] GC(7) Purge Unlinked NMethods 0.367ms
[20.616s][debug][gc,phases      ] GC(7) Unregister NMethods 0.098ms
[20.616s][debug][gc,phases      ] GC(7) Free Code Blobs 0.065ms
[20.625s][debug][gc,phases      ] GC(7) Class Unloading 32.409ms
[20.625s][debug][gc,phases      ] GC(7) Report Object Count 0.001ms
[20.625s][info ][gc,phases      ] GC(7) Marking Phase 92.948ms
[20.625s][info ][gc,phases,start] GC(7) Summary Phase
[20.625s][info ][gc,phases      ] GC(7) Summary Phase 0.009ms
[20.625s][info ][gc,phases,start] GC(7) Adjust Roots
[20.643s][info ][gc,phases      ] GC(7) Adjust Roots 17.534ms
[20.643s][info ][gc,phases,start] GC(7) Compaction Phase
[21.146s][info ][gc,phases      ] GC(7) Compaction Phase 503.056ms
[21.146s][info ][gc,phases,start] GC(7) Post Compact
[21.148s][debug][gc,phases      ] GC(7) Purge Class Loader Data 1.489ms
[21.149s][info ][gc,phases      ] GC(7) Post Compact 3.384ms
[21.149s][info ][gc,heap        ] GC(7) PSYoungGen: 132249K(1572864K)->131739K(1572864K) Eden: 0K(1048576K)->0K(1048576K) From: 132249K(524288K)->131739K(524288K)
[21.149s][info ][gc,heap        ] GC(7) ParOldGen: 6085K(6144K)->6066K(6144K)
[21.149s][info ][gc,metaspace   ] GC(7) Metaspace: 98464K(99648K)->98462K(99648K) NonClass: 83043K(83712K)->83042K(83712K) Class: 15420K(15936K)->15420K(15936K)
[21.149s][info ][gc             ] GC(7) Pause Full (Metadata GC Threshold) 135M->134M(1542M) 617.095ms
[21.149s][info ][gc,cpu         ] GC(7) User=1.28s Sys=0.02s Real=0.62s
[21.149s][info ][safepoint      ] Safepoint "CollectForMetadataAllocation", Time since last: 44921574 ns, Reaching safepoint: 85406 ns, Cleanup: 33502 ns, At safepoint: 688549282 ns, Total: 688668190 ns
[21.315s][info ][safepoint      ] Safepoint "ICBufferFull", Time since last: 165938385 ns, Reaching safepoint: 7400 ns, Cleanup: 154710 ns, At safepoint: 8301 ns, Total: 170411 ns
[21.457s][info ][safepoint      ] Safepoint "ICBufferFull", Time since last: 141171745 ns, Reaching safepoint: 6901 ns, Cleanup: 154110 ns, At safepoint: 7101 ns, Total: 168112 ns
[21.547s][info ][safepoint      ] Safepoint "ICBufferFull", Time since last: 90076963 ns, Reaching safepoint: 255516 ns, Cleanup: 136109 ns, At safepoint: 9901 ns, Total: 401526 ns
[21.667s][info ][safepoint      ] Safepoint "ICBufferFull", Time since last: 119417606 ns, Reaching safepoint: 5700 ns, Cleanup: 137209 ns, At safepoint: 2200 ns, Total: 145109 ns
[21.727s][info ][safepoint      ] Safepoint "ICBufferFull", Time since last: 59759155 ns, Reaching safepoint: 7601 ns, Cleanup: 163011 ns, At safepoint: 9201 ns, Total: 179813 ns
[21.868s][info ][safepoint      ] Safepoint "ICBufferFull", Time since last: 140737442 ns, Reaching safepoint: 6401 ns, Cleanup: 127909 ns, At safepoint: 8900 ns, Total: 143210 ns
[21.995s][info ][safepoint      ] Safepoint "ICBufferFull", Time since last: 127031994 ns, Reaching safepoint: 7901 ns, Cleanup: 144210 ns, At safepoint: 10600 ns, Total: 162711 ns
[22.114s][info ][safepoint      ] Safepoint "ICBufferFull", Time since last: 119421568 ns, Reaching safepoint: 8000 ns, Cleanup: 147610 ns, At safepoint: 5801 ns, Total: 161411 ns
[22.223s][info ][safepoint      ] Safepoint "ICBufferFull", Time since last: 108352501 ns, Reaching safepoint: 8000 ns, Cleanup: 144910 ns, At safepoint: 2400 ns, Total: 155310 ns
[22.471s][info ][safepoint      ] Safepoint "ICBufferFull", Time since last: 248096175 ns, Reaching safepoint: 9501 ns, Cleanup: 149610 ns, At safepoint: 2600 ns, Total: 161711 ns
[22.806s][info ][safepoint      ] Safepoint "ICBufferFull", Time since last: 334980290 ns, Reaching safepoint: 84606 ns, Cleanup: 167211 ns, At safepoint: 5701 ns, Total: 257518 ns
[23.378s][info ][safepoint      ] Safepoint "ICBufferFull", Time since last: 571509959 ns, Reaching safepoint: 88305 ns, Cleanup: 157410 ns, At safepoint: 12101 ns, Total: 257816 ns
[24.051s][info ][safepoint      ] Safepoint "ICBufferFull", Time since last: 672834667 ns, Reaching safepoint: 8201 ns, Cleanup: 143809 ns, At safepoint: 5900 ns, Total: 157910 ns
[24.464s][info ][safepoint      ] Safepoint "ICBufferFull", Time since last: 412255210 ns, Reaching safepoint: 7801 ns, Cleanup: 126108 ns, At safepoint: 7901 ns, Total: 141810 ns
[25.041s][info ][safepoint      ] Safepoint "ICBufferFull", Time since last: 577224418 ns, Reaching safepoint: 90106 ns, Cleanup: 131508 ns, At safepoint: 7301 ns, Total: 228915 ns
[25.320s][info ][safepoint      ] Safepoint "ICBufferFull", Time since last: 279016742 ns, Reaching safepoint: 6801 ns, Cleanup: 124408 ns, At safepoint: 6500 ns, Total: 137709 ns
[25.994s][info ][safepoint      ] Safepoint "ICBufferFull", Time since last: 673535412 ns, Reaching safepoint: 84705 ns, Cleanup: 153410 ns, At safepoint: 14001 ns, Total: 252116 ns
[26.360s][info ][safepoint      ] Safepoint "ICBufferFull", Time since last: 365909830 ns, Reaching safepoint: 8501 ns, Cleanup: 150509 ns, At safepoint: 2300 ns, Total: 161310 ns
[26.800s][info ][safepoint      ] Safepoint "ICBufferFull", Time since last: 439251747 ns, Reaching safepoint: 86205 ns, Cleanup: 139609 ns, At safepoint: 8701 ns, Total: 234515 ns
[27.154s][info ][safepoint      ] Safepoint "ICBufferFull", Time since last: 354606003 ns, Reaching safepoint: 83405 ns, Cleanup: 152410 ns, At safepoint: 14001 ns, Total: 249816 ns
[27.408s][info ][safepoint      ] Safepoint "ICBufferFull", Time since last: 253619609 ns, Reaching safepoint: 8200 ns, Cleanup: 117908 ns, At safepoint: 4700 ns, Total: 130808 ns
[27.574s][info ][gc,start       ] GC(8) Pause Young (Allocation Failure)
[27.668s][debug][gc,phases      ] GC(8) Scavenge 94.284ms
[27.668s][debug][gc,ref         ] GC(8) ReferenceProcessor::execute queues: 4, RefProcThreadModel::Multi, marks_oops_alive: false
[27.669s][debug][gc,ref         ] GC(8) Skipped KeepAliveFinalRefsPhase of Reference Processing: no references
[27.669s][debug][gc,ref         ] GC(8) ReferenceProcessor::execute queues: 1, RefProcThreadModel::Single, marks_oops_alive: false
[27.669s][debug][gc,phases      ] GC(8) Reference Processing 0.894ms
[27.670s][debug][gc,phases      ] GC(8)   VM Weak                        Min:  0.0, Avg:  0.0, Max:  0.0, Diff:  0.0, Sum:  0.0, Workers: 4
[27.670s][debug][gc,phases      ] GC(8)     Dead                           Min: 0, Avg:  0.0, Max: 0, Diff: 0, Sum: 0, Workers: 4
[27.670s][debug][gc,phases      ] GC(8)     Total                          Min: 128, Avg: 235.2, Max: 320, Diff: 192, Sum: 941, Workers: 4
[27.670s][debug][gc,phases      ] GC(8)   ObjectSynchronizer Weak        Min:  0.0, Avg:  0.0, Max:  0.0, Diff:  0.0, Sum:  0.0, Workers: 4
[27.670s][debug][gc,phases      ] GC(8)     Dead                           Min: 0, Avg:  0.0, Max: 0, Diff: 0, Sum: 0, Workers: 4
[27.670s][debug][gc,phases      ] GC(8)     Total                          Min: 0, Avg: 23.8, Max: 64, Diff: 64, Sum: 95, Workers: 4
[27.670s][debug][gc,phases      ] GC(8)   JVMTI Tag Weak OopStorage      Min:  0.0, Avg:  0.0, Max:  0.0, Diff:  0.0, Sum:  0.0, Workers: 4
[27.670s][debug][gc,phases      ] GC(8)     Dead                           Min: 0, Avg:  0.0, Max: 0, Diff: 0, Sum: 0, Workers: 4
[27.670s][debug][gc,phases      ] GC(8)     Total                          Min: 0, Avg:  0.0, Max: 0, Diff: 0, Sum: 0, Workers: 4
[27.670s][debug][gc,phases      ] GC(8)   StringTable Weak               Min:  0.5, Avg:  0.5, Max:  0.5, Diff:  0.0, Sum:  2.0, Workers: 4
[27.670s][debug][gc,phases      ] GC(8)     Dead                           Min: 0, Avg:  1.0, Max: 2, Diff: 2, Sum: 4, Workers: 4
[27.670s][debug][gc,phases      ] GC(8)     Total                          Min: 11030, Avg: 11157.5, Max: 11392, Diff: 362, Sum: 44630, Workers: 4
[27.670s][debug][gc,phases      ] GC(8)   ResolvedMethodTable Weak       Min:  0.2, Avg:  0.2, Max:  0.2, Diff:  0.0, Sum:  0.6, Workers: 4
[27.670s][debug][gc,phases      ] GC(8)     Dead                           Min: 21, Avg: 30.2, Max: 49, Diff: 28, Sum: 121, Workers: 4
[27.670s][debug][gc,phases      ] GC(8)     Total                          Min: 3513, Avg: 3592.8, Max: 3705, Diff: 192, Sum: 14371, Workers: 4
[27.670s][debug][gc,phases      ] GC(8)   JNI Weak                       Min:  0.0, Avg:  0.0, Max:  0.0, Diff:  0.0, Sum:  0.0, Workers: 4
[27.670s][debug][gc,phases      ] GC(8)     Dead                           Min: 0, Avg:  0.0, Max: 0, Diff: 0, Sum: 0, Workers: 4
[27.670s][debug][gc,phases      ] GC(8)     Total                          Min: 0, Avg: 17.5, Max: 48, Diff: 48, Sum: 70, Workers: 4
[27.670s][debug][gc,phases      ] GC(8)   StringDedup Table Weak         Min:  0.0, Avg:  0.0, Max:  0.0, Diff:  0.0, Sum:  0.0, Workers: 4
[27.670s][debug][gc,phases      ] GC(8)     Dead                           Min: 0, Avg:  0.0, Max: 0, Diff: 0, Sum: 0, Workers: 4
[27.670s][debug][gc,phases      ] GC(8)     Total                          Min: 0, Avg:  0.0, Max: 0, Diff: 0, Sum: 0, Workers: 4
[27.670s][debug][gc,phases      ] GC(8)   StringDedup Requests0 Weak     Min:  0.0, Avg:  0.0, Max:  0.0, Diff:  0.0, Sum:  0.0, Workers: 4
[27.670s][debug][gc,phases      ] GC(8)     Dead                           Min: 0, Avg:  0.0, Max: 0, Diff: 0, Sum: 0, Workers: 4
[27.670s][debug][gc,phases      ] GC(8)     Total                          Min: 0, Avg:  0.0, Max: 0, Diff: 0, Sum: 0, Workers: 4
[27.670s][debug][gc,phases      ] GC(8)   StringDedup Requests1 Weak     Min:  0.0, Avg:  0.0, Max:  0.0, Diff:  0.0, Sum:  0.0, Workers: 4
[27.670s][debug][gc,phases      ] GC(8)     Dead                           Min: 0, Avg:  0.0, Max: 0, Diff: 0, Sum: 0, Workers: 4
[27.670s][debug][gc,phases      ] GC(8)     Total                          Min: 0, Avg:  0.0, Max: 0, Diff: 0, Sum: 0, Workers: 4
[27.670s][debug][gc,phases      ] GC(8)   Weak JFR Old Object Samples    Min:  0.0, Avg:  0.0, Max:  0.0, Diff:  0.0, Sum:  0.0, Workers: 4
[27.670s][debug][gc,phases      ] GC(8)     Dead                           Min: 0, Avg:  0.0, Max: 0, Diff: 0, Sum: 0, Workers: 4
[27.670s][debug][gc,phases      ] GC(8)     Total                          Min: 0, Avg:  0.0, Max: 0, Diff: 0, Sum: 0, Workers: 4
[27.670s][debug][gc,phases      ] GC(8) Weak Processing 0.893ms
[27.670s][debug][gc,age         ] GC(8) Desired survivor size 204472320 bytes, new threshold 6 (max threshold 15)
[27.670s][info ][gc,heap        ] GC(8) PSYoungGen: 1180315K(1572864K)->182073K(1572864K) Eden: 1048576K(1048576K)->0K(1048576K) From: 131739K(524288K)->182073K(524288K)
[27.670s][info ][gc,heap        ] GC(8) ParOldGen: 6066K(6144K)->6111K(6144K)
[27.670s][info ][gc,metaspace   ] GC(8) Metaspace: 101626K(102848K)->101626K(102848K) NonClass: 85964K(86656K)->85964K(86656K) Class: 15661K(16192K)->15661K(16192K)
[27.670s][info ][gc             ] GC(8) Pause Young (Allocation Failure) 1158M->183M(1542M) 96.230ms
[27.670s][info ][gc,cpu         ] GC(8) User=0.30s Sys=0.02s Real=0.10s
[27.670s][info ][safepoint      ] Safepoint "ParallelGCFailedAllocation", Time since last: 165592449 ns, Reaching safepoint: 86905 ns, Cleanup: 58104 ns, At safepoint: 96320294 ns, Total: 96465303 ns
[28.419s][info ][safepoint      ] Safepoint "ICBufferFull", Time since last: 748164811 ns, Reaching safepoint: 698145 ns, Cleanup: 192912 ns, At safepoint: 8501 ns, Total: 899558 ns
[29.282s][info ][safepoint      ] Safepoint "ICBufferFull", Time since last: 862600891 ns, Reaching safepoint: 12701 ns, Cleanup: 158810 ns, At safepoint: 2601 ns, Total: 174112 ns
[30.282s][info ][safepoint      ] Safepoint "Cleanup", Time since last: 1000129139 ns, Reaching safepoint: 8201 ns, Cleanup: 173212 ns, At safepoint: 5900 ns, Total: 187313 ns
[31.285s][info ][safepoint      ] Safepoint "Cleanup", Time since last: 1000102239 ns, Reaching safepoint: 2819680 ns, Cleanup: 175112 ns, At safepoint: 8700 ns, Total: 3003492 ns
[31.912s][info ][safepoint      ] Safepoint "ICBufferFull", Time since last: 626920210 ns, Reaching safepoint: 6301 ns, Cleanup: 125208 ns, At safepoint: 7900 ns, Total: 139409 ns
[32.644s][info ][gc,start       ] GC(9) Pause Young (Allocation Failure)
[32.752s][debug][gc,phases      ] GC(9) Scavenge 107.480ms
[32.752s][debug][gc,ref         ] GC(9) ReferenceProcessor::execute queues: 4, RefProcThreadModel::Multi, marks_oops_alive: false
[32.753s][debug][gc,ref         ] GC(9) Skipped KeepAliveFinalRefsPhase of Reference Processing: no references
[32.753s][debug][gc,ref         ] GC(9) ReferenceProcessor::execute queues: 1, RefProcThreadModel::Single, marks_oops_alive: false
[32.753s][debug][gc,phases      ] GC(9) Reference Processing 1.102ms
[32.753s][debug][gc,phases      ] GC(9)   VM Weak                        Min:  0.0, Avg:  0.0, Max:  0.0, Diff:  0.0, Sum:  0.0, Workers: 4
[32.753s][debug][gc,phases      ] GC(9)     Dead                           Min: 0, Avg:  0.0, Max: 0, Diff: 0, Sum: 0, Workers: 4
[32.753s][debug][gc,phases      ] GC(9)     Total                          Min: 53, Avg: 237.2, Max: 384, Diff: 331, Sum: 949, Workers: 4
[32.753s][debug][gc,phases      ] GC(9)   ObjectSynchronizer Weak        Min:  0.0, Avg:  0.0, Max:  0.0, Diff:  0.0, Sum:  0.0, Workers: 4
[32.753s][debug][gc,phases      ] GC(9)     Dead                           Min: 0, Avg:  0.0, Max: 0, Diff: 0, Sum: 0, Workers: 4
[32.753s][debug][gc,phases      ] GC(9)     Total                          Min: 0, Avg: 23.8, Max: 64, Diff: 64, Sum: 95, Workers: 4
[32.753s][debug][gc,phases      ] GC(9)   JVMTI Tag Weak OopStorage      Min:  0.0, Avg:  0.0, Max:  0.0, Diff:  0.0, Sum:  0.0, Workers: 4
[32.753s][debug][gc,phases      ] GC(9)     Dead                           Min: 0, Avg:  0.0, Max: 0, Diff: 0, Sum: 0, Workers: 4
[32.753s][debug][gc,phases      ] GC(9)     Total                          Min: 0, Avg:  0.0, Max: 0, Diff: 0, Sum: 0, Workers: 4
[32.753s][debug][gc,phases      ] GC(9)   StringTable Weak               Min:  0.4, Avg:  0.4, Max:  0.4, Diff:  0.0, Sum:  1.7, Workers: 4
[32.753s][debug][gc,phases      ] GC(9)     Dead                           Min: 0, Avg:  0.8, Max: 2, Diff: 2, Sum: 3, Workers: 4
[32.753s][debug][gc,phases      ] GC(9)     Total                          Min: 10176, Avg: 11242.8, Max: 12224, Diff: 2048, Sum: 44971, Workers: 4
[32.753s][debug][gc,phases      ] GC(9)   ResolvedMethodTable Weak       Min:  0.1, Avg:  0.1, Max:  0.2, Diff:  0.0, Sum:  0.6, Workers: 4
[32.753s][debug][gc,phases      ] GC(9)     Dead                           Min: 0, Avg: 11.8, Max: 23, Diff: 23, Sum: 47, Workers: 4
[32.753s][debug][gc,phases      ] GC(9)     Total                          Min: 3541, Avg: 3624.2, Max: 3691, Diff: 150, Sum: 14497, Workers: 4
[32.753s][debug][gc,phases      ] GC(9)   JNI Weak                       Min:  0.0, Avg:  0.0, Max:  0.0, Diff:  0.0, Sum:  0.0, Workers: 4
[32.753s][debug][gc,phases      ] GC(9)     Dead                           Min: 0, Avg:  0.0, Max: 0, Diff: 0, Sum: 0, Workers: 4
[32.753s][debug][gc,phases      ] GC(9)     Total                          Min: 0, Avg: 15.2, Max: 48, Diff: 48, Sum: 61, Workers: 4
[32.753s][debug][gc,phases      ] GC(9)   StringDedup Table Weak         Min:  0.0, Avg:  0.0, Max:  0.0, Diff:  0.0, Sum:  0.0, Workers: 4
[32.753s][debug][gc,phases      ] GC(9)     Dead                           Min: 0, Avg:  0.0, Max: 0, Diff: 0, Sum: 0, Workers: 4
[32.753s][debug][gc,phases      ] GC(9)     Total                          Min: 0, Avg:  0.0, Max: 0, Diff: 0, Sum: 0, Workers: 4
[32.754s][debug][gc,phases      ] GC(9)   StringDedup Requests0 Weak     Min:  0.0, Avg:  0.0, Max:  0.0, Diff:  0.0, Sum:  0.0, Workers: 4
[32.754s][debug][gc,phases      ] GC(9)     Dead                           Min: 0, Avg:  0.0, Max: 0, Diff: 0, Sum: 0, Workers: 4
[32.754s][debug][gc,phases      ] GC(9)     Total                          Min: 0, Avg:  0.0, Max: 0, Diff: 0, Sum: 0, Workers: 4
[32.754s][debug][gc,phases      ] GC(9)   StringDedup Requests1 Weak     Min:  0.0, Avg:  0.0, Max:  0.0, Diff:  0.0, Sum:  0.0, Workers: 4
[32.754s][debug][gc,phases      ] GC(9)     Dead                           Min: 0, Avg:  0.0, Max: 0, Diff: 0, Sum: 0, Workers: 4
[32.754s][debug][gc,phases      ] GC(9)     Total                          Min: 0, Avg:  0.0, Max: 0, Diff: 0, Sum: 0, Workers: 4
[32.754s][debug][gc,phases      ] GC(9)   Weak JFR Old Object Samples    Min:  0.0, Avg:  0.0, Max:  0.0, Diff:  0.0, Sum:  0.0, Workers: 4
[32.754s][debug][gc,phases      ] GC(9)     Dead                           Min: 0, Avg:  0.0, Max: 0, Diff: 0, Sum: 0, Workers: 4
[32.754s][debug][gc,phases      ] GC(9)     Total                          Min: 0, Avg:  0.0, Max: 0, Diff: 0, Sum: 0, Workers: 4
[32.754s][debug][gc,phases      ] GC(9) Weak Processing 0.812ms
[32.754s][debug][gc,age         ] GC(9) Desired survivor size 253755392 bytes, new threshold 5 (max threshold 15)
[32.754s][info ][gc,heap        ] GC(9) PSYoungGen: 1230649K(1572864K)->199650K(1801216K) Eden: 1048576K(1048576K)->0K(1601536K) From: 182073K(524288K)->199650K(199680K)
[32.754s][info ][gc,heap        ] GC(9) ParOldGen: 6111K(6144K)->17415K(17920K)
[32.754s][info ][gc,metaspace   ] GC(9) Metaspace: 102304K(103552K)->102304K(103552K) NonClass: 86593K(87296K)->86593K(87296K) Class: 15711K(16256K)->15711K(16256K)
[32.754s][info ][gc             ] GC(9) Pause Young (Allocation Failure) 1207M->211M(1776M) 109.543ms
[32.754s][info ][gc,cpu         ] GC(9) User=0.32s Sys=0.06s Real=0.10s
[32.754s][info ][safepoint      ] Safepoint "ParallelGCFailedAllocation", Time since last: 731386510 ns, Reaching safepoint: 9501 ns, Cleanup: 132108 ns, At safepoint: 109629132 ns, Total: 109770741 ns
[33.732s][info ][safepoint      ] Safepoint "ICBufferFull", Time since last: 978054631 ns, Reaching safepoint: 7101 ns, Cleanup: 155410 ns, At safepoint: 2600 ns, Total: 165111 ns
[34.030s][info ][safepoint      ] Safepoint "ICBufferFull", Time since last: 297952710 ns, Reaching safepoint: 6200 ns, Cleanup: 140610 ns, At safepoint: 8300 ns, Total: 155110 ns
[34.713s][info ][safepoint      ] Safepoint "ICBufferFull", Time since last: 682368466 ns, Reaching safepoint: 7201 ns, Cleanup: 147609 ns, At safepoint: 12301 ns, Total: 167111 ns
[34.713s][info ][safepoint      ] Safepoint "ICBufferFull", Time since last: 53303 ns, Reaching safepoint: 76305 ns, Cleanup: 1801 ns, At safepoint: 11200 ns, Total: 89306 ns
[34.718s][info ][safepoint      ] Safepoint "ICBufferFull", Time since last: 5313641 ns, Reaching safepoint: 85406 ns, Cleanup: 7500 ns, At safepoint: 19001 ns, Total: 111907 ns
[35.718s][info ][safepoint      ] Safepoint "Cleanup", Time since last: 1000139548 ns, Reaching safepoint: 96406 ns, Cleanup: 133409 ns, At safepoint: 13101 ns, Total: 242916 ns
[36.719s][info ][safepoint      ] Safepoint "Cleanup", Time since last: 1000119546 ns, Reaching safepoint: 77805 ns, Cleanup: 83905 ns, At safepoint: 6301 ns, Total: 168011 ns
[37.719s][info ][safepoint      ] Safepoint "Cleanup", Time since last: 1000114691 ns, Reaching safepoint: 81605 ns, Cleanup: 82806 ns, At safepoint: 6900 ns, Total: 171311 ns
[38.719s][info ][safepoint      ] Safepoint "Cleanup", Time since last: 1000115305 ns, Reaching safepoint: 77805 ns, Cleanup: 40203 ns, At safepoint: 6901 ns, Total: 124909 ns
[39.720s][info ][safepoint      ] Safepoint "Cleanup", Time since last: 1000116259 ns, Reaching safepoint: 86606 ns, Cleanup: 44303 ns, At safepoint: 11001 ns, Total: 141910 ns
[40.720s][info ][safepoint      ] Safepoint "Cleanup", Time since last: 1000137273 ns, Reaching safepoint: 83906 ns, Cleanup: 30302 ns, At safepoint: 7700 ns, Total: 121908 ns
[41.720s][info ][safepoint      ] Safepoint "Cleanup", Time since last: 1000137474 ns, Reaching safepoint: 83205 ns, Cleanup: 50704 ns, At safepoint: 8400 ns, Total: 142309 ns
[42.720s][info ][safepoint      ] Safepoint "Cleanup", Time since last: 1000130573 ns, Reaching safepoint: 80906 ns, Cleanup: 60904 ns, At safepoint: 7400 ns, Total: 149210 ns
[42.727s][info ][gc,start       ] GC(10) Pause Young (Allocation Failure)
[42.821s][debug][gc,phases      ] GC(10) Scavenge 93.873ms
[42.821s][debug][gc,ref         ] GC(10) ReferenceProcessor::execute queues: 4, RefProcThreadModel::Multi, marks_oops_alive: false
[42.822s][debug][gc,ref         ] GC(10) Skipped KeepAliveFinalRefsPhase of Reference Processing: no references
[42.822s][debug][gc,ref         ] GC(10) ReferenceProcessor::execute queues: 1, RefProcThreadModel::Single, marks_oops_alive: false
[42.822s][debug][gc,phases      ] GC(10) Reference Processing 0.550ms
[42.823s][debug][gc,phases      ] GC(10)   VM Weak                        Min:  0.0, Avg:  0.0, Max:  0.0, Diff:  0.0, Sum:  0.0, Workers: 4
[42.823s][debug][gc,phases      ] GC(10)     Dead                           Min: 0, Avg:  0.0, Max: 0, Diff: 0, Sum: 0, Workers: 4
[42.823s][debug][gc,phases      ] GC(10)     Total                          Min: 64, Avg: 238.5, Max: 384, Diff: 320, Sum: 954, Workers: 4
[42.823s][debug][gc,phases      ] GC(10)   ObjectSynchronizer Weak        Min:  0.0, Avg:  0.0, Max:  0.0, Diff:  0.0, Sum:  0.0, Workers: 4
[42.823s][debug][gc,phases      ] GC(10)     Dead                           Min: 0, Avg:  0.0, Max: 0, Diff: 0, Sum: 0, Workers: 4
[42.823s][debug][gc,phases      ] GC(10)     Total                          Min: 0, Avg: 23.8, Max: 64, Diff: 64, Sum: 95, Workers: 4
[42.823s][debug][gc,phases      ] GC(10)   JVMTI Tag Weak OopStorage      Min:  0.0, Avg:  0.0, Max:  0.0, Diff:  0.0, Sum:  0.0, Workers: 4
[42.823s][debug][gc,phases      ] GC(10)     Dead                           Min: 0, Avg:  0.0, Max: 0, Diff: 0, Sum: 0, Workers: 4
[42.823s][debug][gc,phases      ] GC(10)     Total                          Min: 0, Avg:  0.0, Max: 0, Diff: 0, Sum: 0, Workers: 4
[42.823s][debug][gc,phases      ] GC(10)   StringTable Weak               Min:  0.6, Avg:  0.6, Max:  0.6, Diff:  0.0, Sum:  2.3, Workers: 4
[42.823s][debug][gc,phases      ] GC(10)     Dead                           Min: 0, Avg:  0.8, Max: 2, Diff: 2, Sum: 3, Workers: 4
[42.823s][debug][gc,phases      ] GC(10)     Total                          Min: 10944, Avg: 11288.8, Max: 11520, Diff: 576, Sum: 45155, Workers: 4
[42.823s][debug][gc,phases      ] GC(10)   ResolvedMethodTable Weak       Min:  0.2, Avg:  0.2, Max:  0.2, Diff:  0.0, Sum:  0.7, Workers: 4
[42.823s][debug][gc,phases      ] GC(10)     Dead                           Min: 0, Avg:  2.0, Max: 6, Diff: 6, Sum: 8, Workers: 4
[42.823s][debug][gc,phases      ] GC(10)     Total                          Min: 3434, Avg: 3636.2, Max: 3818, Diff: 384, Sum: 14545, Workers: 4
[42.823s][debug][gc,phases      ] GC(10)   JNI Weak                       Min:  0.0, Avg:  0.0, Max:  0.0, Diff:  0.0, Sum:  0.0, Workers: 4
[42.823s][debug][gc,phases      ] GC(10)     Dead                           Min: 0, Avg:  0.0, Max: 0, Diff: 0, Sum: 0, Workers: 4
[42.823s][debug][gc,phases      ] GC(10)     Total                          Min: 0, Avg: 13.0, Max: 48, Diff: 48, Sum: 52, Workers: 4
[42.823s][debug][gc,phases      ] GC(10)   StringDedup Table Weak         Min:  0.0, Avg:  0.0, Max:  0.0, Diff:  0.0, Sum:  0.0, Workers: 4
[42.823s][debug][gc,phases      ] GC(10)     Dead                           Min: 0, Avg:  0.0, Max: 0, Diff: 0, Sum: 0, Workers: 4
[42.823s][debug][gc,phases      ] GC(10)     Total                          Min: 0, Avg:  0.0, Max: 0, Diff: 0, Sum: 0, Workers: 4
[42.823s][debug][gc,phases      ] GC(10)   StringDedup Requests0 Weak     Min:  0.0, Avg:  0.0, Max:  0.0, Diff:  0.0, Sum:  0.0, Workers: 4
[42.823s][debug][gc,phases      ] GC(10)     Dead                           Min: 0, Avg:  0.0, Max: 0, Diff: 0, Sum: 0, Workers: 4
[42.823s][debug][gc,phases      ] GC(10)     Total                          Min: 0, Avg:  0.0, Max: 0, Diff: 0, Sum: 0, Workers: 4
[42.823s][debug][gc,phases      ] GC(10)   StringDedup Requests1 Weak     Min:  0.0, Avg:  0.0, Max:  0.0, Diff:  0.0, Sum:  0.0, Workers: 4
[42.823s][debug][gc,phases      ] GC(10)     Dead                           Min: 0, Avg:  0.0, Max: 0, Diff: 0, Sum: 0, Workers: 4
[42.823s][debug][gc,phases      ] GC(10)     Total                          Min: 0, Avg:  0.0, Max: 0, Diff: 0, Sum: 0, Workers: 4
[42.823s][debug][gc,phases      ] GC(10)   Weak JFR Old Object Samples    Min:  0.0, Avg:  0.0, Max:  0.0, Diff:  0.0, Sum:  0.0, Workers: 4
[42.823s][debug][gc,phases      ] GC(10)     Dead                           Min: 0, Avg:  0.0, Max: 0, Diff: 0, Sum: 0, Workers: 4
[42.823s][debug][gc,phases      ] GC(10)     Total                          Min: 0, Avg:  0.0, Max: 0, Diff: 0, Sum: 0, Workers: 4
[42.823s][debug][gc,phases      ] GC(10) Weak Processing 1.005ms
[42.823s][debug][gc,age         ] GC(10) Desired survivor size 250609664 bytes, new threshold 4 (max threshold 15)
[42.823s][info ][gc,heap        ] GC(10) PSYoungGen: 1801186K(1801216K)->146063K(1849344K) Eden: 1601536K(1601536K)->0K(1601536K) From: 199650K(199680K)->146063K(247808K)
[42.823s][info ][gc,heap        ] GC(10) ParOldGen: 17415K(17920K)->71699K(72192K)
[42.823s][info ][gc,metaspace   ] GC(10) Metaspace: 102876K(104128K)->102876K(104128K) NonClass: 87139K(87808K)->87139K(87808K) Class: 15736K(16320K)->15736K(16320K)
[42.823s][info ][gc             ] GC(10) Pause Young (Allocation Failure) 1775M->212M(1876M) 95.566ms
[42.823s][info ][gc,cpu         ] GC(10) User=0.26s Sys=0.07s Real=0.10s
[42.823s][info ][safepoint      ] Safepoint "ParallelGCFailedAllocation", Time since last: 6836468 ns, Reaching safepoint: 2901 ns, Cleanup: 1700 ns, At safepoint: 95643748 ns, Total: 95648349 ns
[43.823s][info ][safepoint      ] Safepoint "Cleanup", Time since last: 1000087370 ns, Reaching safepoint: 77905 ns, Cleanup: 23702 ns, At safepoint: 6000 ns, Total: 107607 ns
[44.823s][info ][safepoint      ] Safepoint "Cleanup", Time since last: 1000113972 ns, Reaching safepoint: 78805 ns, Cleanup: 43103 ns, At safepoint: 6401 ns, Total: 128309 ns
[45.824s][info ][safepoint      ] Safepoint "Cleanup", Time since last: 1000105271 ns, Reaching safepoint: 79405 ns, Cleanup: 30002 ns, At safepoint: 7001 ns, Total: 116408 ns
[46.824s][info ][safepoint      ] Safepoint "Cleanup", Time since last: 1000106071 ns, Reaching safepoint: 81705 ns, Cleanup: 19102 ns, At safepoint: 8600 ns, Total: 109407 ns
[47.824s][info ][safepoint      ] Safepoint "Cleanup", Time since last: 1000123597 ns, Reaching safepoint: 79005 ns, Cleanup: 13601 ns, At safepoint: 6101 ns, Total: 98707 ns
[48.824s][info ][safepoint      ] Safepoint "Cleanup", Time since last: 1000123168 ns, Reaching safepoint: 79606 ns, Cleanup: 56503 ns, At safepoint: 7801 ns, Total: 143910 ns
[49.824s][info ][safepoint      ] Safepoint "Cleanup", Time since last: 1000115868 ns, Reaching safepoint: 6700 ns, Cleanup: 52704 ns, At safepoint: 2200 ns, Total: 61604 ns
[50.825s][info ][safepoint      ] Safepoint "Cleanup", Time since last: 1000148470 ns, Reaching safepoint: 82406 ns, Cleanup: 33202 ns, At safepoint: 8401 ns, Total: 124009 ns
[51.825s][info ][safepoint      ] Safepoint "Cleanup", Time since last: 1000115967 ns, Reaching safepoint: 79306 ns, Cleanup: 22201 ns, At safepoint: 7101 ns, Total: 108608 ns
[52.825s][info ][safepoint      ] Safepoint "Cleanup", Time since last: 1000133269 ns, Reaching safepoint: 84306 ns, Cleanup: 55303 ns, At safepoint: 8201 ns, Total: 147810 ns
[53.825s][info ][safepoint      ] Safepoint "Cleanup", Time since last: 1000120668 ns, Reaching safepoint: 6501 ns, Cleanup: 56803 ns, At safepoint: 2901 ns, Total: 66205 ns
[54.826s][info ][safepoint      ] Safepoint "Cleanup", Time since last: 1000126768 ns, Reaching safepoint: 9101 ns, Cleanup: 37002 ns, At safepoint: 8101 ns, Total: 54204 ns
[55.826s][info ][safepoint      ] Safepoint "Cleanup", Time since last: 1000150156 ns, Reaching safepoint: 86506 ns, Cleanup: 22701 ns, At safepoint: 9701 ns, Total: 118908 ns
[56.826s][info ][safepoint      ] Safepoint "Cleanup", Time since last: 1000129042 ns, Reaching safepoint: 7000 ns, Cleanup: 54804 ns, At safepoint: 2900 ns, Total: 64704 ns
[57.826s][info ][safepoint      ] Safepoint "Cleanup", Time since last: 1000120941 ns, Reaching safepoint: 7801 ns, Cleanup: 57904 ns, At safepoint: 8200 ns, Total: 73905 ns
[58.826s][info ][safepoint      ] Safepoint "Cleanup", Time since last: 1000115641 ns, Reaching safepoint: 21501 ns, Cleanup: 23702 ns, At safepoint: 2700 ns, Total: 47903 ns
[59.826s][info ][safepoint      ] Safepoint "Cleanup", Time since last: 1000110641 ns, Reaching safepoint: 5200 ns, Cleanup: 20901 ns, At safepoint: 2200 ns, Total: 28301 ns
[61.047s][info ][safepoint      ] Safepoint "Cleanup", Time since last: 1220866960 ns, Reaching safepoint: 8300 ns, Cleanup: 23002 ns, At safepoint: 2800 ns, Total: 34102 ns
[62.048s][info ][safepoint      ] Safepoint "Cleanup", Time since last: 1000130442 ns, Reaching safepoint: 9000 ns, Cleanup: 30602 ns, At safepoint: 2701 ns, Total: 42303 ns
[62.073s][info ][gc,start       ] GC(11) Pause Young (Allocation Failure)
[62.150s][debug][gc,phases      ] GC(11) Scavenge 76.991ms
[62.150s][debug][gc,ref         ] GC(11) ReferenceProcessor::execute queues: 1, RefProcThreadModel::Single, marks_oops_alive: false
[62.150s][debug][gc,ref         ] GC(11) Skipped KeepAliveFinalRefsPhase of Reference Processing: no references
[62.150s][debug][gc,ref         ] GC(11) ReferenceProcessor::execute queues: 1, RefProcThreadModel::Single, marks_oops_alive: false
[62.150s][debug][gc,phases      ] GC(11) Reference Processing 0.162ms
[62.151s][debug][gc,phases      ] GC(11)   VM Weak                        Min:  0.0, Avg:  0.0, Max:  0.0, Diff:  0.0, Sum:  0.0, Workers: 4
[62.151s][debug][gc,phases      ] GC(11)     Dead                           Min: 0, Avg:  0.0, Max: 0, Diff: 0, Sum: 0, Workers: 4
[62.151s][debug][gc,phases      ] GC(11)     Total                          Min: 0, Avg: 238.5, Max: 570, Diff: 570, Sum: 954, Workers: 4
[62.151s][debug][gc,phases      ] GC(11)   ObjectSynchronizer Weak        Min:  0.0, Avg:  0.0, Max:  0.0, Diff:  0.0, Sum:  0.0, Workers: 4
[62.151s][debug][gc,phases      ] GC(11)     Dead                           Min: 0, Avg:  0.0, Max: 0, Diff: 0, Sum: 0, Workers: 4
[62.151s][debug][gc,phases      ] GC(11)     Total                          Min: 0, Avg:  0.8, Max: 3, Diff: 3, Sum: 3, Workers: 4
[62.151s][debug][gc,phases      ] GC(11)   JVMTI Tag Weak OopStorage      Min:  0.0, Avg:  0.0, Max:  0.0, Diff:  0.0, Sum:  0.0, Workers: 4
[62.151s][debug][gc,phases      ] GC(11)     Dead                           Min: 0, Avg:  0.0, Max: 0, Diff: 0, Sum: 0, Workers: 4
[62.151s][debug][gc,phases      ] GC(11)     Total                          Min: 0, Avg:  0.0, Max: 0, Diff: 0, Sum: 0, Workers: 4
[62.151s][debug][gc,phases      ] GC(11)   StringTable Weak               Min:  0.0, Avg:  0.3, Max:  0.4, Diff:  0.4, Sum:  1.3, Workers: 4
[62.151s][debug][gc,phases      ] GC(11)     Dead                           Min: 0, Avg:  0.5, Max: 2, Diff: 2, Sum: 2, Workers: 4
[62.151s][debug][gc,phases      ] GC(11)     Total                          Min: 0, Avg: 11308.2, Max: 17664, Diff: 17664, Sum: 45233, Workers: 4
[62.151s][debug][gc,phases      ] GC(11)   ResolvedMethodTable Weak       Min:  0.1, Avg:  0.1, Max:  0.1, Diff:  0.0, Sum:  0.5, Workers: 4
[62.151s][debug][gc,phases      ] GC(11)     Dead                           Min: 0, Avg:  5.8, Max: 23, Diff: 23, Sum: 23, Workers: 4
[62.151s][debug][gc,phases      ] GC(11)     Total                          Min: 2987, Avg: 3640.2, Max: 4035, Diff: 1048, Sum: 14561, Workers: 4
[62.151s][debug][gc,phases      ] GC(11)   JNI Weak                       Min:  0.0, Avg:  0.0, Max:  0.0, Diff:  0.0, Sum:  0.0, Workers: 4
[62.151s][debug][gc,phases      ] GC(11)     Dead                           Min: 0, Avg:  0.0, Max: 0, Diff: 0, Sum: 0, Workers: 4
[62.151s][debug][gc,phases      ] GC(11)     Total                          Min: 0, Avg: 13.0, Max: 52, Diff: 52, Sum: 52, Workers: 4
[62.151s][debug][gc,phases      ] GC(11)   StringDedup Table Weak         Min:  0.0, Avg:  0.0, Max:  0.0, Diff:  0.0, Sum:  0.0, Workers: 4
[62.151s][debug][gc,phases      ] GC(11)     Dead                           Min: 0, Avg:  0.0, Max: 0, Diff: 0, Sum: 0, Workers: 4
[62.151s][debug][gc,phases      ] GC(11)     Total                          Min: 0, Avg:  0.0, Max: 0, Diff: 0, Sum: 0, Workers: 4
[62.151s][debug][gc,phases      ] GC(11)   StringDedup Requests0 Weak     Min:  0.0, Avg:  0.0, Max:  0.0, Diff:  0.0, Sum:  0.0, Workers: 4
[62.151s][debug][gc,phases      ] GC(11)     Dead                           Min: 0, Avg:  0.0, Max: 0, Diff: 0, Sum: 0, Workers: 4
[62.151s][debug][gc,phases      ] GC(11)     Total                          Min: 0, Avg:  0.0, Max: 0, Diff: 0, Sum: 0, Workers: 4
[62.151s][debug][gc,phases      ] GC(11)   StringDedup Requests1 Weak     Min:  0.0, Avg:  0.0, Max:  0.0, Diff:  0.0, Sum:  0.0, Workers: 4
[62.151s][debug][gc,phases      ] GC(11)     Dead                           Min: 0, Avg:  0.0, Max: 0, Diff: 0, Sum: 0, Workers: 4
[62.151s][debug][gc,phases      ] GC(11)     Total                          Min: 0, Avg:  0.0, Max: 0, Diff: 0, Sum: 0, Workers: 4
[62.151s][debug][gc,phases      ] GC(11)   Weak JFR Old Object Samples    Min:  0.0, Avg:  0.0, Max:  0.0, Diff:  0.0, Sum:  0.0, Workers: 4
[62.151s][debug][gc,phases      ] GC(11)     Dead                           Min: 0, Avg:  0.0, Max: 0, Diff: 0, Sum: 0, Workers: 4
[62.151s][debug][gc,phases      ] GC(11)     Total                          Min: 0, Avg:  0.0, Max: 0, Diff: 0, Sum: 0, Workers: 4
[62.151s][debug][gc,phases      ] GC(11) Weak Processing 0.840ms
[62.151s][debug][gc,age         ] GC(11) Desired survivor size 244318208 bytes, new threshold 3 (max threshold 15)
[62.151s][info ][gc,heap        ] GC(11) PSYoungGen: 1747599K(1849344K)->72641K(1858560K) Eden: 1601536K(1601536K)->0K(1613824K) From: 146063K(247808K)->72641K(244736K)
[62.151s][info ][gc,heap        ] GC(11) ParOldGen: 71699K(72192K)->146185K(146432K)
[62.151s][info ][gc,metaspace   ] GC(11) Metaspace: 103076K(104320K)->103076K(104320K) NonClass: 87329K(88000K)->87329K(88000K) Class: 15747K(16320K)->15747K(16320K)
[62.151s][info ][gc             ] GC(11) Pause Young (Allocation Failure) 1776M->213M(1958M) 78.142ms
[62.151s][info ][gc,cpu         ] GC(11) User=0.24s Sys=0.04s Real=0.08s
[62.151s][info ][safepoint      ] Safepoint "ParallelGCFailedAllocation", Time since last: 25013501 ns, Reaching safepoint: 6701 ns, Cleanup: 4000 ns, At safepoint: 78227322 ns, Total: 78238023 ns
[63.151s][info ][safepoint      ] Safepoint "Cleanup", Time since last: 1000103651 ns, Reaching safepoint: 8800 ns, Cleanup: 44703 ns, At safepoint: 3100 ns, Total: 56603 ns
[64.151s][info ][safepoint      ] Safepoint "Cleanup", Time since last: 1000116690 ns, Reaching safepoint: 7701 ns, Cleanup: 16201 ns, At safepoint: 2900 ns, Total: 26802 ns
[65.151s][info ][safepoint      ] Safepoint "Cleanup", Time since last: 1000122090 ns, Reaching safepoint: 8001 ns, Cleanup: 18701 ns, At safepoint: 2700 ns, Total: 29402 ns
[66.151s][info ][safepoint      ] Safepoint "Cleanup", Time since last: 1000145292 ns, Reaching safepoint: 8900 ns, Cleanup: 47604 ns, At safepoint: 2700 ns, Total: 59204 ns
[67.152s][info ][safepoint      ] Safepoint "Cleanup", Time since last: 1000130390 ns, Reaching safepoint: 6901 ns, Cleanup: 35302 ns, At safepoint: 2601 ns, Total: 44804 ns
[68.152s][info ][safepoint      ] Safepoint "Cleanup", Time since last: 1000121390 ns, Reaching safepoint: 7600 ns, Cleanup: 14701 ns, At safepoint: 2400 ns, Total: 24701 ns
[69.152s][info ][safepoint      ] Safepoint "Cleanup", Time since last: 1000112390 ns, Reaching safepoint: 7800 ns, Cleanup: 40803 ns, At safepoint: 2900 ns, Total: 51503 ns
[70.152s][info ][safepoint      ] Safepoint "Cleanup", Time since last: 1000119090 ns, Reaching safepoint: 7501 ns, Cleanup: 38302 ns, At safepoint: 2700 ns, Total: 48503 ns
[71.152s][info ][safepoint      ] Safepoint "Cleanup", Time since last: 1000137068 ns, Reaching safepoint: 9201 ns, Cleanup: 44403 ns, At safepoint: 2900 ns, Total: 56504 ns
[72.152s][info ][safepoint      ] Safepoint "Cleanup", Time since last: 1000124048 ns, Reaching safepoint: 7301 ns, Cleanup: 20201 ns, At safepoint: 2800 ns, Total: 30302 ns
[73.153s][info ][safepoint      ] Safepoint "Cleanup", Time since last: 1000124649 ns, Reaching safepoint: 7400 ns, Cleanup: 25702 ns, At safepoint: 2600 ns, Total: 35702 ns
[74.153s][info ][safepoint      ] Safepoint "Cleanup", Time since last: 1000116948 ns, Reaching safepoint: 6801 ns, Cleanup: 24501 ns, At safepoint: 2500 ns, Total: 33802 ns
[75.153s][info ][safepoint      ] Safepoint "Cleanup", Time since last: 1000116548 ns, Reaching safepoint: 7901 ns, Cleanup: 14801 ns, At safepoint: 2400 ns, Total: 25102 ns
[76.153s][info ][safepoint      ] Safepoint "Cleanup", Time since last: 1000119448 ns, Reaching safepoint: 6801 ns, Cleanup: 16601 ns, At safepoint: 2700 ns, Total: 26102 ns
[77.153s][info ][safepoint      ] Safepoint "Cleanup", Time since last: 1000114148 ns, Reaching safepoint: 7100 ns, Cleanup: 16201 ns, At safepoint: 2700 ns, Total: 26001 ns
[78.153s][info ][safepoint      ] Safepoint "Cleanup", Time since last: 1000114648 ns, Reaching safepoint: 6701 ns, Cleanup: 16601 ns, At safepoint: 2300 ns, Total: 25602 ns
[79.153s][info ][safepoint      ] Safepoint "Cleanup", Time since last: 1000118931 ns, Reaching safepoint: 7401 ns, Cleanup: 14101 ns, At safepoint: 2300 ns, Total: 23802 ns
[80.154s][info ][safepoint      ] Safepoint "Cleanup", Time since last: 1000118272 ns, Reaching safepoint: 8301 ns, Cleanup: 22201 ns, At safepoint: 2500 ns, Total: 33002 ns
[81.154s][info ][safepoint      ] Safepoint "Cleanup", Time since last: 1000116173 ns, Reaching safepoint: 6500 ns, Cleanup: 13501 ns, At safepoint: 2300 ns, Total: 22301 ns
[82.154s][info ][safepoint      ] Safepoint "Cleanup", Time since last: 1000116172 ns, Reaching safepoint: 9201 ns, Cleanup: 40503 ns, At safepoint: 3500 ns, Total: 53204 ns
[82.223s][info ][gc,start       ] GC(12) Pause Young (Allocation Failure)
[82.264s][debug][gc,phases      ] GC(12) Scavenge 41.522ms
[82.265s][debug][gc,ref         ] GC(12) ReferenceProcessor::execute queues: 1, RefProcThreadModel::Single, marks_oops_alive: false
[82.265s][debug][gc,ref         ] GC(12) Skipped KeepAliveFinalRefsPhase of Reference Processing: no references
[82.265s][debug][gc,ref         ] GC(12) ReferenceProcessor::execute queues: 1, RefProcThreadModel::Single, marks_oops_alive: false
[82.265s][debug][gc,phases      ] GC(12) Reference Processing 0.127ms
[82.265s][debug][gc,phases      ] GC(12)   VM Weak                        Min:  0.0, Avg:  0.0, Max:  0.0, Diff:  0.0, Sum:  0.0, Workers: 4
[82.265s][debug][gc,phases      ] GC(12)     Dead                           Min: 0, Avg:  0.0, Max: 0, Diff: 0, Sum: 0, Workers: 4
[82.265s][debug][gc,phases      ] GC(12)     Total                          Min: 0, Avg: 238.5, Max: 576, Diff: 576, Sum: 954, Workers: 4
[82.265s][debug][gc,phases      ] GC(12)   ObjectSynchronizer Weak        Min:  0.0, Avg:  0.0, Max:  0.0, Diff:  0.0, Sum:  0.0, Workers: 4
[82.265s][debug][gc,phases      ] GC(12)     Dead                           Min: 0, Avg:  0.0, Max: 0, Diff: 0, Sum: 0, Workers: 4
[82.265s][debug][gc,phases      ] GC(12)     Total                          Min: 0, Avg:  0.8, Max: 3, Diff: 3, Sum: 3, Workers: 4
[82.265s][debug][gc,phases      ] GC(12)   JVMTI Tag Weak OopStorage      Min:  0.0, Avg:  0.0, Max:  0.0, Diff:  0.0, Sum:  0.0, Workers: 4
[82.265s][debug][gc,phases      ] GC(12)     Dead                           Min: 0, Avg:  0.0, Max: 0, Diff: 0, Sum: 0, Workers: 4
[82.265s][debug][gc,phases      ] GC(12)     Total                          Min: 0, Avg:  0.0, Max: 0, Diff: 0, Sum: 0, Workers: 4
[82.265s][debug][gc,phases      ] GC(12)   StringTable Weak               Min:  0.0, Avg:  0.1, Max:  0.2, Diff:  0.2, Sum:  0.5, Workers: 4
[82.265s][debug][gc,phases      ] GC(12)     Dead                           Min: 0, Avg:  0.0, Max: 0, Diff: 0, Sum: 0, Workers: 4
[82.265s][debug][gc,phases      ] GC(12)     Total                          Min: 0, Avg: 11324.8, Max: 15936, Diff: 15936, Sum: 45299, Workers: 4
[82.265s][debug][gc,phases      ] GC(12)   ResolvedMethodTable Weak       Min:  0.0, Avg:  0.0, Max:  0.1, Diff:  0.1, Sum:  0.2, Workers: 4
[82.265s][debug][gc,phases      ] GC(12)     Dead                           Min: 0, Avg:  4.2, Max: 9, Diff: 9, Sum: 17, Workers: 4
[82.265s][debug][gc,phases      ] GC(12)     Total                          Min: 0, Avg: 3640.8, Max: 5483, Diff: 5483, Sum: 14563, Workers: 4
[82.265s][debug][gc,phases      ] GC(12)   JNI Weak                       Min:  0.0, Avg:  0.0, Max:  0.0, Diff:  0.0, Sum:  0.0, Workers: 4
[82.265s][debug][gc,phases      ] GC(12)     Dead                           Min: 0, Avg:  0.0, Max: 0, Diff: 0, Sum: 0, Workers: 4
[82.265s][debug][gc,phases      ] GC(12)     Total                          Min: 0, Avg: 13.0, Max: 48, Diff: 48, Sum: 52, Workers: 4
[82.265s][debug][gc,phases      ] GC(12)   StringDedup Table Weak         Min:  0.0, Avg:  0.0, Max:  0.0, Diff:  0.0, Sum:  0.0, Workers: 4
[82.265s][debug][gc,phases      ] GC(12)     Dead                           Min: 0, Avg:  0.0, Max: 0, Diff: 0, Sum: 0, Workers: 4
[82.265s][debug][gc,phases      ] GC(12)     Total                          Min: 0, Avg:  0.0, Max: 0, Diff: 0, Sum: 0, Workers: 4
[82.265s][debug][gc,phases      ] GC(12)   StringDedup Requests0 Weak     Min:  0.0, Avg:  0.0, Max:  0.0, Diff:  0.0, Sum:  0.0, Workers: 4
[82.265s][debug][gc,phases      ] GC(12)     Dead                           Min: 0, Avg:  0.0, Max: 0, Diff: 0, Sum: 0, Workers: 4
[82.265s][debug][gc,phases      ] GC(12)     Total                          Min: 0, Avg:  0.0, Max: 0, Diff: 0, Sum: 0, Workers: 4
[82.265s][debug][gc,phases      ] GC(12)   StringDedup Requests1 Weak     Min:  0.0, Avg:  0.0, Max:  0.0, Diff:  0.0, Sum:  0.0, Workers: 4
[82.265s][debug][gc,phases      ] GC(12)     Dead                           Min: 0, Avg:  0.0, Max: 0, Diff: 0, Sum: 0, Workers: 4
[82.265s][debug][gc,phases      ] GC(12)     Total                          Min: 0, Avg:  0.0, Max: 0, Diff: 0, Sum: 0, Workers: 4
[82.265s][debug][gc,phases      ] GC(12)   Weak JFR Old Object Samples    Min:  0.0, Avg:  0.0, Max:  0.0, Diff:  0.0, Sum:  0.0, Workers: 4
[82.265s][debug][gc,phases      ] GC(12)     Dead                           Min: 0, Avg:  0.0, Max: 0, Diff: 0, Sum: 0, Workers: 4
[82.265s][debug][gc,phases      ] GC(12)     Total                          Min: 0, Avg:  0.0, Max: 0, Diff: 0, Sum: 0, Workers: 4
[82.265s][debug][gc,phases      ] GC(12) Weak Processing 0.474ms
[82.265s][debug][gc,age         ] GC(12) Desired survivor size 251133952 bytes, new threshold 2 (max threshold 15)
[82.265s][info ][gc,heap        ] GC(12) PSYoungGen: 1686465K(1858560K)->4800K(1618944K) Eden: 1613824K(1613824K)->0K(1613824K) From: 72641K(244736K)->4800K(5120K)
[82.265s][info ][gc,heap        ] GC(12) ParOldGen: 146185K(146432K)->217168K(217600K)
[82.265s][info ][gc,metaspace   ] GC(12) Metaspace: 103198K(104512K)->103198K(104512K) NonClass: 87448K(88192K)->87448K(88192K) Class: 15749K(16320K)->15749K(16320K)
[82.265s][info ][gc             ] GC(12) Pause Young (Allocation Failure) 1789M->216M(1793M) 42.277ms
[82.265s][info ][gc,cpu         ] GC(12) User=0.11s Sys=0.03s Real=0.04s
[82.265s][info ][safepoint      ] Safepoint "ParallelGCFailedAllocation", Time since last: 68888082 ns, Reaching safepoint: 7100 ns, Cleanup: 4501 ns, At safepoint: 42357678 ns, Total: 42369279 ns
[83.265s][info ][safepoint      ] Safepoint "Cleanup", Time since last: 1000116173 ns, Reaching safepoint: 84705 ns, Cleanup: 29602 ns, At safepoint: 7201 ns, Total: 121508 ns
[84.266s][info ][safepoint      ] Safepoint "Cleanup", Time since last: 1000124873 ns, Reaching safepoint: 81805 ns, Cleanup: 29702 ns, At safepoint: 6101 ns, Total: 117608 ns
[84.845s][info ][safepoint      ] Safepoint "ICBufferFull", Time since last: 579399578 ns, Reaching safepoint: 6300 ns, Cleanup: 125209 ns, At safepoint: 10301 ns, Total: 141810 ns
[85.845s][info ][safepoint      ] Safepoint "Cleanup", Time since last: 1000139773 ns, Reaching safepoint: 6501 ns, Cleanup: 54304 ns, At safepoint: 2900 ns, Total: 63705 ns
[86.846s][info ][safepoint      ] Safepoint "Cleanup", Time since last: 1000116572 ns, Reaching safepoint: 5600 ns, Cleanup: 25402 ns, At safepoint: 2300 ns, Total: 33302 ns
[87.846s][info ][safepoint      ] Safepoint "Cleanup", Time since last: 1000126158 ns, Reaching safepoint: 7000 ns, Cleanup: 34302 ns, At safepoint: 2801 ns, Total: 44103 ns
[88.846s][info ][safepoint      ] Safepoint "Cleanup", Time since last: 1000116914 ns, Reaching safepoint: 7301 ns, Cleanup: 91506 ns, At safepoint: 2800 ns, Total: 101607 ns
[89.846s][info ][safepoint      ] Safepoint "Cleanup", Time since last: 1000122015 ns, Reaching safepoint: 6901 ns, Cleanup: 33102 ns, At safepoint: 2600 ns, Total: 42603 ns
[90.847s][info ][safepoint      ] Safepoint "Cleanup", Time since last: 1001165586 ns, Reaching safepoint: 79705 ns, Cleanup: 66405 ns, At safepoint: 11800 ns, Total: 157910 ns
[91.848s][info ][safepoint      ] Safepoint "Cleanup", Time since last: 1000112615 ns, Reaching safepoint: 7800 ns, Cleanup: 20702 ns, At safepoint: 2600 ns, Total: 31102 ns
[92.175s][info ][gc,start       ] GC(13) Pause Young (CodeCache GC Threshold)
[92.182s][debug][gc,phases      ] GC(13) Scavenge 6.742ms
[92.182s][debug][gc,ref         ] GC(13) ReferenceProcessor::execute queues: 1, RefProcThreadModel::Single, marks_oops_alive: false
[92.182s][debug][gc,ref         ] GC(13) Skipped KeepAliveFinalRefsPhase of Reference Processing: no references
[92.182s][debug][gc,ref         ] GC(13) ReferenceProcessor::execute queues: 1, RefProcThreadModel::Single, marks_oops_alive: false
[92.182s][debug][gc,phases      ] GC(13) Reference Processing 0.127ms
[92.182s][debug][gc,phases      ] GC(13)   VM Weak                        Min:  0.0, Avg:  0.0, Max:  0.0, Diff:  0.0, Sum:  0.0, Workers: 4
[92.182s][debug][gc,phases      ] GC(13)     Dead                           Min: 0, Avg:  0.0, Max: 0, Diff: 0, Sum: 0, Workers: 4
[92.182s][debug][gc,phases      ] GC(13)     Total                          Min: 0, Avg: 239.5, Max: 574, Diff: 574, Sum: 958, Workers: 4
[92.182s][debug][gc,phases      ] GC(13)   ObjectSynchronizer Weak        Min:  0.0, Avg:  0.0, Max:  0.0, Diff:  0.0, Sum:  0.0, Workers: 4
[92.182s][debug][gc,phases      ] GC(13)     Dead                           Min: 0, Avg:  0.0, Max: 0, Diff: 0, Sum: 0, Workers: 4
[92.182s][debug][gc,phases      ] GC(13)     Total                          Min: 0, Avg:  1.0, Max: 4, Diff: 4, Sum: 4, Workers: 4
[92.182s][debug][gc,phases      ] GC(13)   JVMTI Tag Weak OopStorage      Min:  0.0, Avg:  0.0, Max:  0.0, Diff:  0.0, Sum:  0.0, Workers: 4
[92.182s][debug][gc,phases      ] GC(13)     Dead                           Min: 0, Avg:  0.0, Max: 0, Diff: 0, Sum: 0, Workers: 4
[92.182s][debug][gc,phases      ] GC(13)     Total                          Min: 0, Avg:  0.0, Max: 0, Diff: 0, Sum: 0, Workers: 4
[92.182s][debug][gc,phases      ] GC(13)   StringTable Weak               Min:  0.0, Avg:  0.1, Max:  0.1, Diff:  0.1, Sum:  0.4, Workers: 4
[92.182s][debug][gc,phases      ] GC(13)     Dead                           Min: 0, Avg:  0.2, Max: 1, Diff: 1, Sum: 1, Workers: 4
[92.182s][debug][gc,phases      ] GC(13)     Total                          Min: 0, Avg: 11356.2, Max: 17472, Diff: 17472, Sum: 45425, Workers: 4
[92.182s][debug][gc,phases      ] GC(13)   ResolvedMethodTable Weak       Min:  0.0, Avg:  0.0, Max:  0.1, Diff:  0.1, Sum:  0.2, Workers: 4
[92.182s][debug][gc,phases      ] GC(13)     Dead                           Min: 0, Avg:  3.5, Max: 9, Diff: 9, Sum: 14, Workers: 4
[92.182s][debug][gc,phases      ] GC(13)     Total                          Min: 0, Avg: 3663.2, Max: 5515, Diff: 5515, Sum: 14653, Workers: 4
[92.182s][debug][gc,phases      ] GC(13)   JNI Weak                       Min:  0.0, Avg:  0.0, Max:  0.0, Diff:  0.0, Sum:  0.0, Workers: 4
[92.182s][debug][gc,phases      ] GC(13)     Dead                           Min: 0, Avg:  0.0, Max: 0, Diff: 0, Sum: 0, Workers: 4
[92.182s][debug][gc,phases      ] GC(13)     Total                          Min: 0, Avg: 13.0, Max: 48, Diff: 48, Sum: 52, Workers: 4
[92.182s][debug][gc,phases      ] GC(13)   StringDedup Table Weak         Min:  0.0, Avg:  0.0, Max:  0.0, Diff:  0.0, Sum:  0.0, Workers: 4
[92.182s][debug][gc,phases      ] GC(13)     Dead                           Min: 0, Avg:  0.0, Max: 0, Diff: 0, Sum: 0, Workers: 4
[92.182s][debug][gc,phases      ] GC(13)     Total                          Min: 0, Avg:  0.0, Max: 0, Diff: 0, Sum: 0, Workers: 4
[92.182s][debug][gc,phases      ] GC(13)   StringDedup Requests0 Weak     Min:  0.0, Avg:  0.0, Max:  0.0, Diff:  0.0, Sum:  0.0, Workers: 4
[92.182s][debug][gc,phases      ] GC(13)     Dead                           Min: 0, Avg:  0.0, Max: 0, Diff: 0, Sum: 0, Workers: 4
[92.182s][debug][gc,phases      ] GC(13)     Total                          Min: 0, Avg:  0.0, Max: 0, Diff: 0, Sum: 0, Workers: 4
[92.182s][debug][gc,phases      ] GC(13)   StringDedup Requests1 Weak     Min:  0.0, Avg:  0.0, Max:  0.0, Diff:  0.0, Sum:  0.0, Workers: 4
[92.182s][debug][gc,phases      ] GC(13)     Dead                           Min: 0, Avg:  0.0, Max: 0, Diff: 0, Sum: 0, Workers: 4
[92.182s][debug][gc,phases      ] GC(13)     Total                          Min: 0, Avg:  0.0, Max: 0, Diff: 0, Sum: 0, Workers: 4
[92.182s][debug][gc,phases      ] GC(13)   Weak JFR Old Object Samples    Min:  0.0, Avg:  0.0, Max:  0.0, Diff:  0.0, Sum:  0.0, Workers: 4
[92.182s][debug][gc,phases      ] GC(13)     Dead                           Min: 0, Avg:  0.0, Max: 0, Diff: 0, Sum: 0, Workers: 4
[92.182s][debug][gc,phases      ] GC(13)     Total                          Min: 0, Avg:  0.0, Max: 0, Diff: 0, Sum: 0, Workers: 4
[92.182s][debug][gc,phases      ] GC(13) Weak Processing 0.427ms
[92.182s][debug][gc,age         ] GC(13) Desired survivor size 252706816 bytes, new threshold 1 (max threshold 15)
[92.182s][info ][gc,heap        ] GC(13) PSYoungGen: 1022085K(1618944K)->9136K(1848832K) Eden: 1017284K(1613824K)->0K(1603584K) From: 4800K(5120K)->9136K(245248K)
[92.182s][info ][gc,heap        ] GC(13) ParOldGen: 217168K(217600K)->218029K(218112K)
[92.182s][info ][gc,metaspace   ] GC(13) Metaspace: 103394K(104640K)->103394K(104640K) NonClass: 87614K(88320K)->87614K(88320K) Class: 15779K(16320K)->15779K(16320K)
[92.182s][info ][gc             ] GC(13) Pause Young (CodeCache GC Threshold) 1210M->221M(2018M) 7.429ms
[92.182s][info ][gc,cpu         ] GC(13) User=0.03s Sys=0.00s Real=0.00s
[92.182s][debug][gc,phases      ] GC(14) Pre Compact 0.036ms
[92.182s][info ][gc,start       ] GC(14) Pause Full (CodeCache GC Threshold)
[92.182s][info ][gc,phases,start] GC(14) Marking Phase
[92.266s][debug][gc,phases      ] GC(14) Par Mark 83.203ms
[92.266s][debug][gc,ref         ] GC(14) ReferenceProcessor::execute queues: 4, RefProcThreadModel::Multi, marks_oops_alive: false
[92.267s][debug][gc,ref         ] GC(14) Skipped KeepAliveFinalRefsPhase of Reference Processing: no references
[92.267s][debug][gc,ref         ] GC(14) ReferenceProcessor::execute queues: 1, RefProcThreadModel::Single, marks_oops_alive: false
[92.267s][debug][gc,phases      ] GC(14) Reference Processing 1.021ms
[92.267s][debug][gc,phases      ] GC(14)   VM Weak                        Min:  0.0, Avg:  0.0, Max:  0.0, Diff:  0.0, Sum:  0.0, Workers: 4
[92.267s][debug][gc,phases      ] GC(14)     Dead                           Min: 0, Avg:  0.0, Max: 0, Diff: 0, Sum: 0, Workers: 4
[92.267s][debug][gc,phases      ] GC(14)     Total                          Min: 0, Avg: 239.5, Max: 638, Diff: 638, Sum: 958, Workers: 4
[92.267s][debug][gc,phases      ] GC(14)   ObjectSynchronizer Weak        Min:  0.0, Avg:  0.0, Max:  0.0, Diff:  0.0, Sum:  0.0, Workers: 4
[92.267s][debug][gc,phases      ] GC(14)     Dead                           Min: 0, Avg:  0.0, Max: 0, Diff: 0, Sum: 0, Workers: 4
[92.267s][debug][gc,phases      ] GC(14)     Total                          Min: 0, Avg:  1.0, Max: 4, Diff: 4, Sum: 4, Workers: 4
[92.267s][debug][gc,phases      ] GC(14)   JVMTI Tag Weak OopStorage      Min:  0.0, Avg:  0.0, Max:  0.0, Diff:  0.0, Sum:  0.0, Workers: 4
[92.267s][debug][gc,phases      ] GC(14)     Dead                           Min: 0, Avg:  0.0, Max: 0, Diff: 0, Sum: 0, Workers: 4
[92.267s][debug][gc,phases      ] GC(14)     Total                          Min: 0, Avg:  0.0, Max: 0, Diff: 0, Sum: 0, Workers: 4
[92.267s][debug][gc,phases      ] GC(14)   StringTable Weak               Min:  0.0, Avg:  0.2, Max:  0.3, Diff:  0.3, Sum:  0.8, Workers: 4
[92.267s][debug][gc,phases      ] GC(14)     Dead                           Min: 0, Avg:  0.0, Max: 0, Diff: 0, Sum: 0, Workers: 4
[92.267s][debug][gc,phases      ] GC(14)     Total                          Min: 0, Avg: 11356.2, Max: 16576, Diff: 16576, Sum: 45425, Workers: 4
[92.267s][debug][gc,phases      ] GC(14)   ResolvedMethodTable Weak       Min:  0.0, Avg:  0.1, Max:  0.1, Diff:  0.1, Sum:  0.2, Workers: 4
[92.267s][debug][gc,phases      ] GC(14)     Dead                           Min: 0, Avg:  0.0, Max: 0, Diff: 0, Sum: 0, Workers: 4
[92.267s][debug][gc,phases      ] GC(14)     Total                          Min: 0, Avg: 3663.2, Max: 5649, Diff: 5649, Sum: 14653, Workers: 4
[92.267s][debug][gc,phases      ] GC(14)   JNI Weak                       Min:  0.0, Avg:  0.0, Max:  0.0, Diff:  0.0, Sum:  0.0, Workers: 4
[92.267s][debug][gc,phases      ] GC(14)     Dead                           Min: 0, Avg:  0.0, Max: 0, Diff: 0, Sum: 0, Workers: 4
[92.267s][debug][gc,phases      ] GC(14)     Total                          Min: 0, Avg: 13.0, Max: 48, Diff: 48, Sum: 52, Workers: 4
[92.267s][debug][gc,phases      ] GC(14)   StringDedup Table Weak         Min:  0.0, Avg:  0.0, Max:  0.0, Diff:  0.0, Sum:  0.0, Workers: 4
[92.267s][debug][gc,phases      ] GC(14)     Dead                           Min: 0, Avg:  0.0, Max: 0, Diff: 0, Sum: 0, Workers: 4
[92.267s][debug][gc,phases      ] GC(14)     Total                          Min: 0, Avg:  0.0, Max: 0, Diff: 0, Sum: 0, Workers: 4
[92.267s][debug][gc,phases      ] GC(14)   StringDedup Requests0 Weak     Min:  0.0, Avg:  0.0, Max:  0.0, Diff:  0.0, Sum:  0.0, Workers: 4
[92.267s][debug][gc,phases      ] GC(14)     Dead                           Min: 0, Avg:  0.0, Max: 0, Diff: 0, Sum: 0, Workers: 4
[92.267s][debug][gc,phases      ] GC(14)     Total                          Min: 0, Avg:  0.0, Max: 0, Diff: 0, Sum: 0, Workers: 4
[92.267s][debug][gc,phases      ] GC(14)   StringDedup Requests1 Weak     Min:  0.0, Avg:  0.0, Max:  0.0, Diff:  0.0, Sum:  0.0, Workers: 4
[92.267s][debug][gc,phases      ] GC(14)     Dead                           Min: 0, Avg:  0.0, Max: 0, Diff: 0, Sum: 0, Workers: 4
[92.267s][debug][gc,phases      ] GC(14)     Total                          Min: 0, Avg:  0.0, Max: 0, Diff: 0, Sum: 0, Workers: 4
[92.267s][debug][gc,phases      ] GC(14)   Weak JFR Old Object Samples    Min:  0.0, Avg:  0.0, Max:  0.0, Diff:  0.0, Sum:  0.0, Workers: 4
[92.267s][debug][gc,phases      ] GC(14)     Dead                           Min: 0, Avg:  0.0, Max: 0, Diff: 0, Sum: 0, Workers: 4
[92.267s][debug][gc,phases      ] GC(14)     Total                          Min: 0, Avg:  0.0, Max: 0, Diff: 0, Sum: 0, Workers: 4
[92.267s][debug][gc,phases      ] GC(14) Weak Processing 0.608ms
[92.267s][debug][gc,phases      ] GC(14) ClassLoaderData 0.131ms
[92.267s][debug][gc,phases      ] GC(14) Trigger cleanups 0.000ms
[92.313s][debug][gc,phases      ] GC(14) Purge Unlinked NMethods 1.226ms
[92.313s][debug][gc,phases      ] GC(14) Unregister NMethods 0.002ms
[92.313s][debug][gc,phases      ] GC(14) Free Code Blobs 0.170ms
[92.313s][debug][gc,phases      ] GC(14) Class Unloading 45.711ms
[92.313s][debug][gc,phases      ] GC(14) Report Object Count 0.001ms
[92.313s][info ][gc,phases      ] GC(14) Marking Phase 130.620ms
[92.313s][info ][gc,phases,start] GC(14) Summary Phase
[92.313s][info ][gc,phases      ] GC(14) Summary Phase 0.009ms
[92.313s][info ][gc,phases,start] GC(14) Adjust Roots
[92.340s][info ][gc,phases      ] GC(14) Adjust Roots 27.219ms
[92.340s][info ][gc,phases,start] GC(14) Compaction Phase
[92.573s][info ][gc,phases      ] GC(14) Compaction Phase 232.945ms
[92.573s][info ][gc,phases,start] GC(14) Post Compact
[92.575s][debug][gc,phases      ] GC(14) Purge Class Loader Data 0.448ms
[92.575s][info ][gc,phases      ] GC(14) Post Compact 1.464ms
[92.575s][info ][gc,heap        ] GC(14) PSYoungGen: 9136K(1848832K)->381K(1848832K) Eden: 0K(1603584K)->0K(1603584K) From: 9136K(245248K)->381K(245248K)
[92.575s][info ][gc,heap        ] GC(14) ParOldGen: 218029K(218112K)->218080K(218112K)
[92.575s][info ][gc,metaspace   ] GC(14) Metaspace: 103394K(104640K)->103394K(104640K) NonClass: 87614K(88320K)->87614K(88320K) Class: 15779K(16320K)->15779K(16320K)
[92.575s][info ][gc             ] GC(14) Pause Full (CodeCache GC Threshold) 221M->213M(2018M) 392.426ms
[92.575s][info ][gc,cpu         ] GC(14) User=1.23s Sys=0.01s Real=0.39s
[92.575s][info ][safepoint      ] Safepoint "ParallelGCSystemGC", Time since last: 327105314 ns, Reaching safepoint: 83306 ns, Cleanup: 9201 ns, At safepoint: 400026044 ns, Total: 400118551 ns
[93.575s][info ][safepoint      ] Safepoint "Cleanup", Time since last: 1000090413 ns, Reaching safepoint: 77605 ns, Cleanup: 83106 ns, At safepoint: 6600 ns, Total: 167311 ns
[94.575s][info ][safepoint      ] Safepoint "Cleanup", Time since last: 1000112915 ns, Reaching safepoint: 6300 ns, Cleanup: 34603 ns, At safepoint: 2200 ns, Total: 43103 ns
[95.575s][info ][safepoint      ] Safepoint "Cleanup", Time since last: 1000125492 ns, Reaching safepoint: 7001 ns, Cleanup: 17301 ns, At safepoint: 2900 ns, Total: 27202 ns
[96.576s][info ][safepoint      ] Safepoint "Cleanup", Time since last: 1000122881 ns, Reaching safepoint: 6700 ns, Cleanup: 12501 ns, At safepoint: 2800 ns, Total: 22001 ns
[97.576s][info ][safepoint      ] Safepoint "Cleanup", Time since last: 1000127082 ns, Reaching safepoint: 83005 ns, Cleanup: 13301 ns, At safepoint: 6900 ns, Total: 103206 ns
[98.576s][info ][safepoint      ] Safepoint "Cleanup", Time since last: 1000129182 ns, Reaching safepoint: 5800 ns, Cleanup: 6300 ns, At safepoint: 1901 ns, Total: 14001 ns
[99.576s][info ][safepoint      ] Safepoint "Cleanup", Time since last: 1000118380 ns, Reaching safepoint: 84306 ns, Cleanup: 33502 ns, At safepoint: 7600 ns, Total: 125408 ns
[100.577s][info ][safepoint      ] Safepoint "Cleanup", Time since last: 1000459704 ns, Reaching safepoint: 6700 ns, Cleanup: 28702 ns, At safepoint: 2600 ns, Total: 38002 ns
[101.577s][info ][safepoint      ] Safepoint "Cleanup", Time since last: 1000131882 ns, Reaching safepoint: 11500 ns, Cleanup: 26802 ns, At safepoint: 3300 ns, Total: 41602 ns
[102.577s][info ][safepoint      ] Safepoint "Cleanup", Time since last: 1000133282 ns, Reaching safepoint: 7100 ns, Cleanup: 12901 ns, At safepoint: 7301 ns, Total: 27302 ns
[103.577s][info ][safepoint      ] Safepoint "Cleanup", Time since last: 1000118584 ns, Reaching safepoint: 6600 ns, Cleanup: 25402 ns, At safepoint: 7500 ns, Total: 39502 ns
[104.577s][info ][safepoint      ] Safepoint "Cleanup", Time since last: 1000112863 ns, Reaching safepoint: 5801 ns, Cleanup: 20801 ns, At safepoint: 2400 ns, Total: 29002 ns
[105.578s][info ][safepoint      ] Safepoint "Cleanup", Time since last: 1000154966 ns, Reaching safepoint: 84606 ns, Cleanup: 18801 ns, At safepoint: 7001 ns, Total: 110408 ns
[106.578s][info ][safepoint      ] Safepoint "Cleanup", Time since last: 1000125263 ns, Reaching safepoint: 153411 ns, Cleanup: 20401 ns, At safepoint: 6300 ns, Total: 180112 ns
[108.428s][info ][safepoint      ] Safepoint "Cleanup", Time since last: 1850234164 ns, Reaching safepoint: 84405 ns, Cleanup: 29202 ns, At safepoint: 10501 ns, Total: 124108 ns
[109.429s][info ][safepoint      ] Safepoint "Cleanup", Time since last: 1000274574 ns, Reaching safepoint: 79705 ns, Cleanup: 30802 ns, At safepoint: 6701 ns, Total: 117208 ns
[110.429s][info ][safepoint      ] Safepoint "Cleanup", Time since last: 1000110763 ns, Reaching safepoint: 6600 ns, Cleanup: 34902 ns, At safepoint: 2801 ns, Total: 44303 ns
[111.122s][info ][gc,start       ] GC(15) Pause Young (Allocation Failure)
[111.159s][debug][gc,phases      ] GC(15) Scavenge 37.048ms
[111.159s][debug][gc,ref         ] GC(15) ReferenceProcessor::execute queues: 1, RefProcThreadModel::Single, marks_oops_alive: false
[111.159s][debug][gc,ref         ] GC(15) Skipped KeepAliveFinalRefsPhase of Reference Processing: no references
[111.159s][debug][gc,ref         ] GC(15) ReferenceProcessor::execute queues: 1, RefProcThreadModel::Single, marks_oops_alive: false
[111.159s][debug][gc,phases      ] GC(15) Reference Processing 0.120ms
[111.159s][debug][gc,phases      ] GC(15)   VM Weak                        Min:  0.0, Avg:  0.0, Max:  0.0, Diff:  0.0, Sum:  0.0, Workers: 4
[111.159s][debug][gc,phases      ] GC(15)     Dead                           Min: 0, Avg:  0.0, Max: 0, Diff: 0, Sum: 0, Workers: 4
[111.159s][debug][gc,phases      ] GC(15)     Total                          Min: 0, Avg: 239.8, Max: 447, Diff: 447, Sum: 959, Workers: 4
[111.159s][debug][gc,phases      ] GC(15)   ObjectSynchronizer Weak        Min:  0.0, Avg:  0.0, Max:  0.0, Diff:  0.0, Sum:  0.0, Workers: 4
[111.159s][debug][gc,phases      ] GC(15)     Dead                           Min: 0, Avg:  0.0, Max: 0, Diff: 0, Sum: 0, Workers: 4
[111.159s][debug][gc,phases      ] GC(15)     Total                          Min: 0, Avg:  1.0, Max: 4, Diff: 4, Sum: 4, Workers: 4
[111.159s][debug][gc,phases      ] GC(15)   JVMTI Tag Weak OopStorage      Min:  0.0, Avg:  0.0, Max:  0.0, Diff:  0.0, Sum:  0.0, Workers: 4
[111.159s][debug][gc,phases      ] GC(15)     Dead                           Min: 0, Avg:  0.0, Max: 0, Diff: 0, Sum: 0, Workers: 4
[111.159s][debug][gc,phases      ] GC(15)     Total                          Min: 0, Avg:  0.0, Max: 0, Diff: 0, Sum: 0, Workers: 4
[111.159s][debug][gc,phases      ] GC(15)   StringTable Weak               Min:  0.0, Avg:  0.1, Max:  0.1, Diff:  0.1, Sum:  0.4, Workers: 4
[111.159s][debug][gc,phases      ] GC(15)     Dead                           Min: 0, Avg:  0.2, Max: 1, Diff: 1, Sum: 1, Workers: 4
[111.159s][debug][gc,phases      ] GC(15)     Total                          Min: 0, Avg: 11366.5, Max: 15322, Diff: 15322, Sum: 45466, Workers: 4
[111.159s][debug][gc,phases      ] GC(15)   ResolvedMethodTable Weak       Min:  0.0, Avg:  0.0, Max:  0.1, Diff:  0.1, Sum:  0.2, Workers: 4
[111.159s][debug][gc,phases      ] GC(15)     Dead                           Min: 0, Avg:  4.8, Max: 19, Diff: 19, Sum: 19, Workers: 4
[111.159s][debug][gc,phases      ] GC(15)     Total                          Min: 0, Avg: 3669.2, Max: 5148, Diff: 5148, Sum: 14677, Workers: 4
[111.159s][debug][gc,phases      ] GC(15)   JNI Weak                       Min:  0.0, Avg:  0.0, Max:  0.0, Diff:  0.0, Sum:  0.0, Workers: 4
[111.159s][debug][gc,phases      ] GC(15)     Dead                           Min: 0, Avg:  0.0, Max: 0, Diff: 0, Sum: 0, Workers: 4
[111.159s][debug][gc,phases      ] GC(15)     Total                          Min: 0, Avg: 13.0, Max: 48, Diff: 48, Sum: 52, Workers: 4
[111.159s][debug][gc,phases      ] GC(15)   StringDedup Table Weak         Min:  0.0, Avg:  0.0, Max:  0.0, Diff:  0.0, Sum:  0.0, Workers: 4
[111.159s][debug][gc,phases      ] GC(15)     Dead                           Min: 0, Avg:  0.0, Max: 0, Diff: 0, Sum: 0, Workers: 4
[111.159s][debug][gc,phases      ] GC(15)     Total                          Min: 0, Avg:  0.0, Max: 0, Diff: 0, Sum: 0, Workers: 4
[111.159s][debug][gc,phases      ] GC(15)   StringDedup Requests0 Weak     Min:  0.0, Avg:  0.0, Max:  0.0, Diff:  0.0, Sum:  0.0, Workers: 4
[111.159s][debug][gc,phases      ] GC(15)     Dead                           Min: 0, Avg:  0.0, Max: 0, Diff: 0, Sum: 0, Workers: 4
[111.159s][debug][gc,phases      ] GC(15)     Total                          Min: 0, Avg:  0.0, Max: 0, Diff: 0, Sum: 0, Workers: 4
[111.159s][debug][gc,phases      ] GC(15)   StringDedup Requests1 Weak     Min:  0.0, Avg:  0.0, Max:  0.0, Diff:  0.0, Sum:  0.0, Workers: 4
[111.159s][debug][gc,phases      ] GC(15)     Dead                           Min: 0, Avg:  0.0, Max: 0, Diff: 0, Sum: 0, Workers: 4
[111.159s][debug][gc,phases      ] GC(15)     Total                          Min: 0, Avg:  0.0, Max: 0, Diff: 0, Sum: 0, Workers: 4
[111.159s][debug][gc,phases      ] GC(15)   Weak JFR Old Object Samples    Min:  0.0, Avg:  0.0, Max:  0.0, Diff:  0.0, Sum:  0.0, Workers: 4
[111.159s][debug][gc,phases      ] GC(15)     Dead                           Min: 0, Avg:  0.0, Max: 0, Diff: 0, Sum: 0, Workers: 4
[111.159s][debug][gc,phases      ] GC(15)     Total                          Min: 0, Avg:  0.0, Max: 0, Diff: 0, Sum: 0, Workers: 4
[111.159s][debug][gc,phases      ] GC(15) Weak Processing 0.433ms
[111.159s][debug][gc,age         ] GC(15) Desired survivor size 252182528 bytes, new threshold 1 (max threshold 15)
[111.159s][info ][gc,heap        ] GC(15) PSYoungGen: 1603965K(1848832K)->4320K(1850368K) Eden: 1603584K(1603584K)->0K(1603584K) From: 381K(245248K)->4320K(246784K)
[111.159s][info ][gc,heap        ] GC(15) ParOldGen: 218080K(218112K)->218160K(218624K)
[111.159s][info ][gc,metaspace   ] GC(15) Metaspace: 103544K(104832K)->103544K(104832K) NonClass: 87744K(88448K)->87744K(88448K) Class: 15799K(16384K)->15799K(16384K)
[111.159s][info ][gc             ] GC(15) Pause Young (Allocation Failure) 1779M->217M(2020M) 37.748ms
[111.159s][info ][gc,cpu         ] GC(15) User=0.12s Sys=0.00s Real=0.04s
[111.159s][info ][safepoint      ] Safepoint "ParallelGCFailedAllocation", Time since last: 692685660 ns, Reaching safepoint: 6000 ns, Cleanup: 28202 ns, At safepoint: 37826854 ns, Total: 37861056 ns
[112.160s][info ][safepoint      ] Safepoint "Cleanup", Time since last: 1000094591 ns, Reaching safepoint: 79405 ns, Cleanup: 14901 ns, At safepoint: 5300 ns, Total: 99606 ns
[113.160s][info ][safepoint      ] Safepoint "Cleanup", Time since last: 1000118792 ns, Reaching safepoint: 79205 ns, Cleanup: 11801 ns, At safepoint: 6200 ns, Total: 97206 ns
[114.160s][info ][safepoint      ] Safepoint "Cleanup", Time since last: 1000120892 ns, Reaching safepoint: 79105 ns, Cleanup: 25302 ns, At safepoint: 6000 ns, Total: 110407 ns
[115.160s][info ][safepoint      ] Safepoint "Cleanup", Time since last: 1000117192 ns, Reaching safepoint: 82705 ns, Cleanup: 19402 ns, At safepoint: 7500 ns, Total: 109607 ns
[116.160s][info ][safepoint      ] Safepoint "Cleanup", Time since last: 1000118192 ns, Reaching safepoint: 79505 ns, Cleanup: 11901 ns, At safepoint: 6800 ns, Total: 98206 ns
[117.161s][info ][safepoint      ] Safepoint "Cleanup", Time since last: 1000118192 ns, Reaching safepoint: 79705 ns, Cleanup: 15701 ns, At safepoint: 6601 ns, Total: 102007 ns
[118.161s][info ][safepoint      ] Safepoint "Cleanup", Time since last: 1000126092 ns, Reaching safepoint: 80205 ns, Cleanup: 16801 ns, At safepoint: 6701 ns, Total: 103707 ns
[119.161s][info ][safepoint      ] Safepoint "Cleanup", Time since last: 1000122397 ns, Reaching safepoint: 79306 ns, Cleanup: 10400 ns, At safepoint: 6301 ns, Total: 96007 ns
[121.066s][info ][safepoint      ] Safepoint "Cleanup", Time since last: 1904564829 ns, Reaching safepoint: 86405 ns, Cleanup: 72105 ns, At safepoint: 11501 ns, Total: 170011 ns
[122.066s][info ][safepoint      ] Safepoint "Cleanup", Time since last: 1000140452 ns, Reaching safepoint: 78905 ns, Cleanup: 74005 ns, At safepoint: 6301 ns, Total: 159211 ns
[123.066s][info ][safepoint      ] Safepoint "Cleanup", Time since last: 1000118550 ns, Reaching safepoint: 80305 ns, Cleanup: 44703 ns, At safepoint: 7701 ns, Total: 132709 ns
[124.067s][info ][safepoint      ] Safepoint "Cleanup", Time since last: 1000112249 ns, Reaching safepoint: 76206 ns, Cleanup: 12800 ns, At safepoint: 5901 ns, Total: 94907 ns
[125.067s][info ][safepoint      ] Safepoint "Cleanup", Time since last: 1000103349 ns, Reaching safepoint: 81805 ns, Cleanup: 41903 ns, At safepoint: 7401 ns, Total: 131109 ns
[126.067s][info ][safepoint      ] Safepoint "Cleanup", Time since last: 1000118550 ns, Reaching safepoint: 78505 ns, Cleanup: 12201 ns, At safepoint: 7201 ns, Total: 97907 ns
[127.067s][info ][safepoint      ] Safepoint "Cleanup", Time since last: 1000159235 ns, Reaching safepoint: 88506 ns, Cleanup: 18102 ns, At safepoint: 9200 ns, Total: 115808 ns
[128.068s][info ][safepoint      ] Safepoint "Cleanup", Time since last: 1000120350 ns, Reaching safepoint: 78906 ns, Cleanup: 14401 ns, At safepoint: 6300 ns, Total: 99607 ns
[128.972s][info ][gc,start       ] GC(16) Pause Young (Allocation Failure)
[128.977s][debug][gc,phases      ] GC(16) Scavenge 5.575ms
[128.977s][debug][gc,ref         ] GC(16) ReferenceProcessor::execute queues: 1, RefProcThreadModel::Single, marks_oops_alive: false
[128.977s][debug][gc,ref         ] GC(16) Skipped KeepAliveFinalRefsPhase of Reference Processing: no references
[128.977s][debug][gc,ref         ] GC(16) ReferenceProcessor::execute queues: 1, RefProcThreadModel::Single, marks_oops_alive: false
[128.977s][debug][gc,phases      ] GC(16) Reference Processing 0.114ms
[128.978s][debug][gc,phases      ] GC(16)   VM Weak                        Min:  0.0, Avg:  0.0, Max:  0.0, Diff:  0.0, Sum:  0.0, Workers: 4
[128.978s][debug][gc,phases      ] GC(16)     Dead                           Min: 0, Avg:  0.0, Max: 0, Diff: 0, Sum: 0, Workers: 4
[128.978s][debug][gc,phases      ] GC(16)     Total                          Min: 0, Avg: 240.0, Max: 640, Diff: 640, Sum: 960, Workers: 4
[128.978s][debug][gc,phases      ] GC(16)   ObjectSynchronizer Weak        Min:  0.0, Avg:  0.0, Max:  0.0, Diff:  0.0, Sum:  0.0, Workers: 4
[128.978s][debug][gc,phases      ] GC(16)     Dead                           Min: 0, Avg:  0.0, Max: 0, Diff: 0, Sum: 0, Workers: 4
[128.978s][debug][gc,phases      ] GC(16)     Total                          Min: 0, Avg:  1.0, Max: 4, Diff: 4, Sum: 4, Workers: 4
[128.978s][debug][gc,phases      ] GC(16)   JVMTI Tag Weak OopStorage      Min:  0.0, Avg:  0.0, Max:  0.0, Diff:  0.0, Sum:  0.0, Workers: 4
[128.978s][debug][gc,phases      ] GC(16)     Dead                           Min: 0, Avg:  0.0, Max: 0, Diff: 0, Sum: 0, Workers: 4
[128.978s][debug][gc,phases      ] GC(16)     Total                          Min: 0, Avg:  0.0, Max: 0, Diff: 0, Sum: 0, Workers: 4
[128.978s][debug][gc,phases      ] GC(16)   StringTable Weak               Min:  0.0, Avg:  0.1, Max:  0.1, Diff:  0.1, Sum:  0.4, Workers: 4
[128.978s][debug][gc,phases      ] GC(16)     Dead                           Min: 0, Avg:  0.2, Max: 1, Diff: 1, Sum: 1, Workers: 4
[128.978s][debug][gc,phases      ] GC(16)     Total                          Min: 0, Avg: 11375.0, Max: 15869, Diff: 15869, Sum: 45500, Workers: 4
[128.978s][debug][gc,phases      ] GC(16)   ResolvedMethodTable Weak       Min:  0.0, Avg:  0.0, Max:  0.1, Diff:  0.1, Sum:  0.2, Workers: 4
[128.978s][debug][gc,phases      ] GC(16)     Dead                           Min: 0, Avg:  0.5, Max: 2, Diff: 2, Sum: 2, Workers: 4
[128.978s][debug][gc,phases      ] GC(16)     Total                          Min: 0, Avg: 3671.2, Max: 5213, Diff: 5213, Sum: 14685, Workers: 4
[128.978s][debug][gc,phases      ] GC(16)   JNI Weak                       Min:  0.0, Avg:  0.0, Max:  0.0, Diff:  0.0, Sum:  0.0, Workers: 4
[128.978s][debug][gc,phases      ] GC(16)     Dead                           Min: 0, Avg:  0.0, Max: 0, Diff: 0, Sum: 0, Workers: 4
[128.978s][debug][gc,phases      ] GC(16)     Total                          Min: 0, Avg: 13.0, Max: 48, Diff: 48, Sum: 52, Workers: 4
[128.978s][debug][gc,phases      ] GC(16)   StringDedup Table Weak         Min:  0.0, Avg:  0.0, Max:  0.0, Diff:  0.0, Sum:  0.0, Workers: 4
[128.978s][debug][gc,phases      ] GC(16)     Dead                           Min: 0, Avg:  0.0, Max: 0, Diff: 0, Sum: 0, Workers: 4
[128.978s][debug][gc,phases      ] GC(16)     Total                          Min: 0, Avg:  0.0, Max: 0, Diff: 0, Sum: 0, Workers: 4
[128.978s][debug][gc,phases      ] GC(16)   StringDedup Requests0 Weak     Min:  0.0, Avg:  0.0, Max:  0.0, Diff:  0.0, Sum:  0.0, Workers: 4
[128.978s][debug][gc,phases      ] GC(16)     Dead                           Min: 0, Avg:  0.0, Max: 0, Diff: 0, Sum: 0, Workers: 4
[128.978s][debug][gc,phases      ] GC(16)     Total                          Min: 0, Avg:  0.0, Max: 0, Diff: 0, Sum: 0, Workers: 4
[128.978s][debug][gc,phases      ] GC(16)   StringDedup Requests1 Weak     Min:  0.0, Avg:  0.0, Max:  0.0, Diff:  0.0, Sum:  0.0, Workers: 4
[128.978s][debug][gc,phases      ] GC(16)     Dead                           Min: 0, Avg:  0.0, Max: 0, Diff: 0, Sum: 0, Workers: 4
[128.978s][debug][gc,phases      ] GC(16)     Total                          Min: 0, Avg:  0.0, Max: 0, Diff: 0, Sum: 0, Workers: 4
[128.978s][debug][gc,phases      ] GC(16)   Weak JFR Old Object Samples    Min:  0.0, Avg:  0.0, Max:  0.0, Diff:  0.0, Sum:  0.0, Workers: 4
[128.978s][debug][gc,phases      ] GC(16)     Dead                           Min: 0, Avg:  0.0, Max: 0, Diff: 0, Sum: 0, Workers: 4
[128.978s][debug][gc,phases      ] GC(16)     Total                          Min: 0, Avg:  0.0, Max: 0, Diff: 0, Sum: 0, Workers: 4
[128.978s][debug][gc,phases      ] GC(16) Weak Processing 0.444ms
[128.978s][debug][gc,age         ] GC(16) Desired survivor size 249036800 bytes, new threshold 1 (max threshold 15)
[128.978s][info ][gc,heap        ] GC(16) PSYoungGen: 1607904K(1850368K)->6416K(1853952K) Eden: 1603584K(1603584K)->0K(1607680K) From: 4320K(246784K)->6416K(246272K)
[128.978s][info ][gc,heap        ] GC(16) ParOldGen: 218160K(218624K)->219273K(219648K)
[128.978s][info ][gc,metaspace   ] GC(16) Metaspace: 103609K(104896K)->103609K(104896K) NonClass: 87804K(88512K)->87804K(88512K) Class: 15805K(16384K)->15805K(16384K)
[128.978s][info ][gc             ] GC(16) Pause Young (Allocation Failure) 1783M->220M(2025M) 6.278ms
[128.978s][info ][gc,cpu         ] GC(16) User=0.03s Sys=0.00s Real=0.01s
[128.978s][info ][safepoint      ] Safepoint "ParallelGCFailedAllocation", Time since last: 903998177 ns, Reaching safepoint: 7701 ns, Cleanup: 18901 ns, At safepoint: 6355928 ns, Total: 6382530 ns
[129.978s][info ][safepoint      ] Safepoint "Cleanup", Time since last: 1000106550 ns, Reaching safepoint: 9300 ns, Cleanup: 23302 ns, At safepoint: 2900 ns, Total: 35502 ns
[130.978s][info ][safepoint      ] Safepoint "Cleanup", Time since last: 1000121051 ns, Reaching safepoint: 8000 ns, Cleanup: 28802 ns, At safepoint: 2700 ns, Total: 39502 ns
[131.978s][info ][safepoint      ] Safepoint "Cleanup", Time since last: 1000126151 ns, Reaching safepoint: 7200 ns, Cleanup: 9501 ns, At safepoint: 2600 ns, Total: 19301 ns
[132.978s][info ][safepoint      ] Safepoint "Cleanup", Time since last: 1000116150 ns, Reaching safepoint: 6601 ns, Cleanup: 15001 ns, At safepoint: 2300 ns, Total: 23902 ns
[133.979s][info ][safepoint      ] Safepoint "Cleanup", Time since last: 1000112350 ns, Reaching safepoint: 6900 ns, Cleanup: 27702 ns, At safepoint: 2600 ns, Total: 37202 ns
[134.979s][info ][safepoint      ] Safepoint "Cleanup", Time since last: 1000118651 ns, Reaching safepoint: 6400 ns, Cleanup: 14101 ns, At safepoint: 2700 ns, Total: 23201 ns
[135.979s][info ][safepoint      ] Safepoint "Cleanup", Time since last: 1000110636 ns, Reaching safepoint: 6901 ns, Cleanup: 25201 ns, At safepoint: 2700 ns, Total: 34802 ns
[136.979s][info ][safepoint      ] Safepoint "Cleanup", Time since last: 1000131703 ns, Reaching safepoint: 6001 ns, Cleanup: 17501 ns, At safepoint: 2300 ns, Total: 25802 ns
[137.979s][info ][safepoint      ] Safepoint "Cleanup", Time since last: 1000120602 ns, Reaching safepoint: 7501 ns, Cleanup: 25801 ns, At safepoint: 3001 ns, Total: 36303 ns
[138.979s][info ][safepoint      ] Safepoint "Cleanup", Time since last: 1000115601 ns, Reaching safepoint: 7701 ns, Cleanup: 13301 ns, At safepoint: 2400 ns, Total: 23402 ns
[139.980s][info ][safepoint      ] Safepoint "Cleanup", Time since last: 1000116202 ns, Reaching safepoint: 6300 ns, Cleanup: 12401 ns, At safepoint: 2800 ns, Total: 21501 ns
[140.980s][info ][safepoint      ] Safepoint "Cleanup", Time since last: 1000123703 ns, Reaching safepoint: 10000 ns, Cleanup: 12901 ns, At safepoint: 2800 ns, Total: 25701 ns
[141.980s][info ][safepoint      ] Safepoint "Cleanup", Time since last: 1000124603 ns, Reaching safepoint: 84405 ns, Cleanup: 66705 ns, At safepoint: 8300 ns, Total: 159410 ns
[142.980s][info ][safepoint      ] Safepoint "Cleanup", Time since last: 1000136903 ns, Reaching safepoint: 7101 ns, Cleanup: 16401 ns, At safepoint: 2300 ns, Total: 25802 ns
[143.980s][info ][safepoint      ] Safepoint "Cleanup", Time since last: 1000116192 ns, Reaching safepoint: 7400 ns, Cleanup: 28002 ns, At safepoint: 2901 ns, Total: 38303 ns
[145.980s][info ][safepoint      ] Safepoint "Cleanup", Time since last: 2000210173 ns, Reaching safepoint: 8300 ns, Cleanup: 17302 ns, At safepoint: 3000 ns, Total: 28602 ns
[146.110s][info ][gc,start       ] GC(17) Pause Young (Allocation Failure)
[146.117s][debug][gc,phases      ] GC(17) Scavenge 7.752ms
[146.118s][debug][gc,ref         ] GC(17) ReferenceProcessor::execute queues: 1, RefProcThreadModel::Single, marks_oops_alive: false
[146.118s][debug][gc,ref         ] GC(17) Skipped KeepAliveFinalRefsPhase of Reference Processing: no references
[146.118s][debug][gc,ref         ] GC(17) ReferenceProcessor::execute queues: 1, RefProcThreadModel::Single, marks_oops_alive: false
[146.118s][debug][gc,phases      ] GC(17) Reference Processing 0.121ms
[146.118s][debug][gc,phases      ] GC(17)   VM Weak                        Min:  0.0, Avg:  0.0, Max:  0.0, Diff:  0.0, Sum:  0.0, Workers: 4
[146.118s][debug][gc,phases      ] GC(17)     Dead                           Min: 0, Avg:  0.0, Max: 0, Diff: 0, Sum: 0, Workers: 4
[146.118s][debug][gc,phases      ] GC(17)     Total                          Min: 0, Avg: 240.0, Max: 896, Diff: 896, Sum: 960, Workers: 4
[146.118s][debug][gc,phases      ] GC(17)   ObjectSynchronizer Weak        Min:  0.0, Avg:  0.0, Max:  0.0, Diff:  0.0, Sum:  0.0, Workers: 4
[146.118s][debug][gc,phases      ] GC(17)     Dead                           Min: 0, Avg:  0.0, Max: 0, Diff: 0, Sum: 0, Workers: 4
[146.118s][debug][gc,phases      ] GC(17)     Total                          Min: 0, Avg:  1.2, Max: 5, Diff: 5, Sum: 5, Workers: 4
[146.118s][debug][gc,phases      ] GC(17)   JVMTI Tag Weak OopStorage      Min:  0.0, Avg:  0.0, Max:  0.0, Diff:  0.0, Sum:  0.0, Workers: 4
[146.118s][debug][gc,phases      ] GC(17)     Dead                           Min: 0, Avg:  0.0, Max: 0, Diff: 0, Sum: 0, Workers: 4
[146.118s][debug][gc,phases      ] GC(17)     Total                          Min: 0, Avg:  0.0, Max: 0, Diff: 0, Sum: 0, Workers: 4
[146.118s][debug][gc,phases      ] GC(17)   StringTable Weak               Min:  0.0, Avg:  0.1, Max:  0.1, Diff:  0.1, Sum:  0.4, Workers: 4
[146.118s][debug][gc,phases      ] GC(17)     Dead                           Min: 0, Avg:  0.0, Max: 0, Diff: 0, Sum: 0, Workers: 4
[146.118s][debug][gc,phases      ] GC(17)     Total                          Min: 0, Avg: 11393.2, Max: 15680, Diff: 15680, Sum: 45573, Workers: 4
[146.118s][debug][gc,phases      ] GC(17)   ResolvedMethodTable Weak       Min:  0.0, Avg:  0.0, Max:  0.1, Diff:  0.1, Sum:  0.2, Workers: 4
[146.118s][debug][gc,phases      ] GC(17)     Dead                           Min: 0, Avg:  4.0, Max: 16, Diff: 16, Sum: 16, Workers: 4
[146.118s][debug][gc,phases      ] GC(17)     Total                          Min: 0, Avg: 3672.5, Max: 4985, Diff: 4985, Sum: 14690, Workers: 4
[146.118s][debug][gc,phases      ] GC(17)   JNI Weak                       Min:  0.0, Avg:  0.0, Max:  0.0, Diff:  0.0, Sum:  0.0, Workers: 4
[146.118s][debug][gc,phases      ] GC(17)     Dead                           Min: 0, Avg:  0.0, Max: 0, Diff: 0, Sum: 0, Workers: 4
[146.118s][debug][gc,phases      ] GC(17)     Total                          Min: 0, Avg: 13.0, Max: 48, Diff: 48, Sum: 52, Workers: 4
[146.118s][debug][gc,phases      ] GC(17)   StringDedup Table Weak         Min:  0.0, Avg:  0.0, Max:  0.0, Diff:  0.0, Sum:  0.0, Workers: 4
[146.118s][debug][gc,phases      ] GC(17)     Dead                           Min: 0, Avg:  0.0, Max: 0, Diff: 0, Sum: 0, Workers: 4
[146.118s][debug][gc,phases      ] GC(17)     Total                          Min: 0, Avg:  0.0, Max: 0, Diff: 0, Sum: 0, Workers: 4
[146.118s][debug][gc,phases      ] GC(17)   StringDedup Requests0 Weak     Min:  0.0, Avg:  0.0, Max:  0.0, Diff:  0.0, Sum:  0.0, Workers: 4
[146.118s][debug][gc,phases      ] GC(17)     Dead                           Min: 0, Avg:  0.0, Max: 0, Diff: 0, Sum: 0, Workers: 4
[146.118s][debug][gc,phases      ] GC(17)     Total                          Min: 0, Avg:  0.0, Max: 0, Diff: 0, Sum: 0, Workers: 4
[146.118s][debug][gc,phases      ] GC(17)   StringDedup Requests1 Weak     Min:  0.0, Avg:  0.0, Max:  0.0, Diff:  0.0, Sum:  0.0, Workers: 4
[146.118s][debug][gc,phases      ] GC(17)     Dead                           Min: 0, Avg:  0.0, Max: 0, Diff: 0, Sum: 0, Workers: 4
[146.118s][debug][gc,phases      ] GC(17)     Total                          Min: 0, Avg:  0.0, Max: 0, Diff: 0, Sum: 0, Workers: 4
[146.118s][debug][gc,phases      ] GC(17)   Weak JFR Old Object Samples    Min:  0.0, Avg:  0.0, Max:  0.0, Diff:  0.0, Sum:  0.0, Workers: 4
[146.118s][debug][gc,phases      ] GC(17)     Dead                           Min: 0, Avg:  0.0, Max: 0, Diff: 0, Sum: 0, Workers: 4
[146.118s][debug][gc,phases      ] GC(17)     Total                          Min: 0, Avg:  0.0, Max: 0, Diff: 0, Sum: 0, Workers: 4
[146.118s][debug][gc,phases      ] GC(17) Weak Processing 0.453ms
[146.118s][debug][gc,age         ] GC(17) Desired survivor size 243269632 bytes, new threshold 1 (max threshold 15)
[146.118s][info ][gc,heap        ] GC(17) PSYoungGen: 1614096K(1853952K)->9296K(1850880K) Eden: 1607680K(1607680K)->0K(1607680K) From: 6416K(246272K)->9296K(243200K)
[146.118s][info ][gc,heap        ] GC(17) ParOldGen: 219273K(219648K)->222312K(222720K)
[146.118s][info ][gc,metaspace   ] GC(17) Metaspace: 103695K(104960K)->103695K(104960K) NonClass: 87888K(88576K)->87888K(88576K) Class: 15807K(16384K)->15807K(16384K)
[146.118s][info ][gc             ] GC(17) Pause Young (Allocation Failure) 1790M->226M(2025M) 8.468ms
[146.118s][info ][gc,cpu         ] GC(17) User=0.03s Sys=0.00s Real=0.01s
[146.118s][info ][safepoint      ] Safepoint "ParallelGCFailedAllocation", Time since last: 129034101 ns, Reaching safepoint: 7400 ns, Cleanup: 4500 ns, At safepoint: 8541976 ns, Total: 8553876 ns
[148.118s][info ][safepoint      ] Safepoint "Cleanup", Time since last: 2000190372 ns, Reaching safepoint: 102007 ns, Cleanup: 11101 ns, At safepoint: 8100 ns, Total: 121208 ns
[149.119s][info ][safepoint      ] Safepoint "Cleanup", Time since last: 1000129939 ns, Reaching safepoint: 84705 ns, Cleanup: 12901 ns, At safepoint: 7601 ns, Total: 105207 ns
[150.119s][info ][safepoint      ] Safepoint "Cleanup", Time since last: 1000124238 ns, Reaching safepoint: 81505 ns, Cleanup: 13401 ns, At safepoint: 6701 ns, Total: 101607 ns
[151.119s][info ][safepoint      ] Safepoint "Cleanup", Time since last: 1000108247 ns, Reaching safepoint: 80305 ns, Cleanup: 25302 ns, At safepoint: 7300 ns, Total: 112907 ns
[152.119s][info ][safepoint      ] Safepoint "Cleanup", Time since last: 1000114724 ns, Reaching safepoint: 79405 ns, Cleanup: 19901 ns, At safepoint: 6701 ns, Total: 106007 ns
[153.120s][info ][safepoint      ] Safepoint "Cleanup", Time since last: 1000112023 ns, Reaching safepoint: 78105 ns, Cleanup: 19301 ns, At safepoint: 7001 ns, Total: 104407 ns
[154.120s][info ][safepoint      ] Safepoint "Cleanup", Time since last: 1000149226 ns, Reaching safepoint: 83105 ns, Cleanup: 15101 ns, At safepoint: 7201 ns, Total: 105407 ns
[155.120s][info ][safepoint      ] Safepoint "Cleanup", Time since last: 1000122224 ns, Reaching safepoint: 79605 ns, Cleanup: 13401 ns, At safepoint: 7300 ns, Total: 100306 ns
[156.120s][info ][safepoint      ] Safepoint "Cleanup", Time since last: 1000133725 ns, Reaching safepoint: 84506 ns, Cleanup: 12601 ns, At safepoint: 8800 ns, Total: 105907 ns
[157.120s][info ][safepoint      ] Safepoint "Cleanup", Time since last: 1000130225 ns, Reaching safepoint: 80605 ns, Cleanup: 51203 ns, At safepoint: 7101 ns, Total: 138909 ns
[158.121s][info ][safepoint      ] Safepoint "Cleanup", Time since last: 1000113223 ns, Reaching safepoint: 80006 ns, Cleanup: 19301 ns, At safepoint: 7600 ns, Total: 106907 ns
[163.121s][info ][safepoint      ] Safepoint "Cleanup", Time since last: 5000438682 ns, Reaching safepoint: 90506 ns, Cleanup: 12501 ns, At safepoint: 9000 ns, Total: 112007 ns
[164.121s][info ][safepoint      ] Safepoint "Cleanup", Time since last: 1000124805 ns, Reaching safepoint: 78306 ns, Cleanup: 8700 ns, At safepoint: 5701 ns, Total: 92707 ns
[164.812s][info ][gc,start       ] GC(18) Pause Young (Allocation Failure)
[164.820s][debug][gc,phases      ] GC(18) Scavenge 7.829ms
[164.820s][debug][gc,ref         ] GC(18) ReferenceProcessor::execute queues: 1, RefProcThreadModel::Single, marks_oops_alive: false
[164.820s][debug][gc,ref         ] GC(18) Skipped KeepAliveFinalRefsPhase of Reference Processing: no references
[164.820s][debug][gc,ref         ] GC(18) ReferenceProcessor::execute queues: 1, RefProcThreadModel::Single, marks_oops_alive: false
[164.820s][debug][gc,phases      ] GC(18) Reference Processing 0.117ms
[164.820s][debug][gc,phases      ] GC(18)   VM Weak                        Min:  0.0, Avg:  0.0, Max:  0.0, Diff:  0.0, Sum:  0.0, Workers: 4
[164.820s][debug][gc,phases      ] GC(18)     Dead                           Min: 0, Avg:  0.0, Max: 0, Diff: 0, Sum: 0, Workers: 4
[164.820s][debug][gc,phases      ] GC(18)     Total                          Min: 0, Avg: 240.5, Max: 704, Diff: 704, Sum: 962, Workers: 4
[164.820s][debug][gc,phases      ] GC(18)   ObjectSynchronizer Weak        Min:  0.0, Avg:  0.0, Max:  0.0, Diff:  0.0, Sum:  0.0, Workers: 4
[164.820s][debug][gc,phases      ] GC(18)     Dead                           Min: 0, Avg:  0.0, Max: 0, Diff: 0, Sum: 0, Workers: 4
[164.820s][debug][gc,phases      ] GC(18)     Total                          Min: 0, Avg:  1.2, Max: 5, Diff: 5, Sum: 5, Workers: 4
[164.820s][debug][gc,phases      ] GC(18)   JVMTI Tag Weak OopStorage      Min:  0.0, Avg:  0.0, Max:  0.0, Diff:  0.0, Sum:  0.0, Workers: 4
[164.820s][debug][gc,phases      ] GC(18)     Dead                           Min: 0, Avg:  0.0, Max: 0, Diff: 0, Sum: 0, Workers: 4
[164.820s][debug][gc,phases      ] GC(18)     Total                          Min: 0, Avg:  0.0, Max: 0, Diff: 0, Sum: 0, Workers: 4
[164.820s][debug][gc,phases      ] GC(18)   StringTable Weak               Min:  0.1, Avg:  0.1, Max:  0.1, Diff:  0.0, Sum:  0.4, Workers: 4
[164.820s][debug][gc,phases      ] GC(18)     Dead                           Min: 0, Avg:  0.0, Max: 0, Diff: 0, Sum: 0, Workers: 4
[164.820s][debug][gc,phases      ] GC(18)     Total                          Min: 10304, Avg: 11395.2, Max: 12480, Diff: 2176, Sum: 45581, Workers: 4
[164.820s][debug][gc,phases      ] GC(18)   ResolvedMethodTable Weak       Min:  0.0, Avg:  0.0, Max:  0.0, Diff:  0.0, Sum:  0.2, Workers: 4
[164.820s][debug][gc,phases      ] GC(18)     Dead                           Min: 0, Avg:  4.0, Max: 12, Diff: 12, Sum: 16, Workers: 4
[164.820s][debug][gc,phases      ] GC(18)     Total                          Min: 3407, Avg: 3676.0, Max: 3920, Diff: 513, Sum: 14704, Workers: 4
[164.820s][debug][gc,phases      ] GC(18)   JNI Weak                       Min:  0.0, Avg:  0.0, Max:  0.0, Diff:  0.0, Sum:  0.0, Workers: 4
[164.820s][debug][gc,phases      ] GC(18)     Dead                           Min: 0, Avg:  0.0, Max: 0, Diff: 0, Sum: 0, Workers: 4
[164.820s][debug][gc,phases      ] GC(18)     Total                          Min: 0, Avg: 13.0, Max: 48, Diff: 48, Sum: 52, Workers: 4
[164.820s][debug][gc,phases      ] GC(18)   StringDedup Table Weak         Min:  0.0, Avg:  0.0, Max:  0.0, Diff:  0.0, Sum:  0.0, Workers: 4
[164.820s][debug][gc,phases      ] GC(18)     Dead                           Min: 0, Avg:  0.0, Max: 0, Diff: 0, Sum: 0, Workers: 4
[164.820s][debug][gc,phases      ] GC(18)     Total                          Min: 0, Avg:  0.0, Max: 0, Diff: 0, Sum: 0, Workers: 4
[164.820s][debug][gc,phases      ] GC(18)   StringDedup Requests0 Weak     Min:  0.0, Avg:  0.0, Max:  0.0, Diff:  0.0, Sum:  0.0, Workers: 4
[164.820s][debug][gc,phases      ] GC(18)     Dead                           Min: 0, Avg:  0.0, Max: 0, Diff: 0, Sum: 0, Workers: 4
[164.820s][debug][gc,phases      ] GC(18)     Total                          Min: 0, Avg:  0.0, Max: 0, Diff: 0, Sum: 0, Workers: 4
[164.820s][debug][gc,phases      ] GC(18)   StringDedup Requests1 Weak     Min:  0.0, Avg:  0.0, Max:  0.0, Diff:  0.0, Sum:  0.0, Workers: 4
[164.820s][debug][gc,phases      ] GC(18)     Dead                           Min: 0, Avg:  0.0, Max: 0, Diff: 0, Sum: 0, Workers: 4
[164.820s][debug][gc,phases      ] GC(18)     Total                          Min: 0, Avg:  0.0, Max: 0, Diff: 0, Sum: 0, Workers: 4
[164.820s][debug][gc,phases      ] GC(18)   Weak JFR Old Object Samples    Min:  0.0, Avg:  0.0, Max:  0.0, Diff:  0.0, Sum:  0.0, Workers: 4
[164.820s][debug][gc,phases      ] GC(18)     Dead                           Min: 0, Avg:  0.0, Max: 0, Diff: 0, Sum: 0, Workers: 4
[164.820s][debug][gc,phases      ] GC(18)     Total                          Min: 0, Avg:  0.0, Max: 0, Diff: 0, Sum: 0, Workers: 4
[164.820s][debug][gc,phases      ] GC(18) Weak Processing 0.400ms
[164.820s][debug][gc,age         ] GC(18) Desired survivor size 236978176 bytes, new threshold 1 (max threshold 15)
[164.820s][info ][gc,heap        ] GC(18) PSYoungGen: 1616976K(1850880K)->6577K(1865728K) Eden: 1607680K(1607680K)->0K(1628160K) From: 9296K(243200K)->6577K(237568K)
[164.820s][info ][gc,heap        ] GC(18) ParOldGen: 222312K(222720K)->228056K(228352K)
[164.820s][info ][gc,metaspace   ] GC(18) Metaspace: 103776K(105088K)->103776K(105088K) NonClass: 87963K(88704K)->87963K(88704K) Class: 15813K(16384K)->15813K(16384K)
[164.820s][info ][gc             ] GC(18) Pause Young (Allocation Failure) 1796M->229M(2045M) 8.494ms
[164.820s][info ][gc,cpu         ] GC(18) User=0.03s Sys=0.01s Real=0.01s
[164.820s][info ][safepoint      ] Safepoint "ParallelGCFailedAllocation", Time since last: 690233543 ns, Reaching safepoint: 82305 ns, Cleanup: 17702 ns, At safepoint: 8576874 ns, Total: 8676881 ns
[166.821s][info ][safepoint      ] Safepoint "Cleanup", Time since last: 2000195607 ns, Reaching safepoint: 112407 ns, Cleanup: 19001 ns, At safepoint: 10301 ns, Total: 141709 ns
[167.821s][info ][safepoint      ] Safepoint "Cleanup", Time since last: 1000140536 ns, Reaching safepoint: 101507 ns, Cleanup: 12300 ns, At safepoint: 9101 ns, Total: 122908 ns
[168.821s][info ][safepoint      ] Safepoint "Cleanup", Time since last: 1000138640 ns, Reaching safepoint: 98106 ns, Cleanup: 18201 ns, At safepoint: 7901 ns, Total: 124208 ns
[169.821s][info ][safepoint      ] Safepoint "Cleanup", Time since last: 1000124639 ns, Reaching safepoint: 82605 ns, Cleanup: 12101 ns, At safepoint: 8801 ns, Total: 103507 ns
[172.822s][info ][safepoint      ] Safepoint "Cleanup", Time since last: 3000283711 ns, Reaching safepoint: 78505 ns, Cleanup: 10901 ns, At safepoint: 5801 ns, Total: 95207 ns
[173.822s][info ][safepoint      ] Safepoint "Cleanup", Time since last: 1000121896 ns, Reaching safepoint: 6701 ns, Cleanup: 16401 ns, At safepoint: 2900 ns, Total: 26002 ns
[175.822s][info ][safepoint      ] Safepoint "Cleanup", Time since last: 2000209596 ns, Reaching safepoint: 89306 ns, Cleanup: 12800 ns, At safepoint: 6801 ns, Total: 108907 ns
[177.823s][info ][safepoint      ] Safepoint "Cleanup", Time since last: 2000224529 ns, Reaching safepoint: 85606 ns, Cleanup: 10601 ns, At safepoint: 7200 ns, Total: 103407 ns
[178.823s][info ][safepoint      ] Safepoint "Cleanup", Time since last: 1000126866 ns, Reaching safepoint: 81105 ns, Cleanup: 11001 ns, At safepoint: 6801 ns, Total: 98907 ns
[179.823s][info ][safepoint      ] Safepoint "Cleanup", Time since last: 1000122465 ns, Reaching safepoint: 79505 ns, Cleanup: 10501 ns, At safepoint: 6300 ns, Total: 96306 ns
[181.084s][info ][safepoint      ] Safepoint "Cleanup", Time since last: 1260651828 ns, Reaching safepoint: 10100 ns, Cleanup: 11301 ns, At safepoint: 3500 ns, Total: 24901 ns
[182.084s][info ][safepoint      ] Safepoint "Cleanup", Time since last: 1000118966 ns, Reaching safepoint: 6300 ns, Cleanup: 13801 ns, At safepoint: 2300 ns, Total: 22401 ns
[183.084s][info ][safepoint      ] Safepoint "Cleanup", Time since last: 1000113171 ns, Reaching safepoint: 6400 ns, Cleanup: 10701 ns, At safepoint: 2800 ns, Total: 19901 ns
[184.084s][info ][safepoint      ] Safepoint "Cleanup", Time since last: 1000115550 ns, Reaching safepoint: 8501 ns, Cleanup: 16001 ns, At safepoint: 3100 ns, Total: 27602 ns
[185.712s][info ][gc,start       ] GC(19) Pause Young (Allocation Failure)
[185.718s][debug][gc,phases      ] GC(19) Scavenge 5.388ms
[185.718s][debug][gc,ref         ] GC(19) ReferenceProcessor::execute queues: 1, RefProcThreadModel::Single, marks_oops_alive: false
[185.718s][debug][gc,ref         ] GC(19) Skipped KeepAliveFinalRefsPhase of Reference Processing: no references
[185.718s][debug][gc,ref         ] GC(19) Skipped PhantomRefsPhase of Reference Processing: no references
[185.718s][debug][gc,phases      ] GC(19) Reference Processing 0.111ms
[185.718s][debug][gc,phases      ] GC(19)   VM Weak                        Min:  0.0, Avg:  0.0, Max:  0.0, Diff:  0.0, Sum:  0.0, Workers: 4
[185.718s][debug][gc,phases      ] GC(19)     Dead                           Min: 0, Avg:  0.0, Max: 0, Diff: 0, Sum: 0, Workers: 4
[185.718s][debug][gc,phases      ] GC(19)     Total                          Min: 0, Avg: 240.5, Max: 704, Diff: 704, Sum: 962, Workers: 4
[185.718s][debug][gc,phases      ] GC(19)   ObjectSynchronizer Weak        Min:  0.0, Avg:  0.0, Max:  0.0, Diff:  0.0, Sum:  0.0, Workers: 4
[185.718s][debug][gc,phases      ] GC(19)     Dead                           Min: 0, Avg:  0.0, Max: 0, Diff: 0, Sum: 0, Workers: 4
[185.718s][debug][gc,phases      ] GC(19)     Total                          Min: 0, Avg:  0.8, Max: 3, Diff: 3, Sum: 3, Workers: 4
[185.718s][debug][gc,phases      ] GC(19)   JVMTI Tag Weak OopStorage      Min:  0.0, Avg:  0.0, Max:  0.0, Diff:  0.0, Sum:  0.0, Workers: 4
[185.718s][debug][gc,phases      ] GC(19)     Dead                           Min: 0, Avg:  0.0, Max: 0, Diff: 0, Sum: 0, Workers: 4
[185.718s][debug][gc,phases      ] GC(19)     Total                          Min: 0, Avg:  0.0, Max: 0, Diff: 0, Sum: 0, Workers: 4
[185.718s][debug][gc,phases      ] GC(19)   StringTable Weak               Min:  0.0, Avg:  0.1, Max:  0.1, Diff:  0.1, Sum:  0.4, Workers: 4
[185.718s][debug][gc,phases      ] GC(19)     Dead                           Min: 0, Avg:  0.0, Max: 0, Diff: 0, Sum: 0, Workers: 4
[185.718s][debug][gc,phases      ] GC(19)     Total                          Min: 0, Avg: 11398.0, Max: 17408, Diff: 17408, Sum: 45592, Workers: 4
[185.718s][debug][gc,phases      ] GC(19)   ResolvedMethodTable Weak       Min:  0.0, Avg:  0.0, Max:  0.0, Diff:  0.0, Sum:  0.1, Workers: 4
[185.718s][debug][gc,phases      ] GC(19)     Dead                           Min: 0, Avg:  4.0, Max: 11, Diff: 11, Sum: 16, Workers: 4
[185.718s][debug][gc,phases      ] GC(19)     Total                          Min: 0, Avg: 3676.0, Max: 5173, Diff: 5173, Sum: 14704, Workers: 4
[185.718s][debug][gc,phases      ] GC(19)   JNI Weak                       Min:  0.0, Avg:  0.0, Max:  0.0, Diff:  0.0, Sum:  0.0, Workers: 4
[185.718s][debug][gc,phases      ] GC(19)     Dead                           Min: 0, Avg:  0.0, Max: 0, Diff: 0, Sum: 0, Workers: 4
[185.718s][debug][gc,phases      ] GC(19)     Total                          Min: 0, Avg: 13.0, Max: 48, Diff: 48, Sum: 52, Workers: 4
[185.718s][debug][gc,phases      ] GC(19)   StringDedup Table Weak         Min:  0.0, Avg:  0.0, Max:  0.0, Diff:  0.0, Sum:  0.0, Workers: 4
[185.718s][debug][gc,phases      ] GC(19)     Dead                           Min: 0, Avg:  0.0, Max: 0, Diff: 0, Sum: 0, Workers: 4
[185.718s][debug][gc,phases      ] GC(19)     Total                          Min: 0, Avg:  0.0, Max: 0, Diff: 0, Sum: 0, Workers: 4
[185.718s][debug][gc,phases      ] GC(19)   StringDedup Requests0 Weak     Min:  0.0, Avg:  0.0, Max:  0.0, Diff:  0.0, Sum:  0.0, Workers: 4
[185.718s][debug][gc,phases      ] GC(19)     Dead                           Min: 0, Avg:  0.0, Max: 0, Diff: 0, Sum: 0, Workers: 4
[185.718s][debug][gc,phases      ] GC(19)     Total                          Min: 0, Avg:  0.0, Max: 0, Diff: 0, Sum: 0, Workers: 4
[185.718s][debug][gc,phases      ] GC(19)   StringDedup Requests1 Weak     Min:  0.0, Avg:  0.0, Max:  0.0, Diff:  0.0, Sum:  0.0, Workers: 4
[185.718s][debug][gc,phases      ] GC(19)     Dead                           Min: 0, Avg:  0.0, Max: 0, Diff: 0, Sum: 0, Workers: 4
[185.718s][debug][gc,phases      ] GC(19)     Total                          Min: 0, Avg:  0.0, Max: 0, Diff: 0, Sum: 0, Workers: 4
[185.718s][debug][gc,phases      ] GC(19)   Weak JFR Old Object Samples    Min:  0.0, Avg:  0.0, Max:  0.0, Diff:  0.0, Sum:  0.0, Workers: 4
[185.718s][debug][gc,phases      ] GC(19)     Dead                           Min: 0, Avg:  0.0, Max: 0, Diff: 0, Sum: 0, Workers: 4
[185.718s][debug][gc,phases      ] GC(19)     Total                          Min: 0, Avg:  0.0, Max: 0, Diff: 0, Sum: 0, Workers: 4
[185.718s][debug][gc,phases      ] GC(19) Weak Processing 0.427ms
[185.718s][debug][gc,age         ] GC(19) Desired survivor size 230162432 bytes, new threshold 1 (max threshold 15)
[185.718s][info ][gc,heap        ] GC(19) PSYoungGen: 1634737K(1865728K)->3920K(1859584K) Eden: 1628160K(1628160K)->0K(1628160K) From: 6577K(237568K)->3920K(231424K)
[185.718s][info ][gc,heap        ] GC(19) ParOldGen: 228056K(228352K)->231494K(231936K)
[185.718s][info ][gc,metaspace   ] GC(19) Metaspace: 103816K(105088K)->103816K(105088K) NonClass: 88002K(88704K)->88002K(88704K) Class: 15813K(16384K)->15813K(16384K)
[185.718s][info ][gc             ] GC(19) Pause Young (Allocation Failure) 1819M->229M(2042M) 6.068ms
[185.718s][info ][gc,cpu         ] GC(19) User=0.01s Sys=0.00s Real=0.01s
[185.718s][info ][safepoint      ] Safepoint "ParallelGCFailedAllocation", Time since last: 1627753928 ns, Reaching safepoint: 85006 ns, Cleanup: 4900 ns, At safepoint: 6147912 ns, Total: 6237818 ns
[186.718s][info ][safepoint      ] Safepoint "Cleanup", Time since last: 1000095249 ns, Reaching safepoint: 79005 ns, Cleanup: 11501 ns, At safepoint: 6800 ns, Total: 97306 ns
[188.719s][info ][safepoint      ] Safepoint "Cleanup", Time since last: 2000202098 ns, Reaching safepoint: 84106 ns, Cleanup: 11000 ns, At safepoint: 7801 ns, Total: 102907 ns
[189.719s][info ][safepoint      ] Safepoint "Cleanup", Time since last: 1000137951 ns, Reaching safepoint: 83906 ns, Cleanup: 9600 ns, At safepoint: 6501 ns, Total: 100007 ns
[190.719s][info ][safepoint      ] Safepoint "Cleanup", Time since last: 1000143152 ns, Reaching safepoint: 83005 ns, Cleanup: 9801 ns, At safepoint: 33102 ns, Total: 125908 ns
[191.719s][info ][safepoint      ] Safepoint "Cleanup", Time since last: 1000126878 ns, Reaching safepoint: 83905 ns, Cleanup: 12601 ns, At safepoint: 7601 ns, Total: 104107 ns
[192.720s][info ][safepoint      ] Safepoint "Cleanup", Time since last: 1000143416 ns, Reaching safepoint: 84006 ns, Cleanup: 13100 ns, At safepoint: 7301 ns, Total: 104407 ns
[193.720s][info ][safepoint      ] Safepoint "Cleanup", Time since last: 1000144417 ns, Reaching safepoint: 85005 ns, Cleanup: 9901 ns, At safepoint: 7500 ns, Total: 102406 ns
[194.720s][info ][safepoint      ] Safepoint "Cleanup", Time since last: 1000129816 ns, Reaching safepoint: 82005 ns, Cleanup: 14201 ns, At safepoint: 7301 ns, Total: 103507 ns
[195.720s][info ][safepoint      ] Safepoint "Cleanup", Time since last: 1000160817 ns, Reaching safepoint: 84506 ns, Cleanup: 10401 ns, At safepoint: 7700 ns, Total: 102607 ns
[196.721s][info ][safepoint      ] Safepoint "Cleanup", Time since last: 1000140116 ns, Reaching safepoint: 84506 ns, Cleanup: 22201 ns, At safepoint: 7301 ns, Total: 114008 ns
[197.721s][info ][safepoint      ] Safepoint "Cleanup", Time since last: 1000131416 ns, Reaching safepoint: 79505 ns, Cleanup: 12101 ns, At safepoint: 6600 ns, Total: 98206 ns
[198.721s][info ][safepoint      ] Safepoint "Cleanup", Time since last: 1000151017 ns, Reaching safepoint: 83706 ns, Cleanup: 14201 ns, At safepoint: 7400 ns, Total: 105307 ns
[199.721s][info ][safepoint      ] Safepoint "Cleanup", Time since last: 1000142840 ns, Reaching safepoint: 82706 ns, Cleanup: 12901 ns, At safepoint: 6900 ns, Total: 102507 ns
[201.722s][info ][safepoint      ] Safepoint "Cleanup", Time since last: 2000205058 ns, Reaching safepoint: 82806 ns, Cleanup: 10701 ns, At safepoint: 7300 ns, Total: 100807 ns
[202.722s][info ][safepoint      ] Safepoint "Cleanup", Time since last: 1000121030 ns, Reaching safepoint: 81806 ns, Cleanup: 16201 ns, At safepoint: 7000 ns, Total: 105007 ns
[204.722s][info ][safepoint      ] Safepoint "Cleanup", Time since last: 2000253462 ns, Reaching safepoint: 82505 ns, Cleanup: 11701 ns, At safepoint: 7301 ns, Total: 101507 ns
[205.722s][info ][safepoint      ] Safepoint "Cleanup", Time since last: 1000143732 ns, Reaching safepoint: 6700 ns, Cleanup: 15301 ns, At safepoint: 2800 ns, Total: 24801 ns
[205.919s][info ][gc,start       ] GC(20) Pause Young (Allocation Failure)
[205.923s][debug][gc,phases      ] GC(20) Scavenge 3.909ms
[205.923s][debug][gc,ref         ] GC(20) ReferenceProcessor::execute queues: 1, RefProcThreadModel::Single, marks_oops_alive: false
[205.923s][debug][gc,ref         ] GC(20) Skipped KeepAliveFinalRefsPhase of Reference Processing: no references
[205.923s][debug][gc,ref         ] GC(20) ReferenceProcessor::execute queues: 1, RefProcThreadModel::Single, marks_oops_alive: false
[205.923s][debug][gc,phases      ] GC(20) Reference Processing 0.114ms
[205.923s][debug][gc,phases      ] GC(20)   VM Weak                        Min:  0.0, Avg:  0.0, Max:  0.0, Diff:  0.0, Sum:  0.0, Workers: 4
[205.923s][debug][gc,phases      ] GC(20)     Dead                           Min: 0, Avg:  0.0, Max: 0, Diff: 0, Sum: 0, Workers: 4
[205.923s][debug][gc,phases      ] GC(20)     Total                          Min: 0, Avg: 240.5, Max: 896, Diff: 896, Sum: 962, Workers: 4
[205.923s][debug][gc,phases      ] GC(20)   ObjectSynchronizer Weak        Min:  0.0, Avg:  0.0, Max:  0.0, Diff:  0.0, Sum:  0.0, Workers: 4
[205.923s][debug][gc,phases      ] GC(20)     Dead                           Min: 0, Avg:  0.0, Max: 0, Diff: 0, Sum: 0, Workers: 4
[205.923s][debug][gc,phases      ] GC(20)     Total                          Min: 0, Avg:  0.8, Max: 3, Diff: 3, Sum: 3, Workers: 4
[205.923s][debug][gc,phases      ] GC(20)   JVMTI Tag Weak OopStorage      Min:  0.0, Avg:  0.0, Max:  0.0, Diff:  0.0, Sum:  0.0, Workers: 4
[205.923s][debug][gc,phases      ] GC(20)     Dead                           Min: 0, Avg:  0.0, Max: 0, Diff: 0, Sum: 0, Workers: 4
[205.923s][debug][gc,phases      ] GC(20)     Total                          Min: 0, Avg:  0.0, Max: 0, Diff: 0, Sum: 0, Workers: 4
[205.923s][debug][gc,phases      ] GC(20)   StringTable Weak               Min:  0.0, Avg:  0.1, Max:  0.1, Diff:  0.1, Sum:  0.4, Workers: 4
[205.923s][debug][gc,phases      ] GC(20)     Dead                           Min: 0, Avg:  0.2, Max: 1, Diff: 1, Sum: 1, Workers: 4
[205.923s][debug][gc,phases      ] GC(20)     Total                          Min: 0, Avg: 11398.8, Max: 16384, Diff: 16384, Sum: 45595, Workers: 4
[205.923s][debug][gc,phases      ] GC(20)   ResolvedMethodTable Weak       Min:  0.0, Avg:  0.0, Max:  0.0, Diff:  0.0, Sum:  0.1, Workers: 4
[205.923s][debug][gc,phases      ] GC(20)     Dead                           Min: 0, Avg:  4.0, Max: 16, Diff: 16, Sum: 16, Workers: 4
[205.923s][debug][gc,phases      ] GC(20)     Total                          Min: 0, Avg: 3676.2, Max: 5342, Diff: 5342, Sum: 14705, Workers: 4
[205.923s][debug][gc,phases      ] GC(20)   JNI Weak                       Min:  0.0, Avg:  0.0, Max:  0.0, Diff:  0.0, Sum:  0.0, Workers: 4
[205.923s][debug][gc,phases      ] GC(20)     Dead                           Min: 0, Avg:  0.0, Max: 0, Diff: 0, Sum: 0, Workers: 4
[205.923s][debug][gc,phases      ] GC(20)     Total                          Min: 0, Avg: 13.0, Max: 48, Diff: 48, Sum: 52, Workers: 4
[205.923s][debug][gc,phases      ] GC(20)   StringDedup Table Weak         Min:  0.0, Avg:  0.0, Max:  0.0, Diff:  0.0, Sum:  0.0, Workers: 4
[205.923s][debug][gc,phases      ] GC(20)     Dead                           Min: 0, Avg:  0.0, Max: 0, Diff: 0, Sum: 0, Workers: 4
[205.923s][debug][gc,phases      ] GC(20)     Total                          Min: 0, Avg:  0.0, Max: 0, Diff: 0, Sum: 0, Workers: 4
[205.923s][debug][gc,phases      ] GC(20)   StringDedup Requests0 Weak     Min:  0.0, Avg:  0.0, Max:  0.0, Diff:  0.0, Sum:  0.0, Workers: 4
[205.923s][debug][gc,phases      ] GC(20)     Dead                           Min: 0, Avg:  0.0, Max: 0, Diff: 0, Sum: 0, Workers: 4
[205.923s][debug][gc,phases      ] GC(20)     Total                          Min: 0, Avg:  0.0, Max: 0, Diff: 0, Sum: 0, Workers: 4
[205.923s][debug][gc,phases      ] GC(20)   StringDedup Requests1 Weak     Min:  0.0, Avg:  0.0, Max:  0.0, Diff:  0.0, Sum:  0.0, Workers: 4
[205.923s][debug][gc,phases      ] GC(20)     Dead                           Min: 0, Avg:  0.0, Max: 0, Diff: 0, Sum: 0, Workers: 4
[205.923s][debug][gc,phases      ] GC(20)     Total                          Min: 0, Avg:  0.0, Max: 0, Diff: 0, Sum: 0, Workers: 4
[205.923s][debug][gc,phases      ] GC(20)   Weak JFR Old Object Samples    Min:  0.0, Avg:  0.0, Max:  0.0, Diff:  0.0, Sum:  0.0, Workers: 4
[205.923s][debug][gc,phases      ] GC(20)     Dead                           Min: 0, Avg:  0.0, Max: 0, Diff: 0, Sum: 0, Workers: 4
[205.923s][debug][gc,phases      ] GC(20)     Total                          Min: 0, Avg:  0.0, Max: 0, Diff: 0, Sum: 0, Workers: 4
[205.923s][debug][gc,phases      ] GC(20) Weak Processing 0.421ms
[205.923s][debug][gc,age         ] GC(20) Desired survivor size 222298112 bytes, new threshold 1 (max threshold 15)
[205.923s][info ][gc,heap        ] GC(20) PSYoungGen: 1632080K(1859584K)->3824K(1880064K) Eden: 1628160K(1628160K)->0K(1655296K) From: 3920K(231424K)->3824K(224768K)
[205.923s][info ][gc,heap        ] GC(20) ParOldGen: 231494K(231936K)->232202K(232448K)
[205.923s][info ][gc,metaspace   ] GC(20) Metaspace: 103860K(105152K)->103860K(105152K) NonClass: 88046K(88768K)->88046K(88768K) Class: 15814K(16384K)->15814K(16384K)
[205.923s][info ][gc             ] GC(20) Pause Young (Allocation Failure) 1819M->230M(2063M) 4.588ms
[205.923s][info ][gc,cpu         ] GC(20) User=0.02s Sys=0.00s Real=0.01s
[205.923s][info ][safepoint      ] Safepoint "ParallelGCFailedAllocation", Time since last: 196231513 ns, Reaching safepoint: 6600 ns, Cleanup: 4001 ns, At safepoint: 4661111 ns, Total: 4671712 ns
[210.924s][info ][safepoint      ] Safepoint "Cleanup", Time since last: 5000394493 ns, Reaching safepoint: 6801 ns, Cleanup: 12801 ns, At safepoint: 2900 ns, Total: 22502 ns
[211.924s][info ][safepoint      ] Safepoint "Cleanup", Time since last: 1000129869 ns, Reaching safepoint: 80206 ns, Cleanup: 17401 ns, At safepoint: 7200 ns, Total: 104807 ns
[215.924s][info ][safepoint      ] Safepoint "Cleanup", Time since last: 4000340123 ns, Reaching safepoint: 77605 ns, Cleanup: 25701 ns, At safepoint: 8101 ns, Total: 111407 ns
[216.925s][info ][safepoint      ] Safepoint "Cleanup", Time since last: 1000140213 ns, Reaching safepoint: 83605 ns, Cleanup: 29402 ns, At safepoint: 8001 ns, Total: 121008 ns
[217.925s][info ][safepoint      ] Safepoint "Cleanup", Time since last: 1000126012 ns, Reaching safepoint: 77105 ns, Cleanup: 13100 ns, At safepoint: 5401 ns, Total: 95606 ns
[218.925s][info ][safepoint      ] Safepoint "Cleanup", Time since last: 1000139913 ns, Reaching safepoint: 96406 ns, Cleanup: 16801 ns, At safepoint: 8001 ns, Total: 121208 ns
[219.925s][info ][safepoint      ] Safepoint "Cleanup", Time since last: 1000119111 ns, Reaching safepoint: 77905 ns, Cleanup: 10001 ns, At safepoint: 5900 ns, Total: 93806 ns
[220.926s][info ][safepoint      ] Safepoint "Cleanup", Time since last: 1000127312 ns, Reaching safepoint: 79205 ns, Cleanup: 17401 ns, At safepoint: 6101 ns, Total: 102707 ns
[221.926s][info ][safepoint      ] Safepoint "Cleanup", Time since last: 1000118811 ns, Reaching safepoint: 7101 ns, Cleanup: 25801 ns, At safepoint: 2801 ns, Total: 35703 ns
[222.926s][info ][safepoint      ] Safepoint "Cleanup", Time since last: 1000111499 ns, Reaching safepoint: 81905 ns, Cleanup: 51004 ns, At safepoint: 9000 ns, Total: 141909 ns
[223.926s][info ][safepoint      ] Safepoint "Cleanup", Time since last: 1000127321 ns, Reaching safepoint: 84206 ns, Cleanup: 76905 ns, At safepoint: 9901 ns, Total: 171012 ns
[224.414s][info ][gc,start       ] GC(21) Pause Young (Allocation Failure)
[224.424s][debug][gc,phases      ] GC(21) Scavenge 10.927ms
[224.425s][debug][gc,ref         ] GC(21) ReferenceProcessor::execute queues: 1, RefProcThreadModel::Single, marks_oops_alive: false
[224.425s][debug][gc,ref         ] GC(21) Skipped KeepAliveFinalRefsPhase of Reference Processing: no references
[224.425s][debug][gc,ref         ] GC(21) ReferenceProcessor::execute queues: 1, RefProcThreadModel::Single, marks_oops_alive: false
[224.425s][debug][gc,phases      ] GC(21) Reference Processing 0.119ms
[224.425s][debug][gc,phases      ] GC(21)   VM Weak                        Min:  0.0, Avg:  0.0, Max:  0.0, Diff:  0.0, Sum:  0.0, Workers: 4
[224.425s][debug][gc,phases      ] GC(21)     Dead                           Min: 0, Avg:  0.0, Max: 0, Diff: 0, Sum: 0, Workers: 4
[224.425s][debug][gc,phases      ] GC(21)     Total                          Min: 0, Avg: 241.5, Max: 710, Diff: 710, Sum: 966, Workers: 4
[224.425s][debug][gc,phases      ] GC(21)   ObjectSynchronizer Weak        Min:  0.0, Avg:  0.0, Max:  0.0, Diff:  0.0, Sum:  0.0, Workers: 4
[224.425s][debug][gc,phases      ] GC(21)     Dead                           Min: 0, Avg:  0.0, Max: 0, Diff: 0, Sum: 0, Workers: 4
[224.425s][debug][gc,phases      ] GC(21)     Total                          Min: 0, Avg:  1.2, Max: 5, Diff: 5, Sum: 5, Workers: 4
[224.425s][debug][gc,phases      ] GC(21)   JVMTI Tag Weak OopStorage      Min:  0.0, Avg:  0.0, Max:  0.0, Diff:  0.0, Sum:  0.0, Workers: 4
[224.425s][debug][gc,phases      ] GC(21)     Dead                           Min: 0, Avg:  0.0, Max: 0, Diff: 0, Sum: 0, Workers: 4
[224.425s][debug][gc,phases      ] GC(21)     Total                          Min: 0, Avg:  0.0, Max: 0, Diff: 0, Sum: 0, Workers: 4
[224.425s][debug][gc,phases      ] GC(21)   StringTable Weak               Min:  0.0, Avg:  0.1, Max:  0.1, Diff:  0.1, Sum:  0.4, Workers: 4
[224.425s][debug][gc,phases      ] GC(21)     Dead                           Min: 0, Avg:  0.2, Max: 1, Diff: 1, Sum: 1, Workers: 4
[224.425s][debug][gc,phases      ] GC(21)     Total                          Min: 0, Avg: 11407.5, Max: 16959, Diff: 16959, Sum: 45630, Workers: 4
[224.425s][debug][gc,phases      ] GC(21)   ResolvedMethodTable Weak       Min:  0.0, Avg:  0.0, Max:  0.0, Diff:  0.0, Sum:  0.1, Workers: 4
[224.425s][debug][gc,phases      ] GC(21)     Dead                           Min: 0, Avg:  1.5, Max: 6, Diff: 6, Sum: 6, Workers: 4
[224.425s][debug][gc,phases      ] GC(21)     Total                          Min: 0, Avg: 3685.5, Max: 5243, Diff: 5243, Sum: 14742, Workers: 4
[224.425s][debug][gc,phases      ] GC(21)   JNI Weak                       Min:  0.0, Avg:  0.0, Max:  0.0, Diff:  0.0, Sum:  0.0, Workers: 4
[224.425s][debug][gc,phases      ] GC(21)     Dead                           Min: 0, Avg:  0.0, Max: 0, Diff: 0, Sum: 0, Workers: 4
[224.425s][debug][gc,phases      ] GC(21)     Total                          Min: 0, Avg: 13.8, Max: 48, Diff: 48, Sum: 55, Workers: 4
[224.425s][debug][gc,phases      ] GC(21)   StringDedup Table Weak         Min:  0.0, Avg:  0.0, Max:  0.0, Diff:  0.0, Sum:  0.0, Workers: 4
[224.425s][debug][gc,phases      ] GC(21)     Dead                           Min: 0, Avg:  0.0, Max: 0, Diff: 0, Sum: 0, Workers: 4
[224.425s][debug][gc,phases      ] GC(21)     Total                          Min: 0, Avg:  0.0, Max: 0, Diff: 0, Sum: 0, Workers: 4
[224.425s][debug][gc,phases      ] GC(21)   StringDedup Requests0 Weak     Min:  0.0, Avg:  0.0, Max:  0.0, Diff:  0.0, Sum:  0.0, Workers: 4
[224.425s][debug][gc,phases      ] GC(21)     Dead                           Min: 0, Avg:  0.0, Max: 0, Diff: 0, Sum: 0, Workers: 4
[224.425s][debug][gc,phases      ] GC(21)     Total                          Min: 0, Avg:  0.0, Max: 0, Diff: 0, Sum: 0, Workers: 4
[224.425s][debug][gc,phases      ] GC(21)   StringDedup Requests1 Weak     Min:  0.0, Avg:  0.0, Max:  0.0, Diff:  0.0, Sum:  0.0, Workers: 4
[224.425s][debug][gc,phases      ] GC(21)     Dead                           Min: 0, Avg:  0.0, Max: 0, Diff: 0, Sum: 0, Workers: 4
[224.425s][debug][gc,phases      ] GC(21)     Total                          Min: 0, Avg:  0.0, Max: 0, Diff: 0, Sum: 0, Workers: 4
[224.425s][debug][gc,phases      ] GC(21)   Weak JFR Old Object Samples    Min:  0.0, Avg:  0.0, Max:  0.0, Diff:  0.0, Sum:  0.0, Workers: 4
[224.425s][debug][gc,phases      ] GC(21)     Dead                           Min: 0, Avg:  0.0, Max: 0, Diff: 0, Sum: 0, Workers: 4
[224.425s][debug][gc,phases      ] GC(21)     Total                          Min: 0, Avg:  0.0, Max: 0, Diff: 0, Sum: 0, Workers: 4
[224.425s][debug][gc,phases      ] GC(21) Weak Processing 0.430ms
[224.425s][debug][gc,age         ] GC(21) Desired survivor size 212860928 bytes, new threshold 1 (max threshold 15)
[224.425s][info ][gc,heap        ] GC(21) PSYoungGen: 1659120K(1880064K)->10759K(1872384K) Eden: 1655296K(1655296K)->0K(1655296K) From: 3824K(224768K)->10759K(217088K)
[224.425s][info ][gc,heap        ] GC(21) ParOldGen: 232202K(232448K)->232670K(232960K)
[224.425s][info ][gc,metaspace   ] GC(21) Metaspace: 103943K(105216K)->103943K(105216K) NonClass: 88118K(88832K)->88118K(88832K) Class: 15824K(16384K)->15824K(16384K)
[224.425s][info ][gc             ] GC(21) Pause Young (Allocation Failure) 1846M->237M(2056M) 11.624ms
[224.425s][info ][gc,cpu         ] GC(21) User=0.03s Sys=0.01s Real=0.02s
[224.425s][info ][safepoint      ] Safepoint "ParallelGCFailedAllocation", Time since last: 486991083 ns, Reaching safepoint: 83806 ns, Cleanup: 31302 ns, At safepoint: 11718984 ns, Total: 11834092 ns
[226.309s][info ][safepoint      ] Safepoint "Cleanup", Time since last: 1883918548 ns, Reaching safepoint: 7901 ns, Cleanup: 111207 ns, At safepoint: 2700 ns, Total: 121808 ns
[227.309s][info ][safepoint      ] Safepoint "Cleanup", Time since last: 1000123116 ns, Reaching safepoint: 8601 ns, Cleanup: 43903 ns, At safepoint: 2500 ns, Total: 55004 ns
[228.310s][info ][safepoint      ] Safepoint "Cleanup", Time since last: 1000122116 ns, Reaching safepoint: 81805 ns, Cleanup: 77805 ns, At safepoint: 7601 ns, Total: 167211 ns
[229.310s][info ][safepoint      ] Safepoint "Cleanup", Time since last: 1000118616 ns, Reaching safepoint: 80305 ns, Cleanup: 10001 ns, At safepoint: 5400 ns, Total: 95706 ns
[230.310s][info ][safepoint      ] Safepoint "Cleanup", Time since last: 1000109915 ns, Reaching safepoint: 58204 ns, Cleanup: 43003 ns, At safepoint: 6900 ns, Total: 108107 ns
[231.310s][info ][safepoint      ] Safepoint "Cleanup", Time since last: 1000119338 ns, Reaching safepoint: 84306 ns, Cleanup: 31502 ns, At safepoint: 6800 ns, Total: 122608 ns
[232.311s][info ][safepoint      ] Safepoint "Cleanup", Time since last: 1000155651 ns, Reaching safepoint: 81305 ns, Cleanup: 35502 ns, At safepoint: 7100 ns, Total: 123907 ns
[233.311s][info ][safepoint      ] Safepoint "Cleanup", Time since last: 1000135850 ns, Reaching safepoint: 100406 ns, Cleanup: 24402 ns, At safepoint: 7900 ns, Total: 132708 ns
[234.311s][info ][safepoint      ] Safepoint "Cleanup", Time since last: 1000145150 ns, Reaching safepoint: 84905 ns, Cleanup: 11701 ns, At safepoint: 6400 ns, Total: 103006 ns
[235.311s][info ][safepoint      ] Safepoint "Cleanup", Time since last: 1000131350 ns, Reaching safepoint: 86905 ns, Cleanup: 10301 ns, At safepoint: 8600 ns, Total: 105806 ns
[236.312s][info ][safepoint      ] Safepoint "Cleanup", Time since last: 1000122349 ns, Reaching safepoint: 78905 ns, Cleanup: 80005 ns, At safepoint: 6200 ns, Total: 165110 ns
[237.312s][info ][safepoint      ] Safepoint "Cleanup", Time since last: 1000113742 ns, Reaching safepoint: 79505 ns, Cleanup: 44503 ns, At safepoint: 6301 ns, Total: 130309 ns
[238.312s][info ][safepoint      ] Safepoint "Cleanup", Time since last: 1000127549 ns, Reaching safepoint: 96606 ns, Cleanup: 16401 ns, At safepoint: 5601 ns, Total: 118608 ns
[239.312s][info ][safepoint      ] Safepoint "Cleanup", Time since last: 1000139192 ns, Reaching safepoint: 99606 ns, Cleanup: 26602 ns, At safepoint: 8500 ns, Total: 134708 ns
[241.102s][info ][safepoint      ] Safepoint "Cleanup", Time since last: 1789918374 ns, Reaching safepoint: 7300 ns, Cleanup: 23801 ns, At safepoint: 2201 ns, Total: 33302 ns
[242.103s][info ][safepoint      ] Safepoint "Cleanup", Time since last: 1000114100 ns, Reaching safepoint: 77705 ns, Cleanup: 19001 ns, At safepoint: 5700 ns, Total: 102406 ns
[243.103s][info ][safepoint      ] Safepoint "Cleanup", Time since last: 1000123401 ns, Reaching safepoint: 8900 ns, Cleanup: 17401 ns, At safepoint: 2401 ns, Total: 28702 ns
[244.103s][info ][safepoint      ] Safepoint "Cleanup", Time since last: 1000125700 ns, Reaching safepoint: 8901 ns, Cleanup: 14501 ns, At safepoint: 3000 ns, Total: 26402 ns
[247.103s][info ][safepoint      ] Safepoint "Cleanup", Time since last: 3000267189 ns, Reaching safepoint: 7201 ns, Cleanup: 11201 ns, At safepoint: 2300 ns, Total: 20702 ns
[248.103s][info ][safepoint      ] Safepoint "Cleanup", Time since last: 1000121052 ns, Reaching safepoint: 10401 ns, Cleanup: 44503 ns, At safepoint: 2700 ns, Total: 57604 ns
[249.104s][info ][safepoint      ] Safepoint "Cleanup", Time since last: 1000121730 ns, Reaching safepoint: 8401 ns, Cleanup: 33302 ns, At safepoint: 2400 ns, Total: 44103 ns
[250.104s][info ][safepoint      ] Safepoint "Cleanup", Time since last: 1000121731 ns, Reaching safepoint: 11400 ns, Cleanup: 18302 ns, At safepoint: 2700 ns, Total: 32402 ns
[251.104s][info ][safepoint      ] Safepoint "Cleanup", Time since last: 1000118430 ns, Reaching safepoint: 8800 ns, Cleanup: 21202 ns, At safepoint: 2800 ns, Total: 32802 ns
[253.104s][info ][safepoint      ] Safepoint "Cleanup", Time since last: 2000230160 ns, Reaching safepoint: 9701 ns, Cleanup: 14201 ns, At safepoint: 2900 ns, Total: 26802 ns
[254.104s][info ][safepoint      ] Safepoint "Cleanup", Time since last: 1000125530 ns, Reaching safepoint: 7601 ns, Cleanup: 13001 ns, At safepoint: 2500 ns, Total: 23102 ns
[257.105s][info ][safepoint      ] Safepoint "Cleanup", Time since last: 3000288660 ns, Reaching safepoint: 8600 ns, Cleanup: 20501 ns, At safepoint: 2701 ns, Total: 31802 ns
[260.105s][info ][safepoint      ] Safepoint "Cleanup", Time since last: 3000267858 ns, Reaching safepoint: 8101 ns, Cleanup: 11900 ns, At safepoint: 2101 ns, Total: 22102 ns
[261.105s][info ][safepoint      ] Safepoint "Cleanup", Time since last: 1000126388 ns, Reaching safepoint: 8901 ns, Cleanup: 14501 ns, At safepoint: 2500 ns, Total: 25902 ns
[262.105s][info ][safepoint      ] Safepoint "Cleanup", Time since last: 1000124288 ns, Reaching safepoint: 9901 ns, Cleanup: 18401 ns, At safepoint: 2800 ns, Total: 31102 ns
[263.105s][info ][safepoint      ] Safepoint "Cleanup", Time since last: 1000116388 ns, Reaching safepoint: 6601 ns, Cleanup: 16301 ns, At safepoint: 2400 ns, Total: 25302 ns
[263.514s][info ][gc,start       ] GC(22) Pause Young (Allocation Failure)
[263.529s][debug][gc,phases      ] GC(22) Scavenge 15.204ms
[263.529s][debug][gc,ref         ] GC(22) ReferenceProcessor::execute queues: 1, RefProcThreadModel::Single, marks_oops_alive: false
[263.529s][debug][gc,ref         ] GC(22) Skipped KeepAliveFinalRefsPhase of Reference Processing: no references
[263.529s][debug][gc,ref         ] GC(22) ReferenceProcessor::execute queues: 1, RefProcThreadModel::Single, marks_oops_alive: false
[263.529s][debug][gc,phases      ] GC(22) Reference Processing 0.151ms
[263.530s][debug][gc,phases      ] GC(22)   VM Weak                        Min:  0.0, Avg:  0.0, Max:  0.0, Diff:  0.0, Sum:  0.0, Workers: 4
[263.530s][debug][gc,phases      ] GC(22)     Dead                           Min: 0, Avg:  0.0, Max: 0, Diff: 0, Sum: 0, Workers: 4
[263.530s][debug][gc,phases      ] GC(22)     Total                          Min: 0, Avg: 246.0, Max: 896, Diff: 896, Sum: 984, Workers: 4
[263.530s][debug][gc,phases      ] GC(22)   ObjectSynchronizer Weak        Min:  0.0, Avg:  0.0, Max:  0.0, Diff:  0.0, Sum:  0.0, Workers: 4
[263.530s][debug][gc,phases      ] GC(22)     Dead                           Min: 0, Avg:  0.0, Max: 0, Diff: 0, Sum: 0, Workers: 4
[263.530s][debug][gc,phases      ] GC(22)     Total                          Min: 0, Avg:  1.0, Max: 4, Diff: 4, Sum: 4, Workers: 4
[263.530s][debug][gc,phases      ] GC(22)   JVMTI Tag Weak OopStorage      Min:  0.0, Avg:  0.0, Max:  0.0, Diff:  0.0, Sum:  0.0, Workers: 4
[263.530s][debug][gc,phases      ] GC(22)     Dead                           Min: 0, Avg:  0.0, Max: 0, Diff: 0, Sum: 0, Workers: 4
[263.530s][debug][gc,phases      ] GC(22)     Total                          Min: 0, Avg:  0.0, Max: 0, Diff: 0, Sum: 0, Workers: 4
[263.530s][debug][gc,phases      ] GC(22)   StringTable Weak               Min:  0.0, Avg:  0.1, Max:  0.1, Diff:  0.1, Sum:  0.4, Workers: 4
[263.530s][debug][gc,phases      ] GC(22)     Dead                           Min: 0, Avg:  1.0, Max: 2, Diff: 2, Sum: 4, Workers: 4
[263.530s][debug][gc,phases      ] GC(22)     Total                          Min: 0, Avg: 11460.5, Max: 16594, Diff: 16594, Sum: 45842, Workers: 4
[263.530s][debug][gc,phases      ] GC(22)   ResolvedMethodTable Weak       Min:  0.0, Avg:  0.0, Max:  0.1, Diff:  0.1, Sum:  0.2, Workers: 4
[263.530s][debug][gc,phases      ] GC(22)     Dead                           Min: 0, Avg:  9.0, Max: 28, Diff: 28, Sum: 36, Workers: 4
[263.530s][debug][gc,phases      ] GC(22)     Total                          Min: 0, Avg: 3724.5, Max: 5592, Diff: 5592, Sum: 14898, Workers: 4
[263.530s][debug][gc,phases      ] GC(22)   JNI Weak                       Min:  0.0, Avg:  0.0, Max:  0.0, Diff:  0.0, Sum:  0.0, Workers: 4
[263.530s][debug][gc,phases      ] GC(22)     Dead                           Min: 0, Avg:  0.0, Max: 0, Diff: 0, Sum: 0, Workers: 4
[263.530s][debug][gc,phases      ] GC(22)     Total                          Min: 0, Avg: 13.0, Max: 48, Diff: 48, Sum: 52, Workers: 4
[263.530s][debug][gc,phases      ] GC(22)   StringDedup Table Weak         Min:  0.0, Avg:  0.0, Max:  0.0, Diff:  0.0, Sum:  0.0, Workers: 4
[263.530s][debug][gc,phases      ] GC(22)     Dead                           Min: 0, Avg:  0.0, Max: 0, Diff: 0, Sum: 0, Workers: 4
[263.530s][debug][gc,phases      ] GC(22)     Total                          Min: 0, Avg:  0.0, Max: 0, Diff: 0, Sum: 0, Workers: 4
[263.530s][debug][gc,phases      ] GC(22)   StringDedup Requests0 Weak     Min:  0.0, Avg:  0.0, Max:  0.0, Diff:  0.0, Sum:  0.0, Workers: 4
[263.530s][debug][gc,phases      ] GC(22)     Dead                           Min: 0, Avg:  0.0, Max: 0, Diff: 0, Sum: 0, Workers: 4
[263.530s][debug][gc,phases      ] GC(22)     Total                          Min: 0, Avg:  0.0, Max: 0, Diff: 0, Sum: 0, Workers: 4
[263.530s][debug][gc,phases      ] GC(22)   StringDedup Requests1 Weak     Min:  0.0, Avg:  0.0, Max:  0.0, Diff:  0.0, Sum:  0.0, Workers: 4
[263.530s][debug][gc,phases      ] GC(22)     Dead                           Min: 0, Avg:  0.0, Max: 0, Diff: 0, Sum: 0, Workers: 4
[263.530s][debug][gc,phases      ] GC(22)     Total                          Min: 0, Avg:  0.0, Max: 0, Diff: 0, Sum: 0, Workers: 4
[263.530s][debug][gc,phases      ] GC(22)   Weak JFR Old Object Samples    Min:  0.0, Avg:  0.0, Max:  0.0, Diff:  0.0, Sum:  0.0, Workers: 4
[263.530s][debug][gc,phases      ] GC(22)     Dead                           Min: 0, Avg:  0.0, Max: 0, Diff: 0, Sum: 0, Workers: 4
[263.530s][debug][gc,phases      ] GC(22)     Total                          Min: 0, Avg:  0.0, Max: 0, Diff: 0, Sum: 0, Workers: 4
[263.530s][debug][gc,phases      ] GC(22) Weak Processing 0.435ms
[263.530s][debug][gc,age         ] GC(22) Desired survivor size 200278016 bytes, new threshold 1 (max threshold 15)
[263.530s][info ][gc,heap        ] GC(22) PSYoungGen: 1666055K(1872384K)->26241K(1901568K) Eden: 1655296K(1655296K)->0K(1693696K) From: 10759K(217088K)->26241K(207872K)
[263.530s][info ][gc,heap        ] GC(22) ParOldGen: 232670K(232960K)->239893K(240128K)
[263.530s][info ][gc,metaspace   ] GC(22) Metaspace: 104516K(105792K)->104516K(105792K) NonClass: 88627K(89344K)->88627K(89344K) Class: 15889K(16448K)->15889K(16448K)
[263.530s][info ][gc             ] GC(22) Pause Young (Allocation Failure) 1854M->259M(2091M) 15.944ms
[263.530s][info ][gc,cpu         ] GC(22) User=0.06s Sys=0.01s Real=0.02s
[263.530s][info ][safepoint      ] Safepoint "ParallelGCFailedAllocation", Time since last: 408597059 ns, Reaching safepoint: 7800 ns, Cleanup: 4801 ns, At safepoint: 16021360 ns, Total: 16033961 ns
[264.530s][info ][safepoint      ] Safepoint "Cleanup", Time since last: 1000086471 ns, Reaching safepoint: 6800 ns, Cleanup: 19401 ns, At safepoint: 2000 ns, Total: 28201 ns
[265.530s][info ][safepoint      ] Safepoint "Cleanup", Time since last: 1000108473 ns, Reaching safepoint: 7500 ns, Cleanup: 12001 ns, At safepoint: 2300 ns, Total: 21801 ns
[267.530s][info ][safepoint      ] Safepoint "Cleanup", Time since last: 2000184842 ns, Reaching safepoint: 8101 ns, Cleanup: 14501 ns, At safepoint: 2700 ns, Total: 25302 ns
[268.531s][info ][safepoint      ] Safepoint "Cleanup", Time since last: 1000113373 ns, Reaching safepoint: 7200 ns, Cleanup: 11301 ns, At safepoint: 2400 ns, Total: 20901 ns
[270.531s][info ][safepoint      ] Safepoint "Cleanup", Time since last: 2000185142 ns, Reaching safepoint: 7901 ns, Cleanup: 15201 ns, At safepoint: 2300 ns, Total: 25402 ns
[272.531s][info ][safepoint      ] Safepoint "Cleanup", Time since last: 2000189431 ns, Reaching safepoint: 7900 ns, Cleanup: 10501 ns, At safepoint: 2200 ns, Total: 20601 ns
[273.531s][info ][safepoint      ] Safepoint "Cleanup", Time since last: 1000119538 ns, Reaching safepoint: 7801 ns, Cleanup: 11001 ns, At safepoint: 2400 ns, Total: 21202 ns
[274.531s][info ][safepoint      ] Safepoint "Cleanup", Time since last: 1000115138 ns, Reaching safepoint: 6500 ns, Cleanup: 9601 ns, At safepoint: 2600 ns, Total: 18701 ns
[275.531s][info ][safepoint      ] Safepoint "Cleanup", Time since last: 1000120138 ns, Reaching safepoint: 8501 ns, Cleanup: 8700 ns, At safepoint: 2801 ns, Total: 20002 ns
[276.532s][info ][safepoint      ] Safepoint "Cleanup", Time since last: 1000114938 ns, Reaching safepoint: 6800 ns, Cleanup: 25602 ns, At safepoint: 2200 ns, Total: 34602 ns
[277.532s][info ][safepoint      ] Safepoint "Cleanup", Time since last: 1000115938 ns, Reaching safepoint: 8400 ns, Cleanup: 11001 ns, At safepoint: 2600 ns, Total: 22001 ns
[278.532s][info ][safepoint      ] Safepoint "Cleanup", Time since last: 1000125639 ns, Reaching safepoint: 7901 ns, Cleanup: 12800 ns, At safepoint: 2301 ns, Total: 23002 ns
[280.532s][info ][safepoint      ] Safepoint "Cleanup", Time since last: 2000187135 ns, Reaching safepoint: 6701 ns, Cleanup: 7400 ns, At safepoint: 2300 ns, Total: 16401 ns
[281.532s][info ][safepoint      ] Safepoint "Cleanup", Time since last: 1000119052 ns, Reaching safepoint: 9601 ns, Cleanup: 17501 ns, At safepoint: 2700 ns, Total: 29802 ns
[282.532s][info ][safepoint      ] Safepoint "Cleanup", Time since last: 1000118852 ns, Reaching safepoint: 6100 ns, Cleanup: 10301 ns, At safepoint: 2200 ns, Total: 18601 ns
[285.533s][info ][safepoint      ] Safepoint "Cleanup", Time since last: 3000251448 ns, Reaching safepoint: 7401 ns, Cleanup: 20501 ns, At safepoint: 2400 ns, Total: 30302 ns
[286.533s][info ][safepoint      ] Safepoint "Cleanup", Time since last: 1000149954 ns, Reaching safepoint: 6601 ns, Cleanup: 17001 ns, At safepoint: 2700 ns, Total: 26302 ns
[287.533s][info ][safepoint      ] Safepoint "Cleanup", Time since last: 1000112030 ns, Reaching safepoint: 77805 ns, Cleanup: 7601 ns, At safepoint: 5900 ns, Total: 91306 ns
[288.533s][info ][safepoint      ] Safepoint "Cleanup", Time since last: 1000113492 ns, Reaching safepoint: 7300 ns, Cleanup: 12401 ns, At safepoint: 2500 ns, Total: 22201 ns
[289.533s][info ][safepoint      ] Safepoint "Cleanup", Time since last: 1000134793 ns, Reaching safepoint: 6200 ns, Cleanup: 9301 ns, At safepoint: 2100 ns, Total: 17601 ns
[290.533s][info ][safepoint      ] Safepoint "Cleanup", Time since last: 1000111491 ns, Reaching safepoint: 7101 ns, Cleanup: 10901 ns, At safepoint: 2900 ns, Total: 20902 ns
[291.534s][info ][safepoint      ] Safepoint "Cleanup", Time since last: 1000120592 ns, Reaching safepoint: 7500 ns, Cleanup: 12501 ns, At safepoint: 2700 ns, Total: 22701 ns
[292.534s][info ][safepoint      ] Safepoint "Cleanup", Time since last: 1000118492 ns, Reaching safepoint: 7900 ns, Cleanup: 9301 ns, At safepoint: 2300 ns, Total: 19501 ns
[294.534s][info ][safepoint      ] Safepoint "Cleanup", Time since last: 2000186280 ns, Reaching safepoint: 6301 ns, Cleanup: 15001 ns, At safepoint: 2500 ns, Total: 23802 ns
[295.534s][info ][safepoint      ] Safepoint "Cleanup", Time since last: 1000128871 ns, Reaching safepoint: 8401 ns, Cleanup: 13401 ns, At safepoint: 2400 ns, Total: 24202 ns
[297.534s][info ][safepoint      ] Safepoint "Cleanup", Time since last: 2000224470 ns, Reaching safepoint: 7500 ns, Cleanup: 13701 ns, At safepoint: 2400 ns, Total: 23601 ns
[299.535s][info ][safepoint      ] Safepoint "Cleanup", Time since last: 2000239671 ns, Reaching safepoint: 6400 ns, Cleanup: 9401 ns, At safepoint: 2400 ns, Total: 18201 ns
[303.121s][info ][safepoint      ] Safepoint "Cleanup", Time since last: 3586093737 ns, Reaching safepoint: 9301 ns, Cleanup: 14201 ns, At safepoint: 3100 ns, Total: 26602 ns
[304.121s][info ][safepoint      ] Safepoint "Cleanup", Time since last: 1000127040 ns, Reaching safepoint: 8001 ns, Cleanup: 17501 ns, At safepoint: 3100 ns, Total: 28602 ns
[305.121s][info ][safepoint      ] Safepoint "Cleanup", Time since last: 1000114632 ns, Reaching safepoint: 7400 ns, Cleanup: 12301 ns, At safepoint: 2700 ns, Total: 22401 ns
[306.121s][info ][safepoint      ] Safepoint "Cleanup", Time since last: 1000114531 ns, Reaching safepoint: 7701 ns, Cleanup: 12001 ns, At safepoint: 2200 ns, Total: 21902 ns
[307.121s][info ][safepoint      ] Safepoint "Cleanup", Time since last: 1000118231 ns, Reaching safepoint: 6501 ns, Cleanup: 10500 ns, At safepoint: 2401 ns, Total: 19402 ns
[308.121s][info ][safepoint      ] Safepoint "Cleanup", Time since last: 1000120631 ns, Reaching safepoint: 5701 ns, Cleanup: 8400 ns, At safepoint: 2200 ns, Total: 16301 ns
[312.122s][info ][safepoint      ] Safepoint "Cleanup", Time since last: 4000360101 ns, Reaching safepoint: 7205 ns, Cleanup: 14209 ns, At safepoint: 2301 ns, Total: 23715 ns
[313.122s][info ][safepoint      ] Safepoint "Cleanup", Time since last: 1000125446 ns, Reaching safepoint: 7901 ns, Cleanup: 12001 ns, At safepoint: 3000 ns, Total: 22902 ns
[314.023s][info ][safepoint      ] Safepoint "ICBufferFull", Time since last: 901349071 ns, Reaching safepoint: 77406 ns, Cleanup: 119508 ns, At safepoint: 5400 ns, Total: 202314 ns
[315.024s][info ][safepoint      ] Safepoint "Cleanup", Time since last: 1000143576 ns, Reaching safepoint: 8201 ns, Cleanup: 33002 ns, At safepoint: 2700 ns, Total: 43903 ns
[316.024s][info ][safepoint      ] Safepoint "Cleanup", Time since last: 1000121875 ns, Reaching safepoint: 6601 ns, Cleanup: 16001 ns, At safepoint: 2600 ns, Total: 25202 ns
[321.024s][info ][safepoint      ] Safepoint "Cleanup", Time since last: 5000434013 ns, Reaching safepoint: 7501 ns, Cleanup: 22103 ns, At safepoint: 2600 ns, Total: 32204 ns
[322.024s][info ][safepoint      ] Safepoint "Cleanup", Time since last: 1000133144 ns, Reaching safepoint: 7401 ns, Cleanup: 14501 ns, At safepoint: 2601 ns, Total: 24503 ns
[323.025s][info ][safepoint      ] Safepoint "Cleanup", Time since last: 1000114199 ns, Reaching safepoint: 7601 ns, Cleanup: 10600 ns, At safepoint: 2301 ns, Total: 20502 ns
[324.025s][info ][safepoint      ] Safepoint "Cleanup", Time since last: 1000112851 ns, Reaching safepoint: 6500 ns, Cleanup: 9601 ns, At safepoint: 2600 ns, Total: 18701 ns
[326.025s][info ][safepoint      ] Safepoint "Cleanup", Time since last: 2000189999 ns, Reaching safepoint: 8001 ns, Cleanup: 13101 ns, At safepoint: 2600 ns, Total: 23702 ns
[328.025s][info ][safepoint      ] Safepoint "Cleanup", Time since last: 2000201704 ns, Reaching safepoint: 7100 ns, Cleanup: 10601 ns, At safepoint: 3000 ns, Total: 20701 ns
[330.025s][info ][safepoint      ] Safepoint "Cleanup", Time since last: 2000189991 ns, Reaching safepoint: 8001 ns, Cleanup: 10300 ns, At safepoint: 2901 ns, Total: 21202 ns
[342.026s][info ][safepoint      ] Safepoint "Cleanup", Time since last: 12000977701 ns, Reaching safepoint: 17802 ns, Cleanup: 13401 ns, At safepoint: 3000 ns, Total: 34203 ns
[344.027s][info ][safepoint      ] Safepoint "Cleanup", Time since last: 2000197859 ns, Reaching safepoint: 9001 ns, Cleanup: 12001 ns, At safepoint: 2700 ns, Total: 23702 ns
[345.027s][info ][safepoint      ] Safepoint "Cleanup", Time since last: 1000118634 ns, Reaching safepoint: 6800 ns, Cleanup: 30103 ns, At safepoint: 2400 ns, Total: 39303 ns
[346.027s][info ][safepoint      ] Safepoint "Cleanup", Time since last: 1000118234 ns, Reaching safepoint: 7100 ns, Cleanup: 62205 ns, At safepoint: 6601 ns, Total: 75906 ns
[346.094s][info ][gc,start       ] GC(23) Pause Young (Allocation Failure)
[346.110s][debug][gc,phases      ] GC(23) Scavenge 15.982ms
[346.110s][debug][gc,ref         ] GC(23) ReferenceProcessor::execute queues: 1, RefProcThreadModel::Single, marks_oops_alive: false
[346.110s][debug][gc,ref         ] GC(23) Skipped KeepAliveFinalRefsPhase of Reference Processing: no references
[346.110s][debug][gc,ref         ] GC(23) ReferenceProcessor::execute queues: 1, RefProcThreadModel::Single, marks_oops_alive: false
[346.110s][debug][gc,phases      ] GC(23) Reference Processing 0.130ms
[346.110s][debug][gc,phases      ] GC(23)   VM Weak                        Min:  0.0, Avg:  0.0, Max:  0.0, Diff:  0.0, Sum:  0.0, Workers: 4
[346.110s][debug][gc,phases      ] GC(23)     Dead                           Min: 0, Avg:  0.0, Max: 0, Diff: 0, Sum: 0, Workers: 4
[346.110s][debug][gc,phases      ] GC(23)     Total                          Min: 0, Avg: 247.2, Max: 896, Diff: 896, Sum: 989, Workers: 4
[346.110s][debug][gc,phases      ] GC(23)   ObjectSynchronizer Weak        Min:  0.0, Avg:  0.0, Max:  0.0, Diff:  0.0, Sum:  0.0, Workers: 4
[346.110s][debug][gc,phases      ] GC(23)     Dead                           Min: 0, Avg:  0.0, Max: 0, Diff: 0, Sum: 0, Workers: 4
[346.110s][debug][gc,phases      ] GC(23)     Total                          Min: 0, Avg:  1.0, Max: 4, Diff: 4, Sum: 4, Workers: 4
[346.110s][debug][gc,phases      ] GC(23)   JVMTI Tag Weak OopStorage      Min:  0.0, Avg:  0.0, Max:  0.0, Diff:  0.0, Sum:  0.0, Workers: 4
[346.110s][debug][gc,phases      ] GC(23)     Dead                           Min: 0, Avg:  0.0, Max: 0, Diff: 0, Sum: 0, Workers: 4
[346.110s][debug][gc,phases      ] GC(23)     Total                          Min: 0, Avg:  0.0, Max: 0, Diff: 0, Sum: 0, Workers: 4
[346.110s][debug][gc,phases      ] GC(23)   StringTable Weak               Min:  0.0, Avg:  0.1, Max:  0.1, Diff:  0.1, Sum:  0.4, Workers: 4
[346.110s][debug][gc,phases      ] GC(23)     Dead                           Min: 0, Avg:  0.5, Max: 2, Diff: 2, Sum: 2, Workers: 4
[346.110s][debug][gc,phases      ] GC(23)     Total                          Min: 0, Avg: 11490.0, Max: 17152, Diff: 17152, Sum: 45960, Workers: 4
[346.110s][debug][gc,phases      ] GC(23)   ResolvedMethodTable Weak       Min:  0.0, Avg:  0.0, Max:  0.1, Diff:  0.1, Sum:  0.2, Workers: 4
[346.110s][debug][gc,phases      ] GC(23)     Dead                           Min: 0, Avg: 10.2, Max: 32, Diff: 32, Sum: 41, Workers: 4
[346.110s][debug][gc,phases      ] GC(23)     Total                          Min: 0, Avg: 3749.0, Max: 5624, Diff: 5624, Sum: 14996, Workers: 4
[346.110s][debug][gc,phases      ] GC(23)   JNI Weak                       Min:  0.0, Avg:  0.0, Max:  0.0, Diff:  0.0, Sum:  0.0, Workers: 4
[346.110s][debug][gc,phases      ] GC(23)     Dead                           Min: 0, Avg:  0.0, Max: 0, Diff: 0, Sum: 0, Workers: 4
[346.110s][debug][gc,phases      ] GC(23)     Total                          Min: 0, Avg: 15.5, Max: 48, Diff: 48, Sum: 62, Workers: 4
[346.110s][debug][gc,phases      ] GC(23)   StringDedup Table Weak         Min:  0.0, Avg:  0.0, Max:  0.0, Diff:  0.0, Sum:  0.0, Workers: 4
[346.110s][debug][gc,phases      ] GC(23)     Dead                           Min: 0, Avg:  0.0, Max: 0, Diff: 0, Sum: 0, Workers: 4
[346.110s][debug][gc,phases      ] GC(23)     Total                          Min: 0, Avg:  0.0, Max: 0, Diff: 0, Sum: 0, Workers: 4
[346.110s][debug][gc,phases      ] GC(23)   StringDedup Requests0 Weak     Min:  0.0, Avg:  0.0, Max:  0.0, Diff:  0.0, Sum:  0.0, Workers: 4
[346.110s][debug][gc,phases      ] GC(23)     Dead                           Min: 0, Avg:  0.0, Max: 0, Diff: 0, Sum: 0, Workers: 4
[346.110s][debug][gc,phases      ] GC(23)     Total                          Min: 0, Avg:  0.0, Max: 0, Diff: 0, Sum: 0, Workers: 4
[346.110s][debug][gc,phases      ] GC(23)   StringDedup Requests1 Weak     Min:  0.0, Avg:  0.0, Max:  0.0, Diff:  0.0, Sum:  0.0, Workers: 4
[346.110s][debug][gc,phases      ] GC(23)     Dead                           Min: 0, Avg:  0.0, Max: 0, Diff: 0, Sum: 0, Workers: 4
[346.110s][debug][gc,phases      ] GC(23)     Total                          Min: 0, Avg:  0.0, Max: 0, Diff: 0, Sum: 0, Workers: 4
[346.110s][debug][gc,phases      ] GC(23)   Weak JFR Old Object Samples    Min:  0.0, Avg:  0.0, Max:  0.0, Diff:  0.0, Sum:  0.0, Workers: 4
[346.111s][debug][gc,phases      ] GC(23)     Dead                           Min: 0, Avg:  0.0, Max: 0, Diff: 0, Sum: 0, Workers: 4
[346.111s][debug][gc,phases      ] GC(23)     Total                          Min: 0, Avg:  0.0, Max: 0, Diff: 0, Sum: 0, Workers: 4
[346.111s][debug][gc,phases      ] GC(23) Weak Processing 0.479ms
[346.111s][debug][gc,age         ] GC(23) Desired survivor size 191889408 bytes, new threshold 1 (max threshold 15)
[346.111s][info ][gc,heap        ] GC(23) PSYoungGen: 1719937K(1901568K)->4685K(1889280K) Eden: 1693696K(1693696K)->0K(1693696K) From: 26241K(207872K)->4685K(195584K)
[346.111s][info ][gc,heap        ] GC(23) ParOldGen: 239893K(240128K)->265103K(265216K)
[346.111s][info ][gc,metaspace   ] GC(23) Metaspace: 105043K(106368K)->105043K(106368K) NonClass: 89104K(89856K)->89104K(89856K) Class: 15938K(16512K)->15938K(16512K)
[346.111s][info ][gc             ] GC(23) Pause Young (Allocation Failure) 1913M->263M(2104M) 16.737ms
[346.111s][info ][gc,cpu         ] GC(23) User=0.04s Sys=0.02s Real=0.02s
[346.111s][info ][safepoint      ] Safepoint "ParallelGCFailedAllocation", Time since last: 66784224 ns, Reaching safepoint: 93208 ns, Cleanup: 12301 ns, At safepoint: 16830941 ns, Total: 16936450 ns
[347.111s][info ][safepoint      ] Safepoint "Cleanup", Time since last: 1000093932 ns, Reaching safepoint: 79107 ns, Cleanup: 16101 ns, At safepoint: 6600 ns, Total: 101808 ns
[348.111s][info ][safepoint      ] Safepoint "Cleanup", Time since last: 1000120034 ns, Reaching safepoint: 80007 ns, Cleanup: 47504 ns, At safepoint: 6200 ns, Total: 133711 ns
[349.111s][info ][safepoint      ] Safepoint "Cleanup", Time since last: 1000121834 ns, Reaching safepoint: 84107 ns, Cleanup: 78306 ns, At safepoint: 8101 ns, Total: 170514 ns
[350.112s][info ][safepoint      ] Safepoint "Cleanup", Time since last: 1000100932 ns, Reaching safepoint: 76706 ns, Cleanup: 28503 ns, At safepoint: 6700 ns, Total: 111909 ns
[351.112s][info ][safepoint      ] Safepoint "Cleanup", Time since last: 1000112134 ns, Reaching safepoint: 78706 ns, Cleanup: 40203 ns, At safepoint: 9501 ns, Total: 128410 ns
[352.112s][info ][safepoint      ] Safepoint "Cleanup", Time since last: 1000132361 ns, Reaching safepoint: 80606 ns, Cleanup: 29203 ns, At safepoint: 6600 ns, Total: 116409 ns
[353.112s][info ][safepoint      ] Safepoint "Cleanup", Time since last: 1000121834 ns, Reaching safepoint: 77207 ns, Cleanup: 18901 ns, At safepoint: 6501 ns, Total: 102609 ns
[354.113s][info ][safepoint      ] Safepoint "Cleanup", Time since last: 1000118034 ns, Reaching safepoint: 78906 ns, Cleanup: 20102 ns, At safepoint: 7000 ns, Total: 106008 ns
[355.113s][info ][safepoint      ] Safepoint "Cleanup", Time since last: 1000117335 ns, Reaching safepoint: 80106 ns, Cleanup: 52504 ns, At safepoint: 6201 ns, Total: 138811 ns
[356.113s][info ][safepoint      ] Safepoint "Cleanup", Time since last: 1000130535 ns, Reaching safepoint: 84707 ns, Cleanup: 35303 ns, At safepoint: 7700 ns, Total: 127710 ns
[357.113s][info ][safepoint      ] Safepoint "Cleanup", Time since last: 1000134336 ns, Reaching safepoint: 85306 ns, Cleanup: 17002 ns, At safepoint: 7500 ns, Total: 109808 ns
[358.114s][info ][safepoint      ] Safepoint "Cleanup", Time since last: 1000139836 ns, Reaching safepoint: 84707 ns, Cleanup: 13201 ns, At safepoint: 7201 ns, Total: 105109 ns
[359.114s][info ][safepoint      ] Safepoint "Cleanup", Time since last: 1000138036 ns, Reaching safepoint: 85406 ns, Cleanup: 9201 ns, At safepoint: 6801 ns, Total: 101408 ns
[360.114s][info ][safepoint      ] Safepoint "Cleanup", Time since last: 1000111669 ns, Reaching safepoint: 80407 ns, Cleanup: 15701 ns, At safepoint: 6501 ns, Total: 102609 ns
[361.138s][info ][safepoint      ] Safepoint "Cleanup", Time since last: 1024314115 ns, Reaching safepoint: 8200 ns, Cleanup: 57405 ns, At safepoint: 3101 ns, Total: 68706 ns
[362.139s][info ][safepoint      ] Safepoint "Cleanup", Time since last: 1000128634 ns, Reaching safepoint: 7901 ns, Cleanup: 28702 ns, At safepoint: 2600 ns, Total: 39203 ns
[364.139s][info ][safepoint      ] Safepoint "Cleanup", Time since last: 2000214465 ns, Reaching safepoint: 7601 ns, Cleanup: 10301 ns, At safepoint: 2100 ns, Total: 20002 ns
[365.139s][info ][safepoint      ] Safepoint "Cleanup", Time since last: 1000136835 ns, Reaching safepoint: 8201 ns, Cleanup: 12001 ns, At safepoint: 2500 ns, Total: 22702 ns
[366.466s][info ][gc,start       ] GC(24) Pause Young (Allocation Failure)
[366.474s][debug][gc,phases      ] GC(24) Scavenge 8.127ms
[366.474s][debug][gc,ref         ] GC(24) ReferenceProcessor::execute queues: 1, RefProcThreadModel::Single, marks_oops_alive: false
[366.474s][debug][gc,ref         ] GC(24) Skipped KeepAliveFinalRefsPhase of Reference Processing: no references
[366.474s][debug][gc,ref         ] GC(24) ReferenceProcessor::execute queues: 1, RefProcThreadModel::Single, marks_oops_alive: false
[366.474s][debug][gc,phases      ] GC(24) Reference Processing 0.127ms
[366.475s][debug][gc,phases      ] GC(24)   VM Weak                        Min:  0.0, Avg:  0.0, Max:  0.0, Diff:  0.0, Sum:  0.0, Workers: 4
[366.475s][debug][gc,phases      ] GC(24)     Dead                           Min: 0, Avg:  0.0, Max: 0, Diff: 0, Sum: 0, Workers: 4
[366.475s][debug][gc,phases      ] GC(24)     Total                          Min: 0, Avg: 254.8, Max: 1019, Diff: 1019, Sum: 1019, Workers: 4
[366.475s][debug][gc,phases      ] GC(24)   ObjectSynchronizer Weak        Min:  0.0, Avg:  0.0, Max:  0.0, Diff:  0.0, Sum:  0.0, Workers: 4
[366.475s][debug][gc,phases      ] GC(24)     Dead                           Min: 0, Avg:  0.0, Max: 0, Diff: 0, Sum: 0, Workers: 4
[366.475s][debug][gc,phases      ] GC(24)     Total                          Min: 0, Avg:  0.8, Max: 3, Diff: 3, Sum: 3, Workers: 4
[366.475s][debug][gc,phases      ] GC(24)   JVMTI Tag Weak OopStorage      Min:  0.0, Avg:  0.0, Max:  0.0, Diff:  0.0, Sum:  0.0, Workers: 4
[366.475s][debug][gc,phases      ] GC(24)     Dead                           Min: 0, Avg:  0.0, Max: 0, Diff: 0, Sum: 0, Workers: 4
[366.475s][debug][gc,phases      ] GC(24)     Total                          Min: 0, Avg:  0.0, Max: 0, Diff: 0, Sum: 0, Workers: 4
[366.475s][debug][gc,phases      ] GC(24)   StringTable Weak               Min:  0.0, Avg:  0.1, Max:  0.1, Diff:  0.1, Sum:  0.4, Workers: 4
[366.475s][debug][gc,phases      ] GC(24)     Dead                           Min: 0, Avg:  0.5, Max: 2, Diff: 2, Sum: 2, Workers: 4
[366.475s][debug][gc,phases      ] GC(24)     Total                          Min: 0, Avg: 11498.2, Max: 15807, Diff: 15807, Sum: 45993, Workers: 4
[366.475s][debug][gc,phases      ] GC(24)   ResolvedMethodTable Weak       Min:  0.0, Avg:  0.0, Max:  0.1, Diff:  0.1, Sum:  0.2, Workers: 4
[366.475s][debug][gc,phases      ] GC(24)     Dead                           Min: 0, Avg:  4.5, Max: 17, Diff: 17, Sum: 18, Workers: 4
[366.475s][debug][gc,phases      ] GC(24)     Total                          Min: 0, Avg: 3772.2, Max: 5216, Diff: 5216, Sum: 15089, Workers: 4
[366.475s][debug][gc,phases      ] GC(24)   JNI Weak                       Min:  0.0, Avg:  0.0, Max:  0.0, Diff:  0.0, Sum:  0.0, Workers: 4
[366.475s][debug][gc,phases      ] GC(24)     Dead                           Min: 0, Avg:  0.0, Max: 0, Diff: 0, Sum: 0, Workers: 4
[366.475s][debug][gc,phases      ] GC(24)     Total                          Min: 0, Avg: 13.0, Max: 48, Diff: 48, Sum: 52, Workers: 4
[366.475s][debug][gc,phases      ] GC(24)   StringDedup Table Weak         Min:  0.0, Avg:  0.0, Max:  0.0, Diff:  0.0, Sum:  0.0, Workers: 4
[366.475s][debug][gc,phases      ] GC(24)     Dead                           Min: 0, Avg:  0.0, Max: 0, Diff: 0, Sum: 0, Workers: 4
[366.475s][debug][gc,phases      ] GC(24)     Total                          Min: 0, Avg:  0.0, Max: 0, Diff: 0, Sum: 0, Workers: 4
[366.475s][debug][gc,phases      ] GC(24)   StringDedup Requests0 Weak     Min:  0.0, Avg:  0.0, Max:  0.0, Diff:  0.0, Sum:  0.0, Workers: 4
[366.475s][debug][gc,phases      ] GC(24)     Dead                           Min: 0, Avg:  0.0, Max: 0, Diff: 0, Sum: 0, Workers: 4
[366.475s][debug][gc,phases      ] GC(24)     Total                          Min: 0, Avg:  0.0, Max: 0, Diff: 0, Sum: 0, Workers: 4
[366.475s][debug][gc,phases      ] GC(24)   StringDedup Requests1 Weak     Min:  0.0, Avg:  0.0, Max:  0.0, Diff:  0.0, Sum:  0.0, Workers: 4
[366.475s][debug][gc,phases      ] GC(24)     Dead                           Min: 0, Avg:  0.0, Max: 0, Diff: 0, Sum: 0, Workers: 4
[366.475s][debug][gc,phases      ] GC(24)     Total                          Min: 0, Avg:  0.0, Max: 0, Diff: 0, Sum: 0, Workers: 4
[366.475s][debug][gc,phases      ] GC(24)   Weak JFR Old Object Samples    Min:  0.0, Avg:  0.0, Max:  0.0, Diff:  0.0, Sum:  0.0, Workers: 4
[366.475s][debug][gc,phases      ] GC(24)     Dead                           Min: 0, Avg:  0.0, Max: 0, Diff: 0, Sum: 0, Workers: 4
[366.475s][debug][gc,phases      ] GC(24)     Total                          Min: 0, Avg:  0.0, Max: 0, Diff: 0, Sum: 0, Workers: 4
[366.475s][debug][gc,phases      ] GC(24) Weak Processing 0.512ms
[366.475s][debug][gc,age         ] GC(24) Desired survivor size 182976512 bytes, new threshold 1 (max threshold 15)
[366.475s][info ][gc,heap        ] GC(24) PSYoungGen: 1698381K(1889280K)->7336K(1918464K) Eden: 1693696K(1693696K)->0K(1731072K) From: 4685K(195584K)->7336K(187392K)
[366.475s][info ][gc,heap        ] GC(24) ParOldGen: 265103K(265216K)->267753K(267776K)
[366.475s][info ][gc,metaspace   ] GC(24) Metaspace: 105282K(106624K)->105282K(106624K) NonClass: 89317K(90048K)->89317K(90048K) Class: 15964K(16576K)->15964K(16576K)
[366.475s][info ][gc             ] GC(24) Pause Young (Allocation Failure) 1917M->268M(2135M) 8.938ms
[366.475s][info ][gc,cpu         ] GC(24) User=0.03s Sys=0.00s Real=0.01s
[366.475s][info ][safepoint      ] Safepoint "ParallelGCFailedAllocation", Time since last: 1327141165 ns, Reaching safepoint: 9201 ns, Cleanup: 5100 ns, At safepoint: 9020176 ns, Total: 9034477 ns
[368.475s][info ][safepoint      ] Safepoint "Cleanup", Time since last: 2000167689 ns, Reaching safepoint: 7801 ns, Cleanup: 13001 ns, At safepoint: 2600 ns, Total: 23402 ns
[369.476s][info ][safepoint      ] Safepoint "Cleanup", Time since last: 1000131597 ns, Reaching safepoint: 79207 ns, Cleanup: 8800 ns, At safepoint: 6501 ns, Total: 94508 ns
[370.476s][info ][safepoint      ] Safepoint "Cleanup", Time since last: 1000133397 ns, Reaching safepoint: 86807 ns, Cleanup: 14901 ns, At safepoint: 8001 ns, Total: 109709 ns
[371.476s][info ][safepoint      ] Safepoint "Cleanup", Time since last: 1000130997 ns, Reaching safepoint: 7500 ns, Cleanup: 17102 ns, At safepoint: 2800 ns, Total: 27402 ns
[372.476s][info ][safepoint      ] Safepoint "Cleanup", Time since last: 1000116996 ns, Reaching safepoint: 7100 ns, Cleanup: 17902 ns, At safepoint: 2800 ns, Total: 27802 ns
[374.476s][info ][safepoint      ] Safepoint "Cleanup", Time since last: 2000218190 ns, Reaching safepoint: 7001 ns, Cleanup: 10300 ns, At safepoint: 2201 ns, Total: 19502 ns
[378.477s][info ][safepoint      ] Safepoint "Cleanup", Time since last: 4000337945 ns, Reaching safepoint: 7600 ns, Cleanup: 10101 ns, At safepoint: 3000 ns, Total: 20701 ns
[380.477s][info ][safepoint      ] Safepoint "Cleanup", Time since last: 2000215451 ns, Reaching safepoint: 6900 ns, Cleanup: 12001 ns, At safepoint: 2700 ns, Total: 21601 ns
[381.477s][info ][safepoint      ] Safepoint "Cleanup", Time since last: 1000135578 ns, Reaching safepoint: 7200 ns, Cleanup: 12201 ns, At safepoint: 2800 ns, Total: 22201 ns
[386.478s][info ][safepoint      ] Safepoint "Cleanup", Time since last: 5000426833 ns, Reaching safepoint: 8601 ns, Cleanup: 13101 ns, At safepoint: 3500 ns, Total: 25202 ns
[387.777s][info ][gc,start       ] GC(25) Pause Young (Allocation Failure)
[387.783s][debug][gc,phases      ] GC(25) Scavenge 6.180ms
[387.783s][debug][gc,ref         ] GC(25) ReferenceProcessor::execute queues: 1, RefProcThreadModel::Single, marks_oops_alive: false
[387.783s][debug][gc,ref         ] GC(25) Skipped KeepAliveFinalRefsPhase of Reference Processing: no references
[387.783s][debug][gc,ref         ] GC(25) Skipped PhantomRefsPhase of Reference Processing: no references
[387.783s][debug][gc,phases      ] GC(25) Reference Processing 0.114ms
[387.783s][debug][gc,phases      ] GC(25)   VM Weak                        Min:  0.0, Avg:  0.0, Max:  0.0, Diff:  0.0, Sum:  0.0, Workers: 4
[387.783s][debug][gc,phases      ] GC(25)     Dead                           Min: 0, Avg:  0.0, Max: 0, Diff: 0, Sum: 0, Workers: 4
[387.783s][debug][gc,phases      ] GC(25)     Total                          Min: 0, Avg: 254.8, Max: 832, Diff: 832, Sum: 1019, Workers: 4
[387.783s][debug][gc,phases      ] GC(25)   ObjectSynchronizer Weak        Min:  0.0, Avg:  0.0, Max:  0.0, Diff:  0.0, Sum:  0.0, Workers: 4
[387.783s][debug][gc,phases      ] GC(25)     Dead                           Min: 0, Avg:  0.0, Max: 0, Diff: 0, Sum: 0, Workers: 4
[387.783s][debug][gc,phases      ] GC(25)     Total                          Min: 0, Avg:  0.8, Max: 3, Diff: 3, Sum: 3, Workers: 4
[387.783s][debug][gc,phases      ] GC(25)   JVMTI Tag Weak OopStorage      Min:  0.0, Avg:  0.0, Max:  0.0, Diff:  0.0, Sum:  0.0, Workers: 4
[387.783s][debug][gc,phases      ] GC(25)     Dead                           Min: 0, Avg:  0.0, Max: 0, Diff: 0, Sum: 0, Workers: 4
[387.783s][debug][gc,phases      ] GC(25)     Total                          Min: 0, Avg:  0.0, Max: 0, Diff: 0, Sum: 0, Workers: 4
[387.783s][debug][gc,phases      ] GC(25)   StringTable Weak               Min:  0.0, Avg:  0.1, Max:  0.1, Diff:  0.1, Sum:  0.4, Workers: 4
[387.783s][debug][gc,phases      ] GC(25)     Dead                           Min: 0, Avg:  0.0, Max: 0, Diff: 0, Sum: 0, Workers: 4
[387.783s][debug][gc,phases      ] GC(25)     Total                          Min: 0, Avg: 11498.2, Max: 15979, Diff: 15979, Sum: 45993, Workers: 4
[387.783s][debug][gc,phases      ] GC(25)   ResolvedMethodTable Weak       Min:  0.0, Avg:  0.0, Max:  0.1, Diff:  0.1, Sum:  0.2, Workers: 4
[387.783s][debug][gc,phases      ] GC(25)     Dead                           Min: 0, Avg:  4.0, Max: 9, Diff: 9, Sum: 16, Workers: 4
[387.784s][debug][gc,phases      ] GC(25)     Total                          Min: 0, Avg: 3772.2, Max: 5189, Diff: 5189, Sum: 15089, Workers: 4
[387.784s][debug][gc,phases      ] GC(25)   JNI Weak                       Min:  0.0, Avg:  0.0, Max:  0.0, Diff:  0.0, Sum:  0.0, Workers: 4
[387.784s][debug][gc,phases      ] GC(25)     Dead                           Min: 0, Avg:  0.0, Max: 0, Diff: 0, Sum: 0, Workers: 4
[387.784s][debug][gc,phases      ] GC(25)     Total                          Min: 0, Avg: 13.0, Max: 48, Diff: 48, Sum: 52, Workers: 4
[387.784s][debug][gc,phases      ] GC(25)   StringDedup Table Weak         Min:  0.0, Avg:  0.0, Max:  0.0, Diff:  0.0, Sum:  0.0, Workers: 4
[387.784s][debug][gc,phases      ] GC(25)     Dead                           Min: 0, Avg:  0.0, Max: 0, Diff: 0, Sum: 0, Workers: 4
[387.784s][debug][gc,phases      ] GC(25)     Total                          Min: 0, Avg:  0.0, Max: 0, Diff: 0, Sum: 0, Workers: 4
[387.784s][debug][gc,phases      ] GC(25)   StringDedup Requests0 Weak     Min:  0.0, Avg:  0.0, Max:  0.0, Diff:  0.0, Sum:  0.0, Workers: 4
[387.784s][debug][gc,phases      ] GC(25)     Dead                           Min: 0, Avg:  0.0, Max: 0, Diff: 0, Sum: 0, Workers: 4
[387.784s][debug][gc,phases      ] GC(25)     Total                          Min: 0, Avg:  0.0, Max: 0, Diff: 0, Sum: 0, Workers: 4
[387.784s][debug][gc,phases      ] GC(25)   StringDedup Requests1 Weak     Min:  0.0, Avg:  0.0, Max:  0.0, Diff:  0.0, Sum:  0.0, Workers: 4
[387.784s][debug][gc,phases      ] GC(25)     Dead                           Min: 0, Avg:  0.0, Max: 0, Diff: 0, Sum: 0, Workers: 4
[387.784s][debug][gc,phases      ] GC(25)     Total                          Min: 0, Avg:  0.0, Max: 0, Diff: 0, Sum: 0, Workers: 4
[387.784s][debug][gc,phases      ] GC(25)   Weak JFR Old Object Samples    Min:  0.0, Avg:  0.0, Max:  0.0, Diff:  0.0, Sum:  0.0, Workers: 4
[387.784s][debug][gc,phases      ] GC(25)     Dead                           Min: 0, Avg:  0.0, Max: 0, Diff: 0, Sum: 0, Workers: 4
[387.784s][debug][gc,phases      ] GC(25)     Total                          Min: 0, Avg:  0.0, Max: 0, Diff: 0, Sum: 0, Workers: 4
[387.784s][debug][gc,phases      ] GC(25) Weak Processing 0.433ms
[387.784s][debug][gc,age         ] GC(25) Desired survivor size 174587904 bytes, new threshold 1 (max threshold 15)
[387.784s][info ][gc,heap        ] GC(25) PSYoungGen: 1738408K(1918464K)->3808K(1909760K) Eden: 1731072K(1731072K)->0K(1731072K) From: 7336K(187392K)->3808K(178688K)
[387.784s][info ][gc,heap        ] GC(25) ParOldGen: 267753K(267776K)->271879K(272384K)
[387.784s][info ][gc,metaspace   ] GC(25) Metaspace: 105308K(106624K)->105308K(106624K) NonClass: 89343K(90048K)->89343K(90048K) Class: 15964K(16576K)->15964K(16576K)
[387.784s][info ][gc             ] GC(25) Pause Young (Allocation Failure) 1959M->269M(2131M) 6.873ms
[387.784s][info ][gc,cpu         ] GC(25) User=0.01s Sys=0.01s Real=0.01s
[387.784s][info ][safepoint      ] Safepoint "ParallelGCFailedAllocation", Time since last: 1299210500 ns, Reaching safepoint: 7301 ns, Cleanup: 12201 ns, At safepoint: 6953960 ns, Total: 6973462 ns
[388.784s][info ][safepoint      ] Safepoint "Cleanup", Time since last: 1000096295 ns, Reaching safepoint: 7001 ns, Cleanup: 14801 ns, At safepoint: 2800 ns, Total: 24602 ns
[389.784s][info ][safepoint      ] Safepoint "Cleanup", Time since last: 1000119097 ns, Reaching safepoint: 7001 ns, Cleanup: 11201 ns, At safepoint: 2800 ns, Total: 21002 ns
[393.784s][info ][safepoint      ] Safepoint "Cleanup", Time since last: 4000342018 ns, Reaching safepoint: 6700 ns, Cleanup: 18702 ns, At safepoint: 3000 ns, Total: 28402 ns
[394.784s][info ][safepoint      ] Safepoint "Cleanup", Time since last: 1000115205 ns, Reaching safepoint: 6601 ns, Cleanup: 14201 ns, At safepoint: 2500 ns, Total: 23302 ns
[395.785s][info ][safepoint      ] Safepoint "Cleanup", Time since last: 1000120606 ns, Reaching safepoint: 11101 ns, Cleanup: 13301 ns, At safepoint: 2900 ns, Total: 27302 ns
[396.785s][info ][safepoint      ] Safepoint "Cleanup", Time since last: 1000139907 ns, Reaching safepoint: 8501 ns, Cleanup: 13701 ns, At safepoint: 2200 ns, Total: 24402 ns
[397.785s][info ][safepoint      ] Safepoint "Cleanup", Time since last: 1000143807 ns, Reaching safepoint: 5601 ns, Cleanup: 17201 ns, At safepoint: 3100 ns, Total: 25902 ns
[398.785s][info ][safepoint      ] Safepoint "Cleanup", Time since last: 1000122506 ns, Reaching safepoint: 6300 ns, Cleanup: 8601 ns, At safepoint: 2300 ns, Total: 17201 ns
[399.785s][info ][safepoint      ] Safepoint "Cleanup", Time since last: 1000115589 ns, Reaching safepoint: 6900 ns, Cleanup: 8601 ns, At safepoint: 2400 ns, Total: 17901 ns
[400.785s][info ][safepoint      ] Safepoint "Cleanup", Time since last: 1000118687 ns, Reaching safepoint: 7701 ns, Cleanup: 14901 ns, At safepoint: 2600 ns, Total: 25202 ns
[402.786s][info ][safepoint      ] Safepoint "Cleanup", Time since last: 2000255376 ns, Reaching safepoint: 6900 ns, Cleanup: 13202 ns, At safepoint: 2500 ns, Total: 22602 ns
[405.786s][info ][safepoint      ] Safepoint "Cleanup", Time since last: 3000314858 ns, Reaching safepoint: 13101 ns, Cleanup: 19301 ns, At safepoint: 40004 ns, Total: 72406 ns
[407.786s][info ][safepoint      ] Safepoint "Cleanup", Time since last: 2000220205 ns, Reaching safepoint: 9000 ns, Cleanup: 21802 ns, At safepoint: 2800 ns, Total: 33602 ns
[408.787s][info ][safepoint      ] Safepoint "Cleanup", Time since last: 1000451329 ns, Reaching safepoint: 5901 ns, Cleanup: 21201 ns, At safepoint: 2701 ns, Total: 29803 ns
[409.663s][info ][gc,start       ] GC(26) Pause Young (Allocation Failure)
[409.667s][debug][gc,phases      ] GC(26) Scavenge 4.380ms
[409.667s][debug][gc,ref         ] GC(26) ReferenceProcessor::execute queues: 1, RefProcThreadModel::Single, marks_oops_alive: false
[409.667s][debug][gc,ref         ] GC(26) Skipped KeepAliveFinalRefsPhase of Reference Processing: no references
[409.667s][debug][gc,ref         ] GC(26) ReferenceProcessor::execute queues: 1, RefProcThreadModel::Single, marks_oops_alive: false
[409.667s][debug][gc,phases      ] GC(26) Reference Processing 0.119ms
[409.667s][debug][gc,phases      ] GC(26)   VM Weak                        Min:  0.0, Avg:  0.0, Max:  0.0, Diff:  0.0, Sum:  0.0, Workers: 4
[409.667s][debug][gc,phases      ] GC(26)     Dead                           Min: 0, Avg:  0.0, Max: 0, Diff: 0, Sum: 0, Workers: 4
[409.667s][debug][gc,phases      ] GC(26)     Total                          Min: 0, Avg: 254.8, Max: 768, Diff: 768, Sum: 1019, Workers: 4
[409.667s][debug][gc,phases      ] GC(26)   ObjectSynchronizer Weak        Min:  0.0, Avg:  0.0, Max:  0.0, Diff:  0.0, Sum:  0.0, Workers: 4
[409.667s][debug][gc,phases      ] GC(26)     Dead                           Min: 0, Avg:  0.0, Max: 0, Diff: 0, Sum: 0, Workers: 4
[409.667s][debug][gc,phases      ] GC(26)     Total                          Min: 0, Avg:  0.8, Max: 3, Diff: 3, Sum: 3, Workers: 4
[409.668s][debug][gc,phases      ] GC(26)   JVMTI Tag Weak OopStorage      Min:  0.0, Avg:  0.0, Max:  0.0, Diff:  0.0, Sum:  0.0, Workers: 4
[409.668s][debug][gc,phases      ] GC(26)     Dead                           Min: 0, Avg:  0.0, Max: 0, Diff: 0, Sum: 0, Workers: 4
[409.668s][debug][gc,phases      ] GC(26)     Total                          Min: 0, Avg:  0.0, Max: 0, Diff: 0, Sum: 0, Workers: 4
[409.668s][debug][gc,phases      ] GC(26)   StringTable Weak               Min:  0.0, Avg:  0.1, Max:  0.1, Diff:  0.1, Sum:  0.4, Workers: 4
[409.668s][debug][gc,phases      ] GC(26)     Dead                           Min: 0, Avg:  0.2, Max: 1, Diff: 1, Sum: 1, Workers: 4
[409.668s][debug][gc,phases      ] GC(26)     Total                          Min: 0, Avg: 11500.5, Max: 16446, Diff: 16446, Sum: 46002, Workers: 4
[409.668s][debug][gc,phases      ] GC(26)   ResolvedMethodTable Weak       Min:  0.0, Avg:  0.0, Max:  0.0, Diff:  0.0, Sum:  0.1, Workers: 4
[409.668s][debug][gc,phases      ] GC(26)     Dead                           Min: 0, Avg:  4.5, Max: 18, Diff: 18, Sum: 18, Workers: 4
[409.668s][debug][gc,phases      ] GC(26)     Total                          Min: 0, Avg: 3775.2, Max: 5387, Diff: 5387, Sum: 15101, Workers: 4
[409.668s][debug][gc,phases      ] GC(26)   JNI Weak                       Min:  0.0, Avg:  0.0, Max:  0.0, Diff:  0.0, Sum:  0.0, Workers: 4
[409.668s][debug][gc,phases      ] GC(26)     Dead                           Min: 0, Avg:  0.0, Max: 0, Diff: 0, Sum: 0, Workers: 4
[409.668s][debug][gc,phases      ] GC(26)     Total                          Min: 0, Avg: 13.0, Max: 48, Diff: 48, Sum: 52, Workers: 4
[409.668s][debug][gc,phases      ] GC(26)   StringDedup Table Weak         Min:  0.0, Avg:  0.0, Max:  0.0, Diff:  0.0, Sum:  0.0, Workers: 4
[409.668s][debug][gc,phases      ] GC(26)     Dead                           Min: 0, Avg:  0.0, Max: 0, Diff: 0, Sum: 0, Workers: 4
[409.668s][debug][gc,phases      ] GC(26)     Total                          Min: 0, Avg:  0.0, Max: 0, Diff: 0, Sum: 0, Workers: 4
[409.668s][debug][gc,phases      ] GC(26)   StringDedup Requests0 Weak     Min:  0.0, Avg:  0.0, Max:  0.0, Diff:  0.0, Sum:  0.0, Workers: 4
[409.668s][debug][gc,phases      ] GC(26)     Dead                           Min: 0, Avg:  0.0, Max: 0, Diff: 0, Sum: 0, Workers: 4
[409.668s][debug][gc,phases      ] GC(26)     Total                          Min: 0, Avg:  0.0, Max: 0, Diff: 0, Sum: 0, Workers: 4
[409.668s][debug][gc,phases      ] GC(26)   StringDedup Requests1 Weak     Min:  0.0, Avg:  0.0, Max:  0.0, Diff:  0.0, Sum:  0.0, Workers: 4
[409.668s][debug][gc,phases      ] GC(26)     Dead                           Min: 0, Avg:  0.0, Max: 0, Diff: 0, Sum: 0, Workers: 4
[409.668s][debug][gc,phases      ] GC(26)     Total                          Min: 0, Avg:  0.0, Max: 0, Diff: 0, Sum: 0, Workers: 4
[409.668s][debug][gc,phases      ] GC(26)   Weak JFR Old Object Samples    Min:  0.0, Avg:  0.0, Max:  0.0, Diff:  0.0, Sum:  0.0, Workers: 4
[409.668s][debug][gc,phases      ] GC(26)     Dead                           Min: 0, Avg:  0.0, Max: 0, Diff: 0, Sum: 0, Workers: 4
[409.668s][debug][gc,phases      ] GC(26)     Total                          Min: 0, Avg:  0.0, Max: 0, Diff: 0, Sum: 0, Workers: 4
[409.668s][debug][gc,phases      ] GC(26) Weak Processing 0.428ms
[409.668s][debug][gc,age         ] GC(26) Desired survivor size 165675008 bytes, new threshold 1 (max threshold 15)
[409.668s][info ][gc,heap        ] GC(26) PSYoungGen: 1734880K(1909760K)->4592K(1935360K) Eden: 1731072K(1731072K)->0K(1764864K) From: 3808K(178688K)->4592K(170496K)
[409.668s][info ][gc,heap        ] GC(26) ParOldGen: 271879K(272384K)->272583K(272896K)
[409.668s][info ][gc,metaspace   ] GC(26) Metaspace: 105345K(106752K)->105345K(106752K) NonClass: 89377K(90176K)->89377K(90176K) Class: 15968K(16576K)->15968K(16576K)
[409.668s][info ][gc             ] GC(26) Pause Young (Allocation Failure) 1959M->270M(2156M) 5.067ms
[409.668s][info ][gc,cpu         ] GC(26) User=0.02s Sys=0.00s Real=0.00s
[409.668s][info ][safepoint      ] Safepoint "ParallelGCFailedAllocation", Time since last: 875751315 ns, Reaching safepoint: 82707 ns, Cleanup: 13101 ns, At safepoint: 5142505 ns, Total: 5238313 ns
[411.668s][info ][safepoint      ] Safepoint "Cleanup", Time since last: 2000218804 ns, Reaching safepoint: 82606 ns, Cleanup: 14801 ns, At safepoint: 6901 ns, Total: 104308 ns
[412.668s][info ][safepoint      ] Safepoint "Cleanup", Time since last: 1000122703 ns, Reaching safepoint: 78806 ns, Cleanup: 14201 ns, At safepoint: 5901 ns, Total: 98908 ns
[415.669s][info ][safepoint      ] Safepoint "Cleanup", Time since last: 3000284878 ns, Reaching safepoint: 94407 ns, Cleanup: 12201 ns, At safepoint: 7401 ns, Total: 114009 ns
[417.669s][info ][safepoint      ] Safepoint "Cleanup", Time since last: 2000238035 ns, Reaching safepoint: 89007 ns, Cleanup: 12701 ns, At safepoint: 8900 ns, Total: 110608 ns
[421.669s][info ][safepoint      ] Safepoint "Cleanup", Time since last: 4000349660 ns, Reaching safepoint: 79706 ns, Cleanup: 10401 ns, At safepoint: 7401 ns, Total: 97508 ns
[424.670s][info ][safepoint      ] Safepoint "Cleanup", Time since last: 3000269488 ns, Reaching safepoint: 79307 ns, Cleanup: 8200 ns, At safepoint: 6001 ns, Total: 93508 ns
[425.670s][info ][safepoint      ] Safepoint "Cleanup", Time since last: 1000131403 ns, Reaching safepoint: 79007 ns, Cleanup: 9100 ns, At safepoint: 6601 ns, Total: 94708 ns
[431.671s][info ][safepoint      ] Safepoint "Cleanup", Time since last: 6000536001 ns, Reaching safepoint: 78904 ns, Cleanup: 9901 ns, At safepoint: 7500 ns, Total: 96305 ns
[431.912s][info ][gc,start       ] GC(27) Pause Young (Allocation Failure)
[431.918s][debug][gc,phases      ] GC(27) Scavenge 5.634ms
[431.918s][debug][gc,ref         ] GC(27) ReferenceProcessor::execute queues: 1, RefProcThreadModel::Single, marks_oops_alive: false
[431.918s][debug][gc,ref         ] GC(27) Skipped KeepAliveFinalRefsPhase of Reference Processing: no references
[431.918s][debug][gc,ref         ] GC(27) Skipped PhantomRefsPhase of Reference Processing: no references
[431.918s][debug][gc,phases      ] GC(27) Reference Processing 0.114ms
[431.918s][debug][gc,phases      ] GC(27)   VM Weak                        Min:  0.0, Avg:  0.0, Max:  0.0, Diff:  0.0, Sum:  0.0, Workers: 4
[431.918s][debug][gc,phases      ] GC(27)     Dead                           Min: 0, Avg:  0.0, Max: 0, Diff: 0, Sum: 0, Workers: 4
[431.918s][debug][gc,phases      ] GC(27)     Total                          Min: 0, Avg: 254.8, Max: 443, Diff: 443, Sum: 1019, Workers: 4
[431.918s][debug][gc,phases      ] GC(27)   ObjectSynchronizer Weak        Min:  0.0, Avg:  0.0, Max:  0.0, Diff:  0.0, Sum:  0.0, Workers: 4
[431.918s][debug][gc,phases      ] GC(27)     Dead                           Min: 0, Avg:  0.0, Max: 0, Diff: 0, Sum: 0, Workers: 4
[431.918s][debug][gc,phases      ] GC(27)     Total                          Min: 0, Avg:  0.8, Max: 3, Diff: 3, Sum: 3, Workers: 4
[431.918s][debug][gc,phases      ] GC(27)   JVMTI Tag Weak OopStorage      Min:  0.0, Avg:  0.0, Max:  0.0, Diff:  0.0, Sum:  0.0, Workers: 4
[431.918s][debug][gc,phases      ] GC(27)     Dead                           Min: 0, Avg:  0.0, Max: 0, Diff: 0, Sum: 0, Workers: 4
[431.918s][debug][gc,phases      ] GC(27)     Total                          Min: 0, Avg:  0.0, Max: 0, Diff: 0, Sum: 0, Workers: 4
[431.918s][debug][gc,phases      ] GC(27)   StringTable Weak               Min:  0.0, Avg:  0.1, Max:  0.2, Diff:  0.2, Sum:  0.5, Workers: 4
[431.918s][debug][gc,phases      ] GC(27)     Dead                           Min: 0, Avg:  0.0, Max: 0, Diff: 0, Sum: 0, Workers: 4
[431.918s][debug][gc,phases      ] GC(27)     Total                          Min: 0, Avg: 11500.5, Max: 15936, Diff: 15936, Sum: 46002, Workers: 4
[431.918s][debug][gc,phases      ] GC(27)   ResolvedMethodTable Weak       Min:  0.0, Avg:  0.0, Max:  0.1, Diff:  0.1, Sum:  0.2, Workers: 4
[431.918s][debug][gc,phases      ] GC(27)     Dead                           Min: 0, Avg:  4.0, Max: 16, Diff: 16, Sum: 16, Workers: 4
[431.918s][debug][gc,phases      ] GC(27)     Total                          Min: 0, Avg: 3775.2, Max: 5800, Diff: 5800, Sum: 15101, Workers: 4
[431.918s][debug][gc,phases      ] GC(27)   JNI Weak                       Min:  0.0, Avg:  0.0, Max:  0.0, Diff:  0.0, Sum:  0.0, Workers: 4
[431.918s][debug][gc,phases      ] GC(27)     Dead                           Min: 0, Avg:  0.0, Max: 0, Diff: 0, Sum: 0, Workers: 4
[431.918s][debug][gc,phases      ] GC(27)     Total                          Min: 0, Avg: 13.0, Max: 48, Diff: 48, Sum: 52, Workers: 4
[431.918s][debug][gc,phases      ] GC(27)   StringDedup Table Weak         Min:  0.0, Avg:  0.0, Max:  0.0, Diff:  0.0, Sum:  0.0, Workers: 4
[431.918s][debug][gc,phases      ] GC(27)     Dead                           Min: 0, Avg:  0.0, Max: 0, Diff: 0, Sum: 0, Workers: 4
[431.918s][debug][gc,phases      ] GC(27)     Total                          Min: 0, Avg:  0.0, Max: 0, Diff: 0, Sum: 0, Workers: 4
[431.918s][debug][gc,phases      ] GC(27)   StringDedup Requests0 Weak     Min:  0.0, Avg:  0.0, Max:  0.0, Diff:  0.0, Sum:  0.0, Workers: 4
[431.918s][debug][gc,phases      ] GC(27)     Dead                           Min: 0, Avg:  0.0, Max: 0, Diff: 0, Sum: 0, Workers: 4
[431.918s][debug][gc,phases      ] GC(27)     Total                          Min: 0, Avg:  0.0, Max: 0, Diff: 0, Sum: 0, Workers: 4
[431.918s][debug][gc,phases      ] GC(27)   StringDedup Requests1 Weak     Min:  0.0, Avg:  0.0, Max:  0.0, Diff:  0.0, Sum:  0.0, Workers: 4
[431.918s][debug][gc,phases      ] GC(27)     Dead                           Min: 0, Avg:  0.0, Max: 0, Diff: 0, Sum: 0, Workers: 4
[431.918s][debug][gc,phases      ] GC(27)     Total                          Min: 0, Avg:  0.0, Max: 0, Diff: 0, Sum: 0, Workers: 4
[431.918s][debug][gc,phases      ] GC(27)   Weak JFR Old Object Samples    Min:  0.0, Avg:  0.0, Max:  0.0, Diff:  0.0, Sum:  0.0, Workers: 4
[431.918s][debug][gc,phases      ] GC(27)     Dead                           Min: 0, Avg:  0.0, Max: 0, Diff: 0, Sum: 0, Workers: 4
[431.918s][debug][gc,phases      ] GC(27)     Total                          Min: 0, Avg:  0.0, Max: 0, Diff: 0, Sum: 0, Workers: 4
[431.918s][debug][gc,phases      ] GC(27) Weak Processing 0.509ms
[431.918s][debug][gc,age         ] GC(27) Desired survivor size 157286400 bytes, new threshold 1 (max threshold 15)
[431.918s][info ][gc,heap        ] GC(27) PSYoungGen: 1769456K(1935360K)->4016K(1926656K) Eden: 1764864K(1764864K)->0K(1764864K) From: 4592K(170496K)->4016K(161792K)
[431.918s][info ][gc,heap        ] GC(27) ParOldGen: 272583K(272896K)->273779K(273920K)
[431.918s][info ][gc,metaspace   ] GC(27) Metaspace: 105351K(106752K)->105351K(106752K) NonClass: 89383K(90176K)->89383K(90176K) Class: 15968K(16576K)->15968K(16576K)
[431.919s][info ][gc             ] GC(27) Pause Young (Allocation Failure) 1994M->271M(2149M) 6.403ms
[431.919s][info ][gc,cpu         ] GC(27) User=0.02s Sys=0.00s Real=0.01s
[431.919s][info ][safepoint      ] Safepoint "ParallelGCFailedAllocation", Time since last: 241272735 ns, Reaching safepoint: 79505 ns, Cleanup: 4400 ns, At safepoint: 6483599 ns, Total: 6567504 ns
[435.919s][info ][safepoint      ] Safepoint "Cleanup", Time since last: 4000320017 ns, Reaching safepoint: 82407 ns, Cleanup: 12001 ns, At safepoint: 6800 ns, Total: 101208 ns
[438.919s][info ][safepoint      ] Safepoint "Cleanup", Time since last: 3000325083 ns, Reaching safepoint: 112109 ns, Cleanup: 14601 ns, At safepoint: 10801 ns, Total: 137511 ns
[446.920s][info ][safepoint      ] Safepoint "Cleanup", Time since last: 8000639082 ns, Reaching safepoint: 78606 ns, Cleanup: 16801 ns, At safepoint: 7301 ns, Total: 102708 ns
[447.920s][info ][safepoint      ] Safepoint "Cleanup", Time since last: 1000137854 ns, Reaching safepoint: 84707 ns, Cleanup: 10700 ns, At safepoint: 7501 ns, Total: 102908 ns
[448.921s][info ][safepoint      ] Safepoint "Cleanup", Time since last: 1000137462 ns, Reaching safepoint: 83806 ns, Cleanup: 10401 ns, At safepoint: 8301 ns, Total: 102508 ns
[450.921s][info ][safepoint      ] Safepoint "Cleanup", Time since last: 2000197518 ns, Reaching safepoint: 79606 ns, Cleanup: 16501 ns, At safepoint: 7301 ns, Total: 103408 ns
[451.921s][info ][safepoint      ] Safepoint "Cleanup", Time since last: 1000113460 ns, Reaching safepoint: 77906 ns, Cleanup: 14901 ns, At safepoint: 6701 ns, Total: 99508 ns
[452.673s][info ][gc,start       ] GC(28) Pause Young (Allocation Failure)
[452.677s][debug][gc,phases      ] GC(28) Scavenge 3.835ms
[452.677s][debug][gc,ref         ] GC(28) ReferenceProcessor::execute queues: 1, RefProcThreadModel::Single, marks_oops_alive: false
[452.677s][debug][gc,ref         ] GC(28) Skipped KeepAliveFinalRefsPhase of Reference Processing: no references
[452.677s][debug][gc,ref         ] GC(28) Skipped PhantomRefsPhase of Reference Processing: no references
[452.677s][debug][gc,phases      ] GC(28) Reference Processing 0.116ms
[452.677s][debug][gc,phases      ] GC(28)   VM Weak                        Min:  0.0, Avg:  0.0, Max:  0.0, Diff:  0.0, Sum:  0.0, Workers: 4
[452.677s][debug][gc,phases      ] GC(28)     Dead                           Min: 0, Avg:  0.0, Max: 0, Diff: 0, Sum: 0, Workers: 4
[452.677s][debug][gc,phases      ] GC(28)     Total                          Min: 0, Avg: 254.8, Max: 704, Diff: 704, Sum: 1019, Workers: 4
[452.677s][debug][gc,phases      ] GC(28)   ObjectSynchronizer Weak        Min:  0.0, Avg:  0.0, Max:  0.0, Diff:  0.0, Sum:  0.0, Workers: 4
[452.677s][debug][gc,phases      ] GC(28)     Dead                           Min: 0, Avg:  0.0, Max: 0, Diff: 0, Sum: 0, Workers: 4
[452.677s][debug][gc,phases      ] GC(28)     Total                          Min: 0, Avg:  0.8, Max: 3, Diff: 3, Sum: 3, Workers: 4
[452.677s][debug][gc,phases      ] GC(28)   JVMTI Tag Weak OopStorage      Min:  0.0, Avg:  0.0, Max:  0.0, Diff:  0.0, Sum:  0.0, Workers: 4
[452.677s][debug][gc,phases      ] GC(28)     Dead                           Min: 0, Avg:  0.0, Max: 0, Diff: 0, Sum: 0, Workers: 4
[452.677s][debug][gc,phases      ] GC(28)     Total                          Min: 0, Avg:  0.0, Max: 0, Diff: 0, Sum: 0, Workers: 4
[452.677s][debug][gc,phases      ] GC(28)   StringTable Weak               Min:  0.1, Avg:  0.1, Max:  0.1, Diff:  0.0, Sum:  0.4, Workers: 4
[452.677s][debug][gc,phases      ] GC(28)     Dead                           Min: 0, Avg:  0.0, Max: 0, Diff: 0, Sum: 0, Workers: 4
[452.677s][debug][gc,phases      ] GC(28)     Total                          Min: 10327, Avg: 11509.8, Max: 13376, Diff: 3049, Sum: 46039, Workers: 4
[452.677s][debug][gc,phases      ] GC(28)   ResolvedMethodTable Weak       Min:  0.0, Avg:  0.0, Max:  0.0, Diff:  0.0, Sum:  0.2, Workers: 4
[452.677s][debug][gc,phases      ] GC(28)     Dead                           Min: 0, Avg:  0.0, Max: 0, Diff: 0, Sum: 0, Workers: 4
[452.677s][debug][gc,phases      ] GC(28)     Total                          Min: 3426, Avg: 3775.2, Max: 4285, Diff: 859, Sum: 15101, Workers: 4
[452.677s][debug][gc,phases      ] GC(28)   JNI Weak                       Min:  0.0, Avg:  0.0, Max:  0.0, Diff:  0.0, Sum:  0.0, Workers: 4
[452.677s][debug][gc,phases      ] GC(28)     Dead                           Min: 0, Avg:  0.0, Max: 0, Diff: 0, Sum: 0, Workers: 4
[452.677s][debug][gc,phases      ] GC(28)     Total                          Min: 0, Avg: 13.0, Max: 48, Diff: 48, Sum: 52, Workers: 4
[452.677s][debug][gc,phases      ] GC(28)   StringDedup Table Weak         Min:  0.0, Avg:  0.0, Max:  0.0, Diff:  0.0, Sum:  0.0, Workers: 4
[452.677s][debug][gc,phases      ] GC(28)     Dead                           Min: 0, Avg:  0.0, Max: 0, Diff: 0, Sum: 0, Workers: 4
[452.677s][debug][gc,phases      ] GC(28)     Total                          Min: 0, Avg:  0.0, Max: 0, Diff: 0, Sum: 0, Workers: 4
[452.677s][debug][gc,phases      ] GC(28)   StringDedup Requests0 Weak     Min:  0.0, Avg:  0.0, Max:  0.0, Diff:  0.0, Sum:  0.0, Workers: 4
[452.677s][debug][gc,phases      ] GC(28)     Dead                           Min: 0, Avg:  0.0, Max: 0, Diff: 0, Sum: 0, Workers: 4
[452.677s][debug][gc,phases      ] GC(28)     Total                          Min: 0, Avg:  0.0, Max: 0, Diff: 0, Sum: 0, Workers: 4
[452.677s][debug][gc,phases      ] GC(28)   StringDedup Requests1 Weak     Min:  0.0, Avg:  0.0, Max:  0.0, Diff:  0.0, Sum:  0.0, Workers: 4
[452.677s][debug][gc,phases      ] GC(28)     Dead                           Min: 0, Avg:  0.0, Max: 0, Diff: 0, Sum: 0, Workers: 4
[452.677s][debug][gc,phases      ] GC(28)     Total                          Min: 0, Avg:  0.0, Max: 0, Diff: 0, Sum: 0, Workers: 4
[452.677s][debug][gc,phases      ] GC(28)   Weak JFR Old Object Samples    Min:  0.0, Avg:  0.0, Max:  0.0, Diff:  0.0, Sum:  0.0, Workers: 4
[452.677s][debug][gc,phases      ] GC(28)     Dead                           Min: 0, Avg:  0.0, Max: 0, Diff: 0, Sum: 0, Workers: 4
[452.677s][debug][gc,phases      ] GC(28)     Total                          Min: 0, Avg:  0.0, Max: 0, Diff: 0, Sum: 0, Workers: 4
[452.677s][debug][gc,phases      ] GC(28) Weak Processing 0.399ms
[452.677s][debug][gc,age         ] GC(28) Desired survivor size 148897792 bytes, new threshold 1 (max threshold 15)
[452.677s][info ][gc,heap        ] GC(28) PSYoungGen: 1768880K(1926656K)->3920K(1951744K) Eden: 1764864K(1764864K)->0K(1798144K) From: 4016K(161792K)->3920K(153600K)
[452.677s][info ][gc,heap        ] GC(28) ParOldGen: 273779K(273920K)->274463K(274944K)
[452.677s][info ][gc,metaspace   ] GC(28) Metaspace: 105354K(106752K)->105354K(106752K) NonClass: 89386K(90176K)->89386K(90176K) Class: 15968K(16576K)->15968K(16576K)
[452.677s][info ][gc             ] GC(28) Pause Young (Allocation Failure) 1994M->271M(2174M) 4.500ms
[452.677s][info ][gc,cpu         ] GC(28) User=0.02s Sys=0.01s Real=0.01s
[452.677s][info ][safepoint      ] Safepoint "ParallelGCFailedAllocation", Time since last: 751564310 ns, Reaching safepoint: 7301 ns, Cleanup: 4800 ns, At safepoint: 4576658 ns, Total: 4588759 ns
[453.677s][info ][safepoint      ] Safepoint "Cleanup", Time since last: 1000086858 ns, Reaching safepoint: 7001 ns, Cleanup: 34103 ns, At safepoint: 2600 ns, Total: 43704 ns
[454.678s][info ][safepoint      ] Safepoint "Cleanup", Time since last: 1000084358 ns, Reaching safepoint: 6100 ns, Cleanup: 21102 ns, At safepoint: 2900 ns, Total: 30102 ns
[456.678s][info ][safepoint      ] Safepoint "Cleanup", Time since last: 2000192984 ns, Reaching safepoint: 77406 ns, Cleanup: 10601 ns, At safepoint: 6400 ns, Total: 94407 ns
[457.678s][info ][safepoint      ] Safepoint "Cleanup", Time since last: 1000115826 ns, Reaching safepoint: 6400 ns, Cleanup: 19402 ns, At safepoint: 2400 ns, Total: 28202 ns
[458.678s][info ][safepoint      ] Safepoint "Cleanup", Time since last: 1000119026 ns, Reaching safepoint: 6900 ns, Cleanup: 13101 ns, At safepoint: 2201 ns, Total: 22202 ns
[459.678s][info ][safepoint      ] Safepoint "Cleanup", Time since last: 1000115225 ns, Reaching safepoint: 5801 ns, Cleanup: 24001 ns, At safepoint: 2101 ns, Total: 31903 ns
[460.678s][info ][safepoint      ] Safepoint "Cleanup", Time since last: 1000144327 ns, Reaching safepoint: 7601 ns, Cleanup: 17201 ns, At safepoint: 2601 ns, Total: 27403 ns
[461.679s][info ][safepoint      ] Safepoint "Cleanup", Time since last: 1000109324 ns, Reaching safepoint: 6601 ns, Cleanup: 9801 ns, At safepoint: 2600 ns, Total: 19002 ns
[462.679s][info ][safepoint      ] Safepoint "Cleanup", Time since last: 1000114725 ns, Reaching safepoint: 6001 ns, Cleanup: 12201 ns, At safepoint: 2100 ns, Total: 20302 ns
[463.679s][info ][safepoint      ] Safepoint "Cleanup", Time since last: 1000111822 ns, Reaching safepoint: 6401 ns, Cleanup: 13301 ns, At safepoint: 2700 ns, Total: 22402 ns
[464.679s][info ][safepoint      ] Safepoint "Cleanup", Time since last: 1000147345 ns, Reaching safepoint: 5901 ns, Cleanup: 10801 ns, At safepoint: 2400 ns, Total: 19102 ns
[465.679s][info ][safepoint      ] Safepoint "Cleanup", Time since last: 1000125143 ns, Reaching safepoint: 7001 ns, Cleanup: 7100 ns, At safepoint: 2501 ns, Total: 16602 ns
[468.679s][info ][safepoint      ] Safepoint "Cleanup", Time since last: 3000269922 ns, Reaching safepoint: 6501 ns, Cleanup: 10900 ns, At safepoint: 2101 ns, Total: 19502 ns
[469.680s][info ][safepoint      ] Safepoint "Cleanup", Time since last: 1000121643 ns, Reaching safepoint: 6000 ns, Cleanup: 30003 ns, At safepoint: 3000 ns, Total: 39003 ns
[470.680s][info ][safepoint      ] Safepoint "Cleanup", Time since last: 1000112343 ns, Reaching safepoint: 5900 ns, Cleanup: 13201 ns, At safepoint: 2800 ns, Total: 21901 ns
[471.680s][info ][safepoint      ] Safepoint "Cleanup", Time since last: 1000103620 ns, Reaching safepoint: 6401 ns, Cleanup: 10501 ns, At safepoint: 2500 ns, Total: 19402 ns
[472.680s][info ][safepoint      ] Safepoint "Cleanup", Time since last: 1000109927 ns, Reaching safepoint: 5901 ns, Cleanup: 13601 ns, At safepoint: 2400 ns, Total: 21902 ns
[473.680s][info ][safepoint      ] Safepoint "Cleanup", Time since last: 1000118928 ns, Reaching safepoint: 8701 ns, Cleanup: 25402 ns, At safepoint: 3300 ns, Total: 37403 ns
[474.012s][info ][gc,start       ] GC(29) Pause Young (Allocation Failure)
[474.018s][debug][gc,phases      ] GC(29) Scavenge 5.667ms
[474.018s][debug][gc,ref         ] GC(29) ReferenceProcessor::execute queues: 1, RefProcThreadModel::Single, marks_oops_alive: false
[474.018s][debug][gc,ref         ] GC(29) Skipped KeepAliveFinalRefsPhase of Reference Processing: no references
[474.018s][debug][gc,ref         ] GC(29) Skipped PhantomRefsPhase of Reference Processing: no references
[474.018s][debug][gc,phases      ] GC(29) Reference Processing 0.127ms
[474.018s][debug][gc,phases      ] GC(29)   VM Weak                        Min:  0.0, Avg:  0.0, Max:  0.0, Diff:  0.0, Sum:  0.0, Workers: 4
[474.018s][debug][gc,phases      ] GC(29)     Dead                           Min: 0, Avg:  0.0, Max: 0, Diff: 0, Sum: 0, Workers: 4
[474.018s][debug][gc,phases      ] GC(29)     Total                          Min: 0, Avg: 254.8, Max: 832, Diff: 832, Sum: 1019, Workers: 4
[474.018s][debug][gc,phases      ] GC(29)   ObjectSynchronizer Weak        Min:  0.0, Avg:  0.0, Max:  0.0, Diff:  0.0, Sum:  0.0, Workers: 4
[474.018s][debug][gc,phases      ] GC(29)     Dead                           Min: 0, Avg:  0.0, Max: 0, Diff: 0, Sum: 0, Workers: 4
[474.018s][debug][gc,phases      ] GC(29)     Total                          Min: 0, Avg:  1.0, Max: 4, Diff: 4, Sum: 4, Workers: 4
[474.018s][debug][gc,phases      ] GC(29)   JVMTI Tag Weak OopStorage      Min:  0.0, Avg:  0.0, Max:  0.0, Diff:  0.0, Sum:  0.0, Workers: 4
[474.018s][debug][gc,phases      ] GC(29)     Dead                           Min: 0, Avg:  0.0, Max: 0, Diff: 0, Sum: 0, Workers: 4
[474.018s][debug][gc,phases      ] GC(29)     Total                          Min: 0, Avg:  0.0, Max: 0, Diff: 0, Sum: 0, Workers: 4
[474.018s][debug][gc,phases      ] GC(29)   StringTable Weak               Min:  0.1, Avg:  0.1, Max:  0.1, Diff:  0.0, Sum:  0.5, Workers: 4
[474.018s][debug][gc,phases      ] GC(29)     Dead                           Min: 0, Avg:  0.0, Max: 0, Diff: 0, Sum: 0, Workers: 4
[474.018s][debug][gc,phases      ] GC(29)     Total                          Min: 10304, Avg: 11510.0, Max: 12288, Diff: 1984, Sum: 46040, Workers: 4
[474.018s][debug][gc,phases      ] GC(29)   ResolvedMethodTable Weak       Min:  0.0, Avg:  0.0, Max:  0.0, Diff:  0.0, Sum:  0.2, Workers: 4
[474.018s][debug][gc,phases      ] GC(29)     Dead                           Min: 0, Avg:  4.0, Max: 16, Diff: 16, Sum: 16, Workers: 4
[474.018s][debug][gc,phases      ] GC(29)     Total                          Min: 3325, Avg: 3775.2, Max: 4157, Diff: 832, Sum: 15101, Workers: 4
[474.018s][debug][gc,phases      ] GC(29)   JNI Weak                       Min:  0.0, Avg:  0.0, Max:  0.0, Diff:  0.0, Sum:  0.0, Workers: 4
[474.018s][debug][gc,phases      ] GC(29)     Dead                           Min: 0, Avg:  0.0, Max: 0, Diff: 0, Sum: 0, Workers: 4
[474.018s][debug][gc,phases      ] GC(29)     Total                          Min: 0, Avg: 13.0, Max: 48, Diff: 48, Sum: 52, Workers: 4
[474.018s][debug][gc,phases      ] GC(29)   StringDedup Table Weak         Min:  0.0, Avg:  0.0, Max:  0.0, Diff:  0.0, Sum:  0.0, Workers: 4
[474.018s][debug][gc,phases      ] GC(29)     Dead                           Min: 0, Avg:  0.0, Max: 0, Diff: 0, Sum: 0, Workers: 4
[474.018s][debug][gc,phases      ] GC(29)     Total                          Min: 0, Avg:  0.0, Max: 0, Diff: 0, Sum: 0, Workers: 4
[474.018s][debug][gc,phases      ] GC(29)   StringDedup Requests0 Weak     Min:  0.0, Avg:  0.0, Max:  0.0, Diff:  0.0, Sum:  0.0, Workers: 4
[474.018s][debug][gc,phases      ] GC(29)     Dead                           Min: 0, Avg:  0.0, Max: 0, Diff: 0, Sum: 0, Workers: 4
[474.018s][debug][gc,phases      ] GC(29)     Total                          Min: 0, Avg:  0.0, Max: 0, Diff: 0, Sum: 0, Workers: 4
[474.018s][debug][gc,phases      ] GC(29)   StringDedup Requests1 Weak     Min:  0.0, Avg:  0.0, Max:  0.0, Diff:  0.0, Sum:  0.0, Workers: 4
[474.018s][debug][gc,phases      ] GC(29)     Dead                           Min: 0, Avg:  0.0, Max: 0, Diff: 0, Sum: 0, Workers: 4
[474.018s][debug][gc,phases      ] GC(29)     Total                          Min: 0, Avg:  0.0, Max: 0, Diff: 0, Sum: 0, Workers: 4
[474.018s][debug][gc,phases      ] GC(29)   Weak JFR Old Object Samples    Min:  0.0, Avg:  0.0, Max:  0.0, Diff:  0.0, Sum:  0.0, Workers: 4
[474.018s][debug][gc,phases      ] GC(29)     Dead                           Min: 0, Avg:  0.0, Max: 0, Diff: 0, Sum: 0, Workers: 4
[474.018s][debug][gc,phases      ] GC(29)     Total                          Min: 0, Avg:  0.0, Max: 0, Diff: 0, Sum: 0, Workers: 4
[474.018s][debug][gc,phases      ] GC(29) Weak Processing 0.411ms
[474.018s][debug][gc,age         ] GC(29) Desired survivor size 140509184 bytes, new threshold 1 (max threshold 15)
[474.018s][info ][gc,heap        ] GC(29) PSYoungGen: 1802064K(1951744K)->4473K(1943552K) Eden: 1798144K(1798144K)->0K(1798144K) From: 3920K(153600K)->4473K(145408K)
[474.018s][info ][gc,heap        ] GC(29) ParOldGen: 274463K(274944K)->275088K(275456K)
[474.018s][info ][gc,metaspace   ] GC(29) Metaspace: 105364K(106752K)->105364K(106752K) NonClass: 89396K(90176K)->89396K(90176K) Class: 15968K(16576K)->15968K(16576K)
[474.018s][info ][gc             ] GC(29) Pause Young (Allocation Failure) 2027M->273M(2167M) 6.349ms
[474.018s][info ][gc,cpu         ] GC(29) User=0.02s Sys=0.00s Real=0.01s
[474.018s][info ][safepoint      ] Safepoint "ParallelGCFailedAllocation", Time since last: 331551430 ns, Reaching safepoint: 82106 ns, Cleanup: 4801 ns, At safepoint: 6427216 ns, Total: 6514123 ns
[476.019s][info ][safepoint      ] Safepoint "Cleanup", Time since last: 2000241956 ns, Reaching safepoint: 89108 ns, Cleanup: 11901 ns, At safepoint: 8700 ns, Total: 109709 ns
[477.019s][info ][safepoint      ] Safepoint "Cleanup", Time since last: 1000126729 ns, Reaching safepoint: 79306 ns, Cleanup: 16502 ns, At safepoint: 7600 ns, Total: 103408 ns
[478.019s][info ][safepoint      ] Safepoint "Cleanup", Time since last: 1000114928 ns, Reaching safepoint: 76706 ns, Cleanup: 18102 ns, At safepoint: 6100 ns, Total: 100908 ns
[479.019s][info ][safepoint      ] Safepoint "Cleanup", Time since last: 1000100527 ns, Reaching safepoint: 79006 ns, Cleanup: 32603 ns, At safepoint: 7300 ns, Total: 118909 ns
[480.019s][info ][safepoint      ] Safepoint "Cleanup", Time since last: 1000130754 ns, Reaching safepoint: 6800 ns, Cleanup: 24702 ns, At safepoint: 2201 ns, Total: 33703 ns
[481.175s][info ][safepoint      ] Safepoint "Cleanup", Time since last: 1155585569 ns, Reaching safepoint: 7501 ns, Cleanup: 13801 ns, At safepoint: 2400 ns, Total: 23702 ns
[484.175s][info ][safepoint      ] Safepoint "Cleanup", Time since last: 3000255626 ns, Reaching safepoint: 5600 ns, Cleanup: 9101 ns, At safepoint: 2500 ns, Total: 17201 ns
[485.175s][info ][safepoint      ] Safepoint "Cleanup", Time since last: 1000108878 ns, Reaching safepoint: 6000 ns, Cleanup: 8501 ns, At safepoint: 2400 ns, Total: 16901 ns
[486.176s][info ][safepoint      ] Safepoint "Cleanup", Time since last: 1000114088 ns, Reaching safepoint: 6400 ns, Cleanup: 14101 ns, At safepoint: 2300 ns, Total: 22801 ns
[487.176s][info ][safepoint      ] Safepoint "Cleanup", Time since last: 1000104955 ns, Reaching safepoint: 5900 ns, Cleanup: 7401 ns, At safepoint: 2200 ns, Total: 15501 ns
[488.176s][info ][safepoint      ] Safepoint "Cleanup", Time since last: 1000141423 ns, Reaching safepoint: 9902 ns, Cleanup: 14003 ns, At safepoint: 3000 ns, Total: 26905 ns
[489.176s][info ][safepoint      ] Safepoint "Cleanup", Time since last: 1000197292 ns, Reaching safepoint: 13801 ns, Cleanup: 18402 ns, At safepoint: 3300 ns, Total: 35503 ns
[490.176s][info ][safepoint      ] Safepoint "Cleanup", Time since last: 1000132721 ns, Reaching safepoint: 5901 ns, Cleanup: 10801 ns, At safepoint: 2100 ns, Total: 18802 ns
[492.176s][info ][safepoint      ] Safepoint "Cleanup", Time since last: 2000182435 ns, Reaching safepoint: 6000 ns, Cleanup: 10101 ns, At safepoint: 2200 ns, Total: 18301 ns
[493.177s][info ][safepoint      ] Safepoint "Cleanup", Time since last: 1000124820 ns, Reaching safepoint: 6501 ns, Cleanup: 15001 ns, At safepoint: 2000 ns, Total: 23502 ns
[495.177s][info ][safepoint      ] Safepoint "Cleanup", Time since last: 2000184235 ns, Reaching safepoint: 5401 ns, Cleanup: 11601 ns, At safepoint: 2600 ns, Total: 19602 ns
[496.177s][info ][safepoint      ] Safepoint "Cleanup", Time since last: 1000120180 ns, Reaching safepoint: 7201 ns, Cleanup: 11101 ns, At safepoint: 2900 ns, Total: 21202 ns
[498.177s][info ][safepoint      ] Safepoint "Cleanup", Time since last: 2000221802 ns, Reaching safepoint: 7200 ns, Cleanup: 11601 ns, At safepoint: 2501 ns, Total: 21302 ns
[499.177s][info ][safepoint      ] Safepoint "Cleanup", Time since last: 1000120651 ns, Reaching safepoint: 7401 ns, Cleanup: 12301 ns, At safepoint: 2500 ns, Total: 22202 ns
[500.177s][info ][safepoint      ] Safepoint "Cleanup", Time since last: 1000112251 ns, Reaching safepoint: 6101 ns, Cleanup: 10101 ns, At safepoint: 2400 ns, Total: 18602 ns
[502.178s][info ][safepoint      ] Safepoint "Cleanup", Time since last: 2000208801 ns, Reaching safepoint: 5600 ns, Cleanup: 7101 ns, At safepoint: 2200 ns, Total: 14901 ns
[507.178s][info ][safepoint      ] Safepoint "Cleanup", Time since last: 5000426498 ns, Reaching safepoint: 5800 ns, Cleanup: 14102 ns, At safepoint: 2400 ns, Total: 22302 ns
[508.178s][info ][safepoint      ] Safepoint "Cleanup", Time since last: 1000150220 ns, Reaching safepoint: 7300 ns, Cleanup: 11901 ns, At safepoint: 2901 ns, Total: 22102 ns
[509.178s][info ][safepoint      ] Safepoint "Cleanup", Time since last: 1000137319 ns, Reaching safepoint: 6700 ns, Cleanup: 13301 ns, At safepoint: 2600 ns, Total: 22601 ns
[511.179s][info ][safepoint      ] Safepoint "Cleanup", Time since last: 2000189231 ns, Reaching safepoint: 7301 ns, Cleanup: 11501 ns, At safepoint: 2300 ns, Total: 21102 ns
[513.179s][info ][safepoint      ] Safepoint "Cleanup", Time since last: 2000213974 ns, Reaching safepoint: 7201 ns, Cleanup: 13601 ns, At safepoint: 2500 ns, Total: 23302 ns
[514.179s][info ][safepoint      ] Safepoint "Cleanup", Time since last: 1000123700 ns, Reaching safepoint: 6601 ns, Cleanup: 10401 ns, At safepoint: 2500 ns, Total: 19502 ns
[521.213s][info ][gc,start       ] GC(30) Pause Young (Allocation Failure)
[521.219s][debug][gc,phases      ] GC(30) Scavenge 6.218ms
[521.219s][debug][gc,ref         ] GC(30) ReferenceProcessor::execute queues: 1, RefProcThreadModel::Single, marks_oops_alive: false
[521.219s][debug][gc,ref         ] GC(30) Skipped KeepAliveFinalRefsPhase of Reference Processing: no references
[521.219s][debug][gc,ref         ] GC(30) ReferenceProcessor::execute queues: 1, RefProcThreadModel::Single, marks_oops_alive: false
[521.219s][debug][gc,phases      ] GC(30) Reference Processing 0.118ms
[521.219s][debug][gc,phases      ] GC(30)   VM Weak                        Min:  0.0, Avg:  0.0, Max:  0.0, Diff:  0.0, Sum:  0.0, Workers: 4
[521.219s][debug][gc,phases      ] GC(30)     Dead                           Min: 0, Avg:  0.0, Max: 0, Diff: 0, Sum: 0, Workers: 4
[521.219s][debug][gc,phases      ] GC(30)     Total                          Min: 0, Avg: 255.0, Max: 896, Diff: 896, Sum: 1020, Workers: 4
[521.219s][debug][gc,phases      ] GC(30)   ObjectSynchronizer Weak        Min:  0.0, Avg:  0.0, Max:  0.0, Diff:  0.0, Sum:  0.0, Workers: 4
[521.219s][debug][gc,phases      ] GC(30)     Dead                           Min: 0, Avg:  0.0, Max: 0, Diff: 0, Sum: 0, Workers: 4
[521.219s][debug][gc,phases      ] GC(30)     Total                          Min: 0, Avg:  1.0, Max: 4, Diff: 4, Sum: 4, Workers: 4
[521.219s][debug][gc,phases      ] GC(30)   JVMTI Tag Weak OopStorage      Min:  0.0, Avg:  0.0, Max:  0.0, Diff:  0.0, Sum:  0.0, Workers: 4
[521.219s][debug][gc,phases      ] GC(30)     Dead                           Min: 0, Avg:  0.0, Max: 0, Diff: 0, Sum: 0, Workers: 4
[521.219s][debug][gc,phases      ] GC(30)     Total                          Min: 0, Avg:  0.0, Max: 0, Diff: 0, Sum: 0, Workers: 4
[521.219s][debug][gc,phases      ] GC(30)   StringTable Weak               Min:  0.0, Avg:  0.1, Max:  0.1, Diff:  0.1, Sum:  0.4, Workers: 4
[521.219s][debug][gc,phases      ] GC(30)     Dead                           Min: 0, Avg:  0.2, Max: 1, Diff: 1, Sum: 1, Workers: 4
[521.219s][debug][gc,phases      ] GC(30)     Total                          Min: 0, Avg: 11511.5, Max: 17343, Diff: 17343, Sum: 46046, Workers: 4
[521.219s][debug][gc,phases      ] GC(30)   ResolvedMethodTable Weak       Min:  0.0, Avg:  0.0, Max:  0.0, Diff:  0.0, Sum:  0.1, Workers: 4
[521.219s][debug][gc,phases      ] GC(30)     Dead                           Min: 0, Avg:  4.0, Max: 15, Diff: 15, Sum: 16, Workers: 4
[521.219s][debug][gc,phases      ] GC(30)     Total                          Min: 0, Avg: 3776.8, Max: 5546, Diff: 5546, Sum: 15107, Workers: 4
[521.219s][debug][gc,phases      ] GC(30)   JNI Weak                       Min:  0.0, Avg:  0.0, Max:  0.0, Diff:  0.0, Sum:  0.0, Workers: 4
[521.219s][debug][gc,phases      ] GC(30)     Dead                           Min: 0, Avg:  0.0, Max: 0, Diff: 0, Sum: 0, Workers: 4
[521.219s][debug][gc,phases      ] GC(30)     Total                          Min: 0, Avg: 13.0, Max: 48, Diff: 48, Sum: 52, Workers: 4
[521.219s][debug][gc,phases      ] GC(30)   StringDedup Table Weak         Min:  0.0, Avg:  0.0, Max:  0.0, Diff:  0.0, Sum:  0.0, Workers: 4
[521.219s][debug][gc,phases      ] GC(30)     Dead                           Min: 0, Avg:  0.0, Max: 0, Diff: 0, Sum: 0, Workers: 4
[521.219s][debug][gc,phases      ] GC(30)     Total                          Min: 0, Avg:  0.0, Max: 0, Diff: 0, Sum: 0, Workers: 4
[521.219s][debug][gc,phases      ] GC(30)   StringDedup Requests0 Weak     Min:  0.0, Avg:  0.0, Max:  0.0, Diff:  0.0, Sum:  0.0, Workers: 4
[521.220s][debug][gc,phases      ] GC(30)     Dead                           Min: 0, Avg:  0.0, Max: 0, Diff: 0, Sum: 0, Workers: 4
[521.220s][debug][gc,phases      ] GC(30)     Total                          Min: 0, Avg:  0.0, Max: 0, Diff: 0, Sum: 0, Workers: 4
[521.220s][debug][gc,phases      ] GC(30)   StringDedup Requests1 Weak     Min:  0.0, Avg:  0.0, Max:  0.0, Diff:  0.0, Sum:  0.0, Workers: 4
[521.220s][debug][gc,phases      ] GC(30)     Dead                           Min: 0, Avg:  0.0, Max: 0, Diff: 0, Sum: 0, Workers: 4
[521.220s][debug][gc,phases      ] GC(30)     Total                          Min: 0, Avg:  0.0, Max: 0, Diff: 0, Sum: 0, Workers: 4
[521.220s][debug][gc,phases      ] GC(30)   Weak JFR Old Object Samples    Min:  0.0, Avg:  0.0, Max:  0.0, Diff:  0.0, Sum:  0.0, Workers: 4
[521.220s][debug][gc,phases      ] GC(30)     Dead                           Min: 0, Avg:  0.0, Max: 0, Diff: 0, Sum: 0, Workers: 4
[521.220s][debug][gc,phases      ] GC(30)     Total                          Min: 0, Avg:  0.0, Max: 0, Diff: 0, Sum: 0, Workers: 4
[521.220s][debug][gc,phases      ] GC(30) Weak Processing 0.429ms
[521.220s][debug][gc,age         ] GC(30) Desired survivor size 132120576 bytes, new threshold 1 (max threshold 15)
[521.220s][info ][gc,heap        ] GC(30) PSYoungGen: 1802617K(1943552K)->6036K(1968128K) Eden: 1798144K(1798144K)->0K(1830912K) From: 4473K(145408K)->6036K(137216K)
[521.220s][info ][gc,heap        ] GC(30) ParOldGen: 275088K(275456K)->275769K(275968K)
[521.220s][info ][gc,metaspace   ] GC(30) Metaspace: 105421K(106816K)->105421K(106816K) NonClass: 89451K(90240K)->89451K(90240K) Class: 15969K(16576K)->15969K(16576K)
[521.220s][info ][gc             ] GC(30) Pause Young (Allocation Failure) 2029M->275M(2191M) 6.918ms
[521.220s][info ][gc,cpu         ] GC(30) User=0.02s Sys=0.00s Real=0.01s
[521.220s][info ][safepoint      ] Safepoint "ParallelGCFailedAllocation", Time since last: 7033602405 ns, Reaching safepoint: 6900 ns, Cleanup: 4501 ns, At safepoint: 6990484 ns, Total: 7001885 ns
[522.220s][info ][safepoint      ] Safepoint "Cleanup", Time since last: 1000089922 ns, Reaching safepoint: 7301 ns, Cleanup: 11401 ns, At safepoint: 2700 ns, Total: 21402 ns
[524.220s][info ][safepoint      ] Safepoint "Cleanup", Time since last: 2000192746 ns, Reaching safepoint: 7600 ns, Cleanup: 16802 ns, At safepoint: 2900 ns, Total: 27302 ns
[526.220s][info ][safepoint      ] Safepoint "Cleanup", Time since last: 2000183244 ns, Reaching safepoint: 7101 ns, Cleanup: 18502 ns, At safepoint: 2900 ns, Total: 28503 ns
[527.220s][info ][safepoint      ] Safepoint "Cleanup", Time since last: 1000119524 ns, Reaching safepoint: 6401 ns, Cleanup: 8101 ns, At safepoint: 2400 ns, Total: 16902 ns
[528.220s][info ][safepoint      ] Safepoint "Cleanup", Time since last: 1000145684 ns, Reaching safepoint: 7801 ns, Cleanup: 12901 ns, At safepoint: 2500 ns, Total: 23202 ns
[532.221s][info ][safepoint      ] Safepoint "Cleanup", Time since last: 4000334595 ns, Reaching safepoint: 6901 ns, Cleanup: 19402 ns, At safepoint: 2500 ns, Total: 28803 ns
[533.221s][info ][safepoint      ] Safepoint "Cleanup", Time since last: 1000129677 ns, Reaching safepoint: 9701 ns, Cleanup: 21902 ns, At safepoint: 3500 ns, Total: 35103 ns
[534.221s][info ][safepoint      ] Safepoint "Cleanup", Time since last: 1000273989 ns, Reaching safepoint: 6701 ns, Cleanup: 15101 ns, At safepoint: 2300 ns, Total: 24102 ns
[536.222s][info ][safepoint      ] Safepoint "Cleanup", Time since last: 2000174290 ns, Reaching safepoint: 6000 ns, Cleanup: 8601 ns, At safepoint: 2500 ns, Total: 17101 ns
[538.222s][info ][safepoint      ] Safepoint "Cleanup", Time since last: 2000184402 ns, Reaching safepoint: 6601 ns, Cleanup: 11201 ns, At safepoint: 2800 ns, Total: 20602 ns
[542.193s][info ][safepoint      ] Safepoint "Cleanup", Time since last: 3971349246 ns, Reaching safepoint: 8001 ns, Cleanup: 18802 ns, At safepoint: 3000 ns, Total: 29803 ns
[543.193s][info ][safepoint      ] Safepoint "Cleanup", Time since last: 1000125144 ns, Reaching safepoint: 7501 ns, Cleanup: 15701 ns, At safepoint: 3301 ns, Total: 26503 ns
[544.193s][info ][safepoint      ] Safepoint "Cleanup", Time since last: 1000109729 ns, Reaching safepoint: 7800 ns, Cleanup: 13601 ns, At safepoint: 3401 ns, Total: 24802 ns
[548.194s][info ][safepoint      ] Safepoint "Cleanup", Time since last: 4000338956 ns, Reaching safepoint: 6900 ns, Cleanup: 9901 ns, At safepoint: 2800 ns, Total: 19601 ns
[549.194s][info ][safepoint      ] Safepoint "Cleanup", Time since last: 1000120792 ns, Reaching safepoint: 7101 ns, Cleanup: 11601 ns, At safepoint: 2800 ns, Total: 21502 ns
[550.194s][info ][safepoint      ] Safepoint "Cleanup", Time since last: 1000121492 ns, Reaching safepoint: 6801 ns, Cleanup: 11801 ns, At safepoint: 3200 ns, Total: 21802 ns
[554.194s][info ][safepoint      ] Safepoint "Cleanup", Time since last: 4000346236 ns, Reaching safepoint: 6601 ns, Cleanup: 10801 ns, At safepoint: 2900 ns, Total: 20302 ns
[555.195s][info ][safepoint      ] Safepoint "Cleanup", Time since last: 1000122369 ns, Reaching safepoint: 7401 ns, Cleanup: 11501 ns, At safepoint: 2700 ns, Total: 21602 ns
[556.195s][info ][safepoint      ] Safepoint "Cleanup", Time since last: 1000127770 ns, Reaching safepoint: 10301 ns, Cleanup: 12200 ns, At safepoint: 2901 ns, Total: 25402 ns
[558.195s][info ][safepoint      ] Safepoint "Cleanup", Time since last: 2000194229 ns, Reaching safepoint: 7800 ns, Cleanup: 13401 ns, At safepoint: 2901 ns, Total: 24102 ns
[559.195s][info ][safepoint      ] Safepoint "Cleanup", Time since last: 1000120184 ns, Reaching safepoint: 6800 ns, Cleanup: 13301 ns, At safepoint: 2401 ns, Total: 22502 ns
[561.195s][info ][safepoint      ] Safepoint "Cleanup", Time since last: 2000187599 ns, Reaching safepoint: 7201 ns, Cleanup: 12601 ns, At safepoint: 2300 ns, Total: 22102 ns
[562.195s][info ][safepoint      ] Safepoint "Cleanup", Time since last: 1000122324 ns, Reaching safepoint: 8001 ns, Cleanup: 16801 ns, At safepoint: 2800 ns, Total: 27602 ns
[563.196s][info ][safepoint      ] Safepoint "Cleanup", Time since last: 1000127025 ns, Reaching safepoint: 7000 ns, Cleanup: 11901 ns, At safepoint: 2401 ns, Total: 21302 ns
[565.196s][info ][safepoint      ] Safepoint "Cleanup", Time since last: 2000194344 ns, Reaching safepoint: 7301 ns, Cleanup: 14201 ns, At safepoint: 27502 ns, Total: 49004 ns
[566.196s][info ][safepoint      ] Safepoint "Cleanup", Time since last: 1000110823 ns, Reaching safepoint: 7801 ns, Cleanup: 25102 ns, At safepoint: 3100 ns, Total: 36003 ns
[567.196s][info ][safepoint      ] Safepoint "Cleanup", Time since last: 1000123125 ns, Reaching safepoint: 7100 ns, Cleanup: 30303 ns, At safepoint: 2800 ns, Total: 40203 ns
[568.196s][info ][safepoint      ] Safepoint "Cleanup", Time since last: 1000119720 ns, Reaching safepoint: 6900 ns, Cleanup: 17402 ns, At safepoint: 3000 ns, Total: 27302 ns
[570.196s][info ][safepoint      ] Safepoint "Cleanup", Time since last: 2000215558 ns, Reaching safepoint: 7401 ns, Cleanup: 12701 ns, At safepoint: 2700 ns, Total: 22802 ns
[574.197s][info ][safepoint      ] Safepoint "Cleanup", Time since last: 4000343909 ns, Reaching safepoint: 6401 ns, Cleanup: 12301 ns, At safepoint: 2600 ns, Total: 21302 ns
[575.197s][info ][safepoint      ] Safepoint "Cleanup", Time since last: 1000124431 ns, Reaching safepoint: 7100 ns, Cleanup: 13301 ns, At safepoint: 3000 ns, Total: 23401 ns
[576.197s][info ][safepoint      ] Safepoint "Cleanup", Time since last: 1000120072 ns, Reaching safepoint: 7900 ns, Cleanup: 13001 ns, At safepoint: 2400 ns, Total: 23301 ns
[578.197s][info ][safepoint      ] Safepoint "Cleanup", Time since last: 2000207420 ns, Reaching safepoint: 8000 ns, Cleanup: 28402 ns, At safepoint: 2600 ns, Total: 39002 ns
[579.198s][info ][safepoint      ] Safepoint "Cleanup", Time since last: 1000120161 ns, Reaching safepoint: 8501 ns, Cleanup: 13200 ns, At safepoint: 2901 ns, Total: 24602 ns
[580.229s][info ][gc,start       ] GC(31) Pause Young (Allocation Failure)
[580.237s][debug][gc,phases      ] GC(31) Scavenge 7.297ms
[580.237s][debug][gc,ref         ] GC(31) ReferenceProcessor::execute queues: 1, RefProcThreadModel::Single, marks_oops_alive: false
[580.237s][debug][gc,ref         ] GC(31) Skipped KeepAliveFinalRefsPhase of Reference Processing: no references
[580.237s][debug][gc,ref         ] GC(31) Skipped PhantomRefsPhase of Reference Processing: no references
[580.237s][debug][gc,phases      ] GC(31) Reference Processing 0.114ms
[580.237s][debug][gc,phases      ] GC(31)   VM Weak                        Min:  0.0, Avg:  0.0, Max:  0.0, Diff:  0.0, Sum:  0.0, Workers: 4
[580.237s][debug][gc,phases      ] GC(31)     Dead                           Min: 0, Avg:  0.0, Max: 0, Diff: 0, Sum: 0, Workers: 4
[580.237s][debug][gc,phases      ] GC(31)     Total                          Min: 0, Avg: 255.0, Max: 764, Diff: 764, Sum: 1020, Workers: 4
[580.237s][debug][gc,phases      ] GC(31)   ObjectSynchronizer Weak        Min:  0.0, Avg:  0.0, Max:  0.0, Diff:  0.0, Sum:  0.0, Workers: 4
[580.237s][debug][gc,phases      ] GC(31)     Dead                           Min: 0, Avg:  0.0, Max: 0, Diff: 0, Sum: 0, Workers: 4
[580.237s][debug][gc,phases      ] GC(31)     Total                          Min: 0, Avg:  1.0, Max: 4, Diff: 4, Sum: 4, Workers: 4
[580.237s][debug][gc,phases      ] GC(31)   JVMTI Tag Weak OopStorage      Min:  0.0, Avg:  0.0, Max:  0.0, Diff:  0.0, Sum:  0.0, Workers: 4
[580.237s][debug][gc,phases      ] GC(31)     Dead                           Min: 0, Avg:  0.0, Max: 0, Diff: 0, Sum: 0, Workers: 4
[580.237s][debug][gc,phases      ] GC(31)     Total                          Min: 0, Avg:  0.0, Max: 0, Diff: 0, Sum: 0, Workers: 4
[580.237s][debug][gc,phases      ] GC(31)   StringTable Weak               Min:  0.0, Avg:  0.1, Max:  0.2, Diff:  0.2, Sum:  0.4, Workers: 4
[580.237s][debug][gc,phases      ] GC(31)     Dead                           Min: 0, Avg:  0.0, Max: 0, Diff: 0, Sum: 0, Workers: 4
[580.237s][debug][gc,phases      ] GC(31)     Total                          Min: 0, Avg: 11513.0, Max: 25215, Diff: 25215, Sum: 46052, Workers: 4
[580.237s][debug][gc,phases      ] GC(31)   ResolvedMethodTable Weak       Min:  0.0, Avg:  0.0, Max:  0.1, Diff:  0.1, Sum:  0.2, Workers: 4
[580.237s][debug][gc,phases      ] GC(31)     Dead                           Min: 0, Avg:  8.2, Max: 19, Diff: 19, Sum: 33, Workers: 4
[580.237s][debug][gc,phases      ] GC(31)     Total                          Min: 0, Avg: 3778.5, Max: 8015, Diff: 8015, Sum: 15114, Workers: 4
[580.237s][debug][gc,phases      ] GC(31)   JNI Weak                       Min:  0.0, Avg:  0.0, Max:  0.0, Diff:  0.0, Sum:  0.0, Workers: 4
[580.237s][debug][gc,phases      ] GC(31)     Dead                           Min: 0, Avg:  0.0, Max: 0, Diff: 0, Sum: 0, Workers: 4
[580.237s][debug][gc,phases      ] GC(31)     Total                          Min: 0, Avg: 13.0, Max: 48, Diff: 48, Sum: 52, Workers: 4
[580.237s][debug][gc,phases      ] GC(31)   StringDedup Table Weak         Min:  0.0, Avg:  0.0, Max:  0.0, Diff:  0.0, Sum:  0.0, Workers: 4
[580.237s][debug][gc,phases      ] GC(31)     Dead                           Min: 0, Avg:  0.0, Max: 0, Diff: 0, Sum: 0, Workers: 4
[580.237s][debug][gc,phases      ] GC(31)     Total                          Min: 0, Avg:  0.0, Max: 0, Diff: 0, Sum: 0, Workers: 4
[580.237s][debug][gc,phases      ] GC(31)   StringDedup Requests0 Weak     Min:  0.0, Avg:  0.0, Max:  0.0, Diff:  0.0, Sum:  0.0, Workers: 4
[580.237s][debug][gc,phases      ] GC(31)     Dead                           Min: 0, Avg:  0.0, Max: 0, Diff: 0, Sum: 0, Workers: 4
[580.237s][debug][gc,phases      ] GC(31)     Total                          Min: 0, Avg:  0.0, Max: 0, Diff: 0, Sum: 0, Workers: 4
[580.237s][debug][gc,phases      ] GC(31)   StringDedup Requests1 Weak     Min:  0.0, Avg:  0.0, Max:  0.0, Diff:  0.0, Sum:  0.0, Workers: 4
[580.237s][debug][gc,phases      ] GC(31)     Dead                           Min: 0, Avg:  0.0, Max: 0, Diff: 0, Sum: 0, Workers: 4
[580.237s][debug][gc,phases      ] GC(31)     Total                          Min: 0, Avg:  0.0, Max: 0, Diff: 0, Sum: 0, Workers: 4
[580.237s][debug][gc,phases      ] GC(31)   Weak JFR Old Object Samples    Min:  0.0, Avg:  0.0, Max:  0.0, Diff:  0.0, Sum:  0.0, Workers: 4
[580.237s][debug][gc,phases      ] GC(31)     Dead                           Min: 0, Avg:  0.0, Max: 0, Diff: 0, Sum: 0, Workers: 4
[580.237s][debug][gc,phases      ] GC(31)     Total                          Min: 0, Avg:  0.0, Max: 0, Diff: 0, Sum: 0, Workers: 4
[580.237s][debug][gc,phases      ] GC(31) Weak Processing 0.577ms
[580.237s][debug][gc,age         ] GC(31) Desired survivor size 124256256 bytes, new threshold 1 (max threshold 15)
[580.237s][info ][gc,heap        ] GC(31) PSYoungGen: 1836948K(1968128K)->4816K(1959936K) Eden: 1830912K(1830912K)->0K(1830912K) From: 6036K(137216K)->4816K(129024K)
[580.237s][info ][gc,heap        ] GC(31) ParOldGen: 275769K(275968K)->279434K(279552K)
[580.237s][info ][gc,metaspace   ] GC(31) Metaspace: 105534K(106880K)->105534K(106880K) NonClass: 89564K(90304K)->89564K(90304K) Class: 15969K(16576K)->15969K(16576K)
[580.238s][info ][gc             ] GC(31) Pause Young (Allocation Failure) 2063M->277M(2187M) 8.130ms
[580.238s][info ][gc,cpu         ] GC(31) User=0.01s Sys=0.02s Real=0.01s
[580.238s][info ][safepoint      ] Safepoint "ParallelGCFailedAllocation", Time since last: 1031650401 ns, Reaching safepoint: 151513 ns, Cleanup: 4100 ns, At safepoint: 8200559 ns, Total: 8356172 ns
[583.238s][info ][safepoint      ] Safepoint "Cleanup", Time since last: 3000242674 ns, Reaching safepoint: 7400 ns, Cleanup: 11701 ns, At safepoint: 2800 ns, Total: 21901 ns
[585.238s][info ][safepoint      ] Safepoint "Cleanup", Time since last: 2000209619 ns, Reaching safepoint: 7100 ns, Cleanup: 12501 ns, At safepoint: 2401 ns, Total: 22002 ns
[586.238s][info ][safepoint      ] Safepoint "Cleanup", Time since last: 1000117855 ns, Reaching safepoint: 6501 ns, Cleanup: 11801 ns, At safepoint: 2400 ns, Total: 20702 ns
[587.238s][info ][safepoint      ] Safepoint "Cleanup", Time since last: 1000116955 ns, Reaching safepoint: 6201 ns, Cleanup: 27902 ns, At safepoint: 2700 ns, Total: 36803 ns
[588.238s][info ][safepoint      ] Safepoint "Cleanup", Time since last: 1000121856 ns, Reaching safepoint: 7301 ns, Cleanup: 15001 ns, At safepoint: 2500 ns, Total: 24802 ns
[589.239s][info ][safepoint      ] Safepoint "Cleanup", Time since last: 1000121356 ns, Reaching safepoint: 7101 ns, Cleanup: 10300 ns, At safepoint: 2701 ns, Total: 20102 ns
[592.239s][info ][safepoint      ] Safepoint "Cleanup", Time since last: 3000328865 ns, Reaching safepoint: 7200 ns, Cleanup: 13001 ns, At safepoint: 2500 ns, Total: 22701 ns
[593.239s][info ][safepoint      ] Safepoint "Cleanup", Time since last: 1000129433 ns, Reaching safepoint: 9501 ns, Cleanup: 14501 ns, At safepoint: 2700 ns, Total: 26702 ns
[595.240s][info ][safepoint      ] Safepoint "Cleanup", Time since last: 2000641192 ns, Reaching safepoint: 8301 ns, Cleanup: 11901 ns, At safepoint: 28602 ns, Total: 48804 ns
[598.240s][info ][safepoint      ] Safepoint "Cleanup", Time since last: 3000256957 ns, Reaching safepoint: 8700 ns, Cleanup: 22702 ns, At safepoint: 2800 ns, Total: 34202 ns
[604.211s][info ][safepoint      ] Safepoint "Cleanup", Time since last: 5971228812 ns, Reaching safepoint: 83806 ns, Cleanup: 13601 ns, At safepoint: 7201 ns, Total: 104608 ns
[605.212s][info ][safepoint      ] Safepoint "Cleanup", Time since last: 1000121582 ns, Reaching safepoint: 85506 ns, Cleanup: 9801 ns, At safepoint: 6601 ns, Total: 101908 ns
[606.212s][info ][safepoint      ] Safepoint "Cleanup", Time since last: 1000129482 ns, Reaching safepoint: 81406 ns, Cleanup: 27002 ns, At safepoint: 7101 ns, Total: 115509 ns
[607.212s][info ][safepoint      ] Safepoint "Cleanup", Time since last: 1000126782 ns, Reaching safepoint: 81206 ns, Cleanup: 19102 ns, At safepoint: 6500 ns, Total: 106808 ns
[608.212s][info ][safepoint      ] Safepoint "Cleanup", Time since last: 1000139333 ns, Reaching safepoint: 84407 ns, Cleanup: 38503 ns, At safepoint: 12701 ns, Total: 135611 ns
[609.213s][info ][safepoint      ] Safepoint "Cleanup", Time since last: 1000134416 ns, Reaching safepoint: 84706 ns, Cleanup: 14701 ns, At safepoint: 7101 ns, Total: 106508 ns
[610.213s][info ][safepoint      ] Safepoint "Cleanup", Time since last: 1000129416 ns, Reaching safepoint: 79106 ns, Cleanup: 22902 ns, At safepoint: 6600 ns, Total: 108608 ns
[611.213s][info ][safepoint      ] Safepoint "Cleanup", Time since last: 1000128816 ns, Reaching safepoint: 84006 ns, Cleanup: 17601 ns, At safepoint: 6901 ns, Total: 108508 ns
[612.213s][info ][safepoint      ] Safepoint "Cleanup", Time since last: 1000129716 ns, Reaching safepoint: 79506 ns, Cleanup: 13301 ns, At safepoint: 7100 ns, Total: 99907 ns
[613.214s][info ][safepoint      ] Safepoint "Cleanup", Time since last: 1000118115 ns, Reaching safepoint: 80106 ns, Cleanup: 11401 ns, At safepoint: 6801 ns, Total: 98308 ns
[614.214s][info ][safepoint      ] Safepoint "Cleanup", Time since last: 1000130115 ns, Reaching safepoint: 84807 ns, Cleanup: 54704 ns, At safepoint: 13401 ns, Total: 152912 ns
[615.214s][info ][safepoint      ] Safepoint "Cleanup", Time since last: 1000129616 ns, Reaching safepoint: 79706 ns, Cleanup: 16801 ns, At safepoint: 6101 ns, Total: 102608 ns
[616.280s][info ][gc,start       ] GC(32) Pause Young (Allocation Failure)
[616.292s][debug][gc,phases      ] GC(32) Scavenge 12.489ms
[616.292s][debug][gc,ref         ] GC(32) ReferenceProcessor::execute queues: 1, RefProcThreadModel::Single, marks_oops_alive: false
[616.292s][debug][gc,ref         ] GC(32) Skipped KeepAliveFinalRefsPhase of Reference Processing: no references
[616.292s][debug][gc,ref         ] GC(32) ReferenceProcessor::execute queues: 1, RefProcThreadModel::Single, marks_oops_alive: false
[616.292s][debug][gc,phases      ] GC(32) Reference Processing 0.143ms
[616.293s][debug][gc,phases      ] GC(32)   VM Weak                        Min:  0.0, Avg:  0.0, Max:  0.0, Diff:  0.0, Sum:  0.0, Workers: 4
[616.293s][debug][gc,phases      ] GC(32)     Dead                           Min: 0, Avg:  0.0, Max: 0, Diff: 0, Sum: 0, Workers: 4
[616.293s][debug][gc,phases      ] GC(32)     Total                          Min: 0, Avg: 255.0, Max: 764, Diff: 764, Sum: 1020, Workers: 4
[616.293s][debug][gc,phases      ] GC(32)   ObjectSynchronizer Weak        Min:  0.0, Avg:  0.0, Max:  0.0, Diff:  0.0, Sum:  0.0, Workers: 4
[616.293s][debug][gc,phases      ] GC(32)     Dead                           Min: 0, Avg:  0.0, Max: 0, Diff: 0, Sum: 0, Workers: 4
[616.293s][debug][gc,phases      ] GC(32)     Total                          Min: 0, Avg:  1.0, Max: 4, Diff: 4, Sum: 4, Workers: 4
[616.293s][debug][gc,phases      ] GC(32)   JVMTI Tag Weak OopStorage      Min:  0.0, Avg:  0.0, Max:  0.0, Diff:  0.0, Sum:  0.0, Workers: 4
[616.293s][debug][gc,phases      ] GC(32)     Dead                           Min: 0, Avg:  0.0, Max: 0, Diff: 0, Sum: 0, Workers: 4
[616.293s][debug][gc,phases      ] GC(32)     Total                          Min: 0, Avg:  0.0, Max: 0, Diff: 0, Sum: 0, Workers: 4
[616.293s][debug][gc,phases      ] GC(32)   StringTable Weak               Min:  0.0, Avg:  0.1, Max:  0.2, Diff:  0.2, Sum:  0.5, Workers: 4
[616.293s][debug][gc,phases      ] GC(32)     Dead                           Min: 0, Avg:  0.2, Max: 1, Diff: 1, Sum: 1, Workers: 4
[616.293s][debug][gc,phases      ] GC(32)     Total                          Min: 0, Avg: 11515.5, Max: 16064, Diff: 16064, Sum: 46062, Workers: 4
[616.293s][debug][gc,phases      ] GC(32)   ResolvedMethodTable Weak       Min:  0.0, Avg:  0.0, Max:  0.1, Diff:  0.1, Sum:  0.2, Workers: 4
[616.293s][debug][gc,phases      ] GC(32)     Dead                           Min: 0, Avg:  4.2, Max: 17, Diff: 17, Sum: 17, Workers: 4
[616.293s][debug][gc,phases      ] GC(32)     Total                          Min: 0, Avg: 3781.5, Max: 5309, Diff: 5309, Sum: 15126, Workers: 4
[616.293s][debug][gc,phases      ] GC(32)   JNI Weak                       Min:  0.0, Avg:  0.0, Max:  0.0, Diff:  0.0, Sum:  0.0, Workers: 4
[616.293s][debug][gc,phases      ] GC(32)     Dead                           Min: 0, Avg:  0.0, Max: 0, Diff: 0, Sum: 0, Workers: 4
[616.293s][debug][gc,phases      ] GC(32)     Total                          Min: 0, Avg: 13.0, Max: 48, Diff: 48, Sum: 52, Workers: 4
[616.293s][debug][gc,phases      ] GC(32)   StringDedup Table Weak         Min:  0.0, Avg:  0.0, Max:  0.0, Diff:  0.0, Sum:  0.0, Workers: 4
[616.293s][debug][gc,phases      ] GC(32)     Dead                           Min: 0, Avg:  0.0, Max: 0, Diff: 0, Sum: 0, Workers: 4
[616.293s][debug][gc,phases      ] GC(32)     Total                          Min: 0, Avg:  0.0, Max: 0, Diff: 0, Sum: 0, Workers: 4
[616.293s][debug][gc,phases      ] GC(32)   StringDedup Requests0 Weak     Min:  0.0, Avg:  0.0, Max:  0.0, Diff:  0.0, Sum:  0.0, Workers: 4
[616.293s][debug][gc,phases      ] GC(32)     Dead                           Min: 0, Avg:  0.0, Max: 0, Diff: 0, Sum: 0, Workers: 4
[616.293s][debug][gc,phases      ] GC(32)     Total                          Min: 0, Avg:  0.0, Max: 0, Diff: 0, Sum: 0, Workers: 4
[616.293s][debug][gc,phases      ] GC(32)   StringDedup Requests1 Weak     Min:  0.0, Avg:  0.0, Max:  0.0, Diff:  0.0, Sum:  0.0, Workers: 4
[616.293s][debug][gc,phases      ] GC(32)     Dead                           Min: 0, Avg:  0.0, Max: 0, Diff: 0, Sum: 0, Workers: 4
[616.293s][debug][gc,phases      ] GC(32)     Total                          Min: 0, Avg:  0.0, Max: 0, Diff: 0, Sum: 0, Workers: 4
[616.293s][debug][gc,phases      ] GC(32)   Weak JFR Old Object Samples    Min:  0.0, Avg:  0.0, Max:  0.0, Diff:  0.0, Sum:  0.0, Workers: 4
[616.293s][debug][gc,phases      ] GC(32)     Dead                           Min: 0, Avg:  0.0, Max: 0, Diff: 0, Sum: 0, Workers: 4
[616.293s][debug][gc,phases      ] GC(32)     Total                          Min: 0, Avg:  0.0, Max: 0, Diff: 0, Sum: 0, Workers: 4
[616.293s][debug][gc,phases      ] GC(32) Weak Processing 0.524ms
[616.293s][debug][gc,age         ] GC(32) Desired survivor size 115867648 bytes, new threshold 1 (max threshold 15)
[616.293s][info ][gc,heap        ] GC(32) PSYoungGen: 1835728K(1959936K)->9328K(1984000K) Eden: 1830912K(1830912K)->0K(1862656K) From: 4816K(129024K)->9328K(121344K)
[616.293s][info ][gc,heap        ] GC(32) ParOldGen: 279434K(279552K)->279978K(280064K)
[616.293s][info ][gc,metaspace   ] GC(32) Metaspace: 105606K(106944K)->105606K(106944K) NonClass: 89632K(90368K)->89632K(90368K) Class: 15973K(16576K)->15973K(16576K)
[616.293s][info ][gc             ] GC(32) Pause Young (Allocation Failure) 2065M->282M(2211M) 13.332ms
[616.293s][info ][gc,cpu         ] GC(32) User=0.04s Sys=0.00s Real=0.01s
[616.293s][info ][safepoint      ] Safepoint "ParallelGCFailedAllocation", Time since last: 1065460187 ns, Reaching safepoint: 8301 ns, Cleanup: 8400 ns, At safepoint: 13428504 ns, Total: 13445205 ns
[619.293s][info ][safepoint      ] Safepoint "Cleanup", Time since last: 3000255744 ns, Reaching safepoint: 10601 ns, Cleanup: 14701 ns, At safepoint: 2900 ns, Total: 28202 ns
[627.294s][info ][safepoint      ] Safepoint "Cleanup", Time since last: 8000681082 ns, Reaching safepoint: 10101 ns, Cleanup: 13601 ns, At safepoint: 3500 ns, Total: 27202 ns
[629.294s][info ][safepoint      ] Safepoint "Cleanup", Time since last: 2000217718 ns, Reaching safepoint: 8001 ns, Cleanup: 12001 ns, At safepoint: 3000 ns, Total: 23002 ns
[630.294s][info ][safepoint      ] Safepoint "Cleanup", Time since last: 1000125361 ns, Reaching safepoint: 8000 ns, Cleanup: 12401 ns, At safepoint: 3100 ns, Total: 23501 ns
[633.295s][info ][safepoint      ] Safepoint "Cleanup", Time since last: 3000270139 ns, Reaching safepoint: 7101 ns, Cleanup: 13701 ns, At safepoint: 2700 ns, Total: 23502 ns
[638.379s][info ][gc,start       ] GC(33) Pause Young (Allocation Failure)
[638.387s][debug][gc,phases      ] GC(33) Scavenge 7.162ms
[638.387s][debug][gc,ref         ] GC(33) ReferenceProcessor::execute queues: 1, RefProcThreadModel::Single, marks_oops_alive: false
[638.387s][debug][gc,ref         ] GC(33) Skipped KeepAliveFinalRefsPhase of Reference Processing: no references
[638.387s][debug][gc,ref         ] GC(33) ReferenceProcessor::execute queues: 1, RefProcThreadModel::Single, marks_oops_alive: false
[638.387s][debug][gc,phases      ] GC(33) Reference Processing 0.121ms
[638.387s][debug][gc,phases      ] GC(33)   VM Weak                        Min:  0.0, Avg:  0.0, Max:  0.0, Diff:  0.0, Sum:  0.0, Workers: 4
[638.387s][debug][gc,phases      ] GC(33)     Dead                           Min: 0, Avg:  0.0, Max: 0, Diff: 0, Sum: 0, Workers: 4
[638.387s][debug][gc,phases      ] GC(33)     Total                          Min: 0, Avg: 255.0, Max: 576, Diff: 576, Sum: 1020, Workers: 4
[638.387s][debug][gc,phases      ] GC(33)   ObjectSynchronizer Weak        Min:  0.0, Avg:  0.0, Max:  0.0, Diff:  0.0, Sum:  0.0, Workers: 4
[638.387s][debug][gc,phases      ] GC(33)     Dead                           Min: 0, Avg:  0.0, Max: 0, Diff: 0, Sum: 0, Workers: 4
[638.387s][debug][gc,phases      ] GC(33)     Total                          Min: 0, Avg:  1.0, Max: 4, Diff: 4, Sum: 4, Workers: 4
[638.387s][debug][gc,phases      ] GC(33)   JVMTI Tag Weak OopStorage      Min:  0.0, Avg:  0.0, Max:  0.0, Diff:  0.0, Sum:  0.0, Workers: 4
[638.387s][debug][gc,phases      ] GC(33)     Dead                           Min: 0, Avg:  0.0, Max: 0, Diff: 0, Sum: 0, Workers: 4
[638.387s][debug][gc,phases      ] GC(33)     Total                          Min: 0, Avg:  0.0, Max: 0, Diff: 0, Sum: 0, Workers: 4
[638.387s][debug][gc,phases      ] GC(33)   StringTable Weak               Min:  0.0, Avg:  0.1, Max:  0.2, Diff:  0.2, Sum:  0.5, Workers: 4
[638.387s][debug][gc,phases      ] GC(33)     Dead                           Min: 0, Avg:  0.0, Max: 0, Diff: 0, Sum: 0, Workers: 4
[638.387s][debug][gc,phases      ] GC(33)     Total                          Min: 0, Avg: 11516.0, Max: 23089, Diff: 23089, Sum: 46064, Workers: 4
[638.387s][debug][gc,phases      ] GC(33)   ResolvedMethodTable Weak       Min:  0.0, Avg:  0.0, Max:  0.1, Diff:  0.1, Sum:  0.2, Workers: 4
[638.387s][debug][gc,phases      ] GC(33)     Dead                           Min: 0, Avg:  4.0, Max: 16, Diff: 16, Sum: 16, Workers: 4
[638.387s][debug][gc,phases      ] GC(33)     Total                          Min: 0, Avg: 3782.5, Max: 8390, Diff: 8390, Sum: 15130, Workers: 4
[638.387s][debug][gc,phases      ] GC(33)   JNI Weak                       Min:  0.0, Avg:  0.0, Max:  0.0, Diff:  0.0, Sum:  0.0, Workers: 4
[638.387s][debug][gc,phases      ] GC(33)     Dead                           Min: 0, Avg:  0.0, Max: 0, Diff: 0, Sum: 0, Workers: 4
[638.387s][debug][gc,phases      ] GC(33)     Total                          Min: 0, Avg: 13.0, Max: 48, Diff: 48, Sum: 52, Workers: 4
[638.387s][debug][gc,phases      ] GC(33)   StringDedup Table Weak         Min:  0.0, Avg:  0.0, Max:  0.0, Diff:  0.0, Sum:  0.0, Workers: 4
[638.387s][debug][gc,phases      ] GC(33)     Dead                           Min: 0, Avg:  0.0, Max: 0, Diff: 0, Sum: 0, Workers: 4
[638.387s][debug][gc,phases      ] GC(33)     Total                          Min: 0, Avg:  0.0, Max: 0, Diff: 0, Sum: 0, Workers: 4
[638.387s][debug][gc,phases      ] GC(33)   StringDedup Requests0 Weak     Min:  0.0, Avg:  0.0, Max:  0.0, Diff:  0.0, Sum:  0.0, Workers: 4
[638.387s][debug][gc,phases      ] GC(33)     Dead                           Min: 0, Avg:  0.0, Max: 0, Diff: 0, Sum: 0, Workers: 4
[638.387s][debug][gc,phases      ] GC(33)     Total                          Min: 0, Avg:  0.0, Max: 0, Diff: 0, Sum: 0, Workers: 4
[638.387s][debug][gc,phases      ] GC(33)   StringDedup Requests1 Weak     Min:  0.0, Avg:  0.0, Max:  0.0, Diff:  0.0, Sum:  0.0, Workers: 4
[638.387s][debug][gc,phases      ] GC(33)     Dead                           Min: 0, Avg:  0.0, Max: 0, Diff: 0, Sum: 0, Workers: 4
[638.387s][debug][gc,phases      ] GC(33)     Total                          Min: 0, Avg:  0.0, Max: 0, Diff: 0, Sum: 0, Workers: 4
[638.387s][debug][gc,phases      ] GC(33)   Weak JFR Old Object Samples    Min:  0.0, Avg:  0.0, Max:  0.0, Diff:  0.0, Sum:  0.0, Workers: 4
[638.387s][debug][gc,phases      ] GC(33)     Dead                           Min: 0, Avg:  0.0, Max: 0, Diff: 0, Sum: 0, Workers: 4
[638.387s][debug][gc,phases      ] GC(33)     Total                          Min: 0, Avg:  0.0, Max: 0, Diff: 0, Sum: 0, Workers: 4
[638.387s][debug][gc,phases      ] GC(33) Weak Processing 0.563ms
[638.387s][debug][gc,age         ] GC(33) Desired survivor size 109051904 bytes, new threshold 1 (max threshold 15)
[638.387s][info ][gc,heap        ] GC(33) PSYoungGen: 1871984K(1984000K)->3600K(1975808K) Eden: 1862656K(1862656K)->0K(1862656K) From: 9328K(121344K)->3600K(113152K)
[638.387s][info ][gc,heap        ] GC(33) ParOldGen: 279978K(280064K)->286179K(286208K)
[638.387s][info ][gc,metaspace   ] GC(33) Metaspace: 105625K(107008K)->105625K(107008K) NonClass: 89650K(90432K)->89650K(90432K) Class: 15974K(16576K)->15974K(16576K)
[638.387s][info ][gc             ] GC(33) Pause Young (Allocation Failure) 2101M->282M(2209M) 7.997ms
[638.387s][info ][gc,cpu         ] GC(33) User=0.02s Sys=0.01s Real=0.01s
[638.388s][info ][safepoint      ] Safepoint "ParallelGCFailedAllocation", Time since last: 5084750769 ns, Reaching safepoint: 7000 ns, Cleanup: 4401 ns, At safepoint: 8079224 ns, Total: 8090625 ns
[639.388s][info ][safepoint      ] Safepoint "Cleanup", Time since last: 1000107427 ns, Reaching safepoint: 11401 ns, Cleanup: 15101 ns, At safepoint: 3300 ns, Total: 29802 ns
[641.388s][info ][safepoint      ] Safepoint "Cleanup", Time since last: 2000204102 ns, Reaching safepoint: 7501 ns, Cleanup: 13001 ns, At safepoint: 2800 ns, Total: 23302 ns
[643.783s][info ][safepoint      ] Safepoint "Cleanup", Time since last: 2394697389 ns, Reaching safepoint: 4100 ns, Cleanup: 13401 ns, At safepoint: 5000 ns, Total: 22501 ns
[644.783s][info ][safepoint      ] Safepoint "Cleanup", Time since last: 1000128973 ns, Reaching safepoint: 9400 ns, Cleanup: 23902 ns, At safepoint: 2900 ns, Total: 36202 ns
[648.783s][info ][safepoint      ] Safepoint "Cleanup", Time since last: 4000335492 ns, Reaching safepoint: 6200 ns, Cleanup: 15702 ns, At safepoint: 2400 ns, Total: 24302 ns
[650.783s][info ][safepoint      ] Safepoint "Cleanup", Time since last: 2000180925 ns, Reaching safepoint: 7001 ns, Cleanup: 12901 ns, At safepoint: 2800 ns, Total: 22702 ns
[652.784s][info ][safepoint      ] Safepoint "Cleanup", Time since last: 2000184226 ns, Reaching safepoint: 6500 ns, Cleanup: 17502 ns, At safepoint: 2900 ns, Total: 26902 ns
[654.784s][info ][safepoint      ] Safepoint "Cleanup", Time since last: 2000187326 ns, Reaching safepoint: 7700 ns, Cleanup: 13501 ns, At safepoint: 3201 ns, Total: 24402 ns
[655.784s][info ][safepoint      ] Safepoint "Cleanup", Time since last: 1000120761 ns, Reaching safepoint: 7300 ns, Cleanup: 12001 ns, At safepoint: 2700 ns, Total: 22001 ns
[657.784s][info ][safepoint      ] Safepoint "Cleanup", Time since last: 2000219820 ns, Reaching safepoint: 8500 ns, Cleanup: 13101 ns, At safepoint: 2900 ns, Total: 24501 ns
[658.784s][info ][safepoint      ] Safepoint "Cleanup", Time since last: 1000149113 ns, Reaching safepoint: 7600 ns, Cleanup: 45903 ns, At safepoint: 2800 ns, Total: 56303 ns
[660.231s][info ][safepoint      ] Safepoint "Cleanup", Time since last: 1446136027 ns, Reaching safepoint: 4200 ns, Cleanup: 13701 ns, At safepoint: 5801 ns, Total: 23702 ns
[661.222s][info ][gc,start       ] GC(34) Pause Young (Allocation Failure)
[661.227s][debug][gc,phases      ] GC(34) Scavenge 4.928ms
[661.228s][debug][gc,ref         ] GC(34) ReferenceProcessor::execute queues: 1, RefProcThreadModel::Single, marks_oops_alive: false
[661.228s][debug][gc,ref         ] GC(34) Skipped KeepAliveFinalRefsPhase of Reference Processing: no references
[661.228s][debug][gc,ref         ] GC(34) ReferenceProcessor::execute queues: 1, RefProcThreadModel::Single, marks_oops_alive: false
[661.228s][debug][gc,phases      ] GC(34) Reference Processing 0.123ms
[661.228s][debug][gc,phases      ] GC(34)   VM Weak                        Min:  0.0, Avg:  0.0, Max:  0.0, Diff:  0.0, Sum:  0.0, Workers: 4
[661.228s][debug][gc,phases      ] GC(34)     Dead                           Min: 0, Avg:  0.0, Max: 0, Diff: 0, Sum: 0, Workers: 4
[661.228s][debug][gc,phases      ] GC(34)     Total                          Min: 0, Avg: 255.2, Max: 576, Diff: 576, Sum: 1021, Workers: 4
[661.228s][debug][gc,phases      ] GC(34)   ObjectSynchronizer Weak        Min:  0.0, Avg:  0.0, Max:  0.0, Diff:  0.0, Sum:  0.0, Workers: 4
[661.228s][debug][gc,phases      ] GC(34)     Dead                           Min: 0, Avg:  0.0, Max: 0, Diff: 0, Sum: 0, Workers: 4
[661.228s][debug][gc,phases      ] GC(34)     Total                          Min: 0, Avg:  0.8, Max: 3, Diff: 3, Sum: 3, Workers: 4
[661.228s][debug][gc,phases      ] GC(34)   JVMTI Tag Weak OopStorage      Min:  0.0, Avg:  0.0, Max:  0.0, Diff:  0.0, Sum:  0.0, Workers: 4
[661.228s][debug][gc,phases      ] GC(34)     Dead                           Min: 0, Avg:  0.0, Max: 0, Diff: 0, Sum: 0, Workers: 4
[661.228s][debug][gc,phases      ] GC(34)     Total                          Min: 0, Avg:  0.0, Max: 0, Diff: 0, Sum: 0, Workers: 4
[661.228s][debug][gc,phases      ] GC(34)   StringTable Weak               Min:  0.1, Avg:  0.1, Max:  0.1, Diff:  0.0, Sum:  0.4, Workers: 4
[661.228s][debug][gc,phases      ] GC(34)     Dead                           Min: 0, Avg:  0.8, Max: 2, Diff: 2, Sum: 3, Workers: 4
[661.228s][debug][gc,phases      ] GC(34)     Total                          Min: 10944, Avg: 11528.8, Max: 12160, Diff: 1216, Sum: 46115, Workers: 4
[661.228s][debug][gc,phases      ] GC(34)   ResolvedMethodTable Weak       Min:  0.0, Avg:  0.0, Max:  0.0, Diff:  0.0, Sum:  0.2, Workers: 4
[661.228s][debug][gc,phases      ] GC(34)     Dead                           Min: 0, Avg:  4.0, Max: 15, Diff: 15, Sum: 16, Workers: 4
[661.228s][debug][gc,phases      ] GC(34)     Total                          Min: 3550, Avg: 3792.5, Max: 3934, Diff: 384, Sum: 15170, Workers: 4
[661.228s][debug][gc,phases      ] GC(34)   JNI Weak                       Min:  0.0, Avg:  0.0, Max:  0.0, Diff:  0.0, Sum:  0.0, Workers: 4
[661.228s][debug][gc,phases      ] GC(34)     Dead                           Min: 0, Avg:  0.0, Max: 0, Diff: 0, Sum: 0, Workers: 4
[661.228s][debug][gc,phases      ] GC(34)     Total                          Min: 0, Avg: 13.0, Max: 48, Diff: 48, Sum: 52, Workers: 4
[661.228s][debug][gc,phases      ] GC(34)   StringDedup Table Weak         Min:  0.0, Avg:  0.0, Max:  0.0, Diff:  0.0, Sum:  0.0, Workers: 4
[661.228s][debug][gc,phases      ] GC(34)     Dead                           Min: 0, Avg:  0.0, Max: 0, Diff: 0, Sum: 0, Workers: 4
[661.228s][debug][gc,phases      ] GC(34)     Total                          Min: 0, Avg:  0.0, Max: 0, Diff: 0, Sum: 0, Workers: 4
[661.228s][debug][gc,phases      ] GC(34)   StringDedup Requests0 Weak     Min:  0.0, Avg:  0.0, Max:  0.0, Diff:  0.0, Sum:  0.0, Workers: 4
[661.228s][debug][gc,phases      ] GC(34)     Dead                           Min: 0, Avg:  0.0, Max: 0, Diff: 0, Sum: 0, Workers: 4
[661.228s][debug][gc,phases      ] GC(34)     Total                          Min: 0, Avg:  0.0, Max: 0, Diff: 0, Sum: 0, Workers: 4
[661.228s][debug][gc,phases      ] GC(34)   StringDedup Requests1 Weak     Min:  0.0, Avg:  0.0, Max:  0.0, Diff:  0.0, Sum:  0.0, Workers: 4
[661.228s][debug][gc,phases      ] GC(34)     Dead                           Min: 0, Avg:  0.0, Max: 0, Diff: 0, Sum: 0, Workers: 4
[661.228s][debug][gc,phases      ] GC(34)     Total                          Min: 0, Avg:  0.0, Max: 0, Diff: 0, Sum: 0, Workers: 4
[661.228s][debug][gc,phases      ] GC(34)   Weak JFR Old Object Samples    Min:  0.0, Avg:  0.0, Max:  0.0, Diff:  0.0, Sum:  0.0, Workers: 4
[661.228s][debug][gc,phases      ] GC(34)     Dead                           Min: 0, Avg:  0.0, Max: 0, Diff: 0, Sum: 0, Workers: 4
[661.228s][debug][gc,phases      ] GC(34)     Total                          Min: 0, Avg:  0.0, Max: 0, Diff: 0, Sum: 0, Workers: 4
[661.228s][debug][gc,phases      ] GC(34) Weak Processing 0.408ms
[661.228s][debug][gc,age         ] GC(34) Desired survivor size 102236160 bytes, new threshold 1 (max threshold 15)
[661.228s][info ][gc,heap        ] GC(34) PSYoungGen: 1866256K(1975808K)->4672K(1997312K) Eden: 1862656K(1862656K)->0K(1890816K) From: 3600K(113152K)->4672K(106496K)
[661.228s][info ][gc,heap        ] GC(34) ParOldGen: 286179K(286208K)->286751K(287232K)
[661.228s][info ][gc,metaspace   ] GC(34) Metaspace: 105848K(107136K)->105848K(107136K) NonClass: 89843K(90560K)->89843K(90560K) Class: 16005K(16576K)->16005K(16576K)
[661.228s][info ][gc             ] GC(34) Pause Young (Allocation Failure) 2101M->284M(2231M) 5.602ms
[661.228s][info ][gc,cpu         ] GC(34) User=0.02s Sys=0.00s Real=0.00s
[661.228s][info ][safepoint      ] Safepoint "ParallelGCFailedAllocation", Time since last: 991874006 ns, Reaching safepoint: 7601 ns, Cleanup: 4700 ns, At safepoint: 5679731 ns, Total: 5692032 ns
[663.228s][info ][safepoint      ] Safepoint "Cleanup", Time since last: 2000161675 ns, Reaching safepoint: 7201 ns, Cleanup: 12201 ns, At safepoint: 2700 ns, Total: 22102 ns
[668.229s][info ][safepoint      ] Safepoint "Cleanup", Time since last: 5000390170 ns, Reaching safepoint: 78806 ns, Cleanup: 10001 ns, At safepoint: 5500 ns, Total: 94307 ns
[669.229s][info ][safepoint      ] Safepoint "Cleanup", Time since last: 1000120652 ns, Reaching safepoint: 7401 ns, Cleanup: 24301 ns, At safepoint: 2601 ns, Total: 34303 ns
[671.229s][info ][safepoint      ] Safepoint "Cleanup", Time since last: 2000186999 ns, Reaching safepoint: 6501 ns, Cleanup: 13101 ns, At safepoint: 2800 ns, Total: 22402 ns
[672.229s][info ][safepoint      ] Safepoint "Cleanup", Time since last: 1000125915 ns, Reaching safepoint: 8101 ns, Cleanup: 17201 ns, At safepoint: 2600 ns, Total: 27902 ns
[674.231s][info ][safepoint      ] Safepoint "Cleanup", Time since last: 2001432428 ns, Reaching safepoint: 92106 ns, Cleanup: 12601 ns, At safepoint: 6100 ns, Total: 110807 ns
[675.231s][info ][safepoint      ] Safepoint "Cleanup", Time since last: 1000121423 ns, Reaching safepoint: 5101 ns, Cleanup: 16301 ns, At safepoint: 2400 ns, Total: 23802 ns
[676.231s][info ][safepoint      ] Safepoint "Cleanup", Time since last: 1000117523 ns, Reaching safepoint: 6000 ns, Cleanup: 12401 ns, At safepoint: 2300 ns, Total: 20701 ns
[678.231s][info ][safepoint      ] Safepoint "Cleanup", Time since last: 2000180842 ns, Reaching safepoint: 6400 ns, Cleanup: 11401 ns, At safepoint: 2400 ns, Total: 20201 ns
[681.232s][info ][safepoint      ] Safepoint "Cleanup", Time since last: 3000270940 ns, Reaching safepoint: 5901 ns, Cleanup: 8700 ns, At safepoint: 2100 ns, Total: 16701 ns
[683.232s][info ][safepoint      ] Safepoint "Cleanup", Time since last: 2000184859 ns, Reaching safepoint: 5900 ns, Cleanup: 11801 ns, At safepoint: 2500 ns, Total: 20201 ns
[684.232s][info ][safepoint      ] Safepoint "Cleanup", Time since last: 1000117982 ns, Reaching safepoint: 6500 ns, Cleanup: 13301 ns, At safepoint: 2400 ns, Total: 22201 ns
[684.716s][info ][gc,start       ] GC(35) Pause Young (Allocation Failure)
[684.720s][debug][gc,phases      ] GC(35) Scavenge 4.608ms
[684.721s][debug][gc,ref         ] GC(35) ReferenceProcessor::execute queues: 1, RefProcThreadModel::Single, marks_oops_alive: false
[684.721s][debug][gc,ref         ] GC(35) Skipped KeepAliveFinalRefsPhase of Reference Processing: no references
[684.721s][debug][gc,ref         ] GC(35) ReferenceProcessor::execute queues: 1, RefProcThreadModel::Single, marks_oops_alive: false
[684.721s][debug][gc,phases      ] GC(35) Reference Processing 0.121ms
[684.721s][debug][gc,phases      ] GC(35)   VM Weak                        Min:  0.0, Avg:  0.0, Max:  0.0, Diff:  0.0, Sum:  0.0, Workers: 4
[684.721s][debug][gc,phases      ] GC(35)     Dead                           Min: 0, Avg:  0.0, Max: 0, Diff: 0, Sum: 0, Workers: 4
[684.721s][debug][gc,phases      ] GC(35)     Total                          Min: 0, Avg: 255.2, Max: 832, Diff: 832, Sum: 1021, Workers: 4
[684.721s][debug][gc,phases      ] GC(35)   ObjectSynchronizer Weak        Min:  0.0, Avg:  0.0, Max:  0.0, Diff:  0.0, Sum:  0.0, Workers: 4
[684.721s][debug][gc,phases      ] GC(35)     Dead                           Min: 0, Avg:  0.0, Max: 0, Diff: 0, Sum: 0, Workers: 4
[684.721s][debug][gc,phases      ] GC(35)     Total                          Min: 0, Avg:  0.8, Max: 3, Diff: 3, Sum: 3, Workers: 4
[684.721s][debug][gc,phases      ] GC(35)   JVMTI Tag Weak OopStorage      Min:  0.0, Avg:  0.0, Max:  0.0, Diff:  0.0, Sum:  0.0, Workers: 4
[684.721s][debug][gc,phases      ] GC(35)     Dead                           Min: 0, Avg:  0.0, Max: 0, Diff: 0, Sum: 0, Workers: 4
[684.721s][debug][gc,phases      ] GC(35)     Total                          Min: 0, Avg:  0.0, Max: 0, Diff: 0, Sum: 0, Workers: 4
[684.721s][debug][gc,phases      ] GC(35)   StringTable Weak               Min:  0.1, Avg:  0.1, Max:  0.1, Diff:  0.0, Sum:  0.5, Workers: 4
[684.721s][debug][gc,phases      ] GC(35)     Dead                           Min: 0, Avg:  0.0, Max: 0, Diff: 0, Sum: 0, Workers: 4
[684.721s][debug][gc,phases      ] GC(35)     Total                          Min: 10240, Avg: 11530.8, Max: 12480, Diff: 2240, Sum: 46123, Workers: 4
[684.721s][debug][gc,phases      ] GC(35)   ResolvedMethodTable Weak       Min:  0.0, Avg:  0.0, Max:  0.0, Diff:  0.0, Sum:  0.2, Workers: 4
[684.721s][debug][gc,phases      ] GC(35)     Dead                           Min: 0, Avg:  4.2, Max: 17, Diff: 17, Sum: 17, Workers: 4
[684.721s][debug][gc,phases      ] GC(35)     Total                          Min: 3363, Avg: 3793.0, Max: 4380, Diff: 1017, Sum: 15172, Workers: 4
[684.721s][debug][gc,phases      ] GC(35)   JNI Weak                       Min:  0.0, Avg:  0.0, Max:  0.0, Diff:  0.0, Sum:  0.0, Workers: 4
[684.721s][debug][gc,phases      ] GC(35)     Dead                           Min: 0, Avg:  0.0, Max: 0, Diff: 0, Sum: 0, Workers: 4
[684.721s][debug][gc,phases      ] GC(35)     Total                          Min: 0, Avg: 13.0, Max: 48, Diff: 48, Sum: 52, Workers: 4
[684.721s][debug][gc,phases      ] GC(35)   StringDedup Table Weak         Min:  0.0, Avg:  0.0, Max:  0.0, Diff:  0.0, Sum:  0.0, Workers: 4
[684.721s][debug][gc,phases      ] GC(35)     Dead                           Min: 0, Avg:  0.0, Max: 0, Diff: 0, Sum: 0, Workers: 4
[684.721s][debug][gc,phases      ] GC(35)     Total                          Min: 0, Avg:  0.0, Max: 0, Diff: 0, Sum: 0, Workers: 4
[684.721s][debug][gc,phases      ] GC(35)   StringDedup Requests0 Weak     Min:  0.0, Avg:  0.0, Max:  0.0, Diff:  0.0, Sum:  0.0, Workers: 4
[684.721s][debug][gc,phases      ] GC(35)     Dead                           Min: 0, Avg:  0.0, Max: 0, Diff: 0, Sum: 0, Workers: 4
[684.721s][debug][gc,phases      ] GC(35)     Total                          Min: 0, Avg:  0.0, Max: 0, Diff: 0, Sum: 0, Workers: 4
[684.721s][debug][gc,phases      ] GC(35)   StringDedup Requests1 Weak     Min:  0.0, Avg:  0.0, Max:  0.0, Diff:  0.0, Sum:  0.0, Workers: 4
[684.721s][debug][gc,phases      ] GC(35)     Dead                           Min: 0, Avg:  0.0, Max: 0, Diff: 0, Sum: 0, Workers: 4
[684.721s][debug][gc,phases      ] GC(35)     Total                          Min: 0, Avg:  0.0, Max: 0, Diff: 0, Sum: 0, Workers: 4
[684.721s][debug][gc,phases      ] GC(35)   Weak JFR Old Object Samples    Min:  0.0, Avg:  0.0, Max:  0.0, Diff:  0.0, Sum:  0.0, Workers: 4
[684.721s][debug][gc,phases      ] GC(35)     Dead                           Min: 0, Avg:  0.0, Max: 0, Diff: 0, Sum: 0, Workers: 4
[684.721s][debug][gc,phases      ] GC(35)     Total                          Min: 0, Avg:  0.0, Max: 0, Diff: 0, Sum: 0, Workers: 4
[684.721s][debug][gc,phases      ] GC(35) Weak Processing 0.408ms
[684.721s][debug][gc,age         ] GC(35) Desired survivor size 95944704 bytes, new threshold 1 (max threshold 15)
[684.721s][info ][gc,heap        ] GC(35) PSYoungGen: 1895488K(1997312K)->3984K(1990656K) Eden: 1890816K(1890816K)->0K(1890816K) From: 4672K(106496K)->3984K(99840K)
[684.721s][info ][gc,heap        ] GC(35) ParOldGen: 286751K(287232K)->287979K(288256K)
[684.721s][info ][gc,metaspace   ] GC(35) Metaspace: 105914K(107200K)->105914K(107200K) NonClass: 89908K(90624K)->89908K(90624K) Class: 16006K(16576K)->16006K(16576K)
[684.721s][info ][gc             ] GC(35) Pause Young (Allocation Failure) 2131M->285M(2225M) 5.284ms
[684.721s][info ][gc,cpu         ] GC(35) User=0.02s Sys=0.00s Real=0.00s
[684.721s][info ][safepoint      ] Safepoint "ParallelGCFailedAllocation", Time since last: 483790645 ns, Reaching safepoint: 6401 ns, Cleanup: 13101 ns, At safepoint: 5358510 ns, Total: 5378012 ns
[688.722s][info ][safepoint      ] Safepoint "Cleanup", Time since last: 4000369653 ns, Reaching safepoint: 79506 ns, Cleanup: 10500 ns, At safepoint: 7901 ns, Total: 97907 ns
[689.722s][info ][safepoint      ] Safepoint "Cleanup", Time since last: 1000128801 ns, Reaching safepoint: 83406 ns, Cleanup: 10101 ns, At safepoint: 9800 ns, Total: 103307 ns
[690.722s][info ][safepoint      ] Safepoint "Cleanup", Time since last: 1000135202 ns, Reaching safepoint: 6800 ns, Cleanup: 12101 ns, At safepoint: 2700 ns, Total: 21601 ns
[693.722s][info ][safepoint      ] Safepoint "Cleanup", Time since last: 3000287096 ns, Reaching safepoint: 79106 ns, Cleanup: 11200 ns, At safepoint: 5901 ns, Total: 96207 ns
[694.723s][info ][safepoint      ] Safepoint "Cleanup", Time since last: 1000120100 ns, Reaching safepoint: 79506 ns, Cleanup: 12201 ns, At safepoint: 8200 ns, Total: 99907 ns
[695.723s][info ][safepoint      ] Safepoint "Cleanup", Time since last: 1000126633 ns, Reaching safepoint: 83106 ns, Cleanup: 10401 ns, At safepoint: 7500 ns, Total: 101007 ns
[698.723s][info ][safepoint      ] Safepoint "Cleanup", Time since last: 3000286202 ns, Reaching safepoint: 83806 ns, Cleanup: 10801 ns, At safepoint: 7100 ns, Total: 101707 ns
[699.723s][info ][safepoint      ] Safepoint "Cleanup", Time since last: 1000138571 ns, Reaching safepoint: 83506 ns, Cleanup: 13401 ns, At safepoint: 11400 ns, Total: 108307 ns
[700.724s][info ][safepoint      ] Safepoint "Cleanup", Time since last: 1000135671 ns, Reaching safepoint: 79705 ns, Cleanup: 15201 ns, At safepoint: 9401 ns, Total: 104307 ns
[703.724s][info ][safepoint      ] Safepoint "Cleanup", Time since last: 3000280173 ns, Reaching safepoint: 83206 ns, Cleanup: 11401 ns, At safepoint: 7601 ns, Total: 102208 ns
[705.724s][info ][safepoint      ] Safepoint "Cleanup", Time since last: 2000227653 ns, Reaching safepoint: 6601 ns, Cleanup: 10800 ns, At safepoint: 2901 ns, Total: 20302 ns
[705.829s][info ][gc,start       ] GC(36) Pause Young (Allocation Failure)
[705.833s][debug][gc,phases      ] GC(36) Scavenge 4.326ms
[705.833s][debug][gc,ref         ] GC(36) ReferenceProcessor::execute queues: 1, RefProcThreadModel::Single, marks_oops_alive: false
[705.833s][debug][gc,ref         ] GC(36) Skipped KeepAliveFinalRefsPhase of Reference Processing: no references
[705.833s][debug][gc,ref         ] GC(36) ReferenceProcessor::execute queues: 1, RefProcThreadModel::Single, marks_oops_alive: false
[705.833s][debug][gc,phases      ] GC(36) Reference Processing 0.114ms
[705.834s][debug][gc,phases      ] GC(36)   VM Weak                        Min:  0.0, Avg:  0.0, Max:  0.0, Diff:  0.0, Sum:  0.0, Workers: 4
[705.834s][debug][gc,phases      ] GC(36)     Dead                           Min: 0, Avg:  0.0, Max: 0, Diff: 0, Sum: 0, Workers: 4
[705.834s][debug][gc,phases      ] GC(36)     Total                          Min: 0, Avg: 255.2, Max: 640, Diff: 640, Sum: 1021, Workers: 4
[705.834s][debug][gc,phases      ] GC(36)   ObjectSynchronizer Weak        Min:  0.0, Avg:  0.0, Max:  0.0, Diff:  0.0, Sum:  0.0, Workers: 4
[705.834s][debug][gc,phases      ] GC(36)     Dead                           Min: 0, Avg:  0.0, Max: 0, Diff: 0, Sum: 0, Workers: 4
[705.834s][debug][gc,phases      ] GC(36)     Total                          Min: 0, Avg:  0.8, Max: 3, Diff: 3, Sum: 3, Workers: 4
[705.834s][debug][gc,phases      ] GC(36)   JVMTI Tag Weak OopStorage      Min:  0.0, Avg:  0.0, Max:  0.0, Diff:  0.0, Sum:  0.0, Workers: 4
[705.834s][debug][gc,phases      ] GC(36)     Dead                           Min: 0, Avg:  0.0, Max: 0, Diff: 0, Sum: 0, Workers: 4
[705.834s][debug][gc,phases      ] GC(36)     Total                          Min: 0, Avg:  0.0, Max: 0, Diff: 0, Sum: 0, Workers: 4
[705.834s][debug][gc,phases      ] GC(36)   StringTable Weak               Min:  0.0, Avg:  0.1, Max:  0.1, Diff:  0.1, Sum:  0.4, Workers: 4
[705.834s][debug][gc,phases      ] GC(36)     Dead                           Min: 0, Avg:  0.0, Max: 0, Diff: 0, Sum: 0, Workers: 4
[705.834s][debug][gc,phases      ] GC(36)     Total                          Min: 0, Avg: 11531.0, Max: 15935, Diff: 15935, Sum: 46124, Workers: 4
[705.834s][debug][gc,phases      ] GC(36)   ResolvedMethodTable Weak       Min:  0.0, Avg:  0.0, Max:  0.1, Diff:  0.1, Sum:  0.2, Workers: 4
[705.834s][debug][gc,phases      ] GC(36)     Dead                           Min: 0, Avg:  4.2, Max: 17, Diff: 17, Sum: 17, Workers: 4
[705.834s][debug][gc,phases      ] GC(36)     Total                          Min: 0, Avg: 3793.5, Max: 5402, Diff: 5402, Sum: 15174, Workers: 4
[705.834s][debug][gc,phases      ] GC(36)   JNI Weak                       Min:  0.0, Avg:  0.0, Max:  0.0, Diff:  0.0, Sum:  0.0, Workers: 4
[705.834s][debug][gc,phases      ] GC(36)     Dead                           Min: 0, Avg:  0.0, Max: 0, Diff: 0, Sum: 0, Workers: 4
[705.834s][debug][gc,phases      ] GC(36)     Total                          Min: 0, Avg: 13.0, Max: 48, Diff: 48, Sum: 52, Workers: 4
[705.834s][debug][gc,phases      ] GC(36)   StringDedup Table Weak         Min:  0.0, Avg:  0.0, Max:  0.0, Diff:  0.0, Sum:  0.0, Workers: 4
[705.834s][debug][gc,phases      ] GC(36)     Dead                           Min: 0, Avg:  0.0, Max: 0, Diff: 0, Sum: 0, Workers: 4
[705.834s][debug][gc,phases      ] GC(36)     Total                          Min: 0, Avg:  0.0, Max: 0, Diff: 0, Sum: 0, Workers: 4
[705.834s][debug][gc,phases      ] GC(36)   StringDedup Requests0 Weak     Min:  0.0, Avg:  0.0, Max:  0.0, Diff:  0.0, Sum:  0.0, Workers: 4
[705.834s][debug][gc,phases      ] GC(36)     Dead                           Min: 0, Avg:  0.0, Max: 0, Diff: 0, Sum: 0, Workers: 4
[705.834s][debug][gc,phases      ] GC(36)     Total                          Min: 0, Avg:  0.0, Max: 0, Diff: 0, Sum: 0, Workers: 4
[705.834s][debug][gc,phases      ] GC(36)   StringDedup Requests1 Weak     Min:  0.0, Avg:  0.0, Max:  0.0, Diff:  0.0, Sum:  0.0, Workers: 4
[705.834s][debug][gc,phases      ] GC(36)     Dead                           Min: 0, Avg:  0.0, Max: 0, Diff: 0, Sum: 0, Workers: 4
[705.834s][debug][gc,phases      ] GC(36)     Total                          Min: 0, Avg:  0.0, Max: 0, Diff: 0, Sum: 0, Workers: 4
[705.834s][debug][gc,phases      ] GC(36)   Weak JFR Old Object Samples    Min:  0.0, Avg:  0.0, Max:  0.0, Diff:  0.0, Sum:  0.0, Workers: 4
[705.834s][debug][gc,phases      ] GC(36)     Dead                           Min: 0, Avg:  0.0, Max: 0, Diff: 0, Sum: 0, Workers: 4
[705.834s][debug][gc,phases      ] GC(36)     Total                          Min: 0, Avg:  0.0, Max: 0, Diff: 0, Sum: 0, Workers: 4
[705.834s][debug][gc,phases      ] GC(36) Weak Processing 0.436ms
[705.834s][debug][gc,age         ] GC(36) Desired survivor size 90177536 bytes, new threshold 1 (max threshold 15)
[705.834s][info ][gc,heap        ] GC(36) PSYoungGen: 1894800K(1990656K)->4192K(2009088K) Eden: 1890816K(1890816K)->0K(1915392K) From: 3984K(99840K)->4192K(93696K)
[705.834s][info ][gc,heap        ] GC(36) ParOldGen: 287979K(288256K)->288843K(289280K)
[705.834s][info ][gc,metaspace   ] GC(36) Metaspace: 105938K(107200K)->105938K(107200K) NonClass: 89932K(90624K)->89932K(90624K) Class: 16006K(16576K)->16006K(16576K)
[705.834s][info ][gc             ] GC(36) Pause Young (Allocation Failure) 2131M->286M(2244M) 5.040ms
[705.834s][info ][gc,cpu         ] GC(36) User=0.02s Sys=0.00s Real=0.00s
[705.834s][info ][safepoint      ] Safepoint "ParallelGCFailedAllocation", Time since last: 104469011 ns, Reaching safepoint: 79206 ns, Cleanup: 4200 ns, At safepoint: 5126579 ns, Total: 5209985 ns
[710.383s][info ][safepoint      ] Safepoint "Cleanup", Time since last: 4549475434 ns, Reaching safepoint: 2800 ns, Cleanup: 8301 ns, At safepoint: 1600 ns, Total: 12701 ns
[711.384s][info ][safepoint      ] Safepoint "Cleanup", Time since last: 1000109026 ns, Reaching safepoint: 7000 ns, Cleanup: 16402 ns, At safepoint: 2300 ns, Total: 25702 ns
[712.384s][info ][safepoint      ] Safepoint "Cleanup", Time since last: 1000113657 ns, Reaching safepoint: 6301 ns, Cleanup: 14001 ns, At safepoint: 2200 ns, Total: 22502 ns
[713.384s][info ][safepoint      ] Safepoint "Cleanup", Time since last: 1000113971 ns, Reaching safepoint: 5400 ns, Cleanup: 13301 ns, At safepoint: 2400 ns, Total: 21101 ns
[715.384s][info ][safepoint      ] Safepoint "Cleanup", Time since last: 2000203840 ns, Reaching safepoint: 6401 ns, Cleanup: 12301 ns, At safepoint: 2300 ns, Total: 21002 ns
[716.384s][info ][safepoint      ] Safepoint "Cleanup", Time since last: 1000123471 ns, Reaching safepoint: 5801 ns, Cleanup: 8100 ns, At safepoint: 2401 ns, Total: 16302 ns
[720.385s][info ][safepoint      ] Safepoint "Cleanup", Time since last: 4000330580 ns, Reaching safepoint: 5601 ns, Cleanup: 10101 ns, At safepoint: 2700 ns, Total: 18402 ns
[722.385s][info ][safepoint      ] Safepoint "Cleanup", Time since last: 2000196025 ns, Reaching safepoint: 6600 ns, Cleanup: 10301 ns, At safepoint: 2600 ns, Total: 19501 ns
[723.385s][info ][safepoint      ] Safepoint "Cleanup", Time since last: 1000118114 ns, Reaching safepoint: 5801 ns, Cleanup: 9401 ns, At safepoint: 2400 ns, Total: 17602 ns
[724.385s][info ][safepoint      ] Safepoint "Cleanup", Time since last: 1000112414 ns, Reaching safepoint: 6300 ns, Cleanup: 13401 ns, At safepoint: 2800 ns, Total: 22501 ns
[725.385s][info ][safepoint      ] Safepoint "Cleanup", Time since last: 1000116814 ns, Reaching safepoint: 6801 ns, Cleanup: 11101 ns, At safepoint: 2700 ns, Total: 20602 ns
[726.385s][info ][safepoint      ] Safepoint "Cleanup", Time since last: 1000149516 ns, Reaching safepoint: 7401 ns, Cleanup: 13201 ns, At safepoint: 2800 ns, Total: 23402 ns
[727.386s][info ][safepoint      ] Safepoint "Cleanup", Time since last: 1000122815 ns, Reaching safepoint: 6600 ns, Cleanup: 10201 ns, At safepoint: 2900 ns, Total: 19701 ns
[728.077s][info ][gc,start       ] GC(37) Pause Young (Allocation Failure)
[728.081s][debug][gc,phases      ] GC(37) Scavenge 4.222ms
[728.081s][debug][gc,ref         ] GC(37) ReferenceProcessor::execute queues: 1, RefProcThreadModel::Single, marks_oops_alive: false
[728.081s][debug][gc,ref         ] GC(37) Skipped KeepAliveFinalRefsPhase of Reference Processing: no references
[728.081s][debug][gc,ref         ] GC(37) ReferenceProcessor::execute queues: 1, RefProcThreadModel::Single, marks_oops_alive: false
[728.081s][debug][gc,phases      ] GC(37) Reference Processing 0.119ms
[728.081s][debug][gc,phases      ] GC(37)   VM Weak                        Min:  0.0, Avg:  0.0, Max:  0.0, Diff:  0.0, Sum:  0.0, Workers: 4
[728.081s][debug][gc,phases      ] GC(37)     Dead                           Min: 0, Avg:  0.0, Max: 0, Diff: 0, Sum: 0, Workers: 4
[728.081s][debug][gc,phases      ] GC(37)     Total                          Min: 0, Avg: 255.2, Max: 512, Diff: 512, Sum: 1021, Workers: 4
[728.081s][debug][gc,phases      ] GC(37)   ObjectSynchronizer Weak        Min:  0.0, Avg:  0.0, Max:  0.0, Diff:  0.0, Sum:  0.0, Workers: 4
[728.081s][debug][gc,phases      ] GC(37)     Dead                           Min: 0, Avg:  0.0, Max: 0, Diff: 0, Sum: 0, Workers: 4
[728.082s][debug][gc,phases      ] GC(37)     Total                          Min: 0, Avg:  0.8, Max: 3, Diff: 3, Sum: 3, Workers: 4
[728.082s][debug][gc,phases      ] GC(37)   JVMTI Tag Weak OopStorage      Min:  0.0, Avg:  0.0, Max:  0.0, Diff:  0.0, Sum:  0.0, Workers: 4
[728.082s][debug][gc,phases      ] GC(37)     Dead                           Min: 0, Avg:  0.0, Max: 0, Diff: 0, Sum: 0, Workers: 4
[728.082s][debug][gc,phases      ] GC(37)     Total                          Min: 0, Avg:  0.0, Max: 0, Diff: 0, Sum: 0, Workers: 4
[728.082s][debug][gc,phases      ] GC(37)   StringTable Weak               Min:  0.0, Avg:  0.1, Max:  0.1, Diff:  0.1, Sum:  0.4, Workers: 4
[728.082s][debug][gc,phases      ] GC(37)     Dead                           Min: 0, Avg:  0.2, Max: 1, Diff: 1, Sum: 1, Workers: 4
[728.082s][debug][gc,phases      ] GC(37)     Total                          Min: 0, Avg: 11534.2, Max: 17338, Diff: 17338, Sum: 46137, Workers: 4
[728.082s][debug][gc,phases      ] GC(37)   ResolvedMethodTable Weak       Min:  0.0, Avg:  0.0, Max:  0.1, Diff:  0.1, Sum:  0.2, Workers: 4
[728.082s][debug][gc,phases      ] GC(37)     Dead                           Min: 0, Avg:  1.0, Max: 3, Diff: 3, Sum: 4, Workers: 4
[728.082s][debug][gc,phases      ] GC(37)     Total                          Min: 0, Avg: 3798.5, Max: 5637, Diff: 5637, Sum: 15194, Workers: 4
[728.082s][debug][gc,phases      ] GC(37)   JNI Weak                       Min:  0.0, Avg:  0.0, Max:  0.0, Diff:  0.0, Sum:  0.0, Workers: 4
[728.082s][debug][gc,phases      ] GC(37)     Dead                           Min: 0, Avg:  0.0, Max: 0, Diff: 0, Sum: 0, Workers: 4
[728.082s][debug][gc,phases      ] GC(37)     Total                          Min: 0, Avg: 13.0, Max: 48, Diff: 48, Sum: 52, Workers: 4
[728.082s][debug][gc,phases      ] GC(37)   StringDedup Table Weak         Min:  0.0, Avg:  0.0, Max:  0.0, Diff:  0.0, Sum:  0.0, Workers: 4
[728.082s][debug][gc,phases      ] GC(37)     Dead                           Min: 0, Avg:  0.0, Max: 0, Diff: 0, Sum: 0, Workers: 4
[728.082s][debug][gc,phases      ] GC(37)     Total                          Min: 0, Avg:  0.0, Max: 0, Diff: 0, Sum: 0, Workers: 4
[728.082s][debug][gc,phases      ] GC(37)   StringDedup Requests0 Weak     Min:  0.0, Avg:  0.0, Max:  0.0, Diff:  0.0, Sum:  0.0, Workers: 4
[728.082s][debug][gc,phases      ] GC(37)     Dead                           Min: 0, Avg:  0.0, Max: 0, Diff: 0, Sum: 0, Workers: 4
[728.082s][debug][gc,phases      ] GC(37)     Total                          Min: 0, Avg:  0.0, Max: 0, Diff: 0, Sum: 0, Workers: 4
[728.082s][debug][gc,phases      ] GC(37)   StringDedup Requests1 Weak     Min:  0.0, Avg:  0.0, Max:  0.0, Diff:  0.0, Sum:  0.0, Workers: 4
[728.082s][debug][gc,phases      ] GC(37)     Dead                           Min: 0, Avg:  0.0, Max: 0, Diff: 0, Sum: 0, Workers: 4
[728.082s][debug][gc,phases      ] GC(37)     Total                          Min: 0, Avg:  0.0, Max: 0, Diff: 0, Sum: 0, Workers: 4
[728.082s][debug][gc,phases      ] GC(37)   Weak JFR Old Object Samples    Min:  0.0, Avg:  0.0, Max:  0.0, Diff:  0.0, Sum:  0.0, Workers: 4
[728.082s][debug][gc,phases      ] GC(37)     Dead                           Min: 0, Avg:  0.0, Max: 0, Diff: 0, Sum: 0, Workers: 4
[728.082s][debug][gc,phases      ] GC(37)     Total                          Min: 0, Avg:  0.0, Max: 0, Diff: 0, Sum: 0, Workers: 4
[728.082s][debug][gc,phases      ] GC(37) Weak Processing 0.445ms
[728.082s][debug][gc,age         ] GC(37) Desired survivor size 84410368 bytes, new threshold 1 (max threshold 15)
[728.082s][info ][gc,heap        ] GC(37) PSYoungGen: 1919584K(2009088K)->4279K(2003456K) Eden: 1915392K(1915392K)->0K(1915392K) From: 4192K(93696K)->4279K(88064K)
[728.082s][info ][gc,heap        ] GC(37) ParOldGen: 288843K(289280K)->289780K(289792K)
[728.082s][info ][gc,metaspace   ] GC(37) Metaspace: 106035K(107328K)->106035K(107328K) NonClass: 90022K(90752K)->90022K(90752K) Class: 16013K(16576K)->16013K(16576K)
[728.082s][info ][gc             ] GC(37) Pause Young (Allocation Failure) 2156M->287M(2239M) 4.937ms
[728.082s][info ][gc,cpu         ] GC(37) User=0.02s Sys=0.00s Real=0.00s
[728.082s][info ][safepoint      ] Safepoint "ParallelGCFailedAllocation", Time since last: 691232197 ns, Reaching safepoint: 5901 ns, Cleanup: 4300 ns, At safepoint: 5009875 ns, Total: 5020076 ns
[731.082s][info ][safepoint      ] Safepoint "Cleanup", Time since last: 3000246644 ns, Reaching safepoint: 6101 ns, Cleanup: 10301 ns, At safepoint: 2100 ns, Total: 18502 ns
[732.082s][info ][safepoint      ] Safepoint "Cleanup", Time since last: 1000118717 ns, Reaching safepoint: 5800 ns, Cleanup: 10201 ns, At safepoint: 2900 ns, Total: 18901 ns
[737.083s][info ][safepoint      ] Safepoint "Cleanup", Time since last: 5000424943 ns, Reaching safepoint: 7401 ns, Cleanup: 11501 ns, At safepoint: 2400 ns, Total: 21302 ns
[740.083s][info ][safepoint      ] Safepoint "Cleanup", Time since last: 3000271361 ns, Reaching safepoint: 8401 ns, Cleanup: 17501 ns, At safepoint: 2900 ns, Total: 28802 ns
[743.083s][info ][safepoint      ] Safepoint "Cleanup", Time since last: 3000259461 ns, Reaching safepoint: 6800 ns, Cleanup: 12701 ns, At safepoint: 3201 ns, Total: 22702 ns
[745.083s][info ][safepoint      ] Safepoint "Cleanup", Time since last: 2000185268 ns, Reaching safepoint: 6501 ns, Cleanup: 12201 ns, At safepoint: 2700 ns, Total: 21402 ns
[747.084s][info ][safepoint      ] Safepoint "Cleanup", Time since last: 2000193047 ns, Reaching safepoint: 6500 ns, Cleanup: 11101 ns, At safepoint: 3000 ns, Total: 20601 ns
[748.084s][info ][safepoint      ] Safepoint "Cleanup", Time since last: 1000113875 ns, Reaching safepoint: 7101 ns, Cleanup: 11000 ns, At safepoint: 2801 ns, Total: 20902 ns
[751.562s][info ][gc,start       ] GC(38) Pause Young (Allocation Failure)
[751.566s][debug][gc,phases      ] GC(38) Scavenge 4.617ms
[751.567s][debug][gc,ref         ] GC(38) ReferenceProcessor::execute queues: 1, RefProcThreadModel::Single, marks_oops_alive: false
[751.567s][debug][gc,ref         ] GC(38) Skipped KeepAliveFinalRefsPhase of Reference Processing: no references
[751.567s][debug][gc,ref         ] GC(38) ReferenceProcessor::execute queues: 1, RefProcThreadModel::Single, marks_oops_alive: false
[751.567s][debug][gc,phases      ] GC(38) Reference Processing 0.121ms
[751.567s][debug][gc,phases      ] GC(38)   VM Weak                        Min:  0.0, Avg:  0.0, Max:  0.0, Diff:  0.0, Sum:  0.0, Workers: 4
[751.567s][debug][gc,phases      ] GC(38)     Dead                           Min: 0, Avg:  0.0, Max: 0, Diff: 0, Sum: 0, Workers: 4
[751.567s][debug][gc,phases      ] GC(38)     Total                          Min: 0, Avg: 255.5, Max: 768, Diff: 768, Sum: 1022, Workers: 4
[751.567s][debug][gc,phases      ] GC(38)   ObjectSynchronizer Weak        Min:  0.0, Avg:  0.0, Max:  0.0, Diff:  0.0, Sum:  0.0, Workers: 4
[751.567s][debug][gc,phases      ] GC(38)     Dead                           Min: 0, Avg:  0.0, Max: 0, Diff: 0, Sum: 0, Workers: 4
[751.567s][debug][gc,phases      ] GC(38)     Total                          Min: 0, Avg:  1.0, Max: 4, Diff: 4, Sum: 4, Workers: 4
[751.567s][debug][gc,phases      ] GC(38)   JVMTI Tag Weak OopStorage      Min:  0.0, Avg:  0.0, Max:  0.0, Diff:  0.0, Sum:  0.0, Workers: 4
[751.567s][debug][gc,phases      ] GC(38)     Dead                           Min: 0, Avg:  0.0, Max: 0, Diff: 0, Sum: 0, Workers: 4
[751.567s][debug][gc,phases      ] GC(38)     Total                          Min: 0, Avg:  0.0, Max: 0, Diff: 0, Sum: 0, Workers: 4
[751.567s][debug][gc,phases      ] GC(38)   StringTable Weak               Min:  0.0, Avg:  0.1, Max:  0.1, Diff:  0.1, Sum:  0.4, Workers: 4
[751.567s][debug][gc,phases      ] GC(38)     Dead                           Min: 0, Avg:  0.5, Max: 2, Diff: 2, Sum: 2, Workers: 4
[751.567s][debug][gc,phases      ] GC(38)     Total                          Min: 0, Avg: 11536.5, Max: 17215, Diff: 17215, Sum: 46146, Workers: 4
[751.567s][debug][gc,phases      ] GC(38)   ResolvedMethodTable Weak       Min:  0.0, Avg:  0.0, Max:  0.1, Diff:  0.1, Sum:  0.2, Workers: 4
[751.567s][debug][gc,phases      ] GC(38)     Dead                           Min: 0, Avg:  5.0, Max: 16, Diff: 16, Sum: 20, Workers: 4
[751.567s][debug][gc,phases      ] GC(38)     Total                          Min: 0, Avg: 3803.0, Max: 5751, Diff: 5751, Sum: 15212, Workers: 4
[751.567s][debug][gc,phases      ] GC(38)   JNI Weak                       Min:  0.0, Avg:  0.0, Max:  0.0, Diff:  0.0, Sum:  0.0, Workers: 4
[751.567s][debug][gc,phases      ] GC(38)     Dead                           Min: 0, Avg:  0.0, Max: 0, Diff: 0, Sum: 0, Workers: 4
[751.567s][debug][gc,phases      ] GC(38)     Total                          Min: 0, Avg: 13.0, Max: 48, Diff: 48, Sum: 52, Workers: 4
[751.567s][debug][gc,phases      ] GC(38)   StringDedup Table Weak         Min:  0.0, Avg:  0.0, Max:  0.0, Diff:  0.0, Sum:  0.0, Workers: 4
[751.567s][debug][gc,phases      ] GC(38)     Dead                           Min: 0, Avg:  0.0, Max: 0, Diff: 0, Sum: 0, Workers: 4
[751.567s][debug][gc,phases      ] GC(38)     Total                          Min: 0, Avg:  0.0, Max: 0, Diff: 0, Sum: 0, Workers: 4
[751.567s][debug][gc,phases      ] GC(38)   StringDedup Requests0 Weak     Min:  0.0, Avg:  0.0, Max:  0.0, Diff:  0.0, Sum:  0.0, Workers: 4
[751.567s][debug][gc,phases      ] GC(38)     Dead                           Min: 0, Avg:  0.0, Max: 0, Diff: 0, Sum: 0, Workers: 4
[751.567s][debug][gc,phases      ] GC(38)     Total                          Min: 0, Avg:  0.0, Max: 0, Diff: 0, Sum: 0, Workers: 4
[751.567s][debug][gc,phases      ] GC(38)   StringDedup Requests1 Weak     Min:  0.0, Avg:  0.0, Max:  0.0, Diff:  0.0, Sum:  0.0, Workers: 4
[751.567s][debug][gc,phases      ] GC(38)     Dead                           Min: 0, Avg:  0.0, Max: 0, Diff: 0, Sum: 0, Workers: 4
[751.567s][debug][gc,phases      ] GC(38)     Total                          Min: 0, Avg:  0.0, Max: 0, Diff: 0, Sum: 0, Workers: 4
[751.567s][debug][gc,phases      ] GC(38)   Weak JFR Old Object Samples    Min:  0.0, Avg:  0.0, Max:  0.0, Diff:  0.0, Sum:  0.0, Workers: 4
[751.567s][debug][gc,phases      ] GC(38)     Dead                           Min: 0, Avg:  0.0, Max: 0, Diff: 0, Sum: 0, Workers: 4
[751.567s][debug][gc,phases      ] GC(38)     Total                          Min: 0, Avg:  0.0, Max: 0, Diff: 0, Sum: 0, Workers: 4
[751.567s][debug][gc,phases      ] GC(38) Weak Processing 0.441ms
[751.567s][debug][gc,age         ] GC(38) Desired survivor size 78643200 bytes, new threshold 1 (max threshold 15)
[751.567s][info ][gc,heap        ] GC(38) PSYoungGen: 1919671K(2003456K)->4558K(2020352K) Eden: 1915392K(1915392K)->0K(1937920K) From: 4279K(88064K)->4558K(82432K)
[751.567s][info ][gc,heap        ] GC(38) ParOldGen: 289780K(289792K)->290787K(290816K)
[751.567s][info ][gc,metaspace   ] GC(38) Metaspace: 106055K(107392K)->106055K(107392K) NonClass: 90037K(90752K)->90037K(90752K) Class: 16018K(16640K)->16018K(16640K)
[751.567s][info ][gc             ] GC(38) Pause Young (Allocation Failure) 2157M->288M(2257M) 5.330ms
[751.567s][info ][gc,cpu         ] GC(38) User=0.01s Sys=0.01s Real=0.01s
[751.567s][info ][safepoint      ] Safepoint "ParallelGCFailedAllocation", Time since last: 3477922631 ns, Reaching safepoint: 82406 ns, Cleanup: 4800 ns, At safepoint: 5413705 ns, Total: 5500911 ns
[753.567s][info ][safepoint      ] Safepoint "Cleanup", Time since last: 2000173354 ns, Reaching safepoint: 77206 ns, Cleanup: 15301 ns, At safepoint: 6601 ns, Total: 99108 ns
[754.568s][info ][safepoint      ] Safepoint "Cleanup", Time since last: 1000111552 ns, Reaching safepoint: 81707 ns, Cleanup: 12701 ns, At safepoint: 8600 ns, Total: 103008 ns
[755.568s][info ][safepoint      ] Safepoint "Cleanup", Time since last: 1000136155 ns, Reaching safepoint: 81806 ns, Cleanup: 10401 ns, At safepoint: 7501 ns, Total: 99708 ns
[756.568s][info ][safepoint      ] Safepoint "Cleanup", Time since last: 1000147855 ns, Reaching safepoint: 115609 ns, Cleanup: 10901 ns, At safepoint: 7200 ns, Total: 133710 ns
[758.568s][info ][safepoint      ] Safepoint "Cleanup", Time since last: 2000205105 ns, Reaching safepoint: 81106 ns, Cleanup: 18501 ns, At safepoint: 7101 ns, Total: 106708 ns
[760.569s][info ][safepoint      ] Safepoint "Cleanup", Time since last: 2000203173 ns, Reaching safepoint: 81006 ns, Cleanup: 14101 ns, At safepoint: 10101 ns, Total: 105208 ns
[761.569s][info ][safepoint      ] Safepoint "Cleanup", Time since last: 1000139983 ns, Reaching safepoint: 78006 ns, Cleanup: 10201 ns, At safepoint: 7101 ns, Total: 95308 ns
[762.569s][info ][safepoint      ] Safepoint "Cleanup", Time since last: 1000134982 ns, Reaching safepoint: 82607 ns, Cleanup: 10300 ns, At safepoint: 7601 ns, Total: 100508 ns
[765.570s][info ][safepoint      ] Safepoint "Cleanup", Time since last: 3000278637 ns, Reaching safepoint: 82107 ns, Cleanup: 9900 ns, At safepoint: 8901 ns, Total: 100908 ns
[774.571s][info ][safepoint      ] Safepoint "Cleanup", Time since last: 9000795932 ns, Reaching safepoint: 78707 ns, Cleanup: 13101 ns, At safepoint: 7000 ns, Total: 98808 ns
[774.964s][info ][gc,start       ] GC(39) Pause Young (Allocation Failure)
[774.969s][debug][gc,phases      ] GC(39) Scavenge 4.846ms
[774.969s][debug][gc,ref         ] GC(39) ReferenceProcessor::execute queues: 1, RefProcThreadModel::Single, marks_oops_alive: false
[774.969s][debug][gc,ref         ] GC(39) Skipped KeepAliveFinalRefsPhase of Reference Processing: no references
[774.969s][debug][gc,ref         ] GC(39) ReferenceProcessor::execute queues: 1, RefProcThreadModel::Single, marks_oops_alive: false
[774.969s][debug][gc,phases      ] GC(39) Reference Processing 0.114ms
[774.970s][debug][gc,phases      ] GC(39)   VM Weak                        Min:  0.0, Avg:  0.0, Max:  0.0, Diff:  0.0, Sum:  0.0, Workers: 4
[774.970s][debug][gc,phases      ] GC(39)     Dead                           Min: 0, Avg:  0.0, Max: 0, Diff: 0, Sum: 0, Workers: 4
[774.970s][debug][gc,phases      ] GC(39)     Total                          Min: 0, Avg: 255.5, Max: 574, Diff: 574, Sum: 1022, Workers: 4
[774.970s][debug][gc,phases      ] GC(39)   ObjectSynchronizer Weak        Min:  0.0, Avg:  0.0, Max:  0.0, Diff:  0.0, Sum:  0.0, Workers: 4
[774.970s][debug][gc,phases      ] GC(39)     Dead                           Min: 0, Avg:  0.0, Max: 0, Diff: 0, Sum: 0, Workers: 4
[774.970s][debug][gc,phases      ] GC(39)     Total                          Min: 0, Avg:  1.0, Max: 4, Diff: 4, Sum: 4, Workers: 4
[774.970s][debug][gc,phases      ] GC(39)   JVMTI Tag Weak OopStorage      Min:  0.0, Avg:  0.0, Max:  0.0, Diff:  0.0, Sum:  0.0, Workers: 4
[774.970s][debug][gc,phases      ] GC(39)     Dead                           Min: 0, Avg:  0.0, Max: 0, Diff: 0, Sum: 0, Workers: 4
[774.970s][debug][gc,phases      ] GC(39)     Total                          Min: 0, Avg:  0.0, Max: 0, Diff: 0, Sum: 0, Workers: 4
[774.970s][debug][gc,phases      ] GC(39)   StringTable Weak               Min:  0.0, Avg:  0.1, Max:  0.2, Diff:  0.2, Sum:  0.5, Workers: 4
[774.970s][debug][gc,phases      ] GC(39)     Dead                           Min: 0, Avg:  0.2, Max: 1, Diff: 1, Sum: 1, Workers: 4
[774.970s][debug][gc,phases      ] GC(39)     Total                          Min: 0, Avg: 11536.8, Max: 17668, Diff: 17668, Sum: 46147, Workers: 4
[774.970s][debug][gc,phases      ] GC(39)   ResolvedMethodTable Weak       Min:  0.0, Avg:  0.0, Max:  0.1, Diff:  0.1, Sum:  0.2, Workers: 4
[774.970s][debug][gc,phases      ] GC(39)     Dead                           Min: 0, Avg:  0.2, Max: 1, Diff: 1, Sum: 1, Workers: 4
[774.970s][debug][gc,phases      ] GC(39)     Total                          Min: 0, Avg: 3803.5, Max: 5608, Diff: 5608, Sum: 15214, Workers: 4
[774.970s][debug][gc,phases      ] GC(39)   JNI Weak                       Min:  0.0, Avg:  0.0, Max:  0.0, Diff:  0.0, Sum:  0.0, Workers: 4
[774.970s][debug][gc,phases      ] GC(39)     Dead                           Min: 0, Avg:  0.0, Max: 0, Diff: 0, Sum: 0, Workers: 4
[774.970s][debug][gc,phases      ] GC(39)     Total                          Min: 0, Avg: 13.0, Max: 48, Diff: 48, Sum: 52, Workers: 4
[774.970s][debug][gc,phases      ] GC(39)   StringDedup Table Weak         Min:  0.0, Avg:  0.0, Max:  0.0, Diff:  0.0, Sum:  0.0, Workers: 4
[774.970s][debug][gc,phases      ] GC(39)     Dead                           Min: 0, Avg:  0.0, Max: 0, Diff: 0, Sum: 0, Workers: 4
[774.970s][debug][gc,phases      ] GC(39)     Total                          Min: 0, Avg:  0.0, Max: 0, Diff: 0, Sum: 0, Workers: 4
[774.970s][debug][gc,phases      ] GC(39)   StringDedup Requests0 Weak     Min:  0.0, Avg:  0.0, Max:  0.0, Diff:  0.0, Sum:  0.0, Workers: 4
[774.970s][debug][gc,phases      ] GC(39)     Dead                           Min: 0, Avg:  0.0, Max: 0, Diff: 0, Sum: 0, Workers: 4
[774.970s][debug][gc,phases      ] GC(39)     Total                          Min: 0, Avg:  0.0, Max: 0, Diff: 0, Sum: 0, Workers: 4
[774.970s][debug][gc,phases      ] GC(39)   StringDedup Requests1 Weak     Min:  0.0, Avg:  0.0, Max:  0.0, Diff:  0.0, Sum:  0.0, Workers: 4
[774.970s][debug][gc,phases      ] GC(39)     Dead                           Min: 0, Avg:  0.0, Max: 0, Diff: 0, Sum: 0, Workers: 4
[774.970s][debug][gc,phases      ] GC(39)     Total                          Min: 0, Avg:  0.0, Max: 0, Diff: 0, Sum: 0, Workers: 4
[774.970s][debug][gc,phases      ] GC(39)   Weak JFR Old Object Samples    Min:  0.0, Avg:  0.0, Max:  0.0, Diff:  0.0, Sum:  0.0, Workers: 4
[774.970s][debug][gc,phases      ] GC(39)     Dead                           Min: 0, Avg:  0.0, Max: 0, Diff: 0, Sum: 0, Workers: 4
[774.970s][debug][gc,phases      ] GC(39)     Total                          Min: 0, Avg:  0.0, Max: 0, Diff: 0, Sum: 0, Workers: 4
[774.970s][debug][gc,phases      ] GC(39) Weak Processing 0.452ms
[774.970s][debug][gc,age         ] GC(39) Desired survivor size 73400320 bytes, new threshold 1 (max threshold 15)
[774.970s][info ][gc,heap        ] GC(39) PSYoungGen: 1942478K(2020352K)->4176K(2014720K) Eden: 1937920K(1937920K)->0K(1937920K) From: 4558K(82432K)->4176K(76800K)
[774.970s][info ][gc,heap        ] GC(39) ParOldGen: 290787K(290816K)->291774K(291840K)
[774.970s][info ][gc,metaspace   ] GC(39) Metaspace: 106073K(107392K)->106073K(107392K) NonClass: 90054K(90752K)->90054K(90752K) Class: 16019K(16640K)->16019K(16640K)
[774.970s][info ][gc             ] GC(39) Pause Young (Allocation Failure) 2180M->289M(2252M) 5.559ms
[774.970s][info ][gc,cpu         ] GC(39) User=0.02s Sys=0.00s Real=0.00s
[774.970s][info ][safepoint      ] Safepoint "ParallelGCFailedAllocation", Time since last: 393610711 ns, Reaching safepoint: 7301 ns, Cleanup: 5300 ns, At safepoint: 5635032 ns, Total: 5647633 ns
[777.970s][info ][safepoint      ] Safepoint "Cleanup", Time since last: 3000277474 ns, Reaching safepoint: 91707 ns, Cleanup: 13901 ns, At safepoint: 9001 ns, Total: 114609 ns
[784.267s][info ][safepoint      ] Safepoint "Cleanup", Time since last: 6296856143 ns, Reaching safepoint: 78906 ns, Cleanup: 9701 ns, At safepoint: 7301 ns, Total: 95908 ns
[786.267s][info ][safepoint      ] Safepoint "Cleanup", Time since last: 2000198506 ns, Reaching safepoint: 83107 ns, Cleanup: 10900 ns, At safepoint: 7001 ns, Total: 101008 ns
[787.268s][info ][safepoint      ] Safepoint "Cleanup", Time since last: 1000112304 ns, Reaching safepoint: 77606 ns, Cleanup: 10501 ns, At safepoint: 6700 ns, Total: 94807 ns
[797.338s][info ][gc,start       ] GC(40) Pause Young (Allocation Failure)
[797.346s][debug][gc,phases      ] GC(40) Scavenge 7.387ms
[797.346s][debug][gc,ref         ] GC(40) ReferenceProcessor::execute queues: 1, RefProcThreadModel::Single, marks_oops_alive: false
[797.346s][debug][gc,ref         ] GC(40) Skipped KeepAliveFinalRefsPhase of Reference Processing: no references
[797.346s][debug][gc,ref         ] GC(40) Skipped PhantomRefsPhase of Reference Processing: no references
[797.346s][debug][gc,phases      ] GC(40) Reference Processing 0.126ms
[797.346s][debug][gc,phases      ] GC(40)   VM Weak                        Min:  0.0, Avg:  0.0, Max:  0.0, Diff:  0.0, Sum:  0.0, Workers: 4
[797.346s][debug][gc,phases      ] GC(40)     Dead                           Min: 0, Avg:  0.0, Max: 0, Diff: 0, Sum: 0, Workers: 4
[797.346s][debug][gc,phases      ] GC(40)     Total                          Min: 0, Avg: 255.5, Max: 960, Diff: 960, Sum: 1022, Workers: 4
[797.346s][debug][gc,phases      ] GC(40)   ObjectSynchronizer Weak        Min:  0.0, Avg:  0.0, Max:  0.0, Diff:  0.0, Sum:  0.0, Workers: 4
[797.346s][debug][gc,phases      ] GC(40)     Dead                           Min: 0, Avg:  0.0, Max: 0, Diff: 0, Sum: 0, Workers: 4
[797.347s][debug][gc,phases      ] GC(40)     Total                          Min: 0, Avg:  1.0, Max: 4, Diff: 4, Sum: 4, Workers: 4
[797.347s][debug][gc,phases      ] GC(40)   JVMTI Tag Weak OopStorage      Min:  0.0, Avg:  0.0, Max:  0.0, Diff:  0.0, Sum:  0.0, Workers: 4
[797.347s][debug][gc,phases      ] GC(40)     Dead                           Min: 0, Avg:  0.0, Max: 0, Diff: 0, Sum: 0, Workers: 4
[797.347s][debug][gc,phases      ] GC(40)     Total                          Min: 0, Avg:  0.0, Max: 0, Diff: 0, Sum: 0, Workers: 4
[797.347s][debug][gc,phases      ] GC(40)   StringTable Weak               Min:  0.0, Avg:  0.1, Max:  0.3, Diff:  0.3, Sum:  0.5, Workers: 4
[797.347s][debug][gc,phases      ] GC(40)     Dead                           Min: 0, Avg:  0.0, Max: 0, Diff: 0, Sum: 0, Workers: 4
[797.347s][debug][gc,phases      ] GC(40)     Total                          Min: 0, Avg: 11536.8, Max: 24004, Diff: 24004, Sum: 46147, Workers: 4
[797.347s][debug][gc,phases      ] GC(40)   ResolvedMethodTable Weak       Min:  0.0, Avg:  0.0, Max:  0.1, Diff:  0.1, Sum:  0.2, Workers: 4
[797.347s][debug][gc,phases      ] GC(40)     Dead                           Min: 0, Avg:  4.0, Max: 15, Diff: 15, Sum: 16, Workers: 4
[797.347s][debug][gc,phases      ] GC(40)     Total                          Min: 0, Avg: 3803.5, Max: 8388, Diff: 8388, Sum: 15214, Workers: 4
[797.347s][debug][gc,phases      ] GC(40)   JNI Weak                       Min:  0.0, Avg:  0.0, Max:  0.0, Diff:  0.0, Sum:  0.0, Workers: 4
[797.347s][debug][gc,phases      ] GC(40)     Dead                           Min: 0, Avg:  0.0, Max: 0, Diff: 0, Sum: 0, Workers: 4
[797.347s][debug][gc,phases      ] GC(40)     Total                          Min: 0, Avg: 13.0, Max: 48, Diff: 48, Sum: 52, Workers: 4
[797.347s][debug][gc,phases      ] GC(40)   StringDedup Table Weak         Min:  0.0, Avg:  0.0, Max:  0.0, Diff:  0.0, Sum:  0.0, Workers: 4
[797.347s][debug][gc,phases      ] GC(40)     Dead                           Min: 0, Avg:  0.0, Max: 0, Diff: 0, Sum: 0, Workers: 4
[797.347s][debug][gc,phases      ] GC(40)     Total                          Min: 0, Avg:  0.0, Max: 0, Diff: 0, Sum: 0, Workers: 4
[797.347s][debug][gc,phases      ] GC(40)   StringDedup Requests0 Weak     Min:  0.0, Avg:  0.0, Max:  0.0, Diff:  0.0, Sum:  0.0, Workers: 4
[797.347s][debug][gc,phases      ] GC(40)     Dead                           Min: 0, Avg:  0.0, Max: 0, Diff: 0, Sum: 0, Workers: 4
[797.347s][debug][gc,phases      ] GC(40)     Total                          Min: 0, Avg:  0.0, Max: 0, Diff: 0, Sum: 0, Workers: 4
[797.347s][debug][gc,phases      ] GC(40)   StringDedup Requests1 Weak     Min:  0.0, Avg:  0.0, Max:  0.0, Diff:  0.0, Sum:  0.0, Workers: 4
[797.347s][debug][gc,phases      ] GC(40)     Dead                           Min: 0, Avg:  0.0, Max: 0, Diff: 0, Sum: 0, Workers: 4
[797.347s][debug][gc,phases      ] GC(40)     Total                          Min: 0, Avg:  0.0, Max: 0, Diff: 0, Sum: 0, Workers: 4
[797.347s][debug][gc,phases      ] GC(40)   Weak JFR Old Object Samples    Min:  0.0, Avg:  0.0, Max:  0.0, Diff:  0.0, Sum:  0.0, Workers: 4
[797.347s][debug][gc,phases      ] GC(40)     Dead                           Min: 0, Avg:  0.0, Max: 0, Diff: 0, Sum: 0, Workers: 4
[797.347s][debug][gc,phases      ] GC(40)     Total                          Min: 0, Avg:  0.0, Max: 0, Diff: 0, Sum: 0, Workers: 4
[797.347s][debug][gc,phases      ] GC(40) Weak Processing 0.575ms
[797.347s][debug][gc,age         ] GC(40) Desired survivor size 68681728 bytes, new threshold 1 (max threshold 15)
[797.347s][info ][gc,heap        ] GC(40) PSYoungGen: 1942096K(2014720K)->4208K(2030080K) Eden: 1937920K(1937920K)->0K(1958400K) From: 4176K(76800K)->4208K(71680K)
[797.347s][info ][gc,heap        ] GC(40) ParOldGen: 291774K(291840K)->292590K(292864K)
[797.347s][info ][gc,metaspace   ] GC(40) Metaspace: 106077K(107392K)->106077K(107392K) NonClass: 90058K(90752K)->90058K(90752K) Class: 16019K(16640K)->16019K(16640K)
[797.347s][info ][gc             ] GC(40) Pause Young (Allocation Failure) 2181M->289M(2268M) 8.238ms
[797.347s][info ][gc,cpu         ] GC(40) User=0.02s Sys=0.00s Real=0.01s
[797.347s][info ][safepoint      ] Safepoint "ParallelGCFailedAllocation", Time since last: 10070772646 ns, Reaching safepoint: 7001 ns, Cleanup: 5000 ns, At safepoint: 8321728 ns, Total: 8333729 ns
[804.347s][info ][safepoint      ] Safepoint "Cleanup", Time since last: 7000525802 ns, Reaching safepoint: 7001 ns, Cleanup: 15401 ns, At safepoint: 2500 ns, Total: 24902 ns
[820.517s][info ][gc,start       ] GC(41) Pause Young (Allocation Failure)
[820.521s][debug][gc,phases      ] GC(41) Scavenge 4.091ms
[820.521s][debug][gc,ref         ] GC(41) ReferenceProcessor::execute queues: 1, RefProcThreadModel::Single, marks_oops_alive: false
[820.521s][debug][gc,ref         ] GC(41) Skipped KeepAliveFinalRefsPhase of Reference Processing: no references
[820.521s][debug][gc,ref         ] GC(41) ReferenceProcessor::execute queues: 1, RefProcThreadModel::Single, marks_oops_alive: false
[820.521s][debug][gc,phases      ] GC(41) Reference Processing 0.115ms
[820.521s][debug][gc,phases      ] GC(41)   VM Weak                        Min:  0.0, Avg:  0.0, Max:  0.0, Diff:  0.0, Sum:  0.0, Workers: 4
[820.521s][debug][gc,phases      ] GC(41)     Dead                           Min: 0, Avg:  0.0, Max: 0, Diff: 0, Sum: 0, Workers: 4
[820.521s][debug][gc,phases      ] GC(41)     Total                          Min: 0, Avg: 255.5, Max: 1022, Diff: 1022, Sum: 1022, Workers: 4
[820.521s][debug][gc,phases      ] GC(41)   ObjectSynchronizer Weak        Min:  0.0, Avg:  0.0, Max:  0.0, Diff:  0.0, Sum:  0.0, Workers: 4
[820.521s][debug][gc,phases      ] GC(41)     Dead                           Min: 0, Avg:  0.0, Max: 0, Diff: 0, Sum: 0, Workers: 4
[820.521s][debug][gc,phases      ] GC(41)     Total                          Min: 0, Avg:  1.0, Max: 4, Diff: 4, Sum: 4, Workers: 4
[820.521s][debug][gc,phases      ] GC(41)   JVMTI Tag Weak OopStorage      Min:  0.0, Avg:  0.0, Max:  0.0, Diff:  0.0, Sum:  0.0, Workers: 4
[820.522s][debug][gc,phases      ] GC(41)     Dead                           Min: 0, Avg:  0.0, Max: 0, Diff: 0, Sum: 0, Workers: 4
[820.522s][debug][gc,phases      ] GC(41)     Total                          Min: 0, Avg:  0.0, Max: 0, Diff: 0, Sum: 0, Workers: 4
[820.522s][debug][gc,phases      ] GC(41)   StringTable Weak               Min:  0.0, Avg:  0.1, Max:  0.1, Diff:  0.1, Sum:  0.4, Workers: 4
[820.522s][debug][gc,phases      ] GC(41)     Dead                           Min: 0, Avg:  0.0, Max: 0, Diff: 0, Sum: 0, Workers: 4
[820.522s][debug][gc,phases      ] GC(41)     Total                          Min: 0, Avg: 11536.8, Max: 16639, Diff: 16639, Sum: 46147, Workers: 4
[820.522s][debug][gc,phases      ] GC(41)   ResolvedMethodTable Weak       Min:  0.0, Avg:  0.0, Max:  0.1, Diff:  0.1, Sum:  0.2, Workers: 4
[820.522s][debug][gc,phases      ] GC(41)     Dead                           Min: 0, Avg:  4.0, Max: 16, Diff: 16, Sum: 16, Workers: 4
[820.522s][debug][gc,phases      ] GC(41)     Total                          Min: 0, Avg: 3803.5, Max: 5739, Diff: 5739, Sum: 15214, Workers: 4
[820.522s][debug][gc,phases      ] GC(41)   JNI Weak                       Min:  0.0, Avg:  0.0, Max:  0.0, Diff:  0.0, Sum:  0.0, Workers: 4
[820.522s][debug][gc,phases      ] GC(41)     Dead                           Min: 0, Avg:  0.0, Max: 0, Diff: 0, Sum: 0, Workers: 4
[820.522s][debug][gc,phases      ] GC(41)     Total                          Min: 0, Avg: 13.0, Max: 48, Diff: 48, Sum: 52, Workers: 4
[820.522s][debug][gc,phases      ] GC(41)   StringDedup Table Weak         Min:  0.0, Avg:  0.0, Max:  0.0, Diff:  0.0, Sum:  0.0, Workers: 4
[820.522s][debug][gc,phases      ] GC(41)     Dead                           Min: 0, Avg:  0.0, Max: 0, Diff: 0, Sum: 0, Workers: 4
[820.522s][debug][gc,phases      ] GC(41)     Total                          Min: 0, Avg:  0.0, Max: 0, Diff: 0, Sum: 0, Workers: 4
[820.522s][debug][gc,phases      ] GC(41)   StringDedup Requests0 Weak     Min:  0.0, Avg:  0.0, Max:  0.0, Diff:  0.0, Sum:  0.0, Workers: 4
[820.522s][debug][gc,phases      ] GC(41)     Dead                           Min: 0, Avg:  0.0, Max: 0, Diff: 0, Sum: 0, Workers: 4
[820.522s][debug][gc,phases      ] GC(41)     Total                          Min: 0, Avg:  0.0, Max: 0, Diff: 0, Sum: 0, Workers: 4
[820.522s][debug][gc,phases      ] GC(41)   StringDedup Requests1 Weak     Min:  0.0, Avg:  0.0, Max:  0.0, Diff:  0.0, Sum:  0.0, Workers: 4
[820.522s][debug][gc,phases      ] GC(41)     Dead                           Min: 0, Avg:  0.0, Max: 0, Diff: 0, Sum: 0, Workers: 4
[820.522s][debug][gc,phases      ] GC(41)     Total                          Min: 0, Avg:  0.0, Max: 0, Diff: 0, Sum: 0, Workers: 4
[820.522s][debug][gc,phases      ] GC(41)   Weak JFR Old Object Samples    Min:  0.0, Avg:  0.0, Max:  0.0, Diff:  0.0, Sum:  0.0, Workers: 4
[820.522s][debug][gc,phases      ] GC(41)     Dead                           Min: 0, Avg:  0.0, Max: 0, Diff: 0, Sum: 0, Workers: 4
[820.522s][debug][gc,phases      ] GC(41)     Total                          Min: 0, Avg:  0.0, Max: 0, Diff: 0, Sum: 0, Workers: 4
[820.522s][debug][gc,phases      ] GC(41) Weak Processing 0.451ms
[820.522s][debug][gc,age         ] GC(41) Desired survivor size 63963136 bytes, new threshold 1 (max threshold 15)
[820.522s][info ][gc,heap        ] GC(41) PSYoungGen: 1962608K(2030080K)->3929K(2025472K) Eden: 1958400K(1958400K)->0K(1958400K) From: 4208K(71680K)->3929K(67072K)
[820.522s][info ][gc,heap        ] GC(41) ParOldGen: 292590K(292864K)->293571K(293888K)
[820.522s][info ][gc,metaspace   ] GC(41) Metaspace: 106106K(107456K)->106106K(107456K) NonClass: 90087K(90816K)->90087K(90816K) Class: 16019K(16640K)->16019K(16640K)
[820.522s][info ][gc             ] GC(41) Pause Young (Allocation Failure) 2202M->290M(2265M) 4.814ms
[820.522s][info ][gc,cpu         ] GC(41) User=0.02s Sys=0.00s Real=0.00s
[820.522s][info ][safepoint      ] Safepoint "ParallelGCFailedAllocation", Time since last: 16169547552 ns, Reaching safepoint: 5901 ns, Cleanup: 4700 ns, At safepoint: 4887962 ns, Total: 4898563 ns
[821.522s][info ][safepoint      ] Safepoint "Cleanup", Time since last: 1000113427 ns, Reaching safepoint: 84106 ns, Cleanup: 11001 ns, At safepoint: 8701 ns, Total: 103808 ns
[827.523s][info ][safepoint      ] Safepoint "Cleanup", Time since last: 6000510799 ns, Reaching safepoint: 79706 ns, Cleanup: 10701 ns, At safepoint: 7800 ns, Total: 98207 ns
[828.523s][info ][safepoint      ] Safepoint "Cleanup", Time since last: 1000117060 ns, Reaching safepoint: 61604 ns, Cleanup: 11801 ns, At safepoint: 8001 ns, Total: 81406 ns
[829.523s][info ][safepoint      ] Safepoint "Cleanup", Time since last: 1000120960 ns, Reaching safepoint: 78706 ns, Cleanup: 24502 ns, At safepoint: 6100 ns, Total: 109308 ns
[841.285s][info ][safepoint      ] Safepoint "Cleanup", Time since last: 11761816012 ns, Reaching safepoint: 6800 ns, Cleanup: 10801 ns, At safepoint: 3100 ns, Total: 20701 ns
[842.285s][info ][safepoint      ] Safepoint "Cleanup", Time since last: 1000120011 ns, Reaching safepoint: 6700 ns, Cleanup: 10101 ns, At safepoint: 3000 ns, Total: 19801 ns
[843.285s][info ][safepoint      ] Safepoint "Cleanup", Time since last: 1000111910 ns, Reaching safepoint: 6801 ns, Cleanup: 10500 ns, At safepoint: 2801 ns, Total: 20102 ns
[844.819s][info ][gc,start       ] GC(42) Pause Young (Allocation Failure)
[844.824s][debug][gc,phases      ] GC(42) Scavenge 4.937ms
[844.824s][debug][gc,ref         ] GC(42) ReferenceProcessor::execute queues: 1, RefProcThreadModel::Single, marks_oops_alive: false
[844.824s][debug][gc,ref         ] GC(42) Skipped KeepAliveFinalRefsPhase of Reference Processing: no references
[844.824s][debug][gc,ref         ] GC(42) ReferenceProcessor::execute queues: 1, RefProcThreadModel::Single, marks_oops_alive: false
[844.824s][debug][gc,phases      ] GC(42) Reference Processing 0.117ms
[844.825s][debug][gc,phases      ] GC(42)   VM Weak                        Min:  0.0, Avg:  0.0, Max:  0.0, Diff:  0.0, Sum:  0.0, Workers: 4
[844.825s][debug][gc,phases      ] GC(42)     Dead                           Min: 0, Avg:  0.0, Max: 0, Diff: 0, Sum: 0, Workers: 4
[844.825s][debug][gc,phases      ] GC(42)     Total                          Min: 0, Avg: 255.5, Max: 448, Diff: 448, Sum: 1022, Workers: 4
[844.825s][debug][gc,phases      ] GC(42)   ObjectSynchronizer Weak        Min:  0.0, Avg:  0.0, Max:  0.0, Diff:  0.0, Sum:  0.0, Workers: 4
[844.825s][debug][gc,phases      ] GC(42)     Dead                           Min: 0, Avg:  0.0, Max: 0, Diff: 0, Sum: 0, Workers: 4
[844.825s][debug][gc,phases      ] GC(42)     Total                          Min: 0, Avg:  0.8, Max: 3, Diff: 3, Sum: 3, Workers: 4
[844.825s][debug][gc,phases      ] GC(42)   JVMTI Tag Weak OopStorage      Min:  0.0, Avg:  0.0, Max:  0.0, Diff:  0.0, Sum:  0.0, Workers: 4
[844.825s][debug][gc,phases      ] GC(42)     Dead                           Min: 0, Avg:  0.0, Max: 0, Diff: 0, Sum: 0, Workers: 4
[844.825s][debug][gc,phases      ] GC(42)     Total                          Min: 0, Avg:  0.0, Max: 0, Diff: 0, Sum: 0, Workers: 4
[844.825s][debug][gc,phases      ] GC(42)   StringTable Weak               Min:  0.0, Avg:  0.1, Max:  0.1, Diff:  0.1, Sum:  0.4, Workers: 4
[844.825s][debug][gc,phases      ] GC(42)     Dead                           Min: 0, Avg:  0.0, Max: 0, Diff: 0, Sum: 0, Workers: 4
[844.825s][debug][gc,phases      ] GC(42)     Total                          Min: 0, Avg: 11537.2, Max: 16831, Diff: 16831, Sum: 46149, Workers: 4
[844.825s][debug][gc,phases      ] GC(42)   ResolvedMethodTable Weak       Min:  0.0, Avg:  0.0, Max:  0.1, Diff:  0.1, Sum:  0.2, Workers: 4
[844.825s][debug][gc,phases      ] GC(42)     Dead                           Min: 0, Avg:  4.0, Max: 16, Diff: 16, Sum: 16, Workers: 4
[844.825s][debug][gc,phases      ] GC(42)     Total                          Min: 0, Avg: 3803.5, Max: 5515, Diff: 5515, Sum: 15214, Workers: 4
[844.825s][debug][gc,phases      ] GC(42)   JNI Weak                       Min:  0.0, Avg:  0.0, Max:  0.0, Diff:  0.0, Sum:  0.0, Workers: 4
[844.825s][debug][gc,phases      ] GC(42)     Dead                           Min: 0, Avg:  0.0, Max: 0, Diff: 0, Sum: 0, Workers: 4
[844.825s][debug][gc,phases      ] GC(42)     Total                          Min: 0, Avg: 13.0, Max: 48, Diff: 48, Sum: 52, Workers: 4
[844.825s][debug][gc,phases      ] GC(42)   StringDedup Table Weak         Min:  0.0, Avg:  0.0, Max:  0.0, Diff:  0.0, Sum:  0.0, Workers: 4
[844.825s][debug][gc,phases      ] GC(42)     Dead                           Min: 0, Avg:  0.0, Max: 0, Diff: 0, Sum: 0, Workers: 4
[844.825s][debug][gc,phases      ] GC(42)     Total                          Min: 0, Avg:  0.0, Max: 0, Diff: 0, Sum: 0, Workers: 4
[844.825s][debug][gc,phases      ] GC(42)   StringDedup Requests0 Weak     Min:  0.0, Avg:  0.0, Max:  0.0, Diff:  0.0, Sum:  0.0, Workers: 4
[844.825s][debug][gc,phases      ] GC(42)     Dead                           Min: 0, Avg:  0.0, Max: 0, Diff: 0, Sum: 0, Workers: 4
[844.825s][debug][gc,phases      ] GC(42)     Total                          Min: 0, Avg:  0.0, Max: 0, Diff: 0, Sum: 0, Workers: 4
[844.825s][debug][gc,phases      ] GC(42)   StringDedup Requests1 Weak     Min:  0.0, Avg:  0.0, Max:  0.0, Diff:  0.0, Sum:  0.0, Workers: 4
[844.825s][debug][gc,phases      ] GC(42)     Dead                           Min: 0, Avg:  0.0, Max: 0, Diff: 0, Sum: 0, Workers: 4
[844.825s][debug][gc,phases      ] GC(42)     Total                          Min: 0, Avg:  0.0, Max: 0, Diff: 0, Sum: 0, Workers: 4
[844.825s][debug][gc,phases      ] GC(42)   Weak JFR Old Object Samples    Min:  0.0, Avg:  0.0, Max:  0.0, Diff:  0.0, Sum:  0.0, Workers: 4
[844.825s][debug][gc,phases      ] GC(42)     Dead                           Min: 0, Avg:  0.0, Max: 0, Diff: 0, Sum: 0, Workers: 4
[844.825s][debug][gc,phases      ] GC(42)     Total                          Min: 0, Avg:  0.0, Max: 0, Diff: 0, Sum: 0, Workers: 4
[844.825s][debug][gc,phases      ] GC(42) Weak Processing 0.444ms
[844.825s][debug][gc,age         ] GC(42) Desired survivor size 59768832 bytes, new threshold 1 (max threshold 15)
[844.825s][info ][gc,heap        ] GC(42) PSYoungGen: 1962329K(2025472K)->4320K(2038784K) Eden: 1958400K(1958400K)->0K(1976320K) From: 3929K(67072K)->4320K(62464K)
[844.825s][info ][gc,heap        ] GC(42) ParOldGen: 293571K(293888K)->294320K(294400K)
[844.825s][info ][gc,metaspace   ] GC(42) Metaspace: 106112K(107456K)->106112K(107456K) NonClass: 90090K(90816K)->90090K(90816K) Class: 16022K(16640K)->16022K(16640K)
[844.825s][info ][gc             ] GC(42) Pause Young (Allocation Failure) 2203M->291M(2278M) 5.670ms
[844.825s][info ][gc,cpu         ] GC(42) User=0.01s Sys=0.00s Real=0.01s
[844.825s][info ][safepoint      ] Safepoint "ParallelGCFailedAllocation", Time since last: 1533936420 ns, Reaching safepoint: 7301 ns, Cleanup: 4400 ns, At safepoint: 5743126 ns, Total: 5754827 ns
[854.826s][info ][safepoint      ] Safepoint "Cleanup", Time since last: 10000759615 ns, Reaching safepoint: 7200 ns, Cleanup: 35503 ns, At safepoint: 2800 ns, Total: 45503 ns
[856.826s][info ][safepoint      ] Safepoint "Cleanup", Time since last: 2000219663 ns, Reaching safepoint: 82006 ns, Cleanup: 11101 ns, At safepoint: 7300 ns, Total: 100407 ns
[859.826s][info ][safepoint      ] Safepoint "Cleanup", Time since last: 3000284478 ns, Reaching safepoint: 113108 ns, Cleanup: 8500 ns, At safepoint: 14001 ns, Total: 135609 ns
[861.827s][info ][safepoint      ] Safepoint "Cleanup", Time since last: 2000206587 ns, Reaching safepoint: 8600 ns, Cleanup: 15801 ns, At safepoint: 2801 ns, Total: 27202 ns
[862.827s][info ][safepoint      ] Safepoint "Cleanup", Time since last: 1000125394 ns, Reaching safepoint: 6801 ns, Cleanup: 9900 ns, At safepoint: 3101 ns, Total: 19802 ns
[863.827s][info ][safepoint      ] Safepoint "Cleanup", Time since last: 1000116794 ns, Reaching safepoint: 89506 ns, Cleanup: 10101 ns, At safepoint: 6500 ns, Total: 106107 ns
[865.827s][info ][safepoint      ] Safepoint "Cleanup", Time since last: 2000208148 ns, Reaching safepoint: 7700 ns, Cleanup: 13401 ns, At safepoint: 2600 ns, Total: 23701 ns
[866.827s][info ][safepoint      ] Safepoint "Cleanup", Time since last: 1000115378 ns, Reaching safepoint: 7200 ns, Cleanup: 10701 ns, At safepoint: 2600 ns, Total: 20501 ns
[868.368s][info ][gc,start       ] GC(43) Pause Young (Allocation Failure)
[868.373s][debug][gc,phases      ] GC(43) Scavenge 4.433ms
[868.373s][debug][gc,ref         ] GC(43) ReferenceProcessor::execute queues: 1, RefProcThreadModel::Single, marks_oops_alive: false
[868.373s][debug][gc,ref         ] GC(43) Skipped KeepAliveFinalRefsPhase of Reference Processing: no references
[868.373s][debug][gc,ref         ] GC(43) ReferenceProcessor::execute queues: 1, RefProcThreadModel::Single, marks_oops_alive: false
[868.373s][debug][gc,phases      ] GC(43) Reference Processing 0.112ms
[868.373s][debug][gc,phases      ] GC(43)   VM Weak                        Min:  0.0, Avg:  0.0, Max:  0.0, Diff:  0.0, Sum:  0.0, Workers: 4
[868.373s][debug][gc,phases      ] GC(43)     Dead                           Min: 0, Avg:  0.0, Max: 0, Diff: 0, Sum: 0, Workers: 4
[868.373s][debug][gc,phases      ] GC(43)     Total                          Min: 0, Avg: 255.5, Max: 702, Diff: 702, Sum: 1022, Workers: 4
[868.373s][debug][gc,phases      ] GC(43)   ObjectSynchronizer Weak        Min:  0.0, Avg:  0.0, Max:  0.0, Diff:  0.0, Sum:  0.0, Workers: 4
[868.373s][debug][gc,phases      ] GC(43)     Dead                           Min: 0, Avg:  0.0, Max: 0, Diff: 0, Sum: 0, Workers: 4
[868.373s][debug][gc,phases      ] GC(43)     Total                          Min: 0, Avg:  0.8, Max: 3, Diff: 3, Sum: 3, Workers: 4
[868.373s][debug][gc,phases      ] GC(43)   JVMTI Tag Weak OopStorage      Min:  0.0, Avg:  0.0, Max:  0.0, Diff:  0.0, Sum:  0.0, Workers: 4
[868.373s][debug][gc,phases      ] GC(43)     Dead                           Min: 0, Avg:  0.0, Max: 0, Diff: 0, Sum: 0, Workers: 4
[868.373s][debug][gc,phases      ] GC(43)     Total                          Min: 0, Avg:  0.0, Max: 0, Diff: 0, Sum: 0, Workers: 4
[868.373s][debug][gc,phases      ] GC(43)   StringTable Weak               Min:  0.1, Avg:  0.1, Max:  0.1, Diff:  0.0, Sum:  0.4, Workers: 4
[868.373s][debug][gc,phases      ] GC(43)     Dead                           Min: 0, Avg:  0.5, Max: 2, Diff: 2, Sum: 2, Workers: 4
[868.373s][debug][gc,phases      ] GC(43)     Total                          Min: 10431, Avg: 11539.8, Max: 13055, Diff: 2624, Sum: 46159, Workers: 4
[868.373s][debug][gc,phases      ] GC(43)   ResolvedMethodTable Weak       Min:  0.0, Avg:  0.0, Max:  0.0, Diff:  0.0, Sum:  0.2, Workers: 4
[868.373s][debug][gc,phases      ] GC(43)     Dead                           Min: 0, Avg:  5.2, Max: 21, Diff: 21, Sum: 21, Workers: 4
[868.373s][debug][gc,phases      ] GC(43)     Total                          Min: 3357, Avg: 3806.2, Max: 4258, Diff: 901, Sum: 15225, Workers: 4
[868.373s][debug][gc,phases      ] GC(43)   JNI Weak                       Min:  0.0, Avg:  0.0, Max:  0.0, Diff:  0.0, Sum:  0.0, Workers: 4
[868.373s][debug][gc,phases      ] GC(43)     Dead                           Min: 0, Avg:  0.0, Max: 0, Diff: 0, Sum: 0, Workers: 4
[868.373s][debug][gc,phases      ] GC(43)     Total                          Min: 0, Avg: 13.0, Max: 48, Diff: 48, Sum: 52, Workers: 4
[868.373s][debug][gc,phases      ] GC(43)   StringDedup Table Weak         Min:  0.0, Avg:  0.0, Max:  0.0, Diff:  0.0, Sum:  0.0, Workers: 4
[868.373s][debug][gc,phases      ] GC(43)     Dead                           Min: 0, Avg:  0.0, Max: 0, Diff: 0, Sum: 0, Workers: 4
[868.373s][debug][gc,phases      ] GC(43)     Total                          Min: 0, Avg:  0.0, Max: 0, Diff: 0, Sum: 0, Workers: 4
[868.373s][debug][gc,phases      ] GC(43)   StringDedup Requests0 Weak     Min:  0.0, Avg:  0.0, Max:  0.0, Diff:  0.0, Sum:  0.0, Workers: 4
[868.373s][debug][gc,phases      ] GC(43)     Dead                           Min: 0, Avg:  0.0, Max: 0, Diff: 0, Sum: 0, Workers: 4
[868.373s][debug][gc,phases      ] GC(43)     Total                          Min: 0, Avg:  0.0, Max: 0, Diff: 0, Sum: 0, Workers: 4
[868.373s][debug][gc,phases      ] GC(43)   StringDedup Requests1 Weak     Min:  0.0, Avg:  0.0, Max:  0.0, Diff:  0.0, Sum:  0.0, Workers: 4
[868.373s][debug][gc,phases      ] GC(43)     Dead                           Min: 0, Avg:  0.0, Max: 0, Diff: 0, Sum: 0, Workers: 4
[868.373s][debug][gc,phases      ] GC(43)     Total                          Min: 0, Avg:  0.0, Max: 0, Diff: 0, Sum: 0, Workers: 4
[868.373s][debug][gc,phases      ] GC(43)   Weak JFR Old Object Samples    Min:  0.0, Avg:  0.0, Max:  0.0, Diff:  0.0, Sum:  0.0, Workers: 4
[868.373s][debug][gc,phases      ] GC(43)     Dead                           Min: 0, Avg:  0.0, Max: 0, Diff: 0, Sum: 0, Workers: 4
[868.373s][debug][gc,phases      ] GC(43)     Total                          Min: 0, Avg:  0.0, Max: 0, Diff: 0, Sum: 0, Workers: 4
[868.373s][debug][gc,phases      ] GC(43) Weak Processing 0.385ms
[868.374s][debug][gc,age         ] GC(43) Desired survivor size 55574528 bytes, new threshold 1 (max threshold 15)
[868.374s][info ][gc,heap        ] GC(43) PSYoungGen: 1980640K(2038784K)->4336K(2034688K) Eden: 1976320K(1976320K)->0K(1976320K) From: 4320K(62464K)->4336K(58368K)
[868.374s][info ][gc,heap        ] GC(43) ParOldGen: 294320K(294400K)->295340K(295424K)
[868.374s][info ][gc,metaspace   ] GC(43) Metaspace: 106135K(107456K)->106135K(107456K) NonClass: 90108K(90816K)->90108K(90816K) Class: 16027K(16640K)->16027K(16640K)
[868.374s][info ][gc             ] GC(43) Pause Young (Allocation Failure) 2221M->292M(2275M) 5.064ms
[868.374s][info ][gc,cpu         ] GC(43) User=0.01s Sys=0.00s Real=0.00s
[868.374s][info ][safepoint      ] Safepoint "ParallelGCFailedAllocation", Time since last: 1541041464 ns, Reaching safepoint: 80206 ns, Cleanup: 4101 ns, At safepoint: 5143677 ns, Total: 5227984 ns
[870.374s][info ][safepoint      ] Safepoint "Cleanup", Time since last: 2000161649 ns, Reaching safepoint: 77106 ns, Cleanup: 16201 ns, At safepoint: 6701 ns, Total: 100008 ns
[871.374s][info ][safepoint      ] Safepoint "Cleanup", Time since last: 1000128978 ns, Reaching safepoint: 99407 ns, Cleanup: 15701 ns, At safepoint: 8001 ns, Total: 123109 ns
[873.374s][info ][safepoint      ] Safepoint "Cleanup", Time since last: 2000174896 ns, Reaching safepoint: 6100 ns, Cleanup: 9301 ns, At safepoint: 2600 ns, Total: 18001 ns
[874.375s][info ][safepoint      ] Safepoint "Cleanup", Time since last: 1000118164 ns, Reaching safepoint: 78906 ns, Cleanup: 17301 ns, At safepoint: 7700 ns, Total: 103907 ns
[877.375s][info ][safepoint      ] Safepoint "Cleanup", Time since last: 3000267110 ns, Reaching safepoint: 81206 ns, Cleanup: 15201 ns, At safepoint: 8000 ns, Total: 104407 ns
[878.375s][info ][safepoint      ] Safepoint "Cleanup", Time since last: 1000119566 ns, Reaching safepoint: 6001 ns, Cleanup: 11400 ns, At safepoint: 2101 ns, Total: 19502 ns
[881.375s][info ][safepoint      ] Safepoint "Cleanup", Time since last: 3000255892 ns, Reaching safepoint: 5601 ns, Cleanup: 9401 ns, At safepoint: 2500 ns, Total: 17502 ns
[886.376s][info ][safepoint      ] Safepoint "Cleanup", Time since last: 5000408590 ns, Reaching safepoint: 6300 ns, Cleanup: 11101 ns, At safepoint: 2400 ns, Total: 19801 ns
[890.979s][info ][gc,start       ] GC(44) Pause Young (Allocation Failure)
[890.984s][debug][gc,phases      ] GC(44) Scavenge 4.778ms
[890.984s][debug][gc,ref         ] GC(44) ReferenceProcessor::execute queues: 1, RefProcThreadModel::Single, marks_oops_alive: false
[890.984s][debug][gc,ref         ] GC(44) Skipped KeepAliveFinalRefsPhase of Reference Processing: no references
[890.984s][debug][gc,ref         ] GC(44) ReferenceProcessor::execute queues: 1, RefProcThreadModel::Single, marks_oops_alive: false
[890.984s][debug][gc,phases      ] GC(44) Reference Processing 0.115ms
[890.985s][debug][gc,phases      ] GC(44)   VM Weak                        Min:  0.0, Avg:  0.0, Max:  0.0, Diff:  0.0, Sum:  0.0, Workers: 4
[890.985s][debug][gc,phases      ] GC(44)     Dead                           Min: 0, Avg:  0.0, Max: 0, Diff: 0, Sum: 0, Workers: 4
[890.985s][debug][gc,phases      ] GC(44)     Total                          Min: 0, Avg: 255.5, Max: 958, Diff: 958, Sum: 1022, Workers: 4
[890.985s][debug][gc,phases      ] GC(44)   ObjectSynchronizer Weak        Min:  0.0, Avg:  0.0, Max:  0.0, Diff:  0.0, Sum:  0.0, Workers: 4
[890.985s][debug][gc,phases      ] GC(44)     Dead                           Min: 0, Avg:  0.0, Max: 0, Diff: 0, Sum: 0, Workers: 4
[890.985s][debug][gc,phases      ] GC(44)     Total                          Min: 0, Avg:  1.0, Max: 4, Diff: 4, Sum: 4, Workers: 4
[890.985s][debug][gc,phases      ] GC(44)   JVMTI Tag Weak OopStorage      Min:  0.0, Avg:  0.0, Max:  0.0, Diff:  0.0, Sum:  0.0, Workers: 4
[890.985s][debug][gc,phases      ] GC(44)     Dead                           Min: 0, Avg:  0.0, Max: 0, Diff: 0, Sum: 0, Workers: 4
[890.985s][debug][gc,phases      ] GC(44)     Total                          Min: 0, Avg:  0.0, Max: 0, Diff: 0, Sum: 0, Workers: 4
[890.985s][debug][gc,phases      ] GC(44)   StringTable Weak               Min:  0.0, Avg:  0.1, Max:  0.1, Diff:  0.1, Sum:  0.4, Workers: 4
[890.985s][debug][gc,phases      ] GC(44)     Dead                           Min: 0, Avg:  0.2, Max: 1, Diff: 1, Sum: 1, Workers: 4
[890.985s][debug][gc,phases      ] GC(44)     Total                          Min: 0, Avg: 11541.0, Max: 15871, Diff: 15871, Sum: 46164, Workers: 4
[890.985s][debug][gc,phases      ] GC(44)   ResolvedMethodTable Weak       Min:  0.0, Avg:  0.0, Max:  0.1, Diff:  0.1, Sum:  0.2, Workers: 4
[890.985s][debug][gc,phases      ] GC(44)     Dead                           Min: 0, Avg:  4.2, Max: 17, Diff: 17, Sum: 17, Workers: 4
[890.985s][debug][gc,phases      ] GC(44)     Total                          Min: 0, Avg: 3806.8, Max: 5175, Diff: 5175, Sum: 15227, Workers: 4
[890.985s][debug][gc,phases      ] GC(44)   JNI Weak                       Min:  0.0, Avg:  0.0, Max:  0.0, Diff:  0.0, Sum:  0.0, Workers: 4
[890.985s][debug][gc,phases      ] GC(44)     Dead                           Min: 0, Avg:  0.0, Max: 0, Diff: 0, Sum: 0, Workers: 4
[890.985s][debug][gc,phases      ] GC(44)     Total                          Min: 0, Avg: 13.0, Max: 48, Diff: 48, Sum: 52, Workers: 4
[890.985s][debug][gc,phases      ] GC(44)   StringDedup Table Weak         Min:  0.0, Avg:  0.0, Max:  0.0, Diff:  0.0, Sum:  0.0, Workers: 4
[890.985s][debug][gc,phases      ] GC(44)     Dead                           Min: 0, Avg:  0.0, Max: 0, Diff: 0, Sum: 0, Workers: 4
[890.985s][debug][gc,phases      ] GC(44)     Total                          Min: 0, Avg:  0.0, Max: 0, Diff: 0, Sum: 0, Workers: 4
[890.985s][debug][gc,phases      ] GC(44)   StringDedup Requests0 Weak     Min:  0.0, Avg:  0.0, Max:  0.0, Diff:  0.0, Sum:  0.0, Workers: 4
[890.985s][debug][gc,phases      ] GC(44)     Dead                           Min: 0, Avg:  0.0, Max: 0, Diff: 0, Sum: 0, Workers: 4
[890.985s][debug][gc,phases      ] GC(44)     Total                          Min: 0, Avg:  0.0, Max: 0, Diff: 0, Sum: 0, Workers: 4
[890.985s][debug][gc,phases      ] GC(44)   StringDedup Requests1 Weak     Min:  0.0, Avg:  0.0, Max:  0.0, Diff:  0.0, Sum:  0.0, Workers: 4
[890.985s][debug][gc,phases      ] GC(44)     Dead                           Min: 0, Avg:  0.0, Max: 0, Diff: 0, Sum: 0, Workers: 4
[890.985s][debug][gc,phases      ] GC(44)     Total                          Min: 0, Avg:  0.0, Max: 0, Diff: 0, Sum: 0, Workers: 4
[890.985s][debug][gc,phases      ] GC(44)   Weak JFR Old Object Samples    Min:  0.0, Avg:  0.0, Max:  0.0, Diff:  0.0, Sum:  0.0, Workers: 4
[890.985s][debug][gc,phases      ] GC(44)     Dead                           Min: 0, Avg:  0.0, Max: 0, Diff: 0, Sum: 0, Workers: 4
[890.985s][debug][gc,phases      ] GC(44)     Total                          Min: 0, Avg:  0.0, Max: 0, Diff: 0, Sum: 0, Workers: 4
[890.985s][debug][gc,phases      ] GC(44) Weak Processing 0.446ms
[890.985s][debug][gc,age         ] GC(44) Desired survivor size 51904512 bytes, new threshold 1 (max threshold 15)
[890.985s][info ][gc,heap        ] GC(44) PSYoungGen: 1980656K(2034688K)->4688K(2046464K) Eden: 1976320K(1976320K)->0K(1992192K) From: 4336K(58368K)->4688K(54272K)
[890.985s][info ][gc,heap        ] GC(44) ParOldGen: 295340K(295424K)->296020K(296448K)
[890.985s][info ][gc,metaspace   ] GC(44) Metaspace: 106152K(107456K)->106152K(107456K) NonClass: 90124K(90816K)->90124K(90816K) Class: 16028K(16640K)->16028K(16640K)
[890.985s][info ][gc             ] GC(44) Pause Young (Allocation Failure) 2222M->293M(2288M) 5.482ms
[890.985s][info ][gc,cpu         ] GC(44) User=0.02s Sys=0.01s Real=0.01s
[890.985s][info ][safepoint      ] Safepoint "ParallelGCFailedAllocation", Time since last: 4603645270 ns, Reaching safepoint: 6400 ns, Cleanup: 4401 ns, At safepoint: 5560971 ns, Total: 5571772 ns
[893.985s][info ][safepoint      ] Safepoint "Cleanup", Time since last: 3000271865 ns, Reaching safepoint: 7001 ns, Cleanup: 17501 ns, At safepoint: 2500 ns, Total: 27002 ns
[902.304s][info ][safepoint      ] Safepoint "Cleanup", Time since last: 8318250746 ns, Reaching safepoint: 11101 ns, Cleanup: 29602 ns, At safepoint: 28902 ns, Total: 69605 ns
[903.304s][info ][safepoint      ] Safepoint "Cleanup", Time since last: 1000118624 ns, Reaching safepoint: 8301 ns, Cleanup: 13201 ns, At safepoint: 2400 ns, Total: 23902 ns
[906.304s][info ][safepoint      ] Safepoint "Cleanup", Time since last: 3000258448 ns, Reaching safepoint: 7701 ns, Cleanup: 14701 ns, At safepoint: 2800 ns, Total: 25202 ns
[914.305s][info ][safepoint      ] Safepoint "Cleanup", Time since last: 8000612488 ns, Reaching safepoint: 8501 ns, Cleanup: 59904 ns, At safepoint: 2200 ns, Total: 70605 ns
[914.372s][info ][gc,start       ] GC(45) Pause Young (Allocation Failure)
[914.377s][debug][gc,phases      ] GC(45) Scavenge 4.399ms
[914.377s][debug][gc,ref         ] GC(45) ReferenceProcessor::execute queues: 1, RefProcThreadModel::Single, marks_oops_alive: false
[914.377s][debug][gc,ref         ] GC(45) Skipped KeepAliveFinalRefsPhase of Reference Processing: no references
[914.377s][debug][gc,ref         ] GC(45) ReferenceProcessor::execute queues: 1, RefProcThreadModel::Single, marks_oops_alive: false
[914.377s][debug][gc,phases      ] GC(45) Reference Processing 0.114ms
[914.377s][debug][gc,phases      ] GC(45)   VM Weak                        Min:  0.0, Avg:  0.0, Max:  0.0, Diff:  0.0, Sum:  0.0, Workers: 4
[914.377s][debug][gc,phases      ] GC(45)     Dead                           Min: 0, Avg:  0.0, Max: 0, Diff: 0, Sum: 0, Workers: 4
[914.377s][debug][gc,phases      ] GC(45)     Total                          Min: 0, Avg: 255.5, Max: 960, Diff: 960, Sum: 1022, Workers: 4
[914.377s][debug][gc,phases      ] GC(45)   ObjectSynchronizer Weak        Min:  0.0, Avg:  0.0, Max:  0.0, Diff:  0.0, Sum:  0.0, Workers: 4
[914.377s][debug][gc,phases      ] GC(45)     Dead                           Min: 0, Avg:  0.0, Max: 0, Diff: 0, Sum: 0, Workers: 4
[914.377s][debug][gc,phases      ] GC(45)     Total                          Min: 0, Avg:  0.8, Max: 3, Diff: 3, Sum: 3, Workers: 4
[914.377s][debug][gc,phases      ] GC(45)   JVMTI Tag Weak OopStorage      Min:  0.0, Avg:  0.0, Max:  0.0, Diff:  0.0, Sum:  0.0, Workers: 4
[914.377s][debug][gc,phases      ] GC(45)     Dead                           Min: 0, Avg:  0.0, Max: 0, Diff: 0, Sum: 0, Workers: 4
[914.377s][debug][gc,phases      ] GC(45)     Total                          Min: 0, Avg:  0.0, Max: 0, Diff: 0, Sum: 0, Workers: 4
[914.377s][debug][gc,phases      ] GC(45)   StringTable Weak               Min:  0.0, Avg:  0.1, Max:  0.1, Diff:  0.1, Sum:  0.4, Workers: 4
[914.377s][debug][gc,phases      ] GC(45)     Dead                           Min: 0, Avg:  0.0, Max: 0, Diff: 0, Sum: 0, Workers: 4
[914.377s][debug][gc,phases      ] GC(45)     Total                          Min: 0, Avg: 11544.0, Max: 16482, Diff: 16482, Sum: 46176, Workers: 4
[914.377s][debug][gc,phases      ] GC(45)   ResolvedMethodTable Weak       Min:  0.0, Avg:  0.0, Max:  0.0, Diff:  0.0, Sum:  0.1, Workers: 4
[914.377s][debug][gc,phases      ] GC(45)     Dead                           Min: 0, Avg:  4.0, Max: 16, Diff: 16, Sum: 16, Workers: 4
[914.377s][debug][gc,phases      ] GC(45)     Total                          Min: 0, Avg: 3806.8, Max: 5179, Diff: 5179, Sum: 15227, Workers: 4
[914.377s][debug][gc,phases      ] GC(45)   JNI Weak                       Min:  0.0, Avg:  0.0, Max:  0.0, Diff:  0.0, Sum:  0.0, Workers: 4
[914.377s][debug][gc,phases      ] GC(45)     Dead                           Min: 0, Avg:  0.0, Max: 0, Diff: 0, Sum: 0, Workers: 4
[914.377s][debug][gc,phases      ] GC(45)     Total                          Min: 0, Avg: 13.0, Max: 48, Diff: 48, Sum: 52, Workers: 4
[914.377s][debug][gc,phases      ] GC(45)   StringDedup Table Weak         Min:  0.0, Avg:  0.0, Max:  0.0, Diff:  0.0, Sum:  0.0, Workers: 4
[914.377s][debug][gc,phases      ] GC(45)     Dead                           Min: 0, Avg:  0.0, Max: 0, Diff: 0, Sum: 0, Workers: 4
[914.377s][debug][gc,phases      ] GC(45)     Total                          Min: 0, Avg:  0.0, Max: 0, Diff: 0, Sum: 0, Workers: 4
[914.377s][debug][gc,phases      ] GC(45)   StringDedup Requests0 Weak     Min:  0.0, Avg:  0.0, Max:  0.0, Diff:  0.0, Sum:  0.0, Workers: 4
[914.377s][debug][gc,phases      ] GC(45)     Dead                           Min: 0, Avg:  0.0, Max: 0, Diff: 0, Sum: 0, Workers: 4
[914.377s][debug][gc,phases      ] GC(45)     Total                          Min: 0, Avg:  0.0, Max: 0, Diff: 0, Sum: 0, Workers: 4
[914.377s][debug][gc,phases      ] GC(45)   StringDedup Requests1 Weak     Min:  0.0, Avg:  0.0, Max:  0.0, Diff:  0.0, Sum:  0.0, Workers: 4
[914.377s][debug][gc,phases      ] GC(45)     Dead                           Min: 0, Avg:  0.0, Max: 0, Diff: 0, Sum: 0, Workers: 4
[914.377s][debug][gc,phases      ] GC(45)     Total                          Min: 0, Avg:  0.0, Max: 0, Diff: 0, Sum: 0, Workers: 4
[914.377s][debug][gc,phases      ] GC(45)   Weak JFR Old Object Samples    Min:  0.0, Avg:  0.0, Max:  0.0, Diff:  0.0, Sum:  0.0, Workers: 4
[914.377s][debug][gc,phases      ] GC(45)     Dead                           Min: 0, Avg:  0.0, Max: 0, Diff: 0, Sum: 0, Workers: 4
[914.377s][debug][gc,phases      ] GC(45)     Total                          Min: 0, Avg:  0.0, Max: 0, Diff: 0, Sum: 0, Workers: 4
[914.377s][debug][gc,phases      ] GC(45) Weak Processing 0.423ms
[914.377s][debug][gc,age         ] GC(45) Desired survivor size 48234496 bytes, new threshold 1 (max threshold 15)
[914.377s][info ][gc,heap        ] GC(45) PSYoungGen: 1996880K(2046464K)->4256K(2042880K) Eden: 1992192K(1992192K)->0K(1992192K) From: 4688K(54272K)->4256K(50688K)
[914.377s][info ][gc,heap        ] GC(45) ParOldGen: 296020K(296448K)->297208K(297472K)
[914.377s][info ][gc,metaspace   ] GC(45) Metaspace: 106175K(107520K)->106175K(107520K) NonClass: 90147K(90880K)->90147K(90880K) Class: 16028K(16640K)->16028K(16640K)
[914.377s][info ][gc             ] GC(45) Pause Young (Allocation Failure) 2239M->294M(2285M) 5.078ms
[914.377s][info ][gc,cpu         ] GC(45) User=0.02s Sys=0.00s Real=0.01s
[914.377s][info ][safepoint      ] Safepoint "ParallelGCFailedAllocation", Time since last: 67536918 ns, Reaching safepoint: 6101 ns, Cleanup: 4300 ns, At safepoint: 5151252 ns, Total: 5161653 ns
[922.378s][info ][safepoint      ] Safepoint "Cleanup", Time since last: 8000615901 ns, Reaching safepoint: 83506 ns, Cleanup: 9901 ns, At safepoint: 6801 ns, Total: 100208 ns
[926.379s][info ][safepoint      ] Safepoint "Cleanup", Time since last: 4000416550 ns, Reaching safepoint: 92507 ns, Cleanup: 33102 ns, At safepoint: 8001 ns, Total: 133610 ns
[927.379s][info ][safepoint      ] Safepoint "Cleanup", Time since last: 1000118964 ns, Reaching safepoint: 5800 ns, Cleanup: 19001 ns, At safepoint: 2701 ns, Total: 27502 ns
[930.379s][info ][safepoint      ] Safepoint "Cleanup", Time since last: 3000254822 ns, Reaching safepoint: 7601 ns, Cleanup: 12701 ns, At safepoint: 3000 ns, Total: 23302 ns
[934.379s][info ][safepoint      ] Safepoint "Cleanup", Time since last: 4000363161 ns, Reaching safepoint: 7100 ns, Cleanup: 16501 ns, At safepoint: 2500 ns, Total: 26101 ns
[935.380s][info ][safepoint      ] Safepoint "Cleanup", Time since last: 1000142969 ns, Reaching safepoint: 7101 ns, Cleanup: 11801 ns, At safepoint: 2300 ns, Total: 21202 ns
[936.380s][info ][safepoint      ] Safepoint "Cleanup", Time since last: 1000110431 ns, Reaching safepoint: 7000 ns, Cleanup: 24502 ns, At safepoint: 2400 ns, Total: 33902 ns
[937.380s][info ][safepoint      ] Safepoint "Cleanup", Time since last: 1000113289 ns, Reaching safepoint: 7200 ns, Cleanup: 11801 ns, At safepoint: 2900 ns, Total: 21901 ns
[938.380s][info ][safepoint      ] Safepoint "Cleanup", Time since last: 1000118690 ns, Reaching safepoint: 7200 ns, Cleanup: 13401 ns, At safepoint: 3000 ns, Total: 23601 ns
[938.384s][info ][gc,start       ] GC(46) Pause Young (Allocation Failure)
[938.389s][debug][gc,phases      ] GC(46) Scavenge 4.623ms
[938.389s][debug][gc,ref         ] GC(46) ReferenceProcessor::execute queues: 1, RefProcThreadModel::Single, marks_oops_alive: false
[938.389s][debug][gc,ref         ] GC(46) Skipped KeepAliveFinalRefsPhase of Reference Processing: no references
[938.389s][debug][gc,ref         ] GC(46) ReferenceProcessor::execute queues: 1, RefProcThreadModel::Single, marks_oops_alive: false
[938.389s][debug][gc,phases      ] GC(46) Reference Processing 0.139ms
[938.390s][debug][gc,phases      ] GC(46)   VM Weak                        Min:  0.0, Avg:  0.0, Max:  0.0, Diff:  0.0, Sum:  0.0, Workers: 4
[938.390s][debug][gc,phases      ] GC(46)     Dead                           Min: 0, Avg:  0.0, Max: 0, Diff: 0, Sum: 0, Workers: 4
[938.390s][debug][gc,phases      ] GC(46)     Total                          Min: 0, Avg: 255.5, Max: 574, Diff: 574, Sum: 1022, Workers: 4
[938.390s][debug][gc,phases      ] GC(46)   ObjectSynchronizer Weak        Min:  0.0, Avg:  0.0, Max:  0.0, Diff:  0.0, Sum:  0.0, Workers: 4
[938.390s][debug][gc,phases      ] GC(46)     Dead                           Min: 0, Avg:  0.0, Max: 0, Diff: 0, Sum: 0, Workers: 4
[938.390s][debug][gc,phases      ] GC(46)     Total                          Min: 0, Avg:  1.0, Max: 4, Diff: 4, Sum: 4, Workers: 4
[938.390s][debug][gc,phases      ] GC(46)   JVMTI Tag Weak OopStorage      Min:  0.0, Avg:  0.0, Max:  0.0, Diff:  0.0, Sum:  0.0, Workers: 4
[938.390s][debug][gc,phases      ] GC(46)     Dead                           Min: 0, Avg:  0.0, Max: 0, Diff: 0, Sum: 0, Workers: 4
[938.390s][debug][gc,phases      ] GC(46)     Total                          Min: 0, Avg:  0.0, Max: 0, Diff: 0, Sum: 0, Workers: 4
[938.390s][debug][gc,phases      ] GC(46)   StringTable Weak               Min:  0.0, Avg:  0.1, Max:  0.1, Diff:  0.1, Sum:  0.4, Workers: 4
[938.390s][debug][gc,phases      ] GC(46)     Dead                           Min: 0, Avg:  0.2, Max: 1, Diff: 1, Sum: 1, Workers: 4
[938.390s][debug][gc,phases      ] GC(46)     Total                          Min: 0, Avg: 11544.5, Max: 16356, Diff: 16356, Sum: 46178, Workers: 4
[938.390s][debug][gc,phases      ] GC(46)   ResolvedMethodTable Weak       Min:  0.0, Avg:  0.1, Max:  0.1, Diff:  0.1, Sum:  0.2, Workers: 4
[938.390s][debug][gc,phases      ] GC(46)     Dead                           Min: 0, Avg:  4.2, Max: 16, Diff: 16, Sum: 17, Workers: 4
[938.390s][debug][gc,phases      ] GC(46)     Total                          Min: 1240, Avg: 3807.2, Max: 6534, Diff: 5294, Sum: 15229, Workers: 4
[938.390s][debug][gc,phases      ] GC(46)   JNI Weak                       Min:  0.0, Avg:  0.0, Max:  0.0, Diff:  0.0, Sum:  0.0, Workers: 4
[938.390s][debug][gc,phases      ] GC(46)     Dead                           Min: 0, Avg:  0.0, Max: 0, Diff: 0, Sum: 0, Workers: 4
[938.390s][debug][gc,phases      ] GC(46)     Total                          Min: 0, Avg: 13.0, Max: 48, Diff: 48, Sum: 52, Workers: 4
[938.390s][debug][gc,phases      ] GC(46)   StringDedup Table Weak         Min:  0.0, Avg:  0.0, Max:  0.0, Diff:  0.0, Sum:  0.0, Workers: 4
[938.390s][debug][gc,phases      ] GC(46)     Dead                           Min: 0, Avg:  0.0, Max: 0, Diff: 0, Sum: 0, Workers: 4
[938.390s][debug][gc,phases      ] GC(46)     Total                          Min: 0, Avg:  0.0, Max: 0, Diff: 0, Sum: 0, Workers: 4
[938.390s][debug][gc,phases      ] GC(46)   StringDedup Requests0 Weak     Min:  0.0, Avg:  0.0, Max:  0.0, Diff:  0.0, Sum:  0.0, Workers: 4
[938.390s][debug][gc,phases      ] GC(46)     Dead                           Min: 0, Avg:  0.0, Max: 0, Diff: 0, Sum: 0, Workers: 4
[938.390s][debug][gc,phases      ] GC(46)     Total                          Min: 0, Avg:  0.0, Max: 0, Diff: 0, Sum: 0, Workers: 4
[938.390s][debug][gc,phases      ] GC(46)   StringDedup Requests1 Weak     Min:  0.0, Avg:  0.0, Max:  0.0, Diff:  0.0, Sum:  0.0, Workers: 4
[938.390s][debug][gc,phases      ] GC(46)     Dead                           Min: 0, Avg:  0.0, Max: 0, Diff: 0, Sum: 0, Workers: 4
[938.390s][debug][gc,phases      ] GC(46)     Total                          Min: 0, Avg:  0.0, Max: 0, Diff: 0, Sum: 0, Workers: 4
[938.390s][debug][gc,phases      ] GC(46)   Weak JFR Old Object Samples    Min:  0.0, Avg:  0.0, Max:  0.0, Diff:  0.0, Sum:  0.0, Workers: 4
[938.390s][debug][gc,phases      ] GC(46)     Dead                           Min: 0, Avg:  0.0, Max: 0, Diff: 0, Sum: 0, Workers: 4
[938.390s][debug][gc,phases      ] GC(46)     Total                          Min: 0, Avg:  0.0, Max: 0, Diff: 0, Sum: 0, Workers: 4
[938.390s][debug][gc,phases      ] GC(46) Weak Processing 0.505ms
[938.390s][debug][gc,age         ] GC(46) Desired survivor size 45088768 bytes, new threshold 1 (max threshold 15)
[938.390s][info ][gc,heap        ] GC(46) PSYoungGen: 1996448K(2042880K)->4670K(2053120K) Eden: 1992192K(1992192K)->0K(2006016K) From: 4256K(50688K)->4670K(47104K)
[938.390s][info ][gc,heap        ] GC(46) ParOldGen: 297208K(297472K)->297920K(297984K)
[938.390s][info ][gc,metaspace   ] GC(46) Metaspace: 106184K(107520K)->106184K(107520K) NonClass: 90155K(90880K)->90155K(90880K) Class: 16029K(16640K)->16029K(16640K)
[938.390s][info ][gc             ] GC(46) Pause Young (Allocation Failure) 2239M->295M(2296M) 5.416ms
[938.390s][info ][gc,cpu         ] GC(46) User=0.02s Sys=0.00s Real=0.00s
[938.390s][info ][safepoint      ] Safepoint "ParallelGCFailedAllocation", Time since last: 4365800 ns, Reaching safepoint: 2200 ns, Cleanup: 1800 ns, At safepoint: 5502278 ns, Total: 5506278 ns
[939.390s][info ][safepoint      ] Safepoint "Cleanup", Time since last: 1000099888 ns, Reaching safepoint: 9601 ns, Cleanup: 14801 ns, At safepoint: 3300 ns, Total: 27702 ns
[941.390s][info ][safepoint      ] Safepoint "Cleanup", Time since last: 2000200277 ns, Reaching safepoint: 8200 ns, Cleanup: 14701 ns, At safepoint: 2600 ns, Total: 25501 ns
[942.390s][info ][safepoint      ] Safepoint "Cleanup", Time since last: 1000132891 ns, Reaching safepoint: 7600 ns, Cleanup: 16401 ns, At safepoint: 2700 ns, Total: 26701 ns
[943.391s][info ][safepoint      ] Safepoint "Cleanup", Time since last: 1000116990 ns, Reaching safepoint: 9800 ns, Cleanup: 19702 ns, At safepoint: 3900 ns, Total: 33402 ns
[945.391s][info ][safepoint      ] Safepoint "Cleanup", Time since last: 2000196110 ns, Reaching safepoint: 8601 ns, Cleanup: 16801 ns, At safepoint: 2900 ns, Total: 28302 ns
[946.391s][info ][safepoint      ] Safepoint "Cleanup", Time since last: 1000110909 ns, Reaching safepoint: 5701 ns, Cleanup: 7900 ns, At safepoint: 2400 ns, Total: 16001 ns
[950.391s][info ][safepoint      ] Safepoint "Cleanup", Time since last: 4000315627 ns, Reaching safepoint: 8100 ns, Cleanup: 10901 ns, At safepoint: 2500 ns, Total: 21501 ns
[954.392s][info ][safepoint      ] Safepoint "Cleanup", Time since last: 4000357878 ns, Reaching safepoint: 7401 ns, Cleanup: 9800 ns, At safepoint: 2700 ns, Total: 19901 ns
[955.392s][info ][safepoint      ] Safepoint "Cleanup", Time since last: 1000116645 ns, Reaching safepoint: 9001 ns, Cleanup: 11800 ns, At safepoint: 3301 ns, Total: 24102 ns
[956.392s][info ][safepoint      ] Safepoint "Cleanup", Time since last: 1000124445 ns, Reaching safepoint: 9000 ns, Cleanup: 17902 ns, At safepoint: 3500 ns, Total: 30402 ns
[959.392s][info ][safepoint      ] Safepoint "Cleanup", Time since last: 3000278529 ns, Reaching safepoint: 9201 ns, Cleanup: 14301 ns, At safepoint: 3200 ns, Total: 26702 ns
[961.178s][info ][gc,start       ] GC(47) Pause Young (Allocation Failure)
[961.183s][debug][gc,phases      ] GC(47) Scavenge 5.198ms
[961.183s][debug][gc,ref         ] GC(47) ReferenceProcessor::execute queues: 1, RefProcThreadModel::Single, marks_oops_alive: false
[961.183s][debug][gc,ref         ] GC(47) Skipped KeepAliveFinalRefsPhase of Reference Processing: no references
[961.183s][debug][gc,ref         ] GC(47) Skipped PhantomRefsPhase of Reference Processing: no references
[961.183s][debug][gc,phases      ] GC(47) Reference Processing 0.117ms
[961.183s][debug][gc,phases      ] GC(47)   VM Weak                        Min:  0.0, Avg:  0.0, Max:  0.0, Diff:  0.0, Sum:  0.0, Workers: 4
[961.183s][debug][gc,phases      ] GC(47)     Dead                           Min: 0, Avg:  0.0, Max: 0, Diff: 0, Sum: 0, Workers: 4
[961.183s][debug][gc,phases      ] GC(47)     Total                          Min: 0, Avg: 255.5, Max: 702, Diff: 702, Sum: 1022, Workers: 4
[961.183s][debug][gc,phases      ] GC(47)   ObjectSynchronizer Weak        Min:  0.0, Avg:  0.0, Max:  0.0, Diff:  0.0, Sum:  0.0, Workers: 4
[961.183s][debug][gc,phases      ] GC(47)     Dead                           Min: 0, Avg:  0.0, Max: 0, Diff: 0, Sum: 0, Workers: 4
[961.183s][debug][gc,phases      ] GC(47)     Total                          Min: 0, Avg:  1.0, Max: 4, Diff: 4, Sum: 4, Workers: 4
[961.183s][debug][gc,phases      ] GC(47)   JVMTI Tag Weak OopStorage      Min:  0.0, Avg:  0.0, Max:  0.0, Diff:  0.0, Sum:  0.0, Workers: 4
[961.183s][debug][gc,phases      ] GC(47)     Dead                           Min: 0, Avg:  0.0, Max: 0, Diff: 0, Sum: 0, Workers: 4
[961.183s][debug][gc,phases      ] GC(47)     Total                          Min: 0, Avg:  0.0, Max: 0, Diff: 0, Sum: 0, Workers: 4
[961.183s][debug][gc,phases      ] GC(47)   StringTable Weak               Min:  0.0, Avg:  0.1, Max:  0.2, Diff:  0.2, Sum:  0.4, Workers: 4
[961.183s][debug][gc,phases      ] GC(47)     Dead                           Min: 0, Avg:  0.0, Max: 0, Diff: 0, Sum: 0, Workers: 4
[961.183s][debug][gc,phases      ] GC(47)     Total                          Min: 0, Avg: 11544.5, Max: 16064, Diff: 16064, Sum: 46178, Workers: 4
[961.183s][debug][gc,phases      ] GC(47)   ResolvedMethodTable Weak       Min:  0.0, Avg:  0.0, Max:  0.1, Diff:  0.1, Sum:  0.2, Workers: 4
[961.183s][debug][gc,phases      ] GC(47)     Dead                           Min: 0, Avg:  4.0, Max: 16, Diff: 16, Sum: 16, Workers: 4
[961.183s][debug][gc,phases      ] GC(47)     Total                          Min: 0, Avg: 3807.2, Max: 5265, Diff: 5265, Sum: 15229, Workers: 4
[961.183s][debug][gc,phases      ] GC(47)   JNI Weak                       Min:  0.0, Avg:  0.0, Max:  0.0, Diff:  0.0, Sum:  0.0, Workers: 4
[961.183s][debug][gc,phases      ] GC(47)     Dead                           Min: 0, Avg:  0.0, Max: 0, Diff: 0, Sum: 0, Workers: 4
[961.183s][debug][gc,phases      ] GC(47)     Total                          Min: 0, Avg: 13.0, Max: 48, Diff: 48, Sum: 52, Workers: 4
[961.184s][debug][gc,phases      ] GC(47)   StringDedup Table Weak         Min:  0.0, Avg:  0.0, Max:  0.0, Diff:  0.0, Sum:  0.0, Workers: 4
[961.184s][debug][gc,phases      ] GC(47)     Dead                           Min: 0, Avg:  0.0, Max: 0, Diff: 0, Sum: 0, Workers: 4
[961.184s][debug][gc,phases      ] GC(47)     Total                          Min: 0, Avg:  0.0, Max: 0, Diff: 0, Sum: 0, Workers: 4
[961.184s][debug][gc,phases      ] GC(47)   StringDedup Requests0 Weak     Min:  0.0, Avg:  0.0, Max:  0.0, Diff:  0.0, Sum:  0.0, Workers: 4
[961.184s][debug][gc,phases      ] GC(47)     Dead                           Min: 0, Avg:  0.0, Max: 0, Diff: 0, Sum: 0, Workers: 4
[961.184s][debug][gc,phases      ] GC(47)     Total                          Min: 0, Avg:  0.0, Max: 0, Diff: 0, Sum: 0, Workers: 4
[961.184s][debug][gc,phases      ] GC(47)   StringDedup Requests1 Weak     Min:  0.0, Avg:  0.0, Max:  0.0, Diff:  0.0, Sum:  0.0, Workers: 4
[961.184s][debug][gc,phases      ] GC(47)     Dead                           Min: 0, Avg:  0.0, Max: 0, Diff: 0, Sum: 0, Workers: 4
[961.184s][debug][gc,phases      ] GC(47)     Total                          Min: 0, Avg:  0.0, Max: 0, Diff: 0, Sum: 0, Workers: 4
[961.184s][debug][gc,phases      ] GC(47)   Weak JFR Old Object Samples    Min:  0.0, Avg:  0.0, Max:  0.0, Diff:  0.0, Sum:  0.0, Workers: 4
[961.184s][debug][gc,phases      ] GC(47)     Dead                           Min: 0, Avg:  0.0, Max: 0, Diff: 0, Sum: 0, Workers: 4
[961.184s][debug][gc,phases      ] GC(47)     Total                          Min: 0, Avg:  0.0, Max: 0, Diff: 0, Sum: 0, Workers: 4
[961.184s][debug][gc,phases      ] GC(47) Weak Processing 0.451ms
[961.184s][debug][gc,age         ] GC(47) Desired survivor size 41943040 bytes, new threshold 1 (max threshold 15)
[961.184s][info ][gc,heap        ] GC(47) PSYoungGen: 2010686K(2053120K)->4800K(2050048K) Eden: 2006016K(2006016K)->0K(2006016K) From: 4670K(47104K)->4800K(44032K)
[961.184s][info ][gc,heap        ] GC(47) ParOldGen: 297920K(297984K)->298774K(299008K)
[961.184s][info ][gc,metaspace   ] GC(47) Metaspace: 106201K(107520K)->106201K(107520K) NonClass: 90171K(90880K)->90171K(90880K) Class: 16029K(16640K)->16029K(16640K)
[961.184s][info ][gc             ] GC(47) Pause Young (Allocation Failure) 2254M->296M(2294M) 5.909ms
[961.184s][info ][gc,cpu         ] GC(47) User=0.02s Sys=0.00s Real=0.01s
[961.184s][info ][safepoint      ] Safepoint "ParallelGCFailedAllocation", Time since last: 1785405169 ns, Reaching safepoint: 7201 ns, Cleanup: 15401 ns, At safepoint: 5985523 ns, Total: 6008125 ns
[962.184s][info ][safepoint      ] Safepoint "Cleanup", Time since last: 1000095467 ns, Reaching safepoint: 7200 ns, Cleanup: 15701 ns, At safepoint: 2100 ns, Total: 25001 ns
[963.184s][info ][safepoint      ] Safepoint "Cleanup", Time since last: 1000124968 ns, Reaching safepoint: 7701 ns, Cleanup: 17101 ns, At safepoint: 2700 ns, Total: 27502 ns
[964.184s][info ][safepoint      ] Safepoint "Cleanup", Time since last: 1000116968 ns, Reaching safepoint: 7300 ns, Cleanup: 10401 ns, At safepoint: 2800 ns, Total: 20501 ns
[965.184s][info ][safepoint      ] Safepoint "Cleanup", Time since last: 1000114068 ns, Reaching safepoint: 6200 ns, Cleanup: 7701 ns, At safepoint: 2600 ns, Total: 16501 ns
[972.185s][info ][safepoint      ] Safepoint "Cleanup", Time since last: 7000536302 ns, Reaching safepoint: 6401 ns, Cleanup: 12201 ns, At safepoint: 2500 ns, Total: 21102 ns
[974.185s][info ][safepoint      ] Safepoint "Cleanup", Time since last: 2000396488 ns, Reaching safepoint: 7701 ns, Cleanup: 11100 ns, At safepoint: 3001 ns, Total: 21802 ns
[978.186s][info ][safepoint      ] Safepoint "Cleanup", Time since last: 4000352396 ns, Reaching safepoint: 7101 ns, Cleanup: 14601 ns, At safepoint: 3500 ns, Total: 25202 ns
[980.186s][info ][safepoint      ] Safepoint "Cleanup", Time since last: 2000626478 ns, Reaching safepoint: 8000 ns, Cleanup: 14101 ns, At safepoint: 3100 ns, Total: 25201 ns
[982.186s][info ][safepoint      ] Safepoint "Cleanup", Time since last: 2000215650 ns, Reaching safepoint: 7501 ns, Cleanup: 11201 ns, At safepoint: 2600 ns, Total: 21302 ns
[983.962s][info ][gc,start       ] GC(48) Pause Young (Allocation Failure)
[983.967s][debug][gc,phases      ] GC(48) Scavenge 5.435ms
[983.968s][debug][gc,ref         ] GC(48) ReferenceProcessor::execute queues: 1, RefProcThreadModel::Single, marks_oops_alive: false
[983.968s][debug][gc,ref         ] GC(48) Skipped KeepAliveFinalRefsPhase of Reference Processing: no references
[983.968s][debug][gc,ref         ] GC(48) ReferenceProcessor::execute queues: 1, RefProcThreadModel::Single, marks_oops_alive: false
[983.968s][debug][gc,phases      ] GC(48) Reference Processing 0.114ms
[983.968s][debug][gc,phases      ] GC(48)   VM Weak                        Min:  0.0, Avg:  0.0, Max:  0.0, Diff:  0.0, Sum:  0.0, Workers: 4
[983.968s][debug][gc,phases      ] GC(48)     Dead                           Min: 0, Avg:  0.0, Max: 0, Diff: 0, Sum: 0, Workers: 4
[983.968s][debug][gc,phases      ] GC(48)     Total                          Min: 0, Avg: 255.5, Max: 640, Diff: 640, Sum: 1022, Workers: 4
[983.968s][debug][gc,phases      ] GC(48)   ObjectSynchronizer Weak        Min:  0.0, Avg:  0.0, Max:  0.0, Diff:  0.0, Sum:  0.0, Workers: 4
[983.968s][debug][gc,phases      ] GC(48)     Dead                           Min: 0, Avg:  0.0, Max: 0, Diff: 0, Sum: 0, Workers: 4
[983.968s][debug][gc,phases      ] GC(48)     Total                          Min: 0, Avg:  1.0, Max: 4, Diff: 4, Sum: 4, Workers: 4
[983.968s][debug][gc,phases      ] GC(48)   JVMTI Tag Weak OopStorage      Min:  0.0, Avg:  0.0, Max:  0.0, Diff:  0.0, Sum:  0.0, Workers: 4
[983.968s][debug][gc,phases      ] GC(48)     Dead                           Min: 0, Avg:  0.0, Max: 0, Diff: 0, Sum: 0, Workers: 4
[983.968s][debug][gc,phases      ] GC(48)     Total                          Min: 0, Avg:  0.0, Max: 0, Diff: 0, Sum: 0, Workers: 4
[983.968s][debug][gc,phases      ] GC(48)   StringTable Weak               Min:  0.0, Avg:  0.1, Max:  0.1, Diff:  0.1, Sum:  0.4, Workers: 4
[983.968s][debug][gc,phases      ] GC(48)     Dead                           Min: 0, Avg:  0.0, Max: 0, Diff: 0, Sum: 0, Workers: 4
[983.968s][debug][gc,phases      ] GC(48)     Total                          Min: 0, Avg: 11545.8, Max: 16703, Diff: 16703, Sum: 46183, Workers: 4
[983.968s][debug][gc,phases      ] GC(48)   ResolvedMethodTable Weak       Min:  0.0, Avg:  0.0, Max:  0.0, Diff:  0.0, Sum:  0.1, Workers: 4
[983.968s][debug][gc,phases      ] GC(48)     Dead                           Min: 0, Avg:  4.0, Max: 16, Diff: 16, Sum: 16, Workers: 4
[983.968s][debug][gc,phases      ] GC(48)     Total                          Min: 0, Avg: 3807.8, Max: 5456, Diff: 5456, Sum: 15231, Workers: 4
[983.968s][debug][gc,phases      ] GC(48)   JNI Weak                       Min:  0.0, Avg:  0.0, Max:  0.0, Diff:  0.0, Sum:  0.0, Workers: 4
[983.968s][debug][gc,phases      ] GC(48)     Dead                           Min: 0, Avg:  0.0, Max: 0, Diff: 0, Sum: 0, Workers: 4
[983.968s][debug][gc,phases      ] GC(48)     Total                          Min: 0, Avg: 13.0, Max: 48, Diff: 48, Sum: 52, Workers: 4
[983.968s][debug][gc,phases      ] GC(48)   StringDedup Table Weak         Min:  0.0, Avg:  0.0, Max:  0.0, Diff:  0.0, Sum:  0.0, Workers: 4
[983.968s][debug][gc,phases      ] GC(48)     Dead                           Min: 0, Avg:  0.0, Max: 0, Diff: 0, Sum: 0, Workers: 4
[983.968s][debug][gc,phases      ] GC(48)     Total                          Min: 0, Avg:  0.0, Max: 0, Diff: 0, Sum: 0, Workers: 4
[983.968s][debug][gc,phases      ] GC(48)   StringDedup Requests0 Weak     Min:  0.0, Avg:  0.0, Max:  0.0, Diff:  0.0, Sum:  0.0, Workers: 4
[983.968s][debug][gc,phases      ] GC(48)     Dead                           Min: 0, Avg:  0.0, Max: 0, Diff: 0, Sum: 0, Workers: 4
[983.968s][debug][gc,phases      ] GC(48)     Total                          Min: 0, Avg:  0.0, Max: 0, Diff: 0, Sum: 0, Workers: 4
[983.968s][debug][gc,phases      ] GC(48)   StringDedup Requests1 Weak     Min:  0.0, Avg:  0.0, Max:  0.0, Diff:  0.0, Sum:  0.0, Workers: 4
[983.968s][debug][gc,phases      ] GC(48)     Dead                           Min: 0, Avg:  0.0, Max: 0, Diff: 0, Sum: 0, Workers: 4
[983.968s][debug][gc,phases      ] GC(48)     Total                          Min: 0, Avg:  0.0, Max: 0, Diff: 0, Sum: 0, Workers: 4
[983.968s][debug][gc,phases      ] GC(48)   Weak JFR Old Object Samples    Min:  0.0, Avg:  0.0, Max:  0.0, Diff:  0.0, Sum:  0.0, Workers: 4
[983.968s][debug][gc,phases      ] GC(48)     Dead                           Min: 0, Avg:  0.0, Max: 0, Diff: 0, Sum: 0, Workers: 4
[983.968s][debug][gc,phases      ] GC(48)     Total                          Min: 0, Avg:  0.0, Max: 0, Diff: 0, Sum: 0, Workers: 4
[983.968s][debug][gc,phases      ] GC(48) Weak Processing 0.414ms
[983.968s][debug][gc,age         ] GC(48) Desired survivor size 38797312 bytes, new threshold 1 (max threshold 15)
[983.968s][info ][gc,heap        ] GC(48) PSYoungGen: 2010816K(2050048K)->5589K(2059264K) Eden: 2006016K(2006016K)->0K(2018304K) From: 4800K(44032K)->5589K(40960K)
[983.968s][info ][gc,heap        ] GC(48) ParOldGen: 298774K(299008K)->299550K(300032K)
[983.968s][info ][gc,metaspace   ] GC(48) Metaspace: 106214K(107520K)->106214K(107520K) NonClass: 90184K(90880K)->90184K(90880K) Class: 16029K(16640K)->16029K(16640K)
[983.968s][info ][gc             ] GC(48) Pause Young (Allocation Failure) 2255M->297M(2304M) 6.105ms
[983.968s][info ][gc,cpu         ] GC(48) User=0.02s Sys=0.00s Real=0.01s
[983.968s][info ][safepoint      ] Safepoint "ParallelGCFailedAllocation", Time since last: 1775414081 ns, Reaching safepoint: 100606 ns, Cleanup: 10701 ns, At safepoint: 6184223 ns, Total: 6295530 ns
[984.968s][info ][safepoint      ] Safepoint "Cleanup", Time since last: 1000091427 ns, Reaching safepoint: 79306 ns, Cleanup: 14201 ns, At safepoint: 6400 ns, Total: 99907 ns
[986.969s][info ][safepoint      ] Safepoint "Cleanup", Time since last: 2000221004 ns, Reaching safepoint: 114608 ns, Cleanup: 12501 ns, At safepoint: 11701 ns, Total: 138810 ns
[995.970s][info ][safepoint      ] Safepoint "Cleanup", Time since last: 9000762770 ns, Reaching safepoint: 83805 ns, Cleanup: 10301 ns, At safepoint: 7400 ns, Total: 101506 ns
[1005.970s][info ][safepoint      ] Safepoint "Cleanup", Time since last: 10000797446 ns, Reaching safepoint: 83306 ns, Cleanup: 10801 ns, At safepoint: 6600 ns, Total: 100707 ns
[1007.323s][info ][gc,start       ] GC(49) Pause Young (Allocation Failure)
[1007.329s][debug][gc,phases      ] GC(49) Scavenge 5.316ms
[1007.329s][debug][gc,ref         ] GC(49) ReferenceProcessor::execute queues: 1, RefProcThreadModel::Single, marks_oops_alive: false
[1007.329s][debug][gc,ref         ] GC(49) Skipped KeepAliveFinalRefsPhase of Reference Processing: no references
[1007.329s][debug][gc,ref         ] GC(49) ReferenceProcessor::execute queues: 1, RefProcThreadModel::Single, marks_oops_alive: false
[1007.329s][debug][gc,phases      ] GC(49) Reference Processing 0.132ms
[1007.329s][debug][gc,phases      ] GC(49)   VM Weak                        Min:  0.0, Avg:  0.0, Max:  0.0, Diff:  0.0, Sum:  0.0, Workers: 4
[1007.329s][debug][gc,phases      ] GC(49)     Dead                           Min: 0, Avg:  0.0, Max: 0, Diff: 0, Sum: 0, Workers: 4
[1007.329s][debug][gc,phases      ] GC(49)     Total                          Min: 0, Avg: 255.5, Max: 830, Diff: 830, Sum: 1022, Workers: 4
[1007.329s][debug][gc,phases      ] GC(49)   ObjectSynchronizer Weak        Min:  0.0, Avg:  0.0, Max:  0.0, Diff:  0.0, Sum:  0.0, Workers: 4
[1007.329s][debug][gc,phases      ] GC(49)     Dead                           Min: 0, Avg:  0.0, Max: 0, Diff: 0, Sum: 0, Workers: 4
[1007.329s][debug][gc,phases      ] GC(49)     Total                          Min: 0, Avg:  1.0, Max: 4, Diff: 4, Sum: 4, Workers: 4
[1007.329s][debug][gc,phases      ] GC(49)   JVMTI Tag Weak OopStorage      Min:  0.0, Avg:  0.0, Max:  0.0, Diff:  0.0, Sum:  0.0, Workers: 4
[1007.329s][debug][gc,phases      ] GC(49)     Dead                           Min: 0, Avg:  0.0, Max: 0, Diff: 0, Sum: 0, Workers: 4
[1007.329s][debug][gc,phases      ] GC(49)     Total                          Min: 0, Avg:  0.0, Max: 0, Diff: 0, Sum: 0, Workers: 4
[1007.329s][debug][gc,phases      ] GC(49)   StringTable Weak               Min:  0.0, Avg:  0.1, Max:  0.1, Diff:  0.1, Sum:  0.4, Workers: 4
[1007.329s][debug][gc,phases      ] GC(49)     Dead                           Min: 0, Avg:  0.0, Max: 0, Diff: 0, Sum: 0, Workers: 4
[1007.329s][debug][gc,phases      ] GC(49)     Total                          Min: 0, Avg: 11545.8, Max: 16809, Diff: 16809, Sum: 46183, Workers: 4
[1007.329s][debug][gc,phases      ] GC(49)   ResolvedMethodTable Weak       Min:  0.0, Avg:  0.0, Max:  0.1, Diff:  0.1, Sum:  0.2, Workers: 4
[1007.329s][debug][gc,phases      ] GC(49)     Dead                           Min: 0, Avg:  4.0, Max: 16, Diff: 16, Sum: 16, Workers: 4
[1007.329s][debug][gc,phases      ] GC(49)     Total                          Min: 0, Avg: 3807.8, Max: 5546, Diff: 5546, Sum: 15231, Workers: 4
[1007.329s][debug][gc,phases      ] GC(49)   JNI Weak                       Min:  0.0, Avg:  0.0, Max:  0.0, Diff:  0.0, Sum:  0.0, Workers: 4
[1007.329s][debug][gc,phases      ] GC(49)     Dead                           Min: 0, Avg:  0.0, Max: 0, Diff: 0, Sum: 0, Workers: 4
[1007.329s][debug][gc,phases      ] GC(49)     Total                          Min: 0, Avg: 13.0, Max: 48, Diff: 48, Sum: 52, Workers: 4
[1007.329s][debug][gc,phases      ] GC(49)   StringDedup Table Weak         Min:  0.0, Avg:  0.0, Max:  0.0, Diff:  0.0, Sum:  0.0, Workers: 4
[1007.329s][debug][gc,phases      ] GC(49)     Dead                           Min: 0, Avg:  0.0, Max: 0, Diff: 0, Sum: 0, Workers: 4
[1007.329s][debug][gc,phases      ] GC(49)     Total                          Min: 0, Avg:  0.0, Max: 0, Diff: 0, Sum: 0, Workers: 4
[1007.329s][debug][gc,phases      ] GC(49)   StringDedup Requests0 Weak     Min:  0.0, Avg:  0.0, Max:  0.0, Diff:  0.0, Sum:  0.0, Workers: 4
[1007.329s][debug][gc,phases      ] GC(49)     Dead                           Min: 0, Avg:  0.0, Max: 0, Diff: 0, Sum: 0, Workers: 4
[1007.329s][debug][gc,phases      ] GC(49)     Total                          Min: 0, Avg:  0.0, Max: 0, Diff: 0, Sum: 0, Workers: 4
[1007.329s][debug][gc,phases      ] GC(49)   StringDedup Requests1 Weak     Min:  0.0, Avg:  0.0, Max:  0.0, Diff:  0.0, Sum:  0.0, Workers: 4
[1007.329s][debug][gc,phases      ] GC(49)     Dead                           Min: 0, Avg:  0.0, Max: 0, Diff: 0, Sum: 0, Workers: 4
[1007.329s][debug][gc,phases      ] GC(49)     Total                          Min: 0, Avg:  0.0, Max: 0, Diff: 0, Sum: 0, Workers: 4
[1007.329s][debug][gc,phases      ] GC(49)   Weak JFR Old Object Samples    Min:  0.0, Avg:  0.0, Max:  0.0, Diff:  0.0, Sum:  0.0, Workers: 4
[1007.329s][debug][gc,phases      ] GC(49)     Dead                           Min: 0, Avg:  0.0, Max: 0, Diff: 0, Sum: 0, Workers: 4
[1007.329s][debug][gc,phases      ] GC(49)     Total                          Min: 0, Avg:  0.0, Max: 0, Diff: 0, Sum: 0, Workers: 4
[1007.329s][debug][gc,phases      ] GC(49) Weak Processing 0.428ms
[1007.329s][debug][gc,age         ] GC(49) Desired survivor size 36175872 bytes, new threshold 1 (max threshold 15)
[1007.329s][info ][gc,heap        ] GC(49) PSYoungGen: 2023893K(2059264K)->4432K(2056192K) Eden: 2018304K(2018304K)->0K(2018304K) From: 5589K(40960K)->4432K(37888K)
[1007.329s][info ][gc,heap        ] GC(49) ParOldGen: 299550K(300032K)->301435K(301568K)
[1007.329s][info ][gc,metaspace   ] GC(49) Metaspace: 106229K(107520K)->106229K(107520K) NonClass: 90199K(90880K)->90199K(90880K) Class: 16029K(16640K)->16029K(16640K)
[1007.329s][info ][gc             ] GC(49) Pause Young (Allocation Failure) 2268M->298M(2302M) 6.027ms
[1007.329s][info ][gc,cpu         ] GC(49) User=0.02s Sys=0.00s Real=0.00s
[1007.329s][info ][safepoint      ] Safepoint "ParallelGCFailedAllocation", Time since last: 1352647799 ns, Reaching safepoint: 6901 ns, Cleanup: 4400 ns, At safepoint: 6105522 ns, Total: 6116823 ns
[1012.330s][info ][safepoint      ] Safepoint "Cleanup", Time since last: 5000371949 ns, Reaching safepoint: 6701 ns, Cleanup: 13100 ns, At safepoint: 2501 ns, Total: 22302 ns
[1013.330s][info ][safepoint      ] Safepoint "Cleanup", Time since last: 1000116776 ns, Reaching safepoint: 7000 ns, Cleanup: 17001 ns, At safepoint: 2100 ns, Total: 26101 ns
[1024.341s][info ][safepoint      ] Safepoint "Cleanup", Time since last: 11011614876 ns, Reaching safepoint: 5900 ns, Cleanup: 10801 ns, At safepoint: 2900 ns, Total: 19601 ns
[1028.342s][info ][safepoint      ] Safepoint "Cleanup", Time since last: 4000377779 ns, Reaching safepoint: 8001 ns, Cleanup: 17301 ns, At safepoint: 2800 ns, Total: 28102 ns
[1030.342s][info ][safepoint      ] Safepoint "Cleanup", Time since last: 2000198941 ns, Reaching safepoint: 9300 ns, Cleanup: 13801 ns, At safepoint: 3000 ns, Total: 26101 ns
[1031.031s][info ][gc,start       ] GC(50) Pause Young (Allocation Failure)
[1031.037s][debug][gc,phases      ] GC(50) Scavenge 5.889ms
[1031.037s][debug][gc,ref         ] GC(50) ReferenceProcessor::execute queues: 1, RefProcThreadModel::Single, marks_oops_alive: false
[1031.037s][debug][gc,ref         ] GC(50) Skipped KeepAliveFinalRefsPhase of Reference Processing: no references
[1031.037s][debug][gc,ref         ] GC(50) Skipped PhantomRefsPhase of Reference Processing: no references
[1031.037s][debug][gc,phases      ] GC(50) Reference Processing 0.139ms
[1031.037s][debug][gc,phases      ] GC(50)   VM Weak                        Min:  0.0, Avg:  0.0, Max:  0.0, Diff:  0.0, Sum:  0.0, Workers: 4
[1031.037s][debug][gc,phases      ] GC(50)     Dead                           Min: 0, Avg:  0.0, Max: 0, Diff: 0, Sum: 0, Workers: 4
[1031.037s][debug][gc,phases      ] GC(50)     Total                          Min: 0, Avg: 255.5, Max: 448, Diff: 448, Sum: 1022, Workers: 4
[1031.037s][debug][gc,phases      ] GC(50)   ObjectSynchronizer Weak        Min:  0.0, Avg:  0.0, Max:  0.0, Diff:  0.0, Sum:  0.0, Workers: 4
[1031.037s][debug][gc,phases      ] GC(50)     Dead                           Min: 0, Avg:  0.0, Max: 0, Diff: 0, Sum: 0, Workers: 4
[1031.037s][debug][gc,phases      ] GC(50)     Total                          Min: 0, Avg:  1.0, Max: 4, Diff: 4, Sum: 4, Workers: 4
[1031.037s][debug][gc,phases      ] GC(50)   JVMTI Tag Weak OopStorage      Min:  0.0, Avg:  0.0, Max:  0.0, Diff:  0.0, Sum:  0.0, Workers: 4
[1031.037s][debug][gc,phases      ] GC(50)     Dead                           Min: 0, Avg:  0.0, Max: 0, Diff: 0, Sum: 0, Workers: 4
[1031.037s][debug][gc,phases      ] GC(50)     Total                          Min: 0, Avg:  0.0, Max: 0, Diff: 0, Sum: 0, Workers: 4
[1031.037s][debug][gc,phases      ] GC(50)   StringTable Weak               Min:  0.0, Avg:  0.1, Max:  0.2, Diff:  0.2, Sum:  0.5, Workers: 4
[1031.037s][debug][gc,phases      ] GC(50)     Dead                           Min: 0, Avg:  0.0, Max: 0, Diff: 0, Sum: 0, Workers: 4
[1031.037s][debug][gc,phases      ] GC(50)     Total                          Min: 0, Avg: 11545.8, Max: 15808, Diff: 15808, Sum: 46183, Workers: 4
[1031.037s][debug][gc,phases      ] GC(50)   ResolvedMethodTable Weak       Min:  0.0, Avg:  0.0, Max:  0.1, Diff:  0.1, Sum:  0.2, Workers: 4
[1031.037s][debug][gc,phases      ] GC(50)     Dead                           Min: 0, Avg:  4.0, Max: 16, Diff: 16, Sum: 16, Workers: 4
[1031.037s][debug][gc,phases      ] GC(50)     Total                          Min: 0, Avg: 3807.8, Max: 5547, Diff: 5547, Sum: 15231, Workers: 4
[1031.037s][debug][gc,phases      ] GC(50)   JNI Weak                       Min:  0.0, Avg:  0.0, Max:  0.0, Diff:  0.0, Sum:  0.0, Workers: 4
[1031.037s][debug][gc,phases      ] GC(50)     Dead                           Min: 0, Avg:  0.0, Max: 0, Diff: 0, Sum: 0, Workers: 4
[1031.037s][debug][gc,phases      ] GC(50)     Total                          Min: 0, Avg: 13.0, Max: 48, Diff: 48, Sum: 52, Workers: 4
[1031.037s][debug][gc,phases      ] GC(50)   StringDedup Table Weak         Min:  0.0, Avg:  0.0, Max:  0.0, Diff:  0.0, Sum:  0.0, Workers: 4
[1031.037s][debug][gc,phases      ] GC(50)     Dead                           Min: 0, Avg:  0.0, Max: 0, Diff: 0, Sum: 0, Workers: 4
[1031.037s][debug][gc,phases      ] GC(50)     Total                          Min: 0, Avg:  0.0, Max: 0, Diff: 0, Sum: 0, Workers: 4
[1031.038s][debug][gc,phases      ] GC(50)   StringDedup Requests0 Weak     Min:  0.0, Avg:  0.0, Max:  0.0, Diff:  0.0, Sum:  0.0, Workers: 4
[1031.038s][debug][gc,phases      ] GC(50)     Dead                           Min: 0, Avg:  0.0, Max: 0, Diff: 0, Sum: 0, Workers: 4
[1031.038s][debug][gc,phases      ] GC(50)     Total                          Min: 0, Avg:  0.0, Max: 0, Diff: 0, Sum: 0, Workers: 4
[1031.038s][debug][gc,phases      ] GC(50)   StringDedup Requests1 Weak     Min:  0.0, Avg:  0.0, Max:  0.0, Diff:  0.0, Sum:  0.0, Workers: 4
[1031.038s][debug][gc,phases      ] GC(50)     Dead                           Min: 0, Avg:  0.0, Max: 0, Diff: 0, Sum: 0, Workers: 4
[1031.038s][debug][gc,phases      ] GC(50)     Total                          Min: 0, Avg:  0.0, Max: 0, Diff: 0, Sum: 0, Workers: 4
[1031.038s][debug][gc,phases      ] GC(50)   Weak JFR Old Object Samples    Min:  0.0, Avg:  0.0, Max:  0.0, Diff:  0.0, Sum:  0.0, Workers: 4
[1031.038s][debug][gc,phases      ] GC(50)     Dead                           Min: 0, Avg:  0.0, Max: 0, Diff: 0, Sum: 0, Workers: 4
[1031.038s][debug][gc,phases      ] GC(50)     Total                          Min: 0, Avg:  0.0, Max: 0, Diff: 0, Sum: 0, Workers: 4
[1031.038s][debug][gc,phases      ] GC(50) Weak Processing 0.482ms
[1031.038s][debug][gc,age         ] GC(50) Desired survivor size 33554432 bytes, new threshold 1 (max threshold 15)
[1031.038s][info ][gc,heap        ] GC(50) PSYoungGen: 2022736K(2056192K)->4976K(2064384K) Eden: 2018304K(2018304K)->0K(2029056K) From: 4432K(37888K)->4976K(35328K)
[1031.038s][info ][gc,heap        ] GC(50) ParOldGen: 301435K(301568K)->302055K(302080K)
[1031.038s][info ][gc,metaspace   ] GC(50) Metaspace: 106231K(107520K)->106231K(107520K) NonClass: 90201K(90880K)->90201K(90880K) Class: 16029K(16640K)->16029K(16640K)
[1031.038s][info ][gc             ] GC(50) Pause Young (Allocation Failure) 2269M->299M(2311M) 6.679ms
[1031.038s][info ][gc,cpu         ] GC(50) User=0.02s Sys=0.00s Real=0.01s
[1031.038s][info ][safepoint      ] Safepoint "ParallelGCFailedAllocation", Time since last: 688868017 ns, Reaching safepoint: 8401 ns, Cleanup: 5100 ns, At safepoint: 6760369 ns, Total: 6773870 ns
[1038.038s][info ][safepoint      ] Safepoint "Cleanup", Time since last: 7000564984 ns, Reaching safepoint: 9001 ns, Cleanup: 15601 ns, At safepoint: 3000 ns, Total: 27602 ns
[1039.280s][info ][safepoint      ] Safepoint "Cleanup", Time since last: 1241767071 ns, Reaching safepoint: 6800 ns, Cleanup: 10501 ns, At safepoint: 2900 ns, Total: 20201 ns
[1040.280s][info ][safepoint      ] Safepoint "Cleanup", Time since last: 1000119179 ns, Reaching safepoint: 7000 ns, Cleanup: 12201 ns, At safepoint: 3200 ns, Total: 22401 ns
[1050.281s][info ][safepoint      ] Safepoint "Cleanup", Time since last: 10000853960 ns, Reaching safepoint: 6601 ns, Cleanup: 12501 ns, At safepoint: 2300 ns, Total: 21402 ns
[1054.281s][info ][safepoint      ] Safepoint "Cleanup", Time since last: 4000324298 ns, Reaching safepoint: 6700 ns, Cleanup: 11901 ns, At safepoint: 2600 ns, Total: 21201 ns
[1054.912s][info ][gc,start       ] GC(51) Pause Young (Allocation Failure)
[1054.917s][debug][gc,phases      ] GC(51) Scavenge 5.320ms
[1054.917s][debug][gc,ref         ] GC(51) ReferenceProcessor::execute queues: 1, RefProcThreadModel::Single, marks_oops_alive: false
[1054.917s][debug][gc,ref         ] GC(51) Skipped KeepAliveFinalRefsPhase of Reference Processing: no references
[1054.917s][debug][gc,ref         ] GC(51) ReferenceProcessor::execute queues: 1, RefProcThreadModel::Single, marks_oops_alive: false
[1054.917s][debug][gc,phases      ] GC(51) Reference Processing 0.119ms
[1054.918s][debug][gc,phases      ] GC(51)   VM Weak                        Min:  0.0, Avg:  0.0, Max:  0.0, Diff:  0.0, Sum:  0.0, Workers: 4
[1054.918s][debug][gc,phases      ] GC(51)     Dead                           Min: 0, Avg:  0.0, Max: 0, Diff: 0, Sum: 0, Workers: 4
[1054.918s][debug][gc,phases      ] GC(51)     Total                          Min: 0, Avg: 255.5, Max: 512, Diff: 512, Sum: 1022, Workers: 4
[1054.918s][debug][gc,phases      ] GC(51)   ObjectSynchronizer Weak        Min:  0.0, Avg:  0.0, Max:  0.0, Diff:  0.0, Sum:  0.0, Workers: 4
[1054.918s][debug][gc,phases      ] GC(51)     Dead                           Min: 0, Avg:  0.0, Max: 0, Diff: 0, Sum: 0, Workers: 4
[1054.918s][debug][gc,phases      ] GC(51)     Total                          Min: 0, Avg:  1.0, Max: 4, Diff: 4, Sum: 4, Workers: 4
[1054.918s][debug][gc,phases      ] GC(51)   JVMTI Tag Weak OopStorage      Min:  0.0, Avg:  0.0, Max:  0.0, Diff:  0.0, Sum:  0.0, Workers: 4
[1054.918s][debug][gc,phases      ] GC(51)     Dead                           Min: 0, Avg:  0.0, Max: 0, Diff: 0, Sum: 0, Workers: 4
[1054.918s][debug][gc,phases      ] GC(51)     Total                          Min: 0, Avg:  0.0, Max: 0, Diff: 0, Sum: 0, Workers: 4
[1054.918s][debug][gc,phases      ] GC(51)   StringTable Weak               Min:  0.1, Avg:  0.1, Max:  0.1, Diff:  0.0, Sum:  0.5, Workers: 4
[1054.918s][debug][gc,phases      ] GC(51)     Dead                           Min: 0, Avg:  0.2, Max: 1, Diff: 1, Sum: 1, Workers: 4
[1054.918s][debug][gc,phases      ] GC(51)     Total                          Min: 10752, Avg: 11546.8, Max: 12012, Diff: 1260, Sum: 46187, Workers: 4
[1054.918s][debug][gc,phases      ] GC(51)   ResolvedMethodTable Weak       Min:  0.0, Avg:  0.0, Max:  0.0, Diff:  0.0, Sum:  0.2, Workers: 4
[1054.918s][debug][gc,phases      ] GC(51)     Dead                           Min: 0, Avg:  4.2, Max: 17, Diff: 17, Sum: 17, Workers: 4
[1054.918s][debug][gc,phases      ] GC(51)     Total                          Min: 3361, Avg: 3809.0, Max: 4299, Diff: 938, Sum: 15236, Workers: 4
[1054.918s][debug][gc,phases      ] GC(51)   JNI Weak                       Min:  0.0, Avg:  0.0, Max:  0.0, Diff:  0.0, Sum:  0.0, Workers: 4
[1054.918s][debug][gc,phases      ] GC(51)     Dead                           Min: 0, Avg:  0.0, Max: 0, Diff: 0, Sum: 0, Workers: 4
[1054.918s][debug][gc,phases      ] GC(51)     Total                          Min: 0, Avg: 13.0, Max: 48, Diff: 48, Sum: 52, Workers: 4
[1054.918s][debug][gc,phases      ] GC(51)   StringDedup Table Weak         Min:  0.0, Avg:  0.0, Max:  0.0, Diff:  0.0, Sum:  0.0, Workers: 4
[1054.918s][debug][gc,phases      ] GC(51)     Dead                           Min: 0, Avg:  0.0, Max: 0, Diff: 0, Sum: 0, Workers: 4
[1054.918s][debug][gc,phases      ] GC(51)     Total                          Min: 0, Avg:  0.0, Max: 0, Diff: 0, Sum: 0, Workers: 4
[1054.918s][debug][gc,phases      ] GC(51)   StringDedup Requests0 Weak     Min:  0.0, Avg:  0.0, Max:  0.0, Diff:  0.0, Sum:  0.0, Workers: 4
[1054.918s][debug][gc,phases      ] GC(51)     Dead                           Min: 0, Avg:  0.0, Max: 0, Diff: 0, Sum: 0, Workers: 4
[1054.918s][debug][gc,phases      ] GC(51)     Total                          Min: 0, Avg:  0.0, Max: 0, Diff: 0, Sum: 0, Workers: 4
[1054.918s][debug][gc,phases      ] GC(51)   StringDedup Requests1 Weak     Min:  0.0, Avg:  0.0, Max:  0.0, Diff:  0.0, Sum:  0.0, Workers: 4
[1054.918s][debug][gc,phases      ] GC(51)     Dead                           Min: 0, Avg:  0.0, Max: 0, Diff: 0, Sum: 0, Workers: 4
[1054.918s][debug][gc,phases      ] GC(51)     Total                          Min: 0, Avg:  0.0, Max: 0, Diff: 0, Sum: 0, Workers: 4
[1054.918s][debug][gc,phases      ] GC(51)   Weak JFR Old Object Samples    Min:  0.0, Avg:  0.0, Max:  0.0, Diff:  0.0, Sum:  0.0, Workers: 4
[1054.918s][debug][gc,phases      ] GC(51)     Dead                           Min: 0, Avg:  0.0, Max: 0, Diff: 0, Sum: 0, Workers: 4
[1054.918s][debug][gc,phases      ] GC(51)     Total                          Min: 0, Avg:  0.0, Max: 0, Diff: 0, Sum: 0, Workers: 4
[1054.918s][debug][gc,phases      ] GC(51) Weak Processing 0.393ms
[1054.918s][debug][gc,age         ] GC(51) Desired survivor size 31457280 bytes, new threshold 1 (max threshold 15)
[1054.918s][info ][gc,heap        ] GC(51) PSYoungGen: 2034032K(2064384K)->4592K(2061824K) Eden: 2029056K(2029056K)->0K(2029056K) From: 4976K(35328K)->4592K(32768K)
[1054.918s][info ][gc,heap        ] GC(51) ParOldGen: 302055K(302080K)->303260K(303616K)
[1054.918s][info ][gc,metaspace   ] GC(51) Metaspace: 106249K(107648K)->106249K(107648K) NonClass: 90217K(91008K)->90217K(91008K) Class: 16032K(16640K)->16032K(16640K)
[1054.918s][info ][gc             ] GC(51) Pause Young (Allocation Failure) 2281M->300M(2310M) 5.978ms
[1054.918s][info ][gc,cpu         ] GC(51) User=0.02s Sys=0.01s Real=0.01s
[1054.918s][info ][safepoint      ] Safepoint "ParallelGCFailedAllocation", Time since last: 630399241 ns, Reaching safepoint: 100706 ns, Cleanup: 4701 ns, At safepoint: 6057596 ns, Total: 6163003 ns
[1058.918s][info ][safepoint      ] Safepoint "Cleanup", Time since last: 4000326418 ns, Reaching safepoint: 104407 ns, Cleanup: 12401 ns, At safepoint: 6100 ns, Total: 122908 ns
[1059.919s][info ][safepoint      ] Safepoint "Cleanup", Time since last: 1000138116 ns, Reaching safepoint: 81105 ns, Cleanup: 10301 ns, At safepoint: 6900 ns, Total: 98306 ns
[1060.919s][info ][safepoint      ] Safepoint "Cleanup", Time since last: 1000118215 ns, Reaching safepoint: 80705 ns, Cleanup: 30602 ns, At safepoint: 6301 ns, Total: 117608 ns
[1061.919s][info ][safepoint      ] Safepoint "Cleanup", Time since last: 1000137116 ns, Reaching safepoint: 84805 ns, Cleanup: 32403 ns, At safepoint: 6800 ns, Total: 124008 ns
[1062.919s][info ][safepoint      ] Safepoint "Cleanup", Time since last: 1000125415 ns, Reaching safepoint: 79505 ns, Cleanup: 15201 ns, At safepoint: 7701 ns, Total: 102407 ns
[1069.920s][info ][safepoint      ] Safepoint "Cleanup", Time since last: 7000556494 ns, Reaching safepoint: 80305 ns, Cleanup: 9901 ns, At safepoint: 5500 ns, Total: 95706 ns
[1071.920s][info ][safepoint      ] Safepoint "Cleanup", Time since last: 2000185295 ns, Reaching safepoint: 77505 ns, Cleanup: 11601 ns, At safepoint: 6301 ns, Total: 95407 ns
[1072.921s][info ][safepoint      ] Safepoint "Cleanup", Time since last: 1000124436 ns, Reaching safepoint: 78605 ns, Cleanup: 9300 ns, At safepoint: 6901 ns, Total: 94806 ns
[1073.921s][info ][safepoint      ] Safepoint "Cleanup", Time since last: 1000116443 ns, Reaching safepoint: 80106 ns, Cleanup: 14201 ns, At safepoint: 8400 ns, Total: 102707 ns
[1074.921s][info ][safepoint      ] Safepoint "Cleanup", Time since last: 1000130645 ns, Reaching safepoint: 79605 ns, Cleanup: 19401 ns, At safepoint: 8101 ns, Total: 107107 ns
[1075.921s][info ][safepoint      ] Safepoint "Cleanup", Time since last: 1000132745 ns, Reaching safepoint: 81905 ns, Cleanup: 7701 ns, At safepoint: 10900 ns, Total: 100506 ns
[1078.721s][info ][gc,start       ] GC(52) Pause Young (Allocation Failure)
[1078.726s][debug][gc,phases      ] GC(52) Scavenge 4.651ms
[1078.726s][debug][gc,ref         ] GC(52) ReferenceProcessor::execute queues: 1, RefProcThreadModel::Single, marks_oops_alive: false
[1078.726s][debug][gc,ref         ] GC(52) Skipped KeepAliveFinalRefsPhase of Reference Processing: no references
[1078.726s][debug][gc,ref         ] GC(52) Skipped PhantomRefsPhase of Reference Processing: no references
[1078.726s][debug][gc,phases      ] GC(52) Reference Processing 0.113ms
[1078.726s][debug][gc,phases      ] GC(52)   VM Weak                        Min:  0.0, Avg:  0.0, Max:  0.0, Diff:  0.0, Sum:  0.0, Workers: 4
[1078.726s][debug][gc,phases      ] GC(52)     Dead                           Min: 0, Avg:  0.0, Max: 0, Diff: 0, Sum: 0, Workers: 4
[1078.726s][debug][gc,phases      ] GC(52)     Total                          Min: 0, Avg: 255.5, Max: 512, Diff: 512, Sum: 1022, Workers: 4
[1078.726s][debug][gc,phases      ] GC(52)   ObjectSynchronizer Weak        Min:  0.0, Avg:  0.0, Max:  0.0, Diff:  0.0, Sum:  0.0, Workers: 4
[1078.726s][debug][gc,phases      ] GC(52)     Dead                           Min: 0, Avg:  0.0, Max: 0, Diff: 0, Sum: 0, Workers: 4
[1078.726s][debug][gc,phases      ] GC(52)     Total                          Min: 0, Avg:  1.0, Max: 4, Diff: 4, Sum: 4, Workers: 4
[1078.726s][debug][gc,phases      ] GC(52)   JVMTI Tag Weak OopStorage      Min:  0.0, Avg:  0.0, Max:  0.0, Diff:  0.0, Sum:  0.0, Workers: 4
[1078.726s][debug][gc,phases      ] GC(52)     Dead                           Min: 0, Avg:  0.0, Max: 0, Diff: 0, Sum: 0, Workers: 4
[1078.726s][debug][gc,phases      ] GC(52)     Total                          Min: 0, Avg:  0.0, Max: 0, Diff: 0, Sum: 0, Workers: 4
[1078.726s][debug][gc,phases      ] GC(52)   StringTable Weak               Min:  0.1, Avg:  0.1, Max:  0.1, Diff:  0.0, Sum:  0.5, Workers: 4
[1078.726s][debug][gc,phases      ] GC(52)     Dead                           Min: 0, Avg:  0.0, Max: 0, Diff: 0, Sum: 0, Workers: 4
[1078.726s][debug][gc,phases      ] GC(52)     Total                          Min: 10624, Avg: 11546.8, Max: 12525, Diff: 1901, Sum: 46187, Workers: 4
[1078.726s][debug][gc,phases      ] GC(52)   ResolvedMethodTable Weak       Min:  0.0, Avg:  0.0, Max:  0.0, Diff:  0.0, Sum:  0.2, Workers: 4
[1078.726s][debug][gc,phases      ] GC(52)     Dead                           Min: 0, Avg:  0.0, Max: 0, Diff: 0, Sum: 0, Workers: 4
[1078.726s][debug][gc,phases      ] GC(52)     Total                          Min: 3432, Avg: 3809.0, Max: 4160, Diff: 728, Sum: 15236, Workers: 4
[1078.726s][debug][gc,phases      ] GC(52)   JNI Weak                       Min:  0.0, Avg:  0.0, Max:  0.0, Diff:  0.0, Sum:  0.0, Workers: 4
[1078.726s][debug][gc,phases      ] GC(52)     Dead                           Min: 0, Avg:  0.0, Max: 0, Diff: 0, Sum: 0, Workers: 4
[1078.726s][debug][gc,phases      ] GC(52)     Total                          Min: 0, Avg: 13.0, Max: 48, Diff: 48, Sum: 52, Workers: 4
[1078.726s][debug][gc,phases      ] GC(52)   StringDedup Table Weak         Min:  0.0, Avg:  0.0, Max:  0.0, Diff:  0.0, Sum:  0.0, Workers: 4
[1078.726s][debug][gc,phases      ] GC(52)     Dead                           Min: 0, Avg:  0.0, Max: 0, Diff: 0, Sum: 0, Workers: 4
[1078.726s][debug][gc,phases      ] GC(52)     Total                          Min: 0, Avg:  0.0, Max: 0, Diff: 0, Sum: 0, Workers: 4
[1078.726s][debug][gc,phases      ] GC(52)   StringDedup Requests0 Weak     Min:  0.0, Avg:  0.0, Max:  0.0, Diff:  0.0, Sum:  0.0, Workers: 4
[1078.726s][debug][gc,phases      ] GC(52)     Dead                           Min: 0, Avg:  0.0, Max: 0, Diff: 0, Sum: 0, Workers: 4
[1078.726s][debug][gc,phases      ] GC(52)     Total                          Min: 0, Avg:  0.0, Max: 0, Diff: 0, Sum: 0, Workers: 4
[1078.726s][debug][gc,phases      ] GC(52)   StringDedup Requests1 Weak     Min:  0.0, Avg:  0.0, Max:  0.0, Diff:  0.0, Sum:  0.0, Workers: 4
[1078.727s][debug][gc,phases      ] GC(52)     Dead                           Min: 0, Avg:  0.0, Max: 0, Diff: 0, Sum: 0, Workers: 4
[1078.727s][debug][gc,phases      ] GC(52)     Total                          Min: 0, Avg:  0.0, Max: 0, Diff: 0, Sum: 0, Workers: 4
[1078.727s][debug][gc,phases      ] GC(52)   Weak JFR Old Object Samples    Min:  0.0, Avg:  0.0, Max:  0.0, Diff:  0.0, Sum:  0.0, Workers: 4
[1078.727s][debug][gc,phases      ] GC(52)     Dead                           Min: 0, Avg:  0.0, Max: 0, Diff: 0, Sum: 0, Workers: 4
[1078.727s][debug][gc,phases      ] GC(52)     Total                          Min: 0, Avg:  0.0, Max: 0, Diff: 0, Sum: 0, Workers: 4
[1078.727s][debug][gc,phases      ] GC(52) Weak Processing 0.452ms
[1078.727s][debug][gc,age         ] GC(52) Desired survivor size 29360128 bytes, new threshold 1 (max threshold 15)
[1078.727s][info ][gc,heap        ] GC(52) PSYoungGen: 2033648K(2061824K)->4716K(2068480K) Eden: 2029056K(2029056K)->0K(2037760K) From: 4592K(32768K)->4716K(30720K)
[1078.727s][info ][gc,heap        ] GC(52) ParOldGen: 303260K(303616K)->304380K(304640K)
[1078.727s][info ][gc,metaspace   ] GC(52) Metaspace: 106256K(107648K)->106256K(107648K) NonClass: 90224K(91008K)->90224K(91008K) Class: 16032K(16640K)->16032K(16640K)
[1078.727s][info ][gc             ] GC(52) Pause Young (Allocation Failure) 2282M->301M(2317M) 5.356ms
[1078.727s][info ][gc,cpu         ] GC(52) User=0.01s Sys=0.01s Real=0.01s
[1078.727s][info ][safepoint      ] Safepoint "ParallelGCFailedAllocation", Time since last: 2799936836 ns, Reaching safepoint: 8201 ns, Cleanup: 13701 ns, At safepoint: 5429063 ns, Total: 5450965 ns
[1081.359s][info ][safepoint      ] Safepoint "Cleanup", Time since last: 2632739930 ns, Reaching safepoint: 8201 ns, Cleanup: 12201 ns, At safepoint: 2400 ns, Total: 22802 ns
[1084.360s][info ][safepoint      ] Safepoint "Cleanup", Time since last: 3000274358 ns, Reaching safepoint: 81305 ns, Cleanup: 10101 ns, At safepoint: 5700 ns, Total: 97106 ns
[1088.360s][info ][safepoint      ] Safepoint "Cleanup", Time since last: 4000340746 ns, Reaching safepoint: 84605 ns, Cleanup: 12601 ns, At safepoint: 6901 ns, Total: 104107 ns
[1094.361s][info ][safepoint      ] Safepoint "Cleanup", Time since last: 6000493563 ns, Reaching safepoint: 81605 ns, Cleanup: 10101 ns, At safepoint: 6500 ns, Total: 98206 ns
[1095.361s][info ][safepoint      ] Safepoint "Cleanup", Time since last: 1000159216 ns, Reaching safepoint: 115408 ns, Cleanup: 17701 ns, At safepoint: 10300 ns, Total: 143409 ns
[1096.361s][info ][safepoint      ] Safepoint "Cleanup", Time since last: 1000127666 ns, Reaching safepoint: 79705 ns, Cleanup: 10201 ns, At safepoint: 5300 ns, Total: 95206 ns
[1102.362s][info ][safepoint      ] Safepoint "Cleanup", Time since last: 6000481613 ns, Reaching safepoint: 79705 ns, Cleanup: 10801 ns, At safepoint: 6600 ns, Total: 97106 ns
[1104.940s][info ][gc,start       ] GC(53) Pause Young (Allocation Failure)
[1104.947s][debug][gc,phases      ] GC(53) Scavenge 7.301ms
[1104.947s][debug][gc,ref         ] GC(53) ReferenceProcessor::execute queues: 1, RefProcThreadModel::Single, marks_oops_alive: false
[1104.947s][debug][gc,ref         ] GC(53) Skipped KeepAliveFinalRefsPhase of Reference Processing: no references
[1104.947s][debug][gc,ref         ] GC(53) ReferenceProcessor::execute queues: 1, RefProcThreadModel::Single, marks_oops_alive: false
[1104.947s][debug][gc,phases      ] GC(53) Reference Processing 0.116ms
[1104.947s][debug][gc,phases      ] GC(53)   VM Weak                        Min:  0.0, Avg:  0.0, Max:  0.0, Diff:  0.0, Sum:  0.0, Workers: 4
[1104.947s][debug][gc,phases      ] GC(53)     Dead                           Min: 0, Avg:  0.0, Max: 0, Diff: 0, Sum: 0, Workers: 4
[1104.947s][debug][gc,phases      ] GC(53)     Total                          Min: 0, Avg: 255.5, Max: 384, Diff: 384, Sum: 1022, Workers: 4
[1104.947s][debug][gc,phases      ] GC(53)   ObjectSynchronizer Weak        Min:  0.0, Avg:  0.0, Max:  0.0, Diff:  0.0, Sum:  0.0, Workers: 4
[1104.947s][debug][gc,phases      ] GC(53)     Dead                           Min: 0, Avg:  0.0, Max: 0, Diff: 0, Sum: 0, Workers: 4
[1104.947s][debug][gc,phases      ] GC(53)     Total                          Min: 0, Avg:  0.8, Max: 3, Diff: 3, Sum: 3, Workers: 4
[1104.947s][debug][gc,phases      ] GC(53)   JVMTI Tag Weak OopStorage      Min:  0.0, Avg:  0.0, Max:  0.0, Diff:  0.0, Sum:  0.0, Workers: 4
[1104.947s][debug][gc,phases      ] GC(53)     Dead                           Min: 0, Avg:  0.0, Max: 0, Diff: 0, Sum: 0, Workers: 4
[1104.947s][debug][gc,phases      ] GC(53)     Total                          Min: 0, Avg:  0.0, Max: 0, Diff: 0, Sum: 0, Workers: 4
[1104.947s][debug][gc,phases      ] GC(53)   StringTable Weak               Min:  0.0, Avg:  0.1, Max:  0.1, Diff:  0.1, Sum:  0.4, Workers: 4
[1104.947s][debug][gc,phases      ] GC(53)     Dead                           Min: 0, Avg:  0.2, Max: 1, Diff: 1, Sum: 1, Workers: 4
[1104.947s][debug][gc,phases      ] GC(53)     Total                          Min: 0, Avg: 11549.2, Max: 16511, Diff: 16511, Sum: 46197, Workers: 4
[1104.947s][debug][gc,phases      ] GC(53)   ResolvedMethodTable Weak       Min:  0.0, Avg:  0.0, Max:  0.0, Diff:  0.0, Sum:  0.1, Workers: 4
[1104.947s][debug][gc,phases      ] GC(53)     Dead                           Min: 0, Avg:  4.2, Max: 17, Diff: 17, Sum: 17, Workers: 4
[1104.947s][debug][gc,phases      ] GC(53)     Total                          Min: 0, Avg: 3810.5, Max: 5442, Diff: 5442, Sum: 15242, Workers: 4
[1104.947s][debug][gc,phases      ] GC(53)   JNI Weak                       Min:  0.0, Avg:  0.0, Max:  0.0, Diff:  0.0, Sum:  0.0, Workers: 4
[1104.947s][debug][gc,phases      ] GC(53)     Dead                           Min: 0, Avg:  0.0, Max: 0, Diff: 0, Sum: 0, Workers: 4
[1104.947s][debug][gc,phases      ] GC(53)     Total                          Min: 0, Avg: 13.0, Max: 48, Diff: 48, Sum: 52, Workers: 4
[1104.947s][debug][gc,phases      ] GC(53)   StringDedup Table Weak         Min:  0.0, Avg:  0.0, Max:  0.0, Diff:  0.0, Sum:  0.0, Workers: 4
[1104.947s][debug][gc,phases      ] GC(53)     Dead                           Min: 0, Avg:  0.0, Max: 0, Diff: 0, Sum: 0, Workers: 4
[1104.947s][debug][gc,phases      ] GC(53)     Total                          Min: 0, Avg:  0.0, Max: 0, Diff: 0, Sum: 0, Workers: 4
[1104.947s][debug][gc,phases      ] GC(53)   StringDedup Requests0 Weak     Min:  0.0, Avg:  0.0, Max:  0.0, Diff:  0.0, Sum:  0.0, Workers: 4
[1104.947s][debug][gc,phases      ] GC(53)     Dead                           Min: 0, Avg:  0.0, Max: 0, Diff: 0, Sum: 0, Workers: 4
[1104.947s][debug][gc,phases      ] GC(53)     Total                          Min: 0, Avg:  0.0, Max: 0, Diff: 0, Sum: 0, Workers: 4
[1104.947s][debug][gc,phases      ] GC(53)   StringDedup Requests1 Weak     Min:  0.0, Avg:  0.0, Max:  0.0, Diff:  0.0, Sum:  0.0, Workers: 4
[1104.947s][debug][gc,phases      ] GC(53)     Dead                           Min: 0, Avg:  0.0, Max: 0, Diff: 0, Sum: 0, Workers: 4
[1104.947s][debug][gc,phases      ] GC(53)     Total                          Min: 0, Avg:  0.0, Max: 0, Diff: 0, Sum: 0, Workers: 4
[1104.947s][debug][gc,phases      ] GC(53)   Weak JFR Old Object Samples    Min:  0.0, Avg:  0.0, Max:  0.0, Diff:  0.0, Sum:  0.0, Workers: 4
[1104.947s][debug][gc,phases      ] GC(53)     Dead                           Min: 0, Avg:  0.0, Max: 0, Diff: 0, Sum: 0, Workers: 4
[1104.947s][debug][gc,phases      ] GC(53)     Total                          Min: 0, Avg:  0.0, Max: 0, Diff: 0, Sum: 0, Workers: 4
[1104.947s][debug][gc,phases      ] GC(53) Weak Processing 0.430ms
[1104.947s][debug][gc,age         ] GC(53) Desired survivor size 27262976 bytes, new threshold 1 (max threshold 15)
[1104.948s][info ][gc,heap        ] GC(53) PSYoungGen: 2042476K(2068480K)->4347K(2066432K) Eden: 2037760K(2037760K)->0K(2037760K) From: 4716K(30720K)->4347K(28672K)
[1104.948s][info ][gc,heap        ] GC(53) ParOldGen: 304380K(304640K)->305868K(306176K)
[1104.948s][info ][gc,metaspace   ] GC(53) Metaspace: 106289K(107648K)->106289K(107648K) NonClass: 90252K(91008K)->90252K(91008K) Class: 16036K(16640K)->16036K(16640K)
[1104.948s][info ][gc             ] GC(53) Pause Young (Allocation Failure) 2291M->302M(2317M) 7.999ms
[1104.948s][info ][gc,cpu         ] GC(53) User=0.02s Sys=0.00s Real=0.01s
[1104.948s][info ][safepoint      ] Safepoint "ParallelGCFailedAllocation", Time since last: 2577586956 ns, Reaching safepoint: 7901 ns, Cleanup: 4900 ns, At safepoint: 8087649 ns, Total: 8100450 ns
[1106.948s][info ][safepoint      ] Safepoint "Cleanup", Time since last: 2000182234 ns, Reaching safepoint: 7800 ns, Cleanup: 11601 ns, At safepoint: 7501 ns, Total: 26902 ns
[1110.948s][info ][safepoint      ] Safepoint "Cleanup", Time since last: 4000337365 ns, Reaching safepoint: 6701 ns, Cleanup: 18201 ns, At safepoint: 2600 ns, Total: 27502 ns
[1112.948s][info ][safepoint      ] Safepoint "Cleanup", Time since last: 2000186922 ns, Reaching safepoint: 6800 ns, Cleanup: 11801 ns, At safepoint: 2500 ns, Total: 21101 ns
[1114.949s][info ][safepoint      ] Safepoint "Cleanup", Time since last: 2000198871 ns, Reaching safepoint: 9100 ns, Cleanup: 13001 ns, At safepoint: 3600 ns, Total: 25701 ns
[1118.949s][info ][safepoint      ] Safepoint "Cleanup", Time since last: 4000386540 ns, Reaching safepoint: 6801 ns, Cleanup: 17501 ns, At safepoint: 2300 ns, Total: 26602 ns
[1124.949s][info ][safepoint      ] Safepoint "Cleanup", Time since last: 6000476622 ns, Reaching safepoint: 8100 ns, Cleanup: 12001 ns, At safepoint: 2800 ns, Total: 22901 ns
[1129.430s][info ][gc,start       ] GC(54) Pause Young (Allocation Failure)
[1129.435s][debug][gc,phases      ] GC(54) Scavenge 4.608ms
[1129.435s][debug][gc,ref         ] GC(54) ReferenceProcessor::execute queues: 1, RefProcThreadModel::Single, marks_oops_alive: false
[1129.435s][debug][gc,ref         ] GC(54) Skipped KeepAliveFinalRefsPhase of Reference Processing: no references
[1129.435s][debug][gc,ref         ] GC(54) ReferenceProcessor::execute queues: 1, RefProcThreadModel::Single, marks_oops_alive: false
[1129.435s][debug][gc,phases      ] GC(54) Reference Processing 0.116ms
[1129.435s][debug][gc,phases      ] GC(54)   VM Weak                        Min:  0.0, Avg:  0.0, Max:  0.0, Diff:  0.0, Sum:  0.0, Workers: 4
[1129.435s][debug][gc,phases      ] GC(54)     Dead                           Min: 0, Avg:  0.0, Max: 0, Diff: 0, Sum: 0, Workers: 4
[1129.435s][debug][gc,phases      ] GC(54)     Total                          Min: 0, Avg: 255.5, Max: 766, Diff: 766, Sum: 1022, Workers: 4
[1129.435s][debug][gc,phases      ] GC(54)   ObjectSynchronizer Weak        Min:  0.0, Avg:  0.0, Max:  0.0, Diff:  0.0, Sum:  0.0, Workers: 4
[1129.435s][debug][gc,phases      ] GC(54)     Dead                           Min: 0, Avg:  0.0, Max: 0, Diff: 0, Sum: 0, Workers: 4
[1129.435s][debug][gc,phases      ] GC(54)     Total                          Min: 0, Avg:  1.0, Max: 4, Diff: 4, Sum: 4, Workers: 4
[1129.435s][debug][gc,phases      ] GC(54)   JVMTI Tag Weak OopStorage      Min:  0.0, Avg:  0.0, Max:  0.0, Diff:  0.0, Sum:  0.0, Workers: 4
[1129.436s][debug][gc,phases      ] GC(54)     Dead                           Min: 0, Avg:  0.0, Max: 0, Diff: 0, Sum: 0, Workers: 4
[1129.436s][debug][gc,phases      ] GC(54)     Total                          Min: 0, Avg:  0.0, Max: 0, Diff: 0, Sum: 0, Workers: 4
[1129.436s][debug][gc,phases      ] GC(54)   StringTable Weak               Min:  0.0, Avg:  0.1, Max:  0.1, Diff:  0.1, Sum:  0.4, Workers: 4
[1129.436s][debug][gc,phases      ] GC(54)     Dead                           Min: 0, Avg:  0.2, Max: 1, Diff: 1, Sum: 1, Workers: 4
[1129.436s][debug][gc,phases      ] GC(54)     Total                          Min: 0, Avg: 11551.0, Max: 15998, Diff: 15998, Sum: 46204, Workers: 4
[1129.436s][debug][gc,phases      ] GC(54)   ResolvedMethodTable Weak       Min:  0.0, Avg:  0.0, Max:  0.1, Diff:  0.1, Sum:  0.2, Workers: 4
[1129.436s][debug][gc,phases      ] GC(54)     Dead                           Min: 0, Avg:  4.0, Max: 16, Diff: 16, Sum: 16, Workers: 4
[1129.436s][debug][gc,phases      ] GC(54)     Total                          Min: 0, Avg: 3811.2, Max: 5104, Diff: 5104, Sum: 15245, Workers: 4
[1129.436s][debug][gc,phases      ] GC(54)   JNI Weak                       Min:  0.0, Avg:  0.0, Max:  0.0, Diff:  0.0, Sum:  0.0, Workers: 4
[1129.436s][debug][gc,phases      ] GC(54)     Dead                           Min: 0, Avg:  0.0, Max: 0, Diff: 0, Sum: 0, Workers: 4
[1129.436s][debug][gc,phases      ] GC(54)     Total                          Min: 0, Avg: 13.0, Max: 48, Diff: 48, Sum: 52, Workers: 4
[1129.436s][debug][gc,phases      ] GC(54)   StringDedup Table Weak         Min:  0.0, Avg:  0.0, Max:  0.0, Diff:  0.0, Sum:  0.0, Workers: 4
[1129.436s][debug][gc,phases      ] GC(54)     Dead                           Min: 0, Avg:  0.0, Max: 0, Diff: 0, Sum: 0, Workers: 4
[1129.436s][debug][gc,phases      ] GC(54)     Total                          Min: 0, Avg:  0.0, Max: 0, Diff: 0, Sum: 0, Workers: 4
[1129.436s][debug][gc,phases      ] GC(54)   StringDedup Requests0 Weak     Min:  0.0, Avg:  0.0, Max:  0.0, Diff:  0.0, Sum:  0.0, Workers: 4
[1129.436s][debug][gc,phases      ] GC(54)     Dead                           Min: 0, Avg:  0.0, Max: 0, Diff: 0, Sum: 0, Workers: 4
[1129.436s][debug][gc,phases      ] GC(54)     Total                          Min: 0, Avg:  0.0, Max: 0, Diff: 0, Sum: 0, Workers: 4
[1129.436s][debug][gc,phases      ] GC(54)   StringDedup Requests1 Weak     Min:  0.0, Avg:  0.0, Max:  0.0, Diff:  0.0, Sum:  0.0, Workers: 4
[1129.436s][debug][gc,phases      ] GC(54)     Dead                           Min: 0, Avg:  0.0, Max: 0, Diff: 0, Sum: 0, Workers: 4
[1129.436s][debug][gc,phases      ] GC(54)     Total                          Min: 0, Avg:  0.0, Max: 0, Diff: 0, Sum: 0, Workers: 4
[1129.436s][debug][gc,phases      ] GC(54)   Weak JFR Old Object Samples    Min:  0.0, Avg:  0.0, Max:  0.0, Diff:  0.0, Sum:  0.0, Workers: 4
[1129.436s][debug][gc,phases      ] GC(54)     Dead                           Min: 0, Avg:  0.0, Max: 0, Diff: 0, Sum: 0, Workers: 4
[1129.436s][debug][gc,phases      ] GC(54)     Total                          Min: 0, Avg:  0.0, Max: 0, Diff: 0, Sum: 0, Workers: 4
[1129.436s][debug][gc,phases      ] GC(54) Weak Processing 0.479ms
[1129.436s][debug][gc,age         ] GC(54) Desired survivor size 25690112 bytes, new threshold 1 (max threshold 15)
[1129.436s][info ][gc,heap        ] GC(54) PSYoungGen: 2042107K(2066432K)->4352K(2072064K) Eden: 2037760K(2037760K)->0K(2045440K) From: 4347K(28672K)->4352K(26624K)
[1129.436s][info ][gc,heap        ] GC(54) ParOldGen: 305868K(306176K)->306855K(307200K)
[1129.436s][info ][gc,metaspace   ] GC(54) Metaspace: 106341K(107712K)->106341K(107712K) NonClass: 90297K(91072K)->90297K(91072K) Class: 16043K(16640K)->16043K(16640K)
[1129.436s][info ][gc             ] GC(54) Pause Young (Allocation Failure) 2292M->303M(2323M) 5.328ms
[1129.436s][info ][gc,cpu         ] GC(54) User=0.02s Sys=0.00s Real=0.01s
[1129.436s][info ][safepoint      ] Safepoint "ParallelGCFailedAllocation", Time since last: 4480824352 ns, Reaching safepoint: 6801 ns, Cleanup: 4600 ns, At safepoint: 5401263 ns, Total: 5412664 ns
[1131.436s][info ][safepoint      ] Safepoint "Cleanup", Time since last: 2000163594 ns, Reaching safepoint: 8001 ns, Cleanup: 12200 ns, At safepoint: 2601 ns, Total: 22802 ns
[1135.436s][info ][safepoint      ] Safepoint "Cleanup", Time since last: 4000326988 ns, Reaching safepoint: 8301 ns, Cleanup: 23001 ns, At safepoint: 2601 ns, Total: 33903 ns
[1136.436s][info ][safepoint      ] Safepoint "Cleanup", Time since last: 1000116022 ns, Reaching safepoint: 7700 ns, Cleanup: 17102 ns, At safepoint: 2900 ns, Total: 27702 ns
[1137.437s][info ][safepoint      ] Safepoint "Cleanup", Time since last: 1000118689 ns, Reaching safepoint: 7300 ns, Cleanup: 11301 ns, At safepoint: 3300 ns, Total: 21901 ns
[1144.378s][info ][safepoint      ] Safepoint "Cleanup", Time since last: 6941498728 ns, Reaching safepoint: 5801 ns, Cleanup: 10300 ns, At safepoint: 2301 ns, Total: 18402 ns
[1146.378s][info ][safepoint      ] Safepoint "Cleanup", Time since last: 2000194138 ns, Reaching safepoint: 6901 ns, Cleanup: 10300 ns, At safepoint: 2401 ns, Total: 19602 ns
[1148.379s][info ][safepoint      ] Safepoint "Cleanup", Time since last: 2000222340 ns, Reaching safepoint: 5801 ns, Cleanup: 11600 ns, At safepoint: 2401 ns, Total: 19802 ns
[1154.568s][info ][gc,start       ] GC(55) Pause Young (Allocation Failure)
[1154.572s][debug][gc,phases      ] GC(55) Scavenge 4.419ms
[1154.572s][debug][gc,ref         ] GC(55) ReferenceProcessor::execute queues: 1, RefProcThreadModel::Single, marks_oops_alive: false
[1154.572s][debug][gc,ref         ] GC(55) Skipped KeepAliveFinalRefsPhase of Reference Processing: no references
[1154.572s][debug][gc,ref         ] GC(55) Skipped PhantomRefsPhase of Reference Processing: no references
[1154.572s][debug][gc,phases      ] GC(55) Reference Processing 0.109ms
[1154.573s][debug][gc,phases      ] GC(55)   VM Weak                        Min:  0.0, Avg:  0.0, Max:  0.0, Diff:  0.0, Sum:  0.0, Workers: 4
[1154.573s][debug][gc,phases      ] GC(55)     Dead                           Min: 0, Avg:  0.0, Max: 0, Diff: 0, Sum: 0, Workers: 4
[1154.573s][debug][gc,phases      ] GC(55)     Total                          Min: 0, Avg: 255.5, Max: 512, Diff: 512, Sum: 1022, Workers: 4
[1154.573s][debug][gc,phases      ] GC(55)   ObjectSynchronizer Weak        Min:  0.0, Avg:  0.0, Max:  0.0, Diff:  0.0, Sum:  0.0, Workers: 4
[1154.573s][debug][gc,phases      ] GC(55)     Dead                           Min: 0, Avg:  0.0, Max: 0, Diff: 0, Sum: 0, Workers: 4
[1154.573s][debug][gc,phases      ] GC(55)     Total                          Min: 0, Avg:  0.8, Max: 3, Diff: 3, Sum: 3, Workers: 4
[1154.573s][debug][gc,phases      ] GC(55)   JVMTI Tag Weak OopStorage      Min:  0.0, Avg:  0.0, Max:  0.0, Diff:  0.0, Sum:  0.0, Workers: 4
[1154.573s][debug][gc,phases      ] GC(55)     Dead                           Min: 0, Avg:  0.0, Max: 0, Diff: 0, Sum: 0, Workers: 4
[1154.573s][debug][gc,phases      ] GC(55)     Total                          Min: 0, Avg:  0.0, Max: 0, Diff: 0, Sum: 0, Workers: 4
[1154.573s][debug][gc,phases      ] GC(55)   StringTable Weak               Min:  0.0, Avg:  0.1, Max:  0.2, Diff:  0.2, Sum:  0.5, Workers: 4
[1154.573s][debug][gc,phases      ] GC(55)     Dead                           Min: 0, Avg:  0.0, Max: 0, Diff: 0, Sum: 0, Workers: 4
[1154.573s][debug][gc,phases      ] GC(55)     Total                          Min: 0, Avg: 11551.0, Max: 15934, Diff: 15934, Sum: 46204, Workers: 4
[1154.573s][debug][gc,phases      ] GC(55)   ResolvedMethodTable Weak       Min:  0.0, Avg:  0.0, Max:  0.1, Diff:  0.1, Sum:  0.2, Workers: 4
[1154.573s][debug][gc,phases      ] GC(55)     Dead                           Min: 0, Avg:  4.0, Max: 16, Diff: 16, Sum: 16, Workers: 4
[1154.573s][debug][gc,phases      ] GC(55)     Total                          Min: 0, Avg: 3811.2, Max: 5603, Diff: 5603, Sum: 15245, Workers: 4
[1154.573s][debug][gc,phases      ] GC(55)   JNI Weak                       Min:  0.0, Avg:  0.0, Max:  0.0, Diff:  0.0, Sum:  0.0, Workers: 4
[1154.573s][debug][gc,phases      ] GC(55)     Dead                           Min: 0, Avg:  0.0, Max: 0, Diff: 0, Sum: 0, Workers: 4
[1154.573s][debug][gc,phases      ] GC(55)     Total                          Min: 0, Avg: 13.0, Max: 48, Diff: 48, Sum: 52, Workers: 4
[1154.573s][debug][gc,phases      ] GC(55)   StringDedup Table Weak         Min:  0.0, Avg:  0.0, Max:  0.0, Diff:  0.0, Sum:  0.0, Workers: 4
[1154.573s][debug][gc,phases      ] GC(55)     Dead                           Min: 0, Avg:  0.0, Max: 0, Diff: 0, Sum: 0, Workers: 4
[1154.573s][debug][gc,phases      ] GC(55)     Total                          Min: 0, Avg:  0.0, Max: 0, Diff: 0, Sum: 0, Workers: 4
[1154.573s][debug][gc,phases      ] GC(55)   StringDedup Requests0 Weak     Min:  0.0, Avg:  0.0, Max:  0.0, Diff:  0.0, Sum:  0.0, Workers: 4
[1154.573s][debug][gc,phases      ] GC(55)     Dead                           Min: 0, Avg:  0.0, Max: 0, Diff: 0, Sum: 0, Workers: 4
[1154.573s][debug][gc,phases      ] GC(55)     Total                          Min: 0, Avg:  0.0, Max: 0, Diff: 0, Sum: 0, Workers: 4
[1154.573s][debug][gc,phases      ] GC(55)   StringDedup Requests1 Weak     Min:  0.0, Avg:  0.0, Max:  0.0, Diff:  0.0, Sum:  0.0, Workers: 4
[1154.573s][debug][gc,phases      ] GC(55)     Dead                           Min: 0, Avg:  0.0, Max: 0, Diff: 0, Sum: 0, Workers: 4
[1154.573s][debug][gc,phases      ] GC(55)     Total                          Min: 0, Avg:  0.0, Max: 0, Diff: 0, Sum: 0, Workers: 4
[1154.573s][debug][gc,phases      ] GC(55)   Weak JFR Old Object Samples    Min:  0.0, Avg:  0.0, Max:  0.0, Diff:  0.0, Sum:  0.0, Workers: 4
[1154.573s][debug][gc,phases      ] GC(55)     Dead                           Min: 0, Avg:  0.0, Max: 0, Diff: 0, Sum: 0, Workers: 4
[1154.573s][debug][gc,phases      ] GC(55)     Total                          Min: 0, Avg:  0.0, Max: 0, Diff: 0, Sum: 0, Workers: 4
[1154.573s][debug][gc,phases      ] GC(55) Weak Processing 0.448ms
[1154.573s][debug][gc,age         ] GC(55) Desired survivor size 24117248 bytes, new threshold 1 (max threshold 15)
[1154.573s][info ][gc,heap        ] GC(55) PSYoungGen: 2049792K(2072064K)->3200K(2070528K) Eden: 2045440K(2045440K)->0K(2045440K) From: 4352K(26624K)->3200K(25088K)
[1154.573s][info ][gc,heap        ] GC(55) ParOldGen: 306855K(307200K)->308652K(308736K)
[1154.573s][info ][gc,metaspace   ] GC(55) Metaspace: 106356K(107712K)->106356K(107712K) NonClass: 90313K(91072K)->90313K(91072K) Class: 16043K(16640K)->16043K(16640K)
[1154.573s][info ][gc             ] GC(55) Pause Young (Allocation Failure) 2301M->304M(2323M) 5.117ms
[1154.573s][info ][gc,cpu         ] GC(55) User=0.02s Sys=0.00s Real=0.00s
[1154.573s][info ][safepoint      ] Safepoint "ParallelGCFailedAllocation", Time since last: 6189292556 ns, Reaching safepoint: 6601 ns, Cleanup: 4600 ns, At safepoint: 5189231 ns, Total: 5200432 ns
[1157.574s][info ][safepoint      ] Safepoint "Cleanup", Time since last: 3000342788 ns, Reaching safepoint: 108106 ns, Cleanup: 44803 ns, At safepoint: 9201 ns, Total: 162110 ns
[1161.574s][info ][safepoint      ] Safepoint "Cleanup", Time since last: 4000360353 ns, Reaching safepoint: 78805 ns, Cleanup: 33802 ns, At safepoint: 6901 ns, Total: 119508 ns
[1179.576s][info ][safepoint      ] Safepoint "Cleanup", Time since last: 18001529554 ns, Reaching safepoint: 5900 ns, Cleanup: 11501 ns, At safepoint: 3000 ns, Total: 20401 ns
[1180.012s][info ][gc,start       ] GC(56) Pause Young (Allocation Failure)
[1180.016s][debug][gc,phases      ] GC(56) Scavenge 4.478ms
[1180.016s][debug][gc,ref         ] GC(56) ReferenceProcessor::execute queues: 1, RefProcThreadModel::Single, marks_oops_alive: false
[1180.016s][debug][gc,ref         ] GC(56) Skipped KeepAliveFinalRefsPhase of Reference Processing: no references
[1180.016s][debug][gc,ref         ] GC(56) Skipped PhantomRefsPhase of Reference Processing: no references
[1180.016s][debug][gc,phases      ] GC(56) Reference Processing 0.129ms
[1180.017s][debug][gc,phases      ] GC(56)   VM Weak                        Min:  0.0, Avg:  0.0, Max:  0.0, Diff:  0.0, Sum:  0.0, Workers: 4
[1180.017s][debug][gc,phases      ] GC(56)     Dead                           Min: 0, Avg:  0.0, Max: 0, Diff: 0, Sum: 0, Workers: 4
[1180.017s][debug][gc,phases      ] GC(56)     Total                          Min: 0, Avg: 255.5, Max: 512, Diff: 512, Sum: 1022, Workers: 4
[1180.017s][debug][gc,phases      ] GC(56)   ObjectSynchronizer Weak        Min:  0.0, Avg:  0.0, Max:  0.0, Diff:  0.0, Sum:  0.0, Workers: 4
[1180.017s][debug][gc,phases      ] GC(56)     Dead                           Min: 0, Avg:  0.0, Max: 0, Diff: 0, Sum: 0, Workers: 4
[1180.017s][debug][gc,phases      ] GC(56)     Total                          Min: 0, Avg:  1.0, Max: 4, Diff: 4, Sum: 4, Workers: 4
[1180.017s][debug][gc,phases      ] GC(56)   JVMTI Tag Weak OopStorage      Min:  0.0, Avg:  0.0, Max:  0.0, Diff:  0.0, Sum:  0.0, Workers: 4
[1180.017s][debug][gc,phases      ] GC(56)     Dead                           Min: 0, Avg:  0.0, Max: 0, Diff: 0, Sum: 0, Workers: 4
[1180.017s][debug][gc,phases      ] GC(56)     Total                          Min: 0, Avg:  0.0, Max: 0, Diff: 0, Sum: 0, Workers: 4
[1180.017s][debug][gc,phases      ] GC(56)   StringTable Weak               Min:  0.0, Avg:  0.1, Max:  0.2, Diff:  0.2, Sum:  0.5, Workers: 4
[1180.017s][debug][gc,phases      ] GC(56)     Dead                           Min: 0, Avg:  0.0, Max: 0, Diff: 0, Sum: 0, Workers: 4
[1180.017s][debug][gc,phases      ] GC(56)     Total                          Min: 0, Avg: 11551.0, Max: 16192, Diff: 16192, Sum: 46204, Workers: 4
[1180.017s][debug][gc,phases      ] GC(56)   ResolvedMethodTable Weak       Min:  0.0, Avg:  0.0, Max:  0.1, Diff:  0.1, Sum:  0.2, Workers: 4
[1180.017s][debug][gc,phases      ] GC(56)     Dead                           Min: 0, Avg:  4.0, Max: 16, Diff: 16, Sum: 16, Workers: 4
[1180.017s][debug][gc,phases      ] GC(56)     Total                          Min: 0, Avg: 3811.2, Max: 5157, Diff: 5157, Sum: 15245, Workers: 4
[1180.017s][debug][gc,phases      ] GC(56)   JNI Weak                       Min:  0.0, Avg:  0.0, Max:  0.0, Diff:  0.0, Sum:  0.0, Workers: 4
[1180.017s][debug][gc,phases      ] GC(56)     Dead                           Min: 0, Avg:  0.0, Max: 0, Diff: 0, Sum: 0, Workers: 4
[1180.017s][debug][gc,phases      ] GC(56)     Total                          Min: 0, Avg: 13.0, Max: 48, Diff: 48, Sum: 52, Workers: 4
[1180.017s][debug][gc,phases      ] GC(56)   StringDedup Table Weak         Min:  0.0, Avg:  0.0, Max:  0.0, Diff:  0.0, Sum:  0.0, Workers: 4
[1180.017s][debug][gc,phases      ] GC(56)     Dead                           Min: 0, Avg:  0.0, Max: 0, Diff: 0, Sum: 0, Workers: 4
[1180.017s][debug][gc,phases      ] GC(56)     Total                          Min: 0, Avg:  0.0, Max: 0, Diff: 0, Sum: 0, Workers: 4
[1180.017s][debug][gc,phases      ] GC(56)   StringDedup Requests0 Weak     Min:  0.0, Avg:  0.0, Max:  0.0, Diff:  0.0, Sum:  0.0, Workers: 4
[1180.017s][debug][gc,phases      ] GC(56)     Dead                           Min: 0, Avg:  0.0, Max: 0, Diff: 0, Sum: 0, Workers: 4
[1180.017s][debug][gc,phases      ] GC(56)     Total                          Min: 0, Avg:  0.0, Max: 0, Diff: 0, Sum: 0, Workers: 4
[1180.017s][debug][gc,phases      ] GC(56)   StringDedup Requests1 Weak     Min:  0.0, Avg:  0.0, Max:  0.0, Diff:  0.0, Sum:  0.0, Workers: 4
[1180.017s][debug][gc,phases      ] GC(56)     Dead                           Min: 0, Avg:  0.0, Max: 0, Diff: 0, Sum: 0, Workers: 4
[1180.017s][debug][gc,phases      ] GC(56)     Total                          Min: 0, Avg:  0.0, Max: 0, Diff: 0, Sum: 0, Workers: 4
[1180.017s][debug][gc,phases      ] GC(56)   Weak JFR Old Object Samples    Min:  0.0, Avg:  0.0, Max:  0.0, Diff:  0.0, Sum:  0.0, Workers: 4
[1180.017s][debug][gc,phases      ] GC(56)     Dead                           Min: 0, Avg:  0.0, Max: 0, Diff: 0, Sum: 0, Workers: 4
[1180.017s][debug][gc,phases      ] GC(56)     Total                          Min: 0, Avg:  0.0, Max: 0, Diff: 0, Sum: 0, Workers: 4
[1180.017s][debug][gc,phases      ] GC(56) Weak Processing 0.471ms
[1180.017s][debug][gc,age         ] GC(56) Desired survivor size 22544384 bytes, new threshold 1 (max threshold 15)
[1180.017s][info ][gc,heap        ] GC(56) PSYoungGen: 2048640K(2070528K)->4544K(2075136K) Eden: 2045440K(2045440K)->0K(2051584K) From: 3200K(25088K)->4544K(23552K)
[1180.017s][info ][gc,heap        ] GC(56) ParOldGen: 308652K(308736K)->309360K(309760K)
[1180.017s][info ][gc,metaspace   ] GC(56) Metaspace: 106362K(107712K)->106362K(107712K) NonClass: 90318K(91072K)->90318K(91072K) Class: 16043K(16640K)->16043K(16640K)
[1180.017s][info ][gc             ] GC(56) Pause Young (Allocation Failure) 2302M->306M(2329M) 5.242ms
[1180.017s][info ][gc,cpu         ] GC(56) User=0.02s Sys=0.00s Real=0.01s
[1180.017s][info ][safepoint      ] Safepoint "ParallelGCFailedAllocation", Time since last: 435978236 ns, Reaching safepoint: 83105 ns, Cleanup: 12501 ns, At safepoint: 5321835 ns, Total: 5417441 ns
[1181.017s][info ][safepoint      ] Safepoint "Cleanup", Time since last: 1000095336 ns, Reaching safepoint: 78905 ns, Cleanup: 12901 ns, At safepoint: 6000 ns, Total: 97806 ns
[1186.018s][info ][safepoint      ] Safepoint "Cleanup", Time since last: 5000457207 ns, Reaching safepoint: 79405 ns, Cleanup: 10501 ns, At safepoint: 6200 ns, Total: 96106 ns
[1191.018s][info ][safepoint      ] Safepoint "Cleanup", Time since last: 5000420914 ns, Reaching safepoint: 82305 ns, Cleanup: 10601 ns, At safepoint: 6100 ns, Total: 99006 ns
[1197.019s][info ][safepoint      ] Safepoint "Cleanup", Time since last: 6000473365 ns, Reaching safepoint: 107907 ns, Cleanup: 14901 ns, At safepoint: 13801 ns, Total: 136609 ns
[1200.396s][info ][safepoint      ] Safepoint "Cleanup", Time since last: 3377372197 ns, Reaching safepoint: 3301 ns, Cleanup: 9700 ns, At safepoint: 3901 ns, Total: 16902 ns
[1205.275s][info ][gc,start       ] GC(57) Pause Young (Allocation Failure)
[1205.280s][debug][gc,phases      ] GC(57) Scavenge 4.895ms
[1205.281s][debug][gc,ref         ] GC(57) ReferenceProcessor::execute queues: 1, RefProcThreadModel::Single, marks_oops_alive: false
[1205.281s][debug][gc,ref         ] GC(57) Skipped KeepAliveFinalRefsPhase of Reference Processing: no references
[1205.281s][debug][gc,ref         ] GC(57) Skipped PhantomRefsPhase of Reference Processing: no references
[1205.281s][debug][gc,phases      ] GC(57) Reference Processing 0.116ms
[1205.281s][debug][gc,phases      ] GC(57)   VM Weak                        Min:  0.0, Avg:  0.0, Max:  0.0, Diff:  0.0, Sum:  0.0, Workers: 4
[1205.281s][debug][gc,phases      ] GC(57)     Dead                           Min: 0, Avg:  0.0, Max: 0, Diff: 0, Sum: 0, Workers: 4
[1205.281s][debug][gc,phases      ] GC(57)     Total                          Min: 0, Avg: 255.5, Max: 576, Diff: 576, Sum: 1022, Workers: 4
[1205.281s][debug][gc,phases      ] GC(57)   ObjectSynchronizer Weak        Min:  0.0, Avg:  0.0, Max:  0.0, Diff:  0.0, Sum:  0.0, Workers: 4
[1205.281s][debug][gc,phases      ] GC(57)     Dead                           Min: 0, Avg:  0.0, Max: 0, Diff: 0, Sum: 0, Workers: 4
[1205.281s][debug][gc,phases      ] GC(57)     Total                          Min: 0, Avg:  0.8, Max: 3, Diff: 3, Sum: 3, Workers: 4
[1205.281s][debug][gc,phases      ] GC(57)   JVMTI Tag Weak OopStorage      Min:  0.0, Avg:  0.0, Max:  0.0, Diff:  0.0, Sum:  0.0, Workers: 4
[1205.281s][debug][gc,phases      ] GC(57)     Dead                           Min: 0, Avg:  0.0, Max: 0, Diff: 0, Sum: 0, Workers: 4
[1205.281s][debug][gc,phases      ] GC(57)     Total                          Min: 0, Avg:  0.0, Max: 0, Diff: 0, Sum: 0, Workers: 4
[1205.281s][debug][gc,phases      ] GC(57)   StringTable Weak               Min:  0.0, Avg:  0.1, Max:  0.1, Diff:  0.1, Sum:  0.4, Workers: 4
[1205.281s][debug][gc,phases      ] GC(57)     Dead                           Min: 0, Avg:  0.0, Max: 0, Diff: 0, Sum: 0, Workers: 4
[1205.281s][debug][gc,phases      ] GC(57)     Total                          Min: 0, Avg: 11551.0, Max: 15872, Diff: 15872, Sum: 46204, Workers: 4
[1205.281s][debug][gc,phases      ] GC(57)   ResolvedMethodTable Weak       Min:  0.0, Avg:  0.0, Max:  0.1, Diff:  0.1, Sum:  0.2, Workers: 4
[1205.281s][debug][gc,phases      ] GC(57)     Dead                           Min: 0, Avg:  4.0, Max: 16, Diff: 16, Sum: 16, Workers: 4
[1205.281s][debug][gc,phases      ] GC(57)     Total                          Min: 0, Avg: 3811.2, Max: 5394, Diff: 5394, Sum: 15245, Workers: 4
[1205.281s][debug][gc,phases      ] GC(57)   JNI Weak                       Min:  0.0, Avg:  0.0, Max:  0.0, Diff:  0.0, Sum:  0.0, Workers: 4
[1205.281s][debug][gc,phases      ] GC(57)     Dead                           Min: 0, Avg:  0.0, Max: 0, Diff: 0, Sum: 0, Workers: 4
[1205.281s][debug][gc,phases      ] GC(57)     Total                          Min: 0, Avg: 13.0, Max: 48, Diff: 48, Sum: 52, Workers: 4
[1205.281s][debug][gc,phases      ] GC(57)   StringDedup Table Weak         Min:  0.0, Avg:  0.0, Max:  0.0, Diff:  0.0, Sum:  0.0, Workers: 4
[1205.281s][debug][gc,phases      ] GC(57)     Dead                           Min: 0, Avg:  0.0, Max: 0, Diff: 0, Sum: 0, Workers: 4
[1205.281s][debug][gc,phases      ] GC(57)     Total                          Min: 0, Avg:  0.0, Max: 0, Diff: 0, Sum: 0, Workers: 4
[1205.281s][debug][gc,phases      ] GC(57)   StringDedup Requests0 Weak     Min:  0.0, Avg:  0.0, Max:  0.0, Diff:  0.0, Sum:  0.0, Workers: 4
[1205.281s][debug][gc,phases      ] GC(57)     Dead                           Min: 0, Avg:  0.0, Max: 0, Diff: 0, Sum: 0, Workers: 4
[1205.281s][debug][gc,phases      ] GC(57)     Total                          Min: 0, Avg:  0.0, Max: 0, Diff: 0, Sum: 0, Workers: 4
[1205.281s][debug][gc,phases      ] GC(57)   StringDedup Requests1 Weak     Min:  0.0, Avg:  0.0, Max:  0.0, Diff:  0.0, Sum:  0.0, Workers: 4
[1205.281s][debug][gc,phases      ] GC(57)     Dead                           Min: 0, Avg:  0.0, Max: 0, Diff: 0, Sum: 0, Workers: 4
[1205.281s][debug][gc,phases      ] GC(57)     Total                          Min: 0, Avg:  0.0, Max: 0, Diff: 0, Sum: 0, Workers: 4
[1205.281s][debug][gc,phases      ] GC(57)   Weak JFR Old Object Samples    Min:  0.0, Avg:  0.0, Max:  0.0, Diff:  0.0, Sum:  0.0, Workers: 4
[1205.281s][debug][gc,phases      ] GC(57)     Dead                           Min: 0, Avg:  0.0, Max: 0, Diff: 0, Sum: 0, Workers: 4
[1205.281s][debug][gc,phases      ] GC(57)     Total                          Min: 0, Avg:  0.0, Max: 0, Diff: 0, Sum: 0, Workers: 4
[1205.281s][debug][gc,phases      ] GC(57) Weak Processing 0.447ms
[1205.281s][debug][gc,age         ] GC(57) Desired survivor size 20971520 bytes, new threshold 1 (max threshold 15)
[1205.281s][info ][gc,heap        ] GC(57) PSYoungGen: 2056128K(2075136K)->4304K(2073600K) Eden: 2051584K(2051584K)->0K(2051584K) From: 4544K(23552K)->4304K(22016K)
[1205.281s][info ][gc,heap        ] GC(57) ParOldGen: 309360K(309760K)->310200K(310272K)
[1205.281s][info ][gc,metaspace   ] GC(57) Metaspace: 106367K(107712K)->106367K(107712K) NonClass: 90323K(91072K)->90323K(91072K) Class: 16043K(16640K)->16043K(16640K)
[1205.281s][info ][gc             ] GC(57) Pause Young (Allocation Failure) 2310M->307M(2328M) 5.598ms
[1205.281s][info ][gc,cpu         ] GC(57) User=0.02s Sys=0.00s Real=0.00s
[1205.281s][info ][safepoint      ] Safepoint "ParallelGCFailedAllocation", Time since last: 4879198408 ns, Reaching safepoint: 5700 ns, Cleanup: 5001 ns, At safepoint: 5668779 ns, Total: 5679480 ns
[1208.281s][info ][safepoint      ] Safepoint "Cleanup", Time since last: 3000297971 ns, Reaching safepoint: 6200 ns, Cleanup: 10101 ns, At safepoint: 2600 ns, Total: 18901 ns
[1214.282s][info ][safepoint      ] Safepoint "Cleanup", Time since last: 6000484018 ns, Reaching safepoint: 6900 ns, Cleanup: 30102 ns, At safepoint: 2600 ns, Total: 39602 ns
[1216.282s][info ][safepoint      ] Safepoint "Cleanup", Time since last: 2000196183 ns, Reaching safepoint: 7800 ns, Cleanup: 12401 ns, At safepoint: 2600 ns, Total: 22801 ns
[1227.283s][info ][safepoint      ] Safepoint "Cleanup", Time since last: 11000834004 ns, Reaching safepoint: 8201 ns, Cleanup: 14701 ns, At safepoint: 2700 ns, Total: 25602 ns
[1229.283s][info ][safepoint      ] Safepoint "Cleanup", Time since last: 2000232232 ns, Reaching safepoint: 7801 ns, Cleanup: 11501 ns, At safepoint: 2800 ns, Total: 22102 ns
[1229.977s][info ][gc,start       ] GC(58) Pause Young (Allocation Failure)
[1229.981s][debug][gc,phases      ] GC(58) Scavenge 4.252ms
[1229.981s][debug][gc,ref         ] GC(58) ReferenceProcessor::execute queues: 1, RefProcThreadModel::Single, marks_oops_alive: false
[1229.981s][debug][gc,ref         ] GC(58) Skipped KeepAliveFinalRefsPhase of Reference Processing: no references
[1229.981s][debug][gc,ref         ] GC(58) ReferenceProcessor::execute queues: 1, RefProcThreadModel::Single, marks_oops_alive: false
[1229.981s][debug][gc,phases      ] GC(58) Reference Processing 0.115ms
[1229.981s][debug][gc,phases      ] GC(58)   VM Weak                        Min:  0.0, Avg:  0.0, Max:  0.0, Diff:  0.0, Sum:  0.0, Workers: 4
[1229.981s][debug][gc,phases      ] GC(58)     Dead                           Min: 0, Avg:  0.0, Max: 0, Diff: 0, Sum: 0, Workers: 4
[1229.981s][debug][gc,phases      ] GC(58)     Total                          Min: 0, Avg: 255.5, Max: 576, Diff: 576, Sum: 1022, Workers: 4
[1229.981s][debug][gc,phases      ] GC(58)   ObjectSynchronizer Weak        Min:  0.0, Avg:  0.0, Max:  0.0, Diff:  0.0, Sum:  0.0, Workers: 4
[1229.981s][debug][gc,phases      ] GC(58)     Dead                           Min: 0, Avg:  0.0, Max: 0, Diff: 0, Sum: 0, Workers: 4
[1229.981s][debug][gc,phases      ] GC(58)     Total                          Min: 0, Avg:  0.8, Max: 3, Diff: 3, Sum: 3, Workers: 4
[1229.981s][debug][gc,phases      ] GC(58)   JVMTI Tag Weak OopStorage      Min:  0.0, Avg:  0.0, Max:  0.0, Diff:  0.0, Sum:  0.0, Workers: 4
[1229.981s][debug][gc,phases      ] GC(58)     Dead                           Min: 0, Avg:  0.0, Max: 0, Diff: 0, Sum: 0, Workers: 4
[1229.981s][debug][gc,phases      ] GC(58)     Total                          Min: 0, Avg:  0.0, Max: 0, Diff: 0, Sum: 0, Workers: 4
[1229.981s][debug][gc,phases      ] GC(58)   StringTable Weak               Min:  0.0, Avg:  0.1, Max:  0.2, Diff:  0.2, Sum:  0.5, Workers: 4
[1229.981s][debug][gc,phases      ] GC(58)     Dead                           Min: 0, Avg:  0.0, Max: 0, Diff: 0, Sum: 0, Workers: 4
[1229.981s][debug][gc,phases      ] GC(58)     Total                          Min: 0, Avg: 11551.0, Max: 17021, Diff: 17021, Sum: 46204, Workers: 4
[1229.981s][debug][gc,phases      ] GC(58)   ResolvedMethodTable Weak       Min:  0.0, Avg:  0.0, Max:  0.1, Diff:  0.1, Sum:  0.2, Workers: 4
[1229.981s][debug][gc,phases      ] GC(58)     Dead                           Min: 0, Avg:  4.0, Max: 16, Diff: 16, Sum: 16, Workers: 4
[1229.981s][debug][gc,phases      ] GC(58)     Total                          Min: 0, Avg: 3811.2, Max: 5258, Diff: 5258, Sum: 15245, Workers: 4
[1229.981s][debug][gc,phases      ] GC(58)   JNI Weak                       Min:  0.0, Avg:  0.0, Max:  0.0, Diff:  0.0, Sum:  0.0, Workers: 4
[1229.982s][debug][gc,phases      ] GC(58)     Dead                           Min: 0, Avg:  0.0, Max: 0, Diff: 0, Sum: 0, Workers: 4
[1229.982s][debug][gc,phases      ] GC(58)     Total                          Min: 0, Avg: 13.0, Max: 48, Diff: 48, Sum: 52, Workers: 4
[1229.982s][debug][gc,phases      ] GC(58)   StringDedup Table Weak         Min:  0.0, Avg:  0.0, Max:  0.0, Diff:  0.0, Sum:  0.0, Workers: 4
[1229.982s][debug][gc,phases      ] GC(58)     Dead                           Min: 0, Avg:  0.0, Max: 0, Diff: 0, Sum: 0, Workers: 4
[1229.982s][debug][gc,phases      ] GC(58)     Total                          Min: 0, Avg:  0.0, Max: 0, Diff: 0, Sum: 0, Workers: 4
[1229.982s][debug][gc,phases      ] GC(58)   StringDedup Requests0 Weak     Min:  0.0, Avg:  0.0, Max:  0.0, Diff:  0.0, Sum:  0.0, Workers: 4
[1229.982s][debug][gc,phases      ] GC(58)     Dead                           Min: 0, Avg:  0.0, Max: 0, Diff: 0, Sum: 0, Workers: 4
[1229.982s][debug][gc,phases      ] GC(58)     Total                          Min: 0, Avg:  0.0, Max: 0, Diff: 0, Sum: 0, Workers: 4
[1229.982s][debug][gc,phases      ] GC(58)   StringDedup Requests1 Weak     Min:  0.0, Avg:  0.0, Max:  0.0, Diff:  0.0, Sum:  0.0, Workers: 4
[1229.982s][debug][gc,phases      ] GC(58)     Dead                           Min: 0, Avg:  0.0, Max: 0, Diff: 0, Sum: 0, Workers: 4
[1229.982s][debug][gc,phases      ] GC(58)     Total                          Min: 0, Avg:  0.0, Max: 0, Diff: 0, Sum: 0, Workers: 4
[1229.982s][debug][gc,phases      ] GC(58)   Weak JFR Old Object Samples    Min:  0.0, Avg:  0.0, Max:  0.0, Diff:  0.0, Sum:  0.0, Workers: 4
[1229.982s][debug][gc,phases      ] GC(58)     Dead                           Min: 0, Avg:  0.0, Max: 0, Diff: 0, Sum: 0, Workers: 4
[1229.982s][debug][gc,phases      ] GC(58)     Total                          Min: 0, Avg:  0.0, Max: 0, Diff: 0, Sum: 0, Workers: 4
[1229.982s][debug][gc,phases      ] GC(58) Weak Processing 0.533ms
[1229.982s][debug][gc,age         ] GC(58) Desired survivor size 19922944 bytes, new threshold 1 (max threshold 15)
[1229.982s][info ][gc,heap        ] GC(58) PSYoungGen: 2055888K(2073600K)->4112K(2077696K) Eden: 2051584K(2051584K)->0K(2057216K) From: 4304K(22016K)->4112K(20480K)
[1229.982s][info ][gc,heap        ] GC(58) ParOldGen: 310200K(310272K)->311136K(311296K)
[1229.982s][info ][gc,metaspace   ] GC(58) Metaspace: 106370K(107712K)->106370K(107712K) NonClass: 90327K(91072K)->90327K(91072K) Class: 16043K(16640K)->16043K(16640K)
[1229.982s][info ][gc             ] GC(58) Pause Young (Allocation Failure) 2310M->307M(2333M) 5.048ms
[1229.982s][info ][gc,cpu         ] GC(58) User=0.01s Sys=0.00s Real=0.00s
[1229.982s][info ][safepoint      ] Safepoint "ParallelGCFailedAllocation", Time since last: 693261830 ns, Reaching safepoint: 7001 ns, Cleanup: 4200 ns, At safepoint: 5126739 ns, Total: 5137940 ns
[1235.982s][info ][safepoint      ] Safepoint "Cleanup", Time since last: 6000456879 ns, Reaching safepoint: 7500 ns, Cleanup: 12101 ns, At safepoint: 2200 ns, Total: 21801 ns
[1255.575s][info ][gc,start       ] GC(59) Pause Young (Allocation Failure)
[1255.580s][debug][gc,phases      ] GC(59) Scavenge 4.316ms
[1255.580s][debug][gc,ref         ] GC(59) ReferenceProcessor::execute queues: 1, RefProcThreadModel::Single, marks_oops_alive: false
[1255.580s][debug][gc,ref         ] GC(59) Skipped KeepAliveFinalRefsPhase of Reference Processing: no references
[1255.580s][debug][gc,ref         ] GC(59) ReferenceProcessor::execute queues: 1, RefProcThreadModel::Single, marks_oops_alive: false
[1255.580s][debug][gc,phases      ] GC(59) Reference Processing 0.117ms
[1255.580s][debug][gc,phases      ] GC(59)   VM Weak                        Min:  0.0, Avg:  0.0, Max:  0.0, Diff:  0.0, Sum:  0.0, Workers: 4
[1255.580s][debug][gc,phases      ] GC(59)     Dead                           Min: 0, Avg:  0.0, Max: 0, Diff: 0, Sum: 0, Workers: 4
[1255.580s][debug][gc,phases      ] GC(59)     Total                          Min: 0, Avg: 255.5, Max: 512, Diff: 512, Sum: 1022, Workers: 4
[1255.580s][debug][gc,phases      ] GC(59)   ObjectSynchronizer Weak        Min:  0.0, Avg:  0.0, Max:  0.0, Diff:  0.0, Sum:  0.0, Workers: 4
[1255.580s][debug][gc,phases      ] GC(59)     Dead                           Min: 0, Avg:  0.0, Max: 0, Diff: 0, Sum: 0, Workers: 4
[1255.580s][debug][gc,phases      ] GC(59)     Total                          Min: 0, Avg:  0.8, Max: 3, Diff: 3, Sum: 3, Workers: 4
[1255.580s][debug][gc,phases      ] GC(59)   JVMTI Tag Weak OopStorage      Min:  0.0, Avg:  0.0, Max:  0.0, Diff:  0.0, Sum:  0.0, Workers: 4
[1255.580s][debug][gc,phases      ] GC(59)     Dead                           Min: 0, Avg:  0.0, Max: 0, Diff: 0, Sum: 0, Workers: 4
[1255.580s][debug][gc,phases      ] GC(59)     Total                          Min: 0, Avg:  0.0, Max: 0, Diff: 0, Sum: 0, Workers: 4
[1255.580s][debug][gc,phases      ] GC(59)   StringTable Weak               Min:  0.1, Avg:  0.1, Max:  0.1, Diff:  0.0, Sum:  0.5, Workers: 4
[1255.580s][debug][gc,phases      ] GC(59)     Dead                           Min: 0, Avg:  0.0, Max: 0, Diff: 0, Sum: 0, Workers: 4
[1255.580s][debug][gc,phases      ] GC(59)     Total                          Min: 10496, Avg: 11551.0, Max: 13629, Diff: 3133, Sum: 46204, Workers: 4
[1255.580s][debug][gc,phases      ] GC(59)   ResolvedMethodTable Weak       Min:  0.0, Avg:  0.0, Max:  0.0, Diff:  0.0, Sum:  0.2, Workers: 4
[1255.580s][debug][gc,phases      ] GC(59)     Dead                           Min: 0, Avg:  4.0, Max: 16, Diff: 16, Sum: 16, Workers: 4
[1255.580s][debug][gc,phases      ] GC(59)     Total                          Min: 3451, Avg: 3811.2, Max: 4499, Diff: 1048, Sum: 15245, Workers: 4
[1255.580s][debug][gc,phases      ] GC(59)   JNI Weak                       Min:  0.0, Avg:  0.0, Max:  0.0, Diff:  0.0, Sum:  0.0, Workers: 4
[1255.580s][debug][gc,phases      ] GC(59)     Dead                           Min: 0, Avg:  0.0, Max: 0, Diff: 0, Sum: 0, Workers: 4
[1255.580s][debug][gc,phases      ] GC(59)     Total                          Min: 0, Avg: 13.0, Max: 48, Diff: 48, Sum: 52, Workers: 4
[1255.580s][debug][gc,phases      ] GC(59)   StringDedup Table Weak         Min:  0.0, Avg:  0.0, Max:  0.0, Diff:  0.0, Sum:  0.0, Workers: 4
[1255.580s][debug][gc,phases      ] GC(59)     Dead                           Min: 0, Avg:  0.0, Max: 0, Diff: 0, Sum: 0, Workers: 4
[1255.580s][debug][gc,phases      ] GC(59)     Total                          Min: 0, Avg:  0.0, Max: 0, Diff: 0, Sum: 0, Workers: 4
[1255.580s][debug][gc,phases      ] GC(59)   StringDedup Requests0 Weak     Min:  0.0, Avg:  0.0, Max:  0.0, Diff:  0.0, Sum:  0.0, Workers: 4
[1255.580s][debug][gc,phases      ] GC(59)     Dead                           Min: 0, Avg:  0.0, Max: 0, Diff: 0, Sum: 0, Workers: 4
[1255.580s][debug][gc,phases      ] GC(59)     Total                          Min: 0, Avg:  0.0, Max: 0, Diff: 0, Sum: 0, Workers: 4
[1255.580s][debug][gc,phases      ] GC(59)   StringDedup Requests1 Weak     Min:  0.0, Avg:  0.0, Max:  0.0, Diff:  0.0, Sum:  0.0, Workers: 4
[1255.580s][debug][gc,phases      ] GC(59)     Dead                           Min: 0, Avg:  0.0, Max: 0, Diff: 0, Sum: 0, Workers: 4
[1255.580s][debug][gc,phases      ] GC(59)     Total                          Min: 0, Avg:  0.0, Max: 0, Diff: 0, Sum: 0, Workers: 4
[1255.580s][debug][gc,phases      ] GC(59)   Weak JFR Old Object Samples    Min:  0.0, Avg:  0.0, Max:  0.0, Diff:  0.0, Sum:  0.0, Workers: 4
[1255.580s][debug][gc,phases      ] GC(59)     Dead                           Min: 0, Avg:  0.0, Max: 0, Diff: 0, Sum: 0, Workers: 4
[1255.580s][debug][gc,phases      ] GC(59)     Total                          Min: 0, Avg:  0.0, Max: 0, Diff: 0, Sum: 0, Workers: 4
[1255.580s][debug][gc,phases      ] GC(59) Weak Processing 0.413ms
[1255.580s][debug][gc,age         ] GC(59) Desired survivor size 18874368 bytes, new threshold 1 (max threshold 15)
[1255.580s][info ][gc,heap        ] GC(59) PSYoungGen: 2061328K(2077696K)->4352K(2076672K) Eden: 2057216K(2057216K)->0K(2057216K) From: 4112K(20480K)->4352K(19456K)
[1255.580s][info ][gc,heap        ] GC(59) ParOldGen: 311136K(311296K)->312020K(312320K)
[1255.580s][info ][gc,metaspace   ] GC(59) Metaspace: 106373K(107712K)->106373K(107712K) NonClass: 90330K(91072K)->90330K(91072K) Class: 16043K(16640K)->16043K(16640K)
[1255.580s][info ][gc             ] GC(59) Pause Young (Allocation Failure) 2316M->308M(2333M) 5.001ms
[1255.580s][info ][gc,cpu         ] GC(59) User=0.02s Sys=0.00s Real=0.00s
[1255.580s][info ][safepoint      ] Safepoint "ParallelGCFailedAllocation", Time since last: 19593068066 ns, Reaching safepoint: 6801 ns, Cleanup: 4100 ns, At safepoint: 5077333 ns, Total: 5088234 ns
[1270.581s][info ][safepoint      ] Safepoint "Cleanup", Time since last: 15001071881 ns, Reaching safepoint: 7500 ns, Cleanup: 10901 ns, At safepoint: 2200 ns, Total: 20601 ns
[1274.582s][info ][safepoint      ] Safepoint "Cleanup", Time since last: 4000321311 ns, Reaching safepoint: 77805 ns, Cleanup: 11801 ns, At safepoint: 6300 ns, Total: 95906 ns
[1281.582s][info ][safepoint      ] Safepoint "Cleanup", Time since last: 7000520069 ns, Reaching safepoint: 6900 ns, Cleanup: 14201 ns, At safepoint: 2600 ns, Total: 23701 ns
[1281.671s][info ][gc,start       ] GC(60) Pause Young (Allocation Failure)
[1281.676s][debug][gc,phases      ] GC(60) Scavenge 4.488ms
[1281.676s][debug][gc,ref         ] GC(60) ReferenceProcessor::execute queues: 1, RefProcThreadModel::Single, marks_oops_alive: false
[1281.676s][debug][gc,ref         ] GC(60) Skipped KeepAliveFinalRefsPhase of Reference Processing: no references
[1281.676s][debug][gc,ref         ] GC(60) ReferenceProcessor::execute queues: 1, RefProcThreadModel::Single, marks_oops_alive: false
[1281.676s][debug][gc,phases      ] GC(60) Reference Processing 0.120ms
[1281.676s][debug][gc,phases      ] GC(60)   VM Weak                        Min:  0.0, Avg:  0.0, Max:  0.0, Diff:  0.0, Sum:  0.0, Workers: 4
[1281.676s][debug][gc,phases      ] GC(60)     Dead                           Min: 0, Avg:  0.0, Max: 0, Diff: 0, Sum: 0, Workers: 4
[1281.676s][debug][gc,phases      ] GC(60)     Total                          Min: 0, Avg: 255.5, Max: 512, Diff: 512, Sum: 1022, Workers: 4
[1281.676s][debug][gc,phases      ] GC(60)   ObjectSynchronizer Weak        Min:  0.0, Avg:  0.0, Max:  0.0, Diff:  0.0, Sum:  0.0, Workers: 4
[1281.676s][debug][gc,phases      ] GC(60)     Dead                           Min: 0, Avg:  0.0, Max: 0, Diff: 0, Sum: 0, Workers: 4
[1281.676s][debug][gc,phases      ] GC(60)     Total                          Min: 0, Avg:  0.8, Max: 3, Diff: 3, Sum: 3, Workers: 4
[1281.676s][debug][gc,phases      ] GC(60)   JVMTI Tag Weak OopStorage      Min:  0.0, Avg:  0.0, Max:  0.0, Diff:  0.0, Sum:  0.0, Workers: 4
[1281.676s][debug][gc,phases      ] GC(60)     Dead                           Min: 0, Avg:  0.0, Max: 0, Diff: 0, Sum: 0, Workers: 4
[1281.676s][debug][gc,phases      ] GC(60)     Total                          Min: 0, Avg:  0.0, Max: 0, Diff: 0, Sum: 0, Workers: 4
[1281.676s][debug][gc,phases      ] GC(60)   StringTable Weak               Min:  0.1, Avg:  0.1, Max:  0.1, Diff:  0.0, Sum:  0.5, Workers: 4
[1281.676s][debug][gc,phases      ] GC(60)     Dead                           Min: 0, Avg:  0.0, Max: 0, Diff: 0, Sum: 0, Workers: 4
[1281.676s][debug][gc,phases      ] GC(60)     Total                          Min: 10686, Avg: 11551.0, Max: 12352, Diff: 1666, Sum: 46204, Workers: 4
[1281.676s][debug][gc,phases      ] GC(60)   ResolvedMethodTable Weak       Min:  0.0, Avg:  0.0, Max:  0.0, Diff:  0.0, Sum:  0.2, Workers: 4
[1281.676s][debug][gc,phases      ] GC(60)     Dead                           Min: 0, Avg:  4.0, Max: 16, Diff: 16, Sum: 16, Workers: 4
[1281.676s][debug][gc,phases      ] GC(60)     Total                          Min: 3546, Avg: 3811.2, Max: 4108, Diff: 562, Sum: 15245, Workers: 4
[1281.676s][debug][gc,phases      ] GC(60)   JNI Weak                       Min:  0.0, Avg:  0.0, Max:  0.0, Diff:  0.0, Sum:  0.0, Workers: 4
[1281.676s][debug][gc,phases      ] GC(60)     Dead                           Min: 0, Avg:  0.0, Max: 0, Diff: 0, Sum: 0, Workers: 4
[1281.676s][debug][gc,phases      ] GC(60)     Total                          Min: 0, Avg: 13.0, Max: 48, Diff: 48, Sum: 52, Workers: 4
[1281.676s][debug][gc,phases      ] GC(60)   StringDedup Table Weak         Min:  0.0, Avg:  0.0, Max:  0.0, Diff:  0.0, Sum:  0.0, Workers: 4
[1281.676s][debug][gc,phases      ] GC(60)     Dead                           Min: 0, Avg:  0.0, Max: 0, Diff: 0, Sum: 0, Workers: 4
[1281.676s][debug][gc,phases      ] GC(60)     Total                          Min: 0, Avg:  0.0, Max: 0, Diff: 0, Sum: 0, Workers: 4
[1281.676s][debug][gc,phases      ] GC(60)   StringDedup Requests0 Weak     Min:  0.0, Avg:  0.0, Max:  0.0, Diff:  0.0, Sum:  0.0, Workers: 4
[1281.676s][debug][gc,phases      ] GC(60)     Dead                           Min: 0, Avg:  0.0, Max: 0, Diff: 0, Sum: 0, Workers: 4
[1281.676s][debug][gc,phases      ] GC(60)     Total                          Min: 0, Avg:  0.0, Max: 0, Diff: 0, Sum: 0, Workers: 4
[1281.676s][debug][gc,phases      ] GC(60)   StringDedup Requests1 Weak     Min:  0.0, Avg:  0.0, Max:  0.0, Diff:  0.0, Sum:  0.0, Workers: 4
[1281.676s][debug][gc,phases      ] GC(60)     Dead                           Min: 0, Avg:  0.0, Max: 0, Diff: 0, Sum: 0, Workers: 4
[1281.676s][debug][gc,phases      ] GC(60)     Total                          Min: 0, Avg:  0.0, Max: 0, Diff: 0, Sum: 0, Workers: 4
[1281.676s][debug][gc,phases      ] GC(60)   Weak JFR Old Object Samples    Min:  0.0, Avg:  0.0, Max:  0.0, Diff:  0.0, Sum:  0.0, Workers: 4
[1281.676s][debug][gc,phases      ] GC(60)     Dead                           Min: 0, Avg:  0.0, Max: 0, Diff: 0, Sum: 0, Workers: 4
[1281.676s][debug][gc,phases      ] GC(60)     Total                          Min: 0, Avg:  0.0, Max: 0, Diff: 0, Sum: 0, Workers: 4
[1281.676s][debug][gc,phases      ] GC(60) Weak Processing 0.431ms
[1281.676s][debug][gc,age         ] GC(60) Desired survivor size 17301504 bytes, new threshold 1 (max threshold 15)
[1281.676s][info ][gc,heap        ] GC(60) PSYoungGen: 2061568K(2076672K)->4144K(2080256K) Eden: 2057216K(2057216K)->0K(2061824K) From: 4352K(19456K)->4144K(18432K)
[1281.676s][info ][gc,heap        ] GC(60) ParOldGen: 312020K(312320K)->313024K(313344K)
[1281.676s][info ][gc,metaspace   ] GC(60) Metaspace: 106376K(107712K)->106376K(107712K) NonClass: 90333K(91072K)->90333K(91072K) Class: 16043K(16640K)->16043K(16640K)
[1281.676s][info ][gc             ] GC(60) Pause Young (Allocation Failure) 2317M->309M(2337M) 5.194ms
[1281.676s][info ][gc,cpu         ] GC(60) User=0.02s Sys=0.00s Real=0.01s
[1281.676s][info ][safepoint      ] Safepoint "ParallelGCFailedAllocation", Time since last: 88721570 ns, Reaching safepoint: 7300 ns, Cleanup: 4401 ns, At safepoint: 5271048 ns, Total: 5282749 ns
[1282.677s][info ][safepoint      ] Safepoint "Cleanup", Time since last: 1000111164 ns, Reaching safepoint: 84405 ns, Cleanup: 12401 ns, At safepoint: 6801 ns, Total: 103607 ns
[1284.677s][info ][safepoint      ] Safepoint "Cleanup", Time since last: 2000198825 ns, Reaching safepoint: 7000 ns, Cleanup: 12701 ns, At safepoint: 2900 ns, Total: 22601 ns
[1285.677s][info ][safepoint      ] Safepoint "Cleanup", Time since last: 1000135666 ns, Reaching safepoint: 81405 ns, Cleanup: 14701 ns, At safepoint: 6400 ns, Total: 102506 ns
[1286.677s][info ][safepoint      ] Safepoint "Cleanup", Time since last: 1000124765 ns, Reaching safepoint: 6100 ns, Cleanup: 12301 ns, At safepoint: 2400 ns, Total: 20801 ns
[1287.677s][info ][safepoint      ] Safepoint "Cleanup", Time since last: 1000119464 ns, Reaching safepoint: 6601 ns, Cleanup: 10000 ns, At safepoint: 2600 ns, Total: 19201 ns
[1291.678s][info ][safepoint      ] Safepoint "Cleanup", Time since last: 4000317773 ns, Reaching safepoint: 7100 ns, Cleanup: 23202 ns, At safepoint: 2100 ns, Total: 32402 ns
[1293.678s][info ][safepoint      ] Safepoint "Cleanup", Time since last: 2000200002 ns, Reaching safepoint: 6501 ns, Cleanup: 10900 ns, At safepoint: 2300 ns, Total: 19701 ns
[1295.678s][info ][safepoint      ] Safepoint "Cleanup", Time since last: 2000180701 ns, Reaching safepoint: 7201 ns, Cleanup: 11800 ns, At safepoint: 2901 ns, Total: 21902 ns
[1296.678s][info ][safepoint      ] Safepoint "Cleanup", Time since last: 1000118173 ns, Reaching safepoint: 7200 ns, Cleanup: 10801 ns, At safepoint: 2700 ns, Total: 20701 ns
[1297.678s][info ][safepoint      ] Safepoint "Cleanup", Time since last: 1000112929 ns, Reaching safepoint: 6200 ns, Cleanup: 11401 ns, At safepoint: 2600 ns, Total: 20201 ns
[1298.679s][info ][safepoint      ] Safepoint "Cleanup", Time since last: 1000133030 ns, Reaching safepoint: 82706 ns, Cleanup: 11200 ns, At safepoint: 6201 ns, Total: 100107 ns
[1301.679s][info ][safepoint      ] Safepoint "Cleanup", Time since last: 3000259780 ns, Reaching safepoint: 79605 ns, Cleanup: 10901 ns, At safepoint: 6400 ns, Total: 96906 ns
[1302.679s][info ][safepoint      ] Safepoint "Cleanup", Time since last: 1000124429 ns, Reaching safepoint: 6601 ns, Cleanup: 11401 ns, At safepoint: 3000 ns, Total: 21002 ns
[1303.679s][info ][safepoint      ] Safepoint "Cleanup", Time since last: 1000115128 ns, Reaching safepoint: 5501 ns, Cleanup: 8600 ns, At safepoint: 2201 ns, Total: 16302 ns
[1306.078s][info ][gc,start       ] GC(61) Pause Young (Allocation Failure)
[1306.083s][debug][gc,phases      ] GC(61) Scavenge 5.032ms
[1306.083s][debug][gc,ref         ] GC(61) ReferenceProcessor::execute queues: 1, RefProcThreadModel::Single, marks_oops_alive: false
[1306.083s][debug][gc,ref         ] GC(61) Skipped KeepAliveFinalRefsPhase of Reference Processing: no references
[1306.083s][debug][gc,ref         ] GC(61) Skipped PhantomRefsPhase of Reference Processing: no references
[1306.083s][debug][gc,phases      ] GC(61) Reference Processing 0.116ms
[1306.084s][debug][gc,phases      ] GC(61)   VM Weak                        Min:  0.0, Avg:  0.0, Max:  0.0, Diff:  0.0, Sum:  0.0, Workers: 4
[1306.084s][debug][gc,phases      ] GC(61)     Dead                           Min: 0, Avg:  0.0, Max: 0, Diff: 0, Sum: 0, Workers: 4
[1306.084s][debug][gc,phases      ] GC(61)     Total                          Min: 0, Avg: 255.5, Max: 638, Diff: 638, Sum: 1022, Workers: 4
[1306.084s][debug][gc,phases      ] GC(61)   ObjectSynchronizer Weak        Min:  0.0, Avg:  0.0, Max:  0.0, Diff:  0.0, Sum:  0.0, Workers: 4
[1306.084s][debug][gc,phases      ] GC(61)     Dead                           Min: 0, Avg:  0.0, Max: 0, Diff: 0, Sum: 0, Workers: 4
[1306.084s][debug][gc,phases      ] GC(61)     Total                          Min: 0, Avg:  1.0, Max: 4, Diff: 4, Sum: 4, Workers: 4
[1306.084s][debug][gc,phases      ] GC(61)   JVMTI Tag Weak OopStorage      Min:  0.0, Avg:  0.0, Max:  0.0, Diff:  0.0, Sum:  0.0, Workers: 4
[1306.084s][debug][gc,phases      ] GC(61)     Dead                           Min: 0, Avg:  0.0, Max: 0, Diff: 0, Sum: 0, Workers: 4
[1306.084s][debug][gc,phases      ] GC(61)     Total                          Min: 0, Avg:  0.0, Max: 0, Diff: 0, Sum: 0, Workers: 4
[1306.084s][debug][gc,phases      ] GC(61)   StringTable Weak               Min:  0.0, Avg:  0.1, Max:  0.1, Diff:  0.1, Sum:  0.4, Workers: 4
[1306.084s][debug][gc,phases      ] GC(61)     Dead                           Min: 0, Avg:  0.0, Max: 0, Diff: 0, Sum: 0, Workers: 4
[1306.084s][debug][gc,phases      ] GC(61)     Total                          Min: 0, Avg: 11551.0, Max: 17408, Diff: 17408, Sum: 46204, Workers: 4
[1306.084s][debug][gc,phases      ] GC(61)   ResolvedMethodTable Weak       Min:  0.0, Avg:  0.0, Max:  0.1, Diff:  0.1, Sum:  0.2, Workers: 4
[1306.084s][debug][gc,phases      ] GC(61)     Dead                           Min: 0, Avg:  4.0, Max: 16, Diff: 16, Sum: 16, Workers: 4
[1306.084s][debug][gc,phases      ] GC(61)     Total                          Min: 0, Avg: 3811.2, Max: 5518, Diff: 5518, Sum: 15245, Workers: 4
[1306.084s][debug][gc,phases      ] GC(61)   JNI Weak                       Min:  0.0, Avg:  0.0, Max:  0.0, Diff:  0.0, Sum:  0.0, Workers: 4
[1306.084s][debug][gc,phases      ] GC(61)     Dead                           Min: 0, Avg:  0.0, Max: 0, Diff: 0, Sum: 0, Workers: 4
[1306.084s][debug][gc,phases      ] GC(61)     Total                          Min: 0, Avg: 13.0, Max: 48, Diff: 48, Sum: 52, Workers: 4
[1306.084s][debug][gc,phases      ] GC(61)   StringDedup Table Weak         Min:  0.0, Avg:  0.0, Max:  0.0, Diff:  0.0, Sum:  0.0, Workers: 4
[1306.084s][debug][gc,phases      ] GC(61)     Dead                           Min: 0, Avg:  0.0, Max: 0, Diff: 0, Sum: 0, Workers: 4
[1306.084s][debug][gc,phases      ] GC(61)     Total                          Min: 0, Avg:  0.0, Max: 0, Diff: 0, Sum: 0, Workers: 4
[1306.084s][debug][gc,phases      ] GC(61)   StringDedup Requests0 Weak     Min:  0.0, Avg:  0.0, Max:  0.0, Diff:  0.0, Sum:  0.0, Workers: 4
[1306.084s][debug][gc,phases      ] GC(61)     Dead                           Min: 0, Avg:  0.0, Max: 0, Diff: 0, Sum: 0, Workers: 4
[1306.084s][debug][gc,phases      ] GC(61)     Total                          Min: 0, Avg:  0.0, Max: 0, Diff: 0, Sum: 0, Workers: 4
[1306.084s][debug][gc,phases      ] GC(61)   StringDedup Requests1 Weak     Min:  0.0, Avg:  0.0, Max:  0.0, Diff:  0.0, Sum:  0.0, Workers: 4
[1306.084s][debug][gc,phases      ] GC(61)     Dead                           Min: 0, Avg:  0.0, Max: 0, Diff: 0, Sum: 0, Workers: 4
[1306.084s][debug][gc,phases      ] GC(61)     Total                          Min: 0, Avg:  0.0, Max: 0, Diff: 0, Sum: 0, Workers: 4
[1306.084s][debug][gc,phases      ] GC(61)   Weak JFR Old Object Samples    Min:  0.0, Avg:  0.0, Max:  0.0, Diff:  0.0, Sum:  0.0, Workers: 4
[1306.084s][debug][gc,phases      ] GC(61)     Dead                           Min: 0, Avg:  0.0, Max: 0, Diff: 0, Sum: 0, Workers: 4
[1306.084s][debug][gc,phases      ] GC(61)     Total                          Min: 0, Avg:  0.0, Max: 0, Diff: 0, Sum: 0, Workers: 4
[1306.084s][debug][gc,phases      ] GC(61) Weak Processing 0.441ms
[1306.084s][debug][gc,age         ] GC(61) Desired survivor size 16252928 bytes, new threshold 1 (max threshold 15)
[1306.084s][info ][gc,heap        ] GC(61) PSYoungGen: 2065968K(2080256K)->4672K(2078720K) Eden: 2061824K(2061824K)->0K(2061824K) From: 4144K(18432K)->4672K(16896K)
[1306.084s][info ][gc,heap        ] GC(61) ParOldGen: 313024K(313344K)->313768K(313856K)
[1306.084s][info ][gc,metaspace   ] GC(61) Metaspace: 106387K(107712K)->106387K(107712K) NonClass: 90343K(91072K)->90343K(91072K) Class: 16043K(16640K)->16043K(16640K)
[1306.084s][info ][gc             ] GC(61) Pause Young (Allocation Failure) 2323M->310M(2336M) 5.754ms
[1306.084s][info ][gc,cpu         ] GC(61) User=0.02s Sys=0.00s Real=0.01s
[1306.084s][info ][safepoint      ] Safepoint "ParallelGCFailedAllocation", Time since last: 2398869526 ns, Reaching safepoint: 6500 ns, Cleanup: 4400 ns, At safepoint: 5826187 ns, Total: 5837087 ns
[1307.084s][info ][safepoint      ] Safepoint "Cleanup", Time since last: 1000096298 ns, Reaching safepoint: 8701 ns, Cleanup: 11301 ns, At safepoint: 33402 ns, Total: 53404 ns
[1311.084s][info ][safepoint      ] Safepoint "Cleanup", Time since last: 4000314890 ns, Reaching safepoint: 6700 ns, Cleanup: 11701 ns, At safepoint: 2600 ns, Total: 21001 ns
[1312.085s][info ][safepoint      ] Safepoint "Cleanup", Time since last: 1000121901 ns, Reaching safepoint: 8100 ns, Cleanup: 16001 ns, At safepoint: 2900 ns, Total: 27001 ns
[1315.498s][info ][safepoint      ] Safepoint "Cleanup", Time since last: 3413130925 ns, Reaching safepoint: 7800 ns, Cleanup: 15401 ns, At safepoint: 2500 ns, Total: 25701 ns
[1331.267s][info ][gc,start       ] GC(62) Pause Young (Allocation Failure)
[1331.272s][debug][gc,phases      ] GC(62) Scavenge 4.933ms
[1331.272s][debug][gc,ref         ] GC(62) ReferenceProcessor::execute queues: 1, RefProcThreadModel::Single, marks_oops_alive: false
[1331.272s][debug][gc,ref         ] GC(62) Skipped KeepAliveFinalRefsPhase of Reference Processing: no references
[1331.272s][debug][gc,ref         ] GC(62) ReferenceProcessor::execute queues: 1, RefProcThreadModel::Single, marks_oops_alive: false
[1331.272s][debug][gc,phases      ] GC(62) Reference Processing 0.115ms
[1331.272s][debug][gc,phases      ] GC(62)   VM Weak                        Min:  0.0, Avg:  0.0, Max:  0.0, Diff:  0.0, Sum:  0.0, Workers: 4
[1331.272s][debug][gc,phases      ] GC(62)     Dead                           Min: 0, Avg:  0.0, Max: 0, Diff: 0, Sum: 0, Workers: 4
[1331.272s][debug][gc,phases      ] GC(62)     Total                          Min: 0, Avg: 255.5, Max: 512, Diff: 512, Sum: 1022, Workers: 4
[1331.272s][debug][gc,phases      ] GC(62)   ObjectSynchronizer Weak        Min:  0.0, Avg:  0.0, Max:  0.0, Diff:  0.0, Sum:  0.0, Workers: 4
[1331.272s][debug][gc,phases      ] GC(62)     Dead                           Min: 0, Avg:  0.0, Max: 0, Diff: 0, Sum: 0, Workers: 4
[1331.272s][debug][gc,phases      ] GC(62)     Total                          Min: 0, Avg:  0.8, Max: 3, Diff: 3, Sum: 3, Workers: 4
[1331.272s][debug][gc,phases      ] GC(62)   JVMTI Tag Weak OopStorage      Min:  0.0, Avg:  0.0, Max:  0.0, Diff:  0.0, Sum:  0.0, Workers: 4
[1331.272s][debug][gc,phases      ] GC(62)     Dead                           Min: 0, Avg:  0.0, Max: 0, Diff: 0, Sum: 0, Workers: 4
[1331.272s][debug][gc,phases      ] GC(62)     Total                          Min: 0, Avg:  0.0, Max: 0, Diff: 0, Sum: 0, Workers: 4
[1331.272s][debug][gc,phases      ] GC(62)   StringTable Weak               Min:  0.1, Avg:  0.1, Max:  0.1, Diff:  0.0, Sum:  0.5, Workers: 4
[1331.272s][debug][gc,phases      ] GC(62)     Dead                           Min: 0, Avg:  0.2, Max: 1, Diff: 1, Sum: 1, Workers: 4
[1331.273s][debug][gc,phases      ] GC(62)     Total                          Min: 10816, Avg: 11554.0, Max: 12288, Diff: 1472, Sum: 46216, Workers: 4
[1331.273s][debug][gc,phases      ] GC(62)   ResolvedMethodTable Weak       Min:  0.0, Avg:  0.0, Max:  0.0, Diff:  0.0, Sum:  0.2, Workers: 4
[1331.273s][debug][gc,phases      ] GC(62)     Dead                           Min: 0, Avg:  4.2, Max: 17, Diff: 17, Sum: 17, Workers: 4
[1331.273s][debug][gc,phases      ] GC(62)     Total                          Min: 3616, Avg: 3814.2, Max: 3988, Diff: 372, Sum: 15257, Workers: 4
[1331.273s][debug][gc,phases      ] GC(62)   JNI Weak                       Min:  0.0, Avg:  0.0, Max:  0.0, Diff:  0.0, Sum:  0.0, Workers: 4
[1331.273s][debug][gc,phases      ] GC(62)     Dead                           Min: 0, Avg:  0.0, Max: 0, Diff: 0, Sum: 0, Workers: 4
[1331.273s][debug][gc,phases      ] GC(62)     Total                          Min: 0, Avg: 13.0, Max: 48, Diff: 48, Sum: 52, Workers: 4
[1331.273s][debug][gc,phases      ] GC(62)   StringDedup Table Weak         Min:  0.0, Avg:  0.0, Max:  0.0, Diff:  0.0, Sum:  0.0, Workers: 4
[1331.273s][debug][gc,phases      ] GC(62)     Dead                           Min: 0, Avg:  0.0, Max: 0, Diff: 0, Sum: 0, Workers: 4
[1331.273s][debug][gc,phases      ] GC(62)     Total                          Min: 0, Avg:  0.0, Max: 0, Diff: 0, Sum: 0, Workers: 4
[1331.273s][debug][gc,phases      ] GC(62)   StringDedup Requests0 Weak     Min:  0.0, Avg:  0.0, Max:  0.0, Diff:  0.0, Sum:  0.0, Workers: 4
[1331.273s][debug][gc,phases      ] GC(62)     Dead                           Min: 0, Avg:  0.0, Max: 0, Diff: 0, Sum: 0, Workers: 4
[1331.273s][debug][gc,phases      ] GC(62)     Total                          Min: 0, Avg:  0.0, Max: 0, Diff: 0, Sum: 0, Workers: 4
[1331.273s][debug][gc,phases      ] GC(62)   StringDedup Requests1 Weak     Min:  0.0, Avg:  0.0, Max:  0.0, Diff:  0.0, Sum:  0.0, Workers: 4
[1331.273s][debug][gc,phases      ] GC(62)     Dead                           Min: 0, Avg:  0.0, Max: 0, Diff: 0, Sum: 0, Workers: 4
[1331.273s][debug][gc,phases      ] GC(62)     Total                          Min: 0, Avg:  0.0, Max: 0, Diff: 0, Sum: 0, Workers: 4
[1331.273s][debug][gc,phases      ] GC(62)   Weak JFR Old Object Samples    Min:  0.0, Avg:  0.0, Max:  0.0, Diff:  0.0, Sum:  0.0, Workers: 4
[1331.273s][debug][gc,phases      ] GC(62)     Dead                           Min: 0, Avg:  0.0, Max: 0, Diff: 0, Sum: 0, Workers: 4
[1331.273s][debug][gc,phases      ] GC(62)     Total                          Min: 0, Avg:  0.0, Max: 0, Diff: 0, Sum: 0, Workers: 4
[1331.273s][debug][gc,phases      ] GC(62) Weak Processing 0.406ms
[1331.273s][debug][gc,age         ] GC(62) Desired survivor size 15204352 bytes, new threshold 1 (max threshold 15)
[1331.273s][info ][gc,heap        ] GC(62) PSYoungGen: 2066496K(2078720K)->4846K(2082304K) Eden: 2061824K(2061824K)->0K(2066432K) From: 4672K(16896K)->4846K(15872K)
[1331.273s][info ][gc,heap        ] GC(62) ParOldGen: 313768K(313856K)->315097K(315392K)
[1331.273s][info ][gc,metaspace   ] GC(62) Metaspace: 106417K(107776K)->106417K(107776K) NonClass: 90367K(91136K)->90367K(91136K) Class: 16050K(16640K)->16050K(16640K)
[1331.273s][info ][gc             ] GC(62) Pause Young (Allocation Failure) 2324M->312M(2341M) 5.620ms
[1331.273s][info ][gc,cpu         ] GC(62) User=0.02s Sys=0.00s Real=0.00s
[1331.273s][info ][safepoint      ] Safepoint "ParallelGCFailedAllocation", Time since last: 15769270850 ns, Reaching safepoint: 7300 ns, Cleanup: 4901 ns, At safepoint: 5694107 ns, Total: 5706308 ns
[1334.273s][info ][safepoint      ] Safepoint "Cleanup", Time since last: 3000264778 ns, Reaching safepoint: 83906 ns, Cleanup: 10701 ns, At safepoint: 6700 ns, Total: 101307 ns
[1343.274s][info ][safepoint      ] Safepoint "Cleanup", Time since last: 9000754866 ns, Reaching safepoint: 80706 ns, Cleanup: 33103 ns, At safepoint: 6301 ns, Total: 120110 ns
[1344.274s][info ][safepoint      ] Safepoint "Cleanup", Time since last: 1000123251 ns, Reaching safepoint: 78806 ns, Cleanup: 25502 ns, At safepoint: 6301 ns, Total: 110609 ns
[1345.274s][info ][safepoint      ] Safepoint "Cleanup", Time since last: 1000133251 ns, Reaching safepoint: 7100 ns, Cleanup: 11701 ns, At safepoint: 2900 ns, Total: 21701 ns
[1347.275s][info ][safepoint      ] Safepoint "Cleanup", Time since last: 2000185867 ns, Reaching safepoint: 80106 ns, Cleanup: 20702 ns, At safepoint: 6600 ns, Total: 107408 ns
[1348.275s][info ][safepoint      ] Safepoint "Cleanup", Time since last: 1000116486 ns, Reaching safepoint: 6200 ns, Cleanup: 10601 ns, At safepoint: 2300 ns, Total: 19101 ns
[1349.275s][info ][safepoint      ] Safepoint "Cleanup", Time since last: 1000123286 ns, Reaching safepoint: 6000 ns, Cleanup: 14701 ns, At safepoint: 2401 ns, Total: 23102 ns
[1352.275s][info ][safepoint      ] Safepoint "Cleanup", Time since last: 3000313752 ns, Reaching safepoint: 5701 ns, Cleanup: 11901 ns, At safepoint: 2800 ns, Total: 20402 ns
[1355.276s][info ][safepoint      ] Safepoint "Cleanup", Time since last: 3000266460 ns, Reaching safepoint: 82207 ns, Cleanup: 10701 ns, At safepoint: 7700 ns, Total: 100608 ns
[1356.276s][info ][safepoint      ] Safepoint "Cleanup", Time since last: 1000135206 ns, Reaching safepoint: 82807 ns, Cleanup: 9901 ns, At safepoint: 7700 ns, Total: 100408 ns
[1356.487s][info ][gc,start       ] GC(63) Pause Young (Allocation Failure)
[1356.494s][debug][gc,phases      ] GC(63) Scavenge 6.391ms
[1356.494s][debug][gc,ref         ] GC(63) ReferenceProcessor::execute queues: 1, RefProcThreadModel::Single, marks_oops_alive: false
[1356.494s][debug][gc,ref         ] GC(63) Skipped KeepAliveFinalRefsPhase of Reference Processing: no references
[1356.494s][debug][gc,ref         ] GC(63) ReferenceProcessor::execute queues: 1, RefProcThreadModel::Single, marks_oops_alive: false
[1356.494s][debug][gc,phases      ] GC(63) Reference Processing 0.112ms
[1356.494s][debug][gc,phases      ] GC(63)   VM Weak                        Min:  0.0, Avg:  0.0, Max:  0.0, Diff:  0.0, Sum:  0.0, Workers: 4
[1356.494s][debug][gc,phases      ] GC(63)     Dead                           Min: 0, Avg:  0.0, Max: 0, Diff: 0, Sum: 0, Workers: 4
[1356.494s][debug][gc,phases      ] GC(63)     Total                          Min: 0, Avg: 255.5, Max: 448, Diff: 448, Sum: 1022, Workers: 4
[1356.494s][debug][gc,phases      ] GC(63)   ObjectSynchronizer Weak        Min:  0.0, Avg:  0.0, Max:  0.0, Diff:  0.0, Sum:  0.0, Workers: 4
[1356.494s][debug][gc,phases      ] GC(63)     Dead                           Min: 0, Avg:  0.0, Max: 0, Diff: 0, Sum: 0, Workers: 4
[1356.494s][debug][gc,phases      ] GC(63)     Total                          Min: 0, Avg:  0.8, Max: 3, Diff: 3, Sum: 3, Workers: 4
[1356.494s][debug][gc,phases      ] GC(63)   JVMTI Tag Weak OopStorage      Min:  0.0, Avg:  0.0, Max:  0.0, Diff:  0.0, Sum:  0.0, Workers: 4
[1356.494s][debug][gc,phases      ] GC(63)     Dead                           Min: 0, Avg:  0.0, Max: 0, Diff: 0, Sum: 0, Workers: 4
[1356.494s][debug][gc,phases      ] GC(63)     Total                          Min: 0, Avg:  0.0, Max: 0, Diff: 0, Sum: 0, Workers: 4
[1356.494s][debug][gc,phases      ] GC(63)   StringTable Weak               Min:  0.0, Avg:  0.1, Max:  0.1, Diff:  0.1, Sum:  0.4, Workers: 4
[1356.494s][debug][gc,phases      ] GC(63)     Dead                           Min: 0, Avg:  0.0, Max: 0, Diff: 0, Sum: 0, Workers: 4
[1356.494s][debug][gc,phases      ] GC(63)     Total                          Min: 0, Avg: 11555.5, Max: 16590, Diff: 16590, Sum: 46222, Workers: 4
[1356.494s][debug][gc,phases      ] GC(63)   ResolvedMethodTable Weak       Min:  0.0, Avg:  0.0, Max:  0.1, Diff:  0.1, Sum:  0.2, Workers: 4
[1356.494s][debug][gc,phases      ] GC(63)     Dead                           Min: 0, Avg:  4.0, Max: 16, Diff: 16, Sum: 16, Workers: 4
[1356.494s][debug][gc,phases      ] GC(63)     Total                          Min: 0, Avg: 3814.8, Max: 5866, Diff: 5866, Sum: 15259, Workers: 4
[1356.494s][debug][gc,phases      ] GC(63)   JNI Weak                       Min:  0.0, Avg:  0.0, Max:  0.0, Diff:  0.0, Sum:  0.0, Workers: 4
[1356.494s][debug][gc,phases      ] GC(63)     Dead                           Min: 0, Avg:  0.0, Max: 0, Diff: 0, Sum: 0, Workers: 4
[1356.494s][debug][gc,phases      ] GC(63)     Total                          Min: 0, Avg: 13.0, Max: 48, Diff: 48, Sum: 52, Workers: 4
[1356.494s][debug][gc,phases      ] GC(63)   StringDedup Table Weak         Min:  0.0, Avg:  0.0, Max:  0.0, Diff:  0.0, Sum:  0.0, Workers: 4
[1356.494s][debug][gc,phases      ] GC(63)     Dead                           Min: 0, Avg:  0.0, Max: 0, Diff: 0, Sum: 0, Workers: 4
[1356.494s][debug][gc,phases      ] GC(63)     Total                          Min: 0, Avg:  0.0, Max: 0, Diff: 0, Sum: 0, Workers: 4
[1356.494s][debug][gc,phases      ] GC(63)   StringDedup Requests0 Weak     Min:  0.0, Avg:  0.0, Max:  0.0, Diff:  0.0, Sum:  0.0, Workers: 4
[1356.494s][debug][gc,phases      ] GC(63)     Dead                           Min: 0, Avg:  0.0, Max: 0, Diff: 0, Sum: 0, Workers: 4
[1356.494s][debug][gc,phases      ] GC(63)     Total                          Min: 0, Avg:  0.0, Max: 0, Diff: 0, Sum: 0, Workers: 4
[1356.494s][debug][gc,phases      ] GC(63)   StringDedup Requests1 Weak     Min:  0.0, Avg:  0.0, Max:  0.0, Diff:  0.0, Sum:  0.0, Workers: 4
[1356.494s][debug][gc,phases      ] GC(63)     Dead                           Min: 0, Avg:  0.0, Max: 0, Diff: 0, Sum: 0, Workers: 4
[1356.494s][debug][gc,phases      ] GC(63)     Total                          Min: 0, Avg:  0.0, Max: 0, Diff: 0, Sum: 0, Workers: 4
[1356.494s][debug][gc,phases      ] GC(63)   Weak JFR Old Object Samples    Min:  0.0, Avg:  0.0, Max:  0.0, Diff:  0.0, Sum:  0.0, Workers: 4
[1356.494s][debug][gc,phases      ] GC(63)     Dead                           Min: 0, Avg:  0.0, Max: 0, Diff: 0, Sum: 0, Workers: 4
[1356.494s][debug][gc,phases      ] GC(63)     Total                          Min: 0, Avg:  0.0, Max: 0, Diff: 0, Sum: 0, Workers: 4
[1356.494s][debug][gc,phases      ] GC(63) Weak Processing 0.442ms
[1356.494s][debug][gc,age         ] GC(63) Desired survivor size 14680064 bytes, new threshold 1 (max threshold 15)
[1356.494s][info ][gc,heap        ] GC(63) PSYoungGen: 2071278K(2082304K)->4464K(2081280K) Eden: 2066432K(2066432K)->0K(2066432K) From: 4846K(15872K)->4464K(14848K)
[1356.494s][info ][gc,heap        ] GC(63) ParOldGen: 315097K(315392K)->316559K(316928K)
[1356.494s][info ][gc,metaspace   ] GC(63) Metaspace: 106424K(107776K)->106424K(107776K) NonClass: 90373K(91136K)->90373K(91136K) Class: 16051K(16640K)->16051K(16640K)
[1356.494s][info ][gc             ] GC(63) Pause Young (Allocation Failure) 2330M->313M(2342M) 7.088ms
[1356.494s][info ][gc,cpu         ] GC(63) User=0.02s Sys=0.00s Real=0.01s
[1356.494s][info ][safepoint      ] Safepoint "ParallelGCFailedAllocation", Time since last: 211305904 ns, Reaching safepoint: 7600 ns, Cleanup: 4901 ns, At safepoint: 7189975 ns, Total: 7202476 ns
[1359.495s][info ][safepoint      ] Safepoint "Cleanup", Time since last: 3000208902 ns, Reaching safepoint: 6600 ns, Cleanup: 11001 ns, At safepoint: 2600 ns, Total: 20201 ns
[1360.495s][info ][safepoint      ] Safepoint "Cleanup", Time since last: 1000112304 ns, Reaching safepoint: 7901 ns, Cleanup: 11300 ns, At safepoint: 2401 ns, Total: 21602 ns
[1363.495s][info ][safepoint      ] Safepoint "Cleanup", Time since last: 3000249072 ns, Reaching safepoint: 7301 ns, Cleanup: 9601 ns, At safepoint: 21301 ns, Total: 38203 ns
[1366.495s][info ][safepoint      ] Safepoint "Cleanup", Time since last: 3000249373 ns, Reaching safepoint: 6900 ns, Cleanup: 11701 ns, At safepoint: 2701 ns, Total: 21302 ns
[1370.496s][info ][safepoint      ] Safepoint "Cleanup", Time since last: 4000319394 ns, Reaching safepoint: 6601 ns, Cleanup: 8800 ns, At safepoint: 2600 ns, Total: 18001 ns
[1374.496s][info ][safepoint      ] Safepoint "Cleanup", Time since last: 4000323169 ns, Reaching safepoint: 6600 ns, Cleanup: 9901 ns, At safepoint: 2700 ns, Total: 19201 ns
[1376.496s][info ][safepoint      ] Safepoint "Cleanup", Time since last: 2000179065 ns, Reaching safepoint: 6401 ns, Cleanup: 9401 ns, At safepoint: 2500 ns, Total: 18302 ns
[1382.062s][info ][gc,start       ] GC(64) Pause Young (Allocation Failure)
[1382.066s][debug][gc,phases      ] GC(64) Scavenge 4.275ms
[1382.066s][debug][gc,ref         ] GC(64) ReferenceProcessor::execute queues: 1, RefProcThreadModel::Single, marks_oops_alive: false
[1382.066s][debug][gc,ref         ] GC(64) Skipped KeepAliveFinalRefsPhase of Reference Processing: no references
[1382.066s][debug][gc,ref         ] GC(64) ReferenceProcessor::execute queues: 1, RefProcThreadModel::Single, marks_oops_alive: false
[1382.066s][debug][gc,phases      ] GC(64) Reference Processing 0.147ms
[1382.067s][debug][gc,phases      ] GC(64)   VM Weak                        Min:  0.0, Avg:  0.0, Max:  0.0, Diff:  0.0, Sum:  0.0, Workers: 4
[1382.067s][debug][gc,phases      ] GC(64)     Dead                           Min: 0, Avg:  0.0, Max: 0, Diff: 0, Sum: 0, Workers: 4
[1382.067s][debug][gc,phases      ] GC(64)     Total                          Min: 0, Avg: 255.5, Max: 894, Diff: 894, Sum: 1022, Workers: 4
[1382.067s][debug][gc,phases      ] GC(64)   ObjectSynchronizer Weak        Min:  0.0, Avg:  0.0, Max:  0.0, Diff:  0.0, Sum:  0.0, Workers: 4
[1382.067s][debug][gc,phases      ] GC(64)     Dead                           Min: 0, Avg:  0.0, Max: 0, Diff: 0, Sum: 0, Workers: 4
[1382.067s][debug][gc,phases      ] GC(64)     Total                          Min: 0, Avg:  0.8, Max: 3, Diff: 3, Sum: 3, Workers: 4
[1382.067s][debug][gc,phases      ] GC(64)   JVMTI Tag Weak OopStorage      Min:  0.0, Avg:  0.0, Max:  0.0, Diff:  0.0, Sum:  0.0, Workers: 4
[1382.067s][debug][gc,phases      ] GC(64)     Dead                           Min: 0, Avg:  0.0, Max: 0, Diff: 0, Sum: 0, Workers: 4
[1382.067s][debug][gc,phases      ] GC(64)     Total                          Min: 0, Avg:  0.0, Max: 0, Diff: 0, Sum: 0, Workers: 4
[1382.067s][debug][gc,phases      ] GC(64)   StringTable Weak               Min:  0.0, Avg:  0.1, Max:  0.1, Diff:  0.1, Sum:  0.4, Workers: 4
[1382.067s][debug][gc,phases      ] GC(64)     Dead                           Min: 0, Avg:  0.0, Max: 0, Diff: 0, Sum: 0, Workers: 4
[1382.067s][debug][gc,phases      ] GC(64)     Total                          Min: 0, Avg: 11555.8, Max: 16064, Diff: 16064, Sum: 46223, Workers: 4
[1382.067s][debug][gc,phases      ] GC(64)   ResolvedMethodTable Weak       Min:  0.0, Avg:  0.0, Max:  0.1, Diff:  0.1, Sum:  0.2, Workers: 4
[1382.067s][debug][gc,phases      ] GC(64)     Dead                           Min: 0, Avg:  4.0, Max: 16, Diff: 16, Sum: 16, Workers: 4
[1382.067s][debug][gc,phases      ] GC(64)     Total                          Min: 0, Avg: 3815.2, Max: 5770, Diff: 5770, Sum: 15261, Workers: 4
[1382.067s][debug][gc,phases      ] GC(64)   JNI Weak                       Min:  0.0, Avg:  0.0, Max:  0.0, Diff:  0.0, Sum:  0.0, Workers: 4
[1382.067s][debug][gc,phases      ] GC(64)     Dead                           Min: 0, Avg:  0.0, Max: 0, Diff: 0, Sum: 0, Workers: 4
[1382.067s][debug][gc,phases      ] GC(64)     Total                          Min: 0, Avg: 13.0, Max: 48, Diff: 48, Sum: 52, Workers: 4
[1382.067s][debug][gc,phases      ] GC(64)   StringDedup Table Weak         Min:  0.0, Avg:  0.0, Max:  0.0, Diff:  0.0, Sum:  0.0, Workers: 4
[1382.067s][debug][gc,phases      ] GC(64)     Dead                           Min: 0, Avg:  0.0, Max: 0, Diff: 0, Sum: 0, Workers: 4
[1382.067s][debug][gc,phases      ] GC(64)     Total                          Min: 0, Avg:  0.0, Max: 0, Diff: 0, Sum: 0, Workers: 4
[1382.067s][debug][gc,phases      ] GC(64)   StringDedup Requests0 Weak     Min:  0.0, Avg:  0.0, Max:  0.0, Diff:  0.0, Sum:  0.0, Workers: 4
[1382.067s][debug][gc,phases      ] GC(64)     Dead                           Min: 0, Avg:  0.0, Max: 0, Diff: 0, Sum: 0, Workers: 4
[1382.067s][debug][gc,phases      ] GC(64)     Total                          Min: 0, Avg:  0.0, Max: 0, Diff: 0, Sum: 0, Workers: 4
[1382.067s][debug][gc,phases      ] GC(64)   StringDedup Requests1 Weak     Min:  0.0, Avg:  0.0, Max:  0.0, Diff:  0.0, Sum:  0.0, Workers: 4
[1382.067s][debug][gc,phases      ] GC(64)     Dead                           Min: 0, Avg:  0.0, Max: 0, Diff: 0, Sum: 0, Workers: 4
[1382.067s][debug][gc,phases      ] GC(64)     Total                          Min: 0, Avg:  0.0, Max: 0, Diff: 0, Sum: 0, Workers: 4
[1382.067s][debug][gc,phases      ] GC(64)   Weak JFR Old Object Samples    Min:  0.0, Avg:  0.0, Max:  0.0, Diff:  0.0, Sum:  0.0, Workers: 4
[1382.067s][debug][gc,phases      ] GC(64)     Dead                           Min: 0, Avg:  0.0, Max: 0, Diff: 0, Sum: 0, Workers: 4
[1382.067s][debug][gc,phases      ] GC(64)     Total                          Min: 0, Avg:  0.0, Max: 0, Diff: 0, Sum: 0, Workers: 4
[1382.067s][debug][gc,phases      ] GC(64) Weak Processing 0.449ms
[1382.067s][debug][gc,age         ] GC(64) Desired survivor size 13631488 bytes, new threshold 1 (max threshold 15)
[1382.067s][info ][gc,heap        ] GC(64) PSYoungGen: 2070896K(2081280K)->4080K(2083840K) Eden: 2066432K(2066432K)->0K(2069504K) From: 4464K(14848K)->4080K(14336K)
[1382.067s][info ][gc,heap        ] GC(64) ParOldGen: 316559K(316928K)->317607K(317952K)
[1382.067s][info ][gc,metaspace   ] GC(64) Metaspace: 106447K(107776K)->106447K(107776K) NonClass: 90395K(91136K)->90395K(91136K) Class: 16051K(16640K)->16051K(16640K)
[1382.067s][info ][gc             ] GC(64) Pause Young (Allocation Failure) 2331M->314M(2345M) 5.021ms
[1382.067s][info ][gc,cpu         ] GC(64) User=0.01s Sys=0.01s Real=0.01s
[1382.067s][info ][safepoint      ] Safepoint "ParallelGCFailedAllocation", Time since last: 5565577761 ns, Reaching safepoint: 82507 ns, Cleanup: 4601 ns, At safepoint: 5102128 ns, Total: 5189236 ns
[1383.067s][info ][safepoint      ] Safepoint "Cleanup", Time since last: 1000103328 ns, Reaching safepoint: 80307 ns, Cleanup: 12601 ns, At safepoint: 7301 ns, Total: 100209 ns
[1385.067s][info ][safepoint      ] Safepoint "Cleanup", Time since last: 2000210321 ns, Reaching safepoint: 84107 ns, Cleanup: 11501 ns, At safepoint: 7400 ns, Total: 103008 ns
[1390.068s][info ][safepoint      ] Safepoint "Cleanup", Time since last: 5000399647 ns, Reaching safepoint: 79907 ns, Cleanup: 11201 ns, At safepoint: 6400 ns, Total: 97508 ns
[1394.068s][info ][safepoint      ] Safepoint "Cleanup", Time since last: 4000373588 ns, Reaching safepoint: 79507 ns, Cleanup: 11800 ns, At safepoint: 6601 ns, Total: 97908 ns
[1395.069s][info ][safepoint      ] Safepoint "Cleanup", Time since last: 1000136217 ns, Reaching safepoint: 99608 ns, Cleanup: 11201 ns, At safepoint: 7900 ns, Total: 118709 ns
[1396.069s][info ][safepoint      ] Safepoint "Cleanup", Time since last: 1000126417 ns, Reaching safepoint: 82106 ns, Cleanup: 9801 ns, At safepoint: 6301 ns, Total: 98208 ns
[1398.069s][info ][safepoint      ] Safepoint "Cleanup", Time since last: 2000220729 ns, Reaching safepoint: 83207 ns, Cleanup: 10001 ns, At safepoint: 6700 ns, Total: 99908 ns
[1401.070s][info ][safepoint      ] Safepoint "Cleanup", Time since last: 3000298029 ns, Reaching safepoint: 79007 ns, Cleanup: 11801 ns, At safepoint: 6200 ns, Total: 97008 ns
[1403.070s][info ][safepoint      ] Safepoint "Cleanup", Time since last: 2000196655 ns, Reaching safepoint: 80306 ns, Cleanup: 9901 ns, At safepoint: 7301 ns, Total: 97508 ns
[1404.070s][info ][safepoint      ] Safepoint "Cleanup", Time since last: 1000129230 ns, Reaching safepoint: 80406 ns, Cleanup: 11001 ns, At safepoint: 6901 ns, Total: 98308 ns
[1405.070s][info ][safepoint      ] Safepoint "Cleanup", Time since last: 1000143531 ns, Reaching safepoint: 83506 ns, Cleanup: 10301 ns, At safepoint: 7901 ns, Total: 101708 ns
[1406.875s][info ][gc,start       ] GC(65) Pause Young (Allocation Failure)
[1406.880s][debug][gc,phases      ] GC(65) Scavenge 4.817ms
[1406.880s][debug][gc,ref         ] GC(65) ReferenceProcessor::execute queues: 1, RefProcThreadModel::Single, marks_oops_alive: false
[1406.880s][debug][gc,ref         ] GC(65) Skipped KeepAliveFinalRefsPhase of Reference Processing: no references
[1406.880s][debug][gc,ref         ] GC(65) ReferenceProcessor::execute queues: 1, RefProcThreadModel::Single, marks_oops_alive: false
[1406.880s][debug][gc,phases      ] GC(65) Reference Processing 0.120ms
[1406.880s][debug][gc,phases      ] GC(65)   VM Weak                        Min:  0.0, Avg:  0.0, Max:  0.0, Diff:  0.0, Sum:  0.0, Workers: 4
[1406.880s][debug][gc,phases      ] GC(65)     Dead                           Min: 0, Avg:  0.0, Max: 0, Diff: 0, Sum: 0, Workers: 4
[1406.880s][debug][gc,phases      ] GC(65)     Total                          Min: 0, Avg: 255.5, Max: 1022, Diff: 1022, Sum: 1022, Workers: 4
[1406.880s][debug][gc,phases      ] GC(65)   ObjectSynchronizer Weak        Min:  0.0, Avg:  0.0, Max:  0.0, Diff:  0.0, Sum:  0.0, Workers: 4
[1406.880s][debug][gc,phases      ] GC(65)     Dead                           Min: 0, Avg:  0.0, Max: 0, Diff: 0, Sum: 0, Workers: 4
[1406.880s][debug][gc,phases      ] GC(65)     Total                          Min: 0, Avg:  0.8, Max: 3, Diff: 3, Sum: 3, Workers: 4
[1406.880s][debug][gc,phases      ] GC(65)   JVMTI Tag Weak OopStorage      Min:  0.0, Avg:  0.0, Max:  0.0, Diff:  0.0, Sum:  0.0, Workers: 4
[1406.880s][debug][gc,phases      ] GC(65)     Dead                           Min: 0, Avg:  0.0, Max: 0, Diff: 0, Sum: 0, Workers: 4
[1406.880s][debug][gc,phases      ] GC(65)     Total                          Min: 0, Avg:  0.0, Max: 0, Diff: 0, Sum: 0, Workers: 4
[1406.880s][debug][gc,phases      ] GC(65)   StringTable Weak               Min:  0.0, Avg:  0.1, Max:  0.1, Diff:  0.1, Sum:  0.4, Workers: 4
[1406.880s][debug][gc,phases      ] GC(65)     Dead                           Min: 0, Avg:  0.0, Max: 0, Diff: 0, Sum: 0, Workers: 4
[1406.880s][debug][gc,phases      ] GC(65)     Total                          Min: 0, Avg: 11556.0, Max: 16064, Diff: 16064, Sum: 46224, Workers: 4
[1406.880s][debug][gc,phases      ] GC(65)   ResolvedMethodTable Weak       Min:  0.0, Avg:  0.0, Max:  0.1, Diff:  0.1, Sum:  0.2, Workers: 4
[1406.880s][debug][gc,phases      ] GC(65)     Dead                           Min: 0, Avg:  4.0, Max: 16, Diff: 16, Sum: 16, Workers: 4
[1406.880s][debug][gc,phases      ] GC(65)     Total                          Min: 0, Avg: 3815.8, Max: 5271, Diff: 5271, Sum: 15263, Workers: 4
[1406.880s][debug][gc,phases      ] GC(65)   JNI Weak                       Min:  0.0, Avg:  0.0, Max:  0.0, Diff:  0.0, Sum:  0.0, Workers: 4
[1406.880s][debug][gc,phases      ] GC(65)     Dead                           Min: 0, Avg:  0.0, Max: 0, Diff: 0, Sum: 0, Workers: 4
[1406.880s][debug][gc,phases      ] GC(65)     Total                          Min: 0, Avg: 13.0, Max: 48, Diff: 48, Sum: 52, Workers: 4
[1406.880s][debug][gc,phases      ] GC(65)   StringDedup Table Weak         Min:  0.0, Avg:  0.0, Max:  0.0, Diff:  0.0, Sum:  0.0, Workers: 4
[1406.880s][debug][gc,phases      ] GC(65)     Dead                           Min: 0, Avg:  0.0, Max: 0, Diff: 0, Sum: 0, Workers: 4
[1406.880s][debug][gc,phases      ] GC(65)     Total                          Min: 0, Avg:  0.0, Max: 0, Diff: 0, Sum: 0, Workers: 4
[1406.880s][debug][gc,phases      ] GC(65)   StringDedup Requests0 Weak     Min:  0.0, Avg:  0.0, Max:  0.0, Diff:  0.0, Sum:  0.0, Workers: 4
[1406.880s][debug][gc,phases      ] GC(65)     Dead                           Min: 0, Avg:  0.0, Max: 0, Diff: 0, Sum: 0, Workers: 4
[1406.880s][debug][gc,phases      ] GC(65)     Total                          Min: 0, Avg:  0.0, Max: 0, Diff: 0, Sum: 0, Workers: 4
[1406.880s][debug][gc,phases      ] GC(65)   StringDedup Requests1 Weak     Min:  0.0, Avg:  0.0, Max:  0.0, Diff:  0.0, Sum:  0.0, Workers: 4
[1406.880s][debug][gc,phases      ] GC(65)     Dead                           Min: 0, Avg:  0.0, Max: 0, Diff: 0, Sum: 0, Workers: 4
[1406.880s][debug][gc,phases      ] GC(65)     Total                          Min: 0, Avg:  0.0, Max: 0, Diff: 0, Sum: 0, Workers: 4
[1406.880s][debug][gc,phases      ] GC(65)   Weak JFR Old Object Samples    Min:  0.0, Avg:  0.0, Max:  0.0, Diff:  0.0, Sum:  0.0, Workers: 4
[1406.880s][debug][gc,phases      ] GC(65)     Dead                           Min: 0, Avg:  0.0, Max: 0, Diff: 0, Sum: 0, Workers: 4
[1406.880s][debug][gc,phases      ] GC(65)     Total                          Min: 0, Avg:  0.0, Max: 0, Diff: 0, Sum: 0, Workers: 4
[1406.880s][debug][gc,phases      ] GC(65) Weak Processing 0.454ms
[1406.880s][debug][gc,age         ] GC(65) Desired survivor size 13107200 bytes, new threshold 1 (max threshold 15)
[1406.880s][info ][gc,heap        ] GC(65) PSYoungGen: 2073584K(2083840K)->4304K(2082816K) Eden: 2069504K(2069504K)->0K(2069504K) From: 4080K(14336K)->4304K(13312K)
[1406.880s][info ][gc,heap        ] GC(65) ParOldGen: 317607K(317952K)->318351K(318464K)
[1406.880s][info ][gc,metaspace   ] GC(65) Metaspace: 106456K(107776K)->106456K(107776K) NonClass: 90404K(91136K)->90404K(91136K) Class: 16052K(16640K)->16052K(16640K)
[1406.880s][info ][gc             ] GC(65) Pause Young (Allocation Failure) 2335M->315M(2345M) 5.534ms
[1406.880s][info ][gc,cpu         ] GC(65) User=0.02s Sys=0.00s Real=0.00s
[1406.880s][info ][safepoint      ] Safepoint "ParallelGCFailedAllocation", Time since last: 1804224199 ns, Reaching safepoint: 6300 ns, Cleanup: 4701 ns, At safepoint: 5626558 ns, Total: 5637559 ns
[1407.880s][info ][safepoint      ] Safepoint "Cleanup", Time since last: 1000094927 ns, Reaching safepoint: 78906 ns, Cleanup: 27102 ns, At safepoint: 6501 ns, Total: 112509 ns
[1408.881s][info ][safepoint      ] Safepoint "Cleanup", Time since last: 1000117243 ns, Reaching safepoint: 7301 ns, Cleanup: 10201 ns, At safepoint: 2500 ns, Total: 20002 ns
[1409.881s][info ][safepoint      ] Safepoint "Cleanup", Time since last: 1000117316 ns, Reaching safepoint: 6900 ns, Cleanup: 10101 ns, At safepoint: 2200 ns, Total: 19201 ns
[1411.881s][info ][safepoint      ] Safepoint "Cleanup", Time since last: 2000195529 ns, Reaching safepoint: 7300 ns, Cleanup: 13201 ns, At safepoint: 2901 ns, Total: 23402 ns
[1412.881s][info ][safepoint      ] Safepoint "Cleanup", Time since last: 1000120816 ns, Reaching safepoint: 6700 ns, Cleanup: 10501 ns, At safepoint: 2100 ns, Total: 19301 ns
[1413.881s][info ][safepoint      ] Safepoint "Cleanup", Time since last: 1000113116 ns, Reaching safepoint: 6500 ns, Cleanup: 13101 ns, At safepoint: 2501 ns, Total: 22102 ns
[1414.881s][info ][safepoint      ] Safepoint "Cleanup", Time since last: 1000134817 ns, Reaching safepoint: 13201 ns, Cleanup: 18601 ns, At safepoint: 3501 ns, Total: 35303 ns
[1425.882s][info ][safepoint      ] Safepoint "Cleanup", Time since last: 11000895301 ns, Reaching safepoint: 8001 ns, Cleanup: 54704 ns, At safepoint: 2900 ns, Total: 65605 ns
[1428.883s][info ][safepoint      ] Safepoint "Cleanup", Time since last: 3000272768 ns, Reaching safepoint: 7000 ns, Cleanup: 11901 ns, At safepoint: 2800 ns, Total: 21701 ns
[1431.678s][info ][gc,start       ] GC(66) Pause Young (Allocation Failure)
[1431.683s][debug][gc,phases      ] GC(66) Scavenge 5.283ms
[1431.683s][debug][gc,ref         ] GC(66) ReferenceProcessor::execute queues: 1, RefProcThreadModel::Single, marks_oops_alive: false
[1431.683s][debug][gc,ref         ] GC(66) Skipped KeepAliveFinalRefsPhase of Reference Processing: no references
[1431.683s][debug][gc,ref         ] GC(66) ReferenceProcessor::execute queues: 1, RefProcThreadModel::Single, marks_oops_alive: false
[1431.683s][debug][gc,phases      ] GC(66) Reference Processing 0.125ms
[1431.684s][debug][gc,phases      ] GC(66)   VM Weak                        Min:  0.0, Avg:  0.0, Max:  0.0, Diff:  0.0, Sum:  0.0, Workers: 4
[1431.684s][debug][gc,phases      ] GC(66)     Dead                           Min: 0, Avg:  0.0, Max: 0, Diff: 0, Sum: 0, Workers: 4
[1431.684s][debug][gc,phases      ] GC(66)     Total                          Min: 0, Avg: 255.5, Max: 704, Diff: 704, Sum: 1022, Workers: 4
[1431.684s][debug][gc,phases      ] GC(66)   ObjectSynchronizer Weak        Min:  0.0, Avg:  0.0, Max:  0.0, Diff:  0.0, Sum:  0.0, Workers: 4
[1431.684s][debug][gc,phases      ] GC(66)     Dead                           Min: 0, Avg:  0.0, Max: 0, Diff: 0, Sum: 0, Workers: 4
[1431.684s][debug][gc,phases      ] GC(66)     Total                          Min: 0, Avg:  1.0, Max: 4, Diff: 4, Sum: 4, Workers: 4
[1431.684s][debug][gc,phases      ] GC(66)   JVMTI Tag Weak OopStorage      Min:  0.0, Avg:  0.0, Max:  0.0, Diff:  0.0, Sum:  0.0, Workers: 4
[1431.684s][debug][gc,phases      ] GC(66)     Dead                           Min: 0, Avg:  0.0, Max: 0, Diff: 0, Sum: 0, Workers: 4
[1431.684s][debug][gc,phases      ] GC(66)     Total                          Min: 0, Avg:  0.0, Max: 0, Diff: 0, Sum: 0, Workers: 4
[1431.684s][debug][gc,phases      ] GC(66)   StringTable Weak               Min:  0.1, Avg:  0.1, Max:  0.1, Diff:  0.0, Sum:  0.5, Workers: 4
[1431.684s][debug][gc,phases      ] GC(66)     Dead                           Min: 0, Avg:  0.2, Max: 1, Diff: 1, Sum: 1, Workers: 4
[1431.684s][debug][gc,phases      ] GC(66)     Total                          Min: 10816, Avg: 11558.2, Max: 12416, Diff: 1600, Sum: 46233, Workers: 4
[1431.684s][debug][gc,phases      ] GC(66)   ResolvedMethodTable Weak       Min:  0.0, Avg:  0.0, Max:  0.0, Diff:  0.0, Sum:  0.2, Workers: 4
[1431.684s][debug][gc,phases      ] GC(66)     Dead                           Min: 0, Avg:  4.0, Max: 13, Diff: 13, Sum: 16, Workers: 4
[1431.684s][debug][gc,phases      ] GC(66)     Total                          Min: 3416, Avg: 3818.8, Max: 4205, Diff: 789, Sum: 15275, Workers: 4
[1431.684s][debug][gc,phases      ] GC(66)   JNI Weak                       Min:  0.0, Avg:  0.0, Max:  0.0, Diff:  0.0, Sum:  0.0, Workers: 4
[1431.684s][debug][gc,phases      ] GC(66)     Dead                           Min: 0, Avg:  0.0, Max: 0, Diff: 0, Sum: 0, Workers: 4
[1431.684s][debug][gc,phases      ] GC(66)     Total                          Min: 0, Avg: 13.0, Max: 48, Diff: 48, Sum: 52, Workers: 4
[1431.684s][debug][gc,phases      ] GC(66)   StringDedup Table Weak         Min:  0.0, Avg:  0.0, Max:  0.0, Diff:  0.0, Sum:  0.0, Workers: 4
[1431.684s][debug][gc,phases      ] GC(66)     Dead                           Min: 0, Avg:  0.0, Max: 0, Diff: 0, Sum: 0, Workers: 4
[1431.684s][debug][gc,phases      ] GC(66)     Total                          Min: 0, Avg:  0.0, Max: 0, Diff: 0, Sum: 0, Workers: 4
[1431.684s][debug][gc,phases      ] GC(66)   StringDedup Requests0 Weak     Min:  0.0, Avg:  0.0, Max:  0.0, Diff:  0.0, Sum:  0.0, Workers: 4
[1431.684s][debug][gc,phases      ] GC(66)     Dead                           Min: 0, Avg:  0.0, Max: 0, Diff: 0, Sum: 0, Workers: 4
[1431.684s][debug][gc,phases      ] GC(66)     Total                          Min: 0, Avg:  0.0, Max: 0, Diff: 0, Sum: 0, Workers: 4
[1431.684s][debug][gc,phases      ] GC(66)   StringDedup Requests1 Weak     Min:  0.0, Avg:  0.0, Max:  0.0, Diff:  0.0, Sum:  0.0, Workers: 4
[1431.684s][debug][gc,phases      ] GC(66)     Dead                           Min: 0, Avg:  0.0, Max: 0, Diff: 0, Sum: 0, Workers: 4
[1431.684s][debug][gc,phases      ] GC(66)     Total                          Min: 0, Avg:  0.0, Max: 0, Diff: 0, Sum: 0, Workers: 4
[1431.684s][debug][gc,phases      ] GC(66)   Weak JFR Old Object Samples    Min:  0.0, Avg:  0.0, Max:  0.0, Diff:  0.0, Sum:  0.0, Workers: 4
[1431.684s][debug][gc,phases      ] GC(66)     Dead                           Min: 0, Avg:  0.0, Max: 0, Diff: 0, Sum: 0, Workers: 4
[1431.684s][debug][gc,phases      ] GC(66)     Total                          Min: 0, Avg:  0.0, Max: 0, Diff: 0, Sum: 0, Workers: 4
[1431.684s][debug][gc,phases      ] GC(66) Weak Processing 0.401ms
[1431.684s][debug][gc,age         ] GC(66) Desired survivor size 12058624 bytes, new threshold 1 (max threshold 15)
[1431.684s][info ][gc,heap        ] GC(66) PSYoungGen: 2073808K(2082816K)->4960K(2085376K) Eden: 2069504K(2069504K)->0K(2072576K) From: 4304K(13312K)->4960K(12800K)
[1431.684s][info ][gc,heap        ] GC(66) ParOldGen: 318351K(318464K)->319091K(319488K)
[1431.684s][info ][gc,metaspace   ] GC(66) Metaspace: 106495K(107840K)->106495K(107840K) NonClass: 90437K(91200K)->90437K(91200K) Class: 16058K(16640K)->16058K(16640K)
[1431.684s][info ][gc             ] GC(66) Pause Young (Allocation Failure) 2336M->316M(2348M) 5.961ms
[1431.684s][info ][gc,cpu         ] GC(66) User=0.02s Sys=0.01s Real=0.01s
[1431.684s][info ][safepoint      ] Safepoint "ParallelGCFailedAllocation", Time since last: 2795160773 ns, Reaching safepoint: 6101 ns, Cleanup: 4900 ns, At safepoint: 6049687 ns, Total: 6060688 ns
[1438.684s][info ][safepoint      ] Safepoint "Cleanup", Time since last: 7000553811 ns, Reaching safepoint: 6901 ns, Cleanup: 12201 ns, At safepoint: 2400 ns, Total: 21502 ns
[1443.470s][info ][safepoint      ] Safepoint "Cleanup", Time since last: 4785695186 ns, Reaching safepoint: 79006 ns, Cleanup: 10301 ns, At safepoint: 6800 ns, Total: 96107 ns
[1455.471s][info ][safepoint      ] Safepoint "Cleanup", Time since last: 12000973583 ns, Reaching safepoint: 82607 ns, Cleanup: 11101 ns, At safepoint: 31102 ns, Total: 124810 ns
[1456.472s][info ][safepoint      ] Safepoint "Cleanup", Time since last: 1000124927 ns, Reaching safepoint: 81406 ns, Cleanup: 9201 ns, At safepoint: 7100 ns, Total: 97707 ns
[1456.890s][info ][gc,start       ] GC(67) Pause Young (Allocation Failure)
[1456.897s][debug][gc,phases      ] GC(67) Scavenge 6.645ms
[1456.897s][debug][gc,ref         ] GC(67) ReferenceProcessor::execute queues: 1, RefProcThreadModel::Single, marks_oops_alive: false
[1456.897s][debug][gc,ref         ] GC(67) Skipped KeepAliveFinalRefsPhase of Reference Processing: no references
[1456.897s][debug][gc,ref         ] GC(67) Skipped PhantomRefsPhase of Reference Processing: no references
[1456.897s][debug][gc,phases      ] GC(67) Reference Processing 0.110ms
[1456.897s][debug][gc,phases      ] GC(67)   VM Weak                        Min:  0.0, Avg:  0.0, Max:  0.0, Diff:  0.0, Sum:  0.0, Workers: 4
[1456.897s][debug][gc,phases      ] GC(67)     Dead                           Min: 0, Avg:  0.0, Max: 0, Diff: 0, Sum: 0, Workers: 4
[1456.897s][debug][gc,phases      ] GC(67)     Total                          Min: 0, Avg: 255.5, Max: 704, Diff: 704, Sum: 1022, Workers: 4
[1456.897s][debug][gc,phases      ] GC(67)   ObjectSynchronizer Weak        Min:  0.0, Avg:  0.0, Max:  0.0, Diff:  0.0, Sum:  0.0, Workers: 4
[1456.897s][debug][gc,phases      ] GC(67)     Dead                           Min: 0, Avg:  0.0, Max: 0, Diff: 0, Sum: 0, Workers: 4
[1456.897s][debug][gc,phases      ] GC(67)     Total                          Min: 0, Avg:  1.0, Max: 4, Diff: 4, Sum: 4, Workers: 4
[1456.897s][debug][gc,phases      ] GC(67)   JVMTI Tag Weak OopStorage      Min:  0.0, Avg:  0.0, Max:  0.0, Diff:  0.0, Sum:  0.0, Workers: 4
[1456.897s][debug][gc,phases      ] GC(67)     Dead                           Min: 0, Avg:  0.0, Max: 0, Diff: 0, Sum: 0, Workers: 4
[1456.897s][debug][gc,phases      ] GC(67)     Total                          Min: 0, Avg:  0.0, Max: 0, Diff: 0, Sum: 0, Workers: 4
[1456.897s][debug][gc,phases      ] GC(67)   StringTable Weak               Min:  0.0, Avg:  0.1, Max:  0.1, Diff:  0.1, Sum:  0.4, Workers: 4
[1456.897s][debug][gc,phases      ] GC(67)     Dead                           Min: 0, Avg:  0.0, Max: 0, Diff: 0, Sum: 0, Workers: 4
[1456.897s][debug][gc,phases      ] GC(67)     Total                          Min: 0, Avg: 11558.2, Max: 16575, Diff: 16575, Sum: 46233, Workers: 4
[1456.897s][debug][gc,phases      ] GC(67)   ResolvedMethodTable Weak       Min:  0.0, Avg:  0.0, Max:  0.1, Diff:  0.1, Sum:  0.2, Workers: 4
[1456.897s][debug][gc,phases      ] GC(67)     Dead                           Min: 0, Avg:  4.0, Max: 16, Diff: 16, Sum: 16, Workers: 4
[1456.897s][debug][gc,phases      ] GC(67)     Total                          Min: 0, Avg: 3818.8, Max: 5137, Diff: 5137, Sum: 15275, Workers: 4
[1456.897s][debug][gc,phases      ] GC(67)   JNI Weak                       Min:  0.0, Avg:  0.0, Max:  0.0, Diff:  0.0, Sum:  0.0, Workers: 4
[1456.897s][debug][gc,phases      ] GC(67)     Dead                           Min: 0, Avg:  0.0, Max: 0, Diff: 0, Sum: 0, Workers: 4
[1456.897s][debug][gc,phases      ] GC(67)     Total                          Min: 0, Avg: 13.0, Max: 48, Diff: 48, Sum: 52, Workers: 4
[1456.897s][debug][gc,phases      ] GC(67)   StringDedup Table Weak         Min:  0.0, Avg:  0.0, Max:  0.0, Diff:  0.0, Sum:  0.0, Workers: 4
[1456.897s][debug][gc,phases      ] GC(67)     Dead                           Min: 0, Avg:  0.0, Max: 0, Diff: 0, Sum: 0, Workers: 4
[1456.897s][debug][gc,phases      ] GC(67)     Total                          Min: 0, Avg:  0.0, Max: 0, Diff: 0, Sum: 0, Workers: 4
[1456.897s][debug][gc,phases      ] GC(67)   StringDedup Requests0 Weak     Min:  0.0, Avg:  0.0, Max:  0.0, Diff:  0.0, Sum:  0.0, Workers: 4
[1456.897s][debug][gc,phases      ] GC(67)     Dead                           Min: 0, Avg:  0.0, Max: 0, Diff: 0, Sum: 0, Workers: 4
[1456.897s][debug][gc,phases      ] GC(67)     Total                          Min: 0, Avg:  0.0, Max: 0, Diff: 0, Sum: 0, Workers: 4
[1456.897s][debug][gc,phases      ] GC(67)   StringDedup Requests1 Weak     Min:  0.0, Avg:  0.0, Max:  0.0, Diff:  0.0, Sum:  0.0, Workers: 4
[1456.897s][debug][gc,phases      ] GC(67)     Dead                           Min: 0, Avg:  0.0, Max: 0, Diff: 0, Sum: 0, Workers: 4
[1456.897s][debug][gc,phases      ] GC(67)     Total                          Min: 0, Avg:  0.0, Max: 0, Diff: 0, Sum: 0, Workers: 4
[1456.897s][debug][gc,phases      ] GC(67)   Weak JFR Old Object Samples    Min:  0.0, Avg:  0.0, Max:  0.0, Diff:  0.0, Sum:  0.0, Workers: 4
[1456.897s][debug][gc,phases      ] GC(67)     Dead                           Min: 0, Avg:  0.0, Max: 0, Diff: 0, Sum: 0, Workers: 4
[1456.897s][debug][gc,phases      ] GC(67)     Total                          Min: 0, Avg:  0.0, Max: 0, Diff: 0, Sum: 0, Workers: 4
[1456.897s][debug][gc,phases      ] GC(67) Weak Processing 0.443ms
[1456.897s][debug][gc,age         ] GC(67) Desired survivor size 11534336 bytes, new threshold 1 (max threshold 15)
[1456.897s][info ][gc,heap        ] GC(67) PSYoungGen: 2077536K(2085376K)->4512K(2084352K) Eden: 2072576K(2072576K)->0K(2072576K) From: 4960K(12800K)->4512K(11776K)
[1456.897s][info ][gc,heap        ] GC(67) ParOldGen: 319091K(319488K)->320356K(320512K)
[1456.897s][info ][gc,metaspace   ] GC(67) Metaspace: 106498K(107840K)->106498K(107840K) NonClass: 90440K(91200K)->90440K(91200K) Class: 16058K(16640K)->16058K(16640K)
[1456.897s][info ][gc             ] GC(67) Pause Young (Allocation Failure) 2340M->317M(2348M) 7.331ms
[1456.897s][info ][gc,cpu         ] GC(67) User=0.02s Sys=0.00s Real=0.01s
[1456.897s][info ][safepoint      ] Safepoint "ParallelGCFailedAllocation", Time since last: 418242927 ns, Reaching safepoint: 6701 ns, Cleanup: 4600 ns, At safepoint: 7410768 ns, Total: 7422069 ns
[1465.898s][info ][safepoint      ] Safepoint "Cleanup", Time since last: 9000685292 ns, Reaching safepoint: 6800 ns, Cleanup: 10801 ns, At safepoint: 2300 ns, Total: 19901 ns
[1469.898s][info ][safepoint      ] Safepoint "Cleanup", Time since last: 4000345300 ns, Reaching safepoint: 6801 ns, Cleanup: 11301 ns, At safepoint: 2700 ns, Total: 20802 ns
[1470.898s][info ][safepoint      ] Safepoint "Cleanup", Time since last: 1000132954 ns, Reaching safepoint: 8000 ns, Cleanup: 14102 ns, At safepoint: 2500 ns, Total: 24602 ns
[1472.899s][info ][safepoint      ] Safepoint "Cleanup", Time since last: 2000195729 ns, Reaching safepoint: 6401 ns, Cleanup: 12501 ns, At safepoint: 2700 ns, Total: 21602 ns
[1479.899s][info ][safepoint      ] Safepoint "Cleanup", Time since last: 7000542720 ns, Reaching safepoint: 7900 ns, Cleanup: 14402 ns, At safepoint: 2900 ns, Total: 25202 ns
[1481.117s][info ][gc,start       ] GC(68) Pause Young (Allocation Failure)
[1481.122s][debug][gc,phases      ] GC(68) Scavenge 5.110ms
[1481.122s][debug][gc,ref         ] GC(68) ReferenceProcessor::execute queues: 1, RefProcThreadModel::Single, marks_oops_alive: false
[1481.122s][debug][gc,ref         ] GC(68) Skipped KeepAliveFinalRefsPhase of Reference Processing: no references
[1481.122s][debug][gc,ref         ] GC(68) Skipped PhantomRefsPhase of Reference Processing: no references
[1481.122s][debug][gc,phases      ] GC(68) Reference Processing 0.111ms
[1481.122s][debug][gc,phases      ] GC(68)   VM Weak                        Min:  0.0, Avg:  0.0, Max:  0.0, Diff:  0.0, Sum:  0.0, Workers: 4
[1481.122s][debug][gc,phases      ] GC(68)     Dead                           Min: 0, Avg:  0.0, Max: 0, Diff: 0, Sum: 0, Workers: 4
[1481.122s][debug][gc,phases      ] GC(68)     Total                          Min: 0, Avg: 255.5, Max: 576, Diff: 576, Sum: 1022, Workers: 4
[1481.122s][debug][gc,phases      ] GC(68)   ObjectSynchronizer Weak        Min:  0.0, Avg:  0.0, Max:  0.0, Diff:  0.0, Sum:  0.0, Workers: 4
[1481.122s][debug][gc,phases      ] GC(68)     Dead                           Min: 0, Avg:  0.0, Max: 0, Diff: 0, Sum: 0, Workers: 4
[1481.122s][debug][gc,phases      ] GC(68)     Total                          Min: 0, Avg:  1.0, Max: 4, Diff: 4, Sum: 4, Workers: 4
[1481.122s][debug][gc,phases      ] GC(68)   JVMTI Tag Weak OopStorage      Min:  0.0, Avg:  0.0, Max:  0.0, Diff:  0.0, Sum:  0.0, Workers: 4
[1481.122s][debug][gc,phases      ] GC(68)     Dead                           Min: 0, Avg:  0.0, Max: 0, Diff: 0, Sum: 0, Workers: 4
[1481.122s][debug][gc,phases      ] GC(68)     Total                          Min: 0, Avg:  0.0, Max: 0, Diff: 0, Sum: 0, Workers: 4
[1481.122s][debug][gc,phases      ] GC(68)   StringTable Weak               Min:  0.1, Avg:  0.1, Max:  0.1, Diff:  0.0, Sum:  0.4, Workers: 4
[1481.122s][debug][gc,phases      ] GC(68)     Dead                           Min: 0, Avg:  0.0, Max: 0, Diff: 0, Sum: 0, Workers: 4
[1481.122s][debug][gc,phases      ] GC(68)     Total                          Min: 10239, Avg: 11558.8, Max: 12764, Diff: 2525, Sum: 46235, Workers: 4
[1481.122s][debug][gc,phases      ] GC(68)   ResolvedMethodTable Weak       Min:  0.0, Avg:  0.0, Max:  0.0, Diff:  0.0, Sum:  0.2, Workers: 4
[1481.122s][debug][gc,phases      ] GC(68)     Dead                           Min: 0, Avg:  7.0, Max: 28, Diff: 28, Sum: 28, Workers: 4
[1481.122s][debug][gc,phases      ] GC(68)     Total                          Min: 3425, Avg: 3821.8, Max: 4250, Diff: 825, Sum: 15287, Workers: 4
[1481.122s][debug][gc,phases      ] GC(68)   JNI Weak                       Min:  0.0, Avg:  0.0, Max:  0.0, Diff:  0.0, Sum:  0.0, Workers: 4
[1481.122s][debug][gc,phases      ] GC(68)     Dead                           Min: 0, Avg:  0.0, Max: 0, Diff: 0, Sum: 0, Workers: 4
[1481.122s][debug][gc,phases      ] GC(68)     Total                          Min: 0, Avg: 13.0, Max: 48, Diff: 48, Sum: 52, Workers: 4
[1481.122s][debug][gc,phases      ] GC(68)   StringDedup Table Weak         Min:  0.0, Avg:  0.0, Max:  0.0, Diff:  0.0, Sum:  0.0, Workers: 4
[1481.122s][debug][gc,phases      ] GC(68)     Dead                           Min: 0, Avg:  0.0, Max: 0, Diff: 0, Sum: 0, Workers: 4
[1481.122s][debug][gc,phases      ] GC(68)     Total                          Min: 0, Avg:  0.0, Max: 0, Diff: 0, Sum: 0, Workers: 4
[1481.122s][debug][gc,phases      ] GC(68)   StringDedup Requests0 Weak     Min:  0.0, Avg:  0.0, Max:  0.0, Diff:  0.0, Sum:  0.0, Workers: 4
[1481.122s][debug][gc,phases      ] GC(68)     Dead                           Min: 0, Avg:  0.0, Max: 0, Diff: 0, Sum: 0, Workers: 4
[1481.122s][debug][gc,phases      ] GC(68)     Total                          Min: 0, Avg:  0.0, Max: 0, Diff: 0, Sum: 0, Workers: 4
[1481.122s][debug][gc,phases      ] GC(68)   StringDedup Requests1 Weak     Min:  0.0, Avg:  0.0, Max:  0.0, Diff:  0.0, Sum:  0.0, Workers: 4
[1481.122s][debug][gc,phases      ] GC(68)     Dead                           Min: 0, Avg:  0.0, Max: 0, Diff: 0, Sum: 0, Workers: 4
[1481.123s][debug][gc,phases      ] GC(68)     Total                          Min: 0, Avg:  0.0, Max: 0, Diff: 0, Sum: 0, Workers: 4
[1481.123s][debug][gc,phases      ] GC(68)   Weak JFR Old Object Samples    Min:  0.0, Avg:  0.0, Max:  0.0, Diff:  0.0, Sum:  0.0, Workers: 4
[1481.123s][debug][gc,phases      ] GC(68)     Dead                           Min: 0, Avg:  0.0, Max: 0, Diff: 0, Sum: 0, Workers: 4
[1481.123s][debug][gc,phases      ] GC(68)     Total                          Min: 0, Avg:  0.0, Max: 0, Diff: 0, Sum: 0, Workers: 4
[1481.123s][debug][gc,phases      ] GC(68) Weak Processing 0.415ms
[1481.123s][debug][gc,age         ] GC(68) Desired survivor size 11010048 bytes, new threshold 1 (max threshold 15)
[1481.123s][info ][gc,heap        ] GC(68) PSYoungGen: 2077088K(2084352K)->4864K(2086400K) Eden: 2072576K(2072576K)->0K(2075136K) From: 4512K(11776K)->4864K(11264K)
[1481.123s][info ][gc,heap        ] GC(68) ParOldGen: 320356K(320512K)->321044K(321536K)
[1481.123s][info ][gc,metaspace   ] GC(68) Metaspace: 106514K(107840K)->106514K(107840K) NonClass: 90456K(91200K)->90456K(91200K) Class: 16058K(16640K)->16058K(16640K)
[1481.123s][info ][gc             ] GC(68) Pause Young (Allocation Failure) 2341M->318M(2351M) 5.779ms
[1481.123s][info ][gc,cpu         ] GC(68) User=0.01s Sys=0.01s Real=0.01s
[1481.123s][info ][safepoint      ] Safepoint "ParallelGCFailedAllocation", Time since last: 1217513641 ns, Reaching safepoint: 6500 ns, Cleanup: 10501 ns, At safepoint: 5851165 ns, Total: 5868166 ns
[1482.123s][info ][safepoint      ] Safepoint "Cleanup", Time since last: 1000109597 ns, Reaching safepoint: 83607 ns, Cleanup: 19401 ns, At safepoint: 7101 ns, Total: 110109 ns
[1483.123s][info ][safepoint      ] Safepoint "Cleanup", Time since last: 1000124498 ns, Reaching safepoint: 77506 ns, Cleanup: 17301 ns, At safepoint: 6501 ns, Total: 101308 ns
[1484.123s][info ][safepoint      ] Safepoint "Cleanup", Time since last: 1000131999 ns, Reaching safepoint: 80506 ns, Cleanup: 14301 ns, At safepoint: 7401 ns, Total: 102208 ns
[1487.124s][info ][safepoint      ] Safepoint "Cleanup", Time since last: 3000271286 ns, Reaching safepoint: 79506 ns, Cleanup: 11901 ns, At safepoint: 6801 ns, Total: 98208 ns
[1488.124s][info ][safepoint      ] Safepoint "Cleanup", Time since last: 1000131099 ns, Reaching safepoint: 78906 ns, Cleanup: 24102 ns, At safepoint: 6000 ns, Total: 109008 ns
[1501.489s][info ][safepoint      ] Safepoint "Cleanup", Time since last: 13364932240 ns, Reaching safepoint: 6900 ns, Cleanup: 10001 ns, At safepoint: 2700 ns, Total: 19601 ns
[1505.489s][info ][safepoint      ] Safepoint "Cleanup", Time since last: 4000349580 ns, Reaching safepoint: 7901 ns, Cleanup: 22801 ns, At safepoint: 2701 ns, Total: 33403 ns
[1505.764s][info ][gc,start       ] GC(69) Pause Young (Allocation Failure)
[1505.769s][debug][gc,phases      ] GC(69) Scavenge 4.830ms
[1505.769s][debug][gc,ref         ] GC(69) ReferenceProcessor::execute queues: 1, RefProcThreadModel::Single, marks_oops_alive: false
[1505.769s][debug][gc,ref         ] GC(69) Skipped KeepAliveFinalRefsPhase of Reference Processing: no references
[1505.769s][debug][gc,ref         ] GC(69) Skipped PhantomRefsPhase of Reference Processing: no references
[1505.769s][debug][gc,phases      ] GC(69) Reference Processing 0.113ms
[1505.769s][debug][gc,phases      ] GC(69)   VM Weak                        Min:  0.0, Avg:  0.0, Max:  0.0, Diff:  0.0, Sum:  0.0, Workers: 4
[1505.769s][debug][gc,phases      ] GC(69)     Dead                           Min: 0, Avg:  0.0, Max: 0, Diff: 0, Sum: 0, Workers: 4
[1505.769s][debug][gc,phases      ] GC(69)     Total                          Min: 0, Avg: 255.5, Max: 640, Diff: 640, Sum: 1022, Workers: 4
[1505.769s][debug][gc,phases      ] GC(69)   ObjectSynchronizer Weak        Min:  0.0, Avg:  0.0, Max:  0.0, Diff:  0.0, Sum:  0.0, Workers: 4
[1505.769s][debug][gc,phases      ] GC(69)     Dead                           Min: 0, Avg:  0.0, Max: 0, Diff: 0, Sum: 0, Workers: 4
[1505.769s][debug][gc,phases      ] GC(69)     Total                          Min: 0, Avg:  1.0, Max: 4, Diff: 4, Sum: 4, Workers: 4
[1505.769s][debug][gc,phases      ] GC(69)   JVMTI Tag Weak OopStorage      Min:  0.0, Avg:  0.0, Max:  0.0, Diff:  0.0, Sum:  0.0, Workers: 4
[1505.769s][debug][gc,phases      ] GC(69)     Dead                           Min: 0, Avg:  0.0, Max: 0, Diff: 0, Sum: 0, Workers: 4
[1505.769s][debug][gc,phases      ] GC(69)     Total                          Min: 0, Avg:  0.0, Max: 0, Diff: 0, Sum: 0, Workers: 4
[1505.769s][debug][gc,phases      ] GC(69)   StringTable Weak               Min:  0.0, Avg:  0.1, Max:  0.1, Diff:  0.1, Sum:  0.4, Workers: 4
[1505.769s][debug][gc,phases      ] GC(69)     Dead                           Min: 0, Avg:  0.0, Max: 0, Diff: 0, Sum: 0, Workers: 4
[1505.769s][debug][gc,phases      ] GC(69)     Total                          Min: 0, Avg: 11558.8, Max: 16476, Diff: 16476, Sum: 46235, Workers: 4
[1505.769s][debug][gc,phases      ] GC(69)   ResolvedMethodTable Weak       Min:  0.0, Avg:  0.0, Max:  0.0, Diff:  0.0, Sum:  0.1, Workers: 4
[1505.769s][debug][gc,phases      ] GC(69)     Dead                           Min: 0, Avg:  4.0, Max: 16, Diff: 16, Sum: 16, Workers: 4
[1505.769s][debug][gc,phases      ] GC(69)     Total                          Min: 0, Avg: 3821.8, Max: 5494, Diff: 5494, Sum: 15287, Workers: 4
[1505.769s][debug][gc,phases      ] GC(69)   JNI Weak                       Min:  0.0, Avg:  0.0, Max:  0.0, Diff:  0.0, Sum:  0.0, Workers: 4
[1505.769s][debug][gc,phases      ] GC(69)     Dead                           Min: 0, Avg:  0.0, Max: 0, Diff: 0, Sum: 0, Workers: 4
[1505.769s][debug][gc,phases      ] GC(69)     Total                          Min: 0, Avg: 13.0, Max: 48, Diff: 48, Sum: 52, Workers: 4
[1505.769s][debug][gc,phases      ] GC(69)   StringDedup Table Weak         Min:  0.0, Avg:  0.0, Max:  0.0, Diff:  0.0, Sum:  0.0, Workers: 4
[1505.769s][debug][gc,phases      ] GC(69)     Dead                           Min: 0, Avg:  0.0, Max: 0, Diff: 0, Sum: 0, Workers: 4
[1505.769s][debug][gc,phases      ] GC(69)     Total                          Min: 0, Avg:  0.0, Max: 0, Diff: 0, Sum: 0, Workers: 4
[1505.769s][debug][gc,phases      ] GC(69)   StringDedup Requests0 Weak     Min:  0.0, Avg:  0.0, Max:  0.0, Diff:  0.0, Sum:  0.0, Workers: 4
[1505.769s][debug][gc,phases      ] GC(69)     Dead                           Min: 0, Avg:  0.0, Max: 0, Diff: 0, Sum: 0, Workers: 4
[1505.769s][debug][gc,phases      ] GC(69)     Total                          Min: 0, Avg:  0.0, Max: 0, Diff: 0, Sum: 0, Workers: 4
[1505.769s][debug][gc,phases      ] GC(69)   StringDedup Requests1 Weak     Min:  0.0, Avg:  0.0, Max:  0.0, Diff:  0.0, Sum:  0.0, Workers: 4
[1505.769s][debug][gc,phases      ] GC(69)     Dead                           Min: 0, Avg:  0.0, Max: 0, Diff: 0, Sum: 0, Workers: 4
[1505.769s][debug][gc,phases      ] GC(69)     Total                          Min: 0, Avg:  0.0, Max: 0, Diff: 0, Sum: 0, Workers: 4
[1505.769s][debug][gc,phases      ] GC(69)   Weak JFR Old Object Samples    Min:  0.0, Avg:  0.0, Max:  0.0, Diff:  0.0, Sum:  0.0, Workers: 4
[1505.769s][debug][gc,phases      ] GC(69)     Dead                           Min: 0, Avg:  0.0, Max: 0, Diff: 0, Sum: 0, Workers: 4
[1505.769s][debug][gc,phases      ] GC(69)     Total                          Min: 0, Avg:  0.0, Max: 0, Diff: 0, Sum: 0, Workers: 4
[1505.769s][debug][gc,phases      ] GC(69) Weak Processing 0.437ms
[1505.769s][debug][gc,age         ] GC(69) Desired survivor size 10485760 bytes, new threshold 1 (max threshold 15)
[1505.769s][info ][gc,heap        ] GC(69) PSYoungGen: 2080000K(2086400K)->4768K(2085888K) Eden: 2075136K(2075136K)->0K(2075136K) From: 4864K(11264K)->4768K(10752K)
[1505.769s][info ][gc,heap        ] GC(69) ParOldGen: 321044K(321536K)->321704K(322048K)
[1505.769s][info ][gc,metaspace   ] GC(69) Metaspace: 106530K(107840K)->106530K(107840K) NonClass: 90472K(91200K)->90472K(91200K) Class: 16058K(16640K)->16058K(16640K)
[1505.769s][info ][gc             ] GC(69) Pause Young (Allocation Failure) 2344M->318M(2351M) 5.523ms
[1505.769s][info ][gc,cpu         ] GC(69) User=0.02s Sys=0.00s Real=0.00s
[1505.769s][info ][safepoint      ] Safepoint "ParallelGCFailedAllocation", Time since last: 274434977 ns, Reaching safepoint: 6600 ns, Cleanup: 4700 ns, At safepoint: 5598547 ns, Total: 5609847 ns
[1514.770s][info ][safepoint      ] Safepoint "Cleanup", Time since last: 9000760658 ns, Reaching safepoint: 81007 ns, Cleanup: 24002 ns, At safepoint: 6600 ns, Total: 111609 ns
[1528.771s][info ][safepoint      ] Safepoint "Cleanup", Time since last: 14001092850 ns, Reaching safepoint: 78307 ns, Cleanup: 9900 ns, At safepoint: 6101 ns, Total: 94308 ns
[1530.325s][info ][gc,start       ] GC(70) Pause Young (Allocation Failure)
[1530.330s][debug][gc,phases      ] GC(70) Scavenge 4.897ms
[1530.330s][debug][gc,ref         ] GC(70) ReferenceProcessor::execute queues: 1, RefProcThreadModel::Single, marks_oops_alive: false
[1530.330s][debug][gc,ref         ] GC(70) Skipped KeepAliveFinalRefsPhase of Reference Processing: no references
[1530.330s][debug][gc,ref         ] GC(70) ReferenceProcessor::execute queues: 1, RefProcThreadModel::Single, marks_oops_alive: false
[1530.330s][debug][gc,phases      ] GC(70) Reference Processing 0.111ms
[1530.330s][debug][gc,phases      ] GC(70)   VM Weak                        Min:  0.0, Avg:  0.0, Max:  0.0, Diff:  0.0, Sum:  0.0, Workers: 4
[1530.330s][debug][gc,phases      ] GC(70)     Dead                           Min: 0, Avg:  0.0, Max: 0, Diff: 0, Sum: 0, Workers: 4
[1530.330s][debug][gc,phases      ] GC(70)     Total                          Min: 0, Avg: 255.5, Max: 766, Diff: 766, Sum: 1022, Workers: 4
[1530.330s][debug][gc,phases      ] GC(70)   ObjectSynchronizer Weak        Min:  0.0, Avg:  0.0, Max:  0.0, Diff:  0.0, Sum:  0.0, Workers: 4
[1530.330s][debug][gc,phases      ] GC(70)     Dead                           Min: 0, Avg:  0.0, Max: 0, Diff: 0, Sum: 0, Workers: 4
[1530.330s][debug][gc,phases      ] GC(70)     Total                          Min: 0, Avg:  1.0, Max: 4, Diff: 4, Sum: 4, Workers: 4
[1530.330s][debug][gc,phases      ] GC(70)   JVMTI Tag Weak OopStorage      Min:  0.0, Avg:  0.0, Max:  0.0, Diff:  0.0, Sum:  0.0, Workers: 4
[1530.330s][debug][gc,phases      ] GC(70)     Dead                           Min: 0, Avg:  0.0, Max: 0, Diff: 0, Sum: 0, Workers: 4
[1530.330s][debug][gc,phases      ] GC(70)     Total                          Min: 0, Avg:  0.0, Max: 0, Diff: 0, Sum: 0, Workers: 4
[1530.330s][debug][gc,phases      ] GC(70)   StringTable Weak               Min:  0.0, Avg:  0.1, Max:  0.1, Diff:  0.1, Sum:  0.4, Workers: 4
[1530.330s][debug][gc,phases      ] GC(70)     Dead                           Min: 0, Avg:  0.0, Max: 0, Diff: 0, Sum: 0, Workers: 4
[1530.330s][debug][gc,phases      ] GC(70)     Total                          Min: 0, Avg: 11559.2, Max: 16030, Diff: 16030, Sum: 46237, Workers: 4
[1530.330s][debug][gc,phases      ] GC(70)   ResolvedMethodTable Weak       Min:  0.0, Avg:  0.0, Max:  0.0, Diff:  0.0, Sum:  0.1, Workers: 4
[1530.330s][debug][gc,phases      ] GC(70)     Dead                           Min: 0, Avg:  4.0, Max: 16, Diff: 16, Sum: 16, Workers: 4
[1530.330s][debug][gc,phases      ] GC(70)     Total                          Min: 0, Avg: 3821.8, Max: 5707, Diff: 5707, Sum: 15287, Workers: 4
[1530.330s][debug][gc,phases      ] GC(70)   JNI Weak                       Min:  0.0, Avg:  0.0, Max:  0.0, Diff:  0.0, Sum:  0.0, Workers: 4
[1530.330s][debug][gc,phases      ] GC(70)     Dead                           Min: 0, Avg:  0.0, Max: 0, Diff: 0, Sum: 0, Workers: 4
[1530.330s][debug][gc,phases      ] GC(70)     Total                          Min: 0, Avg: 13.0, Max: 48, Diff: 48, Sum: 52, Workers: 4
[1530.330s][debug][gc,phases      ] GC(70)   StringDedup Table Weak         Min:  0.0, Avg:  0.0, Max:  0.0, Diff:  0.0, Sum:  0.0, Workers: 4
[1530.330s][debug][gc,phases      ] GC(70)     Dead                           Min: 0, Avg:  0.0, Max: 0, Diff: 0, Sum: 0, Workers: 4
[1530.330s][debug][gc,phases      ] GC(70)     Total                          Min: 0, Avg:  0.0, Max: 0, Diff: 0, Sum: 0, Workers: 4
[1530.330s][debug][gc,phases      ] GC(70)   StringDedup Requests0 Weak     Min:  0.0, Avg:  0.0, Max:  0.0, Diff:  0.0, Sum:  0.0, Workers: 4
[1530.330s][debug][gc,phases      ] GC(70)     Dead                           Min: 0, Avg:  0.0, Max: 0, Diff: 0, Sum: 0, Workers: 4
[1530.330s][debug][gc,phases      ] GC(70)     Total                          Min: 0, Avg:  0.0, Max: 0, Diff: 0, Sum: 0, Workers: 4
[1530.330s][debug][gc,phases      ] GC(70)   StringDedup Requests1 Weak     Min:  0.0, Avg:  0.0, Max:  0.0, Diff:  0.0, Sum:  0.0, Workers: 4
[1530.330s][debug][gc,phases      ] GC(70)     Dead                           Min: 0, Avg:  0.0, Max: 0, Diff: 0, Sum: 0, Workers: 4
[1530.330s][debug][gc,phases      ] GC(70)     Total                          Min: 0, Avg:  0.0, Max: 0, Diff: 0, Sum: 0, Workers: 4
[1530.330s][debug][gc,phases      ] GC(70)   Weak JFR Old Object Samples    Min:  0.0, Avg:  0.0, Max:  0.0, Diff:  0.0, Sum:  0.0, Workers: 4
[1530.330s][debug][gc,phases      ] GC(70)     Dead                           Min: 0, Avg:  0.0, Max: 0, Diff: 0, Sum: 0, Workers: 4
[1530.330s][debug][gc,phases      ] GC(70)     Total                          Min: 0, Avg:  0.0, Max: 0, Diff: 0, Sum: 0, Workers: 4
[1530.330s][debug][gc,phases      ] GC(70) Weak Processing 0.438ms
[1530.330s][debug][gc,age         ] GC(70) Desired survivor size 9961472 bytes, new threshold 1 (max threshold 15)
[1530.330s][info ][gc,heap        ] GC(70) PSYoungGen: 2079904K(2085888K)->4496K(2087424K) Eden: 2075136K(2075136K)->0K(2077184K) From: 4768K(10752K)->4496K(10240K)
[1530.330s][info ][gc,heap        ] GC(70) ParOldGen: 321704K(322048K)->322760K(323072K)
[1530.330s][info ][gc,metaspace   ] GC(70) Metaspace: 106550K(107840K)->106550K(107840K) NonClass: 90492K(91200K)->90492K(91200K) Class: 16058K(16640K)->16058K(16640K)
[1530.330s][info ][gc             ] GC(70) Pause Young (Allocation Failure) 2345M->319M(2354M) 5.616ms
[1530.330s][info ][gc,cpu         ] GC(70) User=0.01s Sys=0.00s Real=0.00s
[1530.330s][info ][safepoint      ] Safepoint "ParallelGCFailedAllocation", Time since last: 1553150189 ns, Reaching safepoint: 79506 ns, Cleanup: 4401 ns, At safepoint: 5696976 ns, Total: 5780883 ns
[1532.330s][info ][safepoint      ] Safepoint "Cleanup", Time since last: 2000153042 ns, Reaching safepoint: 7801 ns, Cleanup: 11201 ns, At safepoint: 2600 ns, Total: 21602 ns
[1533.331s][info ][safepoint      ] Safepoint "Cleanup", Time since last: 1000124676 ns, Reaching safepoint: 8500 ns, Cleanup: 12301 ns, At safepoint: 2400 ns, Total: 23201 ns
[1535.331s][info ][safepoint      ] Safepoint "Cleanup", Time since last: 2000186646 ns, Reaching safepoint: 6900 ns, Cleanup: 7901 ns, At safepoint: 2800 ns, Total: 17601 ns
[1541.331s][info ][safepoint      ] Safepoint "Cleanup", Time since last: 6000474106 ns, Reaching safepoint: 7201 ns, Cleanup: 11801 ns, At safepoint: 2500 ns, Total: 21502 ns
[1544.332s][info ][safepoint      ] Safepoint "Cleanup", Time since last: 3000256714 ns, Reaching safepoint: 6801 ns, Cleanup: 16901 ns, At safepoint: 2700 ns, Total: 26402 ns
[1554.332s][info ][safepoint      ] Safepoint "Cleanup", Time since last: 10000736961 ns, Reaching safepoint: 7201 ns, Cleanup: 11001 ns, At safepoint: 2500 ns, Total: 20702 ns
[1554.677s][info ][gc,start       ] GC(71) Pause Young (Allocation Failure)
[1554.683s][debug][gc,phases      ] GC(71) Scavenge 5.759ms
[1554.683s][debug][gc,ref         ] GC(71) ReferenceProcessor::execute queues: 1, RefProcThreadModel::Single, marks_oops_alive: false
[1554.683s][debug][gc,ref         ] GC(71) Skipped KeepAliveFinalRefsPhase of Reference Processing: no references
[1554.683s][debug][gc,ref         ] GC(71) ReferenceProcessor::execute queues: 1, RefProcThreadModel::Single, marks_oops_alive: false
[1554.683s][debug][gc,phases      ] GC(71) Reference Processing 0.112ms
[1554.683s][debug][gc,phases      ] GC(71)   VM Weak                        Min:  0.0, Avg:  0.0, Max:  0.0, Diff:  0.0, Sum:  0.0, Workers: 4
[1554.683s][debug][gc,phases      ] GC(71)     Dead                           Min: 0, Avg:  0.0, Max: 0, Diff: 0, Sum: 0, Workers: 4
[1554.683s][debug][gc,phases      ] GC(71)     Total                          Min: 0, Avg: 255.5, Max: 830, Diff: 830, Sum: 1022, Workers: 4
[1554.683s][debug][gc,phases      ] GC(71)   ObjectSynchronizer Weak        Min:  0.0, Avg:  0.0, Max:  0.0, Diff:  0.0, Sum:  0.0, Workers: 4
[1554.683s][debug][gc,phases      ] GC(71)     Dead                           Min: 0, Avg:  0.0, Max: 0, Diff: 0, Sum: 0, Workers: 4
[1554.683s][debug][gc,phases      ] GC(71)     Total                          Min: 0, Avg:  1.0, Max: 4, Diff: 4, Sum: 4, Workers: 4
[1554.683s][debug][gc,phases      ] GC(71)   JVMTI Tag Weak OopStorage      Min:  0.0, Avg:  0.0, Max:  0.0, Diff:  0.0, Sum:  0.0, Workers: 4
[1554.683s][debug][gc,phases      ] GC(71)     Dead                           Min: 0, Avg:  0.0, Max: 0, Diff: 0, Sum: 0, Workers: 4
[1554.683s][debug][gc,phases      ] GC(71)     Total                          Min: 0, Avg:  0.0, Max: 0, Diff: 0, Sum: 0, Workers: 4
[1554.683s][debug][gc,phases      ] GC(71)   StringTable Weak               Min:  0.0, Avg:  0.1, Max:  0.1, Diff:  0.1, Sum:  0.4, Workers: 4
[1554.683s][debug][gc,phases      ] GC(71)     Dead                           Min: 0, Avg:  0.0, Max: 0, Diff: 0, Sum: 0, Workers: 4
[1554.683s][debug][gc,phases      ] GC(71)     Total                          Min: 0, Avg: 11559.5, Max: 16064, Diff: 16064, Sum: 46238, Workers: 4
[1554.683s][debug][gc,phases      ] GC(71)   ResolvedMethodTable Weak       Min:  0.0, Avg:  0.0, Max:  0.1, Diff:  0.1, Sum:  0.2, Workers: 4
[1554.683s][debug][gc,phases      ] GC(71)     Dead                           Min: 0, Avg:  4.0, Max: 15, Diff: 15, Sum: 16, Workers: 4
[1554.683s][debug][gc,phases      ] GC(71)     Total                          Min: 0, Avg: 3822.2, Max: 5427, Diff: 5427, Sum: 15289, Workers: 4
[1554.683s][debug][gc,phases      ] GC(71)   JNI Weak                       Min:  0.0, Avg:  0.0, Max:  0.0, Diff:  0.0, Sum:  0.0, Workers: 4
[1554.683s][debug][gc,phases      ] GC(71)     Dead                           Min: 0, Avg:  0.0, Max: 0, Diff: 0, Sum: 0, Workers: 4
[1554.683s][debug][gc,phases      ] GC(71)     Total                          Min: 0, Avg: 13.0, Max: 48, Diff: 48, Sum: 52, Workers: 4
[1554.683s][debug][gc,phases      ] GC(71)   StringDedup Table Weak         Min:  0.0, Avg:  0.0, Max:  0.0, Diff:  0.0, Sum:  0.0, Workers: 4
[1554.683s][debug][gc,phases      ] GC(71)     Dead                           Min: 0, Avg:  0.0, Max: 0, Diff: 0, Sum: 0, Workers: 4
[1554.683s][debug][gc,phases      ] GC(71)     Total                          Min: 0, Avg:  0.0, Max: 0, Diff: 0, Sum: 0, Workers: 4
[1554.683s][debug][gc,phases      ] GC(71)   StringDedup Requests0 Weak     Min:  0.0, Avg:  0.0, Max:  0.0, Diff:  0.0, Sum:  0.0, Workers: 4
[1554.683s][debug][gc,phases      ] GC(71)     Dead                           Min: 0, Avg:  0.0, Max: 0, Diff: 0, Sum: 0, Workers: 4
[1554.683s][debug][gc,phases      ] GC(71)     Total                          Min: 0, Avg:  0.0, Max: 0, Diff: 0, Sum: 0, Workers: 4
[1554.683s][debug][gc,phases      ] GC(71)   StringDedup Requests1 Weak     Min:  0.0, Avg:  0.0, Max:  0.0, Diff:  0.0, Sum:  0.0, Workers: 4
[1554.683s][debug][gc,phases      ] GC(71)     Dead                           Min: 0, Avg:  0.0, Max: 0, Diff: 0, Sum: 0, Workers: 4
[1554.683s][debug][gc,phases      ] GC(71)     Total                          Min: 0, Avg:  0.0, Max: 0, Diff: 0, Sum: 0, Workers: 4
[1554.683s][debug][gc,phases      ] GC(71)   Weak JFR Old Object Samples    Min:  0.0, Avg:  0.0, Max:  0.0, Diff:  0.0, Sum:  0.0, Workers: 4
[1554.683s][debug][gc,phases      ] GC(71)     Dead                           Min: 0, Avg:  0.0, Max: 0, Diff: 0, Sum: 0, Workers: 4
[1554.683s][debug][gc,phases      ] GC(71)     Total                          Min: 0, Avg:  0.0, Max: 0, Diff: 0, Sum: 0, Workers: 4
[1554.683s][debug][gc,phases      ] GC(71) Weak Processing 0.438ms
[1554.683s][debug][gc,age         ] GC(71) Desired survivor size 9437184 bytes, new threshold 1 (max threshold 15)
[1554.683s][info ][gc,heap        ] GC(71) PSYoungGen: 2081680K(2087424K)->4848K(2086912K) Eden: 2077184K(2077184K)->0K(2077184K) From: 4496K(10240K)->4848K(9728K)
[1554.683s][info ][gc,heap        ] GC(71) ParOldGen: 322760K(323072K)->323636K(324096K)
[1554.683s][info ][gc,metaspace   ] GC(71) Metaspace: 106566K(107904K)->106566K(107904K) NonClass: 90507K(91264K)->90507K(91264K) Class: 16058K(16640K)->16058K(16640K)
[1554.683s][info ][gc             ] GC(71) Pause Young (Allocation Failure) 2348M->320M(2354M) 6.453ms
[1554.683s][info ][gc,cpu         ] GC(71) User=0.02s Sys=0.00s Real=0.01s
[1554.683s][info ][safepoint      ] Safepoint "ParallelGCFailedAllocation", Time since last: 344427951 ns, Reaching safepoint: 10200 ns, Cleanup: 6901 ns, At safepoint: 6535604 ns, Total: 6552705 ns
[1579.479s][info ][gc,start       ] GC(72) Pause Young (Allocation Failure)
[1579.484s][debug][gc,phases      ] GC(72) Scavenge 5.243ms
[1579.484s][debug][gc,ref         ] GC(72) ReferenceProcessor::execute queues: 1, RefProcThreadModel::Single, marks_oops_alive: false
[1579.484s][debug][gc,ref         ] GC(72) Skipped KeepAliveFinalRefsPhase of Reference Processing: no references
[1579.484s][debug][gc,ref         ] GC(72) Skipped PhantomRefsPhase of Reference Processing: no references
[1579.484s][debug][gc,phases      ] GC(72) Reference Processing 0.112ms
[1579.485s][debug][gc,phases      ] GC(72)   VM Weak                        Min:  0.0, Avg:  0.0, Max:  0.0, Diff:  0.0, Sum:  0.0, Workers: 4
[1579.485s][debug][gc,phases      ] GC(72)     Dead                           Min: 0, Avg:  0.0, Max: 0, Diff: 0, Sum: 0, Workers: 4
[1579.485s][debug][gc,phases      ] GC(72)     Total                          Min: 0, Avg: 255.5, Max: 896, Diff: 896, Sum: 1022, Workers: 4
[1579.485s][debug][gc,phases      ] GC(72)   ObjectSynchronizer Weak        Min:  0.0, Avg:  0.0, Max:  0.0, Diff:  0.0, Sum:  0.0, Workers: 4
[1579.485s][debug][gc,phases      ] GC(72)     Dead                           Min: 0, Avg:  0.0, Max: 0, Diff: 0, Sum: 0, Workers: 4
[1579.485s][debug][gc,phases      ] GC(72)     Total                          Min: 0, Avg:  1.0, Max: 4, Diff: 4, Sum: 4, Workers: 4
[1579.485s][debug][gc,phases      ] GC(72)   JVMTI Tag Weak OopStorage      Min:  0.0, Avg:  0.0, Max:  0.0, Diff:  0.0, Sum:  0.0, Workers: 4
[1579.485s][debug][gc,phases      ] GC(72)     Dead                           Min: 0, Avg:  0.0, Max: 0, Diff: 0, Sum: 0, Workers: 4
[1579.485s][debug][gc,phases      ] GC(72)     Total                          Min: 0, Avg:  0.0, Max: 0, Diff: 0, Sum: 0, Workers: 4
[1579.485s][debug][gc,phases      ] GC(72)   StringTable Weak               Min:  0.0, Avg:  0.1, Max:  0.1, Diff:  0.1, Sum:  0.4, Workers: 4
[1579.485s][debug][gc,phases      ] GC(72)     Dead                           Min: 0, Avg:  0.0, Max: 0, Diff: 0, Sum: 0, Workers: 4
[1579.485s][debug][gc,phases      ] GC(72)     Total                          Min: 0, Avg: 11559.5, Max: 15743, Diff: 15743, Sum: 46238, Workers: 4
[1579.485s][debug][gc,phases      ] GC(72)   ResolvedMethodTable Weak       Min:  0.0, Avg:  0.0, Max:  0.0, Diff:  0.0, Sum:  0.1, Workers: 4
[1579.485s][debug][gc,phases      ] GC(72)     Dead                           Min: 0, Avg:  4.0, Max: 16, Diff: 16, Sum: 16, Workers: 4
[1579.485s][debug][gc,phases      ] GC(72)     Total                          Min: 0, Avg: 3822.2, Max: 5141, Diff: 5141, Sum: 15289, Workers: 4
[1579.485s][debug][gc,phases      ] GC(72)   JNI Weak                       Min:  0.0, Avg:  0.0, Max:  0.0, Diff:  0.0, Sum:  0.0, Workers: 4
[1579.485s][debug][gc,phases      ] GC(72)     Dead                           Min: 0, Avg:  0.0, Max: 0, Diff: 0, Sum: 0, Workers: 4
[1579.485s][debug][gc,phases      ] GC(72)     Total                          Min: 0, Avg: 13.0, Max: 48, Diff: 48, Sum: 52, Workers: 4
[1579.485s][debug][gc,phases      ] GC(72)   StringDedup Table Weak         Min:  0.0, Avg:  0.0, Max:  0.0, Diff:  0.0, Sum:  0.0, Workers: 4
[1579.485s][debug][gc,phases      ] GC(72)     Dead                           Min: 0, Avg:  0.0, Max: 0, Diff: 0, Sum: 0, Workers: 4
[1579.485s][debug][gc,phases      ] GC(72)     Total                          Min: 0, Avg:  0.0, Max: 0, Diff: 0, Sum: 0, Workers: 4
[1579.485s][debug][gc,phases      ] GC(72)   StringDedup Requests0 Weak     Min:  0.0, Avg:  0.0, Max:  0.0, Diff:  0.0, Sum:  0.0, Workers: 4
[1579.485s][debug][gc,phases      ] GC(72)     Dead                           Min: 0, Avg:  0.0, Max: 0, Diff: 0, Sum: 0, Workers: 4
[1579.485s][debug][gc,phases      ] GC(72)     Total                          Min: 0, Avg:  0.0, Max: 0, Diff: 0, Sum: 0, Workers: 4
[1579.485s][debug][gc,phases      ] GC(72)   StringDedup Requests1 Weak     Min:  0.0, Avg:  0.0, Max:  0.0, Diff:  0.0, Sum:  0.0, Workers: 4
[1579.485s][debug][gc,phases      ] GC(72)     Dead                           Min: 0, Avg:  0.0, Max: 0, Diff: 0, Sum: 0, Workers: 4
[1579.485s][debug][gc,phases      ] GC(72)     Total                          Min: 0, Avg:  0.0, Max: 0, Diff: 0, Sum: 0, Workers: 4
[1579.485s][debug][gc,phases      ] GC(72)   Weak JFR Old Object Samples    Min:  0.0, Avg:  0.0, Max:  0.0, Diff:  0.0, Sum:  0.0, Workers: 4
[1579.485s][debug][gc,phases      ] GC(72)     Dead                           Min: 0, Avg:  0.0, Max: 0, Diff: 0, Sum: 0, Workers: 4
[1579.485s][debug][gc,phases      ] GC(72)     Total                          Min: 0, Avg:  0.0, Max: 0, Diff: 0, Sum: 0, Workers: 4
[1579.485s][debug][gc,phases      ] GC(72) Weak Processing 0.420ms
[1579.485s][debug][gc,age         ] GC(72) Desired survivor size 8912896 bytes, new threshold 1 (max threshold 15)
[1579.485s][info ][gc,heap        ] GC(72) PSYoungGen: 2082032K(2086912K)->4848K(2088448K) Eden: 2077184K(2077184K)->0K(2079232K) From: 4848K(9728K)->4848K(9216K)
[1579.485s][info ][gc,heap        ] GC(72) ParOldGen: 323636K(324096K)->324740K(325120K)
[1579.485s][info ][gc,metaspace   ] GC(72) Metaspace: 106570K(107904K)->106570K(107904K) NonClass: 90512K(91264K)->90512K(91264K) Class: 16058K(16640K)->16058K(16640K)
[1579.485s][info ][gc             ] GC(72) Pause Young (Allocation Failure) 2349M->321M(2357M) 5.929ms
[1579.485s][info ][gc,cpu         ] GC(72) User=0.02s Sys=0.00s Real=0.01s
[1579.485s][info ][safepoint      ] Safepoint "ParallelGCFailedAllocation", Time since last: 24795653426 ns, Reaching safepoint: 6400 ns, Cleanup: 4601 ns, At safepoint: 6004484 ns, Total: 6015485 ns
[1586.486s][info ][safepoint      ] Safepoint "Cleanup", Time since last: 7000526430 ns, Reaching safepoint: 8601 ns, Cleanup: 11701 ns, At safepoint: 2700 ns, Total: 23002 ns
[1591.486s][info ][safepoint      ] Safepoint "Cleanup", Time since last: 5000447200 ns, Reaching safepoint: 6701 ns, Cleanup: 13701 ns, At safepoint: 2200 ns, Total: 22602 ns
[1604.487s][info ][safepoint      ] Safepoint "Cleanup", Time since last: 13001222220 ns, Reaching safepoint: 7601 ns, Cleanup: 13301 ns, At safepoint: 2900 ns, Total: 23802 ns
[1605.419s][info ][gc,start       ] GC(73) Pause Young (Allocation Failure)
[1605.424s][debug][gc,phases      ] GC(73) Scavenge 5.289ms
[1605.424s][debug][gc,ref         ] GC(73) ReferenceProcessor::execute queues: 1, RefProcThreadModel::Single, marks_oops_alive: false
[1605.424s][debug][gc,ref         ] GC(73) Skipped KeepAliveFinalRefsPhase of Reference Processing: no references
[1605.424s][debug][gc,ref         ] GC(73) Skipped PhantomRefsPhase of Reference Processing: no references
[1605.424s][debug][gc,phases      ] GC(73) Reference Processing 0.118ms
[1605.424s][debug][gc,phases      ] GC(73)   VM Weak                        Min:  0.0, Avg:  0.0, Max:  0.0, Diff:  0.0, Sum:  0.0, Workers: 4
[1605.424s][debug][gc,phases      ] GC(73)     Dead                           Min: 0, Avg:  0.0, Max: 0, Diff: 0, Sum: 0, Workers: 4
[1605.424s][debug][gc,phases      ] GC(73)     Total                          Min: 0, Avg: 255.5, Max: 766, Diff: 766, Sum: 1022, Workers: 4
[1605.424s][debug][gc,phases      ] GC(73)   ObjectSynchronizer Weak        Min:  0.0, Avg:  0.0, Max:  0.0, Diff:  0.0, Sum:  0.0, Workers: 4
[1605.424s][debug][gc,phases      ] GC(73)     Dead                           Min: 0, Avg:  0.0, Max: 0, Diff: 0, Sum: 0, Workers: 4
[1605.424s][debug][gc,phases      ] GC(73)     Total                          Min: 0, Avg:  1.0, Max: 4, Diff: 4, Sum: 4, Workers: 4
[1605.424s][debug][gc,phases      ] GC(73)   JVMTI Tag Weak OopStorage      Min:  0.0, Avg:  0.0, Max:  0.0, Diff:  0.0, Sum:  0.0, Workers: 4
[1605.424s][debug][gc,phases      ] GC(73)     Dead                           Min: 0, Avg:  0.0, Max: 0, Diff: 0, Sum: 0, Workers: 4
[1605.424s][debug][gc,phases      ] GC(73)     Total                          Min: 0, Avg:  0.0, Max: 0, Diff: 0, Sum: 0, Workers: 4
[1605.424s][debug][gc,phases      ] GC(73)   StringTable Weak               Min:  0.0, Avg:  0.1, Max:  0.1, Diff:  0.1, Sum:  0.4, Workers: 4
[1605.424s][debug][gc,phases      ] GC(73)     Dead                           Min: 0, Avg:  0.0, Max: 0, Diff: 0, Sum: 0, Workers: 4
[1605.424s][debug][gc,phases      ] GC(73)     Total                          Min: 0, Avg: 11559.5, Max: 16543, Diff: 16543, Sum: 46238, Workers: 4
[1605.424s][debug][gc,phases      ] GC(73)   ResolvedMethodTable Weak       Min:  0.0, Avg:  0.0, Max:  0.1, Diff:  0.1, Sum:  0.2, Workers: 4
[1605.424s][debug][gc,phases      ] GC(73)     Dead                           Min: 0, Avg:  4.0, Max: 16, Diff: 16, Sum: 16, Workers: 4
[1605.424s][debug][gc,phases      ] GC(73)     Total                          Min: 0, Avg: 3822.2, Max: 5387, Diff: 5387, Sum: 15289, Workers: 4
[1605.424s][debug][gc,phases      ] GC(73)   JNI Weak                       Min:  0.0, Avg:  0.0, Max:  0.0, Diff:  0.0, Sum:  0.0, Workers: 4
[1605.424s][debug][gc,phases      ] GC(73)     Dead                           Min: 0, Avg:  0.0, Max: 0, Diff: 0, Sum: 0, Workers: 4
[1605.424s][debug][gc,phases      ] GC(73)     Total                          Min: 0, Avg: 13.0, Max: 48, Diff: 48, Sum: 52, Workers: 4
[1605.424s][debug][gc,phases      ] GC(73)   StringDedup Table Weak         Min:  0.0, Avg:  0.0, Max:  0.0, Diff:  0.0, Sum:  0.0, Workers: 4
[1605.424s][debug][gc,phases      ] GC(73)     Dead                           Min: 0, Avg:  0.0, Max: 0, Diff: 0, Sum: 0, Workers: 4
[1605.424s][debug][gc,phases      ] GC(73)     Total                          Min: 0, Avg:  0.0, Max: 0, Diff: 0, Sum: 0, Workers: 4
[1605.424s][debug][gc,phases      ] GC(73)   StringDedup Requests0 Weak     Min:  0.0, Avg:  0.0, Max:  0.0, Diff:  0.0, Sum:  0.0, Workers: 4
[1605.424s][debug][gc,phases      ] GC(73)     Dead                           Min: 0, Avg:  0.0, Max: 0, Diff: 0, Sum: 0, Workers: 4
[1605.424s][debug][gc,phases      ] GC(73)     Total                          Min: 0, Avg:  0.0, Max: 0, Diff: 0, Sum: 0, Workers: 4
[1605.424s][debug][gc,phases      ] GC(73)   StringDedup Requests1 Weak     Min:  0.0, Avg:  0.0, Max:  0.0, Diff:  0.0, Sum:  0.0, Workers: 4
[1605.424s][debug][gc,phases      ] GC(73)     Dead                           Min: 0, Avg:  0.0, Max: 0, Diff: 0, Sum: 0, Workers: 4
[1605.424s][debug][gc,phases      ] GC(73)     Total                          Min: 0, Avg:  0.0, Max: 0, Diff: 0, Sum: 0, Workers: 4
[1605.424s][debug][gc,phases      ] GC(73)   Weak JFR Old Object Samples    Min:  0.0, Avg:  0.0, Max:  0.0, Diff:  0.0, Sum:  0.0, Workers: 4
[1605.424s][debug][gc,phases      ] GC(73)     Dead                           Min: 0, Avg:  0.0, Max: 0, Diff: 0, Sum: 0, Workers: 4
[1605.424s][debug][gc,phases      ] GC(73)     Total                          Min: 0, Avg:  0.0, Max: 0, Diff: 0, Sum: 0, Workers: 4
[1605.424s][debug][gc,phases      ] GC(73) Weak Processing 0.442ms
[1605.425s][debug][gc,age         ] GC(73) Desired survivor size 8912896 bytes, new threshold 1 (max threshold 15)
[1605.425s][info ][gc,heap        ] GC(73) PSYoungGen: 2084080K(2088448K)->5074K(2087936K) Eden: 2079232K(2079232K)->0K(2079232K) From: 4848K(9216K)->5074K(8704K)
[1605.425s][info ][gc,heap        ] GC(73) ParOldGen: 324740K(325120K)->325677K(326144K)
[1605.425s][info ][gc,metaspace   ] GC(73) Metaspace: 106578K(107904K)->106578K(107904K) NonClass: 90519K(91264K)->90519K(91264K) Class: 16058K(16640K)->16058K(16640K)
[1605.425s][info ][gc             ] GC(73) Pause Young (Allocation Failure) 2352M->322M(2357M) 5.997ms
[1605.425s][info ][gc,cpu         ] GC(73) User=0.02s Sys=0.00s Real=0.01s
[1605.425s][info ][safepoint      ] Safepoint "ParallelGCFailedAllocation", Time since last: 931245565 ns, Reaching safepoint: 7501 ns, Cleanup: 4300 ns, At safepoint: 6072587 ns, Total: 6084388 ns
[1610.425s][info ][safepoint      ] Safepoint "Cleanup", Time since last: 5000408489 ns, Reaching safepoint: 90307 ns, Cleanup: 11401 ns, At safepoint: 8700 ns, Total: 110408 ns
[1611.425s][info ][safepoint      ] Safepoint "Cleanup", Time since last: 1000124763 ns, Reaching safepoint: 84106 ns, Cleanup: 11101 ns, At safepoint: 6900 ns, Total: 102107 ns
[1612.426s][info ][safepoint      ] Safepoint "Cleanup", Time since last: 1000121862 ns, Reaching safepoint: 78506 ns, Cleanup: 10701 ns, At safepoint: 6501 ns, Total: 95708 ns
[1620.426s][info ][safepoint      ] Safepoint "Cleanup", Time since last: 8000651151 ns, Reaching safepoint: 79806 ns, Cleanup: 10700 ns, At safepoint: 5901 ns, Total: 96407 ns
[1624.525s][info ][safepoint      ] Safepoint "Cleanup", Time since last: 4098718830 ns, Reaching safepoint: 83106 ns, Cleanup: 14202 ns, At safepoint: 7500 ns, Total: 104808 ns
[1625.525s][info ][safepoint      ] Safepoint "Cleanup", Time since last: 1000134991 ns, Reaching safepoint: 6001 ns, Cleanup: 12300 ns, At safepoint: 2601 ns, Total: 20902 ns
[1626.526s][info ][safepoint      ] Safepoint "Cleanup", Time since last: 1000146621 ns, Reaching safepoint: 92907 ns, Cleanup: 22802 ns, At safepoint: 7700 ns, Total: 123409 ns
[1627.526s][info ][safepoint      ] Safepoint "Cleanup", Time since last: 1000125219 ns, Reaching safepoint: 79607 ns, Cleanup: 12201 ns, At safepoint: 6100 ns, Total: 97908 ns
[1628.526s][info ][safepoint      ] Safepoint "Cleanup", Time since last: 1000127919 ns, Reaching safepoint: 80607 ns, Cleanup: 12701 ns, At safepoint: 7300 ns, Total: 100608 ns
[1630.316s][info ][gc,start       ] GC(74) Pause Young (Allocation Failure)
[1630.321s][debug][gc,phases      ] GC(74) Scavenge 5.047ms
[1630.321s][debug][gc,ref         ] GC(74) ReferenceProcessor::execute queues: 1, RefProcThreadModel::Single, marks_oops_alive: false
[1630.321s][debug][gc,ref         ] GC(74) Skipped KeepAliveFinalRefsPhase of Reference Processing: no references
[1630.321s][debug][gc,ref         ] GC(74) Skipped PhantomRefsPhase of Reference Processing: no references
[1630.321s][debug][gc,phases      ] GC(74) Reference Processing 0.110ms
[1630.321s][debug][gc,phases      ] GC(74)   VM Weak                        Min:  0.0, Avg:  0.0, Max:  0.0, Diff:  0.0, Sum:  0.0, Workers: 4
[1630.321s][debug][gc,phases      ] GC(74)     Dead                           Min: 0, Avg:  0.0, Max: 0, Diff: 0, Sum: 0, Workers: 4
[1630.321s][debug][gc,phases      ] GC(74)     Total                          Min: 0, Avg: 255.5, Max: 638, Diff: 638, Sum: 1022, Workers: 4
[1630.321s][debug][gc,phases      ] GC(74)   ObjectSynchronizer Weak        Min:  0.0, Avg:  0.0, Max:  0.0, Diff:  0.0, Sum:  0.0, Workers: 4
[1630.321s][debug][gc,phases      ] GC(74)     Dead                           Min: 0, Avg:  0.0, Max: 0, Diff: 0, Sum: 0, Workers: 4
[1630.321s][debug][gc,phases      ] GC(74)     Total                          Min: 0, Avg:  1.0, Max: 4, Diff: 4, Sum: 4, Workers: 4
[1630.321s][debug][gc,phases      ] GC(74)   JVMTI Tag Weak OopStorage      Min:  0.0, Avg:  0.0, Max:  0.0, Diff:  0.0, Sum:  0.0, Workers: 4
[1630.321s][debug][gc,phases      ] GC(74)     Dead                           Min: 0, Avg:  0.0, Max: 0, Diff: 0, Sum: 0, Workers: 4
[1630.321s][debug][gc,phases      ] GC(74)     Total                          Min: 0, Avg:  0.0, Max: 0, Diff: 0, Sum: 0, Workers: 4
[1630.321s][debug][gc,phases      ] GC(74)   StringTable Weak               Min:  0.0, Avg:  0.1, Max:  0.2, Diff:  0.2, Sum:  0.5, Workers: 4
[1630.321s][debug][gc,phases      ] GC(74)     Dead                           Min: 0, Avg:  0.0, Max: 0, Diff: 0, Sum: 0, Workers: 4
[1630.321s][debug][gc,phases      ] GC(74)     Total                          Min: 0, Avg: 11559.5, Max: 15871, Diff: 15871, Sum: 46238, Workers: 4
[1630.321s][debug][gc,phases      ] GC(74)   ResolvedMethodTable Weak       Min:  0.0, Avg:  0.0, Max:  0.0, Diff:  0.0, Sum:  0.2, Workers: 4
[1630.321s][debug][gc,phases      ] GC(74)     Dead                           Min: 0, Avg:  4.0, Max: 16, Diff: 16, Sum: 16, Workers: 4
[1630.321s][debug][gc,phases      ] GC(74)     Total                          Min: 3241, Avg: 3822.2, Max: 4085, Diff: 844, Sum: 15289, Workers: 4
[1630.321s][debug][gc,phases      ] GC(74)   JNI Weak                       Min:  0.0, Avg:  0.0, Max:  0.0, Diff:  0.0, Sum:  0.0, Workers: 4
[1630.321s][debug][gc,phases      ] GC(74)     Dead                           Min: 0, Avg:  0.0, Max: 0, Diff: 0, Sum: 0, Workers: 4
[1630.321s][debug][gc,phases      ] GC(74)     Total                          Min: 0, Avg: 13.0, Max: 48, Diff: 48, Sum: 52, Workers: 4
[1630.321s][debug][gc,phases      ] GC(74)   StringDedup Table Weak         Min:  0.0, Avg:  0.0, Max:  0.0, Diff:  0.0, Sum:  0.0, Workers: 4
[1630.321s][debug][gc,phases      ] GC(74)     Dead                           Min: 0, Avg:  0.0, Max: 0, Diff: 0, Sum: 0, Workers: 4
[1630.321s][debug][gc,phases      ] GC(74)     Total                          Min: 0, Avg:  0.0, Max: 0, Diff: 0, Sum: 0, Workers: 4
[1630.321s][debug][gc,phases      ] GC(74)   StringDedup Requests0 Weak     Min:  0.0, Avg:  0.0, Max:  0.0, Diff:  0.0, Sum:  0.0, Workers: 4
[1630.321s][debug][gc,phases      ] GC(74)     Dead                           Min: 0, Avg:  0.0, Max: 0, Diff: 0, Sum: 0, Workers: 4
[1630.321s][debug][gc,phases      ] GC(74)     Total                          Min: 0, Avg:  0.0, Max: 0, Diff: 0, Sum: 0, Workers: 4
[1630.321s][debug][gc,phases      ] GC(74)   StringDedup Requests1 Weak     Min:  0.0, Avg:  0.0, Max:  0.0, Diff:  0.0, Sum:  0.0, Workers: 4
[1630.321s][debug][gc,phases      ] GC(74)     Dead                           Min: 0, Avg:  0.0, Max: 0, Diff: 0, Sum: 0, Workers: 4
[1630.321s][debug][gc,phases      ] GC(74)     Total                          Min: 0, Avg:  0.0, Max: 0, Diff: 0, Sum: 0, Workers: 4
[1630.321s][debug][gc,phases      ] GC(74)   Weak JFR Old Object Samples    Min:  0.0, Avg:  0.0, Max:  0.0, Diff:  0.0, Sum:  0.0, Workers: 4
[1630.321s][debug][gc,phases      ] GC(74)     Dead                           Min: 0, Avg:  0.0, Max: 0, Diff: 0, Sum: 0, Workers: 4
[1630.321s][debug][gc,phases      ] GC(74)     Total                          Min: 0, Avg:  0.0, Max: 0, Diff: 0, Sum: 0, Workers: 4
[1630.321s][debug][gc,phases      ] GC(74) Weak Processing 0.461ms
[1630.321s][debug][gc,age         ] GC(74) Desired survivor size 8388608 bytes, new threshold 1 (max threshold 15)
[1630.321s][info ][gc,heap        ] GC(74) PSYoungGen: 2084306K(2087936K)->4937K(2088960K) Eden: 2079232K(2079232K)->0K(2080256K) From: 5074K(8704K)->4937K(8704K)
[1630.321s][info ][gc,heap        ] GC(74) ParOldGen: 325677K(326144K)->326875K(327168K)
[1630.321s][info ][gc,metaspace   ] GC(74) Metaspace: 106587K(107904K)->106587K(107904K) NonClass: 90528K(91264K)->90528K(91264K) Class: 16058K(16640K)->16058K(16640K)
[1630.321s][info ][gc             ] GC(74) Pause Young (Allocation Failure) 2353M->324M(2359M) 5.760ms
[1630.321s][info ][gc,cpu         ] GC(74) User=0.01s Sys=0.00s Real=0.00s
[1630.321s][info ][safepoint      ] Safepoint "ParallelGCFailedAllocation", Time since last: 1789611649 ns, Reaching safepoint: 6700 ns, Cleanup: 4901 ns, At safepoint: 5832654 ns, Total: 5844255 ns
[1631.322s][info ][safepoint      ] Safepoint "Cleanup", Time since last: 1000110418 ns, Reaching safepoint: 86506 ns, Cleanup: 11301 ns, At safepoint: 8301 ns, Total: 106108 ns
[1633.322s][info ][safepoint      ] Safepoint "Cleanup", Time since last: 2000204492 ns, Reaching safepoint: 79406 ns, Cleanup: 10200 ns, At safepoint: 6201 ns, Total: 95807 ns
[1636.322s][info ][safepoint      ] Safepoint "Cleanup", Time since last: 3000255696 ns, Reaching safepoint: 96307 ns, Cleanup: 11001 ns, At safepoint: 5500 ns, Total: 112808 ns
[1637.323s][info ][safepoint      ] Safepoint "Cleanup", Time since last: 1000118268 ns, Reaching safepoint: 77606 ns, Cleanup: 13101 ns, At safepoint: 5600 ns, Total: 96307 ns
[1638.323s][info ][safepoint      ] Safepoint "Cleanup", Time since last: 1000124268 ns, Reaching safepoint: 84306 ns, Cleanup: 11101 ns, At safepoint: 6701 ns, Total: 102108 ns
[1640.323s][info ][safepoint      ] Safepoint "Cleanup", Time since last: 2000200433 ns, Reaching safepoint: 78706 ns, Cleanup: 14101 ns, At safepoint: 5901 ns, Total: 98708 ns
[1651.271s][info ][gc,start       ] GC(75) Pause Young (CodeCache GC Threshold)
[1651.276s][debug][gc,phases      ] GC(75) Scavenge 5.327ms
[1651.277s][debug][gc,ref         ] GC(75) ReferenceProcessor::execute queues: 1, RefProcThreadModel::Single, marks_oops_alive: false
[1651.277s][debug][gc,ref         ] GC(75) Skipped KeepAliveFinalRefsPhase of Reference Processing: no references
[1651.277s][debug][gc,ref         ] GC(75) Skipped PhantomRefsPhase of Reference Processing: no references
[1651.277s][debug][gc,phases      ] GC(75) Reference Processing 0.115ms
[1651.277s][debug][gc,phases      ] GC(75)   VM Weak                        Min:  0.0, Avg:  0.0, Max:  0.0, Diff:  0.0, Sum:  0.0, Workers: 4
[1651.277s][debug][gc,phases      ] GC(75)     Dead                           Min: 0, Avg:  0.0, Max: 0, Diff: 0, Sum: 0, Workers: 4
[1651.277s][debug][gc,phases      ] GC(75)     Total                          Min: 0, Avg: 255.5, Max: 830, Diff: 830, Sum: 1022, Workers: 4
[1651.277s][debug][gc,phases      ] GC(75)   ObjectSynchronizer Weak        Min:  0.0, Avg:  0.0, Max:  0.0, Diff:  0.0, Sum:  0.0, Workers: 4
[1651.277s][debug][gc,phases      ] GC(75)     Dead                           Min: 0, Avg:  0.0, Max: 0, Diff: 0, Sum: 0, Workers: 4
[1651.277s][debug][gc,phases      ] GC(75)     Total                          Min: 0, Avg:  1.0, Max: 4, Diff: 4, Sum: 4, Workers: 4
[1651.277s][debug][gc,phases      ] GC(75)   JVMTI Tag Weak OopStorage      Min:  0.0, Avg:  0.0, Max:  0.0, Diff:  0.0, Sum:  0.0, Workers: 4
[1651.277s][debug][gc,phases      ] GC(75)     Dead                           Min: 0, Avg:  0.0, Max: 0, Diff: 0, Sum: 0, Workers: 4
[1651.277s][debug][gc,phases      ] GC(75)     Total                          Min: 0, Avg:  0.0, Max: 0, Diff: 0, Sum: 0, Workers: 4
[1651.277s][debug][gc,phases      ] GC(75)   StringTable Weak               Min:  0.0, Avg:  0.1, Max:  0.1, Diff:  0.1, Sum:  0.4, Workers: 4
[1651.277s][debug][gc,phases      ] GC(75)     Dead                           Min: 0, Avg:  0.0, Max: 0, Diff: 0, Sum: 0, Workers: 4
[1651.277s][debug][gc,phases      ] GC(75)     Total                          Min: 0, Avg: 11559.8, Max: 17632, Diff: 17632, Sum: 46239, Workers: 4
[1651.277s][debug][gc,phases      ] GC(75)   ResolvedMethodTable Weak       Min:  0.0, Avg:  0.0, Max:  0.1, Diff:  0.1, Sum:  0.2, Workers: 4
[1651.277s][debug][gc,phases      ] GC(75)     Dead                           Min: 0, Avg:  0.0, Max: 0, Diff: 0, Sum: 0, Workers: 4
[1651.277s][debug][gc,phases      ] GC(75)     Total                          Min: 0, Avg: 3822.2, Max: 5873, Diff: 5873, Sum: 15289, Workers: 4
[1651.277s][debug][gc,phases      ] GC(75)   JNI Weak                       Min:  0.0, Avg:  0.0, Max:  0.0, Diff:  0.0, Sum:  0.0, Workers: 4
[1651.277s][debug][gc,phases      ] GC(75)     Dead                           Min: 0, Avg:  0.0, Max: 0, Diff: 0, Sum: 0, Workers: 4
[1651.277s][debug][gc,phases      ] GC(75)     Total                          Min: 0, Avg: 13.0, Max: 48, Diff: 48, Sum: 52, Workers: 4
[1651.277s][debug][gc,phases      ] GC(75)   StringDedup Table Weak         Min:  0.0, Avg:  0.0, Max:  0.0, Diff:  0.0, Sum:  0.0, Workers: 4
[1651.277s][debug][gc,phases      ] GC(75)     Dead                           Min: 0, Avg:  0.0, Max: 0, Diff: 0, Sum: 0, Workers: 4
[1651.277s][debug][gc,phases      ] GC(75)     Total                          Min: 0, Avg:  0.0, Max: 0, Diff: 0, Sum: 0, Workers: 4
[1651.277s][debug][gc,phases      ] GC(75)   StringDedup Requests0 Weak     Min:  0.0, Avg:  0.0, Max:  0.0, Diff:  0.0, Sum:  0.0, Workers: 4
[1651.277s][debug][gc,phases      ] GC(75)     Dead                           Min: 0, Avg:  0.0, Max: 0, Diff: 0, Sum: 0, Workers: 4
[1651.277s][debug][gc,phases      ] GC(75)     Total                          Min: 0, Avg:  0.0, Max: 0, Diff: 0, Sum: 0, Workers: 4
[1651.277s][debug][gc,phases      ] GC(75)   StringDedup Requests1 Weak     Min:  0.0, Avg:  0.0, Max:  0.0, Diff:  0.0, Sum:  0.0, Workers: 4
[1651.277s][debug][gc,phases      ] GC(75)     Dead                           Min: 0, Avg:  0.0, Max: 0, Diff: 0, Sum: 0, Workers: 4
[1651.277s][debug][gc,phases      ] GC(75)     Total                          Min: 0, Avg:  0.0, Max: 0, Diff: 0, Sum: 0, Workers: 4
[1651.277s][debug][gc,phases      ] GC(75)   Weak JFR Old Object Samples    Min:  0.0, Avg:  0.0, Max:  0.0, Diff:  0.0, Sum:  0.0, Workers: 4
[1651.277s][debug][gc,phases      ] GC(75)     Dead                           Min: 0, Avg:  0.0, Max: 0, Diff: 0, Sum: 0, Workers: 4
[1651.277s][debug][gc,phases      ] GC(75)     Total                          Min: 0, Avg:  0.0, Max: 0, Diff: 0, Sum: 0, Workers: 4
[1651.277s][debug][gc,phases      ] GC(75) Weak Processing 0.437ms
[1651.277s][debug][gc,age         ] GC(75) Desired survivor size 8388608 bytes, new threshold 1 (max threshold 15)
[1651.277s][info ][gc,heap        ] GC(75) PSYoungGen: 1789189K(2088960K)->4112K(2088448K) Eden: 1784251K(2080256K)->0K(2080256K) From: 4937K(8704K)->4112K(8192K)
[1651.277s][info ][gc,heap        ] GC(75) ParOldGen: 326875K(327168K)->328133K(328192K)
[1651.277s][info ][gc,metaspace   ] GC(75) Metaspace: 106593K(107904K)->106593K(107904K) NonClass: 90535K(91264K)->90535K(91264K) Class: 16058K(16640K)->16058K(16640K)
[1651.277s][info ][gc             ] GC(75) Pause Young (CodeCache GC Threshold) 2066M->324M(2360M) 6.035ms
[1651.277s][info ][gc,cpu         ] GC(75) User=0.02s Sys=0.00s Real=0.01s
[1651.277s][debug][gc,phases      ] GC(76) Pre Compact 0.008ms
[1651.277s][info ][gc,start       ] GC(76) Pause Full (CodeCache GC Threshold)
[1651.277s][info ][gc,phases,start] GC(76) Marking Phase
[1651.371s][debug][gc,phases      ] GC(76) Par Mark 93.805ms
[1651.372s][debug][gc,ref         ] GC(76) ReferenceProcessor::execute queues: 4, RefProcThreadModel::Multi, marks_oops_alive: false
[1651.373s][debug][gc,ref         ] GC(76) Skipped KeepAliveFinalRefsPhase of Reference Processing: no references
[1651.373s][debug][gc,ref         ] GC(76) ReferenceProcessor::execute queues: 1, RefProcThreadModel::Single, marks_oops_alive: false
[1651.373s][debug][gc,phases      ] GC(76) Reference Processing 1.672ms
[1651.373s][debug][gc,phases      ] GC(76)   VM Weak                        Min:  0.0, Avg:  0.0, Max:  0.0, Diff:  0.0, Sum:  0.0, Workers: 4
[1651.373s][debug][gc,phases      ] GC(76)     Dead                           Min: 0, Avg:  0.0, Max: 0, Diff: 0, Sum: 0, Workers: 4
[1651.373s][debug][gc,phases      ] GC(76)     Total                          Min: 0, Avg: 255.5, Max: 512, Diff: 512, Sum: 1022, Workers: 4
[1651.373s][debug][gc,phases      ] GC(76)   ObjectSynchronizer Weak        Min:  0.0, Avg:  0.0, Max:  0.0, Diff:  0.0, Sum:  0.0, Workers: 4
[1651.373s][debug][gc,phases      ] GC(76)     Dead                           Min: 0, Avg:  0.0, Max: 0, Diff: 0, Sum: 0, Workers: 4
[1651.373s][debug][gc,phases      ] GC(76)     Total                          Min: 0, Avg:  1.0, Max: 4, Diff: 4, Sum: 4, Workers: 4
[1651.373s][debug][gc,phases      ] GC(76)   JVMTI Tag Weak OopStorage      Min:  0.0, Avg:  0.0, Max:  0.0, Diff:  0.0, Sum:  0.0, Workers: 4
[1651.373s][debug][gc,phases      ] GC(76)     Dead                           Min: 0, Avg:  0.0, Max: 0, Diff: 0, Sum: 0, Workers: 4
[1651.373s][debug][gc,phases      ] GC(76)     Total                          Min: 0, Avg:  0.0, Max: 0, Diff: 0, Sum: 0, Workers: 4
[1651.373s][debug][gc,phases      ] GC(76)   StringTable Weak               Min:  0.2, Avg:  0.2, Max:  0.2, Diff:  0.0, Sum:  0.9, Workers: 4
[1651.373s][debug][gc,phases      ] GC(76)     Dead                           Min: 0, Avg:  0.0, Max: 0, Diff: 0, Sum: 0, Workers: 4
[1651.373s][debug][gc,phases      ] GC(76)     Total                          Min: 11136, Avg: 11559.8, Max: 11872, Diff: 736, Sum: 46239, Workers: 4
[1651.373s][debug][gc,phases      ] GC(76)   ResolvedMethodTable Weak       Min:  0.1, Avg:  0.1, Max:  0.1, Diff:  0.0, Sum:  0.3, Workers: 4
[1651.373s][debug][gc,phases      ] GC(76)     Dead                           Min: 0, Avg:  0.0, Max: 0, Diff: 0, Sum: 0, Workers: 4
[1651.373s][debug][gc,phases      ] GC(76)     Total                          Min: 3684, Avg: 3822.2, Max: 3968, Diff: 284, Sum: 15289, Workers: 4
[1651.373s][debug][gc,phases      ] GC(76)   JNI Weak                       Min:  0.0, Avg:  0.0, Max:  0.0, Diff:  0.0, Sum:  0.0, Workers: 4
[1651.373s][debug][gc,phases      ] GC(76)     Dead                           Min: 0, Avg:  0.0, Max: 0, Diff: 0, Sum: 0, Workers: 4
[1651.373s][debug][gc,phases      ] GC(76)     Total                          Min: 0, Avg: 13.0, Max: 48, Diff: 48, Sum: 52, Workers: 4
[1651.373s][debug][gc,phases      ] GC(76)   StringDedup Table Weak         Min:  0.0, Avg:  0.0, Max:  0.0, Diff:  0.0, Sum:  0.0, Workers: 4
[1651.373s][debug][gc,phases      ] GC(76)     Dead                           Min: 0, Avg:  0.0, Max: 0, Diff: 0, Sum: 0, Workers: 4
[1651.373s][debug][gc,phases      ] GC(76)     Total                          Min: 0, Avg:  0.0, Max: 0, Diff: 0, Sum: 0, Workers: 4
[1651.373s][debug][gc,phases      ] GC(76)   StringDedup Requests0 Weak     Min:  0.0, Avg:  0.0, Max:  0.0, Diff:  0.0, Sum:  0.0, Workers: 4
[1651.373s][debug][gc,phases      ] GC(76)     Dead                           Min: 0, Avg:  0.0, Max: 0, Diff: 0, Sum: 0, Workers: 4
[1651.373s][debug][gc,phases      ] GC(76)     Total                          Min: 0, Avg:  0.0, Max: 0, Diff: 0, Sum: 0, Workers: 4
[1651.373s][debug][gc,phases      ] GC(76)   StringDedup Requests1 Weak     Min:  0.0, Avg:  0.0, Max:  0.0, Diff:  0.0, Sum:  0.0, Workers: 4
[1651.373s][debug][gc,phases      ] GC(76)     Dead                           Min: 0, Avg:  0.0, Max: 0, Diff: 0, Sum: 0, Workers: 4
[1651.373s][debug][gc,phases      ] GC(76)     Total                          Min: 0, Avg:  0.0, Max: 0, Diff: 0, Sum: 0, Workers: 4
[1651.373s][debug][gc,phases      ] GC(76)   Weak JFR Old Object Samples    Min:  0.0, Avg:  0.0, Max:  0.0, Diff:  0.0, Sum:  0.0, Workers: 4
[1651.373s][debug][gc,phases      ] GC(76)     Dead                           Min: 0, Avg:  0.0, Max: 0, Diff: 0, Sum: 0, Workers: 4
[1651.373s][debug][gc,phases      ] GC(76)     Total                          Min: 0, Avg:  0.0, Max: 0, Diff: 0, Sum: 0, Workers: 4
[1651.373s][debug][gc,phases      ] GC(76) Weak Processing 0.535ms
[1651.373s][debug][gc,phases      ] GC(76) ClassLoaderData 0.144ms
[1651.373s][debug][gc,phases      ] GC(76) Trigger cleanups 0.000ms
[1651.439s][debug][gc,phases      ] GC(76) Purge Unlinked NMethods 3.819ms
[1651.439s][debug][gc,phases      ] GC(76) Unregister NMethods 0.002ms
[1651.440s][debug][gc,phases      ] GC(76) Free Code Blobs 0.808ms
[1651.440s][debug][gc,phases      ] GC(76) Class Unloading 67.045ms
[1651.440s][debug][gc,phases      ] GC(76) Report Object Count 0.001ms
[1651.440s][info ][gc,phases      ] GC(76) Marking Phase 163.146ms
[1651.440s][info ][gc,phases,start] GC(76) Summary Phase
[1651.440s][info ][gc,phases      ] GC(76) Summary Phase 0.020ms
[1651.440s][info ][gc,phases,start] GC(76) Adjust Roots
[1651.463s][info ][gc,phases      ] GC(76) Adjust Roots 22.265ms
[1651.463s][info ][gc,phases,start] GC(76) Compaction Phase
[1651.567s][info ][gc,phases      ] GC(76) Compaction Phase 104.649ms
[1651.567s][info ][gc,phases,start] GC(76) Post Compact
[1651.570s][debug][gc,phases      ] GC(76) Purge Class Loader Data 1.018ms
[1651.570s][info ][gc,phases      ] GC(76) Post Compact 2.238ms
[1651.570s][info ][gc,heap        ] GC(76) PSYoungGen: 4112K(2088448K)->0K(2088448K) Eden: 0K(2080256K)->0K(2080256K) From: 4112K(8192K)->0K(8192K)
[1651.570s][info ][gc,heap        ] GC(76) ParOldGen: 328133K(328192K)->262294K(328192K)
[1651.570s][info ][gc,metaspace   ] GC(76) Metaspace: 106593K(107904K)->106593K(107904K) NonClass: 90535K(91264K)->90535K(91264K) Class: 16058K(16640K)->16058K(16640K)
[1651.570s][info ][gc             ] GC(76) Pause Full (CodeCache GC Threshold) 324M->256M(2360M) 292.491ms
[1651.570s][info ][gc,cpu         ] GC(76) User=0.81s Sys=0.02s Real=0.29s
[1651.570s][info ][safepoint      ] Safepoint "ParallelGCSystemGC", Time since last: 10947822245 ns, Reaching safepoint: 83606 ns, Cleanup: 12101 ns, At safepoint: 298676336 ns, Total: 298772043 ns
[1652.570s][info ][safepoint      ] Safepoint "Cleanup", Time since last: 1000092258 ns, Reaching safepoint: 78706 ns, Cleanup: 93207 ns, At safepoint: 6700 ns, Total: 178613 ns
[1657.570s][info ][safepoint      ] Safepoint "Cleanup", Time since last: 5000425969 ns, Reaching safepoint: 78606 ns, Cleanup: 11601 ns, At safepoint: 5700 ns, Total: 95907 ns
[1664.571s][info ][safepoint      ] Safepoint "Cleanup", Time since last: 7000571489 ns, Reaching safepoint: 86007 ns, Cleanup: 11401 ns, At safepoint: 6800 ns, Total: 104208 ns
[1668.572s][info ][safepoint      ] Safepoint "Cleanup", Time since last: 4000358537 ns, Reaching safepoint: 80407 ns, Cleanup: 11500 ns, At safepoint: 6201 ns, Total: 98108 ns
[1671.572s][info ][safepoint      ] Safepoint "Cleanup", Time since last: 3000358450 ns, Reaching safepoint: 85307 ns, Cleanup: 15001 ns, At safepoint: 6700 ns, Total: 107008 ns
[1673.572s][info ][safepoint      ] Safepoint "Cleanup", Time since last: 2000194692 ns, Reaching safepoint: 80204 ns, Cleanup: 10301 ns, At safepoint: 7001 ns, Total: 97506 ns
[1675.471s][info ][gc,start       ] GC(77) Pause Young (Allocation Failure)
[1675.475s][debug][gc,phases      ] GC(77) Scavenge 4.267ms
[1675.475s][debug][gc,ref         ] GC(77) ReferenceProcessor::execute queues: 1, RefProcThreadModel::Single, marks_oops_alive: false
[1675.475s][debug][gc,ref         ] GC(77) Skipped KeepAliveFinalRefsPhase of Reference Processing: no references
[1675.475s][debug][gc,ref         ] GC(77) Skipped PhantomRefsPhase of Reference Processing: no references
[1675.475s][debug][gc,phases      ] GC(77) Reference Processing 0.117ms
[1675.476s][debug][gc,phases      ] GC(77)   VM Weak                        Min:  0.0, Avg:  0.0, Max:  0.0, Diff:  0.0, Sum:  0.0, Workers: 4
[1675.476s][debug][gc,phases      ] GC(77)     Dead                           Min: 0, Avg:  0.0, Max: 0, Diff: 0, Sum: 0, Workers: 4
[1675.476s][debug][gc,phases      ] GC(77)     Total                          Min: 0, Avg: 255.5, Max: 704, Diff: 704, Sum: 1022, Workers: 4
[1675.476s][debug][gc,phases      ] GC(77)   ObjectSynchronizer Weak        Min:  0.0, Avg:  0.0, Max:  0.0, Diff:  0.0, Sum:  0.0, Workers: 4
[1675.476s][debug][gc,phases      ] GC(77)     Dead                           Min: 0, Avg:  0.0, Max: 0, Diff: 0, Sum: 0, Workers: 4
[1675.476s][debug][gc,phases      ] GC(77)     Total                          Min: 0, Avg:  1.0, Max: 4, Diff: 4, Sum: 4, Workers: 4
[1675.476s][debug][gc,phases      ] GC(77)   JVMTI Tag Weak OopStorage      Min:  0.0, Avg:  0.0, Max:  0.0, Diff:  0.0, Sum:  0.0, Workers: 4
[1675.476s][debug][gc,phases      ] GC(77)     Dead                           Min: 0, Avg:  0.0, Max: 0, Diff: 0, Sum: 0, Workers: 4
[1675.476s][debug][gc,phases      ] GC(77)     Total                          Min: 0, Avg:  0.0, Max: 0, Diff: 0, Sum: 0, Workers: 4
[1675.476s][debug][gc,phases      ] GC(77)   StringTable Weak               Min:  0.0, Avg:  0.1, Max:  0.1, Diff:  0.1, Sum:  0.4, Workers: 4
[1675.476s][debug][gc,phases      ] GC(77)     Dead                           Min: 0, Avg:  0.0, Max: 0, Diff: 0, Sum: 0, Workers: 4
[1675.476s][debug][gc,phases      ] GC(77)     Total                          Min: 0, Avg: 11559.8, Max: 16896, Diff: 16896, Sum: 46239, Workers: 4
[1675.476s][debug][gc,phases      ] GC(77)   ResolvedMethodTable Weak       Min:  0.0, Avg:  0.0, Max:  0.1, Diff:  0.1, Sum:  0.2, Workers: 4
[1675.476s][debug][gc,phases      ] GC(77)     Dead                           Min: 0, Avg:  4.0, Max: 16, Diff: 16, Sum: 16, Workers: 4
[1675.476s][debug][gc,phases      ] GC(77)     Total                          Min: 0, Avg: 3822.2, Max: 5434, Diff: 5434, Sum: 15289, Workers: 4
[1675.476s][debug][gc,phases      ] GC(77)   JNI Weak                       Min:  0.0, Avg:  0.0, Max:  0.0, Diff:  0.0, Sum:  0.0, Workers: 4
[1675.476s][debug][gc,phases      ] GC(77)     Dead                           Min: 0, Avg:  0.0, Max: 0, Diff: 0, Sum: 0, Workers: 4
[1675.476s][debug][gc,phases      ] GC(77)     Total                          Min: 0, Avg: 13.0, Max: 52, Diff: 52, Sum: 52, Workers: 4
[1675.476s][debug][gc,phases      ] GC(77)   StringDedup Table Weak         Min:  0.0, Avg:  0.0, Max:  0.0, Diff:  0.0, Sum:  0.0, Workers: 4
[1675.476s][debug][gc,phases      ] GC(77)     Dead                           Min: 0, Avg:  0.0, Max: 0, Diff: 0, Sum: 0, Workers: 4
[1675.476s][debug][gc,phases      ] GC(77)     Total                          Min: 0, Avg:  0.0, Max: 0, Diff: 0, Sum: 0, Workers: 4
[1675.476s][debug][gc,phases      ] GC(77)   StringDedup Requests0 Weak     Min:  0.0, Avg:  0.0, Max:  0.0, Diff:  0.0, Sum:  0.0, Workers: 4
[1675.476s][debug][gc,phases      ] GC(77)     Dead                           Min: 0, Avg:  0.0, Max: 0, Diff: 0, Sum: 0, Workers: 4
[1675.476s][debug][gc,phases      ] GC(77)     Total                          Min: 0, Avg:  0.0, Max: 0, Diff: 0, Sum: 0, Workers: 4
[1675.476s][debug][gc,phases      ] GC(77)   StringDedup Requests1 Weak     Min:  0.0, Avg:  0.0, Max:  0.0, Diff:  0.0, Sum:  0.0, Workers: 4
[1675.476s][debug][gc,phases      ] GC(77)     Dead                           Min: 0, Avg:  0.0, Max: 0, Diff: 0, Sum: 0, Workers: 4
[1675.476s][debug][gc,phases      ] GC(77)     Total                          Min: 0, Avg:  0.0, Max: 0, Diff: 0, Sum: 0, Workers: 4
[1675.476s][debug][gc,phases      ] GC(77)   Weak JFR Old Object Samples    Min:  0.0, Avg:  0.0, Max:  0.0, Diff:  0.0, Sum:  0.0, Workers: 4
[1675.476s][debug][gc,phases      ] GC(77)     Dead                           Min: 0, Avg:  0.0, Max: 0, Diff: 0, Sum: 0, Workers: 4
[1675.476s][debug][gc,phases      ] GC(77)     Total                          Min: 0, Avg:  0.0, Max: 0, Diff: 0, Sum: 0, Workers: 4
[1675.476s][debug][gc,phases      ] GC(77) Weak Processing 0.447ms
[1675.476s][debug][gc,age         ] GC(77) Desired survivor size 7864320 bytes, new threshold 1 (max threshold 15)
[1675.476s][info ][gc,heap        ] GC(77) PSYoungGen: 2080256K(2088448K)->4930K(2089472K) Eden: 2080256K(2080256K)->0K(2081280K) From: 0K(8192K)->4930K(8192K)
[1675.476s][info ][gc,heap        ] GC(77) ParOldGen: 262294K(328192K)->262294K(328192K)
[1675.476s][info ][gc,metaspace   ] GC(77) Metaspace: 106598K(107904K)->106598K(107904K) NonClass: 90539K(91264K)->90539K(91264K) Class: 16058K(16640K)->16058K(16640K)
[1675.476s][info ][gc             ] GC(77) Pause Young (Allocation Failure) 2287M->260M(2361M) 4.978ms
[1675.476s][info ][gc,cpu         ] GC(77) User=0.01s Sys=0.00s Real=0.01s
[1675.476s][info ][safepoint      ] Safepoint "ParallelGCFailedAllocation", Time since last: 1898457077 ns, Reaching safepoint: 7401 ns, Cleanup: 5700 ns, At safepoint: 5052712 ns, Total: 5065813 ns
[1679.476s][info ][safepoint      ] Safepoint "Cleanup", Time since last: 4000383755 ns, Reaching safepoint: 6800 ns, Cleanup: 12401 ns, At safepoint: 2200 ns, Total: 21401 ns
[1682.543s][info ][safepoint      ] Safepoint "Cleanup", Time since last: 3066828908 ns, Reaching safepoint: 10301 ns, Cleanup: 14301 ns, At safepoint: 2600 ns, Total: 27202 ns
[1683.543s][info ][safepoint      ] Safepoint "Cleanup", Time since last: 1000103959 ns, Reaching safepoint: 7801 ns, Cleanup: 14301 ns, At safepoint: 2900 ns, Total: 25002 ns
[1685.544s][info ][safepoint      ] Safepoint "Cleanup", Time since last: 2000192618 ns, Reaching safepoint: 9701 ns, Cleanup: 36602 ns, At safepoint: 3301 ns, Total: 49604 ns
[1686.544s][info ][safepoint      ] Safepoint "Cleanup", Time since last: 1000131661 ns, Reaching safepoint: 7801 ns, Cleanup: 16901 ns, At safepoint: 2700 ns, Total: 27402 ns
[1687.544s][info ][safepoint      ] Safepoint "Cleanup", Time since last: 1000123661 ns, Reaching safepoint: 9801 ns, Cleanup: 35002 ns, At safepoint: 2700 ns, Total: 47503 ns
[1688.544s][info ][safepoint      ] Safepoint "Cleanup", Time since last: 1000107160 ns, Reaching safepoint: 9101 ns, Cleanup: 24102 ns, At safepoint: 3100 ns, Total: 36303 ns
[1690.545s][info ][safepoint      ] Safepoint "Cleanup", Time since last: 2000193784 ns, Reaching safepoint: 302421 ns, Cleanup: 23101 ns, At safepoint: 8201 ns, Total: 333723 ns
[1691.545s][info ][safepoint      ] Safepoint "Cleanup", Time since last: 1000126879 ns, Reaching safepoint: 9601 ns, Cleanup: 21901 ns, At safepoint: 3600 ns, Total: 35102 ns
[1692.545s][info ][safepoint      ] Safepoint "Cleanup", Time since last: 1000126980 ns, Reaching safepoint: 8800 ns, Cleanup: 34503 ns, At safepoint: 2400 ns, Total: 45703 ns
[1693.545s][info ][safepoint      ] Safepoint "Cleanup", Time since last: 1000117479 ns, Reaching safepoint: 9600 ns, Cleanup: 30502 ns, At safepoint: 2700 ns, Total: 42802 ns
[1694.545s][info ][safepoint      ] Safepoint "Cleanup", Time since last: 1000114938 ns, Reaching safepoint: 7601 ns, Cleanup: 18101 ns, At safepoint: 2800 ns, Total: 28502 ns
[1694.818s][info ][gc,start       ] GC(78) Pause Young (Allocation Failure)
[1694.829s][debug][gc,phases      ] GC(78) Scavenge 10.661ms
[1694.829s][debug][gc,ref         ] GC(78) ReferenceProcessor::execute queues: 1, RefProcThreadModel::Single, marks_oops_alive: false
[1694.829s][debug][gc,ref         ] GC(78) Skipped KeepAliveFinalRefsPhase of Reference Processing: no references
[1694.829s][debug][gc,ref         ] GC(78) ReferenceProcessor::execute queues: 1, RefProcThreadModel::Single, marks_oops_alive: false
[1694.829s][debug][gc,phases      ] GC(78) Reference Processing 0.137ms
[1694.829s][debug][gc,phases      ] GC(78)   VM Weak                        Min:  0.0, Avg:  0.0, Max:  0.0, Diff:  0.0, Sum:  0.0, Workers: 4
[1694.829s][debug][gc,phases      ] GC(78)     Dead                           Min: 0, Avg:  0.0, Max: 0, Diff: 0, Sum: 0, Workers: 4
[1694.829s][debug][gc,phases      ] GC(78)     Total                          Min: 0, Avg: 255.5, Max: 896, Diff: 896, Sum: 1022, Workers: 4
[1694.829s][debug][gc,phases      ] GC(78)   ObjectSynchronizer Weak        Min:  0.0, Avg:  0.0, Max:  0.0, Diff:  0.0, Sum:  0.0, Workers: 4
[1694.829s][debug][gc,phases      ] GC(78)     Dead                           Min: 0, Avg:  0.0, Max: 0, Diff: 0, Sum: 0, Workers: 4
[1694.829s][debug][gc,phases      ] GC(78)     Total                          Min: 0, Avg:  1.2, Max: 5, Diff: 5, Sum: 5, Workers: 4
[1694.829s][debug][gc,phases      ] GC(78)   JVMTI Tag Weak OopStorage      Min:  0.0, Avg:  0.0, Max:  0.0, Diff:  0.0, Sum:  0.0, Workers: 4
[1694.829s][debug][gc,phases      ] GC(78)     Dead                           Min: 0, Avg:  0.0, Max: 0, Diff: 0, Sum: 0, Workers: 4
[1694.829s][debug][gc,phases      ] GC(78)     Total                          Min: 0, Avg:  0.0, Max: 0, Diff: 0, Sum: 0, Workers: 4
[1694.829s][debug][gc,phases      ] GC(78)   StringTable Weak               Min:  0.0, Avg:  0.1, Max:  0.1, Diff:  0.1, Sum:  0.4, Workers: 4
[1694.829s][debug][gc,phases      ] GC(78)     Dead                           Min: 0, Avg:  0.2, Max: 1, Diff: 1, Sum: 1, Workers: 4
[1694.829s][debug][gc,phases      ] GC(78)     Total                          Min: 0, Avg: 11564.8, Max: 15935, Diff: 15935, Sum: 46259, Workers: 4
[1694.829s][debug][gc,phases      ] GC(78)   ResolvedMethodTable Weak       Min:  0.0, Avg:  0.0, Max:  0.1, Diff:  0.1, Sum:  0.2, Workers: 4
[1694.829s][debug][gc,phases      ] GC(78)     Dead                           Min: 0, Avg:  5.2, Max: 21, Diff: 21, Sum: 21, Workers: 4
[1694.829s][debug][gc,phases      ] GC(78)     Total                          Min: 0, Avg: 3825.8, Max: 5401, Diff: 5401, Sum: 15303, Workers: 4
[1694.829s][debug][gc,phases      ] GC(78)   JNI Weak                       Min:  0.0, Avg:  0.0, Max:  0.0, Diff:  0.0, Sum:  0.0, Workers: 4
[1694.829s][debug][gc,phases      ] GC(78)     Dead                           Min: 0, Avg:  0.0, Max: 0, Diff: 0, Sum: 0, Workers: 4
[1694.829s][debug][gc,phases      ] GC(78)     Total                          Min: 0, Avg: 13.0, Max: 48, Diff: 48, Sum: 52, Workers: 4
[1694.829s][debug][gc,phases      ] GC(78)   StringDedup Table Weak         Min:  0.0, Avg:  0.0, Max:  0.0, Diff:  0.0, Sum:  0.0, Workers: 4
[1694.829s][debug][gc,phases      ] GC(78)     Dead                           Min: 0, Avg:  0.0, Max: 0, Diff: 0, Sum: 0, Workers: 4
[1694.829s][debug][gc,phases      ] GC(78)     Total                          Min: 0, Avg:  0.0, Max: 0, Diff: 0, Sum: 0, Workers: 4
[1694.829s][debug][gc,phases      ] GC(78)   StringDedup Requests0 Weak     Min:  0.0, Avg:  0.0, Max:  0.0, Diff:  0.0, Sum:  0.0, Workers: 4
[1694.829s][debug][gc,phases      ] GC(78)     Dead                           Min: 0, Avg:  0.0, Max: 0, Diff: 0, Sum: 0, Workers: 4
[1694.829s][debug][gc,phases      ] GC(78)     Total                          Min: 0, Avg:  0.0, Max: 0, Diff: 0, Sum: 0, Workers: 4
[1694.829s][debug][gc,phases      ] GC(78)   StringDedup Requests1 Weak     Min:  0.0, Avg:  0.0, Max:  0.0, Diff:  0.0, Sum:  0.0, Workers: 4
[1694.829s][debug][gc,phases      ] GC(78)     Dead                           Min: 0, Avg:  0.0, Max: 0, Diff: 0, Sum: 0, Workers: 4
[1694.829s][debug][gc,phases      ] GC(78)     Total                          Min: 0, Avg:  0.0, Max: 0, Diff: 0, Sum: 0, Workers: 4
[1694.829s][debug][gc,phases      ] GC(78)   Weak JFR Old Object Samples    Min:  0.0, Avg:  0.0, Max:  0.0, Diff:  0.0, Sum:  0.0, Workers: 4
[1694.829s][debug][gc,phases      ] GC(78)     Dead                           Min: 0, Avg:  0.0, Max: 0, Diff: 0, Sum: 0, Workers: 4
[1694.829s][debug][gc,phases      ] GC(78)     Total                          Min: 0, Avg:  0.0, Max: 0, Diff: 0, Sum: 0, Workers: 4
[1694.829s][debug][gc,phases      ] GC(78) Weak Processing 0.452ms
[1694.829s][debug][gc,age         ] GC(78) Desired survivor size 13631488 bytes, new threshold 1 (max threshold 15)
[1694.829s][info ][gc,heap        ] GC(78) PSYoungGen: 2086210K(2089472K)->7664K(2088960K) Eden: 2081280K(2081280K)->0K(2081280K) From: 4930K(8192K)->7664K(7680K)
[1694.829s][info ][gc,heap        ] GC(78) ParOldGen: 262294K(328192K)->275302K(328192K)
[1694.829s][info ][gc,metaspace   ] GC(78) Metaspace: 106637K(107968K)->106637K(107968K) NonClass: 90574K(91328K)->90574K(91328K) Class: 16063K(16640K)->16063K(16640K)
[1694.829s][info ][gc             ] GC(78) Pause Young (Allocation Failure) 2293M->276M(2360M) 11.400ms
[1694.829s][info ][gc,cpu         ] GC(78) User=0.04s Sys=0.00s Real=0.01s
[1694.830s][info ][safepoint      ] Safepoint "ParallelGCFailedAllocation", Time since last: 272877511 ns, Reaching safepoint: 8701 ns, Cleanup: 4800 ns, At safepoint: 11479668 ns, Total: 11493169 ns
[1695.830s][info ][safepoint      ] Safepoint "Cleanup", Time since last: 1000099640 ns, Reaching safepoint: 84006 ns, Cleanup: 10901 ns, At safepoint: 7500 ns, Total: 102407 ns
[1697.830s][info ][safepoint      ] Safepoint "Cleanup", Time since last: 2000201797 ns, Reaching safepoint: 7701 ns, Cleanup: 12501 ns, At safepoint: 3000 ns, Total: 23202 ns
[1698.830s][info ][safepoint      ] Safepoint "Cleanup", Time since last: 1000121556 ns, Reaching safepoint: 8200 ns, Cleanup: 20202 ns, At safepoint: 2400 ns, Total: 30802 ns
[1699.831s][info ][safepoint      ] Safepoint "Cleanup", Time since last: 1000136857 ns, Reaching safepoint: 649949 ns, Cleanup: 11201 ns, At safepoint: 10900 ns, Total: 672050 ns
[1703.831s][info ][safepoint      ] Safepoint "Cleanup", Time since last: 4000339212 ns, Reaching safepoint: 8601 ns, Cleanup: 11001 ns, At safepoint: 3000 ns, Total: 22602 ns
[1706.832s][info ][safepoint      ] Safepoint "Cleanup", Time since last: 3000264851 ns, Reaching safepoint: 8500 ns, Cleanup: 11301 ns, At safepoint: 2901 ns, Total: 22702 ns
[1710.832s][info ][safepoint      ] Safepoint "Cleanup", Time since last: 4000352692 ns, Reaching safepoint: 8600 ns, Cleanup: 13401 ns, At safepoint: 2400 ns, Total: 24401 ns
[1715.832s][info ][safepoint      ] Safepoint "Cleanup", Time since last: 5000397456 ns, Reaching safepoint: 8700 ns, Cleanup: 11301 ns, At safepoint: 2600 ns, Total: 22601 ns
[1717.587s][info ][gc,start       ] GC(79) Pause Young (Allocation Failure)
[1717.592s][debug][gc,phases      ] GC(79) Scavenge 5.149ms
[1717.592s][debug][gc,ref         ] GC(79) ReferenceProcessor::execute queues: 1, RefProcThreadModel::Single, marks_oops_alive: false
[1717.592s][debug][gc,ref         ] GC(79) Skipped KeepAliveFinalRefsPhase of Reference Processing: no references
[1717.592s][debug][gc,ref         ] GC(79) ReferenceProcessor::execute queues: 1, RefProcThreadModel::Single, marks_oops_alive: false
[1717.592s][debug][gc,phases      ] GC(79) Reference Processing 0.141ms
[1717.593s][debug][gc,phases      ] GC(79)   VM Weak                        Min:  0.0, Avg:  0.0, Max:  0.0, Diff:  0.0, Sum:  0.0, Workers: 4
[1717.593s][debug][gc,phases      ] GC(79)     Dead                           Min: 0, Avg:  0.0, Max: 0, Diff: 0, Sum: 0, Workers: 4
[1717.593s][debug][gc,phases      ] GC(79)     Total                          Min: 0, Avg: 255.5, Max: 574, Diff: 574, Sum: 1022, Workers: 4
[1717.593s][debug][gc,phases      ] GC(79)   ObjectSynchronizer Weak        Min:  0.0, Avg:  0.0, Max:  0.0, Diff:  0.0, Sum:  0.0, Workers: 4
[1717.593s][debug][gc,phases      ] GC(79)     Dead                           Min: 0, Avg:  0.0, Max: 0, Diff: 0, Sum: 0, Workers: 4
[1717.593s][debug][gc,phases      ] GC(79)     Total                          Min: 0, Avg:  1.2, Max: 5, Diff: 5, Sum: 5, Workers: 4
[1717.593s][debug][gc,phases      ] GC(79)   JVMTI Tag Weak OopStorage      Min:  0.0, Avg:  0.0, Max:  0.0, Diff:  0.0, Sum:  0.0, Workers: 4
[1717.593s][debug][gc,phases      ] GC(79)     Dead                           Min: 0, Avg:  0.0, Max: 0, Diff: 0, Sum: 0, Workers: 4
[1717.593s][debug][gc,phases      ] GC(79)     Total                          Min: 0, Avg:  0.0, Max: 0, Diff: 0, Sum: 0, Workers: 4
[1717.593s][debug][gc,phases      ] GC(79)   StringTable Weak               Min:  0.0, Avg:  0.1, Max:  0.2, Diff:  0.2, Sum:  0.5, Workers: 4
[1717.593s][debug][gc,phases      ] GC(79)     Dead                           Min: 0, Avg:  0.0, Max: 0, Diff: 0, Sum: 0, Workers: 4
[1717.593s][debug][gc,phases      ] GC(79)     Total                          Min: 0, Avg: 11566.0, Max: 16064, Diff: 16064, Sum: 46264, Workers: 4
[1717.593s][debug][gc,phases      ] GC(79)   ResolvedMethodTable Weak       Min:  0.0, Avg:  0.0, Max:  0.1, Diff:  0.1, Sum:  0.2, Workers: 4
[1717.593s][debug][gc,phases      ] GC(79)     Dead                           Min: 0, Avg:  4.0, Max: 15, Diff: 15, Sum: 16, Workers: 4
[1717.593s][debug][gc,phases      ] GC(79)     Total                          Min: 0, Avg: 3826.2, Max: 5481, Diff: 5481, Sum: 15305, Workers: 4
[1717.593s][debug][gc,phases      ] GC(79)   JNI Weak                       Min:  0.0, Avg:  0.0, Max:  0.0, Diff:  0.0, Sum:  0.0, Workers: 4
[1717.593s][debug][gc,phases      ] GC(79)     Dead                           Min: 0, Avg:  0.0, Max: 0, Diff: 0, Sum: 0, Workers: 4
[1717.593s][debug][gc,phases      ] GC(79)     Total                          Min: 0, Avg: 13.0, Max: 48, Diff: 48, Sum: 52, Workers: 4
[1717.593s][debug][gc,phases      ] GC(79)   StringDedup Table Weak         Min:  0.0, Avg:  0.0, Max:  0.0, Diff:  0.0, Sum:  0.0, Workers: 4
[1717.593s][debug][gc,phases      ] GC(79)     Dead                           Min: 0, Avg:  0.0, Max: 0, Diff: 0, Sum: 0, Workers: 4
[1717.593s][debug][gc,phases      ] GC(79)     Total                          Min: 0, Avg:  0.0, Max: 0, Diff: 0, Sum: 0, Workers: 4
[1717.593s][debug][gc,phases      ] GC(79)   StringDedup Requests0 Weak     Min:  0.0, Avg:  0.0, Max:  0.0, Diff:  0.0, Sum:  0.0, Workers: 4
[1717.593s][debug][gc,phases      ] GC(79)     Dead                           Min: 0, Avg:  0.0, Max: 0, Diff: 0, Sum: 0, Workers: 4
[1717.593s][debug][gc,phases      ] GC(79)     Total                          Min: 0, Avg:  0.0, Max: 0, Diff: 0, Sum: 0, Workers: 4
[1717.593s][debug][gc,phases      ] GC(79)   StringDedup Requests1 Weak     Min:  0.0, Avg:  0.0, Max:  0.0, Diff:  0.0, Sum:  0.0, Workers: 4
[1717.593s][debug][gc,phases      ] GC(79)     Dead                           Min: 0, Avg:  0.0, Max: 0, Diff: 0, Sum: 0, Workers: 4
[1717.593s][debug][gc,phases      ] GC(79)     Total                          Min: 0, Avg:  0.0, Max: 0, Diff: 0, Sum: 0, Workers: 4
[1717.593s][debug][gc,phases      ] GC(79)   Weak JFR Old Object Samples    Min:  0.0, Avg:  0.0, Max:  0.0, Diff:  0.0, Sum:  0.0, Workers: 4
[1717.593s][debug][gc,phases      ] GC(79)     Dead                           Min: 0, Avg:  0.0, Max: 0, Diff: 0, Sum: 0, Workers: 4
[1717.593s][debug][gc,phases      ] GC(79)     Total                          Min: 0, Avg:  0.0, Max: 0, Diff: 0, Sum: 0, Workers: 4
[1717.593s][debug][gc,phases      ] GC(79) Weak Processing 0.534ms
[1717.593s][debug][gc,age         ] GC(79) Desired survivor size 13631488 bytes, new threshold 1 (max threshold 15)
[1717.593s][info ][gc,heap        ] GC(79) PSYoungGen: 2088944K(2088960K)->3984K(2078720K) Eden: 2081280K(2081280K)->0K(2070528K) From: 7664K(7680K)->3984K(8192K)
[1717.593s][info ][gc,heap        ] GC(79) ParOldGen: 275302K(328192K)->282034K(328192K)
[1717.593s][info ][gc,metaspace   ] GC(79) Metaspace: 106664K(107968K)->106664K(107968K) NonClass: 90601K(91328K)->90601K(91328K) Class: 16063K(16640K)->16063K(16640K)
[1717.593s][info ][gc             ] GC(79) Pause Young (Allocation Failure) 2308M->279M(2350M) 5.979ms
[1717.593s][info ][gc,cpu         ] GC(79) User=0.02s Sys=0.00s Real=0.00s
[1717.593s][info ][safepoint      ] Safepoint "ParallelGCFailedAllocation", Time since last: 1754453880 ns, Reaching safepoint: 7000 ns, Cleanup: 4601 ns, At safepoint: 6070016 ns, Total: 6081617 ns
[1719.593s][info ][safepoint      ] Safepoint "Cleanup", Time since last: 2000186964 ns, Reaching safepoint: 8801 ns, Cleanup: 13201 ns, At safepoint: 2800 ns, Total: 24802 ns
[1720.593s][info ][safepoint      ] Safepoint "Cleanup", Time since last: 1000124728 ns, Reaching safepoint: 9701 ns, Cleanup: 14001 ns, At safepoint: 2600 ns, Total: 26302 ns
[1721.593s][info ][safepoint      ] Safepoint "Cleanup", Time since last: 1000124815 ns, Reaching safepoint: 7900 ns, Cleanup: 13201 ns, At safepoint: 2900 ns, Total: 24001 ns
[1722.594s][info ][safepoint      ] Safepoint "Cleanup", Time since last: 1000128673 ns, Reaching safepoint: 10600 ns, Cleanup: 11101 ns, At safepoint: 3301 ns, Total: 25002 ns
[1724.594s][info ][safepoint      ] Safepoint "Cleanup", Time since last: 2000211341 ns, Reaching safepoint: 8100 ns, Cleanup: 13301 ns, At safepoint: 3001 ns, Total: 24402 ns
[1729.594s][info ][safepoint      ] Safepoint "Cleanup", Time since last: 5000394114 ns, Reaching safepoint: 7401 ns, Cleanup: 9701 ns, At safepoint: 2500 ns, Total: 19602 ns
[1731.594s][info ][safepoint      ] Safepoint "Cleanup", Time since last: 2000204711 ns, Reaching safepoint: 11401 ns, Cleanup: 18102 ns, At safepoint: 2700 ns, Total: 32203 ns
[1732.595s][info ][safepoint      ] Safepoint "Cleanup", Time since last: 1000125907 ns, Reaching safepoint: 9201 ns, Cleanup: 24802 ns, At safepoint: 2800 ns, Total: 36803 ns
[1733.595s][info ][safepoint      ] Safepoint "Cleanup", Time since last: 1000129208 ns, Reaching safepoint: 7500 ns, Cleanup: 12401 ns, At safepoint: 2600 ns, Total: 22501 ns
[1735.595s][info ][safepoint      ] Safepoint "Cleanup", Time since last: 2000176510 ns, Reaching safepoint: 7801 ns, Cleanup: 13701 ns, At safepoint: 2700 ns, Total: 24202 ns
[1737.595s][info ][safepoint      ] Safepoint "Cleanup", Time since last: 2000175814 ns, Reaching safepoint: 7001 ns, Cleanup: 15501 ns, At safepoint: 2500 ns, Total: 25002 ns
[1738.595s][info ][safepoint      ] Safepoint "Cleanup", Time since last: 1000104000 ns, Reaching safepoint: 6600 ns, Cleanup: 26703 ns, At safepoint: 6800 ns, Total: 40103 ns
[1739.097s][info ][safepoint      ] Safepoint "ParallelGCFailedAllocation", Time since last: 501935543 ns, Reaching safepoint: 99308 ns, Cleanup: 14701 ns, At safepoint: 25102 ns, Total: 139111 ns
[1739.098s][info ][gc,start       ] GC(80) Pause Young (GCLocker Initiated GC)
[1739.109s][debug][gc,phases      ] GC(80) Scavenge 10.505ms
[1739.109s][debug][gc,ref         ] GC(80) ReferenceProcessor::execute queues: 1, RefProcThreadModel::Single, marks_oops_alive: false
[1739.109s][debug][gc,ref         ] GC(80) Skipped KeepAliveFinalRefsPhase of Reference Processing: no references
[1739.109s][debug][gc,ref         ] GC(80) ReferenceProcessor::execute queues: 1, RefProcThreadModel::Single, marks_oops_alive: false
[1739.109s][debug][gc,phases      ] GC(80) Reference Processing 0.122ms
[1739.109s][debug][gc,phases      ] GC(80)   VM Weak                        Min:  0.0, Avg:  0.0, Max:  0.0, Diff:  0.0, Sum:  0.0, Workers: 4
[1739.109s][debug][gc,phases      ] GC(80)     Dead                           Min: 0, Avg:  0.0, Max: 0, Diff: 0, Sum: 0, Workers: 4
[1739.109s][debug][gc,phases      ] GC(80)     Total                          Min: 0, Avg: 255.5, Max: 640, Diff: 640, Sum: 1022, Workers: 4
[1739.109s][debug][gc,phases      ] GC(80)   ObjectSynchronizer Weak        Min:  0.0, Avg:  0.0, Max:  0.0, Diff:  0.0, Sum:  0.0, Workers: 4
[1739.109s][debug][gc,phases      ] GC(80)     Dead                           Min: 0, Avg:  0.0, Max: 0, Diff: 0, Sum: 0, Workers: 4
[1739.109s][debug][gc,phases      ] GC(80)     Total                          Min: 0, Avg:  1.2, Max: 5, Diff: 5, Sum: 5, Workers: 4
[1739.109s][debug][gc,phases      ] GC(80)   JVMTI Tag Weak OopStorage      Min:  0.0, Avg:  0.0, Max:  0.0, Diff:  0.0, Sum:  0.0, Workers: 4
[1739.110s][debug][gc,phases      ] GC(80)     Dead                           Min: 0, Avg:  0.0, Max: 0, Diff: 0, Sum: 0, Workers: 4
[1739.110s][debug][gc,phases      ] GC(80)     Total                          Min: 0, Avg:  0.0, Max: 0, Diff: 0, Sum: 0, Workers: 4
[1739.110s][debug][gc,phases      ] GC(80)   StringTable Weak               Min:  0.0, Avg:  0.1, Max:  0.2, Diff:  0.2, Sum:  0.5, Workers: 4
[1739.110s][debug][gc,phases      ] GC(80)     Dead                           Min: 0, Avg:  0.0, Max: 0, Diff: 0, Sum: 0, Workers: 4
[1739.110s][debug][gc,phases      ] GC(80)     Total                          Min: 0, Avg: 11566.8, Max: 16000, Diff: 16000, Sum: 46267, Workers: 4
[1739.110s][debug][gc,phases      ] GC(80)   ResolvedMethodTable Weak       Min:  0.0, Avg:  0.0, Max:  0.1, Diff:  0.1, Sum:  0.2, Workers: 4
[1739.110s][debug][gc,phases      ] GC(80)     Dead                           Min: 0, Avg:  4.2, Max: 17, Diff: 17, Sum: 17, Workers: 4
[1739.110s][debug][gc,phases      ] GC(80)     Total                          Min: 0, Avg: 3826.8, Max: 5256, Diff: 5256, Sum: 15307, Workers: 4
[1739.110s][debug][gc,phases      ] GC(80)   JNI Weak                       Min:  0.0, Avg:  0.0, Max:  0.0, Diff:  0.0, Sum:  0.0, Workers: 4
[1739.110s][debug][gc,phases      ] GC(80)     Dead                           Min: 0, Avg:  0.0, Max: 0, Diff: 0, Sum: 0, Workers: 4
[1739.110s][debug][gc,phases      ] GC(80)     Total                          Min: 0, Avg: 13.0, Max: 48, Diff: 48, Sum: 52, Workers: 4
[1739.110s][debug][gc,phases      ] GC(80)   StringDedup Table Weak         Min:  0.0, Avg:  0.0, Max:  0.0, Diff:  0.0, Sum:  0.0, Workers: 4
[1739.110s][debug][gc,phases      ] GC(80)     Dead                           Min: 0, Avg:  0.0, Max: 0, Diff: 0, Sum: 0, Workers: 4
[1739.110s][debug][gc,phases      ] GC(80)     Total                          Min: 0, Avg:  0.0, Max: 0, Diff: 0, Sum: 0, Workers: 4
[1739.110s][debug][gc,phases      ] GC(80)   StringDedup Requests0 Weak     Min:  0.0, Avg:  0.0, Max:  0.0, Diff:  0.0, Sum:  0.0, Workers: 4
[1739.110s][debug][gc,phases      ] GC(80)     Dead                           Min: 0, Avg:  0.0, Max: 0, Diff: 0, Sum: 0, Workers: 4
[1739.110s][debug][gc,phases      ] GC(80)     Total                          Min: 0, Avg:  0.0, Max: 0, Diff: 0, Sum: 0, Workers: 4
[1739.110s][debug][gc,phases      ] GC(80)   StringDedup Requests1 Weak     Min:  0.0, Avg:  0.0, Max:  0.0, Diff:  0.0, Sum:  0.0, Workers: 4
[1739.110s][debug][gc,phases      ] GC(80)     Dead                           Min: 0, Avg:  0.0, Max: 0, Diff: 0, Sum: 0, Workers: 4
[1739.110s][debug][gc,phases      ] GC(80)     Total                          Min: 0, Avg:  0.0, Max: 0, Diff: 0, Sum: 0, Workers: 4
[1739.110s][debug][gc,phases      ] GC(80)   Weak JFR Old Object Samples    Min:  0.0, Avg:  0.0, Max:  0.0, Diff:  0.0, Sum:  0.0, Workers: 4
[1739.110s][debug][gc,phases      ] GC(80)     Dead                           Min: 0, Avg:  0.0, Max: 0, Diff: 0, Sum: 0, Workers: 4
[1739.110s][debug][gc,phases      ] GC(80)     Total                          Min: 0, Avg:  0.0, Max: 0, Diff: 0, Sum: 0, Workers: 4
[1739.110s][debug][gc,phases      ] GC(80) Weak Processing 0.475ms
[1739.110s][debug][gc,age         ] GC(80) Desired survivor size 13631488 bytes, new threshold 1 (max threshold 15)
[1739.110s][info ][gc,heap        ] GC(80) PSYoungGen: 2074512K(2078720K)->8693K(2083840K) Eden: 2070528K(2070528K)->0K(2070528K) From: 3984K(8192K)->8693K(13312K)
[1739.110s][info ][gc,heap        ] GC(80) ParOldGen: 282418K(328192K)->282950K(328192K)
[1739.110s][info ][gc,metaspace   ] GC(80) Metaspace: 106701K(107968K)->106701K(107968K) NonClass: 90636K(91328K)->90636K(91328K) Class: 16064K(16640K)->16064K(16640K)
[1739.110s][info ][gc             ] GC(80) Pause Young (GCLocker Initiated GC) 2301M->284M(2355M) 11.238ms
[1739.110s][info ][gc,cpu         ] GC(80) User=0.04s Sys=0.00s Real=0.01s
[1739.110s][info ][safepoint      ] Safepoint "ParallelGCSystemGC", Time since last: 964073 ns, Reaching safepoint: 78906 ns, Cleanup: 1700 ns, At safepoint: 11322561 ns, Total: 11403167 ns
[1740.110s][info ][safepoint      ] Safepoint "Cleanup", Time since last: 1000102000 ns, Reaching safepoint: 82506 ns, Cleanup: 16701 ns, At safepoint: 7401 ns, Total: 106608 ns
[1741.562s][info ][safepoint      ] Safepoint "Cleanup", Time since last: 1451471900 ns, Reaching safepoint: 87407 ns, Cleanup: 13501 ns, At safepoint: 7000 ns, Total: 107908 ns
[1742.562s][info ][safepoint      ] Safepoint "Cleanup", Time since last: 1000158505 ns, Reaching safepoint: 84506 ns, Cleanup: 15301 ns, At safepoint: 6801 ns, Total: 106608 ns
[1743.562s][info ][safepoint      ] Safepoint "Cleanup", Time since last: 1000138502 ns, Reaching safepoint: 85807 ns, Cleanup: 13301 ns, At safepoint: 7101 ns, Total: 106209 ns
[1744.562s][info ][safepoint      ] Safepoint "Cleanup", Time since last: 1000166104 ns, Reaching safepoint: 115309 ns, Cleanup: 19202 ns, At safepoint: 10600 ns, Total: 145111 ns
[1748.563s][info ][safepoint      ] Safepoint "Cleanup", Time since last: 4000355362 ns, Reaching safepoint: 49503 ns, Cleanup: 10601 ns, At safepoint: 7101 ns, Total: 67205 ns
[1753.563s][info ][safepoint      ] Safepoint "Cleanup", Time since last: 5000458173 ns, Reaching safepoint: 83506 ns, Cleanup: 10201 ns, At safepoint: 7400 ns, Total: 101107 ns
[1759.564s][info ][safepoint      ] Safepoint "Cleanup", Time since last: 6000549686 ns, Reaching safepoint: 77706 ns, Cleanup: 12201 ns, At safepoint: 6400 ns, Total: 96307 ns
[1759.662s][info ][gc,start       ] GC(81) Pause Young (Allocation Failure)
[1759.671s][debug][gc,phases      ] GC(81) Scavenge 9.021ms
[1759.671s][debug][gc,ref         ] GC(81) ReferenceProcessor::execute queues: 1, RefProcThreadModel::Single, marks_oops_alive: false
[1759.671s][debug][gc,ref         ] GC(81) Skipped KeepAliveFinalRefsPhase of Reference Processing: no references
[1759.671s][debug][gc,ref         ] GC(81) ReferenceProcessor::execute queues: 1, RefProcThreadModel::Single, marks_oops_alive: false
[1759.671s][debug][gc,phases      ] GC(81) Reference Processing 0.102ms
[1759.671s][debug][gc,phases      ] GC(81)   VM Weak                        Min:  0.0, Avg:  0.0, Max:  0.0, Diff:  0.0, Sum:  0.0, Workers: 4
[1759.671s][debug][gc,phases      ] GC(81)     Dead                           Min: 0, Avg:  0.0, Max: 0, Diff: 0, Sum: 0, Workers: 4
[1759.671s][debug][gc,phases      ] GC(81)     Total                          Min: 0, Avg: 255.5, Max: 576, Diff: 576, Sum: 1022, Workers: 4
[1759.671s][debug][gc,phases      ] GC(81)   ObjectSynchronizer Weak        Min:  0.0, Avg:  0.0, Max:  0.0, Diff:  0.0, Sum:  0.0, Workers: 4
[1759.671s][debug][gc,phases      ] GC(81)     Dead                           Min: 0, Avg:  0.0, Max: 0, Diff: 0, Sum: 0, Workers: 4
[1759.671s][debug][gc,phases      ] GC(81)     Total                          Min: 0, Avg:  1.2, Max: 5, Diff: 5, Sum: 5, Workers: 4
[1759.671s][debug][gc,phases      ] GC(81)   JVMTI Tag Weak OopStorage      Min:  0.0, Avg:  0.0, Max:  0.0, Diff:  0.0, Sum:  0.0, Workers: 4
[1759.671s][debug][gc,phases      ] GC(81)     Dead                           Min: 0, Avg:  0.0, Max: 0, Diff: 0, Sum: 0, Workers: 4
[1759.671s][debug][gc,phases      ] GC(81)     Total                          Min: 0, Avg:  0.0, Max: 0, Diff: 0, Sum: 0, Workers: 4
[1759.671s][debug][gc,phases      ] GC(81)   StringTable Weak               Min:  0.0, Avg:  0.1, Max:  0.1, Diff:  0.1, Sum:  0.4, Workers: 4
[1759.671s][debug][gc,phases      ] GC(81)     Dead                           Min: 0, Avg:  0.0, Max: 0, Diff: 0, Sum: 0, Workers: 4
[1759.671s][debug][gc,phases      ] GC(81)     Total                          Min: 0, Avg: 11569.2, Max: 16000, Diff: 16000, Sum: 46277, Workers: 4
[1759.671s][debug][gc,phases      ] GC(81)   ResolvedMethodTable Weak       Min:  0.0, Avg:  0.0, Max:  0.1, Diff:  0.1, Sum:  0.1, Workers: 4
[1759.671s][debug][gc,phases      ] GC(81)     Dead                           Min: 0, Avg:  4.0, Max: 16, Diff: 16, Sum: 16, Workers: 4
[1759.671s][debug][gc,phases      ] GC(81)     Total                          Min: 0, Avg: 3827.2, Max: 5637, Diff: 5637, Sum: 15309, Workers: 4
[1759.671s][debug][gc,phases      ] GC(81)   JNI Weak                       Min:  0.0, Avg:  0.0, Max:  0.0, Diff:  0.0, Sum:  0.0, Workers: 4
[1759.671s][debug][gc,phases      ] GC(81)     Dead                           Min: 0, Avg:  0.0, Max: 0, Diff: 0, Sum: 0, Workers: 4
[1759.671s][debug][gc,phases      ] GC(81)     Total                          Min: 0, Avg: 13.0, Max: 48, Diff: 48, Sum: 52, Workers: 4
[1759.671s][debug][gc,phases      ] GC(81)   StringDedup Table Weak         Min:  0.0, Avg:  0.0, Max:  0.0, Diff:  0.0, Sum:  0.0, Workers: 4
[1759.671s][debug][gc,phases      ] GC(81)     Dead                           Min: 0, Avg:  0.0, Max: 0, Diff: 0, Sum: 0, Workers: 4
[1759.671s][debug][gc,phases      ] GC(81)     Total                          Min: 0, Avg:  0.0, Max: 0, Diff: 0, Sum: 0, Workers: 4
[1759.671s][debug][gc,phases      ] GC(81)   StringDedup Requests0 Weak     Min:  0.0, Avg:  0.0, Max:  0.0, Diff:  0.0, Sum:  0.0, Workers: 4
[1759.671s][debug][gc,phases      ] GC(81)     Dead                           Min: 0, Avg:  0.0, Max: 0, Diff: 0, Sum: 0, Workers: 4
[1759.671s][debug][gc,phases      ] GC(81)     Total                          Min: 0, Avg:  0.0, Max: 0, Diff: 0, Sum: 0, Workers: 4
[1759.671s][debug][gc,phases      ] GC(81)   StringDedup Requests1 Weak     Min:  0.0, Avg:  0.0, Max:  0.0, Diff:  0.0, Sum:  0.0, Workers: 4
[1759.671s][debug][gc,phases      ] GC(81)     Dead                           Min: 0, Avg:  0.0, Max: 0, Diff: 0, Sum: 0, Workers: 4
[1759.671s][debug][gc,phases      ] GC(81)     Total                          Min: 0, Avg:  0.0, Max: 0, Diff: 0, Sum: 0, Workers: 4
[1759.671s][debug][gc,phases      ] GC(81)   Weak JFR Old Object Samples    Min:  0.0, Avg:  0.0, Max:  0.0, Diff:  0.0, Sum:  0.0, Workers: 4
[1759.671s][debug][gc,phases      ] GC(81)     Dead                           Min: 0, Avg:  0.0, Max: 0, Diff: 0, Sum: 0, Workers: 4
[1759.671s][debug][gc,phases      ] GC(81)     Total                          Min: 0, Avg:  0.0, Max: 0, Diff: 0, Sum: 0, Workers: 4
[1759.671s][debug][gc,phases      ] GC(81) Weak Processing 0.440ms
[1759.671s][debug][gc,age         ] GC(81) Desired survivor size 15204352 bytes, new threshold 1 (max threshold 15)
[1759.671s][info ][gc,heap        ] GC(81) PSYoungGen: 2079221K(2083840K)->11536K(2080768K) Eden: 2070528K(2070528K)->0K(2067456K) From: 8693K(13312K)->11536K(13312K)
[1759.671s][info ][gc,heap        ] GC(81) ParOldGen: 282952K(328192K)->288181K(328192K)
[1759.671s][info ][gc,metaspace   ] GC(81) Metaspace: 106713K(108032K)->106713K(108032K) NonClass: 90647K(91392K)->90647K(91392K) Class: 16065K(16640K)->16065K(16640K)
[1759.671s][info ][gc             ] GC(81) Pause Young (Allocation Failure) 2306M->292M(2352M) 9.700ms
[1759.671s][info ][gc,cpu         ] GC(81) User=0.03s Sys=0.00s Real=0.01s
[1759.672s][info ][safepoint      ] Safepoint "ParallelGCFailedAllocation", Time since last: 97675848 ns, Reaching safepoint: 81206 ns, Cleanup: 4600 ns, At safepoint: 9782536 ns, Total: 9868342 ns
[1761.672s][info ][safepoint      ] Safepoint "Cleanup", Time since last: 2000188569 ns, Reaching safepoint: 85808 ns, Cleanup: 11801 ns, At safepoint: 8001 ns, Total: 105610 ns
[1764.672s][info ][safepoint      ] Safepoint "Cleanup", Time since last: 3000317581 ns, Reaching safepoint: 83708 ns, Cleanup: 11201 ns, At safepoint: 7301 ns, Total: 102210 ns
[1767.673s][info ][safepoint      ] Safepoint "Cleanup", Time since last: 3000278013 ns, Reaching safepoint: 8300 ns, Cleanup: 37903 ns, At safepoint: 27202 ns, Total: 73405 ns
[1814.581s][info ][safepoint      ] Safepoint "Cleanup", Time since last: 46908740335 ns, Reaching safepoint: 8700 ns, Cleanup: 11701 ns, At safepoint: 2701 ns, Total: 23102 ns
[1873.586s][info ][safepoint      ] Safepoint "Cleanup", Time since last: 59004856506 ns, Reaching safepoint: 9600 ns, Cleanup: 80606 ns, At safepoint: 2600 ns, Total: 92806 ns
[1874.587s][info ][safepoint      ] Safepoint "Cleanup", Time since last: 1000170567 ns, Reaching safepoint: 9200 ns, Cleanup: 41803 ns, At safepoint: 2500 ns, Total: 53503 ns
[1875.068s][info ][safepoint      ] Safepoint "ICBufferFull", Time since last: 481238954 ns, Reaching safepoint: 8801 ns, Cleanup: 166411 ns, At safepoint: 9101 ns, Total: 184313 ns
[1876.068s][info ][safepoint      ] Safepoint "Cleanup", Time since last: 1000129964 ns, Reaching safepoint: 82405 ns, Cleanup: 145311 ns, At safepoint: 18301 ns, Total: 246017 ns
[1876.635s][info ][safepoint      ] Safepoint "ParallelGCFailedAllocation", Time since last: 566990904 ns, Reaching safepoint: 85806 ns, Cleanup: 29202 ns, At safepoint: 15301 ns, Total: 130309 ns
[1876.636s][info ][gc,start       ] GC(82) Pause Young (GCLocker Initiated GC)
[1876.698s][debug][gc,phases      ] GC(82) Scavenge 62.167ms
[1876.699s][debug][gc,ref         ] GC(82) ReferenceProcessor::execute queues: 1, RefProcThreadModel::Single, marks_oops_alive: false
[1876.699s][debug][gc,ref         ] GC(82) Skipped KeepAliveFinalRefsPhase of Reference Processing: no references
[1876.699s][debug][gc,ref         ] GC(82) ReferenceProcessor::execute queues: 1, RefProcThreadModel::Single, marks_oops_alive: false
[1876.699s][debug][gc,phases      ] GC(82) Reference Processing 0.114ms
[1876.699s][debug][gc,phases      ] GC(82)   VM Weak                        Min:  0.0, Avg:  0.0, Max:  0.0, Diff:  0.0, Sum:  0.0, Workers: 4
[1876.699s][debug][gc,phases      ] GC(82)     Dead                           Min: 0, Avg:  0.0, Max: 0, Diff: 0, Sum: 0, Workers: 4
[1876.699s][debug][gc,phases      ] GC(82)     Total                          Min: 0, Avg: 255.5, Max: 574, Diff: 574, Sum: 1022, Workers: 4
[1876.699s][debug][gc,phases      ] GC(82)   ObjectSynchronizer Weak        Min:  0.0, Avg:  0.0, Max:  0.0, Diff:  0.0, Sum:  0.0, Workers: 4
[1876.699s][debug][gc,phases      ] GC(82)     Dead                           Min: 0, Avg:  0.5, Max: 2, Diff: 2, Sum: 2, Workers: 4
[1876.699s][debug][gc,phases      ] GC(82)     Total                          Min: 0, Avg:  1.8, Max: 7, Diff: 7, Sum: 7, Workers: 4
[1876.699s][debug][gc,phases      ] GC(82)   JVMTI Tag Weak OopStorage      Min:  0.0, Avg:  0.0, Max:  0.0, Diff:  0.0, Sum:  0.0, Workers: 4
[1876.699s][debug][gc,phases      ] GC(82)     Dead                           Min: 0, Avg:  0.0, Max: 0, Diff: 0, Sum: 0, Workers: 4
[1876.699s][debug][gc,phases      ] GC(82)     Total                          Min: 0, Avg:  0.0, Max: 0, Diff: 0, Sum: 0, Workers: 4
[1876.699s][debug][gc,phases      ] GC(82)   StringTable Weak               Min:  0.0, Avg:  0.1, Max:  0.2, Diff:  0.2, Sum:  0.5, Workers: 4
[1876.699s][debug][gc,phases      ] GC(82)     Dead                           Min: 0, Avg:  0.0, Max: 0, Diff: 0, Sum: 0, Workers: 4
[1876.699s][debug][gc,phases      ] GC(82)     Total                          Min: 0, Avg: 11576.0, Max: 15808, Diff: 15808, Sum: 46304, Workers: 4
[1876.699s][debug][gc,phases      ] GC(82)   ResolvedMethodTable Weak       Min:  0.0, Avg:  0.0, Max:  0.1, Diff:  0.1, Sum:  0.2, Workers: 4
[1876.699s][debug][gc,phases      ] GC(82)     Dead                           Min: 0, Avg: 12.2, Max: 41, Diff: 41, Sum: 49, Workers: 4
[1876.699s][debug][gc,phases      ] GC(82)     Total                          Min: 0, Avg: 3834.0, Max: 5486, Diff: 5486, Sum: 15336, Workers: 4
[1876.699s][debug][gc,phases      ] GC(82)   JNI Weak                       Min:  0.0, Avg:  0.0, Max:  0.0, Diff:  0.0, Sum:  0.0, Workers: 4
[1876.699s][debug][gc,phases      ] GC(82)     Dead                           Min: 0, Avg:  0.0, Max: 0, Diff: 0, Sum: 0, Workers: 4
[1876.699s][debug][gc,phases      ] GC(82)     Total                          Min: 0, Avg: 13.0, Max: 48, Diff: 48, Sum: 52, Workers: 4
[1876.699s][debug][gc,phases      ] GC(82)   StringDedup Table Weak         Min:  0.0, Avg:  0.0, Max:  0.0, Diff:  0.0, Sum:  0.0, Workers: 4
[1876.699s][debug][gc,phases      ] GC(82)     Dead                           Min: 0, Avg:  0.0, Max: 0, Diff: 0, Sum: 0, Workers: 4
[1876.699s][debug][gc,phases      ] GC(82)     Total                          Min: 0, Avg:  0.0, Max: 0, Diff: 0, Sum: 0, Workers: 4
[1876.699s][debug][gc,phases      ] GC(82)   StringDedup Requests0 Weak     Min:  0.0, Avg:  0.0, Max:  0.0, Diff:  0.0, Sum:  0.0, Workers: 4
[1876.699s][debug][gc,phases      ] GC(82)     Dead                           Min: 0, Avg:  0.0, Max: 0, Diff: 0, Sum: 0, Workers: 4
[1876.699s][debug][gc,phases      ] GC(82)     Total                          Min: 0, Avg:  0.0, Max: 0, Diff: 0, Sum: 0, Workers: 4
[1876.699s][debug][gc,phases      ] GC(82)   StringDedup Requests1 Weak     Min:  0.0, Avg:  0.0, Max:  0.0, Diff:  0.0, Sum:  0.0, Workers: 4
[1876.699s][debug][gc,phases      ] GC(82)     Dead                           Min: 0, Avg:  0.0, Max: 0, Diff: 0, Sum: 0, Workers: 4
[1876.699s][debug][gc,phases      ] GC(82)     Total                          Min: 0, Avg:  0.0, Max: 0, Diff: 0, Sum: 0, Workers: 4
[1876.699s][debug][gc,phases      ] GC(82)   Weak JFR Old Object Samples    Min:  0.0, Avg:  0.0, Max:  0.0, Diff:  0.0, Sum:  0.0, Workers: 4
[1876.699s][debug][gc,phases      ] GC(82)     Dead                           Min: 0, Avg:  0.0, Max: 0, Diff: 0, Sum: 0, Workers: 4
[1876.699s][debug][gc,phases      ] GC(82)     Total                          Min: 0, Avg:  0.0, Max: 0, Diff: 0, Sum: 0, Workers: 4
[1876.699s][debug][gc,phases      ] GC(82) Weak Processing 0.465ms
[1876.699s][debug][gc,age         ] GC(82) Desired survivor size 53477376 bytes, new threshold 1 (max threshold 15)
[1876.699s][info ][gc,heap        ] GC(82) PSYoungGen: 2078992K(2080768K)->14816K(2082304K) Eden: 2067456K(2067456K)->0K(2067456K) From: 11536K(13312K)->14816K(14848K)
[1876.699s][info ][gc,heap        ] GC(82) ParOldGen: 288971K(328192K)->384862K(385024K)
[1876.699s][info ][gc,metaspace   ] GC(82) Metaspace: 106878K(108160K)->106878K(108160K) NonClass: 90804K(91520K)->90804K(91520K) Class: 16074K(16640K)->16074K(16640K)
[1876.699s][info ][gc             ] GC(82) Pause Young (GCLocker Initiated GC) 2312M->390M(2409M) 62.872ms
[1876.699s][info ][gc,cpu         ] GC(82) User=0.16s Sys=0.04s Real=0.06s
[1876.699s][info ][safepoint      ] Safepoint "ParallelGCSystemGC", Time since last: 658046 ns, Reaching safepoint: 78306 ns, Cleanup: 1600 ns, At safepoint: 62951841 ns, Total: 63031747 ns
[1877.699s][info ][safepoint      ] Safepoint "Cleanup", Time since last: 1000092861 ns, Reaching safepoint: 10901 ns, Cleanup: 28702 ns, At safepoint: 3000 ns, Total: 42603 ns
[1878.699s][info ][safepoint      ] Safepoint "Cleanup", Time since last: 1000122363 ns, Reaching safepoint: 7901 ns, Cleanup: 22002 ns, At safepoint: 2500 ns, Total: 32403 ns
[1879.700s][info ][safepoint      ] Safepoint "Cleanup", Time since last: 1000108462 ns, Reaching safepoint: 9600 ns, Cleanup: 22202 ns, At safepoint: 2900 ns, Total: 34702 ns
[1883.700s][info ][safepoint      ] Safepoint "Cleanup", Time since last: 4000347838 ns, Reaching safepoint: 8901 ns, Cleanup: 11600 ns, At safepoint: 2601 ns, Total: 23102 ns
[1885.700s][info ][safepoint      ] Safepoint "Cleanup", Time since last: 2000184256 ns, Reaching safepoint: 7401 ns, Cleanup: 11800 ns, At safepoint: 2901 ns, Total: 22102 ns
[1888.700s][info ][safepoint      ] Safepoint "Cleanup", Time since last: 3000277703 ns, Reaching safepoint: 9801 ns, Cleanup: 13701 ns, At safepoint: 2600 ns, Total: 26102 ns
[1890.376s][info ][safepoint      ] Safepoint "Cleanup", Time since last: 1675214979 ns, Reaching safepoint: 3600 ns, Cleanup: 19001 ns, At safepoint: 5300 ns, Total: 27901 ns
[1891.376s][info ][safepoint      ] Safepoint "Cleanup", Time since last: 1000114812 ns, Reaching safepoint: 80803 ns, Cleanup: 29601 ns, At safepoint: 7901 ns, Total: 118305 ns
[1893.379s][info ][safepoint      ] Safepoint "Cleanup", Time since last: 2000178372 ns, Reaching safepoint: 3182035 ns, Cleanup: 19201 ns, At safepoint: 8701 ns, Total: 3209937 ns
[1894.634s][info ][gc,start       ] GC(83) Pause Young (Allocation Failure)
[1894.679s][debug][gc,phases      ] GC(83) Scavenge 45.672ms
[1894.680s][debug][gc,ref         ] GC(83) ReferenceProcessor::execute queues: 1, RefProcThreadModel::Single, marks_oops_alive: false
[1894.680s][debug][gc,ref         ] GC(83) Skipped KeepAliveFinalRefsPhase of Reference Processing: no references
[1894.680s][debug][gc,ref         ] GC(83) ReferenceProcessor::execute queues: 1, RefProcThreadModel::Single, marks_oops_alive: false
[1894.680s][debug][gc,phases      ] GC(83) Reference Processing 0.139ms
[1894.680s][debug][gc,phases      ] GC(83)   VM Weak                        Min:  0.0, Avg:  0.0, Max:  0.0, Diff:  0.0, Sum:  0.0, Workers: 4
[1894.680s][debug][gc,phases      ] GC(83)     Dead                           Min: 0, Avg:  0.0, Max: 0, Diff: 0, Sum: 0, Workers: 4
[1894.680s][debug][gc,phases      ] GC(83)     Total                          Min: 0, Avg: 255.5, Max: 1022, Diff: 1022, Sum: 1022, Workers: 4
[1894.680s][debug][gc,phases      ] GC(83)   ObjectSynchronizer Weak        Min:  0.0, Avg:  0.0, Max:  0.0, Diff:  0.0, Sum:  0.0, Workers: 4
[1894.680s][debug][gc,phases      ] GC(83)     Dead                           Min: 0, Avg:  0.0, Max: 0, Diff: 0, Sum: 0, Workers: 4
[1894.680s][debug][gc,phases      ] GC(83)     Total                          Min: 0, Avg:  1.8, Max: 7, Diff: 7, Sum: 7, Workers: 4
[1894.680s][debug][gc,phases      ] GC(83)   JVMTI Tag Weak OopStorage      Min:  0.0, Avg:  0.0, Max:  0.0, Diff:  0.0, Sum:  0.0, Workers: 4
[1894.680s][debug][gc,phases      ] GC(83)     Dead                           Min: 0, Avg:  0.0, Max: 0, Diff: 0, Sum: 0, Workers: 4
[1894.680s][debug][gc,phases      ] GC(83)     Total                          Min: 0, Avg:  0.0, Max: 0, Diff: 0, Sum: 0, Workers: 4
[1894.680s][debug][gc,phases      ] GC(83)   StringTable Weak               Min:  0.0, Avg:  0.1, Max:  0.4, Diff:  0.4, Sum:  0.4, Workers: 4
[1894.680s][debug][gc,phases      ] GC(83)     Dead                           Min: 0, Avg:  0.5, Max: 2, Diff: 2, Sum: 2, Workers: 4
[1894.680s][debug][gc,phases      ] GC(83)     Total                          Min: 0, Avg: 11585.8, Max: 46343, Diff: 46343, Sum: 46343, Workers: 4
[1894.680s][debug][gc,phases      ] GC(83)   ResolvedMethodTable Weak       Min:  0.0, Avg:  0.0, Max:  0.2, Diff:  0.2, Sum:  0.2, Workers: 4
[1894.680s][debug][gc,phases      ] GC(83)     Dead                           Min: 0, Avg:  9.0, Max: 36, Diff: 36, Sum: 36, Workers: 4
[1894.680s][debug][gc,phases      ] GC(83)     Total                          Min: 0, Avg: 3845.5, Max: 15382, Diff: 15382, Sum: 15382, Workers: 4
[1894.680s][debug][gc,phases      ] GC(83)   JNI Weak                       Min:  0.0, Avg:  0.0, Max:  0.0, Diff:  0.0, Sum:  0.0, Workers: 4
[1894.680s][debug][gc,phases      ] GC(83)     Dead                           Min: 0, Avg:  0.0, Max: 0, Diff: 0, Sum: 0, Workers: 4
[1894.680s][debug][gc,phases      ] GC(83)     Total                          Min: 0, Avg: 13.0, Max: 52, Diff: 52, Sum: 52, Workers: 4
[1894.680s][debug][gc,phases      ] GC(83)   StringDedup Table Weak         Min:  0.0, Avg:  0.0, Max:  0.0, Diff:  0.0, Sum:  0.0, Workers: 4
[1894.680s][debug][gc,phases      ] GC(83)     Dead                           Min: 0, Avg:  0.0, Max: 0, Diff: 0, Sum: 0, Workers: 4
[1894.680s][debug][gc,phases      ] GC(83)     Total                          Min: 0, Avg:  0.0, Max: 0, Diff: 0, Sum: 0, Workers: 4
[1894.680s][debug][gc,phases      ] GC(83)   StringDedup Requests0 Weak     Min:  0.0, Avg:  0.0, Max:  0.0, Diff:  0.0, Sum:  0.0, Workers: 4
[1894.680s][debug][gc,phases      ] GC(83)     Dead                           Min: 0, Avg:  0.0, Max: 0, Diff: 0, Sum: 0, Workers: 4
[1894.680s][debug][gc,phases      ] GC(83)     Total                          Min: 0, Avg:  0.0, Max: 0, Diff: 0, Sum: 0, Workers: 4
[1894.680s][debug][gc,phases      ] GC(83)   StringDedup Requests1 Weak     Min:  0.0, Avg:  0.0, Max:  0.0, Diff:  0.0, Sum:  0.0, Workers: 4
[1894.680s][debug][gc,phases      ] GC(83)     Dead                           Min: 0, Avg:  0.0, Max: 0, Diff: 0, Sum: 0, Workers: 4
[1894.680s][debug][gc,phases      ] GC(83)     Total                          Min: 0, Avg:  0.0, Max: 0, Diff: 0, Sum: 0, Workers: 4
[1894.680s][debug][gc,phases      ] GC(83)   Weak JFR Old Object Samples    Min:  0.0, Avg:  0.0, Max:  0.0, Diff:  0.0, Sum:  0.0, Workers: 4
[1894.680s][debug][gc,phases      ] GC(83)     Dead                           Min: 0, Avg:  0.0, Max: 0, Diff: 0, Sum: 0, Workers: 4
[1894.680s][debug][gc,phases      ] GC(83)     Total                          Min: 0, Avg:  0.0, Max: 0, Diff: 0, Sum: 0, Workers: 4
[1894.680s][debug][gc,phases      ] GC(83) Weak Processing 0.846ms
[1894.680s][debug][gc,age         ] GC(83) Desired survivor size 54525952 bytes, new threshold 1 (max threshold 15)
[1894.680s][info ][gc,heap        ] GC(83) PSYoungGen: 2082272K(2082304K)->14832K(2005504K) Eden: 2067456K(2067456K)->0K(1990656K) From: 14816K(14848K)->14832K(14848K)
[1894.680s][info ][gc,heap        ] GC(83) ParOldGen: 384864K(385024K)->399669K(399872K)
[1894.680s][info ][gc,metaspace   ] GC(83) Metaspace: 106956K(108288K)->106956K(108288K) NonClass: 90866K(91648K)->90866K(91648K) Class: 16090K(16640K)->16090K(16640K)
[1894.681s][info ][gc             ] GC(83) Pause Young (Allocation Failure) 2409M->404M(2349M) 46.791ms
[1894.681s][info ][gc,cpu         ] GC(83) User=0.07s Sys=0.00s Real=0.05s
[1894.681s][info ][safepoint      ] Safepoint "ParallelGCFailedAllocation", Time since last: 1254282307 ns, Reaching safepoint: 82406 ns, Cleanup: 4500 ns, At safepoint: 46888651 ns, Total: 46975557 ns
[1895.681s][info ][safepoint      ] Safepoint "Cleanup", Time since last: 1000090801 ns, Reaching safepoint: 93107 ns, Cleanup: 13801 ns, At safepoint: 25601 ns, Total: 132509 ns
[1896.681s][info ][safepoint      ] Safepoint "Cleanup", Time since last: 1000111402 ns, Reaching safepoint: 78806 ns, Cleanup: 18402 ns, At safepoint: 7800 ns, Total: 105008 ns
[1897.681s][info ][safepoint      ] Safepoint "Cleanup", Time since last: 1000115679 ns, Reaching safepoint: 80106 ns, Cleanup: 14701 ns, At safepoint: 5601 ns, Total: 100408 ns
[1898.681s][info ][safepoint      ] Safepoint "Cleanup", Time since last: 1000109682 ns, Reaching safepoint: 81506 ns, Cleanup: 12301 ns, At safepoint: 5300 ns, Total: 99107 ns
[1899.682s][info ][safepoint      ] Safepoint "Cleanup", Time since last: 1000105882 ns, Reaching safepoint: 9600 ns, Cleanup: 6301 ns, At safepoint: 2700 ns, Total: 18601 ns
[1900.481s][info ][safepoint      ] Safepoint "ICBufferFull", Time since last: 799477621 ns, Reaching safepoint: 6601 ns, Cleanup: 126409 ns, At safepoint: 12901 ns, Total: 145911 ns
[1900.624s][info ][safepoint      ] Safepoint "ICBufferFull", Time since last: 143121887 ns, Reaching safepoint: 15501 ns, Cleanup: 148311 ns, At safepoint: 2700 ns, Total: 166512 ns
[1900.954s][info ][safepoint      ] Safepoint "ICBufferFull", Time since last: 329799635 ns, Reaching safepoint: 6200 ns, Cleanup: 152711 ns, At safepoint: 9601 ns, Total: 168512 ns
[1901.285s][info ][safepoint      ] Safepoint "ICBufferFull", Time since last: 330340774 ns, Reaching safepoint: 6000 ns, Cleanup: 128010 ns, At safepoint: 4600 ns, Total: 138610 ns
[1901.571s][info ][safepoint      ] Safepoint "ICBufferFull", Time since last: 286355882 ns, Reaching safepoint: 7601 ns, Cleanup: 154511 ns, At safepoint: 7100 ns, Total: 169212 ns
[1901.572s][info ][safepoint      ] Safepoint "ICBufferFull", Time since last: 564741 ns, Reaching safepoint: 148611 ns, Cleanup: 4100 ns, At safepoint: 13901 ns, Total: 166612 ns
[1901.848s][info ][safepoint      ] Safepoint "ICBufferFull", Time since last: 276049434 ns, Reaching safepoint: 7401 ns, Cleanup: 156211 ns, At safepoint: 6201 ns, Total: 169813 ns
[1902.849s][info ][safepoint      ] Safepoint "Cleanup", Time since last: 1000303896 ns, Reaching safepoint: 176112 ns, Cleanup: 197215 ns, At safepoint: 13701 ns, Total: 387028 ns
[1903.849s][info ][safepoint      ] Safepoint "Cleanup", Time since last: 1000161785 ns, Reaching safepoint: 85307 ns, Cleanup: 80005 ns, At safepoint: 8401 ns, Total: 173713 ns
[1904.850s][info ][safepoint      ] Safepoint "Cleanup", Time since last: 1000128283 ns, Reaching safepoint: 9601 ns, Cleanup: 84506 ns, At safepoint: 10001 ns, Total: 104108 ns
[1905.850s][info ][safepoint      ] Safepoint "Cleanup", Time since last: 1000122240 ns, Reaching safepoint: 7801 ns, Cleanup: 44303 ns, At safepoint: 2700 ns, Total: 54804 ns
[1906.162s][info ][gc,start       ] GC(84) Pause Young (Allocation Failure)
[1906.281s][debug][gc,phases      ] GC(84) Scavenge 118.494ms
[1906.281s][debug][gc,ref         ] GC(84) ReferenceProcessor::execute queues: 2, RefProcThreadModel::Multi, marks_oops_alive: false
[1906.281s][debug][gc,ref         ] GC(84) Skipped KeepAliveFinalRefsPhase of Reference Processing: no references
[1906.281s][debug][gc,ref         ] GC(84) ReferenceProcessor::execute queues: 1, RefProcThreadModel::Single, marks_oops_alive: false
[1906.281s][debug][gc,phases      ] GC(84) Reference Processing 0.240ms
[1906.281s][debug][gc,phases      ] GC(84)   VM Weak                        Min:  0.0, Avg:  0.0, Max:  0.0, Diff:  0.0, Sum:  0.0, Workers: 4
[1906.281s][debug][gc,phases      ] GC(84)     Dead                           Min: 0, Avg:  0.0, Max: 0, Diff: 0, Sum: 0, Workers: 4
[1906.281s][debug][gc,phases      ] GC(84)     Total                          Min: 0, Avg: 263.0, Max: 704, Diff: 704, Sum: 1052, Workers: 4
[1906.281s][debug][gc,phases      ] GC(84)   ObjectSynchronizer Weak        Min:  0.0, Avg:  0.0, Max:  0.0, Diff:  0.0, Sum:  0.0, Workers: 4
[1906.281s][debug][gc,phases      ] GC(84)     Dead                           Min: 0, Avg:  4.2, Max: 17, Diff: 17, Sum: 17, Workers: 4
[1906.281s][debug][gc,phases      ] GC(84)     Total                          Min: 0, Avg: 13.0, Max: 52, Diff: 52, Sum: 52, Workers: 4
[1906.281s][debug][gc,phases      ] GC(84)   JVMTI Tag Weak OopStorage      Min:  0.0, Avg:  0.0, Max:  0.0, Diff:  0.0, Sum:  0.0, Workers: 4
[1906.281s][debug][gc,phases      ] GC(84)     Dead                           Min: 0, Avg:  0.0, Max: 0, Diff: 0, Sum: 0, Workers: 4
[1906.281s][debug][gc,phases      ] GC(84)     Total                          Min: 0, Avg:  0.0, Max: 0, Diff: 0, Sum: 0, Workers: 4
[1906.281s][debug][gc,phases      ] GC(84)   StringTable Weak               Min:  0.0, Avg:  0.1, Max:  0.2, Diff:  0.2, Sum:  0.5, Workers: 4
[1906.281s][debug][gc,phases      ] GC(84)     Dead                           Min: 0, Avg:  1.5, Max: 6, Diff: 6, Sum: 6, Workers: 4
[1906.281s][debug][gc,phases      ] GC(84)     Total                          Min: 0, Avg: 11812.5, Max: 16640, Diff: 16640, Sum: 47250, Workers: 4
[1906.281s][debug][gc,phases      ] GC(84)   ResolvedMethodTable Weak       Min:  0.0, Avg:  0.1, Max:  0.1, Diff:  0.1, Sum:  0.2, Workers: 4
[1906.281s][debug][gc,phases      ] GC(84)     Dead                           Min: 0, Avg: 62.8, Max: 95, Diff: 95, Sum: 251, Workers: 4
[1906.281s][debug][gc,phases      ] GC(84)     Total                          Min: 0, Avg: 4084.2, Max: 6347, Diff: 6347, Sum: 16337, Workers: 4
[1906.281s][debug][gc,phases      ] GC(84)   JNI Weak                       Min:  0.0, Avg:  0.0, Max:  0.0, Diff:  0.0, Sum:  0.0, Workers: 4
[1906.281s][debug][gc,phases      ] GC(84)     Dead                           Min: 0, Avg:  0.0, Max: 0, Diff: 0, Sum: 0, Workers: 4
[1906.281s][debug][gc,phases      ] GC(84)     Total                          Min: 0, Avg: 13.0, Max: 48, Diff: 48, Sum: 52, Workers: 4
[1906.281s][debug][gc,phases      ] GC(84)   StringDedup Table Weak         Min:  0.0, Avg:  0.0, Max:  0.0, Diff:  0.0, Sum:  0.0, Workers: 4
[1906.281s][debug][gc,phases      ] GC(84)     Dead                           Min: 0, Avg:  0.0, Max: 0, Diff: 0, Sum: 0, Workers: 4
[1906.281s][debug][gc,phases      ] GC(84)     Total                          Min: 0, Avg:  0.0, Max: 0, Diff: 0, Sum: 0, Workers: 4
[1906.281s][debug][gc,phases      ] GC(84)   StringDedup Requests0 Weak     Min:  0.0, Avg:  0.0, Max:  0.0, Diff:  0.0, Sum:  0.0, Workers: 4
[1906.281s][debug][gc,phases      ] GC(84)     Dead                           Min: 0, Avg:  0.0, Max: 0, Diff: 0, Sum: 0, Workers: 4
[1906.281s][debug][gc,phases      ] GC(84)     Total                          Min: 0, Avg:  0.0, Max: 0, Diff: 0, Sum: 0, Workers: 4
[1906.281s][debug][gc,phases      ] GC(84)   StringDedup Requests1 Weak     Min:  0.0, Avg:  0.0, Max:  0.0, Diff:  0.0, Sum:  0.0, Workers: 4
[1906.281s][debug][gc,phases      ] GC(84)     Dead                           Min: 0, Avg:  0.0, Max: 0, Diff: 0, Sum: 0, Workers: 4
[1906.281s][debug][gc,phases      ] GC(84)     Total                          Min: 0, Avg:  0.0, Max: 0, Diff: 0, Sum: 0, Workers: 4
[1906.281s][debug][gc,phases      ] GC(84)   Weak JFR Old Object Samples    Min:  0.0, Avg:  0.0, Max:  0.0, Diff:  0.0, Sum:  0.0, Workers: 4
[1906.281s][debug][gc,phases      ] GC(84)     Dead                           Min: 0, Avg:  0.0, Max: 0, Diff: 0, Sum: 0, Workers: 4
[1906.281s][debug][gc,phases      ] GC(84)     Total                          Min: 0, Avg:  0.0, Max: 0, Diff: 0, Sum: 0, Workers: 4
[1906.281s][debug][gc,phases      ] GC(84) Weak Processing 0.479ms
[1906.281s][debug][gc,age         ] GC(84) Desired survivor size 102760448 bytes, new threshold 1 (max threshold 15)
[1906.281s][info ][gc,heap        ] GC(84) PSYoungGen: 2005488K(2005504K)->53216K(2043904K) Eden: 1990656K(1990656K)->0K(1990656K) From: 14832K(14848K)->53216K(53248K)
[1906.282s][info ][gc,heap        ] GC(84) ParOldGen: 399669K(399872K)->501646K(501760K)
[1906.282s][info ][gc,metaspace   ] GC(84) Metaspace: 109143K(110464K)->109143K(110464K) NonClass: 92614K(93376K)->92614K(93376K) Class: 16529K(17088K)->16529K(17088K)
[1906.282s][info ][gc             ] GC(84) Pause Young (Allocation Failure) 2348M->541M(2486M) 119.364ms
[1906.282s][info ][gc,cpu         ] GC(84) User=0.36s Sys=0.08s Real=0.12s
[1906.282s][info ][safepoint      ] Safepoint "ParallelGCFailedAllocation", Time since last: 312266264 ns, Reaching safepoint: 8301 ns, Cleanup: 16101 ns, At safepoint: 119446731 ns, Total: 119471133 ns
[1907.282s][info ][safepoint      ] Safepoint "Cleanup", Time since last: 1000080864 ns, Reaching safepoint: 6101 ns, Cleanup: 27902 ns, At safepoint: 2500 ns, Total: 36503 ns
[1908.282s][info ][safepoint      ] Safepoint "Cleanup", Time since last: 1000117667 ns, Reaching safepoint: 7001 ns, Cleanup: 15901 ns, At safepoint: 2200 ns, Total: 25102 ns
[1909.282s][info ][safepoint      ] Safepoint "Cleanup", Time since last: 1000121968 ns, Reaching safepoint: 6800 ns, Cleanup: 17901 ns, At safepoint: 2201 ns, Total: 26902 ns
[1910.282s][info ][safepoint      ] Safepoint "Cleanup", Time since last: 1000118867 ns, Reaching safepoint: 7300 ns, Cleanup: 17202 ns, At safepoint: 2400 ns, Total: 26902 ns
[1911.282s][info ][safepoint      ] Safepoint "Cleanup", Time since last: 1000118367 ns, Reaching safepoint: 9001 ns, Cleanup: 32202 ns, At safepoint: 2500 ns, Total: 43703 ns
[1913.283s][info ][safepoint      ] Safepoint "Cleanup", Time since last: 2000213992 ns, Reaching safepoint: 7201 ns, Cleanup: 24101 ns, At safepoint: 2400 ns, Total: 33702 ns
[1914.283s][info ][safepoint      ] Safepoint "Cleanup", Time since last: 1000122521 ns, Reaching safepoint: 7700 ns, Cleanup: 23702 ns, At safepoint: 2600 ns, Total: 34002 ns
[1915.283s][info ][safepoint      ] Safepoint "Cleanup", Time since last: 1000136921 ns, Reaching safepoint: 7201 ns, Cleanup: 12401 ns, At safepoint: 2000 ns, Total: 21602 ns
[1916.283s][info ][safepoint      ] Safepoint "Cleanup", Time since last: 1000111519 ns, Reaching safepoint: 7901 ns, Cleanup: 16801 ns, At safepoint: 3000 ns, Total: 27702 ns
[1917.283s][info ][safepoint      ] Safepoint "Cleanup", Time since last: 1000129821 ns, Reaching safepoint: 11201 ns, Cleanup: 22401 ns, At safepoint: 3101 ns, Total: 36703 ns
[1918.283s][info ][safepoint      ] Safepoint "Cleanup", Time since last: 1000129020 ns, Reaching safepoint: 7701 ns, Cleanup: 27302 ns, At safepoint: 2800 ns, Total: 37803 ns
[1919.283s][info ][safepoint      ] Safepoint "Cleanup", Time since last: 1000113320 ns, Reaching safepoint: 7100 ns, Cleanup: 10101 ns, At safepoint: 2500 ns, Total: 19701 ns
[1920.284s][info ][safepoint      ] Safepoint "Cleanup", Time since last: 1000113920 ns, Reaching safepoint: 7900 ns, Cleanup: 8601 ns, At safepoint: 2500 ns, Total: 19001 ns
[1921.637s][info ][safepoint      ] Safepoint "Cleanup", Time since last: 1353845801 ns, Reaching safepoint: 10201 ns, Cleanup: 17501 ns, At safepoint: 3100 ns, Total: 30802 ns
[1922.638s][info ][safepoint      ] Safepoint "Cleanup", Time since last: 1000146095 ns, Reaching safepoint: 10601 ns, Cleanup: 17301 ns, At safepoint: 2701 ns, Total: 30603 ns
[1923.638s][info ][safepoint      ] Safepoint "Cleanup", Time since last: 1000130494 ns, Reaching safepoint: 8800 ns, Cleanup: 17001 ns, At safepoint: 2801 ns, Total: 28602 ns
[1924.638s][info ][safepoint      ] Safepoint "Cleanup", Time since last: 1000117793 ns, Reaching safepoint: 8000 ns, Cleanup: 14801 ns, At safepoint: 2900 ns, Total: 25701 ns
[1925.638s][info ][safepoint      ] Safepoint "Cleanup", Time since last: 1000116393 ns, Reaching safepoint: 7601 ns, Cleanup: 10401 ns, At safepoint: 2600 ns, Total: 20602 ns
[1926.638s][info ][safepoint      ] Safepoint "Cleanup", Time since last: 1000139894 ns, Reaching safepoint: 7701 ns, Cleanup: 10301 ns, At safepoint: 27802 ns, Total: 45804 ns
[1927.638s][info ][safepoint      ] Safepoint "Cleanup", Time since last: 1000105792 ns, Reaching safepoint: 9200 ns, Cleanup: 11301 ns, At safepoint: 2700 ns, Total: 23201 ns
[1928.639s][info ][safepoint      ] Safepoint "Cleanup", Time since last: 1000126494 ns, Reaching safepoint: 9401 ns, Cleanup: 18201 ns, At safepoint: 3300 ns, Total: 30902 ns
[1930.639s][info ][safepoint      ] Safepoint "Cleanup", Time since last: 2000224284 ns, Reaching safepoint: 11100 ns, Cleanup: 16002 ns, At safepoint: 3600 ns, Total: 30702 ns
[1931.639s][info ][safepoint      ] Safepoint "Cleanup", Time since last: 1000143453 ns, Reaching safepoint: 12101 ns, Cleanup: 17301 ns, At safepoint: 3101 ns, Total: 32503 ns
[1932.639s][info ][safepoint      ] Safepoint "Cleanup", Time since last: 1000138353 ns, Reaching safepoint: 10700 ns, Cleanup: 18802 ns, At safepoint: 3400 ns, Total: 32902 ns
[1933.639s][info ][safepoint      ] Safepoint "Cleanup", Time since last: 1000126852 ns, Reaching safepoint: 8101 ns, Cleanup: 10901 ns, At safepoint: 3400 ns, Total: 22402 ns
[1934.639s][info ][safepoint      ] Safepoint "Cleanup", Time since last: 1000118452 ns, Reaching safepoint: 7000 ns, Cleanup: 13901 ns, At safepoint: 2800 ns, Total: 23701 ns
[1935.640s][info ][safepoint      ] Safepoint "Cleanup", Time since last: 1000115252 ns, Reaching safepoint: 8700 ns, Cleanup: 13501 ns, At safepoint: 2501 ns, Total: 24702 ns
[1936.640s][info ][safepoint      ] Safepoint "Cleanup", Time since last: 1000066448 ns, Reaching safepoint: 8000 ns, Cleanup: 10401 ns, At safepoint: 2300 ns, Total: 20701 ns
[1937.640s][info ][safepoint      ] Safepoint "Cleanup", Time since last: 1000117264 ns, Reaching safepoint: 7500 ns, Cleanup: 24302 ns, At safepoint: 2900 ns, Total: 34702 ns
[1938.640s][info ][safepoint      ] Safepoint "Cleanup", Time since last: 1000114736 ns, Reaching safepoint: 6901 ns, Cleanup: 10801 ns, At safepoint: 2600 ns, Total: 20302 ns
[1939.643s][info ][safepoint      ] Safepoint "Cleanup", Time since last: 1000103935 ns, Reaching safepoint: 3176929 ns, Cleanup: 14901 ns, At safepoint: 18401 ns, Total: 3210231 ns
[1940.644s][info ][safepoint      ] Safepoint "Cleanup", Time since last: 1000122237 ns, Reaching safepoint: 82906 ns, Cleanup: 129409 ns, At safepoint: 9901 ns, Total: 222216 ns
[1941.061s][info ][safepoint      ] Safepoint "ParallelGCFailedAllocation", Time since last: 417381379 ns, Reaching safepoint: 84507 ns, Cleanup: 18901 ns, At safepoint: 8800 ns, Total: 112208 ns
[1941.062s][info ][gc,start       ] GC(85) Pause Young (GCLocker Initiated GC)
[1941.146s][debug][gc,phases      ] GC(85) Scavenge 83.928ms
[1941.146s][debug][gc,ref         ] GC(85) ReferenceProcessor::execute queues: 1, RefProcThreadModel::Single, marks_oops_alive: false
[1941.146s][debug][gc,ref         ] GC(85) Skipped KeepAliveFinalRefsPhase of Reference Processing: no references
[1941.146s][debug][gc,ref         ] GC(85) ReferenceProcessor::execute queues: 1, RefProcThreadModel::Single, marks_oops_alive: false
[1941.146s][debug][gc,phases      ] GC(85) Reference Processing 0.119ms
[1941.146s][debug][gc,phases      ] GC(85)   VM Weak                        Min:  0.0, Avg:  0.0, Max:  0.0, Diff:  0.0, Sum:  0.0, Workers: 4
[1941.146s][debug][gc,phases      ] GC(85)     Dead                           Min: 0, Avg:  0.0, Max: 0, Diff: 0, Sum: 0, Workers: 4
[1941.146s][debug][gc,phases      ] GC(85)     Total                          Min: 0, Avg: 263.2, Max: 512, Diff: 512, Sum: 1053, Workers: 4
[1941.146s][debug][gc,phases      ] GC(85)   ObjectSynchronizer Weak        Min:  0.0, Avg:  0.0, Max:  0.0, Diff:  0.0, Sum:  0.0, Workers: 4
[1941.146s][debug][gc,phases      ] GC(85)     Dead                           Min: 0, Avg:  0.0, Max: 0, Diff: 0, Sum: 0, Workers: 4
[1941.146s][debug][gc,phases      ] GC(85)     Total                          Min: 0, Avg:  1.2, Max: 5, Diff: 5, Sum: 5, Workers: 4
[1941.146s][debug][gc,phases      ] GC(85)   JVMTI Tag Weak OopStorage      Min:  0.0, Avg:  0.0, Max:  0.0, Diff:  0.0, Sum:  0.0, Workers: 4
[1941.146s][debug][gc,phases      ] GC(85)     Dead                           Min: 0, Avg:  0.0, Max: 0, Diff: 0, Sum: 0, Workers: 4
[1941.146s][debug][gc,phases      ] GC(85)     Total                          Min: 0, Avg:  0.0, Max: 0, Diff: 0, Sum: 0, Workers: 4
[1941.146s][debug][gc,phases      ] GC(85)   StringTable Weak               Min:  0.1, Avg:  0.1, Max:  0.1, Diff:  0.0, Sum:  0.5, Workers: 4
[1941.146s][debug][gc,phases      ] GC(85)     Dead                           Min: 0, Avg:  0.2, Max: 1, Diff: 1, Sum: 1, Workers: 4
[1941.146s][debug][gc,phases      ] GC(85)     Total                          Min: 11072, Avg: 11818.8, Max: 12268, Diff: 1196, Sum: 47275, Workers: 4
[1941.146s][debug][gc,phases      ] GC(85)   ResolvedMethodTable Weak       Min:  0.1, Avg:  0.1, Max:  0.1, Diff:  0.0, Sum:  0.2, Workers: 4
[1941.146s][debug][gc,phases      ] GC(85)     Dead                           Min: 0, Avg:  4.5, Max: 13, Diff: 13, Sum: 18, Workers: 4
[1941.146s][debug][gc,phases      ] GC(85)     Total                          Min: 3924, Avg: 4088.2, Max: 4273, Diff: 349, Sum: 16353, Workers: 4
[1941.146s][debug][gc,phases      ] GC(85)   JNI Weak                       Min:  0.0, Avg:  0.0, Max:  0.0, Diff:  0.0, Sum:  0.0, Workers: 4
[1941.146s][debug][gc,phases      ] GC(85)     Dead                           Min: 0, Avg:  0.0, Max: 0, Diff: 0, Sum: 0, Workers: 4
[1941.146s][debug][gc,phases      ] GC(85)     Total                          Min: 0, Avg: 13.8, Max: 48, Diff: 48, Sum: 55, Workers: 4
[1941.146s][debug][gc,phases      ] GC(85)   StringDedup Table Weak         Min:  0.0, Avg:  0.0, Max:  0.0, Diff:  0.0, Sum:  0.0, Workers: 4
[1941.146s][debug][gc,phases      ] GC(85)     Dead                           Min: 0, Avg:  0.0, Max: 0, Diff: 0, Sum: 0, Workers: 4
[1941.146s][debug][gc,phases      ] GC(85)     Total                          Min: 0, Avg:  0.0, Max: 0, Diff: 0, Sum: 0, Workers: 4
[1941.146s][debug][gc,phases      ] GC(85)   StringDedup Requests0 Weak     Min:  0.0, Avg:  0.0, Max:  0.0, Diff:  0.0, Sum:  0.0, Workers: 4
[1941.146s][debug][gc,phases      ] GC(85)     Dead                           Min: 0, Avg:  0.0, Max: 0, Diff: 0, Sum: 0, Workers: 4
[1941.146s][debug][gc,phases      ] GC(85)     Total                          Min: 0, Avg:  0.0, Max: 0, Diff: 0, Sum: 0, Workers: 4
[1941.146s][debug][gc,phases      ] GC(85)   StringDedup Requests1 Weak     Min:  0.0, Avg:  0.0, Max:  0.0, Diff:  0.0, Sum:  0.0, Workers: 4
[1941.146s][debug][gc,phases      ] GC(85)     Dead                           Min: 0, Avg:  0.0, Max: 0, Diff: 0, Sum: 0, Workers: 4
[1941.146s][debug][gc,phases      ] GC(85)     Total                          Min: 0, Avg:  0.0, Max: 0, Diff: 0, Sum: 0, Workers: 4
[1941.146s][debug][gc,phases      ] GC(85)   Weak JFR Old Object Samples    Min:  0.0, Avg:  0.0, Max:  0.0, Diff:  0.0, Sum:  0.0, Workers: 4
[1941.146s][debug][gc,phases      ] GC(85)     Dead                           Min: 0, Avg:  0.0, Max: 0, Diff: 0, Sum: 0, Workers: 4
[1941.146s][debug][gc,phases      ] GC(85)     Total                          Min: 0, Avg:  0.0, Max: 0, Diff: 0, Sum: 0, Workers: 4
[1941.146s][debug][gc,phases      ] GC(85) Weak Processing 0.415ms
[1941.146s][debug][gc,age         ] GC(85) Desired survivor size 133169152 bytes, new threshold 1 (max threshold 15)
[1941.146s][info ][gc,heap        ] GC(85) PSYoungGen: 2043872K(2043904K)->53232K(1890304K) Eden: 1990656K(1990656K)->0K(1837056K) From: 53216K(53248K)->53232K(53248K)
[1941.146s][info ][gc,heap        ] GC(85) ParOldGen: 501657K(501760K)->578758K(579072K)
[1941.146s][info ][gc,metaspace   ] GC(85) Metaspace: 109278K(110656K)->109278K(110656K) NonClass: 92744K(93504K)->92744K(93504K) Class: 16534K(17152K)->16534K(17152K)
[1941.146s][info ][gc             ] GC(85) Pause Young (GCLocker Initiated GC) 2485M->617M(2411M) 84.597ms
[1941.146s][info ][gc,cpu         ] GC(85) User=0.25s Sys=0.05s Real=0.09s
[1941.146s][info ][safepoint      ] Safepoint "ParallelGCSystemGC", Time since last: 485035 ns, Reaching safepoint: 76206 ns, Cleanup: 1100 ns, At safepoint: 84700484 ns, Total: 84777790 ns
[1942.147s][info ][safepoint      ] Safepoint "Cleanup", Time since last: 1000084434 ns, Reaching safepoint: 9201 ns, Cleanup: 31002 ns, At safepoint: 2800 ns, Total: 43003 ns
[1943.147s][info ][safepoint      ] Safepoint "Cleanup", Time since last: 1000106936 ns, Reaching safepoint: 8400 ns, Cleanup: 22402 ns, At safepoint: 2700 ns, Total: 33502 ns
[1944.147s][info ][safepoint      ] Safepoint "Cleanup", Time since last: 1000113236 ns, Reaching safepoint: 9101 ns, Cleanup: 11601 ns, At safepoint: 2500 ns, Total: 23202 ns
[1947.147s][info ][safepoint      ] Safepoint "Cleanup", Time since last: 3000267148 ns, Reaching safepoint: 7901 ns, Cleanup: 14401 ns, At safepoint: 2400 ns, Total: 24702 ns
[1952.148s][info ][safepoint      ] Safepoint "Cleanup", Time since last: 5000410885 ns, Reaching safepoint: 8001 ns, Cleanup: 23702 ns, At safepoint: 3000 ns, Total: 34703 ns
[1952.512s][info ][gc,start       ] GC(86) Pause Young (Allocation Failure)
[1952.552s][debug][gc,phases      ] GC(86) Scavenge 39.817ms
[1952.552s][debug][gc,ref         ] GC(86) Skipped SoftWeakFinalRefsPhase of Reference Processing: no references
[1952.552s][debug][gc,ref         ] GC(86) Skipped KeepAliveFinalRefsPhase of Reference Processing: no references
[1952.552s][debug][gc,ref         ] GC(86) Skipped PhantomRefsPhase of Reference Processing: no references
[1952.552s][debug][gc,phases      ] GC(86) Reference Processing 0.031ms
[1952.553s][debug][gc,phases      ] GC(86)   VM Weak                        Min:  0.0, Avg:  0.0, Max:  0.0, Diff:  0.0, Sum:  0.0, Workers: 4
[1952.553s][debug][gc,phases      ] GC(86)     Dead                           Min: 0, Avg:  0.0, Max: 0, Diff: 0, Sum: 0, Workers: 4
[1952.553s][debug][gc,phases      ] GC(86)     Total                          Min: 0, Avg: 263.2, Max: 960, Diff: 960, Sum: 1053, Workers: 4
[1952.553s][debug][gc,phases      ] GC(86)   ObjectSynchronizer Weak        Min:  0.0, Avg:  0.0, Max:  0.0, Diff:  0.0, Sum:  0.0, Workers: 4
[1952.553s][debug][gc,phases      ] GC(86)     Dead                           Min: 0, Avg:  0.0, Max: 0, Diff: 0, Sum: 0, Workers: 4
[1952.553s][debug][gc,phases      ] GC(86)     Total                          Min: 0, Avg:  1.2, Max: 5, Diff: 5, Sum: 5, Workers: 4
[1952.553s][debug][gc,phases      ] GC(86)   JVMTI Tag Weak OopStorage      Min:  0.0, Avg:  0.0, Max:  0.0, Diff:  0.0, Sum:  0.0, Workers: 4
[1952.553s][debug][gc,phases      ] GC(86)     Dead                           Min: 0, Avg:  0.0, Max: 0, Diff: 0, Sum: 0, Workers: 4
[1952.553s][debug][gc,phases      ] GC(86)     Total                          Min: 0, Avg:  0.0, Max: 0, Diff: 0, Sum: 0, Workers: 4
[1952.553s][debug][gc,phases      ] GC(86)   StringTable Weak               Min:  0.0, Avg:  0.1, Max:  0.2, Diff:  0.2, Sum:  0.5, Workers: 4
[1952.553s][debug][gc,phases      ] GC(86)     Dead                           Min: 0, Avg:  0.0, Max: 0, Diff: 0, Sum: 0, Workers: 4
[1952.553s][debug][gc,phases      ] GC(86)     Total                          Min: 0, Avg: 11819.2, Max: 24045, Diff: 24045, Sum: 47277, Workers: 4
[1952.553s][debug][gc,phases      ] GC(86)   ResolvedMethodTable Weak       Min:  0.0, Avg:  0.0, Max:  0.1, Diff:  0.1, Sum:  0.2, Workers: 4
[1952.553s][debug][gc,phases      ] GC(86)     Dead                           Min: 0, Avg:  0.0, Max: 0, Diff: 0, Sum: 0, Workers: 4
[1952.553s][debug][gc,phases      ] GC(86)     Total                          Min: 0, Avg: 4088.2, Max: 8654, Diff: 8654, Sum: 16353, Workers: 4
[1952.553s][debug][gc,phases      ] GC(86)   JNI Weak                       Min:  0.0, Avg:  0.0, Max:  0.0, Diff:  0.0, Sum:  0.0, Workers: 4
[1952.553s][debug][gc,phases      ] GC(86)     Dead                           Min: 0, Avg:  0.0, Max: 0, Diff: 0, Sum: 0, Workers: 4
[1952.553s][debug][gc,phases      ] GC(86)     Total                          Min: 0, Avg: 13.0, Max: 48, Diff: 48, Sum: 52, Workers: 4
[1952.553s][debug][gc,phases      ] GC(86)   StringDedup Table Weak         Min:  0.0, Avg:  0.0, Max:  0.0, Diff:  0.0, Sum:  0.0, Workers: 4
[1952.553s][debug][gc,phases      ] GC(86)     Dead                           Min: 0, Avg:  0.0, Max: 0, Diff: 0, Sum: 0, Workers: 4
[1952.553s][debug][gc,phases      ] GC(86)     Total                          Min: 0, Avg:  0.0, Max: 0, Diff: 0, Sum: 0, Workers: 4
[1952.553s][debug][gc,phases      ] GC(86)   StringDedup Requests0 Weak     Min:  0.0, Avg:  0.0, Max:  0.0, Diff:  0.0, Sum:  0.0, Workers: 4
[1952.553s][debug][gc,phases      ] GC(86)     Dead                           Min: 0, Avg:  0.0, Max: 0, Diff: 0, Sum: 0, Workers: 4
[1952.553s][debug][gc,phases      ] GC(86)     Total                          Min: 0, Avg:  0.0, Max: 0, Diff: 0, Sum: 0, Workers: 4
[1952.553s][debug][gc,phases      ] GC(86)   StringDedup Requests1 Weak     Min:  0.0, Avg:  0.0, Max:  0.0, Diff:  0.0, Sum:  0.0, Workers: 4
[1952.553s][debug][gc,phases      ] GC(86)     Dead                           Min: 0, Avg:  0.0, Max: 0, Diff: 0, Sum: 0, Workers: 4
[1952.553s][debug][gc,phases      ] GC(86)     Total                          Min: 0, Avg:  0.0, Max: 0, Diff: 0, Sum: 0, Workers: 4
[1952.553s][debug][gc,phases      ] GC(86)   Weak JFR Old Object Samples    Min:  0.0, Avg:  0.0, Max:  0.0, Diff:  0.0, Sum:  0.0, Workers: 4
[1952.553s][debug][gc,phases      ] GC(86)     Dead                           Min: 0, Avg:  0.0, Max: 0, Diff: 0, Sum: 0, Workers: 4
[1952.553s][debug][gc,phases      ] GC(86)     Total                          Min: 0, Avg:  0.0, Max: 0, Diff: 0, Sum: 0, Workers: 4
[1952.553s][debug][gc,phases      ] GC(86) Weak Processing 0.636ms
[1952.553s][debug][gc,age         ] GC(86) Desired survivor size 126877696 bytes, new threshold 1 (max threshold 15)
[1952.553s][info ][gc,heap        ] GC(86) PSYoungGen: 1890288K(1890304K)->26896K(1967104K) Eden: 1837056K(1837056K)->0K(1837056K) From: 53232K(53248K)->26896K(130048K)
[1952.553s][info ][gc,heap        ] GC(86) ParOldGen: 578759K(579072K)->630901K(631296K)
[1952.553s][info ][gc,metaspace   ] GC(86) Metaspace: 109280K(110656K)->109280K(110656K) NonClass: 92746K(93504K)->92746K(93504K) Class: 16534K(17152K)->16534K(17152K)
[1952.553s][info ][gc             ] GC(86) Pause Young (Allocation Failure) 2411M->642M(2537M) 40.643ms
[1952.553s][info ][gc,cpu         ] GC(86) User=0.11s Sys=0.04s Real=0.04s
[1952.553s][info ][safepoint      ] Safepoint "ParallelGCFailedAllocation", Time since last: 364851578 ns, Reaching safepoint: 7201 ns, Cleanup: 4500 ns, At safepoint: 40727423 ns, Total: 40739124 ns
[1954.553s][info ][safepoint      ] Safepoint "Cleanup", Time since last: 2000156633 ns, Reaching safepoint: 7900 ns, Cleanup: 14401 ns, At safepoint: 2501 ns, Total: 24802 ns
[1955.553s][info ][safepoint      ] Safepoint "Cleanup", Time since last: 1000113120 ns, Reaching safepoint: 78006 ns, Cleanup: 13301 ns, At safepoint: 5100 ns, Total: 96407 ns
[1960.554s][info ][safepoint      ] Safepoint "Cleanup", Time since last: 5000383590 ns, Reaching safepoint: 7001 ns, Cleanup: 11201 ns, At safepoint: 2500 ns, Total: 20702 ns
[1961.554s][info ][safepoint      ] Safepoint "Cleanup", Time since last: 1000122870 ns, Reaching safepoint: 8601 ns, Cleanup: 12401 ns, At safepoint: 2800 ns, Total: 23802 ns
[1962.554s][info ][safepoint      ] Safepoint "Cleanup", Time since last: 1000157379 ns, Reaching safepoint: 9500 ns, Cleanup: 16002 ns, At safepoint: 2400 ns, Total: 27902 ns
[1963.554s][info ][safepoint      ] Safepoint "Cleanup", Time since last: 1000118276 ns, Reaching safepoint: 8400 ns, Cleanup: 11301 ns, At safepoint: 2900 ns, Total: 22601 ns
[1964.555s][info ][safepoint      ] Safepoint "Cleanup", Time since last: 1000117076 ns, Reaching safepoint: 8601 ns, Cleanup: 12000 ns, At safepoint: 2601 ns, Total: 23202 ns
[1965.555s][info ][safepoint      ] Safepoint "Cleanup", Time since last: 1000126676 ns, Reaching safepoint: 9601 ns, Cleanup: 13901 ns, At safepoint: 3200 ns, Total: 26702 ns
[1967.555s][info ][safepoint      ] Safepoint "Cleanup", Time since last: 2000198649 ns, Reaching safepoint: 8300 ns, Cleanup: 11401 ns, At safepoint: 2700 ns, Total: 22401 ns
[1969.555s][info ][safepoint      ] Safepoint "Cleanup", Time since last: 2000208408 ns, Reaching safepoint: 6601 ns, Cleanup: 12901 ns, At safepoint: 2900 ns, Total: 22402 ns
[1970.555s][info ][safepoint      ] Safepoint "Cleanup", Time since last: 1000124474 ns, Reaching safepoint: 9300 ns, Cleanup: 17602 ns, At safepoint: 3000 ns, Total: 29902 ns
[1971.555s][info ][safepoint      ] Safepoint "Cleanup", Time since last: 1000118173 ns, Reaching safepoint: 7901 ns, Cleanup: 11101 ns, At safepoint: 2500 ns, Total: 21502 ns
[1973.462s][info ][gc,start       ] GC(87) Pause Young (Allocation Failure)
[1973.477s][debug][gc,phases      ] GC(87) Scavenge 15.323ms
[1973.477s][debug][gc,ref         ] GC(87) ReferenceProcessor::execute queues: 1, RefProcThreadModel::Single, marks_oops_alive: false
[1973.477s][debug][gc,ref         ] GC(87) Skipped KeepAliveFinalRefsPhase of Reference Processing: no references
[1973.477s][debug][gc,ref         ] GC(87) Skipped PhantomRefsPhase of Reference Processing: no references
[1973.477s][debug][gc,phases      ] GC(87) Reference Processing 0.116ms
[1973.477s][debug][gc,phases      ] GC(87)   VM Weak                        Min:  0.0, Avg:  0.0, Max:  0.0, Diff:  0.0, Sum:  0.0, Workers: 4
[1973.477s][debug][gc,phases      ] GC(87)     Dead                           Min: 0, Avg:  0.0, Max: 0, Diff: 0, Sum: 0, Workers: 4
[1973.477s][debug][gc,phases      ] GC(87)     Total                          Min: 0, Avg: 263.2, Max: 733, Diff: 733, Sum: 1053, Workers: 4
[1973.477s][debug][gc,phases      ] GC(87)   ObjectSynchronizer Weak        Min:  0.0, Avg:  0.0, Max:  0.0, Diff:  0.0, Sum:  0.0, Workers: 4
[1973.477s][debug][gc,phases      ] GC(87)     Dead                           Min: 0, Avg:  0.0, Max: 0, Diff: 0, Sum: 0, Workers: 4
[1973.477s][debug][gc,phases      ] GC(87)     Total                          Min: 0, Avg:  1.2, Max: 5, Diff: 5, Sum: 5, Workers: 4
[1973.477s][debug][gc,phases      ] GC(87)   JVMTI Tag Weak OopStorage      Min:  0.0, Avg:  0.0, Max:  0.0, Diff:  0.0, Sum:  0.0, Workers: 4
[1973.477s][debug][gc,phases      ] GC(87)     Dead                           Min: 0, Avg:  0.0, Max: 0, Diff: 0, Sum: 0, Workers: 4
[1973.478s][debug][gc,phases      ] GC(87)     Total                          Min: 0, Avg:  0.0, Max: 0, Diff: 0, Sum: 0, Workers: 4
[1973.478s][debug][gc,phases      ] GC(87)   StringTable Weak               Min:  0.0, Avg:  0.1, Max:  0.2, Diff:  0.2, Sum:  0.5, Workers: 4
[1973.478s][debug][gc,phases      ] GC(87)     Dead                           Min: 0, Avg:  0.0, Max: 0, Diff: 0, Sum: 0, Workers: 4
[1973.478s][debug][gc,phases      ] GC(87)     Total                          Min: 0, Avg: 11820.0, Max: 16880, Diff: 16880, Sum: 47280, Workers: 4
[1973.478s][debug][gc,phases      ] GC(87)   ResolvedMethodTable Weak       Min:  0.0, Avg:  0.0, Max:  0.1, Diff:  0.1, Sum:  0.2, Workers: 4
[1973.478s][debug][gc,phases      ] GC(87)     Dead                           Min: 0, Avg:  4.0, Max: 16, Diff: 16, Sum: 16, Workers: 4
[1973.478s][debug][gc,phases      ] GC(87)     Total                          Min: 0, Avg: 4088.2, Max: 5998, Diff: 5998, Sum: 16353, Workers: 4
[1973.478s][debug][gc,phases      ] GC(87)   JNI Weak                       Min:  0.0, Avg:  0.0, Max:  0.0, Diff:  0.0, Sum:  0.0, Workers: 4
[1973.478s][debug][gc,phases      ] GC(87)     Dead                           Min: 0, Avg:  0.0, Max: 0, Diff: 0, Sum: 0, Workers: 4
[1973.478s][debug][gc,phases      ] GC(87)     Total                          Min: 0, Avg: 13.0, Max: 48, Diff: 48, Sum: 52, Workers: 4
[1973.478s][debug][gc,phases      ] GC(87)   StringDedup Table Weak         Min:  0.0, Avg:  0.0, Max:  0.0, Diff:  0.0, Sum:  0.0, Workers: 4
[1973.478s][debug][gc,phases      ] GC(87)     Dead                           Min: 0, Avg:  0.0, Max: 0, Diff: 0, Sum: 0, Workers: 4
[1973.478s][debug][gc,phases      ] GC(87)     Total                          Min: 0, Avg:  0.0, Max: 0, Diff: 0, Sum: 0, Workers: 4
[1973.478s][debug][gc,phases      ] GC(87)   StringDedup Requests0 Weak     Min:  0.0, Avg:  0.0, Max:  0.0, Diff:  0.0, Sum:  0.0, Workers: 4
[1973.478s][debug][gc,phases      ] GC(87)     Dead                           Min: 0, Avg:  0.0, Max: 0, Diff: 0, Sum: 0, Workers: 4
[1973.478s][debug][gc,phases      ] GC(87)     Total                          Min: 0, Avg:  0.0, Max: 0, Diff: 0, Sum: 0, Workers: 4
[1973.478s][debug][gc,phases      ] GC(87)   StringDedup Requests1 Weak     Min:  0.0, Avg:  0.0, Max:  0.0, Diff:  0.0, Sum:  0.0, Workers: 4
[1973.478s][debug][gc,phases      ] GC(87)     Dead                           Min: 0, Avg:  0.0, Max: 0, Diff: 0, Sum: 0, Workers: 4
[1973.478s][debug][gc,phases      ] GC(87)     Total                          Min: 0, Avg:  0.0, Max: 0, Diff: 0, Sum: 0, Workers: 4
[1973.478s][debug][gc,phases      ] GC(87)   Weak JFR Old Object Samples    Min:  0.0, Avg:  0.0, Max:  0.0, Diff:  0.0, Sum:  0.0, Workers: 4
[1973.478s][debug][gc,phases      ] GC(87)     Dead                           Min: 0, Avg:  0.0, Max: 0, Diff: 0, Sum: 0, Workers: 4
[1973.478s][debug][gc,phases      ] GC(87)     Total                          Min: 0, Avg:  0.0, Max: 0, Diff: 0, Sum: 0, Workers: 4
[1973.478s][debug][gc,phases      ] GC(87) Weak Processing 0.458ms
[1973.478s][debug][gc,age         ] GC(87) Desired survivor size 124256256 bytes, new threshold 1 (max threshold 15)
[1973.478s][info ][gc,heap        ] GC(87) PSYoungGen: 1863952K(1967104K)->6064K(1975808K) Eden: 1837056K(1837056K)->0K(1851904K) From: 26896K(130048K)->6064K(123904K)
[1973.478s][info ][gc,heap        ] GC(87) ParOldGen: 630901K(631296K)->655355K(655360K)
[1973.478s][info ][gc,metaspace   ] GC(87) Metaspace: 109290K(110656K)->109290K(110656K) NonClass: 92755K(93504K)->92755K(93504K) Class: 16534K(17152K)->16534K(17152K)
[1973.478s][info ][gc             ] GC(87) Pause Young (Allocation Failure) 2436M->645M(2569M) 16.050ms
[1973.478s][info ][gc,cpu         ] GC(87) User=0.05s Sys=0.00s Real=0.02s
[1973.478s][info ][safepoint      ] Safepoint "ParallelGCFailedAllocation", Time since last: 1906105096 ns, Reaching safepoint: 85306 ns, Cleanup: 4900 ns, At safepoint: 16131588 ns, Total: 16221794 ns
[1977.478s][info ][safepoint      ] Safepoint "Cleanup", Time since last: 4000370857 ns, Reaching safepoint: 84606 ns, Cleanup: 23101 ns, At safepoint: 8601 ns, Total: 116308 ns
[1978.478s][info ][safepoint      ] Safepoint "Cleanup", Time since last: 1000132891 ns, Reaching safepoint: 7100 ns, Cleanup: 34803 ns, At safepoint: 2700 ns, Total: 44603 ns
[1980.479s][info ][safepoint      ] Safepoint "Cleanup", Time since last: 2000182976 ns, Reaching safepoint: 7901 ns, Cleanup: 25402 ns, At safepoint: 3000 ns, Total: 36303 ns
[1981.666s][info ][safepoint      ] Safepoint "Cleanup", Time since last: 1187602579 ns, Reaching safepoint: 82306 ns, Cleanup: 26302 ns, At safepoint: 12401 ns, Total: 121009 ns
[1982.667s][info ][safepoint      ] Safepoint "Cleanup", Time since last: 1000129390 ns, Reaching safepoint: 82006 ns, Cleanup: 13101 ns, At safepoint: 11301 ns, Total: 106408 ns
[1983.667s][info ][safepoint      ] Safepoint "Cleanup", Time since last: 1000132991 ns, Reaching safepoint: 81106 ns, Cleanup: 10501 ns, At safepoint: 10500 ns, Total: 102107 ns
[1984.667s][info ][safepoint      ] Safepoint "Cleanup", Time since last: 1000149993 ns, Reaching safepoint: 82705 ns, Cleanup: 19302 ns, At safepoint: 10901 ns, Total: 112908 ns
[1989.668s][info ][safepoint      ] Safepoint "Cleanup", Time since last: 5000449376 ns, Reaching safepoint: 78206 ns, Cleanup: 10701 ns, At safepoint: 6600 ns, Total: 95507 ns
[1991.668s][info ][safepoint      ] Safepoint "Cleanup", Time since last: 2000209628 ns, Reaching safepoint: 83506 ns, Cleanup: 14101 ns, At safepoint: 8200 ns, Total: 105807 ns
[1991.669s][info ][gc,start       ] GC(88) Pause Young (Allocation Failure)
[1991.679s][debug][gc,phases      ] GC(88) Scavenge 9.923ms
[1991.679s][debug][gc,ref         ] GC(88) ReferenceProcessor::execute queues: 1, RefProcThreadModel::Single, marks_oops_alive: false
[1991.679s][debug][gc,ref         ] GC(88) Skipped KeepAliveFinalRefsPhase of Reference Processing: no references
[1991.679s][debug][gc,ref         ] GC(88) Skipped PhantomRefsPhase of Reference Processing: no references
[1991.679s][debug][gc,phases      ] GC(88) Reference Processing 0.125ms
[1991.679s][debug][gc,phases      ] GC(88)   VM Weak                        Min:  0.0, Avg:  0.0, Max:  0.0, Diff:  0.0, Sum:  0.0, Workers: 4
[1991.679s][debug][gc,phases      ] GC(88)     Dead                           Min: 0, Avg:  0.0, Max: 0, Diff: 0, Sum: 0, Workers: 4
[1991.680s][debug][gc,phases      ] GC(88)     Total                          Min: 0, Avg: 263.2, Max: 896, Diff: 896, Sum: 1053, Workers: 4
[1991.680s][debug][gc,phases      ] GC(88)   ObjectSynchronizer Weak        Min:  0.0, Avg:  0.0, Max:  0.0, Diff:  0.0, Sum:  0.0, Workers: 4
[1991.680s][debug][gc,phases      ] GC(88)     Dead                           Min: 0, Avg:  0.0, Max: 0, Diff: 0, Sum: 0, Workers: 4
[1991.680s][debug][gc,phases      ] GC(88)     Total                          Min: 0, Avg:  1.0, Max: 4, Diff: 4, Sum: 4, Workers: 4
[1991.680s][debug][gc,phases      ] GC(88)   JVMTI Tag Weak OopStorage      Min:  0.0, Avg:  0.0, Max:  0.0, Diff:  0.0, Sum:  0.0, Workers: 4
[1991.680s][debug][gc,phases      ] GC(88)     Dead                           Min: 0, Avg:  0.0, Max: 0, Diff: 0, Sum: 0, Workers: 4
[1991.680s][debug][gc,phases      ] GC(88)     Total                          Min: 0, Avg:  0.0, Max: 0, Diff: 0, Sum: 0, Workers: 4
[1991.680s][debug][gc,phases      ] GC(88)   StringTable Weak               Min:  0.0, Avg:  0.1, Max:  0.2, Diff:  0.2, Sum:  0.5, Workers: 4
[1991.680s][debug][gc,phases      ] GC(88)     Dead                           Min: 0, Avg:  0.0, Max: 0, Diff: 0, Sum: 0, Workers: 4
[1991.680s][debug][gc,phases      ] GC(88)     Total                          Min: 0, Avg: 11820.0, Max: 16128, Diff: 16128, Sum: 47280, Workers: 4
[1991.680s][debug][gc,phases      ] GC(88)   ResolvedMethodTable Weak       Min:  0.0, Avg:  0.0, Max:  0.1, Diff:  0.1, Sum:  0.2, Workers: 4
[1991.680s][debug][gc,phases      ] GC(88)     Dead                           Min: 0, Avg:  4.0, Max: 11, Diff: 11, Sum: 16, Workers: 4
[1991.680s][debug][gc,phases      ] GC(88)     Total                          Min: 0, Avg: 4088.2, Max: 5584, Diff: 5584, Sum: 16353, Workers: 4
[1991.680s][debug][gc,phases      ] GC(88)   JNI Weak                       Min:  0.0, Avg:  0.0, Max:  0.0, Diff:  0.0, Sum:  0.0, Workers: 4
[1991.680s][debug][gc,phases      ] GC(88)     Dead                           Min: 0, Avg:  0.0, Max: 0, Diff: 0, Sum: 0, Workers: 4
[1991.680s][debug][gc,phases      ] GC(88)     Total                          Min: 0, Avg: 13.0, Max: 48, Diff: 48, Sum: 52, Workers: 4
[1991.680s][debug][gc,phases      ] GC(88)   StringDedup Table Weak         Min:  0.0, Avg:  0.0, Max:  0.0, Diff:  0.0, Sum:  0.0, Workers: 4
[1991.680s][debug][gc,phases      ] GC(88)     Dead                           Min: 0, Avg:  0.0, Max: 0, Diff: 0, Sum: 0, Workers: 4
[1991.680s][debug][gc,phases      ] GC(88)     Total                          Min: 0, Avg:  0.0, Max: 0, Diff: 0, Sum: 0, Workers: 4
[1991.680s][debug][gc,phases      ] GC(88)   StringDedup Requests0 Weak     Min:  0.0, Avg:  0.0, Max:  0.0, Diff:  0.0, Sum:  0.0, Workers: 4
[1991.680s][debug][gc,phases      ] GC(88)     Dead                           Min: 0, Avg:  0.0, Max: 0, Diff: 0, Sum: 0, Workers: 4
[1991.680s][debug][gc,phases      ] GC(88)     Total                          Min: 0, Avg:  0.0, Max: 0, Diff: 0, Sum: 0, Workers: 4
[1991.680s][debug][gc,phases      ] GC(88)   StringDedup Requests1 Weak     Min:  0.0, Avg:  0.0, Max:  0.0, Diff:  0.0, Sum:  0.0, Workers: 4
[1991.680s][debug][gc,phases      ] GC(88)     Dead                           Min: 0, Avg:  0.0, Max: 0, Diff: 0, Sum: 0, Workers: 4
[1991.680s][debug][gc,phases      ] GC(88)     Total                          Min: 0, Avg:  0.0, Max: 0, Diff: 0, Sum: 0, Workers: 4
[1991.680s][debug][gc,phases      ] GC(88)   Weak JFR Old Object Samples    Min:  0.0, Avg:  0.0, Max:  0.0, Diff:  0.0, Sum:  0.0, Workers: 4
[1991.680s][debug][gc,phases      ] GC(88)     Dead                           Min: 0, Avg:  0.0, Max: 0, Diff: 0, Sum: 0, Workers: 4
[1991.680s][debug][gc,phases      ] GC(88)     Total                          Min: 0, Avg:  0.0, Max: 0, Diff: 0, Sum: 0, Workers: 4
[1991.680s][debug][gc,phases      ] GC(88) Weak Processing 0.471ms
[1991.680s][debug][gc,age         ] GC(88) Desired survivor size 119537664 bytes, new threshold 1 (max threshold 15)
[1991.680s][info ][gc,heap        ] GC(88) PSYoungGen: 1857968K(1975808K)->13456K(1973248K) Eden: 1851904K(1851904K)->0K(1851904K) From: 6064K(123904K)->13456K(121344K)
[1991.680s][info ][gc,heap        ] GC(88) ParOldGen: 655355K(655360K)->657531K(657920K)
[1991.680s][info ][gc,metaspace   ] GC(88) Metaspace: 109295K(110656K)->109295K(110656K) NonClass: 92761K(93504K)->92761K(93504K) Class: 16534K(17152K)->16534K(17152K)
[1991.680s][info ][gc             ] GC(88) Pause Young (Allocation Failure) 2454M->655M(2569M) 10.647ms
[1991.680s][info ][gc,cpu         ] GC(88) User=0.04s Sys=0.00s Real=0.01s
[1991.680s][info ][safepoint      ] Safepoint "ParallelGCFailedAllocation", Time since last: 1029173 ns, Reaching safepoint: 75706 ns, Cleanup: 1900 ns, At safepoint: 10730661 ns, Total: 10808267 ns
[1993.680s][info ][safepoint      ] Safepoint "Cleanup", Time since last: 2000159797 ns, Reaching safepoint: 6600 ns, Cleanup: 9701 ns, At safepoint: 2500 ns, Total: 18801 ns
[1999.680s][info ][safepoint      ] Safepoint "Cleanup", Time since last: 6000462776 ns, Reaching safepoint: 6500 ns, Cleanup: 9201 ns, At safepoint: 2600 ns, Total: 18301 ns
[2000.681s][info ][safepoint      ] Safepoint "Cleanup", Time since last: 1000112934 ns, Reaching safepoint: 5600 ns, Cleanup: 19401 ns, At safepoint: 3201 ns, Total: 28202 ns
[2003.681s][info ][safepoint      ] Safepoint "Cleanup", Time since last: 3000258546 ns, Reaching safepoint: 6201 ns, Cleanup: 15201 ns, At safepoint: 2700 ns, Total: 24102 ns
[2010.681s][info ][safepoint      ] Safepoint "Cleanup", Time since last: 7000523667 ns, Reaching safepoint: 6401 ns, Cleanup: 8400 ns, At safepoint: 2400 ns, Total: 17201 ns
[2011.682s][info ][safepoint      ] Safepoint "Cleanup", Time since last: 1000125131 ns, Reaching safepoint: 7901 ns, Cleanup: 13801 ns, At safepoint: 2900 ns, Total: 24602 ns
[2012.682s][info ][safepoint      ] Safepoint "Cleanup", Time since last: 1000112230 ns, Reaching safepoint: 6500 ns, Cleanup: 10201 ns, At safepoint: 2700 ns, Total: 19401 ns
[2013.912s][info ][gc,start       ] GC(89) Pause Young (Allocation Failure)
[2013.921s][debug][gc,phases      ] GC(89) Scavenge 9.306ms
[2013.921s][debug][gc,ref         ] GC(89) ReferenceProcessor::execute queues: 1, RefProcThreadModel::Single, marks_oops_alive: false
[2013.921s][debug][gc,ref         ] GC(89) Skipped KeepAliveFinalRefsPhase of Reference Processing: no references
[2013.921s][debug][gc,ref         ] GC(89) ReferenceProcessor::execute queues: 1, RefProcThreadModel::Single, marks_oops_alive: false
[2013.921s][debug][gc,phases      ] GC(89) Reference Processing 0.114ms
[2013.922s][debug][gc,phases      ] GC(89)   VM Weak                        Min:  0.0, Avg:  0.0, Max:  0.0, Diff:  0.0, Sum:  0.0, Workers: 4
[2013.922s][debug][gc,phases      ] GC(89)     Dead                           Min: 0, Avg:  0.0, Max: 0, Diff: 0, Sum: 0, Workers: 4
[2013.922s][debug][gc,phases      ] GC(89)     Total                          Min: 0, Avg: 263.2, Max: 1053, Diff: 1053, Sum: 1053, Workers: 4
[2013.922s][debug][gc,phases      ] GC(89)   ObjectSynchronizer Weak        Min:  0.0, Avg:  0.0, Max:  0.0, Diff:  0.0, Sum:  0.0, Workers: 4
[2013.922s][debug][gc,phases      ] GC(89)     Dead                           Min: 0, Avg:  0.0, Max: 0, Diff: 0, Sum: 0, Workers: 4
[2013.922s][debug][gc,phases      ] GC(89)     Total                          Min: 0, Avg:  1.0, Max: 4, Diff: 4, Sum: 4, Workers: 4
[2013.922s][debug][gc,phases      ] GC(89)   JVMTI Tag Weak OopStorage      Min:  0.0, Avg:  0.0, Max:  0.0, Diff:  0.0, Sum:  0.0, Workers: 4
[2013.922s][debug][gc,phases      ] GC(89)     Dead                           Min: 0, Avg:  0.0, Max: 0, Diff: 0, Sum: 0, Workers: 4
[2013.922s][debug][gc,phases      ] GC(89)     Total                          Min: 0, Avg:  0.0, Max: 0, Diff: 0, Sum: 0, Workers: 4
[2013.922s][debug][gc,phases      ] GC(89)   StringTable Weak               Min:  0.0, Avg:  0.1, Max:  0.2, Diff:  0.2, Sum:  0.5, Workers: 4
[2013.922s][debug][gc,phases      ] GC(89)     Dead                           Min: 0, Avg:  0.0, Max: 0, Diff: 0, Sum: 0, Workers: 4
[2013.922s][debug][gc,phases      ] GC(89)     Total                          Min: 0, Avg: 11820.2, Max: 16626, Diff: 16626, Sum: 47281, Workers: 4
[2013.922s][debug][gc,phases      ] GC(89)   ResolvedMethodTable Weak       Min:  0.0, Avg:  0.0, Max:  0.1, Diff:  0.1, Sum:  0.2, Workers: 4
[2013.922s][debug][gc,phases      ] GC(89)     Dead                           Min: 0, Avg:  4.0, Max: 16, Diff: 16, Sum: 16, Workers: 4
[2013.922s][debug][gc,phases      ] GC(89)     Total                          Min: 0, Avg: 4088.5, Max: 5888, Diff: 5888, Sum: 16354, Workers: 4
[2013.922s][debug][gc,phases      ] GC(89)   JNI Weak                       Min:  0.0, Avg:  0.0, Max:  0.0, Diff:  0.0, Sum:  0.0, Workers: 4
[2013.922s][debug][gc,phases      ] GC(89)     Dead                           Min: 0, Avg:  0.0, Max: 0, Diff: 0, Sum: 0, Workers: 4
[2013.922s][debug][gc,phases      ] GC(89)     Total                          Min: 0, Avg: 13.0, Max: 48, Diff: 48, Sum: 52, Workers: 4
[2013.922s][debug][gc,phases      ] GC(89)   StringDedup Table Weak         Min:  0.0, Avg:  0.0, Max:  0.0, Diff:  0.0, Sum:  0.0, Workers: 4
[2013.922s][debug][gc,phases      ] GC(89)     Dead                           Min: 0, Avg:  0.0, Max: 0, Diff: 0, Sum: 0, Workers: 4
[2013.922s][debug][gc,phases      ] GC(89)     Total                          Min: 0, Avg:  0.0, Max: 0, Diff: 0, Sum: 0, Workers: 4
[2013.922s][debug][gc,phases      ] GC(89)   StringDedup Requests0 Weak     Min:  0.0, Avg:  0.0, Max:  0.0, Diff:  0.0, Sum:  0.0, Workers: 4
[2013.922s][debug][gc,phases      ] GC(89)     Dead                           Min: 0, Avg:  0.0, Max: 0, Diff: 0, Sum: 0, Workers: 4
[2013.922s][debug][gc,phases      ] GC(89)     Total                          Min: 0, Avg:  0.0, Max: 0, Diff: 0, Sum: 0, Workers: 4
[2013.922s][debug][gc,phases      ] GC(89)   StringDedup Requests1 Weak     Min:  0.0, Avg:  0.0, Max:  0.0, Diff:  0.0, Sum:  0.0, Workers: 4
[2013.922s][debug][gc,phases      ] GC(89)     Dead                           Min: 0, Avg:  0.0, Max: 0, Diff: 0, Sum: 0, Workers: 4
[2013.922s][debug][gc,phases      ] GC(89)     Total                          Min: 0, Avg:  0.0, Max: 0, Diff: 0, Sum: 0, Workers: 4
[2013.922s][debug][gc,phases      ] GC(89)   Weak JFR Old Object Samples    Min:  0.0, Avg:  0.0, Max:  0.0, Diff:  0.0, Sum:  0.0, Workers: 4
[2013.922s][debug][gc,phases      ] GC(89)     Dead                           Min: 0, Avg:  0.0, Max: 0, Diff: 0, Sum: 0, Workers: 4
[2013.922s][debug][gc,phases      ] GC(89)     Total                          Min: 0, Avg:  0.0, Max: 0, Diff: 0, Sum: 0, Workers: 4
[2013.922s][debug][gc,phases      ] GC(89) Weak Processing 0.449ms
[2013.922s][debug][gc,age         ] GC(89) Desired survivor size 116391936 bytes, new threshold 1 (max threshold 15)
[2013.922s][info ][gc,heap        ] GC(89) PSYoungGen: 1865360K(1973248K)->4736K(1983488K) Eden: 1851904K(1851904K)->0K(1866752K) From: 13456K(121344K)->4736K(116736K)
[2013.922s][info ][gc,heap        ] GC(89) ParOldGen: 657531K(657920K)->667700K(668160K)
[2013.922s][info ][gc,metaspace   ] GC(89) Metaspace: 109299K(110656K)->109299K(110656K) NonClass: 92764K(93504K)->92764K(93504K) Class: 16534K(17152K)->16534K(17152K)
[2013.922s][info ][gc             ] GC(89) Pause Young (Allocation Failure) 2463M->656M(2589M) 10.017ms
[2013.922s][info ][gc,cpu         ] GC(89) User=0.04s Sys=0.00s Real=0.01s
[2013.922s][info ][safepoint      ] Safepoint "ParallelGCFailedAllocation", Time since last: 1230065197 ns, Reaching safepoint: 82606 ns, Cleanup: 4900 ns, At safepoint: 10095962 ns, Total: 10183468 ns
[2021.923s][info ][safepoint      ] Safepoint "Cleanup", Time since last: 8000737061 ns, Reaching safepoint: 78306 ns, Cleanup: 12300 ns, At safepoint: 6701 ns, Total: 97307 ns
[2023.923s][info ][safepoint      ] Safepoint "Cleanup", Time since last: 2000206201 ns, Reaching safepoint: 80705 ns, Cleanup: 13401 ns, At safepoint: 7901 ns, Total: 102007 ns
[2024.923s][info ][safepoint      ] Safepoint "Cleanup", Time since last: 1000120601 ns, Reaching safepoint: 78806 ns, Cleanup: 12701 ns, At safepoint: 6600 ns, Total: 98107 ns
[2026.924s][info ][safepoint      ] Safepoint "Cleanup", Time since last: 2000196269 ns, Reaching safepoint: 78506 ns, Cleanup: 9100 ns, At safepoint: 7101 ns, Total: 94707 ns
[2027.924s][info ][safepoint      ] Safepoint "Cleanup", Time since last: 1000127225 ns, Reaching safepoint: 80405 ns, Cleanup: 10401 ns, At safepoint: 6901 ns, Total: 97707 ns
[2028.924s][info ][safepoint      ] Safepoint "Cleanup", Time since last: 1000122824 ns, Reaching safepoint: 80106 ns, Cleanup: 11701 ns, At safepoint: 6700 ns, Total: 98507 ns
[2035.612s][info ][gc,start       ] GC(90) Pause Young (Allocation Failure)
[2035.617s][debug][gc,phases      ] GC(90) Scavenge 5.238ms
[2035.617s][debug][gc,ref         ] GC(90) ReferenceProcessor::execute queues: 1, RefProcThreadModel::Single, marks_oops_alive: false
[2035.617s][debug][gc,ref         ] GC(90) Skipped KeepAliveFinalRefsPhase of Reference Processing: no references
[2035.617s][debug][gc,ref         ] GC(90) Skipped PhantomRefsPhase of Reference Processing: no references
[2035.617s][debug][gc,phases      ] GC(90) Reference Processing 0.120ms
[2035.617s][debug][gc,phases      ] GC(90)   VM Weak                        Min:  0.0, Avg:  0.0, Max:  0.0, Diff:  0.0, Sum:  0.0, Workers: 4
[2035.617s][debug][gc,phases      ] GC(90)     Dead                           Min: 0, Avg:  0.0, Max: 0, Diff: 0, Sum: 0, Workers: 4
[2035.617s][debug][gc,phases      ] GC(90)     Total                          Min: 0, Avg: 263.2, Max: 605, Diff: 605, Sum: 1053, Workers: 4
[2035.617s][debug][gc,phases      ] GC(90)   ObjectSynchronizer Weak        Min:  0.0, Avg:  0.0, Max:  0.0, Diff:  0.0, Sum:  0.0, Workers: 4
[2035.617s][debug][gc,phases      ] GC(90)     Dead                           Min: 0, Avg:  0.0, Max: 0, Diff: 0, Sum: 0, Workers: 4
[2035.617s][debug][gc,phases      ] GC(90)     Total                          Min: 0, Avg:  1.0, Max: 4, Diff: 4, Sum: 4, Workers: 4
[2035.617s][debug][gc,phases      ] GC(90)   JVMTI Tag Weak OopStorage      Min:  0.0, Avg:  0.0, Max:  0.0, Diff:  0.0, Sum:  0.0, Workers: 4
[2035.617s][debug][gc,phases      ] GC(90)     Dead                           Min: 0, Avg:  0.0, Max: 0, Diff: 0, Sum: 0, Workers: 4
[2035.617s][debug][gc,phases      ] GC(90)     Total                          Min: 0, Avg:  0.0, Max: 0, Diff: 0, Sum: 0, Workers: 4
[2035.617s][debug][gc,phases      ] GC(90)   StringTable Weak               Min:  0.0, Avg:  0.1, Max:  0.1, Diff:  0.1, Sum:  0.4, Workers: 4
[2035.617s][debug][gc,phases      ] GC(90)     Dead                           Min: 0, Avg:  0.0, Max: 0, Diff: 0, Sum: 0, Workers: 4
[2035.617s][debug][gc,phases      ] GC(90)     Total                          Min: 0, Avg: 11820.2, Max: 16817, Diff: 16817, Sum: 47281, Workers: 4
[2035.618s][debug][gc,phases      ] GC(90)   ResolvedMethodTable Weak       Min:  0.0, Avg:  0.0, Max:  0.1, Diff:  0.1, Sum:  0.2, Workers: 4
[2035.618s][debug][gc,phases      ] GC(90)     Dead                           Min: 0, Avg:  4.0, Max: 16, Diff: 16, Sum: 16, Workers: 4
[2035.618s][debug][gc,phases      ] GC(90)     Total                          Min: 0, Avg: 4088.5, Max: 5545, Diff: 5545, Sum: 16354, Workers: 4
[2035.618s][debug][gc,phases      ] GC(90)   JNI Weak                       Min:  0.0, Avg:  0.0, Max:  0.0, Diff:  0.0, Sum:  0.0, Workers: 4
[2035.618s][debug][gc,phases      ] GC(90)     Dead                           Min: 0, Avg:  0.0, Max: 0, Diff: 0, Sum: 0, Workers: 4
[2035.618s][debug][gc,phases      ] GC(90)     Total                          Min: 0, Avg: 13.0, Max: 48, Diff: 48, Sum: 52, Workers: 4
[2035.618s][debug][gc,phases      ] GC(90)   StringDedup Table Weak         Min:  0.0, Avg:  0.0, Max:  0.0, Diff:  0.0, Sum:  0.0, Workers: 4
[2035.618s][debug][gc,phases      ] GC(90)     Dead                           Min: 0, Avg:  0.0, Max: 0, Diff: 0, Sum: 0, Workers: 4
[2035.618s][debug][gc,phases      ] GC(90)     Total                          Min: 0, Avg:  0.0, Max: 0, Diff: 0, Sum: 0, Workers: 4
[2035.618s][debug][gc,phases      ] GC(90)   StringDedup Requests0 Weak     Min:  0.0, Avg:  0.0, Max:  0.0, Diff:  0.0, Sum:  0.0, Workers: 4
[2035.618s][debug][gc,phases      ] GC(90)     Dead                           Min: 0, Avg:  0.0, Max: 0, Diff: 0, Sum: 0, Workers: 4
[2035.618s][debug][gc,phases      ] GC(90)     Total                          Min: 0, Avg:  0.0, Max: 0, Diff: 0, Sum: 0, Workers: 4
[2035.618s][debug][gc,phases      ] GC(90)   StringDedup Requests1 Weak     Min:  0.0, Avg:  0.0, Max:  0.0, Diff:  0.0, Sum:  0.0, Workers: 4
[2035.618s][debug][gc,phases      ] GC(90)     Dead                           Min: 0, Avg:  0.0, Max: 0, Diff: 0, Sum: 0, Workers: 4
[2035.618s][debug][gc,phases      ] GC(90)     Total                          Min: 0, Avg:  0.0, Max: 0, Diff: 0, Sum: 0, Workers: 4
[2035.618s][debug][gc,phases      ] GC(90)   Weak JFR Old Object Samples    Min:  0.0, Avg:  0.0, Max:  0.0, Diff:  0.0, Sum:  0.0, Workers: 4
[2035.618s][debug][gc,phases      ] GC(90)     Dead                           Min: 0, Avg:  0.0, Max: 0, Diff: 0, Sum: 0, Workers: 4
[2035.618s][debug][gc,phases      ] GC(90)     Total                          Min: 0, Avg:  0.0, Max: 0, Diff: 0, Sum: 0, Workers: 4
[2035.618s][debug][gc,phases      ] GC(90) Weak Processing 0.443ms
[2035.618s][debug][gc,age         ] GC(90) Desired survivor size 112721920 bytes, new threshold 1 (max threshold 15)
[2035.618s][info ][gc,heap        ] GC(90) PSYoungGen: 1871488K(1983488K)->4608K(1980416K) Eden: 1866752K(1866752K)->0K(1866752K) From: 4736K(116736K)->4608K(113664K)
[2035.618s][info ][gc,heap        ] GC(90) ParOldGen: 667700K(668160K)->668896K(669184K)
[2035.618s][info ][gc,metaspace   ] GC(90) Metaspace: 109311K(110656K)->109311K(110656K) NonClass: 92776K(93504K)->92776K(93504K) Class: 16534K(17152K)->16534K(17152K)
[2035.618s][info ][gc             ] GC(90) Pause Young (Allocation Failure) 2479M->657M(2587M) 5.936ms
[2035.618s][info ][gc,cpu         ] GC(90) User=0.02s Sys=0.00s Real=0.01s
[2035.618s][info ][safepoint      ] Safepoint "ParallelGCFailedAllocation", Time since last: 6687541673 ns, Reaching safepoint: 80705 ns, Cleanup: 4900 ns, At safepoint: 6040105 ns, Total: 6125710 ns
[2041.684s][info ][safepoint      ] Safepoint "Cleanup", Time since last: 6066308497 ns, Reaching safepoint: 7600 ns, Cleanup: 14201 ns, At safepoint: 3001 ns, Total: 24802 ns
[2043.684s][info ][safepoint      ] Safepoint "Cleanup", Time since last: 2000175629 ns, Reaching safepoint: 8200 ns, Cleanup: 11101 ns, At safepoint: 2700 ns, Total: 22001 ns
[2046.685s][info ][safepoint      ] Safepoint "Cleanup", Time since last: 3000250843 ns, Reaching safepoint: 7200 ns, Cleanup: 11901 ns, At safepoint: 2700 ns, Total: 21801 ns
[2050.685s][info ][safepoint      ] Safepoint "Cleanup", Time since last: 4000346054 ns, Reaching safepoint: 8901 ns, Cleanup: 14601 ns, At safepoint: 3400 ns, Total: 26902 ns
[2057.111s][info ][gc,start       ] GC(91) Pause Young (Allocation Failure)
[2057.118s][debug][gc,phases      ] GC(91) Scavenge 6.357ms
[2057.118s][debug][gc,ref         ] GC(91) ReferenceProcessor::execute queues: 1, RefProcThreadModel::Single, marks_oops_alive: false
[2057.118s][debug][gc,ref         ] GC(91) Skipped KeepAliveFinalRefsPhase of Reference Processing: no references
[2057.118s][debug][gc,ref         ] GC(91) Skipped PhantomRefsPhase of Reference Processing: no references
[2057.118s][debug][gc,phases      ] GC(91) Reference Processing 0.120ms
[2057.118s][debug][gc,phases      ] GC(91)   VM Weak                        Min:  0.0, Avg:  0.0, Max:  0.0, Diff:  0.0, Sum:  0.0, Workers: 4
[2057.118s][debug][gc,phases      ] GC(91)     Dead                           Min: 0, Avg:  0.0, Max: 0, Diff: 0, Sum: 0, Workers: 4
[2057.118s][debug][gc,phases      ] GC(91)     Total                          Min: 0, Avg: 263.2, Max: 669, Diff: 669, Sum: 1053, Workers: 4
[2057.118s][debug][gc,phases      ] GC(91)   ObjectSynchronizer Weak        Min:  0.0, Avg:  0.0, Max:  0.0, Diff:  0.0, Sum:  0.0, Workers: 4
[2057.118s][debug][gc,phases      ] GC(91)     Dead                           Min: 0, Avg:  0.0, Max: 0, Diff: 0, Sum: 0, Workers: 4
[2057.118s][debug][gc,phases      ] GC(91)     Total                          Min: 0, Avg:  1.0, Max: 4, Diff: 4, Sum: 4, Workers: 4
[2057.118s][debug][gc,phases      ] GC(91)   JVMTI Tag Weak OopStorage      Min:  0.0, Avg:  0.0, Max:  0.0, Diff:  0.0, Sum:  0.0, Workers: 4
[2057.118s][debug][gc,phases      ] GC(91)     Dead                           Min: 0, Avg:  0.0, Max: 0, Diff: 0, Sum: 0, Workers: 4
[2057.118s][debug][gc,phases      ] GC(91)     Total                          Min: 0, Avg:  0.0, Max: 0, Diff: 0, Sum: 0, Workers: 4
[2057.118s][debug][gc,phases      ] GC(91)   StringTable Weak               Min:  0.1, Avg:  0.1, Max:  0.1, Diff:  0.0, Sum:  0.5, Workers: 4
[2057.118s][debug][gc,phases      ] GC(91)     Dead                           Min: 0, Avg:  0.0, Max: 0, Diff: 0, Sum: 0, Workers: 4
[2057.118s][debug][gc,phases      ] GC(91)     Total                          Min: 11328, Avg: 11820.2, Max: 12146, Diff: 818, Sum: 47281, Workers: 4
[2057.118s][debug][gc,phases      ] GC(91)   ResolvedMethodTable Weak       Min:  0.0, Avg:  0.0, Max:  0.0, Diff:  0.0, Sum:  0.2, Workers: 4
[2057.118s][debug][gc,phases      ] GC(91)     Dead                           Min: 0, Avg:  4.0, Max: 16, Diff: 16, Sum: 16, Workers: 4
[2057.118s][debug][gc,phases      ] GC(91)     Total                          Min: 3755, Avg: 4088.5, Max: 4500, Diff: 745, Sum: 16354, Workers: 4
[2057.118s][debug][gc,phases      ] GC(91)   JNI Weak                       Min:  0.0, Avg:  0.0, Max:  0.0, Diff:  0.0, Sum:  0.0, Workers: 4
[2057.118s][debug][gc,phases      ] GC(91)     Dead                           Min: 0, Avg:  0.0, Max: 0, Diff: 0, Sum: 0, Workers: 4
[2057.118s][debug][gc,phases      ] GC(91)     Total                          Min: 0, Avg: 13.0, Max: 48, Diff: 48, Sum: 52, Workers: 4
[2057.118s][debug][gc,phases      ] GC(91)   StringDedup Table Weak         Min:  0.0, Avg:  0.0, Max:  0.0, Diff:  0.0, Sum:  0.0, Workers: 4
[2057.118s][debug][gc,phases      ] GC(91)     Dead                           Min: 0, Avg:  0.0, Max: 0, Diff: 0, Sum: 0, Workers: 4
[2057.118s][debug][gc,phases      ] GC(91)     Total                          Min: 0, Avg:  0.0, Max: 0, Diff: 0, Sum: 0, Workers: 4
[2057.118s][debug][gc,phases      ] GC(91)   StringDedup Requests0 Weak     Min:  0.0, Avg:  0.0, Max:  0.0, Diff:  0.0, Sum:  0.0, Workers: 4
[2057.118s][debug][gc,phases      ] GC(91)     Dead                           Min: 0, Avg:  0.0, Max: 0, Diff: 0, Sum: 0, Workers: 4
[2057.118s][debug][gc,phases      ] GC(91)     Total                          Min: 0, Avg:  0.0, Max: 0, Diff: 0, Sum: 0, Workers: 4
[2057.118s][debug][gc,phases      ] GC(91)   StringDedup Requests1 Weak     Min:  0.0, Avg:  0.0, Max:  0.0, Diff:  0.0, Sum:  0.0, Workers: 4
[2057.118s][debug][gc,phases      ] GC(91)     Dead                           Min: 0, Avg:  0.0, Max: 0, Diff: 0, Sum: 0, Workers: 4
[2057.118s][debug][gc,phases      ] GC(91)     Total                          Min: 0, Avg:  0.0, Max: 0, Diff: 0, Sum: 0, Workers: 4
[2057.118s][debug][gc,phases      ] GC(91)   Weak JFR Old Object Samples    Min:  0.0, Avg:  0.0, Max:  0.0, Diff:  0.0, Sum:  0.0, Workers: 4
[2057.118s][debug][gc,phases      ] GC(91)     Dead                           Min: 0, Avg:  0.0, Max: 0, Diff: 0, Sum: 0, Workers: 4
[2057.118s][debug][gc,phases      ] GC(91)     Total                          Min: 0, Avg:  0.0, Max: 0, Diff: 0, Sum: 0, Workers: 4
[2057.118s][debug][gc,phases      ] GC(91) Weak Processing 0.402ms
[2057.118s][debug][gc,age         ] GC(91) Desired survivor size 109051904 bytes, new threshold 1 (max threshold 15)
[2057.118s][info ][gc,heap        ] GC(91) PSYoungGen: 1871360K(1980416K)->4592K(1990656K) Eden: 1866752K(1866752K)->0K(1880576K) From: 4608K(113664K)->4592K(110080K)
[2057.118s][info ][gc,heap        ] GC(91) ParOldGen: 668896K(669184K)->669840K(670208K)
[2057.118s][info ][gc,metaspace   ] GC(91) Metaspace: 109316K(110720K)->109316K(110720K) NonClass: 92781K(93568K)->92781K(93568K) Class: 16534K(17152K)->16534K(17152K)
[2057.118s][info ][gc             ] GC(91) Pause Young (Allocation Failure) 2480M->658M(2598M) 7.038ms
[2057.118s][info ][gc,cpu         ] GC(91) User=0.02s Sys=0.00s Real=0.01s
[2057.118s][info ][safepoint      ] Safepoint "ParallelGCFailedAllocation", Time since last: 6426285765 ns, Reaching safepoint: 7501 ns, Cleanup: 11801 ns, At safepoint: 7113591 ns, Total: 7132893 ns
[2058.119s][info ][safepoint      ] Safepoint "Cleanup", Time since last: 1000139547 ns, Reaching safepoint: 84706 ns, Cleanup: 11701 ns, At safepoint: 8000 ns, Total: 104407 ns
[2062.119s][info ][safepoint      ] Safepoint "Cleanup", Time since last: 4000357783 ns, Reaching safepoint: 79406 ns, Cleanup: 12300 ns, At safepoint: 7601 ns, Total: 99307 ns
[2063.119s][info ][safepoint      ] Safepoint "Cleanup", Time since last: 1000125848 ns, Reaching safepoint: 78806 ns, Cleanup: 10400 ns, At safepoint: 9101 ns, Total: 98307 ns
[2064.119s][info ][safepoint      ] Safepoint "Cleanup", Time since last: 1000129748 ns, Reaching safepoint: 79106 ns, Cleanup: 10301 ns, At safepoint: 9200 ns, Total: 98607 ns
[2080.121s][info ][safepoint      ] Safepoint "Cleanup", Time since last: 16001290599 ns, Reaching safepoint: 85806 ns, Cleanup: 10100 ns, At safepoint: 7301 ns, Total: 103207 ns
[2080.276s][info ][gc,start       ] GC(92) Pause Young (Allocation Failure)
[2080.282s][debug][gc,phases      ] GC(92) Scavenge 5.370ms
[2080.282s][debug][gc,ref         ] GC(92) ReferenceProcessor::execute queues: 1, RefProcThreadModel::Single, marks_oops_alive: false
[2080.282s][debug][gc,ref         ] GC(92) Skipped KeepAliveFinalRefsPhase of Reference Processing: no references
[2080.282s][debug][gc,ref         ] GC(92) Skipped PhantomRefsPhase of Reference Processing: no references
[2080.282s][debug][gc,phases      ] GC(92) Reference Processing 0.115ms
[2080.282s][debug][gc,phases      ] GC(92)   VM Weak                        Min:  0.0, Avg:  0.0, Max:  0.0, Diff:  0.0, Sum:  0.0, Workers: 4
[2080.282s][debug][gc,phases      ] GC(92)     Dead                           Min: 0, Avg:  0.0, Max: 0, Diff: 0, Sum: 0, Workers: 4
[2080.282s][debug][gc,phases      ] GC(92)     Total                          Min: 0, Avg: 263.2, Max: 413, Diff: 413, Sum: 1053, Workers: 4
[2080.282s][debug][gc,phases      ] GC(92)   ObjectSynchronizer Weak        Min:  0.0, Avg:  0.0, Max:  0.0, Diff:  0.0, Sum:  0.0, Workers: 4
[2080.282s][debug][gc,phases      ] GC(92)     Dead                           Min: 0, Avg:  0.0, Max: 0, Diff: 0, Sum: 0, Workers: 4
[2080.282s][debug][gc,phases      ] GC(92)     Total                          Min: 0, Avg:  1.0, Max: 4, Diff: 4, Sum: 4, Workers: 4
[2080.282s][debug][gc,phases      ] GC(92)   JVMTI Tag Weak OopStorage      Min:  0.0, Avg:  0.0, Max:  0.0, Diff:  0.0, Sum:  0.0, Workers: 4
[2080.282s][debug][gc,phases      ] GC(92)     Dead                           Min: 0, Avg:  0.0, Max: 0, Diff: 0, Sum: 0, Workers: 4
[2080.282s][debug][gc,phases      ] GC(92)     Total                          Min: 0, Avg:  0.0, Max: 0, Diff: 0, Sum: 0, Workers: 4
[2080.282s][debug][gc,phases      ] GC(92)   StringTable Weak               Min:  0.0, Avg:  0.1, Max:  0.2, Diff:  0.2, Sum:  0.5, Workers: 4
[2080.282s][debug][gc,phases      ] GC(92)     Dead                           Min: 0, Avg:  0.0, Max: 0, Diff: 0, Sum: 0, Workers: 4
[2080.282s][debug][gc,phases      ] GC(92)     Total                          Min: 0, Avg: 11820.2, Max: 17791, Diff: 17791, Sum: 47281, Workers: 4
[2080.282s][debug][gc,phases      ] GC(92)   ResolvedMethodTable Weak       Min:  0.0, Avg:  0.0, Max:  0.1, Diff:  0.1, Sum:  0.2, Workers: 4
[2080.282s][debug][gc,phases      ] GC(92)     Dead                           Min: 0, Avg:  4.0, Max: 16, Diff: 16, Sum: 16, Workers: 4
[2080.282s][debug][gc,phases      ] GC(92)     Total                          Min: 0, Avg: 4088.5, Max: 6423, Diff: 6423, Sum: 16354, Workers: 4
[2080.282s][debug][gc,phases      ] GC(92)   JNI Weak                       Min:  0.0, Avg:  0.0, Max:  0.0, Diff:  0.0, Sum:  0.0, Workers: 4
[2080.282s][debug][gc,phases      ] GC(92)     Dead                           Min: 0, Avg:  0.0, Max: 0, Diff: 0, Sum: 0, Workers: 4
[2080.282s][debug][gc,phases      ] GC(92)     Total                          Min: 0, Avg: 13.0, Max: 48, Diff: 48, Sum: 52, Workers: 4
[2080.282s][debug][gc,phases      ] GC(92)   StringDedup Table Weak         Min:  0.0, Avg:  0.0, Max:  0.0, Diff:  0.0, Sum:  0.0, Workers: 4
[2080.282s][debug][gc,phases      ] GC(92)     Dead                           Min: 0, Avg:  0.0, Max: 0, Diff: 0, Sum: 0, Workers: 4
[2080.282s][debug][gc,phases      ] GC(92)     Total                          Min: 0, Avg:  0.0, Max: 0, Diff: 0, Sum: 0, Workers: 4
[2080.282s][debug][gc,phases      ] GC(92)   StringDedup Requests0 Weak     Min:  0.0, Avg:  0.0, Max:  0.0, Diff:  0.0, Sum:  0.0, Workers: 4
[2080.282s][debug][gc,phases      ] GC(92)     Dead                           Min: 0, Avg:  0.0, Max: 0, Diff: 0, Sum: 0, Workers: 4
[2080.282s][debug][gc,phases      ] GC(92)     Total                          Min: 0, Avg:  0.0, Max: 0, Diff: 0, Sum: 0, Workers: 4
[2080.282s][debug][gc,phases      ] GC(92)   StringDedup Requests1 Weak     Min:  0.0, Avg:  0.0, Max:  0.0, Diff:  0.0, Sum:  0.0, Workers: 4
[2080.282s][debug][gc,phases      ] GC(92)     Dead                           Min: 0, Avg:  0.0, Max: 0, Diff: 0, Sum: 0, Workers: 4
[2080.282s][debug][gc,phases      ] GC(92)     Total                          Min: 0, Avg:  0.0, Max: 0, Diff: 0, Sum: 0, Workers: 4
[2080.282s][debug][gc,phases      ] GC(92)   Weak JFR Old Object Samples    Min:  0.0, Avg:  0.0, Max:  0.0, Diff:  0.0, Sum:  0.0, Workers: 4
[2080.282s][debug][gc,phases      ] GC(92)     Dead                           Min: 0, Avg:  0.0, Max: 0, Diff: 0, Sum: 0, Workers: 4
[2080.282s][debug][gc,phases      ] GC(92)     Total                          Min: 0, Avg:  0.0, Max: 0, Diff: 0, Sum: 0, Workers: 4
[2080.282s][debug][gc,phases      ] GC(92) Weak Processing 0.491ms
[2080.282s][debug][gc,age         ] GC(92) Desired survivor size 104857600 bytes, new threshold 1 (max threshold 15)
[2080.282s][info ][gc,heap        ] GC(92) PSYoungGen: 1885168K(1990656K)->4240K(1987072K) Eden: 1880576K(1880576K)->0K(1880576K) From: 4592K(110080K)->4240K(106496K)
[2080.282s][info ][gc,heap        ] GC(92) ParOldGen: 669840K(670208K)->670972K(671232K)
[2080.282s][info ][gc,metaspace   ] GC(92) Metaspace: 109317K(110720K)->109317K(110720K) NonClass: 92782K(93568K)->92782K(93568K) Class: 16534K(17152K)->16534K(17152K)
[2080.283s][info ][gc             ] GC(92) Pause Young (Allocation Failure) 2495M->659M(2596M) 6.116ms
[2080.283s][info ][gc,cpu         ] GC(92) User=0.01s Sys=0.00s Real=0.01s
[2080.283s][info ][safepoint      ] Safepoint "ParallelGCFailedAllocation", Time since last: 155498733 ns, Reaching safepoint: 6301 ns, Cleanup: 4500 ns, At safepoint: 6193024 ns, Total: 6203825 ns
[2085.283s][info ][safepoint      ] Safepoint "Cleanup", Time since last: 5000374251 ns, Reaching safepoint: 5800 ns, Cleanup: 21502 ns, At safepoint: 2500 ns, Total: 29802 ns
[2104.219s][info ][gc,start       ] GC(93) Pause Young (Allocation Failure)
[2104.224s][debug][gc,phases      ] GC(93) Scavenge 4.618ms
[2104.224s][debug][gc,ref         ] GC(93) ReferenceProcessor::execute queues: 1, RefProcThreadModel::Single, marks_oops_alive: false
[2104.224s][debug][gc,ref         ] GC(93) Skipped KeepAliveFinalRefsPhase of Reference Processing: no references
[2104.224s][debug][gc,ref         ] GC(93) Skipped PhantomRefsPhase of Reference Processing: no references
[2104.224s][debug][gc,phases      ] GC(93) Reference Processing 0.118ms
[2104.225s][debug][gc,phases      ] GC(93)   VM Weak                        Min:  0.0, Avg:  0.0, Max:  0.0, Diff:  0.0, Sum:  0.0, Workers: 4
[2104.225s][debug][gc,phases      ] GC(93)     Dead                           Min: 0, Avg:  0.0, Max: 0, Diff: 0, Sum: 0, Workers: 4
[2104.225s][debug][gc,phases      ] GC(93)     Total                          Min: 0, Avg: 263.2, Max: 576, Diff: 576, Sum: 1053, Workers: 4
[2104.225s][debug][gc,phases      ] GC(93)   ObjectSynchronizer Weak        Min:  0.0, Avg:  0.0, Max:  0.0, Diff:  0.0, Sum:  0.0, Workers: 4
[2104.225s][debug][gc,phases      ] GC(93)     Dead                           Min: 0, Avg:  0.0, Max: 0, Diff: 0, Sum: 0, Workers: 4
[2104.225s][debug][gc,phases      ] GC(93)     Total                          Min: 0, Avg:  0.8, Max: 3, Diff: 3, Sum: 3, Workers: 4
[2104.225s][debug][gc,phases      ] GC(93)   JVMTI Tag Weak OopStorage      Min:  0.0, Avg:  0.0, Max:  0.0, Diff:  0.0, Sum:  0.0, Workers: 4
[2104.225s][debug][gc,phases      ] GC(93)     Dead                           Min: 0, Avg:  0.0, Max: 0, Diff: 0, Sum: 0, Workers: 4
[2104.225s][debug][gc,phases      ] GC(93)     Total                          Min: 0, Avg:  0.0, Max: 0, Diff: 0, Sum: 0, Workers: 4
[2104.225s][debug][gc,phases      ] GC(93)   StringTable Weak               Min:  0.0, Avg:  0.1, Max:  0.1, Diff:  0.1, Sum:  0.4, Workers: 4
[2104.225s][debug][gc,phases      ] GC(93)     Dead                           Min: 0, Avg:  0.0, Max: 0, Diff: 0, Sum: 0, Workers: 4
[2104.225s][debug][gc,phases      ] GC(93)     Total                          Min: 0, Avg: 11820.2, Max: 16511, Diff: 16511, Sum: 47281, Workers: 4
[2104.225s][debug][gc,phases      ] GC(93)   ResolvedMethodTable Weak       Min:  0.0, Avg:  0.0, Max:  0.1, Diff:  0.1, Sum:  0.2, Workers: 4
[2104.225s][debug][gc,phases      ] GC(93)     Dead                           Min: 0, Avg:  4.0, Max: 16, Diff: 16, Sum: 16, Workers: 4
[2104.225s][debug][gc,phases      ] GC(93)     Total                          Min: 0, Avg: 4088.5, Max: 6058, Diff: 6058, Sum: 16354, Workers: 4
[2104.225s][debug][gc,phases      ] GC(93)   JNI Weak                       Min:  0.0, Avg:  0.0, Max:  0.0, Diff:  0.0, Sum:  0.0, Workers: 4
[2104.225s][debug][gc,phases      ] GC(93)     Dead                           Min: 0, Avg:  0.0, Max: 0, Diff: 0, Sum: 0, Workers: 4
[2104.225s][debug][gc,phases      ] GC(93)     Total                          Min: 0, Avg: 13.0, Max: 48, Diff: 48, Sum: 52, Workers: 4
[2104.225s][debug][gc,phases      ] GC(93)   StringDedup Table Weak         Min:  0.0, Avg:  0.0, Max:  0.0, Diff:  0.0, Sum:  0.0, Workers: 4
[2104.225s][debug][gc,phases      ] GC(93)     Dead                           Min: 0, Avg:  0.0, Max: 0, Diff: 0, Sum: 0, Workers: 4
[2104.225s][debug][gc,phases      ] GC(93)     Total                          Min: 0, Avg:  0.0, Max: 0, Diff: 0, Sum: 0, Workers: 4
[2104.225s][debug][gc,phases      ] GC(93)   StringDedup Requests0 Weak     Min:  0.0, Avg:  0.0, Max:  0.0, Diff:  0.0, Sum:  0.0, Workers: 4
[2104.225s][debug][gc,phases      ] GC(93)     Dead                           Min: 0, Avg:  0.0, Max: 0, Diff: 0, Sum: 0, Workers: 4
[2104.225s][debug][gc,phases      ] GC(93)     Total                          Min: 0, Avg:  0.0, Max: 0, Diff: 0, Sum: 0, Workers: 4
[2104.225s][debug][gc,phases      ] GC(93)   StringDedup Requests1 Weak     Min:  0.0, Avg:  0.0, Max:  0.0, Diff:  0.0, Sum:  0.0, Workers: 4
[2104.225s][debug][gc,phases      ] GC(93)     Dead                           Min: 0, Avg:  0.0, Max: 0, Diff: 0, Sum: 0, Workers: 4
[2104.225s][debug][gc,phases      ] GC(93)     Total                          Min: 0, Avg:  0.0, Max: 0, Diff: 0, Sum: 0, Workers: 4
[2104.225s][debug][gc,phases      ] GC(93)   Weak JFR Old Object Samples    Min:  0.0, Avg:  0.0, Max:  0.0, Diff:  0.0, Sum:  0.0, Workers: 4
[2104.225s][debug][gc,phases      ] GC(93)     Dead                           Min: 0, Avg:  0.0, Max: 0, Diff: 0, Sum: 0, Workers: 4
[2104.225s][debug][gc,phases      ] GC(93)     Total                          Min: 0, Avg:  0.0, Max: 0, Diff: 0, Sum: 0, Workers: 4
[2104.225s][debug][gc,phases      ] GC(93) Weak Processing 0.460ms
[2104.225s][debug][gc,age         ] GC(93) Desired survivor size 100139008 bytes, new threshold 1 (max threshold 15)
[2104.225s][info ][gc,heap        ] GC(93) PSYoungGen: 1884816K(1987072K)->3840K(1999360K) Eden: 1880576K(1880576K)->0K(1896960K) From: 4240K(106496K)->3840K(102400K)
[2104.225s][info ][gc,heap        ] GC(93) ParOldGen: 670972K(671232K)->671957K(672256K)
[2104.225s][info ][gc,metaspace   ] GC(93) Metaspace: 109319K(110720K)->109319K(110720K) NonClass: 92784K(93568K)->92784K(93568K) Class: 16534K(17152K)->16534K(17152K)
[2104.225s][info ][gc             ] GC(93) Pause Young (Allocation Failure) 2495M->659M(2609M) 5.348ms
[2104.225s][info ][gc,cpu         ] GC(93) User=0.02s Sys=0.00s Real=0.01s
[2104.225s][info ][safepoint      ] Safepoint "ParallelGCFailedAllocation", Time since last: 18936483993 ns, Reaching safepoint: 6500 ns, Cleanup: 4701 ns, At safepoint: 5420871 ns, Total: 5432072 ns
[2105.225s][info ][safepoint      ] Safepoint "Cleanup", Time since last: 1000106964 ns, Reaching safepoint: 84206 ns, Cleanup: 11401 ns, At safepoint: 9900 ns, Total: 105507 ns
[2108.226s][info ][safepoint      ] Safepoint "Cleanup", Time since last: 3000307616 ns, Reaching safepoint: 111807 ns, Cleanup: 12801 ns, At safepoint: 11201 ns, Total: 135809 ns
[2121.227s][info ][safepoint      ] Safepoint "Cleanup", Time since last: 13001048821 ns, Reaching safepoint: 6700 ns, Cleanup: 12401 ns, At safepoint: 2200 ns, Total: 21301 ns
[2126.665s][info ][gc,start       ] GC(94) Pause Young (Allocation Failure)
[2126.669s][debug][gc,phases      ] GC(94) Scavenge 4.596ms
[2126.669s][debug][gc,ref         ] GC(94) ReferenceProcessor::execute queues: 1, RefProcThreadModel::Single, marks_oops_alive: false
[2126.669s][debug][gc,ref         ] GC(94) Skipped KeepAliveFinalRefsPhase of Reference Processing: no references
[2126.669s][debug][gc,ref         ] GC(94) Skipped PhantomRefsPhase of Reference Processing: no references
[2126.669s][debug][gc,phases      ] GC(94) Reference Processing 0.114ms
[2126.670s][debug][gc,phases      ] GC(94)   VM Weak                        Min:  0.0, Avg:  0.0, Max:  0.0, Diff:  0.0, Sum:  0.0, Workers: 4
[2126.670s][debug][gc,phases      ] GC(94)     Dead                           Min: 0, Avg:  0.0, Max: 0, Diff: 0, Sum: 0, Workers: 4
[2126.670s][debug][gc,phases      ] GC(94)     Total                          Min: 0, Avg: 263.2, Max: 768, Diff: 768, Sum: 1053, Workers: 4
[2126.670s][debug][gc,phases      ] GC(94)   ObjectSynchronizer Weak        Min:  0.0, Avg:  0.0, Max:  0.0, Diff:  0.0, Sum:  0.0, Workers: 4
[2126.670s][debug][gc,phases      ] GC(94)     Dead                           Min: 0, Avg:  0.0, Max: 0, Diff: 0, Sum: 0, Workers: 4
[2126.670s][debug][gc,phases      ] GC(94)     Total                          Min: 0, Avg:  0.8, Max: 3, Diff: 3, Sum: 3, Workers: 4
[2126.670s][debug][gc,phases      ] GC(94)   JVMTI Tag Weak OopStorage      Min:  0.0, Avg:  0.0, Max:  0.0, Diff:  0.0, Sum:  0.0, Workers: 4
[2126.670s][debug][gc,phases      ] GC(94)     Dead                           Min: 0, Avg:  0.0, Max: 0, Diff: 0, Sum: 0, Workers: 4
[2126.670s][debug][gc,phases      ] GC(94)     Total                          Min: 0, Avg:  0.0, Max: 0, Diff: 0, Sum: 0, Workers: 4
[2126.670s][debug][gc,phases      ] GC(94)   StringTable Weak               Min:  0.1, Avg:  0.1, Max:  0.1, Diff:  0.0, Sum:  0.5, Workers: 4
[2126.670s][debug][gc,phases      ] GC(94)     Dead                           Min: 0, Avg:  0.0, Max: 0, Diff: 0, Sum: 0, Workers: 4
[2126.670s][debug][gc,phases      ] GC(94)     Total                          Min: 10930, Avg: 11820.2, Max: 12416, Diff: 1486, Sum: 47281, Workers: 4
[2126.670s][debug][gc,phases      ] GC(94)   ResolvedMethodTable Weak       Min:  0.0, Avg:  0.0, Max:  0.0, Diff:  0.0, Sum:  0.2, Workers: 4
[2126.670s][debug][gc,phases      ] GC(94)     Dead                           Min: 0, Avg:  0.0, Max: 0, Diff: 0, Sum: 0, Workers: 4
[2126.670s][debug][gc,phases      ] GC(94)     Total                          Min: 3807, Avg: 4088.5, Max: 4365, Diff: 558, Sum: 16354, Workers: 4
[2126.670s][debug][gc,phases      ] GC(94)   JNI Weak                       Min:  0.0, Avg:  0.0, Max:  0.0, Diff:  0.0, Sum:  0.0, Workers: 4
[2126.670s][debug][gc,phases      ] GC(94)     Dead                           Min: 0, Avg:  0.0, Max: 0, Diff: 0, Sum: 0, Workers: 4
[2126.670s][debug][gc,phases      ] GC(94)     Total                          Min: 0, Avg: 13.0, Max: 48, Diff: 48, Sum: 52, Workers: 4
[2126.670s][debug][gc,phases      ] GC(94)   StringDedup Table Weak         Min:  0.0, Avg:  0.0, Max:  0.0, Diff:  0.0, Sum:  0.0, Workers: 4
[2126.670s][debug][gc,phases      ] GC(94)     Dead                           Min: 0, Avg:  0.0, Max: 0, Diff: 0, Sum: 0, Workers: 4
[2126.670s][debug][gc,phases      ] GC(94)     Total                          Min: 0, Avg:  0.0, Max: 0, Diff: 0, Sum: 0, Workers: 4
[2126.670s][debug][gc,phases      ] GC(94)   StringDedup Requests0 Weak     Min:  0.0, Avg:  0.0, Max:  0.0, Diff:  0.0, Sum:  0.0, Workers: 4
[2126.670s][debug][gc,phases      ] GC(94)     Dead                           Min: 0, Avg:  0.0, Max: 0, Diff: 0, Sum: 0, Workers: 4
[2126.670s][debug][gc,phases      ] GC(94)     Total                          Min: 0, Avg:  0.0, Max: 0, Diff: 0, Sum: 0, Workers: 4
[2126.670s][debug][gc,phases      ] GC(94)   StringDedup Requests1 Weak     Min:  0.0, Avg:  0.0, Max:  0.0, Diff:  0.0, Sum:  0.0, Workers: 4
[2126.670s][debug][gc,phases      ] GC(94)     Dead                           Min: 0, Avg:  0.0, Max: 0, Diff: 0, Sum: 0, Workers: 4
[2126.670s][debug][gc,phases      ] GC(94)     Total                          Min: 0, Avg:  0.0, Max: 0, Diff: 0, Sum: 0, Workers: 4
[2126.670s][debug][gc,phases      ] GC(94)   Weak JFR Old Object Samples    Min:  0.0, Avg:  0.0, Max:  0.0, Diff:  0.0, Sum:  0.0, Workers: 4
[2126.670s][debug][gc,phases      ] GC(94)     Dead                           Min: 0, Avg:  0.0, Max: 0, Diff: 0, Sum: 0, Workers: 4
[2126.670s][debug][gc,phases      ] GC(94)     Total                          Min: 0, Avg:  0.0, Max: 0, Diff: 0, Sum: 0, Workers: 4
[2126.670s][debug][gc,phases      ] GC(94) Weak Processing 0.400ms
[2126.670s][debug][gc,age         ] GC(94) Desired survivor size 95420416 bytes, new threshold 1 (max threshold 15)
[2126.670s][info ][gc,heap        ] GC(94) PSYoungGen: 1900800K(1999360K)->4384K(1994752K) Eden: 1896960K(1896960K)->0K(1896960K) From: 3840K(102400K)->4384K(97792K)
[2126.670s][info ][gc,heap        ] GC(94) ParOldGen: 671957K(672256K)->672629K(672768K)
[2126.670s][info ][gc,metaspace   ] GC(94) Metaspace: 109319K(110720K)->109319K(110720K) NonClass: 92784K(93568K)->92784K(93568K) Class: 16534K(17152K)->16534K(17152K)
[2126.670s][info ][gc             ] GC(94) Pause Young (Allocation Failure) 2512M->661M(2605M) 5.248ms
[2126.670s][info ][gc,cpu         ] GC(94) User=0.02s Sys=0.00s Real=0.00s
[2126.670s][info ][safepoint      ] Safepoint "ParallelGCFailedAllocation", Time since last: 5438021764 ns, Reaching safepoint: 6701 ns, Cleanup: 5000 ns, At safepoint: 5321063 ns, Total: 5332764 ns
[2131.670s][info ][safepoint      ] Safepoint "Cleanup", Time since last: 5000404754 ns, Reaching safepoint: 85106 ns, Cleanup: 12400 ns, At safepoint: 31702 ns, Total: 129208 ns
[2135.671s][info ][safepoint      ] Safepoint "Cleanup", Time since last: 4000371283 ns, Reaching safepoint: 84706 ns, Cleanup: 10500 ns, At safepoint: 7201 ns, Total: 102407 ns
[2138.671s][info ][safepoint      ] Safepoint "Cleanup", Time since last: 3000286735 ns, Reaching safepoint: 84206 ns, Cleanup: 10200 ns, At safepoint: 7601 ns, Total: 102007 ns
[2148.710s][info ][gc,start       ] GC(95) Pause Young (Allocation Failure)
[2148.715s][debug][gc,phases      ] GC(95) Scavenge 5.569ms
[2148.716s][debug][gc,ref         ] GC(95) ReferenceProcessor::execute queues: 1, RefProcThreadModel::Single, marks_oops_alive: false
[2148.716s][debug][gc,ref         ] GC(95) Skipped KeepAliveFinalRefsPhase of Reference Processing: no references
[2148.716s][debug][gc,ref         ] GC(95) Skipped PhantomRefsPhase of Reference Processing: no references
[2148.716s][debug][gc,phases      ] GC(95) Reference Processing 0.131ms
[2148.716s][debug][gc,phases      ] GC(95)   VM Weak                        Min:  0.0, Avg:  0.0, Max:  0.0, Diff:  0.0, Sum:  0.0, Workers: 4
[2148.716s][debug][gc,phases      ] GC(95)     Dead                           Min: 0, Avg:  0.0, Max: 0, Diff: 0, Sum: 0, Workers: 4
[2148.716s][debug][gc,phases      ] GC(95)     Total                          Min: 0, Avg: 263.2, Max: 896, Diff: 896, Sum: 1053, Workers: 4
[2148.716s][debug][gc,phases      ] GC(95)   ObjectSynchronizer Weak        Min:  0.0, Avg:  0.0, Max:  0.0, Diff:  0.0, Sum:  0.0, Workers: 4
[2148.716s][debug][gc,phases      ] GC(95)     Dead                           Min: 0, Avg:  0.0, Max: 0, Diff: 0, Sum: 0, Workers: 4
[2148.716s][debug][gc,phases      ] GC(95)     Total                          Min: 0, Avg:  0.8, Max: 3, Diff: 3, Sum: 3, Workers: 4
[2148.716s][debug][gc,phases      ] GC(95)   JVMTI Tag Weak OopStorage      Min:  0.0, Avg:  0.0, Max:  0.0, Diff:  0.0, Sum:  0.0, Workers: 4
[2148.716s][debug][gc,phases      ] GC(95)     Dead                           Min: 0, Avg:  0.0, Max: 0, Diff: 0, Sum: 0, Workers: 4
[2148.716s][debug][gc,phases      ] GC(95)     Total                          Min: 0, Avg:  0.0, Max: 0, Diff: 0, Sum: 0, Workers: 4
[2148.716s][debug][gc,phases      ] GC(95)   StringTable Weak               Min:  0.0, Avg:  0.1, Max:  0.2, Diff:  0.2, Sum:  0.6, Workers: 4
[2148.716s][debug][gc,phases      ] GC(95)     Dead                           Min: 0, Avg:  0.0, Max: 0, Diff: 0, Sum: 0, Workers: 4
[2148.716s][debug][gc,phases      ] GC(95)     Total                          Min: 0, Avg: 11820.2, Max: 17407, Diff: 17407, Sum: 47281, Workers: 4
[2148.716s][debug][gc,phases      ] GC(95)   ResolvedMethodTable Weak       Min:  0.0, Avg:  0.1, Max:  0.1, Diff:  0.1, Sum:  0.2, Workers: 4
[2148.716s][debug][gc,phases      ] GC(95)     Dead                           Min: 0, Avg:  4.0, Max: 16, Diff: 16, Sum: 16, Workers: 4
[2148.716s][debug][gc,phases      ] GC(95)     Total                          Min: 0, Avg: 4088.5, Max: 5934, Diff: 5934, Sum: 16354, Workers: 4
[2148.716s][debug][gc,phases      ] GC(95)   JNI Weak                       Min:  0.0, Avg:  0.0, Max:  0.0, Diff:  0.0, Sum:  0.0, Workers: 4
[2148.716s][debug][gc,phases      ] GC(95)     Dead                           Min: 0, Avg:  0.0, Max: 0, Diff: 0, Sum: 0, Workers: 4
[2148.716s][debug][gc,phases      ] GC(95)     Total                          Min: 0, Avg: 13.0, Max: 48, Diff: 48, Sum: 52, Workers: 4
[2148.716s][debug][gc,phases      ] GC(95)   StringDedup Table Weak         Min:  0.0, Avg:  0.0, Max:  0.0, Diff:  0.0, Sum:  0.0, Workers: 4
[2148.716s][debug][gc,phases      ] GC(95)     Dead                           Min: 0, Avg:  0.0, Max: 0, Diff: 0, Sum: 0, Workers: 4
[2148.716s][debug][gc,phases      ] GC(95)     Total                          Min: 0, Avg:  0.0, Max: 0, Diff: 0, Sum: 0, Workers: 4
[2148.716s][debug][gc,phases      ] GC(95)   StringDedup Requests0 Weak     Min:  0.0, Avg:  0.0, Max:  0.0, Diff:  0.0, Sum:  0.0, Workers: 4
[2148.716s][debug][gc,phases      ] GC(95)     Dead                           Min: 0, Avg:  0.0, Max: 0, Diff: 0, Sum: 0, Workers: 4
[2148.716s][debug][gc,phases      ] GC(95)     Total                          Min: 0, Avg:  0.0, Max: 0, Diff: 0, Sum: 0, Workers: 4
[2148.716s][debug][gc,phases      ] GC(95)   StringDedup Requests1 Weak     Min:  0.0, Avg:  0.0, Max:  0.0, Diff:  0.0, Sum:  0.0, Workers: 4
[2148.716s][debug][gc,phases      ] GC(95)     Dead                           Min: 0, Avg:  0.0, Max: 0, Diff: 0, Sum: 0, Workers: 4
[2148.716s][debug][gc,phases      ] GC(95)     Total                          Min: 0, Avg:  0.0, Max: 0, Diff: 0, Sum: 0, Workers: 4
[2148.716s][debug][gc,phases      ] GC(95)   Weak JFR Old Object Samples    Min:  0.0, Avg:  0.0, Max:  0.0, Diff:  0.0, Sum:  0.0, Workers: 4
[2148.716s][debug][gc,phases      ] GC(95)     Dead                           Min: 0, Avg:  0.0, Max: 0, Diff: 0, Sum: 0, Workers: 4
[2148.716s][debug][gc,phases      ] GC(95)     Total                          Min: 0, Avg:  0.0, Max: 0, Diff: 0, Sum: 0, Workers: 4
[2148.716s][debug][gc,phases      ] GC(95) Weak Processing 0.514ms
[2148.716s][debug][gc,age         ] GC(95) Desired survivor size 91226112 bytes, new threshold 1 (max threshold 15)
[2148.716s][info ][gc,heap        ] GC(95) PSYoungGen: 1901344K(1994752K)->4440K(2008064K) Eden: 1896960K(1896960K)->0K(1914880K) From: 4384K(97792K)->4440K(93184K)
[2148.716s][info ][gc,heap        ] GC(95) ParOldGen: 672629K(672768K)->673602K(673792K)
[2148.716s][info ][gc,metaspace   ] GC(95) Metaspace: 109319K(110720K)->109319K(110720K) NonClass: 92784K(93568K)->92784K(93568K) Class: 16534K(17152K)->16534K(17152K)
[2148.716s][info ][gc             ] GC(95) Pause Young (Allocation Failure) 2513M->662M(2619M) 6.365ms
[2148.716s][info ][gc,cpu         ] GC(95) User=0.02s Sys=0.00s Real=0.01s
[2148.716s][info ][safepoint      ] Safepoint "ParallelGCFailedAllocation", Time since last: 10038286166 ns, Reaching safepoint: 83606 ns, Cleanup: 5200 ns, At safepoint: 6467332 ns, Total: 6556138 ns
[2155.717s][info ][safepoint      ] Safepoint "Cleanup", Time since last: 7000576812 ns, Reaching safepoint: 108807 ns, Cleanup: 13501 ns, At safepoint: 11201 ns, Total: 133509 ns
[2169.718s][info ][safepoint      ] Safepoint "Cleanup", Time since last: 14001120670 ns, Reaching safepoint: 83205 ns, Cleanup: 13301 ns, At safepoint: 7201 ns, Total: 103707 ns
[2172.162s][info ][gc,start       ] GC(96) Pause Young (Allocation Failure)
[2172.167s][debug][gc,phases      ] GC(96) Scavenge 4.876ms
[2172.167s][debug][gc,ref         ] GC(96) ReferenceProcessor::execute queues: 1, RefProcThreadModel::Single, marks_oops_alive: false
[2172.167s][debug][gc,ref         ] GC(96) Skipped KeepAliveFinalRefsPhase of Reference Processing: no references
[2172.167s][debug][gc,ref         ] GC(96) Skipped PhantomRefsPhase of Reference Processing: no references
[2172.167s][debug][gc,phases      ] GC(96) Reference Processing 0.113ms
[2172.167s][debug][gc,phases      ] GC(96)   VM Weak                        Min:  0.0, Avg:  0.0, Max:  0.0, Diff:  0.0, Sum:  0.0, Workers: 4
[2172.167s][debug][gc,phases      ] GC(96)     Dead                           Min: 0, Avg:  0.0, Max: 0, Diff: 0, Sum: 0, Workers: 4
[2172.167s][debug][gc,phases      ] GC(96)     Total                          Min: 0, Avg: 263.2, Max: 704, Diff: 704, Sum: 1053, Workers: 4
[2172.167s][debug][gc,phases      ] GC(96)   ObjectSynchronizer Weak        Min:  0.0, Avg:  0.0, Max:  0.0, Diff:  0.0, Sum:  0.0, Workers: 4
[2172.167s][debug][gc,phases      ] GC(96)     Dead                           Min: 0, Avg:  0.0, Max: 0, Diff: 0, Sum: 0, Workers: 4
[2172.167s][debug][gc,phases      ] GC(96)     Total                          Min: 0, Avg:  0.8, Max: 3, Diff: 3, Sum: 3, Workers: 4
[2172.167s][debug][gc,phases      ] GC(96)   JVMTI Tag Weak OopStorage      Min:  0.0, Avg:  0.0, Max:  0.0, Diff:  0.0, Sum:  0.0, Workers: 4
[2172.167s][debug][gc,phases      ] GC(96)     Dead                           Min: 0, Avg:  0.0, Max: 0, Diff: 0, Sum: 0, Workers: 4
[2172.167s][debug][gc,phases      ] GC(96)     Total                          Min: 0, Avg:  0.0, Max: 0, Diff: 0, Sum: 0, Workers: 4
[2172.167s][debug][gc,phases      ] GC(96)   StringTable Weak               Min:  0.0, Avg:  0.1, Max:  0.2, Diff:  0.2, Sum:  0.5, Workers: 4
[2172.167s][debug][gc,phases      ] GC(96)     Dead                           Min: 0, Avg:  0.0, Max: 0, Diff: 0, Sum: 0, Workers: 4
[2172.167s][debug][gc,phases      ] GC(96)     Total                          Min: 0, Avg: 11820.2, Max: 16512, Diff: 16512, Sum: 47281, Workers: 4
[2172.167s][debug][gc,phases      ] GC(96)   ResolvedMethodTable Weak       Min:  0.0, Avg:  0.0, Max:  0.1, Diff:  0.1, Sum:  0.2, Workers: 4
[2172.167s][debug][gc,phases      ] GC(96)     Dead                           Min: 0, Avg:  4.0, Max: 16, Diff: 16, Sum: 16, Workers: 4
[2172.167s][debug][gc,phases      ] GC(96)     Total                          Min: 0, Avg: 4088.5, Max: 6049, Diff: 6049, Sum: 16354, Workers: 4
[2172.167s][debug][gc,phases      ] GC(96)   JNI Weak                       Min:  0.0, Avg:  0.0, Max:  0.0, Diff:  0.0, Sum:  0.0, Workers: 4
[2172.167s][debug][gc,phases      ] GC(96)     Dead                           Min: 0, Avg:  0.0, Max: 0, Diff: 0, Sum: 0, Workers: 4
[2172.167s][debug][gc,phases      ] GC(96)     Total                          Min: 0, Avg: 13.0, Max: 48, Diff: 48, Sum: 52, Workers: 4
[2172.167s][debug][gc,phases      ] GC(96)   StringDedup Table Weak         Min:  0.0, Avg:  0.0, Max:  0.0, Diff:  0.0, Sum:  0.0, Workers: 4
[2172.167s][debug][gc,phases      ] GC(96)     Dead                           Min: 0, Avg:  0.0, Max: 0, Diff: 0, Sum: 0, Workers: 4
[2172.167s][debug][gc,phases      ] GC(96)     Total                          Min: 0, Avg:  0.0, Max: 0, Diff: 0, Sum: 0, Workers: 4
[2172.167s][debug][gc,phases      ] GC(96)   StringDedup Requests0 Weak     Min:  0.0, Avg:  0.0, Max:  0.0, Diff:  0.0, Sum:  0.0, Workers: 4
[2172.167s][debug][gc,phases      ] GC(96)     Dead                           Min: 0, Avg:  0.0, Max: 0, Diff: 0, Sum: 0, Workers: 4
[2172.167s][debug][gc,phases      ] GC(96)     Total                          Min: 0, Avg:  0.0, Max: 0, Diff: 0, Sum: 0, Workers: 4
[2172.167s][debug][gc,phases      ] GC(96)   StringDedup Requests1 Weak     Min:  0.0, Avg:  0.0, Max:  0.0, Diff:  0.0, Sum:  0.0, Workers: 4
[2172.167s][debug][gc,phases      ] GC(96)     Dead                           Min: 0, Avg:  0.0, Max: 0, Diff: 0, Sum: 0, Workers: 4
[2172.167s][debug][gc,phases      ] GC(96)     Total                          Min: 0, Avg:  0.0, Max: 0, Diff: 0, Sum: 0, Workers: 4
[2172.167s][debug][gc,phases      ] GC(96)   Weak JFR Old Object Samples    Min:  0.0, Avg:  0.0, Max:  0.0, Diff:  0.0, Sum:  0.0, Workers: 4
[2172.167s][debug][gc,phases      ] GC(96)     Dead                           Min: 0, Avg:  0.0, Max: 0, Diff: 0, Sum: 0, Workers: 4
[2172.167s][debug][gc,phases      ] GC(96)     Total                          Min: 0, Avg:  0.0, Max: 0, Diff: 0, Sum: 0, Workers: 4
[2172.167s][debug][gc,phases      ] GC(96) Weak Processing 0.459ms
[2172.167s][debug][gc,age         ] GC(96) Desired survivor size 86507520 bytes, new threshold 1 (max threshold 15)
[2172.167s][info ][gc,heap        ] GC(96) PSYoungGen: 1919320K(2008064K)->4288K(2003968K) Eden: 1914880K(1914880K)->0K(1914880K) From: 4440K(93184K)->4288K(89088K)
[2172.167s][info ][gc,heap        ] GC(96) ParOldGen: 673602K(673792K)->674503K(674816K)
[2172.167s][info ][gc,metaspace   ] GC(96) Metaspace: 109322K(110720K)->109322K(110720K) NonClass: 92787K(93568K)->92787K(93568K) Class: 16534K(17152K)->16534K(17152K)
[2172.167s][info ][gc             ] GC(96) Pause Young (Allocation Failure) 2532M->662M(2616M) 5.592ms
[2172.167s][info ][gc,cpu         ] GC(96) User=0.01s Sys=0.01s Real=0.01s
[2172.167s][info ][safepoint      ] Safepoint "ParallelGCFailedAllocation", Time since last: 2443441385 ns, Reaching safepoint: 85406 ns, Cleanup: 4900 ns, At safepoint: 5670071 ns, Total: 5760377 ns
[2175.168s][info ][safepoint      ] Safepoint "Cleanup", Time since last: 3000260221 ns, Reaching safepoint: 82905 ns, Cleanup: 29402 ns, At safepoint: 7601 ns, Total: 119908 ns
[2195.512s][info ][gc,start       ] GC(97) Pause Young (Allocation Failure)
[2195.517s][debug][gc,phases      ] GC(97) Scavenge 5.397ms
[2195.517s][debug][gc,ref         ] GC(97) ReferenceProcessor::execute queues: 1, RefProcThreadModel::Single, marks_oops_alive: false
[2195.517s][debug][gc,ref         ] GC(97) Skipped KeepAliveFinalRefsPhase of Reference Processing: no references
[2195.517s][debug][gc,ref         ] GC(97) ReferenceProcessor::execute queues: 1, RefProcThreadModel::Single, marks_oops_alive: false
[2195.517s][debug][gc,phases      ] GC(97) Reference Processing 0.118ms
[2195.517s][debug][gc,phases      ] GC(97)   VM Weak                        Min:  0.0, Avg:  0.0, Max:  0.0, Diff:  0.0, Sum:  0.0, Workers: 4
[2195.517s][debug][gc,phases      ] GC(97)     Dead                           Min: 0, Avg:  0.0, Max: 0, Diff: 0, Sum: 0, Workers: 4
[2195.517s][debug][gc,phases      ] GC(97)     Total                          Min: 0, Avg: 263.2, Max: 605, Diff: 605, Sum: 1053, Workers: 4
[2195.517s][debug][gc,phases      ] GC(97)   ObjectSynchronizer Weak        Min:  0.0, Avg:  0.0, Max:  0.0, Diff:  0.0, Sum:  0.0, Workers: 4
[2195.517s][debug][gc,phases      ] GC(97)     Dead                           Min: 0, Avg:  0.0, Max: 0, Diff: 0, Sum: 0, Workers: 4
[2195.517s][debug][gc,phases      ] GC(97)     Total                          Min: 0, Avg:  0.8, Max: 3, Diff: 3, Sum: 3, Workers: 4
[2195.517s][debug][gc,phases      ] GC(97)   JVMTI Tag Weak OopStorage      Min:  0.0, Avg:  0.0, Max:  0.0, Diff:  0.0, Sum:  0.0, Workers: 4
[2195.517s][debug][gc,phases      ] GC(97)     Dead                           Min: 0, Avg:  0.0, Max: 0, Diff: 0, Sum: 0, Workers: 4
[2195.517s][debug][gc,phases      ] GC(97)     Total                          Min: 0, Avg:  0.0, Max: 0, Diff: 0, Sum: 0, Workers: 4
[2195.517s][debug][gc,phases      ] GC(97)   StringTable Weak               Min:  0.0, Avg:  0.1, Max:  0.2, Diff:  0.2, Sum:  0.4, Workers: 4
[2195.517s][debug][gc,phases      ] GC(97)     Dead                           Min: 0, Avg:  0.0, Max: 0, Diff: 0, Sum: 0, Workers: 4
[2195.517s][debug][gc,phases      ] GC(97)     Total                          Min: 0, Avg: 11820.5, Max: 16768, Diff: 16768, Sum: 47282, Workers: 4
[2195.517s][debug][gc,phases      ] GC(97)   ResolvedMethodTable Weak       Min:  0.0, Avg:  0.0, Max:  0.1, Diff:  0.1, Sum:  0.2, Workers: 4
[2195.517s][debug][gc,phases      ] GC(97)     Dead                           Min: 0, Avg:  4.0, Max: 16, Diff: 16, Sum: 16, Workers: 4
[2195.517s][debug][gc,phases      ] GC(97)     Total                          Min: 0, Avg: 4088.5, Max: 5878, Diff: 5878, Sum: 16354, Workers: 4
[2195.517s][debug][gc,phases      ] GC(97)   JNI Weak                       Min:  0.0, Avg:  0.0, Max:  0.0, Diff:  0.0, Sum:  0.0, Workers: 4
[2195.517s][debug][gc,phases      ] GC(97)     Dead                           Min: 0, Avg:  0.0, Max: 0, Diff: 0, Sum: 0, Workers: 4
[2195.517s][debug][gc,phases      ] GC(97)     Total                          Min: 0, Avg: 13.0, Max: 48, Diff: 48, Sum: 52, Workers: 4
[2195.517s][debug][gc,phases      ] GC(97)   StringDedup Table Weak         Min:  0.0, Avg:  0.0, Max:  0.0, Diff:  0.0, Sum:  0.0, Workers: 4
[2195.518s][debug][gc,phases      ] GC(97)     Dead                           Min: 0, Avg:  0.0, Max: 0, Diff: 0, Sum: 0, Workers: 4
[2195.518s][debug][gc,phases      ] GC(97)     Total                          Min: 0, Avg:  0.0, Max: 0, Diff: 0, Sum: 0, Workers: 4
[2195.518s][debug][gc,phases      ] GC(97)   StringDedup Requests0 Weak     Min:  0.0, Avg:  0.0, Max:  0.0, Diff:  0.0, Sum:  0.0, Workers: 4
[2195.518s][debug][gc,phases      ] GC(97)     Dead                           Min: 0, Avg:  0.0, Max: 0, Diff: 0, Sum: 0, Workers: 4
[2195.518s][debug][gc,phases      ] GC(97)     Total                          Min: 0, Avg:  0.0, Max: 0, Diff: 0, Sum: 0, Workers: 4
[2195.518s][debug][gc,phases      ] GC(97)   StringDedup Requests1 Weak     Min:  0.0, Avg:  0.0, Max:  0.0, Diff:  0.0, Sum:  0.0, Workers: 4
[2195.518s][debug][gc,phases      ] GC(97)     Dead                           Min: 0, Avg:  0.0, Max: 0, Diff: 0, Sum: 0, Workers: 4
[2195.518s][debug][gc,phases      ] GC(97)     Total                          Min: 0, Avg:  0.0, Max: 0, Diff: 0, Sum: 0, Workers: 4
[2195.518s][debug][gc,phases      ] GC(97)   Weak JFR Old Object Samples    Min:  0.0, Avg:  0.0, Max:  0.0, Diff:  0.0, Sum:  0.0, Workers: 4
[2195.518s][debug][gc,phases      ] GC(97)     Dead                           Min: 0, Avg:  0.0, Max: 0, Diff: 0, Sum: 0, Workers: 4
[2195.518s][debug][gc,phases      ] GC(97)     Total                          Min: 0, Avg:  0.0, Max: 0, Diff: 0, Sum: 0, Workers: 4
[2195.518s][debug][gc,phases      ] GC(97) Weak Processing 0.444ms
[2195.518s][debug][gc,age         ] GC(97) Desired survivor size 81788928 bytes, new threshold 1 (max threshold 15)
[2195.518s][info ][gc,heap        ] GC(97) PSYoungGen: 1919168K(2003968K)->4329K(2017280K) Eden: 1914880K(1914880K)->0K(1932800K) From: 4288K(89088K)->4329K(84480K)
[2195.518s][info ][gc,heap        ] GC(97) ParOldGen: 674503K(674816K)->675292K(675328K)
[2195.518s][info ][gc,metaspace   ] GC(97) Metaspace: 109330K(110720K)->109330K(110720K) NonClass: 92795K(93568K)->92795K(93568K) Class: 16534K(17152K)->16534K(17152K)
[2195.518s][info ][gc             ] GC(97) Pause Young (Allocation Failure) 2532M->663M(2629M) 6.113ms
[2195.518s][info ][gc,cpu         ] GC(97) User=0.03s Sys=0.00s Real=0.01s
[2195.518s][info ][safepoint      ] Safepoint "ParallelGCFailedAllocation", Time since last: 20343691857 ns, Reaching safepoint: 82905 ns, Cleanup: 4601 ns, At safepoint: 6193212 ns, Total: 6280718 ns
[2197.518s][info ][safepoint      ] Safepoint "Cleanup", Time since last: 2000184748 ns, Reaching safepoint: 86806 ns, Cleanup: 10701 ns, At safepoint: 6600 ns, Total: 104107 ns
[2206.519s][info ][safepoint      ] Safepoint "Cleanup", Time since last: 9000743424 ns, Reaching safepoint: 78305 ns, Cleanup: 13301 ns, At safepoint: 6700 ns, Total: 98306 ns
[2208.519s][info ][safepoint      ] Safepoint "Cleanup", Time since last: 2000226706 ns, Reaching safepoint: 87206 ns, Cleanup: 10901 ns, At safepoint: 8000 ns, Total: 106107 ns
[2218.520s][info ][gc,start       ] GC(98) Pause Young (Allocation Failure)
[2218.525s][debug][gc,phases      ] GC(98) Scavenge 4.787ms
[2218.525s][debug][gc,ref         ] GC(98) ReferenceProcessor::execute queues: 1, RefProcThreadModel::Single, marks_oops_alive: false
[2218.525s][debug][gc,ref         ] GC(98) Skipped KeepAliveFinalRefsPhase of Reference Processing: no references
[2218.525s][debug][gc,ref         ] GC(98) Skipped PhantomRefsPhase of Reference Processing: no references
[2218.525s][debug][gc,phases      ] GC(98) Reference Processing 0.116ms
[2218.525s][debug][gc,phases      ] GC(98)   VM Weak                        Min:  0.0, Avg:  0.0, Max:  0.0, Diff:  0.0, Sum:  0.0, Workers: 4
[2218.525s][debug][gc,phases      ] GC(98)     Dead                           Min: 0, Avg:  0.0, Max: 0, Diff: 0, Sum: 0, Workers: 4
[2218.525s][debug][gc,phases      ] GC(98)     Total                          Min: 0, Avg: 263.2, Max: 640, Diff: 640, Sum: 1053, Workers: 4
[2218.525s][debug][gc,phases      ] GC(98)   ObjectSynchronizer Weak        Min:  0.0, Avg:  0.0, Max:  0.0, Diff:  0.0, Sum:  0.0, Workers: 4
[2218.525s][debug][gc,phases      ] GC(98)     Dead                           Min: 0, Avg:  0.0, Max: 0, Diff: 0, Sum: 0, Workers: 4
[2218.525s][debug][gc,phases      ] GC(98)     Total                          Min: 0, Avg:  0.8, Max: 3, Diff: 3, Sum: 3, Workers: 4
[2218.525s][debug][gc,phases      ] GC(98)   JVMTI Tag Weak OopStorage      Min:  0.0, Avg:  0.0, Max:  0.0, Diff:  0.0, Sum:  0.0, Workers: 4
[2218.525s][debug][gc,phases      ] GC(98)     Dead                           Min: 0, Avg:  0.0, Max: 0, Diff: 0, Sum: 0, Workers: 4
[2218.525s][debug][gc,phases      ] GC(98)     Total                          Min: 0, Avg:  0.0, Max: 0, Diff: 0, Sum: 0, Workers: 4
[2218.525s][debug][gc,phases      ] GC(98)   StringTable Weak               Min:  0.0, Avg:  0.1, Max:  0.1, Diff:  0.1, Sum:  0.4, Workers: 4
[2218.525s][debug][gc,phases      ] GC(98)     Dead                           Min: 0, Avg:  0.0, Max: 0, Diff: 0, Sum: 0, Workers: 4
[2218.525s][debug][gc,phases      ] GC(98)     Total                          Min: 0, Avg: 11820.5, Max: 17024, Diff: 17024, Sum: 47282, Workers: 4
[2218.525s][debug][gc,phases      ] GC(98)   ResolvedMethodTable Weak       Min:  0.0, Avg:  0.0, Max:  0.1, Diff:  0.1, Sum:  0.2, Workers: 4
[2218.525s][debug][gc,phases      ] GC(98)     Dead                           Min: 0, Avg:  4.0, Max: 16, Diff: 16, Sum: 16, Workers: 4
[2218.525s][debug][gc,phases      ] GC(98)     Total                          Min: 0, Avg: 4088.5, Max: 5601, Diff: 5601, Sum: 16354, Workers: 4
[2218.525s][debug][gc,phases      ] GC(98)   JNI Weak                       Min:  0.0, Avg:  0.0, Max:  0.0, Diff:  0.0, Sum:  0.0, Workers: 4
[2218.525s][debug][gc,phases      ] GC(98)     Dead                           Min: 0, Avg:  0.0, Max: 0, Diff: 0, Sum: 0, Workers: 4
[2218.525s][debug][gc,phases      ] GC(98)     Total                          Min: 0, Avg: 13.0, Max: 48, Diff: 48, Sum: 52, Workers: 4
[2218.525s][debug][gc,phases      ] GC(98)   StringDedup Table Weak         Min:  0.0, Avg:  0.0, Max:  0.0, Diff:  0.0, Sum:  0.0, Workers: 4
[2218.525s][debug][gc,phases      ] GC(98)     Dead                           Min: 0, Avg:  0.0, Max: 0, Diff: 0, Sum: 0, Workers: 4
[2218.525s][debug][gc,phases      ] GC(98)     Total                          Min: 0, Avg:  0.0, Max: 0, Diff: 0, Sum: 0, Workers: 4
[2218.525s][debug][gc,phases      ] GC(98)   StringDedup Requests0 Weak     Min:  0.0, Avg:  0.0, Max:  0.0, Diff:  0.0, Sum:  0.0, Workers: 4
[2218.525s][debug][gc,phases      ] GC(98)     Dead                           Min: 0, Avg:  0.0, Max: 0, Diff: 0, Sum: 0, Workers: 4
[2218.525s][debug][gc,phases      ] GC(98)     Total                          Min: 0, Avg:  0.0, Max: 0, Diff: 0, Sum: 0, Workers: 4
[2218.525s][debug][gc,phases      ] GC(98)   StringDedup Requests1 Weak     Min:  0.0, Avg:  0.0, Max:  0.0, Diff:  0.0, Sum:  0.0, Workers: 4
[2218.525s][debug][gc,phases      ] GC(98)     Dead                           Min: 0, Avg:  0.0, Max: 0, Diff: 0, Sum: 0, Workers: 4
[2218.525s][debug][gc,phases      ] GC(98)     Total                          Min: 0, Avg:  0.0, Max: 0, Diff: 0, Sum: 0, Workers: 4
[2218.525s][debug][gc,phases      ] GC(98)   Weak JFR Old Object Samples    Min:  0.0, Avg:  0.0, Max:  0.0, Diff:  0.0, Sum:  0.0, Workers: 4
[2218.525s][debug][gc,phases      ] GC(98)     Dead                           Min: 0, Avg:  0.0, Max: 0, Diff: 0, Sum: 0, Workers: 4
[2218.525s][debug][gc,phases      ] GC(98)     Total                          Min: 0, Avg:  0.0, Max: 0, Diff: 0, Sum: 0, Workers: 4
[2218.525s][debug][gc,phases      ] GC(98) Weak Processing 0.441ms
[2218.525s][debug][gc,age         ] GC(98) Desired survivor size 77594624 bytes, new threshold 1 (max threshold 15)
[2218.525s][info ][gc,heap        ] GC(98) PSYoungGen: 1937129K(2017280K)->4240K(2012672K) Eden: 1932800K(1932800K)->0K(1932800K) From: 4329K(84480K)->4240K(79872K)
[2218.525s][info ][gc,heap        ] GC(98) ParOldGen: 675292K(675328K)->676246K(676352K)
[2218.525s][info ][gc,metaspace   ] GC(98) Metaspace: 109330K(110720K)->109330K(110720K) NonClass: 92795K(93568K)->92795K(93568K) Class: 16534K(17152K)->16534K(17152K)
[2218.525s][info ][gc             ] GC(98) Pause Young (Allocation Failure) 2551M->664M(2626M) 5.487ms
[2218.525s][info ][gc,cpu         ] GC(98) User=0.02s Sys=0.00s Real=0.01s
[2218.525s][info ][safepoint      ] Safepoint "ParallelGCFailedAllocation", Time since last: 10000701473 ns, Reaching safepoint: 7500 ns, Cleanup: 4301 ns, At safepoint: 5594974 ns, Total: 5606775 ns
[2219.526s][info ][safepoint      ] Safepoint "Cleanup", Time since last: 1000099012 ns, Reaching safepoint: 7800 ns, Cleanup: 13201 ns, At safepoint: 3100 ns, Total: 24101 ns
[2242.012s][info ][gc,start       ] GC(99) Pause Young (Allocation Failure)
[2242.018s][debug][gc,phases      ] GC(99) Scavenge 5.791ms
[2242.018s][debug][gc,ref         ] GC(99) ReferenceProcessor::execute queues: 1, RefProcThreadModel::Single, marks_oops_alive: false
[2242.018s][debug][gc,ref         ] GC(99) Skipped KeepAliveFinalRefsPhase of Reference Processing: no references
[2242.018s][debug][gc,ref         ] GC(99) Skipped PhantomRefsPhase of Reference Processing: no references
[2242.018s][debug][gc,phases      ] GC(99) Reference Processing 0.143ms
[2242.019s][debug][gc,phases      ] GC(99)   VM Weak                        Min:  0.0, Avg:  0.0, Max:  0.0, Diff:  0.0, Sum:  0.0, Workers: 4
[2242.019s][debug][gc,phases      ] GC(99)     Dead                           Min: 0, Avg:  0.0, Max: 0, Diff: 0, Sum: 0, Workers: 4
[2242.019s][debug][gc,phases      ] GC(99)     Total                          Min: 0, Avg: 263.2, Max: 512, Diff: 512, Sum: 1053, Workers: 4
[2242.019s][debug][gc,phases      ] GC(99)   ObjectSynchronizer Weak        Min:  0.0, Avg:  0.0, Max:  0.0, Diff:  0.0, Sum:  0.0, Workers: 4
[2242.019s][debug][gc,phases      ] GC(99)     Dead                           Min: 0, Avg:  0.0, Max: 0, Diff: 0, Sum: 0, Workers: 4
[2242.019s][debug][gc,phases      ] GC(99)     Total                          Min: 0, Avg:  0.8, Max: 3, Diff: 3, Sum: 3, Workers: 4
[2242.019s][debug][gc,phases      ] GC(99)   JVMTI Tag Weak OopStorage      Min:  0.0, Avg:  0.0, Max:  0.0, Diff:  0.0, Sum:  0.0, Workers: 4
[2242.019s][debug][gc,phases      ] GC(99)     Dead                           Min: 0, Avg:  0.0, Max: 0, Diff: 0, Sum: 0, Workers: 4
[2242.019s][debug][gc,phases      ] GC(99)     Total                          Min: 0, Avg:  0.0, Max: 0, Diff: 0, Sum: 0, Workers: 4
[2242.019s][debug][gc,phases      ] GC(99)   StringTable Weak               Min:  0.0, Avg:  0.1, Max:  0.2, Diff:  0.2, Sum:  0.5, Workers: 4
[2242.019s][debug][gc,phases      ] GC(99)     Dead                           Min: 0, Avg:  0.0, Max: 0, Diff: 0, Sum: 0, Workers: 4
[2242.019s][debug][gc,phases      ] GC(99)     Total                          Min: 0, Avg: 11820.5, Max: 16128, Diff: 16128, Sum: 47282, Workers: 4
[2242.019s][debug][gc,phases      ] GC(99)   ResolvedMethodTable Weak       Min:  0.0, Avg:  0.0, Max:  0.1, Diff:  0.1, Sum:  0.2, Workers: 4
[2242.019s][debug][gc,phases      ] GC(99)     Dead                           Min: 0, Avg:  4.0, Max: 16, Diff: 16, Sum: 16, Workers: 4
[2242.019s][debug][gc,phases      ] GC(99)     Total                          Min: 0, Avg: 4088.5, Max: 5639, Diff: 5639, Sum: 16354, Workers: 4
[2242.019s][debug][gc,phases      ] GC(99)   JNI Weak                       Min:  0.0, Avg:  0.0, Max:  0.0, Diff:  0.0, Sum:  0.0, Workers: 4
[2242.019s][debug][gc,phases      ] GC(99)     Dead                           Min: 0, Avg:  0.0, Max: 0, Diff: 0, Sum: 0, Workers: 4
[2242.019s][debug][gc,phases      ] GC(99)     Total                          Min: 0, Avg: 13.0, Max: 48, Diff: 48, Sum: 52, Workers: 4
[2242.019s][debug][gc,phases      ] GC(99)   StringDedup Table Weak         Min:  0.0, Avg:  0.0, Max:  0.0, Diff:  0.0, Sum:  0.0, Workers: 4
[2242.019s][debug][gc,phases      ] GC(99)     Dead                           Min: 0, Avg:  0.0, Max: 0, Diff: 0, Sum: 0, Workers: 4
[2242.019s][debug][gc,phases      ] GC(99)     Total                          Min: 0, Avg:  0.0, Max: 0, Diff: 0, Sum: 0, Workers: 4
[2242.019s][debug][gc,phases      ] GC(99)   StringDedup Requests0 Weak     Min:  0.0, Avg:  0.0, Max:  0.0, Diff:  0.0, Sum:  0.0, Workers: 4
[2242.019s][debug][gc,phases      ] GC(99)     Dead                           Min: 0, Avg:  0.0, Max: 0, Diff: 0, Sum: 0, Workers: 4
[2242.019s][debug][gc,phases      ] GC(99)     Total                          Min: 0, Avg:  0.0, Max: 0, Diff: 0, Sum: 0, Workers: 4
[2242.019s][debug][gc,phases      ] GC(99)   StringDedup Requests1 Weak     Min:  0.0, Avg:  0.0, Max:  0.0, Diff:  0.0, Sum:  0.0, Workers: 4
[2242.019s][debug][gc,phases      ] GC(99)     Dead                           Min: 0, Avg:  0.0, Max: 0, Diff: 0, Sum: 0, Workers: 4
[2242.019s][debug][gc,phases      ] GC(99)     Total                          Min: 0, Avg:  0.0, Max: 0, Diff: 0, Sum: 0, Workers: 4
[2242.019s][debug][gc,phases      ] GC(99)   Weak JFR Old Object Samples    Min:  0.0, Avg:  0.0, Max:  0.0, Diff:  0.0, Sum:  0.0, Workers: 4
[2242.019s][debug][gc,phases      ] GC(99)     Dead                           Min: 0, Avg:  0.0, Max: 0, Diff: 0, Sum: 0, Workers: 4
[2242.019s][debug][gc,phases      ] GC(99)     Total                          Min: 0, Avg:  0.0, Max: 0, Diff: 0, Sum: 0, Workers: 4
[2242.019s][debug][gc,phases      ] GC(99) Weak Processing 0.448ms
[2242.019s][debug][gc,age         ] GC(99) Desired survivor size 72876032 bytes, new threshold 1 (max threshold 15)
[2242.019s][info ][gc,heap        ] GC(99) PSYoungGen: 1937040K(2012672K)->4272K(2025984K) Eden: 1932800K(1932800K)->0K(1950208K) From: 4240K(79872K)->4272K(75776K)
[2242.019s][info ][gc,heap        ] GC(99) ParOldGen: 676246K(676352K)->677110K(677376K)
[2242.019s][info ][gc,metaspace   ] GC(99) Metaspace: 109330K(110720K)->109330K(110720K) NonClass: 92795K(93568K)->92795K(93568K) Class: 16534K(17152K)->16534K(17152K)
[2242.019s][info ][gc             ] GC(99) Pause Young (Allocation Failure) 2552M->665M(2640M) 6.551ms
[2242.019s][info ][gc,cpu         ] GC(99) User=0.02s Sys=0.00s Real=0.01s
[2242.019s][info ][safepoint      ] Safepoint "ParallelGCFailedAllocation", Time since last: 22486475114 ns, Reaching safepoint: 228315 ns, Cleanup: 4000 ns, At safepoint: 6632543 ns, Total: 6864858 ns
[2251.020s][info ][safepoint      ] Safepoint "Cleanup", Time since last: 9000688828 ns, Reaching safepoint: 81105 ns, Cleanup: 11401 ns, At safepoint: 6500 ns, Total: 99006 ns
[2256.020s][info ][safepoint      ] Safepoint "Cleanup", Time since last: 5000407399 ns, Reaching safepoint: 101107 ns, Cleanup: 12100 ns, At safepoint: 8901 ns, Total: 122108 ns
[2265.021s][info ][safepoint      ] Safepoint "Cleanup", Time since last: 9000720914 ns, Reaching safepoint: 81205 ns, Cleanup: 13501 ns, At safepoint: 7201 ns, Total: 101907 ns
[2266.178s][info ][gc,start       ] GC(100) Pause Young (Allocation Failure)
[2266.183s][debug][gc,phases      ] GC(100) Scavenge 5.363ms
[2266.183s][debug][gc,ref         ] GC(100) ReferenceProcessor::execute queues: 1, RefProcThreadModel::Single, marks_oops_alive: false
[2266.183s][debug][gc,ref         ] GC(100) Skipped KeepAliveFinalRefsPhase of Reference Processing: no references
[2266.183s][debug][gc,ref         ] GC(100) Skipped PhantomRefsPhase of Reference Processing: no references
[2266.183s][debug][gc,phases      ] GC(100) Reference Processing 0.139ms
[2266.183s][debug][gc,phases      ] GC(100)   VM Weak                        Min:  0.0, Avg:  0.0, Max:  0.0, Diff:  0.0, Sum:  0.0, Workers: 4
[2266.183s][debug][gc,phases      ] GC(100)     Dead                           Min: 0, Avg:  0.0, Max: 0, Diff: 0, Sum: 0, Workers: 4
[2266.183s][debug][gc,phases      ] GC(100)     Total                          Min: 0, Avg: 263.2, Max: 448, Diff: 448, Sum: 1053, Workers: 4
[2266.183s][debug][gc,phases      ] GC(100)   ObjectSynchronizer Weak        Min:  0.0, Avg:  0.0, Max:  0.0, Diff:  0.0, Sum:  0.0, Workers: 4
[2266.183s][debug][gc,phases      ] GC(100)     Dead                           Min: 0, Avg:  0.0, Max: 0, Diff: 0, Sum: 0, Workers: 4
[2266.183s][debug][gc,phases      ] GC(100)     Total                          Min: 0, Avg:  0.8, Max: 3, Diff: 3, Sum: 3, Workers: 4
[2266.183s][debug][gc,phases      ] GC(100)   JVMTI Tag Weak OopStorage      Min:  0.0, Avg:  0.0, Max:  0.0, Diff:  0.0, Sum:  0.0, Workers: 4
[2266.183s][debug][gc,phases      ] GC(100)     Dead                           Min: 0, Avg:  0.0, Max: 0, Diff: 0, Sum: 0, Workers: 4
[2266.183s][debug][gc,phases      ] GC(100)     Total                          Min: 0, Avg:  0.0, Max: 0, Diff: 0, Sum: 0, Workers: 4
[2266.183s][debug][gc,phases      ] GC(100)   StringTable Weak               Min:  0.0, Avg:  0.1, Max:  0.2, Diff:  0.2, Sum:  0.5, Workers: 4
[2266.183s][debug][gc,phases      ] GC(100)     Dead                           Min: 0, Avg:  0.0, Max: 0, Diff: 0, Sum: 0, Workers: 4
[2266.184s][debug][gc,phases      ] GC(100)     Total                          Min: 0, Avg: 11820.5, Max: 16242, Diff: 16242, Sum: 47282, Workers: 4
[2266.184s][debug][gc,phases      ] GC(100)   ResolvedMethodTable Weak       Min:  0.0, Avg:  0.0, Max:  0.1, Diff:  0.1, Sum:  0.2, Workers: 4
[2266.184s][debug][gc,phases      ] GC(100)     Dead                           Min: 0, Avg:  4.0, Max: 16, Diff: 16, Sum: 16, Workers: 4
[2266.184s][debug][gc,phases      ] GC(100)     Total                          Min: 0, Avg: 4088.5, Max: 5617, Diff: 5617, Sum: 16354, Workers: 4
[2266.184s][debug][gc,phases      ] GC(100)   JNI Weak                       Min:  0.0, Avg:  0.0, Max:  0.0, Diff:  0.0, Sum:  0.0, Workers: 4
[2266.184s][debug][gc,phases      ] GC(100)     Dead                           Min: 0, Avg:  0.0, Max: 0, Diff: 0, Sum: 0, Workers: 4
[2266.184s][debug][gc,phases      ] GC(100)     Total                          Min: 0, Avg: 13.0, Max: 48, Diff: 48, Sum: 52, Workers: 4
[2266.184s][debug][gc,phases      ] GC(100)   StringDedup Table Weak         Min:  0.0, Avg:  0.0, Max:  0.0, Diff:  0.0, Sum:  0.0, Workers: 4
[2266.184s][debug][gc,phases      ] GC(100)     Dead                           Min: 0, Avg:  0.0, Max: 0, Diff: 0, Sum: 0, Workers: 4
[2266.184s][debug][gc,phases      ] GC(100)     Total                          Min: 0, Avg:  0.0, Max: 0, Diff: 0, Sum: 0, Workers: 4
[2266.184s][debug][gc,phases      ] GC(100)   StringDedup Requests0 Weak     Min:  0.0, Avg:  0.0, Max:  0.0, Diff:  0.0, Sum:  0.0, Workers: 4
[2266.184s][debug][gc,phases      ] GC(100)     Dead                           Min: 0, Avg:  0.0, Max: 0, Diff: 0, Sum: 0, Workers: 4
[2266.184s][debug][gc,phases      ] GC(100)     Total                          Min: 0, Avg:  0.0, Max: 0, Diff: 0, Sum: 0, Workers: 4
[2266.184s][debug][gc,phases      ] GC(100)   StringDedup Requests1 Weak     Min:  0.0, Avg:  0.0, Max:  0.0, Diff:  0.0, Sum:  0.0, Workers: 4
[2266.184s][debug][gc,phases      ] GC(100)     Dead                           Min: 0, Avg:  0.0, Max: 0, Diff: 0, Sum: 0, Workers: 4
[2266.184s][debug][gc,phases      ] GC(100)     Total                          Min: 0, Avg:  0.0, Max: 0, Diff: 0, Sum: 0, Workers: 4
[2266.184s][debug][gc,phases      ] GC(100)   Weak JFR Old Object Samples    Min:  0.0, Avg:  0.0, Max:  0.0, Diff:  0.0, Sum:  0.0, Workers: 4
[2266.184s][debug][gc,phases      ] GC(100)     Dead                           Min: 0, Avg:  0.0, Max: 0, Diff: 0, Sum: 0, Workers: 4
[2266.184s][debug][gc,phases      ] GC(100)     Total                          Min: 0, Avg:  0.0, Max: 0, Diff: 0, Sum: 0, Workers: 4
[2266.184s][debug][gc,phases      ] GC(100) Weak Processing 0.494ms
[2266.184s][debug][gc,age         ] GC(100) Desired survivor size 68681728 bytes, new threshold 1 (max threshold 15)
[2266.184s][info ][gc,heap        ] GC(100) PSYoungGen: 1954480K(2025984K)->4610K(2021376K) Eden: 1950208K(1950208K)->0K(1950208K) From: 4272K(75776K)->4610K(71168K)
[2266.184s][info ][gc,heap        ] GC(100) ParOldGen: 677110K(677376K)->677914K(678400K)
[2266.184s][info ][gc,metaspace   ] GC(100) Metaspace: 109337K(110720K)->109337K(110720K) NonClass: 92802K(93568K)->92802K(93568K) Class: 16534K(17152K)->16534K(17152K)
[2266.184s][info ][gc             ] GC(100) Pause Young (Allocation Failure) 2569M->666M(2636M) 6.157ms
[2266.184s][info ][gc,cpu         ] GC(100) User=0.03s Sys=0.00s Real=0.01s
[2266.184s][info ][safepoint      ] Safepoint "ParallelGCFailedAllocation", Time since last: 1156409346 ns, Reaching safepoint: 6701 ns, Cleanup: 5000 ns, At safepoint: 6238514 ns, Total: 6250215 ns
[2267.184s][info ][safepoint      ] Safepoint "Cleanup", Time since last: 1000092393 ns, Reaching safepoint: 7401 ns, Cleanup: 10200 ns, At safepoint: 2301 ns, Total: 19902 ns
[2281.185s][info ][safepoint      ] Safepoint "Cleanup", Time since last: 14001092720 ns, Reaching safepoint: 6700 ns, Cleanup: 12001 ns, At safepoint: 2400 ns, Total: 21101 ns
[2287.185s][info ][safepoint      ] Safepoint "Cleanup", Time since last: 6000474922 ns, Reaching safepoint: 6400 ns, Cleanup: 9801 ns, At safepoint: 2400 ns, Total: 18601 ns
[2290.316s][info ][gc,start       ] GC(101) Pause Young (Allocation Failure)
[2290.322s][debug][gc,phases      ] GC(101) Scavenge 5.103ms
[2290.322s][debug][gc,ref         ] GC(101) ReferenceProcessor::execute queues: 1, RefProcThreadModel::Single, marks_oops_alive: false
[2290.322s][debug][gc,ref         ] GC(101) Skipped KeepAliveFinalRefsPhase of Reference Processing: no references
[2290.322s][debug][gc,ref         ] GC(101) Skipped PhantomRefsPhase of Reference Processing: no references
[2290.322s][debug][gc,phases      ] GC(101) Reference Processing 0.114ms
[2290.322s][debug][gc,phases      ] GC(101)   VM Weak                        Min:  0.0, Avg:  0.0, Max:  0.0, Diff:  0.0, Sum:  0.0, Workers: 4
[2290.322s][debug][gc,phases      ] GC(101)     Dead                           Min: 0, Avg:  0.0, Max: 0, Diff: 0, Sum: 0, Workers: 4
[2290.322s][debug][gc,phases      ] GC(101)     Total                          Min: 0, Avg: 263.2, Max: 925, Diff: 925, Sum: 1053, Workers: 4
[2290.322s][debug][gc,phases      ] GC(101)   ObjectSynchronizer Weak        Min:  0.0, Avg:  0.0, Max:  0.0, Diff:  0.0, Sum:  0.0, Workers: 4
[2290.322s][debug][gc,phases      ] GC(101)     Dead                           Min: 0, Avg:  0.0, Max: 0, Diff: 0, Sum: 0, Workers: 4
[2290.322s][debug][gc,phases      ] GC(101)     Total                          Min: 0, Avg:  0.8, Max: 3, Diff: 3, Sum: 3, Workers: 4
[2290.322s][debug][gc,phases      ] GC(101)   JVMTI Tag Weak OopStorage      Min:  0.0, Avg:  0.0, Max:  0.0, Diff:  0.0, Sum:  0.0, Workers: 4
[2290.322s][debug][gc,phases      ] GC(101)     Dead                           Min: 0, Avg:  0.0, Max: 0, Diff: 0, Sum: 0, Workers: 4
[2290.322s][debug][gc,phases      ] GC(101)     Total                          Min: 0, Avg:  0.0, Max: 0, Diff: 0, Sum: 0, Workers: 4
[2290.322s][debug][gc,phases      ] GC(101)   StringTable Weak               Min:  0.0, Avg:  0.1, Max:  0.1, Diff:  0.1, Sum:  0.4, Workers: 4
[2290.322s][debug][gc,phases      ] GC(101)     Dead                           Min: 0, Avg:  0.0, Max: 0, Diff: 0, Sum: 0, Workers: 4
[2290.322s][debug][gc,phases      ] GC(101)     Total                          Min: 0, Avg: 11820.5, Max: 16064, Diff: 16064, Sum: 47282, Workers: 4
[2290.322s][debug][gc,phases      ] GC(101)   ResolvedMethodTable Weak       Min:  0.0, Avg:  0.0, Max:  0.1, Diff:  0.1, Sum:  0.2, Workers: 4
[2290.322s][debug][gc,phases      ] GC(101)     Dead                           Min: 0, Avg:  4.0, Max: 16, Diff: 16, Sum: 16, Workers: 4
[2290.322s][debug][gc,phases      ] GC(101)     Total                          Min: 0, Avg: 4088.5, Max: 5656, Diff: 5656, Sum: 16354, Workers: 4
[2290.322s][debug][gc,phases      ] GC(101)   JNI Weak                       Min:  0.0, Avg:  0.0, Max:  0.0, Diff:  0.0, Sum:  0.0, Workers: 4
[2290.322s][debug][gc,phases      ] GC(101)     Dead                           Min: 0, Avg:  0.0, Max: 0, Diff: 0, Sum: 0, Workers: 4
[2290.322s][debug][gc,phases      ] GC(101)     Total                          Min: 0, Avg: 13.0, Max: 48, Diff: 48, Sum: 52, Workers: 4
[2290.322s][debug][gc,phases      ] GC(101)   StringDedup Table Weak         Min:  0.0, Avg:  0.0, Max:  0.0, Diff:  0.0, Sum:  0.0, Workers: 4
[2290.322s][debug][gc,phases      ] GC(101)     Dead                           Min: 0, Avg:  0.0, Max: 0, Diff: 0, Sum: 0, Workers: 4
[2290.322s][debug][gc,phases      ] GC(101)     Total                          Min: 0, Avg:  0.0, Max: 0, Diff: 0, Sum: 0, Workers: 4
[2290.322s][debug][gc,phases      ] GC(101)   StringDedup Requests0 Weak     Min:  0.0, Avg:  0.0, Max:  0.0, Diff:  0.0, Sum:  0.0, Workers: 4
[2290.322s][debug][gc,phases      ] GC(101)     Dead                           Min: 0, Avg:  0.0, Max: 0, Diff: 0, Sum: 0, Workers: 4
[2290.322s][debug][gc,phases      ] GC(101)     Total                          Min: 0, Avg:  0.0, Max: 0, Diff: 0, Sum: 0, Workers: 4
[2290.322s][debug][gc,phases      ] GC(101)   StringDedup Requests1 Weak     Min:  0.0, Avg:  0.0, Max:  0.0, Diff:  0.0, Sum:  0.0, Workers: 4
[2290.322s][debug][gc,phases      ] GC(101)     Dead                           Min: 0, Avg:  0.0, Max: 0, Diff: 0, Sum: 0, Workers: 4
[2290.322s][debug][gc,phases      ] GC(101)     Total                          Min: 0, Avg:  0.0, Max: 0, Diff: 0, Sum: 0, Workers: 4
[2290.322s][debug][gc,phases      ] GC(101)   Weak JFR Old Object Samples    Min:  0.0, Avg:  0.0, Max:  0.0, Diff:  0.0, Sum:  0.0, Workers: 4
[2290.322s][debug][gc,phases      ] GC(101)     Dead                           Min: 0, Avg:  0.0, Max: 0, Diff: 0, Sum: 0, Workers: 4
[2290.322s][debug][gc,phases      ] GC(101)     Total                          Min: 0, Avg:  0.0, Max: 0, Diff: 0, Sum: 0, Workers: 4
[2290.322s][debug][gc,phases      ] GC(101) Weak Processing 0.449ms
[2290.322s][debug][gc,age         ] GC(101) Desired survivor size 65011712 bytes, new threshold 1 (max threshold 15)
[2290.322s][info ][gc,heap        ] GC(101) PSYoungGen: 1954818K(2021376K)->4336K(2033664K) Eden: 1950208K(1950208K)->0K(1966592K) From: 4610K(71168K)->4336K(67072K)
[2290.322s][info ][gc,heap        ] GC(101) ParOldGen: 677914K(678400K)->679129K(679424K)
[2290.322s][info ][gc,metaspace   ] GC(101) Metaspace: 109337K(110720K)->109337K(110720K) NonClass: 92802K(93568K)->92802K(93568K) Class: 16534K(17152K)->16534K(17152K)
[2290.322s][info ][gc             ] GC(101) Pause Young (Allocation Failure) 2571M->667M(2649M) 5.844ms
[2290.322s][info ][gc,cpu         ] GC(101) User=0.02s Sys=0.00s Real=0.01s
[2290.322s][info ][safepoint      ] Safepoint "ParallelGCFailedAllocation", Time since last: 3131011982 ns, Reaching safepoint: 7000 ns, Cleanup: 4701 ns, At safepoint: 5917986 ns, Total: 5929687 ns
[2298.323s][info ][safepoint      ] Safepoint "Cleanup", Time since last: 8000624166 ns, Reaching safepoint: 9201 ns, Cleanup: 13101 ns, At safepoint: 2900 ns, Total: 25202 ns
[2299.323s][info ][safepoint      ] Safepoint "Cleanup", Time since last: 1000125380 ns, Reaching safepoint: 79205 ns, Cleanup: 12101 ns, At safepoint: 6800 ns, Total: 98106 ns
[2310.324s][info ][safepoint      ] Safepoint "Cleanup", Time since last: 11000824201 ns, Reaching safepoint: 78705 ns, Cleanup: 9201 ns, At safepoint: 7200 ns, Total: 95106 ns
[2312.324s][info ][safepoint      ] Safepoint "Cleanup", Time since last: 2000203874 ns, Reaching safepoint: 77806 ns, Cleanup: 11500 ns, At safepoint: 6701 ns, Total: 96007 ns
[2313.325s][info ][safepoint      ] Safepoint "Cleanup", Time since last: 1000129639 ns, Reaching safepoint: 80705 ns, Cleanup: 11401 ns, At safepoint: 8400 ns, Total: 100506 ns
[2314.062s][info ][gc,start       ] GC(102) Pause Young (Allocation Failure)
[2314.067s][debug][gc,phases      ] GC(102) Scavenge 5.543ms
[2314.067s][debug][gc,ref         ] GC(102) ReferenceProcessor::execute queues: 1, RefProcThreadModel::Single, marks_oops_alive: false
[2314.067s][debug][gc,ref         ] GC(102) Skipped KeepAliveFinalRefsPhase of Reference Processing: no references
[2314.067s][debug][gc,ref         ] GC(102) Skipped PhantomRefsPhase of Reference Processing: no references
[2314.067s][debug][gc,phases      ] GC(102) Reference Processing 0.114ms
[2314.068s][debug][gc,phases      ] GC(102)   VM Weak                        Min:  0.0, Avg:  0.0, Max:  0.0, Diff:  0.0, Sum:  0.0, Workers: 4
[2314.068s][debug][gc,phases      ] GC(102)     Dead                           Min: 0, Avg:  0.0, Max: 0, Diff: 0, Sum: 0, Workers: 4
[2314.068s][debug][gc,phases      ] GC(102)     Total                          Min: 0, Avg: 263.2, Max: 541, Diff: 541, Sum: 1053, Workers: 4
[2314.068s][debug][gc,phases      ] GC(102)   ObjectSynchronizer Weak        Min:  0.0, Avg:  0.0, Max:  0.0, Diff:  0.0, Sum:  0.0, Workers: 4
[2314.068s][debug][gc,phases      ] GC(102)     Dead                           Min: 0, Avg:  0.0, Max: 0, Diff: 0, Sum: 0, Workers: 4
[2314.068s][debug][gc,phases      ] GC(102)     Total                          Min: 0, Avg:  0.8, Max: 3, Diff: 3, Sum: 3, Workers: 4
[2314.068s][debug][gc,phases      ] GC(102)   JVMTI Tag Weak OopStorage      Min:  0.0, Avg:  0.0, Max:  0.0, Diff:  0.0, Sum:  0.0, Workers: 4
[2314.068s][debug][gc,phases      ] GC(102)     Dead                           Min: 0, Avg:  0.0, Max: 0, Diff: 0, Sum: 0, Workers: 4
[2314.068s][debug][gc,phases      ] GC(102)     Total                          Min: 0, Avg:  0.0, Max: 0, Diff: 0, Sum: 0, Workers: 4
[2314.068s][debug][gc,phases      ] GC(102)   StringTable Weak               Min:  0.0, Avg:  0.1, Max:  0.1, Diff:  0.1, Sum:  0.4, Workers: 4
[2314.068s][debug][gc,phases      ] GC(102)     Dead                           Min: 0, Avg:  0.0, Max: 0, Diff: 0, Sum: 0, Workers: 4
[2314.068s][debug][gc,phases      ] GC(102)     Total                          Min: 0, Avg: 11820.5, Max: 16063, Diff: 16063, Sum: 47282, Workers: 4
[2314.068s][debug][gc,phases      ] GC(102)   ResolvedMethodTable Weak       Min:  0.0, Avg:  0.0, Max:  0.1, Diff:  0.1, Sum:  0.1, Workers: 4
[2314.068s][debug][gc,phases      ] GC(102)     Dead                           Min: 0, Avg:  4.0, Max: 16, Diff: 16, Sum: 16, Workers: 4
[2314.068s][debug][gc,phases      ] GC(102)     Total                          Min: 0, Avg: 4088.5, Max: 5610, Diff: 5610, Sum: 16354, Workers: 4
[2314.068s][debug][gc,phases      ] GC(102)   JNI Weak                       Min:  0.0, Avg:  0.0, Max:  0.0, Diff:  0.0, Sum:  0.0, Workers: 4
[2314.068s][debug][gc,phases      ] GC(102)     Dead                           Min: 0, Avg:  0.0, Max: 0, Diff: 0, Sum: 0, Workers: 4
[2314.068s][debug][gc,phases      ] GC(102)     Total                          Min: 0, Avg: 13.0, Max: 48, Diff: 48, Sum: 52, Workers: 4
[2314.068s][debug][gc,phases      ] GC(102)   StringDedup Table Weak         Min:  0.0, Avg:  0.0, Max:  0.0, Diff:  0.0, Sum:  0.0, Workers: 4
[2314.068s][debug][gc,phases      ] GC(102)     Dead                           Min: 0, Avg:  0.0, Max: 0, Diff: 0, Sum: 0, Workers: 4
[2314.068s][debug][gc,phases      ] GC(102)     Total                          Min: 0, Avg:  0.0, Max: 0, Diff: 0, Sum: 0, Workers: 4
[2314.068s][debug][gc,phases      ] GC(102)   StringDedup Requests0 Weak     Min:  0.0, Avg:  0.0, Max:  0.0, Diff:  0.0, Sum:  0.0, Workers: 4
[2314.068s][debug][gc,phases      ] GC(102)     Dead                           Min: 0, Avg:  0.0, Max: 0, Diff: 0, Sum: 0, Workers: 4
[2314.068s][debug][gc,phases      ] GC(102)     Total                          Min: 0, Avg:  0.0, Max: 0, Diff: 0, Sum: 0, Workers: 4
[2314.068s][debug][gc,phases      ] GC(102)   StringDedup Requests1 Weak     Min:  0.0, Avg:  0.0, Max:  0.0, Diff:  0.0, Sum:  0.0, Workers: 4
[2314.068s][debug][gc,phases      ] GC(102)     Dead                           Min: 0, Avg:  0.0, Max: 0, Diff: 0, Sum: 0, Workers: 4
[2314.068s][debug][gc,phases      ] GC(102)     Total                          Min: 0, Avg:  0.0, Max: 0, Diff: 0, Sum: 0, Workers: 4
[2314.068s][debug][gc,phases      ] GC(102)   Weak JFR Old Object Samples    Min:  0.0, Avg:  0.0, Max:  0.0, Diff:  0.0, Sum:  0.0, Workers: 4
[2314.068s][debug][gc,phases      ] GC(102)     Dead                           Min: 0, Avg:  0.0, Max: 0, Diff: 0, Sum: 0, Workers: 4
[2314.068s][debug][gc,phases      ] GC(102)     Total                          Min: 0, Avg:  0.0, Max: 0, Diff: 0, Sum: 0, Workers: 4
[2314.068s][debug][gc,phases      ] GC(102) Weak Processing 0.434ms
[2314.068s][debug][gc,age         ] GC(102) Desired survivor size 60817408 bytes, new threshold 1 (max threshold 15)
[2314.068s][info ][gc,heap        ] GC(102) PSYoungGen: 1970928K(2033664K)->4754K(2030080K) Eden: 1966592K(1966592K)->0K(1966592K) From: 4336K(67072K)->4754K(63488K)
[2314.068s][info ][gc,heap        ] GC(102) ParOldGen: 679129K(679424K)->680065K(680448K)
[2314.068s][info ][gc,metaspace   ] GC(102) Metaspace: 109338K(110720K)->109338K(110720K) NonClass: 92803K(93568K)->92803K(93568K) Class: 16534K(17152K)->16534K(17152K)
[2314.068s][info ][gc             ] GC(102) Pause Young (Allocation Failure) 2587M->668M(2647M) 6.228ms
[2314.068s][info ][gc,cpu         ] GC(102) User=0.02s Sys=0.01s Real=0.01s
[2314.068s][info ][safepoint      ] Safepoint "ParallelGCFailedAllocation", Time since last: 736808026 ns, Reaching safepoint: 79605 ns, Cleanup: 4901 ns, At safepoint: 6305220 ns, Total: 6389726 ns
[2315.068s][info ][safepoint      ] Safepoint "Cleanup", Time since last: 1000103894 ns, Reaching safepoint: 79205 ns, Cleanup: 10600 ns, At safepoint: 6601 ns, Total: 96406 ns
[2319.069s][info ][safepoint      ] Safepoint "Cleanup", Time since last: 4000352471 ns, Reaching safepoint: 80306 ns, Cleanup: 15101 ns, At safepoint: 9200 ns, Total: 104607 ns
[2321.069s][info ][safepoint      ] Safepoint "Cleanup", Time since last: 2000205688 ns, Reaching safepoint: 85006 ns, Cleanup: 11201 ns, At safepoint: 34902 ns, Total: 131109 ns
[2326.069s][info ][safepoint      ] Safepoint "Cleanup", Time since last: 5000466617 ns, Reaching safepoint: 79006 ns, Cleanup: 9000 ns, At safepoint: 6201 ns, Total: 94207 ns
[2328.070s][info ][safepoint      ] Safepoint "Cleanup", Time since last: 2000205343 ns, Reaching safepoint: 82506 ns, Cleanup: 14101 ns, At safepoint: 6300 ns, Total: 102907 ns
[2330.070s][info ][safepoint      ] Safepoint "Cleanup", Time since last: 2000204581 ns, Reaching safepoint: 79506 ns, Cleanup: 10700 ns, At safepoint: 7101 ns, Total: 97307 ns
[2338.423s][info ][gc,start       ] GC(103) Pause Young (Allocation Failure)
[2338.428s][debug][gc,phases      ] GC(103) Scavenge 4.606ms
[2338.428s][debug][gc,ref         ] GC(103) ReferenceProcessor::execute queues: 1, RefProcThreadModel::Single, marks_oops_alive: false
[2338.428s][debug][gc,ref         ] GC(103) Skipped KeepAliveFinalRefsPhase of Reference Processing: no references
[2338.428s][debug][gc,ref         ] GC(103) ReferenceProcessor::execute queues: 1, RefProcThreadModel::Single, marks_oops_alive: false
[2338.428s][debug][gc,phases      ] GC(103) Reference Processing 0.119ms
[2338.428s][debug][gc,phases      ] GC(103)   VM Weak                        Min:  0.0, Avg:  0.0, Max:  0.0, Diff:  0.0, Sum:  0.0, Workers: 4
[2338.428s][debug][gc,phases      ] GC(103)     Dead                           Min: 0, Avg:  0.0, Max: 0, Diff: 0, Sum: 0, Workers: 4
[2338.428s][debug][gc,phases      ] GC(103)     Total                          Min: 0, Avg: 263.2, Max: 768, Diff: 768, Sum: 1053, Workers: 4
[2338.428s][debug][gc,phases      ] GC(103)   ObjectSynchronizer Weak        Min:  0.0, Avg:  0.0, Max:  0.0, Diff:  0.0, Sum:  0.0, Workers: 4
[2338.428s][debug][gc,phases      ] GC(103)     Dead                           Min: 0, Avg:  0.0, Max: 0, Diff: 0, Sum: 0, Workers: 4
[2338.428s][debug][gc,phases      ] GC(103)     Total                          Min: 0, Avg:  0.8, Max: 3, Diff: 3, Sum: 3, Workers: 4
[2338.428s][debug][gc,phases      ] GC(103)   JVMTI Tag Weak OopStorage      Min:  0.0, Avg:  0.0, Max:  0.0, Diff:  0.0, Sum:  0.0, Workers: 4
[2338.428s][debug][gc,phases      ] GC(103)     Dead                           Min: 0, Avg:  0.0, Max: 0, Diff: 0, Sum: 0, Workers: 4
[2338.428s][debug][gc,phases      ] GC(103)     Total                          Min: 0, Avg:  0.0, Max: 0, Diff: 0, Sum: 0, Workers: 4
[2338.428s][debug][gc,phases      ] GC(103)   StringTable Weak               Min:  0.1, Avg:  0.1, Max:  0.1, Diff:  0.1, Sum:  0.5, Workers: 4
[2338.428s][debug][gc,phases      ] GC(103)     Dead                           Min: 0, Avg:  0.0, Max: 0, Diff: 0, Sum: 0, Workers: 4
[2338.428s][debug][gc,phases      ] GC(103)     Total                          Min: 5184, Avg: 11820.5, Max: 14336, Diff: 9152, Sum: 47282, Workers: 4
[2338.428s][debug][gc,phases      ] GC(103)   ResolvedMethodTable Weak       Min:  0.0, Avg:  0.0, Max:  0.0, Diff:  0.0, Sum:  0.2, Workers: 4
[2338.428s][debug][gc,phases      ] GC(103)     Dead                           Min: 0, Avg:  4.0, Max: 16, Diff: 16, Sum: 16, Workers: 4
[2338.428s][debug][gc,phases      ] GC(103)     Total                          Min: 3908, Avg: 4088.5, Max: 4333, Diff: 425, Sum: 16354, Workers: 4
[2338.428s][debug][gc,phases      ] GC(103)   JNI Weak                       Min:  0.0, Avg:  0.0, Max:  0.0, Diff:  0.0, Sum:  0.0, Workers: 4
[2338.428s][debug][gc,phases      ] GC(103)     Dead                           Min: 0, Avg:  0.0, Max: 0, Diff: 0, Sum: 0, Workers: 4
[2338.428s][debug][gc,phases      ] GC(103)     Total                          Min: 0, Avg: 13.0, Max: 48, Diff: 48, Sum: 52, Workers: 4
[2338.428s][debug][gc,phases      ] GC(103)   StringDedup Table Weak         Min:  0.0, Avg:  0.0, Max:  0.0, Diff:  0.0, Sum:  0.0, Workers: 4
[2338.428s][debug][gc,phases      ] GC(103)     Dead                           Min: 0, Avg:  0.0, Max: 0, Diff: 0, Sum: 0, Workers: 4
[2338.428s][debug][gc,phases      ] GC(103)     Total                          Min: 0, Avg:  0.0, Max: 0, Diff: 0, Sum: 0, Workers: 4
[2338.428s][debug][gc,phases      ] GC(103)   StringDedup Requests0 Weak     Min:  0.0, Avg:  0.0, Max:  0.0, Diff:  0.0, Sum:  0.0, Workers: 4
[2338.428s][debug][gc,phases      ] GC(103)     Dead                           Min: 0, Avg:  0.0, Max: 0, Diff: 0, Sum: 0, Workers: 4
[2338.428s][debug][gc,phases      ] GC(103)     Total                          Min: 0, Avg:  0.0, Max: 0, Diff: 0, Sum: 0, Workers: 4
[2338.428s][debug][gc,phases      ] GC(103)   StringDedup Requests1 Weak     Min:  0.0, Avg:  0.0, Max:  0.0, Diff:  0.0, Sum:  0.0, Workers: 4
[2338.428s][debug][gc,phases      ] GC(103)     Dead                           Min: 0, Avg:  0.0, Max: 0, Diff: 0, Sum: 0, Workers: 4
[2338.428s][debug][gc,phases      ] GC(103)     Total                          Min: 0, Avg:  0.0, Max: 0, Diff: 0, Sum: 0, Workers: 4
[2338.428s][debug][gc,phases      ] GC(103)   Weak JFR Old Object Samples    Min:  0.0, Avg:  0.0, Max:  0.0, Diff:  0.0, Sum:  0.0, Workers: 4
[2338.428s][debug][gc,phases      ] GC(103)     Dead                           Min: 0, Avg:  0.0, Max: 0, Diff: 0, Sum: 0, Workers: 4
[2338.428s][debug][gc,phases      ] GC(103)     Total                          Min: 0, Avg:  0.0, Max: 0, Diff: 0, Sum: 0, Workers: 4
[2338.428s][debug][gc,phases      ] GC(103) Weak Processing 0.451ms
[2338.428s][debug][gc,age         ] GC(103) Desired survivor size 57147392 bytes, new threshold 1 (max threshold 15)
[2338.428s][info ][gc,heap        ] GC(103) PSYoungGen: 1971346K(2030080K)->4448K(2041344K) Eden: 1966592K(1966592K)->0K(1981952K) From: 4754K(63488K)->4448K(59392K)
[2338.428s][info ][gc,heap        ] GC(103) ParOldGen: 680065K(680448K)->681168K(681472K)
[2338.428s][info ][gc,metaspace   ] GC(103) Metaspace: 109341K(110720K)->109341K(110720K) NonClass: 92806K(93568K)->92806K(93568K) Class: 16534K(17152K)->16534K(17152K)
[2338.428s][info ][gc             ] GC(103) Pause Young (Allocation Failure) 2589M->669M(2659M) 5.326ms
[2338.428s][info ][gc,cpu         ] GC(103) User=0.02s Sys=0.00s Real=0.00s
[2338.428s][info ][safepoint      ] Safepoint "ParallelGCFailedAllocation", Time since last: 8352879074 ns, Reaching safepoint: 6700 ns, Cleanup: 4701 ns, At safepoint: 5398975 ns, Total: 5410376 ns
[2354.430s][info ][safepoint      ] Safepoint "Cleanup", Time since last: 16001150775 ns, Reaching safepoint: 7400 ns, Cleanup: 11101 ns, At safepoint: 2300 ns, Total: 20801 ns
[2355.430s][info ][safepoint      ] Safepoint "Cleanup", Time since last: 1000122045 ns, Reaching safepoint: 7201 ns, Cleanup: 11100 ns, At safepoint: 2601 ns, Total: 20902 ns
[2361.764s][info ][gc,start       ] GC(104) Pause Young (Allocation Failure)
[2361.769s][debug][gc,phases      ] GC(104) Scavenge 4.620ms
[2361.769s][debug][gc,ref         ] GC(104) Skipped SoftWeakFinalRefsPhase of Reference Processing: no references
[2361.769s][debug][gc,ref         ] GC(104) Skipped KeepAliveFinalRefsPhase of Reference Processing: no references
[2361.769s][debug][gc,ref         ] GC(104) Skipped PhantomRefsPhase of Reference Processing: no references
[2361.769s][debug][gc,phases      ] GC(104) Reference Processing 0.026ms
[2361.769s][debug][gc,phases      ] GC(104)   VM Weak                        Min:  0.0, Avg:  0.0, Max:  0.0, Diff:  0.0, Sum:  0.0, Workers: 4
[2361.769s][debug][gc,phases      ] GC(104)     Dead                           Min: 0, Avg:  0.0, Max: 0, Diff: 0, Sum: 0, Workers: 4
[2361.769s][debug][gc,phases      ] GC(104)     Total                          Min: 0, Avg: 263.2, Max: 605, Diff: 605, Sum: 1053, Workers: 4
[2361.769s][debug][gc,phases      ] GC(104)   ObjectSynchronizer Weak        Min:  0.0, Avg:  0.0, Max:  0.0, Diff:  0.0, Sum:  0.0, Workers: 4
[2361.769s][debug][gc,phases      ] GC(104)     Dead                           Min: 0, Avg:  0.0, Max: 0, Diff: 0, Sum: 0, Workers: 4
[2361.769s][debug][gc,phases      ] GC(104)     Total                          Min: 0, Avg:  0.8, Max: 3, Diff: 3, Sum: 3, Workers: 4
[2361.769s][debug][gc,phases      ] GC(104)   JVMTI Tag Weak OopStorage      Min:  0.0, Avg:  0.0, Max:  0.0, Diff:  0.0, Sum:  0.0, Workers: 4
[2361.769s][debug][gc,phases      ] GC(104)     Dead                           Min: 0, Avg:  0.0, Max: 0, Diff: 0, Sum: 0, Workers: 4
[2361.769s][debug][gc,phases      ] GC(104)     Total                          Min: 0, Avg:  0.0, Max: 0, Diff: 0, Sum: 0, Workers: 4
[2361.769s][debug][gc,phases      ] GC(104)   StringTable Weak               Min:  0.0, Avg:  0.1, Max:  0.1, Diff:  0.1, Sum:  0.4, Workers: 4
[2361.769s][debug][gc,phases      ] GC(104)     Dead                           Min: 0, Avg:  0.0, Max: 0, Diff: 0, Sum: 0, Workers: 4
[2361.769s][debug][gc,phases      ] GC(104)     Total                          Min: 0, Avg: 11820.5, Max: 17842, Diff: 17842, Sum: 47282, Workers: 4
[2361.769s][debug][gc,phases      ] GC(104)   ResolvedMethodTable Weak       Min:  0.0, Avg:  0.0, Max:  0.1, Diff:  0.1, Sum:  0.2, Workers: 4
[2361.769s][debug][gc,phases      ] GC(104)     Dead                           Min: 0, Avg:  4.0, Max: 16, Diff: 16, Sum: 16, Workers: 4
[2361.769s][debug][gc,phases      ] GC(104)     Total                          Min: 0, Avg: 4088.5, Max: 5965, Diff: 5965, Sum: 16354, Workers: 4
[2361.769s][debug][gc,phases      ] GC(104)   JNI Weak                       Min:  0.0, Avg:  0.0, Max:  0.0, Diff:  0.0, Sum:  0.0, Workers: 4
[2361.769s][debug][gc,phases      ] GC(104)     Dead                           Min: 0, Avg:  0.0, Max: 0, Diff: 0, Sum: 0, Workers: 4
[2361.769s][debug][gc,phases      ] GC(104)     Total                          Min: 0, Avg: 13.0, Max: 52, Diff: 52, Sum: 52, Workers: 4
[2361.769s][debug][gc,phases      ] GC(104)   StringDedup Table Weak         Min:  0.0, Avg:  0.0, Max:  0.0, Diff:  0.0, Sum:  0.0, Workers: 4
[2361.769s][debug][gc,phases      ] GC(104)     Dead                           Min: 0, Avg:  0.0, Max: 0, Diff: 0, Sum: 0, Workers: 4
[2361.769s][debug][gc,phases      ] GC(104)     Total                          Min: 0, Avg:  0.0, Max: 0, Diff: 0, Sum: 0, Workers: 4
[2361.769s][debug][gc,phases      ] GC(104)   StringDedup Requests0 Weak     Min:  0.0, Avg:  0.0, Max:  0.0, Diff:  0.0, Sum:  0.0, Workers: 4
[2361.769s][debug][gc,phases      ] GC(104)     Dead                           Min: 0, Avg:  0.0, Max: 0, Diff: 0, Sum: 0, Workers: 4
[2361.769s][debug][gc,phases      ] GC(104)     Total                          Min: 0, Avg:  0.0, Max: 0, Diff: 0, Sum: 0, Workers: 4
[2361.769s][debug][gc,phases      ] GC(104)   StringDedup Requests1 Weak     Min:  0.0, Avg:  0.0, Max:  0.0, Diff:  0.0, Sum:  0.0, Workers: 4
[2361.769s][debug][gc,phases      ] GC(104)     Dead                           Min: 0, Avg:  0.0, Max: 0, Diff: 0, Sum: 0, Workers: 4
[2361.769s][debug][gc,phases      ] GC(104)     Total                          Min: 0, Avg:  0.0, Max: 0, Diff: 0, Sum: 0, Workers: 4
[2361.769s][debug][gc,phases      ] GC(104)   Weak JFR Old Object Samples    Min:  0.0, Avg:  0.0, Max:  0.0, Diff:  0.0, Sum:  0.0, Workers: 4
[2361.769s][debug][gc,phases      ] GC(104)     Dead                           Min: 0, Avg:  0.0, Max: 0, Diff: 0, Sum: 0, Workers: 4
[2361.769s][debug][gc,phases      ] GC(104)     Total                          Min: 0, Avg:  0.0, Max: 0, Diff: 0, Sum: 0, Workers: 4
[2361.769s][debug][gc,phases      ] GC(104) Weak Processing 0.446ms
[2361.770s][debug][gc,age         ] GC(104) Desired survivor size 53477376 bytes, new threshold 1 (max threshold 15)
[2361.770s][info ][gc,heap        ] GC(104) PSYoungGen: 1986400K(2041344K)->4368K(2037760K) Eden: 1981952K(1981952K)->0K(1981952K) From: 4448K(59392K)->4368K(55808K)
[2361.770s][info ][gc,heap        ] GC(104) ParOldGen: 681168K(681472K)->682044K(682496K)
[2361.770s][info ][gc,metaspace   ] GC(104) Metaspace: 109343K(110720K)->109343K(110720K) NonClass: 92808K(93568K)->92808K(93568K) Class: 16534K(17152K)->16534K(17152K)
[2361.770s][info ][gc             ] GC(104) Pause Young (Allocation Failure) 2605M->670M(2656M) 5.227ms
[2361.770s][info ][gc,cpu         ] GC(104) User=0.01s Sys=0.00s Real=0.00s
[2361.770s][info ][safepoint      ] Safepoint "ParallelGCFailedAllocation", Time since last: 6334534741 ns, Reaching safepoint: 86764 ns, Cleanup: 5104 ns, At safepoint: 5306217 ns, Total: 5398085 ns
[2364.770s][info ][safepoint      ] Safepoint "Cleanup", Time since last: 3000237683 ns, Reaching safepoint: 78405 ns, Cleanup: 9601 ns, At safepoint: 6300 ns, Total: 94306 ns
[2380.771s][info ][safepoint      ] Safepoint "Cleanup", Time since last: 16001227753 ns, Reaching safepoint: 77907 ns, Cleanup: 9401 ns, At safepoint: 6601 ns, Total: 93909 ns
[2385.771s][info ][gc,start       ] GC(105) Pause Young (Allocation Failure)
[2385.776s][debug][gc,phases      ] GC(105) Scavenge 4.674ms
[2385.776s][debug][gc,ref         ] GC(105) ReferenceProcessor::execute queues: 1, RefProcThreadModel::Single, marks_oops_alive: false
[2385.776s][debug][gc,ref         ] GC(105) Skipped KeepAliveFinalRefsPhase of Reference Processing: no references
[2385.776s][debug][gc,ref         ] GC(105) Skipped PhantomRefsPhase of Reference Processing: no references
[2385.776s][debug][gc,phases      ] GC(105) Reference Processing 0.117ms
[2385.777s][debug][gc,phases      ] GC(105)   VM Weak                        Min:  0.0, Avg:  0.0, Max:  0.0, Diff:  0.0, Sum:  0.0, Workers: 4
[2385.777s][debug][gc,phases      ] GC(105)     Dead                           Min: 0, Avg:  0.0, Max: 0, Diff: 0, Sum: 0, Workers: 4
[2385.777s][debug][gc,phases      ] GC(105)     Total                          Min: 0, Avg: 263.2, Max: 768, Diff: 768, Sum: 1053, Workers: 4
[2385.777s][debug][gc,phases      ] GC(105)   ObjectSynchronizer Weak        Min:  0.0, Avg:  0.0, Max:  0.0, Diff:  0.0, Sum:  0.0, Workers: 4
[2385.777s][debug][gc,phases      ] GC(105)     Dead                           Min: 0, Avg:  0.0, Max: 0, Diff: 0, Sum: 0, Workers: 4
[2385.777s][debug][gc,phases      ] GC(105)     Total                          Min: 0, Avg:  0.8, Max: 3, Diff: 3, Sum: 3, Workers: 4
[2385.777s][debug][gc,phases      ] GC(105)   JVMTI Tag Weak OopStorage      Min:  0.0, Avg:  0.0, Max:  0.0, Diff:  0.0, Sum:  0.0, Workers: 4
[2385.777s][debug][gc,phases      ] GC(105)     Dead                           Min: 0, Avg:  0.0, Max: 0, Diff: 0, Sum: 0, Workers: 4
[2385.777s][debug][gc,phases      ] GC(105)     Total                          Min: 0, Avg:  0.0, Max: 0, Diff: 0, Sum: 0, Workers: 4
[2385.777s][debug][gc,phases      ] GC(105)   StringTable Weak               Min:  0.0, Avg:  0.1, Max:  0.2, Diff:  0.2, Sum:  0.4, Workers: 4
[2385.777s][debug][gc,phases      ] GC(105)     Dead                           Min: 0, Avg:  0.0, Max: 0, Diff: 0, Sum: 0, Workers: 4
[2385.777s][debug][gc,phases      ] GC(105)     Total                          Min: 0, Avg: 11820.5, Max: 15936, Diff: 15936, Sum: 47282, Workers: 4
[2385.777s][debug][gc,phases      ] GC(105)   ResolvedMethodTable Weak       Min:  0.0, Avg:  0.0, Max:  0.1, Diff:  0.1, Sum:  0.2, Workers: 4
[2385.777s][debug][gc,phases      ] GC(105)     Dead                           Min: 0, Avg:  4.0, Max: 16, Diff: 16, Sum: 16, Workers: 4
[2385.777s][debug][gc,phases      ] GC(105)     Total                          Min: 0, Avg: 4088.5, Max: 6294, Diff: 6294, Sum: 16354, Workers: 4
[2385.777s][debug][gc,phases      ] GC(105)   JNI Weak                       Min:  0.0, Avg:  0.0, Max:  0.0, Diff:  0.0, Sum:  0.0, Workers: 4
[2385.777s][debug][gc,phases      ] GC(105)     Dead                           Min: 0, Avg:  0.0, Max: 0, Diff: 0, Sum: 0, Workers: 4
[2385.777s][debug][gc,phases      ] GC(105)     Total                          Min: 0, Avg: 13.0, Max: 48, Diff: 48, Sum: 52, Workers: 4
[2385.777s][debug][gc,phases      ] GC(105)   StringDedup Table Weak         Min:  0.0, Avg:  0.0, Max:  0.0, Diff:  0.0, Sum:  0.0, Workers: 4
[2385.777s][debug][gc,phases      ] GC(105)     Dead                           Min: 0, Avg:  0.0, Max: 0, Diff: 0, Sum: 0, Workers: 4
[2385.777s][debug][gc,phases      ] GC(105)     Total                          Min: 0, Avg:  0.0, Max: 0, Diff: 0, Sum: 0, Workers: 4
[2385.777s][debug][gc,phases      ] GC(105)   StringDedup Requests0 Weak     Min:  0.0, Avg:  0.0, Max:  0.0, Diff:  0.0, Sum:  0.0, Workers: 4
[2385.777s][debug][gc,phases      ] GC(105)     Dead                           Min: 0, Avg:  0.0, Max: 0, Diff: 0, Sum: 0, Workers: 4
[2385.777s][debug][gc,phases      ] GC(105)     Total                          Min: 0, Avg:  0.0, Max: 0, Diff: 0, Sum: 0, Workers: 4
[2385.777s][debug][gc,phases      ] GC(105)   StringDedup Requests1 Weak     Min:  0.0, Avg:  0.0, Max:  0.0, Diff:  0.0, Sum:  0.0, Workers: 4
[2385.777s][debug][gc,phases      ] GC(105)     Dead                           Min: 0, Avg:  0.0, Max: 0, Diff: 0, Sum: 0, Workers: 4
[2385.777s][debug][gc,phases      ] GC(105)     Total                          Min: 0, Avg:  0.0, Max: 0, Diff: 0, Sum: 0, Workers: 4
[2385.777s][debug][gc,phases      ] GC(105)   Weak JFR Old Object Samples    Min:  0.0, Avg:  0.0, Max:  0.0, Diff:  0.0, Sum:  0.0, Workers: 4
[2385.777s][debug][gc,phases      ] GC(105)     Dead                           Min: 0, Avg:  0.0, Max: 0, Diff: 0, Sum: 0, Workers: 4
[2385.777s][debug][gc,phases      ] GC(105)     Total                          Min: 0, Avg:  0.0, Max: 0, Diff: 0, Sum: 0, Workers: 4
[2385.777s][debug][gc,phases      ] GC(105) Weak Processing 0.453ms
[2385.777s][debug][gc,age         ] GC(105) Desired survivor size 50331648 bytes, new threshold 1 (max threshold 15)
[2385.777s][info ][gc,heap        ] GC(105) PSYoungGen: 1986320K(2037760K)->4416K(2048000K) Eden: 1981952K(1981952K)->0K(1995776K) From: 4368K(55808K)->4416K(52224K)
[2385.777s][info ][gc,heap        ] GC(105) ParOldGen: 682044K(682496K)->682980K(683008K)
[2385.777s][info ][gc,metaspace   ] GC(105) Metaspace: 109343K(110720K)->109343K(110720K) NonClass: 92808K(93568K)->92808K(93568K) Class: 16534K(17152K)->16534K(17152K)
[2385.777s][info ][gc             ] GC(105) Pause Young (Allocation Failure) 2605M->671M(2667M) 5.396ms
[2385.777s][info ][gc,cpu         ] GC(105) User=0.02s Sys=0.00s Real=0.01s
[2385.777s][info ][safepoint      ] Safepoint "ParallelGCFailedAllocation", Time since last: 5000120581 ns, Reaching safepoint: 81006 ns, Cleanup: 4301 ns, At safepoint: 5477537 ns, Total: 5562844 ns
[2391.777s][info ][safepoint      ] Safepoint "Cleanup", Time since last: 6000454175 ns, Reaching safepoint: 5701 ns, Cleanup: 8300 ns, At safepoint: 2600 ns, Total: 16601 ns
[2393.778s][info ][safepoint      ] Safepoint "Cleanup", Time since last: 2000176838 ns, Reaching safepoint: 6501 ns, Cleanup: 9001 ns, At safepoint: 2700 ns, Total: 18202 ns
[2410.264s][info ][gc,start       ] GC(106) Pause Young (Allocation Failure)
[2410.269s][debug][gc,phases      ] GC(106) Scavenge 4.997ms
[2410.269s][debug][gc,ref         ] GC(106) ReferenceProcessor::execute queues: 1, RefProcThreadModel::Single, marks_oops_alive: false
[2410.269s][debug][gc,ref         ] GC(106) Skipped KeepAliveFinalRefsPhase of Reference Processing: no references
[2410.269s][debug][gc,ref         ] GC(106) Skipped PhantomRefsPhase of Reference Processing: no references
[2410.269s][debug][gc,phases      ] GC(106) Reference Processing 0.117ms
[2410.269s][debug][gc,phases      ] GC(106)   VM Weak                        Min:  0.0, Avg:  0.0, Max:  0.0, Diff:  0.0, Sum:  0.0, Workers: 4
[2410.269s][debug][gc,phases      ] GC(106)     Dead                           Min: 0, Avg:  0.0, Max: 0, Diff: 0, Sum: 0, Workers: 4
[2410.269s][debug][gc,phases      ] GC(106)     Total                          Min: 0, Avg: 263.2, Max: 541, Diff: 541, Sum: 1053, Workers: 4
[2410.269s][debug][gc,phases      ] GC(106)   ObjectSynchronizer Weak        Min:  0.0, Avg:  0.0, Max:  0.0, Diff:  0.0, Sum:  0.0, Workers: 4
[2410.269s][debug][gc,phases      ] GC(106)     Dead                           Min: 0, Avg:  0.0, Max: 0, Diff: 0, Sum: 0, Workers: 4
[2410.269s][debug][gc,phases      ] GC(106)     Total                          Min: 0, Avg:  0.8, Max: 3, Diff: 3, Sum: 3, Workers: 4
[2410.269s][debug][gc,phases      ] GC(106)   JVMTI Tag Weak OopStorage      Min:  0.0, Avg:  0.0, Max:  0.0, Diff:  0.0, Sum:  0.0, Workers: 4
[2410.269s][debug][gc,phases      ] GC(106)     Dead                           Min: 0, Avg:  0.0, Max: 0, Diff: 0, Sum: 0, Workers: 4
[2410.269s][debug][gc,phases      ] GC(106)     Total                          Min: 0, Avg:  0.0, Max: 0, Diff: 0, Sum: 0, Workers: 4
[2410.269s][debug][gc,phases      ] GC(106)   StringTable Weak               Min:  0.0, Avg:  0.1, Max:  0.1, Diff:  0.1, Sum:  0.4, Workers: 4
[2410.269s][debug][gc,phases      ] GC(106)     Dead                           Min: 0, Avg:  0.0, Max: 0, Diff: 0, Sum: 0, Workers: 4
[2410.269s][debug][gc,phases      ] GC(106)     Total                          Min: 0, Avg: 11821.2, Max: 17023, Diff: 17023, Sum: 47285, Workers: 4
[2410.269s][debug][gc,phases      ] GC(106)   ResolvedMethodTable Weak       Min:  0.0, Avg:  0.0, Max:  0.1, Diff:  0.1, Sum:  0.2, Workers: 4
[2410.269s][debug][gc,phases      ] GC(106)     Dead                           Min: 0, Avg:  4.0, Max: 16, Diff: 16, Sum: 16, Workers: 4
[2410.269s][debug][gc,phases      ] GC(106)     Total                          Min: 0, Avg: 4088.5, Max: 5615, Diff: 5615, Sum: 16354, Workers: 4
[2410.269s][debug][gc,phases      ] GC(106)   JNI Weak                       Min:  0.0, Avg:  0.0, Max:  0.0, Diff:  0.0, Sum:  0.0, Workers: 4
[2410.269s][debug][gc,phases      ] GC(106)     Dead                           Min: 0, Avg:  0.0, Max: 0, Diff: 0, Sum: 0, Workers: 4
[2410.269s][debug][gc,phases      ] GC(106)     Total                          Min: 0, Avg: 13.0, Max: 48, Diff: 48, Sum: 52, Workers: 4
[2410.269s][debug][gc,phases      ] GC(106)   StringDedup Table Weak         Min:  0.0, Avg:  0.0, Max:  0.0, Diff:  0.0, Sum:  0.0, Workers: 4
[2410.269s][debug][gc,phases      ] GC(106)     Dead                           Min: 0, Avg:  0.0, Max: 0, Diff: 0, Sum: 0, Workers: 4
[2410.269s][debug][gc,phases      ] GC(106)     Total                          Min: 0, Avg:  0.0, Max: 0, Diff: 0, Sum: 0, Workers: 4
[2410.269s][debug][gc,phases      ] GC(106)   StringDedup Requests0 Weak     Min:  0.0, Avg:  0.0, Max:  0.0, Diff:  0.0, Sum:  0.0, Workers: 4
[2410.269s][debug][gc,phases      ] GC(106)     Dead                           Min: 0, Avg:  0.0, Max: 0, Diff: 0, Sum: 0, Workers: 4
[2410.269s][debug][gc,phases      ] GC(106)     Total                          Min: 0, Avg:  0.0, Max: 0, Diff: 0, Sum: 0, Workers: 4
[2410.269s][debug][gc,phases      ] GC(106)   StringDedup Requests1 Weak     Min:  0.0, Avg:  0.0, Max:  0.0, Diff:  0.0, Sum:  0.0, Workers: 4
[2410.269s][debug][gc,phases      ] GC(106)     Dead                           Min: 0, Avg:  0.0, Max: 0, Diff: 0, Sum: 0, Workers: 4
[2410.269s][debug][gc,phases      ] GC(106)     Total                          Min: 0, Avg:  0.0, Max: 0, Diff: 0, Sum: 0, Workers: 4
[2410.269s][debug][gc,phases      ] GC(106)   Weak JFR Old Object Samples    Min:  0.0, Avg:  0.0, Max:  0.0, Diff:  0.0, Sum:  0.0, Workers: 4
[2410.269s][debug][gc,phases      ] GC(106)     Dead                           Min: 0, Avg:  0.0, Max: 0, Diff: 0, Sum: 0, Workers: 4
[2410.269s][debug][gc,phases      ] GC(106)     Total                          Min: 0, Avg:  0.0, Max: 0, Diff: 0, Sum: 0, Workers: 4
[2410.269s][debug][gc,phases      ] GC(106) Weak Processing 0.444ms
[2410.269s][debug][gc,age         ] GC(106) Desired survivor size 47185920 bytes, new threshold 1 (max threshold 15)
[2410.269s][info ][gc,heap        ] GC(106) PSYoungGen: 2000192K(2048000K)->4587K(2044928K) Eden: 1995776K(1995776K)->0K(1995776K) From: 4416K(52224K)->4587K(49152K)
[2410.269s][info ][gc,heap        ] GC(106) ParOldGen: 682980K(683008K)->683788K(684032K)
[2410.269s][info ][gc,metaspace   ] GC(106) Metaspace: 109343K(110720K)->109343K(110720K) NonClass: 92808K(93568K)->92808K(93568K) Class: 16534K(17152K)->16534K(17152K)
[2410.269s][info ][gc             ] GC(106) Pause Young (Allocation Failure) 2620M->672M(2665M) 5.733ms
[2410.269s][info ][gc,cpu         ] GC(106) User=0.02s Sys=0.00s Real=0.00s
[2410.269s][info ][safepoint      ] Safepoint "ParallelGCFailedAllocation", Time since last: 16486052542 ns, Reaching safepoint: 7500 ns, Cleanup: 5701 ns, At safepoint: 5811367 ns, Total: 5824568 ns
[2435.174s][info ][gc,start       ] GC(107) Pause Young (Allocation Failure)
[2435.179s][debug][gc,phases      ] GC(107) Scavenge 5.074ms
[2435.179s][debug][gc,ref         ] GC(107) ReferenceProcessor::execute queues: 1, RefProcThreadModel::Single, marks_oops_alive: false
[2435.179s][debug][gc,ref         ] GC(107) Skipped KeepAliveFinalRefsPhase of Reference Processing: no references
[2435.179s][debug][gc,ref         ] GC(107) Skipped PhantomRefsPhase of Reference Processing: no references
[2435.179s][debug][gc,phases      ] GC(107) Reference Processing 0.125ms
[2435.179s][debug][gc,phases      ] GC(107)   VM Weak                        Min:  0.0, Avg:  0.0, Max:  0.0, Diff:  0.0, Sum:  0.0, Workers: 4
[2435.180s][debug][gc,phases      ] GC(107)     Dead                           Min: 0, Avg:  0.0, Max: 0, Diff: 0, Sum: 0, Workers: 4
[2435.180s][debug][gc,phases      ] GC(107)     Total                          Min: 0, Avg: 263.2, Max: 861, Diff: 861, Sum: 1053, Workers: 4
[2435.180s][debug][gc,phases      ] GC(107)   ObjectSynchronizer Weak        Min:  0.0, Avg:  0.0, Max:  0.0, Diff:  0.0, Sum:  0.0, Workers: 4
[2435.180s][debug][gc,phases      ] GC(107)     Dead                           Min: 0, Avg:  0.0, Max: 0, Diff: 0, Sum: 0, Workers: 4
[2435.180s][debug][gc,phases      ] GC(107)     Total                          Min: 0, Avg:  0.8, Max: 3, Diff: 3, Sum: 3, Workers: 4
[2435.180s][debug][gc,phases      ] GC(107)   JVMTI Tag Weak OopStorage      Min:  0.0, Avg:  0.0, Max:  0.0, Diff:  0.0, Sum:  0.0, Workers: 4
[2435.180s][debug][gc,phases      ] GC(107)     Dead                           Min: 0, Avg:  0.0, Max: 0, Diff: 0, Sum: 0, Workers: 4
[2435.180s][debug][gc,phases      ] GC(107)     Total                          Min: 0, Avg:  0.0, Max: 0, Diff: 0, Sum: 0, Workers: 4
[2435.180s][debug][gc,phases      ] GC(107)   StringTable Weak               Min:  0.0, Avg:  0.1, Max:  0.2, Diff:  0.1, Sum:  0.6, Workers: 4
[2435.180s][debug][gc,phases      ] GC(107)     Dead                           Min: 0, Avg:  0.0, Max: 0, Diff: 0, Sum: 0, Workers: 4
[2435.180s][debug][gc,phases      ] GC(107)     Total                          Min: 3520, Avg: 11821.2, Max: 16438, Diff: 12918, Sum: 47285, Workers: 4
[2435.180s][debug][gc,phases      ] GC(107)   ResolvedMethodTable Weak       Min:  0.0, Avg:  0.0, Max:  0.0, Diff:  0.0, Sum:  0.2, Workers: 4
[2435.180s][debug][gc,phases      ] GC(107)     Dead                           Min: 0, Avg:  4.0, Max: 16, Diff: 16, Sum: 16, Workers: 4
[2435.180s][debug][gc,phases      ] GC(107)     Total                          Min: 3816, Avg: 4088.5, Max: 4317, Diff: 501, Sum: 16354, Workers: 4
[2435.180s][debug][gc,phases      ] GC(107)   JNI Weak                       Min:  0.0, Avg:  0.0, Max:  0.0, Diff:  0.0, Sum:  0.0, Workers: 4
[2435.180s][debug][gc,phases      ] GC(107)     Dead                           Min: 0, Avg:  0.0, Max: 0, Diff: 0, Sum: 0, Workers: 4
[2435.180s][debug][gc,phases      ] GC(107)     Total                          Min: 0, Avg: 13.0, Max: 48, Diff: 48, Sum: 52, Workers: 4
[2435.180s][debug][gc,phases      ] GC(107)   StringDedup Table Weak         Min:  0.0, Avg:  0.0, Max:  0.0, Diff:  0.0, Sum:  0.0, Workers: 4
[2435.180s][debug][gc,phases      ] GC(107)     Dead                           Min: 0, Avg:  0.0, Max: 0, Diff: 0, Sum: 0, Workers: 4
[2435.180s][debug][gc,phases      ] GC(107)     Total                          Min: 0, Avg:  0.0, Max: 0, Diff: 0, Sum: 0, Workers: 4
[2435.180s][debug][gc,phases      ] GC(107)   StringDedup Requests0 Weak     Min:  0.0, Avg:  0.0, Max:  0.0, Diff:  0.0, Sum:  0.0, Workers: 4
[2435.180s][debug][gc,phases      ] GC(107)     Dead                           Min: 0, Avg:  0.0, Max: 0, Diff: 0, Sum: 0, Workers: 4
[2435.180s][debug][gc,phases      ] GC(107)     Total                          Min: 0, Avg:  0.0, Max: 0, Diff: 0, Sum: 0, Workers: 4
[2435.180s][debug][gc,phases      ] GC(107)   StringDedup Requests1 Weak     Min:  0.0, Avg:  0.0, Max:  0.0, Diff:  0.0, Sum:  0.0, Workers: 4
[2435.180s][debug][gc,phases      ] GC(107)     Dead                           Min: 0, Avg:  0.0, Max: 0, Diff: 0, Sum: 0, Workers: 4
[2435.180s][debug][gc,phases      ] GC(107)     Total                          Min: 0, Avg:  0.0, Max: 0, Diff: 0, Sum: 0, Workers: 4
[2435.180s][debug][gc,phases      ] GC(107)   Weak JFR Old Object Samples    Min:  0.0, Avg:  0.0, Max:  0.0, Diff:  0.0, Sum:  0.0, Workers: 4
[2435.180s][debug][gc,phases      ] GC(107)     Dead                           Min: 0, Avg:  0.0, Max: 0, Diff: 0, Sum: 0, Workers: 4
[2435.180s][debug][gc,phases      ] GC(107)     Total                          Min: 0, Avg:  0.0, Max: 0, Diff: 0, Sum: 0, Workers: 4
[2435.180s][debug][gc,phases      ] GC(107) Weak Processing 0.476ms
[2435.180s][debug][gc,age         ] GC(107) Desired survivor size 44040192 bytes, new threshold 1 (max threshold 15)
[2435.180s][info ][gc,heap        ] GC(107) PSYoungGen: 2000363K(2044928K)->4448K(2054144K) Eden: 1995776K(1995776K)->0K(2008064K) From: 4587K(49152K)->4448K(46080K)
[2435.180s][info ][gc,heap        ] GC(107) ParOldGen: 683788K(684032K)->684944K(685056K)
[2435.180s][info ][gc,metaspace   ] GC(107) Metaspace: 109345K(110720K)->109345K(110720K) NonClass: 92810K(93568K)->92810K(93568K) Class: 16534K(17152K)->16534K(17152K)
[2435.180s][info ][gc             ] GC(107) Pause Young (Allocation Failure) 2621M->673M(2675M) 5.826ms
[2435.180s][info ][gc,cpu         ] GC(107) User=0.02s Sys=0.00s Real=0.01s
[2435.180s][info ][safepoint      ] Safepoint "ParallelGCFailedAllocation", Time since last: 24904397331 ns, Reaching safepoint: 7101 ns, Cleanup: 4100 ns, At safepoint: 5900955 ns, Total: 5912156 ns
[2445.181s][info ][safepoint      ] Safepoint "Cleanup", Time since last: 10000769477 ns, Reaching safepoint: 7100 ns, Cleanup: 11901 ns, At safepoint: 2701 ns, Total: 21702 ns
[2459.789s][info ][gc,start       ] GC(108) Pause Young (Allocation Failure)
[2459.796s][debug][gc,phases      ] GC(108) Scavenge 7.355ms
[2459.796s][debug][gc,ref         ] GC(108) ReferenceProcessor::execute queues: 1, RefProcThreadModel::Single, marks_oops_alive: false
[2459.796s][debug][gc,ref         ] GC(108) Skipped KeepAliveFinalRefsPhase of Reference Processing: no references
[2459.796s][debug][gc,ref         ] GC(108) Skipped PhantomRefsPhase of Reference Processing: no references
[2459.796s][debug][gc,phases      ] GC(108) Reference Processing 0.100ms
[2459.797s][debug][gc,phases      ] GC(108)   VM Weak                        Min:  0.0, Avg:  0.0, Max:  0.0, Diff:  0.0, Sum:  0.0, Workers: 4
[2459.797s][debug][gc,phases      ] GC(108)     Dead                           Min: 0, Avg:  0.0, Max: 0, Diff: 0, Sum: 0, Workers: 4
[2459.797s][debug][gc,phases      ] GC(108)     Total                          Min: 0, Avg: 263.2, Max: 640, Diff: 640, Sum: 1053, Workers: 4
[2459.797s][debug][gc,phases      ] GC(108)   ObjectSynchronizer Weak        Min:  0.0, Avg:  0.0, Max:  0.0, Diff:  0.0, Sum:  0.0, Workers: 4
[2459.797s][debug][gc,phases      ] GC(108)     Dead                           Min: 0, Avg:  0.0, Max: 0, Diff: 0, Sum: 0, Workers: 4
[2459.797s][debug][gc,phases      ] GC(108)     Total                          Min: 0, Avg:  0.8, Max: 3, Diff: 3, Sum: 3, Workers: 4
[2459.797s][debug][gc,phases      ] GC(108)   JVMTI Tag Weak OopStorage      Min:  0.0, Avg:  0.0, Max:  0.0, Diff:  0.0, Sum:  0.0, Workers: 4
[2459.797s][debug][gc,phases      ] GC(108)     Dead                           Min: 0, Avg:  0.0, Max: 0, Diff: 0, Sum: 0, Workers: 4
[2459.797s][debug][gc,phases      ] GC(108)     Total                          Min: 0, Avg:  0.0, Max: 0, Diff: 0, Sum: 0, Workers: 4
[2459.797s][debug][gc,phases      ] GC(108)   StringTable Weak               Min:  0.1, Avg:  0.1, Max:  0.1, Diff:  0.0, Sum:  0.5, Workers: 4
[2459.797s][debug][gc,phases      ] GC(108)     Dead                           Min: 0, Avg:  0.0, Max: 0, Diff: 0, Sum: 0, Workers: 4
[2459.797s][debug][gc,phases      ] GC(108)     Total                          Min: 10176, Avg: 11821.2, Max: 14326, Diff: 4150, Sum: 47285, Workers: 4
[2459.797s][debug][gc,phases      ] GC(108)   ResolvedMethodTable Weak       Min:  0.0, Avg:  0.0, Max:  0.0, Diff:  0.0, Sum:  0.2, Workers: 4
[2459.797s][debug][gc,phases      ] GC(108)     Dead                           Min: 0, Avg:  4.0, Max: 16, Diff: 16, Sum: 16, Workers: 4
[2459.797s][debug][gc,phases      ] GC(108)     Total                          Min: 3842, Avg: 4088.5, Max: 4371, Diff: 529, Sum: 16354, Workers: 4
[2459.797s][debug][gc,phases      ] GC(108)   JNI Weak                       Min:  0.0, Avg:  0.0, Max:  0.0, Diff:  0.0, Sum:  0.0, Workers: 4
[2459.797s][debug][gc,phases      ] GC(108)     Dead                           Min: 0, Avg:  0.0, Max: 0, Diff: 0, Sum: 0, Workers: 4
[2459.797s][debug][gc,phases      ] GC(108)     Total                          Min: 0, Avg: 13.0, Max: 48, Diff: 48, Sum: 52, Workers: 4
[2459.797s][debug][gc,phases      ] GC(108)   StringDedup Table Weak         Min:  0.0, Avg:  0.0, Max:  0.0, Diff:  0.0, Sum:  0.0, Workers: 4
[2459.797s][debug][gc,phases      ] GC(108)     Dead                           Min: 0, Avg:  0.0, Max: 0, Diff: 0, Sum: 0, Workers: 4
[2459.797s][debug][gc,phases      ] GC(108)     Total                          Min: 0, Avg:  0.0, Max: 0, Diff: 0, Sum: 0, Workers: 4
[2459.797s][debug][gc,phases      ] GC(108)   StringDedup Requests0 Weak     Min:  0.0, Avg:  0.0, Max:  0.0, Diff:  0.0, Sum:  0.0, Workers: 4
[2459.797s][debug][gc,phases      ] GC(108)     Dead                           Min: 0, Avg:  0.0, Max: 0, Diff: 0, Sum: 0, Workers: 4
[2459.797s][debug][gc,phases      ] GC(108)     Total                          Min: 0, Avg:  0.0, Max: 0, Diff: 0, Sum: 0, Workers: 4
[2459.797s][debug][gc,phases      ] GC(108)   StringDedup Requests1 Weak     Min:  0.0, Avg:  0.0, Max:  0.0, Diff:  0.0, Sum:  0.0, Workers: 4
[2459.797s][debug][gc,phases      ] GC(108)     Dead                           Min: 0, Avg:  0.0, Max: 0, Diff: 0, Sum: 0, Workers: 4
[2459.797s][debug][gc,phases      ] GC(108)     Total                          Min: 0, Avg:  0.0, Max: 0, Diff: 0, Sum: 0, Workers: 4
[2459.797s][debug][gc,phases      ] GC(108)   Weak JFR Old Object Samples    Min:  0.0, Avg:  0.0, Max:  0.0, Diff:  0.0, Sum:  0.0, Workers: 4
[2459.797s][debug][gc,phases      ] GC(108)     Dead                           Min: 0, Avg:  0.0, Max: 0, Diff: 0, Sum: 0, Workers: 4
[2459.797s][debug][gc,phases      ] GC(108)     Total                          Min: 0, Avg:  0.0, Max: 0, Diff: 0, Sum: 0, Workers: 4
[2459.797s][debug][gc,phases      ] GC(108) Weak Processing 0.403ms
[2459.797s][debug][gc,age         ] GC(108) Desired survivor size 41418752 bytes, new threshold 1 (max threshold 15)
[2459.797s][info ][gc,heap        ] GC(108) PSYoungGen: 2012512K(2054144K)->4571K(2051072K) Eden: 2008064K(2008064K)->0K(2008064K) From: 4448K(46080K)->4571K(43008K)
[2459.797s][info ][gc,heap        ] GC(108) ParOldGen: 684944K(685056K)->685656K(686080K)
[2459.797s][info ][gc,metaspace   ] GC(108) Metaspace: 109345K(110720K)->109345K(110720K) NonClass: 92810K(93568K)->92810K(93568K) Class: 16534K(17152K)->16534K(17152K)
[2459.797s][info ][gc             ] GC(108) Pause Young (Allocation Failure) 2634M->674M(2673M) 7.980ms
[2459.797s][info ][gc,cpu         ] GC(108) User=0.02s Sys=0.00s Real=0.01s
[2459.797s][info ][safepoint      ] Safepoint "ParallelGCFailedAllocation", Time since last: 14608316412 ns, Reaching safepoint: 7401 ns, Cleanup: 4900 ns, At safepoint: 8082423 ns, Total: 8094724 ns
[2465.797s][info ][safepoint      ] Safepoint "Cleanup", Time since last: 6000458724 ns, Reaching safepoint: 6101 ns, Cleanup: 13701 ns, At safepoint: 2300 ns, Total: 22102 ns
[2467.798s][info ][safepoint      ] Safepoint "Cleanup", Time since last: 2000200479 ns, Reaching safepoint: 7001 ns, Cleanup: 12101 ns, At safepoint: 2600 ns, Total: 21702 ns
[2474.798s][info ][safepoint      ] Safepoint "Cleanup", Time since last: 7000546718 ns, Reaching safepoint: 102906 ns, Cleanup: 15901 ns, At safepoint: 16401 ns, Total: 135208 ns
[2475.798s][info ][safepoint      ] Safepoint "Cleanup", Time since last: 1000104478 ns, Reaching safepoint: 6201 ns, Cleanup: 8700 ns, At safepoint: 2400 ns, Total: 17301 ns
[2483.280s][info ][gc,start       ] GC(109) Pause Young (Allocation Failure)
[2483.286s][debug][gc,phases      ] GC(109) Scavenge 6.625ms
[2483.287s][debug][gc,ref         ] GC(109) ReferenceProcessor::execute queues: 1, RefProcThreadModel::Single, marks_oops_alive: false
[2483.287s][debug][gc,ref         ] GC(109) Skipped KeepAliveFinalRefsPhase of Reference Processing: no references
[2483.287s][debug][gc,ref         ] GC(109) ReferenceProcessor::execute queues: 1, RefProcThreadModel::Single, marks_oops_alive: false
[2483.287s][debug][gc,phases      ] GC(109) Reference Processing 0.131ms
[2483.287s][debug][gc,phases      ] GC(109)   VM Weak                        Min:  0.0, Avg:  0.0, Max:  0.0, Diff:  0.0, Sum:  0.0, Workers: 4
[2483.287s][debug][gc,phases      ] GC(109)     Dead                           Min: 0, Avg:  0.0, Max: 0, Diff: 0, Sum: 0, Workers: 4
[2483.287s][debug][gc,phases      ] GC(109)     Total                          Min: 0, Avg: 263.2, Max: 640, Diff: 640, Sum: 1053, Workers: 4
[2483.287s][debug][gc,phases      ] GC(109)   ObjectSynchronizer Weak        Min:  0.0, Avg:  0.0, Max:  0.0, Diff:  0.0, Sum:  0.0, Workers: 4
[2483.287s][debug][gc,phases      ] GC(109)     Dead                           Min: 0, Avg:  0.0, Max: 0, Diff: 0, Sum: 0, Workers: 4
[2483.287s][debug][gc,phases      ] GC(109)     Total                          Min: 0, Avg:  0.8, Max: 3, Diff: 3, Sum: 3, Workers: 4
[2483.287s][debug][gc,phases      ] GC(109)   JVMTI Tag Weak OopStorage      Min:  0.0, Avg:  0.0, Max:  0.0, Diff:  0.0, Sum:  0.0, Workers: 4
[2483.287s][debug][gc,phases      ] GC(109)     Dead                           Min: 0, Avg:  0.0, Max: 0, Diff: 0, Sum: 0, Workers: 4
[2483.287s][debug][gc,phases      ] GC(109)     Total                          Min: 0, Avg:  0.0, Max: 0, Diff: 0, Sum: 0, Workers: 4
[2483.287s][debug][gc,phases      ] GC(109)   StringTable Weak               Min:  0.0, Avg:  0.1, Max:  0.2, Diff:  0.2, Sum:  0.5, Workers: 4
[2483.287s][debug][gc,phases      ] GC(109)     Dead                           Min: 0, Avg:  0.0, Max: 0, Diff: 0, Sum: 0, Workers: 4
[2483.287s][debug][gc,phases      ] GC(109)     Total                          Min: 0, Avg: 11822.0, Max: 16192, Diff: 16192, Sum: 47288, Workers: 4
[2483.287s][debug][gc,phases      ] GC(109)   ResolvedMethodTable Weak       Min:  0.0, Avg:  0.0, Max:  0.1, Diff:  0.1, Sum:  0.2, Workers: 4
[2483.287s][debug][gc,phases      ] GC(109)     Dead                           Min: 0, Avg:  4.0, Max: 16, Diff: 16, Sum: 16, Workers: 4
[2483.287s][debug][gc,phases      ] GC(109)     Total                          Min: 0, Avg: 4088.5, Max: 5727, Diff: 5727, Sum: 16354, Workers: 4
[2483.287s][debug][gc,phases      ] GC(109)   JNI Weak                       Min:  0.0, Avg:  0.0, Max:  0.0, Diff:  0.0, Sum:  0.0, Workers: 4
[2483.287s][debug][gc,phases      ] GC(109)     Dead                           Min: 0, Avg:  0.0, Max: 0, Diff: 0, Sum: 0, Workers: 4
[2483.287s][debug][gc,phases      ] GC(109)     Total                          Min: 0, Avg: 13.2, Max: 48, Diff: 48, Sum: 53, Workers: 4
[2483.287s][debug][gc,phases      ] GC(109)   StringDedup Table Weak         Min:  0.0, Avg:  0.0, Max:  0.0, Diff:  0.0, Sum:  0.0, Workers: 4
[2483.287s][debug][gc,phases      ] GC(109)     Dead                           Min: 0, Avg:  0.0, Max: 0, Diff: 0, Sum: 0, Workers: 4
[2483.287s][debug][gc,phases      ] GC(109)     Total                          Min: 0, Avg:  0.0, Max: 0, Diff: 0, Sum: 0, Workers: 4
[2483.287s][debug][gc,phases      ] GC(109)   StringDedup Requests0 Weak     Min:  0.0, Avg:  0.0, Max:  0.0, Diff:  0.0, Sum:  0.0, Workers: 4
[2483.287s][debug][gc,phases      ] GC(109)     Dead                           Min: 0, Avg:  0.0, Max: 0, Diff: 0, Sum: 0, Workers: 4
[2483.287s][debug][gc,phases      ] GC(109)     Total                          Min: 0, Avg:  0.0, Max: 0, Diff: 0, Sum: 0, Workers: 4
[2483.287s][debug][gc,phases      ] GC(109)   StringDedup Requests1 Weak     Min:  0.0, Avg:  0.0, Max:  0.0, Diff:  0.0, Sum:  0.0, Workers: 4
[2483.287s][debug][gc,phases      ] GC(109)     Dead                           Min: 0, Avg:  0.0, Max: 0, Diff: 0, Sum: 0, Workers: 4
[2483.287s][debug][gc,phases      ] GC(109)     Total                          Min: 0, Avg:  0.0, Max: 0, Diff: 0, Sum: 0, Workers: 4
[2483.287s][debug][gc,phases      ] GC(109)   Weak JFR Old Object Samples    Min:  0.0, Avg:  0.0, Max:  0.0, Diff:  0.0, Sum:  0.0, Workers: 4
[2483.287s][debug][gc,phases      ] GC(109)     Dead                           Min: 0, Avg:  0.0, Max: 0, Diff: 0, Sum: 0, Workers: 4
[2483.287s][debug][gc,phases      ] GC(109)     Total                          Min: 0, Avg:  0.0, Max: 0, Diff: 0, Sum: 0, Workers: 4
[2483.287s][debug][gc,phases      ] GC(109) Weak Processing 0.486ms
[2483.287s][debug][gc,age         ] GC(109) Desired survivor size 38797312 bytes, new threshold 1 (max threshold 15)
[2483.287s][info ][gc,heap        ] GC(109) PSYoungGen: 2012635K(2051072K)->4640K(2059264K) Eden: 2008064K(2008064K)->0K(2018816K) From: 4571K(43008K)->4640K(40448K)
[2483.287s][info ][gc,heap        ] GC(109) ParOldGen: 685656K(686080K)->686740K(687104K)
[2483.287s][info ][gc,metaspace   ] GC(109) Metaspace: 109348K(110720K)->109348K(110720K) NonClass: 92813K(93568K)->92813K(93568K) Class: 16534K(17152K)->16534K(17152K)
[2483.287s][info ][gc             ] GC(109) Pause Young (Allocation Failure) 2635M->675M(2682M) 7.412ms
[2483.287s][info ][gc,cpu         ] GC(109) User=0.02s Sys=0.00s Real=0.01s
[2483.287s][info ][safepoint      ] Safepoint "ParallelGCFailedAllocation", Time since last: 7481214385 ns, Reaching safepoint: 6501 ns, Cleanup: 3700 ns, At safepoint: 7504177 ns, Total: 7514378 ns
[2485.287s][info ][safepoint      ] Safepoint "Cleanup", Time since last: 2000186762 ns, Reaching safepoint: 7801 ns, Cleanup: 22402 ns, At safepoint: 29802 ns, Total: 60005 ns
[2490.288s][info ][safepoint      ] Safepoint "Cleanup", Time since last: 5000398628 ns, Reaching safepoint: 8301 ns, Cleanup: 14101 ns, At safepoint: 3100 ns, Total: 25502 ns
[2495.288s][info ][safepoint      ] Safepoint "Cleanup", Time since last: 5000440301 ns, Reaching safepoint: 8801 ns, Cleanup: 32702 ns, At safepoint: 2200 ns, Total: 43703 ns
[2528.830s][info ][safepoint      ] Safepoint "Cleanup", Time since last: 33542044381 ns, Reaching safepoint: 10001 ns, Cleanup: 13501 ns, At safepoint: 2600 ns, Total: 26102 ns
[2534.831s][info ][safepoint      ] Safepoint "Cleanup", Time since last: 6000499723 ns, Reaching safepoint: 7401 ns, Cleanup: 11501 ns, At safepoint: 2300 ns, Total: 21202 ns
[2554.833s][info ][safepoint      ] Safepoint "Cleanup", Time since last: 20001623946 ns, Reaching safepoint: 7801 ns, Cleanup: 10501 ns, At safepoint: 3000 ns, Total: 21302 ns
[2614.445s][info ][safepoint      ] Safepoint "JFRCheckpoint", Time since last: 59612505485 ns, Reaching safepoint: 80606 ns, Cleanup: 18301 ns, At safepoint: 18901 ns, Total: 117808 ns
[2614.450s][info ][gc,heap,exit   ] Heap
[2614.450s][info ][gc,heap,exit   ]  PSYoungGen      total 2059264K, used 1072784K [0x0000000780000000, 0x0000000800000000, 0x0000000800000000)
[2614.450s][info ][gc,heap,exit   ]   eden space 2018816K, 52% used [0x0000000780000000,0x00000007c131c2c0,0x00000007fb380000)
[2614.450s][info ][gc,heap,exit   ]   from space 40448K, 11% used [0x00000007fd880000,0x00000007fdd08108,0x0000000800000000)
[2614.450s][info ][gc,heap,exit   ]   to   space 37888K, 0% used [0x00000007fb380000,0x00000007fb380000,0x00000007fd880000)
[2614.450s][info ][gc,heap,exit   ]  ParOldGen       total 687104K, used 686740K [0x00000006c0000000, 0x00000006e9f00000, 0x0000000780000000)
[2614.450s][info ][gc,heap,exit   ]   object space 687104K, 99% used [0x00000006c0000000,0x00000006e9ea5100,0x00000006e9f00000)
[2614.450s][info ][gc,heap,exit   ]  Metaspace       used 109416K, committed 110784K, reserved 1179648K
[2614.450s][info ][gc,heap,exit   ]   class space    used 16545K, committed 17152K, reserved 1048576K
